Engine-Match Thursday, September 25, 2025 11:29:46 PM
 Blitz 2/1 

Pairing 1/6 :    V7P3R_v12.2  -  V7P3R_v12.1

PGN-File: C:\Program Files (x86)\Arena\Tournaments\Engine Regression Battle 20250925_3.pgn

No:  B/W 1/2     W:B       1:2           Time        Value Moves Dep 1:2       1-2-Draws
   1 * *     0.0:0.0        0.0:0.0       11:29:56 PM     0.00     1 0:0 0-0-0

--------------------------------------------------------------

Engine-Match Thursday, September 25, 2025 11:34:21 PM
 Blitz 2/1 

Pairing 1/10 :    V7P3R_v10.8  -  V7P3R_v12.2

PGN-File: C:\Program Files (x86)\Arena\Tournaments\Engine Regression Battle 20250925_3.pgn

No:  B/W 1/2     W:B       1:2           Time        Value Moves Dep 1:2       1-2-Draws
   1 * *     0.0:0.0        0.0:0.0       11:39:29 PM     0.00    70 2.838 :3.333  0-0-0

--------------------------------------------------------------

Engine-Match Thursday, September 25, 2025 11:40:33 PM
 Blitz 2/1 

Pairing 1/10 :    V7P3R_v10.8  -  V7P3R_v12.2

PGN-File: C:\Program Files (x86)\Arena\Tournaments\Engine Regression Battle 20250925_3.pgn

No:  B/W 1/2     W:B       1:2           Time        Value Moves Dep 1:2       1-2-Draws
   1 W 1    1.0:0.0        1.0:0.0       11:45:08 PM  +289.97    46 2.878 :3.538  1-0-0

--------------------------------------------------------------

Engine-Match Thursday, September 25, 2025 11:45:09 PM
 Blitz 2/1 

Pairing 2/10 :    V7P3R_v12.1  -  V7P3R_v12.0

PGN-File: C:\Program Files (x86)\Arena\Tournaments\Engine Regression Battle 20250925_3.pgn

No:  B/W 1/2     W:B       1:2           Time        Value Moves Dep 1:2       1-2-Draws
   1 W 1    1.0:0.0        1.0:0.0       11:47:18 PM  +289.97    17 3.000 :3.133  1-0-0

--------------------------------------------------------------

Engine-Match Thursday, September 25, 2025 11:47:19 PM
 Blitz 2/1 

Pairing 3/10 :    Random_Opponent  -  V7P3R_v12.1

PGN-File: C:\Program Files (x86)\Arena\Tournaments\Engine Regression Battle 20250925_3.pgn

No:  B/W 1/2     W:B       1:2           Time        Value Moves Dep 1:2       1-2-Draws
   1 B 2    1.0:0.0        0.0:1.0       11:47:52 PM  -289.96    10 0:3.000  0-1-0

--------------------------------------------------------------

Engine-Match Thursday, September 25, 2025 11:47:54 PM
 Blitz 2/1 

Pairing 4/10 :    V7P3R_v12.0  -  V7P3R_v10.8

PGN-File: C:\Program Files (x86)\Arena\Tournaments\Engine Regression Battle 20250925_3.pgn

No:  B/W 1/2     W:B       1:2           Time        Value Moves Dep 1:2       1-2-Draws
   1 W 1    1.0:0.0        1.0:0.0       11:51:56 PM   +10.30    52 3.355 :3.265  1-0-0

--------------------------------------------------------------

Engine-Match Thursday, September 25, 2025 11:51:57 PM
 Blitz 2/1 

Pairing 5/10 :    V7P3R_v12.2  -  V7P3R_v12.0

PGN-File: C:\Program Files (x86)\Arena\Tournaments\Engine Regression Battle 20250925_3.pgn

No:  B/W 1/2     W:B       1:2           Time        Value Moves Dep 1:2       1-2-Draws
   1 = =    0.5:0.5        0.5:0.5       11:57:47 PM    +4.60    68 3.938 :3.467  0-0-1

--------------------------------------------------------------

Engine-Match Thursday, September 25, 2025 11:57:48 PM
 Blitz 2/1 

Pairing 6/10 :    V7P3R_v10.8  -  Random_Opponent

PGN-File: C:\Program Files (x86)\Arena\Tournaments\Engine Regression Battle 20250925_3.pgn

No:  B/W 1/2     W:B       1:2           Time        Value Moves Dep 1:2       1-2-Draws
   1 W 1    1.0:0.0        1.0:0.0       11:58:57 PM  +289.96    19 3.563 :0 1-0-0

--------------------------------------------------------------

Engine-Match Thursday, September 25, 2025 11:58:59 PM
 Blitz 2/1 

Pairing 7/10 :    V7P3R_v12.1  -  V7P3R_v10.8

PGN-File: C:\Program Files (x86)\Arena\Tournaments\Engine Regression Battle 20250925_3.pgn

No:  B/W 1/2     W:B       1:2           Time        Value Moves Dep 1:2       1-2-Draws
   1 = =    0.5:0.5        0.5:0.5       12:03:10 AM    -4.29    65 3.029 :3.094  0-0-1

--------------------------------------------------------------

Engine-Match Friday, September 26, 2025 12:03:11 AM
 Blitz 2/1 

Pairing 8/10 :    Random_Opponent  -  V7P3R_v12.2

PGN-File: C:\Program Files (x86)\Arena\Tournaments\Engine Regression Battle 20250925_3.pgn

No:  B/W 1/2     W:B       1:2           Time        Value Moves Dep 1:2       1-2-Draws
   1 B 2    1.0:0.0        0.0:1.0       12:04:56 AM  -289.97    24 0:4.048  0-1-0

--------------------------------------------------------------

Engine-Match Friday, September 26, 2025 12:04:57 AM
 Blitz 2/1 

Pairing 9/10 :    V7P3R_v12.0  -  Random_Opponent

PGN-File: C:\Program Files (x86)\Arena\Tournaments\Engine Regression Battle 20250925_3.pgn

No:  B/W 1/2     W:B       1:2           Time        Value Moves Dep 1:2       1-2-Draws
   1 W 1    1.0:0.0        1.0:0.0       12:05:19 AM  +289.97     5 3.800 :0 1-0-0

--------------------------------------------------------------

Engine-Match Friday, September 26, 2025 12:05:20 AM
 Blitz 2/1 

Pairing 10/10 :    V7P3R_v12.2  -  V7P3R_v12.1

PGN-File: C:\Program Files (x86)\Arena\Tournaments\Engine Regression Battle 20250925_3.pgn

No:  B/W 1/2     W:B       1:2           Time        Value Moves Dep 1:2       1-2-Draws
   1 = =    0.5:0.5        0.5:0.5       12:09:30 AM     0.00    37 4.179 :3.379  0-0-1

--------------------------------------------------------------

Engine-Match Friday, September 26, 2025 12:09:32 AM
 Blitz 2/1 

Pairing 1/10 :    V7P3R_v10.8  -  V7P3R_v12.2

PGN-File: C:\Program Files (x86)\Arena\Tournaments\Engine Regression Battle 20250925_3.pgn

No:  B/W 1/2     W:B       1:2           Time        Value Moves Dep 1:2       1-2-Draws
   2 W 2    1.0:0.0        1.0:1.0       12:12:23 AM     0.00    26 3.650 :4.278  1-1-0

--------------------------------------------------------------

Engine-Match Friday, September 26, 2025 12:12:25 AM
 Blitz 2/1 

Pairing 2/10 :    V7P3R_v12.1  -  V7P3R_v12.0

PGN-File: C:\Program Files (x86)\Arena\Tournaments\Engine Regression Battle 20250925_3.pgn

No:  B/W 1/2     W:B       1:2           Time        Value Moves Dep 1:2       1-2-Draws
   2 B 1    1.0:0.0        2.0:0.0       12:16:00 AM   -11.36    33 2.935 :3.222  2-0-0

--------------------------------------------------------------

Engine-Match Friday, September 26, 2025 12:16:01 AM
 Blitz 2/1 

Pairing 3/10 :    Random_Opponent  -  V7P3R_v12.1

PGN-File: C:\Program Files (x86)\Arena\Tournaments\Engine Regression Battle 20250925_3.pgn

No:  B/W 1/2     W:B       1:2           Time        Value Moves Dep 1:2       1-2-Draws
   2 W 2    1.0:0.0        0.0:2.0       12:17:05 AM  +289.96    25 0:2.960  0-2-0

--------------------------------------------------------------

Engine-Match Friday, September 26, 2025 12:17:06 AM
 Blitz 2/1 

Pairing 4/10 :    V7P3R_v12.0  -  V7P3R_v10.8

PGN-File: C:\Program Files (x86)\Arena\Tournaments\Engine Regression Battle 20250925_3.pgn

No:  B/W 1/2     W:B       1:2           Time        Value Moves Dep 1:2       1-2-Draws
   2 W 2    1.0:0.0        1.0:1.0       12:22:02 AM  +289.96    67 3.414 :3.059  1-1-0

--------------------------------------------------------------

Engine-Match Friday, September 26, 2025 12:22:04 AM
 Blitz 2/1 

Pairing 5/10 :    V7P3R_v12.2  -  V7P3R_v12.0

PGN-File: C:\Program Files (x86)\Arena\Tournaments\Engine Regression Battle 20250925_3.pgn

No:  B/W 1/2     W:B       1:2           Time        Value Moves Dep 1:2       1-2-Draws
   2 B 1    1.5:0.5        1.5:0.5       12:26:14 AM  -289.98    41 3.850 :3.333  1-0-1

--------------------------------------------------------------

Engine-Match Friday, September 26, 2025 12:26:15 AM
 Blitz 2/1 

Pairing 6/10 :    V7P3R_v10.8  -  Random_Opponent

PGN-File: C:\Program Files (x86)\Arena\Tournaments\Engine Regression Battle 20250925_3.pgn

No:  B/W 1/2     W:B       1:2           Time        Value Moves Dep 1:2       1-2-Draws
   2 B 1    1.0:0.0        2.0:0.0       12:27:42 AM  -289.96    21 3.789 :0 2-0-0

--------------------------------------------------------------

Engine-Match Friday, September 26, 2025 12:27:43 AM
 Blitz 2/1 

Pairing 7/10 :    V7P3R_v12.1  -  V7P3R_v10.8

PGN-File: C:\Program Files (x86)\Arena\Tournaments\Engine Regression Battle 20250925_3.pgn

No:  B/W 1/2     W:B       1:2           Time        Value Moves Dep 1:2       1-2-Draws
   2 = =    1.0:1.0        1.0:1.0       12:34:31 AM     0.00   107 3.000 :3.027  0-0-2

--------------------------------------------------------------

Engine-Match Friday, September 26, 2025 12:34:32 AM
 Blitz 2/1 

Pairing 8/10 :    Random_Opponent  -  V7P3R_v12.2

PGN-File: C:\Program Files (x86)\Arena\Tournaments\Engine Regression Battle 20250925_3.pgn

No:  B/W 1/2     W:B       1:2           Time        Value Moves Dep 1:2       1-2-Draws
   2 W 2    1.0:0.0        0.0:2.0       12:36:00 AM     0.00    21 0:3.882  0-2-0

--------------------------------------------------------------

Engine-Match Friday, September 26, 2025 12:36:01 AM
 Blitz 2/1 

Pairing 9/10 :    V7P3R_v12.0  -  Random_Opponent

PGN-File: C:\Program Files (x86)\Arena\Tournaments\Engine Regression Battle 20250925_3.pgn

No:  B/W 1/2     W:B       1:2           Time        Value Moves Dep 1:2       1-2-Draws
   2 B 1    1.0:0.0        2.0:0.0       12:37:45 AM     0.00    32 3.842 :0 2-0-0

--------------------------------------------------------------

Engine-Match Friday, September 26, 2025 12:37:46 AM
 Blitz 2/1 

Pairing 10/10 :    V7P3R_v12.2  -  V7P3R_v12.1

PGN-File: C:\Program Files (x86)\Arena\Tournaments\Engine Regression Battle 20250925_3.pgn

No:  B/W 1/2     W:B       1:2           Time        Value Moves Dep 1:2       1-2-Draws
   2 = =    1.0:1.0        1.0:1.0       12:42:04 AM     0.00    33 3.880 :3.031  0-0-2

--------------------------------------------------------------

Engine-Match Friday, September 26, 2025 12:42:10 AM
 Blitz 2/1 

Pairing 1/10 :    V7P3R_v10.8  -  V7P3R_v12.2

PGN-File: C:\Program Files (x86)\Arena\Tournaments\Engine Regression Battle 20250925_3.pgn

No:  B/W 1/2     W:B       1:2           Time        Value Moves Dep 1:2       1-2-Draws
   3 B 2    1.0:0.0        1.0:2.0       12:46:02 AM     0.00    45 3.579 :4.000  1-2-0

--------------------------------------------------------------

Engine-Match Friday, September 26, 2025 12:46:03 AM
 Blitz 2/1 

Pairing 2/10 :    V7P3R_v12.1  -  V7P3R_v12.0

PGN-File: C:\Program Files (x86)\Arena\Tournaments\Engine Regression Battle 20250925_3.pgn

No:  B/W 1/2     W:B       1:2           Time        Value Moves Dep 1:2       1-2-Draws
   3 W 1    1.0:0.0        3.0:0.0       12:48:14 AM  +289.97    17 3.000 :3.133  3-0-0

--------------------------------------------------------------

Engine-Match Friday, September 26, 2025 12:48:15 AM
 Blitz 2/1 

Pairing 3/10 :    Random_Opponent  -  V7P3R_v12.1

PGN-File: C:\Program Files (x86)\Arena\Tournaments\Engine Regression Battle 20250925_3.pgn

No:  B/W 1/2     W:B       1:2           Time        Value Moves Dep 1:2       1-2-Draws
   3 B 2    1.0:0.0        0.0:3.0       12:49:31 AM  -289.97    26 0:3.160  0-3-0

--------------------------------------------------------------

Engine-Match Friday, September 26, 2025 12:49:32 AM
 Blitz 2/1 

Pairing 4/10 :    V7P3R_v12.0  -  V7P3R_v10.8

PGN-File: C:\Program Files (x86)\Arena\Tournaments\Engine Regression Battle 20250925_3.pgn

No:  B/W 1/2     W:B       1:2           Time        Value Moves Dep 1:2       1-2-Draws
   3 = =    0.5:0.5        1.5:1.5       12:54:53 AM     0.00    76 3.475 :3.255  1-1-1

--------------------------------------------------------------

Engine-Match Friday, September 26, 2025 12:54:54 AM
 Blitz 2/1 

Pairing 5/10 :    V7P3R_v12.2  -  V7P3R_v12.0

PGN-File: C:\Program Files (x86)\Arena\Tournaments\Engine Regression Battle 20250925_3.pgn

No:  B/W 1/2     W:B       1:2           Time        Value Moves Dep 1:2       1-2-Draws
   3 B 2    1.5:0.5        1.5:1.5       12:59:58 AM   -20.60    52 3.897 :3.393  1-1-1

--------------------------------------------------------------

Engine-Match Friday, September 26, 2025 1:00:00 AM
 Blitz 2/1 

Pairing 6/10 :    V7P3R_v10.8  -  Random_Opponent

PGN-File: C:\Program Files (x86)\Arena\Tournaments\Engine Regression Battle 20250925_3.pgn

No:  B/W 1/2     W:B       1:2           Time        Value Moves Dep 1:2       1-2-Draws
   3 W 1    1.0:0.0        3.0:0.0       1:01:16 AM  +289.96    21 3.286 :0 3-0-0

--------------------------------------------------------------

Engine-Match Friday, September 26, 2025 1:01:17 AM
 Blitz 2/1 

Pairing 7/10 :    V7P3R_v12.1  -  V7P3R_v10.8

PGN-File: C:\Program Files (x86)\Arena\Tournaments\Engine Regression Battle 20250925_3.pgn

No:  B/W 1/2     W:B       1:2           Time        Value Moves Dep 1:2       1-2-Draws
   3 = =    1.5:1.5        1.5:1.5       1:05:54 AM    -1.47    61 3.029 :3.094  0-0-3

--------------------------------------------------------------

Engine-Match Friday, September 26, 2025 1:05:55 AM
 Blitz 2/1 

Pairing 8/10 :    Random_Opponent  -  V7P3R_v12.2

PGN-File: C:\Program Files (x86)\Arena\Tournaments\Engine Regression Battle 20250925_3.pgn

No:  B/W 1/2     W:B       1:2           Time        Value Moves Dep 1:2       1-2-Draws
   3 B 2    1.0:0.0        0.0:3.0       1:07:10 AM  -289.98    17 0:4.267  0-3-0

--------------------------------------------------------------

Engine-Match Friday, September 26, 2025 1:07:11 AM
 Blitz 2/1 

Pairing 9/10 :    V7P3R_v12.0  -  Random_Opponent

PGN-File: C:\Program Files (x86)\Arena\Tournaments\Engine Regression Battle 20250925_3.pgn

No:  B/W 1/2     W:B       1:2           Time        Value Moves Dep 1:2       1-2-Draws
   3 W 1    1.0:0.0        3.0:0.0       1:07:55 AM     0.00    15 3.455 :0 3-0-0

--------------------------------------------------------------

Engine-Match Friday, September 26, 2025 1:07:57 AM
 Blitz 2/1 

Pairing 10/10 :    V7P3R_v12.2  -  V7P3R_v12.1

PGN-File: C:\Program Files (x86)\Arena\Tournaments\Engine Regression Battle 20250925_3.pgn

No:  B/W 1/2     W:B       1:2           Time        Value Moves Dep 1:2       1-2-Draws
   3 W 1    2.0:1.0        2.0:1.0       1:10:21 AM   +10.18    19 3.529 :2.684  1-0-2

--------------------------------------------------------------

Engine-Match Friday, September 26, 2025 1:10:23 AM
 Blitz 2/1 

Pairing 1/10 :    V7P3R_v10.8  -  V7P3R_v12.2

PGN-File: C:\Program Files (x86)\Arena\Tournaments\Engine Regression Battle 20250925_3.pgn

No:  B/W 1/2     W:B       1:2           Time        Value Moves Dep 1:2       1-2-Draws
   4 W 2    1.0:0.0        1.0:3.0       1:13:16 AM     0.00    26 3.650 :4.278  1-3-0

--------------------------------------------------------------

Engine-Match Friday, September 26, 2025 1:13:17 AM
 Blitz 2/1 

Pairing 2/10 :    V7P3R_v12.1  -  V7P3R_v12.0

PGN-File: C:\Program Files (x86)\Arena\Tournaments\Engine Regression Battle 20250925_3.pgn

No:  B/W 1/2     W:B       1:2           Time        Value Moves Dep 1:2       1-2-Draws
   4 B 1    1.0:0.0        4.0:0.0       1:16:52 AM   -11.36    33 2.935 :3.222  4-0-0

--------------------------------------------------------------

Engine-Match Friday, September 26, 2025 1:16:53 AM
 Blitz 2/1 

Pairing 3/10 :    Random_Opponent  -  V7P3R_v12.1

PGN-File: C:\Program Files (x86)\Arena\Tournaments\Engine Regression Battle 20250925_3.pgn

No:  B/W 1/2     W:B       1:2           Time        Value Moves Dep 1:2       1-2-Draws
   4 W 2    1.0:0.0        0.0:4.0       1:18:23 AM  +289.96    31 0:3.103  0-4-0

--------------------------------------------------------------

Engine-Match Friday, September 26, 2025 1:18:24 AM
 Blitz 2/1 

Pairing 4/10 :    V7P3R_v12.0  -  V7P3R_v10.8

PGN-File: C:\Program Files (x86)\Arena\Tournaments\Engine Regression Battle 20250925_3.pgn

No:  B/W 1/2     W:B       1:2           Time        Value Moves Dep 1:2       1-2-Draws
   4 = =    1.0:1.0        2.0:2.0       1:22:54 AM     0.00    67 3.387 :3.139  1-1-2

--------------------------------------------------------------

Engine-Match Friday, September 26, 2025 1:22:56 AM
 Blitz 2/1 

Pairing 5/10 :    V7P3R_v12.2  -  V7P3R_v12.0

PGN-File: C:\Program Files (x86)\Arena\Tournaments\Engine Regression Battle 20250925_3.pgn

No:  B/W 1/2     W:B       1:2           Time        Value Moves Dep 1:2       1-2-Draws
   4 W 2    1.5:0.5        1.5:2.5       1:26:15 AM     0.00    30 3.765 :3.158  1-2-1

--------------------------------------------------------------

Engine-Match Friday, September 26, 2025 1:26:16 AM
 Blitz 2/1 

Pairing 6/10 :    V7P3R_v10.8  -  Random_Opponent

PGN-File: C:\Program Files (x86)\Arena\Tournaments\Engine Regression Battle 20250925_3.pgn

No:  B/W 1/2     W:B       1:2           Time        Value Moves Dep 1:2       1-2-Draws
   4 B 1    1.0:0.0        4.0:0.0       1:27:21 AM     0.00    18 3.625 :0 4-0-0

--------------------------------------------------------------

Engine-Match Friday, September 26, 2025 1:27:22 AM
 Blitz 2/1 

Pairing 7/10 :    V7P3R_v12.1  -  V7P3R_v10.8

PGN-File: C:\Program Files (x86)\Arena\Tournaments\Engine Regression Battle 20250925_3.pgn

No:  B/W 1/2     W:B       1:2           Time        Value Moves Dep 1:2       1-2-Draws
   4 W 2    2.5:1.5        1.5:2.5       1:30:32 AM   +24.85    28 2.964 :3.167  0-1-3

--------------------------------------------------------------

Engine-Match Friday, September 26, 2025 1:30:33 AM
 Blitz 2/1 

Pairing 8/10 :    Random_Opponent  -  V7P3R_v12.2

PGN-File: C:\Program Files (x86)\Arena\Tournaments\Engine Regression Battle 20250925_3.pgn

No:  B/W 1/2     W:B       1:2           Time        Value Moves Dep 1:2       1-2-Draws
   4 W 2    1.0:0.0        0.0:4.0       1:31:56 AM  +289.97    20 0:4.000  0-4-0

--------------------------------------------------------------

Engine-Match Friday, September 26, 2025 1:31:58 AM
 Blitz 2/1 

Pairing 9/10 :    V7P3R_v12.0  -  Random_Opponent

PGN-File: C:\Program Files (x86)\Arena\Tournaments\Engine Regression Battle 20250925_3.pgn

No:  B/W 1/2     W:B       1:2           Time        Value Moves Dep 1:2       1-2-Draws
   4 B 1    1.0:0.0        4.0:0.0       1:32:40 AM  -289.97    10 4.000 :0 4-0-0

--------------------------------------------------------------

Engine-Match Friday, September 26, 2025 1:32:41 AM
 Blitz 2/1 

Pairing 10/10 :    V7P3R_v12.2  -  V7P3R_v12.1

PGN-File: C:\Program Files (x86)\Arena\Tournaments\Engine Regression Battle 20250925_3.pgn

No:  B/W 1/2     W:B       1:2           Time        Value Moves Dep 1:2       1-2-Draws
   4 = =    1.5:1.5        2.5:1.5       1:36:57 AM     0.00    33 3.880 :3.031  1-0-3

--------------------------------------------------------------

Engine-Match Friday, September 26, 2025 1:37:03 AM
 Blitz 2/1 

Pairing 1/10 :    V7P3R_v10.8  -  V7P3R_v12.2

PGN-File: C:\Program Files (x86)\Arena\Tournaments\Engine Regression Battle 20250925_3.pgn

No:  B/W 1/2     W:B       1:2           Time        Value Moves Dep 1:2       1-2-Draws
   5 W 1    1.0:0.0        2.0:3.0       1:40:13 AM   +19.80    30 3.158 :3.765  2-3-0

--------------------------------------------------------------

Engine-Match Friday, September 26, 2025 1:40:14 AM
 Blitz 2/1 

Pairing 2/10 :    V7P3R_v12.1  -  V7P3R_v12.0

PGN-File: C:\Program Files (x86)\Arena\Tournaments\Engine Regression Battle 20250925_3.pgn

No:  B/W 1/2     W:B       1:2           Time        Value Moves Dep 1:2       1-2-Draws
   5 W 1    1.0:0.0        5.0:0.0       1:42:23 AM  +289.97    17 3.000 :3.133  5-0-0

--------------------------------------------------------------

Engine-Match Friday, September 26, 2025 1:42:24 AM
 Blitz 2/1 

Pairing 3/10 :    Random_Opponent  -  V7P3R_v12.1

PGN-File: C:\Program Files (x86)\Arena\Tournaments\Engine Regression Battle 20250925_3.pgn

No:  B/W 1/2     W:B       1:2           Time        Value Moves Dep 1:2       1-2-Draws
   5 B 2    1.0:0.0        0.0:5.0       1:43:47 AM  -289.97    34 0:3.290  0-5-0

--------------------------------------------------------------

Engine-Match Friday, September 26, 2025 1:43:49 AM
 Blitz 2/1 

Pairing 4/10 :    V7P3R_v12.0  -  V7P3R_v10.8

PGN-File: C:\Program Files (x86)\Arena\Tournaments\Engine Regression Battle 20250925_3.pgn

No:  B/W 1/2     W:B       1:2           Time        Value Moves Dep 1:2       1-2-Draws
   5 B 2    2.0:1.0        2.0:3.0       1:48:45 AM  -289.98    69 3.375 :3.194  1-2-2

--------------------------------------------------------------

Engine-Match Friday, September 26, 2025 1:48:46 AM
 Blitz 2/1 

Pairing 5/10 :    V7P3R_v12.2  -  V7P3R_v12.0

PGN-File: C:\Program Files (x86)\Arena\Tournaments\Engine Regression Battle 20250925_3.pgn

No:  B/W 1/2     W:B       1:2           Time        Value Moves Dep 1:2       1-2-Draws
   5 = =    1.0:1.0        2.0:3.0       1:54:35 AM    +4.60    68 3.938 :3.467  1-2-2

--------------------------------------------------------------

Engine-Match Friday, September 26, 2025 1:54:37 AM
 Blitz 2/1 

Pairing 6/10 :    V7P3R_v10.8  -  Random_Opponent

PGN-File: C:\Program Files (x86)\Arena\Tournaments\Engine Regression Battle 20250925_3.pgn

No:  B/W 1/2     W:B       1:2           Time        Value Moves Dep 1:2       1-2-Draws
   5 W 1    1.0:0.0        5.0:0.0       1:55:46 AM  +289.97    18 3.875 :0 5-0-0

--------------------------------------------------------------

Engine-Match Friday, September 26, 2025 1:55:48 AM
 Blitz 2/1 

Pairing 7/10 :    V7P3R_v12.1  -  V7P3R_v10.8

PGN-File: C:\Program Files (x86)\Arena\Tournaments\Engine Regression Battle 20250925_3.pgn

No:  B/W 1/2     W:B       1:2           Time        Value Moves Dep 1:2       1-2-Draws
   5 = =    2.0:2.0        2.0:3.0       2:00:24 AM    -1.47    61 3.029 :3.094  0-1-4

--------------------------------------------------------------

Engine-Match Friday, September 26, 2025 2:00:25 AM
 Blitz 2/1 

Pairing 8/10 :    Random_Opponent  -  V7P3R_v12.2

PGN-File: C:\Program Files (x86)\Arena\Tournaments\Engine Regression Battle 20250925_3.pgn

No:  B/W 1/2     W:B       1:2           Time        Value Moves Dep 1:2       1-2-Draws
   5 B 2    1.0:0.0        0.0:5.0       2:01:37 AM     0.00    12 0:4.091  0-5-0

--------------------------------------------------------------

Engine-Match Friday, September 26, 2025 2:01:38 AM
 Blitz 2/1 

Pairing 9/10 :    V7P3R_v12.0  -  Random_Opponent

PGN-File: C:\Program Files (x86)\Arena\Tournaments\Engine Regression Battle 20250925_3.pgn

No:  B/W 1/2     W:B       1:2           Time        Value Moves Dep 1:2       1-2-Draws
   5 W 1    1.0:0.0        5.0:0.0       2:02:32 AM  +289.96    18 3.167 :0 5-0-0

--------------------------------------------------------------

Engine-Match Friday, September 26, 2025 2:02:33 AM
 Blitz 2/1 

Pairing 10/10 :    V7P3R_v12.2  -  V7P3R_v12.1

PGN-File: C:\Program Files (x86)\Arena\Tournaments\Engine Regression Battle 20250925_3.pgn

No:  B/W 1/2     W:B       1:2           Time        Value Moves Dep 1:2       1-2-Draws
   5 = =    2.0:2.0        3.0:2.0       2:06:43 AM     0.00    37 4.179 :3.379  1-0-4

--------------------------------------------------------------

Engine-Match Friday, September 26, 2025 2:06:44 AM
 Blitz 2/1 

Pairing 1/10 :    V7P3R_v10.8  -  V7P3R_v12.2

PGN-File: C:\Program Files (x86)\Arena\Tournaments\Engine Regression Battle 20250925_3.pgn

No:  B/W 1/2     W:B       1:2           Time        Value Moves Dep 1:2       1-2-Draws
   6 W 2    1.0:0.0        2.0:4.0       2:09:35 AM     0.00    26 3.650 :4.278  2-4-0

--------------------------------------------------------------

Engine-Match Friday, September 26, 2025 2:09:36 AM
 Blitz 2/1 

Pairing 2/10 :    V7P3R_v12.1  -  V7P3R_v12.0

PGN-File: C:\Program Files (x86)\Arena\Tournaments\Engine Regression Battle 20250925_3.pgn

No:  B/W 1/2     W:B       1:2           Time        Value Moves Dep 1:2       1-2-Draws
   6 B 1    1.0:0.0        6.0:0.0       2:13:12 AM   -11.36    33 2.935 :3.222  6-0-0

--------------------------------------------------------------

Engine-Match Friday, September 26, 2025 2:13:13 AM
 Blitz 2/1 

Pairing 3/10 :    Random_Opponent  -  V7P3R_v12.1

PGN-File: C:\Program Files (x86)\Arena\Tournaments\Engine Regression Battle 20250925_3.pgn

No:  B/W 1/2     W:B       1:2           Time        Value Moves Dep 1:2       1-2-Draws
   6 W 2    1.0:0.0        0.0:6.0       2:14:23 AM  +289.97    21 0:3.286  0-6-0

--------------------------------------------------------------

Engine-Match Friday, September 26, 2025 2:14:24 AM
 Blitz 2/1 

Pairing 4/10 :    V7P3R_v12.0  -  V7P3R_v10.8

PGN-File: C:\Program Files (x86)\Arena\Tournaments\Engine Regression Battle 20250925_3.pgn

No:  B/W 1/2     W:B       1:2           Time        Value Moves Dep 1:2       1-2-Draws
   6 = =    1.5:1.5        2.5:3.5       2:18:53 AM     0.00    67 3.387 :3.139  1-2-3

--------------------------------------------------------------

Engine-Match Friday, September 26, 2025 2:18:54 AM
 Blitz 2/1 

Pairing 5/10 :    V7P3R_v12.2  -  V7P3R_v12.0

PGN-File: C:\Program Files (x86)\Arena\Tournaments\Engine Regression Battle 20250925_3.pgn

No:  B/W 1/2     W:B       1:2           Time        Value Moves Dep 1:2       1-2-Draws
   6 = =    1.5:1.5        2.5:3.5       2:24:10 AM    +2.70    58 3.957 :3.524  1-2-3

--------------------------------------------------------------

Engine-Match Friday, September 26, 2025 2:24:12 AM
 Blitz 2/1 

Pairing 6/10 :    V7P3R_v10.8  -  Random_Opponent

PGN-File: C:\Program Files (x86)\Arena\Tournaments\Engine Regression Battle 20250925_3.pgn

No:  B/W 1/2     W:B       1:2           Time        Value Moves Dep 1:2       1-2-Draws
   6 B 1    1.0:0.0        6.0:0.0       2:25:13 AM  -289.97    15 3.533 :0 6-0-0

--------------------------------------------------------------

Engine-Match Friday, September 26, 2025 2:25:15 AM
 Blitz 2/1 

Pairing 7/10 :    V7P3R_v12.1  -  V7P3R_v10.8

PGN-File: C:\Program Files (x86)\Arena\Tournaments\Engine Regression Battle 20250925_3.pgn

No:  B/W 1/2     W:B       1:2           Time        Value Moves Dep 1:2       1-2-Draws
   6 = =    2.5:2.5        2.5:3.5       2:33:36 AM     0.00   136 3.000 :3.027  0-1-5

--------------------------------------------------------------

Engine-Match Friday, September 26, 2025 2:33:38 AM
 Blitz 2/1 

Pairing 8/10 :    Random_Opponent  -  V7P3R_v12.2

PGN-File: C:\Program Files (x86)\Arena\Tournaments\Engine Regression Battle 20250925_3.pgn

No:  B/W 1/2     W:B       1:2           Time        Value Moves Dep 1:2       1-2-Draws
   6 W 2    1.0:0.0        0.0:6.0       2:34:26 AM  +289.97    14 0:4.083  0-6-0

--------------------------------------------------------------

Engine-Match Friday, September 26, 2025 2:34:27 AM
 Blitz 2/1 

Pairing 9/10 :    V7P3R_v12.0  -  Random_Opponent

PGN-File: C:\Program Files (x86)\Arena\Tournaments\Engine Regression Battle 20250925_3.pgn

No:  B/W 1/2     W:B       1:2           Time        Value Moves Dep 1:2       1-2-Draws
   6 B 1    1.0:0.0        6.0:0.0       2:35:39 AM     0.00    20 3.222 :0 6-0-0

--------------------------------------------------------------

Engine-Match Friday, September 26, 2025 2:35:40 AM
 Blitz 2/1 

Pairing 10/10 :    V7P3R_v12.2  -  V7P3R_v12.1

PGN-File: C:\Program Files (x86)\Arena\Tournaments\Engine Regression Battle 20250925_3.pgn

No:  B/W 1/2     W:B       1:2           Time        Value Moves Dep 1:2       1-2-Draws
   6 = =    2.5:2.5        3.5:2.5       2:39:56 AM     0.00    33 3.880 :3.031  1-0-5

--------------------------------------------------------------

Engine-Match Friday, September 26, 2025 2:40:02 AM
 Blitz 2/1 

Pairing 1/10 :    V7P3R_v10.8  -  V7P3R_v12.2

PGN-File: C:\Program Files (x86)\Arena\Tournaments\Engine Regression Battle 20250925_3.pgn

No:  B/W 1/2     W:B       1:2           Time        Value Moves Dep 1:2       1-2-Draws
   7 W 1    1.0:0.0        3.0:4.0       2:43:11 AM   +19.80    30 3.158 :3.765  3-4-0

--------------------------------------------------------------

Engine-Match Friday, September 26, 2025 2:43:13 AM
 Blitz 2/1 

Pairing 2/10 :    V7P3R_v12.1  -  V7P3R_v12.0

PGN-File: C:\Program Files (x86)\Arena\Tournaments\Engine Regression Battle 20250925_3.pgn

No:  B/W 1/2     W:B       1:2           Time        Value Moves Dep 1:2       1-2-Draws
   7 W 1    1.0:0.0        7.0:0.0       2:45:22 AM  +289.97    17 3.000 :3.133  7-0-0

--------------------------------------------------------------

Engine-Match Friday, September 26, 2025 2:45:23 AM
 Blitz 2/1 

Pairing 3/10 :    Random_Opponent  -  V7P3R_v12.1

PGN-File: C:\Program Files (x86)\Arena\Tournaments\Engine Regression Battle 20250925_3.pgn

No:  B/W 1/2     W:B       1:2           Time        Value Moves Dep 1:2       1-2-Draws
   7 B 2    1.0:0.0        0.0:7.0       2:46:12 AM  -289.97    15 0:3.214  0-7-0

--------------------------------------------------------------

Engine-Match Friday, September 26, 2025 2:46:14 AM
 Blitz 2/1 

Pairing 4/10 :    V7P3R_v12.0  -  V7P3R_v10.8

PGN-File: C:\Program Files (x86)\Arena\Tournaments\Engine Regression Battle 20250925_3.pgn

No:  B/W 1/2     W:B       1:2           Time        Value Moves Dep 1:2       1-2-Draws
   7 W 1    2.5:1.5        3.5:3.5       2:50:44 AM     0.00    63 3.355 :3.265  2-2-3

--------------------------------------------------------------

Engine-Match Friday, September 26, 2025 2:50:45 AM
 Blitz 2/1 

Pairing 5/10 :    V7P3R_v12.2  -  V7P3R_v12.0

PGN-File: C:\Program Files (x86)\Arena\Tournaments\Engine Regression Battle 20250925_3.pgn

No:  B/W 1/2     W:B       1:2           Time        Value Moves Dep 1:2       1-2-Draws
   7 B 2    2.5:1.5        2.5:4.5       2:55:51 AM   -20.60    52 3.897 :3.393  1-3-3

--------------------------------------------------------------

Engine-Match Friday, September 26, 2025 2:55:53 AM
 Blitz 2/1 

Pairing 6/10 :    V7P3R_v10.8  -  Random_Opponent

PGN-File: C:\Program Files (x86)\Arena\Tournaments\Engine Regression Battle 20250925_3.pgn

No:  B/W 1/2     W:B       1:2           Time        Value Moves Dep 1:2       1-2-Draws
   7 W 1    1.0:0.0        7.0:0.0       2:57:15 AM  +289.96    21 3.632 :0 7-0-0

--------------------------------------------------------------

Engine-Match Friday, September 26, 2025 2:57:16 AM
 Blitz 2/1 

Pairing 7/10 :    V7P3R_v12.1  -  V7P3R_v10.8

PGN-File: C:\Program Files (x86)\Arena\Tournaments\Engine Regression Battle 20250925_3.pgn

No:  B/W 1/2     W:B       1:2           Time        Value Moves Dep 1:2       1-2-Draws
   7 W 1    3.5:2.5        3.5:3.5       3:02:28 AM  +289.97    70 3.029 :3.129  1-1-5

--------------------------------------------------------------

Engine-Match Friday, September 26, 2025 3:02:29 AM
 Blitz 2/1 

Pairing 8/10 :    Random_Opponent  -  V7P3R_v12.2

PGN-File: C:\Program Files (x86)\Arena\Tournaments\Engine Regression Battle 20250925_3.pgn

No:  B/W 1/2     W:B       1:2           Time        Value Moves Dep 1:2       1-2-Draws
   7 B 2    1.0:0.0        0.0:7.0       3:03:50 AM     0.00    19 0:4.176  0-7-0

--------------------------------------------------------------

Engine-Match Friday, September 26, 2025 3:03:51 AM
 Blitz 2/1 

Pairing 9/10 :    V7P3R_v12.0  -  Random_Opponent

PGN-File: C:\Program Files (x86)\Arena\Tournaments\Engine Regression Battle 20250925_3.pgn

No:  B/W 1/2     W:B       1:2           Time        Value Moves Dep 1:2       1-2-Draws
   7 W 1    1.0:0.0        7.0:0.0       3:04:42 AM  +289.96    16 3.267 :0 7-0-0

--------------------------------------------------------------

Engine-Match Friday, September 26, 2025 3:04:44 AM
 Blitz 2/1 

Pairing 10/10 :    V7P3R_v12.2  -  V7P3R_v12.1

PGN-File: C:\Program Files (x86)\Arena\Tournaments\Engine Regression Battle 20250925_3.pgn

No:  B/W 1/2     W:B       1:2           Time        Value Moves Dep 1:2       1-2-Draws
   7 = =    3.0:3.0        4.0:3.0       3:08:52 AM     0.00    37 4.179 :3.379  1-0-6

--------------------------------------------------------------

Engine-Match Friday, September 26, 2025 3:08:54 AM
 Blitz 2/1 

Pairing 1/10 :    V7P3R_v10.8  -  V7P3R_v12.2

PGN-File: C:\Program Files (x86)\Arena\Tournaments\Engine Regression Battle 20250925_3.pgn

No:  B/W 1/2     W:B       1:2           Time        Value Moves Dep 1:2       1-2-Draws
   8 W 2    1.0:0.0        3.0:5.0       3:11:46 AM     0.00    26 3.650 :4.278  3-5-0

--------------------------------------------------------------

Engine-Match Friday, September 26, 2025 3:11:47 AM
 Blitz 2/1 

Pairing 2/10 :    V7P3R_v12.1  -  V7P3R_v12.0

PGN-File: C:\Program Files (x86)\Arena\Tournaments\Engine Regression Battle 20250925_3.pgn

No:  B/W 1/2     W:B       1:2           Time        Value Moves Dep 1:2       1-2-Draws
   8 B 1    1.0:0.0        8.0:0.0       3:15:22 AM   -11.36    33 2.935 :3.222  8-0-0

--------------------------------------------------------------

Engine-Match Friday, September 26, 2025 3:15:23 AM
 Blitz 2/1 

Pairing 3/10 :    Random_Opponent  -  V7P3R_v12.1

PGN-File: C:\Program Files (x86)\Arena\Tournaments\Engine Regression Battle 20250925_3.pgn

No:  B/W 1/2     W:B       1:2           Time        Value Moves Dep 1:2       1-2-Draws
   8 W 2    1.0:0.0        0.0:8.0       3:16:05 AM  +289.96    13 0:3.077  0-8-0

--------------------------------------------------------------

Engine-Match Friday, September 26, 2025 3:16:07 AM
 Blitz 2/1 

Pairing 4/10 :    V7P3R_v12.0  -  V7P3R_v10.8

PGN-File: C:\Program Files (x86)\Arena\Tournaments\Engine Regression Battle 20250925_3.pgn

No:  B/W 1/2     W:B       1:2           Time        Value Moves Dep 1:2       1-2-Draws
   8 B 1    2.5:1.5        4.5:3.5       3:20:49 AM   -35.75    69 3.171 :3.167  3-2-3

--------------------------------------------------------------

Engine-Match Friday, September 26, 2025 3:20:50 AM
 Blitz 2/1 

Pairing 5/10 :    V7P3R_v12.2  -  V7P3R_v12.0

PGN-File: C:\Program Files (x86)\Arena\Tournaments\Engine Regression Battle 20250925_3.pgn

No:  B/W 1/2     W:B       1:2           Time        Value Moves Dep 1:2       1-2-Draws
   8 W 2    2.5:1.5        2.5:5.5       3:23:56 AM  +289.97    27 3.765 :3.211  1-4-3

--------------------------------------------------------------

Engine-Match Friday, September 26, 2025 3:23:57 AM
 Blitz 2/1 

Pairing 6/10 :    V7P3R_v10.8  -  Random_Opponent

PGN-File: C:\Program Files (x86)\Arena\Tournaments\Engine Regression Battle 20250925_3.pgn

No:  B/W 1/2     W:B       1:2           Time        Value Moves Dep 1:2       1-2-Draws
   8 B 1    1.0:0.0        8.0:0.0       3:24:42 AM  -289.97     9 4.000 :0 8-0-0

--------------------------------------------------------------

Engine-Match Friday, September 26, 2025 3:24:43 AM
 Blitz 2/1 

Pairing 7/10 :    V7P3R_v12.1  -  V7P3R_v10.8

PGN-File: C:\Program Files (x86)\Arena\Tournaments\Engine Regression Battle 20250925_3.pgn

No:  B/W 1/2     W:B       1:2           Time        Value Moves Dep 1:2       1-2-Draws
   8 W 2    3.5:2.5        3.5:4.5       3:26:38 AM   +18.85    15 3.000 :3.333  1-2-5

--------------------------------------------------------------

Engine-Match Friday, September 26, 2025 3:26:40 AM
 Blitz 2/1 

Pairing 8/10 :    Random_Opponent  -  V7P3R_v12.2

PGN-File: C:\Program Files (x86)\Arena\Tournaments\Engine Regression Battle 20250925_3.pgn

No:  B/W 1/2     W:B       1:2           Time        Value Moves Dep 1:2       1-2-Draws
   8 W 2    1.0:0.0        0.0:8.0       3:28:12 AM  +289.97    21 0:4.053  0-8-0

--------------------------------------------------------------

Engine-Match Friday, September 26, 2025 3:28:13 AM
 Blitz 2/1 

Pairing 9/10 :    V7P3R_v12.0  -  Random_Opponent

PGN-File: C:\Program Files (x86)\Arena\Tournaments\Engine Regression Battle 20250925_3.pgn

No:  B/W 1/2     W:B       1:2           Time        Value Moves Dep 1:2       1-2-Draws
   8 B 1    1.0:0.0        8.0:0.0       3:28:58 AM  -289.97    10 3.667 :0 8-0-0

--------------------------------------------------------------

Engine-Match Friday, September 26, 2025 3:28:59 AM
 Blitz 2/1 

Pairing 10/10 :    V7P3R_v12.2  -  V7P3R_v12.1

PGN-File: C:\Program Files (x86)\Arena\Tournaments\Engine Regression Battle 20250925_3.pgn

No:  B/W 1/2     W:B       1:2           Time        Value Moves Dep 1:2       1-2-Draws
   8 = =    3.5:3.5        4.5:3.5       3:33:16 AM     0.00    33 3.880 :3.031  1-0-7

--------------------------------------------------------------

Engine-Match Friday, September 26, 2025 3:33:22 AM
 Blitz 2/1 

Pairing 1/10 :    V7P3R_v10.8  -  V7P3R_v12.2

PGN-File: C:\Program Files (x86)\Arena\Tournaments\Engine Regression Battle 20250925_3.pgn

No:  B/W 1/2     W:B       1:2           Time        Value Moves Dep 1:2       1-2-Draws
   9 W 1    1.0:0.0        4.0:5.0       3:36:32 AM   +19.80    30 3.158 :3.765  4-5-0

--------------------------------------------------------------

Engine-Match Friday, September 26, 2025 3:36:34 AM
 Blitz 2/1 

Pairing 2/10 :    V7P3R_v12.1  -  V7P3R_v12.0

PGN-File: C:\Program Files (x86)\Arena\Tournaments\Engine Regression Battle 20250925_3.pgn

No:  B/W 1/2     W:B       1:2           Time        Value Moves Dep 1:2       1-2-Draws
   9 W 1    1.0:0.0        9.0:0.0       3:38:42 AM  +289.97    17 3.000 :3.133  9-0-0

--------------------------------------------------------------

Engine-Match Friday, September 26, 2025 3:38:44 AM
 Blitz 2/1 

Pairing 3/10 :    Random_Opponent  -  V7P3R_v12.1

PGN-File: C:\Program Files (x86)\Arena\Tournaments\Engine Regression Battle 20250925_3.pgn

No:  B/W 1/2     W:B       1:2           Time        Value Moves Dep 1:2       1-2-Draws
   9 B 2    1.0:0.0        0.0:9.0       3:40:28 AM  -289.96    30 0:3.000  0-9-0

--------------------------------------------------------------

Engine-Match Friday, September 26, 2025 3:40:29 AM
 Blitz 2/1 

Pairing 4/10 :    V7P3R_v12.0  -  V7P3R_v10.8

PGN-File: C:\Program Files (x86)\Arena\Tournaments\Engine Regression Battle 20250925_3.pgn

No:  B/W 1/2     W:B       1:2           Time        Value Moves Dep 1:2       1-2-Draws
   9 B 2    2.5:1.5        4.5:4.5       3:45:22 AM  -289.98    69 3.375 :3.194  3-3-3

--------------------------------------------------------------

Engine-Match Friday, September 26, 2025 3:45:23 AM
 Blitz 2/1 

Pairing 5/10 :    V7P3R_v12.2  -  V7P3R_v12.0

PGN-File: C:\Program Files (x86)\Arena\Tournaments\Engine Regression Battle 20250925_3.pgn

No:  B/W 1/2     W:B       1:2           Time        Value Moves Dep 1:2       1-2-Draws
   9 = =    2.0:2.0        3.0:6.0       3:49:47 AM    +0.53    36 3.933 :3.593  1-4-4

--------------------------------------------------------------

Engine-Match Friday, September 26, 2025 3:49:49 AM
 Blitz 2/1 

Pairing 6/10 :    V7P3R_v10.8  -  Random_Opponent

PGN-File: C:\Program Files (x86)\Arena\Tournaments\Engine Regression Battle 20250925_3.pgn

No:  B/W 1/2     W:B       1:2           Time        Value Moves Dep 1:2       1-2-Draws
   9 W 1    1.0:0.0        9.0:0.0       3:51:08 AM  +289.96    20 3.200 :0 9-0-0

--------------------------------------------------------------

Engine-Match Friday, September 26, 2025 3:51:09 AM
 Blitz 2/1 

Pairing 7/10 :    V7P3R_v12.1  -  V7P3R_v10.8

PGN-File: C:\Program Files (x86)\Arena\Tournaments\Engine Regression Battle 20250925_3.pgn

No:  B/W 1/2     W:B       1:2           Time        Value Moves Dep 1:2       1-2-Draws
   9 = =    3.0:3.0        4.0:5.0       3:55:47 AM    -1.47    61 3.029 :3.094  1-2-6

--------------------------------------------------------------

Engine-Match Friday, September 26, 2025 3:55:48 AM
 Blitz 2/1 

Pairing 8/10 :    Random_Opponent  -  V7P3R_v12.2

PGN-File: C:\Program Files (x86)\Arena\Tournaments\Engine Regression Battle 20250925_3.pgn

No:  B/W 1/2     W:B       1:2           Time        Value Moves Dep 1:2       1-2-Draws
   9 B 2    1.0:0.0        0.0:9.0       3:56:44 AM     0.00    12 0:4.091  0-9-0

--------------------------------------------------------------

Engine-Match Friday, September 26, 2025 3:56:45 AM
 Blitz 2/1 

Pairing 9/10 :    V7P3R_v12.0  -  Random_Opponent

PGN-File: C:\Program Files (x86)\Arena\Tournaments\Engine Regression Battle 20250925_3.pgn

No:  B/W 1/2     W:B       1:2           Time        Value Moves Dep 1:2       1-2-Draws
   9 W 1    1.0:0.0        9.0:0.0       3:57:22 AM  +289.96    13 3.250 :0 9-0-0

--------------------------------------------------------------

Engine-Match Friday, September 26, 2025 3:57:23 AM
 Blitz 2/1 

Pairing 10/10 :    V7P3R_v12.2  -  V7P3R_v12.1

PGN-File: C:\Program Files (x86)\Arena\Tournaments\Engine Regression Battle 20250925_3.pgn

No:  B/W 1/2     W:B       1:2           Time        Value Moves Dep 1:2       1-2-Draws
   9 = =    4.0:4.0        5.0:4.0       4:01:34 AM     0.00    37 4.179 :3.379  1-0-8

--------------------------------------------------------------

Engine-Match Friday, September 26, 2025 4:01:35 AM
 Blitz 2/1 

Pairing 1/10 :    V7P3R_v10.8  -  V7P3R_v12.2

PGN-File: C:\Program Files (x86)\Arena\Tournaments\Engine Regression Battle 20250925_3.pgn

No:  B/W 1/2     W:B       1:2           Time        Value Moves Dep 1:2       1-2-Draws
  10 W 2    1.0:0.0        4.0:6.0       4:04:26 AM     0.00    26 3.650 :4.278  4-6-0

--------------------------------------------------------------

Engine-Match Friday, September 26, 2025 4:04:27 AM
 Blitz 2/1 

Pairing 2/10 :    V7P3R_v12.1  -  V7P3R_v12.0

PGN-File: C:\Program Files (x86)\Arena\Tournaments\Engine Regression Battle 20250925_3.pgn

No:  B/W 1/2     W:B       1:2           Time        Value Moves Dep 1:2       1-2-Draws
  10 B 1    1.0:0.0        10.0:0.0      4:08:03 AM   -11.36    33 2.935 :3.222  10-0-0

--------------------------------------------------------------

Engine-Match Friday, September 26, 2025 4:08:04 AM
 Blitz 2/1 

Pairing 3/10 :    Random_Opponent  -  V7P3R_v12.1

PGN-File: C:\Program Files (x86)\Arena\Tournaments\Engine Regression Battle 20250925_3.pgn

No:  B/W 1/2     W:B       1:2           Time        Value Moves Dep 1:2       1-2-Draws
  10 W 2    1.0:0.0        0.0:10.0      4:08:14 AM  +289.96     3 0:3.333  0-10-0

--------------------------------------------------------------

Engine-Match Friday, September 26, 2025 4:08:15 AM
 Blitz 2/1 

Pairing 4/10 :    V7P3R_v12.0  -  V7P3R_v10.8

PGN-File: C:\Program Files (x86)\Arena\Tournaments\Engine Regression Battle 20250925_3.pgn

No:  B/W 1/2     W:B       1:2           Time        Value Moves Dep 1:2       1-2-Draws
  10 B 1    2.5:1.5        5.5:4.5       4:13:26 AM  -289.97    73 3.207 :3.161  4-3-3

--------------------------------------------------------------

Engine-Match Friday, September 26, 2025 4:13:27 AM
 Blitz 2/1 

Pairing 5/10 :    V7P3R_v12.2  -  V7P3R_v12.0

PGN-File: C:\Program Files (x86)\Arena\Tournaments\Engine Regression Battle 20250925_3.pgn

No:  B/W 1/2     W:B       1:2           Time        Value Moves Dep 1:2       1-2-Draws
  10 B 1    3.0:2.0        4.0:6.0       4:17:43 AM   -10.82    40 4.053 :3.667  2-4-4

--------------------------------------------------------------

Engine-Match Friday, September 26, 2025 4:17:44 AM
 Blitz 2/1 

Pairing 6/10 :    V7P3R_v10.8  -  Random_Opponent

PGN-File: C:\Program Files (x86)\Arena\Tournaments\Engine Regression Battle 20250925_3.pgn

No:  B/W 1/2     W:B       1:2           Time        Value Moves Dep 1:2       1-2-Draws
  10 B 1    1.0:0.0        10.0:0.0      4:18:41 AM  -289.97    13 3.667 :0 10-0-0

--------------------------------------------------------------

Engine-Match Friday, September 26, 2025 4:18:42 AM
 Blitz 2/1 

Pairing 7/10 :    V7P3R_v12.1  -  V7P3R_v10.8

PGN-File: C:\Program Files (x86)\Arena\Tournaments\Engine Regression Battle 20250925_3.pgn

No:  B/W 1/2     W:B       1:2           Time        Value Moves Dep 1:2       1-2-Draws
  10 W 2    4.0:3.0        4.0:6.0       4:20:37 AM   +18.85    15 3.000 :3.333  1-3-6

--------------------------------------------------------------

Engine-Match Friday, September 26, 2025 4:20:38 AM
 Blitz 2/1 

Pairing 8/10 :    Random_Opponent  -  V7P3R_v12.2

PGN-File: C:\Program Files (x86)\Arena\Tournaments\Engine Regression Battle 20250925_3.pgn

No:  B/W 1/2     W:B       1:2           Time        Value Moves Dep 1:2       1-2-Draws
  10 W 2    1.0:0.0        0.0:10.0      4:21:20 AM  +289.97    10 0:4.111  0-10-0

--------------------------------------------------------------

Engine-Match Friday, September 26, 2025 4:21:22 AM
 Blitz 2/1 

Pairing 9/10 :    V7P3R_v12.0  -  Random_Opponent

PGN-File: C:\Program Files (x86)\Arena\Tournaments\Engine Regression Battle 20250925_3.pgn

No:  B/W 1/2     W:B       1:2           Time        Value Moves Dep 1:2       1-2-Draws
  10 B 1    1.0:0.0        10.0:0.0      4:22:39 AM  -289.97    20 3.556 :0 10-0-0

--------------------------------------------------------------

Engine-Match Friday, September 26, 2025 4:22:40 AM
 Blitz 2/1 

Pairing 10/10 :    V7P3R_v12.2  -  V7P3R_v12.1

PGN-File: C:\Program Files (x86)\Arena\Tournaments\Engine Regression Battle 20250925_3.pgn

No:  B/W 1/2     W:B       1:2           Time        Value Moves Dep 1:2       1-2-Draws
  10 = =    4.5:4.5        5.5:4.5       4:26:56 AM     0.00    33 3.880 :3.031  1-0-9
