Engine-Match Wednesday, September 17, 2025 8:20:25 AM
 Blitz 1/1 

Pairing 1/18 :    V7P3R_v10.8  -  V7P3R_v5.1

PGN-File: C:\Program Files (x86)\Arena\Tournaments\Engine All Out Battle 20250917.pgn

No:  B/W 1/2     W:B       1:2           Time        Value Moves Dep 1:2       1-2-Draws
   1 W 1    1.0:0.0        1.0:0.0       8:20:59 AM   +10.29     7 3.333 :2.714  1-0-0

--------------------------------------------------------------

Engine-Match Wednesday, September 17, 2025 8:21:01 AM
 Blitz 1/1 

Pairing 2/18 :    V7P3R_v10.8  -  V7P3R_v6.0

PGN-File: C:\Program Files (x86)\Arena\Tournaments\Engine All Out Battle 20250917.pgn

No:  B/W 1/2     W:B       1:2           Time        Value Moves Dep 1:2       1-2-Draws
   1 W 1    1.0:0.0        1.0:0.0       8:21:27 AM    +M500     6 3.167 :3.000  1-0-0

--------------------------------------------------------------

Engine-Match Wednesday, September 17, 2025 8:21:28 AM
 Blitz 1/1 

Pairing 3/18 :    V7P3R_v10.8  -  V7P3R_v7.0

PGN-File: C:\Program Files (x86)\Arena\Tournaments\Engine All Out Battle 20250917.pgn

No:  B/W 1/2     W:B       1:2           Time        Value Moves Dep 1:2       1-2-Draws
   1 = =    0.5:0.5        0.5:0.5       8:23:52 AM    +1.30    31 3.120 :4.885  0-0-1

--------------------------------------------------------------

Engine-Match Wednesday, September 17, 2025 8:23:53 AM
 Blitz 1/1 

Pairing 4/18 :    V7P3R_v10.8  -  V7P3R_v8.0

PGN-File: C:\Program Files (x86)\Arena\Tournaments\Engine All Out Battle 20250917.pgn

No:  B/W 1/2     W:B       1:2           Time        Value Moves Dep 1:2       1-2-Draws
   1 W 1    1.0:0.0        1.0:0.0       8:24:18 AM   +80.00     5 3.200 :5.000  1-0-0

--------------------------------------------------------------

Engine-Match Wednesday, September 17, 2025 8:24:19 AM
 Blitz 1/1 

Pairing 5/18 :    V7P3R_v10.8  -  V7P3R_v9.0

PGN-File: C:\Program Files (x86)\Arena\Tournaments\Engine All Out Battle 20250917.pgn

No:  B/W 1/2     W:B       1:2           Time        Value Moves Dep 1:2       1-2-Draws
   1 W 1    1.0:0.0        1.0:0.0       8:24:42 AM   +90.00     5 3.200 :5.000  1-0-0

--------------------------------------------------------------

Engine-Match Wednesday, September 17, 2025 8:24:44 AM
 Blitz 1/1 

Pairing 6/18 :    V7P3R_v10.8  -  V7P3R_v10.7

PGN-File: C:\Program Files (x86)\Arena\Tournaments\Engine All Out Battle 20250917.pgn

No:  B/W 1/2     W:B       1:2           Time        Value Moves Dep 1:2       1-2-Draws
   1 W 1    1.0:0.0        1.0:0.0       8:26:19 AM   +13.09    21 2.789 :2.381  1-0-0

--------------------------------------------------------------

Engine-Match Wednesday, September 17, 2025 8:26:20 AM
 Blitz 1/1 

Pairing 7/18 :    V7P3R_v10.8  -  V7P3R_v10.6

PGN-File: C:\Program Files (x86)\Arena\Tournaments\Engine All Out Battle 20250917.pgn

No:  B/W 1/2     W:B       1:2           Time        Value Moves Dep 1:2       1-2-Draws
   1 W 1    1.0:0.0        1.0:0.0       8:29:39 AM   +20.60    59 2.456 :2.536  1-0-0

--------------------------------------------------------------

Engine-Match Wednesday, September 17, 2025 8:29:41 AM
 Blitz 1/1 

Pairing 8/18 :    V7P3R_v10.8  -  V7P3R_v10.5

PGN-File: C:\Program Files (x86)\Arena\Tournaments\Engine All Out Battle 20250917.pgn

No:  B/W 1/2     W:B       1:2           Time        Value Moves Dep 1:2       1-2-Draws
   1 W 1    1.0:0.0        1.0:0.0       8:33:05 AM  +289.98    78 2.867 :3.556  1-0-0

--------------------------------------------------------------

Engine-Match Wednesday, September 17, 2025 8:33:06 AM
 Blitz 1/1 

Pairing 9/18 :    V7P3R_v10.8  -  V7P3R_v10.4

PGN-File: C:\Program Files (x86)\Arena\Tournaments\Engine All Out Battle 20250917.pgn

No:  B/W 1/2     W:B       1:2           Time        Value Moves Dep 1:2       1-2-Draws
   1 W 1    1.0:0.0        1.0:0.0       8:36:29 AM   +20.60    59 2.456 :2.536  1-0-0

--------------------------------------------------------------

Engine-Match Wednesday, September 17, 2025 8:36:30 AM
 Blitz 1/1 

Pairing 10/18 :    V7P3R_v10.8  -  V7P3R_v10.3

PGN-File: C:\Program Files (x86)\Arena\Tournaments\Engine All Out Battle 20250917.pgn

No:  B/W 1/2     W:B       1:2           Time        Value Moves Dep 1:2       1-2-Draws
   1 = =    0.5:0.5        0.5:0.5       8:39:05 AM    +7.36    40 2.590 :2.150  0-0-1

--------------------------------------------------------------

Engine-Match Wednesday, September 17, 2025 8:39:06 AM
 Blitz 1/1 

Pairing 11/18 :    V7P3R_v10.8  -  V7P3R_v10.2

PGN-File: C:\Program Files (x86)\Arena\Tournaments\Engine All Out Battle 20250917.pgn

No:  B/W 1/2     W:B       1:2           Time        Value Moves Dep 1:2       1-2-Draws
   1 B 2    1.0:0.0        0.0:1.0       8:42:17 AM  -289.98    72 2.952 :4.286  0-1-0

--------------------------------------------------------------

Engine-Match Wednesday, September 17, 2025 8:42:18 AM
 Blitz 1/1 

Pairing 12/18 :    V7P3R_v10.8  -  V7P3R_v10.0

PGN-File: C:\Program Files (x86)\Arena\Tournaments\Engine All Out Battle 20250917.pgn

No:  B/W 1/2     W:B       1:2           Time        Value Moves Dep 1:2       1-2-Draws
   1 = =    0.5:0.5        0.5:0.5       8:44:15 AM     0.00    21 2.950 :3.950  0-0-1

--------------------------------------------------------------

Engine-Match Wednesday, September 17, 2025 8:44:17 AM
 Blitz 1/1 

Pairing 13/18 :    V7P3R_v10.8  -  SlowMate_v3.1

PGN-File: C:\Program Files (x86)\Arena\Tournaments\Engine All Out Battle 20250917.pgn

No:  B/W 1/2     W:B       1:2           Time        Value Moves Dep 1:2       1-2-Draws
   1 B 2    1.0:0.0        0.0:1.0       8:48:14 AM  -289.97    77 2.958 :2.957  0-1-0

--------------------------------------------------------------

Engine-Match Wednesday, September 17, 2025 8:48:16 AM
 Blitz 1/1 

Pairing 14/18 :    V7P3R_v10.8  -  Random_Opponent

PGN-File: C:\Program Files (x86)\Arena\Tournaments\Engine All Out Battle 20250917.pgn

No:  B/W 1/2     W:B       1:2           Time        Value Moves Dep 1:2       1-2-Draws
   1 W 1    1.0:0.0        1.0:0.0       8:49:06 AM  +289.95    24 3.043 :0 1-0-0

--------------------------------------------------------------

Engine-Match Wednesday, September 17, 2025 8:49:08 AM
 Blitz 1/1 

Pairing 15/18 :    V7P3R_v10.8  -  C0BR4_v1.0

PGN-File: C:\Program Files (x86)\Arena\Tournaments\Engine All Out Battle 20250917.pgn

No:  B/W 1/2     W:B       1:2           Time        Value Moves Dep 1:2       1-2-Draws
   1 W 1    1.0:0.0        1.0:0.0       8:49:25 AM    +7.17     5 3.500 :4.000  1-0-0

--------------------------------------------------------------

Engine-Match Wednesday, September 17, 2025 8:49:27 AM
 Blitz 1/1 

Pairing 16/18 :    V7P3R_v10.8  -  C0BR4_v2.0

PGN-File: C:\Program Files (x86)\Arena\Tournaments\Engine All Out Battle 20250917.pgn

No:  B/W 1/2     W:B       1:2           Time        Value Moves Dep 1:2       1-2-Draws
   1 W 1    1.0:0.0        1.0:0.0       8:49:40 AM    +4.91     5 3.167 :4.000  1-0-0

--------------------------------------------------------------

Engine-Match Wednesday, September 17, 2025 8:49:41 AM
 Blitz 1/1 

Pairing 17/18 :    V7P3R_v10.8  -  C0BR4_v2.9

PGN-File: C:\Program Files (x86)\Arena\Tournaments\Engine All Out Battle 20250917.pgn

No:  B/W 1/2     W:B       1:2           Time        Value Moves Dep 1:2       1-2-Draws
   1 B 2    1.0:0.0        0.0:1.0       8:50:40 AM  -299.97    19 3.000 :3.882  0-1-0

--------------------------------------------------------------

Engine-Match Wednesday, September 17, 2025 8:50:41 AM
 Blitz 1/1 

Pairing 18/18 :    V7P3R_v10.8  -  Stockfish 1%

PGN-File: C:\Program Files (x86)\Arena\Tournaments\Engine All Out Battle 20250917.pgn

No:  B/W 1/2     W:B       1:2           Time        Value Moves Dep 1:2       1-2-Draws
   1 B 2    1.0:0.0        0.0:1.0       8:51:58 AM      -M1    36 2.735 :5.000  0-1-0

--------------------------------------------------------------

Engine-Match Wednesday, September 17, 2025 8:52:00 AM
 Blitz 1/1 

Pairing 1/18 :    V7P3R_v10.8  -  V7P3R_v5.1

PGN-File: C:\Program Files (x86)\Arena\Tournaments\Engine All Out Battle 20250917.pgn

No:  B/W 1/2     W:B       1:2           Time        Value Moves Dep 1:2       1-2-Draws
   2 B 1    1.0:0.0        2.0:0.0       8:52:55 AM   -40.94    11 3.222 :3.091  2-0-0

--------------------------------------------------------------

Engine-Match Wednesday, September 17, 2025 8:52:56 AM
 Blitz 1/1 

Pairing 2/18 :    V7P3R_v10.8  -  V7P3R_v6.0

PGN-File: C:\Program Files (x86)\Arena\Tournaments\Engine All Out Battle 20250917.pgn

No:  B/W 1/2     W:B       1:2           Time        Value Moves Dep 1:2       1-2-Draws
   2 B 1    1.0:0.0        2.0:0.0       8:53:28 AM  -289.96     7 3.167 :3.000  2-0-0

--------------------------------------------------------------

Engine-Match Wednesday, September 17, 2025 8:53:35 AM
 Blitz 1/1 

Pairing 3/18 :    V7P3R_v10.8  -  V7P3R_v7.0

PGN-File: C:\Program Files (x86)\Arena\Tournaments\Engine All Out Battle 20250917.pgn

No:  B/W 1/2     W:B       1:2           Time        Value Moves Dep 1:2       1-2-Draws
   2 B 1    1.5:0.5        1.5:0.5       8:56:13 AM   -11.00    38 3.529 :5.043  1-0-1

--------------------------------------------------------------

Engine-Match Wednesday, September 17, 2025 8:56:14 AM
 Blitz 1/1 

Pairing 4/18 :    V7P3R_v10.8  -  V7P3R_v8.0

PGN-File: C:\Program Files (x86)\Arena\Tournaments\Engine All Out Battle 20250917.pgn

No:  B/W 1/2     W:B       1:2           Time        Value Moves Dep 1:2       1-2-Draws
   2 B 1    1.0:0.0        2.0:0.0       8:56:49 AM    -M500     8 3.286 :5.000  2-0-0

--------------------------------------------------------------

Engine-Match Wednesday, September 17, 2025 8:56:51 AM
 Blitz 1/1 

Pairing 5/18 :    V7P3R_v10.8  -  V7P3R_v9.0

PGN-File: C:\Program Files (x86)\Arena\Tournaments\Engine All Out Battle 20250917.pgn

No:  B/W 1/2     W:B       1:2           Time        Value Moves Dep 1:2       1-2-Draws
   2 B 1    1.0:0.0        2.0:0.0       8:57:30 AM  -210.00    10 3.111 :5.200  2-0-0

--------------------------------------------------------------

Engine-Match Wednesday, September 17, 2025 8:57:32 AM
 Blitz 1/1 

Pairing 6/18 :    V7P3R_v10.8  -  V7P3R_v10.7

PGN-File: C:\Program Files (x86)\Arena\Tournaments\Engine All Out Battle 20250917.pgn

No:  B/W 1/2     W:B       1:2           Time        Value Moves Dep 1:2       1-2-Draws
   2 B 1    1.0:0.0        2.0:0.0       8:58:20 AM   -19.90     8 3.000 :2.500  2-0-0

--------------------------------------------------------------

Engine-Match Wednesday, September 17, 2025 8:58:21 AM
 Blitz 1/1 

Pairing 7/18 :    V7P3R_v10.8  -  V7P3R_v10.6

PGN-File: C:\Program Files (x86)\Arena\Tournaments\Engine All Out Battle 20250917.pgn

No:  B/W 1/2     W:B       1:2           Time        Value Moves Dep 1:2       1-2-Draws
   2 W 2    1.0:0.0        1.0:1.0       9:00:13 AM   +12.01    27 2.815 :2.800  1-1-0

--------------------------------------------------------------

Engine-Match Wednesday, September 17, 2025 9:00:15 AM
 Blitz 1/1 

Pairing 8/18 :    V7P3R_v10.8  -  V7P3R_v10.5

PGN-File: C:\Program Files (x86)\Arena\Tournaments\Engine All Out Battle 20250917.pgn

No:  B/W 1/2     W:B       1:2           Time        Value Moves Dep 1:2       1-2-Draws
   2 B 1    1.0:0.0        2.0:0.0       9:02:39 AM   -23.10    53 2.818 :3.875  2-0-0

--------------------------------------------------------------

Engine-Match Wednesday, September 17, 2025 9:02:40 AM
 Blitz 1/1 

Pairing 9/18 :    V7P3R_v10.8  -  V7P3R_v10.4

PGN-File: C:\Program Files (x86)\Arena\Tournaments\Engine All Out Battle 20250917.pgn

No:  B/W 1/2     W:B       1:2           Time        Value Moves Dep 1:2       1-2-Draws
   2 W 2    1.0:0.0        1.0:1.0       9:04:31 AM   +12.01    27 2.778 :2.720  1-1-0

--------------------------------------------------------------

Engine-Match Wednesday, September 17, 2025 9:04:32 AM
 Blitz 1/1 

Pairing 10/18 :    V7P3R_v10.8  -  V7P3R_v10.3

PGN-File: C:\Program Files (x86)\Arena\Tournaments\Engine All Out Battle 20250917.pgn

No:  B/W 1/2     W:B       1:2           Time        Value Moves Dep 1:2       1-2-Draws
   2 B 1    1.5:0.5        1.5:0.5       9:05:30 AM   -18.67     8 3.286 :2.750  1-0-1

--------------------------------------------------------------

Engine-Match Wednesday, September 17, 2025 9:05:31 AM
 Blitz 1/1 

Pairing 11/18 :    V7P3R_v10.8  -  V7P3R_v10.2

PGN-File: C:\Program Files (x86)\Arena\Tournaments\Engine All Out Battle 20250917.pgn

No:  B/W 1/2     W:B       1:2           Time        Value Moves Dep 1:2       1-2-Draws
   2 = =    0.5:0.5        0.5:1.5       9:08:12 AM   -16.40    57 2.846 :3.905  0-1-1

--------------------------------------------------------------

Engine-Match Wednesday, September 17, 2025 9:08:13 AM
 Blitz 1/1 

Pairing 12/18 :    V7P3R_v10.8  -  V7P3R_v10.0

PGN-File: C:\Program Files (x86)\Arena\Tournaments\Engine All Out Battle 20250917.pgn

No:  B/W 1/2     W:B       1:2           Time        Value Moves Dep 1:2       1-2-Draws
   2 W 2    1.5:0.5        0.5:1.5       9:10:00 AM   +38.56    28 3.105 :4.350  0-1-1

--------------------------------------------------------------

Engine-Match Wednesday, September 17, 2025 9:10:02 AM
 Blitz 1/1 

Pairing 13/18 :    V7P3R_v10.8  -  SlowMate_v3.1

PGN-File: C:\Program Files (x86)\Arena\Tournaments\Engine All Out Battle 20250917.pgn

No:  B/W 1/2     W:B       1:2           Time        Value Moves Dep 1:2       1-2-Draws
   2 B 1    1.0:0.0        1.0:1.0       9:13:09 AM   -15.71    56 2.857 :2.867  1-1-0

--------------------------------------------------------------

Engine-Match Wednesday, September 17, 2025 9:13:11 AM
 Blitz 1/1 

Pairing 14/18 :    V7P3R_v10.8  -  Random_Opponent

PGN-File: C:\Program Files (x86)\Arena\Tournaments\Engine All Out Battle 20250917.pgn

No:  B/W 1/2     W:B       1:2           Time        Value Moves Dep 1:2       1-2-Draws
   2 B 1    1.0:0.0        2.0:0.0       9:13:40 AM  -289.96    13 3.083 :0 2-0-0

--------------------------------------------------------------

Engine-Match Wednesday, September 17, 2025 9:13:41 AM
 Blitz 1/1 

Pairing 15/18 :    V7P3R_v10.8  -  C0BR4_v1.0

PGN-File: C:\Program Files (x86)\Arena\Tournaments\Engine All Out Battle 20250917.pgn

No:  B/W 1/2     W:B       1:2           Time        Value Moves Dep 1:2       1-2-Draws
   2 B 1    1.0:0.0        2.0:0.0       9:14:15 AM    -1.05    10 3.091 :4.000  2-0-0

--------------------------------------------------------------

Engine-Match Wednesday, September 17, 2025 9:14:17 AM
 Blitz 1/1 

Pairing 16/18 :    V7P3R_v10.8  -  C0BR4_v2.0

PGN-File: C:\Program Files (x86)\Arena\Tournaments\Engine All Out Battle 20250917.pgn

No:  B/W 1/2     W:B       1:2           Time        Value Moves Dep 1:2       1-2-Draws
   2 B 1    1.0:0.0        2.0:0.0       9:14:50 AM    -2.59    11 3.182 :4.000  2-0-0

--------------------------------------------------------------

Engine-Match Wednesday, September 17, 2025 9:14:51 AM
 Blitz 1/1 

Pairing 17/18 :    V7P3R_v10.8  -  C0BR4_v2.9

PGN-File: C:\Program Files (x86)\Arena\Tournaments\Engine All Out Battle 20250917.pgn

No:  B/W 1/2     W:B       1:2           Time        Value Moves Dep 1:2       1-2-Draws
   2 W 2    1.0:0.0        0.0:2.0       9:16:07 AM   +35.33    44 3.143 :4.000  0-2-0

--------------------------------------------------------------

Engine-Match Wednesday, September 17, 2025 9:16:09 AM
 Blitz 1/1 

Pairing 18/18 :    V7P3R_v10.8  -  Stockfish 1%

PGN-File: C:\Program Files (x86)\Arena\Tournaments\Engine All Out Battle 20250917.pgn

No:  B/W 1/2     W:B       1:2           Time        Value Moves Dep 1:2       1-2-Draws
   2 W 2    1.0:0.0        0.0:2.0       9:16:33 AM   +12.02    11 2.909 :7.333  0-2-0

--------------------------------------------------------------

Engine-Match Wednesday, September 17, 2025 9:16:34 AM
 Blitz 1/1 

Pairing 1/18 :    V7P3R_v10.8  -  V7P3R_v5.1

PGN-File: C:\Program Files (x86)\Arena\Tournaments\Engine All Out Battle 20250917.pgn

No:  B/W 1/2     W:B       1:2           Time        Value Moves Dep 1:2       1-2-Draws
   3 W 1    1.0:0.0        3.0:0.0       9:17:06 AM   +10.29     7 3.333 :2.714  3-0-0

--------------------------------------------------------------

Engine-Match Wednesday, September 17, 2025 9:17:07 AM
 Blitz 1/1 

Pairing 2/18 :    V7P3R_v10.8  -  V7P3R_v6.0

PGN-File: C:\Program Files (x86)\Arena\Tournaments\Engine All Out Battle 20250917.pgn

No:  B/W 1/2     W:B       1:2           Time        Value Moves Dep 1:2       1-2-Draws
   3 W 1    1.0:0.0        3.0:0.0       9:17:34 AM    +M500     6 3.167 :3.000  3-0-0

--------------------------------------------------------------

Engine-Match Wednesday, September 17, 2025 9:17:35 AM
 Blitz 1/1 

Pairing 3/18 :    V7P3R_v10.8  -  V7P3R_v7.0

PGN-File: C:\Program Files (x86)\Arena\Tournaments\Engine All Out Battle 20250917.pgn

No:  B/W 1/2     W:B       1:2           Time        Value Moves Dep 1:2       1-2-Draws
   3 = =    1.0:1.0        2.0:1.0       9:19:55 AM    +1.30    31 3.120 :4.885  1-0-2

--------------------------------------------------------------

Engine-Match Wednesday, September 17, 2025 9:19:57 AM
 Blitz 1/1 

Pairing 4/18 :    V7P3R_v10.8  -  V7P3R_v8.0

PGN-File: C:\Program Files (x86)\Arena\Tournaments\Engine All Out Battle 20250917.pgn

No:  B/W 1/2     W:B       1:2           Time        Value Moves Dep 1:2       1-2-Draws
   3 W 1    1.0:0.0        3.0:0.0       9:20:19 AM   +80.00     5 3.200 :5.000  3-0-0

--------------------------------------------------------------

Engine-Match Wednesday, September 17, 2025 9:20:26 AM
 Blitz 1/1 

Pairing 5/18 :    V7P3R_v10.8  -  V7P3R_v9.0

PGN-File: C:\Program Files (x86)\Arena\Tournaments\Engine All Out Battle 20250917.pgn

No:  B/W 1/2     W:B       1:2           Time        Value Moves Dep 1:2       1-2-Draws
   3 W 1    1.0:0.0        3.0:0.0       9:20:48 AM   +90.00     5 3.200 :5.000  3-0-0

--------------------------------------------------------------

Engine-Match Wednesday, September 17, 2025 9:20:50 AM
 Blitz 1/1 

Pairing 6/18 :    V7P3R_v10.8  -  V7P3R_v10.7

PGN-File: C:\Program Files (x86)\Arena\Tournaments\Engine All Out Battle 20250917.pgn

No:  B/W 1/2     W:B       1:2           Time        Value Moves Dep 1:2       1-2-Draws
   3 W 1    1.0:0.0        3.0:0.0       9:22:23 AM   +13.09    21 2.789 :2.381  3-0-0

--------------------------------------------------------------

Engine-Match Wednesday, September 17, 2025 9:22:25 AM
 Blitz 1/1 

Pairing 7/18 :    V7P3R_v10.8  -  V7P3R_v10.6

PGN-File: C:\Program Files (x86)\Arena\Tournaments\Engine All Out Battle 20250917.pgn

No:  B/W 1/2     W:B       1:2           Time        Value Moves Dep 1:2       1-2-Draws
   3 W 1    1.0:0.0        2.0:1.0       9:25:40 AM   +22.38    53 2.396 :2.367  2-1-0

--------------------------------------------------------------

Engine-Match Wednesday, September 17, 2025 9:25:41 AM
 Blitz 1/1 

Pairing 8/18 :    V7P3R_v10.8  -  V7P3R_v10.5

PGN-File: C:\Program Files (x86)\Arena\Tournaments\Engine All Out Battle 20250917.pgn

No:  B/W 1/2     W:B       1:2           Time        Value Moves Dep 1:2       1-2-Draws
   3 W 1    1.0:0.0        3.0:0.0       9:28:29 AM   +19.40    55 2.867 :3.556  3-0-0

--------------------------------------------------------------

Engine-Match Wednesday, September 17, 2025 9:28:30 AM
 Blitz 1/1 

Pairing 9/18 :    V7P3R_v10.8  -  V7P3R_v10.4

PGN-File: C:\Program Files (x86)\Arena\Tournaments\Engine All Out Battle 20250917.pgn

No:  B/W 1/2     W:B       1:2           Time        Value Moves Dep 1:2       1-2-Draws
   3 W 1    1.0:0.0        2.0:1.0       9:30:22 AM   +12.01    27 2.800 :2.815  2-1-0

--------------------------------------------------------------

Engine-Match Wednesday, September 17, 2025 9:30:23 AM
 Blitz 1/1 

Pairing 10/18 :    V7P3R_v10.8  -  V7P3R_v10.3

PGN-File: C:\Program Files (x86)\Arena\Tournaments\Engine All Out Battle 20250917.pgn

No:  B/W 1/2     W:B       1:2           Time        Value Moves Dep 1:2       1-2-Draws
   3 W 1    1.5:0.5        2.5:0.5       9:32:03 AM    +9.81    30 2.552 :2.100  2-0-1

--------------------------------------------------------------

Engine-Match Wednesday, September 17, 2025 9:32:04 AM
 Blitz 1/1 

Pairing 11/18 :    V7P3R_v10.8  -  V7P3R_v10.2

PGN-File: C:\Program Files (x86)\Arena\Tournaments\Engine All Out Battle 20250917.pgn

No:  B/W 1/2     W:B       1:2           Time        Value Moves Dep 1:2       1-2-Draws
   3 = =    1.0:1.0        1.0:2.0       9:35:47 AM     0.00    97 2.952 :4.286  0-1-2

--------------------------------------------------------------

Engine-Match Wednesday, September 17, 2025 9:35:49 AM
 Blitz 1/1 

Pairing 12/18 :    V7P3R_v10.8  -  V7P3R_v10.0

PGN-File: C:\Program Files (x86)\Arena\Tournaments\Engine All Out Battle 20250917.pgn

No:  B/W 1/2     W:B       1:2           Time        Value Moves Dep 1:2       1-2-Draws
   3 = =    1.0:1.0        1.0:2.0       9:38:29 AM    -1.81    40 2.852 :3.923  0-1-2

--------------------------------------------------------------

Engine-Match Wednesday, September 17, 2025 9:38:30 AM
 Blitz 1/1 

Pairing 13/18 :    V7P3R_v10.8  -  SlowMate_v3.1

PGN-File: C:\Program Files (x86)\Arena\Tournaments\Engine All Out Battle 20250917.pgn

No:  B/W 1/2     W:B       1:2           Time        Value Moves Dep 1:2       1-2-Draws
   3 = =    0.5:0.5        1.5:1.5       9:39:59 AM     0.00    21 2.842 :3.100  1-1-1

--------------------------------------------------------------

Engine-Match Wednesday, September 17, 2025 9:40:00 AM
 Blitz 1/1 

Pairing 14/18 :    V7P3R_v10.8  -  Random_Opponent

PGN-File: C:\Program Files (x86)\Arena\Tournaments\Engine All Out Battle 20250917.pgn

No:  B/W 1/2     W:B       1:2           Time        Value Moves Dep 1:2       1-2-Draws
   3 W 1    1.0:0.0        3.0:0.0       9:40:39 AM  +289.97    17 3.250 :0 3-0-0

--------------------------------------------------------------

Engine-Match Wednesday, September 17, 2025 9:40:41 AM
 Blitz 1/1 

Pairing 15/18 :    V7P3R_v10.8  -  C0BR4_v1.0

PGN-File: C:\Program Files (x86)\Arena\Tournaments\Engine All Out Battle 20250917.pgn

No:  B/W 1/2     W:B       1:2           Time        Value Moves Dep 1:2       1-2-Draws
   3 W 1    1.0:0.0        3.0:0.0       9:40:57 AM    +7.17     5 3.500 :4.000  3-0-0

--------------------------------------------------------------

Engine-Match Wednesday, September 17, 2025 9:40:59 AM
 Blitz 1/1 

Pairing 16/18 :    V7P3R_v10.8  -  C0BR4_v2.0

PGN-File: C:\Program Files (x86)\Arena\Tournaments\Engine All Out Battle 20250917.pgn

No:  B/W 1/2     W:B       1:2           Time        Value Moves Dep 1:2       1-2-Draws
   3 W 1    1.0:0.0        3.0:0.0       9:42:15 AM    -1.07    34 2.969 :4.000  3-0-0

--------------------------------------------------------------

Engine-Match Wednesday, September 17, 2025 9:42:16 AM
 Blitz 1/1 

Pairing 17/18 :    V7P3R_v10.8  -  C0BR4_v2.9

PGN-File: C:\Program Files (x86)\Arena\Tournaments\Engine All Out Battle 20250917.pgn

No:  B/W 1/2     W:B       1:2           Time        Value Moves Dep 1:2       1-2-Draws
   3 = =    0.5:0.5        0.5:2.5       9:43:21 AM    +1.12    12 3.182 :4.000  0-2-1

--------------------------------------------------------------

Engine-Match Wednesday, September 17, 2025 9:43:22 AM
 Blitz 1/1 

Pairing 18/18 :    V7P3R_v10.8  -  Stockfish 1%

PGN-File: C:\Program Files (x86)\Arena\Tournaments\Engine All Out Battle 20250917.pgn

No:  B/W 1/2     W:B       1:2           Time        Value Moves Dep 1:2       1-2-Draws
   3 B 2    1.0:0.0        0.0:3.0       9:44:45 AM      -M1    43 2.907 :6.000  0-3-0

--------------------------------------------------------------

Engine-Match Wednesday, September 17, 2025 9:44:46 AM
 Blitz 1/1 

Pairing 1/18 :    V7P3R_v10.8  -  V7P3R_v5.1

PGN-File: C:\Program Files (x86)\Arena\Tournaments\Engine All Out Battle 20250917.pgn

No:  B/W 1/2     W:B       1:2           Time        Value Moves Dep 1:2       1-2-Draws
   4 B 1    1.0:0.0        4.0:0.0       9:45:39 AM   -42.35    12 3.182 :3.083  4-0-0

--------------------------------------------------------------

Engine-Match Wednesday, September 17, 2025 9:45:40 AM
 Blitz 1/1 

Pairing 2/18 :    V7P3R_v10.8  -  V7P3R_v6.0

PGN-File: C:\Program Files (x86)\Arena\Tournaments\Engine All Out Battle 20250917.pgn

No:  B/W 1/2     W:B       1:2           Time        Value Moves Dep 1:2       1-2-Draws
   4 B 1    1.0:0.0        4.0:0.0       9:46:14 AM  -289.97     7 3.333 :3.000  4-0-0

--------------------------------------------------------------

Engine-Match Wednesday, September 17, 2025 9:46:15 AM
 Blitz 1/1 

Pairing 3/18 :    V7P3R_v10.8  -  V7P3R_v7.0

PGN-File: C:\Program Files (x86)\Arena\Tournaments\Engine All Out Battle 20250917.pgn

No:  B/W 1/2     W:B       1:2           Time        Value Moves Dep 1:2       1-2-Draws
   4 B 1    2.0:1.0        3.0:1.0       9:48:20 AM   -12.00    23 3.316 :4.909  2-0-2

--------------------------------------------------------------

Engine-Match Wednesday, September 17, 2025 9:48:22 AM
 Blitz 1/1 

Pairing 4/18 :    V7P3R_v10.8  -  V7P3R_v8.0

PGN-File: C:\Program Files (x86)\Arena\Tournaments\Engine All Out Battle 20250917.pgn

No:  B/W 1/2     W:B       1:2           Time        Value Moves Dep 1:2       1-2-Draws
   4 B 1    1.0:0.0        4.0:0.0       9:48:58 AM    -M500     8 3.429 :5.000  4-0-0

--------------------------------------------------------------

Engine-Match Wednesday, September 17, 2025 9:48:59 AM
 Blitz 1/1 

Pairing 5/18 :    V7P3R_v10.8  -  V7P3R_v9.0

PGN-File: C:\Program Files (x86)\Arena\Tournaments\Engine All Out Battle 20250917.pgn

No:  B/W 1/2     W:B       1:2           Time        Value Moves Dep 1:2       1-2-Draws
   4 B 1    1.0:0.0        4.0:0.0       9:49:42 AM  -210.00    10 3.222 :5.300  4-0-0

--------------------------------------------------------------

Engine-Match Wednesday, September 17, 2025 9:49:43 AM
 Blitz 1/1 

Pairing 6/18 :    V7P3R_v10.8  -  V7P3R_v10.7

PGN-File: C:\Program Files (x86)\Arena\Tournaments\Engine All Out Battle 20250917.pgn

No:  B/W 1/2     W:B       1:2           Time        Value Moves Dep 1:2       1-2-Draws
   4 B 1    1.0:0.0        4.0:0.0       9:50:32 AM   -18.45     8 3.143 :2.625  4-0-0

--------------------------------------------------------------

Engine-Match Wednesday, September 17, 2025 9:50:39 AM
 Blitz 1/1 

Pairing 7/18 :    V7P3R_v10.8  -  V7P3R_v10.6

PGN-File: C:\Program Files (x86)\Arena\Tournaments\Engine All Out Battle 20250917.pgn

No:  B/W 1/2     W:B       1:2           Time        Value Moves Dep 1:2       1-2-Draws
   4 W 2    1.0:0.0        2.0:2.0       9:53:57 AM   +22.38    53 2.367 :2.396  2-2-0

--------------------------------------------------------------

Engine-Match Wednesday, September 17, 2025 9:53:59 AM
 Blitz 1/1 

Pairing 8/18 :    V7P3R_v10.8  -  V7P3R_v10.5

PGN-File: C:\Program Files (x86)\Arena\Tournaments\Engine All Out Battle 20250917.pgn

No:  B/W 1/2     W:B       1:2           Time        Value Moves Dep 1:2       1-2-Draws
   4 = =    0.5:0.5        3.5:0.5       9:56:17 AM    +2.34    61 2.864 :3.875  3-0-1

--------------------------------------------------------------

Engine-Match Wednesday, September 17, 2025 9:56:18 AM
 Blitz 1/1 

Pairing 9/18 :    V7P3R_v10.8  -  V7P3R_v10.4

PGN-File: C:\Program Files (x86)\Arena\Tournaments\Engine All Out Battle 20250917.pgn

No:  B/W 1/2     W:B       1:2           Time        Value Moves Dep 1:2       1-2-Draws
   4 W 2    1.0:0.0        2.0:2.0       9:59:33 AM   +22.38    53 2.367 :2.396  2-2-0

--------------------------------------------------------------

Engine-Match Wednesday, September 17, 2025 9:59:34 AM
 Blitz 1/1 

Pairing 10/18 :    V7P3R_v10.8  -  V7P3R_v10.3

PGN-File: C:\Program Files (x86)\Arena\Tournaments\Engine All Out Battle 20250917.pgn

No:  B/W 1/2     W:B       1:2           Time        Value Moves Dep 1:2       1-2-Draws
   4 B 1    1.5:0.5        3.5:0.5       10:00:28 AM   -18.67     8 3.286 :2.750  3-0-1

--------------------------------------------------------------

Engine-Match Wednesday, September 17, 2025 10:00:29 AM
 Blitz 1/1 

Pairing 11/18 :    V7P3R_v10.8  -  V7P3R_v10.2

PGN-File: C:\Program Files (x86)\Arena\Tournaments\Engine All Out Battle 20250917.pgn

No:  B/W 1/2     W:B       1:2           Time        Value Moves Dep 1:2       1-2-Draws
   4 B 1    2.0:1.0        2.0:2.0       10:02:44 AM  -289.96    35 2.920 :3.952  1-1-2

--------------------------------------------------------------

Engine-Match Wednesday, September 17, 2025 10:02:46 AM
 Blitz 1/1 

Pairing 12/18 :    V7P3R_v10.8  -  V7P3R_v10.0

PGN-File: C:\Program Files (x86)\Arena\Tournaments\Engine All Out Battle 20250917.pgn

No:  B/W 1/2     W:B       1:2           Time        Value Moves Dep 1:2       1-2-Draws
   4 = =    1.5:1.5        1.5:2.5       10:05:38 AM    +1.90    63 3.118 :4.529  0-1-3

--------------------------------------------------------------

Engine-Match Wednesday, September 17, 2025 10:05:40 AM
 Blitz 1/1 

Pairing 13/18 :    V7P3R_v10.8  -  SlowMate_v3.1

PGN-File: C:\Program Files (x86)\Arena\Tournaments\Engine All Out Battle 20250917.pgn

No:  B/W 1/2     W:B       1:2           Time        Value Moves Dep 1:2       1-2-Draws
   4 = =    1.0:1.0        2.0:2.0       10:08:41 AM    -5.47    55 2.857 :2.867  1-1-2

--------------------------------------------------------------

Engine-Match Wednesday, September 17, 2025 10:08:43 AM
 Blitz 1/1 

Pairing 14/18 :    V7P3R_v10.8  -  Random_Opponent

PGN-File: C:\Program Files (x86)\Arena\Tournaments\Engine All Out Battle 20250917.pgn

No:  B/W 1/2     W:B       1:2           Time        Value Moves Dep 1:2       1-2-Draws
   4 B 1    1.0:0.0        4.0:0.0       10:09:28 AM     0.00    24 3.417 :0 4-0-0

--------------------------------------------------------------

Engine-Match Wednesday, September 17, 2025 10:09:29 AM
 Blitz 1/1 

Pairing 15/18 :    V7P3R_v10.8  -  C0BR4_v1.0

PGN-File: C:\Program Files (x86)\Arena\Tournaments\Engine All Out Battle 20250917.pgn

No:  B/W 1/2     W:B       1:2           Time        Value Moves Dep 1:2       1-2-Draws
   4 B 1    1.0:0.0        4.0:0.0       10:10:03 AM    -1.05    10 3.091 :4.000  4-0-0

--------------------------------------------------------------

Engine-Match Wednesday, September 17, 2025 10:10:05 AM
 Blitz 1/1 

Pairing 16/18 :    V7P3R_v10.8  -  C0BR4_v2.0

PGN-File: C:\Program Files (x86)\Arena\Tournaments\Engine All Out Battle 20250917.pgn

No:  B/W 1/2     W:B       1:2           Time        Value Moves Dep 1:2       1-2-Draws
   4 B 1    1.0:0.0        4.0:0.0       10:10:38 AM    -2.59    11 3.182 :4.000  4-0-0

--------------------------------------------------------------

Engine-Match Wednesday, September 17, 2025 10:10:39 AM
 Blitz 1/1 

Pairing 17/18 :    V7P3R_v10.8  -  C0BR4_v2.9

PGN-File: C:\Program Files (x86)\Arena\Tournaments\Engine All Out Battle 20250917.pgn

No:  B/W 1/2     W:B       1:2           Time        Value Moves Dep 1:2       1-2-Draws
   4 = =    1.0:1.0        1.0:3.0       10:12:12 AM    +6.50    56 3.095 :4.000  0-2-2

--------------------------------------------------------------

Engine-Match Wednesday, September 17, 2025 10:12:13 AM
 Blitz 1/1 

Pairing 18/18 :    V7P3R_v10.8  -  Stockfish 1%

PGN-File: C:\Program Files (x86)\Arena\Tournaments\Engine All Out Battle 20250917.pgn

No:  B/W 1/2     W:B       1:2           Time        Value Moves Dep 1:2       1-2-Draws
   4 W 2    1.0:0.0        0.0:4.0       10:12:37 AM   +12.02    11 2.909 :7.667  0-4-0

--------------------------------------------------------------

Engine-Match Wednesday, September 17, 2025 10:12:39 AM
 Blitz 1/1 

Pairing 1/18 :    V7P3R_v10.8  -  V7P3R_v5.1

PGN-File: C:\Program Files (x86)\Arena\Tournaments\Engine All Out Battle 20250917.pgn

No:  B/W 1/2     W:B       1:2           Time        Value Moves Dep 1:2       1-2-Draws
   5 W 1    1.0:0.0        5.0:0.0       10:13:10 AM   +10.29     7 3.333 :2.714  5-0-0

--------------------------------------------------------------

Engine-Match Wednesday, September 17, 2025 10:13:11 AM
 Blitz 1/1 

Pairing 2/18 :    V7P3R_v10.8  -  V7P3R_v6.0

PGN-File: C:\Program Files (x86)\Arena\Tournaments\Engine All Out Battle 20250917.pgn

No:  B/W 1/2     W:B       1:2           Time        Value Moves Dep 1:2       1-2-Draws
   5 W 1    1.0:0.0        5.0:0.0       10:13:38 AM    +M500     6 3.167 :3.000  5-0-0

--------------------------------------------------------------

Engine-Match Wednesday, September 17, 2025 10:13:39 AM
 Blitz 1/1 

Pairing 3/18 :    V7P3R_v10.8  -  V7P3R_v7.0

PGN-File: C:\Program Files (x86)\Arena\Tournaments\Engine All Out Battle 20250917.pgn

No:  B/W 1/2     W:B       1:2           Time        Value Moves Dep 1:2       1-2-Draws
   5 W 1    2.0:1.0        4.0:1.0       10:16:26 AM  +110.00    41 3.107 :4.655  3-0-2

--------------------------------------------------------------

Engine-Match Wednesday, September 17, 2025 10:16:27 AM
 Blitz 1/1 

Pairing 4/18 :    V7P3R_v10.8  -  V7P3R_v8.0

PGN-File: C:\Program Files (x86)\Arena\Tournaments\Engine All Out Battle 20250917.pgn

No:  B/W 1/2     W:B       1:2           Time        Value Moves Dep 1:2       1-2-Draws
   5 W 1    1.0:0.0        5.0:0.0       10:16:49 AM   +80.00     5 3.200 :5.000  5-0-0

--------------------------------------------------------------

Engine-Match Wednesday, September 17, 2025 10:16:51 AM
 Blitz 1/1 

Pairing 5/18 :    V7P3R_v10.8  -  V7P3R_v9.0

PGN-File: C:\Program Files (x86)\Arena\Tournaments\Engine All Out Battle 20250917.pgn

No:  B/W 1/2     W:B       1:2           Time        Value Moves Dep 1:2       1-2-Draws
   5 W 1    1.0:0.0        5.0:0.0       10:17:12 AM   +90.00     5 3.200 :5.000  5-0-0

--------------------------------------------------------------

Engine-Match Wednesday, September 17, 2025 10:17:14 AM
 Blitz 1/1 

Pairing 6/18 :    V7P3R_v10.8  -  V7P3R_v10.7

PGN-File: C:\Program Files (x86)\Arena\Tournaments\Engine All Out Battle 20250917.pgn

No:  B/W 1/2     W:B       1:2           Time        Value Moves Dep 1:2       1-2-Draws
   5 W 1    1.0:0.0        5.0:0.0       10:18:44 AM   +13.09    21 2.789 :2.381  5-0-0

--------------------------------------------------------------

Engine-Match Wednesday, September 17, 2025 10:18:46 AM
 Blitz 1/1 

Pairing 7/18 :    V7P3R_v10.8  -  V7P3R_v10.6

PGN-File: C:\Program Files (x86)\Arena\Tournaments\Engine All Out Battle 20250917.pgn

No:  B/W 1/2     W:B       1:2           Time        Value Moves Dep 1:2       1-2-Draws
   5 W 1    1.0:0.0        3.0:2.0       10:20:38 AM   +12.01    27 2.800 :2.815  3-2-0

--------------------------------------------------------------

Engine-Match Wednesday, September 17, 2025 10:20:39 AM
 Blitz 1/1 

Pairing 8/18 :    V7P3R_v10.8  -  V7P3R_v10.5

PGN-File: C:\Program Files (x86)\Arena\Tournaments\Engine All Out Battle 20250917.pgn

No:  B/W 1/2     W:B       1:2           Time        Value Moves Dep 1:2       1-2-Draws
   5 W 1    1.5:0.5        4.5:0.5       10:23:27 AM   +19.40    55 2.867 :3.556  4-0-1

--------------------------------------------------------------

Engine-Match Wednesday, September 17, 2025 10:23:34 AM
 Blitz 1/1 

Pairing 9/18 :    V7P3R_v10.8  -  V7P3R_v10.4

PGN-File: C:\Program Files (x86)\Arena\Tournaments\Engine All Out Battle 20250917.pgn

No:  B/W 1/2     W:B       1:2           Time        Value Moves Dep 1:2       1-2-Draws
   5 W 1    1.0:0.0        3.0:2.0       10:26:52 AM   +22.38    53 2.396 :2.367  3-2-0

--------------------------------------------------------------

Engine-Match Wednesday, September 17, 2025 10:26:54 AM
 Blitz 1/1 

Pairing 10/18 :    V7P3R_v10.8  -  V7P3R_v10.3

PGN-File: C:\Program Files (x86)\Arena\Tournaments\Engine All Out Battle 20250917.pgn

No:  B/W 1/2     W:B       1:2           Time        Value Moves Dep 1:2       1-2-Draws
   5 = =    1.0:1.0        4.0:1.0       10:29:27 AM    +7.36    40 2.615 :2.175  3-0-2

--------------------------------------------------------------

Engine-Match Wednesday, September 17, 2025 10:29:28 AM
 Blitz 1/1 

Pairing 11/18 :    V7P3R_v10.8  -  V7P3R_v10.2

PGN-File: C:\Program Files (x86)\Arena\Tournaments\Engine All Out Battle 20250917.pgn

No:  B/W 1/2     W:B       1:2           Time        Value Moves Dep 1:2       1-2-Draws
   5 = =    1.5:1.5        2.5:2.5       10:31:54 AM    +4.10    51 2.931 :4.429  1-1-3

--------------------------------------------------------------

Engine-Match Wednesday, September 17, 2025 10:31:55 AM
 Blitz 1/1 

Pairing 12/18 :    V7P3R_v10.8  -  V7P3R_v10.0

PGN-File: C:\Program Files (x86)\Arena\Tournaments\Engine All Out Battle 20250917.pgn

No:  B/W 1/2     W:B       1:2           Time        Value Moves Dep 1:2       1-2-Draws
   5 = =    2.0:2.0        2.0:3.0       10:34:35 AM    -1.81    40 2.852 :3.923  0-1-4

--------------------------------------------------------------

Engine-Match Wednesday, September 17, 2025 10:34:37 AM
 Blitz 1/1 

Pairing 13/18 :    V7P3R_v10.8  -  SlowMate_v3.1

PGN-File: C:\Program Files (x86)\Arena\Tournaments\Engine All Out Battle 20250917.pgn

No:  B/W 1/2     W:B       1:2           Time        Value Moves Dep 1:2       1-2-Draws
   5 B 2    2.0:1.0        2.0:3.0       10:37:59 AM   -19.32    63 2.958 :2.957  1-2-2

--------------------------------------------------------------

Engine-Match Wednesday, September 17, 2025 10:38:01 AM
 Blitz 1/1 

Pairing 14/18 :    V7P3R_v10.8  -  Random_Opponent

PGN-File: C:\Program Files (x86)\Arena\Tournaments\Engine All Out Battle 20250917.pgn

No:  B/W 1/2     W:B       1:2           Time        Value Moves Dep 1:2       1-2-Draws
   5 W 1    1.0:0.0        5.0:0.0       10:38:36 AM  +289.95    15 3.000 :0 5-0-0

--------------------------------------------------------------

Engine-Match Wednesday, September 17, 2025 10:38:38 AM
 Blitz 1/1 

Pairing 15/18 :    V7P3R_v10.8  -  C0BR4_v1.0

PGN-File: C:\Program Files (x86)\Arena\Tournaments\Engine All Out Battle 20250917.pgn

No:  B/W 1/2     W:B       1:2           Time        Value Moves Dep 1:2       1-2-Draws
   5 W 1    1.0:0.0        5.0:0.0       10:38:54 AM    +7.17     5 3.500 :4.000  5-0-0

--------------------------------------------------------------

Engine-Match Wednesday, September 17, 2025 10:38:56 AM
 Blitz 1/1 

Pairing 16/18 :    V7P3R_v10.8  -  C0BR4_v2.0

PGN-File: C:\Program Files (x86)\Arena\Tournaments\Engine All Out Battle 20250917.pgn

No:  B/W 1/2     W:B       1:2           Time        Value Moves Dep 1:2       1-2-Draws
   5 W 1    1.0:0.0        5.0:0.0       10:39:11 AM    +9.95     7 3.125 :4.000  5-0-0

--------------------------------------------------------------

Engine-Match Wednesday, September 17, 2025 10:39:12 AM
 Blitz 1/1 

Pairing 17/18 :    V7P3R_v10.8  -  C0BR4_v2.9

PGN-File: C:\Program Files (x86)\Arena\Tournaments\Engine All Out Battle 20250917.pgn

No:  B/W 1/2     W:B       1:2           Time        Value Moves Dep 1:2       1-2-Draws
   5 = =    1.5:1.5        1.5:3.5       10:40:17 AM    +1.12    12 3.182 :4.000  0-2-3

--------------------------------------------------------------

Engine-Match Wednesday, September 17, 2025 10:40:18 AM
 Blitz 1/1 

Pairing 18/18 :    V7P3R_v10.8  -  Stockfish 1%

PGN-File: C:\Program Files (x86)\Arena\Tournaments\Engine All Out Battle 20250917.pgn

No:  B/W 1/2     W:B       1:2           Time        Value Moves Dep 1:2       1-2-Draws
   5 W 1    1.0:0.0        1.0:4.0       10:41:27 AM   +10.27    42 3.038 :8.500  1-4-0

--------------------------------------------------------------

Engine-Match Wednesday, September 17, 2025 10:41:28 AM
 Blitz 1/1 

Pairing 1/18 :    V7P3R_v10.8  -  V7P3R_v5.1

PGN-File: C:\Program Files (x86)\Arena\Tournaments\Engine All Out Battle 20250917.pgn

No:  B/W 1/2     W:B       1:2           Time        Value Moves Dep 1:2       1-2-Draws
   6 B 1    1.0:0.0        6.0:0.0       10:42:21 AM   -42.35    12 3.182 :3.083  6-0-0

--------------------------------------------------------------

Engine-Match Wednesday, September 17, 2025 10:42:22 AM
 Blitz 1/1 

Pairing 2/18 :    V7P3R_v10.8  -  V7P3R_v6.0

PGN-File: C:\Program Files (x86)\Arena\Tournaments\Engine All Out Battle 20250917.pgn

No:  B/W 1/2     W:B       1:2           Time        Value Moves Dep 1:2       1-2-Draws
   6 B 1    1.0:0.0        6.0:0.0       10:42:56 AM  -289.97     7 3.333 :3.000  6-0-0

--------------------------------------------------------------

Engine-Match Wednesday, September 17, 2025 10:42:57 AM
 Blitz 1/1 

Pairing 3/18 :    V7P3R_v10.8  -  V7P3R_v7.0

PGN-File: C:\Program Files (x86)\Arena\Tournaments\Engine All Out Battle 20250917.pgn

No:  B/W 1/2     W:B       1:2           Time        Value Moves Dep 1:2       1-2-Draws
   6 B 1    2.0:1.0        5.0:1.0       10:45:23 AM   -80.00    33 3.471 :5.095  4-0-2

--------------------------------------------------------------

Engine-Match Wednesday, September 17, 2025 10:45:25 AM
 Blitz 1/1 

Pairing 4/18 :    V7P3R_v10.8  -  V7P3R_v8.0

PGN-File: C:\Program Files (x86)\Arena\Tournaments\Engine All Out Battle 20250917.pgn

No:  B/W 1/2     W:B       1:2           Time        Value Moves Dep 1:2       1-2-Draws
   6 B 1    1.0:0.0        6.0:0.0       10:46:01 AM    -M500     8 3.429 :5.000  6-0-0

--------------------------------------------------------------

Engine-Match Wednesday, September 17, 2025 10:46:02 AM
 Blitz 1/1 

Pairing 5/18 :    V7P3R_v10.8  -  V7P3R_v9.0

PGN-File: C:\Program Files (x86)\Arena\Tournaments\Engine All Out Battle 20250917.pgn

No:  B/W 1/2     W:B       1:2           Time        Value Moves Dep 1:2       1-2-Draws
   6 B 1    1.0:0.0        6.0:0.0       10:46:45 AM  -210.00    10 3.222 :5.300  6-0-0

--------------------------------------------------------------

Engine-Match Wednesday, September 17, 2025 10:46:46 AM
 Blitz 1/1 

Pairing 6/18 :    V7P3R_v10.8  -  V7P3R_v10.7

PGN-File: C:\Program Files (x86)\Arena\Tournaments\Engine All Out Battle 20250917.pgn

No:  B/W 1/2     W:B       1:2           Time        Value Moves Dep 1:2       1-2-Draws
   6 B 1    1.0:0.0        6.0:0.0       10:47:34 AM   -18.45     8 3.143 :2.625  6-0-0

--------------------------------------------------------------

Engine-Match Wednesday, September 17, 2025 10:47:36 AM
 Blitz 1/1 

Pairing 7/18 :    V7P3R_v10.8  -  V7P3R_v10.6

PGN-File: C:\Program Files (x86)\Arena\Tournaments\Engine All Out Battle 20250917.pgn

No:  B/W 1/2     W:B       1:2           Time        Value Moves Dep 1:2       1-2-Draws
   6 W 2    1.0:0.0        3.0:3.0       10:50:50 AM   +22.38    53 2.367 :2.396  3-3-0

--------------------------------------------------------------

Engine-Match Wednesday, September 17, 2025 10:50:52 AM
 Blitz 1/1 

Pairing 8/18 :    V7P3R_v10.8  -  V7P3R_v10.5

PGN-File: C:\Program Files (x86)\Arena\Tournaments\Engine All Out Battle 20250917.pgn

No:  B/W 1/2     W:B       1:2           Time        Value Moves Dep 1:2       1-2-Draws
   6 = =    1.0:1.0        5.0:1.0       10:53:11 AM    +2.34    61 2.864 :3.875  4-0-2

--------------------------------------------------------------

Engine-Match Wednesday, September 17, 2025 10:53:13 AM
 Blitz 1/1 

Pairing 9/18 :    V7P3R_v10.8  -  V7P3R_v10.4

PGN-File: C:\Program Files (x86)\Arena\Tournaments\Engine All Out Battle 20250917.pgn

No:  B/W 1/2     W:B       1:2           Time        Value Moves Dep 1:2       1-2-Draws
   6 W 2    1.0:0.0        3.0:3.0       10:56:32 AM   +20.50    59 2.536 :2.474  3-3-0

--------------------------------------------------------------

Engine-Match Wednesday, September 17, 2025 10:56:34 AM
 Blitz 1/1 

Pairing 10/18 :    V7P3R_v10.8  -  V7P3R_v10.3

PGN-File: C:\Program Files (x86)\Arena\Tournaments\Engine All Out Battle 20250917.pgn

No:  B/W 1/2     W:B       1:2           Time        Value Moves Dep 1:2       1-2-Draws
   6 B 1    2.0:1.0        5.0:1.0       10:57:28 AM   -18.67     8 3.286 :2.750  4-0-2

--------------------------------------------------------------

Engine-Match Wednesday, September 17, 2025 10:57:35 AM
 Blitz 1/1 

Pairing 11/18 :    V7P3R_v10.8  -  V7P3R_v10.2

PGN-File: C:\Program Files (x86)\Arena\Tournaments\Engine All Out Battle 20250917.pgn

No:  B/W 1/2     W:B       1:2           Time        Value Moves Dep 1:2       1-2-Draws
   6 B 1    2.5:1.5        3.5:2.5       10:59:51 AM  -289.96    35 2.920 :3.952  2-1-3

--------------------------------------------------------------

Engine-Match Wednesday, September 17, 2025 10:59:53 AM
 Blitz 1/1 

Pairing 12/18 :    V7P3R_v10.8  -  V7P3R_v10.0

PGN-File: C:\Program Files (x86)\Arena\Tournaments\Engine All Out Battle 20250917.pgn

No:  B/W 1/2     W:B       1:2           Time        Value Moves Dep 1:2       1-2-Draws
   6 W 2    3.0:2.0        2.0:4.0       11:01:41 AM   +38.56    28 3.105 :4.450  0-2-4

--------------------------------------------------------------

Engine-Match Wednesday, September 17, 2025 11:01:42 AM
 Blitz 1/1 

Pairing 13/18 :    V7P3R_v10.8  -  SlowMate_v3.1

PGN-File: C:\Program Files (x86)\Arena\Tournaments\Engine All Out Battle 20250917.pgn

No:  B/W 1/2     W:B       1:2           Time        Value Moves Dep 1:2       1-2-Draws
   6 = =    1.5:1.5        2.5:3.5       11:04:59 AM     0.00    61 2.857 :2.867  1-2-3

--------------------------------------------------------------

Engine-Match Wednesday, September 17, 2025 11:05:01 AM
 Blitz 1/1 

Pairing 14/18 :    V7P3R_v10.8  -  Random_Opponent

PGN-File: C:\Program Files (x86)\Arena\Tournaments\Engine All Out Battle 20250917.pgn

No:  B/W 1/2     W:B       1:2           Time        Value Moves Dep 1:2       1-2-Draws
   6 B 1    1.0:0.0        6.0:0.0       11:05:25 AM  -289.96    12 3.083 :0 6-0-0

--------------------------------------------------------------

Engine-Match Wednesday, September 17, 2025 11:05:27 AM
 Blitz 1/1 

Pairing 15/18 :    V7P3R_v10.8  -  C0BR4_v1.0

PGN-File: C:\Program Files (x86)\Arena\Tournaments\Engine All Out Battle 20250917.pgn

No:  B/W 1/2     W:B       1:2           Time        Value Moves Dep 1:2       1-2-Draws
   6 B 1    1.0:0.0        6.0:0.0       11:06:02 AM    -1.05    10 3.091 :4.000  6-0-0

--------------------------------------------------------------

Engine-Match Wednesday, September 17, 2025 11:06:03 AM
 Blitz 1/1 

Pairing 16/18 :    V7P3R_v10.8  -  C0BR4_v2.0

PGN-File: C:\Program Files (x86)\Arena\Tournaments\Engine All Out Battle 20250917.pgn

No:  B/W 1/2     W:B       1:2           Time        Value Moves Dep 1:2       1-2-Draws
   6 B 1    1.0:0.0        6.0:0.0       11:07:15 AM     0.00    36 3.136 :4.000  6-0-0

--------------------------------------------------------------

Engine-Match Wednesday, September 17, 2025 11:07:16 AM
 Blitz 1/1 

Pairing 17/18 :    V7P3R_v10.8  -  C0BR4_v2.9

PGN-File: C:\Program Files (x86)\Arena\Tournaments\Engine All Out Battle 20250917.pgn

No:  B/W 1/2     W:B       1:2           Time        Value Moves Dep 1:2       1-2-Draws
   6 = =    2.0:2.0        2.0:4.0       11:08:12 AM    +1.83    25 2.955 :4.000  0-2-4

--------------------------------------------------------------

Engine-Match Wednesday, September 17, 2025 11:08:13 AM
 Blitz 1/1 

Pairing 18/18 :    V7P3R_v10.8  -  Stockfish 1%

PGN-File: C:\Program Files (x86)\Arena\Tournaments\Engine All Out Battle 20250917.pgn

No:  B/W 1/2     W:B       1:2           Time        Value Moves Dep 1:2       1-2-Draws
   6 W 2    1.0:0.0        1.0:5.0       11:09:09 AM      +M1    26 2.680 :6.500  1-5-0

--------------------------------------------------------------

Engine-Match Wednesday, September 17, 2025 11:09:10 AM
 Blitz 1/1 

Pairing 1/18 :    V7P3R_v10.8  -  V7P3R_v5.1

PGN-File: C:\Program Files (x86)\Arena\Tournaments\Engine All Out Battle 20250917.pgn

No:  B/W 1/2     W:B       1:2           Time        Value Moves Dep 1:2       1-2-Draws
   7 W 1    1.0:0.0        7.0:0.0       11:09:42 AM   +10.29     7 3.333 :2.714  7-0-0

--------------------------------------------------------------

Engine-Match Wednesday, September 17, 2025 11:09:44 AM
 Blitz 1/1 

Pairing 2/18 :    V7P3R_v10.8  -  V7P3R_v6.0

PGN-File: C:\Program Files (x86)\Arena\Tournaments\Engine All Out Battle 20250917.pgn

No:  B/W 1/2     W:B       1:2           Time        Value Moves Dep 1:2       1-2-Draws
   7 W 1    1.0:0.0        7.0:0.0       11:10:10 AM    +M500     6 3.167 :3.000  7-0-0

--------------------------------------------------------------

Engine-Match Wednesday, September 17, 2025 11:10:12 AM
 Blitz 1/1 

Pairing 3/18 :    V7P3R_v10.8  -  V7P3R_v7.0

PGN-File: C:\Program Files (x86)\Arena\Tournaments\Engine All Out Battle 20250917.pgn

No:  B/W 1/2     W:B       1:2           Time        Value Moves Dep 1:2       1-2-Draws
   7 = =    1.5:1.5        5.5:1.5       11:12:34 AM    +1.30    31 3.120 :4.885  4-0-3

--------------------------------------------------------------

Engine-Match Wednesday, September 17, 2025 11:12:35 AM
 Blitz 1/1 

Pairing 4/18 :    V7P3R_v10.8  -  V7P3R_v8.0

PGN-File: C:\Program Files (x86)\Arena\Tournaments\Engine All Out Battle 20250917.pgn

No:  B/W 1/2     W:B       1:2           Time        Value Moves Dep 1:2       1-2-Draws
   7 W 1    1.0:0.0        7.0:0.0       11:12:58 AM   +80.00     5 3.200 :5.000  7-0-0

--------------------------------------------------------------

Engine-Match Wednesday, September 17, 2025 11:12:59 AM
 Blitz 1/1 

Pairing 5/18 :    V7P3R_v10.8  -  V7P3R_v9.0

PGN-File: C:\Program Files (x86)\Arena\Tournaments\Engine All Out Battle 20250917.pgn

No:  B/W 1/2     W:B       1:2           Time        Value Moves Dep 1:2       1-2-Draws
   7 W 1    1.0:0.0        7.0:0.0       11:13:21 AM   +90.00     5 3.200 :5.000  7-0-0

--------------------------------------------------------------

Engine-Match Wednesday, September 17, 2025 11:13:23 AM
 Blitz 1/1 

Pairing 6/18 :    V7P3R_v10.8  -  V7P3R_v10.7

PGN-File: C:\Program Files (x86)\Arena\Tournaments\Engine All Out Battle 20250917.pgn

No:  B/W 1/2     W:B       1:2           Time        Value Moves Dep 1:2       1-2-Draws
   7 W 1    1.0:0.0        7.0:0.0       11:14:56 AM   +13.09    21 2.789 :2.381  7-0-0

--------------------------------------------------------------

Engine-Match Wednesday, September 17, 2025 11:14:57 AM
 Blitz 1/1 

Pairing 7/18 :    V7P3R_v10.8  -  V7P3R_v10.6

PGN-File: C:\Program Files (x86)\Arena\Tournaments\Engine All Out Battle 20250917.pgn

No:  B/W 1/2     W:B       1:2           Time        Value Moves Dep 1:2       1-2-Draws
   7 W 1    1.0:0.0        4.0:3.0       11:16:46 AM   +12.01    27 2.800 :2.778  4-3-0

--------------------------------------------------------------

Engine-Match Wednesday, September 17, 2025 11:16:47 AM
 Blitz 1/1 

Pairing 8/18 :    V7P3R_v10.8  -  V7P3R_v10.5

PGN-File: C:\Program Files (x86)\Arena\Tournaments\Engine All Out Battle 20250917.pgn

No:  B/W 1/2     W:B       1:2           Time        Value Moves Dep 1:2       1-2-Draws
   7 W 1    2.0:1.0        6.0:1.0       11:19:33 AM  +289.96    62 2.867 :3.556  5-0-2

--------------------------------------------------------------

Engine-Match Wednesday, September 17, 2025 11:19:35 AM
 Blitz 1/1 

Pairing 9/18 :    V7P3R_v10.8  -  V7P3R_v10.4

PGN-File: C:\Program Files (x86)\Arena\Tournaments\Engine All Out Battle 20250917.pgn

No:  B/W 1/2     W:B       1:2           Time        Value Moves Dep 1:2       1-2-Draws
   7 W 1    1.0:0.0        4.0:3.0       11:22:53 AM   +20.60    59 2.456 :2.536  4-3-0

--------------------------------------------------------------

Engine-Match Wednesday, September 17, 2025 11:22:54 AM
 Blitz 1/1 

Pairing 10/18 :    V7P3R_v10.8  -  V7P3R_v10.3

PGN-File: C:\Program Files (x86)\Arena\Tournaments\Engine All Out Battle 20250917.pgn

No:  B/W 1/2     W:B       1:2           Time        Value Moves Dep 1:2       1-2-Draws
   7 W 1    2.0:1.0        6.0:1.0       11:24:23 AM   +18.24    28 2.519 :2.107  5-0-2

--------------------------------------------------------------

Engine-Match Wednesday, September 17, 2025 11:24:25 AM
 Blitz 1/1 

Pairing 11/18 :    V7P3R_v10.8  -  V7P3R_v10.2

PGN-File: C:\Program Files (x86)\Arena\Tournaments\Engine All Out Battle 20250917.pgn

No:  B/W 1/2     W:B       1:2           Time        Value Moves Dep 1:2       1-2-Draws
   7 = =    2.0:2.0        4.0:3.0       11:27:16 AM     0.00    62 2.952 :4.286  2-1-4

--------------------------------------------------------------

Engine-Match Wednesday, September 17, 2025 11:27:17 AM
 Blitz 1/1 

Pairing 12/18 :    V7P3R_v10.8  -  V7P3R_v10.0

PGN-File: C:\Program Files (x86)\Arena\Tournaments\Engine All Out Battle 20250917.pgn

No:  B/W 1/2     W:B       1:2           Time        Value Moves Dep 1:2       1-2-Draws
   7 = =    2.5:2.5        2.5:4.5       11:29:47 AM    -7.50    57 3.059 :4.176  0-2-5

--------------------------------------------------------------

Engine-Match Wednesday, September 17, 2025 11:29:53 AM
 Blitz 1/1 

Pairing 13/18 :    V7P3R_v10.8  -  SlowMate_v3.1

PGN-File: C:\Program Files (x86)\Arena\Tournaments\Engine All Out Battle 20250917.pgn

No:  B/W 1/2     W:B       1:2           Time        Value Moves Dep 1:2       1-2-Draws
   7 = =    2.0:2.0        3.0:4.0       11:31:24 AM     0.00    21 2.842 :3.000  1-2-4

--------------------------------------------------------------

Engine-Match Wednesday, September 17, 2025 11:31:26 AM
 Blitz 1/1 

Pairing 14/18 :    V7P3R_v10.8  -  Random_Opponent

PGN-File: C:\Program Files (x86)\Arena\Tournaments\Engine All Out Battle 20250917.pgn

No:  B/W 1/2     W:B       1:2           Time        Value Moves Dep 1:2       1-2-Draws
   7 W 1    1.0:0.0        7.0:0.0       11:31:55 AM  +289.96    15 3.143 :0 7-0-0

--------------------------------------------------------------

Engine-Match Wednesday, September 17, 2025 11:31:57 AM
 Blitz 1/1 

Pairing 15/18 :    V7P3R_v10.8  -  C0BR4_v1.0

PGN-File: C:\Program Files (x86)\Arena\Tournaments\Engine All Out Battle 20250917.pgn

No:  B/W 1/2     W:B       1:2           Time        Value Moves Dep 1:2       1-2-Draws
   7 W 1    1.0:0.0        7.0:0.0       11:32:13 AM    +7.17     5 3.500 :4.000  7-0-0

--------------------------------------------------------------

Engine-Match Wednesday, September 17, 2025 11:32:15 AM
 Blitz 1/1 

Pairing 16/18 :    V7P3R_v10.8  -  C0BR4_v2.0

PGN-File: C:\Program Files (x86)\Arena\Tournaments\Engine All Out Battle 20250917.pgn

No:  B/W 1/2     W:B       1:2           Time        Value Moves Dep 1:2       1-2-Draws
   7 W 1    1.0:0.0        7.0:0.0       11:33:15 AM    +1.31    22 2.609 :4.000  7-0-0

--------------------------------------------------------------

Engine-Match Wednesday, September 17, 2025 11:33:16 AM
 Blitz 1/1 

Pairing 17/18 :    V7P3R_v10.8  -  C0BR4_v2.9

PGN-File: C:\Program Files (x86)\Arena\Tournaments\Engine All Out Battle 20250917.pgn

No:  B/W 1/2     W:B       1:2           Time        Value Moves Dep 1:2       1-2-Draws
   7 = =    2.5:2.5        2.5:4.5       11:34:30 AM    -3.11    27 2.963 :4.000  0-2-5

--------------------------------------------------------------

Engine-Match Wednesday, September 17, 2025 11:34:32 AM
 Blitz 1/1 

Pairing 18/18 :    V7P3R_v10.8  -  Stockfish 1%

PGN-File: C:\Program Files (x86)\Arena\Tournaments\Engine All Out Battle 20250917.pgn

No:  B/W 1/2     W:B       1:2           Time        Value Moves Dep 1:2       1-2-Draws
   7 B 2    1.0:0.0        1.0:6.0       11:36:37 AM   -22.08    81 3.080 :8.000  1-6-0

--------------------------------------------------------------

Engine-Match Wednesday, September 17, 2025 11:36:39 AM
 Blitz 1/1 

Pairing 1/18 :    V7P3R_v10.8  -  V7P3R_v5.1

PGN-File: C:\Program Files (x86)\Arena\Tournaments\Engine All Out Battle 20250917.pgn

No:  B/W 1/2     W:B       1:2           Time        Value Moves Dep 1:2       1-2-Draws
   8 B 1    1.0:0.0        8.0:0.0       11:37:31 AM   -18.54    12 3.091 :2.917  8-0-0

--------------------------------------------------------------

Engine-Match Wednesday, September 17, 2025 11:37:32 AM
 Blitz 1/1 

Pairing 2/18 :    V7P3R_v10.8  -  V7P3R_v6.0

PGN-File: C:\Program Files (x86)\Arena\Tournaments\Engine All Out Battle 20250917.pgn

No:  B/W 1/2     W:B       1:2           Time        Value Moves Dep 1:2       1-2-Draws
   8 B 1    1.0:0.0        8.0:0.0       11:38:04 AM  -289.96     7 3.167 :3.000  8-0-0

--------------------------------------------------------------

Engine-Match Wednesday, September 17, 2025 11:38:05 AM
 Blitz 1/1 

Pairing 3/18 :    V7P3R_v10.8  -  V7P3R_v7.0

PGN-File: C:\Program Files (x86)\Arena\Tournaments\Engine All Out Battle 20250917.pgn

No:  B/W 1/2     W:B       1:2           Time        Value Moves Dep 1:2       1-2-Draws
   8 B 1    2.5:1.5        6.5:1.5       11:40:38 AM   -11.00    38 3.529 :5.043  5-0-3

--------------------------------------------------------------

Engine-Match Wednesday, September 17, 2025 11:40:39 AM
 Blitz 1/1 

Pairing 4/18 :    V7P3R_v10.8  -  V7P3R_v8.0

PGN-File: C:\Program Files (x86)\Arena\Tournaments\Engine All Out Battle 20250917.pgn

No:  B/W 1/2     W:B       1:2           Time        Value Moves Dep 1:2       1-2-Draws
   8 B 1    1.0:0.0        8.0:0.0       11:41:16 AM    -M500     8 3.429 :5.000  8-0-0

--------------------------------------------------------------

Engine-Match Wednesday, September 17, 2025 11:41:18 AM
 Blitz 1/1 

Pairing 5/18 :    V7P3R_v10.8  -  V7P3R_v9.0

PGN-File: C:\Program Files (x86)\Arena\Tournaments\Engine All Out Battle 20250917.pgn

No:  B/W 1/2     W:B       1:2           Time        Value Moves Dep 1:2       1-2-Draws
   8 B 1    1.0:0.0        8.0:0.0       11:42:08 AM    -M500    12 3.182 :5.083  8-0-0

--------------------------------------------------------------

Engine-Match Wednesday, September 17, 2025 11:42:09 AM
 Blitz 1/1 

Pairing 6/18 :    V7P3R_v10.8  -  V7P3R_v10.7

PGN-File: C:\Program Files (x86)\Arena\Tournaments\Engine All Out Battle 20250917.pgn

No:  B/W 1/2     W:B       1:2           Time        Value Moves Dep 1:2       1-2-Draws
   8 B 1    1.0:0.0        8.0:0.0       11:42:55 AM   -19.90     8 3.000 :2.500  8-0-0

--------------------------------------------------------------

Engine-Match Wednesday, September 17, 2025 11:42:56 AM
 Blitz 1/1 

Pairing 7/18 :    V7P3R_v10.8  -  V7P3R_v10.6

PGN-File: C:\Program Files (x86)\Arena\Tournaments\Engine All Out Battle 20250917.pgn

No:  B/W 1/2     W:B       1:2           Time        Value Moves Dep 1:2       1-2-Draws
   8 W 2    1.0:0.0        4.0:4.0       11:46:12 AM   +20.60    59 2.536 :2.456  4-4-0

--------------------------------------------------------------

Engine-Match Wednesday, September 17, 2025 11:46:14 AM
 Blitz 1/1 

Pairing 8/18 :    V7P3R_v10.8  -  V7P3R_v10.5

PGN-File: C:\Program Files (x86)\Arena\Tournaments\Engine All Out Battle 20250917.pgn

No:  B/W 1/2     W:B       1:2           Time        Value Moves Dep 1:2       1-2-Draws
   8 = =    1.5:1.5        6.5:1.5       11:48:33 AM    +2.34    61 2.864 :3.875  5-0-3

--------------------------------------------------------------

Engine-Match Wednesday, September 17, 2025 11:48:35 AM
 Blitz 1/1 

Pairing 9/18 :    V7P3R_v10.8  -  V7P3R_v10.4

PGN-File: C:\Program Files (x86)\Arena\Tournaments\Engine All Out Battle 20250917.pgn

No:  B/W 1/2     W:B       1:2           Time        Value Moves Dep 1:2       1-2-Draws
   8 W 2    1.0:0.0        4.0:4.0       11:51:51 AM   +20.60    59 2.554 :2.456  4-4-0

--------------------------------------------------------------

Engine-Match Wednesday, September 17, 2025 11:51:52 AM
 Blitz 1/1 

Pairing 10/18 :    V7P3R_v10.8  -  V7P3R_v10.3

PGN-File: C:\Program Files (x86)\Arena\Tournaments\Engine All Out Battle 20250917.pgn

No:  B/W 1/2     W:B       1:2           Time        Value Moves Dep 1:2       1-2-Draws
   8 B 1    2.0:1.0        7.0:1.0       11:52:46 AM   -18.67     8 3.286 :2.750  6-0-2

--------------------------------------------------------------

Engine-Match Wednesday, September 17, 2025 11:52:48 AM
 Blitz 1/1 

Pairing 11/18 :    V7P3R_v10.8  -  V7P3R_v10.2

PGN-File: C:\Program Files (x86)\Arena\Tournaments\Engine All Out Battle 20250917.pgn

No:  B/W 1/2     W:B       1:2           Time        Value Moves Dep 1:2       1-2-Draws
   8 B 1    3.0:2.0        5.0:3.0       11:54:45 AM  -289.96    30 2.963 :4.250  3-1-4

--------------------------------------------------------------

Engine-Match Wednesday, September 17, 2025 11:54:46 AM
 Blitz 1/1 

Pairing 12/18 :    V7P3R_v10.8  -  V7P3R_v10.0

PGN-File: C:\Program Files (x86)\Arena\Tournaments\Engine All Out Battle 20250917.pgn

No:  B/W 1/2     W:B       1:2           Time        Value Moves Dep 1:2       1-2-Draws
   8 W 2    3.5:2.5        2.5:5.5       11:56:33 AM   +38.56    28 3.105 :4.350  0-3-5

--------------------------------------------------------------

Engine-Match Wednesday, September 17, 2025 11:56:35 AM
 Blitz 1/1 

Pairing 13/18 :    V7P3R_v10.8  -  SlowMate_v3.1

PGN-File: C:\Program Files (x86)\Arena\Tournaments\Engine All Out Battle 20250917.pgn

No:  B/W 1/2     W:B       1:2           Time        Value Moves Dep 1:2       1-2-Draws
   8 = =    2.5:2.5        3.5:4.5       11:59:51 AM     0.00    61 2.857 :2.867  1-2-5

--------------------------------------------------------------

Engine-Match Wednesday, September 17, 2025 11:59:52 AM
 Blitz 1/1 

Pairing 14/18 :    V7P3R_v10.8  -  Random_Opponent

PGN-File: C:\Program Files (x86)\Arena\Tournaments\Engine All Out Battle 20250917.pgn

No:  B/W 1/2     W:B       1:2           Time        Value Moves Dep 1:2       1-2-Draws
   8 B 1    1.0:0.0        8.0:0.0       12:00:33 PM  -289.96    19 3.053 :0 8-0-0

--------------------------------------------------------------

Engine-Match Wednesday, September 17, 2025 12:00:40 PM
 Blitz 1/1 

Pairing 15/18 :    V7P3R_v10.8  -  C0BR4_v1.0

PGN-File: C:\Program Files (x86)\Arena\Tournaments\Engine All Out Battle 20250917.pgn

No:  B/W 1/2     W:B       1:2           Time        Value Moves Dep 1:2       1-2-Draws
   8 B 1    1.0:0.0        8.0:0.0       12:01:19 PM    -3.84    15 3.143 :4.000  8-0-0

--------------------------------------------------------------

Engine-Match Wednesday, September 17, 2025 12:01:20 PM
 Blitz 1/1 

Pairing 16/18 :    V7P3R_v10.8  -  C0BR4_v2.0

PGN-File: C:\Program Files (x86)\Arena\Tournaments\Engine All Out Battle 20250917.pgn

No:  B/W 1/2     W:B       1:2           Time        Value Moves Dep 1:2       1-2-Draws
   8 B 1    1.0:0.0        8.0:0.0       12:02:31 PM     0.00    36 3.136 :4.000  8-0-0

--------------------------------------------------------------

Engine-Match Wednesday, September 17, 2025 12:02:33 PM
 Blitz 1/1 

Pairing 17/18 :    V7P3R_v10.8  -  C0BR4_v2.9

PGN-File: C:\Program Files (x86)\Arena\Tournaments\Engine All Out Battle 20250917.pgn

No:  B/W 1/2     W:B       1:2           Time        Value Moves Dep 1:2       1-2-Draws
   8 W 2    3.5:2.5        2.5:5.5       12:03:48 PM   +35.40    44 3.143 :4.000  0-3-5

--------------------------------------------------------------

Engine-Match Wednesday, September 17, 2025 12:03:50 PM
 Blitz 1/1 

Pairing 18/18 :    V7P3R_v10.8  -  Stockfish 1%

PGN-File: C:\Program Files (x86)\Arena\Tournaments\Engine All Out Battle 20250917.pgn

No:  B/W 1/2     W:B       1:2           Time        Value Moves Dep 1:2       1-2-Draws
   8 W 2    1.0:0.0        1.0:7.0       12:04:12 PM   +14.19    10 3.000 :8.500  1-7-0

--------------------------------------------------------------

Engine-Match Wednesday, September 17, 2025 12:04:13 PM
 Blitz 1/1 

Pairing 1/18 :    V7P3R_v10.8  -  V7P3R_v5.1

PGN-File: C:\Program Files (x86)\Arena\Tournaments\Engine All Out Battle 20250917.pgn

No:  B/W 1/2     W:B       1:2           Time        Value Moves Dep 1:2       1-2-Draws
   9 W 1    1.0:0.0        9.0:0.0       12:04:45 PM   +10.29     7 3.333 :2.714  9-0-0

--------------------------------------------------------------

Engine-Match Wednesday, September 17, 2025 12:04:46 PM
 Blitz 1/1 

Pairing 2/18 :    V7P3R_v10.8  -  V7P3R_v6.0

PGN-File: C:\Program Files (x86)\Arena\Tournaments\Engine All Out Battle 20250917.pgn

No:  B/W 1/2     W:B       1:2           Time        Value Moves Dep 1:2       1-2-Draws
   9 W 1    1.0:0.0        9.0:0.0       12:05:13 PM    +M500     6 3.167 :3.000  9-0-0

--------------------------------------------------------------

Engine-Match Wednesday, September 17, 2025 12:05:14 PM
 Blitz 1/1 

Pairing 3/18 :    V7P3R_v10.8  -  V7P3R_v7.0

PGN-File: C:\Program Files (x86)\Arena\Tournaments\Engine All Out Battle 20250917.pgn

No:  B/W 1/2     W:B       1:2           Time        Value Moves Dep 1:2       1-2-Draws
   9 B 2    2.5:1.5        6.5:2.5       12:08:00 PM    -M500    42 3.160 :4.885  5-1-3

--------------------------------------------------------------

Engine-Match Wednesday, September 17, 2025 12:08:01 PM
 Blitz 1/1 

Pairing 4/18 :    V7P3R_v10.8  -  V7P3R_v8.0

PGN-File: C:\Program Files (x86)\Arena\Tournaments\Engine All Out Battle 20250917.pgn

No:  B/W 1/2     W:B       1:2           Time        Value Moves Dep 1:2       1-2-Draws
   9 W 1    1.0:0.0        9.0:0.0       12:08:24 PM   +80.00     5 3.200 :5.000  9-0-0

--------------------------------------------------------------

Engine-Match Wednesday, September 17, 2025 12:08:26 PM
 Blitz 1/1 

Pairing 5/18 :    V7P3R_v10.8  -  V7P3R_v9.0

PGN-File: C:\Program Files (x86)\Arena\Tournaments\Engine All Out Battle 20250917.pgn

No:  B/W 1/2     W:B       1:2           Time        Value Moves Dep 1:2       1-2-Draws
   9 W 1    1.0:0.0        9.0:0.0       12:08:47 PM   +90.00     5 3.200 :5.000  9-0-0

--------------------------------------------------------------

Engine-Match Wednesday, September 17, 2025 12:08:49 PM
 Blitz 1/1 

Pairing 6/18 :    V7P3R_v10.8  -  V7P3R_v10.7

PGN-File: C:\Program Files (x86)\Arena\Tournaments\Engine All Out Battle 20250917.pgn

No:  B/W 1/2     W:B       1:2           Time        Value Moves Dep 1:2       1-2-Draws
   9 W 1    1.0:0.0        9.0:0.0       12:10:22 PM   +13.09    21 2.789 :2.381  9-0-0

--------------------------------------------------------------

Engine-Match Wednesday, September 17, 2025 12:10:24 PM
 Blitz 1/1 

Pairing 7/18 :    V7P3R_v10.8  -  V7P3R_v10.6

PGN-File: C:\Program Files (x86)\Arena\Tournaments\Engine All Out Battle 20250917.pgn

No:  B/W 1/2     W:B       1:2           Time        Value Moves Dep 1:2       1-2-Draws
   9 W 1    1.0:0.0        5.0:4.0       12:13:41 PM   +20.50    59 2.474 :2.536  5-4-0

--------------------------------------------------------------

Engine-Match Wednesday, September 17, 2025 12:13:42 PM
 Blitz 1/1 

Pairing 8/18 :    V7P3R_v10.8  -  V7P3R_v10.5

PGN-File: C:\Program Files (x86)\Arena\Tournaments\Engine All Out Battle 20250917.pgn

No:  B/W 1/2     W:B       1:2           Time        Value Moves Dep 1:2       1-2-Draws
   9 = =    2.0:2.0        7.0:2.0       12:16:39 PM     0.00    64 2.784 :3.406  5-0-4

--------------------------------------------------------------

Engine-Match Wednesday, September 17, 2025 12:16:41 PM
 Blitz 1/1 

Pairing 9/18 :    V7P3R_v10.8  -  V7P3R_v10.4

PGN-File: C:\Program Files (x86)\Arena\Tournaments\Engine All Out Battle 20250917.pgn

No:  B/W 1/2     W:B       1:2           Time        Value Moves Dep 1:2       1-2-Draws
   9 = =    0.5:0.5        4.5:4.5       12:20:00 PM     0.00    57 2.388 :2.360  4-4-1

--------------------------------------------------------------

Engine-Match Wednesday, September 17, 2025 12:20:02 PM
 Blitz 1/1 

Pairing 10/18 :    V7P3R_v10.8  -  V7P3R_v10.3

PGN-File: C:\Program Files (x86)\Arena\Tournaments\Engine All Out Battle 20250917.pgn

No:  B/W 1/2     W:B       1:2           Time        Value Moves Dep 1:2       1-2-Draws
   9 W 1    2.0:1.0        8.0:1.0       12:21:32 PM   +18.24    28 2.556 :2.107  7-0-2

--------------------------------------------------------------

Engine-Match Wednesday, September 17, 2025 12:21:34 PM
 Blitz 1/1 

Pairing 11/18 :    V7P3R_v10.8  -  V7P3R_v10.2

PGN-File: C:\Program Files (x86)\Arena\Tournaments\Engine All Out Battle 20250917.pgn

No:  B/W 1/2     W:B       1:2           Time        Value Moves Dep 1:2       1-2-Draws
   9 B 2    3.0:2.0        5.0:4.0       12:24:03 PM     0.00    48 2.952 :4.286  3-2-4

--------------------------------------------------------------

Engine-Match Wednesday, September 17, 2025 12:24:04 PM
 Blitz 1/1 

Pairing 12/18 :    V7P3R_v10.8  -  V7P3R_v10.0

PGN-File: C:\Program Files (x86)\Arena\Tournaments\Engine All Out Battle 20250917.pgn

No:  B/W 1/2     W:B       1:2           Time        Value Moves Dep 1:2       1-2-Draws
   9 = =    3.0:3.0        3.0:6.0       12:26:01 PM     0.00    21 2.950 :3.950  0-3-6

--------------------------------------------------------------

Engine-Match Wednesday, September 17, 2025 12:26:02 PM
 Blitz 1/1 

Pairing 13/18 :    V7P3R_v10.8  -  SlowMate_v3.1

PGN-File: C:\Program Files (x86)\Arena\Tournaments\Engine All Out Battle 20250917.pgn

No:  B/W 1/2     W:B       1:2           Time        Value Moves Dep 1:2       1-2-Draws
   9 B 2    3.5:2.5        3.5:5.5       12:29:39 PM   -22.32    68 2.958 :2.957  1-3-5

--------------------------------------------------------------

Engine-Match Wednesday, September 17, 2025 12:29:41 PM
 Blitz 1/1 

Pairing 14/18 :    V7P3R_v10.8  -  Random_Opponent

PGN-File: C:\Program Files (x86)\Arena\Tournaments\Engine All Out Battle 20250917.pgn

No:  B/W 1/2     W:B       1:2           Time        Value Moves Dep 1:2       1-2-Draws
   9 W 1    1.0:0.0        9.0:0.0       12:30:42 PM  +289.96    29 3.069 :0 9-0-0

--------------------------------------------------------------

Engine-Match Wednesday, September 17, 2025 12:30:44 PM
 Blitz 1/1 

Pairing 15/18 :    V7P3R_v10.8  -  C0BR4_v1.0

PGN-File: C:\Program Files (x86)\Arena\Tournaments\Engine All Out Battle 20250917.pgn

No:  B/W 1/2     W:B       1:2           Time        Value Moves Dep 1:2       1-2-Draws
   9 W 1    1.0:0.0        9.0:0.0       12:31:00 PM    +7.17     5 3.500 :4.000  9-0-0

--------------------------------------------------------------

Engine-Match Wednesday, September 17, 2025 12:31:02 PM
 Blitz 1/1 

Pairing 16/18 :    V7P3R_v10.8  -  C0BR4_v2.0

PGN-File: C:\Program Files (x86)\Arena\Tournaments\Engine All Out Battle 20250917.pgn

No:  B/W 1/2     W:B       1:2           Time        Value Moves Dep 1:2       1-2-Draws
   9 B 2    1.0:0.0        8.0:1.0       12:32:30 PM   -11.36    50 2.955 :4.000  8-1-0

--------------------------------------------------------------

Engine-Match Wednesday, September 17, 2025 12:32:37 PM
 Blitz 1/1 

Pairing 17/18 :    V7P3R_v10.8  -  C0BR4_v2.9

PGN-File: C:\Program Files (x86)\Arena\Tournaments\Engine All Out Battle 20250917.pgn

No:  B/W 1/2     W:B       1:2           Time        Value Moves Dep 1:2       1-2-Draws
   9 B 2    3.5:2.5        2.5:6.5       12:34:33 PM  -289.96    66 2.889 :4.000  0-4-5

--------------------------------------------------------------

Engine-Match Wednesday, September 17, 2025 12:34:34 PM
 Blitz 1/1 

Pairing 18/18 :    V7P3R_v10.8  -  Stockfish 1%

PGN-File: C:\Program Files (x86)\Arena\Tournaments\Engine All Out Battle 20250917.pgn

No:  B/W 1/2     W:B       1:2           Time        Value Moves Dep 1:2       1-2-Draws
   9 B 2    1.0:0.0        1.0:8.0       12:36:21 PM      -M1    58 3.018 :7.750  1-8-0

--------------------------------------------------------------

Engine-Match Wednesday, September 17, 2025 12:36:23 PM
 Blitz 1/1 

Pairing 1/18 :    V7P3R_v10.8  -  V7P3R_v5.1

PGN-File: C:\Program Files (x86)\Arena\Tournaments\Engine All Out Battle 20250917.pgn

No:  B/W 1/2     W:B       1:2           Time        Value Moves Dep 1:2       1-2-Draws
  10 B 1    1.0:0.0        10.0:0.0      12:37:15 PM   -42.35    12 3.182 :3.083  10-0-0

--------------------------------------------------------------

Engine-Match Wednesday, September 17, 2025 12:37:17 PM
 Blitz 1/1 

Pairing 2/18 :    V7P3R_v10.8  -  V7P3R_v6.0

PGN-File: C:\Program Files (x86)\Arena\Tournaments\Engine All Out Battle 20250917.pgn

No:  B/W 1/2     W:B       1:2           Time        Value Moves Dep 1:2       1-2-Draws
  10 B 1    1.0:0.0        10.0:0.0      12:37:51 PM  -289.97     7 3.333 :3.000  10-0-0

--------------------------------------------------------------

Engine-Match Wednesday, September 17, 2025 12:37:52 PM
 Blitz 1/1 

Pairing 3/18 :    V7P3R_v10.8  -  V7P3R_v7.0

PGN-File: C:\Program Files (x86)\Arena\Tournaments\Engine All Out Battle 20250917.pgn

No:  B/W 1/2     W:B       1:2           Time        Value Moves Dep 1:2       1-2-Draws
  10 B 1    2.5:1.5        7.5:2.5       12:39:55 PM   -12.00    23 3.263 :4.909  6-1-3

--------------------------------------------------------------

Engine-Match Wednesday, September 17, 2025 12:39:56 PM
 Blitz 1/1 

Pairing 4/18 :    V7P3R_v10.8  -  V7P3R_v8.0

PGN-File: C:\Program Files (x86)\Arena\Tournaments\Engine All Out Battle 20250917.pgn

No:  B/W 1/2     W:B       1:2           Time        Value Moves Dep 1:2       1-2-Draws
  10 B 1    1.0:0.0        10.0:0.0      12:40:33 PM    -M500     8 3.429 :5.000  10-0-0

--------------------------------------------------------------

Engine-Match Wednesday, September 17, 2025 12:40:34 PM
 Blitz 1/1 

Pairing 5/18 :    V7P3R_v10.8  -  V7P3R_v9.0

PGN-File: C:\Program Files (x86)\Arena\Tournaments\Engine All Out Battle 20250917.pgn

No:  B/W 1/2     W:B       1:2           Time        Value Moves Dep 1:2       1-2-Draws
  10 B 1    1.0:0.0        10.0:0.0      12:41:16 PM  -210.00    10 3.222 :5.300  10-0-0

--------------------------------------------------------------

Engine-Match Wednesday, September 17, 2025 12:41:18 PM
 Blitz 1/1 

Pairing 6/18 :    V7P3R_v10.8  -  V7P3R_v10.7

PGN-File: C:\Program Files (x86)\Arena\Tournaments\Engine All Out Battle 20250917.pgn

No:  B/W 1/2     W:B       1:2           Time        Value Moves Dep 1:2       1-2-Draws
  10 B 1    1.0:0.0        10.0:0.0      12:42:02 PM   -19.90     8 3.000 :2.500  10-0-0

--------------------------------------------------------------

Engine-Match Wednesday, September 17, 2025 12:42:04 PM
 Blitz 1/1 

Pairing 7/18 :    V7P3R_v10.8  -  V7P3R_v10.6

PGN-File: C:\Program Files (x86)\Arena\Tournaments\Engine All Out Battle 20250917.pgn

No:  B/W 1/2     W:B       1:2           Time        Value Moves Dep 1:2       1-2-Draws
  10 W 2    1.0:0.0        5.0:5.0       12:45:20 PM   +22.38    53 2.367 :2.396  5-5-0

--------------------------------------------------------------

Engine-Match Wednesday, September 17, 2025 12:45:21 PM
 Blitz 1/1 

Pairing 8/18 :    V7P3R_v10.8  -  V7P3R_v10.5

PGN-File: C:\Program Files (x86)\Arena\Tournaments\Engine All Out Battle 20250917.pgn

No:  B/W 1/2     W:B       1:2           Time        Value Moves Dep 1:2       1-2-Draws
  10 = =    2.5:2.5        7.5:2.5       12:47:40 PM    +2.34    61 2.864 :3.875  5-0-5

--------------------------------------------------------------

Engine-Match Wednesday, September 17, 2025 12:47:42 PM
 Blitz 1/1 

Pairing 9/18 :    V7P3R_v10.8  -  V7P3R_v10.4

PGN-File: C:\Program Files (x86)\Arena\Tournaments\Engine All Out Battle 20250917.pgn

No:  B/W 1/2     W:B       1:2           Time        Value Moves Dep 1:2       1-2-Draws
  10 W 2    1.5:0.5        4.5:5.5       12:50:57 PM   +22.38    53 2.367 :2.396  4-5-1

--------------------------------------------------------------

Engine-Match Wednesday, September 17, 2025 12:50:59 PM
 Blitz 1/1 

Pairing 10/18 :    V7P3R_v10.8  -  V7P3R_v10.3

PGN-File: C:\Program Files (x86)\Arena\Tournaments\Engine All Out Battle 20250917.pgn

No:  B/W 1/2     W:B       1:2           Time        Value Moves Dep 1:2       1-2-Draws
  10 B 1    2.0:1.0        9.0:1.0       12:51:52 PM   -18.67     8 3.286 :2.750  8-0-2

--------------------------------------------------------------

Engine-Match Wednesday, September 17, 2025 12:51:53 PM
 Blitz 1/1 

Pairing 11/18 :    V7P3R_v10.8  -  V7P3R_v10.2

PGN-File: C:\Program Files (x86)\Arena\Tournaments\Engine All Out Battle 20250917.pgn

No:  B/W 1/2     W:B       1:2           Time        Value Moves Dep 1:2       1-2-Draws
  10 B 1    3.0:2.0        6.0:4.0       12:54:09 PM  -289.96    35 2.920 :3.952  4-2-4

--------------------------------------------------------------

Engine-Match Wednesday, September 17, 2025 12:54:10 PM
 Blitz 1/1 

Pairing 12/18 :    V7P3R_v10.8  -  V7P3R_v10.0

PGN-File: C:\Program Files (x86)\Arena\Tournaments\Engine All Out Battle 20250917.pgn

No:  B/W 1/2     W:B       1:2           Time        Value Moves Dep 1:2       1-2-Draws
  10 W 2    4.0:3.0        3.0:7.0       12:55:57 PM   +38.56    28 3.105 :4.350  0-4-6

--------------------------------------------------------------

Engine-Match Wednesday, September 17, 2025 12:55:58 PM
 Blitz 1/1 

Pairing 13/18 :    V7P3R_v10.8  -  SlowMate_v3.1

PGN-File: C:\Program Files (x86)\Arena\Tournaments\Engine All Out Battle 20250917.pgn

No:  B/W 1/2     W:B       1:2           Time        Value Moves Dep 1:2       1-2-Draws
  10 W 2    3.5:2.5        3.5:6.5       12:58:49 PM   +12.79    49 2.857 :2.867  1-4-5

--------------------------------------------------------------

Engine-Match Wednesday, September 17, 2025 12:58:51 PM
 Blitz 1/1 

Pairing 14/18 :    V7P3R_v10.8  -  Random_Opponent

PGN-File: C:\Program Files (x86)\Arena\Tournaments\Engine All Out Battle 20250917.pgn

No:  B/W 1/2     W:B       1:2           Time        Value Moves Dep 1:2       1-2-Draws
  10 B 1    1.0:0.0        10.0:0.0      12:59:24 PM  -289.96    15 3.133 :0 10-0-0

--------------------------------------------------------------

Engine-Match Wednesday, September 17, 2025 12:59:25 PM
 Blitz 1/1 

Pairing 15/18 :    V7P3R_v10.8  -  C0BR4_v1.0

PGN-File: C:\Program Files (x86)\Arena\Tournaments\Engine All Out Battle 20250917.pgn

No:  B/W 1/2     W:B       1:2           Time        Value Moves Dep 1:2       1-2-Draws
  10 B 1    1.0:0.0        10.0:0.0      1:00:00 PM    -1.05    10 3.091 :4.000  10-0-0

--------------------------------------------------------------

Engine-Match Wednesday, September 17, 2025 1:00:01 PM
 Blitz 1/1 

Pairing 16/18 :    V7P3R_v10.8  -  C0BR4_v2.0

PGN-File: C:\Program Files (x86)\Arena\Tournaments\Engine All Out Battle 20250917.pgn

No:  B/W 1/2     W:B       1:2           Time        Value Moves Dep 1:2       1-2-Draws
  10 B 1    1.0:0.0        9.0:1.0       1:01:08 PM    +3.66    36 3.174 :4.000  9-1-0

--------------------------------------------------------------

Engine-Match Wednesday, September 17, 2025 1:01:10 PM
 Blitz 1/1 

Pairing 17/18 :    V7P3R_v10.8  -  C0BR4_v2.9

PGN-File: C:\Program Files (x86)\Arena\Tournaments\Engine All Out Battle 20250917.pgn

No:  B/W 1/2     W:B       1:2           Time        Value Moves Dep 1:2       1-2-Draws
  10 = =    3.0:3.0        3.0:7.0       1:02:05 PM    +1.83    25 2.955 :4.000  0-4-6

--------------------------------------------------------------

Engine-Match Wednesday, September 17, 2025 1:02:06 PM
 Blitz 1/1 

Pairing 18/18 :    V7P3R_v10.8  -  Stockfish 1%

PGN-File: C:\Program Files (x86)\Arena\Tournaments\Engine All Out Battle 20250917.pgn

No:  B/W 1/2     W:B       1:2           Time        Value Moves Dep 1:2       1-2-Draws
  10 W 2    1.0:0.0        1.0:9.0       1:02:30 PM   +12.02    11 2.909 :7.333  1-9-0
