Engine-Match Friday, September 26, 2025 12:46:17 PM
 Blitz 1/1 

Pairing 1/6 :    V7P3R_v12.2  -  Random_Opponent

PGN-File: C:\Program Files (x86)\Arena\Tournaments\Engine Battle 20250926_2.pgn

No:  B/W 1/2     W:B       1:2           Time        Value Moves Dep 1:2       1-2-Draws
   1 W 1    1.0:0.0        1.0:0.0       12:47:42 PM  +289.97    36 3.286 :0 1-0-0

--------------------------------------------------------------

Engine-Match Friday, September 26, 2025 12:47:44 PM
 Blitz 1/1 

Pairing 2/6 :    C0BR4_v2.9  -  SlowMate_v3.1

PGN-File: C:\Program Files (x86)\Arena\Tournaments\Engine Battle 20250926_2.pgn

No:  B/W 1/2     W:B       1:2           Time        Value Moves Dep 1:2       1-2-Draws
   1 = =    0.5:0.5        0.5:0.5       12:49:08 PM    +5.41    36 4.000 :3.333  0-0-1

--------------------------------------------------------------

Engine-Match Friday, September 26, 2025 12:49:09 PM
 Blitz 1/1 

Pairing 3/6 :    C0BR4_v2.9  -  V7P3R_v12.2

PGN-File: C:\Program Files (x86)\Arena\Tournaments\Engine Battle 20250926_2.pgn

No:  B/W 1/2     W:B       1:2           Time        Value Moves Dep 1:2       1-2-Draws
   1 W 1    1.0:0.0        1.0:0.0       12:50:34 PM  +299.97    28 4.000 :3.250  1-0-0

--------------------------------------------------------------

Engine-Match Friday, September 26, 2025 12:50:35 PM
 Blitz 1/1 

Pairing 4/6 :    SlowMate_v3.1  -  Random_Opponent

PGN-File: C:\Program Files (x86)\Arena\Tournaments\Engine Battle 20250926_2.pgn

No:  B/W 1/2     W:B       1:2           Time        Value Moves Dep 1:2       1-2-Draws
   1 W 1    1.0:0.0        1.0:0.0       12:51:59 PM  +169.01    38 3.211 :0 1-0-0

--------------------------------------------------------------

Engine-Match Friday, September 26, 2025 12:52:00 PM
 Blitz 1/1 

Pairing 5/6 :    V7P3R_v12.2  -  SlowMate_v3.1

PGN-File: C:\Program Files (x86)\Arena\Tournaments\Engine Battle 20250926_2.pgn

No:  B/W 1/2     W:B       1:2           Time        Value Moves Dep 1:2       1-2-Draws
   1 = =    0.5:0.5        0.5:0.5       12:56:06 PM    -2.79    72 3.091 :2.649  0-0-1

--------------------------------------------------------------

Engine-Match Friday, September 26, 2025 12:56:07 PM
 Blitz 1/1 

Pairing 6/6 :    Random_Opponent  -  C0BR4_v2.9

PGN-File: C:\Program Files (x86)\Arena\Tournaments\Engine Battle 20250926_2.pgn

No:  B/W 1/2     W:B       1:2           Time        Value Moves Dep 1:2       1-2-Draws
   1 B 2    1.0:0.0        0.0:1.0       12:56:16 PM  -299.97    13 0:3.833  0-1-0

--------------------------------------------------------------

Engine-Match Friday, September 26, 2025 12:56:17 PM
 Blitz 1/1 

Pairing 1/6 :    V7P3R_v12.2  -  Random_Opponent

PGN-File: C:\Program Files (x86)\Arena\Tournaments\Engine Battle 20250926_2.pgn

No:  B/W 1/2     W:B       1:2           Time        Value Moves Dep 1:2       1-2-Draws
   2 B 1    1.0:0.0        2.0:0.0       12:56:51 PM  -289.97    12 3.500 :0 2-0-0

--------------------------------------------------------------

Engine-Match Friday, September 26, 2025 12:56:52 PM
 Blitz 1/1 

Pairing 2/6 :    C0BR4_v2.9  -  SlowMate_v3.1

PGN-File: C:\Program Files (x86)\Arena\Tournaments\Engine Battle 20250926_2.pgn

No:  B/W 1/2     W:B       1:2           Time        Value Moves Dep 1:2       1-2-Draws
   2 B 1    1.5:0.5        1.5:0.5       12:58:04 PM  -299.97    23 4.000 :2.565  1-0-1

--------------------------------------------------------------

Engine-Match Friday, September 26, 2025 12:58:05 PM
 Blitz 1/1 

Pairing 3/6 :    C0BR4_v2.9  -  V7P3R_v12.2

PGN-File: C:\Program Files (x86)\Arena\Tournaments\Engine Battle 20250926_2.pgn

No:  B/W 1/2     W:B       1:2           Time        Value Moves Dep 1:2       1-2-Draws
   2 = =    0.5:0.5        1.5:0.5       12:59:30 PM    -2.40    32 4.000 :3.464  1-0-1

--------------------------------------------------------------

Engine-Match Friday, September 26, 2025 12:59:32 PM
 Blitz 1/1 

Pairing 4/6 :    SlowMate_v3.1  -  Random_Opponent

PGN-File: C:\Program Files (x86)\Arena\Tournaments\Engine Battle 20250926_2.pgn

No:  B/W 1/2     W:B       1:2           Time        Value Moves Dep 1:2       1-2-Draws
   2 B 1    1.0:0.0        2.0:0.0       1:00:41 PM  -191.75    30 2.667 :0 2-0-0

--------------------------------------------------------------

Engine-Match Friday, September 26, 2025 1:00:42 PM
 Blitz 1/1 

Pairing 5/6 :    V7P3R_v12.2  -  SlowMate_v3.1

PGN-File: C:\Program Files (x86)\Arena\Tournaments\Engine Battle 20250926_2.pgn

No:  B/W 1/2     W:B       1:2           Time        Value Moves Dep 1:2       1-2-Draws
   2 B 1    1.5:0.5        1.5:0.5       1:04:00 PM   -11.64    53 3.367 :2.886  1-0-1

--------------------------------------------------------------

Engine-Match Friday, September 26, 2025 1:04:02 PM
 Blitz 1/1 

Pairing 6/6 :    Random_Opponent  -  C0BR4_v2.9

PGN-File: C:\Program Files (x86)\Arena\Tournaments\Engine Battle 20250926_2.pgn

No:  B/W 1/2     W:B       1:2           Time        Value Moves Dep 1:2       1-2-Draws
   2 W 2    1.0:0.0        0.0:2.0       1:04:15 PM  +299.97    21 0:4.000  0-2-0

--------------------------------------------------------------

Engine-Match Friday, September 26, 2025 1:04:17 PM
 Blitz 1/1 

Pairing 1/6 :    V7P3R_v12.2  -  Random_Opponent

PGN-File: C:\Program Files (x86)\Arena\Tournaments\Engine Battle 20250926_2.pgn

No:  B/W 1/2     W:B       1:2           Time        Value Moves Dep 1:2       1-2-Draws
   3 W 1    1.0:0.0        3.0:0.0       1:04:41 PM  +289.96     6 3.667 :0 3-0-0

--------------------------------------------------------------

Engine-Match Friday, September 26, 2025 1:04:42 PM
 Blitz 1/1 

Pairing 2/6 :    C0BR4_v2.9  -  SlowMate_v3.1

PGN-File: C:\Program Files (x86)\Arena\Tournaments\Engine Battle 20250926_2.pgn

No:  B/W 1/2     W:B       1:2           Time        Value Moves Dep 1:2       1-2-Draws
   3 W 1    1.5:0.5        2.5:0.5       1:06:38 PM  +299.97    44 3.952 :2.674  2-0-1

--------------------------------------------------------------

Engine-Match Friday, September 26, 2025 1:06:40 PM
 Blitz 1/1 

Pairing 3/6 :    C0BR4_v2.9  -  V7P3R_v12.2

PGN-File: C:\Program Files (x86)\Arena\Tournaments\Engine Battle 20250926_2.pgn

No:  B/W 1/2     W:B       1:2           Time        Value Moves Dep 1:2       1-2-Draws
   3 W 1    1.5:0.5        2.5:0.5       1:07:34 PM   +13.70    17 4.000 :3.500  2-0-1

--------------------------------------------------------------

Engine-Match Friday, September 26, 2025 1:07:35 PM
 Blitz 1/1 

Pairing 4/6 :    SlowMate_v3.1  -  Random_Opponent

PGN-File: C:\Program Files (x86)\Arena\Tournaments\Engine Battle 20250926_2.pgn

No:  B/W 1/2     W:B       1:2           Time        Value Moves Dep 1:2       1-2-Draws
   3 W 1    1.0:0.0        3.0:0.0       1:08:18 PM  +189.53    17 3.118 :0 3-0-0

--------------------------------------------------------------

Engine-Match Friday, September 26, 2025 1:08:20 PM
 Blitz 1/1 

Pairing 5/6 :    V7P3R_v12.2  -  SlowMate_v3.1

PGN-File: C:\Program Files (x86)\Arena\Tournaments\Engine Battle 20250926_2.pgn

No:  B/W 1/2     W:B       1:2           Time        Value Moves Dep 1:2       1-2-Draws
   3 = =    1.0:1.0        2.0:1.0       1:10:53 PM    -2.23    33 3.462 :2.727  1-0-2

--------------------------------------------------------------

Engine-Match Friday, September 26, 2025 1:10:54 PM
 Blitz 1/1 

Pairing 6/6 :    Random_Opponent  -  C0BR4_v2.9

PGN-File: C:\Program Files (x86)\Arena\Tournaments\Engine Battle 20250926_2.pgn

No:  B/W 1/2     W:B       1:2           Time        Value Moves Dep 1:2       1-2-Draws
   3 B 2    1.0:0.0        0.0:3.0       1:11:02 PM  -299.97    12 0:4.000  0-3-0

--------------------------------------------------------------

Engine-Match Friday, September 26, 2025 1:11:04 PM
 Blitz 1/1 

Pairing 1/6 :    V7P3R_v12.2  -  Random_Opponent

PGN-File: C:\Program Files (x86)\Arena\Tournaments\Engine Battle 20250926_2.pgn

No:  B/W 1/2     W:B       1:2           Time        Value Moves Dep 1:2       1-2-Draws
   4 B 1    1.0:0.0        4.0:0.0       1:12:20 PM  -289.97    30 3.552 :0 4-0-0

--------------------------------------------------------------

Engine-Match Friday, September 26, 2025 1:12:21 PM
 Blitz 1/1 

Pairing 2/6 :    C0BR4_v2.9  -  SlowMate_v3.1

PGN-File: C:\Program Files (x86)\Arena\Tournaments\Engine Battle 20250926_2.pgn

No:  B/W 1/2     W:B       1:2           Time        Value Moves Dep 1:2       1-2-Draws
   4 = =    1.0:1.0        3.0:1.0       1:13:23 PM    -0.05    22 4.000 :2.591  2-0-2

--------------------------------------------------------------

Engine-Match Friday, September 26, 2025 1:13:29 PM
 Blitz 1/1 

Pairing 3/6 :    C0BR4_v2.9  -  V7P3R_v12.2

PGN-File: C:\Program Files (x86)\Arena\Tournaments\Engine Battle 20250926_2.pgn

No:  B/W 1/2     W:B       1:2           Time        Value Moves Dep 1:2       1-2-Draws
   4 B 1    1.5:0.5        3.5:0.5       1:15:33 PM   -28.90    52 4.000 :3.148  3-0-1

--------------------------------------------------------------

Engine-Match Friday, September 26, 2025 1:15:34 PM
 Blitz 1/1 

Pairing 4/6 :    SlowMate_v3.1  -  Random_Opponent

PGN-File: C:\Program Files (x86)\Arena\Tournaments\Engine Battle 20250926_2.pgn

No:  B/W 1/2     W:B       1:2           Time        Value Moves Dep 1:2       1-2-Draws
   4 B 1    1.0:0.0        4.0:0.0       1:16:17 PM  -191.83    17 2.882 :0 4-0-0

--------------------------------------------------------------

Engine-Match Friday, September 26, 2025 1:16:19 PM
 Blitz 1/1 

Pairing 5/6 :    V7P3R_v12.2  -  SlowMate_v3.1

PGN-File: C:\Program Files (x86)\Arena\Tournaments\Engine Battle 20250926_2.pgn

No:  B/W 1/2     W:B       1:2           Time        Value Moves Dep 1:2       1-2-Draws
   4 B 1    2.0:1.0        3.0:1.0       1:18:48 PM   -17.67    36 3.538 :3.000  2-0-2

--------------------------------------------------------------

Engine-Match Friday, September 26, 2025 1:18:50 PM
 Blitz 1/1 

Pairing 6/6 :    Random_Opponent  -  C0BR4_v2.9

PGN-File: C:\Program Files (x86)\Arena\Tournaments\Engine Battle 20250926_2.pgn

No:  B/W 1/2     W:B       1:2           Time        Value Moves Dep 1:2       1-2-Draws
   4 W 2    1.0:0.0        0.0:4.0       1:19:01 PM  +299.97    15 0:3.846  0-4-0

--------------------------------------------------------------

Engine-Match Friday, September 26, 2025 1:19:03 PM
 Blitz 1/1 

Pairing 1/6 :    V7P3R_v12.2  -  Random_Opponent

PGN-File: C:\Program Files (x86)\Arena\Tournaments\Engine Battle 20250926_2.pgn

No:  B/W 1/2     W:B       1:2           Time        Value Moves Dep 1:2       1-2-Draws
   5 W 1    1.0:0.0        5.0:0.0       1:20:04 PM  +289.96    23 3.227 :0 5-0-0

--------------------------------------------------------------

Engine-Match Friday, September 26, 2025 1:20:06 PM
 Blitz 1/1 

Pairing 2/6 :    C0BR4_v2.9  -  SlowMate_v3.1

PGN-File: C:\Program Files (x86)\Arena\Tournaments\Engine Battle 20250926_2.pgn

No:  B/W 1/2     W:B       1:2           Time        Value Moves Dep 1:2       1-2-Draws
   5 W 1    2.0:1.0        4.0:1.0       1:20:43 PM  +299.97    13 4.000 :3.083  3-0-2

--------------------------------------------------------------

Engine-Match Friday, September 26, 2025 1:20:45 PM
 Blitz 1/1 

Pairing 3/6 :    C0BR4_v2.9  -  V7P3R_v12.2

PGN-File: C:\Program Files (x86)\Arena\Tournaments\Engine Battle 20250926_2.pgn

No:  B/W 1/2     W:B       1:2           Time        Value Moves Dep 1:2       1-2-Draws
   5 = =    1.0:1.0        4.0:1.0       1:21:55 PM    +1.33    26 4.000 :3.368  3-0-2

--------------------------------------------------------------

Engine-Match Friday, September 26, 2025 1:21:57 PM
 Blitz 1/1 

Pairing 4/6 :    SlowMate_v3.1  -  Random_Opponent

PGN-File: C:\Program Files (x86)\Arena\Tournaments\Engine Battle 20250926_2.pgn

No:  B/W 1/2     W:B       1:2           Time        Value Moves Dep 1:2       1-2-Draws
   5 W 1    1.0:0.0        5.0:0.0       1:22:34 PM  +190.11    14 2.929 :0 5-0-0

--------------------------------------------------------------

Engine-Match Friday, September 26, 2025 1:22:35 PM
 Blitz 1/1 

Pairing 5/6 :    V7P3R_v12.2  -  SlowMate_v3.1

PGN-File: C:\Program Files (x86)\Arena\Tournaments\Engine Battle 20250926_2.pgn

No:  B/W 1/2     W:B       1:2           Time        Value Moves Dep 1:2       1-2-Draws
   5 W 1    2.0:1.0        4.0:1.0       1:25:05 PM     0.00    36 3.207 :2.543  3-0-2

--------------------------------------------------------------

Engine-Match Friday, September 26, 2025 1:25:07 PM
 Blitz 1/1 

Pairing 6/6 :    Random_Opponent  -  C0BR4_v2.9

PGN-File: C:\Program Files (x86)\Arena\Tournaments\Engine Battle 20250926_2.pgn

No:  B/W 1/2     W:B       1:2           Time        Value Moves Dep 1:2       1-2-Draws
   5 B 2    1.0:0.0        0.0:5.0       1:25:17 PM  -299.97    16 0:4.000  0-5-0

--------------------------------------------------------------

Engine-Match Friday, September 26, 2025 1:25:18 PM
 Blitz 1/1 

Pairing 1/6 :    V7P3R_v12.2  -  Random_Opponent

PGN-File: C:\Program Files (x86)\Arena\Tournaments\Engine Battle 20250926_2.pgn

No:  B/W 1/2     W:B       1:2           Time        Value Moves Dep 1:2       1-2-Draws
   6 B 1    1.0:0.0        6.0:0.0       1:25:48 PM  -289.97    10 3.500 :0 6-0-0

--------------------------------------------------------------

Engine-Match Friday, September 26, 2025 1:25:49 PM
 Blitz 1/1 

Pairing 2/6 :    C0BR4_v2.9  -  SlowMate_v3.1

PGN-File: C:\Program Files (x86)\Arena\Tournaments\Engine Battle 20250926_2.pgn

No:  B/W 1/2     W:B       1:2           Time        Value Moves Dep 1:2       1-2-Draws
   6 W 2    2.0:1.0        4.0:2.0       1:26:41 PM  +156.95    19 3.941 :3.053  3-1-2

--------------------------------------------------------------

Engine-Match Friday, September 26, 2025 1:26:42 PM
 Blitz 1/1 

Pairing 3/6 :    C0BR4_v2.9  -  V7P3R_v12.2

PGN-File: C:\Program Files (x86)\Arena\Tournaments\Engine Battle 20250926_2.pgn

No:  B/W 1/2     W:B       1:2           Time        Value Moves Dep 1:2       1-2-Draws
   6 = =    1.5:1.5        4.5:1.5       1:28:46 PM    -3.55    55 4.000 :3.333  3-0-3

--------------------------------------------------------------

Engine-Match Friday, September 26, 2025 1:28:48 PM
 Blitz 1/1 

Pairing 4/6 :    SlowMate_v3.1  -  Random_Opponent

PGN-File: C:\Program Files (x86)\Arena\Tournaments\Engine Battle 20250926_2.pgn

No:  B/W 1/2     W:B       1:2           Time        Value Moves Dep 1:2       1-2-Draws
   6 B 1    1.0:0.0        6.0:0.0       1:29:53 PM  -131.34    28 2.643 :0 6-0-0

--------------------------------------------------------------

Engine-Match Friday, September 26, 2025 1:29:55 PM
 Blitz 1/1 

Pairing 5/6 :    V7P3R_v12.2  -  SlowMate_v3.1

PGN-File: C:\Program Files (x86)\Arena\Tournaments\Engine Battle 20250926_2.pgn

No:  B/W 1/2     W:B       1:2           Time        Value Moves Dep 1:2       1-2-Draws
   6 B 1    2.0:1.0        5.0:1.0       1:32:23 PM   -18.02    36 3.538 :3.000  4-0-2

--------------------------------------------------------------

Engine-Match Friday, September 26, 2025 1:32:24 PM
 Blitz 1/1 

Pairing 6/6 :    Random_Opponent  -  C0BR4_v2.9

PGN-File: C:\Program Files (x86)\Arena\Tournaments\Engine Battle 20250926_2.pgn

No:  B/W 1/2     W:B       1:2           Time        Value Moves Dep 1:2       1-2-Draws
   6 W 2    1.0:0.0        0.0:6.0       1:32:38 PM  +299.97    18 0:4.000  0-6-0

--------------------------------------------------------------

Engine-Match Friday, September 26, 2025 1:32:39 PM
 Blitz 1/1 

Pairing 1/6 :    V7P3R_v12.2  -  Random_Opponent

PGN-File: C:\Program Files (x86)\Arena\Tournaments\Engine Battle 20250926_2.pgn

No:  B/W 1/2     W:B       1:2           Time        Value Moves Dep 1:2       1-2-Draws
   7 W 1    1.0:0.0        7.0:0.0       1:33:34 PM     0.00    24 3.944 :0 7-0-0

--------------------------------------------------------------

Engine-Match Friday, September 26, 2025 1:33:36 PM
 Blitz 1/1 

Pairing 2/6 :    C0BR4_v2.9  -  SlowMate_v3.1

PGN-File: C:\Program Files (x86)\Arena\Tournaments\Engine Battle 20250926_2.pgn

No:  B/W 1/2     W:B       1:2           Time        Value Moves Dep 1:2       1-2-Draws
   7 W 1    2.0:1.0        5.0:2.0       1:34:28 PM  +299.97    18 4.000 :3.059  4-1-2

--------------------------------------------------------------

Engine-Match Friday, September 26, 2025 1:34:29 PM
 Blitz 1/1 

Pairing 3/6 :    C0BR4_v2.9  -  V7P3R_v12.2

PGN-File: C:\Program Files (x86)\Arena\Tournaments\Engine Battle 20250926_2.pgn

No:  B/W 1/2     W:B       1:2           Time        Value Moves Dep 1:2       1-2-Draws
   7 W 1    2.5:1.5        5.5:1.5       1:36:08 PM  +299.97    32 3.933 :3.333  4-0-3

--------------------------------------------------------------

Engine-Match Friday, September 26, 2025 1:36:10 PM
 Blitz 1/1 

Pairing 4/6 :    SlowMate_v3.1  -  Random_Opponent

PGN-File: C:\Program Files (x86)\Arena\Tournaments\Engine Battle 20250926_2.pgn

No:  B/W 1/2     W:B       1:2           Time        Value Moves Dep 1:2       1-2-Draws
   7 W 1    1.0:0.0        7.0:0.0       1:36:51 PM  +180.45    16 3.063 :0 7-0-0

--------------------------------------------------------------

Engine-Match Friday, September 26, 2025 1:36:58 PM
 Blitz 1/1 

Pairing 5/6 :    V7P3R_v12.2  -  SlowMate_v3.1

PGN-File: C:\Program Files (x86)\Arena\Tournaments\Engine Battle 20250926_2.pgn

No:  B/W 1/2     W:B       1:2           Time        Value Moves Dep 1:2       1-2-Draws
   7 = =    1.5:1.5        5.5:1.5       1:39:30 PM    -2.23    33 3.462 :2.758  4-0-3

--------------------------------------------------------------

Engine-Match Friday, September 26, 2025 1:39:31 PM
 Blitz 1/1 

Pairing 6/6 :    Random_Opponent  -  C0BR4_v2.9

PGN-File: C:\Program Files (x86)\Arena\Tournaments\Engine Battle 20250926_2.pgn

No:  B/W 1/2     W:B       1:2           Time        Value Moves Dep 1:2       1-2-Draws
   7 B 2    1.0:0.0        0.0:7.0       1:39:43 PM  -299.97    17 0:4.000  0-7-0

--------------------------------------------------------------

Engine-Match Friday, September 26, 2025 1:39:44 PM
 Blitz 1/1 

Pairing 1/6 :    V7P3R_v12.2  -  Random_Opponent

PGN-File: C:\Program Files (x86)\Arena\Tournaments\Engine Battle 20250926_2.pgn

No:  B/W 1/2     W:B       1:2           Time        Value Moves Dep 1:2       1-2-Draws
   8 B 1    1.0:0.0        8.0:0.0       1:40:52 PM     0.00    28 3.900 :0 8-0-0

--------------------------------------------------------------

Engine-Match Friday, September 26, 2025 1:40:53 PM
 Blitz 1/1 

Pairing 2/6 :    C0BR4_v2.9  -  SlowMate_v3.1

PGN-File: C:\Program Files (x86)\Arena\Tournaments\Engine Battle 20250926_2.pgn

No:  B/W 1/2     W:B       1:2           Time        Value Moves Dep 1:2       1-2-Draws
   8 = =    1.5:1.5        5.5:2.5       1:42:53 PM    -5.46    49 4.000 :2.607  4-1-3

--------------------------------------------------------------

Engine-Match Friday, September 26, 2025 1:42:54 PM
 Blitz 1/1 

Pairing 3/6 :    C0BR4_v2.9  -  V7P3R_v12.2

PGN-File: C:\Program Files (x86)\Arena\Tournaments\Engine Battle 20250926_2.pgn

No:  B/W 1/2     W:B       1:2           Time        Value Moves Dep 1:2       1-2-Draws
   8 B 1    2.5:1.5        6.5:1.5       1:44:56 PM   -12.00    57 4.000 :3.500  5-0-3

--------------------------------------------------------------

Engine-Match Friday, September 26, 2025 1:44:57 PM
 Blitz 1/1 

Pairing 4/6 :    SlowMate_v3.1  -  Random_Opponent

PGN-File: C:\Program Files (x86)\Arena\Tournaments\Engine Battle 20250926_2.pgn

No:  B/W 1/2     W:B       1:2           Time        Value Moves Dep 1:2       1-2-Draws
   8 = =    0.5:0.5        7.5:0.5       1:46:20 PM  -200.00    37 3.135 :0 7-0-1

--------------------------------------------------------------

Engine-Match Friday, September 26, 2025 1:46:21 PM
 Blitz 1/1 

Pairing 5/6 :    V7P3R_v12.2  -  SlowMate_v3.1

PGN-File: C:\Program Files (x86)\Arena\Tournaments\Engine Battle 20250926_2.pgn

No:  B/W 1/2     W:B       1:2           Time        Value Moves Dep 1:2       1-2-Draws
   8 B 1    2.5:1.5        6.5:1.5       1:48:50 PM   -18.02    36 3.577 :3.000  5-0-3

--------------------------------------------------------------

Engine-Match Friday, September 26, 2025 1:48:51 PM
 Blitz 1/1 

Pairing 6/6 :    Random_Opponent  -  C0BR4_v2.9

PGN-File: C:\Program Files (x86)\Arena\Tournaments\Engine Battle 20250926_2.pgn

No:  B/W 1/2     W:B       1:2           Time        Value Moves Dep 1:2       1-2-Draws
   8 W 2    1.0:0.0        0.0:8.0       1:49:05 PM  +299.97    16 0:4.000  0-8-0

--------------------------------------------------------------

Engine-Match Friday, September 26, 2025 1:49:06 PM
 Blitz 1/1 

Pairing 1/6 :    V7P3R_v12.2  -  Random_Opponent

PGN-File: C:\Program Files (x86)\Arena\Tournaments\Engine Battle 20250926_2.pgn

No:  B/W 1/2     W:B       1:2           Time        Value Moves Dep 1:2       1-2-Draws
   9 W 1    1.0:0.0        9.0:0.0       1:50:08 PM     0.00    22 3.600 :0 9-0-0

--------------------------------------------------------------

Engine-Match Friday, September 26, 2025 1:50:09 PM
 Blitz 1/1 

Pairing 2/6 :    C0BR4_v2.9  -  SlowMate_v3.1

PGN-File: C:\Program Files (x86)\Arena\Tournaments\Engine Battle 20250926_2.pgn

No:  B/W 1/2     W:B       1:2           Time        Value Moves Dep 1:2       1-2-Draws
   9 = =    2.0:2.0        6.0:3.0       1:50:42 PM   +11.31    12 4.000 :3.455  4-1-4

--------------------------------------------------------------

Engine-Match Friday, September 26, 2025 1:50:43 PM
 Blitz 1/1 

Pairing 3/6 :    C0BR4_v2.9  -  V7P3R_v12.2

PGN-File: C:\Program Files (x86)\Arena\Tournaments\Engine Battle 20250926_2.pgn

No:  B/W 1/2     W:B       1:2           Time        Value Moves Dep 1:2       1-2-Draws
   9 B 2    2.5:1.5        6.5:2.5       1:51:47 PM  -299.97    30 4.000 :4.000  5-1-3

--------------------------------------------------------------

Engine-Match Friday, September 26, 2025 1:51:48 PM
 Blitz 1/1 

Pairing 4/6 :    SlowMate_v3.1  -  Random_Opponent

PGN-File: C:\Program Files (x86)\Arena\Tournaments\Engine Battle 20250926_2.pgn

No:  B/W 1/2     W:B       1:2           Time        Value Moves Dep 1:2       1-2-Draws
   9 W 1    1.5:0.5        8.5:0.5       1:52:25 PM  +195.60    14 3.214 :0 8-0-1

--------------------------------------------------------------

Engine-Match Friday, September 26, 2025 1:52:27 PM
 Blitz 1/1 

Pairing 5/6 :    V7P3R_v12.2  -  SlowMate_v3.1

PGN-File: C:\Program Files (x86)\Arena\Tournaments\Engine Battle 20250926_2.pgn

No:  B/W 1/2     W:B       1:2           Time        Value Moves Dep 1:2       1-2-Draws
   9 B 2    2.5:1.5        6.5:2.5       1:55:29 PM  -165.32    48 3.364 :2.667  5-1-3

--------------------------------------------------------------

Engine-Match Friday, September 26, 2025 1:55:30 PM
 Blitz 1/1 

Pairing 6/6 :    Random_Opponent  -  C0BR4_v2.9

PGN-File: C:\Program Files (x86)\Arena\Tournaments\Engine Battle 20250926_2.pgn

No:  B/W 1/2     W:B       1:2           Time        Value Moves Dep 1:2       1-2-Draws
   9 B 2    1.0:0.0        0.0:9.0       1:55:47 PM  -299.97    29 0:3.929  0-9-0

--------------------------------------------------------------

Engine-Match Friday, September 26, 2025 1:55:50 PM
 Blitz 1/1 

Pairing 1/6 :    V7P3R_v12.2  -  Random_Opponent

PGN-File: C:\Program Files (x86)\Arena\Tournaments\Engine Battle 20250926_2.pgn

No:  B/W 1/2     W:B       1:2           Time        Value Moves Dep 1:2       1-2-Draws
  10 B 1    1.0:0.0        10.0:0.0      1:56:36 PM     0.00    16 3.600 :0 10-0-0

--------------------------------------------------------------

Engine-Match Friday, September 26, 2025 1:56:37 PM
 Blitz 1/1 

Pairing 2/6 :    C0BR4_v2.9  -  SlowMate_v3.1

PGN-File: C:\Program Files (x86)\Arena\Tournaments\Engine Battle 20250926_2.pgn

No:  B/W 1/2     W:B       1:2           Time        Value Moves Dep 1:2       1-2-Draws
  10 B 1    3.0:2.0        7.0:3.0       1:57:49 PM  -299.97    23 4.000 :2.609  5-1-4

--------------------------------------------------------------

Engine-Match Friday, September 26, 2025 1:57:50 PM
 Blitz 1/1 

Pairing 3/6 :    C0BR4_v2.9  -  V7P3R_v12.2

PGN-File: C:\Program Files (x86)\Arena\Tournaments\Engine Battle 20250926_2.pgn

No:  B/W 1/2     W:B       1:2           Time        Value Moves Dep 1:2       1-2-Draws
  10 B 1    2.5:1.5        7.5:2.5       1:59:32 PM  -299.97    43 3.951 :3.205  6-1-3

--------------------------------------------------------------

Engine-Match Friday, September 26, 2025 1:59:33 PM
 Blitz 1/1 

Pairing 4/6 :    SlowMate_v3.1  -  Random_Opponent

PGN-File: C:\Program Files (x86)\Arena\Tournaments\Engine Battle 20250926_2.pgn

No:  B/W 1/2     W:B       1:2           Time        Value Moves Dep 1:2       1-2-Draws
  10 = =    1.0:1.0        9.0:1.0       2:00:51 PM  -200.00    34 3.029 :0 8-0-2

--------------------------------------------------------------

Engine-Match Friday, September 26, 2025 2:00:53 PM
 Blitz 1/1 

Pairing 5/6 :    V7P3R_v12.2  -  SlowMate_v3.1

PGN-File: C:\Program Files (x86)\Arena\Tournaments\Engine Battle 20250926_2.pgn

No:  B/W 1/2     W:B       1:2           Time        Value Moves Dep 1:2       1-2-Draws
  10 = =    2.0:2.0        7.0:3.0       2:05:17 PM    -3.23    77 3.409 :2.577  5-1-4

--------------------------------------------------------------

Engine-Match Friday, September 26, 2025 2:05:18 PM
 Blitz 1/1 

Pairing 6/6 :    Random_Opponent  -  C0BR4_v2.9

PGN-File: C:\Program Files (x86)\Arena\Tournaments\Engine Battle 20250926_2.pgn

No:  B/W 1/2     W:B       1:2           Time        Value Moves Dep 1:2       1-2-Draws
  10 W 2    1.0:0.0        0.0:10.0      2:05:25 PM  +299.97     9 0:3.714  0-10-0
