Engine-Match Thursday, September 25, 2025 11:35:46 PM
 Blitz 10/5 

Pairing 1/10 :    V7P3R_v12.2  -  Random_Opponent

PGN-File: C:\Program Files (x86)\Arena\Tournaments\Engine Battle 20250925.pgn

No:  B/W 1/2     W:B       1:2           Time        Value Moves Dep 1:2       1-2-Draws
   1 * *     0.0:0.0        0.0:0.0       11:39:28 PM     0.00     2 6.000 :0 0-0-0

--------------------------------------------------------------

Engine-Match Thursday, September 25, 2025 11:40:24 PM
 Blitz 10/5 

Pairing 1/10 :    V7P3R_v12.2  -  Random_Opponent

PGN-File: C:\Program Files (x86)\Arena\Tournaments\Engine Battle 20250925.pgn

No:  B/W 1/2     W:B       1:2           Time        Value Moves Dep 1:2       1-2-Draws
   1 W 1    1.0:0.0        1.0:0.0       11:43:28 PM  +289.99     9 5.250 :0 1-0-0

--------------------------------------------------------------

Engine-Match Thursday, September 25, 2025 11:43:29 PM
 Blitz 10/5 

Pairing 2/10 :    C0BR4_v2.9  -  SlowMate_v3.1

PGN-File: C:\Program Files (x86)\Arena\Tournaments\Engine Battle 20250925.pgn

No:  B/W 1/2     W:B       1:2           Time        Value Moves Dep 1:2       1-2-Draws
   1 W 1    1.0:0.0        1.0:0.0       11:47:37 PM  +299.97    16 3.867 :3.800  1-0-0

--------------------------------------------------------------

Engine-Match Thursday, September 25, 2025 11:47:39 PM
 Blitz 10/5 

Pairing 3/10 :    Stockfish 1%  -  C0BR4_v2.9

PGN-File: C:\Program Files (x86)\Arena\Tournaments\Engine Battle 20250925.pgn

No:  B/W 1/2     W:B       1:2           Time        Value Moves Dep 1:2       1-2-Draws
   1 W 1    1.0:0.0        1.0:0.0       11:48:04 PM   +17.49    29 17.962 :4.000  1-0-0

--------------------------------------------------------------

Engine-Match Thursday, September 25, 2025 11:48:05 PM
 Blitz 10/5 

Pairing 4/10 :    SlowMate_v3.1  -  V7P3R_v12.2

PGN-File: C:\Program Files (x86)\Arena\Tournaments\Engine Battle 20250925.pgn

No:  B/W 1/2     W:B       1:2           Time        Value Moves Dep 1:2       1-2-Draws
   1 = =    0.5:0.5        0.5:0.5       12:05:02 AM    -1.59    36 4.222 :4.920  0-0-1

--------------------------------------------------------------

Engine-Match Friday, September 26, 2025 12:05:04 AM
 Blitz 10/5 

Pairing 5/10 :    Random_Opponent  -  SlowMate_v3.1

PGN-File: C:\Program Files (x86)\Arena\Tournaments\Engine Battle 20250925.pgn

No:  B/W 1/2     W:B       1:2           Time        Value Moves Dep 1:2       1-2-Draws
   1 = =    0.5:0.5        0.5:0.5       12:13:38 AM  -200.00    37 0:3.811  0-0-1

--------------------------------------------------------------

Engine-Match Friday, September 26, 2025 12:13:39 AM
 Blitz 10/5 

Pairing 6/10 :    V7P3R_v12.2  -  Stockfish 1%

PGN-File: C:\Program Files (x86)\Arena\Tournaments\Engine Battle 20250925.pgn

No:  B/W 1/2     W:B       1:2           Time        Value Moves Dep 1:2       1-2-Draws
   1 B 2    1.0:0.0        0.0:1.0       12:20:30 AM      -M1    25 4.947 :18.583  0-1-0

--------------------------------------------------------------

Engine-Match Friday, September 26, 2025 12:20:31 AM
 Blitz 10/5 

Pairing 7/10 :    C0BR4_v2.9  -  V7P3R_v12.2

PGN-File: C:\Program Files (x86)\Arena\Tournaments\Engine Battle 20250925.pgn

No:  B/W 1/2     W:B       1:2           Time        Value Moves Dep 1:2       1-2-Draws
   1 = =    0.5:0.5        0.5:0.5       12:29:05 AM    -1.50    39 4.000 :5.174  0-0-1

--------------------------------------------------------------

Engine-Match Friday, September 26, 2025 12:29:06 AM
 Blitz 10/5 

Pairing 8/10 :    Stockfish 1%  -  Random_Opponent

PGN-File: C:\Program Files (x86)\Arena\Tournaments\Engine Battle 20250925.pgn

No:  B/W 1/2     W:B       1:2           Time        Value Moves Dep 1:2       1-2-Draws
   1 W 1    1.0:0.0        1.0:0.0       12:29:22 AM      +M1    22 19.409 :0 1-0-0

--------------------------------------------------------------

Engine-Match Friday, September 26, 2025 12:29:23 AM
 Blitz 10/5 

Pairing 9/10 :    SlowMate_v3.1  -  Stockfish 1%

PGN-File: C:\Program Files (x86)\Arena\Tournaments\Engine Battle 20250925.pgn

No:  B/W 1/2     W:B       1:2           Time        Value Moves Dep 1:2       1-2-Draws
   1 B 2    1.0:0.0        0.0:1.0       12:35:43 AM      -M1    25 4.000 :20.348  0-1-0

--------------------------------------------------------------

Engine-Match Friday, September 26, 2025 12:35:45 AM
 Blitz 10/5 

Pairing 10/10 :    Random_Opponent  -  C0BR4_v2.9

PGN-File: C:\Program Files (x86)\Arena\Tournaments\Engine Battle 20250925.pgn

No:  B/W 1/2     W:B       1:2           Time        Value Moves Dep 1:2       1-2-Draws
   1 B 2    1.0:0.0        0.0:1.0       12:36:02 AM  -299.97    22 0:3.905  0-1-0

--------------------------------------------------------------

Engine-Match Friday, September 26, 2025 12:36:04 AM
 Blitz 10/5 

Pairing 1/10 :    V7P3R_v12.2  -  Random_Opponent

PGN-File: C:\Program Files (x86)\Arena\Tournaments\Engine Battle 20250925.pgn

No:  B/W 1/2     W:B       1:2           Time        Value Moves Dep 1:2       1-2-Draws
   2 B 1    1.0:0.0        2.0:0.0       12:38:52 AM  -289.99     9 5.111 :0 2-0-0

--------------------------------------------------------------

Engine-Match Friday, September 26, 2025 12:38:53 AM
 Blitz 10/5 

Pairing 2/10 :    C0BR4_v2.9  -  SlowMate_v3.1

PGN-File: C:\Program Files (x86)\Arena\Tournaments\Engine Battle 20250925.pgn

No:  B/W 1/2     W:B       1:2           Time        Value Moves Dep 1:2       1-2-Draws
   2 = =    0.5:0.5        1.5:0.5       12:47:35 AM    +1.72    37 4.000 :4.571  1-0-1

--------------------------------------------------------------

Engine-Match Friday, September 26, 2025 12:47:36 AM
 Blitz 10/5 

Pairing 3/10 :    Stockfish 1%  -  C0BR4_v2.9

PGN-File: C:\Program Files (x86)\Arena\Tournaments\Engine Battle 20250925.pgn

No:  B/W 1/2     W:B       1:2           Time        Value Moves Dep 1:2       1-2-Draws
   2 B 1    1.0:0.0        2.0:0.0       12:48:06 AM      -M1    25 18.273 :4.000  2-0-0

--------------------------------------------------------------

Engine-Match Friday, September 26, 2025 12:48:07 AM
 Blitz 10/5 

Pairing 4/10 :    SlowMate_v3.1  -  V7P3R_v12.2

PGN-File: C:\Program Files (x86)\Arena\Tournaments\Engine Battle 20250925.pgn

No:  B/W 1/2     W:B       1:2           Time        Value Moves Dep 1:2       1-2-Draws
   2 = =    1.0:1.0        1.0:1.0       12:59:15 AM    +6.65    24 4.708 :5.538  0-0-2

--------------------------------------------------------------

Engine-Match Friday, September 26, 2025 12:59:17 AM
 Blitz 10/5 

Pairing 5/10 :    Random_Opponent  -  SlowMate_v3.1

PGN-File: C:\Program Files (x86)\Arena\Tournaments\Engine Battle 20250925.pgn

No:  B/W 1/2     W:B       1:2           Time        Value Moves Dep 1:2       1-2-Draws
   2 W 2    1.5:0.5        0.5:1.5       1:06:14 AM  +194.62    29 0:4.000  0-1-1

--------------------------------------------------------------

Engine-Match Friday, September 26, 2025 1:06:15 AM
 Blitz 10/5 

Pairing 6/10 :    V7P3R_v12.2  -  Stockfish 1%

PGN-File: C:\Program Files (x86)\Arena\Tournaments\Engine Battle 20250925.pgn

No:  B/W 1/2     W:B       1:2           Time        Value Moves Dep 1:2       1-2-Draws
   2 W 2    1.0:0.0        0.0:2.0       1:11:01 AM      +M1    23 5.182 :17.438  0-2-0

--------------------------------------------------------------

Engine-Match Friday, September 26, 2025 1:11:03 AM
 Blitz 10/5 

Pairing 7/10 :    C0BR4_v2.9  -  V7P3R_v12.2

PGN-File: C:\Program Files (x86)\Arena\Tournaments\Engine Battle 20250925.pgn

No:  B/W 1/2     W:B       1:2           Time        Value Moves Dep 1:2       1-2-Draws
   2 = =    1.0:1.0        1.0:1.0       1:17:16 AM    +5.80    34 4.000 :5.350  0-0-2

--------------------------------------------------------------

Engine-Match Friday, September 26, 2025 1:17:18 AM
 Blitz 10/5 

Pairing 8/10 :    Stockfish 1%  -  Random_Opponent

PGN-File: C:\Program Files (x86)\Arena\Tournaments\Engine Battle 20250925.pgn

No:  B/W 1/2     W:B       1:2           Time        Value Moves Dep 1:2       1-2-Draws
   2 B 1    1.0:0.0        2.0:0.0       1:17:33 AM      -M1    19 22.500 :0 2-0-0

--------------------------------------------------------------

Engine-Match Friday, September 26, 2025 1:17:34 AM
 Blitz 10/5 

Pairing 9/10 :    SlowMate_v3.1  -  Stockfish 1%

PGN-File: C:\Program Files (x86)\Arena\Tournaments\Engine Battle 20250925.pgn

No:  B/W 1/2     W:B       1:2           Time        Value Moves Dep 1:2       1-2-Draws
   2 W 2    1.0:0.0        0.0:2.0       1:22:50 AM      +M1    21 4.450 :23.789  0-2-0

--------------------------------------------------------------

Engine-Match Friday, September 26, 2025 1:22:51 AM
 Blitz 10/5 

Pairing 10/10 :    Random_Opponent  -  C0BR4_v2.9

PGN-File: C:\Program Files (x86)\Arena\Tournaments\Engine Battle 20250925.pgn

No:  B/W 1/2     W:B       1:2           Time        Value Moves Dep 1:2       1-2-Draws
   2 W 2    1.0:0.0        0.0:2.0       1:23:03 AM  +299.97    16 0:3.857  0-2-0

--------------------------------------------------------------

Engine-Match Friday, September 26, 2025 1:23:10 AM
 Blitz 10/5 

Pairing 1/10 :    V7P3R_v12.2  -  Random_Opponent

PGN-File: C:\Program Files (x86)\Arena\Tournaments\Engine Battle 20250925.pgn

No:  B/W 1/2     W:B       1:2           Time        Value Moves Dep 1:2       1-2-Draws
   3 W 1    1.0:0.0        3.0:0.0       1:25:22 AM  +289.98    10 4.667 :0 3-0-0

--------------------------------------------------------------

Engine-Match Friday, September 26, 2025 1:25:23 AM
 Blitz 10/5 

Pairing 2/10 :    C0BR4_v2.9  -  SlowMate_v3.1

PGN-File: C:\Program Files (x86)\Arena\Tournaments\Engine Battle 20250925.pgn

No:  B/W 1/2     W:B       1:2           Time        Value Moves Dep 1:2       1-2-Draws
   3 W 1    1.5:0.5        2.5:0.5       1:27:38 AM  +299.97     9 3.714 :4.250  2-0-1

--------------------------------------------------------------

Engine-Match Friday, September 26, 2025 1:27:39 AM
 Blitz 10/5 

Pairing 3/10 :    Stockfish 1%  -  C0BR4_v2.9

PGN-File: C:\Program Files (x86)\Arena\Tournaments\Engine Battle 20250925.pgn

No:  B/W 1/2     W:B       1:2           Time        Value Moves Dep 1:2       1-2-Draws
   3 W 1    1.0:0.0        3.0:0.0       1:28:04 AM   +13.33    26 18.167 :4.000  3-0-0

--------------------------------------------------------------

Engine-Match Friday, September 26, 2025 1:28:05 AM
 Blitz 10/5 

Pairing 4/10 :    SlowMate_v3.1  -  V7P3R_v12.2

PGN-File: C:\Program Files (x86)\Arena\Tournaments\Engine Battle 20250925.pgn

No:  B/W 1/2     W:B       1:2           Time        Value Moves Dep 1:2       1-2-Draws
   3 = =    1.5:1.5        1.5:1.5       1:43:46 AM    -6.30    31 4.161 :4.870  0-0-3

--------------------------------------------------------------

Engine-Match Friday, September 26, 2025 1:43:47 AM
 Blitz 10/5 

Pairing 5/10 :    Random_Opponent  -  SlowMate_v3.1

PGN-File: C:\Program Files (x86)\Arena\Tournaments\Engine Battle 20250925.pgn

No:  B/W 1/2     W:B       1:2           Time        Value Moves Dep 1:2       1-2-Draws
   3 B 2    1.5:0.5        0.5:2.5       1:45:17 AM  -118.95     5 0:5.000  0-2-1

--------------------------------------------------------------

Engine-Match Friday, September 26, 2025 1:45:18 AM
 Blitz 10/5 

Pairing 6/10 :    V7P3R_v12.2  -  Stockfish 1%

PGN-File: C:\Program Files (x86)\Arena\Tournaments\Engine Battle 20250925.pgn

No:  B/W 1/2     W:B       1:2           Time        Value Moves Dep 1:2       1-2-Draws
   3 B 2    1.0:0.0        0.0:3.0       1:57:01 AM      -M1    51 5.250 :17.885  0-3-0

--------------------------------------------------------------

Engine-Match Friday, September 26, 2025 1:57:02 AM
 Blitz 10/5 

Pairing 7/10 :    C0BR4_v2.9  -  V7P3R_v12.2

PGN-File: C:\Program Files (x86)\Arena\Tournaments\Engine Battle 20250925.pgn

No:  B/W 1/2     W:B       1:2           Time        Value Moves Dep 1:2       1-2-Draws
   3 = =    1.5:1.5        1.5:1.5       2:05:01 AM     0.00    44 4.000 :5.095  0-0-3

--------------------------------------------------------------

Engine-Match Friday, September 26, 2025 2:05:03 AM
 Blitz 10/5 

Pairing 8/10 :    Stockfish 1%  -  Random_Opponent

PGN-File: C:\Program Files (x86)\Arena\Tournaments\Engine Battle 20250925.pgn

No:  B/W 1/2     W:B       1:2           Time        Value Moves Dep 1:2       1-2-Draws
   3 W 1    1.0:0.0        3.0:0.0       2:05:16 AM      +M1    15 30.071 :0 3-0-0

--------------------------------------------------------------

Engine-Match Friday, September 26, 2025 2:05:18 AM
 Blitz 10/5 

Pairing 9/10 :    SlowMate_v3.1  -  Stockfish 1%

PGN-File: C:\Program Files (x86)\Arena\Tournaments\Engine Battle 20250925.pgn

No:  B/W 1/2     W:B       1:2           Time        Value Moves Dep 1:2       1-2-Draws
   3 B 2    1.0:0.0        0.0:3.0       2:12:28 AM      -M1    29 4.148 :18.320  0-3-0

--------------------------------------------------------------

Engine-Match Friday, September 26, 2025 2:12:29 AM
 Blitz 10/5 

Pairing 10/10 :    Random_Opponent  -  C0BR4_v2.9

PGN-File: C:\Program Files (x86)\Arena\Tournaments\Engine Battle 20250925.pgn

No:  B/W 1/2     W:B       1:2           Time        Value Moves Dep 1:2       1-2-Draws
   3 B 2    1.0:0.0        0.0:3.0       2:12:37 AM  -299.97     8 0:3.714  0-3-0

--------------------------------------------------------------

Engine-Match Friday, September 26, 2025 2:12:39 AM
 Blitz 10/5 

Pairing 1/10 :    V7P3R_v12.2  -  Random_Opponent

PGN-File: C:\Program Files (x86)\Arena\Tournaments\Engine Battle 20250925.pgn

No:  B/W 1/2     W:B       1:2           Time        Value Moves Dep 1:2       1-2-Draws
   4 B 1    1.0:0.0        4.0:0.0       2:19:02 AM  -289.98    21 5.400 :0 4-0-0

--------------------------------------------------------------

Engine-Match Friday, September 26, 2025 2:19:03 AM
 Blitz 10/5 

Pairing 2/10 :    C0BR4_v2.9  -  SlowMate_v3.1

PGN-File: C:\Program Files (x86)\Arena\Tournaments\Engine Battle 20250925.pgn

No:  B/W 1/2     W:B       1:2           Time        Value Moves Dep 1:2       1-2-Draws
   4 B 1    1.5:0.5        3.5:0.5       2:23:28 AM  -299.97    16 3.857 :4.000  3-0-1

--------------------------------------------------------------

Engine-Match Friday, September 26, 2025 2:23:30 AM
 Blitz 10/5 

Pairing 3/10 :    Stockfish 1%  -  C0BR4_v2.9

PGN-File: C:\Program Files (x86)\Arena\Tournaments\Engine Battle 20250925.pgn

No:  B/W 1/2     W:B       1:2           Time        Value Moves Dep 1:2       1-2-Draws
   4 B 1    1.0:0.0        4.0:0.0       2:23:59 AM      -M1    27 18.615 :3.960  4-0-0

--------------------------------------------------------------

Engine-Match Friday, September 26, 2025 2:24:00 AM
 Blitz 10/5 

Pairing 4/10 :    SlowMate_v3.1  -  V7P3R_v12.2

PGN-File: C:\Program Files (x86)\Arena\Tournaments\Engine Battle 20250925.pgn

No:  B/W 1/2     W:B       1:2           Time        Value Moves Dep 1:2       1-2-Draws
   4 = =    2.0:2.0        2.0:2.0       2:35:08 AM    +6.65    24 4.708 :5.538  0-0-4

--------------------------------------------------------------

Engine-Match Friday, September 26, 2025 2:35:09 AM
 Blitz 10/5 

Pairing 5/10 :    Random_Opponent  -  SlowMate_v3.1

PGN-File: C:\Program Files (x86)\Arena\Tournaments\Engine Battle 20250925.pgn

No:  B/W 1/2     W:B       1:2           Time        Value Moves Dep 1:2       1-2-Draws
   4 W 2    1.5:0.5        0.5:3.5       2:44:11 AM  +127.04    40 0:4.175  0-3-1

--------------------------------------------------------------

Engine-Match Friday, September 26, 2025 2:44:12 AM
 Blitz 10/5 

Pairing 6/10 :    V7P3R_v12.2  -  Stockfish 1%

PGN-File: C:\Program Files (x86)\Arena\Tournaments\Engine Battle 20250925.pgn

No:  B/W 1/2     W:B       1:2           Time        Value Moves Dep 1:2       1-2-Draws
   4 W 2    1.0:0.0        0.0:4.0       2:50:02 AM      +M1    23 5.056 :23.182  0-4-0

--------------------------------------------------------------

Engine-Match Friday, September 26, 2025 2:50:03 AM
 Blitz 10/5 

Pairing 7/10 :    C0BR4_v2.9  -  V7P3R_v12.2

PGN-File: C:\Program Files (x86)\Arena\Tournaments\Engine Battle 20250925.pgn

No:  B/W 1/2     W:B       1:2           Time        Value Moves Dep 1:2       1-2-Draws
   4 W 2    2.5:1.5        1.5:2.5       3:00:27 AM  +289.99    51 4.000 :5.048  0-1-3

--------------------------------------------------------------

Engine-Match Friday, September 26, 2025 3:00:28 AM
 Blitz 10/5 

Pairing 8/10 :    Stockfish 1%  -  Random_Opponent

PGN-File: C:\Program Files (x86)\Arena\Tournaments\Engine Battle 20250925.pgn

No:  B/W 1/2     W:B       1:2           Time        Value Moves Dep 1:2       1-2-Draws
   4 B 1    1.0:0.0        4.0:0.0       3:00:41 AM      -M1    14 28.786 :0 4-0-0

--------------------------------------------------------------

Engine-Match Friday, September 26, 2025 3:00:43 AM
 Blitz 10/5 

Pairing 9/10 :    SlowMate_v3.1  -  Stockfish 1%

PGN-File: C:\Program Files (x86)\Arena\Tournaments\Engine Battle 20250925.pgn

No:  B/W 1/2     W:B       1:2           Time        Value Moves Dep 1:2       1-2-Draws
   4 W 2    1.0:0.0        0.0:4.0       3:06:13 AM      +M1    22 3.571 :20.714  0-4-0

--------------------------------------------------------------

Engine-Match Friday, September 26, 2025 3:06:15 AM
 Blitz 10/5 

Pairing 10/10 :    Random_Opponent  -  C0BR4_v2.9

PGN-File: C:\Program Files (x86)\Arena\Tournaments\Engine Battle 20250925.pgn

No:  B/W 1/2     W:B       1:2           Time        Value Moves Dep 1:2       1-2-Draws
   4 W 2    1.0:0.0        0.0:4.0       3:06:27 AM  +299.97     9 0:3.714  0-4-0

--------------------------------------------------------------

Engine-Match Friday, September 26, 2025 3:06:33 AM
 Blitz 10/5 

Pairing 1/10 :    V7P3R_v12.2  -  Random_Opponent

PGN-File: C:\Program Files (x86)\Arena\Tournaments\Engine Battle 20250925.pgn

No:  B/W 1/2     W:B       1:2           Time        Value Moves Dep 1:2       1-2-Draws
   5 W 1    1.0:0.0        5.0:0.0       3:11:12 AM  +289.98    20 5.400 :0 5-0-0

--------------------------------------------------------------

Engine-Match Friday, September 26, 2025 3:11:14 AM
 Blitz 10/5 

Pairing 2/10 :    C0BR4_v2.9  -  SlowMate_v3.1

PGN-File: C:\Program Files (x86)\Arena\Tournaments\Engine Battle 20250925.pgn

No:  B/W 1/2     W:B       1:2           Time        Value Moves Dep 1:2       1-2-Draws
   5 = =    1.0:1.0        4.0:1.0       3:19:41 AM    -0.92    36 4.000 :4.371  3-0-2

--------------------------------------------------------------

Engine-Match Friday, September 26, 2025 3:19:42 AM
 Blitz 10/5 

Pairing 3/10 :    Stockfish 1%  -  C0BR4_v2.9

PGN-File: C:\Program Files (x86)\Arena\Tournaments\Engine Battle 20250925.pgn

No:  B/W 1/2     W:B       1:2           Time        Value Moves Dep 1:2       1-2-Draws
   5 W 1    1.0:0.0        5.0:0.0       3:20:34 AM   +10.78    77 18.192 :4.000  5-0-0

--------------------------------------------------------------

Engine-Match Friday, September 26, 2025 3:20:35 AM
 Blitz 10/5 

Pairing 4/10 :    SlowMate_v3.1  -  V7P3R_v12.2

PGN-File: C:\Program Files (x86)\Arena\Tournaments\Engine Battle 20250925.pgn

No:  B/W 1/2     W:B       1:2           Time        Value Moves Dep 1:2       1-2-Draws
   5 = =    2.5:2.5        2.5:2.5       3:36:18 AM    -6.30    31 4.161 :4.870  0-0-5

--------------------------------------------------------------

Engine-Match Friday, September 26, 2025 3:36:19 AM
 Blitz 10/5 

Pairing 5/10 :    Random_Opponent  -  SlowMate_v3.1

PGN-File: C:\Program Files (x86)\Arena\Tournaments\Engine Battle 20250925.pgn

No:  B/W 1/2     W:B       1:2           Time        Value Moves Dep 1:2       1-2-Draws
   5 = =    1.0:1.0        1.0:4.0       3:40:37 AM  -200.00    16 0:3.938  0-3-2

--------------------------------------------------------------

Engine-Match Friday, September 26, 2025 3:40:38 AM
 Blitz 10/5 

Pairing 6/10 :    V7P3R_v12.2  -  Stockfish 1%

PGN-File: C:\Program Files (x86)\Arena\Tournaments\Engine Battle 20250925.pgn

No:  B/W 1/2     W:B       1:2           Time        Value Moves Dep 1:2       1-2-Draws
   5 B 2    1.0:0.0        0.0:5.0       3:46:05 AM      -M1    23 5.188 :19.682  0-5-0

--------------------------------------------------------------

Engine-Match Friday, September 26, 2025 3:46:06 AM
 Blitz 10/5 

Pairing 7/10 :    C0BR4_v2.9  -  V7P3R_v12.2

PGN-File: C:\Program Files (x86)\Arena\Tournaments\Engine Battle 20250925.pgn

No:  B/W 1/2     W:B       1:2           Time        Value Moves Dep 1:2       1-2-Draws
   5 = =    2.0:2.0        2.0:3.0       3:54:04 AM   -12.50    52 4.000 :4.857  0-1-4

--------------------------------------------------------------

Engine-Match Friday, September 26, 2025 3:54:06 AM
 Blitz 10/5 

Pairing 8/10 :    Stockfish 1%  -  Random_Opponent

PGN-File: C:\Program Files (x86)\Arena\Tournaments\Engine Battle 20250925.pgn

No:  B/W 1/2     W:B       1:2           Time        Value Moves Dep 1:2       1-2-Draws
   5 W 1    1.0:0.0        5.0:0.0       3:54:19 AM      +M1    14 32.286 :0 5-0-0

--------------------------------------------------------------

Engine-Match Friday, September 26, 2025 3:54:21 AM
 Blitz 10/5 

Pairing 9/10 :    SlowMate_v3.1  -  Stockfish 1%

PGN-File: C:\Program Files (x86)\Arena\Tournaments\Engine Battle 20250925.pgn

No:  B/W 1/2     W:B       1:2           Time        Value Moves Dep 1:2       1-2-Draws
   5 B 2    1.0:0.0        0.0:5.0       4:00:28 AM      -M1    24 4.333 :19.696  0-5-0

--------------------------------------------------------------

Engine-Match Friday, September 26, 2025 4:00:29 AM
 Blitz 10/5 

Pairing 10/10 :    Random_Opponent  -  C0BR4_v2.9

PGN-File: C:\Program Files (x86)\Arena\Tournaments\Engine Battle 20250925.pgn

No:  B/W 1/2     W:B       1:2           Time        Value Moves Dep 1:2       1-2-Draws
   5 B 2    1.0:0.0        0.0:5.0       4:00:39 AM  -299.97    15 0:4.000  0-5-0

--------------------------------------------------------------

Engine-Match Friday, September 26, 2025 4:00:41 AM
 Blitz 10/5 

Pairing 1/10 :    V7P3R_v12.2  -  Random_Opponent

PGN-File: C:\Program Files (x86)\Arena\Tournaments\Engine Battle 20250925.pgn

No:  B/W 1/2     W:B       1:2           Time        Value Moves Dep 1:2       1-2-Draws
   6 B 1    1.0:0.0        6.0:0.0       4:06:01 AM  -289.98    13 5.077 :0 6-0-0

--------------------------------------------------------------

Engine-Match Friday, September 26, 2025 4:06:02 AM
 Blitz 10/5 

Pairing 2/10 :    C0BR4_v2.9  -  SlowMate_v3.1

PGN-File: C:\Program Files (x86)\Arena\Tournaments\Engine Battle 20250925.pgn

No:  B/W 1/2     W:B       1:2           Time        Value Moves Dep 1:2       1-2-Draws
   6 B 1    2.0:1.0        5.0:1.0       4:10:27 AM  -299.97    16 3.857 :4.000  4-0-2

--------------------------------------------------------------

Engine-Match Friday, September 26, 2025 4:10:28 AM
 Blitz 10/5 

Pairing 3/10 :    Stockfish 1%  -  C0BR4_v2.9

PGN-File: C:\Program Files (x86)\Arena\Tournaments\Engine Battle 20250925.pgn

No:  B/W 1/2     W:B       1:2           Time        Value Moves Dep 1:2       1-2-Draws
   6 B 1    1.0:0.0        6.0:0.0       4:10:52 AM      -M1    20 21.800 :3.944  6-0-0

--------------------------------------------------------------

Engine-Match Friday, September 26, 2025 4:10:53 AM
 Blitz 10/5 

Pairing 4/10 :    SlowMate_v3.1  -  V7P3R_v12.2

PGN-File: C:\Program Files (x86)\Arena\Tournaments\Engine Battle 20250925.pgn

No:  B/W 1/2     W:B       1:2           Time        Value Moves Dep 1:2       1-2-Draws
   6 = =    3.0:3.0        3.0:3.0       4:22:01 AM    +6.65    24 4.708 :5.538  0-0-6

--------------------------------------------------------------

Engine-Match Friday, September 26, 2025 4:22:02 AM
 Blitz 10/5 

Pairing 5/10 :    Random_Opponent  -  SlowMate_v3.1

PGN-File: C:\Program Files (x86)\Arena\Tournaments\Engine Battle 20250925.pgn

No:  B/W 1/2     W:B       1:2           Time        Value Moves Dep 1:2       1-2-Draws
   6 = =    1.5:1.5        1.5:4.5       4:30:03 AM   +43.53    35 0:4.343  0-3-3

--------------------------------------------------------------

Engine-Match Friday, September 26, 2025 4:30:05 AM
 Blitz 10/5 

Pairing 6/10 :    V7P3R_v12.2  -  Stockfish 1%

PGN-File: C:\Program Files (x86)\Arena\Tournaments\Engine Battle 20250925.pgn

No:  B/W 1/2     W:B       1:2           Time        Value Moves Dep 1:2       1-2-Draws
   6 W 2    1.0:0.0        0.0:6.0       4:34:37 AM      +M1    23 5.182 :17.000  0-6-0

--------------------------------------------------------------

Engine-Match Friday, September 26, 2025 4:34:39 AM
 Blitz 10/5 

Pairing 7/10 :    C0BR4_v2.9  -  V7P3R_v12.2

PGN-File: C:\Program Files (x86)\Arena\Tournaments\Engine Battle 20250925.pgn

No:  B/W 1/2     W:B       1:2           Time        Value Moves Dep 1:2       1-2-Draws
   6 W 2    3.0:2.0        2.0:4.0       4:46:50 AM   +12.62    72 4.000 :5.048  0-2-4

--------------------------------------------------------------

Engine-Match Friday, September 26, 2025 4:46:51 AM
 Blitz 10/5 

Pairing 8/10 :    Stockfish 1%  -  Random_Opponent

PGN-File: C:\Program Files (x86)\Arena\Tournaments\Engine Battle 20250925.pgn

No:  B/W 1/2     W:B       1:2           Time        Value Moves Dep 1:2       1-2-Draws
   6 B 1    1.0:0.0        6.0:0.0       4:47:04 AM      -M1    16 22.750 :0 6-0-0

--------------------------------------------------------------

Engine-Match Friday, September 26, 2025 4:47:06 AM
 Blitz 10/5 

Pairing 9/10 :    SlowMate_v3.1  -  Stockfish 1%

PGN-File: C:\Program Files (x86)\Arena\Tournaments\Engine Battle 20250925.pgn

No:  B/W 1/2     W:B       1:2           Time        Value Moves Dep 1:2       1-2-Draws
   6 W 2    1.0:0.0        0.0:6.0       4:51:42 AM      +M1    18 4.294 :23.167  0-6-0

--------------------------------------------------------------

Engine-Match Friday, September 26, 2025 4:51:43 AM
 Blitz 10/5 

Pairing 10/10 :    Random_Opponent  -  C0BR4_v2.9

PGN-File: C:\Program Files (x86)\Arena\Tournaments\Engine Battle 20250925.pgn

No:  B/W 1/2     W:B       1:2           Time        Value Moves Dep 1:2       1-2-Draws
   6 W 2    1.0:0.0        0.0:6.0       4:51:54 AM  +299.97    17 0:4.000  0-6-0

--------------------------------------------------------------

Engine-Match Friday, September 26, 2025 4:52:00 AM
 Blitz 10/5 

Pairing 1/10 :    V7P3R_v12.2  -  Random_Opponent

PGN-File: C:\Program Files (x86)\Arena\Tournaments\Engine Battle 20250925.pgn

No:  B/W 1/2     W:B       1:2           Time        Value Moves Dep 1:2       1-2-Draws
   7 W 1    1.0:0.0        7.0:0.0       4:58:19 AM  +289.98    23 5.048 :0 7-0-0

--------------------------------------------------------------

Engine-Match Friday, September 26, 2025 4:58:20 AM
 Blitz 10/5 

Pairing 2/10 :    C0BR4_v2.9  -  SlowMate_v3.1

PGN-File: C:\Program Files (x86)\Arena\Tournaments\Engine Battle 20250925.pgn

No:  B/W 1/2     W:B       1:2           Time        Value Moves Dep 1:2       1-2-Draws
   7 W 1    2.0:1.0        6.0:1.0       5:08:13 AM  +299.97    44 4.000 :4.417  5-0-2

--------------------------------------------------------------

Engine-Match Friday, September 26, 2025 5:08:14 AM
 Blitz 10/5 

Pairing 3/10 :    Stockfish 1%  -  C0BR4_v2.9

PGN-File: C:\Program Files (x86)\Arena\Tournaments\Engine Battle 20250925.pgn

No:  B/W 1/2     W:B       1:2           Time        Value Moves Dep 1:2       1-2-Draws
   7 W 1    1.0:0.0        7.0:0.0       5:08:42 AM      +M1    32 17.654 :3.966  7-0-0

--------------------------------------------------------------

Engine-Match Friday, September 26, 2025 5:08:43 AM
 Blitz 10/5 

Pairing 4/10 :    SlowMate_v3.1  -  V7P3R_v12.2

PGN-File: C:\Program Files (x86)\Arena\Tournaments\Engine Battle 20250925.pgn

No:  B/W 1/2     W:B       1:2           Time        Value Moves Dep 1:2       1-2-Draws
   7 = =    3.5:3.5        3.5:3.5       5:24:23 AM    -6.30    31 4.161 :4.870  0-0-7

--------------------------------------------------------------

Engine-Match Friday, September 26, 2025 5:24:25 AM
 Blitz 10/5 

Pairing 5/10 :    Random_Opponent  -  SlowMate_v3.1

PGN-File: C:\Program Files (x86)\Arena\Tournaments\Engine Battle 20250925.pgn

No:  B/W 1/2     W:B       1:2           Time        Value Moves Dep 1:2       1-2-Draws
   7 = =    2.0:2.0        2.0:5.0       5:31:37 AM  -200.00    30 0:4.471  0-3-4

--------------------------------------------------------------

Engine-Match Friday, September 26, 2025 5:31:38 AM
 Blitz 10/5 

Pairing 6/10 :    V7P3R_v12.2  -  Stockfish 1%

PGN-File: C:\Program Files (x86)\Arena\Tournaments\Engine Battle 20250925.pgn

No:  B/W 1/2     W:B       1:2           Time        Value Moves Dep 1:2       1-2-Draws
   7 B 2    1.0:0.0        0.0:7.0       5:36:52 AM      -M1    21 5.188 :22.500  0-7-0

--------------------------------------------------------------

Engine-Match Friday, September 26, 2025 5:36:53 AM
 Blitz 10/5 

Pairing 7/10 :    C0BR4_v2.9  -  V7P3R_v12.2

PGN-File: C:\Program Files (x86)\Arena\Tournaments\Engine Battle 20250925.pgn

No:  B/W 1/2     W:B       1:2           Time        Value Moves Dep 1:2       1-2-Draws
   7 = =    2.5:2.5        2.5:4.5       5:44:46 AM     0.00    44 4.000 :5.095  0-2-5

--------------------------------------------------------------

Engine-Match Friday, September 26, 2025 5:44:47 AM
 Blitz 10/5 

Pairing 8/10 :    Stockfish 1%  -  Random_Opponent

PGN-File: C:\Program Files (x86)\Arena\Tournaments\Engine Battle 20250925.pgn

No:  B/W 1/2     W:B       1:2           Time        Value Moves Dep 1:2       1-2-Draws
   7 W 1    1.0:0.0        7.0:0.0       5:44:54 AM      +M1     5 40.600 :0 7-0-0

--------------------------------------------------------------

Engine-Match Friday, September 26, 2025 5:44:55 AM
 Blitz 10/5 

Pairing 9/10 :    SlowMate_v3.1  -  Stockfish 1%

PGN-File: C:\Program Files (x86)\Arena\Tournaments\Engine Battle 20250925.pgn

No:  B/W 1/2     W:B       1:2           Time        Value Moves Dep 1:2       1-2-Draws
   7 B 2    1.0:0.0        0.0:7.0       5:51:02 AM      -M1    24 4.333 :19.739  0-7-0

--------------------------------------------------------------

Engine-Match Friday, September 26, 2025 5:51:04 AM
 Blitz 10/5 

Pairing 10/10 :    Random_Opponent  -  C0BR4_v2.9

PGN-File: C:\Program Files (x86)\Arena\Tournaments\Engine Battle 20250925.pgn

No:  B/W 1/2     W:B       1:2           Time        Value Moves Dep 1:2       1-2-Draws
   7 B 2    1.0:0.0        0.0:7.0       5:51:16 AM  -299.97    17 0:3.867  0-7-0

--------------------------------------------------------------

Engine-Match Friday, September 26, 2025 5:51:17 AM
 Blitz 10/5 

Pairing 1/10 :    V7P3R_v12.2  -  Random_Opponent

PGN-File: C:\Program Files (x86)\Arena\Tournaments\Engine Battle 20250925.pgn

No:  B/W 1/2     W:B       1:2           Time        Value Moves Dep 1:2       1-2-Draws
   8 B 1    1.0:0.0        8.0:0.0       5:53:56 AM  -289.99    10 5.200 :0 8-0-0

--------------------------------------------------------------

Engine-Match Friday, September 26, 2025 5:53:57 AM
 Blitz 10/5 

Pairing 2/10 :    C0BR4_v2.9  -  SlowMate_v3.1

PGN-File: C:\Program Files (x86)\Arena\Tournaments\Engine Battle 20250925.pgn

No:  B/W 1/2     W:B       1:2           Time        Value Moves Dep 1:2       1-2-Draws
   8 B 1    2.0:1.0        7.0:1.0       5:58:22 AM  -299.97    16 3.857 :4.000  6-0-2

--------------------------------------------------------------

Engine-Match Friday, September 26, 2025 5:58:23 AM
 Blitz 10/5 

Pairing 3/10 :    Stockfish 1%  -  C0BR4_v2.9

PGN-File: C:\Program Files (x86)\Arena\Tournaments\Engine Battle 20250925.pgn

No:  B/W 1/2     W:B       1:2           Time        Value Moves Dep 1:2       1-2-Draws
   8 B 1    1.0:0.0        8.0:0.0       5:59:19 AM    -9.32    47 17.423 :4.000  8-0-0

--------------------------------------------------------------

Engine-Match Friday, September 26, 2025 5:59:20 AM
 Blitz 10/5 

Pairing 4/10 :    SlowMate_v3.1  -  V7P3R_v12.2

PGN-File: C:\Program Files (x86)\Arena\Tournaments\Engine Battle 20250925.pgn

No:  B/W 1/2     W:B       1:2           Time        Value Moves Dep 1:2       1-2-Draws
   8 W 2    4.5:3.5        3.5:4.5       6:11:44 AM  +289.99    28 4.238 :5.083  0-1-7

--------------------------------------------------------------

Engine-Match Friday, September 26, 2025 6:11:45 AM
 Blitz 10/5 

Pairing 5/10 :    Random_Opponent  -  SlowMate_v3.1

PGN-File: C:\Program Files (x86)\Arena\Tournaments\Engine Battle 20250925.pgn

No:  B/W 1/2     W:B       1:2           Time        Value Moves Dep 1:2       1-2-Draws
   8 = =    2.5:2.5        2.5:5.5       6:20:47 AM   +47.26    40 0:4.225  0-3-5

--------------------------------------------------------------

Engine-Match Friday, September 26, 2025 6:20:48 AM
 Blitz 10/5 

Pairing 6/10 :    V7P3R_v12.2  -  Stockfish 1%

PGN-File: C:\Program Files (x86)\Arena\Tournaments\Engine Battle 20250925.pgn

No:  B/W 1/2     W:B       1:2           Time        Value Moves Dep 1:2       1-2-Draws
   8 W 2    1.0:0.0        0.0:8.0       6:28:02 AM      +M1    26 5.000 :19.708  0-8-0

--------------------------------------------------------------

Engine-Match Friday, September 26, 2025 6:28:03 AM
 Blitz 10/5 

Pairing 7/10 :    C0BR4_v2.9  -  V7P3R_v12.2

PGN-File: C:\Program Files (x86)\Arena\Tournaments\Engine Battle 20250925.pgn

No:  B/W 1/2     W:B       1:2           Time        Value Moves Dep 1:2       1-2-Draws
   8 W 2    3.5:2.5        2.5:5.5       6:38:21 AM   +14.86    49 4.000 :5.308  0-3-5

--------------------------------------------------------------

Engine-Match Friday, September 26, 2025 6:38:22 AM
 Blitz 10/5 

Pairing 8/10 :    Stockfish 1%  -  Random_Opponent

PGN-File: C:\Program Files (x86)\Arena\Tournaments\Engine Battle 20250925.pgn

No:  B/W 1/2     W:B       1:2           Time        Value Moves Dep 1:2       1-2-Draws
   8 B 1    1.0:0.0        8.0:0.0       6:38:33 AM      -M1    12 23.750 :0 8-0-0

--------------------------------------------------------------

Engine-Match Friday, September 26, 2025 6:38:34 AM
 Blitz 10/5 

Pairing 9/10 :    SlowMate_v3.1  -  Stockfish 1%

PGN-File: C:\Program Files (x86)\Arena\Tournaments\Engine Battle 20250925.pgn

No:  B/W 1/2     W:B       1:2           Time        Value Moves Dep 1:2       1-2-Draws
   8 W 2    1.0:0.0        0.0:8.0       6:43:37 AM      +M1    20 4.579 :21.842  0-8-0

--------------------------------------------------------------

Engine-Match Friday, September 26, 2025 6:43:39 AM
 Blitz 10/5 

Pairing 10/10 :    Random_Opponent  -  C0BR4_v2.9

PGN-File: C:\Program Files (x86)\Arena\Tournaments\Engine Battle 20250925.pgn

No:  B/W 1/2     W:B       1:2           Time        Value Moves Dep 1:2       1-2-Draws
   8 W 2    1.0:0.0        0.0:8.0       6:43:49 AM  +299.97    17 0:3.867  0-8-0

--------------------------------------------------------------

Engine-Match Friday, September 26, 2025 6:43:55 AM
 Blitz 10/5 

Pairing 1/10 :    V7P3R_v12.2  -  Random_Opponent

PGN-File: C:\Program Files (x86)\Arena\Tournaments\Engine Battle 20250925.pgn

No:  B/W 1/2     W:B       1:2           Time        Value Moves Dep 1:2       1-2-Draws
   9 W 1    1.0:0.0        9.0:0.0       6:49:50 AM  +289.98    20 5.059 :0 9-0-0

--------------------------------------------------------------

Engine-Match Friday, September 26, 2025 6:49:51 AM
 Blitz 10/5 

Pairing 2/10 :    C0BR4_v2.9  -  SlowMate_v3.1

PGN-File: C:\Program Files (x86)\Arena\Tournaments\Engine Battle 20250925.pgn

No:  B/W 1/2     W:B       1:2           Time        Value Moves Dep 1:2       1-2-Draws
   9 W 1    2.0:1.0        8.0:1.0       6:59:44 AM  +299.97    44 4.000 :4.417  7-0-2

--------------------------------------------------------------

Engine-Match Friday, September 26, 2025 6:59:46 AM
 Blitz 10/5 

Pairing 3/10 :    Stockfish 1%  -  C0BR4_v2.9

PGN-File: C:\Program Files (x86)\Arena\Tournaments\Engine Battle 20250925.pgn

No:  B/W 1/2     W:B       1:2           Time        Value Moves Dep 1:2       1-2-Draws
   9 W 1    1.0:0.0        9.0:0.0       7:00:11 AM   +14.11    27 16.923 :4.000  9-0-0

--------------------------------------------------------------

Engine-Match Friday, September 26, 2025 7:00:12 AM
 Blitz 10/5 

Pairing 4/10 :    SlowMate_v3.1  -  V7P3R_v12.2

PGN-File: C:\Program Files (x86)\Arena\Tournaments\Engine Battle 20250925.pgn

No:  B/W 1/2     W:B       1:2           Time        Value Moves Dep 1:2       1-2-Draws
   9 B 2    4.5:3.5        3.5:5.5       7:26:16 AM  -289.99    64 3.938 :4.674  0-2-7

--------------------------------------------------------------

Engine-Match Friday, September 26, 2025 7:26:17 AM
 Blitz 10/5 

Pairing 5/10 :    Random_Opponent  -  SlowMate_v3.1

PGN-File: C:\Program Files (x86)\Arena\Tournaments\Engine Battle 20250925.pgn

No:  B/W 1/2     W:B       1:2           Time        Value Moves Dep 1:2       1-2-Draws
   9 = =    3.0:3.0        3.0:6.0       7:36:38 AM  -200.00    48 0:3.688  0-3-6

--------------------------------------------------------------

Engine-Match Friday, September 26, 2025 7:36:39 AM
 Blitz 10/5 

Pairing 6/10 :    V7P3R_v12.2  -  Stockfish 1%

PGN-File: C:\Program Files (x86)\Arena\Tournaments\Engine Battle 20250925.pgn

No:  B/W 1/2     W:B       1:2           Time        Value Moves Dep 1:2       1-2-Draws
   9 B 2    1.0:0.0        0.0:9.0       7:44:49 AM      -M1    32 5.391 :17.720  0-9-0

--------------------------------------------------------------

Engine-Match Friday, September 26, 2025 7:44:50 AM
 Blitz 10/5 

Pairing 7/10 :    C0BR4_v2.9  -  V7P3R_v12.2

PGN-File: C:\Program Files (x86)\Arena\Tournaments\Engine Battle 20250925.pgn

No:  B/W 1/2     W:B       1:2           Time        Value Moves Dep 1:2       1-2-Draws
   9 = =    3.0:3.0        3.0:6.0       7:52:46 AM     0.00    44 4.000 :5.095  0-3-6

--------------------------------------------------------------

Engine-Match Friday, September 26, 2025 7:52:47 AM
 Blitz 10/5 

Pairing 8/10 :    Stockfish 1%  -  Random_Opponent

PGN-File: C:\Program Files (x86)\Arena\Tournaments\Engine Battle 20250925.pgn

No:  B/W 1/2     W:B       1:2           Time        Value Moves Dep 1:2       1-2-Draws
   9 W 1    1.0:0.0        9.0:0.0       7:52:55 AM      +M1     8 25.125 :0 9-0-0

--------------------------------------------------------------

Engine-Match Friday, September 26, 2025 7:52:56 AM
 Blitz 10/5 

Pairing 9/10 :    SlowMate_v3.1  -  Stockfish 1%

PGN-File: C:\Program Files (x86)\Arena\Tournaments\Engine Battle 20250925.pgn

No:  B/W 1/2     W:B       1:2           Time        Value Moves Dep 1:2       1-2-Draws
   9 B 2    1.0:0.0        0.0:9.0       7:58:53 AM      -M1    23 3.870 :20.773  0-9-0

--------------------------------------------------------------

Engine-Match Friday, September 26, 2025 7:58:55 AM
 Blitz 10/5 

Pairing 10/10 :    Random_Opponent  -  C0BR4_v2.9

PGN-File: C:\Program Files (x86)\Arena\Tournaments\Engine Battle 20250925.pgn

No:  B/W 1/2     W:B       1:2           Time        Value Moves Dep 1:2       1-2-Draws
   9 B 2    1.0:0.0        0.0:9.0       7:59:12 AM  -299.97    28 0:4.000  0-9-0

--------------------------------------------------------------

Engine-Match Friday, September 26, 2025 7:59:13 AM
 Blitz 10/5 

Pairing 1/10 :    V7P3R_v12.2  -  Random_Opponent

PGN-File: C:\Program Files (x86)\Arena\Tournaments\Engine Battle 20250925.pgn

No:  B/W 1/2     W:B       1:2           Time        Value Moves Dep 1:2       1-2-Draws
  10 B 1    1.0:0.0        10.0:0.0      8:01:16 AM     0.00     6 5.400 :0 10-0-0

--------------------------------------------------------------

Engine-Match Friday, September 26, 2025 8:01:17 AM
 Blitz 10/5 

Pairing 2/10 :    C0BR4_v2.9  -  SlowMate_v3.1

PGN-File: C:\Program Files (x86)\Arena\Tournaments\Engine Battle 20250925.pgn

No:  B/W 1/2     W:B       1:2           Time        Value Moves Dep 1:2       1-2-Draws
  10 B 1    2.0:1.0        9.0:1.0       8:08:50 AM   -12.22    31 4.000 :4.321  8-0-2

--------------------------------------------------------------

Engine-Match Friday, September 26, 2025 8:08:51 AM
 Blitz 10/5 

Pairing 3/10 :    Stockfish 1%  -  C0BR4_v2.9

PGN-File: C:\Program Files (x86)\Arena\Tournaments\Engine Battle 20250925.pgn

No:  B/W 1/2     W:B       1:2           Time        Value Moves Dep 1:2       1-2-Draws
  10 B 1    1.0:0.0        10.0:0.0      8:09:28 AM      -M1    51 17.050 :4.000  10-0-0

--------------------------------------------------------------

Engine-Match Friday, September 26, 2025 8:09:29 AM
 Blitz 10/5 

Pairing 4/10 :    SlowMate_v3.1  -  V7P3R_v12.2

PGN-File: C:\Program Files (x86)\Arena\Tournaments\Engine Battle 20250925.pgn

No:  B/W 1/2     W:B       1:2           Time        Value Moves Dep 1:2       1-2-Draws
  10 W 2    4.5:3.5        3.5:6.5       8:21:51 AM  +289.99    28 4.238 :5.083  0-3-7

--------------------------------------------------------------

Engine-Match Friday, September 26, 2025 8:21:52 AM
 Blitz 10/5 

Pairing 5/10 :    Random_Opponent  -  SlowMate_v3.1

PGN-File: C:\Program Files (x86)\Arena\Tournaments\Engine Battle 20250925.pgn

No:  B/W 1/2     W:B       1:2           Time        Value Moves Dep 1:2       1-2-Draws
  10 W 2    4.0:3.0        3.0:7.0       8:31:22 AM  +153.74    43 0:4.093  0-4-6

--------------------------------------------------------------

Engine-Match Friday, September 26, 2025 8:31:23 AM
 Blitz 10/5 

Pairing 6/10 :    V7P3R_v12.2  -  Stockfish 1%

PGN-File: C:\Program Files (x86)\Arena\Tournaments\Engine Battle 20250925.pgn

No:  B/W 1/2     W:B       1:2           Time        Value Moves Dep 1:2       1-2-Draws
  10 W 2    1.0:0.0        0.0:10.0      8:39:43 AM      +M1    35 5.190 :17.500  0-10-0

--------------------------------------------------------------

Engine-Match Friday, September 26, 2025 8:39:44 AM
 Blitz 10/5 

Pairing 7/10 :    C0BR4_v2.9  -  V7P3R_v12.2

PGN-File: C:\Program Files (x86)\Arena\Tournaments\Engine Battle 20250925.pgn

No:  B/W 1/2     W:B       1:2           Time        Value Moves Dep 1:2       1-2-Draws
  10 W 2    4.0:3.0        3.0:7.0       8:50:01 AM  +289.99    51 4.000 :5.048  0-4-6

--------------------------------------------------------------

Engine-Match Friday, September 26, 2025 8:50:02 AM
 Blitz 10/5 

Pairing 8/10 :    Stockfish 1%  -  Random_Opponent

PGN-File: C:\Program Files (x86)\Arena\Tournaments\Engine Battle 20250925.pgn

No:  B/W 1/2     W:B       1:2           Time        Value Moves Dep 1:2       1-2-Draws
  10 B 1    1.0:0.0        10.0:0.0      8:50:18 AM      -M1    19 22.947 :0 10-0-0

--------------------------------------------------------------

Engine-Match Friday, September 26, 2025 8:50:19 AM
 Blitz 10/5 

Pairing 9/10 :    SlowMate_v3.1  -  Stockfish 1%

PGN-File: C:\Program Files (x86)\Arena\Tournaments\Engine Battle 20250925.pgn

No:  B/W 1/2     W:B       1:2           Time        Value Moves Dep 1:2       1-2-Draws
  10 W 2    1.0:0.0        0.0:10.0      8:55:22 AM      +M1    20 4.579 :20.895  0-10-0

--------------------------------------------------------------

Engine-Match Friday, September 26, 2025 8:55:23 AM
 Blitz 10/5 

Pairing 10/10 :    Random_Opponent  -  C0BR4_v2.9

PGN-File: C:\Program Files (x86)\Arena\Tournaments\Engine Battle 20250925.pgn

No:  B/W 1/2     W:B       1:2           Time        Value Moves Dep 1:2       1-2-Draws
  10 W 2    1.0:0.0        0.0:10.0      8:55:41 AM  +299.97    19 0:4.000  0-10-0
