Engine-Match Monday, September 15, 2025 11:28:53 PM
 Blitz 1/1 

Pairing 1/21 :    C0BR4_v1.0  -  C0BR4_v2.0

PGN-File: C:\Program Files (x86)\Arena\Tournaments\Engine All Out Battle 20250915.pgn

No:  B/W 1/2     W:B       1:2           Time        Value Moves Dep 1:2       1-2-Draws
   1 W 1    1.0:0.0        1.0:0.0       11:29:24 PM  +299.99    43 4.000 :4.000  1-0-0

--------------------------------------------------------------

Engine-Match Monday, September 15, 2025 11:29:25 PM
 Blitz 1/1 

Pairing 2/21 :    C0BR4_v1.0  -  C0BR4_v2.8

PGN-File: C:\Program Files (x86)\Arena\Tournaments\Engine All Out Battle 20250915.pgn

No:  B/W 1/2     W:B       1:2           Time        Value Moves Dep 1:2       1-2-Draws

--------------------------------------------------------------

Engine-Match Monday, September 15, 2025 11:35:59 PM
 Blitz 1/1 

Pairing 1/18 :    V7P3R_v10.8  -  V7P3R_v5.1

PGN-File: C:\Program Files (x86)\Arena\Tournaments\Engine All Out Battle 20250915.pgn

No:  B/W 1/2     W:B       1:2           Time        Value Moves Dep 1:2       1-2-Draws
   1 W 1    1.0:0.0        1.0:0.0       11:36:37 PM   +10.29     7 3.143 :2.714  1-0-0

--------------------------------------------------------------

Engine-Match Monday, September 15, 2025 11:36:38 PM
 Blitz 1/1 

Pairing 2/18 :    V7P3R_v10.8  -  V7P3R_v6.0

PGN-File: C:\Program Files (x86)\Arena\Tournaments\Engine All Out Battle 20250915.pgn

No:  B/W 1/2     W:B       1:2           Time        Value Moves Dep 1:2       1-2-Draws
   1 W 1    1.0:0.0        1.0:0.0       11:37:06 PM   +26.77     6 3.167 :3.000  1-0-0

--------------------------------------------------------------

Engine-Match Monday, September 15, 2025 11:37:07 PM
 Blitz 1/1 

Pairing 3/18 :    V7P3R_v10.8  -  V7P3R_v7.0

PGN-File: C:\Program Files (x86)\Arena\Tournaments\Engine All Out Battle 20250915.pgn

No:  B/W 1/2     W:B       1:2           Time        Value Moves Dep 1:2       1-2-Draws
   1 B 2    1.0:0.0        0.0:1.0       11:38:21 PM   -18.09     9 3.000 :4.875  0-1-0

--------------------------------------------------------------

Engine-Match Monday, September 15, 2025 11:38:22 PM
 Blitz 1/1 

Pairing 4/18 :    V7P3R_v10.8  -  V7P3R_v8.0

PGN-File: C:\Program Files (x86)\Arena\Tournaments\Engine All Out Battle 20250915.pgn

No:  B/W 1/2     W:B       1:2           Time        Value Moves Dep 1:2       1-2-Draws
   1 W 1    1.0:0.0        1.0:0.0       11:38:45 PM   +80.00     5 3.200 :4.800  1-0-0

--------------------------------------------------------------

Engine-Match Monday, September 15, 2025 11:38:47 PM
 Blitz 1/1 

Pairing 5/18 :    V7P3R_v10.8  -  V7P3R_v9.0

PGN-File: C:\Program Files (x86)\Arena\Tournaments\Engine All Out Battle 20250915.pgn

No:  B/W 1/2     W:B       1:2           Time        Value Moves Dep 1:2       1-2-Draws
   1 W 1    1.0:0.0        1.0:0.0       11:39:11 PM   +90.00     5 3.200 :5.000  1-0-0

--------------------------------------------------------------

Engine-Match Monday, September 15, 2025 11:39:12 PM
 Blitz 1/1 

Pairing 6/18 :    V7P3R_v10.8  -  V7P3R_v10.7

PGN-File: C:\Program Files (x86)\Arena\Tournaments\Engine All Out Battle 20250915.pgn

No:  B/W 1/2     W:B       1:2           Time        Value Moves Dep 1:2       1-2-Draws
   1 W 1    1.0:0.0        1.0:0.0       11:40:48 PM   +13.09    21 2.737 :2.381  1-0-0

--------------------------------------------------------------

Engine-Match Monday, September 15, 2025 11:40:49 PM
 Blitz 1/1 

Pairing 7/18 :    V7P3R_v10.8  -  V7P3R_v10.6

PGN-File: C:\Program Files (x86)\Arena\Tournaments\Engine All Out Battle 20250915.pgn

No:  B/W 1/2     W:B       1:2           Time        Value Moves Dep 1:2       1-2-Draws
   1 W 1    1.0:0.0        1.0:0.0       11:42:24 PM   +10.20    22 2.571 :2.682  1-0-0

--------------------------------------------------------------

Engine-Match Monday, September 15, 2025 11:42:25 PM
 Blitz 1/1 

Pairing 8/18 :    V7P3R_v10.8  -  V7P3R_v10.5

PGN-File: C:\Program Files (x86)\Arena\Tournaments\Engine All Out Battle 20250915.pgn

No:  B/W 1/2     W:B       1:2           Time        Value Moves Dep 1:2       1-2-Draws
   1 W 1    1.0:0.0        1.0:0.0       11:44:57 PM  +289.96    53 3.056 :3.917  1-0-0

--------------------------------------------------------------

Engine-Match Monday, September 15, 2025 11:44:59 PM
 Blitz 1/1 

Pairing 9/18 :    V7P3R_v10.8  -  V7P3R_v10.4

PGN-File: C:\Program Files (x86)\Arena\Tournaments\Engine All Out Battle 20250915.pgn

No:  B/W 1/2     W:B       1:2           Time        Value Moves Dep 1:2       1-2-Draws
   1 = =    0.5:0.5        0.5:0.5       11:46:48 PM    -0.07    27 2.423 :2.370  0-0-1

--------------------------------------------------------------

Engine-Match Monday, September 15, 2025 11:46:49 PM
 Blitz 1/1 

Pairing 10/18 :    V7P3R_v10.8  -  V7P3R_v10.3

PGN-File: C:\Program Files (x86)\Arena\Tournaments\Engine All Out Battle 20250915.pgn

No:  B/W 1/2     W:B       1:2           Time        Value Moves Dep 1:2       1-2-Draws
   1 W 1    1.0:0.0        1.0:0.0       11:48:23 PM   +13.09    21 2.737 :2.333  1-0-0

--------------------------------------------------------------

Engine-Match Monday, September 15, 2025 11:48:25 PM
 Blitz 1/1 

Pairing 11/18 :    V7P3R_v10.8  -  V7P3R_v10.2

PGN-File: C:\Program Files (x86)\Arena\Tournaments\Engine All Out Battle 20250915.pgn

No:  B/W 1/2     W:B       1:2           Time        Value Moves Dep 1:2       1-2-Draws
   1 = =    0.5:0.5        0.5:0.5       11:51:30 PM     0.00    67 2.952 :4.286  0-0-1

--------------------------------------------------------------

Engine-Match Monday, September 15, 2025 11:51:31 PM
 Blitz 1/1 

Pairing 12/18 :    V7P3R_v10.8  -  V7P3R_v10.0

PGN-File: C:\Program Files (x86)\Arena\Tournaments\Engine All Out Battle 20250915.pgn

No:  B/W 1/2     W:B       1:2           Time        Value Moves Dep 1:2       1-2-Draws
   1 B 2    1.0:0.0        0.0:1.0       11:53:37 PM   -12.28    26 3.077 :4.080  0-1-0

--------------------------------------------------------------

Engine-Match Monday, September 15, 2025 11:53:38 PM
 Blitz 1/1 

Pairing 13/18 :    V7P3R_v10.8  -  SlowMate_v3.1

PGN-File: C:\Program Files (x86)\Arena\Tournaments\Engine All Out Battle 20250915.pgn

No:  B/W 1/2     W:B       1:2           Time        Value Moves Dep 1:2       1-2-Draws
   1 B 2    1.0:0.0        0.0:1.0       11:57:26 PM   -14.89    72 2.958 :2.957  0-1-0

--------------------------------------------------------------

Engine-Match Monday, September 15, 2025 11:57:27 PM
 Blitz 1/1 

Pairing 14/18 :    V7P3R_v10.8  -  Random_Opponent

PGN-File: C:\Program Files (x86)\Arena\Tournaments\Engine All Out Battle 20250915.pgn

No:  B/W 1/2     W:B       1:2           Time        Value Moves Dep 1:2       1-2-Draws
   1 W 1    1.0:0.0        1.0:0.0       11:58:07 PM  +289.96    17 3.294 :0 1-0-0

--------------------------------------------------------------

Engine-Match Monday, September 15, 2025 11:58:08 PM
 Blitz 1/1 

Pairing 15/18 :    V7P3R_v10.8  -  C0BR4_v1.0

PGN-File: C:\Program Files (x86)\Arena\Tournaments\Engine All Out Battle 20250915.pgn

No:  B/W 1/2     W:B       1:2           Time        Value Moves Dep 1:2       1-2-Draws
   1 W 1    1.0:0.0        1.0:0.0       11:58:26 PM    +7.17     5 3.500 :4.000  1-0-0

--------------------------------------------------------------

Engine-Match Monday, September 15, 2025 11:58:27 PM
 Blitz 1/1 

Pairing 16/18 :    V7P3R_v10.8  -  C0BR4_v2.0

PGN-File: C:\Program Files (x86)\Arena\Tournaments\Engine All Out Battle 20250915.pgn

No:  B/W 1/2     W:B       1:2           Time        Value Moves Dep 1:2       1-2-Draws
   1 = =    0.5:0.5        0.5:0.5       11:59:49 PM    -5.22    32 2.833 :4.000  0-0-1

--------------------------------------------------------------

Engine-Match Monday, September 15, 2025 11:59:50 PM
 Blitz 1/1 

Pairing 17/18 :    V7P3R_v10.8  -  C0BR4_v2.9

PGN-File: C:\Program Files (x86)\Arena\Tournaments\Engine All Out Battle 20250915.pgn

No:  B/W 1/2     W:B       1:2           Time        Value Moves Dep 1:2       1-2-Draws
   1 W 1    1.0:0.0        1.0:0.0       12:01:32 AM     0.00    45 2.846 :4.000  1-0-0

--------------------------------------------------------------

Engine-Match Tuesday, September 16, 2025 12:01:33 AM
 Blitz 1/1 

Pairing 18/18 :    V7P3R_v10.8  -  Stockfish 1%

PGN-File: C:\Program Files (x86)\Arena\Tournaments\Engine All Out Battle 20250915.pgn

No:  B/W 1/2     W:B       1:2           Time        Value Moves Dep 1:2       1-2-Draws
   1 B 2    1.0:0.0        0.0:1.0       12:03:32 AM   -24.95    68 2.953 :7.000  0-1-0

--------------------------------------------------------------

Engine-Match Tuesday, September 16, 2025 12:03:33 AM
 Blitz 1/1 

Pairing 1/18 :    V7P3R_v10.8  -  V7P3R_v5.1

PGN-File: C:\Program Files (x86)\Arena\Tournaments\Engine All Out Battle 20250915.pgn

No:  B/W 1/2     W:B       1:2           Time        Value Moves Dep 1:2       1-2-Draws
   2 B 1    1.0:0.0        2.0:0.0       12:04:29 AM   -40.94    11 3.222 :3.091  2-0-0

--------------------------------------------------------------

Engine-Match Tuesday, September 16, 2025 12:04:30 AM
 Blitz 1/1 

Pairing 2/18 :    V7P3R_v10.8  -  V7P3R_v6.0

PGN-File: C:\Program Files (x86)\Arena\Tournaments\Engine All Out Battle 20250915.pgn

No:  B/W 1/2     W:B       1:2           Time        Value Moves Dep 1:2       1-2-Draws
   2 B 1    1.0:0.0        2.0:0.0       12:05:03 AM  -289.96     7 3.167 :3.000  2-0-0

--------------------------------------------------------------

Engine-Match Tuesday, September 16, 2025 12:05:10 AM
 Blitz 1/1 

Pairing 3/18 :    V7P3R_v10.8  -  V7P3R_v7.0

PGN-File: C:\Program Files (x86)\Arena\Tournaments\Engine All Out Battle 20250915.pgn

No:  B/W 1/2     W:B       1:2           Time        Value Moves Dep 1:2       1-2-Draws
   2 W 2    1.0:0.0        0.0:2.0       12:07:44 AM   +16.25    34 3.000 :4.621  0-2-0

--------------------------------------------------------------

Engine-Match Tuesday, September 16, 2025 12:07:46 AM
 Blitz 1/1 

Pairing 4/18 :    V7P3R_v10.8  -  V7P3R_v8.0

PGN-File: C:\Program Files (x86)\Arena\Tournaments\Engine All Out Battle 20250915.pgn

No:  B/W 1/2     W:B       1:2           Time        Value Moves Dep 1:2       1-2-Draws
   2 B 1    1.0:0.0        2.0:0.0       12:09:39 AM  -311.00    38 3.080 :4.500  2-0-0

--------------------------------------------------------------

Engine-Match Tuesday, September 16, 2025 12:09:40 AM
 Blitz 1/1 

Pairing 5/18 :    V7P3R_v10.8  -  V7P3R_v9.0

PGN-File: C:\Program Files (x86)\Arena\Tournaments\Engine All Out Battle 20250915.pgn

No:  B/W 1/2     W:B       1:2           Time        Value Moves Dep 1:2       1-2-Draws
   2 B 1    1.0:0.0        2.0:0.0       12:10:31 AM    -M500    12 3.182 :5.083  2-0-0

--------------------------------------------------------------

Engine-Match Tuesday, September 16, 2025 12:10:32 AM
 Blitz 1/1 

Pairing 6/18 :    V7P3R_v10.8  -  V7P3R_v10.7

PGN-File: C:\Program Files (x86)\Arena\Tournaments\Engine All Out Battle 20250915.pgn

No:  B/W 1/2     W:B       1:2           Time        Value Moves Dep 1:2       1-2-Draws
   2 B 1    1.0:0.0        2.0:0.0       12:11:19 AM   -19.90     8 3.000 :2.500  2-0-0

--------------------------------------------------------------

Engine-Match Tuesday, September 16, 2025 12:11:21 AM
 Blitz 1/1 

Pairing 7/18 :    V7P3R_v10.8  -  V7P3R_v10.6

PGN-File: C:\Program Files (x86)\Arena\Tournaments\Engine All Out Battle 20250915.pgn

No:  B/W 1/2     W:B       1:2           Time        Value Moves Dep 1:2       1-2-Draws
   2 W 2    1.0:0.0        1.0:1.0       12:14:19 AM   +40.78    48 2.354 :2.319  1-1-0

--------------------------------------------------------------

Engine-Match Tuesday, September 16, 2025 12:14:20 AM
 Blitz 1/1 

Pairing 8/18 :    V7P3R_v10.8  -  V7P3R_v10.5

PGN-File: C:\Program Files (x86)\Arena\Tournaments\Engine All Out Battle 20250915.pgn

No:  B/W 1/2     W:B       1:2           Time        Value Moves Dep 1:2       1-2-Draws
   2 B 1    1.0:0.0        2.0:0.0       12:16:44 AM   -23.10    53 2.818 :3.875  2-0-0

--------------------------------------------------------------

Engine-Match Tuesday, September 16, 2025 12:16:45 AM
 Blitz 1/1 

Pairing 9/18 :    V7P3R_v10.8  -  V7P3R_v10.4

PGN-File: C:\Program Files (x86)\Arena\Tournaments\Engine All Out Battle 20250915.pgn

No:  B/W 1/2     W:B       1:2           Time        Value Moves Dep 1:2       1-2-Draws
   2 W 2    1.5:0.5        0.5:1.5       12:20:09 AM   +20.60    59 2.536 :2.456  0-1-1

--------------------------------------------------------------

Engine-Match Tuesday, September 16, 2025 12:20:10 AM
 Blitz 1/1 

Pairing 10/18 :    V7P3R_v10.8  -  V7P3R_v10.3

PGN-File: C:\Program Files (x86)\Arena\Tournaments\Engine All Out Battle 20250915.pgn

No:  B/W 1/2     W:B       1:2           Time        Value Moves Dep 1:2       1-2-Draws
   2 B 1    1.0:0.0        2.0:0.0       12:21:04 AM   -18.67     8 3.143 :2.750  2-0-0

--------------------------------------------------------------

Engine-Match Tuesday, September 16, 2025 12:21:05 AM
 Blitz 1/1 

Pairing 11/18 :    V7P3R_v10.8  -  V7P3R_v10.2

PGN-File: C:\Program Files (x86)\Arena\Tournaments\Engine All Out Battle 20250915.pgn

No:  B/W 1/2     W:B       1:2           Time        Value Moves Dep 1:2       1-2-Draws
   2 B 1    1.5:0.5        1.5:0.5       12:23:04 AM  -289.95    28 2.821 :4.150  1-0-1

--------------------------------------------------------------

Engine-Match Tuesday, September 16, 2025 12:23:06 AM
 Blitz 1/1 

Pairing 12/18 :    V7P3R_v10.8  -  V7P3R_v10.0

PGN-File: C:\Program Files (x86)\Arena\Tournaments\Engine All Out Battle 20250915.pgn

No:  B/W 1/2     W:B       1:2           Time        Value Moves Dep 1:2       1-2-Draws
   2 W 2    1.0:0.0        0.0:2.0       12:24:55 AM   +38.56    28 3.105 :4.350  0-2-0

--------------------------------------------------------------

Engine-Match Tuesday, September 16, 2025 12:24:56 AM
 Blitz 1/1 

Pairing 13/18 :    V7P3R_v10.8  -  SlowMate_v3.1

PGN-File: C:\Program Files (x86)\Arena\Tournaments\Engine All Out Battle 20250915.pgn

No:  B/W 1/2     W:B       1:2           Time        Value Moves Dep 1:2       1-2-Draws
   2 = =    0.5:0.5        0.5:1.5       12:28:28 AM  +159.64    66 2.857 :2.867  0-1-1

--------------------------------------------------------------

Engine-Match Tuesday, September 16, 2025 12:28:30 AM
 Blitz 1/1 

Pairing 14/18 :    V7P3R_v10.8  -  Random_Opponent

PGN-File: C:\Program Files (x86)\Arena\Tournaments\Engine All Out Battle 20250915.pgn

No:  B/W 1/2     W:B       1:2           Time        Value Moves Dep 1:2       1-2-Draws
   2 B 1    1.0:0.0        2.0:0.0       12:28:59 AM  -289.96    11 3.091 :0 2-0-0

--------------------------------------------------------------

Engine-Match Tuesday, September 16, 2025 12:29:00 AM
 Blitz 1/1 

Pairing 15/18 :    V7P3R_v10.8  -  C0BR4_v1.0

PGN-File: C:\Program Files (x86)\Arena\Tournaments\Engine All Out Battle 20250915.pgn

No:  B/W 1/2     W:B       1:2           Time        Value Moves Dep 1:2       1-2-Draws
   2 B 1    1.0:0.0        2.0:0.0       12:29:38 AM    -3.84    15 3.071 :4.000  2-0-0

--------------------------------------------------------------

Engine-Match Tuesday, September 16, 2025 12:29:39 AM
 Blitz 1/1 

Pairing 16/18 :    V7P3R_v10.8  -  C0BR4_v2.0

PGN-File: C:\Program Files (x86)\Arena\Tournaments\Engine All Out Battle 20250915.pgn

No:  B/W 1/2     W:B       1:2           Time        Value Moves Dep 1:2       1-2-Draws
   2 B 1    1.5:0.5        1.5:0.5       12:31:18 AM     0.00    49 3.000 :4.000  1-0-1

--------------------------------------------------------------

Engine-Match Tuesday, September 16, 2025 12:31:19 AM
 Blitz 1/1 

Pairing 17/18 :    V7P3R_v10.8  -  C0BR4_v2.9

PGN-File: C:\Program Files (x86)\Arena\Tournaments\Engine All Out Battle 20250915.pgn

No:  B/W 1/2     W:B       1:2           Time        Value Moves Dep 1:2       1-2-Draws
   2 W 2    1.0:0.0        1.0:1.0       12:32:16 AM   +28.22    22 2.905 :4.000  1-1-0

--------------------------------------------------------------

Engine-Match Tuesday, September 16, 2025 12:32:17 AM
 Blitz 1/1 

Pairing 18/18 :    V7P3R_v10.8  -  Stockfish 1%

PGN-File: C:\Program Files (x86)\Arena\Tournaments\Engine All Out Battle 20250915.pgn

No:  B/W 1/2     W:B       1:2           Time        Value Moves Dep 1:2       1-2-Draws
   2 B 1    1.0:0.0        1.0:1.0       12:33:57 AM  -289.97    62 2.860 :7.400  1-1-0

--------------------------------------------------------------

Engine-Match Tuesday, September 16, 2025 12:33:59 AM
 Blitz 1/1 

Pairing 1/18 :    V7P3R_v10.8  -  V7P3R_v5.1

PGN-File: C:\Program Files (x86)\Arena\Tournaments\Engine All Out Battle 20250915.pgn

No:  B/W 1/2     W:B       1:2           Time        Value Moves Dep 1:2       1-2-Draws
   3 W 1    1.0:0.0        3.0:0.0       12:34:30 AM   +10.29     7 3.333 :2.714  3-0-0

--------------------------------------------------------------

Engine-Match Tuesday, September 16, 2025 12:34:32 AM
 Blitz 1/1 

Pairing 2/18 :    V7P3R_v10.8  -  V7P3R_v6.0

PGN-File: C:\Program Files (x86)\Arena\Tournaments\Engine All Out Battle 20250915.pgn

No:  B/W 1/2     W:B       1:2           Time        Value Moves Dep 1:2       1-2-Draws
   3 W 1    1.0:0.0        3.0:0.0       12:34:58 AM    +M500     6 3.167 :3.000  3-0-0

--------------------------------------------------------------

Engine-Match Tuesday, September 16, 2025 12:34:59 AM
 Blitz 1/1 

Pairing 3/18 :    V7P3R_v10.8  -  V7P3R_v7.0

PGN-File: C:\Program Files (x86)\Arena\Tournaments\Engine All Out Battle 20250915.pgn

No:  B/W 1/2     W:B       1:2           Time        Value Moves Dep 1:2       1-2-Draws
   3 = =    0.5:0.5        0.5:2.5       12:38:43 AM    -M500    64 2.970 :4.667  0-2-1

--------------------------------------------------------------

Engine-Match Tuesday, September 16, 2025 12:38:44 AM
 Blitz 1/1 

Pairing 4/18 :    V7P3R_v10.8  -  V7P3R_v8.0

PGN-File: C:\Program Files (x86)\Arena\Tournaments\Engine All Out Battle 20250915.pgn

No:  B/W 1/2     W:B       1:2           Time        Value Moves Dep 1:2       1-2-Draws
   3 W 1    1.0:0.0        3.0:0.0       12:39:07 AM   +80.00     5 3.200 :5.000  3-0-0

--------------------------------------------------------------

Engine-Match Tuesday, September 16, 2025 12:39:14 AM
 Blitz 1/1 

Pairing 5/18 :    V7P3R_v10.8  -  V7P3R_v9.0

PGN-File: C:\Program Files (x86)\Arena\Tournaments\Engine All Out Battle 20250915.pgn

No:  B/W 1/2     W:B       1:2           Time        Value Moves Dep 1:2       1-2-Draws
   3 W 1    1.0:0.0        3.0:0.0       12:39:38 AM   +90.00     5 3.200 :5.000  3-0-0

--------------------------------------------------------------

Engine-Match Tuesday, September 16, 2025 12:39:40 AM
 Blitz 1/1 

Pairing 6/18 :    V7P3R_v10.8  -  V7P3R_v10.7

PGN-File: C:\Program Files (x86)\Arena\Tournaments\Engine All Out Battle 20250915.pgn

No:  B/W 1/2     W:B       1:2           Time        Value Moves Dep 1:2       1-2-Draws
   3 W 1    1.0:0.0        3.0:0.0       12:41:05 AM   +13.09    21 2.684 :2.333  3-0-0

--------------------------------------------------------------

Engine-Match Tuesday, September 16, 2025 12:41:07 AM
 Blitz 1/1 

Pairing 7/18 :    V7P3R_v10.8  -  V7P3R_v10.6

PGN-File: C:\Program Files (x86)\Arena\Tournaments\Engine All Out Battle 20250915.pgn

No:  B/W 1/2     W:B       1:2           Time        Value Moves Dep 1:2       1-2-Draws
   3 W 1    1.0:0.0        2.0:1.0       12:44:32 AM   +20.60    59 2.439 :2.536  2-1-0

--------------------------------------------------------------

Engine-Match Tuesday, September 16, 2025 12:44:33 AM
 Blitz 1/1 

Pairing 8/18 :    V7P3R_v10.8  -  V7P3R_v10.5

PGN-File: C:\Program Files (x86)\Arena\Tournaments\Engine All Out Battle 20250915.pgn

No:  B/W 1/2     W:B       1:2           Time        Value Moves Dep 1:2       1-2-Draws
   3 = =    0.5:0.5        2.5:0.5       12:47:08 AM     0.00    45 2.795 :3.500  2-0-1

--------------------------------------------------------------

Engine-Match Tuesday, September 16, 2025 12:47:10 AM
 Blitz 1/1 

Pairing 9/18 :    V7P3R_v10.8  -  V7P3R_v10.4

PGN-File: C:\Program Files (x86)\Arena\Tournaments\Engine All Out Battle 20250915.pgn

No:  B/W 1/2     W:B       1:2           Time        Value Moves Dep 1:2       1-2-Draws
   3 = =    1.0:1.0        1.0:2.0       12:49:34 AM    -0.07    36 2.371 :2.400  0-1-2

--------------------------------------------------------------

Engine-Match Tuesday, September 16, 2025 12:49:35 AM
 Blitz 1/1 

Pairing 10/18 :    V7P3R_v10.8  -  V7P3R_v10.3

PGN-File: C:\Program Files (x86)\Arena\Tournaments\Engine All Out Battle 20250915.pgn

No:  B/W 1/2     W:B       1:2           Time        Value Moves Dep 1:2       1-2-Draws
   3 W 1    1.0:0.0        3.0:0.0       12:51:10 AM   +13.09    21 2.789 :2.333  3-0-0

--------------------------------------------------------------

Engine-Match Tuesday, September 16, 2025 12:51:12 AM
 Blitz 1/1 

Pairing 11/18 :    V7P3R_v10.8  -  V7P3R_v10.2

PGN-File: C:\Program Files (x86)\Arena\Tournaments\Engine All Out Battle 20250915.pgn

No:  B/W 1/2     W:B       1:2           Time        Value Moves Dep 1:2       1-2-Draws
   3 = =    1.0:1.0        2.0:1.0       12:53:56 AM     0.00    46 3.105 :4.267  1-0-2

--------------------------------------------------------------

Engine-Match Tuesday, September 16, 2025 12:53:58 AM
 Blitz 1/1 

Pairing 12/18 :    V7P3R_v10.8  -  V7P3R_v10.0

PGN-File: C:\Program Files (x86)\Arena\Tournaments\Engine All Out Battle 20250915.pgn

No:  B/W 1/2     W:B       1:2           Time        Value Moves Dep 1:2       1-2-Draws
   3 = =    0.5:0.5        0.5:2.5       12:56:08 AM    +1.01    35 3.000 :4.176  0-2-1

--------------------------------------------------------------

Engine-Match Tuesday, September 16, 2025 12:56:09 AM
 Blitz 1/1 

Pairing 13/18 :    V7P3R_v10.8  -  SlowMate_v3.1

PGN-File: C:\Program Files (x86)\Arena\Tournaments\Engine All Out Battle 20250915.pgn

No:  B/W 1/2     W:B       1:2           Time        Value Moves Dep 1:2       1-2-Draws
   3 = =    1.0:1.0        1.0:2.0       12:59:55 AM    -8.10    74 2.844 :2.848  0-1-2

--------------------------------------------------------------

Engine-Match Tuesday, September 16, 2025 12:59:56 AM
 Blitz 1/1 

Pairing 14/18 :    V7P3R_v10.8  -  Random_Opponent

PGN-File: C:\Program Files (x86)\Arena\Tournaments\Engine All Out Battle 20250915.pgn

No:  B/W 1/2     W:B       1:2           Time        Value Moves Dep 1:2       1-2-Draws
   3 W 1    1.0:0.0        3.0:0.0       1:00:31 AM  +289.97    13 3.154 :0 3-0-0

--------------------------------------------------------------

Engine-Match Tuesday, September 16, 2025 1:00:33 AM
 Blitz 1/1 

Pairing 15/18 :    V7P3R_v10.8  -  C0BR4_v1.0

PGN-File: C:\Program Files (x86)\Arena\Tournaments\Engine All Out Battle 20250915.pgn

No:  B/W 1/2     W:B       1:2           Time        Value Moves Dep 1:2       1-2-Draws
   3 W 1    1.0:0.0        3.0:0.0       1:00:48 AM    +7.03     5 3.167 :4.000  3-0-0

--------------------------------------------------------------

Engine-Match Tuesday, September 16, 2025 1:00:49 AM
 Blitz 1/1 

Pairing 16/18 :    V7P3R_v10.8  -  C0BR4_v2.0

PGN-File: C:\Program Files (x86)\Arena\Tournaments\Engine All Out Battle 20250915.pgn

No:  B/W 1/2     W:B       1:2           Time        Value Moves Dep 1:2       1-2-Draws
   3 W 1    1.5:0.5        2.5:0.5       1:01:06 AM    +9.95     7 3.125 :4.000  2-0-1

--------------------------------------------------------------

Engine-Match Tuesday, September 16, 2025 1:01:07 AM
 Blitz 1/1 

Pairing 17/18 :    V7P3R_v10.8  -  C0BR4_v2.9

PGN-File: C:\Program Files (x86)\Arena\Tournaments\Engine All Out Battle 20250915.pgn

No:  B/W 1/2     W:B       1:2           Time        Value Moves Dep 1:2       1-2-Draws
   3 B 2    1.0:0.0        1.0:2.0       1:03:31 AM   -10.34    83 2.889 :4.000  1-2-0

--------------------------------------------------------------

Engine-Match Tuesday, September 16, 2025 1:03:32 AM
 Blitz 1/1 

Pairing 18/18 :    V7P3R_v10.8  -  Stockfish 1%

PGN-File: C:\Program Files (x86)\Arena\Tournaments\Engine All Out Battle 20250915.pgn

No:  B/W 1/2     W:B       1:2           Time        Value Moves Dep 1:2       1-2-Draws
   3 B 2    1.0:0.0        1.0:2.0       1:05:13 AM   -23.33    64 2.962 :8.000  1-2-0

--------------------------------------------------------------

Engine-Match Tuesday, September 16, 2025 1:05:14 AM
 Blitz 1/1 

Pairing 1/18 :    V7P3R_v10.8  -  V7P3R_v5.1

PGN-File: C:\Program Files (x86)\Arena\Tournaments\Engine All Out Battle 20250915.pgn

No:  B/W 1/2     W:B       1:2           Time        Value Moves Dep 1:2       1-2-Draws
   4 B 1    1.0:0.0        4.0:0.0       1:06:08 AM   -42.35    12 3.182 :3.083  4-0-0

--------------------------------------------------------------

Engine-Match Tuesday, September 16, 2025 1:06:09 AM
 Blitz 1/1 

Pairing 2/18 :    V7P3R_v10.8  -  V7P3R_v6.0

PGN-File: C:\Program Files (x86)\Arena\Tournaments\Engine All Out Battle 20250915.pgn

No:  B/W 1/2     W:B       1:2           Time        Value Moves Dep 1:2       1-2-Draws
   4 B 1    1.0:0.0        4.0:0.0       1:06:42 AM  -289.96     7 3.167 :3.000  4-0-0

--------------------------------------------------------------

Engine-Match Tuesday, September 16, 2025 1:06:44 AM
 Blitz 1/1 

Pairing 3/18 :    V7P3R_v10.8  -  V7P3R_v7.0

PGN-File: C:\Program Files (x86)\Arena\Tournaments\Engine All Out Battle 20250915.pgn

No:  B/W 1/2     W:B       1:2           Time        Value Moves Dep 1:2       1-2-Draws
   4 B 1    1.5:0.5        1.5:2.5       1:09:21 AM   -11.00    38 3.389 :5.043  1-2-1

--------------------------------------------------------------

Engine-Match Tuesday, September 16, 2025 1:09:22 AM
 Blitz 1/1 

Pairing 4/18 :    V7P3R_v10.8  -  V7P3R_v8.0

PGN-File: C:\Program Files (x86)\Arena\Tournaments\Engine All Out Battle 20250915.pgn

No:  B/W 1/2     W:B       1:2           Time        Value Moves Dep 1:2       1-2-Draws
   4 B 1    1.0:0.0        4.0:0.0       1:11:16 AM    -M500    35 3.000 :4.515  4-0-0

--------------------------------------------------------------

Engine-Match Tuesday, September 16, 2025 1:11:17 AM
 Blitz 1/1 

Pairing 5/18 :    V7P3R_v10.8  -  V7P3R_v9.0

PGN-File: C:\Program Files (x86)\Arena\Tournaments\Engine All Out Battle 20250915.pgn

No:  B/W 1/2     W:B       1:2           Time        Value Moves Dep 1:2       1-2-Draws
   4 B 1    1.0:0.0        4.0:0.0       1:11:57 AM  -210.00    10 3.111 :5.200  4-0-0

--------------------------------------------------------------

Engine-Match Tuesday, September 16, 2025 1:11:58 AM
 Blitz 1/1 

Pairing 6/18 :    V7P3R_v10.8  -  V7P3R_v10.7

PGN-File: C:\Program Files (x86)\Arena\Tournaments\Engine All Out Battle 20250915.pgn

No:  B/W 1/2     W:B       1:2           Time        Value Moves Dep 1:2       1-2-Draws
   4 B 1    1.0:0.0        4.0:0.0       1:12:46 AM   -19.90     8 3.000 :2.500  4-0-0

--------------------------------------------------------------

Engine-Match Tuesday, September 16, 2025 1:12:53 AM
 Blitz 1/1 

Pairing 7/18 :    V7P3R_v10.8  -  V7P3R_v10.6

PGN-File: C:\Program Files (x86)\Arena\Tournaments\Engine All Out Battle 20250915.pgn

No:  B/W 1/2     W:B       1:2           Time        Value Moves Dep 1:2       1-2-Draws
   4 B 1    1.0:0.0        3.0:1.0       1:16:06 AM   -26.04    70 2.918 :2.872  3-1-0

--------------------------------------------------------------

Engine-Match Tuesday, September 16, 2025 1:16:08 AM
 Blitz 1/1 

Pairing 8/18 :    V7P3R_v10.8  -  V7P3R_v10.5

PGN-File: C:\Program Files (x86)\Arena\Tournaments\Engine All Out Battle 20250915.pgn

No:  B/W 1/2     W:B       1:2           Time        Value Moves Dep 1:2       1-2-Draws
   4 = =    1.0:1.0        3.0:1.0       1:18:27 AM    -0.32    58 2.864 :3.875  2-0-2

--------------------------------------------------------------

Engine-Match Tuesday, September 16, 2025 1:18:29 AM
 Blitz 1/1 

Pairing 9/18 :    V7P3R_v10.8  -  V7P3R_v10.4

PGN-File: C:\Program Files (x86)\Arena\Tournaments\Engine All Out Battle 20250915.pgn

No:  B/W 1/2     W:B       1:2           Time        Value Moves Dep 1:2       1-2-Draws
   4 = =    1.5:1.5        1.5:2.5       1:21:48 AM   +11.45    56 2.396 :2.306  0-1-3

--------------------------------------------------------------

Engine-Match Tuesday, September 16, 2025 1:21:50 AM
 Blitz 1/1 

Pairing 10/18 :    V7P3R_v10.8  -  V7P3R_v10.3

PGN-File: C:\Program Files (x86)\Arena\Tournaments\Engine All Out Battle 20250915.pgn

No:  B/W 1/2     W:B       1:2           Time        Value Moves Dep 1:2       1-2-Draws
   4 B 1    1.0:0.0        4.0:0.0       1:22:34 AM   -21.12     8 3.143 :2.500  4-0-0

--------------------------------------------------------------

Engine-Match Tuesday, September 16, 2025 1:22:36 AM
 Blitz 1/1 

Pairing 11/18 :    V7P3R_v10.8  -  V7P3R_v10.2

PGN-File: C:\Program Files (x86)\Arena\Tournaments\Engine All Out Battle 20250915.pgn

No:  B/W 1/2     W:B       1:2           Time        Value Moves Dep 1:2       1-2-Draws
   4 B 1    2.0:1.0        3.0:1.0       1:24:37 AM  -289.96    31 2.955 :4.056  2-0-2

--------------------------------------------------------------

Engine-Match Tuesday, September 16, 2025 1:24:39 AM
 Blitz 1/1 

Pairing 12/18 :    V7P3R_v10.8  -  V7P3R_v10.0

PGN-File: C:\Program Files (x86)\Arena\Tournaments\Engine All Out Battle 20250915.pgn

No:  B/W 1/2     W:B       1:2           Time        Value Moves Dep 1:2       1-2-Draws
   4 = =    1.0:1.0        1.0:3.0       1:26:28 AM    -0.53    23 2.957 :4.130  0-2-2

--------------------------------------------------------------

Engine-Match Tuesday, September 16, 2025 1:26:30 AM
 Blitz 1/1 

Pairing 13/18 :    V7P3R_v10.8  -  SlowMate_v3.1

PGN-File: C:\Program Files (x86)\Arena\Tournaments\Engine All Out Battle 20250915.pgn

No:  B/W 1/2     W:B       1:2           Time        Value Moves Dep 1:2       1-2-Draws
   4 = =    1.5:1.5        1.5:2.5       1:29:43 AM    -5.65    58 2.857 :2.867  0-1-3

--------------------------------------------------------------

Engine-Match Tuesday, September 16, 2025 1:29:44 AM
 Blitz 1/1 

Pairing 14/18 :    V7P3R_v10.8  -  Random_Opponent

PGN-File: C:\Program Files (x86)\Arena\Tournaments\Engine All Out Battle 20250915.pgn

No:  B/W 1/2     W:B       1:2           Time        Value Moves Dep 1:2       1-2-Draws
   4 B 1    1.0:0.0        4.0:0.0       1:29:53 AM  -289.96     4 3.250 :0 4-0-0

--------------------------------------------------------------

Engine-Match Tuesday, September 16, 2025 1:29:54 AM
 Blitz 1/1 

Pairing 15/18 :    V7P3R_v10.8  -  C0BR4_v1.0

PGN-File: C:\Program Files (x86)\Arena\Tournaments\Engine All Out Battle 20250915.pgn

No:  B/W 1/2     W:B       1:2           Time        Value Moves Dep 1:2       1-2-Draws
   4 B 1    1.0:0.0        4.0:0.0       1:30:33 AM    -3.84    15 3.143 :4.000  4-0-0

--------------------------------------------------------------

Engine-Match Tuesday, September 16, 2025 1:30:34 AM
 Blitz 1/1 

Pairing 16/18 :    V7P3R_v10.8  -  C0BR4_v2.0

PGN-File: C:\Program Files (x86)\Arena\Tournaments\Engine All Out Battle 20250915.pgn

No:  B/W 1/2     W:B       1:2           Time        Value Moves Dep 1:2       1-2-Draws
   4 B 1    1.5:0.5        3.5:0.5       1:31:49 AM     0.00    36 3.136 :4.000  3-0-1

--------------------------------------------------------------

Engine-Match Tuesday, September 16, 2025 1:31:50 AM
 Blitz 1/1 

Pairing 17/18 :    V7P3R_v10.8  -  C0BR4_v2.9

PGN-File: C:\Program Files (x86)\Arena\Tournaments\Engine All Out Battle 20250915.pgn

No:  B/W 1/2     W:B       1:2           Time        Value Moves Dep 1:2       1-2-Draws
   4 = =    0.5:0.5        1.5:2.5       1:32:48 AM    +1.83    25 2.955 :4.000  1-2-1

--------------------------------------------------------------

Engine-Match Tuesday, September 16, 2025 1:32:49 AM
 Blitz 1/1 

Pairing 18/18 :    V7P3R_v10.8  -  Stockfish 1%

PGN-File: C:\Program Files (x86)\Arena\Tournaments\Engine All Out Battle 20250915.pgn

No:  B/W 1/2     W:B       1:2           Time        Value Moves Dep 1:2       1-2-Draws
   4 W 2    1.0:0.0        1.0:3.0       1:33:59 AM   +12.15    32 2.968 :6.400  1-3-0

--------------------------------------------------------------

Engine-Match Tuesday, September 16, 2025 1:34:01 AM
 Blitz 1/1 

Pairing 1/18 :    V7P3R_v10.8  -  V7P3R_v5.1

PGN-File: C:\Program Files (x86)\Arena\Tournaments\Engine All Out Battle 20250915.pgn

No:  B/W 1/2     W:B       1:2           Time        Value Moves Dep 1:2       1-2-Draws
   5 W 1    1.0:0.0        5.0:0.0       1:34:33 AM   +10.29     7 3.333 :2.714  5-0-0

--------------------------------------------------------------

Engine-Match Tuesday, September 16, 2025 1:34:35 AM
 Blitz 1/1 

Pairing 2/18 :    V7P3R_v10.8  -  V7P3R_v6.0

PGN-File: C:\Program Files (x86)\Arena\Tournaments\Engine All Out Battle 20250915.pgn

No:  B/W 1/2     W:B       1:2           Time        Value Moves Dep 1:2       1-2-Draws
   5 W 1    1.0:0.0        5.0:0.0       1:35:02 AM    +M500     6 3.167 :3.000  5-0-0

--------------------------------------------------------------

Engine-Match Tuesday, September 16, 2025 1:35:03 AM
 Blitz 1/1 

Pairing 3/18 :    V7P3R_v10.8  -  V7P3R_v7.0

PGN-File: C:\Program Files (x86)\Arena\Tournaments\Engine All Out Battle 20250915.pgn

No:  B/W 1/2     W:B       1:2           Time        Value Moves Dep 1:2       1-2-Draws
   5 B 2    1.5:0.5        1.5:3.5       1:37:50 AM    -M500    42 3.160 :4.885  1-3-1

--------------------------------------------------------------

Engine-Match Tuesday, September 16, 2025 1:37:52 AM
 Blitz 1/1 

Pairing 4/18 :    V7P3R_v10.8  -  V7P3R_v8.0

PGN-File: C:\Program Files (x86)\Arena\Tournaments\Engine All Out Battle 20250915.pgn

No:  B/W 1/2     W:B       1:2           Time        Value Moves Dep 1:2       1-2-Draws
   5 W 1    1.0:0.0        5.0:0.0       1:38:15 AM   +80.00     5 3.200 :5.000  5-0-0

--------------------------------------------------------------

Engine-Match Tuesday, September 16, 2025 1:38:17 AM
 Blitz 1/1 

Pairing 5/18 :    V7P3R_v10.8  -  V7P3R_v9.0

PGN-File: C:\Program Files (x86)\Arena\Tournaments\Engine All Out Battle 20250915.pgn

No:  B/W 1/2     W:B       1:2           Time        Value Moves Dep 1:2       1-2-Draws
   5 W 1    1.0:0.0        5.0:0.0       1:38:39 AM   +90.00     5 3.200 :5.000  5-0-0

--------------------------------------------------------------

Engine-Match Tuesday, September 16, 2025 1:38:40 AM
 Blitz 1/1 

Pairing 6/18 :    V7P3R_v10.8  -  V7P3R_v10.7

PGN-File: C:\Program Files (x86)\Arena\Tournaments\Engine All Out Battle 20250915.pgn

No:  B/W 1/2     W:B       1:2           Time        Value Moves Dep 1:2       1-2-Draws
   5 W 1    1.0:0.0        5.0:0.0       1:40:11 AM   +13.09    21 2.737 :2.333  5-0-0

--------------------------------------------------------------

Engine-Match Tuesday, September 16, 2025 1:40:12 AM
 Blitz 1/1 

Pairing 7/18 :    V7P3R_v10.8  -  V7P3R_v10.6

PGN-File: C:\Program Files (x86)\Arena\Tournaments\Engine All Out Battle 20250915.pgn

No:  B/W 1/2     W:B       1:2           Time        Value Moves Dep 1:2       1-2-Draws
   5 W 1    1.0:0.0        4.0:1.0       1:43:35 AM   +20.60    59 2.456 :2.536  4-1-0

--------------------------------------------------------------

Engine-Match Tuesday, September 16, 2025 1:43:37 AM
 Blitz 1/1 

Pairing 8/18 :    V7P3R_v10.8  -  V7P3R_v10.5

PGN-File: C:\Program Files (x86)\Arena\Tournaments\Engine All Out Battle 20250915.pgn

No:  B/W 1/2     W:B       1:2           Time        Value Moves Dep 1:2       1-2-Draws
   5 W 1    2.0:1.0        4.0:1.0       1:46:38 AM     0.00    64 2.787 :3.581  3-0-2

--------------------------------------------------------------

Engine-Match Tuesday, September 16, 2025 1:46:45 AM
 Blitz 1/1 

Pairing 9/18 :    V7P3R_v10.8  -  V7P3R_v10.4

PGN-File: C:\Program Files (x86)\Arena\Tournaments\Engine All Out Battle 20250915.pgn

No:  B/W 1/2     W:B       1:2           Time        Value Moves Dep 1:2       1-2-Draws
   5 W 1    2.5:1.5        2.5:2.5       1:49:28 AM     0.00    56 2.763 :2.800  1-1-3

--------------------------------------------------------------

Engine-Match Tuesday, September 16, 2025 1:49:29 AM
 Blitz 1/1 

Pairing 10/18 :    V7P3R_v10.8  -  V7P3R_v10.3

PGN-File: C:\Program Files (x86)\Arena\Tournaments\Engine All Out Battle 20250915.pgn

No:  B/W 1/2     W:B       1:2           Time        Value Moves Dep 1:2       1-2-Draws
   5 W 1    1.0:0.0        5.0:0.0       1:51:03 AM   +18.24    28 2.519 :2.107  5-0-0

--------------------------------------------------------------

Engine-Match Tuesday, September 16, 2025 1:51:04 AM
 Blitz 1/1 

Pairing 11/18 :    V7P3R_v10.8  -  V7P3R_v10.2

PGN-File: C:\Program Files (x86)\Arena\Tournaments\Engine All Out Battle 20250915.pgn

No:  B/W 1/2     W:B       1:2           Time        Value Moves Dep 1:2       1-2-Draws
   5 = =    1.5:1.5        3.5:1.5       1:53:41 AM    +5.45    55 2.931 :4.381  2-0-3

--------------------------------------------------------------

Engine-Match Tuesday, September 16, 2025 1:53:43 AM
 Blitz 1/1 

Pairing 12/18 :    V7P3R_v10.8  -  V7P3R_v10.0

PGN-File: C:\Program Files (x86)\Arena\Tournaments\Engine All Out Battle 20250915.pgn

No:  B/W 1/2     W:B       1:2           Time        Value Moves Dep 1:2       1-2-Draws
   5 B 2    2.0:1.0        1.0:4.0       1:55:22 AM  -289.98    25 2.958 :4.200  0-3-2

--------------------------------------------------------------

Engine-Match Tuesday, September 16, 2025 1:55:23 AM
 Blitz 1/1 

Pairing 13/18 :    V7P3R_v10.8  -  SlowMate_v3.1

PGN-File: C:\Program Files (x86)\Arena\Tournaments\Engine All Out Battle 20250915.pgn

No:  B/W 1/2     W:B       1:2           Time        Value Moves Dep 1:2       1-2-Draws
   5 = =    2.0:2.0        2.0:3.0       1:56:51 AM     0.00    21 2.789 :3.000  0-1-4

--------------------------------------------------------------

Engine-Match Tuesday, September 16, 2025 1:56:52 AM
 Blitz 1/1 

Pairing 14/18 :    V7P3R_v10.8  -  Random_Opponent

PGN-File: C:\Program Files (x86)\Arena\Tournaments\Engine All Out Battle 20250915.pgn

No:  B/W 1/2     W:B       1:2           Time        Value Moves Dep 1:2       1-2-Draws
   5 W 1    1.0:0.0        5.0:0.0       1:57:08 AM  +289.97     7 3.429 :0 5-0-0

--------------------------------------------------------------

Engine-Match Tuesday, September 16, 2025 1:57:10 AM
 Blitz 1/1 

Pairing 15/18 :    V7P3R_v10.8  -  C0BR4_v1.0

PGN-File: C:\Program Files (x86)\Arena\Tournaments\Engine All Out Battle 20250915.pgn

No:  B/W 1/2     W:B       1:2           Time        Value Moves Dep 1:2       1-2-Draws
   5 W 1    1.0:0.0        5.0:0.0       1:57:27 AM    +7.17     5 3.500 :4.000  5-0-0

--------------------------------------------------------------

Engine-Match Tuesday, September 16, 2025 1:57:29 AM
 Blitz 1/1 

Pairing 16/18 :    V7P3R_v10.8  -  C0BR4_v2.0

PGN-File: C:\Program Files (x86)\Arena\Tournaments\Engine All Out Battle 20250915.pgn

No:  B/W 1/2     W:B       1:2           Time        Value Moves Dep 1:2       1-2-Draws
   5 W 1    1.5:0.5        4.5:0.5       1:57:45 AM    +9.95     7 3.125 :4.000  4-0-1

--------------------------------------------------------------

Engine-Match Tuesday, September 16, 2025 1:57:46 AM
 Blitz 1/1 

Pairing 17/18 :    V7P3R_v10.8  -  C0BR4_v2.9

PGN-File: C:\Program Files (x86)\Arena\Tournaments\Engine All Out Battle 20250915.pgn

No:  B/W 1/2     W:B       1:2           Time        Value Moves Dep 1:2       1-2-Draws
   5 B 2    1.5:0.5        1.5:3.5       1:58:43 AM  -299.97    19 3.000 :3.882  1-3-1

--------------------------------------------------------------

Engine-Match Tuesday, September 16, 2025 1:58:45 AM
 Blitz 1/1 

Pairing 18/18 :    V7P3R_v10.8  -  Stockfish 1%

PGN-File: C:\Program Files (x86)\Arena\Tournaments\Engine All Out Battle 20250915.pgn

No:  B/W 1/2     W:B       1:2           Time        Value Moves Dep 1:2       1-2-Draws
   5 B 2    1.0:0.0        1.0:4.0       1:59:41 AM      -M1    27 2.926 :7.500  1-4-0

--------------------------------------------------------------

Engine-Match Tuesday, September 16, 2025 1:59:43 AM
 Blitz 1/1 

Pairing 1/18 :    V7P3R_v10.8  -  V7P3R_v5.1

PGN-File: C:\Program Files (x86)\Arena\Tournaments\Engine All Out Battle 20250915.pgn

No:  B/W 1/2     W:B       1:2           Time        Value Moves Dep 1:2       1-2-Draws
   6 B 1    1.0:0.0        6.0:0.0       2:00:30 AM   -54.44    10 3.222 :3.100  6-0-0

--------------------------------------------------------------

Engine-Match Tuesday, September 16, 2025 2:00:31 AM
 Blitz 1/1 

Pairing 2/18 :    V7P3R_v10.8  -  V7P3R_v6.0

PGN-File: C:\Program Files (x86)\Arena\Tournaments\Engine All Out Battle 20250915.pgn

No:  B/W 1/2     W:B       1:2           Time        Value Moves Dep 1:2       1-2-Draws
   6 B 1    1.0:0.0        6.0:0.0       2:01:04 AM  -289.96     7 3.167 :3.000  6-0-0

--------------------------------------------------------------

Engine-Match Tuesday, September 16, 2025 2:01:05 AM
 Blitz 1/1 

Pairing 3/18 :    V7P3R_v10.8  -  V7P3R_v7.0

PGN-File: C:\Program Files (x86)\Arena\Tournaments\Engine All Out Battle 20250915.pgn

No:  B/W 1/2     W:B       1:2           Time        Value Moves Dep 1:2       1-2-Draws
   6 B 1    1.5:0.5        2.5:3.5       2:04:14 AM  -202.00    53 3.529 :5.043  2-3-1

--------------------------------------------------------------

Engine-Match Tuesday, September 16, 2025 2:04:15 AM
 Blitz 1/1 

Pairing 4/18 :    V7P3R_v10.8  -  V7P3R_v8.0

PGN-File: C:\Program Files (x86)\Arena\Tournaments\Engine All Out Battle 20250915.pgn

No:  B/W 1/2     W:B       1:2           Time        Value Moves Dep 1:2       1-2-Draws
   6 B 1    1.0:0.0        6.0:0.0       2:04:51 AM    -M500     8 3.286 :5.000  6-0-0

--------------------------------------------------------------

Engine-Match Tuesday, September 16, 2025 2:04:52 AM
 Blitz 1/1 

Pairing 5/18 :    V7P3R_v10.8  -  V7P3R_v9.0

PGN-File: C:\Program Files (x86)\Arena\Tournaments\Engine All Out Battle 20250915.pgn

No:  B/W 1/2     W:B       1:2           Time        Value Moves Dep 1:2       1-2-Draws
   6 B 1    1.0:0.0        6.0:0.0       2:05:35 AM  -210.00    10 3.222 :5.200  6-0-0

--------------------------------------------------------------

Engine-Match Tuesday, September 16, 2025 2:05:37 AM
 Blitz 1/1 

Pairing 6/18 :    V7P3R_v10.8  -  V7P3R_v10.7

PGN-File: C:\Program Files (x86)\Arena\Tournaments\Engine All Out Battle 20250915.pgn

No:  B/W 1/2     W:B       1:2           Time        Value Moves Dep 1:2       1-2-Draws
   6 B 1    1.0:0.0        6.0:0.0       2:06:23 AM   -19.90     8 3.000 :2.500  6-0-0

--------------------------------------------------------------

Engine-Match Tuesday, September 16, 2025 2:06:24 AM
 Blitz 1/1 

Pairing 7/18 :    V7P3R_v10.8  -  V7P3R_v10.6

PGN-File: C:\Program Files (x86)\Arena\Tournaments\Engine All Out Battle 20250915.pgn

No:  B/W 1/2     W:B       1:2           Time        Value Moves Dep 1:2       1-2-Draws
   6 W 2    1.0:0.0        4.0:2.0       2:07:56 AM   +10.20    19 2.632 :2.824  4-2-0

--------------------------------------------------------------

Engine-Match Tuesday, September 16, 2025 2:07:57 AM
 Blitz 1/1 

Pairing 8/18 :    V7P3R_v10.8  -  V7P3R_v10.5

PGN-File: C:\Program Files (x86)\Arena\Tournaments\Engine All Out Battle 20250915.pgn

No:  B/W 1/2     W:B       1:2           Time        Value Moves Dep 1:2       1-2-Draws
   6 B 1    2.0:1.0        5.0:1.0       2:10:27 AM     0.00    60 2.864 :3.875  4-0-2

--------------------------------------------------------------

Engine-Match Tuesday, September 16, 2025 2:10:28 AM
 Blitz 1/1 

Pairing 9/18 :    V7P3R_v10.8  -  V7P3R_v10.4

PGN-File: C:\Program Files (x86)\Arena\Tournaments\Engine All Out Battle 20250915.pgn

No:  B/W 1/2     W:B       1:2           Time        Value Moves Dep 1:2       1-2-Draws
   6 W 2    2.5:1.5        2.5:3.5       2:13:50 AM   +20.60    59 2.536 :2.439  1-2-3

--------------------------------------------------------------

Engine-Match Tuesday, September 16, 2025 2:13:51 AM
 Blitz 1/1 

Pairing 10/18 :    V7P3R_v10.8  -  V7P3R_v10.3

PGN-File: C:\Program Files (x86)\Arena\Tournaments\Engine All Out Battle 20250915.pgn

No:  B/W 1/2     W:B       1:2           Time        Value Moves Dep 1:2       1-2-Draws
   6 B 1    1.0:0.0        6.0:0.0       2:14:37 AM   -20.65     8 3.143 :2.625  6-0-0

--------------------------------------------------------------

Engine-Match Tuesday, September 16, 2025 2:14:45 AM
 Blitz 1/1 

Pairing 11/18 :    V7P3R_v10.8  -  V7P3R_v10.2

PGN-File: C:\Program Files (x86)\Arena\Tournaments\Engine All Out Battle 20250915.pgn

No:  B/W 1/2     W:B       1:2           Time        Value Moves Dep 1:2       1-2-Draws
   6 W 2    2.5:1.5        3.5:2.5       2:16:46 AM     0.00    27 2.960 :4.050  2-1-3

--------------------------------------------------------------

Engine-Match Tuesday, September 16, 2025 2:16:48 AM
 Blitz 1/1 

Pairing 12/18 :    V7P3R_v10.8  -  V7P3R_v10.0

PGN-File: C:\Program Files (x86)\Arena\Tournaments\Engine All Out Battle 20250915.pgn

No:  B/W 1/2     W:B       1:2           Time        Value Moves Dep 1:2       1-2-Draws
   6 W 2    2.0:1.0        1.0:5.0       2:18:35 AM   +38.56    28 3.053 :4.350  0-4-2

--------------------------------------------------------------

Engine-Match Tuesday, September 16, 2025 2:18:37 AM
 Blitz 1/1 

Pairing 13/18 :    V7P3R_v10.8  -  SlowMate_v3.1

PGN-File: C:\Program Files (x86)\Arena\Tournaments\Engine All Out Battle 20250915.pgn

No:  B/W 1/2     W:B       1:2           Time        Value Moves Dep 1:2       1-2-Draws
   6 = =    2.5:2.5        2.5:3.5       2:20:53 AM     0.00    33 2.935 :2.879  0-1-5

--------------------------------------------------------------

Engine-Match Tuesday, September 16, 2025 2:20:54 AM
 Blitz 1/1 

Pairing 14/18 :    V7P3R_v10.8  -  Random_Opponent

PGN-File: C:\Program Files (x86)\Arena\Tournaments\Engine All Out Battle 20250915.pgn

No:  B/W 1/2     W:B       1:2           Time        Value Moves Dep 1:2       1-2-Draws
   6 B 1    1.0:0.0        6.0:0.0       2:21:47 AM  -289.96    24 2.917 :0 6-0-0

--------------------------------------------------------------

Engine-Match Tuesday, September 16, 2025 2:21:48 AM
 Blitz 1/1 

Pairing 15/18 :    V7P3R_v10.8  -  C0BR4_v1.0

PGN-File: C:\Program Files (x86)\Arena\Tournaments\Engine All Out Battle 20250915.pgn

No:  B/W 1/2     W:B       1:2           Time        Value Moves Dep 1:2       1-2-Draws
   6 B 1    1.0:0.0        6.0:0.0       2:22:27 AM    -3.84    15 3.143 :4.000  6-0-0

--------------------------------------------------------------

Engine-Match Tuesday, September 16, 2025 2:22:28 AM
 Blitz 1/1 

Pairing 16/18 :    V7P3R_v10.8  -  C0BR4_v2.0

PGN-File: C:\Program Files (x86)\Arena\Tournaments\Engine All Out Battle 20250915.pgn

No:  B/W 1/2     W:B       1:2           Time        Value Moves Dep 1:2       1-2-Draws
   6 B 1    1.5:0.5        5.5:0.5       2:23:41 AM     0.00    36 3.091 :4.000  5-0-1

--------------------------------------------------------------

Engine-Match Tuesday, September 16, 2025 2:23:42 AM
 Blitz 1/1 

Pairing 17/18 :    V7P3R_v10.8  -  C0BR4_v2.9

PGN-File: C:\Program Files (x86)\Arena\Tournaments\Engine All Out Battle 20250915.pgn

No:  B/W 1/2     W:B       1:2           Time        Value Moves Dep 1:2       1-2-Draws
   6 W 2    1.5:0.5        1.5:4.5       2:24:57 AM  +289.96    27 2.889 :4.000  1-4-1

--------------------------------------------------------------

Engine-Match Tuesday, September 16, 2025 2:24:58 AM
 Blitz 1/1 

Pairing 18/18 :    V7P3R_v10.8  -  Stockfish 1%

PGN-File: C:\Program Files (x86)\Arena\Tournaments\Engine All Out Battle 20250915.pgn

No:  B/W 1/2     W:B       1:2           Time        Value Moves Dep 1:2       1-2-Draws
   6 W 2    1.0:0.0        1.0:5.0       2:25:24 AM   +12.02    11 2.909 :7.000  1-5-0

--------------------------------------------------------------

Engine-Match Tuesday, September 16, 2025 2:25:26 AM
 Blitz 1/1 

Pairing 1/18 :    V7P3R_v10.8  -  V7P3R_v5.1

PGN-File: C:\Program Files (x86)\Arena\Tournaments\Engine All Out Battle 20250915.pgn

No:  B/W 1/2     W:B       1:2           Time        Value Moves Dep 1:2       1-2-Draws
   7 W 1    1.0:0.0        7.0:0.0       2:25:56 AM   +45.80     7 3.143 :3.000  7-0-0

--------------------------------------------------------------

Engine-Match Tuesday, September 16, 2025 2:25:57 AM
 Blitz 1/1 

Pairing 2/18 :    V7P3R_v10.8  -  V7P3R_v6.0

PGN-File: C:\Program Files (x86)\Arena\Tournaments\Engine All Out Battle 20250915.pgn

No:  B/W 1/2     W:B       1:2           Time        Value Moves Dep 1:2       1-2-Draws
   7 W 1    1.0:0.0        7.0:0.0       2:26:24 AM    +M500     6 3.167 :3.000  7-0-0

--------------------------------------------------------------

Engine-Match Tuesday, September 16, 2025 2:26:25 AM
 Blitz 1/1 

Pairing 3/18 :    V7P3R_v10.8  -  V7P3R_v7.0

PGN-File: C:\Program Files (x86)\Arena\Tournaments\Engine All Out Battle 20250915.pgn

No:  B/W 1/2     W:B       1:2           Time        Value Moves Dep 1:2       1-2-Draws
   7 = =    1.0:1.0        3.0:4.0       2:28:33 AM  -112.00    25 3.182 :4.840  2-3-2

--------------------------------------------------------------

Engine-Match Tuesday, September 16, 2025 2:28:35 AM
 Blitz 1/1 

Pairing 4/18 :    V7P3R_v10.8  -  V7P3R_v8.0

PGN-File: C:\Program Files (x86)\Arena\Tournaments\Engine All Out Battle 20250915.pgn

No:  B/W 1/2     W:B       1:2           Time        Value Moves Dep 1:2       1-2-Draws
   7 W 1    1.0:0.0        7.0:0.0       2:28:57 AM   +80.00     5 3.200 :4.800  7-0-0

--------------------------------------------------------------

Engine-Match Tuesday, September 16, 2025 2:28:59 AM
 Blitz 1/1 

Pairing 5/18 :    V7P3R_v10.8  -  V7P3R_v9.0

PGN-File: C:\Program Files (x86)\Arena\Tournaments\Engine All Out Battle 20250915.pgn

No:  B/W 1/2     W:B       1:2           Time        Value Moves Dep 1:2       1-2-Draws
   7 W 1    1.0:0.0        7.0:0.0       2:29:23 AM   +90.00     5 3.200 :5.000  7-0-0

--------------------------------------------------------------

Engine-Match Tuesday, September 16, 2025 2:29:24 AM
 Blitz 1/1 

Pairing 6/18 :    V7P3R_v10.8  -  V7P3R_v10.7

PGN-File: C:\Program Files (x86)\Arena\Tournaments\Engine All Out Battle 20250915.pgn

No:  B/W 1/2     W:B       1:2           Time        Value Moves Dep 1:2       1-2-Draws
   7 W 1    1.0:0.0        7.0:0.0       2:30:53 AM   +13.09    21 2.632 :2.381  7-0-0

--------------------------------------------------------------

Engine-Match Tuesday, September 16, 2025 2:30:54 AM
 Blitz 1/1 

Pairing 7/18 :    V7P3R_v10.8  -  V7P3R_v10.6

PGN-File: C:\Program Files (x86)\Arena\Tournaments\Engine All Out Battle 20250915.pgn

No:  B/W 1/2     W:B       1:2           Time        Value Moves Dep 1:2       1-2-Draws
   7 W 1    1.0:0.0        5.0:2.0       2:32:45 AM   +12.01    27 2.760 :2.815  5-2-0

--------------------------------------------------------------

Engine-Match Tuesday, September 16, 2025 2:32:46 AM
 Blitz 1/1 

Pairing 8/18 :    V7P3R_v10.8  -  V7P3R_v10.5

PGN-File: C:\Program Files (x86)\Arena\Tournaments\Engine All Out Battle 20250915.pgn

No:  B/W 1/2     W:B       1:2           Time        Value Moves Dep 1:2       1-2-Draws
   7 W 1    2.0:1.0        6.0:1.0       2:34:49 AM  +289.96    38 3.071 :3.773  5-0-2

--------------------------------------------------------------

Engine-Match Tuesday, September 16, 2025 2:34:51 AM
 Blitz 1/1 

Pairing 9/18 :    V7P3R_v10.8  -  V7P3R_v10.4

PGN-File: C:\Program Files (x86)\Arena\Tournaments\Engine All Out Battle 20250915.pgn

No:  B/W 1/2     W:B       1:2           Time        Value Moves Dep 1:2       1-2-Draws
   7 W 1    2.5:1.5        3.5:3.5       2:38:07 AM   +13.81    56 2.463 :2.537  2-2-3

--------------------------------------------------------------

Engine-Match Tuesday, September 16, 2025 2:38:08 AM
 Blitz 1/1 

Pairing 10/18 :    V7P3R_v10.8  -  V7P3R_v10.3

PGN-File: C:\Program Files (x86)\Arena\Tournaments\Engine All Out Battle 20250915.pgn

No:  B/W 1/2     W:B       1:2           Time        Value Moves Dep 1:2       1-2-Draws
   7 W 1    1.0:0.0        7.0:0.0       2:39:39 AM   +18.24    28 2.519 :2.107  7-0-0

--------------------------------------------------------------

Engine-Match Tuesday, September 16, 2025 2:39:40 AM
 Blitz 1/1 

Pairing 11/18 :    V7P3R_v10.8  -  V7P3R_v10.2

PGN-File: C:\Program Files (x86)\Arena\Tournaments\Engine All Out Battle 20250915.pgn

No:  B/W 1/2     W:B       1:2           Time        Value Moves Dep 1:2       1-2-Draws
   7 W 1    2.5:1.5        4.5:2.5       2:42:50 AM   +25.50    70 2.931 :4.381  3-1-3

--------------------------------------------------------------

Engine-Match Tuesday, September 16, 2025 2:42:52 AM
 Blitz 1/1 

Pairing 12/18 :    V7P3R_v10.8  -  V7P3R_v10.0

PGN-File: C:\Program Files (x86)\Arena\Tournaments\Engine All Out Battle 20250915.pgn

No:  B/W 1/2     W:B       1:2           Time        Value Moves Dep 1:2       1-2-Draws
   7 = =    1.5:1.5        1.5:5.5       2:45:27 AM    -2.20    40 2.600 :3.744  0-4-3

--------------------------------------------------------------

Engine-Match Tuesday, September 16, 2025 2:45:34 AM
 Blitz 1/1 

Pairing 13/18 :    V7P3R_v10.8  -  SlowMate_v3.1

PGN-File: C:\Program Files (x86)\Arena\Tournaments\Engine All Out Battle 20250915.pgn

No:  B/W 1/2     W:B       1:2           Time        Value Moves Dep 1:2       1-2-Draws
   7 = =    3.0:3.0        3.0:4.0       2:47:06 AM     0.00    21 2.842 :3.100  0-1-6

--------------------------------------------------------------

Engine-Match Tuesday, September 16, 2025 2:47:08 AM
 Blitz 1/1 

Pairing 14/18 :    V7P3R_v10.8  -  Random_Opponent

PGN-File: C:\Program Files (x86)\Arena\Tournaments\Engine All Out Battle 20250915.pgn

No:  B/W 1/2     W:B       1:2           Time        Value Moves Dep 1:2       1-2-Draws
   7 W 1    1.0:0.0        7.0:0.0       2:47:25 AM  +289.97     7 3.286 :0 7-0-0

--------------------------------------------------------------

Engine-Match Tuesday, September 16, 2025 2:47:27 AM
 Blitz 1/1 

Pairing 15/18 :    V7P3R_v10.8  -  C0BR4_v1.0

PGN-File: C:\Program Files (x86)\Arena\Tournaments\Engine All Out Battle 20250915.pgn

No:  B/W 1/2     W:B       1:2           Time        Value Moves Dep 1:2       1-2-Draws
   7 W 1    1.0:0.0        7.0:0.0       2:47:43 AM    +7.17     5 3.500 :4.000  7-0-0

--------------------------------------------------------------

Engine-Match Tuesday, September 16, 2025 2:47:45 AM
 Blitz 1/1 

Pairing 16/18 :    V7P3R_v10.8  -  C0BR4_v2.0

PGN-File: C:\Program Files (x86)\Arena\Tournaments\Engine All Out Battle 20250915.pgn

No:  B/W 1/2     W:B       1:2           Time        Value Moves Dep 1:2       1-2-Draws
   7 = =    1.0:1.0        6.0:1.0       2:49:34 AM   -15.55    62 2.893 :4.000  5-0-2

--------------------------------------------------------------

Engine-Match Tuesday, September 16, 2025 2:49:35 AM
 Blitz 1/1 

Pairing 17/18 :    V7P3R_v10.8  -  C0BR4_v2.9

PGN-File: C:\Program Files (x86)\Arena\Tournaments\Engine All Out Battle 20250915.pgn

No:  B/W 1/2     W:B       1:2           Time        Value Moves Dep 1:2       1-2-Draws
   7 B 2    1.5:0.5        1.5:5.5       2:50:32 AM  -299.97    21 2.905 :3.895  1-5-1

--------------------------------------------------------------

Engine-Match Tuesday, September 16, 2025 2:50:33 AM
 Blitz 1/1 

Pairing 18/18 :    V7P3R_v10.8  -  Stockfish 1%

PGN-File: C:\Program Files (x86)\Arena\Tournaments\Engine All Out Battle 20250915.pgn

No:  B/W 1/2     W:B       1:2           Time        Value Moves Dep 1:2       1-2-Draws
   7 B 2    1.0:0.0        1.0:6.0       2:51:25 AM   -14.38    21 2.952 :9.500  1-6-0

--------------------------------------------------------------

Engine-Match Tuesday, September 16, 2025 2:51:26 AM
 Blitz 1/1 

Pairing 1/18 :    V7P3R_v10.8  -  V7P3R_v5.1

PGN-File: C:\Program Files (x86)\Arena\Tournaments\Engine All Out Battle 20250915.pgn

No:  B/W 1/2     W:B       1:2           Time        Value Moves Dep 1:2       1-2-Draws
   8 B 1    1.0:0.0        8.0:0.0       2:52:54 AM   -23.75    21 3.050 :2.333  8-0-0

--------------------------------------------------------------

Engine-Match Tuesday, September 16, 2025 2:52:55 AM
 Blitz 1/1 

Pairing 2/18 :    V7P3R_v10.8  -  V7P3R_v6.0

PGN-File: C:\Program Files (x86)\Arena\Tournaments\Engine All Out Battle 20250915.pgn

No:  B/W 1/2     W:B       1:2           Time        Value Moves Dep 1:2       1-2-Draws
   8 B 1    1.0:0.0        8.0:0.0       2:53:28 AM  -289.96     7 3.167 :3.000  8-0-0

--------------------------------------------------------------

Engine-Match Tuesday, September 16, 2025 2:53:30 AM
 Blitz 1/1 

Pairing 3/18 :    V7P3R_v10.8  -  V7P3R_v7.0

PGN-File: C:\Program Files (x86)\Arena\Tournaments\Engine All Out Battle 20250915.pgn

No:  B/W 1/2     W:B       1:2           Time        Value Moves Dep 1:2       1-2-Draws
   8 B 1    2.0:1.0        4.0:4.0       2:56:07 AM   -11.00    38 3.529 :5.043  3-3-2

--------------------------------------------------------------

Engine-Match Tuesday, September 16, 2025 2:56:09 AM
 Blitz 1/1 

Pairing 4/18 :    V7P3R_v10.8  -  V7P3R_v8.0

PGN-File: C:\Program Files (x86)\Arena\Tournaments\Engine All Out Battle 20250915.pgn

No:  B/W 1/2     W:B       1:2           Time        Value Moves Dep 1:2       1-2-Draws
   8 B 1    1.0:0.0        8.0:0.0       2:56:44 AM    -M500     8 3.286 :5.000  8-0-0

--------------------------------------------------------------

Engine-Match Tuesday, September 16, 2025 2:56:46 AM
 Blitz 1/1 

Pairing 5/18 :    V7P3R_v10.8  -  V7P3R_v9.0

PGN-File: C:\Program Files (x86)\Arena\Tournaments\Engine All Out Battle 20250915.pgn

No:  B/W 1/2     W:B       1:2           Time        Value Moves Dep 1:2       1-2-Draws
   8 B 1    1.0:0.0        8.0:0.0       2:57:37 AM    -M500    12 3.182 :5.083  8-0-0

--------------------------------------------------------------

Engine-Match Tuesday, September 16, 2025 2:57:38 AM
 Blitz 1/1 

Pairing 6/18 :    V7P3R_v10.8  -  V7P3R_v10.7

PGN-File: C:\Program Files (x86)\Arena\Tournaments\Engine All Out Battle 20250915.pgn

No:  B/W 1/2     W:B       1:2           Time        Value Moves Dep 1:2       1-2-Draws
   8 B 1    1.0:0.0        8.0:0.0       2:58:22 AM   -19.90     8 2.857 :2.500  8-0-0

--------------------------------------------------------------

Engine-Match Tuesday, September 16, 2025 2:58:23 AM
 Blitz 1/1 

Pairing 7/18 :    V7P3R_v10.8  -  V7P3R_v10.6

PGN-File: C:\Program Files (x86)\Arena\Tournaments\Engine All Out Battle 20250915.pgn

No:  B/W 1/2     W:B       1:2           Time        Value Moves Dep 1:2       1-2-Draws
   8 W 2    1.0:0.0        5.0:3.0       3:01:47 AM   +20.68    59 2.518 :2.439  5-3-0

--------------------------------------------------------------

Engine-Match Tuesday, September 16, 2025 3:01:49 AM
 Blitz 1/1 

Pairing 8/18 :    V7P3R_v10.8  -  V7P3R_v10.5

PGN-File: C:\Program Files (x86)\Arena\Tournaments\Engine All Out Battle 20250915.pgn

No:  B/W 1/2     W:B       1:2           Time        Value Moves Dep 1:2       1-2-Draws
   8 = =    1.5:1.5        6.5:1.5       3:04:13 AM     0.00    61 2.818 :3.875  5-0-3

--------------------------------------------------------------

Engine-Match Tuesday, September 16, 2025 3:04:14 AM
 Blitz 1/1 

Pairing 9/18 :    V7P3R_v10.8  -  V7P3R_v10.4

PGN-File: C:\Program Files (x86)\Arena\Tournaments\Engine All Out Battle 20250915.pgn

No:  B/W 1/2     W:B       1:2           Time        Value Moves Dep 1:2       1-2-Draws
   8 W 2    2.5:1.5        3.5:4.5       3:07:25 AM  +289.96    65 2.500 :2.538  2-3-3

--------------------------------------------------------------

Engine-Match Tuesday, September 16, 2025 3:07:26 AM
 Blitz 1/1 

Pairing 10/18 :    V7P3R_v10.8  -  V7P3R_v10.3

PGN-File: C:\Program Files (x86)\Arena\Tournaments\Engine All Out Battle 20250915.pgn

No:  B/W 1/2     W:B       1:2           Time        Value Moves Dep 1:2       1-2-Draws
   8 B 1    1.0:0.0        8.0:0.0       3:08:18 AM   -20.65     8 3.286 :2.625  8-0-0

--------------------------------------------------------------

Engine-Match Tuesday, September 16, 2025 3:08:20 AM
 Blitz 1/1 

Pairing 11/18 :    V7P3R_v10.8  -  V7P3R_v10.2

PGN-File: C:\Program Files (x86)\Arena\Tournaments\Engine All Out Battle 20250915.pgn

No:  B/W 1/2     W:B       1:2           Time        Value Moves Dep 1:2       1-2-Draws
   8 B 1    2.5:1.5        5.5:2.5       3:10:13 AM   -16.10    39 3.053 :4.286  4-1-3

--------------------------------------------------------------

Engine-Match Tuesday, September 16, 2025 3:10:14 AM
 Blitz 1/1 

Pairing 12/18 :    V7P3R_v10.8  -  V7P3R_v10.0

PGN-File: C:\Program Files (x86)\Arena\Tournaments\Engine All Out Battle 20250915.pgn

No:  B/W 1/2     W:B       1:2           Time        Value Moves Dep 1:2       1-2-Draws
   8 W 2    2.5:1.5        1.5:6.5       3:12:04 AM   +38.56    28 3.105 :4.350  0-5-3

--------------------------------------------------------------

Engine-Match Tuesday, September 16, 2025 3:12:05 AM
 Blitz 1/1 

Pairing 13/18 :    V7P3R_v10.8  -  SlowMate_v3.1

PGN-File: C:\Program Files (x86)\Arena\Tournaments\Engine All Out Battle 20250915.pgn

No:  B/W 1/2     W:B       1:2           Time        Value Moves Dep 1:2       1-2-Draws
   8 = =    3.5:3.5        3.5:4.5       3:15:43 AM     0.00    63 2.857 :2.867  0-1-7

--------------------------------------------------------------

Engine-Match Tuesday, September 16, 2025 3:15:44 AM
 Blitz 1/1 

Pairing 14/18 :    V7P3R_v10.8  -  Random_Opponent

PGN-File: C:\Program Files (x86)\Arena\Tournaments\Engine All Out Battle 20250915.pgn

No:  B/W 1/2     W:B       1:2           Time        Value Moves Dep 1:2       1-2-Draws
   8 B 1    1.0:0.0        8.0:0.0       3:16:10 AM  -289.97     8 3.375 :0 8-0-0

--------------------------------------------------------------

Engine-Match Tuesday, September 16, 2025 3:16:16 AM
 Blitz 1/1 

Pairing 15/18 :    V7P3R_v10.8  -  C0BR4_v1.0

PGN-File: C:\Program Files (x86)\Arena\Tournaments\Engine All Out Battle 20250915.pgn

No:  B/W 1/2     W:B       1:2           Time        Value Moves Dep 1:2       1-2-Draws
   8 B 1    1.0:0.0        8.0:0.0       3:16:55 AM    -3.84    15 3.000 :4.000  8-0-0

--------------------------------------------------------------

Engine-Match Tuesday, September 16, 2025 3:16:56 AM
 Blitz 1/1 

Pairing 16/18 :    V7P3R_v10.8  -  C0BR4_v2.0

PGN-File: C:\Program Files (x86)\Arena\Tournaments\Engine All Out Battle 20250915.pgn

No:  B/W 1/2     W:B       1:2           Time        Value Moves Dep 1:2       1-2-Draws
   8 = =    1.5:1.5        6.5:1.5       3:18:51 AM    +4.83    57 2.947 :4.000  5-0-3

--------------------------------------------------------------

Engine-Match Tuesday, September 16, 2025 3:18:52 AM
 Blitz 1/1 

Pairing 17/18 :    V7P3R_v10.8  -  C0BR4_v2.9

PGN-File: C:\Program Files (x86)\Arena\Tournaments\Engine All Out Battle 20250915.pgn

No:  B/W 1/2     W:B       1:2           Time        Value Moves Dep 1:2       1-2-Draws
   8 W 2    1.5:0.5        1.5:6.5       3:20:12 AM   +20.86    26 2.885 :4.000  1-6-1

--------------------------------------------------------------

Engine-Match Tuesday, September 16, 2025 3:20:14 AM
 Blitz 1/1 

Pairing 18/18 :    V7P3R_v10.8  -  Stockfish 1%

PGN-File: C:\Program Files (x86)\Arena\Tournaments\Engine All Out Battle 20250915.pgn

No:  B/W 1/2     W:B       1:2           Time        Value Moves Dep 1:2       1-2-Draws
   8 W 2    1.0:0.0        1.0:7.0       3:21:02 AM      +M1    24 3.227 :7.000  1-7-0

--------------------------------------------------------------

Engine-Match Tuesday, September 16, 2025 3:21:03 AM
 Blitz 1/1 

Pairing 1/18 :    V7P3R_v10.8  -  V7P3R_v5.1

PGN-File: C:\Program Files (x86)\Arena\Tournaments\Engine All Out Battle 20250915.pgn

No:  B/W 1/2     W:B       1:2           Time        Value Moves Dep 1:2       1-2-Draws
   9 W 1    1.0:0.0        9.0:0.0       3:21:36 AM   +10.29     7 3.333 :2.714  9-0-0

--------------------------------------------------------------

Engine-Match Tuesday, September 16, 2025 3:21:37 AM
 Blitz 1/1 

Pairing 2/18 :    V7P3R_v10.8  -  V7P3R_v6.0

PGN-File: C:\Program Files (x86)\Arena\Tournaments\Engine All Out Battle 20250915.pgn

No:  B/W 1/2     W:B       1:2           Time        Value Moves Dep 1:2       1-2-Draws
   9 W 1    1.0:0.0        9.0:0.0       3:22:02 AM   +26.77     6 3.167 :3.000  9-0-0

--------------------------------------------------------------

Engine-Match Tuesday, September 16, 2025 3:22:04 AM
 Blitz 1/1 

Pairing 3/18 :    V7P3R_v10.8  -  V7P3R_v7.0

PGN-File: C:\Program Files (x86)\Arena\Tournaments\Engine All Out Battle 20250915.pgn

No:  B/W 1/2     W:B       1:2           Time        Value Moves Dep 1:2       1-2-Draws
   9 B 2    2.0:1.0        4.0:5.0       3:23:41 AM   -17.24    14 3.077 :4.923  3-4-2

--------------------------------------------------------------

Engine-Match Tuesday, September 16, 2025 3:23:42 AM
 Blitz 1/1 

Pairing 4/18 :    V7P3R_v10.8  -  V7P3R_v8.0

PGN-File: C:\Program Files (x86)\Arena\Tournaments\Engine All Out Battle 20250915.pgn

No:  B/W 1/2     W:B       1:2           Time        Value Moves Dep 1:2       1-2-Draws
   9 W 1    1.0:0.0        9.0:0.0       3:24:05 AM   +80.00     5 3.200 :5.000  9-0-0

--------------------------------------------------------------

Engine-Match Tuesday, September 16, 2025 3:24:07 AM
 Blitz 1/1 

Pairing 5/18 :    V7P3R_v10.8  -  V7P3R_v9.0

PGN-File: C:\Program Files (x86)\Arena\Tournaments\Engine All Out Battle 20250915.pgn

No:  B/W 1/2     W:B       1:2           Time        Value Moves Dep 1:2       1-2-Draws
   9 W 1    1.0:0.0        9.0:0.0       3:24:29 AM   +90.00     5 3.200 :5.000  9-0-0

--------------------------------------------------------------

Engine-Match Tuesday, September 16, 2025 3:24:30 AM
 Blitz 1/1 

Pairing 6/18 :    V7P3R_v10.8  -  V7P3R_v10.7

PGN-File: C:\Program Files (x86)\Arena\Tournaments\Engine All Out Battle 20250915.pgn

No:  B/W 1/2     W:B       1:2           Time        Value Moves Dep 1:2       1-2-Draws
   9 W 1    1.0:0.0        9.0:0.0       3:26:01 AM   +13.09    21 2.789 :2.333  9-0-0

--------------------------------------------------------------

Engine-Match Tuesday, September 16, 2025 3:26:02 AM
 Blitz 1/1 

Pairing 7/18 :    V7P3R_v10.8  -  V7P3R_v10.6

PGN-File: C:\Program Files (x86)\Arena\Tournaments\Engine All Out Battle 20250915.pgn

No:  B/W 1/2     W:B       1:2           Time        Value Moves Dep 1:2       1-2-Draws
   9 W 1    1.0:0.0        6.0:3.0       3:29:24 AM   +20.60    59 2.456 :2.536  6-3-0

--------------------------------------------------------------

Engine-Match Tuesday, September 16, 2025 3:29:25 AM
 Blitz 1/1 

Pairing 8/18 :    V7P3R_v10.8  -  V7P3R_v10.5

PGN-File: C:\Program Files (x86)\Arena\Tournaments\Engine All Out Battle 20250915.pgn

No:  B/W 1/2     W:B       1:2           Time        Value Moves Dep 1:2       1-2-Draws
   9 = =    2.0:2.0        7.0:2.0       3:32:08 AM     0.00    53 2.833 :3.438  5-0-4

--------------------------------------------------------------

Engine-Match Tuesday, September 16, 2025 3:32:10 AM
 Blitz 1/1 

Pairing 9/18 :    V7P3R_v10.8  -  V7P3R_v10.4

PGN-File: C:\Program Files (x86)\Arena\Tournaments\Engine All Out Battle 20250915.pgn

No:  B/W 1/2     W:B       1:2           Time        Value Moves Dep 1:2       1-2-Draws
   9 W 1    2.5:1.5        4.5:4.5       3:33:43 AM   +10.20    22 2.619 :2.682  3-3-3

--------------------------------------------------------------

Engine-Match Tuesday, September 16, 2025 3:33:44 AM
 Blitz 1/1 

Pairing 10/18 :    V7P3R_v10.8  -  V7P3R_v10.3

PGN-File: C:\Program Files (x86)\Arena\Tournaments\Engine All Out Battle 20250915.pgn

No:  B/W 1/2     W:B       1:2           Time        Value Moves Dep 1:2       1-2-Draws
   9 W 1    1.0:0.0        9.0:0.0       3:35:19 AM   +13.09    21 2.789 :2.333  9-0-0

--------------------------------------------------------------

Engine-Match Tuesday, September 16, 2025 3:35:20 AM
 Blitz 1/1 

Pairing 11/18 :    V7P3R_v10.8  -  V7P3R_v10.2

PGN-File: C:\Program Files (x86)\Arena\Tournaments\Engine All Out Battle 20250915.pgn

No:  B/W 1/2     W:B       1:2           Time        Value Moves Dep 1:2       1-2-Draws
   9 = =    2.0:2.0        6.0:3.0       3:38:25 AM    -1.50    62 3.105 :4.267  4-1-4

--------------------------------------------------------------

Engine-Match Tuesday, September 16, 2025 3:38:26 AM
 Blitz 1/1 

Pairing 12/18 :    V7P3R_v10.8  -  V7P3R_v10.0

PGN-File: C:\Program Files (x86)\Arena\Tournaments\Engine All Out Battle 20250915.pgn

No:  B/W 1/2     W:B       1:2           Time        Value Moves Dep 1:2       1-2-Draws
   9 = =    2.0:2.0        2.0:7.0       3:42:03 AM   -12.70    85 3.059 :4.176  0-5-4

--------------------------------------------------------------

Engine-Match Tuesday, September 16, 2025 3:42:05 AM
 Blitz 1/1 

Pairing 13/18 :    V7P3R_v10.8  -  SlowMate_v3.1

PGN-File: C:\Program Files (x86)\Arena\Tournaments\Engine All Out Battle 20250915.pgn

No:  B/W 1/2     W:B       1:2           Time        Value Moves Dep 1:2       1-2-Draws
   9 B 2    4.5:3.5        3.5:5.5       3:45:49 AM   -11.85    68 3.043 :3.042  0-2-7

--------------------------------------------------------------

Engine-Match Tuesday, September 16, 2025 3:45:50 AM
 Blitz 1/1 

Pairing 14/18 :    V7P3R_v10.8  -  Random_Opponent

PGN-File: C:\Program Files (x86)\Arena\Tournaments\Engine All Out Battle 20250915.pgn

No:  B/W 1/2     W:B       1:2           Time        Value Moves Dep 1:2       1-2-Draws
   9 W 1    1.0:0.0        9.0:0.0       3:46:44 AM  +289.96    29 3.071 :0 9-0-0

--------------------------------------------------------------

Engine-Match Tuesday, September 16, 2025 3:46:46 AM
 Blitz 1/1 

Pairing 15/18 :    V7P3R_v10.8  -  C0BR4_v1.0

PGN-File: C:\Program Files (x86)\Arena\Tournaments\Engine All Out Battle 20250915.pgn

No:  B/W 1/2     W:B       1:2           Time        Value Moves Dep 1:2       1-2-Draws
   9 W 1    1.0:0.0        9.0:0.0       3:47:03 AM    +7.17     5 3.500 :4.000  9-0-0

--------------------------------------------------------------

Engine-Match Tuesday, September 16, 2025 3:47:05 AM
 Blitz 1/1 

Pairing 16/18 :    V7P3R_v10.8  -  C0BR4_v2.0

PGN-File: C:\Program Files (x86)\Arena\Tournaments\Engine All Out Battle 20250915.pgn

No:  B/W 1/2     W:B       1:2           Time        Value Moves Dep 1:2       1-2-Draws
   9 W 1    2.5:1.5        7.5:1.5       3:47:20 AM    +9.95     7 3.125 :4.000  6-0-3

--------------------------------------------------------------

Engine-Match Tuesday, September 16, 2025 3:47:27 AM
 Blitz 1/1 

Pairing 17/18 :    V7P3R_v10.8  -  C0BR4_v2.9

PGN-File: C:\Program Files (x86)\Arena\Tournaments\Engine All Out Battle 20250915.pgn

No:  B/W 1/2     W:B       1:2           Time        Value Moves Dep 1:2       1-2-Draws
   9 = =    1.0:1.0        2.0:7.0       3:48:37 AM    +1.12    12 3.182 :4.000  1-6-2

--------------------------------------------------------------

Engine-Match Tuesday, September 16, 2025 3:48:38 AM
 Blitz 1/1 

Pairing 18/18 :    V7P3R_v10.8  -  Stockfish 1%

PGN-File: C:\Program Files (x86)\Arena\Tournaments\Engine All Out Battle 20250915.pgn

No:  B/W 1/2     W:B       1:2           Time        Value Moves Dep 1:2       1-2-Draws
   9 = =    0.5:0.5        1.5:7.5       3:49:53 AM     0.00    40 2.800 :8.250  1-7-1

--------------------------------------------------------------

Engine-Match Tuesday, September 16, 2025 3:49:54 AM
 Blitz 1/1 

Pairing 1/18 :    V7P3R_v10.8  -  V7P3R_v5.1

PGN-File: C:\Program Files (x86)\Arena\Tournaments\Engine All Out Battle 20250915.pgn

No:  B/W 1/2     W:B       1:2           Time        Value Moves Dep 1:2       1-2-Draws
  10 B 1    1.0:0.0        10.0:0.0      3:50:36 AM   -11.29    10 3.222 :3.100  10-0-0

--------------------------------------------------------------

Engine-Match Tuesday, September 16, 2025 3:50:37 AM
 Blitz 1/1 

Pairing 2/18 :    V7P3R_v10.8  -  V7P3R_v6.0

PGN-File: C:\Program Files (x86)\Arena\Tournaments\Engine All Out Battle 20250915.pgn

No:  B/W 1/2     W:B       1:2           Time        Value Moves Dep 1:2       1-2-Draws
  10 B 1    1.0:0.0        10.0:0.0      3:51:09 AM  -289.96     7 3.167 :3.000  10-0-0

--------------------------------------------------------------

Engine-Match Tuesday, September 16, 2025 3:51:11 AM
 Blitz 1/1 

Pairing 3/18 :    V7P3R_v10.8  -  V7P3R_v7.0

PGN-File: C:\Program Files (x86)\Arena\Tournaments\Engine All Out Battle 20250915.pgn

No:  B/W 1/2     W:B       1:2           Time        Value Moves Dep 1:2       1-2-Draws
  10 = =    1.5:1.5        4.5:5.5       3:54:26 AM     0.00    54 3.529 :5.043  3-4-3

--------------------------------------------------------------

Engine-Match Tuesday, September 16, 2025 3:54:28 AM
 Blitz 1/1 

Pairing 4/18 :    V7P3R_v10.8  -  V7P3R_v8.0

PGN-File: C:\Program Files (x86)\Arena\Tournaments\Engine All Out Battle 20250915.pgn

No:  B/W 1/2     W:B       1:2           Time        Value Moves Dep 1:2       1-2-Draws
  10 B 1    1.0:0.0        10.0:0.0      3:55:03 AM    -M500     8 3.286 :5.000  10-0-0

--------------------------------------------------------------

Engine-Match Tuesday, September 16, 2025 3:55:05 AM
 Blitz 1/1 

Pairing 5/18 :    V7P3R_v10.8  -  V7P3R_v9.0

PGN-File: C:\Program Files (x86)\Arena\Tournaments\Engine All Out Battle 20250915.pgn

No:  B/W 1/2     W:B       1:2           Time        Value Moves Dep 1:2       1-2-Draws
  10 B 1    1.0:0.0        10.0:0.0      3:55:44 AM   -80.00    10 3.111 :5.200  10-0-0

--------------------------------------------------------------

Engine-Match Tuesday, September 16, 2025 3:55:45 AM
 Blitz 1/1 

Pairing 6/18 :    V7P3R_v10.8  -  V7P3R_v10.7

PGN-File: C:\Program Files (x86)\Arena\Tournaments\Engine All Out Battle 20250915.pgn

No:  B/W 1/2     W:B       1:2           Time        Value Moves Dep 1:2       1-2-Draws
  10 B 1    1.0:0.0        10.0:0.0      3:56:32 AM   -19.90     8 3.000 :2.500  10-0-0

--------------------------------------------------------------

Engine-Match Tuesday, September 16, 2025 3:56:33 AM
 Blitz 1/1 

Pairing 7/18 :    V7P3R_v10.8  -  V7P3R_v10.6

PGN-File: C:\Program Files (x86)\Arena\Tournaments\Engine All Out Battle 20250915.pgn

No:  B/W 1/2     W:B       1:2           Time        Value Moves Dep 1:2       1-2-Draws
  10 W 2    1.0:0.0        6.0:4.0       3:58:25 AM   +12.01    27 2.815 :2.800  6-4-0

--------------------------------------------------------------

Engine-Match Tuesday, September 16, 2025 3:58:27 AM
 Blitz 1/1 

Pairing 8/18 :    V7P3R_v10.8  -  V7P3R_v10.5

PGN-File: C:\Program Files (x86)\Arena\Tournaments\Engine All Out Battle 20250915.pgn

No:  B/W 1/2     W:B       1:2           Time        Value Moves Dep 1:2       1-2-Draws
  10 = =    2.5:2.5        7.5:2.5       4:00:28 AM     0.00    45 2.818 :3.875  5-0-5

--------------------------------------------------------------

Engine-Match Tuesday, September 16, 2025 4:00:29 AM
 Blitz 1/1 

Pairing 9/18 :    V7P3R_v10.8  -  V7P3R_v10.4

PGN-File: C:\Program Files (x86)\Arena\Tournaments\Engine All Out Battle 20250915.pgn

No:  B/W 1/2     W:B       1:2           Time        Value Moves Dep 1:2       1-2-Draws
  10 W 2    2.5:1.5        4.5:5.5       4:02:21 AM   +12.01    27 2.778 :2.760  3-4-3

--------------------------------------------------------------

Engine-Match Tuesday, September 16, 2025 4:02:22 AM
 Blitz 1/1 

Pairing 10/18 :    V7P3R_v10.8  -  V7P3R_v10.3

PGN-File: C:\Program Files (x86)\Arena\Tournaments\Engine All Out Battle 20250915.pgn

No:  B/W 1/2     W:B       1:2           Time        Value Moves Dep 1:2       1-2-Draws
  10 B 1    1.0:0.0        10.0:0.0      4:03:18 AM   -18.67     8 3.286 :2.750  10-0-0

--------------------------------------------------------------

Engine-Match Tuesday, September 16, 2025 4:03:19 AM
 Blitz 1/1 

Pairing 11/18 :    V7P3R_v10.8  -  V7P3R_v10.2

PGN-File: C:\Program Files (x86)\Arena\Tournaments\Engine All Out Battle 20250915.pgn

No:  B/W 1/2     W:B       1:2           Time        Value Moves Dep 1:2       1-2-Draws
  10 B 1    3.0:2.0        7.0:3.0       4:05:19 AM  -289.96    29 3.000 :4.200  5-1-4

--------------------------------------------------------------

Engine-Match Tuesday, September 16, 2025 4:05:20 AM
 Blitz 1/1 

Pairing 12/18 :    V7P3R_v10.8  -  V7P3R_v10.0

PGN-File: C:\Program Files (x86)\Arena\Tournaments\Engine All Out Battle 20250915.pgn

No:  B/W 1/2     W:B       1:2           Time        Value Moves Dep 1:2       1-2-Draws
  10 W 2    3.0:2.0        2.0:8.0       4:07:09 AM   +38.33    28 3.105 :4.350  0-6-4

--------------------------------------------------------------

Engine-Match Tuesday, September 16, 2025 4:07:10 AM
 Blitz 1/1 

Pairing 13/18 :    V7P3R_v10.8  -  SlowMate_v3.1

PGN-File: C:\Program Files (x86)\Arena\Tournaments\Engine All Out Battle 20250915.pgn

No:  B/W 1/2     W:B       1:2           Time        Value Moves Dep 1:2       1-2-Draws
  10 W 2    4.5:3.5        3.5:6.5       4:10:28 AM   +12.49    64 2.786 :2.867  0-3-7

--------------------------------------------------------------

Engine-Match Tuesday, September 16, 2025 4:10:30 AM
 Blitz 1/1 

Pairing 14/18 :    V7P3R_v10.8  -  Random_Opponent

PGN-File: C:\Program Files (x86)\Arena\Tournaments\Engine All Out Battle 20250915.pgn

No:  B/W 1/2     W:B       1:2           Time        Value Moves Dep 1:2       1-2-Draws
  10 B 1    1.0:0.0        10.0:0.0      4:11:07 AM  -289.96    17 3.000 :0 10-0-0

--------------------------------------------------------------

Engine-Match Tuesday, September 16, 2025 4:11:09 AM
 Blitz 1/1 

Pairing 15/18 :    V7P3R_v10.8  -  C0BR4_v1.0

PGN-File: C:\Program Files (x86)\Arena\Tournaments\Engine All Out Battle 20250915.pgn

No:  B/W 1/2     W:B       1:2           Time        Value Moves Dep 1:2       1-2-Draws
  10 B 1    1.0:0.0        10.0:0.0      4:11:44 AM    -1.05    10 3.091 :4.000  10-0-0

--------------------------------------------------------------

Engine-Match Tuesday, September 16, 2025 4:11:45 AM
 Blitz 1/1 

Pairing 16/18 :    V7P3R_v10.8  -  C0BR4_v2.0

PGN-File: C:\Program Files (x86)\Arena\Tournaments\Engine All Out Battle 20250915.pgn

No:  B/W 1/2     W:B       1:2           Time        Value Moves Dep 1:2       1-2-Draws
  10 B 1    2.5:1.5        8.5:1.5       4:12:21 AM    -2.59    11 3.182 :4.000  7-0-3

--------------------------------------------------------------

Engine-Match Tuesday, September 16, 2025 4:12:22 AM
 Blitz 1/1 

Pairing 17/18 :    V7P3R_v10.8  -  C0BR4_v2.9

PGN-File: C:\Program Files (x86)\Arena\Tournaments\Engine All Out Battle 20250915.pgn

No:  B/W 1/2     W:B       1:2           Time        Value Moves Dep 1:2       1-2-Draws
  10 = =    1.5:1.5        2.5:7.5       4:13:24 AM    +1.83    25 2.955 :4.000  1-6-3

--------------------------------------------------------------

Engine-Match Tuesday, September 16, 2025 4:13:26 AM
 Blitz 1/1 

Pairing 18/18 :    V7P3R_v10.8  -  Stockfish 1%

PGN-File: C:\Program Files (x86)\Arena\Tournaments\Engine All Out Battle 20250915.pgn

No:  B/W 1/2     W:B       1:2           Time        Value Moves Dep 1:2       1-2-Draws
  10 = =    1.0:1.0        2.0:8.0       4:15:00 AM     0.00    51 2.958 :7.500  1-7-2
