Engine-Match Wednesday, September 24, 2025 12:20:28 PM
 Blitz 30/1 

Pairing 1/3 :    C0BR4_v2.9  -  SlowMate_v3.1

PGN-File: C:\Program Files (x86)\Arena\Tournaments\Engine Tournament 20250924.pgn

No:  B/W 1/2     W:B       1:2           Time        Value Moves Dep 1:2       1-2-Draws
   1 B 2    1.0:0.0        0.0:1.0       12:43:19 PM   -10.39    55 4.000 :4.765  0-1-0

--------------------------------------------------------------

Engine-Match Wednesday, September 24, 2025 12:43:20 PM
 Blitz 30/1 

Pairing 2/3 :    V7P3R_v12.1  -  C0BR4_v2.9

PGN-File: C:\Program Files (x86)\Arena\Tournaments\Engine Tournament 20250924.pgn

No:  B/W 1/2     W:B       1:2           Time        Value Moves Dep 1:2       1-2-Draws
   1 B 2    1.0:0.0        0.0:1.0       12:46:26 PM  -299.97    39 2.957 :4.000  0-1-0

--------------------------------------------------------------

Engine-Match Wednesday, September 24, 2025 12:46:27 PM
 Blitz 30/1 

Pairing 3/3 :    SlowMate_v3.1  -  V7P3R_v12.1

PGN-File: C:\Program Files (x86)\Arena\Tournaments\Engine Tournament 20250924.pgn

No:  B/W 1/2     W:B       1:2           Time        Value Moves Dep 1:2       1-2-Draws
   1 = =    0.5:0.5        0.5:0.5       1:15:44 PM    +0.93    76 4.318 :2.700  0-0-1

--------------------------------------------------------------

Engine-Match Wednesday, September 24, 2025 1:15:45 PM
 Blitz 30/1 

Pairing 1/3 :    C0BR4_v2.9  -  SlowMate_v3.1

PGN-File: C:\Program Files (x86)\Arena\Tournaments\Engine Tournament 20250924.pgn

No:  B/W 1/2     W:B       1:2           Time        Value Moves Dep 1:2       1-2-Draws
   2 = =    0.5:0.5        0.5:1.5       1:31:45 PM    -3.40    31 4.000 :4.250  0-1-1

--------------------------------------------------------------

Engine-Match Wednesday, September 24, 2025 1:31:46 PM
 Blitz 30/1 

Pairing 2/3 :    V7P3R_v12.1  -  C0BR4_v2.9

PGN-File: C:\Program Files (x86)\Arena\Tournaments\Engine Tournament 20250924.pgn

No:  B/W 1/2     W:B       1:2           Time        Value Moves Dep 1:2       1-2-Draws
   2 W 2    1.0:0.0        0.0:2.0       1:35:27 PM   +11.32    58 3.467 :4.000  0-2-0

--------------------------------------------------------------

Engine-Match Wednesday, September 24, 2025 1:35:28 PM
 Blitz 30/1 

Pairing 3/3 :    SlowMate_v3.1  -  V7P3R_v12.1

PGN-File: C:\Program Files (x86)\Arena\Tournaments\Engine Tournament 20250924.pgn

No:  B/W 1/2     W:B       1:2           Time        Value Moves Dep 1:2       1-2-Draws
   2 = =    1.0:1.0        1.0:1.0       1:46:17 PM    -1.68    17 4.471 :2.933  0-0-2

--------------------------------------------------------------

Engine-Match Wednesday, September 24, 2025 1:46:18 PM
 Blitz 30/1 

Pairing 1/3 :    C0BR4_v2.9  -  SlowMate_v3.1

PGN-File: C:\Program Files (x86)\Arena\Tournaments\Engine Tournament 20250924.pgn

No:  B/W 1/2     W:B       1:2           Time        Value Moves Dep 1:2       1-2-Draws
   3 W 1    1.5:0.5        1.5:1.5       2:00:19 PM  +299.97    26 3.917 :4.200  1-1-1

--------------------------------------------------------------

Engine-Match Wednesday, September 24, 2025 2:00:20 PM
 Blitz 30/1 

Pairing 2/3 :    V7P3R_v12.1  -  C0BR4_v2.9

PGN-File: C:\Program Files (x86)\Arena\Tournaments\Engine Tournament 20250924.pgn

No:  B/W 1/2     W:B       1:2           Time        Value Moves Dep 1:2       1-2-Draws
   3 B 2    1.0:0.0        0.0:3.0       2:02:21 PM   -15.74    33 3.188 :4.000  0-3-0

--------------------------------------------------------------

Engine-Match Wednesday, September 24, 2025 2:02:22 PM
 Blitz 30/1 

Pairing 3/3 :    SlowMate_v3.1  -  V7P3R_v12.1

PGN-File: C:\Program Files (x86)\Arena\Tournaments\Engine Tournament 20250924.pgn

No:  B/W 1/2     W:B       1:2           Time        Value Moves Dep 1:2       1-2-Draws
   3 = =    1.5:1.5        1.5:1.5       2:29:29 PM     0.00    64 4.318 :2.700  0-0-3

--------------------------------------------------------------

Engine-Match Wednesday, September 24, 2025 2:29:30 PM
 Blitz 30/1 

Pairing 1/3 :    C0BR4_v2.9  -  SlowMate_v3.1

PGN-File: C:\Program Files (x86)\Arena\Tournaments\Engine Tournament 20250924.pgn

No:  B/W 1/2     W:B       1:2           Time        Value Moves Dep 1:2       1-2-Draws
   4 = =    1.0:1.0        2.0:2.0       2:51:08 PM    -6.35    49 4.000 :4.667  1-1-2

--------------------------------------------------------------

Engine-Match Wednesday, September 24, 2025 2:51:09 PM
 Blitz 30/1 

Pairing 2/3 :    V7P3R_v12.1  -  C0BR4_v2.9

PGN-File: C:\Program Files (x86)\Arena\Tournaments\Engine Tournament 20250924.pgn

No:  B/W 1/2     W:B       1:2           Time        Value Moves Dep 1:2       1-2-Draws
   4 W 2    1.0:0.0        0.0:4.0       2:53:21 PM   +17.08    38 3.000 :4.000  0-4-0

--------------------------------------------------------------

Engine-Match Wednesday, September 24, 2025 2:53:22 PM
 Blitz 30/1 

Pairing 3/3 :    SlowMate_v3.1  -  V7P3R_v12.1

PGN-File: C:\Program Files (x86)\Arena\Tournaments\Engine Tournament 20250924.pgn

No:  B/W 1/2     W:B       1:2           Time        Value Moves Dep 1:2       1-2-Draws
   4 = =    2.0:2.0        2.0:2.0       3:04:27 PM    -1.68    17 4.471 :2.867  0-0-4

--------------------------------------------------------------

Engine-Match Wednesday, September 24, 2025 3:04:28 PM
 Blitz 30/1 

Pairing 1/3 :    C0BR4_v2.9  -  SlowMate_v3.1

PGN-File: C:\Program Files (x86)\Arena\Tournaments\Engine Tournament 20250924.pgn

No:  B/W 1/2     W:B       1:2           Time        Value Moves Dep 1:2       1-2-Draws
   5 B 2    2.0:1.0        2.0:3.0       3:25:44 PM   -12.17    49 4.000 :4.893  1-2-2

--------------------------------------------------------------

Engine-Match Wednesday, September 24, 2025 3:25:45 PM
 Blitz 30/1 

Pairing 2/3 :    V7P3R_v12.1  -  C0BR4_v2.9

PGN-File: C:\Program Files (x86)\Arena\Tournaments\Engine Tournament 20250924.pgn

No:  B/W 1/2     W:B       1:2           Time        Value Moves Dep 1:2       1-2-Draws
   5 B 2    1.0:0.0        0.0:5.0       3:26:39 PM    -9.96    12 3.091 :4.000  0-5-0

--------------------------------------------------------------

Engine-Match Wednesday, September 24, 2025 3:26:41 PM
 Blitz 30/1 

Pairing 3/3 :    SlowMate_v3.1  -  V7P3R_v12.1

PGN-File: C:\Program Files (x86)\Arena\Tournaments\Engine Tournament 20250924.pgn

No:  B/W 1/2     W:B       1:2           Time        Value Moves Dep 1:2       1-2-Draws
   5 = =    2.5:2.5        2.5:2.5       3:53:50 PM    -0.08    66 4.318 :2.700  0-0-5

--------------------------------------------------------------

Engine-Match Wednesday, September 24, 2025 3:53:51 PM
 Blitz 30/1 

Pairing 1/3 :    C0BR4_v2.9  -  SlowMate_v3.1

PGN-File: C:\Program Files (x86)\Arena\Tournaments\Engine Tournament 20250924.pgn

No:  B/W 1/2     W:B       1:2           Time        Value Moves Dep 1:2       1-2-Draws
   6 B 1    2.0:1.0        3.0:3.0       4:08:36 PM  -299.97    28 3.923 :4.679  2-2-2

--------------------------------------------------------------

Engine-Match Wednesday, September 24, 2025 4:08:37 PM
 Blitz 30/1 

Pairing 2/3 :    V7P3R_v12.1  -  C0BR4_v2.9

PGN-File: C:\Program Files (x86)\Arena\Tournaments\Engine Tournament 20250924.pgn

No:  B/W 1/2     W:B       1:2           Time        Value Moves Dep 1:2       1-2-Draws
   6 W 2    1.0:0.0        0.0:6.0       4:10:45 PM   +17.08    38 3.000 :4.000  0-6-0

--------------------------------------------------------------

Engine-Match Wednesday, September 24, 2025 4:10:46 PM
 Blitz 30/1 

Pairing 3/3 :    SlowMate_v3.1  -  V7P3R_v12.1

PGN-File: C:\Program Files (x86)\Arena\Tournaments\Engine Tournament 20250924.pgn

No:  B/W 1/2     W:B       1:2           Time        Value Moves Dep 1:2       1-2-Draws
   6 = =    3.0:3.0        3.0:3.0       4:21:35 PM    -1.68    17 4.529 :2.933  0-0-6

--------------------------------------------------------------

Engine-Match Wednesday, September 24, 2025 4:21:36 PM
 Blitz 30/1 

Pairing 1/3 :    C0BR4_v2.9  -  SlowMate_v3.1

PGN-File: C:\Program Files (x86)\Arena\Tournaments\Engine Tournament 20250924.pgn

No:  B/W 1/2     W:B       1:2           Time        Value Moves Dep 1:2       1-2-Draws
   7 = =    1.5:1.5        3.5:3.5       4:40:25 PM    -1.90    39 4.000 :4.444  2-2-3

--------------------------------------------------------------

Engine-Match Wednesday, September 24, 2025 4:40:26 PM
 Blitz 30/1 

Pairing 2/3 :    V7P3R_v12.1  -  C0BR4_v2.9

PGN-File: C:\Program Files (x86)\Arena\Tournaments\Engine Tournament 20250924.pgn

No:  B/W 1/2     W:B       1:2           Time        Value Moves Dep 1:2       1-2-Draws
   7 B 2    1.0:0.0        0.0:7.0       4:43:46 PM  -299.97    52 2.960 :4.000  0-7-0

--------------------------------------------------------------

Engine-Match Wednesday, September 24, 2025 4:43:52 PM
 Blitz 30/1 

Pairing 3/3 :    SlowMate_v3.1  -  V7P3R_v12.1

PGN-File: C:\Program Files (x86)\Arena\Tournaments\Engine Tournament 20250924.pgn

No:  B/W 1/2     W:B       1:2           Time        Value Moves Dep 1:2       1-2-Draws
   7 = =    3.5:3.5        3.5:3.5       5:13:11 PM    +0.93    76 4.318 :2.700  0-0-7

--------------------------------------------------------------

Engine-Match Wednesday, September 24, 2025 5:13:12 PM
 Blitz 30/1 

Pairing 1/3 :    C0BR4_v2.9  -  SlowMate_v3.1

PGN-File: C:\Program Files (x86)\Arena\Tournaments\Engine Tournament 20250924.pgn

No:  B/W 1/2     W:B       1:2           Time        Value Moves Dep 1:2       1-2-Draws
   8 = =    2.0:2.0        4.0:4.0       5:32:49 PM    +6.38    43 4.000 :4.581  2-2-4

--------------------------------------------------------------

Engine-Match Wednesday, September 24, 2025 5:32:50 PM
 Blitz 30/1 

Pairing 2/3 :    V7P3R_v12.1  -  C0BR4_v2.9

PGN-File: C:\Program Files (x86)\Arena\Tournaments\Engine Tournament 20250924.pgn

No:  B/W 1/2     W:B       1:2           Time        Value Moves Dep 1:2       1-2-Draws
   8 W 2    1.0:0.0        0.0:8.0       5:34:55 PM   +18.45    31 2.762 :4.000  0-8-0

--------------------------------------------------------------

Engine-Match Wednesday, September 24, 2025 5:34:56 PM
 Blitz 30/1 

Pairing 3/3 :    SlowMate_v3.1  -  V7P3R_v12.1

PGN-File: C:\Program Files (x86)\Arena\Tournaments\Engine Tournament 20250924.pgn

No:  B/W 1/2     W:B       1:2           Time        Value Moves Dep 1:2       1-2-Draws
   8 = =    4.0:4.0        4.0:4.0       5:45:37 PM    -1.68    17 4.588 :2.933  0-0-8

--------------------------------------------------------------

Engine-Match Wednesday, September 24, 2025 5:45:39 PM
 Blitz 30/1 

Pairing 1/3 :    C0BR4_v2.9  -  SlowMate_v3.1

PGN-File: C:\Program Files (x86)\Arena\Tournaments\Engine Tournament 20250924.pgn

No:  B/W 1/2     W:B       1:2           Time        Value Moves Dep 1:2       1-2-Draws
   9 W 1    3.0:2.0        5.0:4.0       5:59:44 PM  +299.97    26 3.917 :4.240  3-2-4

--------------------------------------------------------------

Engine-Match Wednesday, September 24, 2025 5:59:45 PM
 Blitz 30/1 

Pairing 2/3 :    V7P3R_v12.1  -  C0BR4_v2.9

PGN-File: C:\Program Files (x86)\Arena\Tournaments\Engine Tournament 20250924.pgn

No:  B/W 1/2     W:B       1:2           Time        Value Moves Dep 1:2       1-2-Draws
   9 B 2    1.0:0.0        0.0:9.0       6:01:53 PM  -299.97    37 2.941 :4.000  0-9-0

--------------------------------------------------------------

Engine-Match Wednesday, September 24, 2025 6:01:54 PM
 Blitz 30/1 

Pairing 3/3 :    SlowMate_v3.1  -  V7P3R_v12.1

PGN-File: C:\Program Files (x86)\Arena\Tournaments\Engine Tournament 20250924.pgn

No:  B/W 1/2     W:B       1:2           Time        Value Moves Dep 1:2       1-2-Draws
   9 = =    4.5:4.5        4.5:4.5       6:33:02 PM   +17.93    93 4.455 :2.789  0-0-9

--------------------------------------------------------------

Engine-Match Wednesday, September 24, 2025 6:33:03 PM
 Blitz 30/1 

Pairing 1/3 :    C0BR4_v2.9  -  SlowMate_v3.1

PGN-File: C:\Program Files (x86)\Arena\Tournaments\Engine Tournament 20250924.pgn

No:  B/W 1/2     W:B       1:2           Time        Value Moves Dep 1:2       1-2-Draws
  10 = =    2.5:2.5        5.5:4.5       6:48:11 PM    +4.50    28 4.000 :4.571  3-2-5

--------------------------------------------------------------

Engine-Match Wednesday, September 24, 2025 6:48:12 PM
 Blitz 30/1 

Pairing 2/3 :    V7P3R_v12.1  -  C0BR4_v2.9

PGN-File: C:\Program Files (x86)\Arena\Tournaments\Engine Tournament 20250924.pgn

No:  B/W 1/2     W:B       1:2           Time        Value Moves Dep 1:2       1-2-Draws
  10 W 2    1.0:0.0        0.0:10.0      6:50:49 PM   +19.41    47 3.000 :4.000  0-10-0

--------------------------------------------------------------

Engine-Match Wednesday, September 24, 2025 6:50:51 PM
 Blitz 30/1 

Pairing 3/3 :    SlowMate_v3.1  -  V7P3R_v12.1

PGN-File: C:\Program Files (x86)\Arena\Tournaments\Engine Tournament 20250924.pgn

No:  B/W 1/2     W:B       1:2           Time        Value Moves Dep 1:2       1-2-Draws
  10 * *     4.5:4.5        4.5:4.5       6:59:13 PM    +1.90    13 4.417 :2.923  0-0-9

--------------------------------------------------------------

Engine-Match Wednesday, September 24, 2025 8:09:14 PM
 Blitz 30/1 

Pairing 3/3 :    SlowMate_v3.1  -  V7P3R_v12.1

PGN-File: C:\Program Files (x86)\Arena\Tournaments\Engine Tournament 20250924.pgn

No:  B/W 1/2     W:B       1:2           Time        Value Moves Dep 1:2       1-2-Draws
  10 B 1    5.5:4.5        5.5:4.5       8:32:50 PM   -17.01    50 4.652 :3.048  1-0-9
