Engine-Match Thursday, September 25, 2025 8:58:56 AM
 Blitz 10/5 

Pairing 1/6 :    V7P3R_v10.8  -  Random_Opponent

PGN-File: C:\Program Files (x86)\Arena\Tournaments\Engine Regression Battle 20250925.pgn

No:  B/W 1/2     W:B       1:2           Time        Value Moves Dep 1:2       1-2-Draws
   1 W 1    1.0:0.0        1.0:0.0       9:02:57 AM  +289.98    26 4.450 :0 1-0-0

--------------------------------------------------------------

Engine-Match Thursday, September 25, 2025 9:02:58 AM
 Blitz 10/5 

Pairing 2/6 :    V7P3R_v12.1  -  V7P3R_v12.0

PGN-File: C:\Program Files (x86)\Arena\Tournaments\Engine Regression Battle 20250925.pgn

No:  B/W 1/2     W:B       1:2           Time        Value Moves Dep 1:2       1-2-Draws
   1 B 2    1.0:0.0        0.0:1.0       9:07:30 AM     0.00    58 3.192 :3.304  0-1-0

--------------------------------------------------------------

Engine-Match Thursday, September 25, 2025 9:07:31 AM
 Blitz 10/5 

Pairing 3/6 :    V7P3R_v12.1  -  V7P3R_v10.8

PGN-File: C:\Program Files (x86)\Arena\Tournaments\Engine Regression Battle 20250925.pgn

No:  B/W 1/2     W:B       1:2           Time        Value Moves Dep 1:2       1-2-Draws
   1 B 2    1.0:0.0        0.0:1.0       9:15:26 AM     0.00    49 3.000 :3.824  0-1-0

--------------------------------------------------------------

Engine-Match Thursday, September 25, 2025 9:15:27 AM
 Blitz 10/5 

Pairing 4/6 :    V7P3R_v12.0  -  Random_Opponent

PGN-File: C:\Program Files (x86)\Arena\Tournaments\Engine Regression Battle 20250925.pgn

No:  B/W 1/2     W:B       1:2           Time        Value Moves Dep 1:2       1-2-Draws
   1 W 1    1.0:0.0        1.0:0.0       9:16:25 AM  +289.96    16 3.125 :0 1-0-0

--------------------------------------------------------------

Engine-Match Thursday, September 25, 2025 9:16:27 AM
 Blitz 10/5 

Pairing 5/6 :    V7P3R_v10.8  -  V7P3R_v12.0

PGN-File: C:\Program Files (x86)\Arena\Tournaments\Engine Regression Battle 20250925.pgn

No:  B/W 1/2     W:B       1:2           Time        Value Moves Dep 1:2       1-2-Draws
   1 = =    0.5:0.5        0.5:0.5       9:21:45 AM     0.00    40 4.167 :3.273  0-0-1

--------------------------------------------------------------

Engine-Match Thursday, September 25, 2025 9:21:46 AM
 Blitz 10/5 

Pairing 6/6 :    Random_Opponent  -  V7P3R_v12.1

PGN-File: C:\Program Files (x86)\Arena\Tournaments\Engine Regression Battle 20250925.pgn

No:  B/W 1/2     W:B       1:2           Time        Value Moves Dep 1:2       1-2-Draws
   1 B 2    1.0:0.0        0.0:1.0       9:23:23 AM  -289.96    27 0:2.852  0-1-0

--------------------------------------------------------------

Engine-Match Thursday, September 25, 2025 9:23:25 AM
 Blitz 10/5 

Pairing 1/6 :    V7P3R_v10.8  -  Random_Opponent

PGN-File: C:\Program Files (x86)\Arena\Tournaments\Engine Regression Battle 20250925.pgn

No:  B/W 1/2     W:B       1:2           Time        Value Moves Dep 1:2       1-2-Draws
   2 B 1    1.0:0.0        2.0:0.0       9:25:26 AM  -289.97    10 3.875 :0 2-0-0

--------------------------------------------------------------

Engine-Match Thursday, September 25, 2025 9:25:27 AM
 Blitz 10/5 

Pairing 2/6 :    V7P3R_v12.1  -  V7P3R_v12.0

PGN-File: C:\Program Files (x86)\Arena\Tournaments\Engine Regression Battle 20250925.pgn

No:  B/W 1/2     W:B       1:2           Time        Value Moves Dep 1:2       1-2-Draws
   2 W 2    1.0:0.0        0.0:2.0       9:30:12 AM   +16.33    57 2.871 :3.179  0-2-0

--------------------------------------------------------------

Engine-Match Thursday, September 25, 2025 9:30:14 AM
 Blitz 10/5 

Pairing 3/6 :    V7P3R_v12.1  -  V7P3R_v10.8

PGN-File: C:\Program Files (x86)\Arena\Tournaments\Engine Regression Battle 20250925.pgn

No:  B/W 1/2     W:B       1:2           Time        Value Moves Dep 1:2       1-2-Draws
   2 W 2    1.0:0.0        0.0:2.0       9:35:48 AM  +289.99    36 2.909 :3.733  0-2-0

--------------------------------------------------------------

Engine-Match Thursday, September 25, 2025 9:35:49 AM
 Blitz 10/5 

Pairing 4/6 :    V7P3R_v12.0  -  Random_Opponent

PGN-File: C:\Program Files (x86)\Arena\Tournaments\Engine Regression Battle 20250925.pgn

No:  B/W 1/2     W:B       1:2           Time        Value Moves Dep 1:2       1-2-Draws
   2 B 1    1.0:0.0        2.0:0.0       9:37:04 AM  -289.97    19 3.474 :0 2-0-0

--------------------------------------------------------------

Engine-Match Thursday, September 25, 2025 9:37:05 AM
 Blitz 10/5 

Pairing 5/6 :    V7P3R_v10.8  -  V7P3R_v12.0

PGN-File: C:\Program Files (x86)\Arena\Tournaments\Engine Regression Battle 20250925.pgn

No:  B/W 1/2     W:B       1:2           Time        Value Moves Dep 1:2       1-2-Draws
   2 W 2    1.5:0.5        0.5:1.5       9:43:42 AM  +289.98    45 4.000 :3.094  0-1-1

--------------------------------------------------------------

Engine-Match Thursday, September 25, 2025 9:43:43 AM
 Blitz 10/5 

Pairing 6/6 :    Random_Opponent  -  V7P3R_v12.1

PGN-File: C:\Program Files (x86)\Arena\Tournaments\Engine Regression Battle 20250925.pgn

No:  B/W 1/2     W:B       1:2           Time        Value Moves Dep 1:2       1-2-Draws
   2 W 2    1.0:0.0        0.0:2.0       9:44:47 AM  +289.96    23 0:3.043  0-2-0

--------------------------------------------------------------

Engine-Match Thursday, September 25, 2025 9:44:48 AM
 Blitz 10/5 

Pairing 1/6 :    V7P3R_v10.8  -  Random_Opponent

PGN-File: C:\Program Files (x86)\Arena\Tournaments\Engine Regression Battle 20250925.pgn

No:  B/W 1/2     W:B       1:2           Time        Value Moves Dep 1:2       1-2-Draws
   3 W 1    1.0:0.0        3.0:0.0       9:48:26 AM  +289.98    14 4.357 :0 3-0-0

--------------------------------------------------------------

Engine-Match Thursday, September 25, 2025 9:48:28 AM
 Blitz 10/5 

Pairing 2/6 :    V7P3R_v12.1  -  V7P3R_v12.0

PGN-File: C:\Program Files (x86)\Arena\Tournaments\Engine Regression Battle 20250925.pgn

No:  B/W 1/2     W:B       1:2           Time        Value Moves Dep 1:2       1-2-Draws
   3 B 2    1.0:0.0        0.0:3.0       9:55:30 AM    -9.83    68 2.956 :3.093  0-3-0

--------------------------------------------------------------

Engine-Match Thursday, September 25, 2025 9:55:31 AM
 Blitz 10/5 

Pairing 3/6 :    V7P3R_v12.1  -  V7P3R_v10.8

PGN-File: C:\Program Files (x86)\Arena\Tournaments\Engine Regression Battle 20250925.pgn

No:  B/W 1/2     W:B       1:2           Time        Value Moves Dep 1:2       1-2-Draws
   3 B 2    1.0:0.0        0.0:3.0       10:06:07 AM     0.00    79 3.043 :3.824  0-3-0

--------------------------------------------------------------

Engine-Match Thursday, September 25, 2025 10:06:09 AM
 Blitz 10/5 

Pairing 4/6 :    V7P3R_v12.0  -  Random_Opponent

PGN-File: C:\Program Files (x86)\Arena\Tournaments\Engine Regression Battle 20250925.pgn

No:  B/W 1/2     W:B       1:2           Time        Value Moves Dep 1:2       1-2-Draws
   3 W 1    1.0:0.0        3.0:0.0       10:07:03 AM  +289.96    18 3.467 :0 3-0-0

--------------------------------------------------------------

Engine-Match Thursday, September 25, 2025 10:07:05 AM
 Blitz 10/5 

Pairing 5/6 :    V7P3R_v10.8  -  V7P3R_v12.0

PGN-File: C:\Program Files (x86)\Arena\Tournaments\Engine Regression Battle 20250925.pgn

No:  B/W 1/2     W:B       1:2           Time        Value Moves Dep 1:2       1-2-Draws
   3 W 1    1.5:0.5        1.5:1.5       10:16:12 AM   +15.46    66 3.808 :3.105  1-1-1

--------------------------------------------------------------

Engine-Match Thursday, September 25, 2025 10:16:14 AM
 Blitz 10/5 

Pairing 6/6 :    Random_Opponent  -  V7P3R_v12.1

PGN-File: C:\Program Files (x86)\Arena\Tournaments\Engine Regression Battle 20250925.pgn

No:  B/W 1/2     W:B       1:2           Time        Value Moves Dep 1:2       1-2-Draws
   3 B 2    1.0:0.0        0.0:3.0       10:17:03 AM  -289.96    17 0:2.941  0-3-0

--------------------------------------------------------------

Engine-Match Thursday, September 25, 2025 10:17:04 AM
 Blitz 10/5 

Pairing 1/6 :    V7P3R_v10.8  -  Random_Opponent

PGN-File: C:\Program Files (x86)\Arena\Tournaments\Engine Regression Battle 20250925.pgn

No:  B/W 1/2     W:B       1:2           Time        Value Moves Dep 1:2       1-2-Draws
   4 B 1    1.0:0.0        4.0:0.0       10:20:15 AM  -289.97    19 4.176 :0 4-0-0

--------------------------------------------------------------

Engine-Match Thursday, September 25, 2025 10:20:16 AM
 Blitz 10/5 

Pairing 2/6 :    V7P3R_v12.1  -  V7P3R_v12.0

PGN-File: C:\Program Files (x86)\Arena\Tournaments\Engine Regression Battle 20250925.pgn

No:  B/W 1/2     W:B       1:2           Time        Value Moves Dep 1:2       1-2-Draws
   4 = =    0.5:0.5        0.5:3.5       10:26:28 AM    +0.09    70 3.103 :3.222  0-3-1

--------------------------------------------------------------

Engine-Match Thursday, September 25, 2025 10:26:35 AM
 Blitz 10/5 

Pairing 3/6 :    V7P3R_v12.1  -  V7P3R_v10.8

PGN-File: C:\Program Files (x86)\Arena\Tournaments\Engine Regression Battle 20250925.pgn

No:  B/W 1/2     W:B       1:2           Time        Value Moves Dep 1:2       1-2-Draws
   4 W 2    1.0:0.0        0.0:4.0       10:30:13 AM   +28.12    21 3.200 :4.200  0-4-0

--------------------------------------------------------------

Engine-Match Thursday, September 25, 2025 10:30:15 AM
 Blitz 10/5 

Pairing 4/6 :    V7P3R_v12.0  -  Random_Opponent

PGN-File: C:\Program Files (x86)\Arena\Tournaments\Engine Regression Battle 20250925.pgn

No:  B/W 1/2     W:B       1:2           Time        Value Moves Dep 1:2       1-2-Draws
   4 B 1    1.0:0.0        4.0:0.0       10:31:13 AM  -289.98    15 3.357 :0 4-0-0

--------------------------------------------------------------

Engine-Match Thursday, September 25, 2025 10:31:14 AM
 Blitz 10/5 

Pairing 5/6 :    V7P3R_v10.8  -  V7P3R_v12.0

PGN-File: C:\Program Files (x86)\Arena\Tournaments\Engine Regression Battle 20250925.pgn

No:  B/W 1/2     W:B       1:2           Time        Value Moves Dep 1:2       1-2-Draws
   4 W 2    1.5:0.5        1.5:2.5       10:38:26 AM     0.00    51 3.619 :3.208  1-2-1

--------------------------------------------------------------

Engine-Match Thursday, September 25, 2025 10:38:27 AM
 Blitz 10/5 

Pairing 6/6 :    Random_Opponent  -  V7P3R_v12.1

PGN-File: C:\Program Files (x86)\Arena\Tournaments\Engine Regression Battle 20250925.pgn

No:  B/W 1/2     W:B       1:2           Time        Value Moves Dep 1:2       1-2-Draws
   4 W 2    1.0:0.0        0.0:4.0       10:39:13 AM  +289.96    14 0:3.000  0-4-0

--------------------------------------------------------------

Engine-Match Thursday, September 25, 2025 10:39:14 AM
 Blitz 10/5 

Pairing 1/6 :    V7P3R_v10.8  -  Random_Opponent

PGN-File: C:\Program Files (x86)\Arena\Tournaments\Engine Regression Battle 20250925.pgn

No:  B/W 1/2     W:B       1:2           Time        Value Moves Dep 1:2       1-2-Draws
   5 W 1    1.0:0.0        5.0:0.0       10:41:36 AM     0.00    18 4.182 :0 5-0-0

--------------------------------------------------------------

Engine-Match Thursday, September 25, 2025 10:41:38 AM
 Blitz 10/5 

Pairing 2/6 :    V7P3R_v12.1  -  V7P3R_v12.0

PGN-File: C:\Program Files (x86)\Arena\Tournaments\Engine Regression Battle 20250925.pgn

No:  B/W 1/2     W:B       1:2           Time        Value Moves Dep 1:2       1-2-Draws
   5 = =    1.0:1.0        1.0:4.0       10:46:03 AM    -7.47    39 2.857 :3.074  0-3-2

--------------------------------------------------------------

Engine-Match Thursday, September 25, 2025 10:46:04 AM
 Blitz 10/5 

Pairing 3/6 :    V7P3R_v12.1  -  V7P3R_v10.8

PGN-File: C:\Program Files (x86)\Arena\Tournaments\Engine Regression Battle 20250925.pgn

No:  B/W 1/2     W:B       1:2           Time        Value Moves Dep 1:2       1-2-Draws
   5 B 2    1.0:0.0        0.0:5.0       10:53:45 AM  -289.98    35 3.172 :3.905  0-5-0

--------------------------------------------------------------

Engine-Match Thursday, September 25, 2025 10:53:46 AM
 Blitz 10/5 

Pairing 4/6 :    V7P3R_v12.0  -  Random_Opponent

PGN-File: C:\Program Files (x86)\Arena\Tournaments\Engine Regression Battle 20250925.pgn

No:  B/W 1/2     W:B       1:2           Time        Value Moves Dep 1:2       1-2-Draws
   5 W 1    1.0:0.0        5.0:0.0       10:54:43 AM  +289.96    17 3.000 :0 5-0-0

--------------------------------------------------------------

Engine-Match Thursday, September 25, 2025 10:54:44 AM
 Blitz 10/5 

Pairing 5/6 :    V7P3R_v10.8  -  V7P3R_v12.0

PGN-File: C:\Program Files (x86)\Arena\Tournaments\Engine Regression Battle 20250925.pgn

No:  B/W 1/2     W:B       1:2           Time        Value Moves Dep 1:2       1-2-Draws
   5 = =    1.0:1.0        2.0:3.0       11:03:14 AM    +3.88    50 3.829 :3.275  1-2-2

--------------------------------------------------------------

Engine-Match Thursday, September 25, 2025 11:03:16 AM
 Blitz 10/5 

Pairing 6/6 :    Random_Opponent  -  V7P3R_v12.1

PGN-File: C:\Program Files (x86)\Arena\Tournaments\Engine Regression Battle 20250925.pgn

No:  B/W 1/2     W:B       1:2           Time        Value Moves Dep 1:2       1-2-Draws
   5 B 2    1.0:0.0        0.0:5.0       11:03:37 AM  -289.96     6 0:3.000  0-5-0

--------------------------------------------------------------

Engine-Match Thursday, September 25, 2025 11:03:39 AM
 Blitz 10/5 

Pairing 1/6 :    V7P3R_v10.8  -  Random_Opponent

PGN-File: C:\Program Files (x86)\Arena\Tournaments\Engine Regression Battle 20250925.pgn

No:  B/W 1/2     W:B       1:2           Time        Value Moves Dep 1:2       1-2-Draws
   6 B 1    1.0:0.0        6.0:0.0       11:04:33 AM  -289.97    11 4.000 :0 6-0-0

--------------------------------------------------------------

Engine-Match Thursday, September 25, 2025 11:04:34 AM
 Blitz 10/5 

Pairing 2/6 :    V7P3R_v12.1  -  V7P3R_v12.0

PGN-File: C:\Program Files (x86)\Arena\Tournaments\Engine Regression Battle 20250925.pgn

No:  B/W 1/2     W:B       1:2           Time        Value Moves Dep 1:2       1-2-Draws
   6 B 1    2.0:1.0        2.0:4.0       11:07:43 AM   -12.16    22 2.857 :3.050  1-3-2

--------------------------------------------------------------

Engine-Match Thursday, September 25, 2025 11:07:45 AM
 Blitz 10/5 

Pairing 3/6 :    V7P3R_v12.1  -  V7P3R_v10.8

PGN-File: C:\Program Files (x86)\Arena\Tournaments\Engine Regression Battle 20250925.pgn

No:  B/W 1/2     W:B       1:2           Time        Value Moves Dep 1:2       1-2-Draws

--------------------------------------------------------------

Engine-Match Thursday, September 25, 2025 8:59:33 PM
 Blitz 10/5 

Pairing 3/6 :    V7P3R_v12.1  -  V7P3R_v10.8

PGN-File: C:\Program Files (x86)\Arena\Tournaments\Engine Regression Battle 20250925.pgn

No:  B/W 1/2     W:B       1:2           Time        Value Moves Dep 1:2       1-2-Draws
   6 W 2    1.0:0.0        0.0:6.0       9:06:28 PM     0.00    59 3.200 :4.273  0-6-0

--------------------------------------------------------------

Engine-Match Thursday, September 25, 2025 9:06:30 PM
 Blitz 10/5 

Pairing 4/6 :    V7P3R_v12.0  -  Random_Opponent

PGN-File: C:\Program Files (x86)\Arena\Tournaments\Engine Regression Battle 20250925.pgn

No:  B/W 1/2     W:B       1:2           Time        Value Moves Dep 1:2       1-2-Draws
   6 B 1    1.0:0.0        6.0:0.0       9:07:18 PM  -289.96    14 3.500 :0 6-0-0

--------------------------------------------------------------

Engine-Match Thursday, September 25, 2025 9:07:19 PM
 Blitz 10/5 

Pairing 5/6 :    V7P3R_v10.8  -  V7P3R_v12.0

PGN-File: C:\Program Files (x86)\Arena\Tournaments\Engine Regression Battle 20250925.pgn

No:  B/W 1/2     W:B       1:2           Time        Value Moves Dep 1:2       1-2-Draws
   6 B 1    2.0:1.0        3.0:3.0       9:16:29 PM   -24.79    70 3.867 :3.348  2-2-2

--------------------------------------------------------------

Engine-Match Thursday, September 25, 2025 9:16:31 PM
 Blitz 10/5 

Pairing 6/6 :    Random_Opponent  -  V7P3R_v12.1

PGN-File: C:\Program Files (x86)\Arena\Tournaments\Engine Regression Battle 20250925.pgn

No:  B/W 1/2     W:B       1:2           Time        Value Moves Dep 1:2       1-2-Draws
   6 W 2    1.0:0.0        0.0:6.0       9:17:39 PM  +289.96    21 0:3.100  0-6-0

--------------------------------------------------------------

Engine-Match Thursday, September 25, 2025 9:17:40 PM
 Blitz 10/5 

Pairing 1/6 :    V7P3R_v10.8  -  Random_Opponent

PGN-File: C:\Program Files (x86)\Arena\Tournaments\Engine Regression Battle 20250925.pgn

No:  B/W 1/2     W:B       1:2           Time        Value Moves Dep 1:2       1-2-Draws
   7 W 1    1.0:0.0        7.0:0.0       9:20:21 PM  +289.97    12 4.083 :0 7-0-0

--------------------------------------------------------------

Engine-Match Thursday, September 25, 2025 9:20:22 PM
 Blitz 10/5 

Pairing 2/6 :    V7P3R_v12.1  -  V7P3R_v12.0

PGN-File: C:\Program Files (x86)\Arena\Tournaments\Engine Regression Battle 20250925.pgn

No:  B/W 1/2     W:B       1:2           Time        Value Moves Dep 1:2       1-2-Draws
   7 W 1    2.0:1.0        3.0:4.0       9:22:39 PM  +289.97    17 3.000 :3.133  2-3-2

--------------------------------------------------------------

Engine-Match Thursday, September 25, 2025 9:22:40 PM
 Blitz 10/5 

Pairing 3/6 :    V7P3R_v12.1  -  V7P3R_v10.8

PGN-File: C:\Program Files (x86)\Arena\Tournaments\Engine Regression Battle 20250925.pgn

No:  B/W 1/2     W:B       1:2           Time        Value Moves Dep 1:2       1-2-Draws
   7 = =    0.5:0.5        0.5:6.5       9:29:48 PM    -6.65    58 3.087 :3.941  0-6-1

--------------------------------------------------------------

Engine-Match Thursday, September 25, 2025 9:29:50 PM
 Blitz 10/5 

Pairing 4/6 :    V7P3R_v12.0  -  Random_Opponent

PGN-File: C:\Program Files (x86)\Arena\Tournaments\Engine Regression Battle 20250925.pgn

No:  B/W 1/2     W:B       1:2           Time        Value Moves Dep 1:2       1-2-Draws
   7 W 1    1.0:0.0        7.0:0.0       9:30:22 PM  +289.96     6 3.667 :0 7-0-0

--------------------------------------------------------------

Engine-Match Thursday, September 25, 2025 9:30:23 PM
 Blitz 10/5 

Pairing 5/6 :    V7P3R_v10.8  -  V7P3R_v12.0

PGN-File: C:\Program Files (x86)\Arena\Tournaments\Engine Regression Battle 20250925.pgn

No:  B/W 1/2     W:B       1:2           Time        Value Moves Dep 1:2       1-2-Draws
   7 = =    1.5:1.5        3.5:3.5       9:36:12 PM    +0.40    56 4.000 :3.188  2-2-3

--------------------------------------------------------------

Engine-Match Thursday, September 25, 2025 9:36:13 PM
 Blitz 10/5 

Pairing 6/6 :    Random_Opponent  -  V7P3R_v12.1

PGN-File: C:\Program Files (x86)\Arena\Tournaments\Engine Regression Battle 20250925.pgn

No:  B/W 1/2     W:B       1:2           Time        Value Moves Dep 1:2       1-2-Draws
   7 B 2    1.0:0.0        0.0:7.0       9:36:50 PM  -289.96    14 0:3.000  0-7-0

--------------------------------------------------------------

Engine-Match Thursday, September 25, 2025 9:36:51 PM
 Blitz 10/5 

Pairing 1/6 :    V7P3R_v10.8  -  Random_Opponent

PGN-File: C:\Program Files (x86)\Arena\Tournaments\Engine Regression Battle 20250925.pgn

No:  B/W 1/2     W:B       1:2           Time        Value Moves Dep 1:2       1-2-Draws
   8 B 1    1.0:0.0        8.0:0.0       9:38:21 PM  -289.97     8 4.250 :0 8-0-0

--------------------------------------------------------------

Engine-Match Thursday, September 25, 2025 9:38:23 PM
 Blitz 10/5 

Pairing 2/6 :    V7P3R_v12.1  -  V7P3R_v12.0

PGN-File: C:\Program Files (x86)\Arena\Tournaments\Engine Regression Battle 20250925.pgn

No:  B/W 1/2     W:B       1:2           Time        Value Moves Dep 1:2       1-2-Draws
   8 B 1    2.0:1.0        4.0:4.0       9:41:15 PM   -12.16    22 2.857 :3.050  3-3-2

--------------------------------------------------------------

Engine-Match Thursday, September 25, 2025 9:41:16 PM
 Blitz 10/5 

Pairing 3/6 :    V7P3R_v12.1  -  V7P3R_v10.8

PGN-File: C:\Program Files (x86)\Arena\Tournaments\Engine Regression Battle 20250925.pgn

No:  B/W 1/2     W:B       1:2           Time        Value Moves Dep 1:2       1-2-Draws
   8 W 2    1.5:0.5        0.5:7.5       9:46:53 PM   +11.56    40 3.056 :4.000  0-7-1

--------------------------------------------------------------

Engine-Match Thursday, September 25, 2025 9:46:54 PM
 Blitz 10/5 

Pairing 4/6 :    V7P3R_v12.0  -  Random_Opponent

PGN-File: C:\Program Files (x86)\Arena\Tournaments\Engine Regression Battle 20250925.pgn

No:  B/W 1/2     W:B       1:2           Time        Value Moves Dep 1:2       1-2-Draws
   8 B 1    1.0:0.0        8.0:0.0       9:47:32 PM  -289.96    10 3.200 :0 8-0-0

--------------------------------------------------------------

Engine-Match Thursday, September 25, 2025 9:47:33 PM
 Blitz 10/5 

Pairing 5/6 :    V7P3R_v10.8  -  V7P3R_v12.0

PGN-File: C:\Program Files (x86)\Arena\Tournaments\Engine Regression Battle 20250925.pgn

No:  B/W 1/2     W:B       1:2           Time        Value Moves Dep 1:2       1-2-Draws
   8 W 2    2.5:1.5        3.5:4.5       9:53:45 PM     0.00    58 4.143 :3.412  2-3-3

--------------------------------------------------------------

Engine-Match Thursday, September 25, 2025 9:53:47 PM
 Blitz 10/5 

Pairing 6/6 :    Random_Opponent  -  V7P3R_v12.1

PGN-File: C:\Program Files (x86)\Arena\Tournaments\Engine Regression Battle 20250925.pgn

No:  B/W 1/2     W:B       1:2           Time        Value Moves Dep 1:2       1-2-Draws
   8 W 2    1.0:0.0        0.0:8.0       9:54:21 PM  +289.96    10 0:3.000  0-8-0

--------------------------------------------------------------

Engine-Match Thursday, September 25, 2025 9:54:22 PM
 Blitz 10/5 

Pairing 1/6 :    V7P3R_v10.8  -  Random_Opponent

PGN-File: C:\Program Files (x86)\Arena\Tournaments\Engine Regression Battle 20250925.pgn

No:  B/W 1/2     W:B       1:2           Time        Value Moves Dep 1:2       1-2-Draws
   9 W 1    1.0:0.0        9.0:0.0       9:57:04 PM     0.00    14 4.231 :0 9-0-0

--------------------------------------------------------------

Engine-Match Thursday, September 25, 2025 9:57:05 PM
 Blitz 10/5 

Pairing 2/6 :    V7P3R_v12.1  -  V7P3R_v12.0

PGN-File: C:\Program Files (x86)\Arena\Tournaments\Engine Regression Battle 20250925.pgn

No:  B/W 1/2     W:B       1:2           Time        Value Moves Dep 1:2       1-2-Draws
   9 = =    1.5:1.5        4.5:4.5       10:03:08 PM     0.00    71 3.000 :3.160  3-3-3

--------------------------------------------------------------

Engine-Match Thursday, September 25, 2025 10:03:10 PM
 Blitz 10/5 

Pairing 3/6 :    V7P3R_v12.1  -  V7P3R_v10.8

PGN-File: C:\Program Files (x86)\Arena\Tournaments\Engine Regression Battle 20250925.pgn

No:  B/W 1/2     W:B       1:2           Time        Value Moves Dep 1:2       1-2-Draws
   9 B 2    1.5:0.5        0.5:8.5       10:11:46 PM  -289.99    61 3.087 :3.882  0-8-1

--------------------------------------------------------------

Engine-Match Thursday, September 25, 2025 10:11:47 PM
 Blitz 10/5 

Pairing 4/6 :    V7P3R_v12.0  -  Random_Opponent

PGN-File: C:\Program Files (x86)\Arena\Tournaments\Engine Regression Battle 20250925.pgn

No:  B/W 1/2     W:B       1:2           Time        Value Moves Dep 1:2       1-2-Draws
   9 W 1    1.0:0.0        9.0:0.0       10:13:05 PM  +289.97    21 3.526 :0 9-0-0

--------------------------------------------------------------

Engine-Match Thursday, September 25, 2025 10:13:11 PM
 Blitz 10/5 

Pairing 5/6 :    V7P3R_v10.8  -  V7P3R_v12.0

PGN-File: C:\Program Files (x86)\Arena\Tournaments\Engine Regression Battle 20250925.pgn

No:  B/W 1/2     W:B       1:2           Time        Value Moves Dep 1:2       1-2-Draws
   9 W 1    2.5:1.5        4.5:4.5       10:16:11 PM   +12.46    17 4.333 :3.333  3-3-3

--------------------------------------------------------------

Engine-Match Thursday, September 25, 2025 10:16:12 PM
 Blitz 10/5 

Pairing 6/6 :    Random_Opponent  -  V7P3R_v12.1

PGN-File: C:\Program Files (x86)\Arena\Tournaments\Engine Regression Battle 20250925.pgn

No:  B/W 1/2     W:B       1:2           Time        Value Moves Dep 1:2       1-2-Draws
   9 B 2    1.0:0.0        0.0:9.0       10:17:36 PM  -289.96    24 0:2.917  0-9-0

--------------------------------------------------------------

Engine-Match Thursday, September 25, 2025 10:17:37 PM
 Blitz 10/5 

Pairing 1/6 :    V7P3R_v10.8  -  Random_Opponent

PGN-File: C:\Program Files (x86)\Arena\Tournaments\Engine Regression Battle 20250925.pgn

No:  B/W 1/2     W:B       1:2           Time        Value Moves Dep 1:2       1-2-Draws
  10 B 1    1.0:0.0        10.0:0.0      10:20:21 PM  -289.98    16 4.308 :0 10-0-0

--------------------------------------------------------------

Engine-Match Thursday, September 25, 2025 10:20:22 PM
 Blitz 10/5 

Pairing 2/6 :    V7P3R_v12.1  -  V7P3R_v12.0

PGN-File: C:\Program Files (x86)\Arena\Tournaments\Engine Regression Battle 20250925.pgn

No:  B/W 1/2     W:B       1:2           Time        Value Moves Dep 1:2       1-2-Draws
  10 B 1    2.5:1.5        5.5:4.5       10:23:15 PM   -12.16    22 2.857 :3.050  4-3-3

--------------------------------------------------------------

Engine-Match Thursday, September 25, 2025 10:23:17 PM
 Blitz 10/5 

Pairing 3/6 :    V7P3R_v12.1  -  V7P3R_v10.8

PGN-File: C:\Program Files (x86)\Arena\Tournaments\Engine Regression Battle 20250925.pgn

No:  B/W 1/2     W:B       1:2           Time        Value Moves Dep 1:2       1-2-Draws
  10 W 2    1.5:0.5        0.5:9.5       10:29:19 PM   +11.56    40 3.056 :4.000  0-9-1

--------------------------------------------------------------

Engine-Match Thursday, September 25, 2025 10:29:21 PM
 Blitz 10/5 

Pairing 4/6 :    V7P3R_v12.0  -  Random_Opponent

PGN-File: C:\Program Files (x86)\Arena\Tournaments\Engine Regression Battle 20250925.pgn

No:  B/W 1/2     W:B       1:2           Time        Value Moves Dep 1:2       1-2-Draws
  10 B 1    1.0:0.0        10.0:0.0      10:29:31 PM     0.00     3 4.500 :0 10-0-0

--------------------------------------------------------------

Engine-Match Thursday, September 25, 2025 10:29:32 PM
 Blitz 10/5 

Pairing 5/6 :    V7P3R_v10.8  -  V7P3R_v12.0

PGN-File: C:\Program Files (x86)\Arena\Tournaments\Engine Regression Battle 20250925.pgn

No:  B/W 1/2     W:B       1:2           Time        Value Moves Dep 1:2       1-2-Draws
  10 B 1    2.5:1.5        5.5:4.5       10:35:55 PM     0.00    59 3.556 :3.038  4-3-3

--------------------------------------------------------------

Engine-Match Thursday, September 25, 2025 10:35:57 PM
 Blitz 10/5 

Pairing 6/6 :    Random_Opponent  -  V7P3R_v12.1

PGN-File: C:\Program Files (x86)\Arena\Tournaments\Engine Regression Battle 20250925.pgn

No:  B/W 1/2     W:B       1:2           Time        Value Moves Dep 1:2       1-2-Draws
  10 W 2    1.0:0.0        0.0:10.0      10:36:31 PM     0.00    11 0:3.200  0-10-0
