Engine-Match Monday, September 22, 2025 6:36:36 PM
 Tournament Game in 30 Minutes 

Pairing 1/3 :    C0BR4_v2.9  -  SlowMate_v3.1

PGN-File: C:\Program Files (x86)\Arena\Tournaments\Engine Tournament 20250922.pgn

No:  B/W 1/2     W:B       1:2           Time        Value Moves Dep 1:2       1-2-Draws
   1 = =    0.5:0.5        0.5:0.5       6:54:53 PM    -1.90    39 4.000 :4.556  0-0-1

--------------------------------------------------------------

Engine-Match Monday, September 22, 2025 6:54:54 PM
 Tournament Game in 30 Minutes 

Pairing 2/3 :    V7P3R_v10.8  -  C0BR4_v2.9

PGN-File: C:\Program Files (x86)\Arena\Tournaments\Engine Tournament 20250922.pgn

No:  B/W 1/2     W:B       1:2           Time        Value Moves Dep 1:2       1-2-Draws
   1 B 2    1.0:0.0        0.0:1.0       6:59:50 PM  -299.97    25 3.850 :4.000  0-1-0

--------------------------------------------------------------

Engine-Match Monday, September 22, 2025 6:59:51 PM
 Tournament Game in 30 Minutes 

Pairing 3/3 :    SlowMate_v3.1  -  V7P3R_v10.8

PGN-File: C:\Program Files (x86)\Arena\Tournaments\Engine Tournament 20250922.pgn

No:  B/W 1/2     W:B       1:2           Time        Value Moves Dep 1:2       1-2-Draws
   1 B 2    1.0:0.0        0.0:1.0       7:24:39 PM  -289.99    42 4.457 :3.923  0-1-0

--------------------------------------------------------------

Engine-Match Monday, September 22, 2025 7:24:40 PM
 Tournament Game in 30 Minutes 

Pairing 1/3 :    C0BR4_v2.9  -  SlowMate_v3.1

PGN-File: C:\Program Files (x86)\Arena\Tournaments\Engine Tournament 20250922.pgn

No:  B/W 1/2     W:B       1:2           Time        Value Moves Dep 1:2       1-2-Draws
   2 B 1    1.5:0.5        1.5:0.5       7:48:19 PM  -299.97    61 4.000 :4.818  1-0-1

--------------------------------------------------------------

Engine-Match Monday, September 22, 2025 7:48:20 PM
 Tournament Game in 30 Minutes 

Pairing 2/3 :    V7P3R_v10.8  -  C0BR4_v2.9

PGN-File: C:\Program Files (x86)\Arena\Tournaments\Engine Tournament 20250922.pgn

No:  B/W 1/2     W:B       1:2           Time        Value Moves Dep 1:2       1-2-Draws
   2 B 1    1.0:0.0        1.0:1.0       7:53:11 PM  -289.99    33 4.000 :4.000  1-1-0

--------------------------------------------------------------

Engine-Match Monday, September 22, 2025 7:53:12 PM
 Tournament Game in 30 Minutes 

Pairing 3/3 :    SlowMate_v3.1  -  V7P3R_v10.8

PGN-File: C:\Program Files (x86)\Arena\Tournaments\Engine Tournament 20250922.pgn

No:  B/W 1/2     W:B       1:2           Time        Value Moves Dep 1:2       1-2-Draws
   2 W 2    1.0:0.0        0.0:2.0       8:11:36 PM  +289.98    28 4.259 :3.818  0-2-0

--------------------------------------------------------------

Engine-Match Monday, September 22, 2025 8:11:37 PM
 Tournament Game in 30 Minutes 

Pairing 1/3 :    C0BR4_v2.9  -  SlowMate_v3.1

PGN-File: C:\Program Files (x86)\Arena\Tournaments\Engine Tournament 20250922.pgn

No:  B/W 1/2     W:B       1:2           Time        Value Moves Dep 1:2       1-2-Draws
   3 W 1    1.5:0.5        2.5:0.5       8:18:17 PM  +299.97    12 3.800 :4.727  2-0-1

--------------------------------------------------------------

Engine-Match Monday, September 22, 2025 8:18:18 PM
 Tournament Game in 30 Minutes 

Pairing 2/3 :    V7P3R_v10.8  -  C0BR4_v2.9

PGN-File: C:\Program Files (x86)\Arena\Tournaments\Engine Tournament 20250922.pgn

No:  B/W 1/2     W:B       1:2           Time        Value Moves Dep 1:2       1-2-Draws
   3 B 2    1.0:0.0        1.0:2.0       8:23:23 PM  -299.97    25 3.850 :4.000  1-2-0

--------------------------------------------------------------

Engine-Match Monday, September 22, 2025 8:23:24 PM
 Tournament Game in 30 Minutes 

Pairing 3/3 :    SlowMate_v3.1  -  V7P3R_v10.8

PGN-File: C:\Program Files (x86)\Arena\Tournaments\Engine Tournament 20250922.pgn

No:  B/W 1/2     W:B       1:2           Time        Value Moves Dep 1:2       1-2-Draws
   3 = =    0.5:0.5        0.5:2.5       8:42:57 PM    +6.70    32 4.800 :4.000  0-2-1
