Engine-Match Thursday, September 25, 2025 9:02:38 PM
 Blitz 1/1 

Pairing 1/6 :    V7P3R_v10.8  -  Random_Opponent

PGN-File: C:\Program Files (x86)\Arena\Tournaments\Engine Regression Battle 20250925_2.pgn

No:  B/W 1/2     W:B       1:2           Time        Value Moves Dep 1:2       1-2-Draws
   1 W 1    1.0:0.0        1.0:0.0       9:03:20 PM  +289.96    16 3.000 :0 1-0-0

--------------------------------------------------------------

Engine-Match Thursday, September 25, 2025 9:03:21 PM
 Blitz 1/1 

Pairing 2/6 :    V7P3R_v12.1  -  V7P3R_v12.0

PGN-File: C:\Program Files (x86)\Arena\Tournaments\Engine Regression Battle 20250925_2.pgn

No:  B/W 1/2     W:B       1:2           Time        Value Moves Dep 1:2       1-2-Draws
   1 W 1    1.0:0.0        1.0:0.0       9:06:26 PM     0.00    26 3.000 :3.130  1-0-0

--------------------------------------------------------------

Engine-Match Thursday, September 25, 2025 9:06:27 PM
 Blitz 1/1 

Pairing 3/6 :    V7P3R_v12.1  -  V7P3R_v10.8

PGN-File: C:\Program Files (x86)\Arena\Tournaments\Engine Regression Battle 20250925_2.pgn

No:  B/W 1/2     W:B       1:2           Time        Value Moves Dep 1:2       1-2-Draws
   1 B 2    1.0:0.0        0.0:1.0       9:08:43 PM     0.00    21 2.895 :2.667  0-1-0

--------------------------------------------------------------

Engine-Match Thursday, September 25, 2025 9:08:44 PM
 Blitz 1/1 

Pairing 4/6 :    V7P3R_v12.0  -  Random_Opponent

PGN-File: C:\Program Files (x86)\Arena\Tournaments\Engine Regression Battle 20250925_2.pgn

No:  B/W 1/2     W:B       1:2           Time        Value Moves Dep 1:2       1-2-Draws
   1 W 1    1.0:0.0        1.0:0.0       9:09:24 PM  +289.96    11 3.636 :0 1-0-0

--------------------------------------------------------------

Engine-Match Thursday, September 25, 2025 9:09:25 PM
 Blitz 1/1 

Pairing 5/6 :    V7P3R_v10.8  -  V7P3R_v12.0

PGN-File: C:\Program Files (x86)\Arena\Tournaments\Engine Regression Battle 20250925_2.pgn

No:  B/W 1/2     W:B       1:2           Time        Value Moves Dep 1:2       1-2-Draws
   1 W 1    1.0:0.0        1.0:0.0       9:12:15 PM     0.00    33 2.636 :2.935  1-0-0

--------------------------------------------------------------

Engine-Match Thursday, September 25, 2025 9:12:16 PM
 Blitz 1/1 

Pairing 6/6 :    Random_Opponent  -  V7P3R_v12.1

PGN-File: C:\Program Files (x86)\Arena\Tournaments\Engine Regression Battle 20250925_2.pgn

No:  B/W 1/2     W:B       1:2           Time        Value Moves Dep 1:2       1-2-Draws
   1 B 2    1.0:0.0        0.0:1.0       9:12:52 PM  -289.96    15 0:3.000  0-1-0

--------------------------------------------------------------

Engine-Match Thursday, September 25, 2025 9:12:53 PM
 Blitz 1/1 

Pairing 1/6 :    V7P3R_v10.8  -  Random_Opponent

PGN-File: C:\Program Files (x86)\Arena\Tournaments\Engine Regression Battle 20250925_2.pgn

No:  B/W 1/2     W:B       1:2           Time        Value Moves Dep 1:2       1-2-Draws
   2 B 1    1.0:0.0        2.0:0.0       9:13:44 PM  -289.96    24 3.174 :0 2-0-0

--------------------------------------------------------------

Engine-Match Thursday, September 25, 2025 9:13:45 PM
 Blitz 1/1 

Pairing 2/6 :    V7P3R_v12.1  -  V7P3R_v12.0

PGN-File: C:\Program Files (x86)\Arena\Tournaments\Engine Regression Battle 20250925_2.pgn

No:  B/W 1/2     W:B       1:2           Time        Value Moves Dep 1:2       1-2-Draws
   2 W 2    1.0:0.0        1.0:1.0       9:15:54 PM     0.00    17 2.938 :3.067  1-1-0

--------------------------------------------------------------

Engine-Match Thursday, September 25, 2025 9:15:55 PM
 Blitz 1/1 

Pairing 3/6 :    V7P3R_v12.1  -  V7P3R_v10.8

PGN-File: C:\Program Files (x86)\Arena\Tournaments\Engine Regression Battle 20250925_2.pgn

No:  B/W 1/2     W:B       1:2           Time        Value Moves Dep 1:2       1-2-Draws
   2 W 2    1.0:0.0        0.0:2.0       9:17:57 PM     0.00    17 2.938 :2.941  0-2-0

--------------------------------------------------------------

Engine-Match Thursday, September 25, 2025 9:17:58 PM
 Blitz 1/1 

Pairing 4/6 :    V7P3R_v12.0  -  Random_Opponent

PGN-File: C:\Program Files (x86)\Arena\Tournaments\Engine Regression Battle 20250925_2.pgn

No:  B/W 1/2     W:B       1:2           Time        Value Moves Dep 1:2       1-2-Draws
   2 B 1    1.0:0.0        2.0:0.0       9:18:08 PM  -289.98     2 4.500 :0 2-0-0

--------------------------------------------------------------

Engine-Match Thursday, September 25, 2025 9:18:09 PM
 Blitz 1/1 

Pairing 5/6 :    V7P3R_v10.8  -  V7P3R_v12.0

PGN-File: C:\Program Files (x86)\Arena\Tournaments\Engine Regression Battle 20250925_2.pgn

No:  B/W 1/2     W:B       1:2           Time        Value Moves Dep 1:2       1-2-Draws
   2 B 1    1.0:0.0        2.0:0.0       9:20:48 PM     0.00    27 2.889 :3.300  2-0-0

--------------------------------------------------------------

Engine-Match Thursday, September 25, 2025 9:20:50 PM
 Blitz 1/1 

Pairing 6/6 :    Random_Opponent  -  V7P3R_v12.1

PGN-File: C:\Program Files (x86)\Arena\Tournaments\Engine Regression Battle 20250925_2.pgn

No:  B/W 1/2     W:B       1:2           Time        Value Moves Dep 1:2       1-2-Draws
   2 W 2    1.0:0.0        0.0:2.0       9:21:27 PM  +289.96    13 0:3.000  0-2-0

--------------------------------------------------------------

Engine-Match Thursday, September 25, 2025 9:21:28 PM
 Blitz 1/1 

Pairing 1/6 :    V7P3R_v10.8  -  Random_Opponent

PGN-File: C:\Program Files (x86)\Arena\Tournaments\Engine Regression Battle 20250925_2.pgn

No:  B/W 1/2     W:B       1:2           Time        Value Moves Dep 1:2       1-2-Draws
   3 W 1    1.0:0.0        3.0:0.0       9:22:04 PM  +289.96    17 3.059 :0 3-0-0

--------------------------------------------------------------

Engine-Match Thursday, September 25, 2025 9:22:05 PM
 Blitz 1/1 

Pairing 2/6 :    V7P3R_v12.1  -  V7P3R_v12.0

PGN-File: C:\Program Files (x86)\Arena\Tournaments\Engine Regression Battle 20250925_2.pgn

No:  B/W 1/2     W:B       1:2           Time        Value Moves Dep 1:2       1-2-Draws
   3 W 1    1.0:0.0        2.0:1.0       9:25:08 PM     0.00    26 3.000 :3.130  2-1-0

--------------------------------------------------------------

Engine-Match Thursday, September 25, 2025 9:25:10 PM
 Blitz 1/1 

Pairing 3/6 :    V7P3R_v12.1  -  V7P3R_v10.8

PGN-File: C:\Program Files (x86)\Arena\Tournaments\Engine Regression Battle 20250925_2.pgn

No:  B/W 1/2     W:B       1:2           Time        Value Moves Dep 1:2       1-2-Draws
   3 B 2    1.0:0.0        0.0:3.0       9:27:32 PM     0.00    23 2.905 :2.609  0-3-0

--------------------------------------------------------------

Engine-Match Thursday, September 25, 2025 9:27:34 PM
 Blitz 1/1 

Pairing 4/6 :    V7P3R_v12.0  -  Random_Opponent

PGN-File: C:\Program Files (x86)\Arena\Tournaments\Engine Regression Battle 20250925_2.pgn

No:  B/W 1/2     W:B       1:2           Time        Value Moves Dep 1:2       1-2-Draws
   3 W 1    1.0:0.0        3.0:0.0       9:28:22 PM  +289.96    16 3.400 :0 3-0-0

--------------------------------------------------------------

Engine-Match Thursday, September 25, 2025 9:28:24 PM
 Blitz 1/1 

Pairing 5/6 :    V7P3R_v10.8  -  V7P3R_v12.0

PGN-File: C:\Program Files (x86)\Arena\Tournaments\Engine Regression Battle 20250925_2.pgn

No:  B/W 1/2     W:B       1:2           Time        Value Moves Dep 1:2       1-2-Draws
   3 W 1    1.0:0.0        3.0:0.0       9:31:26 PM     0.00    37 2.611 :3.000  3-0-0

--------------------------------------------------------------

Engine-Match Thursday, September 25, 2025 9:31:27 PM
 Blitz 1/1 

Pairing 6/6 :    Random_Opponent  -  V7P3R_v12.1

PGN-File: C:\Program Files (x86)\Arena\Tournaments\Engine Regression Battle 20250925_2.pgn

No:  B/W 1/2     W:B       1:2           Time        Value Moves Dep 1:2       1-2-Draws
   3 B 2    1.0:0.0        0.0:3.0       9:31:36 PM  -289.97     2 0:4.000  0-3-0

--------------------------------------------------------------

Engine-Match Thursday, September 25, 2025 9:31:37 PM
 Blitz 1/1 

Pairing 1/6 :    V7P3R_v10.8  -  Random_Opponent

PGN-File: C:\Program Files (x86)\Arena\Tournaments\Engine Regression Battle 20250925_2.pgn

No:  B/W 1/2     W:B       1:2           Time        Value Moves Dep 1:2       1-2-Draws
   4 B 1    1.0:0.0        4.0:0.0       9:32:10 PM  -289.96    16 3.000 :0 4-0-0

--------------------------------------------------------------

Engine-Match Thursday, September 25, 2025 9:32:11 PM
 Blitz 1/1 

Pairing 2/6 :    V7P3R_v12.1  -  V7P3R_v12.0

PGN-File: C:\Program Files (x86)\Arena\Tournaments\Engine Regression Battle 20250925_2.pgn

No:  B/W 1/2     W:B       1:2           Time        Value Moves Dep 1:2       1-2-Draws
   4 W 2    1.0:0.0        2.0:2.0       9:34:11 PM     0.00    14 3.000 :3.071  2-2-0

--------------------------------------------------------------

Engine-Match Thursday, September 25, 2025 9:34:18 PM
 Blitz 1/1 

Pairing 3/6 :    V7P3R_v12.1  -  V7P3R_v10.8

PGN-File: C:\Program Files (x86)\Arena\Tournaments\Engine Regression Battle 20250925_2.pgn

No:  B/W 1/2     W:B       1:2           Time        Value Moves Dep 1:2       1-2-Draws
   4 W 2    1.0:0.0        0.0:4.0       9:36:21 PM     0.00    17 2.938 :2.941  0-4-0

--------------------------------------------------------------

Engine-Match Thursday, September 25, 2025 9:36:23 PM
 Blitz 1/1 

Pairing 4/6 :    V7P3R_v12.0  -  Random_Opponent

PGN-File: C:\Program Files (x86)\Arena\Tournaments\Engine Regression Battle 20250925_2.pgn

No:  B/W 1/2     W:B       1:2           Time        Value Moves Dep 1:2       1-2-Draws
   4 B 1    1.0:0.0        4.0:0.0       9:37:05 PM  -289.97    15 3.643 :0 4-0-0

--------------------------------------------------------------

Engine-Match Thursday, September 25, 2025 9:37:06 PM
 Blitz 1/1 

Pairing 5/6 :    V7P3R_v10.8  -  V7P3R_v12.0

PGN-File: C:\Program Files (x86)\Arena\Tournaments\Engine Regression Battle 20250925_2.pgn

No:  B/W 1/2     W:B       1:2           Time        Value Moves Dep 1:2       1-2-Draws
   4 B 1    1.0:0.0        4.0:0.0       9:40:44 PM     0.00    59 2.897 :3.200  4-0-0

--------------------------------------------------------------

Engine-Match Thursday, September 25, 2025 9:40:46 PM
 Blitz 1/1 

Pairing 6/6 :    Random_Opponent  -  V7P3R_v12.1

PGN-File: C:\Program Files (x86)\Arena\Tournaments\Engine Regression Battle 20250925_2.pgn

No:  B/W 1/2     W:B       1:2           Time        Value Moves Dep 1:2       1-2-Draws
   4 W 2    1.0:0.0        0.0:4.0       9:41:32 PM  +289.97    15 0:3.308  0-4-0

--------------------------------------------------------------

Engine-Match Thursday, September 25, 2025 9:41:33 PM
 Blitz 1/1 

Pairing 1/6 :    V7P3R_v10.8  -  Random_Opponent

PGN-File: C:\Program Files (x86)\Arena\Tournaments\Engine Regression Battle 20250925_2.pgn

No:  B/W 1/2     W:B       1:2           Time        Value Moves Dep 1:2       1-2-Draws
   5 W 1    1.0:0.0        5.0:0.0       9:42:25 PM  +289.95    21 2.952 :0 5-0-0

--------------------------------------------------------------

Engine-Match Thursday, September 25, 2025 9:42:27 PM
 Blitz 1/1 

Pairing 2/6 :    V7P3R_v12.1  -  V7P3R_v12.0

PGN-File: C:\Program Files (x86)\Arena\Tournaments\Engine Regression Battle 20250925_2.pgn

No:  B/W 1/2     W:B       1:2           Time        Value Moves Dep 1:2       1-2-Draws
   5 W 1    1.0:0.0        3.0:2.0       9:45:39 PM     0.00    29 3.130 :3.200  3-2-0

--------------------------------------------------------------

Engine-Match Thursday, September 25, 2025 9:45:40 PM
 Blitz 1/1 

Pairing 3/6 :    V7P3R_v12.1  -  V7P3R_v10.8

PGN-File: C:\Program Files (x86)\Arena\Tournaments\Engine Regression Battle 20250925_2.pgn

No:  B/W 1/2     W:B       1:2           Time        Value Moves Dep 1:2       1-2-Draws
   5 B 2    1.0:0.0        0.0:5.0       9:48:05 PM     0.00    23 2.905 :2.609  0-5-0

--------------------------------------------------------------

Engine-Match Thursday, September 25, 2025 9:48:07 PM
 Blitz 1/1 

Pairing 4/6 :    V7P3R_v12.0  -  Random_Opponent

PGN-File: C:\Program Files (x86)\Arena\Tournaments\Engine Regression Battle 20250925_2.pgn

No:  B/W 1/2     W:B       1:2           Time        Value Moves Dep 1:2       1-2-Draws
   5 W 1    1.0:0.0        5.0:0.0       9:49:51 PM  +289.97    36 3.476 :0 5-0-0

--------------------------------------------------------------

Engine-Match Thursday, September 25, 2025 9:49:53 PM
 Blitz 1/1 

Pairing 5/6 :    V7P3R_v10.8  -  V7P3R_v12.0

PGN-File: C:\Program Files (x86)\Arena\Tournaments\Engine Regression Battle 20250925_2.pgn

No:  B/W 1/2     W:B       1:2           Time        Value Moves Dep 1:2       1-2-Draws
   5 W 1    1.0:0.0        5.0:0.0       9:52:32 PM     0.00    30 2.517 :2.964  5-0-0

--------------------------------------------------------------

Engine-Match Thursday, September 25, 2025 9:52:34 PM
 Blitz 1/1 

Pairing 6/6 :    Random_Opponent  -  V7P3R_v12.1

PGN-File: C:\Program Files (x86)\Arena\Tournaments\Engine Regression Battle 20250925_2.pgn

No:  B/W 1/2     W:B       1:2           Time        Value Moves Dep 1:2       1-2-Draws
   5 B 2    1.0:0.0        0.0:5.0       9:52:47 PM  -289.97     5 0:3.750  0-5-0

--------------------------------------------------------------

Engine-Match Thursday, September 25, 2025 9:52:49 PM
 Blitz 1/1 

Pairing 1/6 :    V7P3R_v10.8  -  Random_Opponent

PGN-File: C:\Program Files (x86)\Arena\Tournaments\Engine Regression Battle 20250925_2.pgn

No:  B/W 1/2     W:B       1:2           Time        Value Moves Dep 1:2       1-2-Draws
   6 B 1    1.0:0.0        6.0:0.0       9:53:37 PM  -289.96    22 3.136 :0 6-0-0

--------------------------------------------------------------

Engine-Match Thursday, September 25, 2025 9:53:39 PM
 Blitz 1/1 

Pairing 2/6 :    V7P3R_v12.1  -  V7P3R_v12.0

PGN-File: C:\Program Files (x86)\Arena\Tournaments\Engine Regression Battle 20250925_2.pgn

No:  B/W 1/2     W:B       1:2           Time        Value Moves Dep 1:2       1-2-Draws
   6 W 2    1.0:0.0        3.0:3.0       9:55:48 PM     0.00    17 2.933 :3.125  3-3-0

--------------------------------------------------------------

Engine-Match Thursday, September 25, 2025 9:55:49 PM
 Blitz 1/1 

Pairing 3/6 :    V7P3R_v12.1  -  V7P3R_v10.8

PGN-File: C:\Program Files (x86)\Arena\Tournaments\Engine Regression Battle 20250925_2.pgn

No:  B/W 1/2     W:B       1:2           Time        Value Moves Dep 1:2       1-2-Draws
   6 W 2    1.0:0.0        0.0:6.0       9:58:21 PM     0.00    26 2.800 :2.923  0-6-0

--------------------------------------------------------------

Engine-Match Thursday, September 25, 2025 9:58:22 PM
 Blitz 1/1 

Pairing 4/6 :    V7P3R_v12.0  -  Random_Opponent

PGN-File: C:\Program Files (x86)\Arena\Tournaments\Engine Regression Battle 20250925_2.pgn

No:  B/W 1/2     W:B       1:2           Time        Value Moves Dep 1:2       1-2-Draws
   6 B 1    1.0:0.0        6.0:0.0       9:59:28 PM  -289.96    15 3.429 :0 6-0-0

--------------------------------------------------------------

Engine-Match Thursday, September 25, 2025 9:59:30 PM
 Blitz 1/1 

Pairing 5/6 :    V7P3R_v10.8  -  V7P3R_v12.0

PGN-File: C:\Program Files (x86)\Arena\Tournaments\Engine Regression Battle 20250925_2.pgn

No:  B/W 1/2     W:B       1:2           Time        Value Moves Dep 1:2       1-2-Draws
   6 B 1    1.0:0.0        6.0:0.0       10:02:22 PM     0.00    38 2.870 :3.263  6-0-0

--------------------------------------------------------------

Engine-Match Thursday, September 25, 2025 10:02:23 PM
 Blitz 1/1 

Pairing 6/6 :    Random_Opponent  -  V7P3R_v12.1

PGN-File: C:\Program Files (x86)\Arena\Tournaments\Engine Regression Battle 20250925_2.pgn

No:  B/W 1/2     W:B       1:2           Time        Value Moves Dep 1:2       1-2-Draws
   6 W 2    1.0:0.0        0.0:6.0       10:03:37 PM  +289.96    24 0:3.130  0-6-0

--------------------------------------------------------------

Engine-Match Thursday, September 25, 2025 10:03:38 PM
 Blitz 1/1 

Pairing 1/6 :    V7P3R_v10.8  -  Random_Opponent

PGN-File: C:\Program Files (x86)\Arena\Tournaments\Engine Regression Battle 20250925_2.pgn

No:  B/W 1/2     W:B       1:2           Time        Value Moves Dep 1:2       1-2-Draws
   7 W 1    1.0:0.0        7.0:0.0       10:04:26 PM  +289.96    22 3.091 :0 7-0-0

--------------------------------------------------------------

Engine-Match Thursday, September 25, 2025 10:04:27 PM
 Blitz 1/1 

Pairing 2/6 :    V7P3R_v12.1  -  V7P3R_v12.0

PGN-File: C:\Program Files (x86)\Arena\Tournaments\Engine Regression Battle 20250925_2.pgn

No:  B/W 1/2     W:B       1:2           Time        Value Moves Dep 1:2       1-2-Draws
   7 W 1    1.0:0.0        4.0:3.0       10:07:34 PM     0.00    26 3.000 :3.130  4-3-0

--------------------------------------------------------------

Engine-Match Thursday, September 25, 2025 10:07:35 PM
 Blitz 1/1 

Pairing 3/6 :    V7P3R_v12.1  -  V7P3R_v10.8

PGN-File: C:\Program Files (x86)\Arena\Tournaments\Engine Regression Battle 20250925_2.pgn

No:  B/W 1/2     W:B       1:2           Time        Value Moves Dep 1:2       1-2-Draws
   7 B 2    1.0:0.0        0.0:7.0       10:09:59 PM     0.00    21 2.895 :2.714  0-7-0

--------------------------------------------------------------

Engine-Match Thursday, September 25, 2025 10:10:01 PM
 Blitz 1/1 

Pairing 4/6 :    V7P3R_v12.0  -  Random_Opponent

PGN-File: C:\Program Files (x86)\Arena\Tournaments\Engine Regression Battle 20250925_2.pgn

No:  B/W 1/2     W:B       1:2           Time        Value Moves Dep 1:2       1-2-Draws
   7 W 1    1.0:0.0        7.0:0.0       10:10:51 PM  +289.97    13 3.462 :0 7-0-0

--------------------------------------------------------------

Engine-Match Thursday, September 25, 2025 10:10:58 PM
 Blitz 1/1 

Pairing 5/6 :    V7P3R_v10.8  -  V7P3R_v12.0

PGN-File: C:\Program Files (x86)\Arena\Tournaments\Engine Regression Battle 20250925_2.pgn

No:  B/W 1/2     W:B       1:2           Time        Value Moves Dep 1:2       1-2-Draws
   7 W 1    1.0:0.0        7.0:0.0       10:13:39 PM     0.00    32 2.613 :3.074  7-0-0

--------------------------------------------------------------

Engine-Match Thursday, September 25, 2025 10:13:41 PM
 Blitz 1/1 

Pairing 6/6 :    Random_Opponent  -  V7P3R_v12.1

PGN-File: C:\Program Files (x86)\Arena\Tournaments\Engine Regression Battle 20250925_2.pgn

No:  B/W 1/2     W:B       1:2           Time        Value Moves Dep 1:2       1-2-Draws
   7 B 2    1.0:0.0        0.0:7.0       10:14:27 PM  -289.96    15 0:3.000  0-7-0

--------------------------------------------------------------

Engine-Match Thursday, September 25, 2025 10:14:28 PM
 Blitz 1/1 

Pairing 1/6 :    V7P3R_v10.8  -  Random_Opponent

PGN-File: C:\Program Files (x86)\Arena\Tournaments\Engine Regression Battle 20250925_2.pgn

No:  B/W 1/2     W:B       1:2           Time        Value Moves Dep 1:2       1-2-Draws
   8 B 1    1.0:0.0        8.0:0.0       10:15:28 PM  -289.97    31 3.065 :0 8-0-0

--------------------------------------------------------------

Engine-Match Thursday, September 25, 2025 10:15:29 PM
 Blitz 1/1 

Pairing 2/6 :    V7P3R_v12.1  -  V7P3R_v12.0

PGN-File: C:\Program Files (x86)\Arena\Tournaments\Engine Regression Battle 20250925_2.pgn

No:  B/W 1/2     W:B       1:2           Time        Value Moves Dep 1:2       1-2-Draws
   8 W 2    1.0:0.0        4.0:4.0       10:17:38 PM     0.00    17 2.933 :3.125  4-4-0

--------------------------------------------------------------

Engine-Match Thursday, September 25, 2025 10:17:39 PM
 Blitz 1/1 

Pairing 3/6 :    V7P3R_v12.1  -  V7P3R_v10.8

PGN-File: C:\Program Files (x86)\Arena\Tournaments\Engine Regression Battle 20250925_2.pgn

No:  B/W 1/2     W:B       1:2           Time        Value Moves Dep 1:2       1-2-Draws
   8 W 2    1.0:0.0        0.0:8.0       10:19:50 PM     0.00    21 2.850 :2.900  0-8-0

--------------------------------------------------------------

Engine-Match Thursday, September 25, 2025 10:19:51 PM
 Blitz 1/1 

Pairing 4/6 :    V7P3R_v12.0  -  Random_Opponent

PGN-File: C:\Program Files (x86)\Arena\Tournaments\Engine Regression Battle 20250925_2.pgn

No:  B/W 1/2     W:B       1:2           Time        Value Moves Dep 1:2       1-2-Draws
   8 B 1    1.0:0.0        8.0:0.0       10:20:52 PM  -289.97    17 3.438 :0 8-0-0

--------------------------------------------------------------

Engine-Match Thursday, September 25, 2025 10:20:54 PM
 Blitz 1/1 

Pairing 5/6 :    V7P3R_v10.8  -  V7P3R_v12.0

PGN-File: C:\Program Files (x86)\Arena\Tournaments\Engine Regression Battle 20250925_2.pgn

No:  B/W 1/2     W:B       1:2           Time        Value Moves Dep 1:2       1-2-Draws
   8 B 1    1.0:0.0        8.0:0.0       10:23:31 PM     0.00    32 2.870 :3.263  8-0-0

--------------------------------------------------------------

Engine-Match Thursday, September 25, 2025 10:23:32 PM
 Blitz 1/1 

Pairing 6/6 :    Random_Opponent  -  V7P3R_v12.1

PGN-File: C:\Program Files (x86)\Arena\Tournaments\Engine Regression Battle 20250925_2.pgn

No:  B/W 1/2     W:B       1:2           Time        Value Moves Dep 1:2       1-2-Draws
   8 W 2    1.0:0.0        0.0:8.0       10:23:42 PM  +289.96     3 0:3.333  0-8-0

--------------------------------------------------------------

Engine-Match Thursday, September 25, 2025 10:23:43 PM
 Blitz 1/1 

Pairing 1/6 :    V7P3R_v10.8  -  Random_Opponent

PGN-File: C:\Program Files (x86)\Arena\Tournaments\Engine Regression Battle 20250925_2.pgn

No:  B/W 1/2     W:B       1:2           Time        Value Moves Dep 1:2       1-2-Draws
   9 W 1    1.0:0.0        9.0:0.0       10:24:47 PM  +289.95    26 2.962 :0 9-0-0

--------------------------------------------------------------

Engine-Match Thursday, September 25, 2025 10:24:48 PM
 Blitz 1/1 

Pairing 2/6 :    V7P3R_v12.1  -  V7P3R_v12.0

PGN-File: C:\Program Files (x86)\Arena\Tournaments\Engine Regression Battle 20250925_2.pgn

No:  B/W 1/2     W:B       1:2           Time        Value Moves Dep 1:2       1-2-Draws
   9 W 1    1.0:0.0        5.0:4.0       10:27:40 PM     0.00    22 2.682 :2.905  5-4-0

--------------------------------------------------------------

Engine-Match Thursday, September 25, 2025 10:27:41 PM
 Blitz 1/1 

Pairing 3/6 :    V7P3R_v12.1  -  V7P3R_v10.8

PGN-File: C:\Program Files (x86)\Arena\Tournaments\Engine Regression Battle 20250925_2.pgn

No:  B/W 1/2     W:B       1:2           Time        Value Moves Dep 1:2       1-2-Draws
   9 B 2    1.0:0.0        0.0:9.0       10:30:20 PM     0.00    28 2.923 :2.536  0-9-0

--------------------------------------------------------------

Engine-Match Thursday, September 25, 2025 10:30:21 PM
 Blitz 1/1 

Pairing 4/6 :    V7P3R_v12.0  -  Random_Opponent

PGN-File: C:\Program Files (x86)\Arena\Tournaments\Engine Regression Battle 20250925_2.pgn

No:  B/W 1/2     W:B       1:2           Time        Value Moves Dep 1:2       1-2-Draws
   9 W 1    1.0:0.0        9.0:0.0       10:31:09 PM  +289.96    17 3.188 :0 9-0-0

--------------------------------------------------------------

Engine-Match Thursday, September 25, 2025 10:31:10 PM
 Blitz 1/1 

Pairing 5/6 :    V7P3R_v10.8  -  V7P3R_v12.0

PGN-File: C:\Program Files (x86)\Arena\Tournaments\Engine Regression Battle 20250925_2.pgn

No:  B/W 1/2     W:B       1:2           Time        Value Moves Dep 1:2       1-2-Draws
   9 B 2    1.0:0.0        8.0:1.0       10:33:51 PM   -13.63    35 2.762 :3.048  8-1-0

--------------------------------------------------------------

Engine-Match Thursday, September 25, 2025 10:33:53 PM
 Blitz 1/1 

Pairing 6/6 :    Random_Opponent  -  V7P3R_v12.1

PGN-File: C:\Program Files (x86)\Arena\Tournaments\Engine Regression Battle 20250925_2.pgn

No:  B/W 1/2     W:B       1:2           Time        Value Moves Dep 1:2       1-2-Draws
   9 B 2    1.0:0.0        0.0:9.0       10:34:08 PM  -289.96     4 0:3.250  0-9-0

--------------------------------------------------------------

Engine-Match Thursday, September 25, 2025 10:34:10 PM
 Blitz 1/1 

Pairing 1/6 :    V7P3R_v10.8  -  Random_Opponent

PGN-File: C:\Program Files (x86)\Arena\Tournaments\Engine Regression Battle 20250925_2.pgn

No:  B/W 1/2     W:B       1:2           Time        Value Moves Dep 1:2       1-2-Draws
  10 B 1    1.0:0.0        10.0:0.0      10:34:55 PM  -289.96    21 2.941 :0 10-0-0

--------------------------------------------------------------

Engine-Match Thursday, September 25, 2025 10:34:56 PM
 Blitz 1/1 

Pairing 2/6 :    V7P3R_v12.1  -  V7P3R_v12.0

PGN-File: C:\Program Files (x86)\Arena\Tournaments\Engine Regression Battle 20250925_2.pgn

No:  B/W 1/2     W:B       1:2           Time        Value Moves Dep 1:2       1-2-Draws
  10 W 2    1.0:0.0        5.0:5.0       10:37:07 PM     0.00    18 2.938 :3.067  5-5-0

--------------------------------------------------------------

Engine-Match Thursday, September 25, 2025 10:37:09 PM
 Blitz 1/1 

Pairing 3/6 :    V7P3R_v12.1  -  V7P3R_v10.8

PGN-File: C:\Program Files (x86)\Arena\Tournaments\Engine Regression Battle 20250925_2.pgn

No:  B/W 1/2     W:B       1:2           Time        Value Moves Dep 1:2       1-2-Draws
  10 W 2    1.0:0.0        0.0:10.0      10:39:11 PM     0.00    17 2.938 :2.941  0-10-0

--------------------------------------------------------------

Engine-Match Thursday, September 25, 2025 10:39:13 PM
 Blitz 1/1 

Pairing 4/6 :    V7P3R_v12.0  -  Random_Opponent

PGN-File: C:\Program Files (x86)\Arena\Tournaments\Engine Regression Battle 20250925_2.pgn

No:  B/W 1/2     W:B       1:2           Time        Value Moves Dep 1:2       1-2-Draws
  10 B 1    1.0:0.0        10.0:0.0      10:40:05 PM     0.00    15 3.000 :0 10-0-0

--------------------------------------------------------------

Engine-Match Thursday, September 25, 2025 10:40:06 PM
 Blitz 1/1 

Pairing 5/6 :    V7P3R_v10.8  -  V7P3R_v12.0

PGN-File: C:\Program Files (x86)\Arena\Tournaments\Engine Regression Battle 20250925_2.pgn

No:  B/W 1/2     W:B       1:2           Time        Value Moves Dep 1:2       1-2-Draws
  10 B 1    1.0:0.0        9.0:1.0       10:43:14 PM     0.00    39 2.913 :3.263  9-1-0

--------------------------------------------------------------

Engine-Match Thursday, September 25, 2025 10:43:16 PM
 Blitz 1/1 

Pairing 6/6 :    Random_Opponent  -  V7P3R_v12.1

PGN-File: C:\Program Files (x86)\Arena\Tournaments\Engine Regression Battle 20250925_2.pgn

No:  B/W 1/2     W:B       1:2           Time        Value Moves Dep 1:2       1-2-Draws
  10 W 2    1.0:0.0        0.0:10.0      10:43:43 PM  +289.96    10 0:3.100  0-10-0
