Engine-Match Friday, September 26, 2025 3:16:20 PM
 Blitz 10/5 

Pairing 1/6 :    V7P3R_v12.2  -  Random_Opponent

PGN-File: C:\Program Files (x86)\Arena\Tournaments\Engine Battle 20250926_3.pgn

No:  B/W 1/2     W:B       1:2           Time        Value Moves Dep 1:2       1-2-Draws
   1 W 1    1.0:0.0        1.0:0.0       3:21:11 PM  +289.98    16 5.231 :0 1-0-0

--------------------------------------------------------------

Engine-Match Friday, September 26, 2025 3:21:12 PM
 Blitz 10/5 

Pairing 2/6 :    C0BR4_v2.9  -  SlowMate_v3.1

PGN-File: C:\Program Files (x86)\Arena\Tournaments\Engine Battle 20250926_3.pgn

No:  B/W 1/2     W:B       1:2           Time        Value Moves Dep 1:2       1-2-Draws
   1 W 1    1.0:0.0        1.0:0.0       3:31:05 PM  +299.97    44 4.000 :4.389  1-0-0

--------------------------------------------------------------

Engine-Match Friday, September 26, 2025 3:31:06 PM
 Blitz 10/5 

Pairing 3/6 :    C0BR4_v2.9  -  V7P3R_v12.2

PGN-File: C:\Program Files (x86)\Arena\Tournaments\Engine Battle 20250926_3.pgn

No:  B/W 1/2     W:B       1:2           Time        Value Moves Dep 1:2       1-2-Draws
   1 = =    0.5:0.5        0.5:0.5       3:40:43 PM    -1.50    39 4.000 :5.174  0-0-1

--------------------------------------------------------------

Engine-Match Friday, September 26, 2025 3:40:45 PM
 Blitz 10/5 

Pairing 4/6 :    SlowMate_v3.1  -  Random_Opponent

PGN-File: C:\Program Files (x86)\Arena\Tournaments\Engine Battle 20250926_3.pgn

No:  B/W 1/2     W:B       1:2           Time        Value Moves Dep 1:2       1-2-Draws
   1 W 1    1.0:0.0        1.0:0.0       3:49:15 PM  +165.72    37 3.838 :0 1-0-0

--------------------------------------------------------------

Engine-Match Friday, September 26, 2025 3:49:17 PM
 Blitz 10/5 

Pairing 5/6 :    V7P3R_v12.2  -  SlowMate_v3.1

PGN-File: C:\Program Files (x86)\Arena\Tournaments\Engine Battle 20250926_3.pgn

No:  B/W 1/2     W:B       1:2           Time        Value Moves Dep 1:2       1-2-Draws
   1 = =    0.5:0.5        0.5:0.5       4:00:10 PM    +6.65    24 5.385 :4.708  0-0-1

--------------------------------------------------------------

Engine-Match Friday, September 26, 2025 4:00:12 PM
 Blitz 10/5 

Pairing 6/6 :    Random_Opponent  -  C0BR4_v2.9

PGN-File: C:\Program Files (x86)\Arena\Tournaments\Engine Battle 20250926_3.pgn

No:  B/W 1/2     W:B       1:2           Time        Value Moves Dep 1:2       1-2-Draws
   1 B 2    1.0:0.0        0.0:1.0       4:00:24 PM  -299.97    14 0:4.000  0-1-0

--------------------------------------------------------------

Engine-Match Friday, September 26, 2025 4:00:25 PM
 Blitz 10/5 

Pairing 1/6 :    V7P3R_v12.2  -  Random_Opponent

PGN-File: C:\Program Files (x86)\Arena\Tournaments\Engine Battle 20250926_3.pgn

No:  B/W 1/2     W:B       1:2           Time        Value Moves Dep 1:2       1-2-Draws
   2 B 1    1.0:0.0        2.0:0.0       4:05:21 PM  -289.99    15 5.000 :0 2-0-0

--------------------------------------------------------------

Engine-Match Friday, September 26, 2025 4:05:22 PM
 Blitz 10/5 

Pairing 2/6 :    C0BR4_v2.9  -  SlowMate_v3.1

PGN-File: C:\Program Files (x86)\Arena\Tournaments\Engine Battle 20250926_3.pgn

No:  B/W 1/2     W:B       1:2           Time        Value Moves Dep 1:2       1-2-Draws
   2 = =    0.5:0.5        1.5:0.5       4:18:54 PM    -0.30    68 4.000 :4.579  1-0-1

--------------------------------------------------------------

Engine-Match Friday, September 26, 2025 4:18:55 PM
 Blitz 10/5 

Pairing 3/6 :    C0BR4_v2.9  -  V7P3R_v12.2

PGN-File: C:\Program Files (x86)\Arena\Tournaments\Engine Battle 20250926_3.pgn

No:  B/W 1/2     W:B       1:2           Time        Value Moves Dep 1:2       1-2-Draws
   2 = =    1.0:1.0        1.0:1.0       4:25:40 PM     0.00    27 4.000 :5.053  0-0-2

--------------------------------------------------------------

Engine-Match Friday, September 26, 2025 4:25:41 PM
 Blitz 10/5 

Pairing 4/6 :    SlowMate_v3.1  -  Random_Opponent

PGN-File: C:\Program Files (x86)\Arena\Tournaments\Engine Battle 20250926_3.pgn

No:  B/W 1/2     W:B       1:2           Time        Value Moves Dep 1:2       1-2-Draws
   2 = =    0.5:0.5        1.5:0.5       4:33:46 PM  -200.00    35 4.029 :0 1-0-1

--------------------------------------------------------------

Engine-Match Friday, September 26, 2025 4:33:47 PM
 Blitz 10/5 

Pairing 5/6 :    V7P3R_v12.2  -  SlowMate_v3.1

PGN-File: C:\Program Files (x86)\Arena\Tournaments\Engine Battle 20250926_3.pgn

No:  B/W 1/2     W:B       1:2           Time        Value Moves Dep 1:2       1-2-Draws
   2 = =    1.0:1.0        1.0:1.0       4:45:51 PM    -1.71    22 5.308 :4.273  0-0-2

--------------------------------------------------------------

Engine-Match Friday, September 26, 2025 4:45:52 PM
 Blitz 10/5 

Pairing 6/6 :    Random_Opponent  -  C0BR4_v2.9

PGN-File: C:\Program Files (x86)\Arena\Tournaments\Engine Battle 20250926_3.pgn

No:  B/W 1/2     W:B       1:2           Time        Value Moves Dep 1:2       1-2-Draws
   2 W 2    1.0:0.0        0.0:2.0       4:45:58 PM  +299.97     6 0:4.000  0-2-0

--------------------------------------------------------------

Engine-Match Friday, September 26, 2025 4:45:59 PM
 Blitz 10/5 

Pairing 1/6 :    V7P3R_v12.2  -  Random_Opponent

PGN-File: C:\Program Files (x86)\Arena\Tournaments\Engine Battle 20250926_3.pgn

No:  B/W 1/2     W:B       1:2           Time        Value Moves Dep 1:2       1-2-Draws
   3 W 1    1.0:0.0        3.0:0.0       4:49:12 PM  +289.99     9 5.000 :0 3-0-0

--------------------------------------------------------------

Engine-Match Friday, September 26, 2025 4:49:13 PM
 Blitz 10/5 

Pairing 2/6 :    C0BR4_v2.9  -  SlowMate_v3.1

PGN-File: C:\Program Files (x86)\Arena\Tournaments\Engine Battle 20250926_3.pgn

No:  B/W 1/2     W:B       1:2           Time        Value Moves Dep 1:2       1-2-Draws
   3 = =    1.0:1.0        2.0:1.0       4:55:41 PM    +2.09    26 4.000 :4.360  1-0-2

--------------------------------------------------------------

Engine-Match Friday, September 26, 2025 4:55:43 PM
 Blitz 10/5 

Pairing 3/6 :    C0BR4_v2.9  -  V7P3R_v12.2

PGN-File: C:\Program Files (x86)\Arena\Tournaments\Engine Battle 20250926_3.pgn

No:  B/W 1/2     W:B       1:2           Time        Value Moves Dep 1:2       1-2-Draws
   3 = =    1.5:1.5        1.5:1.5       5:01:04 PM    +8.66    26 4.000 :4.765  0-0-3

--------------------------------------------------------------

Engine-Match Friday, September 26, 2025 5:01:06 PM
 Blitz 10/5 

Pairing 4/6 :    SlowMate_v3.1  -  Random_Opponent

PGN-File: C:\Program Files (x86)\Arena\Tournaments\Engine Battle 20250926_3.pgn

No:  B/W 1/2     W:B       1:2           Time        Value Moves Dep 1:2       1-2-Draws
   3 W 1    1.5:0.5        2.5:0.5       5:07:41 PM  +184.08    27 4.222 :0 2-0-1

--------------------------------------------------------------

Engine-Match Friday, September 26, 2025 5:07:42 PM
 Blitz 10/5 

Pairing 5/6 :    V7P3R_v12.2  -  SlowMate_v3.1

PGN-File: C:\Program Files (x86)\Arena\Tournaments\Engine Battle 20250926_3.pgn

No:  B/W 1/2     W:B       1:2           Time        Value Moves Dep 1:2       1-2-Draws
   3 = =    1.5:1.5        1.5:1.5       5:43:14 PM    +1.35   109 5.111 :4.355  0-0-3

--------------------------------------------------------------

Engine-Match Friday, September 26, 2025 5:43:15 PM
 Blitz 10/5 

Pairing 6/6 :    Random_Opponent  -  C0BR4_v2.9

PGN-File: C:\Program Files (x86)\Arena\Tournaments\Engine Battle 20250926_3.pgn

No:  B/W 1/2     W:B       1:2           Time        Value Moves Dep 1:2       1-2-Draws
   3 B 2    1.0:0.0        0.0:3.0       5:43:37 PM  -299.97    22 0:4.000  0-3-0

--------------------------------------------------------------

Engine-Match Friday, September 26, 2025 5:43:38 PM
 Blitz 10/5 

Pairing 1/6 :    V7P3R_v12.2  -  Random_Opponent

PGN-File: C:\Program Files (x86)\Arena\Tournaments\Engine Battle 20250926_3.pgn

No:  B/W 1/2     W:B       1:2           Time        Value Moves Dep 1:2       1-2-Draws
   4 B 1    1.0:0.0        4.0:0.0       5:48:45 PM     0.00    17 4.875 :0 4-0-0

--------------------------------------------------------------

Engine-Match Friday, September 26, 2025 5:48:46 PM
 Blitz 10/5 

Pairing 2/6 :    C0BR4_v2.9  -  SlowMate_v3.1

PGN-File: C:\Program Files (x86)\Arena\Tournaments\Engine Battle 20250926_3.pgn

No:  B/W 1/2     W:B       1:2           Time        Value Moves Dep 1:2       1-2-Draws
   4 = =    1.5:1.5        2.5:1.5       5:57:41 PM    -0.33    37 4.000 :4.081  1-0-3

--------------------------------------------------------------

Engine-Match Friday, September 26, 2025 5:57:48 PM
 Blitz 10/5 

Pairing 3/6 :    C0BR4_v2.9  -  V7P3R_v12.2

PGN-File: C:\Program Files (x86)\Arena\Tournaments\Engine Battle 20250926_3.pgn

No:  B/W 1/2     W:B       1:2           Time        Value Moves Dep 1:2       1-2-Draws
   4 B 1    2.5:1.5        2.5:1.5       6:08:09 PM  -299.97    39 4.000 :4.600  1-0-3

--------------------------------------------------------------

Engine-Match Friday, September 26, 2025 6:08:11 PM
 Blitz 10/5 

Pairing 4/6 :    SlowMate_v3.1  -  Random_Opponent

PGN-File: C:\Program Files (x86)\Arena\Tournaments\Engine Battle 20250926_3.pgn

No:  B/W 1/2     W:B       1:2           Time        Value Moves Dep 1:2       1-2-Draws
   4 B 1    1.5:0.5        3.5:0.5       6:14:48 PM  -148.98    27 4.407 :0 3-0-1

--------------------------------------------------------------

Engine-Match Friday, September 26, 2025 6:14:50 PM
 Blitz 10/5 

Pairing 5/6 :    V7P3R_v12.2  -  SlowMate_v3.1

PGN-File: C:\Program Files (x86)\Arena\Tournaments\Engine Battle 20250926_3.pgn

No:  B/W 1/2     W:B       1:2           Time        Value Moves Dep 1:2       1-2-Draws
   4 = =    2.0:2.0        2.0:2.0       6:39:21 PM    +1.59    62 4.818 :4.038  0-0-4

--------------------------------------------------------------

Engine-Match Friday, September 26, 2025 6:39:23 PM
 Blitz 10/5 

Pairing 6/6 :    Random_Opponent  -  C0BR4_v2.9

PGN-File: C:\Program Files (x86)\Arena\Tournaments\Engine Battle 20250926_3.pgn

No:  B/W 1/2     W:B       1:2           Time        Value Moves Dep 1:2       1-2-Draws
   4 W 2    1.0:0.0        0.0:4.0       6:39:36 PM  +299.97    17 0:4.000  0-4-0

--------------------------------------------------------------

Engine-Match Friday, September 26, 2025 6:39:38 PM
 Blitz 10/5 

Pairing 1/6 :    V7P3R_v12.2  -  Random_Opponent

PGN-File: C:\Program Files (x86)\Arena\Tournaments\Engine Battle 20250926_3.pgn

No:  B/W 1/2     W:B       1:2           Time        Value Moves Dep 1:2       1-2-Draws
   5 W 1    1.0:0.0        5.0:0.0       6:42:37 PM  +289.99     7 5.143 :0 5-0-0

--------------------------------------------------------------

Engine-Match Friday, September 26, 2025 6:42:39 PM
 Blitz 10/5 

Pairing 2/6 :    C0BR4_v2.9  -  SlowMate_v3.1

PGN-File: C:\Program Files (x86)\Arena\Tournaments\Engine Battle 20250926_3.pgn

No:  B/W 1/2     W:B       1:2           Time        Value Moves Dep 1:2       1-2-Draws
   5 B 2    2.5:1.5        2.5:2.5       6:49:12 PM  -299.97    27 3.840 :4.269  1-1-3

--------------------------------------------------------------

Engine-Match Friday, September 26, 2025 6:49:14 PM
 Blitz 10/5 

Pairing 3/6 :    C0BR4_v2.9  -  V7P3R_v12.2

PGN-File: C:\Program Files (x86)\Arena\Tournaments\Engine Battle 20250926_3.pgn

No:  B/W 1/2     W:B       1:2           Time        Value Moves Dep 1:2       1-2-Draws
   5 = =    2.0:2.0        3.0:2.0       6:55:51 PM    -1.47    52 4.000 :4.467  1-0-4

--------------------------------------------------------------

Engine-Match Friday, September 26, 2025 6:55:52 PM
 Blitz 10/5 

Pairing 4/6 :    SlowMate_v3.1  -  Random_Opponent

PGN-File: C:\Program Files (x86)\Arena\Tournaments\Engine Battle 20250926_3.pgn

No:  B/W 1/2     W:B       1:2           Time        Value Moves Dep 1:2       1-2-Draws
   5 = =    1.0:1.0        4.0:1.0       7:04:01 PM   +43.09    35 4.114 :0 3-0-2

--------------------------------------------------------------

Engine-Match Friday, September 26, 2025 7:04:02 PM
 Blitz 10/5 

Pairing 5/6 :    V7P3R_v12.2  -  SlowMate_v3.1

PGN-File: C:\Program Files (x86)\Arena\Tournaments\Engine Battle 20250926_3.pgn

No:  B/W 1/2     W:B       1:2           Time        Value Moves Dep 1:2       1-2-Draws
   5 W 1    3.0:2.0        3.0:2.0       7:11:52 PM  +289.99    15 5.333 :4.429  1-0-4

--------------------------------------------------------------

Engine-Match Friday, September 26, 2025 7:11:53 PM
 Blitz 10/5 

Pairing 6/6 :    Random_Opponent  -  C0BR4_v2.9

PGN-File: C:\Program Files (x86)\Arena\Tournaments\Engine Battle 20250926_3.pgn

No:  B/W 1/2     W:B       1:2           Time        Value Moves Dep 1:2       1-2-Draws
   5 B 2    1.0:0.0        0.0:5.0       7:12:07 PM  -299.97    22 0:4.000  0-5-0

--------------------------------------------------------------

Engine-Match Friday, September 26, 2025 7:12:09 PM
 Blitz 10/5 

Pairing 1/6 :    V7P3R_v12.2  -  Random_Opponent

PGN-File: C:\Program Files (x86)\Arena\Tournaments\Engine Battle 20250926_3.pgn

No:  B/W 1/2     W:B       1:2           Time        Value Moves Dep 1:2       1-2-Draws
   6 B 1    1.0:0.0        6.0:0.0       7:14:52 PM     0.00    11 4.900 :0 6-0-0

--------------------------------------------------------------

Engine-Match Friday, September 26, 2025 7:14:54 PM
 Blitz 10/5 

Pairing 2/6 :    C0BR4_v2.9  -  SlowMate_v3.1

PGN-File: C:\Program Files (x86)\Arena\Tournaments\Engine Battle 20250926_3.pgn

No:  B/W 1/2     W:B       1:2           Time        Value Moves Dep 1:2       1-2-Draws
   6 B 1    2.5:1.5        3.5:2.5       7:20:29 PM  -299.97    21 3.895 :4.143  2-1-3

--------------------------------------------------------------

Engine-Match Friday, September 26, 2025 7:20:30 PM
 Blitz 10/5 

Pairing 3/6 :    C0BR4_v2.9  -  V7P3R_v12.2

PGN-File: C:\Program Files (x86)\Arena\Tournaments\Engine Battle 20250926_3.pgn

No:  B/W 1/2     W:B       1:2           Time        Value Moves Dep 1:2       1-2-Draws
   6 = =    2.5:2.5        3.5:2.5       7:29:57 PM    -4.34    49 4.000 :4.783  1-0-5

--------------------------------------------------------------

Engine-Match Friday, September 26, 2025 7:29:58 PM
 Blitz 10/5 

Pairing 4/6 :    SlowMate_v3.1  -  Random_Opponent

PGN-File: C:\Program Files (x86)\Arena\Tournaments\Engine Battle 20250926_3.pgn

No:  B/W 1/2     W:B       1:2           Time        Value Moves Dep 1:2       1-2-Draws
   6 B 1    2.0:1.0        5.0:1.0       7:43:57 PM  -190.85    73 4.038 :0 4-0-2

--------------------------------------------------------------

Engine-Match Friday, September 26, 2025 7:43:58 PM
 Blitz 10/5 

Pairing 5/6 :    V7P3R_v12.2  -  SlowMate_v3.1

PGN-File: C:\Program Files (x86)\Arena\Tournaments\Engine Battle 20250926_3.pgn

No:  B/W 1/2     W:B       1:2           Time        Value Moves Dep 1:2       1-2-Draws
   6 = =    2.5:2.5        3.5:2.5       7:56:07 PM    -1.96    22 5.308 :4.182  1-0-5

--------------------------------------------------------------

Engine-Match Friday, September 26, 2025 7:56:09 PM
 Blitz 10/5 

Pairing 6/6 :    Random_Opponent  -  C0BR4_v2.9

PGN-File: C:\Program Files (x86)\Arena\Tournaments\Engine Battle 20250926_3.pgn

No:  B/W 1/2     W:B       1:2           Time        Value Moves Dep 1:2       1-2-Draws
   6 W 2    1.0:0.0        0.0:6.0       7:56:16 PM  +299.97     7 0:3.600  0-6-0

--------------------------------------------------------------

Engine-Match Friday, September 26, 2025 7:56:17 PM
 Blitz 10/5 

Pairing 1/6 :    V7P3R_v12.2  -  Random_Opponent

PGN-File: C:\Program Files (x86)\Arena\Tournaments\Engine Battle 20250926_3.pgn

No:  B/W 1/2     W:B       1:2           Time        Value Moves Dep 1:2       1-2-Draws
   7 W 1    1.0:0.0        7.0:0.0       7:58:58 PM  +289.99     8 5.375 :0 7-0-0

--------------------------------------------------------------

Engine-Match Friday, September 26, 2025 7:59:00 PM
 Blitz 10/5 

Pairing 2/6 :    C0BR4_v2.9  -  SlowMate_v3.1

PGN-File: C:\Program Files (x86)\Arena\Tournaments\Engine Battle 20250926_3.pgn

No:  B/W 1/2     W:B       1:2           Time        Value Moves Dep 1:2       1-2-Draws
   7 W 1    2.5:1.5        4.5:2.5       8:04:40 PM  +299.97    20 3.889 :3.579  3-1-3

--------------------------------------------------------------

Engine-Match Friday, September 26, 2025 8:04:41 PM
 Blitz 10/5 

Pairing 3/6 :    C0BR4_v2.9  -  V7P3R_v12.2

PGN-File: C:\Program Files (x86)\Arena\Tournaments\Engine Battle 20250926_3.pgn

No:  B/W 1/2     W:B       1:2           Time        Value Moves Dep 1:2       1-2-Draws
   7 W 1    3.5:2.5        4.5:2.5       8:09:59 PM   +11.70    24 4.000 :4.588  2-0-5

--------------------------------------------------------------

Engine-Match Friday, September 26, 2025 8:10:00 PM
 Blitz 10/5 

Pairing 4/6 :    SlowMate_v3.1  -  Random_Opponent

PGN-File: C:\Program Files (x86)\Arena\Tournaments\Engine Battle 20250926_3.pgn

No:  B/W 1/2     W:B       1:2           Time        Value Moves Dep 1:2       1-2-Draws
   7 W 1    2.0:1.0        6.0:1.0       8:14:38 PM  +186.19    18 4.278 :0 5-0-2

--------------------------------------------------------------

Engine-Match Friday, September 26, 2025 8:14:45 PM
 Blitz 10/5 

Pairing 5/6 :    V7P3R_v12.2  -  SlowMate_v3.1

PGN-File: C:\Program Files (x86)\Arena\Tournaments\Engine Battle 20250926_3.pgn

No:  B/W 1/2     W:B       1:2           Time        Value Moves Dep 1:2       1-2-Draws
   7 = =    3.0:3.0        4.0:3.0       8:25:52 PM    +6.82    24 5.417 :4.583  1-0-6

--------------------------------------------------------------

Engine-Match Friday, September 26, 2025 8:25:53 PM
 Blitz 10/5 

Pairing 6/6 :    Random_Opponent  -  C0BR4_v2.9

PGN-File: C:\Program Files (x86)\Arena\Tournaments\Engine Battle 20250926_3.pgn

No:  B/W 1/2     W:B       1:2           Time        Value Moves Dep 1:2       1-2-Draws
   7 B 2    1.0:0.0        0.0:7.0       8:26:08 PM  -299.97    21 0:4.000  0-7-0

--------------------------------------------------------------

Engine-Match Friday, September 26, 2025 8:26:09 PM
 Blitz 10/5 

Pairing 1/6 :    V7P3R_v12.2  -  Random_Opponent

PGN-File: C:\Program Files (x86)\Arena\Tournaments\Engine Battle 20250926_3.pgn

No:  B/W 1/2     W:B       1:2           Time        Value Moves Dep 1:2       1-2-Draws
   8 B 1    1.0:0.0        8.0:0.0       8:31:47 PM  -289.99    20 5.263 :0 8-0-0

--------------------------------------------------------------

Engine-Match Friday, September 26, 2025 8:31:48 PM
 Blitz 10/5 

Pairing 2/6 :    C0BR4_v2.9  -  SlowMate_v3.1

PGN-File: C:\Program Files (x86)\Arena\Tournaments\Engine Battle 20250926_3.pgn

No:  B/W 1/2     W:B       1:2           Time        Value Moves Dep 1:2       1-2-Draws
   8 B 1    2.5:1.5        5.5:2.5       8:40:15 PM  -299.97    35 4.000 :4.194  4-1-3

--------------------------------------------------------------

Engine-Match Friday, September 26, 2025 8:40:17 PM
 Blitz 10/5 

Pairing 3/6 :    C0BR4_v2.9  -  V7P3R_v12.2

PGN-File: C:\Program Files (x86)\Arena\Tournaments\Engine Battle 20250926_3.pgn

No:  B/W 1/2     W:B       1:2           Time        Value Moves Dep 1:2       1-2-Draws
   8 = =    3.0:3.0        5.0:3.0       8:47:22 PM    +1.38    24 4.000 :5.235  2-0-6

--------------------------------------------------------------

Engine-Match Friday, September 26, 2025 8:47:23 PM
 Blitz 10/5 

Pairing 4/6 :    SlowMate_v3.1  -  Random_Opponent

PGN-File: C:\Program Files (x86)\Arena\Tournaments\Engine Battle 20250926_3.pgn

No:  B/W 1/2     W:B       1:2           Time        Value Moves Dep 1:2       1-2-Draws
   8 = =    1.5:1.5        6.5:1.5       8:53:44 PM  -200.00    26 3.923 :0 5-0-3

--------------------------------------------------------------

Engine-Match Friday, September 26, 2025 8:53:46 PM
 Blitz 10/5 

Pairing 5/6 :    V7P3R_v12.2  -  SlowMate_v3.1

PGN-File: C:\Program Files (x86)\Arena\Tournaments\Engine Battle 20250926_3.pgn

No:  B/W 1/2     W:B       1:2           Time        Value Moves Dep 1:2       1-2-Draws
   8 = =    3.5:3.5        4.5:3.5       9:03:45 PM    -1.71    22 5.231 :4.318  1-0-7

--------------------------------------------------------------

Engine-Match Friday, September 26, 2025 9:03:47 PM
 Blitz 10/5 

Pairing 6/6 :    Random_Opponent  -  C0BR4_v2.9

PGN-File: C:\Program Files (x86)\Arena\Tournaments\Engine Battle 20250926_3.pgn

No:  B/W 1/2     W:B       1:2           Time        Value Moves Dep 1:2       1-2-Draws
   8 W 2    1.0:0.0        0.0:8.0       9:04:02 PM  +299.97    14 0:4.000  0-8-0

--------------------------------------------------------------

Engine-Match Friday, September 26, 2025 9:04:03 PM
 Blitz 10/5 

Pairing 1/6 :    V7P3R_v12.2  -  Random_Opponent

PGN-File: C:\Program Files (x86)\Arena\Tournaments\Engine Battle 20250926_3.pgn

No:  B/W 1/2     W:B       1:2           Time        Value Moves Dep 1:2       1-2-Draws
   9 W 1    1.0:0.0        9.0:0.0       9:06:54 PM  +289.98     8 5.000 :0 9-0-0

--------------------------------------------------------------

Engine-Match Friday, September 26, 2025 9:06:55 PM
 Blitz 10/5 

Pairing 2/6 :    C0BR4_v2.9  -  SlowMate_v3.1

PGN-File: C:\Program Files (x86)\Arena\Tournaments\Engine Battle 20250926_3.pgn

No:  B/W 1/2     W:B       1:2           Time        Value Moves Dep 1:2       1-2-Draws
   9 = =    2.0:2.0        6.0:3.0       9:13:19 PM    +2.09    26 4.000 :4.400  4-1-4

--------------------------------------------------------------

Engine-Match Friday, September 26, 2025 9:13:20 PM
 Blitz 10/5 

Pairing 3/6 :    C0BR4_v2.9  -  V7P3R_v12.2

PGN-File: C:\Program Files (x86)\Arena\Tournaments\Engine Battle 20250926_3.pgn

No:  B/W 1/2     W:B       1:2           Time        Value Moves Dep 1:2       1-2-Draws
   9 = =    3.5:3.5        5.5:3.5       9:19:45 PM    -3.15    57 4.000 :4.533  2-0-7

--------------------------------------------------------------

Engine-Match Friday, September 26, 2025 9:19:47 PM
 Blitz 10/5 

Pairing 4/6 :    SlowMate_v3.1  -  Random_Opponent

PGN-File: C:\Program Files (x86)\Arena\Tournaments\Engine Battle 20250926_3.pgn

No:  B/W 1/2     W:B       1:2           Time        Value Moves Dep 1:2       1-2-Draws
   9 W 1    2.5:1.5        7.5:1.5       9:27:12 PM   +90.63    31 4.290 :0 6-0-3

--------------------------------------------------------------

Engine-Match Friday, September 26, 2025 9:27:14 PM
 Blitz 10/5 

Pairing 5/6 :    V7P3R_v12.2  -  SlowMate_v3.1

PGN-File: C:\Program Files (x86)\Arena\Tournaments\Engine Battle 20250926_3.pgn

No:  B/W 1/2     W:B       1:2           Time        Value Moves Dep 1:2       1-2-Draws
   9 W 1    4.5:3.5        5.5:3.5       9:38:43 PM  +289.99    23 5.333 :4.409  2-0-7

--------------------------------------------------------------

Engine-Match Friday, September 26, 2025 9:38:44 PM
 Blitz 10/5 

Pairing 6/6 :    Random_Opponent  -  C0BR4_v2.9

PGN-File: C:\Program Files (x86)\Arena\Tournaments\Engine Battle 20250926_3.pgn

No:  B/W 1/2     W:B       1:2           Time        Value Moves Dep 1:2       1-2-Draws
   9 B 2    1.0:0.0        0.0:9.0       9:38:51 PM  -299.97     7 0:3.600  0-9-0

--------------------------------------------------------------

Engine-Match Friday, September 26, 2025 9:38:52 PM
 Blitz 10/5 

Pairing 1/6 :    V7P3R_v12.2  -  Random_Opponent

PGN-File: C:\Program Files (x86)\Arena\Tournaments\Engine Battle 20250926_3.pgn

No:  B/W 1/2     W:B       1:2           Time        Value Moves Dep 1:2       1-2-Draws
  10 B 1    1.0:0.0        10.0:0.0      9:44:11 PM     0.00    20 5.294 :0 10-0-0

--------------------------------------------------------------

Engine-Match Friday, September 26, 2025 9:44:12 PM
 Blitz 10/5 

Pairing 2/6 :    C0BR4_v2.9  -  SlowMate_v3.1

PGN-File: C:\Program Files (x86)\Arena\Tournaments\Engine Battle 20250926_3.pgn

No:  B/W 1/2     W:B       1:2           Time        Value Moves Dep 1:2       1-2-Draws
  10 W 2    3.0:2.0        6.0:4.0       9:51:38 PM   +20.65    30 4.000 :3.900  4-2-4

--------------------------------------------------------------

Engine-Match Friday, September 26, 2025 9:51:39 PM
 Blitz 10/5 

Pairing 3/6 :    C0BR4_v2.9  -  V7P3R_v12.2

PGN-File: C:\Program Files (x86)\Arena\Tournaments\Engine Battle 20250926_3.pgn

No:  B/W 1/2     W:B       1:2           Time        Value Moves Dep 1:2       1-2-Draws
  10 B 1    4.5:3.5        6.5:3.5       10:04:05 PM   -16.10    71 4.000 :4.810  3-0-7

--------------------------------------------------------------

Engine-Match Friday, September 26, 2025 10:04:06 PM
 Blitz 10/5 

Pairing 4/6 :    SlowMate_v3.1  -  Random_Opponent

PGN-File: C:\Program Files (x86)\Arena\Tournaments\Engine Battle 20250926_3.pgn

No:  B/W 1/2     W:B       1:2           Time        Value Moves Dep 1:2       1-2-Draws
  10 B 1    2.5:1.5        8.5:1.5       10:05:36 PM   -75.97     5 4.000 :0 7-0-3

--------------------------------------------------------------

Engine-Match Friday, September 26, 2025 10:05:37 PM
 Blitz 10/5 

Pairing 5/6 :    V7P3R_v12.2  -  SlowMate_v3.1

PGN-File: C:\Program Files (x86)\Arena\Tournaments\Engine Battle 20250926_3.pgn

No:  B/W 1/2     W:B       1:2           Time        Value Moves Dep 1:2       1-2-Draws
  10 = =    4.0:4.0        6.0:4.0       10:17:20 PM    -1.71    22 5.308 :4.318  2-0-8

--------------------------------------------------------------

Engine-Match Friday, September 26, 2025 10:17:21 PM
 Blitz 10/5 

Pairing 6/6 :    Random_Opponent  -  C0BR4_v2.9

PGN-File: C:\Program Files (x86)\Arena\Tournaments\Engine Battle 20250926_3.pgn

No:  B/W 1/2     W:B       1:2           Time        Value Moves Dep 1:2       1-2-Draws
  10 W 2    1.0:0.0        0.0:10.0      10:17:35 PM  +299.97    20 0:3.889  0-10-0
