Engine-Match Friday, September 26, 2025 7:12:59 PM
 Blitz 2/1 

Pairing 1/15 :    V7P3R_v10.8  -  Random_Opponent

PGN-File: C:\Program Files (x86)\Arena\Tournaments\Engine Regression Battle 20250926.pgn

No:  B/W 1/2     W:B       1:2           Time        Value Moves Dep 1:2       1-2-Draws
   1 W 1    1.0:0.0        1.0:0.0       7:14:50 PM  +289.96    35 3.171 :0 1-0-0

--------------------------------------------------------------

Engine-Match Friday, September 26, 2025 7:14:51 PM
 Blitz 2/1 

Pairing 2/15 :    V7P3R_v12.3  -  V7P3R_v12.0

PGN-File: C:\Program Files (x86)\Arena\Tournaments\Engine Regression Battle 20250926.pgn

No:  B/W 1/2     W:B       1:2           Time        Value Moves Dep 1:2       1-2-Draws
   1 B 2    1.0:0.0        0.0:1.0       7:18:31 PM   -31.92    24 2.957 :3.043  0-1-0

--------------------------------------------------------------

Engine-Match Friday, September 26, 2025 7:18:32 PM
 Blitz 2/1 

Pairing 3/15 :    V7P3R_v12.1  -  V7P3R_v12.2

PGN-File: C:\Program Files (x86)\Arena\Tournaments\Engine Regression Battle 20250926.pgn

No:  B/W 1/2     W:B       1:2           Time        Value Moves Dep 1:2       1-2-Draws
   1 W 1    1.0:0.0        1.0:0.0       7:21:24 PM  +289.97    24 3.174 :3.941  1-0-0

--------------------------------------------------------------

Engine-Match Friday, September 26, 2025 7:21:25 PM
 Blitz 2/1 

Pairing 4/15 :    V7P3R_v12.3  -  V7P3R_v10.8

PGN-File: C:\Program Files (x86)\Arena\Tournaments\Engine Regression Battle 20250926.pgn

No:  B/W 1/2     W:B       1:2           Time        Value Moves Dep 1:2       1-2-Draws
   1 B 2    1.0:0.0        0.0:1.0       7:24:50 PM     0.00    17 3.063 :3.059  0-1-0

--------------------------------------------------------------

Engine-Match Friday, September 26, 2025 7:24:51 PM
 Blitz 2/1 

Pairing 5/15 :    V7P3R_v12.2  -  Random_Opponent

PGN-File: C:\Program Files (x86)\Arena\Tournaments\Engine Regression Battle 20250926.pgn

No:  B/W 1/2     W:B       1:2           Time        Value Moves Dep 1:2       1-2-Draws
   1 W 1    1.0:0.0        1.0:0.0       7:26:28 PM     0.00    23 4.000 :0 1-0-0

--------------------------------------------------------------

Engine-Match Friday, September 26, 2025 7:26:29 PM
 Blitz 2/1 

Pairing 6/15 :    V7P3R_v12.0  -  V7P3R_v12.1

PGN-File: C:\Program Files (x86)\Arena\Tournaments\Engine Regression Battle 20250926.pgn

No:  B/W 1/2     W:B       1:2           Time        Value Moves Dep 1:2       1-2-Draws
   1 B 2    1.0:0.0        0.0:1.0       7:29:35 PM   -12.16    22 3.050 :2.857  0-1-0

--------------------------------------------------------------

Engine-Match Friday, September 26, 2025 7:29:36 PM
 Blitz 2/1 

Pairing 7/15 :    V7P3R_v10.8  -  V7P3R_v12.2

PGN-File: C:\Program Files (x86)\Arena\Tournaments\Engine Regression Battle 20250926.pgn

No:  B/W 1/2     W:B       1:2           Time        Value Moves Dep 1:2       1-2-Draws
   1 W 1    1.0:0.0        1.0:0.0       7:33:49 PM   +15.90    46 3.158 :3.556  1-0-0

--------------------------------------------------------------

Engine-Match Friday, September 26, 2025 7:33:51 PM
 Blitz 2/1 

Pairing 8/15 :    V7P3R_v12.1  -  V7P3R_v12.3

PGN-File: C:\Program Files (x86)\Arena\Tournaments\Engine Regression Battle 20250926.pgn

No:  B/W 1/2     W:B       1:2           Time        Value Moves Dep 1:2       1-2-Draws
   1 W 1    1.0:0.0        1.0:0.0       7:37:12 PM   +24.44    23 2.913 :3.864  1-0-0

--------------------------------------------------------------

Engine-Match Friday, September 26, 2025 7:37:14 PM
 Blitz 2/1 

Pairing 9/15 :    Random_Opponent  -  V7P3R_v12.0

PGN-File: C:\Program Files (x86)\Arena\Tournaments\Engine Regression Battle 20250926.pgn

No:  B/W 1/2     W:B       1:2           Time        Value Moves Dep 1:2       1-2-Draws
   1 B 2    1.0:0.0        0.0:1.0       7:38:05 PM  -289.97    15 0:3.067  0-1-0

--------------------------------------------------------------

Engine-Match Friday, September 26, 2025 7:38:06 PM
 Blitz 2/1 

Pairing 10/15 :    V7P3R_v12.1  -  V7P3R_v10.8

PGN-File: C:\Program Files (x86)\Arena\Tournaments\Engine Regression Battle 20250926.pgn

No:  B/W 1/2     W:B       1:2           Time        Value Moves Dep 1:2       1-2-Draws
   1 W 1    1.0:0.0        1.0:0.0       7:42:59 PM     0.00    59 2.595 :2.872  1-0-0

--------------------------------------------------------------

Engine-Match Friday, September 26, 2025 7:43:01 PM
 Blitz 2/1 

Pairing 11/15 :    V7P3R_v12.0  -  V7P3R_v12.2

PGN-File: C:\Program Files (x86)\Arena\Tournaments\Engine Regression Battle 20250926.pgn

No:  B/W 1/2     W:B       1:2           Time        Value Moves Dep 1:2       1-2-Draws
   1 W 1    1.0:0.0        1.0:0.0       7:44:50 PM  +289.97    16 3.125 :3.917  1-0-0

--------------------------------------------------------------

Engine-Match Friday, September 26, 2025 7:44:51 PM
 Blitz 2/1 

Pairing 12/15 :    V7P3R_v12.3  -  Random_Opponent

PGN-File: C:\Program Files (x86)\Arena\Tournaments\Engine Regression Battle 20250926.pgn

No:  B/W 1/2     W:B       1:2           Time        Value Moves Dep 1:2       1-2-Draws
   1 B 2    1.0:0.0        0.0:1.0       7:47:30 PM     0.00    24 2.682 :0 0-1-0

--------------------------------------------------------------

Engine-Match Friday, September 26, 2025 7:47:32 PM
 Blitz 2/1 

Pairing 13/15 :    V7P3R_v10.8  -  V7P3R_v12.0

PGN-File: C:\Program Files (x86)\Arena\Tournaments\Engine Regression Battle 20250926.pgn

No:  B/W 1/2     W:B       1:2           Time        Value Moves Dep 1:2       1-2-Draws
   1 = =    0.5:0.5        0.5:0.5       7:52:12 PM     0.00    64 2.892 :3.029  0-0-1

--------------------------------------------------------------

Engine-Match Friday, September 26, 2025 7:52:14 PM
 Blitz 2/1 

Pairing 14/15 :    Random_Opponent  -  V7P3R_v12.1

PGN-File: C:\Program Files (x86)\Arena\Tournaments\Engine Regression Battle 20250926.pgn

No:  B/W 1/2     W:B       1:2           Time        Value Moves Dep 1:2       1-2-Draws
   1 B 2    1.0:0.0        0.0:1.0       7:53:11 PM  -289.96    21 0:2.952  0-1-0

--------------------------------------------------------------

Engine-Match Friday, September 26, 2025 7:53:13 PM
 Blitz 2/1 

Pairing 15/15 :    V7P3R_v12.2  -  V7P3R_v12.3

PGN-File: C:\Program Files (x86)\Arena\Tournaments\Engine Regression Battle 20250926.pgn

No:  B/W 1/2     W:B       1:2           Time        Value Moves Dep 1:2       1-2-Draws
   1 = =    0.5:0.5        0.5:0.5       7:57:01 PM     0.00    33 3.955 :4.364  0-0-1

--------------------------------------------------------------

Engine-Match Friday, September 26, 2025 7:57:03 PM
 Blitz 2/1 

Pairing 1/15 :    V7P3R_v10.8  -  Random_Opponent

PGN-File: C:\Program Files (x86)\Arena\Tournaments\Engine Regression Battle 20250926.pgn

No:  B/W 1/2     W:B       1:2           Time        Value Moves Dep 1:2       1-2-Draws
   2 B 1    1.0:0.0        2.0:0.0       7:58:54 PM  -289.96    35 3.400 :0 2-0-0

--------------------------------------------------------------

Engine-Match Friday, September 26, 2025 7:58:55 PM
 Blitz 2/1 

Pairing 2/15 :    V7P3R_v12.3  -  V7P3R_v12.0

PGN-File: C:\Program Files (x86)\Arena\Tournaments\Engine Regression Battle 20250926.pgn

No:  B/W 1/2     W:B       1:2           Time        Value Moves Dep 1:2       1-2-Draws
   2 W 2    1.0:0.0        0.0:2.0       8:01:24 PM   +28.82    19 4.316 :3.556  0-2-0

--------------------------------------------------------------

Engine-Match Friday, September 26, 2025 8:01:26 PM
 Blitz 2/1 

Pairing 3/15 :    V7P3R_v12.1  -  V7P3R_v12.2

PGN-File: C:\Program Files (x86)\Arena\Tournaments\Engine Regression Battle 20250926.pgn

No:  B/W 1/2     W:B       1:2           Time        Value Moves Dep 1:2       1-2-Draws
   2 = =    0.5:0.5        1.5:0.5       8:04:33 PM     0.00    30 3.182 :4.238  1-0-1

--------------------------------------------------------------

Engine-Match Friday, September 26, 2025 8:04:35 PM
 Blitz 2/1 

Pairing 4/15 :    V7P3R_v12.3  -  V7P3R_v10.8

PGN-File: C:\Program Files (x86)\Arena\Tournaments\Engine Regression Battle 20250926.pgn

No:  B/W 1/2     W:B       1:2           Time        Value Moves Dep 1:2       1-2-Draws
   2 W 2    1.0:0.0        0.0:2.0       8:07:18 PM  +289.96    18 4.294 :3.176  0-2-0

--------------------------------------------------------------

Engine-Match Friday, September 26, 2025 8:07:20 PM
 Blitz 2/1 

Pairing 5/15 :    V7P3R_v12.2  -  Random_Opponent

PGN-File: C:\Program Files (x86)\Arena\Tournaments\Engine Regression Battle 20250926.pgn

No:  B/W 1/2     W:B       1:2           Time        Value Moves Dep 1:2       1-2-Draws
   2 B 1    1.0:0.0        2.0:0.0       8:08:10 PM  -289.98    13 4.100 :0 2-0-0

--------------------------------------------------------------

Engine-Match Friday, September 26, 2025 8:08:16 PM
 Blitz 2/1 

Pairing 6/15 :    V7P3R_v12.0  -  V7P3R_v12.1

PGN-File: C:\Program Files (x86)\Arena\Tournaments\Engine Regression Battle 20250926.pgn

No:  B/W 1/2     W:B       1:2           Time        Value Moves Dep 1:2       1-2-Draws
   2 B 1    1.0:0.0        1.0:1.0       8:14:23 PM     0.00    59 3.024 :2.844  1-1-0

--------------------------------------------------------------

Engine-Match Friday, September 26, 2025 8:14:25 PM
 Blitz 2/1 

Pairing 7/15 :    V7P3R_v10.8  -  V7P3R_v12.2

PGN-File: C:\Program Files (x86)\Arena\Tournaments\Engine Regression Battle 20250926.pgn

No:  B/W 1/2     W:B       1:2           Time        Value Moves Dep 1:2       1-2-Draws
   2 = =    0.5:0.5        1.5:0.5       8:20:07 PM     0.00    80 3.292 :3.808  1-0-1

--------------------------------------------------------------

Engine-Match Friday, September 26, 2025 8:20:08 PM
 Blitz 2/1 

Pairing 8/15 :    V7P3R_v12.1  -  V7P3R_v12.3

PGN-File: C:\Program Files (x86)\Arena\Tournaments\Engine Regression Battle 20250926.pgn

No:  B/W 1/2     W:B       1:2           Time        Value Moves Dep 1:2       1-2-Draws
   2 B 1    1.0:0.0        2.0:0.0       8:22:49 PM  -289.96    24 3.091 :3.227  2-0-0

--------------------------------------------------------------

Engine-Match Friday, September 26, 2025 8:22:51 PM
 Blitz 2/1 

Pairing 9/15 :    Random_Opponent  -  V7P3R_v12.0

PGN-File: C:\Program Files (x86)\Arena\Tournaments\Engine Regression Battle 20250926.pgn

No:  B/W 1/2     W:B       1:2           Time        Value Moves Dep 1:2       1-2-Draws
   2 W 2    1.0:0.0        0.0:2.0       8:23:09 PM  +289.98     6 0:3.800  0-2-0

--------------------------------------------------------------

Engine-Match Friday, September 26, 2025 8:23:10 PM
 Blitz 2/1 

Pairing 10/15 :    V7P3R_v12.1  -  V7P3R_v10.8

PGN-File: C:\Program Files (x86)\Arena\Tournaments\Engine Regression Battle 20250926.pgn

No:  B/W 1/2     W:B       1:2           Time        Value Moves Dep 1:2       1-2-Draws
   2 B 1    1.0:0.0        2.0:0.0       8:26:13 PM   -12.16    22 2.857 :3.000  2-0-0

--------------------------------------------------------------

Engine-Match Friday, September 26, 2025 8:26:14 PM
 Blitz 2/1 

Pairing 11/15 :    V7P3R_v12.0  -  V7P3R_v12.2

PGN-File: C:\Program Files (x86)\Arena\Tournaments\Engine Regression Battle 20250926.pgn

No:  B/W 1/2     W:B       1:2           Time        Value Moves Dep 1:2       1-2-Draws
   2 B 1    1.0:0.0        2.0:0.0       8:30:15 PM     0.00    36 3.200 :3.875  2-0-0

--------------------------------------------------------------

Engine-Match Friday, September 26, 2025 8:30:17 PM
 Blitz 2/1 

Pairing 12/15 :    V7P3R_v12.3  -  Random_Opponent

PGN-File: C:\Program Files (x86)\Arena\Tournaments\Engine Regression Battle 20250926.pgn

No:  B/W 1/2     W:B       1:2           Time        Value Moves Dep 1:2       1-2-Draws
   2 B 1    1.0:0.0        1.0:1.0       8:30:39 PM  -289.99     7 4.600 :0 1-1-0

--------------------------------------------------------------

Engine-Match Friday, September 26, 2025 8:30:40 PM
 Blitz 2/1 

Pairing 13/15 :    V7P3R_v10.8  -  V7P3R_v12.0

PGN-File: C:\Program Files (x86)\Arena\Tournaments\Engine Regression Battle 20250926.pgn

No:  B/W 1/2     W:B       1:2           Time        Value Moves Dep 1:2       1-2-Draws
   2 = =    1.0:1.0        1.0:1.0       8:35:26 PM   +24.14    63 3.194 :3.313  0-0-2

--------------------------------------------------------------

Engine-Match Friday, September 26, 2025 8:35:27 PM
 Blitz 2/1 

Pairing 14/15 :    Random_Opponent  -  V7P3R_v12.1

PGN-File: C:\Program Files (x86)\Arena\Tournaments\Engine Regression Battle 20250926.pgn

No:  B/W 1/2     W:B       1:2           Time        Value Moves Dep 1:2       1-2-Draws
   2 W 2    1.0:0.0        0.0:2.0       8:36:19 PM  +289.96    17 0:2.765  0-2-0

--------------------------------------------------------------

Engine-Match Friday, September 26, 2025 8:36:21 PM
 Blitz 2/1 

Pairing 15/15 :    V7P3R_v12.2  -  V7P3R_v12.3

PGN-File: C:\Program Files (x86)\Arena\Tournaments\Engine Regression Battle 20250926.pgn

No:  B/W 1/2     W:B       1:2           Time        Value Moves Dep 1:2       1-2-Draws
   2 B 1    1.5:0.5        1.5:0.5       8:40:19 PM  -289.97    36 4.211 :3.217  1-0-1

--------------------------------------------------------------

Engine-Match Friday, September 26, 2025 8:40:21 PM
 Blitz 2/1 

Pairing 1/15 :    V7P3R_v10.8  -  Random_Opponent

PGN-File: C:\Program Files (x86)\Arena\Tournaments\Engine Regression Battle 20250926.pgn

No:  B/W 1/2     W:B       1:2           Time        Value Moves Dep 1:2       1-2-Draws
   3 W 1    1.0:0.0        3.0:0.0       8:41:33 PM  +289.96    16 3.500 :0 3-0-0

--------------------------------------------------------------

Engine-Match Friday, September 26, 2025 8:41:35 PM
 Blitz 2/1 

Pairing 2/15 :    V7P3R_v12.3  -  V7P3R_v12.0

PGN-File: C:\Program Files (x86)\Arena\Tournaments\Engine Regression Battle 20250926.pgn

No:  B/W 1/2     W:B       1:2           Time        Value Moves Dep 1:2       1-2-Draws
   3 B 2    1.0:0.0        0.0:3.0       8:45:04 PM  -289.95    22 2.955 :3.250  0-3-0

--------------------------------------------------------------

Engine-Match Friday, September 26, 2025 8:45:06 PM
 Blitz 2/1 

Pairing 3/15 :    V7P3R_v12.1  -  V7P3R_v12.2

PGN-File: C:\Program Files (x86)\Arena\Tournaments\Engine Regression Battle 20250926.pgn

No:  B/W 1/2     W:B       1:2           Time        Value Moves Dep 1:2       1-2-Draws
   3 = =    1.0:1.0        2.0:1.0       8:49:47 PM    -2.30    36 2.943 :3.469  1-0-2

--------------------------------------------------------------

Engine-Match Friday, September 26, 2025 8:49:49 PM
 Blitz 2/1 

Pairing 4/15 :    V7P3R_v12.3  -  V7P3R_v10.8

PGN-File: C:\Program Files (x86)\Arena\Tournaments\Engine Regression Battle 20250926.pgn

No:  B/W 1/2     W:B       1:2           Time        Value Moves Dep 1:2       1-2-Draws
   3 B 2    1.0:0.0        0.0:3.0       8:53:23 PM   -34.99    27 2.704 :3.115  0-3-0

--------------------------------------------------------------

Engine-Match Friday, September 26, 2025 8:53:24 PM
 Blitz 2/1 

Pairing 5/15 :    V7P3R_v12.2  -  Random_Opponent

PGN-File: C:\Program Files (x86)\Arena\Tournaments\Engine Regression Battle 20250926.pgn

No:  B/W 1/2     W:B       1:2           Time        Value Moves Dep 1:2       1-2-Draws
   3 W 1    1.0:0.0        3.0:0.0       8:54:34 PM  +289.97    18 3.722 :0 3-0-0

--------------------------------------------------------------

Engine-Match Friday, September 26, 2025 8:54:36 PM
 Blitz 2/1 

Pairing 6/15 :    V7P3R_v12.0  -  V7P3R_v12.1

PGN-File: C:\Program Files (x86)\Arena\Tournaments\Engine Regression Battle 20250926.pgn

No:  B/W 1/2     W:B       1:2           Time        Value Moves Dep 1:2       1-2-Draws
   3 B 2    1.0:0.0        1.0:2.0       8:57:40 PM   -12.16    22 3.050 :2.857  1-2-0

--------------------------------------------------------------

Engine-Match Friday, September 26, 2025 8:57:41 PM
 Blitz 2/1 

Pairing 7/15 :    V7P3R_v10.8  -  V7P3R_v12.2

PGN-File: C:\Program Files (x86)\Arena\Tournaments\Engine Regression Battle 20250926.pgn

No:  B/W 1/2     W:B       1:2           Time        Value Moves Dep 1:2       1-2-Draws
   3 = =    1.0:1.0        2.0:1.0       9:02:49 PM    +2.00    40 2.949 :3.583  1-0-2

--------------------------------------------------------------

Engine-Match Friday, September 26, 2025 9:02:50 PM
 Blitz 2/1 

Pairing 8/15 :    V7P3R_v12.1  -  V7P3R_v12.3

PGN-File: C:\Program Files (x86)\Arena\Tournaments\Engine Regression Battle 20250926.pgn

No:  B/W 1/2     W:B       1:2           Time        Value Moves Dep 1:2       1-2-Draws
   3 W 1    1.0:0.0        3.0:0.0       9:05:11 PM    +9.26    18 3.294 :4.563  3-0-0

--------------------------------------------------------------

Engine-Match Friday, September 26, 2025 9:05:12 PM
 Blitz 2/1 

Pairing 9/15 :    Random_Opponent  -  V7P3R_v12.0

PGN-File: C:\Program Files (x86)\Arena\Tournaments\Engine Regression Battle 20250926.pgn

No:  B/W 1/2     W:B       1:2           Time        Value Moves Dep 1:2       1-2-Draws
   3 B 2    1.0:0.0        0.0:3.0       9:05:47 PM  -289.97    10 0:3.556  0-3-0

--------------------------------------------------------------

Engine-Match Friday, September 26, 2025 9:05:49 PM
 Blitz 2/1 

Pairing 10/15 :    V7P3R_v12.1  -  V7P3R_v10.8

PGN-File: C:\Program Files (x86)\Arena\Tournaments\Engine Regression Battle 20250926.pgn

No:  B/W 1/2     W:B       1:2           Time        Value Moves Dep 1:2       1-2-Draws
   3 = =    0.5:0.5        2.5:0.5       9:11:49 PM     0.00    79 2.837 :2.900  2-0-1

--------------------------------------------------------------

Engine-Match Friday, September 26, 2025 9:11:56 PM
 Blitz 2/1 

Pairing 11/15 :    V7P3R_v12.0  -  V7P3R_v12.2

PGN-File: C:\Program Files (x86)\Arena\Tournaments\Engine Regression Battle 20250926.pgn

No:  B/W 1/2     W:B       1:2           Time        Value Moves Dep 1:2       1-2-Draws
   3 W 1    1.0:0.0        3.0:0.0       9:17:00 PM     0.00    53 3.029 :3.667  3-0-0

--------------------------------------------------------------

Engine-Match Friday, September 26, 2025 9:17:02 PM
 Blitz 2/1 

Pairing 12/15 :    V7P3R_v12.3  -  Random_Opponent

PGN-File: C:\Program Files (x86)\Arena\Tournaments\Engine Regression Battle 20250926.pgn

No:  B/W 1/2     W:B       1:2           Time        Value Moves Dep 1:2       1-2-Draws
   3 W 1    1.0:0.0        2.0:1.0       9:17:17 PM  +289.98     6 3.833 :0 2-1-0

--------------------------------------------------------------

Engine-Match Friday, September 26, 2025 9:17:18 PM
 Blitz 2/1 

Pairing 13/15 :    V7P3R_v10.8  -  V7P3R_v12.0

PGN-File: C:\Program Files (x86)\Arena\Tournaments\Engine Regression Battle 20250926.pgn

No:  B/W 1/2     W:B       1:2           Time        Value Moves Dep 1:2       1-2-Draws
   3 = =    1.5:1.5        1.5:1.5       9:21:23 PM     0.00    42 3.135 :3.419  0-0-3

--------------------------------------------------------------

Engine-Match Friday, September 26, 2025 9:21:24 PM
 Blitz 2/1 

Pairing 14/15 :    Random_Opponent  -  V7P3R_v12.1

PGN-File: C:\Program Files (x86)\Arena\Tournaments\Engine Regression Battle 20250926.pgn

No:  B/W 1/2     W:B       1:2           Time        Value Moves Dep 1:2       1-2-Draws
   3 B 2    1.0:0.0        0.0:3.0       9:22:58 PM  -289.96    21 0:2.952  0-3-0

--------------------------------------------------------------

Engine-Match Friday, September 26, 2025 9:22:59 PM
 Blitz 2/1 

Pairing 15/15 :    V7P3R_v12.2  -  V7P3R_v12.3

PGN-File: C:\Program Files (x86)\Arena\Tournaments\Engine Regression Battle 20250926.pgn

No:  B/W 1/2     W:B       1:2           Time        Value Moves Dep 1:2       1-2-Draws
   3 W 1    1.5:0.5        2.5:0.5       9:27:04 PM  +289.97    33 3.850 :4.333  2-0-1

--------------------------------------------------------------

Engine-Match Friday, September 26, 2025 9:27:05 PM
 Blitz 2/1 

Pairing 1/15 :    V7P3R_v10.8  -  Random_Opponent

PGN-File: C:\Program Files (x86)\Arena\Tournaments\Engine Regression Battle 20250926.pgn

No:  B/W 1/2     W:B       1:2           Time        Value Moves Dep 1:2       1-2-Draws
   4 B 1    1.0:0.0        4.0:0.0       9:27:59 PM  -289.97    11 3.273 :0 4-0-0

--------------------------------------------------------------

Engine-Match Friday, September 26, 2025 9:28:00 PM
 Blitz 2/1 

Pairing 2/15 :    V7P3R_v12.3  -  V7P3R_v12.0

PGN-File: C:\Program Files (x86)\Arena\Tournaments\Engine Regression Battle 20250926.pgn

No:  B/W 1/2     W:B       1:2           Time        Value Moves Dep 1:2       1-2-Draws
   4 * *     0.0:0.0        0.0:3.0       9:29:06 PM    -9.05     6 3.714 :3.667  0-3-0
