Engine-Match Saturday, September 20, 2025 12:27:24 AM
 Blitz 5/5 

Pairing 1/5 :    V7P3R_v11  -  V7P3R_v10.8

PGN-File: C:\Program Files (x86)\Arena\Tournaments\Engine Battle 20250919.pgn

No:  B/W 1/2     W:B       1:2           Time        Value Moves Dep 1:2       1-2-Draws
   1 = =    0.5:0.5        0.5:0.5       12:29:52 AM     0.00    21 4.429 :4.417  0-0-1

--------------------------------------------------------------

Engine-Match Saturday, September 20, 2025 12:29:53 AM
 Blitz 5/5 

Pairing 2/5 :    V7P3R_v11  -  V7P3R_v10.9

PGN-File: C:\Program Files (x86)\Arena\Tournaments\Engine Battle 20250919.pgn

No:  B/W 1/2     W:B       1:2           Time        Value Moves Dep 1:2       1-2-Draws
   1 W 1    1.0:0.0        1.0:0.0       12:35:16 AM     0.00     1 6.000 :0 1-0-0

--------------------------------------------------------------

Engine-Match Saturday, September 20, 2025 12:35:17 AM
 Blitz 5/5 

Pairing 3/5 :    V7P3R_v11  -  Random_Opponent

PGN-File: C:\Program Files (x86)\Arena\Tournaments\Engine Battle 20250919.pgn

No:  B/W 1/2     W:B       1:2           Time        Value Moves Dep 1:2       1-2-Draws
   1 W 1    1.0:0.0        1.0:0.0       12:36:11 AM     0.00    47 4.955 :0 1-0-0

--------------------------------------------------------------

Engine-Match Saturday, September 20, 2025 12:36:12 AM
 Blitz 5/5 

Pairing 4/5 :    V7P3R_v11  -  SlowMate_v3.1

PGN-File: C:\Program Files (x86)\Arena\Tournaments\Engine Battle 20250919.pgn

No:  B/W 1/2     W:B       1:2           Time        Value Moves Dep 1:2       1-2-Draws
   1 B 2    1.0:0.0        0.0:1.0       12:42:48 AM  -289.97    39 4.000 :3.667  0-1-0

--------------------------------------------------------------

Engine-Match Saturday, September 20, 2025 12:42:50 AM
 Blitz 5/5 

Pairing 5/5 :    V7P3R_v11  -  C0BR4_v2.9

PGN-File: C:\Program Files (x86)\Arena\Tournaments\Engine Battle 20250919.pgn

No:  B/W 1/2     W:B       1:2           Time        Value Moves Dep 1:2       1-2-Draws
   1 B 2    1.0:0.0        0.0:1.0       12:43:10 AM  -299.97     9 3.750 :4.000  0-1-0

--------------------------------------------------------------

Engine-Match Saturday, September 20, 2025 12:43:12 AM
 Blitz 5/5 

Pairing 1/5 :    V7P3R_v11  -  V7P3R_v10.8

PGN-File: C:\Program Files (x86)\Arena\Tournaments\Engine Battle 20250919.pgn

No:  B/W 1/2     W:B       1:2           Time        Value Moves Dep 1:2       1-2-Draws
   2 W 2    1.5:0.5        0.5:1.5       12:46:26 AM     0.00    22 3.909 :4.455  0-1-1

--------------------------------------------------------------

Engine-Match Saturday, September 20, 2025 12:46:27 AM
 Blitz 5/5 

Pairing 2/5 :    V7P3R_v11  -  V7P3R_v10.9

PGN-File: C:\Program Files (x86)\Arena\Tournaments\Engine Battle 20250919.pgn

No:  B/W 1/2     W:B       1:2           Time        Value Moves Dep 1:2       1-2-Draws
   2 B 1    1.0:0.0        2.0:0.0       12:51:49 AM     0.00     1 0:0 2-0-0

--------------------------------------------------------------

Engine-Match Saturday, September 20, 2025 12:51:50 AM
 Blitz 5/5 

Pairing 3/5 :    V7P3R_v11  -  Random_Opponent

PGN-File: C:\Program Files (x86)\Arena\Tournaments\Engine Battle 20250919.pgn

No:  B/W 1/2     W:B       1:2           Time        Value Moves Dep 1:2       1-2-Draws
   2 B 1    1.0:0.0        2.0:0.0       12:52:36 AM  -289.99    25 4.043 :0 2-0-0

--------------------------------------------------------------

Engine-Match Saturday, September 20, 2025 12:52:37 AM
 Blitz 5/5 

Pairing 4/5 :    V7P3R_v11  -  SlowMate_v3.1

PGN-File: C:\Program Files (x86)\Arena\Tournaments\Engine Battle 20250919.pgn

No:  B/W 1/2     W:B       1:2           Time        Value Moves Dep 1:2       1-2-Draws
   2 = =    0.5:0.5        0.5:1.5       12:58:32 AM  +289.98    35 4.545 :4.278  0-1-1

--------------------------------------------------------------

Engine-Match Saturday, September 20, 2025 12:58:34 AM
 Blitz 5/5 

Pairing 5/5 :    V7P3R_v11  -  C0BR4_v2.9

PGN-File: C:\Program Files (x86)\Arena\Tournaments\Engine Battle 20250919.pgn

No:  B/W 1/2     W:B       1:2           Time        Value Moves Dep 1:2       1-2-Draws
   2 W 2    1.0:0.0        0.0:2.0       12:59:10 AM  +299.97    22 4.400 :4.000  0-2-0

--------------------------------------------------------------

Engine-Match Saturday, September 20, 2025 12:59:11 AM
 Blitz 5/5 

Pairing 1/5 :    V7P3R_v11  -  V7P3R_v10.8

PGN-File: C:\Program Files (x86)\Arena\Tournaments\Engine Battle 20250919.pgn

No:  B/W 1/2     W:B       1:2           Time        Value Moves Dep 1:2       1-2-Draws
   3 B 2    1.5:0.5        0.5:2.5       1:01:29 AM  -289.98    13 4.182 :4.200  0-2-1

--------------------------------------------------------------

Engine-Match Saturday, September 20, 2025 1:01:30 AM
 Blitz 5/5 

Pairing 2/5 :    V7P3R_v11  -  V7P3R_v10.9

PGN-File: C:\Program Files (x86)\Arena\Tournaments\Engine Battle 20250919.pgn

No:  B/W 1/2     W:B       1:2           Time        Value Moves Dep 1:2       1-2-Draws
   3 W 1    1.0:0.0        3.0:0.0       1:06:53 AM     0.00     1 6.000 :0 3-0-0

--------------------------------------------------------------

Engine-Match Saturday, September 20, 2025 1:06:55 AM
 Blitz 5/5 

Pairing 3/5 :    V7P3R_v11  -  Random_Opponent

PGN-File: C:\Program Files (x86)\Arena\Tournaments\Engine Battle 20250919.pgn

No:  B/W 1/2     W:B       1:2           Time        Value Moves Dep 1:2       1-2-Draws
   3 W 1    1.0:0.0        3.0:0.0       1:07:00 AM  +289.97     4 4.000 :0 3-0-0

--------------------------------------------------------------

Engine-Match Saturday, September 20, 2025 1:07:01 AM
 Blitz 5/5 

Pairing 4/5 :    V7P3R_v11  -  SlowMate_v3.1

PGN-File: C:\Program Files (x86)\Arena\Tournaments\Engine Battle 20250919.pgn

No:  B/W 1/2     W:B       1:2           Time        Value Moves Dep 1:2       1-2-Draws
   3 B 2    1.5:0.5        0.5:2.5       1:11:12 AM  -289.98    24 4.000 :3.727  0-2-1

--------------------------------------------------------------

Engine-Match Saturday, September 20, 2025 1:11:14 AM
 Blitz 5/5 

Pairing 5/5 :    V7P3R_v11  -  C0BR4_v2.9

PGN-File: C:\Program Files (x86)\Arena\Tournaments\Engine Battle 20250919.pgn

No:  B/W 1/2     W:B       1:2           Time        Value Moves Dep 1:2       1-2-Draws
   3 B 2    1.0:0.0        0.0:3.0       1:11:54 AM  -299.97    22 3.941 :3.900  0-3-0

--------------------------------------------------------------

Engine-Match Saturday, September 20, 2025 1:11:55 AM
 Blitz 5/5 

Pairing 1/5 :    V7P3R_v11  -  V7P3R_v10.8

PGN-File: C:\Program Files (x86)\Arena\Tournaments\Engine Battle 20250919.pgn

No:  B/W 1/2     W:B       1:2           Time        Value Moves Dep 1:2       1-2-Draws
   4 W 2    1.5:0.5        0.5:3.5       1:16:28 AM     0.00    30 3.500 :4.043  0-3-1

--------------------------------------------------------------

Engine-Match Saturday, September 20, 2025 1:16:29 AM
 Blitz 5/5 

Pairing 2/5 :    V7P3R_v11  -  V7P3R_v10.9

PGN-File: C:\Program Files (x86)\Arena\Tournaments\Engine Battle 20250919.pgn

No:  B/W 1/2     W:B       1:2           Time        Value Moves Dep 1:2       1-2-Draws
   4 B 1    1.0:0.0        4.0:0.0       1:21:51 AM     0.00     1 0:0 4-0-0

--------------------------------------------------------------

Engine-Match Saturday, September 20, 2025 1:21:52 AM
 Blitz 5/5 

Pairing 3/5 :    V7P3R_v11  -  Random_Opponent

PGN-File: C:\Program Files (x86)\Arena\Tournaments\Engine Battle 20250919.pgn

No:  B/W 1/2     W:B       1:2           Time        Value Moves Dep 1:2       1-2-Draws
   4 B 1    1.0:0.0        4.0:0.0       1:22:14 AM  -289.96    12 4.167 :0 4-0-0

--------------------------------------------------------------

Engine-Match Saturday, September 20, 2025 1:22:15 AM
 Blitz 5/5 

Pairing 4/5 :    V7P3R_v11  -  SlowMate_v3.1

PGN-File: C:\Program Files (x86)\Arena\Tournaments\Engine Battle 20250919.pgn

No:  B/W 1/2     W:B       1:2           Time        Value Moves Dep 1:2       1-2-Draws
   4 = =    1.0:1.0        1.0:3.0       1:29:20 AM   +27.66    43 3.833 :3.688  0-2-2

--------------------------------------------------------------

Engine-Match Saturday, September 20, 2025 1:29:21 AM
 Blitz 5/5 

Pairing 5/5 :    V7P3R_v11  -  C0BR4_v2.9

PGN-File: C:\Program Files (x86)\Arena\Tournaments\Engine Battle 20250919.pgn

No:  B/W 1/2     W:B       1:2           Time        Value Moves Dep 1:2       1-2-Draws
   4 W 2    1.0:0.0        0.0:4.0       1:30:10 AM  +299.97    21 3.222 :4.000  0-4-0

--------------------------------------------------------------

Engine-Match Saturday, September 20, 2025 1:30:17 AM
 Blitz 5/5 

Pairing 1/5 :    V7P3R_v11  -  V7P3R_v10.8

PGN-File: C:\Program Files (x86)\Arena\Tournaments\Engine Battle 20250919.pgn

No:  B/W 1/2     W:B       1:2           Time        Value Moves Dep 1:2       1-2-Draws
   5 = =    1.0:1.0        1.0:4.0       1:34:24 AM     0.00    33 4.063 :4.333  0-3-2

--------------------------------------------------------------

Engine-Match Saturday, September 20, 2025 1:34:25 AM
 Blitz 5/5 

Pairing 2/5 :    V7P3R_v11  -  V7P3R_v10.9

PGN-File: C:\Program Files (x86)\Arena\Tournaments\Engine Battle 20250919.pgn

No:  B/W 1/2     W:B       1:2           Time        Value Moves Dep 1:2       1-2-Draws
   5 W 1    1.0:0.0        5.0:0.0       1:39:48 AM     0.00     1 6.000 :0 5-0-0

--------------------------------------------------------------

Engine-Match Saturday, September 20, 2025 1:39:49 AM
 Blitz 5/5 

Pairing 3/5 :    V7P3R_v11  -  Random_Opponent

PGN-File: C:\Program Files (x86)\Arena\Tournaments\Engine Battle 20250919.pgn

No:  B/W 1/2     W:B       1:2           Time        Value Moves Dep 1:2       1-2-Draws
   5 W 1    1.0:0.0        5.0:0.0       1:40:32 AM  +289.97    19 3.526 :0 5-0-0

--------------------------------------------------------------

Engine-Match Saturday, September 20, 2025 1:40:33 AM
 Blitz 5/5 

Pairing 4/5 :    V7P3R_v11  -  SlowMate_v3.1

PGN-File: C:\Program Files (x86)\Arena\Tournaments\Engine Battle 20250919.pgn

No:  B/W 1/2     W:B       1:2           Time        Value Moves Dep 1:2       1-2-Draws
   5 B 2    2.0:1.0        1.0:4.0       1:45:40 AM  -186.40    28 4.409 :3.679  0-3-2

--------------------------------------------------------------

Engine-Match Saturday, September 20, 2025 1:45:41 AM
 Blitz 5/5 

Pairing 5/5 :    V7P3R_v11  -  C0BR4_v2.9

PGN-File: C:\Program Files (x86)\Arena\Tournaments\Engine Battle 20250919.pgn

No:  B/W 1/2     W:B       1:2           Time        Value Moves Dep 1:2       1-2-Draws
   5 B 2    1.0:0.0        0.0:5.0       1:46:14 AM  -299.97    13 3.667 :4.000  0-5-0

--------------------------------------------------------------

Engine-Match Saturday, September 20, 2025 1:46:15 AM
 Blitz 5/5 

Pairing 1/5 :    V7P3R_v11  -  V7P3R_v10.8

PGN-File: C:\Program Files (x86)\Arena\Tournaments\Engine Battle 20250919.pgn

No:  B/W 1/2     W:B       1:2           Time        Value Moves Dep 1:2       1-2-Draws
   6 W 2    2.0:1.0        1.0:5.0       1:49:52 AM     0.00    25 3.563 :4.313  0-4-2

--------------------------------------------------------------

Engine-Match Saturday, September 20, 2025 1:49:54 AM
 Blitz 5/5 

Pairing 2/5 :    V7P3R_v11  -  V7P3R_v10.9

PGN-File: C:\Program Files (x86)\Arena\Tournaments\Engine Battle 20250919.pgn

No:  B/W 1/2     W:B       1:2           Time        Value Moves Dep 1:2       1-2-Draws
   6 B 1    1.0:0.0        6.0:0.0       1:55:16 AM     0.00     1 0:0 6-0-0

--------------------------------------------------------------

Engine-Match Saturday, September 20, 2025 1:55:17 AM
 Blitz 5/5 

Pairing 3/5 :    V7P3R_v11  -  Random_Opponent

PGN-File: C:\Program Files (x86)\Arena\Tournaments\Engine Battle 20250919.pgn

No:  B/W 1/2     W:B       1:2           Time        Value Moves Dep 1:2       1-2-Draws
   6 B 1    1.0:0.0        6.0:0.0       1:55:42 AM  -289.98    15 3.067 :0 6-0-0

--------------------------------------------------------------

Engine-Match Saturday, September 20, 2025 1:55:43 AM
 Blitz 5/5 

Pairing 4/5 :    V7P3R_v11  -  SlowMate_v3.1

PGN-File: C:\Program Files (x86)\Arena\Tournaments\Engine Battle 20250919.pgn

No:  B/W 1/2     W:B       1:2           Time        Value Moves Dep 1:2       1-2-Draws
   6 = =    1.5:1.5        1.5:4.5       2:01:46 AM   +20.90    35 3.235 :4.000  0-3-3

--------------------------------------------------------------

Engine-Match Saturday, September 20, 2025 2:01:47 AM
 Blitz 5/5 

Pairing 5/5 :    V7P3R_v11  -  C0BR4_v2.9

PGN-File: C:\Program Files (x86)\Arena\Tournaments\Engine Battle 20250919.pgn

No:  B/W 1/2     W:B       1:2           Time        Value Moves Dep 1:2       1-2-Draws
   6 W 2    1.0:0.0        0.0:6.0       2:02:22 AM  +299.97    15 3.615 :4.000  0-6-0

--------------------------------------------------------------

Engine-Match Saturday, September 20, 2025 2:02:23 AM
 Blitz 5/5 

Pairing 1/5 :    V7P3R_v11  -  V7P3R_v10.8

PGN-File: C:\Program Files (x86)\Arena\Tournaments\Engine Battle 20250919.pgn

No:  B/W 1/2     W:B       1:2           Time        Value Moves Dep 1:2       1-2-Draws
   7 B 2    2.0:1.0        1.0:6.0       2:05:01 AM  -289.98    18 4.385 :4.333  0-5-2

--------------------------------------------------------------

Engine-Match Saturday, September 20, 2025 2:05:02 AM
 Blitz 5/5 

Pairing 2/5 :    V7P3R_v11  -  V7P3R_v10.9

PGN-File: C:\Program Files (x86)\Arena\Tournaments\Engine Battle 20250919.pgn

No:  B/W 1/2     W:B       1:2           Time        Value Moves Dep 1:2       1-2-Draws
   7 W 1    1.0:0.0        7.0:0.0       2:10:24 AM     0.00     1 6.000 :0 7-0-0

--------------------------------------------------------------

Engine-Match Saturday, September 20, 2025 2:10:26 AM
 Blitz 5/5 

Pairing 3/5 :    V7P3R_v11  -  Random_Opponent

PGN-File: C:\Program Files (x86)\Arena\Tournaments\Engine Battle 20250919.pgn

No:  B/W 1/2     W:B       1:2           Time        Value Moves Dep 1:2       1-2-Draws
   7 W 1    1.0:0.0        7.0:0.0       2:10:46 AM  +289.96    11 3.545 :0 7-0-0

--------------------------------------------------------------

Engine-Match Saturday, September 20, 2025 2:10:47 AM
 Blitz 5/5 

Pairing 4/5 :    V7P3R_v11  -  SlowMate_v3.1

PGN-File: C:\Program Files (x86)\Arena\Tournaments\Engine Battle 20250919.pgn

No:  B/W 1/2     W:B       1:2           Time        Value Moves Dep 1:2       1-2-Draws
   7 = =    2.0:2.0        2.0:5.0       2:14:35 AM  -200.00    21 4.154 :3.857  0-3-4

--------------------------------------------------------------

Engine-Match Saturday, September 20, 2025 2:14:37 AM
 Blitz 5/5 

Pairing 5/5 :    V7P3R_v11  -  C0BR4_v2.9

PGN-File: C:\Program Files (x86)\Arena\Tournaments\Engine Battle 20250919.pgn

No:  B/W 1/2     W:B       1:2           Time        Value Moves Dep 1:2       1-2-Draws
   7 B 2    1.0:0.0        0.0:7.0       2:15:03 AM  -299.97    15 3.857 :3.857  0-7-0

--------------------------------------------------------------

Engine-Match Saturday, September 20, 2025 2:15:04 AM
 Blitz 5/5 

Pairing 1/5 :    V7P3R_v11  -  V7P3R_v10.8

PGN-File: C:\Program Files (x86)\Arena\Tournaments\Engine Battle 20250919.pgn

No:  B/W 1/2     W:B       1:2           Time        Value Moves Dep 1:2       1-2-Draws
   8 W 2    2.0:1.0        1.0:7.0       2:18:22 AM     0.00    22 3.909 :4.455  0-6-2

--------------------------------------------------------------

Engine-Match Saturday, September 20, 2025 2:18:23 AM
 Blitz 5/5 

Pairing 2/5 :    V7P3R_v11  -  V7P3R_v10.9

PGN-File: C:\Program Files (x86)\Arena\Tournaments\Engine Battle 20250919.pgn

No:  B/W 1/2     W:B       1:2           Time        Value Moves Dep 1:2       1-2-Draws
   8 = =    0.5:0.5        7.5:0.5       2:20:48 AM     0.00     0 0:0 7-0-1

--------------------------------------------------------------

Engine-Match Saturday, September 20, 2025 2:20:49 AM
 Blitz 5/5 

Pairing 3/5 :    V7P3R_v11  -  Random_Opponent

PGN-File: C:\Program Files (x86)\Arena\Tournaments\Engine Battle 20250919.pgn

No:  B/W 1/2     W:B       1:2           Time        Value Moves Dep 1:2       1-2-Draws
   8 B 1    1.0:0.0        8.0:0.0       2:21:23 AM     0.00    18 4.071 :0 8-0-0

--------------------------------------------------------------

Engine-Match Saturday, September 20, 2025 2:21:24 AM
 Blitz 5/5 

Pairing 4/5 :    V7P3R_v11  -  SlowMate_v3.1

PGN-File: C:\Program Files (x86)\Arena\Tournaments\Engine Battle 20250919.pgn

No:  B/W 1/2     W:B       1:2           Time        Value Moves Dep 1:2       1-2-Draws
   8 = =    2.5:2.5        2.5:5.5       2:28:00 AM   +28.13    39 4.182 :3.813  0-3-5

--------------------------------------------------------------

Engine-Match Saturday, September 20, 2025 2:28:01 AM
 Blitz 5/5 

Pairing 5/5 :    V7P3R_v11  -  C0BR4_v2.9

PGN-File: C:\Program Files (x86)\Arena\Tournaments\Engine Battle 20250919.pgn

No:  B/W 1/2     W:B       1:2           Time        Value Moves Dep 1:2       1-2-Draws
   8 = =    0.5:0.5        0.5:7.5       2:29:27 AM   +18.46    43 3.786 :4.000  0-7-1

--------------------------------------------------------------

Engine-Match Saturday, September 20, 2025 2:29:34 AM
 Blitz 5/5 

Pairing 1/5 :    V7P3R_v11  -  V7P3R_v10.8

PGN-File: C:\Program Files (x86)\Arena\Tournaments\Engine Battle 20250919.pgn

No:  B/W 1/2     W:B       1:2           Time        Value Moves Dep 1:2       1-2-Draws
   9 B 2    2.0:1.0        1.0:8.0       2:32:33 AM  -289.97    20 3.111 :3.533  0-7-2

--------------------------------------------------------------

Engine-Match Saturday, September 20, 2025 2:32:34 AM
 Blitz 5/5 

Pairing 2/5 :    V7P3R_v11  -  V7P3R_v10.9

PGN-File: C:\Program Files (x86)\Arena\Tournaments\Engine Battle 20250919.pgn

No:  B/W 1/2     W:B       1:2           Time        Value Moves Dep 1:2       1-2-Draws
   9 W 1    1.5:0.5        8.5:0.5       2:37:57 AM     0.00     1 6.000 :0 8-0-1

--------------------------------------------------------------

Engine-Match Saturday, September 20, 2025 2:37:59 AM
 Blitz 5/5 

Pairing 3/5 :    V7P3R_v11  -  Random_Opponent

PGN-File: C:\Program Files (x86)\Arena\Tournaments\Engine Battle 20250919.pgn

No:  B/W 1/2     W:B       1:2           Time        Value Moves Dep 1:2       1-2-Draws
   9 W 1    1.0:0.0        9.0:0.0       2:38:26 AM     0.00    14 3.750 :0 9-0-0

--------------------------------------------------------------

Engine-Match Saturday, September 20, 2025 2:38:27 AM
 Blitz 5/5 

Pairing 4/5 :    V7P3R_v11  -  SlowMate_v3.1

PGN-File: C:\Program Files (x86)\Arena\Tournaments\Engine Battle 20250919.pgn

No:  B/W 1/2     W:B       1:2           Time        Value Moves Dep 1:2       1-2-Draws
   9 B 2    3.5:2.5        2.5:6.5       2:43:05 AM  -102.27    25 3.688 :3.895  0-4-5

--------------------------------------------------------------

Engine-Match Saturday, September 20, 2025 2:43:07 AM
 Blitz 5/5 

Pairing 5/5 :    V7P3R_v11  -  C0BR4_v2.9

PGN-File: C:\Program Files (x86)\Arena\Tournaments\Engine Battle 20250919.pgn

No:  B/W 1/2     W:B       1:2           Time        Value Moves Dep 1:2       1-2-Draws
   9 B 2    1.5:0.5        0.5:8.5       2:43:34 AM  -299.97    17 4.083 :4.000  0-8-1

--------------------------------------------------------------

Engine-Match Saturday, September 20, 2025 2:43:35 AM
 Blitz 5/5 

Pairing 1/5 :    V7P3R_v11  -  V7P3R_v10.8

PGN-File: C:\Program Files (x86)\Arena\Tournaments\Engine Battle 20250919.pgn

No:  B/W 1/2     W:B       1:2           Time        Value Moves Dep 1:2       1-2-Draws
  10 W 2    2.0:1.0        1.0:9.0       2:47:30 AM  +289.97    24 3.100 :4.000  0-8-2

--------------------------------------------------------------

Engine-Match Saturday, September 20, 2025 2:47:31 AM
 Blitz 5/5 

Pairing 2/5 :    V7P3R_v11  -  V7P3R_v10.9

PGN-File: C:\Program Files (x86)\Arena\Tournaments\Engine Battle 20250919.pgn

No:  B/W 1/2     W:B       1:2           Time        Value Moves Dep 1:2       1-2-Draws
  10 B 1    1.5:0.5        9.5:0.5       2:52:53 AM     0.00     1 0:0 9-0-1

--------------------------------------------------------------

Engine-Match Saturday, September 20, 2025 2:52:54 AM
 Blitz 5/5 

Pairing 3/5 :    V7P3R_v11  -  Random_Opponent

PGN-File: C:\Program Files (x86)\Arena\Tournaments\Engine Battle 20250919.pgn

No:  B/W 1/2     W:B       1:2           Time        Value Moves Dep 1:2       1-2-Draws
  10 B 1    1.0:0.0        10.0:0.0      2:53:15 AM  -289.96    15 3.143 :0 10-0-0

--------------------------------------------------------------

Engine-Match Saturday, September 20, 2025 2:53:17 AM
 Blitz 5/5 

Pairing 4/5 :    V7P3R_v11  -  SlowMate_v3.1

PGN-File: C:\Program Files (x86)\Arena\Tournaments\Engine Battle 20250919.pgn

No:  B/W 1/2     W:B       1:2           Time        Value Moves Dep 1:2       1-2-Draws
  10 W 2    3.5:2.5        2.5:7.5       2:59:54 AM  +119.61    39 4.538 :4.190  0-5-5

--------------------------------------------------------------

Engine-Match Saturday, September 20, 2025 2:59:55 AM
 Blitz 5/5 

Pairing 5/5 :    V7P3R_v11  -  C0BR4_v2.9

PGN-File: C:\Program Files (x86)\Arena\Tournaments\Engine Battle 20250919.pgn

No:  B/W 1/2     W:B       1:2           Time        Value Moves Dep 1:2       1-2-Draws
  10 = =    1.0:1.0        1.0:9.0       3:00:47 AM    +0.22    24 3.714 :4.000  0-8-2
