Engine-Match Saturday, September 13, 2025 7:35:12 PM
 Blitz 2/1 

Pairing 1/15 :    V7P3R_v10.0  -  Stockfish 1%

PGN-File: C:\Program Files (x86)\Arena\Tournaments\Engine Regression Battle 20250913.pgn

No:  B/W 1/2     W:B       1:2           Time        Value Moves Dep 1:2       1-2-Draws
   1 B 2    1.0:0.0        0.0:1.0       7:37:24 PM   -12.40    43 4.211 :10.200  0-1-0

--------------------------------------------------------------

Engine-Match Saturday, September 13, 2025 7:37:25 PM
 Blitz 2/1 

Pairing 2/15 :    V7P3R_v10.7  -  V7P3R_v10.6

PGN-File: C:\Program Files (x86)\Arena\Tournaments\Engine Regression Battle 20250913.pgn

No:  B/W 1/2     W:B       1:2           Time        Value Moves Dep 1:2       1-2-Draws
   1 B 2    1.0:0.0        0.0:1.0       7:40:45 PM   -10.16    34 2.696 :3.091  0-1-0

--------------------------------------------------------------

Engine-Match Saturday, September 13, 2025 7:40:46 PM
 Blitz 2/1 

Pairing 3/15 :    V7P3R_v10.5  -  V7P3R_v10.3

PGN-File: C:\Program Files (x86)\Arena\Tournaments\Engine Regression Battle 20250913.pgn

No:  B/W 1/2     W:B       1:2           Time        Value Moves Dep 1:2       1-2-Draws
   1 W 1    1.0:0.0        1.0:0.0       7:44:18 PM   +14.35    28 3.696 :2.429  1-0-0

--------------------------------------------------------------

Engine-Match Saturday, September 13, 2025 7:44:19 PM
 Blitz 2/1 

Pairing 4/15 :    V7P3R_v10.7  -  V7P3R_v10.0

PGN-File: C:\Program Files (x86)\Arena\Tournaments\Engine Regression Battle 20250913.pgn

No:  B/W 1/2     W:B       1:2           Time        Value Moves Dep 1:2       1-2-Draws
   1 B 2    1.0:0.0        0.0:1.0       7:47:00 PM   -17.15    21 3.000 :4.650  0-1-0

--------------------------------------------------------------

Engine-Match Saturday, September 13, 2025 7:47:02 PM
 Blitz 2/1 

Pairing 5/15 :    V7P3R_v10.3  -  Stockfish 1%

PGN-File: C:\Program Files (x86)\Arena\Tournaments\Engine Regression Battle 20250913.pgn

No:  B/W 1/2     W:B       1:2           Time        Value Moves Dep 1:2       1-2-Draws
   1 B 2    1.0:0.0        0.0:1.0       7:49:19 PM      -M1    42 2.488 :10.800  0-1-0

--------------------------------------------------------------

Engine-Match Saturday, September 13, 2025 7:49:20 PM
 Blitz 2/1 

Pairing 6/15 :    V7P3R_v10.6  -  V7P3R_v10.5

PGN-File: C:\Program Files (x86)\Arena\Tournaments\Engine Regression Battle 20250913.pgn

No:  B/W 1/2     W:B       1:2           Time        Value Moves Dep 1:2       1-2-Draws
   1 W 1    1.0:0.0        1.0:0.0       7:51:18 PM   +17.80    14 3.500 :4.400  1-0-0

--------------------------------------------------------------

Engine-Match Saturday, September 13, 2025 7:51:19 PM
 Blitz 2/1 

Pairing 7/15 :    V7P3R_v10.0  -  V7P3R_v10.3

PGN-File: C:\Program Files (x86)\Arena\Tournaments\Engine Regression Battle 20250913.pgn

No:  B/W 1/2     W:B       1:2           Time        Value Moves Dep 1:2       1-2-Draws
   1 B 2    1.0:0.0        0.0:1.0       7:56:18 PM   -15.30    64 4.323 :2.581  0-1-0

--------------------------------------------------------------

Engine-Match Saturday, September 13, 2025 7:56:19 PM
 Blitz 2/1 

Pairing 8/15 :    V7P3R_v10.5  -  V7P3R_v10.7

PGN-File: C:\Program Files (x86)\Arena\Tournaments\Engine Regression Battle 20250913.pgn

No:  B/W 1/2     W:B       1:2           Time        Value Moves Dep 1:2       1-2-Draws
   1 B 2    1.0:0.0        0.0:1.0       8:00:16 PM  -289.96    48 3.917 :2.448  0-1-0

--------------------------------------------------------------

Engine-Match Saturday, September 13, 2025 8:00:17 PM
 Blitz 2/1 

Pairing 9/15 :    Stockfish 1%  -  V7P3R_v10.6

PGN-File: C:\Program Files (x86)\Arena\Tournaments\Engine Regression Battle 20250913.pgn

No:  B/W 1/2     W:B       1:2           Time        Value Moves Dep 1:2       1-2-Draws
   1 W 1    1.0:0.0        1.0:0.0       8:02:18 PM      +M1    31 11.750 :3.040  1-0-0

--------------------------------------------------------------

Engine-Match Saturday, September 13, 2025 8:02:19 PM
 Blitz 2/1 

Pairing 10/15 :    V7P3R_v10.5  -  V7P3R_v10.0

PGN-File: C:\Program Files (x86)\Arena\Tournaments\Engine Regression Battle 20250913.pgn

No:  B/W 1/2     W:B       1:2           Time        Value Moves Dep 1:2       1-2-Draws
   1 = =    0.5:0.5        0.5:0.5       8:05:36 PM     0.00    46 4.143 :4.727  0-0-1

--------------------------------------------------------------

Engine-Match Saturday, September 13, 2025 8:05:38 PM
 Blitz 2/1 

Pairing 11/15 :    V7P3R_v10.6  -  V7P3R_v10.3

PGN-File: C:\Program Files (x86)\Arena\Tournaments\Engine Regression Battle 20250913.pgn

No:  B/W 1/2     W:B       1:2           Time        Value Moves Dep 1:2       1-2-Draws
   1 W 1    1.0:0.0        1.0:0.0       8:09:29 PM    +9.87    45 3.357 :2.781  1-0-0

--------------------------------------------------------------

Engine-Match Saturday, September 13, 2025 8:09:31 PM
 Blitz 2/1 

Pairing 12/15 :    V7P3R_v10.7  -  Stockfish 1%

PGN-File: C:\Program Files (x86)\Arena\Tournaments\Engine Regression Battle 20250913.pgn

No:  B/W 1/2     W:B       1:2           Time        Value Moves Dep 1:2       1-2-Draws
   1 B 2    1.0:0.0        0.0:1.0       8:11:15 PM   -12.27    26 2.615 :12.000  0-1-0

--------------------------------------------------------------

Engine-Match Saturday, September 13, 2025 8:11:16 PM
 Blitz 2/1 

Pairing 13/15 :    V7P3R_v10.0  -  V7P3R_v10.6

PGN-File: C:\Program Files (x86)\Arena\Tournaments\Engine Regression Battle 20250913.pgn

No:  B/W 1/2     W:B       1:2           Time        Value Moves Dep 1:2       1-2-Draws
   1 B 2    1.0:0.0        0.0:1.0       8:15:27 PM   -18.10    60 4.478 :3.200  0-1-0

--------------------------------------------------------------

Engine-Match Saturday, September 13, 2025 8:15:29 PM
 Blitz 2/1 

Pairing 14/15 :    Stockfish 1%  -  V7P3R_v10.5

PGN-File: C:\Program Files (x86)\Arena\Tournaments\Engine Regression Battle 20250913.pgn

No:  B/W 1/2     W:B       1:2           Time        Value Moves Dep 1:2       1-2-Draws
   1 W 1    1.0:0.0        1.0:0.0       8:17:17 PM      +M1    33 11.000 :3.679  1-0-0

--------------------------------------------------------------

Engine-Match Saturday, September 13, 2025 8:17:18 PM
 Blitz 2/1 

Pairing 15/15 :    V7P3R_v10.3  -  V7P3R_v10.7

PGN-File: C:\Program Files (x86)\Arena\Tournaments\Engine Regression Battle 20250913.pgn

No:  B/W 1/2     W:B       1:2           Time        Value Moves Dep 1:2       1-2-Draws
   1 B 2    1.0:0.0        0.0:1.0       8:21:05 PM    -9.68    35 2.913 :2.955  0-1-0

--------------------------------------------------------------

Engine-Match Saturday, September 13, 2025 8:21:07 PM
 Blitz 2/1 

Pairing 1/15 :    V7P3R_v10.0  -  Stockfish 1%

PGN-File: C:\Program Files (x86)\Arena\Tournaments\Engine Regression Battle 20250913.pgn

No:  B/W 1/2     W:B       1:2           Time        Value Moves Dep 1:2       1-2-Draws
   2 W 2    1.0:0.0        0.0:2.0       8:24:06 PM      +M1    68 4.607 :9.800  0-2-0

--------------------------------------------------------------

Engine-Match Saturday, September 13, 2025 8:24:07 PM
 Blitz 2/1 

Pairing 2/15 :    V7P3R_v10.7  -  V7P3R_v10.6

PGN-File: C:\Program Files (x86)\Arena\Tournaments\Engine Regression Battle 20250913.pgn

No:  B/W 1/2     W:B       1:2           Time        Value Moves Dep 1:2       1-2-Draws
   2 W 2    1.0:0.0        0.0:2.0       8:27:03 PM   +17.70    24 2.625 :3.182  0-2-0

--------------------------------------------------------------

Engine-Match Saturday, September 13, 2025 8:27:04 PM
 Blitz 2/1 

Pairing 3/15 :    V7P3R_v10.5  -  V7P3R_v10.3

PGN-File: C:\Program Files (x86)\Arena\Tournaments\Engine Regression Battle 20250913.pgn

No:  B/W 1/2     W:B       1:2           Time        Value Moves Dep 1:2       1-2-Draws
   2 = =    0.5:0.5        1.5:0.5       8:31:13 PM    -3.38    41 3.906 :2.512  1-0-1

--------------------------------------------------------------

Engine-Match Saturday, September 13, 2025 8:31:15 PM
 Blitz 2/1 

Pairing 4/15 :    V7P3R_v10.7  -  V7P3R_v10.0

PGN-File: C:\Program Files (x86)\Arena\Tournaments\Engine Regression Battle 20250913.pgn

No:  B/W 1/2     W:B       1:2           Time        Value Moves Dep 1:2       1-2-Draws
   2 W 2    1.0:0.0        0.0:2.0       8:35:08 PM   +26.78    33 2.606 :4.303  0-2-0

--------------------------------------------------------------

Engine-Match Saturday, September 13, 2025 8:35:09 PM
 Blitz 2/1 

Pairing 5/15 :    V7P3R_v10.3  -  Stockfish 1%

PGN-File: C:\Program Files (x86)\Arena\Tournaments\Engine Regression Battle 20250913.pgn

No:  B/W 1/2     W:B       1:2           Time        Value Moves Dep 1:2       1-2-Draws
   2 W 2    1.0:0.0        0.0:2.0       8:36:11 PM      +M1    15 2.857 :11.000  0-2-0

--------------------------------------------------------------

Engine-Match Saturday, September 13, 2025 8:36:18 PM
 Blitz 2/1 

Pairing 6/15 :    V7P3R_v10.6  -  V7P3R_v10.5

PGN-File: C:\Program Files (x86)\Arena\Tournaments\Engine Regression Battle 20250913.pgn

No:  B/W 1/2     W:B       1:2           Time        Value Moves Dep 1:2       1-2-Draws
   2 B 1    1.0:0.0        2.0:0.0       8:38:41 PM  -289.97    22 3.357 :4.154  2-0-0

--------------------------------------------------------------

Engine-Match Saturday, September 13, 2025 8:38:43 PM
 Blitz 2/1 

Pairing 7/15 :    V7P3R_v10.0  -  V7P3R_v10.3

PGN-File: C:\Program Files (x86)\Arena\Tournaments\Engine Regression Battle 20250913.pgn

No:  B/W 1/2     W:B       1:2           Time        Value Moves Dep 1:2       1-2-Draws
   2 * *     0.0:0.0        0.0:1.0       8:40:28 PM    +0.12    10 4.778 :3.000  0-1-0

--------------------------------------------------------------

Engine-Match Saturday, September 13, 2025 8:40:42 PM
 Blitz 2/1 

Pairing 7/15 :    V7P3R_v10.0  -  V7P3R_v10.3

PGN-File: C:\Program Files (x86)\Arena\Tournaments\Engine Regression Battle 20250913.pgn

No:  B/W 1/2     W:B       1:2           Time        Value Moves Dep 1:2       1-2-Draws
   2 B 1    1.0:0.0        1.0:1.0       8:43:04 PM   -15.15    15 4.571 :2.733  1-1-0

--------------------------------------------------------------

Engine-Match Saturday, September 13, 2025 8:43:05 PM
 Blitz 2/1 

Pairing 8/15 :    V7P3R_v10.5  -  V7P3R_v10.7

PGN-File: C:\Program Files (x86)\Arena\Tournaments\Engine Regression Battle 20250913.pgn

No:  B/W 1/2     W:B       1:2           Time        Value Moves Dep 1:2       1-2-Draws
   2 = =    0.5:0.5        0.5:1.5       8:47:12 PM     0.00    70 4.182 :2.833  0-1-1

--------------------------------------------------------------

Engine-Match Saturday, September 13, 2025 8:47:14 PM
 Blitz 2/1 

Pairing 9/15 :    Stockfish 1%  -  V7P3R_v10.6

PGN-File: C:\Program Files (x86)\Arena\Tournaments\Engine Regression Battle 20250913.pgn

No:  B/W 1/2     W:B       1:2           Time        Value Moves Dep 1:2       1-2-Draws
   2 B 1    1.0:0.0        2.0:0.0       8:49:51 PM   -10.44    74 10.833 :3.079  2-0-0

--------------------------------------------------------------

Engine-Match Saturday, September 13, 2025 8:49:52 PM
 Blitz 2/1 

Pairing 10/15 :    V7P3R_v10.5  -  V7P3R_v10.0

PGN-File: C:\Program Files (x86)\Arena\Tournaments\Engine Regression Battle 20250913.pgn

No:  B/W 1/2     W:B       1:2           Time        Value Moves Dep 1:2       1-2-Draws
   2 B 1    1.5:0.5        1.5:0.5       8:52:52 PM   -11.10    37 4.250 :4.667  1-0-1

--------------------------------------------------------------

Engine-Match Saturday, September 13, 2025 8:52:53 PM
 Blitz 2/1 

Pairing 11/15 :    V7P3R_v10.6  -  V7P3R_v10.3

PGN-File: C:\Program Files (x86)\Arena\Tournaments\Engine Regression Battle 20250913.pgn

No:  B/W 1/2     W:B       1:2           Time        Value Moves Dep 1:2       1-2-Draws
   2 = =    0.5:0.5        1.5:0.5       8:57:07 PM     0.00    21 3.100 :2.750  1-0-1

--------------------------------------------------------------

Engine-Match Saturday, September 13, 2025 8:57:08 PM
 Blitz 2/1 

Pairing 12/15 :    V7P3R_v10.7  -  Stockfish 1%

PGN-File: C:\Program Files (x86)\Arena\Tournaments\Engine Regression Battle 20250913.pgn

No:  B/W 1/2     W:B       1:2           Time        Value Moves Dep 1:2       1-2-Draws
   2 W 2    1.0:0.0        0.0:2.0       8:59:19 PM      +M1    39 2.658 :10.000  0-2-0

--------------------------------------------------------------

Engine-Match Saturday, September 13, 2025 8:59:21 PM
 Blitz 2/1 

Pairing 13/15 :    V7P3R_v10.0  -  V7P3R_v10.6

PGN-File: C:\Program Files (x86)\Arena\Tournaments\Engine Regression Battle 20250913.pgn

No:  B/W 1/2     W:B       1:2           Time        Value Moves Dep 1:2       1-2-Draws
   2 W 2    1.0:0.0        0.0:2.0       9:04:34 PM   +25.80    72 4.346 :3.250  0-2-0

--------------------------------------------------------------

Engine-Match Saturday, September 13, 2025 9:04:36 PM
 Blitz 2/1 

Pairing 14/15 :    Stockfish 1%  -  V7P3R_v10.5

PGN-File: C:\Program Files (x86)\Arena\Tournaments\Engine Regression Battle 20250913.pgn

No:  B/W 1/2     W:B       1:2           Time        Value Moves Dep 1:2       1-2-Draws
   2 W 2    1.0:0.0        1.0:1.0       9:06:27 PM     0.00    44 11.200 :4.087  1-1-0

--------------------------------------------------------------

Engine-Match Saturday, September 13, 2025 9:06:28 PM
 Blitz 2/1 

Pairing 15/15 :    V7P3R_v10.3  -  V7P3R_v10.7

PGN-File: C:\Program Files (x86)\Arena\Tournaments\Engine Regression Battle 20250913.pgn

No:  B/W 1/2     W:B       1:2           Time        Value Moves Dep 1:2       1-2-Draws
   2 W 2    1.0:0.0        0.0:2.0       9:10:36 PM   +15.66    29 2.478 :2.310  0-2-0

--------------------------------------------------------------

Engine-Match Saturday, September 13, 2025 9:10:37 PM
 Blitz 2/1 

Pairing 1/15 :    V7P3R_v10.0  -  Stockfish 1%

PGN-File: C:\Program Files (x86)\Arena\Tournaments\Engine Regression Battle 20250913.pgn

No:  B/W 1/2     W:B       1:2           Time        Value Moves Dep 1:2       1-2-Draws
   3 B 2    1.0:0.0        0.0:3.0       9:13:33 PM      -M1    69 4.321 :11.750  0-3-0

--------------------------------------------------------------

Engine-Match Saturday, September 13, 2025 9:13:35 PM
 Blitz 2/1 

Pairing 2/15 :    V7P3R_v10.7  -  V7P3R_v10.6

PGN-File: C:\Program Files (x86)\Arena\Tournaments\Engine Regression Battle 20250913.pgn

No:  B/W 1/2     W:B       1:2           Time        Value Moves Dep 1:2       1-2-Draws
   3 B 2    1.0:0.0        0.0:3.0       9:17:50 PM   -13.61    51 2.920 :3.200  0-3-0

--------------------------------------------------------------

Engine-Match Saturday, September 13, 2025 9:17:52 PM
 Blitz 2/1 

Pairing 3/15 :    V7P3R_v10.5  -  V7P3R_v10.3

PGN-File: C:\Program Files (x86)\Arena\Tournaments\Engine Regression Battle 20250913.pgn

No:  B/W 1/2     W:B       1:2           Time        Value Moves Dep 1:2       1-2-Draws
   3 = =    1.0:1.0        2.0:1.0       9:22:58 PM     0.00    71 4.235 :2.875  1-0-2

--------------------------------------------------------------

Engine-Match Saturday, September 13, 2025 9:22:59 PM
 Blitz 2/1 

Pairing 4/15 :    V7P3R_v10.7  -  V7P3R_v10.0

PGN-File: C:\Program Files (x86)\Arena\Tournaments\Engine Regression Battle 20250913.pgn

No:  B/W 1/2     W:B       1:2           Time        Value Moves Dep 1:2       1-2-Draws
   3 = =    0.5:0.5        0.5:2.5       9:27:02 PM    -3.20    46 2.714 :4.571  0-2-1

--------------------------------------------------------------

Engine-Match Saturday, September 13, 2025 9:27:03 PM
 Blitz 2/1 

Pairing 5/15 :    V7P3R_v10.3  -  Stockfish 1%

PGN-File: C:\Program Files (x86)\Arena\Tournaments\Engine Regression Battle 20250913.pgn

No:  B/W 1/2     W:B       1:2           Time        Value Moves Dep 1:2       1-2-Draws
   3 B 2    1.0:0.0        0.0:3.0       9:28:48 PM      -M1    22 2.636 :11.000  0-3-0

--------------------------------------------------------------

Engine-Match Saturday, September 13, 2025 9:28:50 PM
 Blitz 2/1 

Pairing 6/15 :    V7P3R_v10.6  -  V7P3R_v10.5

PGN-File: C:\Program Files (x86)\Arena\Tournaments\Engine Regression Battle 20250913.pgn

No:  B/W 1/2     W:B       1:2           Time        Value Moves Dep 1:2       1-2-Draws
   3 W 1    1.0:0.0        3.0:0.0       9:30:47 PM   +17.80    14 3.500 :4.400  3-0-0

--------------------------------------------------------------

Engine-Match Saturday, September 13, 2025 9:30:49 PM
 Blitz 2/1 

Pairing 7/15 :    V7P3R_v10.0  -  V7P3R_v10.3

PGN-File: C:\Program Files (x86)\Arena\Tournaments\Engine Regression Battle 20250913.pgn

No:  B/W 1/2     W:B       1:2           Time        Value Moves Dep 1:2       1-2-Draws
   3 = =    0.5:0.5        1.5:1.5       9:34:29 PM   +20.50    43 4.688 :2.867  1-1-1

--------------------------------------------------------------

Engine-Match Saturday, September 13, 2025 9:34:30 PM
 Blitz 2/1 

Pairing 8/15 :    V7P3R_v10.5  -  V7P3R_v10.7

PGN-File: C:\Program Files (x86)\Arena\Tournaments\Engine Regression Battle 20250913.pgn

No:  B/W 1/2     W:B       1:2           Time        Value Moves Dep 1:2       1-2-Draws
   3 B 2    1.5:0.5        0.5:2.5       9:38:06 PM   -29.10    39 3.821 :2.389  0-2-1

--------------------------------------------------------------

Engine-Match Saturday, September 13, 2025 9:38:08 PM
 Blitz 2/1 

Pairing 9/15 :    Stockfish 1%  -  V7P3R_v10.6

PGN-File: C:\Program Files (x86)\Arena\Tournaments\Engine Regression Battle 20250913.pgn

No:  B/W 1/2     W:B       1:2           Time        Value Moves Dep 1:2       1-2-Draws
   3 W 1    1.0:0.0        3.0:0.0       9:40:25 PM   +14.03    48 12.000 :3.089  3-0-0

--------------------------------------------------------------

Engine-Match Saturday, September 13, 2025 9:40:26 PM
 Blitz 2/1 

Pairing 10/15 :    V7P3R_v10.5  -  V7P3R_v10.0

PGN-File: C:\Program Files (x86)\Arena\Tournaments\Engine Regression Battle 20250913.pgn

No:  B/W 1/2     W:B       1:2           Time        Value Moves Dep 1:2       1-2-Draws
   3 B 2    1.5:0.5        1.5:1.5       9:43:36 PM  -289.99    45 4.143 :4.727  1-1-1

--------------------------------------------------------------

Engine-Match Saturday, September 13, 2025 9:43:37 PM
 Blitz 2/1 

Pairing 11/15 :    V7P3R_v10.6  -  V7P3R_v10.3

PGN-File: C:\Program Files (x86)\Arena\Tournaments\Engine Regression Battle 20250913.pgn

No:  B/W 1/2     W:B       1:2           Time        Value Moves Dep 1:2       1-2-Draws
   3 W 1    1.5:0.5        2.5:0.5       9:47:31 PM    +9.87    45 3.357 :2.781  2-0-1

--------------------------------------------------------------

Engine-Match Saturday, September 13, 2025 9:47:37 PM
 Blitz 2/1 

Pairing 12/15 :    V7P3R_v10.7  -  Stockfish 1%

PGN-File: C:\Program Files (x86)\Arena\Tournaments\Engine Regression Battle 20250913.pgn

No:  B/W 1/2     W:B       1:2           Time        Value Moves Dep 1:2       1-2-Draws
   3 B 2    1.0:0.0        0.0:3.0       9:49:16 PM      -M1    27 2.630 :11.500  0-3-0

--------------------------------------------------------------

Engine-Match Saturday, September 13, 2025 9:49:17 PM
 Blitz 2/1 

Pairing 13/15 :    V7P3R_v10.0  -  V7P3R_v10.6

PGN-File: C:\Program Files (x86)\Arena\Tournaments\Engine Regression Battle 20250913.pgn

No:  B/W 1/2     W:B       1:2           Time        Value Moves Dep 1:2       1-2-Draws
   3 = =    0.5:0.5        0.5:2.5       9:54:08 PM    -0.25    70 4.478 :3.200  0-2-1

--------------------------------------------------------------

Engine-Match Saturday, September 13, 2025 9:54:09 PM
 Blitz 2/1 

Pairing 14/15 :    Stockfish 1%  -  V7P3R_v10.5

PGN-File: C:\Program Files (x86)\Arena\Tournaments\Engine Regression Battle 20250913.pgn

No:  B/W 1/2     W:B       1:2           Time        Value Moves Dep 1:2       1-2-Draws
   3 W 1    1.0:0.0        2.0:1.0       9:55:45 PM      +M1    36 11.125 :4.231  2-1-0

--------------------------------------------------------------

Engine-Match Saturday, September 13, 2025 9:55:46 PM
 Blitz 2/1 

Pairing 15/15 :    V7P3R_v10.3  -  V7P3R_v10.7

PGN-File: C:\Program Files (x86)\Arena\Tournaments\Engine Regression Battle 20250913.pgn

No:  B/W 1/2     W:B       1:2           Time        Value Moves Dep 1:2       1-2-Draws
   3 B 2    1.0:0.0        0.0:3.0       9:59:45 PM   -54.52    37 2.850 :2.619  0-3-0

--------------------------------------------------------------

Engine-Match Saturday, September 13, 2025 9:59:46 PM
 Blitz 2/1 

Pairing 1/15 :    V7P3R_v10.0  -  Stockfish 1%

PGN-File: C:\Program Files (x86)\Arena\Tournaments\Engine Regression Battle 20250913.pgn

No:  B/W 1/2     W:B       1:2           Time        Value Moves Dep 1:2       1-2-Draws
   4 W 2    1.0:0.0        0.0:4.0       10:01:17 PM      +M1    22 4.429 :11.286  0-4-0

--------------------------------------------------------------

Engine-Match Saturday, September 13, 2025 10:01:18 PM
 Blitz 2/1 

Pairing 2/15 :    V7P3R_v10.7  -  V7P3R_v10.6

PGN-File: C:\Program Files (x86)\Arena\Tournaments\Engine Regression Battle 20250913.pgn

No:  B/W 1/2     W:B       1:2           Time        Value Moves Dep 1:2       1-2-Draws
   4 W 2    1.0:0.0        0.0:4.0       10:04:14 PM   +17.70    24 2.625 :3.182  0-4-0

--------------------------------------------------------------

Engine-Match Saturday, September 13, 2025 10:04:15 PM
 Blitz 2/1 

Pairing 3/15 :    V7P3R_v10.5  -  V7P3R_v10.3

PGN-File: C:\Program Files (x86)\Arena\Tournaments\Engine Regression Battle 20250913.pgn

No:  B/W 1/2     W:B       1:2           Time        Value Moves Dep 1:2       1-2-Draws
   4 = =    1.5:1.5        2.5:1.5       10:08:22 PM    -3.38    41 3.906 :2.537  1-0-3

--------------------------------------------------------------

Engine-Match Saturday, September 13, 2025 10:08:24 PM
 Blitz 2/1 

Pairing 4/15 :    V7P3R_v10.7  -  V7P3R_v10.0

PGN-File: C:\Program Files (x86)\Arena\Tournaments\Engine Regression Battle 20250913.pgn

No:  B/W 1/2     W:B       1:2           Time        Value Moves Dep 1:2       1-2-Draws
   4 W 2    1.5:0.5        0.5:3.5       10:12:35 PM  +289.98    40 2.564 :4.250  0-3-1

--------------------------------------------------------------

Engine-Match Saturday, September 13, 2025 10:12:36 PM
 Blitz 2/1 

Pairing 5/15 :    V7P3R_v10.3  -  Stockfish 1%

PGN-File: C:\Program Files (x86)\Arena\Tournaments\Engine Regression Battle 20250913.pgn

No:  B/W 1/2     W:B       1:2           Time        Value Moves Dep 1:2       1-2-Draws
   4 B 1    1.0:0.0        1.0:3.0       10:14:09 PM  -289.96    25 2.720 :10.375  1-3-0

--------------------------------------------------------------

Engine-Match Saturday, September 13, 2025 10:14:11 PM
 Blitz 2/1 

Pairing 6/15 :    V7P3R_v10.6  -  V7P3R_v10.5

PGN-File: C:\Program Files (x86)\Arena\Tournaments\Engine Regression Battle 20250913.pgn

No:  B/W 1/2     W:B       1:2           Time        Value Moves Dep 1:2       1-2-Draws
   4 = =    0.5:0.5        3.5:0.5       10:18:48 PM    -9.59    70 3.471 :4.357  3-0-1

--------------------------------------------------------------

Engine-Match Saturday, September 13, 2025 10:18:49 PM
 Blitz 2/1 

Pairing 7/15 :    V7P3R_v10.0  -  V7P3R_v10.3

PGN-File: C:\Program Files (x86)\Arena\Tournaments\Engine Regression Battle 20250913.pgn

No:  B/W 1/2     W:B       1:2           Time        Value Moves Dep 1:2       1-2-Draws
   4 B 1    1.5:0.5        2.5:1.5       10:23:12 PM   -10.72    45 4.303 :2.559  2-1-1

--------------------------------------------------------------

Engine-Match Saturday, September 13, 2025 10:23:13 PM
 Blitz 2/1 

Pairing 8/15 :    V7P3R_v10.5  -  V7P3R_v10.7

PGN-File: C:\Program Files (x86)\Arena\Tournaments\Engine Regression Battle 20250913.pgn

No:  B/W 1/2     W:B       1:2           Time        Value Moves Dep 1:2       1-2-Draws
   4 B 1    1.5:0.5        1.5:2.5       10:25:17 PM   -12.50    17 4.300 :2.824  1-2-1

--------------------------------------------------------------

Engine-Match Saturday, September 13, 2025 10:25:18 PM
 Blitz 2/1 

Pairing 9/15 :    Stockfish 1%  -  V7P3R_v10.6

PGN-File: C:\Program Files (x86)\Arena\Tournaments\Engine Regression Battle 20250913.pgn

No:  B/W 1/2     W:B       1:2           Time        Value Moves Dep 1:2       1-2-Draws
   4 B 1    1.0:0.0        4.0:0.0       10:27:16 PM      -M1    37 11.600 :3.208  4-0-0

--------------------------------------------------------------

Engine-Match Saturday, September 13, 2025 10:27:18 PM
 Blitz 2/1 

Pairing 10/15 :    V7P3R_v10.5  -  V7P3R_v10.0

PGN-File: C:\Program Files (x86)\Arena\Tournaments\Engine Regression Battle 20250913.pgn

No:  B/W 1/2     W:B       1:2           Time        Value Moves Dep 1:2       1-2-Draws
   4 = =    1.0:1.0        2.0:2.0       10:30:49 PM    +3.80    36 3.909 :4.389  1-1-2

--------------------------------------------------------------

Engine-Match Saturday, September 13, 2025 10:30:50 PM
 Blitz 2/1 

Pairing 11/15 :    V7P3R_v10.6  -  V7P3R_v10.3

PGN-File: C:\Program Files (x86)\Arena\Tournaments\Engine Regression Battle 20250913.pgn

No:  B/W 1/2     W:B       1:2           Time        Value Moves Dep 1:2       1-2-Draws
   4 B 1    1.5:0.5        3.5:0.5       10:35:27 PM   -13.02    60 2.980 :2.320  3-0-1

--------------------------------------------------------------

Engine-Match Saturday, September 13, 2025 10:35:29 PM
 Blitz 2/1 

Pairing 12/15 :    V7P3R_v10.7  -  Stockfish 1%

PGN-File: C:\Program Files (x86)\Arena\Tournaments\Engine Regression Battle 20250913.pgn

No:  B/W 1/2     W:B       1:2           Time        Value Moves Dep 1:2       1-2-Draws
   4 W 2    1.0:0.0        0.0:4.0       10:37:07 PM      +M1    26 2.760 :12.000  0-4-0

--------------------------------------------------------------

Engine-Match Saturday, September 13, 2025 10:37:08 PM
 Blitz 2/1 

Pairing 13/15 :    V7P3R_v10.0  -  V7P3R_v10.6

PGN-File: C:\Program Files (x86)\Arena\Tournaments\Engine Regression Battle 20250913.pgn

No:  B/W 1/2     W:B       1:2           Time        Value Moves Dep 1:2       1-2-Draws
   4 W 2    1.5:0.5        0.5:3.5       10:41:08 PM     0.00    46 4.655 :3.280  0-3-1

--------------------------------------------------------------

Engine-Match Saturday, September 13, 2025 10:41:09 PM
 Blitz 2/1 

Pairing 14/15 :    Stockfish 1%  -  V7P3R_v10.5

PGN-File: C:\Program Files (x86)\Arena\Tournaments\Engine Regression Battle 20250913.pgn

No:  B/W 1/2     W:B       1:2           Time        Value Moves Dep 1:2       1-2-Draws
   4 B 1    1.0:0.0        3.0:1.0       10:43:29 PM   -17.10    64 10.200 :4.200  3-1-0

--------------------------------------------------------------

Engine-Match Saturday, September 13, 2025 10:43:31 PM
 Blitz 2/1 

Pairing 15/15 :    V7P3R_v10.3  -  V7P3R_v10.7

PGN-File: C:\Program Files (x86)\Arena\Tournaments\Engine Regression Battle 20250913.pgn

No:  B/W 1/2     W:B       1:2           Time        Value Moves Dep 1:2       1-2-Draws
   4 B 1    1.0:0.0        1.0:3.0       10:47:03 PM   -15.38    38 2.556 :2.429  1-3-0

--------------------------------------------------------------

Engine-Match Saturday, September 13, 2025 10:47:05 PM
 Blitz 2/1 

Pairing 1/15 :    V7P3R_v10.0  -  Stockfish 1%

PGN-File: C:\Program Files (x86)\Arena\Tournaments\Engine Regression Battle 20250913.pgn

No:  B/W 1/2     W:B       1:2           Time        Value Moves Dep 1:2       1-2-Draws
   5 B 2    1.0:0.0        0.0:5.0       10:49:39 PM      -M1    51 3.980 :10.200  0-5-0

--------------------------------------------------------------

Engine-Match Saturday, September 13, 2025 10:49:45 PM
 Blitz 2/1 

Pairing 2/15 :    V7P3R_v10.7  -  V7P3R_v10.6

PGN-File: C:\Program Files (x86)\Arena\Tournaments\Engine Regression Battle 20250913.pgn

No:  B/W 1/2     W:B       1:2           Time        Value Moves Dep 1:2       1-2-Draws
   5 B 2    1.0:0.0        0.0:5.0       10:54:27 PM   -15.10    57 2.821 :3.308  0-5-0

--------------------------------------------------------------

Engine-Match Saturday, September 13, 2025 10:54:29 PM
 Blitz 2/1 

Pairing 3/15 :    V7P3R_v10.5  -  V7P3R_v10.3

PGN-File: C:\Program Files (x86)\Arena\Tournaments\Engine Regression Battle 20250913.pgn

No:  B/W 1/2     W:B       1:2           Time        Value Moves Dep 1:2       1-2-Draws
   5 = =    2.0:2.0        3.0:2.0       10:58:15 PM    -1.92    31 4.000 :2.778  1-0-4

--------------------------------------------------------------

Engine-Match Saturday, September 13, 2025 10:58:17 PM
 Blitz 2/1 

Pairing 4/15 :    V7P3R_v10.7  -  V7P3R_v10.0

PGN-File: C:\Program Files (x86)\Arena\Tournaments\Engine Regression Battle 20250913.pgn

No:  B/W 1/2     W:B       1:2           Time        Value Moves Dep 1:2       1-2-Draws
   5 W 1    1.5:0.5        1.5:3.5       11:01:28 PM  +289.95    27 2.519 :4.462  1-3-1

--------------------------------------------------------------

Engine-Match Saturday, September 13, 2025 11:01:29 PM
 Blitz 2/1 

Pairing 5/15 :    V7P3R_v10.3  -  Stockfish 1%

PGN-File: C:\Program Files (x86)\Arena\Tournaments\Engine Regression Battle 20250913.pgn

No:  B/W 1/2     W:B       1:2           Time        Value Moves Dep 1:2       1-2-Draws
   5 B 2    1.0:0.0        1.0:4.0       11:04:00 PM  -289.95    39 2.615 :11.000  1-4-0

--------------------------------------------------------------

Engine-Match Saturday, September 13, 2025 11:04:01 PM
 Blitz 2/1 

Pairing 6/15 :    V7P3R_v10.6  -  V7P3R_v10.5

PGN-File: C:\Program Files (x86)\Arena\Tournaments\Engine Regression Battle 20250913.pgn

No:  B/W 1/2     W:B       1:2           Time        Value Moves Dep 1:2       1-2-Draws
   5 W 1    1.5:0.5        4.5:0.5       11:07:41 PM  +289.96    40 3.000 :3.938  4-0-1

--------------------------------------------------------------

Engine-Match Saturday, September 13, 2025 11:07:42 PM
 Blitz 2/1 

Pairing 7/15 :    V7P3R_v10.0  -  V7P3R_v10.3

PGN-File: C:\Program Files (x86)\Arena\Tournaments\Engine Regression Battle 20250913.pgn

No:  B/W 1/2     W:B       1:2           Time        Value Moves Dep 1:2       1-2-Draws
   5 W 1    1.5:0.5        3.5:1.5       11:13:13 PM   +12.60    75 4.500 :2.800  3-1-1

--------------------------------------------------------------

Engine-Match Saturday, September 13, 2025 11:13:14 PM
 Blitz 2/1 

Pairing 8/15 :    V7P3R_v10.5  -  V7P3R_v10.7

PGN-File: C:\Program Files (x86)\Arena\Tournaments\Engine Regression Battle 20250913.pgn

No:  B/W 1/2     W:B       1:2           Time        Value Moves Dep 1:2       1-2-Draws
   5 W 1    1.5:0.5        2.5:2.5       11:15:58 PM   +15.37    21 4.063 :2.714  2-2-1

--------------------------------------------------------------

Engine-Match Saturday, September 13, 2025 11:16:00 PM
 Blitz 2/1 

Pairing 9/15 :    Stockfish 1%  -  V7P3R_v10.6

PGN-File: C:\Program Files (x86)\Arena\Tournaments\Engine Regression Battle 20250913.pgn

No:  B/W 1/2     W:B       1:2           Time        Value Moves Dep 1:2       1-2-Draws
   5 W 1    1.0:0.0        5.0:0.0       11:16:53 PM   +10.83    12 13.600 :3.333  5-0-0

--------------------------------------------------------------

Engine-Match Saturday, September 13, 2025 11:16:54 PM
 Blitz 2/1 

Pairing 10/15 :    V7P3R_v10.5  -  V7P3R_v10.0

PGN-File: C:\Program Files (x86)\Arena\Tournaments\Engine Regression Battle 20250913.pgn

No:  B/W 1/2     W:B       1:2           Time        Value Moves Dep 1:2       1-2-Draws
   5 B 2    2.0:1.0        2.0:3.0       11:20:08 PM  -289.99    45 4.143 :4.727  1-2-2

--------------------------------------------------------------

Engine-Match Saturday, September 13, 2025 11:20:09 PM
 Blitz 2/1 

Pairing 11/15 :    V7P3R_v10.6  -  V7P3R_v10.3

PGN-File: C:\Program Files (x86)\Arena\Tournaments\Engine Regression Battle 20250913.pgn

No:  B/W 1/2     W:B       1:2           Time        Value Moves Dep 1:2       1-2-Draws
   5 W 1    1.5:0.5        4.5:0.5       11:24:33 PM  +289.97    65 3.364 :2.769  4-0-1

--------------------------------------------------------------

Engine-Match Saturday, September 13, 2025 11:24:34 PM
 Blitz 2/1 

Pairing 12/15 :    V7P3R_v10.7  -  Stockfish 1%

PGN-File: C:\Program Files (x86)\Arena\Tournaments\Engine Regression Battle 20250913.pgn

No:  B/W 1/2     W:B       1:2           Time        Value Moves Dep 1:2       1-2-Draws
   5 B 2    1.0:0.0        0.0:5.0       11:26:22 PM      -M1    27 2.556 :10.250  0-5-0

--------------------------------------------------------------

Engine-Match Saturday, September 13, 2025 11:26:23 PM
 Blitz 2/1 

Pairing 13/15 :    V7P3R_v10.0  -  V7P3R_v10.6

PGN-File: C:\Program Files (x86)\Arena\Tournaments\Engine Regression Battle 20250913.pgn

No:  B/W 1/2     W:B       1:2           Time        Value Moves Dep 1:2       1-2-Draws
   5 = =    1.0:1.0        1.0:4.0       11:30:55 PM    -4.40    57 4.478 :3.200  0-3-2

--------------------------------------------------------------

Engine-Match Saturday, September 13, 2025 11:30:56 PM
 Blitz 2/1 

Pairing 14/15 :    Stockfish 1%  -  V7P3R_v10.5

PGN-File: C:\Program Files (x86)\Arena\Tournaments\Engine Regression Battle 20250913.pgn

No:  B/W 1/2     W:B       1:2           Time        Value Moves Dep 1:2       1-2-Draws
   5 W 1    1.0:0.0        4.0:1.0       11:33:19 PM      +M1    52 10.000 :3.630  4-1-0

--------------------------------------------------------------

Engine-Match Saturday, September 13, 2025 11:33:21 PM
 Blitz 2/1 

Pairing 15/15 :    V7P3R_v10.3  -  V7P3R_v10.7

PGN-File: C:\Program Files (x86)\Arena\Tournaments\Engine Regression Battle 20250913.pgn

No:  B/W 1/2     W:B       1:2           Time        Value Moves Dep 1:2       1-2-Draws
   5 = =    0.5:0.5        1.5:3.5       11:38:30 PM    +2.29    77 2.800 :2.846  1-3-1

--------------------------------------------------------------

Engine-Match Saturday, September 13, 2025 11:38:31 PM
 Blitz 2/1 

Pairing 1/15 :    V7P3R_v10.0  -  Stockfish 1%

PGN-File: C:\Program Files (x86)\Arena\Tournaments\Engine Regression Battle 20250913.pgn

No:  B/W 1/2     W:B       1:2           Time        Value Moves Dep 1:2       1-2-Draws
   6 W 2    1.0:0.0        0.0:6.0       11:40:26 PM  +289.98    34 4.706 :10.500  0-6-0

--------------------------------------------------------------

Engine-Match Saturday, September 13, 2025 11:40:27 PM
 Blitz 2/1 

Pairing 2/15 :    V7P3R_v10.7  -  V7P3R_v10.6

PGN-File: C:\Program Files (x86)\Arena\Tournaments\Engine Regression Battle 20250913.pgn

No:  B/W 1/2     W:B       1:2           Time        Value Moves Dep 1:2       1-2-Draws
   6 W 2    1.0:0.0        0.0:6.0       11:43:37 PM  +289.97    27 2.538 :3.250  0-6-0

--------------------------------------------------------------

Engine-Match Saturday, September 13, 2025 11:43:38 PM
 Blitz 2/1 

Pairing 3/15 :    V7P3R_v10.5  -  V7P3R_v10.3

PGN-File: C:\Program Files (x86)\Arena\Tournaments\Engine Regression Battle 20250913.pgn

No:  B/W 1/2     W:B       1:2           Time        Value Moves Dep 1:2       1-2-Draws
   6 = =    2.5:2.5        3.5:2.5       11:47:46 PM    -3.38    41 3.906 :2.512  1-0-5

--------------------------------------------------------------

Engine-Match Saturday, September 13, 2025 11:47:48 PM
 Blitz 2/1 

Pairing 4/15 :    V7P3R_v10.7  -  V7P3R_v10.0

PGN-File: C:\Program Files (x86)\Arena\Tournaments\Engine Regression Battle 20250913.pgn

No:  B/W 1/2     W:B       1:2           Time        Value Moves Dep 1:2       1-2-Draws
   6 W 2    1.5:0.5        1.5:4.5       11:51:55 PM   +26.99    38 2.474 :4.237  1-4-1

--------------------------------------------------------------

Engine-Match Saturday, September 13, 2025 11:51:56 PM
 Blitz 2/1 

Pairing 5/15 :    V7P3R_v10.3  -  Stockfish 1%

PGN-File: C:\Program Files (x86)\Arena\Tournaments\Engine Regression Battle 20250913.pgn

No:  B/W 1/2     W:B       1:2           Time        Value Moves Dep 1:2       1-2-Draws
   6 W 2    1.0:0.0        1.0:5.0       11:53:47 PM   +11.96    26 2.654 :11.000  1-5-0

--------------------------------------------------------------

Engine-Match Saturday, September 13, 2025 11:53:48 PM
 Blitz 2/1 

Pairing 6/15 :    V7P3R_v10.6  -  V7P3R_v10.5

PGN-File: C:\Program Files (x86)\Arena\Tournaments\Engine Regression Battle 20250913.pgn

No:  B/W 1/2     W:B       1:2           Time        Value Moves Dep 1:2       1-2-Draws
   6 = =    1.0:1.0        5.0:1.0       11:58:50 PM     0.00    82 3.471 :4.357  4-0-2

--------------------------------------------------------------

Engine-Match Saturday, September 13, 2025 11:58:57 PM
 Blitz 2/1 

Pairing 7/15 :    V7P3R_v10.0  -  V7P3R_v10.3

PGN-File: C:\Program Files (x86)\Arena\Tournaments\Engine Regression Battle 20250913.pgn

No:  B/W 1/2     W:B       1:2           Time        Value Moves Dep 1:2       1-2-Draws
   6 B 1    1.5:0.5        4.5:1.5       12:03:16 AM   -21.90    50 4.643 :2.828  4-1-1

--------------------------------------------------------------

Engine-Match Sunday, September 14, 2025 12:03:18 AM
 Blitz 2/1 

Pairing 8/15 :    V7P3R_v10.5  -  V7P3R_v10.7

PGN-File: C:\Program Files (x86)\Arena\Tournaments\Engine Regression Battle 20250913.pgn

No:  B/W 1/2     W:B       1:2           Time        Value Moves Dep 1:2       1-2-Draws
   6 = =    1.0:1.0        3.0:3.0       12:08:06 AM    -7.00    66 4.000 :2.762  2-2-2

--------------------------------------------------------------

Engine-Match Sunday, September 14, 2025 12:08:08 AM
 Blitz 2/1 

Pairing 9/15 :    Stockfish 1%  -  V7P3R_v10.6

PGN-File: C:\Program Files (x86)\Arena\Tournaments\Engine Regression Battle 20250913.pgn

No:  B/W 1/2     W:B       1:2           Time        Value Moves Dep 1:2       1-2-Draws
   6 B 1    1.0:0.0        6.0:0.0       12:10:32 AM   -10.80    51 11.200 :3.154  6-0-0

--------------------------------------------------------------

Engine-Match Sunday, September 14, 2025 12:10:33 AM
 Blitz 2/1 

Pairing 10/15 :    V7P3R_v10.5  -  V7P3R_v10.0

PGN-File: C:\Program Files (x86)\Arena\Tournaments\Engine Regression Battle 20250913.pgn

No:  B/W 1/2     W:B       1:2           Time        Value Moves Dep 1:2       1-2-Draws
   6 B 1    2.0:1.0        3.0:3.0       12:13:36 AM   -10.70    39 4.250 :4.667  2-2-2

--------------------------------------------------------------

Engine-Match Sunday, September 14, 2025 12:13:38 AM
 Blitz 2/1 

Pairing 11/15 :    V7P3R_v10.6  -  V7P3R_v10.3

PGN-File: C:\Program Files (x86)\Arena\Tournaments\Engine Regression Battle 20250913.pgn

No:  B/W 1/2     W:B       1:2           Time        Value Moves Dep 1:2       1-2-Draws
   6 B 1    1.5:0.5        5.5:0.5       12:16:46 AM   -26.06    29 3.080 :2.607  5-0-1

--------------------------------------------------------------

Engine-Match Sunday, September 14, 2025 12:16:47 AM
 Blitz 2/1 

Pairing 12/15 :    V7P3R_v10.7  -  Stockfish 1%

PGN-File: C:\Program Files (x86)\Arena\Tournaments\Engine Regression Battle 20250913.pgn

No:  B/W 1/2     W:B       1:2           Time        Value Moves Dep 1:2       1-2-Draws
   6 W 2    1.0:0.0        0.0:6.0       12:21:15 AM      +M1   148 2.870 :10.800  0-6-0

--------------------------------------------------------------

Engine-Match Sunday, September 14, 2025 12:21:17 AM
 Blitz 2/1 

Pairing 13/15 :    V7P3R_v10.0  -  V7P3R_v10.6

PGN-File: C:\Program Files (x86)\Arena\Tournaments\Engine Regression Battle 20250913.pgn

No:  B/W 1/2     W:B       1:2           Time        Value Moves Dep 1:2       1-2-Draws
   6 B 1    2.0:1.0        2.0:4.0       12:24:26 AM   -30.02    26 4.480 :3.391  1-3-2

--------------------------------------------------------------

Engine-Match Sunday, September 14, 2025 12:24:28 AM
 Blitz 2/1 

Pairing 14/15 :    Stockfish 1%  -  V7P3R_v10.5

PGN-File: C:\Program Files (x86)\Arena\Tournaments\Engine Regression Battle 20250913.pgn

No:  B/W 1/2     W:B       1:2           Time        Value Moves Dep 1:2       1-2-Draws
   6 B 1    1.0:0.0        5.0:1.0       12:26:28 AM      -M1    44 11.750 :4.000  5-1-0

--------------------------------------------------------------

Engine-Match Sunday, September 14, 2025 12:26:30 AM
 Blitz 2/1 

Pairing 15/15 :    V7P3R_v10.3  -  V7P3R_v10.7

PGN-File: C:\Program Files (x86)\Arena\Tournaments\Engine Regression Battle 20250913.pgn

No:  B/W 1/2     W:B       1:2           Time        Value Moves Dep 1:2       1-2-Draws
   6 W 2    1.5:0.5        1.5:4.5       12:32:19 AM   +28.63    74 2.773 :2.762  1-4-1

--------------------------------------------------------------

Engine-Match Sunday, September 14, 2025 12:32:20 AM
 Blitz 2/1 

Pairing 1/15 :    V7P3R_v10.0  -  Stockfish 1%

PGN-File: C:\Program Files (x86)\Arena\Tournaments\Engine Regression Battle 20250913.pgn

No:  B/W 1/2     W:B       1:2           Time        Value Moves Dep 1:2       1-2-Draws
   7 = =    0.5:0.5        0.5:6.5       12:36:45 AM     0.00   170 4.321 :11.750  0-6-1

--------------------------------------------------------------

Engine-Match Sunday, September 14, 2025 12:36:47 AM
 Blitz 2/1 

Pairing 2/15 :    V7P3R_v10.7  -  V7P3R_v10.6

PGN-File: C:\Program Files (x86)\Arena\Tournaments\Engine Regression Battle 20250913.pgn

No:  B/W 1/2     W:B       1:2           Time        Value Moves Dep 1:2       1-2-Draws
   7 B 2    1.0:0.0        0.0:7.0       12:40:03 AM   -18.24    29 2.857 :3.231  0-7-0

--------------------------------------------------------------

Engine-Match Sunday, September 14, 2025 12:40:04 AM
 Blitz 2/1 

Pairing 3/15 :    V7P3R_v10.5  -  V7P3R_v10.3

PGN-File: C:\Program Files (x86)\Arena\Tournaments\Engine Regression Battle 20250913.pgn

No:  B/W 1/2     W:B       1:2           Time        Value Moves Dep 1:2       1-2-Draws
   7 B 2    3.5:2.5        3.5:3.5       12:44:53 AM  -289.98    74 4.235 :2.958  1-1-5

--------------------------------------------------------------

Engine-Match Sunday, September 14, 2025 12:44:54 AM
 Blitz 2/1 

Pairing 4/15 :    V7P3R_v10.7  -  V7P3R_v10.0

PGN-File: C:\Program Files (x86)\Arena\Tournaments\Engine Regression Battle 20250913.pgn

No:  B/W 1/2     W:B       1:2           Time        Value Moves Dep 1:2       1-2-Draws
   7 B 2    1.5:0.5        1.5:5.5       12:48:42 AM   -12.49    38 2.971 :4.485  1-5-1

--------------------------------------------------------------

Engine-Match Sunday, September 14, 2025 12:48:43 AM
 Blitz 2/1 

Pairing 5/15 :    V7P3R_v10.3  -  Stockfish 1%

PGN-File: C:\Program Files (x86)\Arena\Tournaments\Engine Regression Battle 20250913.pgn

No:  B/W 1/2     W:B       1:2           Time        Value Moves Dep 1:2       1-2-Draws
   7 B 2    1.0:0.0        1.0:6.0       12:50:41 AM      -M1    33 2.606 :11.400  1-6-0

--------------------------------------------------------------

Engine-Match Sunday, September 14, 2025 12:50:43 AM
 Blitz 2/1 

Pairing 6/15 :    V7P3R_v10.6  -  V7P3R_v10.5

PGN-File: C:\Program Files (x86)\Arena\Tournaments\Engine Regression Battle 20250913.pgn

No:  B/W 1/2     W:B       1:2           Time        Value Moves Dep 1:2       1-2-Draws
   7 = =    1.5:1.5        5.5:1.5       12:53:47 AM    +0.65    36 3.444 :4.125  4-0-3

--------------------------------------------------------------

Engine-Match Sunday, September 14, 2025 12:53:48 AM
 Blitz 2/1 

Pairing 7/15 :    V7P3R_v10.0  -  V7P3R_v10.3

PGN-File: C:\Program Files (x86)\Arena\Tournaments\Engine Regression Battle 20250913.pgn

No:  B/W 1/2     W:B       1:2           Time        Value Moves Dep 1:2       1-2-Draws
   7 W 1    1.5:0.5        5.5:1.5       12:58:42 AM   +12.42    52 4.057 :2.471  5-1-1

--------------------------------------------------------------

Engine-Match Sunday, September 14, 2025 12:58:43 AM
 Blitz 2/1 

Pairing 8/15 :    V7P3R_v10.5  -  V7P3R_v10.7

PGN-File: C:\Program Files (x86)\Arena\Tournaments\Engine Regression Battle 20250913.pgn

No:  B/W 1/2     W:B       1:2           Time        Value Moves Dep 1:2       1-2-Draws
   7 B 2    2.0:1.0        3.0:4.0       1:02:16 AM   -29.10    39 3.821 :2.417  2-3-2

--------------------------------------------------------------

Engine-Match Sunday, September 14, 2025 1:02:18 AM
 Blitz 2/1 

Pairing 9/15 :    Stockfish 1%  -  V7P3R_v10.6

PGN-File: C:\Program Files (x86)\Arena\Tournaments\Engine Regression Battle 20250913.pgn

No:  B/W 1/2     W:B       1:2           Time        Value Moves Dep 1:2       1-2-Draws
   7 W 1    1.0:0.0        7.0:0.0       1:04:33 AM      +M1    45 10.400 :3.086  7-0-0

--------------------------------------------------------------

Engine-Match Sunday, September 14, 2025 1:04:35 AM
 Blitz 2/1 

Pairing 10/15 :    V7P3R_v10.5  -  V7P3R_v10.0

PGN-File: C:\Program Files (x86)\Arena\Tournaments\Engine Regression Battle 20250913.pgn

No:  B/W 1/2     W:B       1:2           Time        Value Moves Dep 1:2       1-2-Draws
   7 = =    1.5:1.5        3.5:3.5       1:07:49 AM     0.00    46 4.143 :4.727  2-2-3

--------------------------------------------------------------

Engine-Match Sunday, September 14, 2025 1:07:50 AM
 Blitz 2/1 

Pairing 11/15 :    V7P3R_v10.6  -  V7P3R_v10.3

PGN-File: C:\Program Files (x86)\Arena\Tournaments\Engine Regression Battle 20250913.pgn

No:  B/W 1/2     W:B       1:2           Time        Value Moves Dep 1:2       1-2-Draws
   7 B 2    1.5:0.5        5.5:1.5       1:13:28 AM   -17.87    85 3.269 :2.833  5-1-1

--------------------------------------------------------------

Engine-Match Sunday, September 14, 2025 1:13:35 AM
 Blitz 2/1 

Pairing 12/15 :    V7P3R_v10.7  -  Stockfish 1%

PGN-File: C:\Program Files (x86)\Arena\Tournaments\Engine Regression Battle 20250913.pgn

No:  B/W 1/2     W:B       1:2           Time        Value Moves Dep 1:2       1-2-Draws
   7 B 2    1.0:0.0        0.0:7.0       1:15:53 AM   -11.26    42 2.462 :11.000  0-7-0

--------------------------------------------------------------

Engine-Match Sunday, September 14, 2025 1:15:54 AM
 Blitz 2/1 

Pairing 13/15 :    V7P3R_v10.0  -  V7P3R_v10.6

PGN-File: C:\Program Files (x86)\Arena\Tournaments\Engine Regression Battle 20250913.pgn

No:  B/W 1/2     W:B       1:2           Time        Value Moves Dep 1:2       1-2-Draws
   7 B 2    2.0:1.0        2.0:5.0       1:20:06 AM   -18.10    60 4.478 :3.200  1-4-2

--------------------------------------------------------------

Engine-Match Sunday, September 14, 2025 1:20:07 AM
 Blitz 2/1 

Pairing 14/15 :    Stockfish 1%  -  V7P3R_v10.5

PGN-File: C:\Program Files (x86)\Arena\Tournaments\Engine Regression Battle 20250913.pgn

No:  B/W 1/2     W:B       1:2           Time        Value Moves Dep 1:2       1-2-Draws
   7 W 1    1.0:0.0        6.0:1.0       1:22:10 AM   +28.90    40 10.500 :4.074  6-1-0

--------------------------------------------------------------

Engine-Match Sunday, September 14, 2025 1:22:11 AM
 Blitz 2/1 

Pairing 15/15 :    V7P3R_v10.3  -  V7P3R_v10.7

PGN-File: C:\Program Files (x86)\Arena\Tournaments\Engine Regression Battle 20250913.pgn

No:  B/W 1/2     W:B       1:2           Time        Value Moves Dep 1:2       1-2-Draws
   7 W 1    1.5:0.5        2.5:4.5       1:27:33 AM   +12.99    79 2.658 :2.568  2-4-1

--------------------------------------------------------------

Engine-Match Sunday, September 14, 2025 1:27:34 AM
 Blitz 2/1 

Pairing 1/15 :    V7P3R_v10.0  -  Stockfish 1%

PGN-File: C:\Program Files (x86)\Arena\Tournaments\Engine Regression Battle 20250913.pgn

No:  B/W 1/2     W:B       1:2           Time        Value Moves Dep 1:2       1-2-Draws
   8 W 2    1.5:0.5        0.5:7.5       1:29:35 AM  +289.95    33 4.364 :10.000  0-7-1

--------------------------------------------------------------

Engine-Match Sunday, September 14, 2025 1:29:37 AM
 Blitz 2/1 

Pairing 2/15 :    V7P3R_v10.7  -  V7P3R_v10.6

PGN-File: C:\Program Files (x86)\Arena\Tournaments\Engine Regression Battle 20250913.pgn

No:  B/W 1/2     W:B       1:2           Time        Value Moves Dep 1:2       1-2-Draws
   8 W 2    1.0:0.0        0.0:8.0       1:32:30 AM   +17.70    24 2.625 :3.182  0-8-0

--------------------------------------------------------------

Engine-Match Sunday, September 14, 2025 1:32:32 AM
 Blitz 2/1 

Pairing 3/15 :    V7P3R_v10.5  -  V7P3R_v10.3

PGN-File: C:\Program Files (x86)\Arena\Tournaments\Engine Regression Battle 20250913.pgn

No:  B/W 1/2     W:B       1:2           Time        Value Moves Dep 1:2       1-2-Draws
   8 W 2    3.5:2.5        3.5:4.5       1:36:14 AM  +289.96    50 4.067 :2.714  1-2-5

--------------------------------------------------------------

Engine-Match Sunday, September 14, 2025 1:36:16 AM
 Blitz 2/1 

Pairing 4/15 :    V7P3R_v10.7  -  V7P3R_v10.0

PGN-File: C:\Program Files (x86)\Arena\Tournaments\Engine Regression Battle 20250913.pgn

No:  B/W 1/2     W:B       1:2           Time        Value Moves Dep 1:2       1-2-Draws
   8 W 2    1.5:0.5        1.5:6.5       1:39:01 AM   +16.94    21 2.571 :4.238  1-6-1

--------------------------------------------------------------

Engine-Match Sunday, September 14, 2025 1:39:03 AM
 Blitz 2/1 

Pairing 5/15 :    V7P3R_v10.3  -  Stockfish 1%

PGN-File: C:\Program Files (x86)\Arena\Tournaments\Engine Regression Battle 20250913.pgn

No:  B/W 1/2     W:B       1:2           Time        Value Moves Dep 1:2       1-2-Draws
   8 W 2    1.0:0.0        1.0:7.0       1:41:07 AM      +M1    34 2.606 :11.000  1-7-0

--------------------------------------------------------------

Engine-Match Sunday, September 14, 2025 1:41:08 AM
 Blitz 2/1 

Pairing 6/15 :    V7P3R_v10.6  -  V7P3R_v10.5

PGN-File: C:\Program Files (x86)\Arena\Tournaments\Engine Regression Battle 20250913.pgn

No:  B/W 1/2     W:B       1:2           Time        Value Moves Dep 1:2       1-2-Draws
   8 = =    2.0:2.0        6.0:2.0       1:44:25 AM     0.00    34 3.471 :4.357  4-0-4

--------------------------------------------------------------

Engine-Match Sunday, September 14, 2025 1:44:26 AM
 Blitz 2/1 

Pairing 7/15 :    V7P3R_v10.0  -  V7P3R_v10.3

PGN-File: C:\Program Files (x86)\Arena\Tournaments\Engine Regression Battle 20250913.pgn

No:  B/W 1/2     W:B       1:2           Time        Value Moves Dep 1:2       1-2-Draws
   8 B 1    1.5:0.5        6.5:1.5       1:49:11 AM   -21.02    53 4.457 :2.657  6-1-1

--------------------------------------------------------------

Engine-Match Sunday, September 14, 2025 1:49:12 AM
 Blitz 2/1 

Pairing 8/15 :    V7P3R_v10.5  -  V7P3R_v10.7

PGN-File: C:\Program Files (x86)\Arena\Tournaments\Engine Regression Battle 20250913.pgn

No:  B/W 1/2     W:B       1:2           Time        Value Moves Dep 1:2       1-2-Draws
   8 B 1    2.0:1.0        4.0:4.0       1:52:16 AM  -289.97    28 4.167 :2.643  3-3-2

--------------------------------------------------------------

Engine-Match Sunday, September 14, 2025 1:52:17 AM
 Blitz 2/1 

Pairing 9/15 :    Stockfish 1%  -  V7P3R_v10.6

PGN-File: C:\Program Files (x86)\Arena\Tournaments\Engine Regression Battle 20250913.pgn

No:  B/W 1/2     W:B       1:2           Time        Value Moves Dep 1:2       1-2-Draws
   8 B 1    1.0:0.0        8.0:0.0       1:55:48 AM   -20.16   114 12.500 :3.545  8-0-0

--------------------------------------------------------------

Engine-Match Sunday, September 14, 2025 1:55:49 AM
 Blitz 2/1 

Pairing 10/15 :    V7P3R_v10.5  -  V7P3R_v10.0

PGN-File: C:\Program Files (x86)\Arena\Tournaments\Engine Regression Battle 20250913.pgn

No:  B/W 1/2     W:B       1:2           Time        Value Moves Dep 1:2       1-2-Draws
   8 = =    2.0:2.0        4.0:4.0       1:58:49 AM   +29.40    37 4.133 :4.727  2-2-4

--------------------------------------------------------------

Engine-Match Sunday, September 14, 2025 1:58:50 AM
 Blitz 2/1 

Pairing 11/15 :    V7P3R_v10.6  -  V7P3R_v10.3

PGN-File: C:\Program Files (x86)\Arena\Tournaments\Engine Regression Battle 20250913.pgn

No:  B/W 1/2     W:B       1:2           Time        Value Moves Dep 1:2       1-2-Draws
   8 B 1    1.5:0.5        6.5:1.5       2:02:02 AM   -19.25    29 3.038 :2.607  6-1-1

--------------------------------------------------------------

Engine-Match Sunday, September 14, 2025 2:02:04 AM
 Blitz 2/1 

Pairing 12/15 :    V7P3R_v10.7  -  Stockfish 1%

PGN-File: C:\Program Files (x86)\Arena\Tournaments\Engine Regression Battle 20250913.pgn

No:  B/W 1/2     W:B       1:2           Time        Value Moves Dep 1:2       1-2-Draws
   8 W 2    1.0:0.0        0.0:8.0       2:03:31 AM   +24.29    21 2.810 :11.400  0-8-0

--------------------------------------------------------------

Engine-Match Sunday, September 14, 2025 2:03:32 AM
 Blitz 2/1 

Pairing 13/15 :    V7P3R_v10.0  -  V7P3R_v10.6

PGN-File: C:\Program Files (x86)\Arena\Tournaments\Engine Regression Battle 20250913.pgn

No:  B/W 1/2     W:B       1:2           Time        Value Moves Dep 1:2       1-2-Draws
   8 B 1    2.0:1.0        3.0:5.0       2:07:14 AM   -11.92    34 4.455 :3.156  2-4-2

--------------------------------------------------------------

Engine-Match Sunday, September 14, 2025 2:07:15 AM
 Blitz 2/1 

Pairing 14/15 :    Stockfish 1%  -  V7P3R_v10.5

PGN-File: C:\Program Files (x86)\Arena\Tournaments\Engine Regression Battle 20250913.pgn

No:  B/W 1/2     W:B       1:2           Time        Value Moves Dep 1:2       1-2-Draws
   8 B 1    1.0:0.0        7.0:1.0       2:09:53 AM   -20.10    60 10.800 :3.591  7-1-0

--------------------------------------------------------------

Engine-Match Sunday, September 14, 2025 2:09:54 AM
 Blitz 2/1 

Pairing 15/15 :    V7P3R_v10.3  -  V7P3R_v10.7

PGN-File: C:\Program Files (x86)\Arena\Tournaments\Engine Regression Battle 20250913.pgn

No:  B/W 1/2     W:B       1:2           Time        Value Moves Dep 1:2       1-2-Draws
   8 B 1    1.5:0.5        3.5:4.5       2:14:56 AM   -35.90    72 2.760 :2.654  3-4-1

--------------------------------------------------------------

Engine-Match Sunday, September 14, 2025 2:14:57 AM
 Blitz 2/1 

Pairing 1/15 :    V7P3R_v10.0  -  Stockfish 1%

PGN-File: C:\Program Files (x86)\Arena\Tournaments\Engine Regression Battle 20250913.pgn

No:  B/W 1/2     W:B       1:2           Time        Value Moves Dep 1:2       1-2-Draws
   9 W 1    1.5:0.5        1.5:7.5       2:17:55 AM  +289.99    73 4.321 :11.750  1-7-1

--------------------------------------------------------------

Engine-Match Sunday, September 14, 2025 2:18:01 AM
 Blitz 2/1 

Pairing 2/15 :    V7P3R_v10.7  -  V7P3R_v10.6

PGN-File: C:\Program Files (x86)\Arena\Tournaments\Engine Regression Battle 20250913.pgn

No:  B/W 1/2     W:B       1:2           Time        Value Moves Dep 1:2       1-2-Draws
   9 B 2    1.0:0.0        0.0:9.0       2:21:43 AM  -289.97    35 2.471 :2.829  0-9-0

--------------------------------------------------------------

Engine-Match Sunday, September 14, 2025 2:21:44 AM
 Blitz 2/1 

Pairing 3/15 :    V7P3R_v10.5  -  V7P3R_v10.3

PGN-File: C:\Program Files (x86)\Arena\Tournaments\Engine Regression Battle 20250913.pgn

No:  B/W 1/2     W:B       1:2           Time        Value Moves Dep 1:2       1-2-Draws
   9 B 2    3.5:2.5        3.5:5.5       2:26:37 AM   -22.00    68 4.235 :2.958  1-3-5

--------------------------------------------------------------

Engine-Match Sunday, September 14, 2025 2:26:38 AM
 Blitz 2/1 

Pairing 4/15 :    V7P3R_v10.7  -  V7P3R_v10.0

PGN-File: C:\Program Files (x86)\Arena\Tournaments\Engine Regression Battle 20250913.pgn

No:  B/W 1/2     W:B       1:2           Time        Value Moves Dep 1:2       1-2-Draws
   9 B 2    1.5:0.5        1.5:7.5       2:31:19 AM   -11.83    50 2.652 :4.289  1-7-1

--------------------------------------------------------------

Engine-Match Sunday, September 14, 2025 2:31:21 AM
 Blitz 2/1 

Pairing 5/15 :    V7P3R_v10.3  -  Stockfish 1%

PGN-File: C:\Program Files (x86)\Arena\Tournaments\Engine Regression Battle 20250913.pgn

No:  B/W 1/2     W:B       1:2           Time        Value Moves Dep 1:2       1-2-Draws
   9 B 2    1.0:0.0        1.0:8.0       2:33:01 AM      -M1    24 2.667 :11.200  1-8-0

--------------------------------------------------------------

Engine-Match Sunday, September 14, 2025 2:33:02 AM
 Blitz 2/1 

Pairing 6/15 :    V7P3R_v10.6  -  V7P3R_v10.5

PGN-File: C:\Program Files (x86)\Arena\Tournaments\Engine Regression Battle 20250913.pgn

No:  B/W 1/2     W:B       1:2           Time        Value Moves Dep 1:2       1-2-Draws
   9 = =    2.5:2.5        6.5:2.5       2:36:27 AM     0.00    45 3.444 :4.125  4-0-5

--------------------------------------------------------------

Engine-Match Sunday, September 14, 2025 2:36:28 AM
 Blitz 2/1 

Pairing 7/15 :    V7P3R_v10.0  -  V7P3R_v10.3

PGN-File: C:\Program Files (x86)\Arena\Tournaments\Engine Regression Battle 20250913.pgn

No:  B/W 1/2     W:B       1:2           Time        Value Moves Dep 1:2       1-2-Draws
   9 = =    1.0:1.0        7.0:2.0       2:42:01 AM   +37.10    74 4.075 :2.475  6-1-2

--------------------------------------------------------------

Engine-Match Sunday, September 14, 2025 2:42:02 AM
 Blitz 2/1 

Pairing 8/15 :    V7P3R_v10.5  -  V7P3R_v10.7

PGN-File: C:\Program Files (x86)\Arena\Tournaments\Engine Regression Battle 20250913.pgn

No:  B/W 1/2     W:B       1:2           Time        Value Moves Dep 1:2       1-2-Draws
   9 B 2    2.0:1.0        4.0:5.0       2:45:36 AM   -29.10    39 3.821 :2.389  3-4-2

--------------------------------------------------------------

Engine-Match Sunday, September 14, 2025 2:45:37 AM
 Blitz 2/1 

Pairing 9/15 :    Stockfish 1%  -  V7P3R_v10.6

PGN-File: C:\Program Files (x86)\Arena\Tournaments\Engine Regression Battle 20250913.pgn

No:  B/W 1/2     W:B       1:2           Time        Value Moves Dep 1:2       1-2-Draws
   9 W 1    1.0:0.0        9.0:0.0       2:46:32 AM   +10.83    12 10.400 :3.444  9-0-0

--------------------------------------------------------------

Engine-Match Sunday, September 14, 2025 2:46:33 AM
 Blitz 2/1 

Pairing 10/15 :    V7P3R_v10.5  -  V7P3R_v10.0

PGN-File: C:\Program Files (x86)\Arena\Tournaments\Engine Regression Battle 20250913.pgn

No:  B/W 1/2     W:B       1:2           Time        Value Moves Dep 1:2       1-2-Draws
   9 = =    2.5:2.5        4.5:4.5       2:49:28 AM    +2.80    38 4.143 :4.727  2-2-5

--------------------------------------------------------------

Engine-Match Sunday, September 14, 2025 2:49:29 AM
 Blitz 2/1 

Pairing 11/15 :    V7P3R_v10.6  -  V7P3R_v10.3

PGN-File: C:\Program Files (x86)\Arena\Tournaments\Engine Regression Battle 20250913.pgn

No:  B/W 1/2     W:B       1:2           Time        Value Moves Dep 1:2       1-2-Draws
   9 W 1    1.5:0.5        7.5:1.5       2:53:25 AM   +10.46    46 3.357 :2.781  7-1-1

--------------------------------------------------------------

Engine-Match Sunday, September 14, 2025 2:53:26 AM
 Blitz 2/1 

Pairing 12/15 :    V7P3R_v10.7  -  Stockfish 1%

PGN-File: C:\Program Files (x86)\Arena\Tournaments\Engine Regression Battle 20250913.pgn

No:  B/W 1/2     W:B       1:2           Time        Value Moves Dep 1:2       1-2-Draws
   9 B 2    1.0:0.0        0.0:9.0       2:54:41 AM      -M1    15 2.733 :11.000  0-9-0

--------------------------------------------------------------

Engine-Match Sunday, September 14, 2025 2:54:42 AM
 Blitz 2/1 

Pairing 13/15 :    V7P3R_v10.0  -  V7P3R_v10.6

PGN-File: C:\Program Files (x86)\Arena\Tournaments\Engine Regression Battle 20250913.pgn

No:  B/W 1/2     W:B       1:2           Time        Value Moves Dep 1:2       1-2-Draws
   9 B 2    2.0:1.0        3.0:6.0       2:58:53 AM   -18.10    60 4.478 :3.200  2-5-2

--------------------------------------------------------------

Engine-Match Sunday, September 14, 2025 2:58:54 AM
 Blitz 2/1 

Pairing 14/15 :    Stockfish 1%  -  V7P3R_v10.5

PGN-File: C:\Program Files (x86)\Arena\Tournaments\Engine Regression Battle 20250913.pgn

No:  B/W 1/2     W:B       1:2           Time        Value Moves Dep 1:2       1-2-Draws
   9 W 1    1.0:0.0        8.0:1.0       3:01:15 AM      +M1    52 10.800 :3.617  8-1-0

--------------------------------------------------------------

Engine-Match Sunday, September 14, 2025 3:01:16 AM
 Blitz 2/1 

Pairing 15/15 :    V7P3R_v10.3  -  V7P3R_v10.7

PGN-File: C:\Program Files (x86)\Arena\Tournaments\Engine Regression Battle 20250913.pgn

No:  B/W 1/2     W:B       1:2           Time        Value Moves Dep 1:2       1-2-Draws
   9 B 2    1.5:0.5        3.5:5.5       3:06:03 AM   -13.10    52 2.783 :2.522  3-5-1

--------------------------------------------------------------

Engine-Match Sunday, September 14, 2025 3:06:04 AM
 Blitz 2/1 

Pairing 1/15 :    V7P3R_v10.0  -  Stockfish 1%

PGN-File: C:\Program Files (x86)\Arena\Tournaments\Engine Regression Battle 20250913.pgn

No:  B/W 1/2     W:B       1:2           Time        Value Moves Dep 1:2       1-2-Draws
  10 W 2    1.5:0.5        1.5:8.5       3:08:16 AM   +18.10    42 3.947 :11.600  1-8-1

--------------------------------------------------------------

Engine-Match Sunday, September 14, 2025 3:08:17 AM
 Blitz 2/1 

Pairing 2/15 :    V7P3R_v10.7  -  V7P3R_v10.6

PGN-File: C:\Program Files (x86)\Arena\Tournaments\Engine Regression Battle 20250913.pgn

No:  B/W 1/2     W:B       1:2           Time        Value Moves Dep 1:2       1-2-Draws
  10 W 2    1.0:0.0        0.0:10.0      3:11:10 AM   +12.62    24 2.667 :3.182  0-10-0

--------------------------------------------------------------

Engine-Match Sunday, September 14, 2025 3:11:12 AM
 Blitz 2/1 

Pairing 3/15 :    V7P3R_v10.5  -  V7P3R_v10.3

PGN-File: C:\Program Files (x86)\Arena\Tournaments\Engine Regression Battle 20250913.pgn

No:  B/W 1/2     W:B       1:2           Time        Value Moves Dep 1:2       1-2-Draws
  10 = =    3.0:3.0        4.0:6.0       3:15:58 AM    -8.20    48 4.026 :2.745  1-3-6

--------------------------------------------------------------

Engine-Match Sunday, September 14, 2025 3:16:00 AM
 Blitz 2/1 

Pairing 4/15 :    V7P3R_v10.7  -  V7P3R_v10.0

PGN-File: C:\Program Files (x86)\Arena\Tournaments\Engine Regression Battle 20250913.pgn

No:  B/W 1/2     W:B       1:2           Time        Value Moves Dep 1:2       1-2-Draws
  10 = =    1.0:1.0        2.0:8.0       3:21:35 AM    +0.30    87 2.462 :4.125  1-7-2

--------------------------------------------------------------

Engine-Match Sunday, September 14, 2025 3:21:37 AM
 Blitz 2/1 

Pairing 5/15 :    V7P3R_v10.3  -  Stockfish 1%

PGN-File: C:\Program Files (x86)\Arena\Tournaments\Engine Regression Battle 20250913.pgn

No:  B/W 1/2     W:B       1:2           Time        Value Moves Dep 1:2       1-2-Draws
  10 W 2    1.0:0.0        1.0:9.0       3:23:02 AM   +16.98    15 3.067 :10.800  1-9-0

--------------------------------------------------------------

Engine-Match Sunday, September 14, 2025 3:23:03 AM
 Blitz 2/1 

Pairing 6/15 :    V7P3R_v10.6  -  V7P3R_v10.5

PGN-File: C:\Program Files (x86)\Arena\Tournaments\Engine Regression Battle 20250913.pgn

No:  B/W 1/2     W:B       1:2           Time        Value Moves Dep 1:2       1-2-Draws
  10 = =    3.0:3.0        7.0:3.0       3:27:41 AM    -9.59    70 3.471 :4.357  4-0-6

--------------------------------------------------------------

Engine-Match Sunday, September 14, 2025 3:27:47 AM
 Blitz 2/1 

Pairing 7/15 :    V7P3R_v10.0  -  V7P3R_v10.3

PGN-File: C:\Program Files (x86)\Arena\Tournaments\Engine Regression Battle 20250913.pgn

No:  B/W 1/2     W:B       1:2           Time        Value Moves Dep 1:2       1-2-Draws
  10 B 1    2.0:1.0        8.0:2.0       3:31:51 AM   -29.61    40 4.613 :2.781  7-1-2

--------------------------------------------------------------

Engine-Match Sunday, September 14, 2025 3:31:52 AM
 Blitz 2/1 

Pairing 8/15 :    V7P3R_v10.5  -  V7P3R_v10.7

PGN-File: C:\Program Files (x86)\Arena\Tournaments\Engine Regression Battle 20250913.pgn

No:  B/W 1/2     W:B       1:2           Time        Value Moves Dep 1:2       1-2-Draws
  10 = =    1.5:1.5        4.5:5.5       3:37:34 AM    -2.40    90 4.095 :2.731  3-4-3

--------------------------------------------------------------

Engine-Match Sunday, September 14, 2025 3:37:35 AM
 Blitz 2/1 

Pairing 9/15 :    Stockfish 1%  -  V7P3R_v10.6

PGN-File: C:\Program Files (x86)\Arena\Tournaments\Engine Regression Battle 20250913.pgn

No:  B/W 1/2     W:B       1:2           Time        Value Moves Dep 1:2       1-2-Draws
  10 = =    0.5:0.5        9.5:0.5       3:40:56 AM     0.00    94 11.750 :3.444  9-0-1

--------------------------------------------------------------

Engine-Match Sunday, September 14, 2025 3:40:57 AM
 Blitz 2/1 

Pairing 10/15 :    V7P3R_v10.5  -  V7P3R_v10.0

PGN-File: C:\Program Files (x86)\Arena\Tournaments\Engine Regression Battle 20250913.pgn

No:  B/W 1/2     W:B       1:2           Time        Value Moves Dep 1:2       1-2-Draws
  10 = =    3.0:3.0        5.0:5.0       3:44:55 AM   +10.40    65 4.250 :4.667  2-2-6

--------------------------------------------------------------

Engine-Match Sunday, September 14, 2025 3:44:56 AM
 Blitz 2/1 

Pairing 11/15 :    V7P3R_v10.6  -  V7P3R_v10.3

PGN-File: C:\Program Files (x86)\Arena\Tournaments\Engine Regression Battle 20250913.pgn

No:  B/W 1/2     W:B       1:2           Time        Value Moves Dep 1:2       1-2-Draws
  10 B 1    1.5:0.5        8.5:1.5       3:48:08 AM   -19.25    29 3.038 :2.607  8-1-1

--------------------------------------------------------------

Engine-Match Sunday, September 14, 2025 3:48:09 AM
 Blitz 2/1 

Pairing 12/15 :    V7P3R_v10.7  -  Stockfish 1%

PGN-File: C:\Program Files (x86)\Arena\Tournaments\Engine Regression Battle 20250913.pgn

No:  B/W 1/2     W:B       1:2           Time        Value Moves Dep 1:2       1-2-Draws
  10 W 2    1.0:0.0        0.0:10.0      3:51:20 AM   +17.85    89 2.727 :11.000  0-10-0

--------------------------------------------------------------

Engine-Match Sunday, September 14, 2025 3:51:22 AM
 Blitz 2/1 

Pairing 13/15 :    V7P3R_v10.0  -  V7P3R_v10.6

PGN-File: C:\Program Files (x86)\Arena\Tournaments\Engine Regression Battle 20250913.pgn

No:  B/W 1/2     W:B       1:2           Time        Value Moves Dep 1:2       1-2-Draws
  10 B 1    2.0:1.0        4.0:6.0       3:54:32 AM   -30.02    26 4.520 :3.391  3-5-2

--------------------------------------------------------------

Engine-Match Sunday, September 14, 2025 3:54:34 AM
 Blitz 2/1 

Pairing 14/15 :    Stockfish 1%  -  V7P3R_v10.5

PGN-File: C:\Program Files (x86)\Arena\Tournaments\Engine Regression Battle 20250913.pgn

No:  B/W 1/2     W:B       1:2           Time        Value Moves Dep 1:2       1-2-Draws
  10 B 1    1.0:0.0        9.0:1.0       3:56:05 AM      -M1    30 10.800 :3.880  9-1-0

--------------------------------------------------------------

Engine-Match Sunday, September 14, 2025 3:56:06 AM
 Blitz 2/1 

Pairing 15/15 :    V7P3R_v10.3  -  V7P3R_v10.7

PGN-File: C:\Program Files (x86)\Arena\Tournaments\Engine Regression Battle 20250913.pgn

No:  B/W 1/2     W:B       1:2           Time        Value Moves Dep 1:2       1-2-Draws
  10 W 2    1.5:0.5        3.5:6.5       4:01:25 AM  +289.96    77 2.571 :2.769  3-6-1
