Engine-Match Saturday, September 13, 2025 10:24:29 PM
 Tournament Game in 10 Minutes 

Pairing 1/3 :    C0BR4_v2.9  -  SlowMate_v3.1

PGN-File: C:\Program Files (x86)\Arena\Tournaments\Engine Battle 20250913.pgn

No:  B/W 1/2     W:B       1:2           Time        Value Moves Dep 1:2       1-2-Draws
   1 B 2    1.0:0.0        0.0:1.0       10:32:18 PM   -17.17    52 4.000 :3.760  0-1-0

--------------------------------------------------------------

Engine-Match Saturday, September 13, 2025 10:32:19 PM
 Tournament Game in 10 Minutes 

Pairing 2/3 :    V7P3R_v10.7  -  C0BR4_v2.9

PGN-File: C:\Program Files (x86)\Arena\Tournaments\Engine Battle 20250913.pgn

No:  B/W 1/2     W:B       1:2           Time        Value Moves Dep 1:2       1-2-Draws
   1 B 2    1.0:0.0        0.0:1.0       10:35:08 PM  -299.97    13 3.364 :4.000  0-1-0

--------------------------------------------------------------

Engine-Match Saturday, September 13, 2025 10:35:09 PM
 Tournament Game in 10 Minutes 

Pairing 3/3 :    SlowMate_v3.1  -  V7P3R_v10.7

PGN-File: C:\Program Files (x86)\Arena\Tournaments\Engine Battle 20250913.pgn

No:  B/W 1/2     W:B       1:2           Time        Value Moves Dep 1:2       1-2-Draws
   1 W 1    1.0:0.0        1.0:0.0       10:52:19 PM   +19.47    67 3.522 :3.067  1-0-0

--------------------------------------------------------------

Engine-Match Saturday, September 13, 2025 10:52:21 PM
 Tournament Game in 10 Minutes 

Pairing 1/3 :    C0BR4_v2.9  -  SlowMate_v3.1

PGN-File: C:\Program Files (x86)\Arena\Tournaments\Engine Battle 20250913.pgn

No:  B/W 1/2     W:B       1:2           Time        Value Moves Dep 1:2       1-2-Draws
   2 = =    0.5:0.5        0.5:1.5       10:58:06 PM    +2.75    33 4.000 :4.263  0-1-1

--------------------------------------------------------------

Engine-Match Saturday, September 13, 2025 10:58:07 PM
 Tournament Game in 10 Minutes 

Pairing 2/3 :    V7P3R_v10.7  -  C0BR4_v2.9

PGN-File: C:\Program Files (x86)\Arena\Tournaments\Engine Battle 20250913.pgn

No:  B/W 1/2     W:B       1:2           Time        Value Moves Dep 1:2       1-2-Draws
   2 W 2    1.0:0.0        0.0:2.0       11:04:30 PM   +30.71    31 3.933 :4.000  0-2-0

--------------------------------------------------------------

Engine-Match Saturday, September 13, 2025 11:04:31 PM
 Tournament Game in 10 Minutes 

Pairing 3/3 :    SlowMate_v3.1  -  V7P3R_v10.7

PGN-File: C:\Program Files (x86)\Arena\Tournaments\Engine Battle 20250913.pgn

No:  B/W 1/2     W:B       1:2           Time        Value Moves Dep 1:2       1-2-Draws
   2 B 1    1.0:0.0        2.0:0.0       11:14:03 PM   -21.11    27 4.200 :3.500  2-0-0

--------------------------------------------------------------

Engine-Match Saturday, September 13, 2025 11:14:04 PM
 Tournament Game in 10 Minutes 

Pairing 1/3 :    C0BR4_v2.9  -  SlowMate_v3.1

PGN-File: C:\Program Files (x86)\Arena\Tournaments\Engine Battle 20250913.pgn

No:  B/W 1/2     W:B       1:2           Time        Value Moves Dep 1:2       1-2-Draws
   3 W 1    1.5:0.5        1.5:1.5       11:16:43 PM  +299.97    13 4.000 :4.000  1-1-1

--------------------------------------------------------------

Engine-Match Saturday, September 13, 2025 11:16:44 PM
 Tournament Game in 10 Minutes 

Pairing 2/3 :    V7P3R_v10.7  -  C0BR4_v2.9

PGN-File: C:\Program Files (x86)\Arena\Tournaments\Engine Battle 20250913.pgn

No:  B/W 1/2     W:B       1:2           Time        Value Moves Dep 1:2       1-2-Draws
   3 * *     0.0:0.0        0.0:2.0       11:17:25 PM    -0.35     3 3.333 :4.000  0-2-0

--------------------------------------------------------------

Engine-Match Saturday, September 13, 2025 11:17:50 PM
 Tournament Game in 10 Minutes 

Pairing 1/6 :    C0BR4_v2.9  -  V7P3R_v10.6

PGN-File: C:\Program Files (x86)\Arena\Tournaments\Engine Battle 20250913.pgn

No:  B/W 1/2     W:B       1:2           Time        Value Moves Dep 1:2       1-2-Draws
   1 W 1    1.0:0.0        1.0:0.0       11:23:09 PM  +299.97    28 3.923 :4.053  1-0-0

--------------------------------------------------------------

Engine-Match Saturday, September 13, 2025 11:23:10 PM
 Tournament Game in 10 Minutes 

Pairing 2/6 :    V7P3R_v10.7  -  SlowMate_v3.1

PGN-File: C:\Program Files (x86)\Arena\Tournaments\Engine Battle 20250913.pgn

No:  B/W 1/2     W:B       1:2           Time        Value Moves Dep 1:2       1-2-Draws
   1 B 2    1.0:0.0        0.0:1.0       11:39:24 PM   -18.99    71 3.171 :3.564  0-1-0

--------------------------------------------------------------

Engine-Match Saturday, September 13, 2025 11:39:25 PM
 Tournament Game in 10 Minutes 

Pairing 3/6 :    V7P3R_v10.7  -  C0BR4_v2.9

PGN-File: C:\Program Files (x86)\Arena\Tournaments\Engine Battle 20250913.pgn

No:  B/W 1/2     W:B       1:2           Time        Value Moves Dep 1:2       1-2-Draws
   1 B 2    1.0:0.0        0.0:1.0       11:44:23 PM  -299.97    32 3.864 :4.000  0-1-0

--------------------------------------------------------------

Engine-Match Saturday, September 13, 2025 11:44:24 PM
 Tournament Game in 10 Minutes 

Pairing 4/6 :    SlowMate_v3.1  -  V7P3R_v10.6

PGN-File: C:\Program Files (x86)\Arena\Tournaments\Engine Battle 20250913.pgn

No:  B/W 1/2     W:B       1:2           Time        Value Moves Dep 1:2       1-2-Draws
   1 = =    0.5:0.5        0.5:0.5       11:56:50 PM     0.00    43 4.038 :4.100  0-0-1

--------------------------------------------------------------

Engine-Match Saturday, September 13, 2025 11:56:51 PM
 Tournament Game in 10 Minutes 

Pairing 5/6 :    C0BR4_v2.9  -  SlowMate_v3.1

PGN-File: C:\Program Files (x86)\Arena\Tournaments\Engine Battle 20250913.pgn

No:  B/W 1/2     W:B       1:2           Time        Value Moves Dep 1:2       1-2-Draws
   1 W 1    1.0:0.0        1.0:0.0       11:59:31 PM  +299.97    13 4.000 :4.000  1-0-0

--------------------------------------------------------------

Engine-Match Saturday, September 13, 2025 11:59:32 PM
 Tournament Game in 10 Minutes 

Pairing 6/6 :    V7P3R_v10.6  -  V7P3R_v10.7

PGN-File: C:\Program Files (x86)\Arena\Tournaments\Engine Battle 20250913.pgn

No:  B/W 1/2     W:B       1:2           Time        Value Moves Dep 1:2       1-2-Draws
   1 W 1    1.0:0.0        1.0:0.0       12:08:53 AM     0.00    33 4.136 :3.429  1-0-0

--------------------------------------------------------------

Engine-Match Sunday, September 14, 2025 12:08:55 AM
 Tournament Game in 10 Minutes 

Pairing 1/6 :    C0BR4_v2.9  -  V7P3R_v10.6

PGN-File: C:\Program Files (x86)\Arena\Tournaments\Engine Battle 20250913.pgn

No:  B/W 1/2     W:B       1:2           Time        Value Moves Dep 1:2       1-2-Draws
   2 = =    0.5:0.5        1.5:0.5       12:12:19 AM    -8.66    23 4.000 :4.111  1-0-1

--------------------------------------------------------------

Engine-Match Sunday, September 14, 2025 12:12:20 AM
 Tournament Game in 10 Minutes 

Pairing 2/6 :    V7P3R_v10.7  -  SlowMate_v3.1

PGN-File: C:\Program Files (x86)\Arena\Tournaments\Engine Battle 20250913.pgn

No:  B/W 1/2     W:B       1:2           Time        Value Moves Dep 1:2       1-2-Draws
   2 W 2    1.0:0.0        0.0:2.0       12:25:28 AM  +289.97    46 3.586 :3.947  0-2-0

--------------------------------------------------------------

Engine-Match Sunday, September 14, 2025 12:25:29 AM
 Tournament Game in 10 Minutes 

Pairing 3/6 :    V7P3R_v10.7  -  C0BR4_v2.9

PGN-File: C:\Program Files (x86)\Arena\Tournaments\Engine Battle 20250913.pgn

No:  B/W 1/2     W:B       1:2           Time        Value Moves Dep 1:2       1-2-Draws
   2 W 2    1.0:0.0        0.0:2.0       12:30:22 AM  +299.97    21 3.444 :3.895  0-2-0

--------------------------------------------------------------

Engine-Match Sunday, September 14, 2025 12:30:23 AM
 Tournament Game in 10 Minutes 

Pairing 4/6 :    SlowMate_v3.1  -  V7P3R_v10.6

PGN-File: C:\Program Files (x86)\Arena\Tournaments\Engine Battle 20250913.pgn

No:  B/W 1/2     W:B       1:2           Time        Value Moves Dep 1:2       1-2-Draws
   2 B 1    1.5:0.5        1.5:0.5       12:46:30 AM    -9.89    61 3.793 :3.808  1-0-1

--------------------------------------------------------------

Engine-Match Sunday, September 14, 2025 12:46:31 AM
 Tournament Game in 10 Minutes 

Pairing 5/6 :    C0BR4_v2.9  -  SlowMate_v3.1

PGN-File: C:\Program Files (x86)\Arena\Tournaments\Engine Battle 20250913.pgn

No:  B/W 1/2     W:B       1:2           Time        Value Moves Dep 1:2       1-2-Draws
   2 W 2    1.0:0.0        1.0:1.0       12:51:16 AM   +11.63    25 4.000 :4.200  1-1-0

--------------------------------------------------------------

Engine-Match Sunday, September 14, 2025 12:51:17 AM
 Tournament Game in 10 Minutes 

Pairing 6/6 :    V7P3R_v10.6  -  V7P3R_v10.7

PGN-File: C:\Program Files (x86)\Arena\Tournaments\Engine Battle 20250913.pgn

No:  B/W 1/2     W:B       1:2           Time        Value Moves Dep 1:2       1-2-Draws
   2 = =    0.5:0.5        1.5:0.5       1:04:11 AM     0.00    66 4.222 :3.500  1-0-1

--------------------------------------------------------------

Engine-Match Sunday, September 14, 2025 1:04:12 AM
 Tournament Game in 10 Minutes 

Pairing 1/6 :    C0BR4_v2.9  -  V7P3R_v10.6

PGN-File: C:\Program Files (x86)\Arena\Tournaments\Engine Battle 20250913.pgn

No:  B/W 1/2     W:B       1:2           Time        Value Moves Dep 1:2       1-2-Draws
   3 = =    1.0:1.0        2.0:1.0       1:10:16 AM    +5.35    38 4.000 :4.143  1-0-2

--------------------------------------------------------------

Engine-Match Sunday, September 14, 2025 1:10:17 AM
 Tournament Game in 10 Minutes 

Pairing 2/6 :    V7P3R_v10.7  -  SlowMate_v3.1

PGN-File: C:\Program Files (x86)\Arena\Tournaments\Engine Battle 20250913.pgn

No:  B/W 1/2     W:B       1:2           Time        Value Moves Dep 1:2       1-2-Draws
   3 W 1    1.0:0.0        1.0:2.0       1:17:56 AM  +289.98    25 3.409 :3.833  1-2-0

--------------------------------------------------------------

Engine-Match Sunday, September 14, 2025 1:17:57 AM
 Tournament Game in 10 Minutes 

Pairing 3/6 :    V7P3R_v10.7  -  C0BR4_v2.9

PGN-File: C:\Program Files (x86)\Arena\Tournaments\Engine Battle 20250913.pgn

No:  B/W 1/2     W:B       1:2           Time        Value Moves Dep 1:2       1-2-Draws
   3 = =    0.5:0.5        0.5:2.5       1:24:48 AM    -5.77    39 3.632 :4.000  0-2-1

--------------------------------------------------------------

Engine-Match Sunday, September 14, 2025 1:24:50 AM
 Tournament Game in 10 Minutes 

Pairing 4/6 :    SlowMate_v3.1  -  V7P3R_v10.6

PGN-File: C:\Program Files (x86)\Arena\Tournaments\Engine Battle 20250913.pgn

No:  B/W 1/2     W:B       1:2           Time        Value Moves Dep 1:2       1-2-Draws
   3 = =    1.0:1.0        2.0:1.0       1:37:07 AM     0.00    43 4.038 :4.100  1-0-2

--------------------------------------------------------------

Engine-Match Sunday, September 14, 2025 1:37:09 AM
 Tournament Game in 10 Minutes 

Pairing 5/6 :    C0BR4_v2.9  -  SlowMate_v3.1

PGN-File: C:\Program Files (x86)\Arena\Tournaments\Engine Battle 20250913.pgn

No:  B/W 1/2     W:B       1:2           Time        Value Moves Dep 1:2       1-2-Draws
   3 = =    0.5:0.5        1.5:1.5       1:42:36 AM    -7.27    31 4.000 :4.100  1-1-1

--------------------------------------------------------------

Engine-Match Sunday, September 14, 2025 1:42:37 AM
 Tournament Game in 10 Minutes 

Pairing 6/6 :    V7P3R_v10.6  -  V7P3R_v10.7

PGN-File: C:\Program Files (x86)\Arena\Tournaments\Engine Battle 20250913.pgn

No:  B/W 1/2     W:B       1:2           Time        Value Moves Dep 1:2       1-2-Draws
   3 W 1    1.5:0.5        2.5:0.5       1:53:14 AM  +289.98    34 4.045 :3.357  2-0-1

--------------------------------------------------------------

Engine-Match Sunday, September 14, 2025 1:53:15 AM
 Tournament Game in 10 Minutes 

Pairing 1/6 :    C0BR4_v2.9  -  V7P3R_v10.6

PGN-File: C:\Program Files (x86)\Arena\Tournaments\Engine Battle 20250913.pgn

No:  B/W 1/2     W:B       1:2           Time        Value Moves Dep 1:2       1-2-Draws
   4 = =    1.5:1.5        2.5:1.5       2:01:34 AM    -5.25    60 4.000 :4.000  1-0-3

--------------------------------------------------------------

Engine-Match Sunday, September 14, 2025 2:01:35 AM
 Tournament Game in 10 Minutes 

Pairing 2/6 :    V7P3R_v10.7  -  SlowMate_v3.1

PGN-File: C:\Program Files (x86)\Arena\Tournaments\Engine Battle 20250913.pgn

No:  B/W 1/2     W:B       1:2           Time        Value Moves Dep 1:2       1-2-Draws
   4 W 2    1.0:0.0        1.0:3.0       2:14:41 AM   +39.61    53 3.424 :4.050  1-3-0

--------------------------------------------------------------

Engine-Match Sunday, September 14, 2025 2:14:47 AM
 Tournament Game in 10 Minutes 

Pairing 3/6 :    V7P3R_v10.7  -  C0BR4_v2.9

PGN-File: C:\Program Files (x86)\Arena\Tournaments\Engine Battle 20250913.pgn

No:  B/W 1/2     W:B       1:2           Time        Value Moves Dep 1:2       1-2-Draws
   4 B 1    1.5:0.5        1.5:2.5       2:22:57 AM   -14.51    62 3.538 :4.000  1-2-1

--------------------------------------------------------------

Engine-Match Sunday, September 14, 2025 2:22:59 AM
 Tournament Game in 10 Minutes 

Pairing 4/6 :    SlowMate_v3.1  -  V7P3R_v10.6

PGN-File: C:\Program Files (x86)\Arena\Tournaments\Engine Battle 20250913.pgn

No:  B/W 1/2     W:B       1:2           Time        Value Moves Dep 1:2       1-2-Draws
   4 B 1    2.0:1.0        3.0:1.0       2:39:58 AM   -23.63    74 3.793 :3.808  2-0-2

--------------------------------------------------------------

Engine-Match Sunday, September 14, 2025 2:40:00 AM
 Tournament Game in 10 Minutes 

Pairing 5/6 :    C0BR4_v2.9  -  SlowMate_v3.1

PGN-File: C:\Program Files (x86)\Arena\Tournaments\Engine Battle 20250913.pgn

No:  B/W 1/2     W:B       1:2           Time        Value Moves Dep 1:2       1-2-Draws
   4 W 2    1.5:0.5        1.5:2.5       2:44:39 AM   +11.63    25 4.000 :4.200  1-2-1

--------------------------------------------------------------

Engine-Match Sunday, September 14, 2025 2:44:41 AM
 Tournament Game in 10 Minutes 

Pairing 6/6 :    V7P3R_v10.6  -  V7P3R_v10.7

PGN-File: C:\Program Files (x86)\Arena\Tournaments\Engine Battle 20250913.pgn

No:  B/W 1/2     W:B       1:2           Time        Value Moves Dep 1:2       1-2-Draws
   4 B 1    1.5:0.5        3.5:0.5       3:01:09 AM   -28.30    88 4.120 :3.393  3-0-1

--------------------------------------------------------------

Engine-Match Sunday, September 14, 2025 3:01:10 AM
 Tournament Game in 10 Minutes 

Pairing 1/6 :    C0BR4_v2.9  -  V7P3R_v10.6

PGN-File: C:\Program Files (x86)\Arena\Tournaments\Engine Battle 20250913.pgn

No:  B/W 1/2     W:B       1:2           Time        Value Moves Dep 1:2       1-2-Draws
   5 = =    2.0:2.0        3.0:2.0       3:06:42 AM    +2.68    43 4.000 :4.207  1-0-4

--------------------------------------------------------------

Engine-Match Sunday, September 14, 2025 3:06:43 AM
 Tournament Game in 10 Minutes 

Pairing 2/6 :    V7P3R_v10.7  -  SlowMate_v3.1

PGN-File: C:\Program Files (x86)\Arena\Tournaments\Engine Battle 20250913.pgn

No:  B/W 1/2     W:B       1:2           Time        Value Moves Dep 1:2       1-2-Draws
   5 B 2    1.0:0.0        1.0:4.0       3:20:56 AM   -22.28    52 3.070 :3.543  1-4-0

--------------------------------------------------------------

Engine-Match Sunday, September 14, 2025 3:20:57 AM
 Tournament Game in 10 Minutes 

Pairing 3/6 :    V7P3R_v10.7  -  C0BR4_v2.9

PGN-File: C:\Program Files (x86)\Arena\Tournaments\Engine Battle 20250913.pgn

No:  B/W 1/2     W:B       1:2           Time        Value Moves Dep 1:2       1-2-Draws
   5 B 2    1.5:0.5        1.5:3.5       3:26:13 AM  -299.97    32 3.407 :4.000  1-3-1

--------------------------------------------------------------

Engine-Match Sunday, September 14, 2025 3:26:15 AM
 Tournament Game in 10 Minutes 

Pairing 4/6 :    SlowMate_v3.1  -  V7P3R_v10.6

PGN-File: C:\Program Files (x86)\Arena\Tournaments\Engine Battle 20250913.pgn

No:  B/W 1/2     W:B       1:2           Time        Value Moves Dep 1:2       1-2-Draws
   5 B 2    2.0:1.0        3.0:2.0       3:40:57 AM  -200.00    61 4.000 :4.100  2-1-2

--------------------------------------------------------------

Engine-Match Sunday, September 14, 2025 3:40:58 AM
 Tournament Game in 10 Minutes 

Pairing 5/6 :    C0BR4_v2.9  -  SlowMate_v3.1

PGN-File: C:\Program Files (x86)\Arena\Tournaments\Engine Battle 20250913.pgn

No:  B/W 1/2     W:B       1:2           Time        Value Moves Dep 1:2       1-2-Draws
   5 B 2    1.5:0.5        1.5:3.5       3:48:21 AM   -17.17    52 4.000 :3.800  1-3-1

--------------------------------------------------------------

Engine-Match Sunday, September 14, 2025 3:48:22 AM
 Tournament Game in 10 Minutes 

Pairing 6/6 :    V7P3R_v10.6  -  V7P3R_v10.7

PGN-File: C:\Program Files (x86)\Arena\Tournaments\Engine Battle 20250913.pgn

No:  B/W 1/2     W:B       1:2           Time        Value Moves Dep 1:2       1-2-Draws
   5 W 1    1.5:0.5        4.5:0.5       3:55:46 AM  +289.99    24 4.471 :3.471  4-0-1

--------------------------------------------------------------

Engine-Match Sunday, September 14, 2025 3:55:47 AM
 Tournament Game in 10 Minutes 

Pairing 1/6 :    C0BR4_v2.9  -  V7P3R_v10.6

PGN-File: C:\Program Files (x86)\Arena\Tournaments\Engine Battle 20250913.pgn

No:  B/W 1/2     W:B       1:2           Time        Value Moves Dep 1:2       1-2-Draws
   6 B 1    3.0:2.0        4.0:2.0       4:01:01 AM   -20.66    38 4.000 :4.353  2-0-4

--------------------------------------------------------------

Engine-Match Sunday, September 14, 2025 4:01:03 AM
 Tournament Game in 10 Minutes 

Pairing 2/6 :    V7P3R_v10.7  -  SlowMate_v3.1

PGN-File: C:\Program Files (x86)\Arena\Tournaments\Engine Battle 20250913.pgn

No:  B/W 1/2     W:B       1:2           Time        Value Moves Dep 1:2       1-2-Draws
   6 B 1    1.0:0.0        2.0:4.0       4:10:11 AM  -289.97    28 3.222 :3.857  2-4-0

--------------------------------------------------------------

Engine-Match Sunday, September 14, 2025 4:10:13 AM
 Tournament Game in 10 Minutes 

Pairing 3/6 :    V7P3R_v10.7  -  C0BR4_v2.9

PGN-File: C:\Program Files (x86)\Arena\Tournaments\Engine Battle 20250913.pgn

No:  B/W 1/2     W:B       1:2           Time        Value Moves Dep 1:2       1-2-Draws
   6 B 1    1.5:0.5        2.5:3.5       4:18:30 AM     0.00    64 3.173 :4.000  2-3-1

--------------------------------------------------------------

Engine-Match Sunday, September 14, 2025 4:18:31 AM
 Tournament Game in 10 Minutes 

Pairing 4/6 :    SlowMate_v3.1  -  V7P3R_v10.6

PGN-File: C:\Program Files (x86)\Arena\Tournaments\Engine Battle 20250913.pgn

No:  B/W 1/2     W:B       1:2           Time        Value Moves Dep 1:2       1-2-Draws
   6 W 2    2.0:1.0        3.0:3.0       4:34:26 AM  +289.98    63 3.759 :3.769  2-2-2

--------------------------------------------------------------

Engine-Match Sunday, September 14, 2025 4:34:27 AM
 Tournament Game in 10 Minutes 

Pairing 5/6 :    C0BR4_v2.9  -  SlowMate_v3.1

PGN-File: C:\Program Files (x86)\Arena\Tournaments\Engine Battle 20250913.pgn

No:  B/W 1/2     W:B       1:2           Time        Value Moves Dep 1:2       1-2-Draws
   6 = =    1.0:1.0        2.0:4.0       4:40:22 AM    -7.14    36 4.000 :4.136  1-3-2

--------------------------------------------------------------

Engine-Match Sunday, September 14, 2025 4:40:23 AM
 Tournament Game in 10 Minutes 

Pairing 6/6 :    V7P3R_v10.6  -  V7P3R_v10.7

PGN-File: C:\Program Files (x86)\Arena\Tournaments\Engine Battle 20250913.pgn

No:  B/W 1/2     W:B       1:2           Time        Value Moves Dep 1:2       1-2-Draws
   6 = =    1.0:1.0        5.0:1.0       4:53:30 AM     0.00    55 4.185 :3.455  4-0-2

--------------------------------------------------------------

Engine-Match Sunday, September 14, 2025 4:53:31 AM
 Tournament Game in 10 Minutes 

Pairing 1/6 :    C0BR4_v2.9  -  V7P3R_v10.6

PGN-File: C:\Program Files (x86)\Arena\Tournaments\Engine Battle 20250913.pgn

No:  B/W 1/2     W:B       1:2           Time        Value Moves Dep 1:2       1-2-Draws
   7 = =    2.5:2.5        4.5:2.5       4:58:27 AM   -10.49    50 4.000 :4.154  2-0-5

--------------------------------------------------------------

Engine-Match Sunday, September 14, 2025 4:58:29 AM
 Tournament Game in 10 Minutes 

Pairing 2/6 :    V7P3R_v10.7  -  SlowMate_v3.1

PGN-File: C:\Program Files (x86)\Arena\Tournaments\Engine Battle 20250913.pgn

No:  B/W 1/2     W:B       1:2           Time        Value Moves Dep 1:2       1-2-Draws
   7 B 2    1.0:0.0        2.0:5.0       5:05:06 AM   -15.52    18 3.600 :4.412  2-5-0

--------------------------------------------------------------

Engine-Match Sunday, September 14, 2025 5:05:08 AM
 Tournament Game in 10 Minutes 

Pairing 3/6 :    V7P3R_v10.7  -  C0BR4_v2.9

PGN-File: C:\Program Files (x86)\Arena\Tournaments\Engine Battle 20250913.pgn

No:  B/W 1/2     W:B       1:2           Time        Value Moves Dep 1:2       1-2-Draws
   7 W 1    1.5:0.5        3.5:3.5       5:11:32 AM     0.00    51 3.462 :4.000  3-3-1

--------------------------------------------------------------

Engine-Match Sunday, September 14, 2025 5:11:33 AM
 Tournament Game in 10 Minutes 

Pairing 4/6 :    SlowMate_v3.1  -  V7P3R_v10.6

PGN-File: C:\Program Files (x86)\Arena\Tournaments\Engine Battle 20250913.pgn

No:  B/W 1/2     W:B       1:2           Time        Value Moves Dep 1:2       1-2-Draws
   7 = =    1.5:1.5        3.5:3.5       5:23:58 AM     0.00    43 4.038 :4.100  2-2-3

--------------------------------------------------------------

Engine-Match Sunday, September 14, 2025 5:24:05 AM
 Tournament Game in 10 Minutes 

Pairing 5/6 :    C0BR4_v2.9  -  SlowMate_v3.1

PGN-File: C:\Program Files (x86)\Arena\Tournaments\Engine Battle 20250913.pgn

No:  B/W 1/2     W:B       1:2           Time        Value Moves Dep 1:2       1-2-Draws
   7 W 1    2.0:1.0        3.0:4.0       5:27:09 AM  +299.97    16 3.867 :3.733  2-3-2

--------------------------------------------------------------

Engine-Match Sunday, September 14, 2025 5:27:10 AM
 Tournament Game in 10 Minutes 

Pairing 6/6 :    V7P3R_v10.6  -  V7P3R_v10.7

PGN-File: C:\Program Files (x86)\Arena\Tournaments\Engine Battle 20250913.pgn

No:  B/W 1/2     W:B       1:2           Time        Value Moves Dep 1:2       1-2-Draws
   7 W 1    2.0:1.0        6.0:1.0       5:32:12 AM   +22.70    15 4.200 :3.615  5-0-2

--------------------------------------------------------------

Engine-Match Sunday, September 14, 2025 5:32:14 AM
 Tournament Game in 10 Minutes 

Pairing 1/6 :    C0BR4_v2.9  -  V7P3R_v10.6

PGN-File: C:\Program Files (x86)\Arena\Tournaments\Engine Battle 20250913.pgn

No:  B/W 1/2     W:B       1:2           Time        Value Moves Dep 1:2       1-2-Draws
   8 = =    3.0:3.0        5.0:3.0       5:38:58 AM   +10.49    78 4.000 :4.389  2-0-6

--------------------------------------------------------------

Engine-Match Sunday, September 14, 2025 5:39:00 AM
 Tournament Game in 10 Minutes 

Pairing 2/6 :    V7P3R_v10.7  -  SlowMate_v3.1

PGN-File: C:\Program Files (x86)\Arena\Tournaments\Engine Battle 20250913.pgn

No:  B/W 1/2     W:B       1:2           Time        Value Moves Dep 1:2       1-2-Draws
   8 = =    0.5:0.5        2.5:5.5       5:52:44 AM    -1.10    51 3.400 :4.059  2-5-1

--------------------------------------------------------------

Engine-Match Sunday, September 14, 2025 5:52:45 AM
 Tournament Game in 10 Minutes 

Pairing 3/6 :    V7P3R_v10.7  -  C0BR4_v2.9

PGN-File: C:\Program Files (x86)\Arena\Tournaments\Engine Battle 20250913.pgn

No:  B/W 1/2     W:B       1:2           Time        Value Moves Dep 1:2       1-2-Draws
   8 W 2    1.5:0.5        3.5:4.5       6:01:44 AM  +299.97    36 3.313 :4.000  3-4-1

--------------------------------------------------------------

Engine-Match Sunday, September 14, 2025 6:01:46 AM
 Tournament Game in 10 Minutes 

Pairing 4/6 :    SlowMate_v3.1  -  V7P3R_v10.6

PGN-File: C:\Program Files (x86)\Arena\Tournaments\Engine Battle 20250913.pgn

No:  B/W 1/2     W:B       1:2           Time        Value Moves Dep 1:2       1-2-Draws
   8 W 2    2.5:1.5        3.5:4.5       6:17:43 AM  +289.98    63 3.793 :3.808  2-3-3

--------------------------------------------------------------

Engine-Match Sunday, September 14, 2025 6:17:44 AM
 Tournament Game in 10 Minutes 

Pairing 5/6 :    C0BR4_v2.9  -  SlowMate_v3.1

PGN-File: C:\Program Files (x86)\Arena\Tournaments\Engine Battle 20250913.pgn

No:  B/W 1/2     W:B       1:2           Time        Value Moves Dep 1:2       1-2-Draws
   8 = =    1.5:1.5        3.5:4.5       6:23:22 AM    -1.30    27 4.000 :3.630  2-3-3

--------------------------------------------------------------

Engine-Match Sunday, September 14, 2025 6:23:23 AM
 Tournament Game in 10 Minutes 

Pairing 6/6 :    V7P3R_v10.6  -  V7P3R_v10.7

PGN-File: C:\Program Files (x86)\Arena\Tournaments\Engine Battle 20250913.pgn

No:  B/W 1/2     W:B       1:2           Time        Value Moves Dep 1:2       1-2-Draws
   8 B 1    2.0:1.0        7.0:1.0       6:35:31 AM     0.00    46 4.000 :3.500  6-0-2

--------------------------------------------------------------

Engine-Match Sunday, September 14, 2025 6:35:33 AM
 Tournament Game in 10 Minutes 

Pairing 1/6 :    C0BR4_v2.9  -  V7P3R_v10.6

PGN-File: C:\Program Files (x86)\Arena\Tournaments\Engine Battle 20250913.pgn

No:  B/W 1/2     W:B       1:2           Time        Value Moves Dep 1:2       1-2-Draws
   9 = =    3.5:3.5        5.5:3.5       6:43:18 AM    +5.50    48 4.000 :4.000  2-0-7

--------------------------------------------------------------

Engine-Match Sunday, September 14, 2025 6:43:20 AM
 Tournament Game in 10 Minutes 

Pairing 2/6 :    V7P3R_v10.7  -  SlowMate_v3.1

PGN-File: C:\Program Files (x86)\Arena\Tournaments\Engine Battle 20250913.pgn

No:  B/W 1/2     W:B       1:2           Time        Value Moves Dep 1:2       1-2-Draws
   9 B 2    1.5:0.5        2.5:6.5       6:55:17 AM   -40.15    46 3.571 :4.438  2-6-1

--------------------------------------------------------------

Engine-Match Sunday, September 14, 2025 6:55:18 AM
 Tournament Game in 10 Minutes 

Pairing 3/6 :    V7P3R_v10.7  -  C0BR4_v2.9

PGN-File: C:\Program Files (x86)\Arena\Tournaments\Engine Battle 20250913.pgn

No:  B/W 1/2     W:B       1:2           Time        Value Moves Dep 1:2       1-2-Draws
   9 W 1    1.5:0.5        4.5:4.5       7:01:43 AM   +10.80    57 3.412 :4.000  4-4-1

--------------------------------------------------------------

Engine-Match Sunday, September 14, 2025 7:01:44 AM
 Tournament Game in 10 Minutes 

Pairing 4/6 :    SlowMate_v3.1  -  V7P3R_v10.6

PGN-File: C:\Program Files (x86)\Arena\Tournaments\Engine Battle 20250913.pgn

No:  B/W 1/2     W:B       1:2           Time        Value Moves Dep 1:2       1-2-Draws
   9 = =    2.0:2.0        4.0:5.0       7:17:49 AM     0.00    77 4.038 :4.100  2-3-4

--------------------------------------------------------------

Engine-Match Sunday, September 14, 2025 7:17:50 AM
 Tournament Game in 10 Minutes 

Pairing 5/6 :    C0BR4_v2.9  -  SlowMate_v3.1

PGN-File: C:\Program Files (x86)\Arena\Tournaments\Engine Battle 20250913.pgn

No:  B/W 1/2     W:B       1:2           Time        Value Moves Dep 1:2       1-2-Draws
   9 B 2    2.5:1.5        3.5:5.5       7:21:46 AM   -12.31    21 4.000 :4.250  2-4-3

--------------------------------------------------------------

Engine-Match Sunday, September 14, 2025 7:21:47 AM
 Tournament Game in 10 Minutes 

Pairing 6/6 :    V7P3R_v10.6  -  V7P3R_v10.7

PGN-File: C:\Program Files (x86)\Arena\Tournaments\Engine Battle 20250913.pgn

No:  B/W 1/2     W:B       1:2           Time        Value Moves Dep 1:2       1-2-Draws
   9 W 1    2.0:1.0        8.0:1.0       7:31:52 AM     0.00    35 4.125 :3.379  7-0-2

--------------------------------------------------------------

Engine-Match Sunday, September 14, 2025 7:31:54 AM
 Tournament Game in 10 Minutes 

Pairing 1/6 :    C0BR4_v2.9  -  V7P3R_v10.6

PGN-File: C:\Program Files (x86)\Arena\Tournaments\Engine Battle 20250913.pgn

No:  B/W 1/2     W:B       1:2           Time        Value Moves Dep 1:2       1-2-Draws
  10 W 2    4.5:3.5        5.5:4.5       7:37:47 AM     0.00    46 3.977 :4.310  2-1-7

--------------------------------------------------------------

Engine-Match Sunday, September 14, 2025 7:37:48 AM
 Tournament Game in 10 Minutes 

Pairing 2/6 :    V7P3R_v10.7  -  SlowMate_v3.1

PGN-File: C:\Program Files (x86)\Arena\Tournaments\Engine Battle 20250913.pgn

No:  B/W 1/2     W:B       1:2           Time        Value Moves Dep 1:2       1-2-Draws
  10 = =    1.0:1.0        3.0:7.0       7:49:25 AM     0.00    38 3.345 :4.000  2-6-2

--------------------------------------------------------------

Engine-Match Sunday, September 14, 2025 7:49:27 AM
 Tournament Game in 10 Minutes 

Pairing 3/6 :    V7P3R_v10.7  -  C0BR4_v2.9

PGN-File: C:\Program Files (x86)\Arena\Tournaments\Engine Battle 20250913.pgn

No:  B/W 1/2     W:B       1:2           Time        Value Moves Dep 1:2       1-2-Draws
  10 W 2    1.5:0.5        4.5:5.5       7:55:05 AM  +299.97    41 3.323 :4.000  4-5-1

--------------------------------------------------------------

Engine-Match Sunday, September 14, 2025 7:55:07 AM
 Tournament Game in 10 Minutes 

Pairing 4/6 :    SlowMate_v3.1  -  V7P3R_v10.6

PGN-File: C:\Program Files (x86)\Arena\Tournaments\Engine Battle 20250913.pgn

No:  B/W 1/2     W:B       1:2           Time        Value Moves Dep 1:2       1-2-Draws
  10 W 2    3.0:2.0        4.0:6.0       8:11:04 AM  +289.98    63 3.793 :3.808  2-4-4

--------------------------------------------------------------

Engine-Match Sunday, September 14, 2025 8:11:05 AM
 Tournament Game in 10 Minutes 

Pairing 5/6 :    C0BR4_v2.9  -  SlowMate_v3.1

PGN-File: C:\Program Files (x86)\Arena\Tournaments\Engine Battle 20250913.pgn

No:  B/W 1/2     W:B       1:2           Time        Value Moves Dep 1:2       1-2-Draws
  10 = =    2.0:2.0        4.0:6.0       8:17:40 AM    +3.54    42 4.000 :4.263  2-4-4

--------------------------------------------------------------

Engine-Match Sunday, September 14, 2025 8:17:42 AM
 Tournament Game in 10 Minutes 

Pairing 6/6 :    V7P3R_v10.6  -  V7P3R_v10.7

PGN-File: C:\Program Files (x86)\Arena\Tournaments\Engine Battle 20250913.pgn

No:  B/W 1/2     W:B       1:2           Time        Value Moves Dep 1:2       1-2-Draws
  10 B 1    2.0:1.0        9.0:1.0       8:32:16 AM     0.00    69 4.000 :3.222  8-0-2
