Engine-Match Friday, October 3, 2025 8:47:12 PM
 Blitz 10/1 

Pairing 1/5 :    V7P3R_v12.5  -  Random_Opponent

PGN-File: C:\Program Files (x86)\Arena\Tournaments\Engine Battle 20251003_2.pgn

No:  B/W 1/2     W:B       1:2           Time        Value Moves Dep 1:2       1-2-Draws
   1 W 1    1.0:0.0        1.0:0.0       8:51:02 PM  +289.98    14 4.333 :0 1-0-0

--------------------------------------------------------------

Engine-Match Friday, October 3, 2025 8:51:03 PM
 Blitz 10/1 

Pairing 2/5 :    V7P3R_v12.5  -  SlowMate_v3.1

PGN-File: C:\Program Files (x86)\Arena\Tournaments\Engine Battle 20251003_2.pgn

No:  B/W 1/2     W:B       1:2           Time        Value Moves Dep 1:2       1-2-Draws
   1 W 1    1.0:0.0        1.0:0.0       9:03:46 PM     0.00    30 4.348 :3.828  1-0-0

--------------------------------------------------------------

Engine-Match Friday, October 3, 2025 9:03:47 PM
 Blitz 10/1 

Pairing 3/5 :    V7P3R_v12.5  -  V7P3R_v12.2

PGN-File: C:\Program Files (x86)\Arena\Tournaments\Engine Battle 20251003_2.pgn

No:  B/W 1/2     W:B       1:2           Time        Value Moves Dep 1:2       1-2-Draws
   1 = =    0.5:0.5        0.5:0.5       9:20:58 PM     0.00    52 4.313 :5.000  0-0-1

--------------------------------------------------------------

Engine-Match Friday, October 3, 2025 9:20:59 PM
 Blitz 10/1 

Pairing 4/5 :    V7P3R_v12.5  -  V7P3R_v12.4

PGN-File: C:\Program Files (x86)\Arena\Tournaments\Engine Battle 20251003_2.pgn

No:  B/W 1/2     W:B       1:2           Time        Value Moves Dep 1:2       1-2-Draws
   1 B 2    1.0:0.0        0.0:1.0       9:34:54 PM   -13.50    64 4.545 :5.182  0-1-0

--------------------------------------------------------------

Engine-Match Friday, October 3, 2025 9:34:55 PM
 Blitz 10/1 

Pairing 5/5 :    V7P3R_v12.5  -  C0BR4_v2.9

PGN-File: C:\Program Files (x86)\Arena\Tournaments\Engine Battle 20251003_2.pgn

No:  B/W 1/2     W:B       1:2           Time        Value Moves Dep 1:2       1-2-Draws
   1 = =    0.5:0.5        0.5:0.5       9:45:07 PM     0.00    60 4.625 :4.000  0-0-1

--------------------------------------------------------------

Engine-Match Friday, October 3, 2025 9:45:08 PM
 Blitz 10/1 

Pairing 1/5 :    V7P3R_v12.5  -  Random_Opponent

PGN-File: C:\Program Files (x86)\Arena\Tournaments\Engine Battle 20251003_2.pgn

No:  B/W 1/2     W:B       1:2           Time        Value Moves Dep 1:2       1-2-Draws
   2 B 1    1.0:0.0        2.0:0.0       9:52:47 PM     0.00    33 4.571 :0 2-0-0

--------------------------------------------------------------

Engine-Match Friday, October 3, 2025 9:52:49 PM
 Blitz 10/1 

Pairing 2/5 :    V7P3R_v12.5  -  SlowMate_v3.1

PGN-File: C:\Program Files (x86)\Arena\Tournaments\Engine Battle 20251003_2.pgn

No:  B/W 1/2     W:B       1:2           Time        Value Moves Dep 1:2       1-2-Draws
   2 = =    0.5:0.5        1.5:0.5       10:14:31 PM     0.00    92 4.412 :3.840  1-0-1

--------------------------------------------------------------

Engine-Match Friday, October 3, 2025 10:14:32 PM
 Blitz 10/1 

Pairing 3/5 :    V7P3R_v12.5  -  V7P3R_v12.2

PGN-File: C:\Program Files (x86)\Arena\Tournaments\Engine Battle 20251003_2.pgn

No:  B/W 1/2     W:B       1:2           Time        Value Moves Dep 1:2       1-2-Draws
   2 = =    1.0:1.0        1.0:1.0       10:29:51 PM    +2.70    55 4.667 :5.273  0-0-2

--------------------------------------------------------------

Engine-Match Friday, October 3, 2025 10:29:52 PM
 Blitz 10/1 

Pairing 4/5 :    V7P3R_v12.5  -  V7P3R_v12.4

PGN-File: C:\Program Files (x86)\Arena\Tournaments\Engine Battle 20251003_2.pgn

No:  B/W 1/2     W:B       1:2           Time        Value Moves Dep 1:2       1-2-Draws
   2 = =    0.5:0.5        0.5:1.5       10:43:50 PM    -6.20    32 4.611 :5.238  0-1-1

--------------------------------------------------------------

Engine-Match Friday, October 3, 2025 10:43:52 PM
 Blitz 10/1 

Pairing 5/5 :    V7P3R_v12.5  -  C0BR4_v2.9

PGN-File: C:\Program Files (x86)\Arena\Tournaments\Engine Battle 20251003_2.pgn

No:  B/W 1/2     W:B       1:2           Time        Value Moves Dep 1:2       1-2-Draws
   2 = =    1.0:1.0        1.0:1.0       10:51:04 PM    -8.90    31 4.318 :4.000  0-0-2
