Engine-Match Friday, October 3, 2025 2:32:46 PM
 Blitz 2/1 

Pairing 1/4 :    C0BR4_v2.9  -  SlowMate_v3.1

PGN-File: C:\Program Files (x86)\Arena\Tournaments\Engine Regression Battle 20251003.pgn

No:  B/W 1/2     W:B       1:2           Time        Value Moves Dep 1:2       1-2-Draws
   1 * *     0.0:0.0        0.0:0.0       2:32:57 PM    -0.25     2 4.000 :0 0-0-0

--------------------------------------------------------------

Engine-Match Friday, October 3, 2025 2:33:25 PM
 Blitz 2/1 

Pairing 1/3 :    V7P3R_v12.4  -  V7P3R_v12.2

PGN-File: C:\Program Files (x86)\Arena\Tournaments\Engine Regression Battle 20251003.pgn

No:  B/W 1/2     W:B       1:2           Time        Value Moves Dep 1:2       1-2-Draws
   1 B 2    1.0:0.0        0.0:1.0       2:35:54 PM     0.00     1 0:0 0-1-0

--------------------------------------------------------------

Engine-Match Friday, October 3, 2025 2:35:55 PM
 Blitz 2/1 

Pairing 2/3 :    V7P3R_v12.4  -  V7P3R_v10.8

PGN-File: C:\Program Files (x86)\Arena\Tournaments\Engine Regression Battle 20251003.pgn

No:  B/W 1/2     W:B       1:2           Time        Value Moves Dep 1:2       1-2-Draws
   1 * *     0.0:0.0        0.0:0.0       2:36:47 PM     0.00     0 0:0 0-0-0

--------------------------------------------------------------

Engine-Match Friday, October 3, 2025 2:52:28 PM
 Blitz 2/1 

Pairing 1/3 :    V7P3R_v12.4  -  V7P3R_v12.2

PGN-File: C:\Program Files (x86)\Arena\Tournaments\Engine Regression Battle 20251003.pgn

No:  B/W 1/2     W:B       1:2           Time        Value Moves Dep 1:2       1-2-Draws
   1 = =    0.5:0.5        0.5:0.5       2:56:17 PM     0.00    38 3.750 :3.909  0-0-1

--------------------------------------------------------------

Engine-Match Friday, October 3, 2025 2:56:19 PM
 Blitz 2/1 

Pairing 2/3 :    V7P3R_v12.4  -  V7P3R_v10.8

PGN-File: C:\Program Files (x86)\Arena\Tournaments\Engine Regression Battle 20251003.pgn

No:  B/W 1/2     W:B       1:2           Time        Value Moves Dep 1:2       1-2-Draws
   1 = =    0.5:0.5        0.5:0.5       2:59:08 PM    +7.89    25 4.118 :3.333  0-0-1

--------------------------------------------------------------

Engine-Match Friday, October 3, 2025 2:59:10 PM
 Blitz 2/1 

Pairing 1/3 :    V7P3R_v12.4  -  V7P3R_v12.2

PGN-File: C:\Program Files (x86)\Arena\Tournaments\Engine Regression Battle 20251003.pgn

No:  B/W 1/2     W:B       1:2           Time        Value Moves Dep 1:2       1-2-Draws
   2 W 2    1.5:0.5        0.5:1.5       3:02:49 PM   +14.10    34 4.063 :3.905  0-1-1

--------------------------------------------------------------

Engine-Match Friday, October 3, 2025 3:02:51 PM
 Blitz 2/1 

Pairing 2/3 :    V7P3R_v12.4  -  V7P3R_v10.8

PGN-File: C:\Program Files (x86)\Arena\Tournaments\Engine Regression Battle 20251003.pgn

No:  B/W 1/2     W:B       1:2           Time        Value Moves Dep 1:2       1-2-Draws
   2 B 1    1.5:0.5        1.5:0.5       3:08:08 PM   -21.82    74 4.000 :3.450  1-0-1

--------------------------------------------------------------

Engine-Match Friday, October 3, 2025 3:08:09 PM
 Blitz 2/1 

Pairing 1/3 :    V7P3R_v12.4  -  V7P3R_v12.2

PGN-File: C:\Program Files (x86)\Arena\Tournaments\Engine Regression Battle 20251003.pgn

No:  B/W 1/2     W:B       1:2           Time        Value Moves Dep 1:2       1-2-Draws
   3 = =    1.0:1.0        1.0:2.0       3:12:22 PM     0.00    57 3.667 :3.909  0-1-2

--------------------------------------------------------------

Engine-Match Friday, October 3, 2025 3:12:23 PM
 Blitz 2/1 

Pairing 2/3 :    V7P3R_v12.4  -  V7P3R_v10.8

PGN-File: C:\Program Files (x86)\Arena\Tournaments\Engine Regression Battle 20251003.pgn

No:  B/W 1/2     W:B       1:2           Time        Value Moves Dep 1:2       1-2-Draws
   3 = =    1.0:1.0        2.0:1.0       3:15:06 PM    +7.89    25 4.118 :3.333  1-0-2

--------------------------------------------------------------

Engine-Match Friday, October 3, 2025 3:15:08 PM
 Blitz 2/1 

Pairing 1/3 :    V7P3R_v12.4  -  V7P3R_v12.2

PGN-File: C:\Program Files (x86)\Arena\Tournaments\Engine Regression Battle 20251003.pgn

No:  B/W 1/2     W:B       1:2           Time        Value Moves Dep 1:2       1-2-Draws
   4 = =    1.5:1.5        1.5:2.5       3:17:35 PM    +9.20    23 4.538 :4.333  0-1-3

--------------------------------------------------------------

Engine-Match Friday, October 3, 2025 3:17:37 PM
 Blitz 2/1 

Pairing 2/3 :    V7P3R_v12.4  -  V7P3R_v10.8

PGN-File: C:\Program Files (x86)\Arena\Tournaments\Engine Regression Battle 20251003.pgn

No:  B/W 1/2     W:B       1:2           Time        Value Moves Dep 1:2       1-2-Draws
   4 B 1    2.0:1.0        3.0:1.0       3:22:53 PM   -21.82    74 4.000 :3.450  2-0-2

--------------------------------------------------------------

Engine-Match Friday, October 3, 2025 3:22:54 PM
 Blitz 2/1 

Pairing 1/3 :    V7P3R_v12.4  -  V7P3R_v12.2

PGN-File: C:\Program Files (x86)\Arena\Tournaments\Engine Regression Battle 20251003.pgn

No:  B/W 1/2     W:B       1:2           Time        Value Moves Dep 1:2       1-2-Draws
   5 = =    2.0:2.0        2.0:3.0       3:28:43 PM   -27.00    76 3.750 :3.909  0-1-4

--------------------------------------------------------------

Engine-Match Friday, October 3, 2025 3:28:45 PM
 Blitz 2/1 

Pairing 2/3 :    V7P3R_v12.4  -  V7P3R_v10.8

PGN-File: C:\Program Files (x86)\Arena\Tournaments\Engine Regression Battle 20251003.pgn

No:  B/W 1/2     W:B       1:2           Time        Value Moves Dep 1:2       1-2-Draws
   5 = =    1.5:1.5        3.5:1.5       3:33:06 PM     0.00    44 4.032 :3.263  2-0-3

--------------------------------------------------------------

Engine-Match Friday, October 3, 2025 3:33:07 PM
 Blitz 2/1 

Pairing 1/3 :    V7P3R_v12.4  -  V7P3R_v12.2

PGN-File: C:\Program Files (x86)\Arena\Tournaments\Engine Regression Battle 20251003.pgn

No:  B/W 1/2     W:B       1:2           Time        Value Moves Dep 1:2       1-2-Draws
   6 W 2    3.0:2.0        2.0:4.0       3:36:48 PM   +14.10    34 4.063 :3.905  0-2-4

--------------------------------------------------------------

Engine-Match Friday, October 3, 2025 3:36:50 PM
 Blitz 2/1 

Pairing 2/3 :    V7P3R_v12.4  -  V7P3R_v10.8

PGN-File: C:\Program Files (x86)\Arena\Tournaments\Engine Regression Battle 20251003.pgn

No:  B/W 1/2     W:B       1:2           Time        Value Moves Dep 1:2       1-2-Draws
   6 = =    2.0:2.0        4.0:2.0       3:41:09 PM   -10.91    57 4.000 :3.450  2-0-4

--------------------------------------------------------------

Engine-Match Friday, October 3, 2025 3:41:11 PM
 Blitz 2/1 

Pairing 1/3 :    V7P3R_v12.4  -  V7P3R_v12.2

PGN-File: C:\Program Files (x86)\Arena\Tournaments\Engine Regression Battle 20251003.pgn

No:  B/W 1/2     W:B       1:2           Time        Value Moves Dep 1:2       1-2-Draws
   7 = =    2.5:2.5        2.5:4.5       3:45:29 PM     0.00    41 3.750 :3.909  0-2-5

--------------------------------------------------------------

Engine-Match Friday, October 3, 2025 3:45:30 PM
 Blitz 2/1 

Pairing 2/3 :    V7P3R_v12.4  -  V7P3R_v10.8

PGN-File: C:\Program Files (x86)\Arena\Tournaments\Engine Regression Battle 20251003.pgn

No:  B/W 1/2     W:B       1:2           Time        Value Moves Dep 1:2       1-2-Draws
   7 = =    2.5:2.5        4.5:2.5       3:49:51 PM     0.00    44 4.032 :3.263  2-0-5

--------------------------------------------------------------

Engine-Match Friday, October 3, 2025 3:49:52 PM
 Blitz 2/1 

Pairing 1/3 :    V7P3R_v12.4  -  V7P3R_v12.2

PGN-File: C:\Program Files (x86)\Arena\Tournaments\Engine Regression Battle 20251003.pgn

No:  B/W 1/2     W:B       1:2           Time        Value Moves Dep 1:2       1-2-Draws
   8 W 2    3.5:2.5        2.5:5.5       3:53:33 PM   +14.10    34 4.063 :3.905  0-3-5

--------------------------------------------------------------

Engine-Match Friday, October 3, 2025 3:53:34 PM
 Blitz 2/1 

Pairing 2/3 :    V7P3R_v12.4  -  V7P3R_v10.8

PGN-File: C:\Program Files (x86)\Arena\Tournaments\Engine Regression Battle 20251003.pgn

No:  B/W 1/2     W:B       1:2           Time        Value Moves Dep 1:2       1-2-Draws
   8 = =    3.0:3.0        5.0:3.0       3:58:38 PM   -10.71    68 4.000 :3.450  2-0-6

--------------------------------------------------------------

Engine-Match Friday, October 3, 2025 3:58:39 PM
 Blitz 2/1 

Pairing 1/3 :    V7P3R_v12.4  -  V7P3R_v12.2

PGN-File: C:\Program Files (x86)\Arena\Tournaments\Engine Regression Battle 20251003.pgn

No:  B/W 1/2     W:B       1:2           Time        Value Moves Dep 1:2       1-2-Draws
   9 = =    3.0:3.0        3.0:6.0       4:04:59 PM     0.00    84 3.366 :3.463  0-3-6

--------------------------------------------------------------

Engine-Match Friday, October 3, 2025 4:05:00 PM
 Blitz 2/1 

Pairing 2/3 :    V7P3R_v12.4  -  V7P3R_v10.8

PGN-File: C:\Program Files (x86)\Arena\Tournaments\Engine Regression Battle 20251003.pgn

No:  B/W 1/2     W:B       1:2           Time        Value Moves Dep 1:2       1-2-Draws
   9 B 2    4.0:3.0        5.0:4.0       4:09:43 PM  -289.96    51 3.525 :2.813  2-1-6

--------------------------------------------------------------

Engine-Match Friday, October 3, 2025 4:09:45 PM
 Blitz 2/1 

Pairing 1/3 :    V7P3R_v12.4  -  V7P3R_v12.2

PGN-File: C:\Program Files (x86)\Arena\Tournaments\Engine Regression Battle 20251003.pgn

No:  B/W 1/2     W:B       1:2           Time        Value Moves Dep 1:2       1-2-Draws
  10 W 2    4.0:3.0        3.0:7.0       4:14:50 PM   +34.90    60 4.273 :4.364  0-4-6

--------------------------------------------------------------

Engine-Match Friday, October 3, 2025 4:14:51 PM
 Blitz 2/1 

Pairing 2/3 :    V7P3R_v12.4  -  V7P3R_v10.8

PGN-File: C:\Program Files (x86)\Arena\Tournaments\Engine Regression Battle 20251003.pgn

No:  B/W 1/2     W:B       1:2           Time        Value Moves Dep 1:2       1-2-Draws
  10 W 2    4.0:3.0        5.0:5.0       4:17:46 PM  +289.96    29 4.000 :3.167  2-2-6

--------------------------------------------------------------

Engine-Match Friday, October 3, 2025 4:17:52 PM
 Blitz 2/1 

Pairing 1/3 :    V7P3R_v12.4  -  V7P3R_v12.2

PGN-File: C:\Program Files (x86)\Arena\Tournaments\Engine Regression Battle 20251003.pgn

No:  B/W 1/2     W:B       1:2           Time        Value Moves Dep 1:2       1-2-Draws
  10 B 1    4.0:3.0        4.0:7.0       4:22:14 PM     0.00    44 4.048 :4.143  1-4-6

--------------------------------------------------------------

Engine-Match Friday, October 3, 2025 4:22:15 PM
 Blitz 2/1 

Pairing 2/3 :    V7P3R_v12.4  -  V7P3R_v10.8

PGN-File: C:\Program Files (x86)\Arena\Tournaments\Engine Regression Battle 20251003.pgn

No:  B/W 1/2     W:B       1:2           Time        Value Moves Dep 1:2       1-2-Draws
  10 W 2    4.0:3.0        5.0:6.0       4:25:11 PM  +289.97    30 4.000 :3.160  2-3-6

--------------------------------------------------------------

Engine-Match Friday, October 3, 2025 4:25:12 PM
 Blitz 2/1 

Pairing 1/3 :    V7P3R_v12.4  -  V7P3R_v12.2

PGN-File: C:\Program Files (x86)\Arena\Tournaments\Engine Regression Battle 20251003.pgn

No:  B/W 1/2     W:B       1:2           Time        Value Moves Dep 1:2       1-2-Draws
  10 = =    3.5:3.5        4.5:7.5       4:31:06 PM     0.00    81 3.889 :3.636  1-4-7

--------------------------------------------------------------

Engine-Match Friday, October 3, 2025 4:31:08 PM
 Blitz 2/1 

Pairing 2/3 :    V7P3R_v12.4  -  V7P3R_v10.8

PGN-File: C:\Program Files (x86)\Arena\Tournaments\Engine Regression Battle 20251003.pgn

No:  B/W 1/2     W:B       1:2           Time        Value Moves Dep 1:2       1-2-Draws
  10 W 2    4.0:3.0        5.0:7.0       4:33:55 PM  +289.97    30 4.000 :3.120  2-4-6

--------------------------------------------------------------

Engine-Match Friday, October 3, 2025 4:33:57 PM
 Blitz 2/1 

Pairing 1/3 :    V7P3R_v12.4  -  V7P3R_v12.2

PGN-File: C:\Program Files (x86)\Arena\Tournaments\Engine Regression Battle 20251003.pgn

No:  B/W 1/2     W:B       1:2           Time        Value Moves Dep 1:2       1-2-Draws
  10 = =    4.0:4.0        5.0:8.0       4:40:17 PM     0.00    80 3.784 :3.649  1-4-8

--------------------------------------------------------------

Engine-Match Friday, October 3, 2025 4:40:18 PM
 Blitz 2/1 

Pairing 2/3 :    V7P3R_v12.4  -  V7P3R_v10.8

PGN-File: C:\Program Files (x86)\Arena\Tournaments\Engine Regression Battle 20251003.pgn

No:  B/W 1/2     W:B       1:2           Time        Value Moves Dep 1:2       1-2-Draws
  10 W 2    4.0:3.0        5.0:8.0       4:43:09 PM  +289.96    29 3.944 :3.167  2-5-6

--------------------------------------------------------------

Engine-Match Friday, October 3, 2025 4:43:11 PM
 Blitz 2/1 

Pairing 1/3 :    V7P3R_v12.4  -  V7P3R_v12.2

PGN-File: C:\Program Files (x86)\Arena\Tournaments\Engine Regression Battle 20251003.pgn

No:  B/W 1/2     W:B       1:2           Time        Value Moves Dep 1:2       1-2-Draws
  10 * *     4.0:4.0        5.0:8.0       4:45:13 PM    -7.30    21 4.000 :4.214  1-4-8

--------------------------------------------------------------

Engine-Match Friday, October 3, 2025 4:45:33 PM
 Blitz 2/1 

Pairing 1/3 :    V7P3R_v12.4  -  V7P3R_v12.2

PGN-File: C:\Program Files (x86)\Arena\Tournaments\Engine Regression Battle 20251003.pgn

No:  B/W 1/2     W:B       1:2           Time        Value Moves Dep 1:2       1-2-Draws
  10 * *     4.0:4.0        5.0:8.0       4:50:09 PM    +4.90    54 3.909 :4.100  1-4-8

--------------------------------------------------------------

Engine-Match Friday, October 3, 2025 4:51:04 PM
 Blitz 2/1 

Pairing 1/3 :    V7P3R_v12.4  -  V7P3R_v12.2

PGN-File: C:\Program Files (x86)\Arena\Tournaments\Engine Regression Battle 20251003.pgn

No:  B/W 1/2     W:B       1:2           Time        Value Moves Dep 1:2       1-2-Draws
   1 = =    0.5:0.5        0.5:0.5       4:54:53 PM     0.00    38 3.833 :3.846  0-0-1

--------------------------------------------------------------

Engine-Match Friday, October 3, 2025 4:54:55 PM
 Blitz 2/1 

Pairing 2/3 :    V7P3R_v12.4  -  V7P3R_v10.8

PGN-File: C:\Program Files (x86)\Arena\Tournaments\Engine Regression Battle 20251003.pgn

No:  B/W 1/2     W:B       1:2           Time        Value Moves Dep 1:2       1-2-Draws
   1 B 2    1.0:0.0        0.0:1.0       4:58:51 PM  -289.97    46 4.267 :3.265  0-1-0

--------------------------------------------------------------

Engine-Match Friday, October 3, 2025 4:58:52 PM
 Blitz 2/1 

Pairing 1/3 :    V7P3R_v12.4  -  V7P3R_v12.2

PGN-File: C:\Program Files (x86)\Arena\Tournaments\Engine Regression Battle 20251003.pgn

No:  B/W 1/2     W:B       1:2           Time        Value Moves Dep 1:2       1-2-Draws
   2 W 2    1.5:0.5        0.5:1.5       5:02:54 PM     0.00    47 4.313 :4.176  0-1-1

--------------------------------------------------------------

Engine-Match Friday, October 3, 2025 5:02:55 PM
 Blitz 2/1 

Pairing 2/3 :    V7P3R_v12.4  -  V7P3R_v10.8

PGN-File: C:\Program Files (x86)\Arena\Tournaments\Engine Regression Battle 20251003.pgn

No:  B/W 1/2     W:B       1:2           Time        Value Moves Dep 1:2       1-2-Draws
   2 B 1    1.0:0.0        1.0:1.0       5:06:41 PM    -9.46    37 3.810 :3.154  1-1-0

--------------------------------------------------------------

Engine-Match Friday, October 3, 2025 5:06:43 PM
 Blitz 2/1 

Pairing 1/3 :    V7P3R_v12.4  -  V7P3R_v12.2

PGN-File: C:\Program Files (x86)\Arena\Tournaments\Engine Regression Battle 20251003.pgn

No:  B/W 1/2     W:B       1:2           Time        Value Moves Dep 1:2       1-2-Draws
   3 = =    1.0:1.0        1.0:2.0       5:10:43 PM     0.00    44 3.833 :3.846  0-1-2

--------------------------------------------------------------

Engine-Match Friday, October 3, 2025 5:10:45 PM
 Blitz 2/1 

Pairing 2/3 :    V7P3R_v12.4  -  V7P3R_v10.8

PGN-File: C:\Program Files (x86)\Arena\Tournaments\Engine Regression Battle 20251003.pgn

No:  B/W 1/2     W:B       1:2           Time        Value Moves Dep 1:2       1-2-Draws
   3 B 2    1.0:0.0        1.0:2.0       5:14:46 PM  -289.97    48 4.267 :3.306  1-2-0

--------------------------------------------------------------

Engine-Match Friday, October 3, 2025 5:14:47 PM
 Blitz 2/1 

Pairing 1/3 :    V7P3R_v12.4  -  V7P3R_v12.2

PGN-File: C:\Program Files (x86)\Arena\Tournaments\Engine Regression Battle 20251003.pgn

No:  B/W 1/2     W:B       1:2           Time        Value Moves Dep 1:2       1-2-Draws
   4 = =    1.5:1.5        1.5:2.5       5:18:42 PM     0.00    48 4.286 :4.211  0-1-3

--------------------------------------------------------------

Engine-Match Friday, October 3, 2025 5:18:44 PM
 Blitz 2/1 

Pairing 2/3 :    V7P3R_v12.4  -  V7P3R_v10.8

PGN-File: C:\Program Files (x86)\Arena\Tournaments\Engine Regression Battle 20251003.pgn

No:  B/W 1/2     W:B       1:2           Time        Value Moves Dep 1:2       1-2-Draws
   4 = =    0.5:0.5        1.5:2.5       5:23:26 PM     0.00    57 3.818 :3.148  1-2-1

--------------------------------------------------------------

Engine-Match Friday, October 3, 2025 5:23:28 PM
 Blitz 2/1 

Pairing 1/3 :    V7P3R_v12.4  -  V7P3R_v12.2

PGN-File: C:\Program Files (x86)\Arena\Tournaments\Engine Regression Battle 20251003.pgn

No:  B/W 1/2     W:B       1:2           Time        Value Moves Dep 1:2       1-2-Draws
   5 W 1    2.5:1.5        2.5:2.5       5:26:35 PM  +289.98    30 4.000 :4.000  1-1-3

--------------------------------------------------------------

Engine-Match Friday, October 3, 2025 5:26:36 PM
 Blitz 2/1 

Pairing 2/3 :    V7P3R_v12.4  -  V7P3R_v10.8

PGN-File: C:\Program Files (x86)\Arena\Tournaments\Engine Regression Battle 20251003.pgn

No:  B/W 1/2     W:B       1:2           Time        Value Moves Dep 1:2       1-2-Draws
   5 W 1    1.5:0.5        2.5:2.5       5:31:25 PM   +15.05    59 4.214 :3.235  2-2-1

--------------------------------------------------------------

Engine-Match Friday, October 3, 2025 5:31:26 PM
 Blitz 2/1 

Pairing 1/3 :    V7P3R_v12.4  -  V7P3R_v12.2

PGN-File: C:\Program Files (x86)\Arena\Tournaments\Engine Regression Battle 20251003.pgn

No:  B/W 1/2     W:B       1:2           Time        Value Moves Dep 1:2       1-2-Draws
   6 W 2    2.5:1.5        2.5:3.5       5:35:24 PM   +18.40    43 4.286 :4.316  1-2-3

--------------------------------------------------------------

Engine-Match Friday, October 3, 2025 5:35:25 PM
 Blitz 2/1 

Pairing 2/3 :    V7P3R_v12.4  -  V7P3R_v10.8

PGN-File: C:\Program Files (x86)\Arena\Tournaments\Engine Regression Battle 20251003.pgn

No:  B/W 1/2     W:B       1:2           Time        Value Moves Dep 1:2       1-2-Draws
   6 B 1    1.5:0.5        3.5:2.5       5:39:50 PM     0.00    51 3.818 :3.148  3-2-1

--------------------------------------------------------------

Engine-Match Friday, October 3, 2025 5:39:51 PM
 Blitz 2/1 

Pairing 1/3 :    V7P3R_v12.4  -  V7P3R_v12.2

PGN-File: C:\Program Files (x86)\Arena\Tournaments\Engine Regression Battle 20251003.pgn

No:  B/W 1/2     W:B       1:2           Time        Value Moves Dep 1:2       1-2-Draws
   7 B 2    2.5:1.5        2.5:4.5       5:44:08 PM   -15.00    52 3.750 :3.909  1-3-3

--------------------------------------------------------------

Engine-Match Friday, October 3, 2025 5:44:10 PM
 Blitz 2/1 

Pairing 2/3 :    V7P3R_v12.4  -  V7P3R_v10.8

PGN-File: C:\Program Files (x86)\Arena\Tournaments\Engine Regression Battle 20251003.pgn

No:  B/W 1/2     W:B       1:2           Time        Value Moves Dep 1:2       1-2-Draws
   7 B 2    1.5:0.5        3.5:3.5       5:48:19 PM     0.00    50 4.250 :3.333  3-3-1

--------------------------------------------------------------

Engine-Match Friday, October 3, 2025 5:48:21 PM
 Blitz 2/1 

Pairing 1/3 :    V7P3R_v12.4  -  V7P3R_v12.2

PGN-File: C:\Program Files (x86)\Arena\Tournaments\Engine Regression Battle 20251003.pgn

No:  B/W 1/2     W:B       1:2           Time        Value Moves Dep 1:2       1-2-Draws
   8 B 1    2.5:1.5        3.5:4.5       5:53:20 PM   -22.60    54 3.852 :4.040  2-3-3

--------------------------------------------------------------

Engine-Match Friday, October 3, 2025 5:53:21 PM
 Blitz 2/1 

Pairing 2/3 :    V7P3R_v12.4  -  V7P3R_v10.8

PGN-File: C:\Program Files (x86)\Arena\Tournaments\Engine Regression Battle 20251003.pgn

No:  B/W 1/2     W:B       1:2           Time        Value Moves Dep 1:2       1-2-Draws
   8 B 1    1.5:0.5        4.5:3.5       5:57:03 PM    -9.46    37 3.810 :3.115  4-3-1

--------------------------------------------------------------

Engine-Match Friday, October 3, 2025 5:57:05 PM
 Blitz 2/1 

Pairing 1/3 :    V7P3R_v12.4  -  V7P3R_v12.2

PGN-File: C:\Program Files (x86)\Arena\Tournaments\Engine Regression Battle 20251003.pgn

No:  B/W 1/2     W:B       1:2           Time        Value Moves Dep 1:2       1-2-Draws
   9 W 1    2.5:1.5        4.5:4.5       6:00:14 PM  +289.98    30 3.917 :4.000  3-3-3

--------------------------------------------------------------

Engine-Match Friday, October 3, 2025 6:00:15 PM
 Blitz 2/1 

Pairing 2/3 :    V7P3R_v12.4  -  V7P3R_v10.8

PGN-File: C:\Program Files (x86)\Arena\Tournaments\Engine Regression Battle 20251003.pgn

No:  B/W 1/2     W:B       1:2           Time        Value Moves Dep 1:2       1-2-Draws
   9 W 1    1.5:0.5        5.5:3.5       6:03:37 PM   +12.01    34 4.111 :3.273  5-3-1

--------------------------------------------------------------

Engine-Match Friday, October 3, 2025 6:03:38 PM
 Blitz 2/1 

Pairing 1/3 :    V7P3R_v12.4  -  V7P3R_v12.2

PGN-File: C:\Program Files (x86)\Arena\Tournaments\Engine Regression Battle 20251003.pgn

No:  B/W 1/2     W:B       1:2           Time        Value Moves Dep 1:2       1-2-Draws
  10 B 1    2.5:1.5        5.5:4.5       6:08:46 PM  -289.98    57 3.852 :4.040  4-3-3

--------------------------------------------------------------

Engine-Match Friday, October 3, 2025 6:08:48 PM
 Blitz 2/1 

Pairing 2/3 :    V7P3R_v12.4  -  V7P3R_v10.8

PGN-File: C:\Program Files (x86)\Arena\Tournaments\Engine Regression Battle 20251003.pgn

No:  B/W 1/2     W:B       1:2           Time        Value Moves Dep 1:2       1-2-Draws
  10 B 1    1.5:0.5        6.5:3.5       6:12:35 PM    -9.46    37 3.810 :3.115  6-3-1

--------------------------------------------------------------

Engine-Match Friday, October 3, 2025 6:12:42 PM
 Blitz 2/1 

Pairing 1/3 :    V7P3R_v12.4  -  V7P3R_v12.2

PGN-File: C:\Program Files (x86)\Arena\Tournaments\Engine Regression Battle 20251003.pgn

No:  B/W 1/2     W:B       1:2           Time        Value Moves Dep 1:2       1-2-Draws
  10 = =    2.0:2.0        6.0:5.0       6:17:09 PM    +4.10    51 4.200 :3.917  4-3-4

--------------------------------------------------------------

Engine-Match Friday, October 3, 2025 6:17:11 PM
 Blitz 2/1 

Pairing 2/3 :    V7P3R_v12.4  -  V7P3R_v10.8

PGN-File: C:\Program Files (x86)\Arena\Tournaments\Engine Regression Battle 20251003.pgn

No:  B/W 1/2     W:B       1:2           Time        Value Moves Dep 1:2       1-2-Draws
  10 = =    1.0:1.0        7.0:4.0       6:21:20 PM    +3.25    36 3.571 :2.914  6-3-2

--------------------------------------------------------------

Engine-Match Friday, October 3, 2025 6:21:22 PM
 Blitz 2/1 

Pairing 1/3 :    V7P3R_v12.4  -  V7P3R_v12.2

PGN-File: C:\Program Files (x86)\Arena\Tournaments\Engine Regression Battle 20251003.pgn

No:  B/W 1/2     W:B       1:2           Time        Value Moves Dep 1:2       1-2-Draws
  10 = =    2.5:2.5        6.5:5.5       6:25:30 PM    -0.10    57 4.100 :3.692  4-3-5

--------------------------------------------------------------

Engine-Match Friday, October 3, 2025 6:25:32 PM
 Blitz 2/1 

Pairing 2/3 :    V7P3R_v12.4  -  V7P3R_v10.8

PGN-File: C:\Program Files (x86)\Arena\Tournaments\Engine Regression Battle 20251003.pgn

No:  B/W 1/2     W:B       1:2           Time        Value Moves Dep 1:2       1-2-Draws
  10 = =    1.5:1.5        7.5:4.5       6:31:08 PM     0.00    76 3.636 :3.000  6-3-3

--------------------------------------------------------------

Engine-Match Friday, October 3, 2025 6:31:09 PM
 Blitz 2/1 

Pairing 1/3 :    V7P3R_v12.4  -  V7P3R_v12.2

PGN-File: C:\Program Files (x86)\Arena\Tournaments\Engine Regression Battle 20251003.pgn

No:  B/W 1/2     W:B       1:2           Time        Value Moves Dep 1:2       1-2-Draws
  10 W 2    3.5:2.5        6.5:6.5       6:33:12 PM     0.00    16 4.273 :3.923  4-4-5

--------------------------------------------------------------

Engine-Match Friday, October 3, 2025 6:33:13 PM
 Blitz 2/1 

Pairing 2/3 :    V7P3R_v12.4  -  V7P3R_v10.8

PGN-File: C:\Program Files (x86)\Arena\Tournaments\Engine Regression Battle 20251003.pgn

No:  B/W 1/2     W:B       1:2           Time        Value Moves Dep 1:2       1-2-Draws
  10 B 1    2.5:1.5        8.5:4.5       6:37:51 PM    -9.19    49 3.762 :3.038  7-3-3

--------------------------------------------------------------

Engine-Match Friday, October 3, 2025 6:37:53 PM
 Blitz 2/1 

Pairing 1/3 :    V7P3R_v12.4  -  V7P3R_v12.2

PGN-File: C:\Program Files (x86)\Arena\Tournaments\Engine Regression Battle 20251003.pgn

No:  B/W 1/2     W:B       1:2           Time        Value Moves Dep 1:2       1-2-Draws
  10 B 1    3.5:2.5        7.5:6.5       6:42:09 PM   -35.40    41 4.048 :4.190  5-4-5

--------------------------------------------------------------

Engine-Match Friday, October 3, 2025 6:42:10 PM
 Blitz 2/1 

Pairing 2/3 :    V7P3R_v12.4  -  V7P3R_v10.8

PGN-File: C:\Program Files (x86)\Arena\Tournaments\Engine Regression Battle 20251003.pgn

No:  B/W 1/2     W:B       1:2           Time        Value Moves Dep 1:2       1-2-Draws
  10 B 1    2.5:1.5        9.5:4.5       6:45:55 PM    -9.46    37 3.810 :3.115  8-3-3

--------------------------------------------------------------

Engine-Match Friday, October 3, 2025 6:45:56 PM
 Blitz 2/1 

Pairing 1/3 :    V7P3R_v12.4  -  V7P3R_v12.2

PGN-File: C:\Program Files (x86)\Arena\Tournaments\Engine Regression Battle 20251003.pgn

No:  B/W 1/2     W:B       1:2           Time        Value Moves Dep 1:2       1-2-Draws
  10 B 1    3.5:2.5        8.5:6.5       6:49:26 PM     0.00    34 3.920 :4.227  6-4-5

--------------------------------------------------------------

Engine-Match Friday, October 3, 2025 6:49:27 PM
 Blitz 2/1 

Pairing 2/3 :    V7P3R_v12.4  -  V7P3R_v10.8

PGN-File: C:\Program Files (x86)\Arena\Tournaments\Engine Regression Battle 20251003.pgn

No:  B/W 1/2     W:B       1:2           Time        Value Moves Dep 1:2       1-2-Draws
  10 = =    2.0:2.0        10.0:5.0      6:54:43 PM   -29.80    67 3.762 :3.038  8-3-4
