Engine-Match Friday, October 3, 2025 5:34:13 PM
 Blitz 2/1 

Pairing 1/10 :    V7P3R_v12.4  -  Random_Opponent

PGN-File: C:\Program Files (x86)\Arena\Tournaments\Engine Battle 20251003.pgn

No:  B/W 1/2     W:B       1:2           Time        Value Moves Dep 1:2       1-2-Draws
   1 W 1    1.0:0.0        1.0:0.0       5:35:30 PM     0.00    17 4.250 :0 1-0-0

--------------------------------------------------------------

Engine-Match Friday, October 3, 2025 5:35:32 PM
 Blitz 2/1 

Pairing 2/10 :    SlowMate_v3.1  -  V7P3R_v12.2

PGN-File: C:\Program Files (x86)\Arena\Tournaments\Engine Battle 20251003.pgn

No:  B/W 1/2     W:B       1:2           Time        Value Moves Dep 1:2       1-2-Draws
   1 B 2    1.0:0.0        0.0:1.0       5:40:34 PM   -17.89    57 3.160 :3.944  0-1-0

--------------------------------------------------------------

Engine-Match Friday, October 3, 2025 5:40:35 PM
 Blitz 2/1 

Pairing 3/10 :    C0BR4_v2.9  -  SlowMate_v3.1

PGN-File: C:\Program Files (x86)\Arena\Tournaments\Engine Battle 20251003.pgn

No:  B/W 1/2     W:B       1:2           Time        Value Moves Dep 1:2       1-2-Draws
   1 = =    0.5:0.5        0.5:0.5       5:41:23 PM   +11.31    12 4.000 :3.545  0-0-1

--------------------------------------------------------------

Engine-Match Friday, October 3, 2025 5:41:25 PM
 Blitz 2/1 

Pairing 4/10 :    V7P3R_v12.2  -  V7P3R_v12.4

PGN-File: C:\Program Files (x86)\Arena\Tournaments\Engine Battle 20251003.pgn

No:  B/W 1/2     W:B       1:2           Time        Value Moves Dep 1:2       1-2-Draws
   1 = =    0.5:0.5        0.5:0.5       5:47:02 PM    +6.20    72 4.000 :3.846  0-0-1

--------------------------------------------------------------

Engine-Match Friday, October 3, 2025 5:47:04 PM
 Blitz 2/1 

Pairing 5/10 :    Random_Opponent  -  V7P3R_v12.2

PGN-File: C:\Program Files (x86)\Arena\Tournaments\Engine Battle 20251003.pgn

No:  B/W 1/2     W:B       1:2           Time        Value Moves Dep 1:2       1-2-Draws
   1 B 2    1.0:0.0        0.0:1.0       5:47:59 PM  -289.97    13 0:4.000  0-1-0

--------------------------------------------------------------

Engine-Match Friday, October 3, 2025 5:48:01 PM
 Blitz 2/1 

Pairing 6/10 :    V7P3R_v12.4  -  C0BR4_v2.9

PGN-File: C:\Program Files (x86)\Arena\Tournaments\Engine Battle 20251003.pgn

No:  B/W 1/2     W:B       1:2           Time        Value Moves Dep 1:2       1-2-Draws
   1 = =    0.5:0.5        0.5:0.5       5:50:48 PM    +1.55    39 3.882 :4.000  0-0-1

--------------------------------------------------------------

Engine-Match Friday, October 3, 2025 5:50:49 PM
 Blitz 2/1 

Pairing 7/10 :    SlowMate_v3.1  -  V7P3R_v12.4

PGN-File: C:\Program Files (x86)\Arena\Tournaments\Engine Battle 20251003.pgn

No:  B/W 1/2     W:B       1:2           Time        Value Moves Dep 1:2       1-2-Draws
   1 W 1    1.0:0.0        1.0:0.0       5:54:55 PM    +9.60    39 3.000 :3.938  1-0-0

--------------------------------------------------------------

Engine-Match Friday, October 3, 2025 5:54:56 PM
 Blitz 2/1 

Pairing 8/10 :    C0BR4_v2.9  -  Random_Opponent

PGN-File: C:\Program Files (x86)\Arena\Tournaments\Engine Battle 20251003.pgn

No:  B/W 1/2     W:B       1:2           Time        Value Moves Dep 1:2       1-2-Draws
   1 W 1    1.0:0.0        1.0:0.0       5:55:02 PM  +299.97     5 3.333 :0 1-0-0

--------------------------------------------------------------

Engine-Match Friday, October 3, 2025 5:55:03 PM
 Blitz 2/1 

Pairing 9/10 :    V7P3R_v12.2  -  C0BR4_v2.9

PGN-File: C:\Program Files (x86)\Arena\Tournaments\Engine Battle 20251003.pgn

No:  B/W 1/2     W:B       1:2           Time        Value Moves Dep 1:2       1-2-Draws
   1 = =    0.5:0.5        0.5:0.5       5:58:18 PM     0.00    43 3.657 :4.000  0-0-1

--------------------------------------------------------------

Engine-Match Friday, October 3, 2025 5:58:19 PM
 Blitz 2/1 

Pairing 10/10 :    Random_Opponent  -  SlowMate_v3.1

PGN-File: C:\Program Files (x86)\Arena\Tournaments\Engine Battle 20251003.pgn

No:  B/W 1/2     W:B       1:2           Time        Value Moves Dep 1:2       1-2-Draws
   1 = =    0.5:0.5        0.5:0.5       5:59:45 PM  -166.11    25 0:3.440  0-0-1

--------------------------------------------------------------

Engine-Match Friday, October 3, 2025 5:59:46 PM
 Blitz 2/1 

Pairing 1/10 :    V7P3R_v12.4  -  Random_Opponent

PGN-File: C:\Program Files (x86)\Arena\Tournaments\Engine Battle 20251003.pgn

No:  B/W 1/2     W:B       1:2           Time        Value Moves Dep 1:2       1-2-Draws
   2 B 1    1.0:0.0        2.0:0.0       6:00:56 PM  -289.97    20 4.125 :0 2-0-0

--------------------------------------------------------------

Engine-Match Friday, October 3, 2025 6:00:58 PM
 Blitz 2/1 

Pairing 2/10 :    SlowMate_v3.1  -  V7P3R_v12.2

PGN-File: C:\Program Files (x86)\Arena\Tournaments\Engine Battle 20251003.pgn

No:  B/W 1/2     W:B       1:2           Time        Value Moves Dep 1:2       1-2-Draws
   2 = =    0.5:0.5        0.5:1.5       6:05:00 PM     0.00    37 2.806 :3.759  0-1-1

--------------------------------------------------------------

Engine-Match Friday, October 3, 2025 6:05:01 PM
 Blitz 2/1 

Pairing 3/10 :    C0BR4_v2.9  -  SlowMate_v3.1

PGN-File: C:\Program Files (x86)\Arena\Tournaments\Engine Battle 20251003.pgn

No:  B/W 1/2     W:B       1:2           Time        Value Moves Dep 1:2       1-2-Draws
   2 B 1    1.5:0.5        1.5:0.5       6:06:56 PM   -15.53    29 4.000 :2.931  1-0-1

--------------------------------------------------------------

Engine-Match Friday, October 3, 2025 6:06:57 PM
 Blitz 2/1 

Pairing 4/10 :    V7P3R_v12.2  -  V7P3R_v12.4

PGN-File: C:\Program Files (x86)\Arena\Tournaments\Engine Battle 20251003.pgn

No:  B/W 1/2     W:B       1:2           Time        Value Moves Dep 1:2       1-2-Draws
   2 W 2    1.5:0.5        0.5:1.5       6:10:05 PM  +289.98    30 4.000 :3.917  0-1-1

--------------------------------------------------------------

Engine-Match Friday, October 3, 2025 6:10:06 PM
 Blitz 2/1 

Pairing 5/10 :    Random_Opponent  -  V7P3R_v12.2

PGN-File: C:\Program Files (x86)\Arena\Tournaments\Engine Battle 20251003.pgn

No:  B/W 1/2     W:B       1:2           Time        Value Moves Dep 1:2       1-2-Draws
   2 W 2    1.0:0.0        0.0:2.0       6:11:06 PM     0.00    15 0:4.000  0-2-0

--------------------------------------------------------------

Engine-Match Friday, October 3, 2025 6:11:08 PM
 Blitz 2/1 

Pairing 6/10 :    V7P3R_v12.4  -  C0BR4_v2.9

PGN-File: C:\Program Files (x86)\Arena\Tournaments\Engine Battle 20251003.pgn

No:  B/W 1/2     W:B       1:2           Time        Value Moves Dep 1:2       1-2-Draws
   2 W 2    1.5:0.5        0.5:1.5       6:12:36 PM  +299.97    16 3.500 :3.857  0-1-1

--------------------------------------------------------------

Engine-Match Friday, October 3, 2025 6:12:38 PM
 Blitz 2/1 

Pairing 7/10 :    SlowMate_v3.1  -  V7P3R_v12.4

PGN-File: C:\Program Files (x86)\Arena\Tournaments\Engine Battle 20251003.pgn

No:  B/W 1/2     W:B       1:2           Time        Value Moves Dep 1:2       1-2-Draws
   2 = =    0.5:0.5        1.5:0.5       6:18:36 PM    +2.00    73 3.056 :3.383  1-0-1

--------------------------------------------------------------

Engine-Match Friday, October 3, 2025 6:18:37 PM
 Blitz 2/1 

Pairing 8/10 :    C0BR4_v2.9  -  Random_Opponent

PGN-File: C:\Program Files (x86)\Arena\Tournaments\Engine Battle 20251003.pgn

No:  B/W 1/2     W:B       1:2           Time        Value Moves Dep 1:2       1-2-Draws
   2 B 1    1.0:0.0        2.0:0.0       6:18:49 PM  -299.97    13 4.000 :0 2-0-0

--------------------------------------------------------------

Engine-Match Friday, October 3, 2025 6:18:50 PM
 Blitz 2/1 

Pairing 9/10 :    V7P3R_v12.2  -  C0BR4_v2.9

PGN-File: C:\Program Files (x86)\Arena\Tournaments\Engine Battle 20251003.pgn

No:  B/W 1/2     W:B       1:2           Time        Value Moves Dep 1:2       1-2-Draws
   2 = =    1.0:1.0        1.0:1.0       6:21:31 PM    +1.64    41 3.692 :4.000  0-0-2

--------------------------------------------------------------

Engine-Match Friday, October 3, 2025 6:21:33 PM
 Blitz 2/1 

Pairing 10/10 :    Random_Opponent  -  SlowMate_v3.1

PGN-File: C:\Program Files (x86)\Arena\Tournaments\Engine Battle 20251003.pgn

No:  B/W 1/2     W:B       1:2           Time        Value Moves Dep 1:2       1-2-Draws
   2 W 2    1.5:0.5        0.5:1.5       6:22:19 PM  +182.95    12 0:2.917  0-1-1

--------------------------------------------------------------

Engine-Match Friday, October 3, 2025 6:22:26 PM
 Blitz 2/1 

Pairing 1/10 :    V7P3R_v12.4  -  Random_Opponent

PGN-File: C:\Program Files (x86)\Arena\Tournaments\Engine Battle 20251003.pgn

No:  B/W 1/2     W:B       1:2           Time        Value Moves Dep 1:2       1-2-Draws
   3 W 1    1.0:0.0        3.0:0.0       6:23:55 PM  +289.97    17 3.867 :0 3-0-0

--------------------------------------------------------------

Engine-Match Friday, October 3, 2025 6:23:56 PM
 Blitz 2/1 

Pairing 2/10 :    SlowMate_v3.1  -  V7P3R_v12.2

PGN-File: C:\Program Files (x86)\Arena\Tournaments\Engine Battle 20251003.pgn

No:  B/W 1/2     W:B       1:2           Time        Value Moves Dep 1:2       1-2-Draws
   3 = =    1.0:1.0        1.0:2.0       6:28:30 PM    -1.94    44 3.160 :4.000  0-1-2

--------------------------------------------------------------

Engine-Match Friday, October 3, 2025 6:28:32 PM
 Blitz 2/1 

Pairing 3/10 :    C0BR4_v2.9  -  SlowMate_v3.1

PGN-File: C:\Program Files (x86)\Arena\Tournaments\Engine Battle 20251003.pgn

No:  B/W 1/2     W:B       1:2           Time        Value Moves Dep 1:2       1-2-Draws
   3 B 2    1.5:0.5        1.5:1.5       6:29:33 PM  -180.51    15 3.923 :3.267  1-1-1

--------------------------------------------------------------

Engine-Match Friday, October 3, 2025 6:29:35 PM
 Blitz 2/1 

Pairing 4/10 :    V7P3R_v12.2  -  V7P3R_v12.4

PGN-File: C:\Program Files (x86)\Arena\Tournaments\Engine Battle 20251003.pgn

No:  B/W 1/2     W:B       1:2           Time        Value Moves Dep 1:2       1-2-Draws
   3 B 2    1.5:0.5        0.5:2.5       6:34:01 PM   -21.30    46 3.935 :3.844  0-2-1

--------------------------------------------------------------

Engine-Match Friday, October 3, 2025 6:34:02 PM
 Blitz 2/1 

Pairing 5/10 :    Random_Opponent  -  V7P3R_v12.2

PGN-File: C:\Program Files (x86)\Arena\Tournaments\Engine Battle 20251003.pgn

No:  B/W 1/2     W:B       1:2           Time        Value Moves Dep 1:2       1-2-Draws
   3 B 2    1.0:0.0        0.0:3.0       6:36:10 PM  -289.96    32 0:3.926  0-3-0

--------------------------------------------------------------

Engine-Match Friday, October 3, 2025 6:36:11 PM
 Blitz 2/1 

Pairing 6/10 :    V7P3R_v12.4  -  C0BR4_v2.9

PGN-File: C:\Program Files (x86)\Arena\Tournaments\Engine Battle 20251003.pgn

No:  B/W 1/2     W:B       1:2           Time        Value Moves Dep 1:2       1-2-Draws
   3 = =    1.0:1.0        1.0:2.0       6:39:04 PM   -11.00    52 3.857 :4.000  0-1-2

--------------------------------------------------------------

Engine-Match Friday, October 3, 2025 6:39:06 PM
 Blitz 2/1 

Pairing 7/10 :    SlowMate_v3.1  -  V7P3R_v12.4

PGN-File: C:\Program Files (x86)\Arena\Tournaments\Engine Battle 20251003.pgn

No:  B/W 1/2     W:B       1:2           Time        Value Moves Dep 1:2       1-2-Draws
   3 W 1    1.5:0.5        2.5:0.5       6:43:32 PM   +14.60    43 3.000 :3.938  2-0-1

--------------------------------------------------------------

Engine-Match Friday, October 3, 2025 6:43:33 PM
 Blitz 2/1 

Pairing 8/10 :    C0BR4_v2.9  -  Random_Opponent

PGN-File: C:\Program Files (x86)\Arena\Tournaments\Engine Battle 20251003.pgn

No:  B/W 1/2     W:B       1:2           Time        Value Moves Dep 1:2       1-2-Draws
   3 W 1    1.0:0.0        3.0:0.0       6:43:49 PM  +299.97    16 3.857 :0 3-0-0

--------------------------------------------------------------

Engine-Match Friday, October 3, 2025 6:43:50 PM
 Blitz 2/1 

Pairing 9/10 :    V7P3R_v12.2  -  C0BR4_v2.9

PGN-File: C:\Program Files (x86)\Arena\Tournaments\Engine Battle 20251003.pgn

No:  B/W 1/2     W:B       1:2           Time        Value Moves Dep 1:2       1-2-Draws
   3 B 2    2.0:1.0        1.0:2.0       6:46:54 PM   -25.40    58 3.650 :4.000  0-1-2

--------------------------------------------------------------

Engine-Match Friday, October 3, 2025 6:46:55 PM
 Blitz 2/1 

Pairing 10/10 :    Random_Opponent  -  SlowMate_v3.1

PGN-File: C:\Program Files (x86)\Arena\Tournaments\Engine Battle 20251003.pgn

No:  B/W 1/2     W:B       1:2           Time        Value Moves Dep 1:2       1-2-Draws
   3 = =    1.0:1.0        1.0:2.0       6:48:47 PM  -200.00    35 0:3.229  0-1-2

--------------------------------------------------------------

Engine-Match Friday, October 3, 2025 6:48:48 PM
 Blitz 2/1 

Pairing 1/10 :    V7P3R_v12.4  -  Random_Opponent

PGN-File: C:\Program Files (x86)\Arena\Tournaments\Engine Battle 20251003.pgn

No:  B/W 1/2     W:B       1:2           Time        Value Moves Dep 1:2       1-2-Draws
   4 = =    0.5:0.5        3.5:0.5       6:50:26 PM   -43.20    24 3.947 :0 3-0-1

--------------------------------------------------------------

Engine-Match Friday, October 3, 2025 6:50:27 PM
 Blitz 2/1 

Pairing 2/10 :    SlowMate_v3.1  -  V7P3R_v12.2

PGN-File: C:\Program Files (x86)\Arena\Tournaments\Engine Battle 20251003.pgn

No:  B/W 1/2     W:B       1:2           Time        Value Moves Dep 1:2       1-2-Draws
   4 B 1    2.0:1.0        2.0:2.0       6:53:11 PM  -121.76    21 2.667 :3.611  1-1-2

--------------------------------------------------------------

Engine-Match Friday, October 3, 2025 6:53:12 PM
 Blitz 2/1 

Pairing 3/10 :    C0BR4_v2.9  -  SlowMate_v3.1

PGN-File: C:\Program Files (x86)\Arena\Tournaments\Engine Battle 20251003.pgn

No:  B/W 1/2     W:B       1:2           Time        Value Moves Dep 1:2       1-2-Draws
   4 B 1    1.5:0.5        2.5:1.5       6:54:53 PM  -299.97    26 4.000 :3.000  2-1-1

--------------------------------------------------------------

Engine-Match Friday, October 3, 2025 6:54:54 PM
 Blitz 2/1 

Pairing 4/10 :    V7P3R_v12.2  -  V7P3R_v12.4

PGN-File: C:\Program Files (x86)\Arena\Tournaments\Engine Battle 20251003.pgn

No:  B/W 1/2     W:B       1:2           Time        Value Moves Dep 1:2       1-2-Draws
   4 = =    1.0:1.0        1.0:3.0       6:57:56 PM     0.00    30 3.929 :3.917  0-2-2

--------------------------------------------------------------

Engine-Match Friday, October 3, 2025 6:57:57 PM
 Blitz 2/1 

Pairing 5/10 :    Random_Opponent  -  V7P3R_v12.2

PGN-File: C:\Program Files (x86)\Arena\Tournaments\Engine Battle 20251003.pgn

No:  B/W 1/2     W:B       1:2           Time        Value Moves Dep 1:2       1-2-Draws
   4 W 2    1.0:0.0        0.0:4.0       6:58:45 PM  +289.97    10 0:4.000  0-4-0

--------------------------------------------------------------

Engine-Match Friday, October 3, 2025 6:58:46 PM
 Blitz 2/1 

Pairing 6/10 :    V7P3R_v12.4  -  C0BR4_v2.9

PGN-File: C:\Program Files (x86)\Arena\Tournaments\Engine Battle 20251003.pgn

No:  B/W 1/2     W:B       1:2           Time        Value Moves Dep 1:2       1-2-Draws
   4 W 2    2.0:1.0        1.0:3.0       7:00:09 PM  +299.97    16 3.429 :3.857  0-2-2

--------------------------------------------------------------

Engine-Match Friday, October 3, 2025 7:00:10 PM
 Blitz 2/1 

Pairing 7/10 :    SlowMate_v3.1  -  V7P3R_v12.4

PGN-File: C:\Program Files (x86)\Arena\Tournaments\Engine Battle 20251003.pgn

No:  B/W 1/2     W:B       1:2           Time        Value Moves Dep 1:2       1-2-Draws
   4 = =    1.0:1.0        3.0:1.0       7:04:05 PM    -1.13    36 2.774 :3.462  2-0-2

--------------------------------------------------------------

Engine-Match Friday, October 3, 2025 7:04:06 PM
 Blitz 2/1 

Pairing 8/10 :    C0BR4_v2.9  -  Random_Opponent

PGN-File: C:\Program Files (x86)\Arena\Tournaments\Engine Battle 20251003.pgn

No:  B/W 1/2     W:B       1:2           Time        Value Moves Dep 1:2       1-2-Draws
   4 B 1    1.0:0.0        4.0:0.0       7:04:13 PM  -299.97     6 3.500 :0 4-0-0

--------------------------------------------------------------

Engine-Match Friday, October 3, 2025 7:04:14 PM
 Blitz 2/1 

Pairing 9/10 :    V7P3R_v12.2  -  C0BR4_v2.9

PGN-File: C:\Program Files (x86)\Arena\Tournaments\Engine Battle 20251003.pgn

No:  B/W 1/2     W:B       1:2           Time        Value Moves Dep 1:2       1-2-Draws
   4 W 2    2.0:1.0        1.0:3.0       7:06:20 PM  +299.97    27 3.600 :4.000  0-2-2

--------------------------------------------------------------

Engine-Match Friday, October 3, 2025 7:06:21 PM
 Blitz 2/1 

Pairing 10/10 :    Random_Opponent  -  SlowMate_v3.1

PGN-File: C:\Program Files (x86)\Arena\Tournaments\Engine Battle 20251003.pgn

No:  B/W 1/2     W:B       1:2           Time        Value Moves Dep 1:2       1-2-Draws
   4 W 2    2.0:1.0        1.0:3.0       7:07:08 PM   +72.40    12 0:3.333  0-2-2

--------------------------------------------------------------

Engine-Match Friday, October 3, 2025 7:07:15 PM
 Blitz 2/1 

Pairing 1/10 :    V7P3R_v12.4  -  Random_Opponent

PGN-File: C:\Program Files (x86)\Arena\Tournaments\Engine Battle 20251003.pgn

No:  B/W 1/2     W:B       1:2           Time        Value Moves Dep 1:2       1-2-Draws
   5 W 1    1.5:0.5        4.5:0.5       7:08:27 PM  +289.97    13 3.923 :0 4-0-1

--------------------------------------------------------------

Engine-Match Friday, October 3, 2025 7:08:29 PM
 Blitz 2/1 

Pairing 2/10 :    SlowMate_v3.1  -  V7P3R_v12.2

PGN-File: C:\Program Files (x86)\Arena\Tournaments\Engine Battle 20251003.pgn

No:  B/W 1/2     W:B       1:2           Time        Value Moves Dep 1:2       1-2-Draws
   5 B 2    2.0:1.0        2.0:3.0       7:15:00 PM   -11.69    86 3.080 :3.944  1-2-2

--------------------------------------------------------------

Engine-Match Friday, October 3, 2025 7:15:01 PM
 Blitz 2/1 

Pairing 3/10 :    C0BR4_v2.9  -  SlowMate_v3.1

PGN-File: C:\Program Files (x86)\Arena\Tournaments\Engine Battle 20251003.pgn

No:  B/W 1/2     W:B       1:2           Time        Value Moves Dep 1:2       1-2-Draws
   5 B 2    1.5:0.5        2.5:2.5       7:18:02 PM    -9.26    49 4.000 :2.667  2-2-1

--------------------------------------------------------------

Engine-Match Friday, October 3, 2025 7:18:03 PM
 Blitz 2/1 

Pairing 4/10 :    V7P3R_v12.2  -  V7P3R_v12.4

PGN-File: C:\Program Files (x86)\Arena\Tournaments\Engine Battle 20251003.pgn

No:  B/W 1/2     W:B       1:2           Time        Value Moves Dep 1:2       1-2-Draws
   5 W 1    2.0:1.0        2.0:3.0       7:20:03 PM     0.00    16 3.923 :4.273  1-2-2

--------------------------------------------------------------

Engine-Match Friday, October 3, 2025 7:20:04 PM
 Blitz 2/1 

Pairing 5/10 :    Random_Opponent  -  V7P3R_v12.2

PGN-File: C:\Program Files (x86)\Arena\Tournaments\Engine Battle 20251003.pgn

No:  B/W 1/2     W:B       1:2           Time        Value Moves Dep 1:2       1-2-Draws
   5 B 2    1.0:0.0        0.0:5.0       7:21:08 PM  -289.97    15 0:4.000  0-5-0

--------------------------------------------------------------

Engine-Match Friday, October 3, 2025 7:21:10 PM
 Blitz 2/1 

Pairing 6/10 :    V7P3R_v12.4  -  C0BR4_v2.9

PGN-File: C:\Program Files (x86)\Arena\Tournaments\Engine Battle 20251003.pgn

No:  B/W 1/2     W:B       1:2           Time        Value Moves Dep 1:2       1-2-Draws
   5 B 2    2.0:1.0        1.0:4.0       7:22:37 PM  -299.97    18 3.941 :4.000  0-3-2

--------------------------------------------------------------

Engine-Match Friday, October 3, 2025 7:22:38 PM
 Blitz 2/1 

Pairing 7/10 :    SlowMate_v3.1  -  V7P3R_v12.4

PGN-File: C:\Program Files (x86)\Arena\Tournaments\Engine Battle 20251003.pgn

No:  B/W 1/2     W:B       1:2           Time        Value Moves Dep 1:2       1-2-Draws
   5 = =    1.5:1.5        3.5:1.5       7:27:30 PM    +7.88    51 3.326 :3.657  2-0-3

--------------------------------------------------------------

Engine-Match Friday, October 3, 2025 7:27:32 PM
 Blitz 2/1 

Pairing 8/10 :    C0BR4_v2.9  -  Random_Opponent

PGN-File: C:\Program Files (x86)\Arena\Tournaments\Engine Battle 20251003.pgn

No:  B/W 1/2     W:B       1:2           Time        Value Moves Dep 1:2       1-2-Draws
   5 W 1    1.0:0.0        5.0:0.0       7:27:41 PM  +299.97    13 3.833 :0 5-0-0

--------------------------------------------------------------

Engine-Match Friday, October 3, 2025 7:27:42 PM
 Blitz 2/1 

Pairing 9/10 :    V7P3R_v12.2  -  C0BR4_v2.9

PGN-File: C:\Program Files (x86)\Arena\Tournaments\Engine Battle 20251003.pgn

No:  B/W 1/2     W:B       1:2           Time        Value Moves Dep 1:2       1-2-Draws
   5 W 1    2.0:1.0        2.0:3.0       7:30:35 PM    +9.53    57 3.944 :4.000  1-2-2

--------------------------------------------------------------

Engine-Match Friday, October 3, 2025 7:30:37 PM
 Blitz 2/1 

Pairing 10/10 :    Random_Opponent  -  SlowMate_v3.1

PGN-File: C:\Program Files (x86)\Arena\Tournaments\Engine Battle 20251003.pgn

No:  B/W 1/2     W:B       1:2           Time        Value Moves Dep 1:2       1-2-Draws
   5 = =    1.5:1.5        1.5:3.5       7:32:38 PM  -200.00    38 0:3.105  0-2-3

--------------------------------------------------------------

Engine-Match Friday, October 3, 2025 7:32:39 PM
 Blitz 2/1 

Pairing 1/10 :    V7P3R_v12.4  -  Random_Opponent

PGN-File: C:\Program Files (x86)\Arena\Tournaments\Engine Battle 20251003.pgn

No:  B/W 1/2     W:B       1:2           Time        Value Moves Dep 1:2       1-2-Draws
   6 B 1    1.5:0.5        5.5:0.5       7:33:56 PM  -289.98    16 4.067 :0 5-0-1

--------------------------------------------------------------

Engine-Match Friday, October 3, 2025 7:33:58 PM
 Blitz 2/1 

Pairing 2/10 :    SlowMate_v3.1  -  V7P3R_v12.2

PGN-File: C:\Program Files (x86)\Arena\Tournaments\Engine Battle 20251003.pgn

No:  B/W 1/2     W:B       1:2           Time        Value Moves Dep 1:2       1-2-Draws
   6 B 1    2.0:1.0        3.0:3.0       7:37:57 PM  -188.91    35 2.743 :3.643  2-2-2

--------------------------------------------------------------

Engine-Match Friday, October 3, 2025 7:37:58 PM
 Blitz 2/1 

Pairing 3/10 :    C0BR4_v2.9  -  SlowMate_v3.1

PGN-File: C:\Program Files (x86)\Arena\Tournaments\Engine Battle 20251003.pgn

No:  B/W 1/2     W:B       1:2           Time        Value Moves Dep 1:2       1-2-Draws
   6 = =    1.0:1.0        3.0:3.0       7:41:05 PM    -8.35    57 4.000 :3.041  2-2-2

--------------------------------------------------------------

Engine-Match Friday, October 3, 2025 7:41:06 PM
 Blitz 2/1 

Pairing 4/10 :    V7P3R_v12.2  -  V7P3R_v12.4

PGN-File: C:\Program Files (x86)\Arena\Tournaments\Engine Battle 20251003.pgn

No:  B/W 1/2     W:B       1:2           Time        Value Moves Dep 1:2       1-2-Draws
   6 W 2    2.0:1.0        2.0:4.0       7:44:15 PM  +289.98    30 3.867 :3.917  1-3-2

--------------------------------------------------------------

Engine-Match Friday, October 3, 2025 7:44:16 PM
 Blitz 2/1 

Pairing 5/10 :    Random_Opponent  -  V7P3R_v12.2

PGN-File: C:\Program Files (x86)\Arena\Tournaments\Engine Battle 20251003.pgn

No:  B/W 1/2     W:B       1:2           Time        Value Moves Dep 1:2       1-2-Draws
   6 W 2    1.0:0.0        0.0:6.0       7:45:14 PM  +289.98    13 0:4.385  0-6-0

--------------------------------------------------------------

Engine-Match Friday, October 3, 2025 7:45:15 PM
 Blitz 2/1 

Pairing 6/10 :    V7P3R_v12.4  -  C0BR4_v2.9

PGN-File: C:\Program Files (x86)\Arena\Tournaments\Engine Battle 20251003.pgn

No:  B/W 1/2     W:B       1:2           Time        Value Moves Dep 1:2       1-2-Draws
   6 = =    1.5:1.5        1.5:4.5       7:48:20 PM     0.00    47 3.517 :4.000  0-3-3

--------------------------------------------------------------

Engine-Match Friday, October 3, 2025 7:48:22 PM
 Blitz 2/1 

Pairing 7/10 :    SlowMate_v3.1  -  V7P3R_v12.4

PGN-File: C:\Program Files (x86)\Arena\Tournaments\Engine Battle 20251003.pgn

No:  B/W 1/2     W:B       1:2           Time        Value Moves Dep 1:2       1-2-Draws
   6 = =    2.0:2.0        4.0:2.0       7:52:17 PM    -1.13    36 2.839 :3.500  2-0-4

--------------------------------------------------------------

Engine-Match Friday, October 3, 2025 7:52:18 PM
 Blitz 2/1 

Pairing 8/10 :    C0BR4_v2.9  -  Random_Opponent

PGN-File: C:\Program Files (x86)\Arena\Tournaments\Engine Battle 20251003.pgn

No:  B/W 1/2     W:B       1:2           Time        Value Moves Dep 1:2       1-2-Draws
   6 B 1    1.0:0.0        6.0:0.0       7:52:26 PM  -299.97     9 3.714 :0 6-0-0

--------------------------------------------------------------

Engine-Match Friday, October 3, 2025 7:52:27 PM
 Blitz 2/1 

Pairing 9/10 :    V7P3R_v12.2  -  C0BR4_v2.9

PGN-File: C:\Program Files (x86)\Arena\Tournaments\Engine Battle 20251003.pgn

No:  B/W 1/2     W:B       1:2           Time        Value Moves Dep 1:2       1-2-Draws
   6 = =    1.5:1.5        2.5:3.5       7:55:52 PM    +4.82    49 3.483 :4.000  1-2-3

--------------------------------------------------------------

Engine-Match Friday, October 3, 2025 7:55:53 PM
 Blitz 2/1 

Pairing 10/10 :    Random_Opponent  -  SlowMate_v3.1

PGN-File: C:\Program Files (x86)\Arena\Tournaments\Engine Battle 20251003.pgn

No:  B/W 1/2     W:B       1:2           Time        Value Moves Dep 1:2       1-2-Draws
   6 W 2    2.5:1.5        1.5:4.5       7:57:19 PM  +181.21    25 0:3.360  0-3-3

--------------------------------------------------------------

Engine-Match Friday, October 3, 2025 7:57:26 PM
 Blitz 2/1 

Pairing 1/10 :    V7P3R_v12.4  -  Random_Opponent

PGN-File: C:\Program Files (x86)\Arena\Tournaments\Engine Battle 20251003.pgn

No:  B/W 1/2     W:B       1:2           Time        Value Moves Dep 1:2       1-2-Draws
   7 W 1    1.5:0.5        6.5:0.5       7:59:07 PM     0.00    30 4.238 :0 6-0-1

--------------------------------------------------------------

Engine-Match Friday, October 3, 2025 7:59:08 PM
 Blitz 2/1 

Pairing 2/10 :    SlowMate_v3.1  -  V7P3R_v12.2

PGN-File: C:\Program Files (x86)\Arena\Tournaments\Engine Battle 20251003.pgn

No:  B/W 1/2     W:B       1:2           Time        Value Moves Dep 1:2       1-2-Draws
   7 = =    1.5:1.5        3.5:3.5       8:04:19 PM    -6.83    58 3.120 :3.944  2-2-3

--------------------------------------------------------------

Engine-Match Friday, October 3, 2025 8:04:20 PM
 Blitz 2/1 

Pairing 3/10 :    C0BR4_v2.9  -  SlowMate_v3.1

PGN-File: C:\Program Files (x86)\Arena\Tournaments\Engine Battle 20251003.pgn

No:  B/W 1/2     W:B       1:2           Time        Value Moves Dep 1:2       1-2-Draws
   7 W 1    2.0:1.0        4.0:3.0       8:05:34 PM   +76.52    18 4.000 :3.333  3-2-2

--------------------------------------------------------------

Engine-Match Friday, October 3, 2025 8:05:35 PM
 Blitz 2/1 

Pairing 4/10 :    V7P3R_v12.2  -  V7P3R_v12.4

PGN-File: C:\Program Files (x86)\Arena\Tournaments\Engine Battle 20251003.pgn

No:  B/W 1/2     W:B       1:2           Time        Value Moves Dep 1:2       1-2-Draws
   7 W 1    2.0:1.0        3.0:4.0       8:09:08 PM  +289.98    34 3.824 :4.143  2-3-2

--------------------------------------------------------------

Engine-Match Friday, October 3, 2025 8:09:09 PM
 Blitz 2/1 

Pairing 5/10 :    Random_Opponent  -  V7P3R_v12.2

PGN-File: C:\Program Files (x86)\Arena\Tournaments\Engine Battle 20251003.pgn

No:  B/W 1/2     W:B       1:2           Time        Value Moves Dep 1:2       1-2-Draws
   7 B 2    1.0:0.0        0.0:7.0       8:10:53 PM  -289.98    19 0:3.944  0-7-0

--------------------------------------------------------------

Engine-Match Friday, October 3, 2025 8:10:55 PM
 Blitz 2/1 

Pairing 6/10 :    V7P3R_v12.4  -  C0BR4_v2.9

PGN-File: C:\Program Files (x86)\Arena\Tournaments\Engine Battle 20251003.pgn

No:  B/W 1/2     W:B       1:2           Time        Value Moves Dep 1:2       1-2-Draws
   7 = =    2.0:2.0        2.0:5.0       8:13:03 PM    -2.08    25 3.619 :4.000  0-3-4

--------------------------------------------------------------

Engine-Match Friday, October 3, 2025 8:13:04 PM
 Blitz 2/1 

Pairing 7/10 :    SlowMate_v3.1  -  V7P3R_v12.4

PGN-File: C:\Program Files (x86)\Arena\Tournaments\Engine Battle 20251003.pgn

No:  B/W 1/2     W:B       1:2           Time        Value Moves Dep 1:2       1-2-Draws
   7 = =    2.5:2.5        4.5:2.5       8:17:11 PM    +9.90    39 3.000 :4.000  2-0-5

--------------------------------------------------------------

Engine-Match Friday, October 3, 2025 8:17:12 PM
 Blitz 2/1 

Pairing 8/10 :    C0BR4_v2.9  -  Random_Opponent

PGN-File: C:\Program Files (x86)\Arena\Tournaments\Engine Battle 20251003.pgn

No:  B/W 1/2     W:B       1:2           Time        Value Moves Dep 1:2       1-2-Draws
   7 W 1    1.0:0.0        7.0:0.0       8:17:28 PM  +299.97    17 3.875 :0 7-0-0

--------------------------------------------------------------

Engine-Match Friday, October 3, 2025 8:17:29 PM
 Blitz 2/1 

Pairing 9/10 :    V7P3R_v12.2  -  C0BR4_v2.9

PGN-File: C:\Program Files (x86)\Arena\Tournaments\Engine Battle 20251003.pgn

No:  B/W 1/2     W:B       1:2           Time        Value Moves Dep 1:2       1-2-Draws
   7 = =    2.0:2.0        3.0:4.0       8:19:54 PM    +4.46    29 3.654 :4.000  1-2-4

--------------------------------------------------------------

Engine-Match Friday, October 3, 2025 8:19:55 PM
 Blitz 2/1 

Pairing 10/10 :    Random_Opponent  -  SlowMate_v3.1

PGN-File: C:\Program Files (x86)\Arena\Tournaments\Engine Battle 20251003.pgn

No:  B/W 1/2     W:B       1:2           Time        Value Moves Dep 1:2       1-2-Draws
   7 B 2    2.5:1.5        1.5:5.5       8:20:54 PM  -188.95    16 0:3.125  0-4-3

--------------------------------------------------------------

Engine-Match Friday, October 3, 2025 8:20:56 PM
 Blitz 2/1 

Pairing 1/10 :    V7P3R_v12.4  -  Random_Opponent

PGN-File: C:\Program Files (x86)\Arena\Tournaments\Engine Battle 20251003.pgn

No:  B/W 1/2     W:B       1:2           Time        Value Moves Dep 1:2       1-2-Draws
   8 B 1    1.5:0.5        7.5:0.5       8:22:07 PM  -289.97    17 4.000 :0 7-0-1

--------------------------------------------------------------

Engine-Match Friday, October 3, 2025 8:22:09 PM
 Blitz 2/1 

Pairing 2/10 :    SlowMate_v3.1  -  V7P3R_v12.2

PGN-File: C:\Program Files (x86)\Arena\Tournaments\Engine Battle 20251003.pgn

No:  B/W 1/2     W:B       1:2           Time        Value Moves Dep 1:2       1-2-Draws
   8 = =    2.0:2.0        4.0:4.0       8:25:53 PM    +0.88    32 2.844 :3.593  2-2-4

--------------------------------------------------------------

Engine-Match Friday, October 3, 2025 8:25:55 PM
 Blitz 2/1 

Pairing 3/10 :    C0BR4_v2.9  -  SlowMate_v3.1

PGN-File: C:\Program Files (x86)\Arena\Tournaments\Engine Battle 20251003.pgn

No:  B/W 1/2     W:B       1:2           Time        Value Moves Dep 1:2       1-2-Draws
   8 B 1    2.0:1.0        5.0:3.0       8:28:51 PM  -299.97    46 4.000 :3.190  4-2-2

--------------------------------------------------------------

Engine-Match Friday, October 3, 2025 8:28:52 PM
 Blitz 2/1 

Pairing 4/10 :    V7P3R_v12.2  -  V7P3R_v12.4

PGN-File: C:\Program Files (x86)\Arena\Tournaments\Engine Battle 20251003.pgn

No:  B/W 1/2     W:B       1:2           Time        Value Moves Dep 1:2       1-2-Draws
   8 W 2    2.0:1.0        3.0:5.0       8:33:09 PM   +39.60    37 3.654 :3.571  2-4-2

--------------------------------------------------------------

Engine-Match Friday, October 3, 2025 8:33:11 PM
 Blitz 2/1 

Pairing 5/10 :    Random_Opponent  -  V7P3R_v12.2

PGN-File: C:\Program Files (x86)\Arena\Tournaments\Engine Battle 20251003.pgn

No:  B/W 1/2     W:B       1:2           Time        Value Moves Dep 1:2       1-2-Draws
   8 W 2    1.0:0.0        0.0:8.0       8:34:32 PM  +289.97    19 0:3.750  0-8-0

--------------------------------------------------------------

Engine-Match Friday, October 3, 2025 8:34:34 PM
 Blitz 2/1 

Pairing 6/10 :    V7P3R_v12.4  -  C0BR4_v2.9

PGN-File: C:\Program Files (x86)\Arena\Tournaments\Engine Battle 20251003.pgn

No:  B/W 1/2     W:B       1:2           Time        Value Moves Dep 1:2       1-2-Draws
   8 = =    2.5:2.5        2.5:5.5       8:37:09 PM    +5.10    33 3.704 :4.000  0-3-5

--------------------------------------------------------------

Engine-Match Friday, October 3, 2025 8:37:10 PM
 Blitz 2/1 

Pairing 7/10 :    SlowMate_v3.1  -  V7P3R_v12.4

PGN-File: C:\Program Files (x86)\Arena\Tournaments\Engine Battle 20251003.pgn

No:  B/W 1/2     W:B       1:2           Time        Value Moves Dep 1:2       1-2-Draws
   8 W 2    3.5:2.5        4.5:3.5       8:43:24 PM   +12.59    78 2.977 :3.528  2-1-5

--------------------------------------------------------------

Engine-Match Friday, October 3, 2025 8:43:26 PM
 Blitz 2/1 

Pairing 8/10 :    C0BR4_v2.9  -  Random_Opponent

PGN-File: C:\Program Files (x86)\Arena\Tournaments\Engine Battle 20251003.pgn

No:  B/W 1/2     W:B       1:2           Time        Value Moves Dep 1:2       1-2-Draws
   8 B 1    1.0:0.0        8.0:0.0       8:43:41 PM  -299.97    23 4.000 :0 8-0-0

--------------------------------------------------------------

Engine-Match Friday, October 3, 2025 8:43:43 PM
 Blitz 2/1 

Pairing 9/10 :    V7P3R_v12.2  -  C0BR4_v2.9

PGN-File: C:\Program Files (x86)\Arena\Tournaments\Engine Battle 20251003.pgn

No:  B/W 1/2     W:B       1:2           Time        Value Moves Dep 1:2       1-2-Draws
   8 = =    2.5:2.5        3.5:4.5       8:46:35 PM    +3.87    49 3.833 :4.000  1-2-5

--------------------------------------------------------------

Engine-Match Friday, October 3, 2025 8:46:36 PM
 Blitz 2/1 

Pairing 10/10 :    Random_Opponent  -  SlowMate_v3.1

PGN-File: C:\Program Files (x86)\Arena\Tournaments\Engine Battle 20251003.pgn

No:  B/W 1/2     W:B       1:2           Time        Value Moves Dep 1:2       1-2-Draws
   8 W 2    2.5:1.5        1.5:6.5       8:48:22 PM  +176.52    33 0:3.364  0-5-3

--------------------------------------------------------------

Engine-Match Friday, October 3, 2025 8:48:29 PM
 Blitz 2/1 

Pairing 1/10 :    V7P3R_v12.4  -  Random_Opponent

PGN-File: C:\Program Files (x86)\Arena\Tournaments\Engine Battle 20251003.pgn

No:  B/W 1/2     W:B       1:2           Time        Value Moves Dep 1:2       1-2-Draws
   9 W 1    1.5:0.5        8.5:0.5       8:49:21 PM     0.00    13 3.727 :0 8-0-1

--------------------------------------------------------------

Engine-Match Friday, October 3, 2025 8:49:22 PM
 Blitz 2/1 

Pairing 2/10 :    SlowMate_v3.1  -  V7P3R_v12.2

PGN-File: C:\Program Files (x86)\Arena\Tournaments\Engine Battle 20251003.pgn

No:  B/W 1/2     W:B       1:2           Time        Value Moves Dep 1:2       1-2-Draws
   9 = =    2.5:2.5        4.5:4.5       8:54:37 PM    -6.60    60 3.200 :4.000  2-2-5

--------------------------------------------------------------

Engine-Match Friday, October 3, 2025 8:54:38 PM
 Blitz 2/1 

Pairing 3/10 :    C0BR4_v2.9  -  SlowMate_v3.1

PGN-File: C:\Program Files (x86)\Arena\Tournaments\Engine Battle 20251003.pgn

No:  B/W 1/2     W:B       1:2           Time        Value Moves Dep 1:2       1-2-Draws
   9 W 1    2.0:1.0        6.0:3.0       8:57:35 PM  +299.97    40 3.947 :2.821  5-2-2

--------------------------------------------------------------

Engine-Match Friday, October 3, 2025 8:57:36 PM
 Blitz 2/1 

Pairing 4/10 :    V7P3R_v12.2  -  V7P3R_v12.4

PGN-File: C:\Program Files (x86)\Arena\Tournaments\Engine Battle 20251003.pgn

No:  B/W 1/2     W:B       1:2           Time        Value Moves Dep 1:2       1-2-Draws
   9 = =    1.5:1.5        3.5:5.5       9:02:38 PM     0.00    60 4.130 :3.923  2-4-3

--------------------------------------------------------------

Engine-Match Friday, October 3, 2025 9:02:39 PM
 Blitz 2/1 

Pairing 5/10 :    Random_Opponent  -  V7P3R_v12.2

PGN-File: C:\Program Files (x86)\Arena\Tournaments\Engine Battle 20251003.pgn

No:  B/W 1/2     W:B       1:2           Time        Value Moves Dep 1:2       1-2-Draws
   9 B 2    1.0:0.0        0.0:9.0       9:04:36 PM  -289.97    28 0:4.000  0-9-0

--------------------------------------------------------------

Engine-Match Friday, October 3, 2025 9:04:38 PM
 Blitz 2/1 

Pairing 6/10 :    V7P3R_v12.4  -  C0BR4_v2.9

PGN-File: C:\Program Files (x86)\Arena\Tournaments\Engine Battle 20251003.pgn

No:  B/W 1/2     W:B       1:2           Time        Value Moves Dep 1:2       1-2-Draws
   9 = =    3.0:3.0        3.0:6.0       9:06:50 PM    -3.37    29 3.652 :4.000  0-3-6

--------------------------------------------------------------

Engine-Match Friday, October 3, 2025 9:06:52 PM
 Blitz 2/1 

Pairing 7/10 :    SlowMate_v3.1  -  V7P3R_v12.4

PGN-File: C:\Program Files (x86)\Arena\Tournaments\Engine Battle 20251003.pgn

No:  B/W 1/2     W:B       1:2           Time        Value Moves Dep 1:2       1-2-Draws
   9 = =    3.0:3.0        5.0:4.0       9:12:40 PM    +3.34    72 3.553 :4.138  2-1-6

--------------------------------------------------------------

Engine-Match Friday, October 3, 2025 9:12:42 PM
 Blitz 2/1 

Pairing 8/10 :    C0BR4_v2.9  -  Random_Opponent

PGN-File: C:\Program Files (x86)\Arena\Tournaments\Engine Battle 20251003.pgn

No:  B/W 1/2     W:B       1:2           Time        Value Moves Dep 1:2       1-2-Draws
   9 W 1    1.0:0.0        9.0:0.0       9:12:53 PM  +299.97    18 4.000 :0 9-0-0

--------------------------------------------------------------

Engine-Match Friday, October 3, 2025 9:12:54 PM
 Blitz 2/1 

Pairing 9/10 :    V7P3R_v12.2  -  C0BR4_v2.9

PGN-File: C:\Program Files (x86)\Arena\Tournaments\Engine Battle 20251003.pgn

No:  B/W 1/2     W:B       1:2           Time        Value Moves Dep 1:2       1-2-Draws
   9 W 1    3.5:2.5        4.5:4.5       9:15:29 PM     0.00    40 3.640 :4.000  2-2-5

--------------------------------------------------------------

Engine-Match Friday, October 3, 2025 9:15:30 PM
 Blitz 2/1 

Pairing 10/10 :    Random_Opponent  -  SlowMate_v3.1

PGN-File: C:\Program Files (x86)\Arena\Tournaments\Engine Battle 20251003.pgn

No:  B/W 1/2     W:B       1:2           Time        Value Moves Dep 1:2       1-2-Draws
   9 B 2    2.5:1.5        1.5:7.5       9:17:32 PM  -179.86    39 0:3.222  0-6-3

--------------------------------------------------------------

Engine-Match Friday, October 3, 2025 9:17:33 PM
 Blitz 2/1 

Pairing 1/10 :    V7P3R_v12.4  -  Random_Opponent

PGN-File: C:\Program Files (x86)\Arena\Tournaments\Engine Battle 20251003.pgn

No:  B/W 1/2     W:B       1:2           Time        Value Moves Dep 1:2       1-2-Draws
  10 B 1    1.5:0.5        9.5:0.5       9:18:17 PM  -289.98     8 4.250 :0 9-0-1

--------------------------------------------------------------

Engine-Match Friday, October 3, 2025 9:18:19 PM
 Blitz 2/1 

Pairing 2/10 :    SlowMate_v3.1  -  V7P3R_v12.2

PGN-File: C:\Program Files (x86)\Arena\Tournaments\Engine Battle 20251003.pgn

No:  B/W 1/2     W:B       1:2           Time        Value Moves Dep 1:2       1-2-Draws
  10 = =    3.0:3.0        5.0:5.0       9:23:27 PM     0.00    67 2.731 :3.565  2-2-6

--------------------------------------------------------------

Engine-Match Friday, October 3, 2025 9:23:29 PM
 Blitz 2/1 

Pairing 3/10 :    C0BR4_v2.9  -  SlowMate_v3.1

PGN-File: C:\Program Files (x86)\Arena\Tournaments\Engine Battle 20251003.pgn

No:  B/W 1/2     W:B       1:2           Time        Value Moves Dep 1:2       1-2-Draws
  10 B 1    2.0:1.0        7.0:3.0       9:25:07 PM  -299.97    28 4.000 :3.679  6-2-2

--------------------------------------------------------------

Engine-Match Friday, October 3, 2025 9:25:09 PM
 Blitz 2/1 

Pairing 4/10 :    V7P3R_v12.2  -  V7P3R_v12.4

PGN-File: C:\Program Files (x86)\Arena\Tournaments\Engine Battle 20251003.pgn

No:  B/W 1/2     W:B       1:2           Time        Value Moves Dep 1:2       1-2-Draws
  10 = =    2.0:2.0        4.0:6.0       9:29:02 PM   +20.70    61 3.933 :4.077  2-4-4

--------------------------------------------------------------

Engine-Match Friday, October 3, 2025 9:29:03 PM
 Blitz 2/1 

Pairing 5/10 :    Random_Opponent  -  V7P3R_v12.2

PGN-File: C:\Program Files (x86)\Arena\Tournaments\Engine Battle 20251003.pgn

No:  B/W 1/2     W:B       1:2           Time        Value Moves Dep 1:2       1-2-Draws
  10 W 2    1.0:0.0        0.0:10.0      9:30:48 PM  +289.97    26 0:4.130  0-10-0

--------------------------------------------------------------

Engine-Match Friday, October 3, 2025 9:30:49 PM
 Blitz 2/1 

Pairing 6/10 :    V7P3R_v12.4  -  C0BR4_v2.9

PGN-File: C:\Program Files (x86)\Arena\Tournaments\Engine Battle 20251003.pgn

No:  B/W 1/2     W:B       1:2           Time        Value Moves Dep 1:2       1-2-Draws
  10 W 2    4.0:3.0        3.0:7.0       9:33:07 PM  +299.97    43 4.000 :4.000  0-4-6

--------------------------------------------------------------

Engine-Match Friday, October 3, 2025 9:33:09 PM
 Blitz 2/1 

Pairing 7/10 :    SlowMate_v3.1  -  V7P3R_v12.4

PGN-File: C:\Program Files (x86)\Arena\Tournaments\Engine Battle 20251003.pgn

No:  B/W 1/2     W:B       1:2           Time        Value Moves Dep 1:2       1-2-Draws
  10 = =    3.5:3.5        5.5:4.5       9:37:03 PM    +1.67    29 3.000 :3.593  2-1-7

--------------------------------------------------------------

Engine-Match Friday, October 3, 2025 9:37:05 PM
 Blitz 2/1 

Pairing 8/10 :    C0BR4_v2.9  -  Random_Opponent

PGN-File: C:\Program Files (x86)\Arena\Tournaments\Engine Battle 20251003.pgn

No:  B/W 1/2     W:B       1:2           Time        Value Moves Dep 1:2       1-2-Draws
  10 B 1    1.0:0.0        10.0:0.0      9:37:08 PM  -299.97     3 0:0 10-0-0

--------------------------------------------------------------

Engine-Match Friday, October 3, 2025 9:37:09 PM
 Blitz 2/1 

Pairing 9/10 :    V7P3R_v12.2  -  C0BR4_v2.9

PGN-File: C:\Program Files (x86)\Arena\Tournaments\Engine Battle 20251003.pgn

No:  B/W 1/2     W:B       1:2           Time        Value Moves Dep 1:2       1-2-Draws
  10 = =    3.0:3.0        5.0:5.0       9:39:31 PM    -2.40    32 3.889 :4.000  2-2-6

--------------------------------------------------------------

Engine-Match Friday, October 3, 2025 9:39:32 PM
 Blitz 2/1 

Pairing 10/10 :    Random_Opponent  -  SlowMate_v3.1

PGN-File: C:\Program Files (x86)\Arena\Tournaments\Engine Battle 20251003.pgn

No:  B/W 1/2     W:B       1:2           Time        Value Moves Dep 1:2       1-2-Draws
  10 W 2    2.5:1.5        1.5:8.5       9:40:28 PM  +164.83    15 0:3.333  0-7-3
