Engine-Match Sunday, September 14, 2025 2:10:50 PM
 Tournament Game in 10 Minutes 

Pairing 1/3 :    C0BR4_v2.9  -  SlowMate_v3.1

PGN-File: C:\Program Files (x86)\Arena\Tournaments\Engine Battle 20250914.pgn

No:  B/W 1/2     W:B       1:2           Time        Value Moves Dep 1:2       1-2-Draws
   1 W 1    1.0:0.0        1.0:0.0       2:13:31 PM  +299.97    13 4.000 :4.000  1-0-0

--------------------------------------------------------------

Engine-Match Sunday, September 14, 2025 2:13:32 PM
 Tournament Game in 10 Minutes 

Pairing 2/3 :    V7P3R_v10.8  -  C0BR4_v2.9

PGN-File: C:\Program Files (x86)\Arena\Tournaments\Engine Battle 20250914.pgn

No:  B/W 1/2     W:B       1:2           Time        Value Moves Dep 1:2       1-2-Draws
   1 = =    0.5:0.5        0.5:0.5       2:20:48 PM    -5.29    62 4.222 :4.000  0-0-1

--------------------------------------------------------------

Engine-Match Sunday, September 14, 2025 2:20:49 PM
 Tournament Game in 10 Minutes 

Pairing 3/3 :    SlowMate_v3.1  -  V7P3R_v10.8

PGN-File: C:\Program Files (x86)\Arena\Tournaments\Engine Battle 20250914.pgn

No:  B/W 1/2     W:B       1:2           Time        Value Moves Dep 1:2       1-2-Draws
   1 B 2    1.0:0.0        0.0:1.0       2:27:20 PM  -289.98    17 3.882 :4.071  0-1-0

--------------------------------------------------------------

Engine-Match Sunday, September 14, 2025 2:27:22 PM
 Tournament Game in 10 Minutes 

Pairing 1/3 :    C0BR4_v2.9  -  SlowMate_v3.1

PGN-File: C:\Program Files (x86)\Arena\Tournaments\Engine Battle 20250914.pgn

No:  B/W 1/2     W:B       1:2           Time        Value Moves Dep 1:2       1-2-Draws
   2 B 1    1.0:0.0        2.0:0.0       2:31:42 PM  -299.97    22 3.905 :3.727  2-0-0

--------------------------------------------------------------

Engine-Match Sunday, September 14, 2025 2:31:44 PM
 Tournament Game in 10 Minutes 

Pairing 2/3 :    V7P3R_v10.8  -  C0BR4_v2.9

PGN-File: C:\Program Files (x86)\Arena\Tournaments\Engine Battle 20250914.pgn

No:  B/W 1/2     W:B       1:2           Time        Value Moves Dep 1:2       1-2-Draws
   2 = =    1.0:1.0        1.0:1.0       2:37:55 PM    +3.32    49 4.154 :4.000  0-0-2

--------------------------------------------------------------

Engine-Match Sunday, September 14, 2025 2:37:57 PM
 Tournament Game in 10 Minutes 

Pairing 3/3 :    SlowMate_v3.1  -  V7P3R_v10.8

PGN-File: C:\Program Files (x86)\Arena\Tournaments\Engine Battle 20250914.pgn

No:  B/W 1/2     W:B       1:2           Time        Value Moves Dep 1:2       1-2-Draws
   2 B 1    1.0:0.0        1.0:1.0       2:54:00 PM    -9.89    61 3.759 :3.769  1-1-0

--------------------------------------------------------------

Engine-Match Sunday, September 14, 2025 2:54:01 PM
 Tournament Game in 10 Minutes 

Pairing 1/3 :    C0BR4_v2.9  -  SlowMate_v3.1

PGN-File: C:\Program Files (x86)\Arena\Tournaments\Engine Battle 20250914.pgn

No:  B/W 1/2     W:B       1:2           Time        Value Moves Dep 1:2       1-2-Draws
   3 B 2    1.0:0.0        2.0:1.0       3:01:58 PM   -17.17    52 4.000 :3.780  2-1-0

--------------------------------------------------------------

Engine-Match Sunday, September 14, 2025 3:02:00 PM
 Tournament Game in 10 Minutes 

Pairing 2/3 :    V7P3R_v10.8  -  C0BR4_v2.9

PGN-File: C:\Program Files (x86)\Arena\Tournaments\Engine Battle 20250914.pgn

No:  B/W 1/2     W:B       1:2           Time        Value Moves Dep 1:2       1-2-Draws
   3 = =    1.5:1.5        1.5:1.5       3:11:29 PM    -5.94    74 4.000 :4.000  0-0-3

--------------------------------------------------------------

Engine-Match Sunday, September 14, 2025 3:11:30 PM
 Tournament Game in 10 Minutes 

Pairing 3/3 :    SlowMate_v3.1  -  V7P3R_v10.8

PGN-File: C:\Program Files (x86)\Arena\Tournaments\Engine Battle 20250914.pgn

No:  B/W 1/2     W:B       1:2           Time        Value Moves Dep 1:2       1-2-Draws
   3 B 2    1.0:0.0        1.0:2.0       3:25:41 PM  -200.00    61 3.962 :4.000  1-2-0

--------------------------------------------------------------

Engine-Match Sunday, September 14, 2025 3:25:42 PM
 Tournament Game in 10 Minutes 

Pairing 1/3 :    C0BR4_v2.9  -  SlowMate_v3.1

PGN-File: C:\Program Files (x86)\Arena\Tournaments\Engine Battle 20250914.pgn

No:  B/W 1/2     W:B       1:2           Time        Value Moves Dep 1:2       1-2-Draws
   4 = =    0.5:0.5        2.5:1.5       3:31:48 PM    -0.03    35 4.000 :4.379  2-1-1

--------------------------------------------------------------

Engine-Match Sunday, September 14, 2025 3:31:49 PM
 Tournament Game in 10 Minutes 

Pairing 2/3 :    V7P3R_v10.8  -  C0BR4_v2.9

PGN-File: C:\Program Files (x86)\Arena\Tournaments\Engine Battle 20250914.pgn

No:  B/W 1/2     W:B       1:2           Time        Value Moves Dep 1:2       1-2-Draws
   4 = =    2.0:2.0        2.0:2.0       3:37:48 PM    +5.35    38 4.143 :4.000  0-0-4

--------------------------------------------------------------

Engine-Match Sunday, September 14, 2025 3:37:49 PM
 Tournament Game in 10 Minutes 

Pairing 3/3 :    SlowMate_v3.1  -  V7P3R_v10.8

PGN-File: C:\Program Files (x86)\Arena\Tournaments\Engine Battle 20250914.pgn

No:  B/W 1/2     W:B       1:2           Time        Value Moves Dep 1:2       1-2-Draws
   4 W 2    1.0:0.0        1.0:3.0       3:53:57 PM   +18.49    63 3.793 :3.769  1-3-0

--------------------------------------------------------------

Engine-Match Sunday, September 14, 2025 3:53:58 PM
 Tournament Game in 10 Minutes 

Pairing 1/3 :    C0BR4_v2.9  -  SlowMate_v3.1

PGN-File: C:\Program Files (x86)\Arena\Tournaments\Engine Battle 20250914.pgn

No:  B/W 1/2     W:B       1:2           Time        Value Moves Dep 1:2       1-2-Draws
   5 B 2    1.5:0.5        2.5:2.5       3:57:56 PM   -12.31    21 4.000 :4.250  2-2-1

--------------------------------------------------------------

Engine-Match Sunday, September 14, 2025 3:57:57 PM
 Tournament Game in 10 Minutes 

Pairing 2/3 :    V7P3R_v10.8  -  C0BR4_v2.9

PGN-File: C:\Program Files (x86)\Arena\Tournaments\Engine Battle 20250914.pgn

No:  B/W 1/2     W:B       1:2           Time        Value Moves Dep 1:2       1-2-Draws
   5 B 2    3.0:2.0        2.0:3.0       4:05:07 PM   -28.15    67 4.333 :4.000  0-1-4

--------------------------------------------------------------

Engine-Match Sunday, September 14, 2025 4:05:09 PM
 Tournament Game in 10 Minutes 

Pairing 3/3 :    SlowMate_v3.1  -  V7P3R_v10.8

PGN-File: C:\Program Files (x86)\Arena\Tournaments\Engine Battle 20250914.pgn

No:  B/W 1/2     W:B       1:2           Time        Value Moves Dep 1:2       1-2-Draws
   5 = =    0.5:0.5        1.5:3.5       4:17:34 PM     0.00    43 4.038 :4.100  1-3-1

--------------------------------------------------------------

Engine-Match Sunday, September 14, 2025 4:17:35 PM
 Tournament Game in 10 Minutes 

Pairing 1/3 :    C0BR4_v2.9  -  SlowMate_v3.1

PGN-File: C:\Program Files (x86)\Arena\Tournaments\Engine Battle 20250914.pgn

No:  B/W 1/2     W:B       1:2           Time        Value Moves Dep 1:2       1-2-Draws
   6 B 1    1.5:0.5        3.5:2.5       4:22:29 PM  -299.97    25 3.913 :3.880  3-2-1

--------------------------------------------------------------

Engine-Match Sunday, September 14, 2025 4:22:30 PM
 Tournament Game in 10 Minutes 

Pairing 2/3 :    V7P3R_v10.8  -  C0BR4_v2.9

PGN-File: C:\Program Files (x86)\Arena\Tournaments\Engine Battle 20250914.pgn

No:  B/W 1/2     W:B       1:2           Time        Value Moves Dep 1:2       1-2-Draws
   6 = =    2.5:2.5        2.5:3.5       4:28:29 PM    -6.52    30 4.400 :4.000  0-1-5

--------------------------------------------------------------

Engine-Match Sunday, September 14, 2025 4:28:30 PM
 Tournament Game in 10 Minutes 

Pairing 3/3 :    SlowMate_v3.1  -  V7P3R_v10.8

PGN-File: C:\Program Files (x86)\Arena\Tournaments\Engine Battle 20250914.pgn

No:  B/W 1/2     W:B       1:2           Time        Value Moves Dep 1:2       1-2-Draws
   6 W 2    1.5:0.5        1.5:4.5       4:44:37 PM   +18.49    63 3.793 :3.769  1-4-1

--------------------------------------------------------------

Engine-Match Sunday, September 14, 2025 4:44:38 PM
 Tournament Game in 10 Minutes 

Pairing 1/3 :    C0BR4_v2.9  -  SlowMate_v3.1

PGN-File: C:\Program Files (x86)\Arena\Tournaments\Engine Battle 20250914.pgn

No:  B/W 1/2     W:B       1:2           Time        Value Moves Dep 1:2       1-2-Draws
   7 = =    1.0:1.0        4.0:3.0       4:49:12 PM    -3.29    25 4.000 :4.500  3-2-2

--------------------------------------------------------------

Engine-Match Sunday, September 14, 2025 4:49:13 PM
 Tournament Game in 10 Minutes 

Pairing 2/3 :    V7P3R_v10.8  -  C0BR4_v2.9

PGN-File: C:\Program Files (x86)\Arena\Tournaments\Engine Battle 20250914.pgn

No:  B/W 1/2     W:B       1:2           Time        Value Moves Dep 1:2       1-2-Draws
   7 W 1    3.5:2.5        3.5:3.5       4:55:50 PM   +13.88    55 4.533 :4.000  1-1-5

--------------------------------------------------------------

Engine-Match Sunday, September 14, 2025 4:55:57 PM
 Tournament Game in 10 Minutes 

Pairing 1/3 :    C0BR4_v2.9  -  SlowMate_v3.1

PGN-File: C:\Program Files (x86)\Arena\Tournaments\Engine Battle 20250914.pgn

No:  B/W 1/2     W:B       1:2           Time        Value Moves Dep 1:2       1-2-Draws
   8 = =    1.5:1.5        4.5:3.5       5:01:50 PM    -0.03    35 4.000 :4.379  3-2-3
   9 = =    2.0:2.0        5.0:4.0       5:08:48 PM    -2.45    48 4.000 :4.356  3-2-4
  10 B 1    3.0:2.0        6.0:4.0       5:15:23 PM  -299.97    44 4.000 :4.208  4-2-4
  10 B 1    4.0:2.0        7.0:4.0       5:19:36 PM  -299.97    22 3.977 :4.106  5-2-4
  10 W 2    5.0:2.0        7.0:5.0       5:24:14 PM   +11.63    25 3.982 :4.126  5-3-4
  10 = =    5.5:2.5        7.5:5.5       5:31:44 PM    -6.61    54 3.985 :4.128  5-3-5
  10 B 1    6.5:2.5        8.5:5.5       5:35:59 PM  -299.97    22 3.973 :4.080  6-3-5
  10 B 1    7.5:2.5        9.5:5.5       5:40:14 PM  -299.97    22 3.965 :4.043  7-3-5
  10 = =    8.0:3.0        10.0:6.0      5:46:05 PM    -0.03    35 3.970 :4.089  7-3-6
  10 = =    8.5:3.5        10.5:6.5      5:52:36 PM    +3.54    42 3.972 :4.103  7-3-7
