Engine-Match Friday, August 29, 2025 11:48:28 AM
 Blitz 2/1 

Pairing 1/6 :    V7P3R_v6.0  -  V7P3R_v9.0

PGN-File: C:\Program Files (x86)\Arena\Tournaments\Engine Regression Battle 20250829.pgn

No:  B/W 1/2     W:B       1:2           Time        Value Moves Dep 1:2       1-2-Draws
   1 B 2    1.0:0.0        0.0:1.0       11:49:46 AM   -25.20    12 3.000 :5.818  0-1-0

--------------------------------------------------------------

Engine-Match Friday, August 29, 2025 11:49:47 AM
 Blitz 2/1 

Pairing 2/6 :    V7P3R_v8.0  -  V7P3R_v7.0

PGN-File: C:\Program Files (x86)\Arena\Tournaments\Engine Regression Battle 20250829.pgn

No:  B/W 1/2     W:B       1:2           Time        Value Moves Dep 1:2       1-2-Draws
   1 B 2    1.0:0.0        0.0:1.0       11:51:58 AM  -230.00    11 5.273 :5.600  0-1-0

--------------------------------------------------------------

Engine-Match Friday, August 29, 2025 11:51:59 AM
 Blitz 2/1 

Pairing 3/6 :    V7P3R_v8.0  -  V7P3R_v6.0

PGN-File: C:\Program Files (x86)\Arena\Tournaments\Engine Regression Battle 20250829.pgn

No:  B/W 1/2     W:B       1:2           Time        Value Moves Dep 1:2       1-2-Draws
   1 W 1    1.0:0.0        1.0:0.0       11:52:47 AM    +M500     6 5.333 :3.000  1-0-0

--------------------------------------------------------------

Engine-Match Friday, August 29, 2025 11:52:48 AM
 Blitz 2/1 

Pairing 4/6 :    V7P3R_v7.0  -  V7P3R_v9.0

PGN-File: C:\Program Files (x86)\Arena\Tournaments\Engine Regression Battle 20250829.pgn

No:  B/W 1/2     W:B       1:2           Time        Value Moves Dep 1:2       1-2-Draws
   1 W 1    1.0:0.0        1.0:0.0       11:54:49 AM  +125.00     8 5.500 :5.750  1-0-0

--------------------------------------------------------------

Engine-Match Friday, August 29, 2025 11:54:50 AM
 Blitz 2/1 

Pairing 5/6 :    V7P3R_v6.0  -  V7P3R_v7.0

PGN-File: C:\Program Files (x86)\Arena\Tournaments\Engine Regression Battle 20250829.pgn

No:  B/W 1/2     W:B       1:2           Time        Value Moves Dep 1:2       1-2-Draws
   1 B 2    1.0:0.0        0.0:1.0       11:56:55 AM   -24.83     9 3.000 :5.875  0-1-0

--------------------------------------------------------------

Engine-Match Friday, August 29, 2025 11:56:56 AM
 Blitz 2/1 

Pairing 6/6 :    V7P3R_v9.0  -  V7P3R_v8.0

PGN-File: C:\Program Files (x86)\Arena\Tournaments\Engine Regression Battle 20250829.pgn

No:  B/W 1/2     W:B       1:2           Time        Value Moves Dep 1:2       1-2-Draws
   1 W 1    1.0:0.0        1.0:0.0       11:57:24 AM   +90.00     5 5.800 :5.400  1-0-0

--------------------------------------------------------------

Engine-Match Friday, August 29, 2025 11:57:25 AM
 Blitz 2/1 

Pairing 1/6 :    V7P3R_v6.0  -  V7P3R_v9.0

PGN-File: C:\Program Files (x86)\Arena\Tournaments\Engine Regression Battle 20250829.pgn

No:  B/W 1/2     W:B       1:2           Time        Value Moves Dep 1:2       1-2-Draws
   2 W 2    1.0:0.0        0.0:2.0       11:58:29 AM   +43.74    10 3.000 :5.800  0-2-0

--------------------------------------------------------------

Engine-Match Friday, August 29, 2025 11:58:30 AM
 Blitz 2/1 

Pairing 2/6 :    V7P3R_v8.0  -  V7P3R_v7.0

PGN-File: C:\Program Files (x86)\Arena\Tournaments\Engine Regression Battle 20250829.pgn

No:  B/W 1/2     W:B       1:2           Time        Value Moves Dep 1:2       1-2-Draws
   2 W 2    1.0:0.0        0.0:2.0       11:59:51 AM    +M500     5 5.000 :5.800  0-2-0

--------------------------------------------------------------

Engine-Match Friday, August 29, 2025 11:59:52 AM
 Blitz 2/1 

Pairing 3/6 :    V7P3R_v8.0  -  V7P3R_v6.0

PGN-File: C:\Program Files (x86)\Arena\Tournaments\Engine Regression Battle 20250829.pgn

No:  B/W 1/2     W:B       1:2           Time        Value Moves Dep 1:2       1-2-Draws
   2 B 1    1.0:0.0        2.0:0.0       12:00:48 PM      -M1     8 5.375 :3.000  2-0-0

--------------------------------------------------------------

Engine-Match Friday, August 29, 2025 12:00:49 PM
 Blitz 2/1 

Pairing 4/6 :    V7P3R_v7.0  -  V7P3R_v9.0

PGN-File: C:\Program Files (x86)\Arena\Tournaments\Engine Regression Battle 20250829.pgn

No:  B/W 1/2     W:B       1:2           Time        Value Moves Dep 1:2       1-2-Draws
   2 B 1    1.0:0.0        2.0:0.0       12:02:51 PM  -195.00    10 5.556 :5.900  2-0-0

--------------------------------------------------------------

Engine-Match Friday, August 29, 2025 12:02:52 PM
 Blitz 2/1 

Pairing 5/6 :    V7P3R_v6.0  -  V7P3R_v7.0

PGN-File: C:\Program Files (x86)\Arena\Tournaments\Engine Regression Battle 20250829.pgn

No:  B/W 1/2     W:B       1:2           Time        Value Moves Dep 1:2       1-2-Draws
   2 W 2    1.0:0.0        0.0:2.0       12:05:27 PM   +15.00    13 3.000 :5.692  0-2-0

--------------------------------------------------------------

Engine-Match Friday, August 29, 2025 12:05:28 PM
 Blitz 2/1 

Pairing 6/6 :    V7P3R_v9.0  -  V7P3R_v8.0

PGN-File: C:\Program Files (x86)\Arena\Tournaments\Engine Regression Battle 20250829.pgn

No:  B/W 1/2     W:B       1:2           Time        Value Moves Dep 1:2       1-2-Draws
   2 B 1    1.0:0.0        2.0:0.0       12:07:25 PM  -211.00    27 5.577 :5.222  2-0-0

--------------------------------------------------------------

Engine-Match Friday, August 29, 2025 12:07:26 PM
 Blitz 2/1 

Pairing 1/6 :    V7P3R_v6.0  -  V7P3R_v9.0

PGN-File: C:\Program Files (x86)\Arena\Tournaments\Engine Regression Battle 20250829.pgn

No:  B/W 1/2     W:B       1:2           Time        Value Moves Dep 1:2       1-2-Draws
   3 B 2    1.0:0.0        0.0:3.0       12:08:44 PM   -25.20    12 3.000 :5.818  0-3-0

--------------------------------------------------------------

Engine-Match Friday, August 29, 2025 12:08:45 PM
 Blitz 2/1 

Pairing 2/6 :    V7P3R_v8.0  -  V7P3R_v7.0

PGN-File: C:\Program Files (x86)\Arena\Tournaments\Engine Regression Battle 20250829.pgn

No:  B/W 1/2     W:B       1:2           Time        Value Moves Dep 1:2       1-2-Draws
   3 B 2    1.0:0.0        0.0:3.0       12:10:35 PM    -M500     9 5.222 :5.625  0-3-0

--------------------------------------------------------------

Engine-Match Friday, August 29, 2025 12:10:36 PM
 Blitz 2/1 

Pairing 3/6 :    V7P3R_v8.0  -  V7P3R_v6.0

PGN-File: C:\Program Files (x86)\Arena\Tournaments\Engine Regression Battle 20250829.pgn

No:  B/W 1/2     W:B       1:2           Time        Value Moves Dep 1:2       1-2-Draws
   3 W 1    1.0:0.0        3.0:0.0       12:11:29 PM   +19.92     6 5.833 :3.000  3-0-0

--------------------------------------------------------------

Engine-Match Friday, August 29, 2025 12:11:30 PM
 Blitz 2/1 

Pairing 4/6 :    V7P3R_v7.0  -  V7P3R_v9.0

PGN-File: C:\Program Files (x86)\Arena\Tournaments\Engine Regression Battle 20250829.pgn

No:  B/W 1/2     W:B       1:2           Time        Value Moves Dep 1:2       1-2-Draws
   3 W 1    1.0:0.0        3.0:0.0       12:12:44 PM    +M500     7 5.143 :5.571  3-0-0

--------------------------------------------------------------

Engine-Match Friday, August 29, 2025 12:12:46 PM
 Blitz 2/1 

Pairing 5/6 :    V7P3R_v6.0  -  V7P3R_v7.0

PGN-File: C:\Program Files (x86)\Arena\Tournaments\Engine Regression Battle 20250829.pgn

No:  B/W 1/2     W:B       1:2           Time        Value Moves Dep 1:2       1-2-Draws
   3 B 2    1.0:0.0        0.0:3.0       12:15:05 PM   -24.83     9 3.000 :6.000  0-3-0

--------------------------------------------------------------

Engine-Match Friday, August 29, 2025 12:15:06 PM
 Blitz 2/1 

Pairing 6/6 :    V7P3R_v9.0  -  V7P3R_v8.0

PGN-File: C:\Program Files (x86)\Arena\Tournaments\Engine Regression Battle 20250829.pgn

No:  B/W 1/2     W:B       1:2           Time        Value Moves Dep 1:2       1-2-Draws
   3 W 1    1.0:0.0        3.0:0.0       12:15:34 PM   +90.00     5 5.800 :5.400  3-0-0

--------------------------------------------------------------

Engine-Match Friday, August 29, 2025 12:15:35 PM
 Blitz 2/1 

Pairing 1/6 :    V7P3R_v6.0  -  V7P3R_v9.0

PGN-File: C:\Program Files (x86)\Arena\Tournaments\Engine Regression Battle 20250829.pgn

No:  B/W 1/2     W:B       1:2           Time        Value Moves Dep 1:2       1-2-Draws
   4 W 2    1.0:0.0        0.0:4.0       12:16:40 PM   +43.74    10 3.000 :5.800  0-4-0

--------------------------------------------------------------

Engine-Match Friday, August 29, 2025 12:16:41 PM
 Blitz 2/1 

Pairing 2/6 :    V7P3R_v8.0  -  V7P3R_v7.0

PGN-File: C:\Program Files (x86)\Arena\Tournaments\Engine Regression Battle 20250829.pgn

No:  B/W 1/2     W:B       1:2           Time        Value Moves Dep 1:2       1-2-Draws
   4 W 2    1.0:0.0        0.0:4.0       12:18:05 PM    +M500     5 5.000 :5.800  0-4-0

--------------------------------------------------------------

Engine-Match Friday, August 29, 2025 12:18:11 PM
 Blitz 2/1 

Pairing 3/6 :    V7P3R_v8.0  -  V7P3R_v6.0

PGN-File: C:\Program Files (x86)\Arena\Tournaments\Engine Regression Battle 20250829.pgn

No:  B/W 1/2     W:B       1:2           Time        Value Moves Dep 1:2       1-2-Draws
   4 B 1    1.0:0.0        4.0:0.0       12:19:07 PM      -M1     8 5.375 :3.000  4-0-0

--------------------------------------------------------------

Engine-Match Friday, August 29, 2025 12:19:08 PM
 Blitz 2/1 

Pairing 4/6 :    V7P3R_v7.0  -  V7P3R_v9.0

PGN-File: C:\Program Files (x86)\Arena\Tournaments\Engine Regression Battle 20250829.pgn

No:  B/W 1/2     W:B       1:2           Time        Value Moves Dep 1:2       1-2-Draws
   4 B 1    1.0:0.0        4.0:0.0       12:21:08 PM  -195.00    10 5.556 :5.900  4-0-0

--------------------------------------------------------------

Engine-Match Friday, August 29, 2025 12:21:09 PM
 Blitz 2/1 

Pairing 5/6 :    V7P3R_v6.0  -  V7P3R_v7.0

PGN-File: C:\Program Files (x86)\Arena\Tournaments\Engine Regression Battle 20250829.pgn

No:  B/W 1/2     W:B       1:2           Time        Value Moves Dep 1:2       1-2-Draws
   4 W 2    1.0:0.0        0.0:4.0       12:23:40 PM   +15.00    13 3.000 :5.692  0-4-0

--------------------------------------------------------------

Engine-Match Friday, August 29, 2025 12:23:41 PM
 Blitz 2/1 

Pairing 6/6 :    V7P3R_v9.0  -  V7P3R_v8.0

PGN-File: C:\Program Files (x86)\Arena\Tournaments\Engine Regression Battle 20250829.pgn

No:  B/W 1/2     W:B       1:2           Time        Value Moves Dep 1:2       1-2-Draws
   4 W 2    1.0:0.0        3.0:1.0       12:25:52 PM    +M500    34 5.545 :5.318  3-1-0

--------------------------------------------------------------

Engine-Match Friday, August 29, 2025 12:25:53 PM
 Blitz 2/1 

Pairing 1/6 :    V7P3R_v6.0  -  V7P3R_v9.0

PGN-File: C:\Program Files (x86)\Arena\Tournaments\Engine Regression Battle 20250829.pgn

No:  B/W 1/2     W:B       1:2           Time        Value Moves Dep 1:2       1-2-Draws
   5 B 2    1.0:0.0        0.0:5.0       12:27:11 PM   -25.20    12 3.000 :5.818  0-5-0

--------------------------------------------------------------

Engine-Match Friday, August 29, 2025 12:27:13 PM
 Blitz 2/1 

Pairing 2/6 :    V7P3R_v8.0  -  V7P3R_v7.0

PGN-File: C:\Program Files (x86)\Arena\Tournaments\Engine Regression Battle 20250829.pgn

No:  B/W 1/2     W:B       1:2           Time        Value Moves Dep 1:2       1-2-Draws
   5 B 2    1.0:0.0        0.0:5.0       12:29:22 PM  -230.00    11 5.273 :5.600  0-5-0

--------------------------------------------------------------

Engine-Match Friday, August 29, 2025 12:29:23 PM
 Blitz 2/1 

Pairing 3/6 :    V7P3R_v8.0  -  V7P3R_v6.0

PGN-File: C:\Program Files (x86)\Arena\Tournaments\Engine Regression Battle 20250829.pgn

No:  B/W 1/2     W:B       1:2           Time        Value Moves Dep 1:2       1-2-Draws
   5 W 1    1.0:0.0        5.0:0.0       12:30:10 PM    +M500     6 5.333 :3.000  5-0-0

--------------------------------------------------------------

Engine-Match Friday, August 29, 2025 12:30:11 PM
 Blitz 2/1 

Pairing 4/6 :    V7P3R_v7.0  -  V7P3R_v9.0

PGN-File: C:\Program Files (x86)\Arena\Tournaments\Engine Regression Battle 20250829.pgn

No:  B/W 1/2     W:B       1:2           Time        Value Moves Dep 1:2       1-2-Draws
   5 W 1    1.0:0.0        5.0:0.0       12:32:13 PM  +125.00     8 5.500 :5.750  5-0-0

--------------------------------------------------------------

Engine-Match Friday, August 29, 2025 12:32:14 PM
 Blitz 2/1 

Pairing 5/6 :    V7P3R_v6.0  -  V7P3R_v7.0

PGN-File: C:\Program Files (x86)\Arena\Tournaments\Engine Regression Battle 20250829.pgn

No:  B/W 1/2     W:B       1:2           Time        Value Moves Dep 1:2       1-2-Draws
   5 B 2    1.0:0.0        0.0:5.0       12:34:20 PM   -24.83     9 3.000 :5.875  0-5-0

--------------------------------------------------------------

Engine-Match Friday, August 29, 2025 12:34:22 PM
 Blitz 2/1 

Pairing 6/6 :    V7P3R_v9.0  -  V7P3R_v8.0

PGN-File: C:\Program Files (x86)\Arena\Tournaments\Engine Regression Battle 20250829.pgn

No:  B/W 1/2     W:B       1:2           Time        Value Moves Dep 1:2       1-2-Draws
   5 W 1    1.0:0.0        4.0:1.0       12:34:51 PM   +90.00     5 5.800 :5.400  4-1-0

--------------------------------------------------------------

Engine-Match Friday, August 29, 2025 12:34:52 PM
 Blitz 2/1 

Pairing 1/6 :    V7P3R_v6.0  -  V7P3R_v9.0

PGN-File: C:\Program Files (x86)\Arena\Tournaments\Engine Regression Battle 20250829.pgn

No:  B/W 1/2     W:B       1:2           Time        Value Moves Dep 1:2       1-2-Draws
   6 W 2    1.0:0.0        0.0:6.0       12:35:37 PM   +29.34     6 3.000 :6.000  0-6-0

--------------------------------------------------------------

Engine-Match Friday, August 29, 2025 12:35:38 PM
 Blitz 2/1 

Pairing 2/6 :    V7P3R_v8.0  -  V7P3R_v7.0

PGN-File: C:\Program Files (x86)\Arena\Tournaments\Engine Regression Battle 20250829.pgn

No:  B/W 1/2     W:B       1:2           Time        Value Moves Dep 1:2       1-2-Draws
   6 W 2    1.0:0.0        0.0:6.0       12:37:01 PM    +M500     5 5.000 :5.800  0-6-0

--------------------------------------------------------------

Engine-Match Friday, August 29, 2025 12:37:03 PM
 Blitz 2/1 

Pairing 3/6 :    V7P3R_v8.0  -  V7P3R_v6.0

PGN-File: C:\Program Files (x86)\Arena\Tournaments\Engine Regression Battle 20250829.pgn

No:  B/W 1/2     W:B       1:2           Time        Value Moves Dep 1:2       1-2-Draws
   6 B 1    1.0:0.0        6.0:0.0       12:37:59 PM      -M1     8 5.375 :3.000  6-0-0

--------------------------------------------------------------

Engine-Match Friday, August 29, 2025 12:38:00 PM
 Blitz 2/1 

Pairing 4/6 :    V7P3R_v7.0  -  V7P3R_v9.0

PGN-File: C:\Program Files (x86)\Arena\Tournaments\Engine Regression Battle 20250829.pgn

No:  B/W 1/2     W:B       1:2           Time        Value Moves Dep 1:2       1-2-Draws
   6 B 1    1.0:0.0        6.0:0.0       12:40:02 PM  -195.00    10 5.556 :5.900  6-0-0

--------------------------------------------------------------

Engine-Match Friday, August 29, 2025 12:40:04 PM
 Blitz 2/1 

Pairing 5/6 :    V7P3R_v6.0  -  V7P3R_v7.0

PGN-File: C:\Program Files (x86)\Arena\Tournaments\Engine Regression Battle 20250829.pgn

No:  B/W 1/2     W:B       1:2           Time        Value Moves Dep 1:2       1-2-Draws
   6 W 2    1.0:0.0        0.0:6.0       12:42:37 PM   +15.00    13 3.000 :5.692  0-6-0

--------------------------------------------------------------

Engine-Match Friday, August 29, 2025 12:42:38 PM
 Blitz 2/1 

Pairing 6/6 :    V7P3R_v9.0  -  V7P3R_v8.0

PGN-File: C:\Program Files (x86)\Arena\Tournaments\Engine Regression Battle 20250829.pgn

No:  B/W 1/2     W:B       1:2           Time        Value Moves Dep 1:2       1-2-Draws
   6 B 1    1.0:0.0        5.0:1.0       12:44:00 PM   -90.00    14 5.769 :5.000  5-1-0

--------------------------------------------------------------

Engine-Match Friday, August 29, 2025 12:44:01 PM
 Blitz 2/1 

Pairing 1/6 :    V7P3R_v6.0  -  V7P3R_v9.0

PGN-File: C:\Program Files (x86)\Arena\Tournaments\Engine Regression Battle 20250829.pgn

No:  B/W 1/2     W:B       1:2           Time        Value Moves Dep 1:2       1-2-Draws
   7 B 2    1.0:0.0        0.0:7.0       12:45:19 PM   -25.20    12 3.000 :5.818  0-7-0

--------------------------------------------------------------

Engine-Match Friday, August 29, 2025 12:45:21 PM
 Blitz 2/1 

Pairing 2/6 :    V7P3R_v8.0  -  V7P3R_v7.0

PGN-File: C:\Program Files (x86)\Arena\Tournaments\Engine Regression Battle 20250829.pgn

No:  B/W 1/2     W:B       1:2           Time        Value Moves Dep 1:2       1-2-Draws
   7 B 2    1.0:0.0        0.0:7.0       12:47:32 PM  -230.00    11 5.273 :5.600  0-7-0

--------------------------------------------------------------

Engine-Match Friday, August 29, 2025 12:47:33 PM
 Blitz 2/1 

Pairing 3/6 :    V7P3R_v8.0  -  V7P3R_v6.0

PGN-File: C:\Program Files (x86)\Arena\Tournaments\Engine Regression Battle 20250829.pgn

No:  B/W 1/2     W:B       1:2           Time        Value Moves Dep 1:2       1-2-Draws
   7 W 1    1.0:0.0        7.0:0.0       12:48:20 PM    +M500     6 5.333 :3.000  7-0-0

--------------------------------------------------------------

Engine-Match Friday, August 29, 2025 12:48:21 PM
 Blitz 2/1 

Pairing 4/6 :    V7P3R_v7.0  -  V7P3R_v9.0

PGN-File: C:\Program Files (x86)\Arena\Tournaments\Engine Regression Battle 20250829.pgn

No:  B/W 1/2     W:B       1:2           Time        Value Moves Dep 1:2       1-2-Draws
   7 W 1    1.0:0.0        7.0:0.0       12:50:23 PM  +125.00     8 5.500 :5.750  7-0-0

--------------------------------------------------------------

Engine-Match Friday, August 29, 2025 12:50:29 PM
 Blitz 2/1 

Pairing 5/6 :    V7P3R_v6.0  -  V7P3R_v7.0

PGN-File: C:\Program Files (x86)\Arena\Tournaments\Engine Regression Battle 20250829.pgn

No:  B/W 1/2     W:B       1:2           Time        Value Moves Dep 1:2       1-2-Draws
   7 B 2    1.0:0.0        0.0:7.0       12:52:46 PM   -24.83     9 3.000 :6.000  0-7-0

--------------------------------------------------------------

Engine-Match Friday, August 29, 2025 12:52:48 PM
 Blitz 2/1 

Pairing 6/6 :    V7P3R_v9.0  -  V7P3R_v8.0

PGN-File: C:\Program Files (x86)\Arena\Tournaments\Engine Regression Battle 20250829.pgn

No:  B/W 1/2     W:B       1:2           Time        Value Moves Dep 1:2       1-2-Draws
   7 W 1    1.0:0.0        6.0:1.0       12:53:16 PM   +90.00     5 5.800 :5.400  6-1-0

--------------------------------------------------------------

Engine-Match Friday, August 29, 2025 12:53:17 PM
 Blitz 2/1 

Pairing 1/6 :    V7P3R_v6.0  -  V7P3R_v9.0

PGN-File: C:\Program Files (x86)\Arena\Tournaments\Engine Regression Battle 20250829.pgn

No:  B/W 1/2     W:B       1:2           Time        Value Moves Dep 1:2       1-2-Draws
   8 W 2    1.0:0.0        0.0:8.0       12:54:21 PM   +43.74    10 3.000 :5.800  0-8-0

--------------------------------------------------------------

Engine-Match Friday, August 29, 2025 12:54:23 PM
 Blitz 2/1 

Pairing 2/6 :    V7P3R_v8.0  -  V7P3R_v7.0

PGN-File: C:\Program Files (x86)\Arena\Tournaments\Engine Regression Battle 20250829.pgn

No:  B/W 1/2     W:B       1:2           Time        Value Moves Dep 1:2       1-2-Draws
   8 W 2    1.0:0.0        0.0:8.0       12:55:43 PM    +M500     5 5.000 :5.800  0-8-0

--------------------------------------------------------------

Engine-Match Friday, August 29, 2025 12:55:44 PM
 Blitz 2/1 

Pairing 3/6 :    V7P3R_v8.0  -  V7P3R_v6.0

PGN-File: C:\Program Files (x86)\Arena\Tournaments\Engine Regression Battle 20250829.pgn

No:  B/W 1/2     W:B       1:2           Time        Value Moves Dep 1:2       1-2-Draws
   8 B 1    1.0:0.0        8.0:0.0       12:57:27 PM      -M1    16 5.500 :3.000  8-0-0

--------------------------------------------------------------

Engine-Match Friday, August 29, 2025 12:57:28 PM
 Blitz 2/1 

Pairing 4/6 :    V7P3R_v7.0  -  V7P3R_v9.0

PGN-File: C:\Program Files (x86)\Arena\Tournaments\Engine Regression Battle 20250829.pgn

No:  B/W 1/2     W:B       1:2           Time        Value Moves Dep 1:2       1-2-Draws
   8 B 1    1.0:0.0        8.0:0.0       12:59:28 PM  -195.00    10 5.556 :5.900  8-0-0

--------------------------------------------------------------

Engine-Match Friday, August 29, 2025 12:59:29 PM
 Blitz 2/1 

Pairing 5/6 :    V7P3R_v6.0  -  V7P3R_v7.0

PGN-File: C:\Program Files (x86)\Arena\Tournaments\Engine Regression Battle 20250829.pgn

No:  B/W 1/2     W:B       1:2           Time        Value Moves Dep 1:2       1-2-Draws
   8 W 2    1.0:0.0        0.0:8.0       1:02:10 PM   +15.00    13 3.000 :5.769  0-8-0

--------------------------------------------------------------

Engine-Match Friday, August 29, 2025 1:02:11 PM
 Blitz 2/1 

Pairing 6/6 :    V7P3R_v9.0  -  V7P3R_v8.0

PGN-File: C:\Program Files (x86)\Arena\Tournaments\Engine Regression Battle 20250829.pgn

No:  B/W 1/2     W:B       1:2           Time        Value Moves Dep 1:2       1-2-Draws
   8 = =    0.5:0.5        6.5:1.5       1:04:22 PM  +195.00    30 5.600 :4.867  6-1-1

--------------------------------------------------------------

Engine-Match Friday, August 29, 2025 1:04:24 PM
 Blitz 2/1 

Pairing 1/6 :    V7P3R_v6.0  -  V7P3R_v9.0

PGN-File: C:\Program Files (x86)\Arena\Tournaments\Engine Regression Battle 20250829.pgn

No:  B/W 1/2     W:B       1:2           Time        Value Moves Dep 1:2       1-2-Draws
   9 B 2    1.0:0.0        0.0:9.0       1:06:01 PM   -41.16    16 3.000 :5.867  0-9-0

--------------------------------------------------------------

Engine-Match Friday, August 29, 2025 1:06:02 PM
 Blitz 2/1 

Pairing 2/6 :    V7P3R_v8.0  -  V7P3R_v7.0

PGN-File: C:\Program Files (x86)\Arena\Tournaments\Engine Regression Battle 20250829.pgn

No:  B/W 1/2     W:B       1:2           Time        Value Moves Dep 1:2       1-2-Draws
   9 B 2    1.0:0.0        0.0:9.0       1:08:07 PM  -230.00    11 5.273 :5.600  0-9-0

--------------------------------------------------------------

Engine-Match Friday, August 29, 2025 1:08:08 PM
 Blitz 2/1 

Pairing 3/6 :    V7P3R_v8.0  -  V7P3R_v6.0

PGN-File: C:\Program Files (x86)\Arena\Tournaments\Engine Regression Battle 20250829.pgn

No:  B/W 1/2     W:B       1:2           Time        Value Moves Dep 1:2       1-2-Draws
   9 W 1    1.0:0.0        9.0:0.0       1:09:01 PM   +19.92     6 5.833 :3.000  9-0-0

--------------------------------------------------------------

Engine-Match Friday, August 29, 2025 1:09:03 PM
 Blitz 2/1 

Pairing 4/6 :    V7P3R_v7.0  -  V7P3R_v9.0

PGN-File: C:\Program Files (x86)\Arena\Tournaments\Engine Regression Battle 20250829.pgn

No:  B/W 1/2     W:B       1:2           Time        Value Moves Dep 1:2       1-2-Draws
   9 W 1    1.0:0.0        9.0:0.0       1:10:16 PM  +215.00     7 5.143 :5.714  9-0-0

--------------------------------------------------------------

Engine-Match Friday, August 29, 2025 1:10:17 PM
 Blitz 2/1 

Pairing 5/6 :    V7P3R_v6.0  -  V7P3R_v7.0

PGN-File: C:\Program Files (x86)\Arena\Tournaments\Engine Regression Battle 20250829.pgn

No:  B/W 1/2     W:B       1:2           Time        Value Moves Dep 1:2       1-2-Draws
   9 B 2    1.0:0.0        0.0:9.0       1:12:39 PM   -24.83     9 3.000 :6.000  0-9-0

--------------------------------------------------------------

Engine-Match Friday, August 29, 2025 1:12:41 PM
 Blitz 2/1 

Pairing 6/6 :    V7P3R_v9.0  -  V7P3R_v8.0

PGN-File: C:\Program Files (x86)\Arena\Tournaments\Engine Regression Battle 20250829.pgn

No:  B/W 1/2     W:B       1:2           Time        Value Moves Dep 1:2       1-2-Draws
   9 W 1    1.5:0.5        7.5:1.5       1:13:09 PM   +90.00     5 5.800 :5.400  7-1-1

--------------------------------------------------------------

Engine-Match Friday, August 29, 2025 1:13:11 PM
 Blitz 2/1 

Pairing 1/6 :    V7P3R_v6.0  -  V7P3R_v9.0

PGN-File: C:\Program Files (x86)\Arena\Tournaments\Engine Regression Battle 20250829.pgn

No:  B/W 1/2     W:B       1:2           Time        Value Moves Dep 1:2       1-2-Draws
  10 W 2    1.0:0.0        0.0:10.0      1:13:54 PM   +29.34     6 3.000 :6.000  0-10-0

--------------------------------------------------------------

Engine-Match Friday, August 29, 2025 1:13:55 PM
 Blitz 2/1 

Pairing 2/6 :    V7P3R_v8.0  -  V7P3R_v7.0

PGN-File: C:\Program Files (x86)\Arena\Tournaments\Engine Regression Battle 20250829.pgn

No:  B/W 1/2     W:B       1:2           Time        Value Moves Dep 1:2       1-2-Draws
  10 W 2    1.0:0.0        0.0:10.0      1:15:15 PM    +M500     5 5.000 :5.800  0-10-0

--------------------------------------------------------------

Engine-Match Friday, August 29, 2025 1:15:16 PM
 Blitz 2/1 

Pairing 3/6 :    V7P3R_v8.0  -  V7P3R_v6.0

PGN-File: C:\Program Files (x86)\Arena\Tournaments\Engine Regression Battle 20250829.pgn

No:  B/W 1/2     W:B       1:2           Time        Value Moves Dep 1:2       1-2-Draws
  10 B 1    1.0:0.0        10.0:0.0      1:16:11 PM      -M1     8 5.375 :3.000  10-0-0

--------------------------------------------------------------

Engine-Match Friday, August 29, 2025 1:16:12 PM
 Blitz 2/1 

Pairing 4/6 :    V7P3R_v7.0  -  V7P3R_v9.0

PGN-File: C:\Program Files (x86)\Arena\Tournaments\Engine Regression Battle 20250829.pgn

No:  B/W 1/2     W:B       1:2           Time        Value Moves Dep 1:2       1-2-Draws
  10 B 1    1.0:0.0        10.0:0.0      1:18:09 PM  -222.00    12 5.636 :5.833  10-0-0

--------------------------------------------------------------

Engine-Match Friday, August 29, 2025 1:18:10 PM
 Blitz 2/1 

Pairing 5/6 :    V7P3R_v6.0  -  V7P3R_v7.0

PGN-File: C:\Program Files (x86)\Arena\Tournaments\Engine Regression Battle 20250829.pgn

No:  B/W 1/2     W:B       1:2           Time        Value Moves Dep 1:2       1-2-Draws
  10 W 2    1.0:0.0        0.0:10.0      1:20:49 PM   +19.01    13 3.000 :5.692  0-10-0

--------------------------------------------------------------

Engine-Match Friday, August 29, 2025 1:20:50 PM
 Blitz 2/1 

Pairing 6/6 :    V7P3R_v9.0  -  V7P3R_v8.0

PGN-File: C:\Program Files (x86)\Arena\Tournaments\Engine Regression Battle 20250829.pgn

No:  B/W 1/2     W:B       1:2           Time        Value Moves Dep 1:2       1-2-Draws
  10 B 1    1.5:0.5        8.5:1.5       1:21:45 PM  -220.00    11 5.900 :5.182  8-1-1
