Engine-Match Sunday, August 31, 2025 10:59:51 AM
 Blitz 2/1 

Pairing 1/3 :    V7P3R_v7.0  -  V7P3R_v9.0

PGN-File: C:\Program Files (x86)\Arena\Tournaments\Engine Regression Battle 20250831.pgn

No:  B/W 1/2     W:B       1:2           Time        Value Moves Dep 1:2       1-2-Draws
   1 W 1    1.0:0.0        1.0:0.0       11:01:51 AM  +125.00     8 5.500 :5.625  1-0-0

--------------------------------------------------------------

Engine-Match Sunday, August 31, 2025 11:01:52 AM
 Blitz 2/1 

Pairing 2/3 :    V7P3R_v9.5  -  V7P3R_v7.0

PGN-File: C:\Program Files (x86)\Arena\Tournaments\Engine Regression Battle 20250831.pgn

No:  B/W 1/2     W:B       1:2           Time        Value Moves Dep 1:2       1-2-Draws
   1 W 1    1.0:0.0        1.0:0.0       11:04:35 AM   +25.00    13 4.462 :5.231  1-0-0

--------------------------------------------------------------

Engine-Match Sunday, August 31, 2025 11:04:36 AM
 Blitz 2/1 

Pairing 3/3 :    V7P3R_v9.0  -  V7P3R_v9.5

PGN-File: C:\Program Files (x86)\Arena\Tournaments\Engine Regression Battle 20250831.pgn

No:  B/W 1/2     W:B       1:2           Time        Value Moves Dep 1:2       1-2-Draws
   1 B 2    1.0:0.0        0.0:1.0       11:06:14 AM  -110.00    12 5.750 :4.636  0-1-0

--------------------------------------------------------------

Engine-Match Sunday, August 31, 2025 11:06:15 AM
 Blitz 2/1 

Pairing 1/3 :    V7P3R_v7.0  -  V7P3R_v9.0

PGN-File: C:\Program Files (x86)\Arena\Tournaments\Engine Regression Battle 20250831.pgn

No:  B/W 1/2     W:B       1:2           Time        Value Moves Dep 1:2       1-2-Draws
   2 B 1    1.0:0.0        2.0:0.0       11:08:16 AM  -222.00    12 5.636 :5.917  2-0-0

--------------------------------------------------------------

Engine-Match Sunday, August 31, 2025 11:08:18 AM
 Blitz 2/1 

Pairing 2/3 :    V7P3R_v9.5  -  V7P3R_v7.0

PGN-File: C:\Program Files (x86)\Arena\Tournaments\Engine Regression Battle 20250831.pgn

No:  B/W 1/2     W:B       1:2           Time        Value Moves Dep 1:2       1-2-Draws
   2 = =    0.5:0.5        1.5:0.5       11:11:37 AM    -0.60    23 5.348 :5.348  1-0-1

--------------------------------------------------------------

Engine-Match Sunday, August 31, 2025 11:11:38 AM
 Blitz 2/1 

Pairing 3/3 :    V7P3R_v9.0  -  V7P3R_v9.5

PGN-File: C:\Program Files (x86)\Arena\Tournaments\Engine Regression Battle 20250831.pgn

No:  B/W 1/2     W:B       1:2           Time        Value Moves Dep 1:2       1-2-Draws
   2 W 2    1.0:0.0        0.0:2.0       11:13:20 AM    +M115    12 5.917 :4.667  0-2-0

--------------------------------------------------------------

Engine-Match Sunday, August 31, 2025 11:13:21 AM
 Blitz 2/1 

Pairing 1/3 :    V7P3R_v7.0  -  V7P3R_v9.0

PGN-File: C:\Program Files (x86)\Arena\Tournaments\Engine Regression Battle 20250831.pgn

No:  B/W 1/2     W:B       1:2           Time        Value Moves Dep 1:2       1-2-Draws
   3 W 1    1.0:0.0        3.0:0.0       11:14:41 AM   +15.00     6 5.167 :5.333  3-0-0

--------------------------------------------------------------

Engine-Match Sunday, August 31, 2025 11:14:43 AM
 Blitz 2/1 

Pairing 2/3 :    V7P3R_v9.5  -  V7P3R_v7.0

PGN-File: C:\Program Files (x86)\Arena\Tournaments\Engine Regression Battle 20250831.pgn

No:  B/W 1/2     W:B       1:2           Time        Value Moves Dep 1:2       1-2-Draws
   3 W 1    1.5:0.5        2.5:0.5       11:17:24 AM   +25.00    13 4.462 :5.231  2-0-1

--------------------------------------------------------------

Engine-Match Sunday, August 31, 2025 11:17:26 AM
 Blitz 2/1 

Pairing 3/3 :    V7P3R_v9.0  -  V7P3R_v9.5

PGN-File: C:\Program Files (x86)\Arena\Tournaments\Engine Regression Battle 20250831.pgn

No:  B/W 1/2     W:B       1:2           Time        Value Moves Dep 1:2       1-2-Draws
   3 B 2    1.0:0.0        0.0:3.0       11:19:00 AM  -110.00    12 5.750 :4.636  0-3-0

--------------------------------------------------------------

Engine-Match Sunday, August 31, 2025 11:19:02 AM
 Blitz 2/1 

Pairing 1/3 :    V7P3R_v7.0  -  V7P3R_v9.0

PGN-File: C:\Program Files (x86)\Arena\Tournaments\Engine Regression Battle 20250831.pgn

No:  B/W 1/2     W:B       1:2           Time        Value Moves Dep 1:2       1-2-Draws
   4 B 1    1.0:0.0        4.0:0.0       11:21:23 AM  -290.00    13 5.417 :5.692  4-0-0

--------------------------------------------------------------

Engine-Match Sunday, August 31, 2025 11:21:25 AM
 Blitz 2/1 

Pairing 2/3 :    V7P3R_v9.5  -  V7P3R_v7.0

PGN-File: C:\Program Files (x86)\Arena\Tournaments\Engine Regression Battle 20250831.pgn

No:  B/W 1/2     W:B       1:2           Time        Value Moves Dep 1:2       1-2-Draws
   4 B 1    1.5:0.5        3.5:0.5       11:24:26 AM  -140.00    15 5.071 :5.267  3-0-1

--------------------------------------------------------------

Engine-Match Sunday, August 31, 2025 11:24:28 AM
 Blitz 2/1 

Pairing 3/3 :    V7P3R_v9.0  -  V7P3R_v9.5

PGN-File: C:\Program Files (x86)\Arena\Tournaments\Engine Regression Battle 20250831.pgn

No:  B/W 1/2     W:B       1:2           Time        Value Moves Dep 1:2       1-2-Draws
   4 W 2    1.0:0.0        0.0:4.0       11:26:09 AM    +M115    12 5.917 :4.667  0-4-0

--------------------------------------------------------------

Engine-Match Sunday, August 31, 2025 11:26:10 AM
 Blitz 2/1 

Pairing 1/3 :    V7P3R_v7.0  -  V7P3R_v9.0

PGN-File: C:\Program Files (x86)\Arena\Tournaments\Engine Regression Battle 20250831.pgn

No:  B/W 1/2     W:B       1:2           Time        Value Moves Dep 1:2       1-2-Draws
   5 W 1    1.0:0.0        5.0:0.0       11:27:28 AM   +15.00     6 5.167 :5.333  5-0-0

--------------------------------------------------------------

Engine-Match Sunday, August 31, 2025 11:27:29 AM
 Blitz 2/1 

Pairing 2/3 :    V7P3R_v9.5  -  V7P3R_v7.0

PGN-File: C:\Program Files (x86)\Arena\Tournaments\Engine Regression Battle 20250831.pgn

No:  B/W 1/2     W:B       1:2           Time        Value Moves Dep 1:2       1-2-Draws
   5 W 1    1.5:0.5        4.5:0.5       11:30:12 AM   +25.00    13 4.462 :5.231  4-0-1

--------------------------------------------------------------

Engine-Match Sunday, August 31, 2025 11:30:14 AM
 Blitz 2/1 

Pairing 3/3 :    V7P3R_v9.0  -  V7P3R_v9.5

PGN-File: C:\Program Files (x86)\Arena\Tournaments\Engine Regression Battle 20250831.pgn

No:  B/W 1/2     W:B       1:2           Time        Value Moves Dep 1:2       1-2-Draws
   5 B 2    1.0:0.0        0.0:5.0       11:32:08 AM    -M365    18 5.833 :4.647  0-5-0

--------------------------------------------------------------

Engine-Match Sunday, August 31, 2025 11:32:10 AM
 Blitz 2/1 

Pairing 1/3 :    V7P3R_v7.0  -  V7P3R_v9.0

PGN-File: C:\Program Files (x86)\Arena\Tournaments\Engine Regression Battle 20250831.pgn

No:  B/W 1/2     W:B       1:2           Time        Value Moves Dep 1:2       1-2-Draws
   6 B 1    1.0:0.0        6.0:0.0       11:34:31 AM  -290.00    13 5.500 :5.692  6-0-0

--------------------------------------------------------------

Engine-Match Sunday, August 31, 2025 11:34:33 AM
 Blitz 2/1 

Pairing 2/3 :    V7P3R_v9.5  -  V7P3R_v7.0

PGN-File: C:\Program Files (x86)\Arena\Tournaments\Engine Regression Battle 20250831.pgn

No:  B/W 1/2     W:B       1:2           Time        Value Moves Dep 1:2       1-2-Draws
   6 B 1    1.5:0.5        5.5:0.5       11:37:31 AM  -140.00    15 5.071 :5.267  5-0-1

--------------------------------------------------------------

Engine-Match Sunday, August 31, 2025 11:37:32 AM
 Blitz 2/1 

Pairing 3/3 :    V7P3R_v9.0  -  V7P3R_v9.5

PGN-File: C:\Program Files (x86)\Arena\Tournaments\Engine Regression Battle 20250831.pgn

No:  B/W 1/2     W:B       1:2           Time        Value Moves Dep 1:2       1-2-Draws
   6 W 2    1.0:0.0        0.0:6.0       11:39:13 AM    +M115    12 5.833 :4.667  0-6-0

--------------------------------------------------------------

Engine-Match Sunday, August 31, 2025 11:39:14 AM
 Blitz 2/1 

Pairing 1/3 :    V7P3R_v7.0  -  V7P3R_v9.0

PGN-File: C:\Program Files (x86)\Arena\Tournaments\Engine Regression Battle 20250831.pgn

No:  B/W 1/2     W:B       1:2           Time        Value Moves Dep 1:2       1-2-Draws
   7 W 1    1.0:0.0        7.0:0.0       11:40:37 AM   +15.00     6 5.167 :5.333  7-0-0

--------------------------------------------------------------

Engine-Match Sunday, August 31, 2025 11:40:38 AM
 Blitz 2/1 

Pairing 2/3 :    V7P3R_v9.5  -  V7P3R_v7.0

PGN-File: C:\Program Files (x86)\Arena\Tournaments\Engine Regression Battle 20250831.pgn

No:  B/W 1/2     W:B       1:2           Time        Value Moves Dep 1:2       1-2-Draws
   7 * *     0.5:0.5        5.5:0.5       11:40:50 AM     0.00     1 0:0 5-0-1

--------------------------------------------------------------

Engine-Match Sunday, August 31, 2025 11:41:14 AM
 Blitz 2/1 

Pairing 1/6 :    V7P3R_v7.0  -  V7P3R_v9.6

PGN-File: C:\Program Files (x86)\Arena\Tournaments\Engine Regression Battle 20250831.pgn

No:  B/W 1/2     W:B       1:2           Time        Value Moves Dep 1:2       1-2-Draws
   1 B 2    1.0:0.0        0.0:1.0       11:44:57 AM  -235.00    18 4.944 :4.647  0-1-0

--------------------------------------------------------------

Engine-Match Sunday, August 31, 2025 11:44:58 AM
 Blitz 2/1 

Pairing 4/6 :    V7P3R_v9.0  -  V7P3R_v9.6

PGN-File: C:\Program Files (x86)\Arena\Tournaments\Engine Regression Battle 20250831.pgn

No:  B/W 1/2     W:B       1:2           Time        Value Moves Dep 1:2       1-2-Draws
   1 B 2    1.0:0.0        0.0:1.0       11:46:50 AM    -M500    16 5.938 :4.733  0-1-0

--------------------------------------------------------------

Engine-Match Sunday, August 31, 2025 11:46:52 AM
 Blitz 2/1 

Pairing 6/6 :    V7P3R_v9.6  -  V7P3R_v9.5

PGN-File: C:\Program Files (x86)\Arena\Tournaments\Engine Regression Battle 20250831.pgn

No:  B/W 1/2     W:B       1:2           Time        Value Moves Dep 1:2       1-2-Draws
   1 = =    0.5:0.5        0.5:0.5       11:51:24 AM    +2.40    57 4.870 :4.682  0-0-1

--------------------------------------------------------------

Engine-Match Sunday, August 31, 2025 11:51:26 AM
 Blitz 2/1 

Pairing 1/6 :    V7P3R_v7.0  -  V7P3R_v9.6

PGN-File: C:\Program Files (x86)\Arena\Tournaments\Engine Regression Battle 20250831.pgn

No:  B/W 1/2     W:B       1:2           Time        Value Moves Dep 1:2       1-2-Draws
   2 W 2    1.0:0.0        0.0:2.0       11:54:06 AM   +25.00    13 5.231 :4.462  0-2-0

--------------------------------------------------------------

Engine-Match Sunday, August 31, 2025 11:54:07 AM
 Blitz 2/1 

Pairing 4/6 :    V7P3R_v9.0  -  V7P3R_v9.6

PGN-File: C:\Program Files (x86)\Arena\Tournaments\Engine Regression Battle 20250831.pgn

No:  B/W 1/2     W:B       1:2           Time        Value Moves Dep 1:2       1-2-Draws
   2 W 2    1.0:0.0        0.0:2.0       11:55:45 AM    +M115    12 5.917 :4.667  0-2-0

--------------------------------------------------------------

Engine-Match Sunday, August 31, 2025 11:55:46 AM
 Blitz 2/1 

Pairing 6/6 :    V7P3R_v9.6  -  V7P3R_v9.5

PGN-File: C:\Program Files (x86)\Arena\Tournaments\Engine Regression Battle 20250831.pgn

No:  B/W 1/2     W:B       1:2           Time        Value Moves Dep 1:2       1-2-Draws
   2 = =    1.0:1.0        1.0:1.0       11:58:32 AM    +0.30    22 4.619 :4.864  0-0-2

--------------------------------------------------------------

Engine-Match Sunday, August 31, 2025 11:58:33 AM
 Blitz 2/1 

Pairing 1/6 :    V7P3R_v7.0  -  V7P3R_v9.6

PGN-File: C:\Program Files (x86)\Arena\Tournaments\Engine Regression Battle 20250831.pgn

No:  B/W 1/2     W:B       1:2           Time        Value Moves Dep 1:2       1-2-Draws
   3 B 2    1.0:0.0        0.0:3.0       12:01:35 PM  -140.00    15 5.267 :5.143  0-3-0

--------------------------------------------------------------

Engine-Match Sunday, August 31, 2025 12:01:36 PM
 Blitz 2/1 

Pairing 4/6 :    V7P3R_v9.0  -  V7P3R_v9.6

PGN-File: C:\Program Files (x86)\Arena\Tournaments\Engine Regression Battle 20250831.pgn

No:  B/W 1/2     W:B       1:2           Time        Value Moves Dep 1:2       1-2-Draws
   3 B 2    1.0:0.0        0.0:3.0       12:03:30 PM    -M500    18 5.778 :4.471  0-3-0

--------------------------------------------------------------

Engine-Match Sunday, August 31, 2025 12:03:31 PM
 Blitz 2/1 

Pairing 6/6 :    V7P3R_v9.6  -  V7P3R_v9.5

PGN-File: C:\Program Files (x86)\Arena\Tournaments\Engine Regression Battle 20250831.pgn

No:  B/W 1/2     W:B       1:2           Time        Value Moves Dep 1:2       1-2-Draws
   3 = =    1.5:1.5        1.5:1.5       12:06:22 PM    +0.30    22 4.864 :4.714  0-0-3

--------------------------------------------------------------

Engine-Match Sunday, August 31, 2025 12:06:23 PM
 Blitz 2/1 

Pairing 1/6 :    V7P3R_v7.0  -  V7P3R_v9.6

PGN-File: C:\Program Files (x86)\Arena\Tournaments\Engine Regression Battle 20250831.pgn

No:  B/W 1/2     W:B       1:2           Time        Value Moves Dep 1:2       1-2-Draws
   4 W 2    1.0:0.0        0.0:4.0       12:09:10 PM   +25.00    13 5.231 :4.462  0-4-0

--------------------------------------------------------------

Engine-Match Sunday, August 31, 2025 12:09:11 PM
 Blitz 2/1 

Pairing 4/6 :    V7P3R_v9.0  -  V7P3R_v9.6

PGN-File: C:\Program Files (x86)\Arena\Tournaments\Engine Regression Battle 20250831.pgn

No:  B/W 1/2     W:B       1:2           Time        Value Moves Dep 1:2       1-2-Draws
   4 W 2    1.0:0.0        0.0:4.0       12:10:52 PM    +M115    12 5.917 :4.667  0-4-0

--------------------------------------------------------------

Engine-Match Sunday, August 31, 2025 12:10:54 PM
 Blitz 2/1 

Pairing 6/6 :    V7P3R_v9.6  -  V7P3R_v9.5

PGN-File: C:\Program Files (x86)\Arena\Tournaments\Engine Regression Battle 20250831.pgn

No:  B/W 1/2     W:B       1:2           Time        Value Moves Dep 1:2       1-2-Draws
   4 W 2    2.5:1.5        1.5:2.5       12:13:47 PM  +289.98    22 4.667 :4.773  0-1-3

--------------------------------------------------------------

Engine-Match Sunday, August 31, 2025 12:13:48 PM
 Blitz 2/1 

Pairing 1/6 :    V7P3R_v7.0  -  V7P3R_v9.6

PGN-File: C:\Program Files (x86)\Arena\Tournaments\Engine Regression Battle 20250831.pgn

No:  B/W 1/2     W:B       1:2           Time        Value Moves Dep 1:2       1-2-Draws
   5 B 2    1.0:0.0        0.0:5.0       12:16:49 PM  -140.00    15 5.267 :5.071  0-5-0

--------------------------------------------------------------

Engine-Match Sunday, August 31, 2025 12:16:50 PM
 Blitz 2/1 

Pairing 4/6 :    V7P3R_v9.0  -  V7P3R_v9.6

PGN-File: C:\Program Files (x86)\Arena\Tournaments\Engine Regression Battle 20250831.pgn

No:  B/W 1/2     W:B       1:2           Time        Value Moves Dep 1:2       1-2-Draws
   5 B 2    1.0:0.0        0.0:5.0       12:18:26 PM  -110.00    12 5.750 :4.636  0-5-0

--------------------------------------------------------------

Engine-Match Sunday, August 31, 2025 12:18:28 PM
 Blitz 2/1 

Pairing 6/6 :    V7P3R_v9.6  -  V7P3R_v9.5

PGN-File: C:\Program Files (x86)\Arena\Tournaments\Engine Regression Battle 20250831.pgn

No:  B/W 1/2     W:B       1:2           Time        Value Moves Dep 1:2       1-2-Draws
   5 = =    2.0:2.0        2.0:3.0       12:21:58 PM    +5.70    41 4.722 :4.529  0-1-4

--------------------------------------------------------------

Engine-Match Sunday, August 31, 2025 12:22:00 PM
 Blitz 2/1 

Pairing 1/6 :    V7P3R_v7.0  -  V7P3R_v9.6

PGN-File: C:\Program Files (x86)\Arena\Tournaments\Engine Regression Battle 20250831.pgn

No:  B/W 1/2     W:B       1:2           Time        Value Moves Dep 1:2       1-2-Draws
   6 W 2    1.0:0.0        0.0:6.0       12:24:40 PM  +205.00    13 5.308 :4.846  0-6-0

--------------------------------------------------------------

Engine-Match Sunday, August 31, 2025 12:24:42 PM
 Blitz 2/1 

Pairing 4/6 :    V7P3R_v9.0  -  V7P3R_v9.6

PGN-File: C:\Program Files (x86)\Arena\Tournaments\Engine Regression Battle 20250831.pgn

No:  B/W 1/2     W:B       1:2           Time        Value Moves Dep 1:2       1-2-Draws
   6 W 2    1.0:0.0        0.0:6.0       12:26:55 PM    +M500    19 5.684 :4.842  0-6-0

--------------------------------------------------------------

Engine-Match Sunday, August 31, 2025 12:26:56 PM
 Blitz 2/1 

Pairing 6/6 :    V7P3R_v9.6  -  V7P3R_v9.5

PGN-File: C:\Program Files (x86)\Arena\Tournaments\Engine Regression Battle 20250831.pgn

No:  B/W 1/2     W:B       1:2           Time        Value Moves Dep 1:2       1-2-Draws
   6 = =    2.5:2.5        2.5:3.5       12:30:10 PM    +0.30    22 4.682 :4.864  0-1-5

--------------------------------------------------------------

Engine-Match Sunday, August 31, 2025 12:30:11 PM
 Blitz 2/1 

Pairing 1/6 :    V7P3R_v7.0  -  V7P3R_v9.6

PGN-File: C:\Program Files (x86)\Arena\Tournaments\Engine Regression Battle 20250831.pgn

No:  B/W 1/2     W:B       1:2           Time        Value Moves Dep 1:2       1-2-Draws
   7 B 2    1.0:0.0        0.0:7.0       12:33:31 PM    -M500    21 5.333 :5.111  0-7-0

--------------------------------------------------------------

Engine-Match Sunday, August 31, 2025 12:33:32 PM
 Blitz 2/1 

Pairing 2/6 :    V7P3R_v9.5  -  V7P3R_v9.0

PGN-File: C:\Program Files (x86)\Arena\Tournaments\Engine Regression Battle 20250831.pgn

No:  B/W 1/2     W:B       1:2           Time        Value Moves Dep 1:2       1-2-Draws
   7 W 1    1.0:0.0        7.0:0.0       12:35:17 PM    +M115    12 4.667 :5.917  7-0-0

--------------------------------------------------------------

Engine-Match Sunday, August 31, 2025 12:35:24 PM
 Blitz 2/1 

Pairing 3/6 :    V7P3R_v9.5  -  V7P3R_v7.0

PGN-File: C:\Program Files (x86)\Arena\Tournaments\Engine Regression Battle 20250831.pgn

No:  B/W 1/2     W:B       1:2           Time        Value Moves Dep 1:2       1-2-Draws
   7 W 1    1.5:0.5        6.5:0.5       12:38:04 PM   +25.00    13 4.462 :5.231  6-0-1

--------------------------------------------------------------

Engine-Match Sunday, August 31, 2025 12:38:05 PM
 Blitz 2/1 

Pairing 4/6 :    V7P3R_v9.0  -  V7P3R_v9.6

PGN-File: C:\Program Files (x86)\Arena\Tournaments\Engine Regression Battle 20250831.pgn

No:  B/W 1/2     W:B       1:2           Time        Value Moves Dep 1:2       1-2-Draws
   7 B 2    1.0:0.0        0.0:7.0       12:39:54 PM    -M500    16 5.938 :4.733  0-7-0

--------------------------------------------------------------

Engine-Match Sunday, August 31, 2025 12:39:56 PM
 Blitz 2/1 

Pairing 6/6 :    V7P3R_v9.6  -  V7P3R_v9.5

PGN-File: C:\Program Files (x86)\Arena\Tournaments\Engine Regression Battle 20250831.pgn

No:  B/W 1/2     W:B       1:2           Time        Value Moves Dep 1:2       1-2-Draws
   7 = =    3.0:3.0        3.0:4.0       12:43:51 PM    +1.70    40 4.607 :4.571  0-1-6

--------------------------------------------------------------

Engine-Match Sunday, August 31, 2025 12:43:53 PM
 Blitz 2/1 

Pairing 1/6 :    V7P3R_v7.0  -  V7P3R_v9.6

PGN-File: C:\Program Files (x86)\Arena\Tournaments\Engine Regression Battle 20250831.pgn

No:  B/W 1/2     W:B       1:2           Time        Value Moves Dep 1:2       1-2-Draws
   8 W 2    1.0:0.0        0.0:8.0       12:46:32 PM   +25.00    13 5.231 :4.462  0-8-0

--------------------------------------------------------------

Engine-Match Sunday, August 31, 2025 12:46:33 PM
 Blitz 2/1 

Pairing 2/6 :    V7P3R_v9.5  -  V7P3R_v9.0

PGN-File: C:\Program Files (x86)\Arena\Tournaments\Engine Regression Battle 20250831.pgn

No:  B/W 1/2     W:B       1:2           Time        Value Moves Dep 1:2       1-2-Draws
   8 B 1    1.0:0.0        8.0:0.0       12:48:03 PM  -110.00    12 4.636 :5.750  8-0-0

--------------------------------------------------------------

Engine-Match Sunday, August 31, 2025 12:48:05 PM
 Blitz 2/1 

Pairing 3/6 :    V7P3R_v9.5  -  V7P3R_v7.0

PGN-File: C:\Program Files (x86)\Arena\Tournaments\Engine Regression Battle 20250831.pgn

No:  B/W 1/2     W:B       1:2           Time        Value Moves Dep 1:2       1-2-Draws
   8 B 1    1.5:0.5        7.5:0.5       12:51:32 PM    -M384    20 4.938 :5.250  7-0-1

--------------------------------------------------------------

Engine-Match Sunday, August 31, 2025 12:51:33 PM
 Blitz 2/1 

Pairing 4/6 :    V7P3R_v9.0  -  V7P3R_v9.6

PGN-File: C:\Program Files (x86)\Arena\Tournaments\Engine Regression Battle 20250831.pgn

No:  B/W 1/2     W:B       1:2           Time        Value Moves Dep 1:2       1-2-Draws
   8 W 2    1.0:0.0        0.0:8.0       12:53:16 PM    +M115    12 5.917 :4.750  0-8-0

--------------------------------------------------------------

Engine-Match Sunday, August 31, 2025 12:53:17 PM
 Blitz 2/1 

Pairing 5/6 :    V7P3R_v7.0  -  V7P3R_v9.0

PGN-File: C:\Program Files (x86)\Arena\Tournaments\Engine Regression Battle 20250831.pgn

No:  B/W 1/2     W:B       1:2           Time        Value Moves Dep 1:2       1-2-Draws
   8 B 1    1.0:0.0        8.0:0.0       12:55:15 PM  -195.00    10 5.556 :5.900  8-0-0

--------------------------------------------------------------

Engine-Match Sunday, August 31, 2025 12:55:16 PM
 Blitz 2/1 

Pairing 6/6 :    V7P3R_v9.6  -  V7P3R_v9.5

PGN-File: C:\Program Files (x86)\Arena\Tournaments\Engine Regression Battle 20250831.pgn

No:  B/W 1/2     W:B       1:2           Time        Value Moves Dep 1:2       1-2-Draws
   8 = =    3.5:3.5        3.5:4.5       12:59:17 PM    +4.20    51 4.594 :4.625  0-1-7

--------------------------------------------------------------

Engine-Match Sunday, August 31, 2025 12:59:19 PM
 Blitz 2/1 

Pairing 1/6 :    V7P3R_v7.0  -  V7P3R_v9.6

PGN-File: C:\Program Files (x86)\Arena\Tournaments\Engine Regression Battle 20250831.pgn

No:  B/W 1/2     W:B       1:2           Time        Value Moves Dep 1:2       1-2-Draws
   9 B 2    1.0:0.0        0.0:9.0       1:02:49 PM  -195.00    20 5.250 :5.000  0-9-0

--------------------------------------------------------------

Engine-Match Sunday, August 31, 2025 1:02:50 PM
 Blitz 2/1 

Pairing 2/6 :    V7P3R_v9.5  -  V7P3R_v9.0

PGN-File: C:\Program Files (x86)\Arena\Tournaments\Engine Regression Battle 20250831.pgn

No:  B/W 1/2     W:B       1:2           Time        Value Moves Dep 1:2       1-2-Draws
   9 W 1    1.0:0.0        9.0:0.0       1:04:39 PM    +M500    17 4.941 :5.706  9-0-0

--------------------------------------------------------------

Engine-Match Sunday, August 31, 2025 1:04:40 PM
 Blitz 2/1 

Pairing 3/6 :    V7P3R_v9.5  -  V7P3R_v7.0

PGN-File: C:\Program Files (x86)\Arena\Tournaments\Engine Regression Battle 20250831.pgn

No:  B/W 1/2     W:B       1:2           Time        Value Moves Dep 1:2       1-2-Draws
   9 W 1    1.5:0.5        8.5:0.5       1:07:24 PM   +25.00    13 4.462 :5.231  8-0-1

--------------------------------------------------------------

Engine-Match Sunday, August 31, 2025 1:07:25 PM
 Blitz 2/1 

Pairing 4/6 :    V7P3R_v9.0  -  V7P3R_v9.6

PGN-File: C:\Program Files (x86)\Arena\Tournaments\Engine Regression Battle 20250831.pgn

No:  B/W 1/2     W:B       1:2           Time        Value Moves Dep 1:2       1-2-Draws
   9 B 2    1.0:0.0        0.0:9.0       1:10:05 PM  -213.00    31 5.941 :4.813  0-9-0

--------------------------------------------------------------

Engine-Match Sunday, August 31, 2025 1:10:06 PM
 Blitz 2/1 

Pairing 5/6 :    V7P3R_v7.0  -  V7P3R_v9.0

PGN-File: C:\Program Files (x86)\Arena\Tournaments\Engine Regression Battle 20250831.pgn

No:  B/W 1/2     W:B       1:2           Time        Value Moves Dep 1:2       1-2-Draws
   9 W 1    1.0:0.0        9.0:0.0       1:12:10 PM  +125.00     8 5.500 :5.750  9-0-0

--------------------------------------------------------------

Engine-Match Sunday, August 31, 2025 1:12:12 PM
 Blitz 2/1 

Pairing 6/6 :    V7P3R_v9.6  -  V7P3R_v9.5

PGN-File: C:\Program Files (x86)\Arena\Tournaments\Engine Regression Battle 20250831.pgn

No:  B/W 1/2     W:B       1:2           Time        Value Moves Dep 1:2       1-2-Draws
   9 = =    4.0:4.0        4.0:5.0       1:16:12 PM    +2.10    42 4.870 :4.682  0-1-8

--------------------------------------------------------------

Engine-Match Sunday, August 31, 2025 1:16:13 PM
 Blitz 2/1 

Pairing 1/6 :    V7P3R_v7.0  -  V7P3R_v9.6

PGN-File: C:\Program Files (x86)\Arena\Tournaments\Engine Regression Battle 20250831.pgn

No:  B/W 1/2     W:B       1:2           Time        Value Moves Dep 1:2       1-2-Draws
  10 W 2    1.0:0.0        0.0:10.0      1:18:49 PM   +25.00    13 5.231 :4.462  0-10-0

--------------------------------------------------------------

Engine-Match Sunday, August 31, 2025 1:18:50 PM
 Blitz 2/1 

Pairing 2/6 :    V7P3R_v9.5  -  V7P3R_v9.0

PGN-File: C:\Program Files (x86)\Arena\Tournaments\Engine Regression Battle 20250831.pgn

No:  B/W 1/2     W:B       1:2           Time        Value Moves Dep 1:2       1-2-Draws
  10 B 1    1.0:0.0        10.0:0.0      1:20:46 PM    -M365    18 4.647 :5.778  10-0-0

--------------------------------------------------------------

Engine-Match Sunday, August 31, 2025 1:20:47 PM
 Blitz 2/1 

Pairing 3/6 :    V7P3R_v9.5  -  V7P3R_v7.0

PGN-File: C:\Program Files (x86)\Arena\Tournaments\Engine Regression Battle 20250831.pgn

No:  B/W 1/2     W:B       1:2           Time        Value Moves Dep 1:2       1-2-Draws
  10 B 1    1.5:0.5        9.5:0.5       1:23:47 PM  -140.00    15 5.143 :5.267  9-0-1

--------------------------------------------------------------

Engine-Match Sunday, August 31, 2025 1:23:48 PM
 Blitz 2/1 

Pairing 4/6 :    V7P3R_v9.0  -  V7P3R_v9.6

PGN-File: C:\Program Files (x86)\Arena\Tournaments\Engine Regression Battle 20250831.pgn

No:  B/W 1/2     W:B       1:2           Time        Value Moves Dep 1:2       1-2-Draws
  10 W 2    1.0:0.0        0.0:10.0      1:25:34 PM    +M384    12 5.833 :4.750  0-10-0

--------------------------------------------------------------

Engine-Match Sunday, August 31, 2025 1:25:36 PM
 Blitz 2/1 

Pairing 5/6 :    V7P3R_v7.0  -  V7P3R_v9.0

PGN-File: C:\Program Files (x86)\Arena\Tournaments\Engine Regression Battle 20250831.pgn

No:  B/W 1/2     W:B       1:2           Time        Value Moves Dep 1:2       1-2-Draws
  10 B 1    1.0:0.0        10.0:0.0      1:27:53 PM  -290.00    13 5.417 :5.692  10-0-0

--------------------------------------------------------------

Engine-Match Sunday, August 31, 2025 1:27:59 PM
 Blitz 2/1 

Pairing 6/6 :    V7P3R_v9.6  -  V7P3R_v9.5

PGN-File: C:\Program Files (x86)\Arena\Tournaments\Engine Regression Battle 20250831.pgn

No:  B/W 1/2     W:B       1:2           Time        Value Moves Dep 1:2       1-2-Draws
  10 W 2    5.0:4.0        4.0:6.0       1:30:50 PM  +289.98    22 4.667 :4.773  0-2-8
