Engine-Match Monday, September 22, 2025 9:58:19 PM
 Blitz 2/1 

Pairing 1/6 :    V7P3R_v12.0  -  V7P3R_v11.4

PGN-File: C:\Program Files (x86)\Arena\Tournaments\Engine Battle 20250922.pgn

No:  B/W 1/2     W:B       1:2           Time        Value Moves Dep 1:2       1-2-Draws
   1 W 1    1.0:0.0        1.0:0.0       10:02:33 PM     0.00    42 3.318 :3.579  1-0-0

--------------------------------------------------------------

Engine-Match Monday, September 22, 2025 10:02:35 PM
 Blitz 2/1 

Pairing 2/6 :    V7P3R_v12.0  -  V7P3R_v10.8

PGN-File: C:\Program Files (x86)\Arena\Tournaments\Engine Battle 20250922.pgn

No:  B/W 1/2     W:B       1:2           Time        Value Moves Dep 1:2       1-2-Draws
   1 = =    0.5:0.5        0.5:0.5       10:07:03 PM   +24.14    63 3.281 :3.167  0-0-1

--------------------------------------------------------------

Engine-Match Monday, September 22, 2025 10:07:04 PM
 Blitz 2/1 

Pairing 3/6 :    V7P3R_v12.0  -  C0BR4_v2.9

PGN-File: C:\Program Files (x86)\Arena\Tournaments\Engine Battle 20250922.pgn

No:  B/W 1/2     W:B       1:2           Time        Value Moves Dep 1:2       1-2-Draws
   1 B 2    1.0:0.0        0.0:1.0       10:09:21 PM    -9.68    32 3.250 :4.000  0-1-0

--------------------------------------------------------------

Engine-Match Monday, September 22, 2025 10:09:23 PM
 Blitz 2/1 

Pairing 4/6 :    V7P3R_v12.0  -  SlowMate_v3.1

PGN-File: C:\Program Files (x86)\Arena\Tournaments\Engine Battle 20250922.pgn

No:  B/W 1/2     W:B       1:2           Time        Value Moves Dep 1:2       1-2-Draws
   1 W 1    1.0:0.0        1.0:0.0       10:13:55 PM  +289.97    48 3.459 :3.106  1-0-0

--------------------------------------------------------------

Engine-Match Monday, September 22, 2025 10:13:57 PM
 Blitz 2/1 

Pairing 5/6 :    V7P3R_v12.0  -  Random_Opponent

PGN-File: C:\Program Files (x86)\Arena\Tournaments\Engine Battle 20250922.pgn

No:  B/W 1/2     W:B       1:2           Time        Value Moves Dep 1:2       1-2-Draws
   1 W 1    1.0:0.0        1.0:0.0       10:14:25 PM  +289.96     7 3.429 :0 1-0-0

--------------------------------------------------------------

Engine-Match Monday, September 22, 2025 10:14:26 PM
 Blitz 2/1 

Pairing 6/6 :    V7P3R_v12.0  -  Stockfish 1%

PGN-File: C:\Program Files (x86)\Arena\Tournaments\Engine Battle 20250922.pgn

No:  B/W 1/2     W:B       1:2           Time        Value Moves Dep 1:2       1-2-Draws
   1 B 2    1.0:0.0        0.0:1.0       10:15:56 PM   -10.87    21 3.278 :11.667  0-1-0

--------------------------------------------------------------

Engine-Match Monday, September 22, 2025 10:15:58 PM
 Blitz 2/1 

Pairing 1/6 :    V7P3R_v12.0  -  V7P3R_v11.4

PGN-File: C:\Program Files (x86)\Arena\Tournaments\Engine Battle 20250922.pgn

No:  B/W 1/2     W:B       1:2           Time        Value Moves Dep 1:2       1-2-Draws
   2 B 1    1.0:0.0        2.0:0.0       10:19:20 PM  -289.97    29 3.280 :3.783  2-0-0

--------------------------------------------------------------

Engine-Match Monday, September 22, 2025 10:19:21 PM
 Blitz 2/1 

Pairing 2/6 :    V7P3R_v12.0  -  V7P3R_v10.8

PGN-File: C:\Program Files (x86)\Arena\Tournaments\Engine Battle 20250922.pgn

No:  B/W 1/2     W:B       1:2           Time        Value Moves Dep 1:2       1-2-Draws
   2 W 2    1.5:0.5        0.5:1.5       10:22:34 PM   +33.78    29 3.000 :2.852  0-1-1

--------------------------------------------------------------

Engine-Match Monday, September 22, 2025 10:22:35 PM
 Blitz 2/1 

Pairing 3/6 :    V7P3R_v12.0  -  C0BR4_v2.9

PGN-File: C:\Program Files (x86)\Arena\Tournaments\Engine Battle 20250922.pgn

No:  B/W 1/2     W:B       1:2           Time        Value Moves Dep 1:2       1-2-Draws
   2 B 1    1.0:0.0        1.0:1.0       10:24:56 PM  -299.97    49 3.167 :4.000  1-1-0

--------------------------------------------------------------

Engine-Match Monday, September 22, 2025 10:24:57 PM
 Blitz 2/1 

Pairing 4/6 :    V7P3R_v12.0  -  SlowMate_v3.1

PGN-File: C:\Program Files (x86)\Arena\Tournaments\Engine Battle 20250922.pgn

No:  B/W 1/2     W:B       1:2           Time        Value Moves Dep 1:2       1-2-Draws
   2 = =    0.5:0.5        1.5:0.5       10:29:24 PM    -1.78    41 2.900 :2.714  1-0-1

--------------------------------------------------------------

Engine-Match Monday, September 22, 2025 10:29:26 PM
 Blitz 2/1 

Pairing 5/6 :    V7P3R_v12.0  -  Random_Opponent

PGN-File: C:\Program Files (x86)\Arena\Tournaments\Engine Battle 20250922.pgn

No:  B/W 1/2     W:B       1:2           Time        Value Moves Dep 1:2       1-2-Draws
   2 B 1    1.0:0.0        2.0:0.0       10:30:26 PM  -289.97    18 3.222 :0 2-0-0

--------------------------------------------------------------

Engine-Match Monday, September 22, 2025 10:30:27 PM
 Blitz 2/1 

Pairing 6/6 :    V7P3R_v12.0  -  Stockfish 1%

PGN-File: C:\Program Files (x86)\Arena\Tournaments\Engine Battle 20250922.pgn

No:  B/W 1/2     W:B       1:2           Time        Value Moves Dep 1:2       1-2-Draws
   2 B 1    1.0:0.0        1.0:1.0       10:32:02 PM  -289.98    37 3.267 :11.000  1-1-0

--------------------------------------------------------------

Engine-Match Monday, September 22, 2025 10:32:04 PM
 Blitz 2/1 

Pairing 1/6 :    V7P3R_v12.0  -  V7P3R_v11.4

PGN-File: C:\Program Files (x86)\Arena\Tournaments\Engine Battle 20250922.pgn

No:  B/W 1/2     W:B       1:2           Time        Value Moves Dep 1:2       1-2-Draws
   3 W 1    1.0:0.0        3.0:0.0       10:37:19 PM   +31.10    55 3.313 :3.571  3-0-0

--------------------------------------------------------------

Engine-Match Monday, September 22, 2025 10:37:20 PM
 Blitz 2/1 

Pairing 2/6 :    V7P3R_v12.0  -  V7P3R_v10.8

PGN-File: C:\Program Files (x86)\Arena\Tournaments\Engine Battle 20250922.pgn

No:  B/W 1/2     W:B       1:2           Time        Value Moves Dep 1:2       1-2-Draws
   3 = =    1.0:1.0        1.0:2.0       10:42:33 PM     0.00    65 3.375 :2.976  0-1-2

--------------------------------------------------------------

Engine-Match Monday, September 22, 2025 10:42:35 PM
 Blitz 2/1 

Pairing 3/6 :    V7P3R_v12.0  -  C0BR4_v2.9

PGN-File: C:\Program Files (x86)\Arena\Tournaments\Engine Battle 20250922.pgn

No:  B/W 1/2     W:B       1:2           Time        Value Moves Dep 1:2       1-2-Draws
   3 = =    0.5:0.5        1.5:1.5       10:43:54 PM    +1.12    12 3.182 :4.000  1-1-1

--------------------------------------------------------------

Engine-Match Monday, September 22, 2025 10:43:55 PM
 Blitz 2/1 

Pairing 4/6 :    V7P3R_v12.0  -  SlowMate_v3.1

PGN-File: C:\Program Files (x86)\Arena\Tournaments\Engine Battle 20250922.pgn

No:  B/W 1/2     W:B       1:2           Time        Value Moves Dep 1:2       1-2-Draws
   3 = =    1.0:1.0        2.0:1.0       10:48:54 PM    +1.04    57 3.280 :3.067  1-0-2

--------------------------------------------------------------

Engine-Match Monday, September 22, 2025 10:48:55 PM
 Blitz 2/1 

Pairing 5/6 :    V7P3R_v12.0  -  Random_Opponent

PGN-File: C:\Program Files (x86)\Arena\Tournaments\Engine Battle 20250922.pgn

No:  B/W 1/2     W:B       1:2           Time        Value Moves Dep 1:2       1-2-Draws
   3 W 1    1.0:0.0        3.0:0.0       10:49:55 PM  +289.97    19 3.333 :0 3-0-0

--------------------------------------------------------------

Engine-Match Monday, September 22, 2025 10:49:56 PM
 Blitz 2/1 

Pairing 6/6 :    V7P3R_v12.0  -  Stockfish 1%

PGN-File: C:\Program Files (x86)\Arena\Tournaments\Engine Battle 20250922.pgn

No:  B/W 1/2     W:B       1:2           Time        Value Moves Dep 1:2       1-2-Draws
   3 B 2    1.0:0.0        1.0:2.0       10:51:25 PM      -M1    23 3.579 :12.500  1-2-0

--------------------------------------------------------------

Engine-Match Monday, September 22, 2025 10:51:26 PM
 Blitz 2/1 

Pairing 1/6 :    V7P3R_v12.0  -  V7P3R_v11.4

PGN-File: C:\Program Files (x86)\Arena\Tournaments\Engine Battle 20250922.pgn

No:  B/W 1/2     W:B       1:2           Time        Value Moves Dep 1:2       1-2-Draws
   4 B 1    1.0:0.0        4.0:0.0       10:54:16 PM   -23.60    21 3.211 :3.600  4-0-0

--------------------------------------------------------------

Engine-Match Monday, September 22, 2025 10:54:17 PM
 Blitz 2/1 

Pairing 2/6 :    V7P3R_v12.0  -  V7P3R_v10.8

PGN-File: C:\Program Files (x86)\Arena\Tournaments\Engine Battle 20250922.pgn

No:  B/W 1/2     W:B       1:2           Time        Value Moves Dep 1:2       1-2-Draws
   4 W 2    2.0:1.0        1.0:3.0       10:59:23 PM     0.00    60 3.125 :2.806  0-2-2

--------------------------------------------------------------

Engine-Match Monday, September 22, 2025 10:59:29 PM
 Blitz 2/1 

Pairing 3/6 :    V7P3R_v12.0  -  C0BR4_v2.9

PGN-File: C:\Program Files (x86)\Arena\Tournaments\Engine Battle 20250922.pgn

No:  B/W 1/2     W:B       1:2           Time        Value Moves Dep 1:2       1-2-Draws
   4 = =    1.0:1.0        2.0:2.0       11:00:37 PM    +1.76    14 3.800 :4.000  1-1-2

--------------------------------------------------------------

Engine-Match Monday, September 22, 2025 11:00:38 PM
 Blitz 2/1 

Pairing 4/6 :    V7P3R_v12.0  -  SlowMate_v3.1

PGN-File: C:\Program Files (x86)\Arena\Tournaments\Engine Battle 20250922.pgn

No:  B/W 1/2     W:B       1:2           Time        Value Moves Dep 1:2       1-2-Draws
   4 = =    1.5:1.5        2.5:1.5       11:05:03 PM    -1.78    41 2.900 :2.714  1-0-3

--------------------------------------------------------------

Engine-Match Monday, September 22, 2025 11:05:05 PM
 Blitz 2/1 

Pairing 5/6 :    V7P3R_v12.0  -  Random_Opponent

PGN-File: C:\Program Files (x86)\Arena\Tournaments\Engine Battle 20250922.pgn

No:  B/W 1/2     W:B       1:2           Time        Value Moves Dep 1:2       1-2-Draws
   4 B 1    1.0:0.0        4.0:0.0       11:05:15 PM     0.00     4 3.667 :0 4-0-0

--------------------------------------------------------------

Engine-Match Monday, September 22, 2025 11:05:16 PM
 Blitz 2/1 

Pairing 6/6 :    V7P3R_v12.0  -  Stockfish 1%

PGN-File: C:\Program Files (x86)\Arena\Tournaments\Engine Battle 20250922.pgn

No:  B/W 1/2     W:B       1:2           Time        Value Moves Dep 1:2       1-2-Draws
   4 W 2    1.0:0.0        1.0:3.0       11:07:51 PM   +17.52    61 3.393 :11.143  1-3-0

--------------------------------------------------------------

Engine-Match Monday, September 22, 2025 11:07:52 PM
 Blitz 2/1 

Pairing 1/6 :    V7P3R_v12.0  -  V7P3R_v11.4

PGN-File: C:\Program Files (x86)\Arena\Tournaments\Engine Battle 20250922.pgn

No:  B/W 1/2     W:B       1:2           Time        Value Moves Dep 1:2       1-2-Draws
   5 W 1    1.0:0.0        5.0:0.0       11:10:30 PM     0.00    23 3.474 :3.947  5-0-0

--------------------------------------------------------------

Engine-Match Monday, September 22, 2025 11:10:31 PM
 Blitz 2/1 

Pairing 2/6 :    V7P3R_v12.0  -  V7P3R_v10.8

PGN-File: C:\Program Files (x86)\Arena\Tournaments\Engine Battle 20250922.pgn

No:  B/W 1/2     W:B       1:2           Time        Value Moves Dep 1:2       1-2-Draws
   5 = =    1.5:1.5        1.5:3.5       11:14:26 PM     0.00    48 3.313 :3.222  0-2-3

--------------------------------------------------------------

Engine-Match Monday, September 22, 2025 11:14:27 PM
 Blitz 2/1 

Pairing 3/6 :    V7P3R_v12.0  -  C0BR4_v2.9

PGN-File: C:\Program Files (x86)\Arena\Tournaments\Engine Battle 20250922.pgn

No:  B/W 1/2     W:B       1:2           Time        Value Moves Dep 1:2       1-2-Draws
   5 W 1    2.0:1.0        3.0:2.0       11:17:00 PM  +289.98    43 3.071 :4.000  2-1-2

--------------------------------------------------------------

Engine-Match Monday, September 22, 2025 11:17:01 PM
 Blitz 2/1 

Pairing 4/6 :    V7P3R_v12.0  -  SlowMate_v3.1

PGN-File: C:\Program Files (x86)\Arena\Tournaments\Engine Battle 20250922.pgn

No:  B/W 1/2     W:B       1:2           Time        Value Moves Dep 1:2       1-2-Draws
   5 = =    2.0:2.0        3.0:2.0       11:21:58 PM     0.00    65 3.333 :3.067  1-0-4

--------------------------------------------------------------

Engine-Match Monday, September 22, 2025 11:22:00 PM
 Blitz 2/1 

Pairing 5/6 :    V7P3R_v12.0  -  Random_Opponent

PGN-File: C:\Program Files (x86)\Arena\Tournaments\Engine Battle 20250922.pgn

No:  B/W 1/2     W:B       1:2           Time        Value Moves Dep 1:2       1-2-Draws
   5 W 1    1.0:0.0        5.0:0.0       11:22:51 PM     0.00    14 3.462 :0 5-0-0

--------------------------------------------------------------

Engine-Match Monday, September 22, 2025 11:22:53 PM
 Blitz 2/1 

Pairing 6/6 :    V7P3R_v12.0  -  Stockfish 1%

PGN-File: C:\Program Files (x86)\Arena\Tournaments\Engine Battle 20250922.pgn

No:  B/W 1/2     W:B       1:2           Time        Value Moves Dep 1:2       1-2-Draws
   5 B 2    1.0:0.0        1.0:4.0       11:23:57 PM      -M1    21 3.353 :11.714  1-4-0

--------------------------------------------------------------

Engine-Match Monday, September 22, 2025 11:23:58 PM
 Blitz 2/1 

Pairing 1/6 :    V7P3R_v12.0  -  V7P3R_v11.4

PGN-File: C:\Program Files (x86)\Arena\Tournaments\Engine Battle 20250922.pgn

No:  B/W 1/2     W:B       1:2           Time        Value Moves Dep 1:2       1-2-Draws
   6 B 1    1.0:0.0        6.0:0.0       11:28:03 PM     0.00    37 3.320 :4.136  6-0-0

--------------------------------------------------------------

Engine-Match Monday, September 22, 2025 11:28:04 PM
 Blitz 2/1 

Pairing 2/6 :    V7P3R_v12.0  -  V7P3R_v10.8

PGN-File: C:\Program Files (x86)\Arena\Tournaments\Engine Battle 20250922.pgn

No:  B/W 1/2     W:B       1:2           Time        Value Moves Dep 1:2       1-2-Draws
   6 = =    2.0:2.0        2.0:4.0       11:32:32 PM    -0.88    46 3.167 :2.941  0-2-4

--------------------------------------------------------------

Engine-Match Monday, September 22, 2025 11:32:33 PM
 Blitz 2/1 

Pairing 3/6 :    V7P3R_v12.0  -  C0BR4_v2.9

PGN-File: C:\Program Files (x86)\Arena\Tournaments\Engine Battle 20250922.pgn

No:  B/W 1/2     W:B       1:2           Time        Value Moves Dep 1:2       1-2-Draws
   6 W 2    2.0:1.0        3.0:3.0       11:34:42 PM   +14.83    32 4.154 :4.000  2-2-2

--------------------------------------------------------------

Engine-Match Monday, September 22, 2025 11:34:43 PM
 Blitz 2/1 

Pairing 4/6 :    V7P3R_v12.0  -  SlowMate_v3.1

PGN-File: C:\Program Files (x86)\Arena\Tournaments\Engine Battle 20250922.pgn

No:  B/W 1/2     W:B       1:2           Time        Value Moves Dep 1:2       1-2-Draws
   6 W 2    3.0:2.0        3.0:3.0       11:39:58 PM     0.00    50 3.000 :2.793  1-1-4

--------------------------------------------------------------

Engine-Match Monday, September 22, 2025 11:40:00 PM
 Blitz 2/1 

Pairing 5/6 :    V7P3R_v12.0  -  Random_Opponent

PGN-File: C:\Program Files (x86)\Arena\Tournaments\Engine Battle 20250922.pgn

No:  B/W 1/2     W:B       1:2           Time        Value Moves Dep 1:2       1-2-Draws
   6 B 1    1.0:0.0        6.0:0.0       11:40:24 PM  -289.98     4 4.250 :0 6-0-0

--------------------------------------------------------------

Engine-Match Monday, September 22, 2025 11:40:25 PM
 Blitz 2/1 

Pairing 6/6 :    V7P3R_v12.0  -  Stockfish 1%

PGN-File: C:\Program Files (x86)\Arena\Tournaments\Engine Battle 20250922.pgn

No:  B/W 1/2     W:B       1:2           Time        Value Moves Dep 1:2       1-2-Draws
   6 W 2    1.0:0.0        1.0:5.0       11:42:13 PM      +M1    34 3.172 :11.143  1-5-0

--------------------------------------------------------------

Engine-Match Monday, September 22, 2025 11:42:14 PM
 Blitz 2/1 

Pairing 1/6 :    V7P3R_v12.0  -  V7P3R_v11.4

PGN-File: C:\Program Files (x86)\Arena\Tournaments\Engine Battle 20250922.pgn

No:  B/W 1/2     W:B       1:2           Time        Value Moves Dep 1:2       1-2-Draws
   7 W 1    1.0:0.0        7.0:0.0       11:46:25 PM   +17.10    39 3.353 :3.571  7-0-0

--------------------------------------------------------------

Engine-Match Monday, September 22, 2025 11:46:26 PM
 Blitz 2/1 

Pairing 2/6 :    V7P3R_v12.0  -  V7P3R_v10.8

PGN-File: C:\Program Files (x86)\Arena\Tournaments\Engine Battle 20250922.pgn

No:  B/W 1/2     W:B       1:2           Time        Value Moves Dep 1:2       1-2-Draws
   7 B 2    3.0:2.0        2.0:5.0       11:51:06 PM   -31.36    72 3.235 :3.158  0-3-4

--------------------------------------------------------------

Engine-Match Monday, September 22, 2025 11:51:07 PM
 Blitz 2/1 

Pairing 3/6 :    V7P3R_v12.0  -  C0BR4_v2.9

PGN-File: C:\Program Files (x86)\Arena\Tournaments\Engine Battle 20250922.pgn

No:  B/W 1/2     W:B       1:2           Time        Value Moves Dep 1:2       1-2-Draws
   7 B 2    2.0:1.0        3.0:4.0       11:53:19 PM   -10.38    32 3.250 :4.000  2-3-2

--------------------------------------------------------------

Engine-Match Monday, September 22, 2025 11:53:21 PM
 Blitz 2/1 

Pairing 4/6 :    V7P3R_v12.0  -  SlowMate_v3.1

PGN-File: C:\Program Files (x86)\Arena\Tournaments\Engine Battle 20250922.pgn

No:  B/W 1/2     W:B       1:2           Time        Value Moves Dep 1:2       1-2-Draws
   7 W 1    3.0:2.0        4.0:3.0       11:58:31 PM   +14.37    56 2.964 :2.931  2-1-4

--------------------------------------------------------------

Engine-Match Monday, September 22, 2025 11:58:37 PM
 Blitz 2/1 

Pairing 5/6 :    V7P3R_v12.0  -  Random_Opponent

PGN-File: C:\Program Files (x86)\Arena\Tournaments\Engine Battle 20250922.pgn

No:  B/W 1/2     W:B       1:2           Time        Value Moves Dep 1:2       1-2-Draws
   7 W 1    1.0:0.0        7.0:0.0       11:59:30 PM     0.00    17 3.643 :0 7-0-0

--------------------------------------------------------------

Engine-Match Monday, September 22, 2025 11:59:32 PM
 Blitz 2/1 

Pairing 6/6 :    V7P3R_v12.0  -  Stockfish 1%

PGN-File: C:\Program Files (x86)\Arena\Tournaments\Engine Battle 20250922.pgn

No:  B/W 1/2     W:B       1:2           Time        Value Moves Dep 1:2       1-2-Draws
   7 = =    0.5:0.5        1.5:5.5       12:03:02 AM    +4.93    69 3.486 :12.000  1-5-1

--------------------------------------------------------------

Engine-Match Tuesday, September 23, 2025 12:03:03 AM
 Blitz 2/1 

Pairing 1/6 :    V7P3R_v12.0  -  V7P3R_v11.4

PGN-File: C:\Program Files (x86)\Arena\Tournaments\Engine Battle 20250922.pgn

No:  B/W 1/2     W:B       1:2           Time        Value Moves Dep 1:2       1-2-Draws
   8 B 1    1.0:0.0        8.0:0.0       12:08:02 AM     0.00    50 3.129 :3.643  8-0-0

--------------------------------------------------------------

Engine-Match Tuesday, September 23, 2025 12:08:03 AM
 Blitz 2/1 

Pairing 2/6 :    V7P3R_v12.0  -  V7P3R_v10.8

PGN-File: C:\Program Files (x86)\Arena\Tournaments\Engine Battle 20250922.pgn

No:  B/W 1/2     W:B       1:2           Time        Value Moves Dep 1:2       1-2-Draws
   8 W 2    3.0:2.0        2.0:6.0       12:11:57 AM     0.00    43 3.095 :3.045  0-4-4

--------------------------------------------------------------

Engine-Match Tuesday, September 23, 2025 12:11:58 AM
 Blitz 2/1 

Pairing 3/6 :    V7P3R_v12.0  -  C0BR4_v2.9

PGN-File: C:\Program Files (x86)\Arena\Tournaments\Engine Battle 20250922.pgn

No:  B/W 1/2     W:B       1:2           Time        Value Moves Dep 1:2       1-2-Draws
   8 = =    1.5:1.5        3.5:4.5       12:14:35 AM     0.00    36 3.375 :4.000  2-3-3

--------------------------------------------------------------

Engine-Match Tuesday, September 23, 2025 12:14:37 AM
 Blitz 2/1 

Pairing 4/6 :    V7P3R_v12.0  -  SlowMate_v3.1

PGN-File: C:\Program Files (x86)\Arena\Tournaments\Engine Battle 20250922.pgn

No:  B/W 1/2     W:B       1:2           Time        Value Moves Dep 1:2       1-2-Draws
   8 W 2    3.0:2.0        4.0:4.0       12:19:47 AM     0.00    48 2.850 :2.714  2-2-4

--------------------------------------------------------------

Engine-Match Tuesday, September 23, 2025 12:19:48 AM
 Blitz 2/1 

Pairing 5/6 :    V7P3R_v12.0  -  Random_Opponent

PGN-File: C:\Program Files (x86)\Arena\Tournaments\Engine Battle 20250922.pgn

No:  B/W 1/2     W:B       1:2           Time        Value Moves Dep 1:2       1-2-Draws
   8 B 1    1.0:0.0        8.0:0.0       12:20:57 AM  -289.97    22 3.190 :0 8-0-0

--------------------------------------------------------------

Engine-Match Tuesday, September 23, 2025 12:20:58 AM
 Blitz 2/1 

Pairing 6/6 :    V7P3R_v12.0  -  Stockfish 1%

PGN-File: C:\Program Files (x86)\Arena\Tournaments\Engine Battle 20250922.pgn

No:  B/W 1/2     W:B       1:2           Time        Value Moves Dep 1:2       1-2-Draws
   8 W 2    1.5:0.5        1.5:6.5       12:21:27 AM   +12.02    11 2.909 :11.500  1-6-1

--------------------------------------------------------------

Engine-Match Tuesday, September 23, 2025 12:21:28 AM
 Blitz 2/1 

Pairing 1/6 :    V7P3R_v12.0  -  V7P3R_v11.4

PGN-File: C:\Program Files (x86)\Arena\Tournaments\Engine Battle 20250922.pgn

No:  B/W 1/2     W:B       1:2           Time        Value Moves Dep 1:2       1-2-Draws
   9 W 1    1.0:0.0        9.0:0.0       12:25:33 AM   +15.00    48 3.375 :3.870  9-0-0

--------------------------------------------------------------

Engine-Match Tuesday, September 23, 2025 12:25:34 AM
 Blitz 2/1 

Pairing 2/6 :    V7P3R_v12.0  -  V7P3R_v10.8

PGN-File: C:\Program Files (x86)\Arena\Tournaments\Engine Battle 20250922.pgn

No:  B/W 1/2     W:B       1:2           Time        Value Moves Dep 1:2       1-2-Draws
   9 = =    2.5:2.5        2.5:6.5       12:30:14 AM   +24.14    63 3.313 :3.194  0-4-5

--------------------------------------------------------------

Engine-Match Tuesday, September 23, 2025 12:30:16 AM
 Blitz 2/1 

Pairing 3/6 :    V7P3R_v12.0  -  C0BR4_v2.9

PGN-File: C:\Program Files (x86)\Arena\Tournaments\Engine Battle 20250922.pgn

No:  B/W 1/2     W:B       1:2           Time        Value Moves Dep 1:2       1-2-Draws
   9 W 1    2.5:1.5        4.5:4.5       12:32:46 AM   +10.44    51 3.273 :4.000  3-3-3

--------------------------------------------------------------

Engine-Match Tuesday, September 23, 2025 12:32:47 AM
 Blitz 2/1 

Pairing 4/6 :    V7P3R_v12.0  -  SlowMate_v3.1

PGN-File: C:\Program Files (x86)\Arena\Tournaments\Engine Battle 20250922.pgn

No:  B/W 1/2     W:B       1:2           Time        Value Moves Dep 1:2       1-2-Draws
   9 W 1    3.0:2.0        5.0:4.0       12:37:42 AM   +17.43    60 3.292 :3.067  3-2-4

--------------------------------------------------------------

Engine-Match Tuesday, September 23, 2025 12:37:43 AM
 Blitz 2/1 

Pairing 5/6 :    V7P3R_v12.0  -  Random_Opponent

PGN-File: C:\Program Files (x86)\Arena\Tournaments\Engine Battle 20250922.pgn

No:  B/W 1/2     W:B       1:2           Time        Value Moves Dep 1:2       1-2-Draws
   9 W 1    1.0:0.0        9.0:0.0       12:38:43 AM  +289.96    22 3.143 :0 9-0-0

--------------------------------------------------------------

Engine-Match Tuesday, September 23, 2025 12:38:44 AM
 Blitz 2/1 

Pairing 6/6 :    V7P3R_v12.0  -  Stockfish 1%

PGN-File: C:\Program Files (x86)\Arena\Tournaments\Engine Battle 20250922.pgn

No:  B/W 1/2     W:B       1:2           Time        Value Moves Dep 1:2       1-2-Draws
   9 B 2    1.5:0.5        1.5:7.5       12:40:34 AM   -18.09    30 3.208 :11.333  1-7-1

--------------------------------------------------------------

Engine-Match Tuesday, September 23, 2025 12:40:35 AM
 Blitz 2/1 

Pairing 1/6 :    V7P3R_v12.0  -  V7P3R_v11.4

PGN-File: C:\Program Files (x86)\Arena\Tournaments\Engine Battle 20250922.pgn

No:  B/W 1/2     W:B       1:2           Time        Value Moves Dep 1:2       1-2-Draws
  10 B 1    1.0:0.0        10.0:0.0      12:43:24 AM   -23.60    21 3.211 :3.650  10-0-0

--------------------------------------------------------------

Engine-Match Tuesday, September 23, 2025 12:43:25 AM
 Blitz 2/1 

Pairing 2/6 :    V7P3R_v12.0  -  V7P3R_v10.8

PGN-File: C:\Program Files (x86)\Arena\Tournaments\Engine Battle 20250922.pgn

No:  B/W 1/2     W:B       1:2           Time        Value Moves Dep 1:2       1-2-Draws
  10 W 2    3.5:2.5        2.5:7.5       12:47:31 AM     0.00    40 3.103 :2.844  0-5-5

--------------------------------------------------------------

Engine-Match Tuesday, September 23, 2025 12:47:33 AM
 Blitz 2/1 

Pairing 3/6 :    V7P3R_v12.0  -  C0BR4_v2.9

PGN-File: C:\Program Files (x86)\Arena\Tournaments\Engine Battle 20250922.pgn

No:  B/W 1/2     W:B       1:2           Time        Value Moves Dep 1:2       1-2-Draws
  10 B 1    2.5:1.5        5.5:4.5       12:50:07 AM  -289.97    38 3.132 :3.972  4-3-3

--------------------------------------------------------------

Engine-Match Tuesday, September 23, 2025 12:50:09 AM
 Blitz 2/1 

Pairing 4/6 :    V7P3R_v12.0  -  SlowMate_v3.1

PGN-File: C:\Program Files (x86)\Arena\Tournaments\Engine Battle 20250922.pgn

No:  B/W 1/2     W:B       1:2           Time        Value Moves Dep 1:2       1-2-Draws
  10 = =    2.5:2.5        5.5:4.5       12:54:35 AM    -1.78    41 2.850 :2.714  3-2-5

--------------------------------------------------------------

Engine-Match Tuesday, September 23, 2025 12:54:36 AM
 Blitz 2/1 

Pairing 5/6 :    V7P3R_v12.0  -  Random_Opponent

PGN-File: C:\Program Files (x86)\Arena\Tournaments\Engine Battle 20250922.pgn

No:  B/W 1/2     W:B       1:2           Time        Value Moves Dep 1:2       1-2-Draws
  10 B 1    1.0:0.0        10.0:0.0      12:55:05 AM  -289.97     9 3.333 :0 10-0-0

--------------------------------------------------------------

Engine-Match Tuesday, September 23, 2025 12:55:06 AM
 Blitz 2/1 

Pairing 6/6 :    V7P3R_v12.0  -  Stockfish 1%

PGN-File: C:\Program Files (x86)\Arena\Tournaments\Engine Battle 20250922.pgn

No:  B/W 1/2     W:B       1:2           Time        Value Moves Dep 1:2       1-2-Draws
  10 W 2    1.5:0.5        1.5:8.5       12:56:28 AM    +9.34    20 3.706 :10.714  1-8-1
