Engine-Match Monday, September 22, 2025 10:38:53 PM
 Blitz 2/1 

Pairing 1/6 :    V7P3R_v10.8  -  V7P3R_v12.1

PGN-File: C:\Program Files (x86)\Arena\Tournaments\Engine Regression Battle 20250922.pgn

No:  B/W 1/2     W:B       1:2           Time        Value Moves Dep 1:2       1-2-Draws
   1 B 2    1.0:0.0        0.0:1.0       10:41:52 PM   -12.13    22 3.000 :2.810  0-1-0

--------------------------------------------------------------

Engine-Match Monday, September 22, 2025 10:41:53 PM
 Blitz 2/1 

Pairing 2/6 :    V7P3R_v12.0  -  V7P3R_v11.4

PGN-File: C:\Program Files (x86)\Arena\Tournaments\Engine Regression Battle 20250922.pgn

No:  B/W 1/2     W:B       1:2           Time        Value Moves Dep 1:2       1-2-Draws
   1 W 1    1.0:0.0        1.0:0.0       10:44:36 PM  +289.97    26 3.043 :3.600  1-0-0

--------------------------------------------------------------

Engine-Match Monday, September 22, 2025 10:44:38 PM
 Blitz 2/1 

Pairing 3/6 :    V7P3R_v12.0  -  V7P3R_v10.8

PGN-File: C:\Program Files (x86)\Arena\Tournaments\Engine Regression Battle 20250922.pgn

No:  B/W 1/2     W:B       1:2           Time        Value Moves Dep 1:2       1-2-Draws
   1 = =    0.5:0.5        0.5:0.5       10:49:27 PM     0.00    64 3.323 :3.100  0-0-1

--------------------------------------------------------------

Engine-Match Monday, September 22, 2025 10:49:28 PM
 Blitz 2/1 

Pairing 4/6 :    V7P3R_v11.4  -  V7P3R_v12.1

PGN-File: C:\Program Files (x86)\Arena\Tournaments\Engine Regression Battle 20250922.pgn

No:  B/W 1/2     W:B       1:2           Time        Value Moves Dep 1:2       1-2-Draws
   1 B 2    1.0:0.0        0.0:1.0       10:53:18 PM   -11.00    41 3.750 :3.074  0-1-0

--------------------------------------------------------------

Engine-Match Monday, September 22, 2025 10:53:20 PM
 Blitz 2/1 

Pairing 5/6 :    V7P3R_v10.8  -  V7P3R_v11.4

PGN-File: C:\Program Files (x86)\Arena\Tournaments\Engine Regression Battle 20250922.pgn

No:  B/W 1/2     W:B       1:2           Time        Value Moves Dep 1:2       1-2-Draws
   1 W 1    1.0:0.0        1.0:0.0       10:55:35 PM  +289.96    20 3.250 :3.438  1-0-0

--------------------------------------------------------------

Engine-Match Monday, September 22, 2025 10:55:36 PM
 Blitz 2/1 

Pairing 6/6 :    V7P3R_v12.1  -  V7P3R_v12.0

PGN-File: C:\Program Files (x86)\Arena\Tournaments\Engine Regression Battle 20250922.pgn

No:  B/W 1/2     W:B       1:2           Time        Value Moves Dep 1:2       1-2-Draws
   1 B 2    1.0:0.0        0.0:1.0       11:01:40 PM     0.00    57 2.851 :3.087  0-1-0

--------------------------------------------------------------

Engine-Match Monday, September 22, 2025 11:01:41 PM
 Blitz 2/1 

Pairing 1/6 :    V7P3R_v10.8  -  V7P3R_v12.1

PGN-File: C:\Program Files (x86)\Arena\Tournaments\Engine Regression Battle 20250922.pgn

No:  B/W 1/2     W:B       1:2           Time        Value Moves Dep 1:2       1-2-Draws
   2 B 1    1.0:0.0        1.0:1.0       11:06:17 PM   -31.67    57 2.850 :2.816  1-1-0

--------------------------------------------------------------

Engine-Match Monday, September 22, 2025 11:06:18 PM
 Blitz 2/1 

Pairing 2/6 :    V7P3R_v12.0  -  V7P3R_v11.4

PGN-File: C:\Program Files (x86)\Arena\Tournaments\Engine Regression Battle 20250922.pgn

No:  B/W 1/2     W:B       1:2           Time        Value Moves Dep 1:2       1-2-Draws
   2 B 1    1.0:0.0        2.0:0.0       11:10:07 PM   -30.70    28 3.208 :3.769  2-0-0

--------------------------------------------------------------

Engine-Match Monday, September 22, 2025 11:10:08 PM
 Blitz 2/1 

Pairing 3/6 :    V7P3R_v12.0  -  V7P3R_v10.8

PGN-File: C:\Program Files (x86)\Arena\Tournaments\Engine Regression Battle 20250922.pgn

No:  B/W 1/2     W:B       1:2           Time        Value Moves Dep 1:2       1-2-Draws
   2 W 2    1.5:0.5        0.5:1.5       11:15:51 PM   +22.98    73 3.156 :3.000  0-1-1

--------------------------------------------------------------

Engine-Match Monday, September 22, 2025 11:15:52 PM
 Blitz 2/1 

Pairing 4/6 :    V7P3R_v11.4  -  V7P3R_v12.1

PGN-File: C:\Program Files (x86)\Arena\Tournaments\Engine Regression Battle 20250922.pgn

No:  B/W 1/2     W:B       1:2           Time        Value Moves Dep 1:2       1-2-Draws
   2 = =    0.5:0.5        0.5:1.5       11:19:49 PM    -1.10    46 3.588 :3.100  0-1-1

--------------------------------------------------------------

Engine-Match Monday, September 22, 2025 11:19:51 PM
 Blitz 2/1 

Pairing 5/6 :    V7P3R_v10.8  -  V7P3R_v11.4

PGN-File: C:\Program Files (x86)\Arena\Tournaments\Engine Regression Battle 20250922.pgn

No:  B/W 1/2     W:B       1:2           Time        Value Moves Dep 1:2       1-2-Draws
   2 B 1    1.0:0.0        2.0:0.0       11:24:26 PM     0.00    34 3.069 :3.880  2-0-0

--------------------------------------------------------------

Engine-Match Monday, September 22, 2025 11:24:28 PM
 Blitz 2/1 

Pairing 6/6 :    V7P3R_v12.1  -  V7P3R_v12.0

PGN-File: C:\Program Files (x86)\Arena\Tournaments\Engine Regression Battle 20250922.pgn

No:  B/W 1/2     W:B       1:2           Time        Value Moves Dep 1:2       1-2-Draws
   2 B 1    1.0:0.0        1.0:1.0       11:27:32 PM   -12.16    22 2.857 :3.050  1-1-0

--------------------------------------------------------------

Engine-Match Monday, September 22, 2025 11:27:33 PM
 Blitz 2/1 

Pairing 1/6 :    V7P3R_v10.8  -  V7P3R_v12.1

PGN-File: C:\Program Files (x86)\Arena\Tournaments\Engine Regression Battle 20250922.pgn

No:  B/W 1/2     W:B       1:2           Time        Value Moves Dep 1:2       1-2-Draws
   3 B 2    1.0:0.0        1.0:2.0       11:30:36 PM   -12.16    22 3.000 :2.857  1-2-0

--------------------------------------------------------------

Engine-Match Monday, September 22, 2025 11:30:37 PM
 Blitz 2/1 

Pairing 2/6 :    V7P3R_v12.0  -  V7P3R_v11.4

PGN-File: C:\Program Files (x86)\Arena\Tournaments\Engine Regression Battle 20250922.pgn

No:  B/W 1/2     W:B       1:2           Time        Value Moves Dep 1:2       1-2-Draws
   3 W 1    1.0:0.0        3.0:0.0       11:34:11 PM     0.00    29 3.346 :3.680  3-0-0

--------------------------------------------------------------

Engine-Match Monday, September 22, 2025 11:34:12 PM
 Blitz 2/1 

Pairing 3/6 :    V7P3R_v12.0  -  V7P3R_v10.8

PGN-File: C:\Program Files (x86)\Arena\Tournaments\Engine Regression Battle 20250922.pgn

No:  B/W 1/2     W:B       1:2           Time        Value Moves Dep 1:2       1-2-Draws
   3 W 1    1.5:0.5        1.5:1.5       11:38:54 PM     0.00    61 3.364 :3.162  1-1-1

--------------------------------------------------------------

Engine-Match Monday, September 22, 2025 11:38:55 PM
 Blitz 2/1 

Pairing 4/6 :    V7P3R_v11.4  -  V7P3R_v12.1

PGN-File: C:\Program Files (x86)\Arena\Tournaments\Engine Regression Battle 20250922.pgn

No:  B/W 1/2     W:B       1:2           Time        Value Moves Dep 1:2       1-2-Draws
   3 B 2    1.5:0.5        0.5:2.5       11:42:24 PM   -25.20    29 3.933 :3.000  0-2-1

--------------------------------------------------------------

Engine-Match Monday, September 22, 2025 11:42:26 PM
 Blitz 2/1 

Pairing 5/6 :    V7P3R_v10.8  -  V7P3R_v11.4

PGN-File: C:\Program Files (x86)\Arena\Tournaments\Engine Regression Battle 20250922.pgn

No:  B/W 1/2     W:B       1:2           Time        Value Moves Dep 1:2       1-2-Draws
   3 W 1    1.0:0.0        3.0:0.0       11:46:23 PM   +35.60    33 3.185 :3.714  3-0-0

--------------------------------------------------------------

Engine-Match Monday, September 22, 2025 11:46:24 PM
 Blitz 2/1 

Pairing 6/6 :    V7P3R_v12.1  -  V7P3R_v12.0

PGN-File: C:\Program Files (x86)\Arena\Tournaments\Engine Regression Battle 20250922.pgn

No:  B/W 1/2     W:B       1:2           Time        Value Moves Dep 1:2       1-2-Draws
   3 = =    0.5:0.5        1.5:1.5       11:52:41 PM     0.00    60 2.872 :3.109  1-1-1

--------------------------------------------------------------

Engine-Match Monday, September 22, 2025 11:52:42 PM
 Blitz 2/1 

Pairing 1/6 :    V7P3R_v10.8  -  V7P3R_v12.1

PGN-File: C:\Program Files (x86)\Arena\Tournaments\Engine Regression Battle 20250922.pgn

No:  B/W 1/2     W:B       1:2           Time        Value Moves Dep 1:2       1-2-Draws
   4 W 2    1.0:0.0        1.0:3.0       11:56:30 PM     0.00    49 3.167 :3.042  1-3-0

--------------------------------------------------------------

Engine-Match Monday, September 22, 2025 11:56:32 PM
 Blitz 2/1 

Pairing 2/6 :    V7P3R_v12.0  -  V7P3R_v11.4

PGN-File: C:\Program Files (x86)\Arena\Tournaments\Engine Regression Battle 20250922.pgn

No:  B/W 1/2     W:B       1:2           Time        Value Moves Dep 1:2       1-2-Draws
   4 B 1    1.0:0.0        4.0:0.0       12:00:54 AM     0.00    31 2.903 :3.538  4-0-0

--------------------------------------------------------------

Engine-Match Tuesday, September 23, 2025 12:01:03 AM
 Blitz 2/1 

Pairing 3/6 :    V7P3R_v12.0  -  V7P3R_v10.8

PGN-File: C:\Program Files (x86)\Arena\Tournaments\Engine Regression Battle 20250922.pgn

No:  B/W 1/2     W:B       1:2           Time        Value Moves Dep 1:2       1-2-Draws
   4 = =    1.0:1.0        2.0:2.0       12:05:35 AM     0.00    58 3.036 :2.813  1-1-2

--------------------------------------------------------------

Engine-Match Tuesday, September 23, 2025 12:05:36 AM
 Blitz 2/1 

Pairing 4/6 :    V7P3R_v11.4  -  V7P3R_v12.1

PGN-File: C:\Program Files (x86)\Arena\Tournaments\Engine Regression Battle 20250922.pgn

No:  B/W 1/2     W:B       1:2           Time        Value Moves Dep 1:2       1-2-Draws
   4 W 2    1.5:0.5        0.5:3.5       12:07:49 AM   +12.40    18 4.071 :3.294  0-3-1

--------------------------------------------------------------

Engine-Match Tuesday, September 23, 2025 12:07:51 AM
 Blitz 2/1 

Pairing 5/6 :    V7P3R_v10.8  -  V7P3R_v11.4

PGN-File: C:\Program Files (x86)\Arena\Tournaments\Engine Regression Battle 20250922.pgn

No:  B/W 1/2     W:B       1:2           Time        Value Moves Dep 1:2       1-2-Draws
   4 B 1    1.0:0.0        4.0:0.0       12:12:09 AM  -289.95    32 2.903 :3.960  4-0-0

--------------------------------------------------------------

Engine-Match Tuesday, September 23, 2025 12:12:10 AM
 Blitz 2/1 

Pairing 6/6 :    V7P3R_v12.1  -  V7P3R_v12.0

PGN-File: C:\Program Files (x86)\Arena\Tournaments\Engine Regression Battle 20250922.pgn

No:  B/W 1/2     W:B       1:2           Time        Value Moves Dep 1:2       1-2-Draws
   4 B 1    1.5:0.5        2.5:1.5       12:15:04 AM   -12.16    22 2.857 :3.050  2-1-1

--------------------------------------------------------------

Engine-Match Tuesday, September 23, 2025 12:15:05 AM
 Blitz 2/1 

Pairing 1/6 :    V7P3R_v10.8  -  V7P3R_v12.1

PGN-File: C:\Program Files (x86)\Arena\Tournaments\Engine Regression Battle 20250922.pgn

No:  B/W 1/2     W:B       1:2           Time        Value Moves Dep 1:2       1-2-Draws
   5 B 2    1.0:0.0        1.0:4.0       12:17:50 AM   -12.13    22 3.000 :2.810  1-4-0

--------------------------------------------------------------

Engine-Match Tuesday, September 23, 2025 12:17:51 AM
 Blitz 2/1 

Pairing 2/6 :    V7P3R_v12.0  -  V7P3R_v11.4

PGN-File: C:\Program Files (x86)\Arena\Tournaments\Engine Regression Battle 20250922.pgn

No:  B/W 1/2     W:B       1:2           Time        Value Moves Dep 1:2       1-2-Draws
   5 W 1    1.0:0.0        5.0:0.0       12:20:35 AM     0.00    23 3.526 :3.947  5-0-0

--------------------------------------------------------------

Engine-Match Tuesday, September 23, 2025 12:20:37 AM
 Blitz 2/1 

Pairing 3/6 :    V7P3R_v12.0  -  V7P3R_v10.8

PGN-File: C:\Program Files (x86)\Arena\Tournaments\Engine Regression Battle 20250922.pgn

No:  B/W 1/2     W:B       1:2           Time        Value Moves Dep 1:2       1-2-Draws
   5 W 1    2.0:1.0        3.0:2.0       12:24:16 AM  +289.97    43 3.333 :3.229  2-1-2

--------------------------------------------------------------

Engine-Match Tuesday, September 23, 2025 12:24:17 AM
 Blitz 2/1 

Pairing 4/6 :    V7P3R_v11.4  -  V7P3R_v12.1

PGN-File: C:\Program Files (x86)\Arena\Tournaments\Engine Regression Battle 20250922.pgn

No:  B/W 1/2     W:B       1:2           Time        Value Moves Dep 1:2       1-2-Draws
   5 B 2    1.5:0.5        0.5:4.5       12:26:57 AM   -20.50    21 4.000 :3.056  0-4-1

--------------------------------------------------------------

Engine-Match Tuesday, September 23, 2025 12:26:59 AM
 Blitz 2/1 

Pairing 5/6 :    V7P3R_v10.8  -  V7P3R_v11.4

PGN-File: C:\Program Files (x86)\Arena\Tournaments\Engine Regression Battle 20250922.pgn

No:  B/W 1/2     W:B       1:2           Time        Value Moves Dep 1:2       1-2-Draws
   5 W 1    1.0:0.0        5.0:0.0       12:30:57 AM  +289.97    44 3.318 :3.632  5-0-0

--------------------------------------------------------------

Engine-Match Tuesday, September 23, 2025 12:30:58 AM
 Blitz 2/1 

Pairing 6/6 :    V7P3R_v12.1  -  V7P3R_v12.0

PGN-File: C:\Program Files (x86)\Arena\Tournaments\Engine Regression Battle 20250922.pgn

No:  B/W 1/2     W:B       1:2           Time        Value Moves Dep 1:2       1-2-Draws
   5 = =    1.0:1.0        3.0:2.0       12:36:38 AM     0.00    52 3.000 :3.170  2-1-2

--------------------------------------------------------------

Engine-Match Tuesday, September 23, 2025 12:36:39 AM
 Blitz 2/1 

Pairing 1/6 :    V7P3R_v10.8  -  V7P3R_v12.1

PGN-File: C:\Program Files (x86)\Arena\Tournaments\Engine Regression Battle 20250922.pgn

No:  B/W 1/2     W:B       1:2           Time        Value Moves Dep 1:2       1-2-Draws
   6 = =    0.5:0.5        1.5:4.5       12:41:54 AM     0.00    62 2.686 :2.600  1-4-1

--------------------------------------------------------------

Engine-Match Tuesday, September 23, 2025 12:41:55 AM
 Blitz 2/1 

Pairing 2/6 :    V7P3R_v12.0  -  V7P3R_v11.4

PGN-File: C:\Program Files (x86)\Arena\Tournaments\Engine Regression Battle 20250922.pgn

No:  B/W 1/2     W:B       1:2           Time        Value Moves Dep 1:2       1-2-Draws
   6 B 1    1.0:0.0        6.0:0.0       12:45:47 AM     0.00    29 3.240 :3.917  6-0-0

--------------------------------------------------------------

Engine-Match Tuesday, September 23, 2025 12:45:48 AM
 Blitz 2/1 

Pairing 3/6 :    V7P3R_v12.0  -  V7P3R_v10.8

PGN-File: C:\Program Files (x86)\Arena\Tournaments\Engine Regression Battle 20250922.pgn

No:  B/W 1/2     W:B       1:2           Time        Value Moves Dep 1:2       1-2-Draws
   6 B 1    2.0:1.0        4.0:2.0       12:50:43 AM     0.00    67 3.121 :3.056  3-1-2

--------------------------------------------------------------

Engine-Match Tuesday, September 23, 2025 12:50:44 AM
 Blitz 2/1 

Pairing 4/6 :    V7P3R_v11.4  -  V7P3R_v12.1

PGN-File: C:\Program Files (x86)\Arena\Tournaments\Engine Regression Battle 20250922.pgn

No:  B/W 1/2     W:B       1:2           Time        Value Moves Dep 1:2       1-2-Draws
   6 W 2    1.5:0.5        0.5:5.5       12:52:50 AM   +10.30    18 4.000 :3.294  0-5-1

--------------------------------------------------------------

Engine-Match Tuesday, September 23, 2025 12:52:51 AM
 Blitz 2/1 

Pairing 5/6 :    V7P3R_v10.8  -  V7P3R_v11.4

PGN-File: C:\Program Files (x86)\Arena\Tournaments\Engine Regression Battle 20250922.pgn

No:  B/W 1/2     W:B       1:2           Time        Value Moves Dep 1:2       1-2-Draws
   6 B 1    1.0:0.0        6.0:0.0       12:57:20 AM     0.00    31 3.233 :3.917  6-0-0

--------------------------------------------------------------

Engine-Match Tuesday, September 23, 2025 12:57:22 AM
 Blitz 2/1 

Pairing 6/6 :    V7P3R_v12.1  -  V7P3R_v12.0

PGN-File: C:\Program Files (x86)\Arena\Tournaments\Engine Regression Battle 20250922.pgn

No:  B/W 1/2     W:B       1:2           Time        Value Moves Dep 1:2       1-2-Draws
   6 B 1    2.0:1.0        4.0:2.0       1:00:23 AM   -12.16    22 2.857 :3.050  3-1-2

--------------------------------------------------------------

Engine-Match Tuesday, September 23, 2025 1:00:24 AM
 Blitz 2/1 

Pairing 1/6 :    V7P3R_v10.8  -  V7P3R_v12.1

PGN-File: C:\Program Files (x86)\Arena\Tournaments\Engine Regression Battle 20250922.pgn

No:  B/W 1/2     W:B       1:2           Time        Value Moves Dep 1:2       1-2-Draws
   7 B 2    1.5:0.5        1.5:5.5       1:03:19 AM   -12.08    22 2.950 :2.857  1-5-1

--------------------------------------------------------------

Engine-Match Tuesday, September 23, 2025 1:03:20 AM
 Blitz 2/1 

Pairing 2/6 :    V7P3R_v12.0  -  V7P3R_v11.4

PGN-File: C:\Program Files (x86)\Arena\Tournaments\Engine Regression Battle 20250922.pgn

No:  B/W 1/2     W:B       1:2           Time        Value Moves Dep 1:2       1-2-Draws
   7 W 1    1.0:0.0        7.0:0.0       1:07:26 AM   +15.00    48 3.417 :3.870  7-0-0

--------------------------------------------------------------

Engine-Match Tuesday, September 23, 2025 1:07:27 AM
 Blitz 2/1 

Pairing 3/6 :    V7P3R_v12.0  -  V7P3R_v10.8

PGN-File: C:\Program Files (x86)\Arena\Tournaments\Engine Regression Battle 20250922.pgn

No:  B/W 1/2     W:B       1:2           Time        Value Moves Dep 1:2       1-2-Draws
   7 W 1    2.0:1.0        5.0:2.0       1:12:22 AM     0.00    70 3.313 :3.194  4-1-2

--------------------------------------------------------------

Engine-Match Tuesday, September 23, 2025 1:12:23 AM
 Blitz 2/1 

Pairing 4/6 :    V7P3R_v11.4  -  V7P3R_v12.1

PGN-File: C:\Program Files (x86)\Arena\Tournaments\Engine Regression Battle 20250922.pgn

No:  B/W 1/2     W:B       1:2           Time        Value Moves Dep 1:2       1-2-Draws
   7 B 2    1.5:0.5        0.5:6.5       1:17:03 AM   -31.40    43 3.933 :3.000  0-6-1

--------------------------------------------------------------

Engine-Match Tuesday, September 23, 2025 1:17:09 AM
 Blitz 2/1 

Pairing 5/6 :    V7P3R_v10.8  -  V7P3R_v11.4

PGN-File: C:\Program Files (x86)\Arena\Tournaments\Engine Regression Battle 20250922.pgn

No:  B/W 1/2     W:B       1:2           Time        Value Moves Dep 1:2       1-2-Draws
   7 W 1    1.0:0.0        7.0:0.0       1:21:06 AM     0.00    37 3.107 :3.708  7-0-0

--------------------------------------------------------------

Engine-Match Tuesday, September 23, 2025 1:21:07 AM
 Blitz 2/1 

Pairing 6/6 :    V7P3R_v12.1  -  V7P3R_v12.0

PGN-File: C:\Program Files (x86)\Arena\Tournaments\Engine Regression Battle 20250922.pgn

No:  B/W 1/2     W:B       1:2           Time        Value Moves Dep 1:2       1-2-Draws
   7 W 1    2.0:1.0        5.0:2.0       1:25:43 AM   +18.34    54 3.000 :3.200  4-1-2

--------------------------------------------------------------

Engine-Match Tuesday, September 23, 2025 1:25:44 AM
 Blitz 2/1 

Pairing 1/6 :    V7P3R_v10.8  -  V7P3R_v12.1

PGN-File: C:\Program Files (x86)\Arena\Tournaments\Engine Regression Battle 20250922.pgn

No:  B/W 1/2     W:B       1:2           Time        Value Moves Dep 1:2       1-2-Draws
   8 W 2    1.5:0.5        1.5:6.5       1:30:09 AM     0.00    51 3.061 :3.000  1-6-1

--------------------------------------------------------------

Engine-Match Tuesday, September 23, 2025 1:30:11 AM
 Blitz 2/1 

Pairing 2/6 :    V7P3R_v12.0  -  V7P3R_v11.4

PGN-File: C:\Program Files (x86)\Arena\Tournaments\Engine Regression Battle 20250922.pgn

No:  B/W 1/2     W:B       1:2           Time        Value Moves Dep 1:2       1-2-Draws
   8 B 1    1.0:0.0        8.0:0.0       1:33:03 AM  -289.98    24 3.273 :3.714  8-0-0

--------------------------------------------------------------

Engine-Match Tuesday, September 23, 2025 1:33:04 AM
 Blitz 2/1 

Pairing 3/6 :    V7P3R_v12.0  -  V7P3R_v10.8

PGN-File: C:\Program Files (x86)\Arena\Tournaments\Engine Regression Battle 20250922.pgn

No:  B/W 1/2     W:B       1:2           Time        Value Moves Dep 1:2       1-2-Draws
   8 = =    1.5:1.5        5.5:2.5       1:38:11 AM     0.00    59 3.250 :3.148  4-1-3

--------------------------------------------------------------

Engine-Match Tuesday, September 23, 2025 1:38:12 AM
 Blitz 2/1 

Pairing 4/6 :    V7P3R_v11.4  -  V7P3R_v12.1

PGN-File: C:\Program Files (x86)\Arena\Tournaments\Engine Regression Battle 20250922.pgn

No:  B/W 1/2     W:B       1:2           Time        Value Moves Dep 1:2       1-2-Draws
   8 W 2    1.5:0.5        0.5:7.5       1:40:23 AM   +12.40    18 4.071 :3.294  0-7-1

--------------------------------------------------------------

Engine-Match Tuesday, September 23, 2025 1:40:24 AM
 Blitz 2/1 

Pairing 5/6 :    V7P3R_v10.8  -  V7P3R_v11.4

PGN-File: C:\Program Files (x86)\Arena\Tournaments\Engine Regression Battle 20250922.pgn

No:  B/W 1/2     W:B       1:2           Time        Value Moves Dep 1:2       1-2-Draws
   8 B 1    1.0:0.0        8.0:0.0       1:44:48 AM  -289.95    32 2.903 :4.000  8-0-0

--------------------------------------------------------------

Engine-Match Tuesday, September 23, 2025 1:44:49 AM
 Blitz 2/1 

Pairing 6/6 :    V7P3R_v12.1  -  V7P3R_v12.0

PGN-File: C:\Program Files (x86)\Arena\Tournaments\Engine Regression Battle 20250922.pgn

No:  B/W 1/2     W:B       1:2           Time        Value Moves Dep 1:2       1-2-Draws
   8 W 2    2.0:1.0        5.0:3.0       1:48:55 AM  +289.98    49 3.077 :3.400  4-2-2

--------------------------------------------------------------

Engine-Match Tuesday, September 23, 2025 1:48:57 AM
 Blitz 2/1 

Pairing 1/6 :    V7P3R_v10.8  -  V7P3R_v12.1

PGN-File: C:\Program Files (x86)\Arena\Tournaments\Engine Regression Battle 20250922.pgn

No:  B/W 1/2     W:B       1:2           Time        Value Moves Dep 1:2       1-2-Draws
   9 B 2    1.5:0.5        1.5:7.5       1:51:43 AM   -12.16    22 3.050 :2.857  1-7-1

--------------------------------------------------------------

Engine-Match Tuesday, September 23, 2025 1:51:45 AM
 Blitz 2/1 

Pairing 2/6 :    V7P3R_v12.0  -  V7P3R_v11.4

PGN-File: C:\Program Files (x86)\Arena\Tournaments\Engine Regression Battle 20250922.pgn

No:  B/W 1/2     W:B       1:2           Time        Value Moves Dep 1:2       1-2-Draws
   9 = =    0.5:0.5        8.5:0.5       1:57:27 AM     0.00    73 3.529 :3.813  8-0-1

--------------------------------------------------------------

Engine-Match Tuesday, September 23, 2025 1:57:28 AM
 Blitz 2/1 

Pairing 3/6 :    V7P3R_v12.0  -  V7P3R_v10.8

PGN-File: C:\Program Files (x86)\Arena\Tournaments\Engine Regression Battle 20250922.pgn

No:  B/W 1/2     W:B       1:2           Time        Value Moves Dep 1:2       1-2-Draws
   9 W 1    2.5:1.5        6.5:2.5       2:01:36 AM   +10.30    52 3.323 :3.235  5-1-3

--------------------------------------------------------------

Engine-Match Tuesday, September 23, 2025 2:01:37 AM
 Blitz 2/1 

Pairing 4/6 :    V7P3R_v11.4  -  V7P3R_v12.1

PGN-File: C:\Program Files (x86)\Arena\Tournaments\Engine Regression Battle 20250922.pgn

No:  B/W 1/2     W:B       1:2           Time        Value Moves Dep 1:2       1-2-Draws
   9 B 2    1.5:0.5        0.5:8.5       2:05:26 AM   -12.30    26 3.783 :2.960  0-8-1

--------------------------------------------------------------

Engine-Match Tuesday, September 23, 2025 2:05:27 AM
 Blitz 2/1 

Pairing 5/6 :    V7P3R_v10.8  -  V7P3R_v11.4

PGN-File: C:\Program Files (x86)\Arena\Tournaments\Engine Regression Battle 20250922.pgn

No:  B/W 1/2     W:B       1:2           Time        Value Moves Dep 1:2       1-2-Draws
   9 = =    0.5:0.5        8.5:0.5       2:11:39 AM    +3.84    87 3.154 :3.591  8-0-1

--------------------------------------------------------------

Engine-Match Tuesday, September 23, 2025 2:11:40 AM
 Blitz 2/1 

Pairing 6/6 :    V7P3R_v12.1  -  V7P3R_v12.0

PGN-File: C:\Program Files (x86)\Arena\Tournaments\Engine Regression Battle 20250922.pgn

No:  B/W 1/2     W:B       1:2           Time        Value Moves Dep 1:2       1-2-Draws
   9 = =    1.5:1.5        5.5:3.5       2:17:10 AM     0.00    64 3.074 :3.192  4-2-3

--------------------------------------------------------------

Engine-Match Tuesday, September 23, 2025 2:17:12 AM
 Blitz 2/1 

Pairing 1/6 :    V7P3R_v10.8  -  V7P3R_v12.1

PGN-File: C:\Program Files (x86)\Arena\Tournaments\Engine Regression Battle 20250922.pgn

No:  B/W 1/2     W:B       1:2           Time        Value Moves Dep 1:2       1-2-Draws
  10 W 2    1.5:0.5        1.5:8.5       2:21:52 AM     0.00    49 2.841 :2.800  1-8-1

--------------------------------------------------------------

Engine-Match Tuesday, September 23, 2025 2:21:53 AM
 Blitz 2/1 

Pairing 2/6 :    V7P3R_v12.0  -  V7P3R_v11.4

PGN-File: C:\Program Files (x86)\Arena\Tournaments\Engine Regression Battle 20250922.pgn

No:  B/W 1/2     W:B       1:2           Time        Value Moves Dep 1:2       1-2-Draws
  10 B 1    1.5:0.5        9.5:0.5       2:25:53 AM     0.00    37 3.320 :4.136  9-0-1

--------------------------------------------------------------

Engine-Match Tuesday, September 23, 2025 2:25:54 AM
 Blitz 2/1 

Pairing 3/6 :    V7P3R_v12.0  -  V7P3R_v10.8

PGN-File: C:\Program Files (x86)\Arena\Tournaments\Engine Regression Battle 20250922.pgn

No:  B/W 1/2     W:B       1:2           Time        Value Moves Dep 1:2       1-2-Draws
  10 B 1    2.5:1.5        7.5:2.5       2:30:40 AM     0.00    67 3.094 :3.029  6-1-3

--------------------------------------------------------------

Engine-Match Tuesday, September 23, 2025 2:30:41 AM
 Blitz 2/1 

Pairing 4/6 :    V7P3R_v11.4  -  V7P3R_v12.1

PGN-File: C:\Program Files (x86)\Arena\Tournaments\Engine Regression Battle 20250922.pgn

No:  B/W 1/2     W:B       1:2           Time        Value Moves Dep 1:2       1-2-Draws
  10 W 2    1.5:0.5        0.5:9.5       2:32:51 AM   +12.40    18 4.071 :3.294  0-9-1

--------------------------------------------------------------

Engine-Match Tuesday, September 23, 2025 2:32:52 AM
 Blitz 2/1 

Pairing 5/6 :    V7P3R_v10.8  -  V7P3R_v11.4

PGN-File: C:\Program Files (x86)\Arena\Tournaments\Engine Regression Battle 20250922.pgn

No:  B/W 1/2     W:B       1:2           Time        Value Moves Dep 1:2       1-2-Draws
  10 B 1    1.5:0.5        9.5:0.5       2:37:04 AM  -289.95    32 2.935 :3.960  9-0-1

--------------------------------------------------------------

Engine-Match Tuesday, September 23, 2025 2:37:05 AM
 Blitz 2/1 

Pairing 6/6 :    V7P3R_v12.1  -  V7P3R_v12.0

PGN-File: C:\Program Files (x86)\Arena\Tournaments\Engine Regression Battle 20250922.pgn

No:  B/W 1/2     W:B       1:2           Time        Value Moves Dep 1:2       1-2-Draws
  10 B 1    2.5:1.5        6.5:3.5       2:40:55 AM   -11.36    33 2.935 :3.222  5-2-3
