Engine-Match Tuesday, September 23, 2025 9:51:27 PM
 Blitz 2/1 

Pairing 1/15 :    C0BR4_v2.9  -  V7P3R_v12.1

PGN-File: C:\Program Files (x86)\Arena\Tournaments\Engine Battle 20250923.pgn

No:  B/W 1/2     W:B       1:2           Time        Value Moves Dep 1:2       1-2-Draws
   1 = =    0.5:0.5        0.5:0.5       9:54:42 PM    -2.04    48 4.000 :3.000  0-0-1

--------------------------------------------------------------

Engine-Match Tuesday, September 23, 2025 9:54:43 PM
 Blitz 2/1 

Pairing 2/15 :    V7P3R_v10.8  -  Random_Opponent

PGN-File: C:\Program Files (x86)\Arena\Tournaments\Engine Battle 20250923.pgn

No:  B/W 1/2     W:B       1:2           Time        Value Moves Dep 1:2       1-2-Draws
   1 W 1    1.0:0.0        1.0:0.0       9:55:09 PM  +289.98     5 4.200 :0 1-0-0

--------------------------------------------------------------

Engine-Match Tuesday, September 23, 2025 9:55:10 PM
 Blitz 2/1 

Pairing 3/15 :    SlowMate_v3.1  -  Stockfish 1%

PGN-File: C:\Program Files (x86)\Arena\Tournaments\Engine Battle 20250923.pgn

No:  B/W 1/2     W:B       1:2           Time        Value Moves Dep 1:2       1-2-Draws
   1 B 2    1.0:0.0        0.0:1.0       9:58:13 PM      -M1    66 2.873 :10.800  0-1-0

--------------------------------------------------------------

Engine-Match Tuesday, September 23, 2025 9:58:14 PM
 Blitz 2/1 

Pairing 4/15 :    V7P3R_v10.8  -  C0BR4_v2.9

PGN-File: C:\Program Files (x86)\Arena\Tournaments\Engine Battle 20250923.pgn

No:  B/W 1/2     W:B       1:2           Time        Value Moves Dep 1:2       1-2-Draws
   1 = =    0.5:0.5        0.5:0.5       10:00:39 PM    -5.18    45 3.214 :4.000  0-0-1

--------------------------------------------------------------

Engine-Match Tuesday, September 23, 2025 10:00:40 PM
 Blitz 2/1 

Pairing 5/15 :    Stockfish 1%  -  V7P3R_v12.1

PGN-File: C:\Program Files (x86)\Arena\Tournaments\Engine Battle 20250923.pgn

No:  B/W 1/2     W:B       1:2           Time        Value Moves Dep 1:2       1-2-Draws
   1 W 1    1.0:0.0        1.0:0.0       10:02:35 PM   +17.44    31 10.600 :3.036  1-0-0

--------------------------------------------------------------

Engine-Match Tuesday, September 23, 2025 10:02:36 PM
 Blitz 2/1 

Pairing 6/15 :    Random_Opponent  -  SlowMate_v3.1

PGN-File: C:\Program Files (x86)\Arena\Tournaments\Engine Battle 20250923.pgn

No:  B/W 1/2     W:B       1:2           Time        Value Moves Dep 1:2       1-2-Draws
   1 = =    0.5:0.5        0.5:0.5       10:04:21 PM     0.00    34 0:3.394  0-0-1

--------------------------------------------------------------

Engine-Match Tuesday, September 23, 2025 10:04:22 PM
 Blitz 2/1 

Pairing 7/15 :    C0BR4_v2.9  -  Stockfish 1%

PGN-File: C:\Program Files (x86)\Arena\Tournaments\Engine Battle 20250923.pgn

No:  B/W 1/2     W:B       1:2           Time        Value Moves Dep 1:2       1-2-Draws
   1 B 2    1.0:0.0        0.0:1.0       10:06:37 PM    -9.81    90 4.000 :10.000  0-1-0

--------------------------------------------------------------

Engine-Match Tuesday, September 23, 2025 10:06:38 PM
 Blitz 2/1 

Pairing 8/15 :    SlowMate_v3.1  -  V7P3R_v10.8

PGN-File: C:\Program Files (x86)\Arena\Tournaments\Engine Battle 20250923.pgn

No:  B/W 1/2     W:B       1:2           Time        Value Moves Dep 1:2       1-2-Draws
   1 = =    0.5:0.5        0.5:0.5       10:11:35 PM    -0.33    58 2.667 :2.800  0-0-1

--------------------------------------------------------------

Engine-Match Tuesday, September 23, 2025 10:11:36 PM
 Blitz 2/1 

Pairing 9/15 :    V7P3R_v12.1  -  Random_Opponent

PGN-File: C:\Program Files (x86)\Arena\Tournaments\Engine Battle 20250923.pgn

No:  B/W 1/2     W:B       1:2           Time        Value Moves Dep 1:2       1-2-Draws
   1 W 1    1.0:0.0        1.0:0.0       10:13:49 PM  +289.97    36 2.861 :0 1-0-0

--------------------------------------------------------------

Engine-Match Tuesday, September 23, 2025 10:13:50 PM
 Blitz 2/1 

Pairing 10/15 :    SlowMate_v3.1  -  C0BR4_v2.9

PGN-File: C:\Program Files (x86)\Arena\Tournaments\Engine Battle 20250923.pgn

No:  B/W 1/2     W:B       1:2           Time        Value Moves Dep 1:2       1-2-Draws
   1 = =    0.5:0.5        0.5:0.5       10:18:22 PM    +2.38    73 3.217 :4.000  0-0-1

--------------------------------------------------------------

Engine-Match Tuesday, September 23, 2025 10:18:23 PM
 Blitz 2/1 

Pairing 11/15 :    Random_Opponent  -  Stockfish 1%

PGN-File: C:\Program Files (x86)\Arena\Tournaments\Engine Battle 20250923.pgn

No:  B/W 1/2     W:B       1:2           Time        Value Moves Dep 1:2       1-2-Draws
   1 B 2    1.0:0.0        0.0:1.0       10:18:45 PM      -M1    43 0:11.000  0-1-0

--------------------------------------------------------------

Engine-Match Tuesday, September 23, 2025 10:18:46 PM
 Blitz 2/1 

Pairing 12/15 :    V7P3R_v10.8  -  V7P3R_v12.1

PGN-File: C:\Program Files (x86)\Arena\Tournaments\Engine Battle 20250923.pgn

No:  B/W 1/2     W:B       1:2           Time        Value Moves Dep 1:2       1-2-Draws
   1 W 1    1.0:0.0        1.0:0.0       10:22:33 PM   +16.11    42 3.045 :2.875  1-0-0

--------------------------------------------------------------

Engine-Match Tuesday, September 23, 2025 10:22:35 PM
 Blitz 2/1 

Pairing 13/15 :    C0BR4_v2.9  -  Random_Opponent

PGN-File: C:\Program Files (x86)\Arena\Tournaments\Engine Battle 20250923.pgn

No:  B/W 1/2     W:B       1:2           Time        Value Moves Dep 1:2       1-2-Draws
   1 W 1    1.0:0.0        1.0:0.0       10:22:49 PM  +299.97    17 3.875 :0 1-0-0

--------------------------------------------------------------

Engine-Match Tuesday, September 23, 2025 10:22:51 PM
 Blitz 2/1 

Pairing 14/15 :    V7P3R_v12.1  -  SlowMate_v3.1

PGN-File: C:\Program Files (x86)\Arena\Tournaments\Engine Battle 20250923.pgn

No:  B/W 1/2     W:B       1:2           Time        Value Moves Dep 1:2       1-2-Draws
   1 W 1    1.0:0.0        1.0:0.0       10:25:09 PM  +289.96    20 2.700 :2.684  1-0-0

--------------------------------------------------------------

Engine-Match Tuesday, September 23, 2025 10:25:10 PM
 Blitz 2/1 

Pairing 15/15 :    Stockfish 1%  -  V7P3R_v10.8

PGN-File: C:\Program Files (x86)\Arena\Tournaments\Engine Battle 20250923.pgn

No:  B/W 1/2     W:B       1:2           Time        Value Moves Dep 1:2       1-2-Draws
   1 W 1    1.0:0.0        1.0:0.0       10:28:38 PM   +10.19    95 12.000 :3.048  1-0-0

--------------------------------------------------------------

Engine-Match Tuesday, September 23, 2025 10:28:40 PM
 Blitz 2/1 

Pairing 1/15 :    C0BR4_v2.9  -  V7P3R_v12.1

PGN-File: C:\Program Files (x86)\Arena\Tournaments\Engine Battle 20250923.pgn

No:  B/W 1/2     W:B       1:2           Time        Value Moves Dep 1:2       1-2-Draws
   2 B 1    1.5:0.5        1.5:0.5       10:30:48 PM  -299.97    29 4.000 :2.759  1-0-1

--------------------------------------------------------------

Engine-Match Tuesday, September 23, 2025 10:30:50 PM
 Blitz 2/1 

Pairing 2/15 :    V7P3R_v10.8  -  Random_Opponent

PGN-File: C:\Program Files (x86)\Arena\Tournaments\Engine Battle 20250923.pgn

No:  B/W 1/2     W:B       1:2           Time        Value Moves Dep 1:2       1-2-Draws
   2 B 1    1.0:0.0        2.0:0.0       10:31:22 PM  -289.97     7 3.833 :0 2-0-0

--------------------------------------------------------------

Engine-Match Tuesday, September 23, 2025 10:31:24 PM
 Blitz 2/1 

Pairing 3/15 :    SlowMate_v3.1  -  Stockfish 1%

PGN-File: C:\Program Files (x86)\Arena\Tournaments\Engine Battle 20250923.pgn

No:  B/W 1/2     W:B       1:2           Time        Value Moves Dep 1:2       1-2-Draws
   2 W 2    1.0:0.0        0.0:2.0       10:32:53 PM      +M1    27 2.769 :11.500  0-2-0

--------------------------------------------------------------

Engine-Match Tuesday, September 23, 2025 10:32:55 PM
 Blitz 2/1 

Pairing 4/15 :    V7P3R_v10.8  -  C0BR4_v2.9

PGN-File: C:\Program Files (x86)\Arena\Tournaments\Engine Battle 20250923.pgn

No:  B/W 1/2     W:B       1:2           Time        Value Moves Dep 1:2       1-2-Draws
   2 W 2    1.5:0.5        0.5:1.5       10:35:46 PM   +21.78    38 3.027 :4.000  0-1-1

--------------------------------------------------------------

Engine-Match Tuesday, September 23, 2025 10:35:48 PM
 Blitz 2/1 

Pairing 5/15 :    Stockfish 1%  -  V7P3R_v12.1

PGN-File: C:\Program Files (x86)\Arena\Tournaments\Engine Battle 20250923.pgn

No:  B/W 1/2     W:B       1:2           Time        Value Moves Dep 1:2       1-2-Draws
   2 B 1    1.0:0.0        2.0:0.0       10:38:44 PM     0.00    36 12.000 :3.057  2-0-0

--------------------------------------------------------------

Engine-Match Tuesday, September 23, 2025 10:38:50 PM
 Blitz 2/1 

Pairing 6/15 :    Random_Opponent  -  SlowMate_v3.1

PGN-File: C:\Program Files (x86)\Arena\Tournaments\Engine Battle 20250923.pgn

No:  B/W 1/2     W:B       1:2           Time        Value Moves Dep 1:2       1-2-Draws
   2 W 2    1.5:0.5        0.5:1.5       10:39:42 PM  +197.95    14 0:3.429  0-1-1

--------------------------------------------------------------

Engine-Match Tuesday, September 23, 2025 10:39:43 PM
 Blitz 2/1 

Pairing 7/15 :    C0BR4_v2.9  -  Stockfish 1%

PGN-File: C:\Program Files (x86)\Arena\Tournaments\Engine Battle 20250923.pgn

No:  B/W 1/2     W:B       1:2           Time        Value Moves Dep 1:2       1-2-Draws
   2 B 1    1.0:0.0        1.0:1.0       10:40:01 PM  -299.97    28 3.923 :11.000  1-1-0

--------------------------------------------------------------

Engine-Match Tuesday, September 23, 2025 10:40:03 PM
 Blitz 2/1 

Pairing 8/15 :    SlowMate_v3.1  -  V7P3R_v10.8

PGN-File: C:\Program Files (x86)\Arena\Tournaments\Engine Battle 20250923.pgn

No:  B/W 1/2     W:B       1:2           Time        Value Moves Dep 1:2       1-2-Draws
   2 * *     0.5:0.5        0.5:0.5       10:42:16 PM    -6.68    19 2.526 :2.778  0-0-1

--------------------------------------------------------------

Engine-Match Tuesday, September 23, 2025 10:43:25 PM
 Blitz 2/1 

Pairing 4/21 :    SlowMate_v3.2  -  V7P3R_v10.8

PGN-File: C:\Program Files (x86)\Arena\Tournaments\Engine Battle 20250923.pgn

No:  B/W 1/2     W:B       1:2           Time        Value Moves Dep 1:2       1-2-Draws
   1 * *     0.0:0.0        0.0:0.0       10:44:02 PM     0.00     0 0:0 0-0-0

--------------------------------------------------------------

Engine-Match Tuesday, September 23, 2025 10:44:21 PM
 Blitz 2/1 

Pairing 8/15 :    SlowMate_v3.1  -  V7P3R_v10.8

PGN-File: C:\Program Files (x86)\Arena\Tournaments\Engine Battle 20250923.pgn

No:  B/W 1/2     W:B       1:2           Time        Value Moves Dep 1:2       1-2-Draws
   2 = =    1.0:1.0        1.0:1.0       10:46:50 PM     0.00    21 3.050 :2.947  0-0-2

--------------------------------------------------------------

Engine-Match Tuesday, September 23, 2025 10:46:52 PM
 Blitz 2/1 

Pairing 9/15 :    V7P3R_v12.1  -  Random_Opponent

PGN-File: C:\Program Files (x86)\Arena\Tournaments\Engine Battle 20250923.pgn

No:  B/W 1/2     W:B       1:2           Time        Value Moves Dep 1:2       1-2-Draws
   2 B 1    1.0:0.0        2.0:0.0       10:48:01 PM  -289.96    21 2.950 :0 2-0-0

--------------------------------------------------------------

Engine-Match Tuesday, September 23, 2025 10:48:03 PM
 Blitz 2/1 

Pairing 10/15 :    SlowMate_v3.1  -  C0BR4_v2.9

PGN-File: C:\Program Files (x86)\Arena\Tournaments\Engine Battle 20250923.pgn

No:  B/W 1/2     W:B       1:2           Time        Value Moves Dep 1:2       1-2-Draws
   2 W 2    1.5:0.5        0.5:1.5       10:49:18 PM  +299.97    18 3.059 :4.000  0-1-1

--------------------------------------------------------------

Engine-Match Tuesday, September 23, 2025 10:49:19 PM
 Blitz 2/1 

Pairing 11/15 :    Random_Opponent  -  Stockfish 1%

PGN-File: C:\Program Files (x86)\Arena\Tournaments\Engine Battle 20250923.pgn

No:  B/W 1/2     W:B       1:2           Time        Value Moves Dep 1:2       1-2-Draws
   2 W 2    1.0:0.0        0.0:2.0       10:49:29 PM      +M1    15 0:10.800  0-2-0

--------------------------------------------------------------

Engine-Match Tuesday, September 23, 2025 10:49:30 PM
 Blitz 2/1 

Pairing 12/15 :    V7P3R_v10.8  -  V7P3R_v12.1

PGN-File: C:\Program Files (x86)\Arena\Tournaments\Engine Battle 20250923.pgn

No:  B/W 1/2     W:B       1:2           Time        Value Moves Dep 1:2       1-2-Draws
   2 W 2    1.0:0.0        1.0:1.0       10:54:13 PM    +9.07    37 3.000 :2.972  1-1-0

--------------------------------------------------------------

Engine-Match Tuesday, September 23, 2025 10:54:14 PM
 Blitz 2/1 

Pairing 13/15 :    C0BR4_v2.9  -  Random_Opponent

PGN-File: C:\Program Files (x86)\Arena\Tournaments\Engine Battle 20250923.pgn

No:  B/W 1/2     W:B       1:2           Time        Value Moves Dep 1:2       1-2-Draws
   2 B 1    1.0:0.0        2.0:0.0       10:54:21 PM  -299.97     7 3.600 :0 2-0-0

--------------------------------------------------------------

Engine-Match Tuesday, September 23, 2025 10:54:22 PM
 Blitz 2/1 

Pairing 14/15 :    V7P3R_v12.1  -  SlowMate_v3.1

PGN-File: C:\Program Files (x86)\Arena\Tournaments\Engine Battle 20250923.pgn

No:  B/W 1/2     W:B       1:2           Time        Value Moves Dep 1:2       1-2-Draws
   2 B 1    1.0:0.0        2.0:0.0       10:59:01 PM  -200.00    54 2.875 :3.000  2-0-0

--------------------------------------------------------------

Engine-Match Tuesday, September 23, 2025 10:59:02 PM
 Blitz 2/1 

Pairing 15/15 :    Stockfish 1%  -  V7P3R_v10.8

PGN-File: C:\Program Files (x86)\Arena\Tournaments\Engine Battle 20250923.pgn

No:  B/W 1/2     W:B       1:2           Time        Value Moves Dep 1:2       1-2-Draws
   2 B 1    1.0:0.0        2.0:0.0       11:02:21 PM   -10.11    89 11.200 :3.073  2-0-0
