Engine-Match Wednesday, September 24, 2025 12:04:17 AM
 Blitz 10/5 

Pairing 1/15 :    C0BR4_v2.9  -  V7P3R_v12.1

PGN-File: C:\Program Files (x86)\Arena\Tournaments\Engine Battle 20250923_2.pgn

No:  B/W 1/2     W:B       1:2           Time        Value Moves Dep 1:2       1-2-Draws
   1 W 1    1.0:0.0        1.0:0.0       12:06:21 AM   +17.08    38 4.000 :3.000  1-0-0

--------------------------------------------------------------

Engine-Match Wednesday, September 24, 2025 12:06:23 AM
 Blitz 10/5 

Pairing 2/15 :    V7P3R_v10.8  -  Random_Opponent

PGN-File: C:\Program Files (x86)\Arena\Tournaments\Engine Battle 20250923_2.pgn

No:  B/W 1/2     W:B       1:2           Time        Value Moves Dep 1:2       1-2-Draws
   1 W 1    1.0:0.0        1.0:0.0       12:11:32 AM     0.00    22 4.368 :0 1-0-0

--------------------------------------------------------------

Engine-Match Wednesday, September 24, 2025 12:11:33 AM
 Blitz 10/5 

Pairing 3/15 :    SlowMate_v3.1  -  Stockfish 1%

PGN-File: C:\Program Files (x86)\Arena\Tournaments\Engine Battle 20250923_2.pgn

No:  B/W 1/2     W:B       1:2           Time        Value Moves Dep 1:2       1-2-Draws
   1 B 2    1.0:0.0        0.0:1.0       12:18:19 AM    -9.41    27 4.296 :18.700  0-1-0

--------------------------------------------------------------

Engine-Match Wednesday, September 24, 2025 12:18:20 AM
 Blitz 10/5 

Pairing 4/15 :    V7P3R_v10.8  -  C0BR4_v2.9

PGN-File: C:\Program Files (x86)\Arena\Tournaments\Engine Battle 20250923_2.pgn

No:  B/W 1/2     W:B       1:2           Time        Value Moves Dep 1:2       1-2-Draws
   1 B 2    1.0:0.0        0.0:1.0       12:28:26 AM  -299.97    62 3.971 :4.000  0-1-0

--------------------------------------------------------------

Engine-Match Wednesday, September 24, 2025 12:28:27 AM
 Blitz 10/5 

Pairing 5/15 :    Stockfish 1%  -  V7P3R_v12.1

PGN-File: C:\Program Files (x86)\Arena\Tournaments\Engine Battle 20250923_2.pgn

No:  B/W 1/2     W:B       1:2           Time        Value Moves Dep 1:2       1-2-Draws
   1 W 1    1.0:0.0        1.0:0.0       12:29:10 AM   +13.78    10 17.400 :3.000  1-0-0

--------------------------------------------------------------

Engine-Match Wednesday, September 24, 2025 12:29:11 AM
 Blitz 10/5 

Pairing 6/15 :    Random_Opponent  -  SlowMate_v3.1

PGN-File: C:\Program Files (x86)\Arena\Tournaments\Engine Battle 20250923_2.pgn

No:  B/W 1/2     W:B       1:2           Time        Value Moves Dep 1:2       1-2-Draws
   1 B 2    1.0:0.0        0.0:1.0       12:31:57 AM   -38.14    10 0:4.000  0-1-0

--------------------------------------------------------------

Engine-Match Wednesday, September 24, 2025 12:31:58 AM
 Blitz 10/5 

Pairing 7/15 :    C0BR4_v2.9  -  Stockfish 1%

PGN-File: C:\Program Files (x86)\Arena\Tournaments\Engine Battle 20250923_2.pgn

No:  B/W 1/2     W:B       1:2           Time        Value Moves Dep 1:2       1-2-Draws
   1 B 2    1.0:0.0        0.0:1.0       12:32:26 AM      -M1    19 3.941 :21.889  0-1-0

--------------------------------------------------------------

Engine-Match Wednesday, September 24, 2025 12:32:28 AM
 Blitz 10/5 

Pairing 8/15 :    SlowMate_v3.1  -  V7P3R_v10.8

PGN-File: C:\Program Files (x86)\Arena\Tournaments\Engine Battle 20250923_2.pgn

No:  B/W 1/2     W:B       1:2           Time        Value Moves Dep 1:2       1-2-Draws
   1 B 2    1.0:0.0        0.0:1.0       12:44:33 AM  -289.99    34 4.103 :3.739  0-1-0

--------------------------------------------------------------

Engine-Match Wednesday, September 24, 2025 12:44:34 AM
 Blitz 10/5 

Pairing 9/15 :    V7P3R_v12.1  -  Random_Opponent

PGN-File: C:\Program Files (x86)\Arena\Tournaments\Engine Battle 20250923_2.pgn

No:  B/W 1/2     W:B       1:2           Time        Value Moves Dep 1:2       1-2-Draws
   1 W 1    1.0:0.0        1.0:0.0       12:46:13 AM  +289.96    23 2.783 :0 1-0-0

--------------------------------------------------------------

Engine-Match Wednesday, September 24, 2025 12:46:14 AM
 Blitz 10/5 

Pairing 10/15 :    SlowMate_v3.1  -  C0BR4_v2.9

PGN-File: C:\Program Files (x86)\Arena\Tournaments\Engine Battle 20250923_2.pgn

No:  B/W 1/2     W:B       1:2           Time        Value Moves Dep 1:2       1-2-Draws
   1 B 2    1.0:0.0        0.0:1.0       12:56:42 AM   -13.79    45 3.944 :4.000  0-1-0

--------------------------------------------------------------

Engine-Match Wednesday, September 24, 2025 12:56:43 AM
 Blitz 10/5 

Pairing 11/15 :    Random_Opponent  -  Stockfish 1%

PGN-File: C:\Program Files (x86)\Arena\Tournaments\Engine Battle 20250923_2.pgn

No:  B/W 1/2     W:B       1:2           Time        Value Moves Dep 1:2       1-2-Draws
   1 B 2    1.0:0.0        0.0:1.0       12:56:52 AM      -M1     8 0:25.250  0-1-0

--------------------------------------------------------------

Engine-Match Wednesday, September 24, 2025 12:56:53 AM
 Blitz 10/5 

Pairing 12/15 :    V7P3R_v10.8  -  V7P3R_v12.1

PGN-File: C:\Program Files (x86)\Arena\Tournaments\Engine Battle 20250923_2.pgn

No:  B/W 1/2     W:B       1:2           Time        Value Moves Dep 1:2       1-2-Draws
   1 B 2    1.0:0.0        0.0:1.0       1:05:47 AM  -289.97    68 3.850 :2.828  0-1-0

--------------------------------------------------------------

Engine-Match Wednesday, September 24, 2025 1:05:49 AM
 Blitz 10/5 

Pairing 13/15 :    C0BR4_v2.9  -  Random_Opponent

PGN-File: C:\Program Files (x86)\Arena\Tournaments\Engine Battle 20250923_2.pgn

No:  B/W 1/2     W:B       1:2           Time        Value Moves Dep 1:2       1-2-Draws
   1 W 1    1.0:0.0        1.0:0.0       1:05:59 AM  +299.97    10 3.750 :0 1-0-0

--------------------------------------------------------------

Engine-Match Wednesday, September 24, 2025 1:06:00 AM
 Blitz 10/5 

Pairing 14/15 :    V7P3R_v12.1  -  SlowMate_v3.1

PGN-File: C:\Program Files (x86)\Arena\Tournaments\Engine Battle 20250923_2.pgn

No:  B/W 1/2     W:B       1:2           Time        Value Moves Dep 1:2       1-2-Draws
   1 = =    0.5:0.5        0.5:0.5       1:15:08 AM    -2.56    30 3.133 :4.000  0-0-1

--------------------------------------------------------------

Engine-Match Wednesday, September 24, 2025 1:15:09 AM
 Blitz 10/5 

Pairing 15/15 :    Stockfish 1%  -  V7P3R_v10.8

PGN-File: C:\Program Files (x86)\Arena\Tournaments\Engine Battle 20250923_2.pgn

No:  B/W 1/2     W:B       1:2           Time        Value Moves Dep 1:2       1-2-Draws
   1 W 1    1.0:0.0        1.0:0.0       1:17:35 AM   +11.87    12 17.583 :4.000  1-0-0

--------------------------------------------------------------

Engine-Match Wednesday, September 24, 2025 1:17:36 AM
 Blitz 10/5 

Pairing 1/15 :    C0BR4_v2.9  -  V7P3R_v12.1

PGN-File: C:\Program Files (x86)\Arena\Tournaments\Engine Battle 20250923_2.pgn

No:  B/W 1/2     W:B       1:2           Time        Value Moves Dep 1:2       1-2-Draws
   2 B 1    1.0:0.0        2.0:0.0       1:20:47 AM   -23.51    54 4.000 :2.960  2-0-0

--------------------------------------------------------------

Engine-Match Wednesday, September 24, 2025 1:20:48 AM
 Blitz 10/5 

Pairing 2/15 :    V7P3R_v10.8  -  Random_Opponent

PGN-File: C:\Program Files (x86)\Arena\Tournaments\Engine Battle 20250923_2.pgn

No:  B/W 1/2     W:B       1:2           Time        Value Moves Dep 1:2       1-2-Draws
   2 B 1    1.0:0.0        2.0:0.0       1:22:25 AM  -289.98     9 4.250 :0 2-0-0

--------------------------------------------------------------

Engine-Match Wednesday, September 24, 2025 1:22:26 AM
 Blitz 10/5 

Pairing 3/15 :    SlowMate_v3.1  -  Stockfish 1%

PGN-File: C:\Program Files (x86)\Arena\Tournaments\Engine Battle 20250923_2.pgn

No:  B/W 1/2     W:B       1:2           Time        Value Moves Dep 1:2       1-2-Draws
   2 W 2    1.0:0.0        0.0:2.0       1:30:00 AM      +M1    32 4.065 :18.000  0-2-0

--------------------------------------------------------------

Engine-Match Wednesday, September 24, 2025 1:30:02 AM
 Blitz 10/5 

Pairing 4/15 :    V7P3R_v10.8  -  C0BR4_v2.9

PGN-File: C:\Program Files (x86)\Arena\Tournaments\Engine Battle 20250923_2.pgn

No:  B/W 1/2     W:B       1:2           Time        Value Moves Dep 1:2       1-2-Draws
   2 W 2    1.0:0.0        0.0:2.0       1:34:25 AM  +299.97    35 4.095 :3.939  0-2-0

--------------------------------------------------------------

Engine-Match Wednesday, September 24, 2025 1:34:26 AM
 Blitz 10/5 

Pairing 5/15 :    Stockfish 1%  -  V7P3R_v12.1

PGN-File: C:\Program Files (x86)\Arena\Tournaments\Engine Battle 20250923_2.pgn

No:  B/W 1/2     W:B       1:2           Time        Value Moves Dep 1:2       1-2-Draws
   2 B 1    1.0:0.0        2.0:0.0       1:35:56 AM      -M1    20 18.350 :3.158  2-0-0

--------------------------------------------------------------

Engine-Match Wednesday, September 24, 2025 1:36:02 AM
 Blitz 10/5 

Pairing 6/15 :    Random_Opponent  -  SlowMate_v3.1

PGN-File: C:\Program Files (x86)\Arena\Tournaments\Engine Battle 20250923_2.pgn

No:  B/W 1/2     W:B       1:2           Time        Value Moves Dep 1:2       1-2-Draws
   2 = =    0.5:0.5        0.5:1.5       1:44:52 AM  +111.19    39 0:4.103  0-1-1

--------------------------------------------------------------

Engine-Match Wednesday, September 24, 2025 1:44:54 AM
 Blitz 10/5 

Pairing 7/15 :    C0BR4_v2.9  -  Stockfish 1%

PGN-File: C:\Program Files (x86)\Arena\Tournaments\Engine Battle 20250923_2.pgn

No:  B/W 1/2     W:B       1:2           Time        Value Moves Dep 1:2       1-2-Draws
   2 W 2    1.0:0.0        0.0:2.0       1:45:13 AM      +M1    19 3.938 :22.056  0-2-0

--------------------------------------------------------------

Engine-Match Wednesday, September 24, 2025 1:45:14 AM
 Blitz 10/5 

Pairing 8/15 :    SlowMate_v3.1  -  V7P3R_v10.8

PGN-File: C:\Program Files (x86)\Arena\Tournaments\Engine Battle 20250923_2.pgn

No:  B/W 1/2     W:B       1:2           Time        Value Moves Dep 1:2       1-2-Draws
   2 W 2    1.0:0.0        0.0:2.0       2:07:46 AM    +9.89    77 3.828 :3.654  0-2-0

--------------------------------------------------------------

Engine-Match Wednesday, September 24, 2025 2:07:47 AM
 Blitz 10/5 

Pairing 9/15 :    V7P3R_v12.1  -  Random_Opponent

PGN-File: C:\Program Files (x86)\Arena\Tournaments\Engine Battle 20250923_2.pgn

No:  B/W 1/2     W:B       1:2           Time        Value Moves Dep 1:2       1-2-Draws
   2 B 1    1.0:0.0        2.0:0.0       2:09:08 AM  -289.96    29 3.000 :0 2-0-0

--------------------------------------------------------------

Engine-Match Wednesday, September 24, 2025 2:09:09 AM
 Blitz 10/5 

Pairing 10/15 :    SlowMate_v3.1  -  C0BR4_v2.9

PGN-File: C:\Program Files (x86)\Arena\Tournaments\Engine Battle 20250923_2.pgn

No:  B/W 1/2     W:B       1:2           Time        Value Moves Dep 1:2       1-2-Draws
   2 B 1    1.0:0.0        1.0:1.0       2:14:24 AM   -12.31    21 4.300 :4.000  1-1-0

--------------------------------------------------------------

Engine-Match Wednesday, September 24, 2025 2:14:26 AM
 Blitz 10/5 

Pairing 11/15 :    Random_Opponent  -  Stockfish 1%

PGN-File: C:\Program Files (x86)\Arena\Tournaments\Engine Battle 20250923_2.pgn

No:  B/W 1/2     W:B       1:2           Time        Value Moves Dep 1:2       1-2-Draws
   2 W 2    1.0:0.0        0.0:2.0       2:14:37 AM      +M1    12 0:25.583  0-2-0

--------------------------------------------------------------

Engine-Match Wednesday, September 24, 2025 2:14:38 AM
 Blitz 10/5 

Pairing 12/15 :    V7P3R_v10.8  -  V7P3R_v12.1

PGN-File: C:\Program Files (x86)\Arena\Tournaments\Engine Battle 20250923_2.pgn

No:  B/W 1/2     W:B       1:2           Time        Value Moves Dep 1:2       1-2-Draws
   2 B 1    1.0:0.0        1.0:1.0       2:18:59 AM   -21.41    23 3.600 :3.000  1-1-0

--------------------------------------------------------------

Engine-Match Wednesday, September 24, 2025 2:19:01 AM
 Blitz 10/5 

Pairing 13/15 :    C0BR4_v2.9  -  Random_Opponent

PGN-File: C:\Program Files (x86)\Arena\Tournaments\Engine Battle 20250923_2.pgn

No:  B/W 1/2     W:B       1:2           Time        Value Moves Dep 1:2       1-2-Draws
   2 B 1    1.0:0.0        2.0:0.0       2:19:07 AM  -299.97     8 3.667 :0 2-0-0

--------------------------------------------------------------

Engine-Match Wednesday, September 24, 2025 2:19:08 AM
 Blitz 10/5 

Pairing 14/15 :    V7P3R_v12.1  -  SlowMate_v3.1

PGN-File: C:\Program Files (x86)\Arena\Tournaments\Engine Battle 20250923_2.pgn

No:  B/W 1/2     W:B       1:2           Time        Value Moves Dep 1:2       1-2-Draws
   2 W 2    1.5:0.5        0.5:1.5       2:29:46 AM   +17.05    37 2.472 :3.432  0-1-1

--------------------------------------------------------------

Engine-Match Wednesday, September 24, 2025 2:29:47 AM
 Blitz 10/5 

Pairing 15/15 :    Stockfish 1%  -  V7P3R_v10.8

PGN-File: C:\Program Files (x86)\Arena\Tournaments\Engine Battle 20250923_2.pgn

No:  B/W 1/2     W:B       1:2           Time        Value Moves Dep 1:2       1-2-Draws
   2 B 1    1.0:0.0        2.0:0.0       2:33:22 AM      -M1    21 24.100 :4.067  2-0-0

--------------------------------------------------------------

Engine-Match Wednesday, September 24, 2025 2:33:23 AM
 Blitz 10/5 

Pairing 1/15 :    C0BR4_v2.9  -  V7P3R_v12.1

PGN-File: C:\Program Files (x86)\Arena\Tournaments\Engine Battle 20250923_2.pgn

No:  B/W 1/2     W:B       1:2           Time        Value Moves Dep 1:2       1-2-Draws
   3 W 1    1.0:0.0        3.0:0.0       2:35:25 AM   +18.45    31 4.000 :2.762  3-0-0

--------------------------------------------------------------

Engine-Match Wednesday, September 24, 2025 2:35:26 AM
 Blitz 10/5 

Pairing 2/15 :    V7P3R_v10.8  -  Random_Opponent

PGN-File: C:\Program Files (x86)\Arena\Tournaments\Engine Battle 20250923_2.pgn

No:  B/W 1/2     W:B       1:2           Time        Value Moves Dep 1:2       1-2-Draws
   3 W 1    1.0:0.0        3.0:0.0       2:36:43 AM     0.00     6 4.400 :0 3-0-0

--------------------------------------------------------------

Engine-Match Wednesday, September 24, 2025 2:36:44 AM
 Blitz 10/5 

Pairing 3/15 :    SlowMate_v3.1  -  Stockfish 1%

PGN-File: C:\Program Files (x86)\Arena\Tournaments\Engine Battle 20250923_2.pgn

No:  B/W 1/2     W:B       1:2           Time        Value Moves Dep 1:2       1-2-Draws
   3 B 2    1.0:0.0        0.0:3.0       2:42:53 AM      -M1    24 4.208 :21.550  0-3-0

--------------------------------------------------------------

Engine-Match Wednesday, September 24, 2025 2:42:55 AM
 Blitz 10/5 

Pairing 4/15 :    V7P3R_v10.8  -  C0BR4_v2.9

PGN-File: C:\Program Files (x86)\Arena\Tournaments\Engine Battle 20250923_2.pgn

No:  B/W 1/2     W:B       1:2           Time        Value Moves Dep 1:2       1-2-Draws
   3 W 1    1.0:0.0        1.0:2.0       2:48:19 AM    +9.47    36 4.111 :4.000  1-2-0

--------------------------------------------------------------

Engine-Match Wednesday, September 24, 2025 2:48:20 AM
 Blitz 10/5 

Pairing 5/15 :    Stockfish 1%  -  V7P3R_v12.1

PGN-File: C:\Program Files (x86)\Arena\Tournaments\Engine Battle 20250923_2.pgn

No:  B/W 1/2     W:B       1:2           Time        Value Moves Dep 1:2       1-2-Draws
   3 W 1    1.0:0.0        3.0:0.0       2:49:01 AM   +13.78    10 18.100 :3.000  3-0-0

--------------------------------------------------------------

Engine-Match Wednesday, September 24, 2025 2:49:02 AM
 Blitz 10/5 

Pairing 6/15 :    Random_Opponent  -  SlowMate_v3.1

PGN-File: C:\Program Files (x86)\Arena\Tournaments\Engine Battle 20250923_2.pgn

No:  B/W 1/2     W:B       1:2           Time        Value Moves Dep 1:2       1-2-Draws
   3 B 2    1.5:0.5        0.5:2.5       2:50:32 AM   -55.36     5 0:4.200  0-2-1

--------------------------------------------------------------

Engine-Match Wednesday, September 24, 2025 2:50:33 AM
 Blitz 10/5 

Pairing 7/15 :    C0BR4_v2.9  -  Stockfish 1%

PGN-File: C:\Program Files (x86)\Arena\Tournaments\Engine Battle 20250923_2.pgn

No:  B/W 1/2     W:B       1:2           Time        Value Moves Dep 1:2       1-2-Draws
   3 B 2    1.0:0.0        0.0:3.0       2:51:01 AM      -M1    23 3.952 :21.409  0-3-0

--------------------------------------------------------------

Engine-Match Wednesday, September 24, 2025 2:51:02 AM
 Blitz 10/5 

Pairing 8/15 :    SlowMate_v3.1  -  V7P3R_v10.8

PGN-File: C:\Program Files (x86)\Arena\Tournaments\Engine Battle 20250923_2.pgn

No:  B/W 1/2     W:B       1:2           Time        Value Moves Dep 1:2       1-2-Draws
   3 = =    0.5:0.5        0.5:2.5       3:11:56 AM     0.00    68 4.130 :3.833  0-2-1

--------------------------------------------------------------

Engine-Match Wednesday, September 24, 2025 3:11:57 AM
 Blitz 10/5 

Pairing 9/15 :    V7P3R_v12.1  -  Random_Opponent

PGN-File: C:\Program Files (x86)\Arena\Tournaments\Engine Battle 20250923_2.pgn

No:  B/W 1/2     W:B       1:2           Time        Value Moves Dep 1:2       1-2-Draws
   3 W 1    1.0:0.0        3.0:0.0       3:12:19 AM     0.00     8 3.286 :0 3-0-0

--------------------------------------------------------------

Engine-Match Wednesday, September 24, 2025 3:12:20 AM
 Blitz 10/5 

Pairing 10/15 :    SlowMate_v3.1  -  C0BR4_v2.9

PGN-File: C:\Program Files (x86)\Arena\Tournaments\Engine Battle 20250923_2.pgn

No:  B/W 1/2     W:B       1:2           Time        Value Moves Dep 1:2       1-2-Draws
   3 W 1    1.0:0.0        2.0:1.0       3:19:40 AM   +20.65    30 3.900 :4.000  2-1-0

--------------------------------------------------------------

Engine-Match Wednesday, September 24, 2025 3:19:46 AM
 Blitz 10/5 

Pairing 11/15 :    Random_Opponent  -  Stockfish 1%

PGN-File: C:\Program Files (x86)\Arena\Tournaments\Engine Battle 20250923_2.pgn

No:  B/W 1/2     W:B       1:2           Time        Value Moves Dep 1:2       1-2-Draws
   3 B 2    1.0:0.0        0.0:3.0       3:19:58 AM      -M1    13 0:26.000  0-3-0

--------------------------------------------------------------

Engine-Match Wednesday, September 24, 2025 3:19:59 AM
 Blitz 10/5 

Pairing 12/15 :    V7P3R_v10.8  -  V7P3R_v12.1

PGN-File: C:\Program Files (x86)\Arena\Tournaments\Engine Battle 20250923_2.pgn

No:  B/W 1/2     W:B       1:2           Time        Value Moves Dep 1:2       1-2-Draws
   3 B 2    1.0:0.0        1.0:2.0       3:29:12 AM   -19.16    66 4.000 :2.933  1-2-0

--------------------------------------------------------------

Engine-Match Wednesday, September 24, 2025 3:29:13 AM
 Blitz 10/5 

Pairing 13/15 :    C0BR4_v2.9  -  Random_Opponent

PGN-File: C:\Program Files (x86)\Arena\Tournaments\Engine Battle 20250923_2.pgn

No:  B/W 1/2     W:B       1:2           Time        Value Moves Dep 1:2       1-2-Draws
   3 W 1    1.0:0.0        3.0:0.0       3:29:27 AM  +299.97    22 4.000 :0 3-0-0

--------------------------------------------------------------

Engine-Match Wednesday, September 24, 2025 3:29:28 AM
 Blitz 10/5 

Pairing 14/15 :    V7P3R_v12.1  -  SlowMate_v3.1

PGN-File: C:\Program Files (x86)\Arena\Tournaments\Engine Battle 20250923_2.pgn

No:  B/W 1/2     W:B       1:2           Time        Value Moves Dep 1:2       1-2-Draws
   3 = =    1.0:1.0        1.0:2.0       3:38:25 AM    -2.56    30 3.133 :4.071  0-1-2

--------------------------------------------------------------

Engine-Match Wednesday, September 24, 2025 3:38:27 AM
 Blitz 10/5 

Pairing 15/15 :    Stockfish 1%  -  V7P3R_v10.8

PGN-File: C:\Program Files (x86)\Arena\Tournaments\Engine Battle 20250923_2.pgn

No:  B/W 1/2     W:B       1:2           Time        Value Moves Dep 1:2       1-2-Draws
   3 W 1    1.0:0.0        3.0:0.0       3:40:53 AM      +M1    17 23.125 :3.909  3-0-0

--------------------------------------------------------------

Engine-Match Wednesday, September 24, 2025 3:40:54 AM
 Blitz 10/5 

Pairing 1/15 :    C0BR4_v2.9  -  V7P3R_v12.1

PGN-File: C:\Program Files (x86)\Arena\Tournaments\Engine Battle 20250923_2.pgn

No:  B/W 1/2     W:B       1:2           Time        Value Moves Dep 1:2       1-2-Draws
   4 = =    0.5:0.5        3.5:0.5       3:43:29 AM    -8.13    33 4.000 :3.032  3-0-1

--------------------------------------------------------------

Engine-Match Wednesday, September 24, 2025 3:43:31 AM
 Blitz 10/5 

Pairing 2/15 :    V7P3R_v10.8  -  Random_Opponent

PGN-File: C:\Program Files (x86)\Arena\Tournaments\Engine Battle 20250923_2.pgn

No:  B/W 1/2     W:B       1:2           Time        Value Moves Dep 1:2       1-2-Draws
   4 B 1    1.0:0.0        4.0:0.0       3:46:54 AM     0.00    16 4.462 :0 4-0-0

--------------------------------------------------------------

Engine-Match Wednesday, September 24, 2025 3:46:55 AM
 Blitz 10/5 

Pairing 3/15 :    SlowMate_v3.1  -  Stockfish 1%

PGN-File: C:\Program Files (x86)\Arena\Tournaments\Engine Battle 20250923_2.pgn

No:  B/W 1/2     W:B       1:2           Time        Value Moves Dep 1:2       1-2-Draws
   4 W 2    1.0:0.0        0.0:4.0       3:52:01 AM      +M1    20 3.947 :23.400  0-4-0

--------------------------------------------------------------

Engine-Match Wednesday, September 24, 2025 3:52:02 AM
 Blitz 10/5 

Pairing 4/15 :    V7P3R_v10.8  -  C0BR4_v2.9

PGN-File: C:\Program Files (x86)\Arena\Tournaments\Engine Battle 20250923_2.pgn

No:  B/W 1/2     W:B       1:2           Time        Value Moves Dep 1:2       1-2-Draws
   4 B 1    1.0:0.0        2.0:2.0       3:59:10 AM     0.00    47 3.920 :4.000  2-2-0

--------------------------------------------------------------

Engine-Match Wednesday, September 24, 2025 3:59:11 AM
 Blitz 10/5 

Pairing 5/15 :    Stockfish 1%  -  V7P3R_v12.1

PGN-File: C:\Program Files (x86)\Arena\Tournaments\Engine Battle 20250923_2.pgn

No:  B/W 1/2     W:B       1:2           Time        Value Moves Dep 1:2       1-2-Draws
   4 B 1    1.0:0.0        4.0:0.0       4:00:03 AM      -M1    15 26.400 :3.000  4-0-0

--------------------------------------------------------------

Engine-Match Wednesday, September 24, 2025 4:00:04 AM
 Blitz 10/5 

Pairing 6/15 :    Random_Opponent  -  SlowMate_v3.1

PGN-File: C:\Program Files (x86)\Arena\Tournaments\Engine Battle 20250923_2.pgn

No:  B/W 1/2     W:B       1:2           Time        Value Moves Dep 1:2       1-2-Draws
   4 W 2    1.5:0.5        0.5:3.5       4:06:30 AM  +160.03    26 0:4.462  0-3-1

--------------------------------------------------------------

Engine-Match Wednesday, September 24, 2025 4:06:31 AM
 Blitz 10/5 

Pairing 7/15 :    C0BR4_v2.9  -  Stockfish 1%

PGN-File: C:\Program Files (x86)\Arena\Tournaments\Engine Battle 20250923_2.pgn

No:  B/W 1/2     W:B       1:2           Time        Value Moves Dep 1:2       1-2-Draws
   4 W 2    1.0:0.0        0.0:4.0       4:06:53 AM      +M1    24 3.955 :21.043  0-4-0

--------------------------------------------------------------

Engine-Match Wednesday, September 24, 2025 4:06:54 AM
 Blitz 10/5 

Pairing 8/15 :    SlowMate_v3.1  -  V7P3R_v10.8

PGN-File: C:\Program Files (x86)\Arena\Tournaments\Engine Battle 20250923_2.pgn

No:  B/W 1/2     W:B       1:2           Time        Value Moves Dep 1:2       1-2-Draws
   4 W 2    1.5:0.5        0.5:3.5       4:25:32 AM  +289.98    45 3.909 :3.944  0-3-1

--------------------------------------------------------------

Engine-Match Wednesday, September 24, 2025 4:25:33 AM
 Blitz 10/5 

Pairing 9/15 :    V7P3R_v12.1  -  Random_Opponent

PGN-File: C:\Program Files (x86)\Arena\Tournaments\Engine Battle 20250923_2.pgn

No:  B/W 1/2     W:B       1:2           Time        Value Moves Dep 1:2       1-2-Draws
   4 B 1    1.0:0.0        4.0:0.0       4:26:38 AM  -289.96    27 3.160 :0 4-0-0

--------------------------------------------------------------

Engine-Match Wednesday, September 24, 2025 4:26:39 AM
 Blitz 10/5 

Pairing 10/15 :    SlowMate_v3.1  -  C0BR4_v2.9

PGN-File: C:\Program Files (x86)\Arena\Tournaments\Engine Battle 20250923_2.pgn

No:  B/W 1/2     W:B       1:2           Time        Value Moves Dep 1:2       1-2-Draws
   4 W 2    1.0:0.0        2.0:2.0       4:34:09 AM  +299.97    30 3.724 :4.000  2-2-0

--------------------------------------------------------------

Engine-Match Wednesday, September 24, 2025 4:34:11 AM
 Blitz 10/5 

Pairing 11/15 :    Random_Opponent  -  Stockfish 1%

PGN-File: C:\Program Files (x86)\Arena\Tournaments\Engine Battle 20250923_2.pgn

No:  B/W 1/2     W:B       1:2           Time        Value Moves Dep 1:2       1-2-Draws
   4 W 2    1.0:0.0        0.0:4.0       4:34:27 AM      +M1    18 0:26.222  0-4-0

--------------------------------------------------------------

Engine-Match Wednesday, September 24, 2025 4:34:28 AM
 Blitz 10/5 

Pairing 12/15 :    V7P3R_v10.8  -  V7P3R_v12.1

PGN-File: C:\Program Files (x86)\Arena\Tournaments\Engine Battle 20250923_2.pgn

No:  B/W 1/2     W:B       1:2           Time        Value Moves Dep 1:2       1-2-Draws
   4 B 1    1.0:0.0        2.0:2.0       4:42:02 AM     0.00    36 3.593 :2.771  2-2-0

--------------------------------------------------------------

Engine-Match Wednesday, September 24, 2025 4:42:03 AM
 Blitz 10/5 

Pairing 13/15 :    C0BR4_v2.9  -  Random_Opponent

PGN-File: C:\Program Files (x86)\Arena\Tournaments\Engine Battle 20250923_2.pgn

No:  B/W 1/2     W:B       1:2           Time        Value Moves Dep 1:2       1-2-Draws
   4 B 1    1.0:0.0        4.0:0.0       4:42:24 AM  -299.97    21 4.000 :0 4-0-0

--------------------------------------------------------------

Engine-Match Wednesday, September 24, 2025 4:42:25 AM
 Blitz 10/5 

Pairing 14/15 :    V7P3R_v12.1  -  SlowMate_v3.1

PGN-File: C:\Program Files (x86)\Arena\Tournaments\Engine Battle 20250923_2.pgn

No:  B/W 1/2     W:B       1:2           Time        Value Moves Dep 1:2       1-2-Draws
   4 W 2    2.0:1.0        1.0:3.0       4:53:25 AM    +9.67    37 2.500 :3.622  0-2-2

--------------------------------------------------------------

Engine-Match Wednesday, September 24, 2025 4:53:26 AM
 Blitz 10/5 

Pairing 15/15 :    Stockfish 1%  -  V7P3R_v10.8

PGN-File: C:\Program Files (x86)\Arena\Tournaments\Engine Battle 20250923_2.pgn

No:  B/W 1/2     W:B       1:2           Time        Value Moves Dep 1:2       1-2-Draws
   4 B 1    1.0:0.0        4.0:0.0       4:56:13 AM      -M1    17 22.412 :4.000  4-0-0

--------------------------------------------------------------

Engine-Match Wednesday, September 24, 2025 4:56:19 AM
 Blitz 10/5 

Pairing 1/15 :    C0BR4_v2.9  -  V7P3R_v12.1

PGN-File: C:\Program Files (x86)\Arena\Tournaments\Engine Battle 20250923_2.pgn

No:  B/W 1/2     W:B       1:2           Time        Value Moves Dep 1:2       1-2-Draws
   5 = =    1.0:1.0        4.0:1.0       4:58:57 AM    -0.16    39 4.000 :3.158  3-0-2

--------------------------------------------------------------

Engine-Match Wednesday, September 24, 2025 4:58:58 AM
 Blitz 10/5 

Pairing 2/15 :    V7P3R_v10.8  -  Random_Opponent

PGN-File: C:\Program Files (x86)\Arena\Tournaments\Engine Battle 20250923_2.pgn

No:  B/W 1/2     W:B       1:2           Time        Value Moves Dep 1:2       1-2-Draws
   5 W 1    1.0:0.0        5.0:0.0       5:01:14 AM  +289.97    14 4.308 :0 5-0-0

--------------------------------------------------------------

Engine-Match Wednesday, September 24, 2025 5:01:15 AM
 Blitz 10/5 

Pairing 3/15 :    SlowMate_v3.1  -  Stockfish 1%

PGN-File: C:\Program Files (x86)\Arena\Tournaments\Engine Battle 20250923_2.pgn

No:  B/W 1/2     W:B       1:2           Time        Value Moves Dep 1:2       1-2-Draws
   5 B 2    1.0:0.0        0.0:5.0       5:07:08 AM      -M1    23 4.000 :21.682  0-5-0

--------------------------------------------------------------

Engine-Match Wednesday, September 24, 2025 5:07:09 AM
 Blitz 10/5 

Pairing 4/15 :    V7P3R_v10.8  -  C0BR4_v2.9

PGN-File: C:\Program Files (x86)\Arena\Tournaments\Engine Battle 20250923_2.pgn

No:  B/W 1/2     W:B       1:2           Time        Value Moves Dep 1:2       1-2-Draws
   5 W 1    1.0:0.0        3.0:2.0       5:13:37 AM  +289.99    57 3.842 :4.000  3-2-0

--------------------------------------------------------------

Engine-Match Wednesday, September 24, 2025 5:13:39 AM
 Blitz 10/5 

Pairing 5/15 :    Stockfish 1%  -  V7P3R_v12.1

PGN-File: C:\Program Files (x86)\Arena\Tournaments\Engine Battle 20250923_2.pgn

No:  B/W 1/2     W:B       1:2           Time        Value Moves Dep 1:2       1-2-Draws
   5 W 1    1.0:0.0        5.0:0.0       5:14:16 AM   +12.78    10 18.100 :3.000  5-0-0

--------------------------------------------------------------

Engine-Match Wednesday, September 24, 2025 5:14:17 AM
 Blitz 10/5 

Pairing 6/15 :    Random_Opponent  -  SlowMate_v3.1

PGN-File: C:\Program Files (x86)\Arena\Tournaments\Engine Battle 20250923_2.pgn

No:  B/W 1/2     W:B       1:2           Time        Value Moves Dep 1:2       1-2-Draws
   5 B 2    1.5:0.5        0.5:4.5       5:17:16 AM   -65.05    11 0:4.455  0-4-1

--------------------------------------------------------------

Engine-Match Wednesday, September 24, 2025 5:17:18 AM
 Blitz 10/5 

Pairing 7/15 :    C0BR4_v2.9  -  Stockfish 1%

PGN-File: C:\Program Files (x86)\Arena\Tournaments\Engine Battle 20250923_2.pgn

No:  B/W 1/2     W:B       1:2           Time        Value Moves Dep 1:2       1-2-Draws
   5 B 2    1.0:0.0        0.0:5.0       5:17:46 AM   -13.33    27 4.000 :17.500  0-5-0

--------------------------------------------------------------

Engine-Match Wednesday, September 24, 2025 5:17:47 AM
 Blitz 10/5 

Pairing 8/15 :    SlowMate_v3.1  -  V7P3R_v10.8

PGN-File: C:\Program Files (x86)\Arena\Tournaments\Engine Battle 20250923_2.pgn

No:  B/W 1/2     W:B       1:2           Time        Value Moves Dep 1:2       1-2-Draws
   5 W 1    1.5:0.5        1.5:3.5       5:26:41 AM   +39.25    21 3.952 :3.733  1-3-1

--------------------------------------------------------------

Engine-Match Wednesday, September 24, 2025 5:26:42 AM
 Blitz 10/5 

Pairing 9/15 :    V7P3R_v12.1  -  Random_Opponent

PGN-File: C:\Program Files (x86)\Arena\Tournaments\Engine Battle 20250923_2.pgn

No:  B/W 1/2     W:B       1:2           Time        Value Moves Dep 1:2       1-2-Draws
   5 W 1    1.0:0.0        5.0:0.0       5:27:09 AM  +289.97     8 3.375 :0 5-0-0

--------------------------------------------------------------

Engine-Match Wednesday, September 24, 2025 5:27:10 AM
 Blitz 10/5 

Pairing 10/15 :    SlowMate_v3.1  -  C0BR4_v2.9

PGN-File: C:\Program Files (x86)\Arena\Tournaments\Engine Battle 20250923_2.pgn

No:  B/W 1/2     W:B       1:2           Time        Value Moves Dep 1:2       1-2-Draws
   5 = =    0.5:0.5        2.5:2.5       5:35:40 AM    +4.11    36 4.368 :4.000  2-2-1

--------------------------------------------------------------

Engine-Match Wednesday, September 24, 2025 5:35:41 AM
 Blitz 10/5 

Pairing 11/15 :    Random_Opponent  -  Stockfish 1%

PGN-File: C:\Program Files (x86)\Arena\Tournaments\Engine Battle 20250923_2.pgn

No:  B/W 1/2     W:B       1:2           Time        Value Moves Dep 1:2       1-2-Draws
   5 B 2    1.0:0.0        0.0:5.0       5:35:58 AM      -M1    23 0:23.333  0-5-0

--------------------------------------------------------------

Engine-Match Wednesday, September 24, 2025 5:36:00 AM
 Blitz 10/5 

Pairing 12/15 :    V7P3R_v10.8  -  V7P3R_v12.1

PGN-File: C:\Program Files (x86)\Arena\Tournaments\Engine Battle 20250923_2.pgn

No:  B/W 1/2     W:B       1:2           Time        Value Moves Dep 1:2       1-2-Draws
   5 W 1    1.0:0.0        3.0:2.0       5:39:41 AM   +28.12    21 4.200 :3.200  3-2-0

--------------------------------------------------------------

Engine-Match Wednesday, September 24, 2025 5:39:43 AM
 Blitz 10/5 

Pairing 13/15 :    C0BR4_v2.9  -  Random_Opponent

PGN-File: C:\Program Files (x86)\Arena\Tournaments\Engine Battle 20250923_2.pgn

No:  B/W 1/2     W:B       1:2           Time        Value Moves Dep 1:2       1-2-Draws
   5 W 1    1.0:0.0        5.0:0.0       5:39:47 AM  +299.97     5 3.333 :0 5-0-0

--------------------------------------------------------------

Engine-Match Wednesday, September 24, 2025 5:39:48 AM
 Blitz 10/5 

Pairing 14/15 :    V7P3R_v12.1  -  SlowMate_v3.1

PGN-File: C:\Program Files (x86)\Arena\Tournaments\Engine Battle 20250923_2.pgn

No:  B/W 1/2     W:B       1:2           Time        Value Moves Dep 1:2       1-2-Draws
   5 = =    1.5:1.5        1.5:3.5       5:48:43 AM    -2.56    30 3.133 :4.071  0-2-3

--------------------------------------------------------------

Engine-Match Wednesday, September 24, 2025 5:48:44 AM
 Blitz 10/5 

Pairing 15/15 :    Stockfish 1%  -  V7P3R_v10.8

PGN-File: C:\Program Files (x86)\Arena\Tournaments\Engine Battle 20250923_2.pgn

No:  B/W 1/2     W:B       1:2           Time        Value Moves Dep 1:2       1-2-Draws
   5 W 1    1.0:0.0        5.0:0.0       5:51:46 AM      +M1    22 21.700 :4.286  5-0-0

--------------------------------------------------------------

Engine-Match Wednesday, September 24, 2025 5:51:48 AM
 Blitz 10/5 

Pairing 1/15 :    C0BR4_v2.9  -  V7P3R_v12.1

PGN-File: C:\Program Files (x86)\Arena\Tournaments\Engine Battle 20250923_2.pgn

No:  B/W 1/2     W:B       1:2           Time        Value Moves Dep 1:2       1-2-Draws
   6 B 1    2.0:1.0        5.0:1.0       5:53:28 AM  -289.95    23 4.000 :3.045  4-0-2

--------------------------------------------------------------

Engine-Match Wednesday, September 24, 2025 5:53:29 AM
 Blitz 10/5 

Pairing 2/15 :    V7P3R_v10.8  -  Random_Opponent

PGN-File: C:\Program Files (x86)\Arena\Tournaments\Engine Battle 20250923_2.pgn

No:  B/W 1/2     W:B       1:2           Time        Value Moves Dep 1:2       1-2-Draws
   6 B 1    1.0:0.0        6.0:0.0       5:56:35 AM  -289.98    19 4.294 :0 6-0-0

--------------------------------------------------------------

Engine-Match Wednesday, September 24, 2025 5:56:36 AM
 Blitz 10/5 

Pairing 3/15 :    SlowMate_v3.1  -  Stockfish 1%

PGN-File: C:\Program Files (x86)\Arena\Tournaments\Engine Battle 20250923_2.pgn

No:  B/W 1/2     W:B       1:2           Time        Value Moves Dep 1:2       1-2-Draws
   6 W 2    1.0:0.0        0.0:6.0       6:04:42 AM      +M1    35 4.412 :17.783  0-6-0

--------------------------------------------------------------

Engine-Match Wednesday, September 24, 2025 6:04:43 AM
 Blitz 10/5 

Pairing 4/15 :    V7P3R_v10.8  -  C0BR4_v2.9

PGN-File: C:\Program Files (x86)\Arena\Tournaments\Engine Battle 20250923_2.pgn

No:  B/W 1/2     W:B       1:2           Time        Value Moves Dep 1:2       1-2-Draws
   6 W 2    1.0:0.0        3.0:3.0       6:09:21 AM  +299.97    32 3.905 :4.000  3-3-0

--------------------------------------------------------------

Engine-Match Wednesday, September 24, 2025 6:09:22 AM
 Blitz 10/5 

Pairing 5/15 :    Stockfish 1%  -  V7P3R_v12.1

PGN-File: C:\Program Files (x86)\Arena\Tournaments\Engine Battle 20250923_2.pgn

No:  B/W 1/2     W:B       1:2           Time        Value Moves Dep 1:2       1-2-Draws
   6 B 1    1.0:0.0        6.0:0.0       6:10:19 AM      -M1    15 26.533 :3.067  6-0-0

--------------------------------------------------------------

Engine-Match Wednesday, September 24, 2025 6:10:26 AM
 Blitz 10/5 

Pairing 6/15 :    Random_Opponent  -  SlowMate_v3.1

PGN-File: C:\Program Files (x86)\Arena\Tournaments\Engine Battle 20250923_2.pgn

No:  B/W 1/2     W:B       1:2           Time        Value Moves Dep 1:2       1-2-Draws
   6 W 2    1.5:0.5        0.5:5.5       6:16:49 AM   +73.06    26 0:4.423  0-5-1

--------------------------------------------------------------

Engine-Match Wednesday, September 24, 2025 6:16:50 AM
 Blitz 10/5 

Pairing 7/15 :    C0BR4_v2.9  -  Stockfish 1%

PGN-File: C:\Program Files (x86)\Arena\Tournaments\Engine Battle 20250923_2.pgn

No:  B/W 1/2     W:B       1:2           Time        Value Moves Dep 1:2       1-2-Draws
   6 W 2    1.0:0.0        0.0:6.0       6:17:12 AM      +M1    23 3.952 :21.783  0-6-0

--------------------------------------------------------------

Engine-Match Wednesday, September 24, 2025 6:17:13 AM
 Blitz 10/5 

Pairing 8/15 :    SlowMate_v3.1  -  V7P3R_v10.8

PGN-File: C:\Program Files (x86)\Arena\Tournaments\Engine Battle 20250923_2.pgn

No:  B/W 1/2     W:B       1:2           Time        Value Moves Dep 1:2       1-2-Draws
   6 W 2    1.5:0.5        1.5:4.5       6:36:01 AM  +289.98    45 3.909 :3.944  1-4-1

--------------------------------------------------------------

Engine-Match Wednesday, September 24, 2025 6:36:02 AM
 Blitz 10/5 

Pairing 9/15 :    V7P3R_v12.1  -  Random_Opponent

PGN-File: C:\Program Files (x86)\Arena\Tournaments\Engine Battle 20250923_2.pgn

No:  B/W 1/2     W:B       1:2           Time        Value Moves Dep 1:2       1-2-Draws
   6 B 1    1.0:0.0        6.0:0.0       6:37:06 AM  -289.96    20 3.158 :0 6-0-0

--------------------------------------------------------------

Engine-Match Wednesday, September 24, 2025 6:37:07 AM
 Blitz 10/5 

Pairing 10/15 :    SlowMate_v3.1  -  C0BR4_v2.9

PGN-File: C:\Program Files (x86)\Arena\Tournaments\Engine Battle 20250923_2.pgn

No:  B/W 1/2     W:B       1:2           Time        Value Moves Dep 1:2       1-2-Draws
   6 = =    1.0:1.0        3.0:3.0       6:44:51 AM    -0.04    32 4.742 :4.000  2-2-2

--------------------------------------------------------------

Engine-Match Wednesday, September 24, 2025 6:44:52 AM
 Blitz 10/5 

Pairing 11/15 :    Random_Opponent  -  Stockfish 1%

PGN-File: C:\Program Files (x86)\Arena\Tournaments\Engine Battle 20250923_2.pgn

No:  B/W 1/2     W:B       1:2           Time        Value Moves Dep 1:2       1-2-Draws
   6 W 2    1.0:0.0        0.0:6.0       6:45:05 AM      +M1    15 0:24.867  0-6-0

--------------------------------------------------------------

Engine-Match Wednesday, September 24, 2025 6:45:06 AM
 Blitz 10/5 

Pairing 12/15 :    V7P3R_v10.8  -  V7P3R_v12.1

PGN-File: C:\Program Files (x86)\Arena\Tournaments\Engine Battle 20250923_2.pgn

No:  B/W 1/2     W:B       1:2           Time        Value Moves Dep 1:2       1-2-Draws
   6 B 1    1.0:0.0        4.0:2.0       6:49:11 AM   -21.41    23 3.600 :3.000  4-2-0

--------------------------------------------------------------

Engine-Match Wednesday, September 24, 2025 6:49:12 AM
 Blitz 10/5 

Pairing 13/15 :    C0BR4_v2.9  -  Random_Opponent

PGN-File: C:\Program Files (x86)\Arena\Tournaments\Engine Battle 20250923_2.pgn

No:  B/W 1/2     W:B       1:2           Time        Value Moves Dep 1:2       1-2-Draws
   6 B 1    1.0:0.0        6.0:0.0       6:49:19 AM  -299.97    10 3.750 :0 6-0-0

--------------------------------------------------------------

Engine-Match Wednesday, September 24, 2025 6:49:20 AM
 Blitz 10/5 

Pairing 14/15 :    V7P3R_v12.1  -  SlowMate_v3.1

PGN-File: C:\Program Files (x86)\Arena\Tournaments\Engine Battle 20250923_2.pgn

No:  B/W 1/2     W:B       1:2           Time        Value Moves Dep 1:2       1-2-Draws
   6 = =    2.0:2.0        2.0:4.0       7:00:14 AM     0.00    38 2.556 :3.474  0-2-4

--------------------------------------------------------------

Engine-Match Wednesday, September 24, 2025 7:00:15 AM
 Blitz 10/5 

Pairing 15/15 :    Stockfish 1%  -  V7P3R_v10.8

PGN-File: C:\Program Files (x86)\Arena\Tournaments\Engine Battle 20250923_2.pgn

No:  B/W 1/2     W:B       1:2           Time        Value Moves Dep 1:2       1-2-Draws
   6 B 1    1.0:0.0        6.0:0.0       7:03:01 AM      -M1    17 22.471 :4.000  6-0-0

--------------------------------------------------------------

Engine-Match Wednesday, September 24, 2025 7:03:02 AM
 Blitz 10/5 

Pairing 1/15 :    C0BR4_v2.9  -  V7P3R_v12.1

PGN-File: C:\Program Files (x86)\Arena\Tournaments\Engine Battle 20250923_2.pgn

No:  B/W 1/2     W:B       1:2           Time        Value Moves Dep 1:2       1-2-Draws
   7 W 1    2.0:1.0        6.0:1.0       7:05:26 AM   +23.23    49 4.000 :3.217  5-0-2

--------------------------------------------------------------

Engine-Match Wednesday, September 24, 2025 7:05:28 AM
 Blitz 10/5 

Pairing 2/15 :    V7P3R_v10.8  -  Random_Opponent

PGN-File: C:\Program Files (x86)\Arena\Tournaments\Engine Battle 20250923_2.pgn

No:  B/W 1/2     W:B       1:2           Time        Value Moves Dep 1:2       1-2-Draws
   7 W 1    1.0:0.0        7.0:0.0       7:06:15 AM     0.00     5 4.500 :0 7-0-0

--------------------------------------------------------------

Engine-Match Wednesday, September 24, 2025 7:06:16 AM
 Blitz 10/5 

Pairing 3/15 :    SlowMate_v3.1  -  Stockfish 1%

PGN-File: C:\Program Files (x86)\Arena\Tournaments\Engine Battle 20250923_2.pgn

No:  B/W 1/2     W:B       1:2           Time        Value Moves Dep 1:2       1-2-Draws
   7 B 2    1.0:0.0        0.0:7.0       7:12:10 AM      -M1    23 3.913 :20.864  0-7-0

--------------------------------------------------------------

Engine-Match Wednesday, September 24, 2025 7:12:11 AM
 Blitz 10/5 

Pairing 4/15 :    V7P3R_v10.8  -  C0BR4_v2.9

PGN-File: C:\Program Files (x86)\Arena\Tournaments\Engine Battle 20250923_2.pgn

No:  B/W 1/2     W:B       1:2           Time        Value Moves Dep 1:2       1-2-Draws
   7 = =    0.5:0.5        3.5:3.5       7:16:00 AM    -8.66    23 4.111 :4.000  3-3-1

--------------------------------------------------------------

Engine-Match Wednesday, September 24, 2025 7:16:01 AM
 Blitz 10/5 

Pairing 5/15 :    Stockfish 1%  -  V7P3R_v12.1

PGN-File: C:\Program Files (x86)\Arena\Tournaments\Engine Battle 20250923_2.pgn

No:  B/W 1/2     W:B       1:2           Time        Value Moves Dep 1:2       1-2-Draws
   7 W 1    1.0:0.0        7.0:0.0       7:16:38 AM   +14.35    10 18.000 :3.000  7-0-0

--------------------------------------------------------------

Engine-Match Wednesday, September 24, 2025 7:16:39 AM
 Blitz 10/5 

Pairing 6/15 :    Random_Opponent  -  SlowMate_v3.1

PGN-File: C:\Program Files (x86)\Arena\Tournaments\Engine Battle 20250923_2.pgn

No:  B/W 1/2     W:B       1:2           Time        Value Moves Dep 1:2       1-2-Draws
   7 B 2    1.5:0.5        0.5:6.5       7:18:57 AM  -127.24     8 0:3.625  0-6-1

--------------------------------------------------------------

Engine-Match Wednesday, September 24, 2025 7:18:58 AM
 Blitz 10/5 

Pairing 7/15 :    C0BR4_v2.9  -  Stockfish 1%

PGN-File: C:\Program Files (x86)\Arena\Tournaments\Engine Battle 20250923_2.pgn

No:  B/W 1/2     W:B       1:2           Time        Value Moves Dep 1:2       1-2-Draws
   7 B 2    1.0:0.0        0.0:7.0       7:19:30 AM      -M1    34 4.000 :17.720  0-7-0

--------------------------------------------------------------

Engine-Match Wednesday, September 24, 2025 7:19:31 AM
 Blitz 10/5 

Pairing 8/15 :    SlowMate_v3.1  -  V7P3R_v10.8

PGN-File: C:\Program Files (x86)\Arena\Tournaments\Engine Battle 20250923_2.pgn

No:  B/W 1/2     W:B       1:2           Time        Value Moves Dep 1:2       1-2-Draws
   7 B 2    1.5:0.5        1.5:5.5       7:33:48 AM   -17.50    41 4.077 :3.950  1-5-1

--------------------------------------------------------------

Engine-Match Wednesday, September 24, 2025 7:33:49 AM
 Blitz 10/5 

Pairing 9/15 :    V7P3R_v12.1  -  Random_Opponent

PGN-File: C:\Program Files (x86)\Arena\Tournaments\Engine Battle 20250923_2.pgn

No:  B/W 1/2     W:B       1:2           Time        Value Moves Dep 1:2       1-2-Draws
   7 W 1    1.0:0.0        7.0:0.0       7:35:24 AM  +289.96    26 2.885 :0 7-0-0

--------------------------------------------------------------

Engine-Match Wednesday, September 24, 2025 7:35:26 AM
 Blitz 10/5 

Pairing 10/15 :    SlowMate_v3.1  -  C0BR4_v2.9

PGN-File: C:\Program Files (x86)\Arena\Tournaments\Engine Battle 20250923_2.pgn

No:  B/W 1/2     W:B       1:2           Time        Value Moves Dep 1:2       1-2-Draws
   7 B 2    2.0:1.0        3.0:4.0       7:40:53 AM  -299.97    21 4.095 :3.895  2-3-2

--------------------------------------------------------------

Engine-Match Wednesday, September 24, 2025 7:41:00 AM
 Blitz 10/5 

Pairing 11/15 :    Random_Opponent  -  Stockfish 1%

PGN-File: C:\Program Files (x86)\Arena\Tournaments\Engine Battle 20250923_2.pgn

No:  B/W 1/2     W:B       1:2           Time        Value Moves Dep 1:2       1-2-Draws
   7 B 2    1.0:0.0        0.0:7.0       7:41:05 AM      -M1     4 0:33.000  0-7-0

--------------------------------------------------------------

Engine-Match Wednesday, September 24, 2025 7:41:06 AM
 Blitz 10/5 

Pairing 12/15 :    V7P3R_v10.8  -  V7P3R_v12.1

PGN-File: C:\Program Files (x86)\Arena\Tournaments\Engine Battle 20250923_2.pgn

No:  B/W 1/2     W:B       1:2           Time        Value Moves Dep 1:2       1-2-Draws
   7 W 1    1.0:0.0        5.0:2.0       7:44:46 AM   +28.12    21 4.200 :3.200  5-2-0

--------------------------------------------------------------

Engine-Match Wednesday, September 24, 2025 7:44:47 AM
 Blitz 10/5 

Pairing 13/15 :    C0BR4_v2.9  -  Random_Opponent

PGN-File: C:\Program Files (x86)\Arena\Tournaments\Engine Battle 20250923_2.pgn

No:  B/W 1/2     W:B       1:2           Time        Value Moves Dep 1:2       1-2-Draws
   7 W 1    1.0:0.0        7.0:0.0       7:44:52 AM  +299.97     5 3.500 :0 7-0-0

--------------------------------------------------------------

Engine-Match Wednesday, September 24, 2025 7:44:53 AM
 Blitz 10/5 

Pairing 14/15 :    V7P3R_v12.1  -  SlowMate_v3.1

PGN-File: C:\Program Files (x86)\Arena\Tournaments\Engine Battle 20250923_2.pgn

No:  B/W 1/2     W:B       1:2           Time        Value Moves Dep 1:2       1-2-Draws
   7 = =    2.5:2.5        2.5:4.5       7:53:47 AM    -2.56    30 3.133 :4.071  0-2-5

--------------------------------------------------------------

Engine-Match Wednesday, September 24, 2025 7:53:48 AM
 Blitz 10/5 

Pairing 15/15 :    Stockfish 1%  -  V7P3R_v10.8

PGN-File: C:\Program Files (x86)\Arena\Tournaments\Engine Battle 20250923_2.pgn

No:  B/W 1/2     W:B       1:2           Time        Value Moves Dep 1:2       1-2-Draws
   7 W 1    1.0:0.0        7.0:0.0       7:55:46 AM      +M1    19 25.556 :4.300  7-0-0

--------------------------------------------------------------

Engine-Match Wednesday, September 24, 2025 7:55:47 AM
 Blitz 10/5 

Pairing 1/15 :    C0BR4_v2.9  -  V7P3R_v12.1

PGN-File: C:\Program Files (x86)\Arena\Tournaments\Engine Battle 20250923_2.pgn

No:  B/W 1/2     W:B       1:2           Time        Value Moves Dep 1:2       1-2-Draws
   8 B 1    2.0:1.0        7.0:1.0       7:58:08 AM  -299.97    39 4.000 :3.250  6-0-2

--------------------------------------------------------------

Engine-Match Wednesday, September 24, 2025 7:58:09 AM
 Blitz 10/5 

Pairing 2/15 :    V7P3R_v10.8  -  Random_Opponent

PGN-File: C:\Program Files (x86)\Arena\Tournaments\Engine Battle 20250923_2.pgn

No:  B/W 1/2     W:B       1:2           Time        Value Moves Dep 1:2       1-2-Draws
   8 B 1    1.0:0.0        8.0:0.0       8:02:13 AM     0.00    25 4.300 :0 8-0-0

--------------------------------------------------------------

Engine-Match Wednesday, September 24, 2025 8:02:14 AM
 Blitz 10/5 

Pairing 3/15 :    SlowMate_v3.1  -  Stockfish 1%

PGN-File: C:\Program Files (x86)\Arena\Tournaments\Engine Battle 20250923_2.pgn

No:  B/W 1/2     W:B       1:2           Time        Value Moves Dep 1:2       1-2-Draws
   8 W 2    1.0:0.0        0.0:8.0       8:07:34 AM      +M1    21 4.350 :23.263  0-8-0

--------------------------------------------------------------

Engine-Match Wednesday, September 24, 2025 8:07:35 AM
 Blitz 10/5 

Pairing 4/15 :    V7P3R_v10.8  -  C0BR4_v2.9

PGN-File: C:\Program Files (x86)\Arena\Tournaments\Engine Battle 20250923_2.pgn

No:  B/W 1/2     W:B       1:2           Time        Value Moves Dep 1:2       1-2-Draws
   8 W 2    1.5:0.5        3.5:4.5       8:11:25 AM  +299.97    32 3.810 :3.933  3-4-1

--------------------------------------------------------------

Engine-Match Wednesday, September 24, 2025 8:11:26 AM
 Blitz 10/5 

Pairing 5/15 :    Stockfish 1%  -  V7P3R_v12.1

PGN-File: C:\Program Files (x86)\Arena\Tournaments\Engine Battle 20250923_2.pgn

No:  B/W 1/2     W:B       1:2           Time        Value Moves Dep 1:2       1-2-Draws
   8 B 1    1.0:0.0        8.0:0.0       8:12:27 AM      -M1    16 26.000 :3.267  8-0-0

--------------------------------------------------------------

Engine-Match Wednesday, September 24, 2025 8:12:28 AM
 Blitz 10/5 

Pairing 6/15 :    Random_Opponent  -  SlowMate_v3.1

PGN-File: C:\Program Files (x86)\Arena\Tournaments\Engine Battle 20250923_2.pgn

No:  B/W 1/2     W:B       1:2           Time        Value Moves Dep 1:2       1-2-Draws
   8 W 2    1.5:0.5        0.5:7.5       8:17:11 AM  +185.28    18 0:4.167  0-7-1

--------------------------------------------------------------

Engine-Match Wednesday, September 24, 2025 8:17:12 AM
 Blitz 10/5 

Pairing 7/15 :    C0BR4_v2.9  -  Stockfish 1%

PGN-File: C:\Program Files (x86)\Arena\Tournaments\Engine Battle 20250923_2.pgn

No:  B/W 1/2     W:B       1:2           Time        Value Moves Dep 1:2       1-2-Draws
   8 W 2    1.0:0.0        0.0:8.0       8:17:31 AM      +M1    19 3.941 :20.944  0-8-0

--------------------------------------------------------------

Engine-Match Wednesday, September 24, 2025 8:17:32 AM
 Blitz 10/5 

Pairing 8/15 :    SlowMate_v3.1  -  V7P3R_v10.8

PGN-File: C:\Program Files (x86)\Arena\Tournaments\Engine Battle 20250923_2.pgn

No:  B/W 1/2     W:B       1:2           Time        Value Moves Dep 1:2       1-2-Draws
   8 W 2    1.5:0.5        1.5:6.5       8:42:01 AM     0.00    73 3.897 :3.731  1-6-1

--------------------------------------------------------------

Engine-Match Wednesday, September 24, 2025 8:42:02 AM
 Blitz 10/5 

Pairing 9/15 :    V7P3R_v12.1  -  Random_Opponent

PGN-File: C:\Program Files (x86)\Arena\Tournaments\Engine Battle 20250923_2.pgn

No:  B/W 1/2     W:B       1:2           Time        Value Moves Dep 1:2       1-2-Draws
   8 B 1    1.0:0.0        8.0:0.0       8:42:24 AM  -289.96     7 2.714 :0 8-0-0

--------------------------------------------------------------

Engine-Match Wednesday, September 24, 2025 8:42:26 AM
 Blitz 10/5 

Pairing 10/15 :    SlowMate_v3.1  -  C0BR4_v2.9

PGN-File: C:\Program Files (x86)\Arena\Tournaments\Engine Battle 20250923_2.pgn

No:  B/W 1/2     W:B       1:2           Time        Value Moves Dep 1:2       1-2-Draws
   8 W 2    2.0:1.0        3.0:5.0       8:44:29 AM  +299.97     8 4.143 :3.667  2-4-2

--------------------------------------------------------------

Engine-Match Wednesday, September 24, 2025 8:44:30 AM
 Blitz 10/5 

Pairing 11/15 :    Random_Opponent  -  Stockfish 1%

PGN-File: C:\Program Files (x86)\Arena\Tournaments\Engine Battle 20250923_2.pgn

No:  B/W 1/2     W:B       1:2           Time        Value Moves Dep 1:2       1-2-Draws
   8 W 2    1.0:0.0        0.0:8.0       8:44:39 AM      +M1     9 0:24.000  0-8-0

--------------------------------------------------------------

Engine-Match Wednesday, September 24, 2025 8:44:40 AM
 Blitz 10/5 

Pairing 12/15 :    V7P3R_v10.8  -  V7P3R_v12.1

PGN-File: C:\Program Files (x86)\Arena\Tournaments\Engine Battle 20250923_2.pgn

No:  B/W 1/2     W:B       1:2           Time        Value Moves Dep 1:2       1-2-Draws
   8 B 1    1.0:0.0        6.0:2.0       8:52:54 AM  -289.99    49 3.875 :3.042  6-2-0

--------------------------------------------------------------

Engine-Match Wednesday, September 24, 2025 8:52:56 AM
 Blitz 10/5 

Pairing 13/15 :    C0BR4_v2.9  -  Random_Opponent

PGN-File: C:\Program Files (x86)\Arena\Tournaments\Engine Battle 20250923_2.pgn

No:  B/W 1/2     W:B       1:2           Time        Value Moves Dep 1:2       1-2-Draws
   8 B 1    1.0:0.0        8.0:0.0       8:53:11 AM  -299.97    20 4.000 :0 8-0-0

--------------------------------------------------------------

Engine-Match Wednesday, September 24, 2025 8:53:12 AM
 Blitz 10/5 

Pairing 14/15 :    V7P3R_v12.1  -  SlowMate_v3.1

PGN-File: C:\Program Files (x86)\Arena\Tournaments\Engine Battle 20250923_2.pgn

No:  B/W 1/2     W:B       1:2           Time        Value Moves Dep 1:2       1-2-Draws
   8 W 2    3.5:2.5        2.5:5.5       9:04:29 AM    +9.67    37 2.556 :3.595  0-3-5

--------------------------------------------------------------

Engine-Match Wednesday, September 24, 2025 9:04:30 AM
 Blitz 10/5 

Pairing 15/15 :    Stockfish 1%  -  V7P3R_v10.8

PGN-File: C:\Program Files (x86)\Arena\Tournaments\Engine Battle 20250923_2.pgn

No:  B/W 1/2     W:B       1:2           Time        Value Moves Dep 1:2       1-2-Draws
   8 B 1    1.0:0.0        8.0:0.0       9:07:20 AM      -M1    17 19.294 :4.083  8-0-0

--------------------------------------------------------------

Engine-Match Wednesday, September 24, 2025 9:07:26 AM
 Blitz 10/5 

Pairing 1/15 :    C0BR4_v2.9  -  V7P3R_v12.1

PGN-File: C:\Program Files (x86)\Arena\Tournaments\Engine Battle 20250923_2.pgn

No:  B/W 1/2     W:B       1:2           Time        Value Moves Dep 1:2       1-2-Draws
   9 = =    1.5:1.5        7.5:1.5       9:10:05 AM    -0.16    39 4.000 :3.211  6-0-3

--------------------------------------------------------------

Engine-Match Wednesday, September 24, 2025 9:10:06 AM
 Blitz 10/5 

Pairing 2/15 :    V7P3R_v10.8  -  Random_Opponent

PGN-File: C:\Program Files (x86)\Arena\Tournaments\Engine Battle 20250923_2.pgn

No:  B/W 1/2     W:B       1:2           Time        Value Moves Dep 1:2       1-2-Draws
   9 W 1    1.0:0.0        9.0:0.0       9:11:17 AM  +289.98     6 4.400 :0 9-0-0

--------------------------------------------------------------

Engine-Match Wednesday, September 24, 2025 9:11:18 AM
 Blitz 10/5 

Pairing 3/15 :    SlowMate_v3.1  -  Stockfish 1%

PGN-File: C:\Program Files (x86)\Arena\Tournaments\Engine Battle 20250923_2.pgn

No:  B/W 1/2     W:B       1:2           Time        Value Moves Dep 1:2       1-2-Draws
   9 B 2    1.0:0.0        0.0:9.0       9:16:07 AM      -M1    18 3.944 :22.500  0-9-0

--------------------------------------------------------------

Engine-Match Wednesday, September 24, 2025 9:16:08 AM
 Blitz 10/5 

Pairing 4/15 :    V7P3R_v10.8  -  C0BR4_v2.9

PGN-File: C:\Program Files (x86)\Arena\Tournaments\Engine Battle 20250923_2.pgn

No:  B/W 1/2     W:B       1:2           Time        Value Moves Dep 1:2       1-2-Draws
   9 W 1    1.5:0.5        4.5:4.5       9:23:44 AM     0.00    55 3.727 :4.000  4-4-1

--------------------------------------------------------------

Engine-Match Wednesday, September 24, 2025 9:23:46 AM
 Blitz 10/5 

Pairing 5/15 :    Stockfish 1%  -  V7P3R_v12.1

PGN-File: C:\Program Files (x86)\Arena\Tournaments\Engine Battle 20250923_2.pgn

No:  B/W 1/2     W:B       1:2           Time        Value Moves Dep 1:2       1-2-Draws
   9 W 1    1.0:0.0        9.0:0.0       9:24:24 AM   +13.78    10 17.600 :3.000  9-0-0

--------------------------------------------------------------

Engine-Match Wednesday, September 24, 2025 9:24:25 AM
 Blitz 10/5 

Pairing 6/15 :    Random_Opponent  -  SlowMate_v3.1

PGN-File: C:\Program Files (x86)\Arena\Tournaments\Engine Battle 20250923_2.pgn

No:  B/W 1/2     W:B       1:2           Time        Value Moves Dep 1:2       1-2-Draws
   9 B 2    1.5:0.5        0.5:8.5       9:28:12 AM  -176.52    14 0:3.857  0-8-1

--------------------------------------------------------------

Engine-Match Wednesday, September 24, 2025 9:28:13 AM
 Blitz 10/5 

Pairing 7/15 :    C0BR4_v2.9  -  Stockfish 1%

PGN-File: C:\Program Files (x86)\Arena\Tournaments\Engine Battle 20250923_2.pgn

No:  B/W 1/2     W:B       1:2           Time        Value Moves Dep 1:2       1-2-Draws
   9 B 2    1.0:0.0        0.0:9.0       9:28:36 AM   -12.94    23 4.000 :21.545  0-9-0

--------------------------------------------------------------

Engine-Match Wednesday, September 24, 2025 9:28:37 AM
 Blitz 10/5 

Pairing 8/15 :    SlowMate_v3.1  -  V7P3R_v10.8

PGN-File: C:\Program Files (x86)\Arena\Tournaments\Engine Battle 20250923_2.pgn

No:  B/W 1/2     W:B       1:2           Time        Value Moves Dep 1:2       1-2-Draws
   9 = =    1.0:1.0        2.0:7.0       9:46:02 AM    +1.81    54 4.433 :3.957  1-6-2

--------------------------------------------------------------

Engine-Match Wednesday, September 24, 2025 9:46:03 AM
 Blitz 10/5 

Pairing 9/15 :    V7P3R_v12.1  -  Random_Opponent

PGN-File: C:\Program Files (x86)\Arena\Tournaments\Engine Battle 20250923_2.pgn

No:  B/W 1/2     W:B       1:2           Time        Value Moves Dep 1:2       1-2-Draws
   9 W 1    1.0:0.0        9.0:0.0       9:47:07 AM  +289.96    22 3.048 :0 9-0-0

--------------------------------------------------------------

Engine-Match Wednesday, September 24, 2025 9:47:08 AM
 Blitz 10/5 

Pairing 10/15 :    SlowMate_v3.1  -  C0BR4_v2.9

PGN-File: C:\Program Files (x86)\Arena\Tournaments\Engine Battle 20250923_2.pgn

No:  B/W 1/2     W:B       1:2           Time        Value Moves Dep 1:2       1-2-Draws
   9 B 2    2.0:1.0        3.0:6.0       9:54:42 AM  -299.97    30 4.033 :3.929  2-5-2

--------------------------------------------------------------

Engine-Match Wednesday, September 24, 2025 9:54:43 AM
 Blitz 10/5 

Pairing 11/15 :    Random_Opponent  -  Stockfish 1%

PGN-File: C:\Program Files (x86)\Arena\Tournaments\Engine Battle 20250923_2.pgn

No:  B/W 1/2     W:B       1:2           Time        Value Moves Dep 1:2       1-2-Draws
   9 B 2    1.0:0.0        0.0:9.0       9:54:55 AM      -M1    12 0:26.083  0-9-0

--------------------------------------------------------------

Engine-Match Wednesday, September 24, 2025 9:54:57 AM
 Blitz 10/5 

Pairing 12/15 :    V7P3R_v10.8  -  V7P3R_v12.1

PGN-File: C:\Program Files (x86)\Arena\Tournaments\Engine Battle 20250923_2.pgn

No:  B/W 1/2     W:B       1:2           Time        Value Moves Dep 1:2       1-2-Draws
   9 W 1    1.0:0.0        7.0:2.0       10:00:52 AM  +289.99    38 3.733 :3.000  7-2-0

--------------------------------------------------------------

Engine-Match Wednesday, September 24, 2025 10:00:54 AM
 Blitz 10/5 

Pairing 13/15 :    C0BR4_v2.9  -  Random_Opponent

PGN-File: C:\Program Files (x86)\Arena\Tournaments\Engine Battle 20250923_2.pgn

No:  B/W 1/2     W:B       1:2           Time        Value Moves Dep 1:2       1-2-Draws
   9 W 1    1.0:0.0        9.0:0.0       10:01:05 AM  +299.97    15 3.846 :0 9-0-0

--------------------------------------------------------------

Engine-Match Wednesday, September 24, 2025 10:01:07 AM
 Blitz 10/5 

Pairing 14/15 :    V7P3R_v12.1  -  SlowMate_v3.1

PGN-File: C:\Program Files (x86)\Arena\Tournaments\Engine Battle 20250923_2.pgn

No:  B/W 1/2     W:B       1:2           Time        Value Moves Dep 1:2       1-2-Draws
   9 = =    3.0:3.0        3.0:6.0       10:09:59 AM    -2.56    30 3.133 :4.143  0-3-6

--------------------------------------------------------------

Engine-Match Wednesday, September 24, 2025 10:10:01 AM
 Blitz 10/5 

Pairing 15/15 :    Stockfish 1%  -  V7P3R_v10.8

PGN-File: C:\Program Files (x86)\Arena\Tournaments\Engine Battle 20250923_2.pgn

No:  B/W 1/2     W:B       1:2           Time        Value Moves Dep 1:2       1-2-Draws
   9 W 1    1.0:0.0        9.0:0.0       10:14:41 AM   +11.32    33 18.100 :4.071  9-0-0

--------------------------------------------------------------

Engine-Match Wednesday, September 24, 2025 10:14:42 AM
 Blitz 10/5 

Pairing 1/15 :    C0BR4_v2.9  -  V7P3R_v12.1

PGN-File: C:\Program Files (x86)\Arena\Tournaments\Engine Battle 20250923_2.pgn

No:  B/W 1/2     W:B       1:2           Time        Value Moves Dep 1:2       1-2-Draws
  10 = =    2.0:2.0        8.0:2.0       10:17:20 AM    -8.13    33 4.000 :3.032  6-0-4

--------------------------------------------------------------

Engine-Match Wednesday, September 24, 2025 10:17:21 AM
 Blitz 10/5 

Pairing 2/15 :    V7P3R_v10.8  -  Random_Opponent

PGN-File: C:\Program Files (x86)\Arena\Tournaments\Engine Battle 20250923_2.pgn

No:  B/W 1/2     W:B       1:2           Time        Value Moves Dep 1:2       1-2-Draws
  10 B 1    1.0:0.0        10.0:0.0      10:19:43 AM  -289.97    14 4.083 :0 10-0-0

--------------------------------------------------------------

Engine-Match Wednesday, September 24, 2025 10:19:44 AM
 Blitz 10/5 

Pairing 3/15 :    SlowMate_v3.1  -  Stockfish 1%

PGN-File: C:\Program Files (x86)\Arena\Tournaments\Engine Battle 20250923_2.pgn

No:  B/W 1/2     W:B       1:2           Time        Value Moves Dep 1:2       1-2-Draws
  10 W 2    1.0:0.0        0.0:10.0      10:25:24 AM      +M1    23 4.364 :18.727  0-10-0

--------------------------------------------------------------

Engine-Match Wednesday, September 24, 2025 10:25:25 AM
 Blitz 10/5 

Pairing 4/15 :    V7P3R_v10.8  -  C0BR4_v2.9

PGN-File: C:\Program Files (x86)\Arena\Tournaments\Engine Battle 20250923_2.pgn

No:  B/W 1/2     W:B       1:2           Time        Value Moves Dep 1:2       1-2-Draws
  10 = =    1.0:1.0        5.0:5.0       10:35:21 AM    -5.24    87 4.074 :4.000  4-4-2

--------------------------------------------------------------

Engine-Match Wednesday, September 24, 2025 10:35:22 AM
 Blitz 10/5 

Pairing 5/15 :    Stockfish 1%  -  V7P3R_v12.1

PGN-File: C:\Program Files (x86)\Arena\Tournaments\Engine Battle 20250923_2.pgn

No:  B/W 1/2     W:B       1:2           Time        Value Moves Dep 1:2       1-2-Draws
  10 B 1    1.0:0.0        10.0:0.0      10:36:19 AM      -M1    16 25.375 :3.357  10-0-0

--------------------------------------------------------------

Engine-Match Wednesday, September 24, 2025 10:36:25 AM
 Blitz 10/5 

Pairing 6/15 :    Random_Opponent  -  SlowMate_v3.1

PGN-File: C:\Program Files (x86)\Arena\Tournaments\Engine Battle 20250923_2.pgn

No:  B/W 1/2     W:B       1:2           Time        Value Moves Dep 1:2       1-2-Draws
  10 = =    1.0:1.0        1.0:9.0       10:45:54 AM   +43.39    43 0:3.953  0-8-2

--------------------------------------------------------------

Engine-Match Wednesday, September 24, 2025 10:45:55 AM
 Blitz 10/5 

Pairing 7/15 :    C0BR4_v2.9  -  Stockfish 1%

PGN-File: C:\Program Files (x86)\Arena\Tournaments\Engine Battle 20250923_2.pgn

No:  B/W 1/2     W:B       1:2           Time        Value Moves Dep 1:2       1-2-Draws
  10 W 2    1.0:0.0        0.0:10.0      10:46:17 AM      +M1    26 3.958 :19.391  0-10-0

--------------------------------------------------------------

Engine-Match Wednesday, September 24, 2025 10:46:18 AM
 Blitz 10/5 

Pairing 8/15 :    SlowMate_v3.1  -  V7P3R_v10.8

PGN-File: C:\Program Files (x86)\Arena\Tournaments\Engine Battle 20250923_2.pgn

No:  B/W 1/2     W:B       1:2           Time        Value Moves Dep 1:2       1-2-Draws
  10 W 2    2.0:1.0        2.0:8.0       11:06:44 AM  +289.98    54 3.857 :3.880  1-7-2

--------------------------------------------------------------

Engine-Match Wednesday, September 24, 2025 11:06:45 AM
 Blitz 10/5 

Pairing 9/15 :    V7P3R_v12.1  -  Random_Opponent

PGN-File: C:\Program Files (x86)\Arena\Tournaments\Engine Battle 20250923_2.pgn

No:  B/W 1/2     W:B       1:2           Time        Value Moves Dep 1:2       1-2-Draws
  10 B 1    1.0:0.0        10.0:0.0      11:07:16 AM  -289.96     9 3.111 :0 10-0-0

--------------------------------------------------------------

Engine-Match Wednesday, September 24, 2025 11:07:17 AM
 Blitz 10/5 

Pairing 10/15 :    SlowMate_v3.1  -  C0BR4_v2.9

PGN-File: C:\Program Files (x86)\Arena\Tournaments\Engine Battle 20250923_2.pgn

No:  B/W 1/2     W:B       1:2           Time        Value Moves Dep 1:2       1-2-Draws
  10 W 2    2.0:1.0        3.0:7.0       11:12:43 AM  +299.97    20 3.579 :3.889  2-6-2

--------------------------------------------------------------

Engine-Match Wednesday, September 24, 2025 11:12:45 AM
 Blitz 10/5 

Pairing 11/15 :    Random_Opponent  -  Stockfish 1%

PGN-File: C:\Program Files (x86)\Arena\Tournaments\Engine Battle 20250923_2.pgn

No:  B/W 1/2     W:B       1:2           Time        Value Moves Dep 1:2       1-2-Draws
  10 W 2    1.0:0.0        0.0:10.0      11:12:57 AM      +M1    14 0:26.214  0-10-0

--------------------------------------------------------------

Engine-Match Wednesday, September 24, 2025 11:12:59 AM
 Blitz 10/5 

Pairing 12/15 :    V7P3R_v10.8  -  V7P3R_v12.1

PGN-File: C:\Program Files (x86)\Arena\Tournaments\Engine Battle 20250923_2.pgn

No:  B/W 1/2     W:B       1:2           Time        Value Moves Dep 1:2       1-2-Draws
  10 B 1    1.0:0.0        8.0:2.0       11:22:20 AM  -289.96    74 3.882 :3.087  8-2-0

--------------------------------------------------------------

Engine-Match Wednesday, September 24, 2025 11:22:21 AM
 Blitz 10/5 

Pairing 13/15 :    C0BR4_v2.9  -  Random_Opponent

PGN-File: C:\Program Files (x86)\Arena\Tournaments\Engine Battle 20250923_2.pgn

No:  B/W 1/2     W:B       1:2           Time        Value Moves Dep 1:2       1-2-Draws
  10 B 1    1.0:0.0        10.0:0.0      11:22:28 AM  -299.97    10 3.778 :0 10-0-0

--------------------------------------------------------------

Engine-Match Wednesday, September 24, 2025 11:22:29 AM
 Blitz 10/5 

Pairing 14/15 :    V7P3R_v12.1  -  SlowMate_v3.1

PGN-File: C:\Program Files (x86)\Arena\Tournaments\Engine Battle 20250923_2.pgn

No:  B/W 1/2     W:B       1:2           Time        Value Moves Dep 1:2       1-2-Draws
  10 W 2    4.0:3.0        3.0:7.0       11:31:58 AM   +15.56    32 2.645 :3.844  0-4-6

--------------------------------------------------------------

Engine-Match Wednesday, September 24, 2025 11:31:59 AM
 Blitz 10/5 

Pairing 15/15 :    Stockfish 1%  -  V7P3R_v10.8

PGN-File: C:\Program Files (x86)\Arena\Tournaments\Engine Battle 20250923_2.pgn

No:  B/W 1/2     W:B       1:2           Time        Value Moves Dep 1:2       1-2-Draws
  10 B 1    1.0:0.0        10.0:0.0      11:34:49 AM      -M1    17 21.882 :4.083  10-0-0
