Engine-Match Friday, September 26, 2025 9:29:55 PM
 Tournament Game in 10 Minutes 

Pairing 1/10 :    V7P3R_v10.8  -  V7P3R_v12.2

PGN-File: C:\Program Files (x86)\Arena\Tournaments\Engine Regression Battle 20250926_2.pgn

No:  B/W 1/2     W:B       1:2           Time        Value Moves Dep 1:2       1-2-Draws
   1 * *     0.0:0.0        0.0:0.0       9:30:51 PM    +0.28     2 4.333 :0 0-0-0

--------------------------------------------------------------

Engine-Match Friday, September 26, 2025 9:31:07 PM
 Tournament Game in 10 Minutes 

Pairing 1/4 :    V7P3R_v12.2  -  V7P3R_v10.8

PGN-File: C:\Program Files (x86)\Arena\Tournaments\Engine Regression Battle 20250926_2.pgn

No:  B/W 1/2     W:B       1:2           Time        Value Moves Dep 1:2       1-2-Draws
   1 B 2    1.0:0.0        0.0:1.0       9:45:34 PM   -23.70    53 4.643 :3.885  0-1-0

--------------------------------------------------------------

Engine-Match Friday, September 26, 2025 9:45:35 PM
 Tournament Game in 10 Minutes 

Pairing 2/4 :    V7P3R_v12.2  -  V7P3R_v12.0

PGN-File: C:\Program Files (x86)\Arena\Tournaments\Engine Regression Battle 20250926_2.pgn

No:  B/W 1/2     W:B       1:2           Time        Value Moves Dep 1:2       1-2-Draws
   1 W 1    1.0:0.0        1.0:0.0       9:54:49 PM   +13.15    70 4.615 :3.125  1-0-0

--------------------------------------------------------------

Engine-Match Friday, September 26, 2025 9:54:50 PM
 Tournament Game in 10 Minutes 

Pairing 3/4 :    V7P3R_v12.2  -  V7P3R_v12.1

PGN-File: C:\Program Files (x86)\Arena\Tournaments\Engine Regression Battle 20250926_2.pgn

No:  B/W 1/2     W:B       1:2           Time        Value Moves Dep 1:2       1-2-Draws
   1 W 1    1.0:0.0        1.0:0.0       10:07:38 PM  +289.98    70 4.643 :3.000  1-0-0

--------------------------------------------------------------

Engine-Match Friday, September 26, 2025 10:07:39 PM
 Tournament Game in 10 Minutes 

Pairing 4/4 :    V7P3R_v12.2  -  V7P3R_v12.3

PGN-File: C:\Program Files (x86)\Arena\Tournaments\Engine Regression Battle 20250926_2.pgn

No:  B/W 1/2     W:B       1:2           Time        Value Moves Dep 1:2       1-2-Draws
   1 W 1    1.0:0.0        1.0:0.0       10:22:26 PM     0.00    28 5.158 :5.391  1-0-0

--------------------------------------------------------------

Engine-Match Friday, September 26, 2025 10:22:27 PM
 Tournament Game in 10 Minutes 

Pairing 1/4 :    V7P3R_v12.2  -  V7P3R_v10.8

PGN-File: C:\Program Files (x86)\Arena\Tournaments\Engine Regression Battle 20250926_2.pgn

No:  B/W 1/2     W:B       1:2           Time        Value Moves Dep 1:2       1-2-Draws
   2 = =    0.5:0.5        0.5:1.5       10:33:50 PM    -4.89    32 5.000 :4.167  0-1-1

--------------------------------------------------------------

Engine-Match Friday, September 26, 2025 10:33:52 PM
 Tournament Game in 10 Minutes 

Pairing 2/4 :    V7P3R_v12.2  -  V7P3R_v12.0

PGN-File: C:\Program Files (x86)\Arena\Tournaments\Engine Regression Battle 20250926_2.pgn

No:  B/W 1/2     W:B       1:2           Time        Value Moves Dep 1:2       1-2-Draws
   2 = =    0.5:0.5        1.5:0.5       10:43:41 PM    -0.17    52 4.714 :3.200  1-0-1

--------------------------------------------------------------

Engine-Match Friday, September 26, 2025 10:43:43 PM
 Tournament Game in 10 Minutes 

Pairing 3/4 :    V7P3R_v12.2  -  V7P3R_v12.1

PGN-File: C:\Program Files (x86)\Arena\Tournaments\Engine Regression Battle 20250926_2.pgn

No:  B/W 1/2     W:B       1:2           Time        Value Moves Dep 1:2       1-2-Draws
   2 = =    0.5:0.5        1.5:0.5       10:53:08 PM     0.00    54 4.955 :3.086  1-0-1

--------------------------------------------------------------

Engine-Match Friday, September 26, 2025 10:53:09 PM
 Tournament Game in 10 Minutes 

Pairing 4/4 :    V7P3R_v12.2  -  V7P3R_v12.3

PGN-File: C:\Program Files (x86)\Arena\Tournaments\Engine Regression Battle 20250926_2.pgn

No:  B/W 1/2     W:B       1:2           Time        Value Moves Dep 1:2       1-2-Draws
   2 B 1    1.0:0.0        2.0:0.0       11:03:37 PM   -29.23    32 5.500 :3.850  2-0-0

--------------------------------------------------------------

Engine-Match Friday, September 26, 2025 11:03:38 PM
 Tournament Game in 10 Minutes 

Pairing 1/4 :    V7P3R_v12.2  -  V7P3R_v10.8

PGN-File: C:\Program Files (x86)\Arena\Tournaments\Engine Regression Battle 20250926_2.pgn

No:  B/W 1/2     W:B       1:2           Time        Value Moves Dep 1:2       1-2-Draws
   3 W 1    1.5:0.5        1.5:1.5       11:18:32 PM   +15.44    55 4.967 :4.154  1-1-1

--------------------------------------------------------------

Engine-Match Friday, September 26, 2025 11:18:33 PM
 Tournament Game in 10 Minutes 

Pairing 2/4 :    V7P3R_v12.2  -  V7P3R_v12.0

PGN-File: C:\Program Files (x86)\Arena\Tournaments\Engine Regression Battle 20250926_2.pgn

No:  B/W 1/2     W:B       1:2           Time        Value Moves Dep 1:2       1-2-Draws
   3 W 1    1.5:0.5        2.5:0.5       11:26:34 PM   +10.59    29 4.708 :3.154  2-0-1

--------------------------------------------------------------

Engine-Match Friday, September 26, 2025 11:26:35 PM
 Tournament Game in 10 Minutes 

Pairing 3/4 :    V7P3R_v12.2  -  V7P3R_v12.1

PGN-File: C:\Program Files (x86)\Arena\Tournaments\Engine Regression Battle 20250926_2.pgn

No:  B/W 1/2     W:B       1:2           Time        Value Moves Dep 1:2       1-2-Draws
   3 = =    1.0:1.0        2.0:1.0       11:36:32 PM     0.00    38 4.960 :3.118  1-0-2

--------------------------------------------------------------

Engine-Match Friday, September 26, 2025 11:36:33 PM
 Tournament Game in 10 Minutes 

Pairing 4/4 :    V7P3R_v12.2  -  V7P3R_v12.3

PGN-File: C:\Program Files (x86)\Arena\Tournaments\Engine Regression Battle 20250926_2.pgn

No:  B/W 1/2     W:B       1:2           Time        Value Moves Dep 1:2       1-2-Draws
   3 W 1    1.0:0.0        3.0:0.0       11:50:33 PM     0.00    28 5.250 :5.333  3-0-0

--------------------------------------------------------------

Engine-Match Friday, September 26, 2025 11:50:34 PM
 Tournament Game in 10 Minutes 

Pairing 1/4 :    V7P3R_v12.2  -  V7P3R_v10.8

PGN-File: C:\Program Files (x86)\Arena\Tournaments\Engine Regression Battle 20250926_2.pgn

No:  B/W 1/2     W:B       1:2           Time        Value Moves Dep 1:2       1-2-Draws
   4 W 2    1.5:0.5        1.5:2.5       12:05:49 AM     0.00    66 4.813 :4.056  1-2-1

--------------------------------------------------------------

Engine-Match Saturday, September 27, 2025 12:05:50 AM
 Tournament Game in 10 Minutes 

Pairing 2/4 :    V7P3R_v12.2  -  V7P3R_v12.0

PGN-File: C:\Program Files (x86)\Arena\Tournaments\Engine Regression Battle 20250926_2.pgn

No:  B/W 1/2     W:B       1:2           Time        Value Moves Dep 1:2       1-2-Draws
   4 W 2    1.5:0.5        2.5:1.5       12:15:38 AM     0.00    68 5.091 :3.357  2-1-1

--------------------------------------------------------------

Engine-Match Saturday, September 27, 2025 12:15:39 AM
 Tournament Game in 10 Minutes 

Pairing 3/4 :    V7P3R_v12.2  -  V7P3R_v12.1

PGN-File: C:\Program Files (x86)\Arena\Tournaments\Engine Regression Battle 20250926_2.pgn

No:  B/W 1/2     W:B       1:2           Time        Value Moves Dep 1:2       1-2-Draws
   4 W 2    2.0:1.0        2.0:2.0       12:26:55 AM   +10.90    49 4.846 :2.838  1-1-2

--------------------------------------------------------------

Engine-Match Saturday, September 27, 2025 12:26:56 AM
 Tournament Game in 10 Minutes 

Pairing 4/4 :    V7P3R_v12.2  -  V7P3R_v12.3

PGN-File: C:\Program Files (x86)\Arena\Tournaments\Engine Regression Battle 20250926_2.pgn

No:  B/W 1/2     W:B       1:2           Time        Value Moves Dep 1:2       1-2-Draws
   4 B 1    1.0:0.0        4.0:0.0       12:36:21 AM  -289.98    29 5.500 :3.700  4-0-0

--------------------------------------------------------------

Engine-Match Saturday, September 27, 2025 12:36:23 AM
 Tournament Game in 10 Minutes 

Pairing 1/4 :    V7P3R_v12.2  -  V7P3R_v10.8

PGN-File: C:\Program Files (x86)\Arena\Tournaments\Engine Regression Battle 20250926_2.pgn

No:  B/W 1/2     W:B       1:2           Time        Value Moves Dep 1:2       1-2-Draws
   5 = =    1.0:1.0        2.0:3.0       12:53:53 AM   -10.11    92 4.895 :4.235  1-2-2

--------------------------------------------------------------

Engine-Match Saturday, September 27, 2025 12:53:54 AM
 Tournament Game in 10 Minutes 

Pairing 2/4 :    V7P3R_v12.2  -  V7P3R_v12.0

PGN-File: C:\Program Files (x86)\Arena\Tournaments\Engine Regression Battle 20250926_2.pgn

No:  B/W 1/2     W:B       1:2           Time        Value Moves Dep 1:2       1-2-Draws
   5 W 1    1.5:0.5        3.5:1.5       1:03:47 AM  +289.97    44 4.720 :3.241  3-1-1

--------------------------------------------------------------

Engine-Match Saturday, September 27, 2025 1:03:49 AM
 Tournament Game in 10 Minutes 

Pairing 3/4 :    V7P3R_v12.2  -  V7P3R_v12.1

PGN-File: C:\Program Files (x86)\Arena\Tournaments\Engine Regression Battle 20250926_2.pgn

No:  B/W 1/2     W:B       1:2           Time        Value Moves Dep 1:2       1-2-Draws
   5 = =    1.5:1.5        2.5:2.5       1:12:02 AM     0.00    37 4.714 :3.118  1-1-3

--------------------------------------------------------------

Engine-Match Saturday, September 27, 2025 1:12:03 AM
 Tournament Game in 10 Minutes 

Pairing 4/4 :    V7P3R_v12.2  -  V7P3R_v12.3

PGN-File: C:\Program Files (x86)\Arena\Tournaments\Engine Regression Battle 20250926_2.pgn

No:  B/W 1/2     W:B       1:2           Time        Value Moves Dep 1:2       1-2-Draws
   5 W 1    1.0:0.0        5.0:0.0       1:26:58 AM     0.00    26 5.316 :5.364  5-0-0

--------------------------------------------------------------

Engine-Match Saturday, September 27, 2025 1:27:05 AM
 Tournament Game in 10 Minutes 

Pairing 1/4 :    V7P3R_v12.2  -  V7P3R_v10.8

PGN-File: C:\Program Files (x86)\Arena\Tournaments\Engine Regression Battle 20250926_2.pgn

No:  B/W 1/2     W:B       1:2           Time        Value Moves Dep 1:2       1-2-Draws
   6 = =    1.5:1.5        2.5:3.5       1:39:03 AM     0.00    38 4.889 :4.050  1-2-3

--------------------------------------------------------------

Engine-Match Saturday, September 27, 2025 1:39:04 AM
 Tournament Game in 10 Minutes 

Pairing 2/4 :    V7P3R_v12.2  -  V7P3R_v12.0

PGN-File: C:\Program Files (x86)\Arena\Tournaments\Engine Regression Battle 20250926_2.pgn

No:  B/W 1/2     W:B       1:2           Time        Value Moves Dep 1:2       1-2-Draws
   6 W 2    1.5:0.5        3.5:2.5       1:46:39 AM   +47.80    41 4.923 :3.333  3-2-1

--------------------------------------------------------------

Engine-Match Saturday, September 27, 2025 1:46:40 AM
 Tournament Game in 10 Minutes 

Pairing 3/4 :    V7P3R_v12.2  -  V7P3R_v12.1

PGN-File: C:\Program Files (x86)\Arena\Tournaments\Engine Regression Battle 20250926_2.pgn

No:  B/W 1/2     W:B       1:2           Time        Value Moves Dep 1:2       1-2-Draws
   6 W 2    2.5:1.5        2.5:3.5       1:56:31 AM   +24.80    53 4.923 :3.136  1-2-3

--------------------------------------------------------------

Engine-Match Saturday, September 27, 2025 1:56:32 AM
 Tournament Game in 10 Minutes 

Pairing 4/4 :    V7P3R_v12.2  -  V7P3R_v12.3

PGN-File: C:\Program Files (x86)\Arena\Tournaments\Engine Regression Battle 20250926_2.pgn

No:  B/W 1/2     W:B       1:2           Time        Value Moves Dep 1:2       1-2-Draws
   6 B 1    1.0:0.0        6.0:0.0       2:04:38 AM   -30.12    20 5.500 :3.778  6-0-0

--------------------------------------------------------------

Engine-Match Saturday, September 27, 2025 2:04:39 AM
 Tournament Game in 10 Minutes 

Pairing 1/4 :    V7P3R_v12.2  -  V7P3R_v10.8

PGN-File: C:\Program Files (x86)\Arena\Tournaments\Engine Regression Battle 20250926_2.pgn

No:  B/W 1/2     W:B       1:2           Time        Value Moves Dep 1:2       1-2-Draws
   7 B 2    2.5:1.5        2.5:4.5       2:15:32 AM  -289.98    36 5.143 :4.190  1-3-3

--------------------------------------------------------------

Engine-Match Saturday, September 27, 2025 2:15:33 AM
 Tournament Game in 10 Minutes 

Pairing 2/4 :    V7P3R_v12.2  -  V7P3R_v12.0

PGN-File: C:\Program Files (x86)\Arena\Tournaments\Engine Regression Battle 20250926_2.pgn

No:  B/W 1/2     W:B       1:2           Time        Value Moves Dep 1:2       1-2-Draws
   7 W 1    1.5:0.5        4.5:2.5       2:24:16 AM  +289.99    44 5.000 :3.333  4-2-1

--------------------------------------------------------------

Engine-Match Saturday, September 27, 2025 2:24:17 AM
 Tournament Game in 10 Minutes 

Pairing 3/4 :    V7P3R_v12.2  -  V7P3R_v12.1

PGN-File: C:\Program Files (x86)\Arena\Tournaments\Engine Regression Battle 20250926_2.pgn

No:  B/W 1/2     W:B       1:2           Time        Value Moves Dep 1:2       1-2-Draws
   7 = =    2.0:2.0        3.0:4.0       2:35:44 AM     0.00    73 4.714 :3.059  1-2-4

--------------------------------------------------------------

Engine-Match Saturday, September 27, 2025 2:35:45 AM
 Tournament Game in 10 Minutes 

Pairing 4/4 :    V7P3R_v12.2  -  V7P3R_v12.3

PGN-File: C:\Program Files (x86)\Arena\Tournaments\Engine Regression Battle 20250926_2.pgn

No:  B/W 1/2     W:B       1:2           Time        Value Moves Dep 1:2       1-2-Draws
   7 W 1    1.0:0.0        7.0:0.0       2:45:32 AM  +289.98    20 5.125 :5.412  7-0-0

--------------------------------------------------------------

Engine-Match Saturday, September 27, 2025 2:45:33 AM
 Tournament Game in 10 Minutes 

Pairing 1/4 :    V7P3R_v12.2  -  V7P3R_v10.8

PGN-File: C:\Program Files (x86)\Arena\Tournaments\Engine Regression Battle 20250926_2.pgn

No:  B/W 1/2     W:B       1:2           Time        Value Moves Dep 1:2       1-2-Draws
   8 = =    2.0:2.0        3.0:5.0       2:57:02 AM    -4.89    32 5.000 :4.125  1-3-4

--------------------------------------------------------------

Engine-Match Saturday, September 27, 2025 2:57:03 AM
 Tournament Game in 10 Minutes 

Pairing 2/4 :    V7P3R_v12.2  -  V7P3R_v12.0

PGN-File: C:\Program Files (x86)\Arena\Tournaments\Engine Regression Battle 20250926_2.pgn

No:  B/W 1/2     W:B       1:2           Time        Value Moves Dep 1:2       1-2-Draws
   8 W 2    1.5:0.5        4.5:3.5       3:06:43 AM     0.00    56 5.056 :3.304  4-3-1

--------------------------------------------------------------

Engine-Match Saturday, September 27, 2025 3:06:44 AM
 Tournament Game in 10 Minutes 

Pairing 3/4 :    V7P3R_v12.2  -  V7P3R_v12.1

PGN-File: C:\Program Files (x86)\Arena\Tournaments\Engine Regression Battle 20250926_2.pgn

No:  B/W 1/2     W:B       1:2           Time        Value Moves Dep 1:2       1-2-Draws
   8 = =    2.5:2.5        3.5:4.5       3:17:58 AM     0.00    66 4.923 :3.136  1-2-5

--------------------------------------------------------------

Engine-Match Saturday, September 27, 2025 3:18:00 AM
 Tournament Game in 10 Minutes 

Pairing 4/4 :    V7P3R_v12.2  -  V7P3R_v12.3

PGN-File: C:\Program Files (x86)\Arena\Tournaments\Engine Regression Battle 20250926_2.pgn

No:  B/W 1/2     W:B       1:2           Time        Value Moves Dep 1:2       1-2-Draws
   8 B 1    1.0:0.0        8.0:0.0       3:27:02 AM  -289.98    29 5.500 :3.750  8-0-0

--------------------------------------------------------------

Engine-Match Saturday, September 27, 2025 3:27:03 AM
 Tournament Game in 10 Minutes 

Pairing 1/4 :    V7P3R_v12.2  -  V7P3R_v10.8

PGN-File: C:\Program Files (x86)\Arena\Tournaments\Engine Regression Battle 20250926_2.pgn

No:  B/W 1/2     W:B       1:2           Time        Value Moves Dep 1:2       1-2-Draws
   9 B 2    3.0:2.0        3.0:6.0       3:41:49 AM   -28.60    37 4.769 :3.857  1-4-4

--------------------------------------------------------------

Engine-Match Saturday, September 27, 2025 3:41:51 AM
 Tournament Game in 10 Minutes 

Pairing 2/4 :    V7P3R_v12.2  -  V7P3R_v12.0

PGN-File: C:\Program Files (x86)\Arena\Tournaments\Engine Regression Battle 20250926_2.pgn

No:  B/W 1/2     W:B       1:2           Time        Value Moves Dep 1:2       1-2-Draws
   9 W 1    1.5:0.5        5.5:3.5       3:50:46 AM  +289.99    42 4.929 :3.286  5-3-1

--------------------------------------------------------------

Engine-Match Saturday, September 27, 2025 3:50:47 AM
 Tournament Game in 10 Minutes 

Pairing 3/4 :    V7P3R_v12.2  -  V7P3R_v12.1

PGN-File: C:\Program Files (x86)\Arena\Tournaments\Engine Regression Battle 20250926_2.pgn

No:  B/W 1/2     W:B       1:2           Time        Value Moves Dep 1:2       1-2-Draws
   9 = =    3.0:3.0        4.0:5.0       4:03:29 AM     0.00    58 4.679 :2.853  1-2-6

--------------------------------------------------------------

Engine-Match Saturday, September 27, 2025 4:03:30 AM
 Tournament Game in 10 Minutes 

Pairing 4/4 :    V7P3R_v12.2  -  V7P3R_v12.3

PGN-File: C:\Program Files (x86)\Arena\Tournaments\Engine Regression Battle 20250926_2.pgn

No:  B/W 1/2     W:B       1:2           Time        Value Moves Dep 1:2       1-2-Draws
   9 W 1    1.0:0.0        9.0:0.0       4:16:35 AM  +289.99    25 5.278 :5.348  9-0-0

--------------------------------------------------------------

Engine-Match Saturday, September 27, 2025 4:16:37 AM
 Tournament Game in 10 Minutes 

Pairing 1/4 :    V7P3R_v12.2  -  V7P3R_v10.8

PGN-File: C:\Program Files (x86)\Arena\Tournaments\Engine Regression Battle 20250926_2.pgn

No:  B/W 1/2     W:B       1:2           Time        Value Moves Dep 1:2       1-2-Draws
  10 B 1    3.0:2.0        4.0:6.0       4:32:14 AM   -12.89    61 4.800 :4.000  2-4-4

--------------------------------------------------------------

Engine-Match Saturday, September 27, 2025 4:32:15 AM
 Tournament Game in 10 Minutes 

Pairing 2/4 :    V7P3R_v12.2  -  V7P3R_v12.0

PGN-File: C:\Program Files (x86)\Arena\Tournaments\Engine Regression Battle 20250926_2.pgn

No:  B/W 1/2     W:B       1:2           Time        Value Moves Dep 1:2       1-2-Draws
  10 W 2    1.5:0.5        5.5:4.5       4:42:46 AM   +10.20    50 4.933 :3.333  5-4-1

--------------------------------------------------------------

Engine-Match Saturday, September 27, 2025 4:42:47 AM
 Tournament Game in 10 Minutes 

Pairing 3/4 :    V7P3R_v12.2  -  V7P3R_v12.1

PGN-File: C:\Program Files (x86)\Arena\Tournaments\Engine Regression Battle 20250926_2.pgn

No:  B/W 1/2     W:B       1:2           Time        Value Moves Dep 1:2       1-2-Draws
  10 W 2    4.0:3.0        4.0:6.0       4:52:59 AM  +289.97    57 4.923 :3.136  1-3-6

--------------------------------------------------------------

Engine-Match Saturday, September 27, 2025 4:53:00 AM
 Tournament Game in 10 Minutes 

Pairing 4/4 :    V7P3R_v12.2  -  V7P3R_v12.3

PGN-File: C:\Program Files (x86)\Arena\Tournaments\Engine Regression Battle 20250926_2.pgn

No:  B/W 1/2     W:B       1:2           Time        Value Moves Dep 1:2       1-2-Draws
  10 B 1    1.0:0.0        10.0:0.0      5:00:50 AM     0.00    24 5.588 :3.895  10-0-0
