Engine-Match Friday, September 26, 2025 12:43:59 PM
 Blitz 30/1 

Pairing 1/3 :    V7P3R_v12.2  -  SlowMate_v3.1

PGN-File: C:\Program Files (x86)\Arena\Tournaments\Engine Battle 20250926.pgn

No:  B/W 1/2     W:B       1:2           Time        Value Moves Dep 1:2       1-2-Draws
   1 = =    0.5:0.5        0.5:0.5       1:12:39 PM     0.00    35 5.000 :4.714  0-0-1

--------------------------------------------------------------

Engine-Match Friday, September 26, 2025 1:12:40 PM
 Blitz 30/1 

Pairing 2/3 :    C0BR4_v2.9  -  V7P3R_v12.2

PGN-File: C:\Program Files (x86)\Arena\Tournaments\Engine Battle 20250926.pgn

No:  B/W 1/2     W:B       1:2           Time        Value Moves Dep 1:2       1-2-Draws
   1 B 2    1.0:0.0        0.0:1.0       1:22:21 PM   -12.92    56 4.000 :5.143  0-1-0

--------------------------------------------------------------

Engine-Match Friday, September 26, 2025 1:22:22 PM
 Blitz 30/1 

Pairing 3/3 :    SlowMate_v3.1  -  C0BR4_v2.9

PGN-File: C:\Program Files (x86)\Arena\Tournaments\Engine Battle 20250926.pgn

No:  B/W 1/2     W:B       1:2           Time        Value Moves Dep 1:2       1-2-Draws
   1 = =    0.5:0.5        0.5:0.5       1:43:22 PM    +9.03    48 4.679 :4.000  0-0-1

--------------------------------------------------------------

Engine-Match Friday, September 26, 2025 1:43:23 PM
 Blitz 30/1 

Pairing 1/3 :    V7P3R_v12.2  -  SlowMate_v3.1

PGN-File: C:\Program Files (x86)\Arena\Tournaments\Engine Battle 20250926.pgn

No:  B/W 1/2     W:B       1:2           Time        Value Moves Dep 1:2       1-2-Draws
   2 W 2    1.5:0.5        0.5:1.5       2:04:37 PM   +12.30    24 5.294 :4.750  0-1-1

--------------------------------------------------------------

Engine-Match Friday, September 26, 2025 2:04:38 PM
 Blitz 30/1 

Pairing 2/3 :    C0BR4_v2.9  -  V7P3R_v12.2

PGN-File: C:\Program Files (x86)\Arena\Tournaments\Engine Battle 20250926.pgn

No:  B/W 1/2     W:B       1:2           Time        Value Moves Dep 1:2       1-2-Draws
   2 = =    0.5:0.5        0.5:1.5       2:11:06 PM    -4.01    28 4.000 :5.250  0-1-1

--------------------------------------------------------------

Engine-Match Friday, September 26, 2025 2:11:07 PM
 Blitz 30/1 

Pairing 3/3 :    SlowMate_v3.1  -  C0BR4_v2.9

PGN-File: C:\Program Files (x86)\Arena\Tournaments\Engine Battle 20250926.pgn

No:  B/W 1/2     W:B       1:2           Time        Value Moves Dep 1:2       1-2-Draws
   2 W 2    1.5:0.5        0.5:1.5       2:25:27 PM  +299.97    27 4.308 :4.000  0-1-1

--------------------------------------------------------------

Engine-Match Friday, September 26, 2025 2:25:28 PM
 Blitz 30/1 

Pairing 1/3 :    V7P3R_v12.2  -  SlowMate_v3.1

PGN-File: C:\Program Files (x86)\Arena\Tournaments\Engine Battle 20250926.pgn

No:  B/W 1/2     W:B       1:2           Time        Value Moves Dep 1:2       1-2-Draws
   3 W 1    1.5:0.5        1.5:1.5       2:44:00 PM  +289.99    23 5.000 :4.409  1-1-1

--------------------------------------------------------------

Engine-Match Friday, September 26, 2025 2:44:01 PM
 Blitz 30/1 

Pairing 2/3 :    C0BR4_v2.9  -  V7P3R_v12.2

PGN-File: C:\Program Files (x86)\Arena\Tournaments\Engine Battle 20250926.pgn

No:  B/W 1/2     W:B       1:2           Time        Value Moves Dep 1:2       1-2-Draws
   3 = =    1.0:1.0        1.0:2.0       2:57:53 PM    +0.11    37 4.000 :5.310  0-1-2

--------------------------------------------------------------

Engine-Match Friday, September 26, 2025 2:57:54 PM
 Blitz 30/1 

Pairing 3/3 :    SlowMate_v3.1  -  C0BR4_v2.9

PGN-File: C:\Program Files (x86)\Arena\Tournaments\Engine Battle 20250926.pgn

No:  B/W 1/2     W:B       1:2           Time        Value Moves Dep 1:2       1-2-Draws
   3 = =    1.0:1.0        1.0:2.0       3:11:07 PM    -2.70    24 4.417 :4.000  0-1-2
