Engine-Match Friday, August 29, 2025 11:05:10 AM
 Blitz 10/5 

Pairing 1/10 :    SlowMate_v3.0  -  Random_Opponent

PGN-File: C:\Program Files (x86)\Arena\Tournaments\Engine Battle 20250829.pgn

No:  B/W 1/2     W:B       1:2           Time        Value Moves Dep 1:2       1-2-Draws
   1 W 1    1.0:0.0        1.0:0.0       11:10:05 AM  +145.52    19 4.316 :0 1-0-0

--------------------------------------------------------------

Engine-Match Friday, August 29, 2025 11:10:07 AM
 Blitz 10/5 

Pairing 2/10 :    Stockfish 1%  -  C0BR4_v2.0

PGN-File: C:\Program Files (x86)\Arena\Tournaments\Engine Battle 20250829.pgn

No:  B/W 1/2     W:B       1:2           Time        Value Moves Dep 1:2       1-2-Draws
   1 W 1    1.0:0.0        1.0:0.0       11:10:24 AM    +6.32    14 18.867 :4.000  1-0-0

--------------------------------------------------------------

Engine-Match Friday, August 29, 2025 11:10:25 AM
 Blitz 10/5 

Pairing 3/10 :    V7P3R_v9.0  -  Stockfish 1%

PGN-File: C:\Program Files (x86)\Arena\Tournaments\Engine Battle 20250829.pgn

No:  B/W 1/2     W:B       1:2           Time        Value Moves Dep 1:2       1-2-Draws
   1 B 2    1.0:0.0        0.0:1.0       11:11:30 AM    -M500    14 6.000 :18.000  0-1-0

--------------------------------------------------------------

Engine-Match Friday, August 29, 2025 11:11:31 AM
 Blitz 10/5 

Pairing 4/10 :    C0BR4_v2.0  -  SlowMate_v3.0

PGN-File: C:\Program Files (x86)\Arena\Tournaments\Engine Battle 20250829.pgn

No:  B/W 1/2     W:B       1:2           Time        Value Moves Dep 1:2       1-2-Draws
   1 B 2    1.0:0.0        0.0:1.0       11:15:52 AM    -1.75    16 4.000 :4.294  0-1-0

--------------------------------------------------------------

Engine-Match Friday, August 29, 2025 11:15:53 AM
 Blitz 10/5 

Pairing 5/10 :    Random_Opponent  -  C0BR4_v2.0

PGN-File: C:\Program Files (x86)\Arena\Tournaments\Engine Battle 20250829.pgn

No:  B/W 1/2     W:B       1:2           Time        Value Moves Dep 1:2       1-2-Draws
   1 B 2    1.0:0.0        0.0:1.0       11:16:05 AM  -299.99    15 0:4.000  0-1-0

--------------------------------------------------------------

Engine-Match Friday, August 29, 2025 11:16:06 AM
 Blitz 10/5 

Pairing 6/10 :    SlowMate_v3.0  -  V7P3R_v9.0

PGN-File: C:\Program Files (x86)\Arena\Tournaments\Engine Battle 20250829.pgn

No:  B/W 1/2     W:B       1:2           Time        Value Moves Dep 1:2       1-2-Draws
   1 W 1    1.0:0.0        1.0:0.0       11:20:35 AM    +M500    14 4.357 :6.000  1-0-0

--------------------------------------------------------------

Engine-Match Friday, August 29, 2025 11:20:36 AM
 Blitz 10/5 

Pairing 7/10 :    Stockfish 1%  -  SlowMate_v3.0

PGN-File: C:\Program Files (x86)\Arena\Tournaments\Engine Battle 20250829.pgn

No:  B/W 1/2     W:B       1:2           Time        Value Moves Dep 1:2       1-2-Draws
   1 W 1    1.0:0.0        1.0:0.0       11:30:30 AM      +M1    45 17.444 :4.068  1-0-0

--------------------------------------------------------------

Engine-Match Friday, August 29, 2025 11:30:31 AM
 Blitz 10/5 

Pairing 8/10 :    V7P3R_v9.0  -  Random_Opponent

PGN-File: C:\Program Files (x86)\Arena\Tournaments\Engine Battle 20250829.pgn

No:  B/W 1/2     W:B       1:2           Time        Value Moves Dep 1:2       1-2-Draws
   1 W 1    1.0:0.0        1.0:0.0       11:30:55 AM      +M1     7 6.000 :0 1-0-0

--------------------------------------------------------------

Engine-Match Friday, August 29, 2025 11:30:56 AM
 Blitz 10/5 

Pairing 9/10 :    C0BR4_v2.0  -  V7P3R_v9.0

PGN-File: C:\Program Files (x86)\Arena\Tournaments\Engine Battle 20250829.pgn

No:  B/W 1/2     W:B       1:2           Time        Value Moves Dep 1:2       1-2-Draws
   1 W 1    1.0:0.0        1.0:0.0       11:31:37 AM    +M500    11 4.000 :6.000  1-0-0

--------------------------------------------------------------

Engine-Match Friday, August 29, 2025 11:31:39 AM
 Blitz 10/5 

Pairing 10/10 :    Random_Opponent  -  Stockfish 1%

PGN-File: C:\Program Files (x86)\Arena\Tournaments\Engine Battle 20250829.pgn

No:  B/W 1/2     W:B       1:2           Time        Value Moves Dep 1:2       1-2-Draws
   1 B 2    1.0:0.0        0.0:1.0       11:31:50 AM      -M1    12 0:23.667  0-1-0

--------------------------------------------------------------

Engine-Match Friday, August 29, 2025 11:31:52 AM
 Blitz 10/5 

Pairing 1/10 :    SlowMate_v3.0  -  Random_Opponent

PGN-File: C:\Program Files (x86)\Arena\Tournaments\Engine Battle 20250829.pgn

No:  B/W 1/2     W:B       1:2           Time        Value Moves Dep 1:2       1-2-Draws
   2 = =    0.5:0.5        1.5:0.5       11:39:34 AM  -200.00    33 3.939 :0 1-0-1

--------------------------------------------------------------

Engine-Match Friday, August 29, 2025 11:39:35 AM
 Blitz 10/5 

Pairing 2/10 :    Stockfish 1%  -  C0BR4_v2.0

PGN-File: C:\Program Files (x86)\Arena\Tournaments\Engine Battle 20250829.pgn

No:  B/W 1/2     W:B       1:2           Time        Value Moves Dep 1:2       1-2-Draws
   2 B 1    1.0:0.0        2.0:0.0       11:39:52 AM    -4.43    14 16.800 :4.000  2-0-0

--------------------------------------------------------------

Engine-Match Friday, August 29, 2025 11:39:53 AM
 Blitz 10/5 

Pairing 3/10 :    V7P3R_v9.0  -  Stockfish 1%

PGN-File: C:\Program Files (x86)\Arena\Tournaments\Engine Battle 20250829.pgn

No:  B/W 1/2     W:B       1:2           Time        Value Moves Dep 1:2       1-2-Draws
   2 W 2    1.0:0.0        0.0:2.0       11:40:53 AM    +M500    17 6.000 :17.765  0-2-0

--------------------------------------------------------------

Engine-Match Friday, August 29, 2025 11:40:54 AM
 Blitz 10/5 

Pairing 4/10 :    C0BR4_v2.0  -  SlowMate_v3.0

PGN-File: C:\Program Files (x86)\Arena\Tournaments\Engine Battle 20250829.pgn

No:  B/W 1/2     W:B       1:2           Time        Value Moves Dep 1:2       1-2-Draws
   2 B 1    1.0:0.0        1.0:1.0       11:50:31 AM  -299.99    42 4.000 :4.333  1-1-0

--------------------------------------------------------------

Engine-Match Friday, August 29, 2025 11:50:32 AM
 Blitz 10/5 

Pairing 5/10 :    Random_Opponent  -  C0BR4_v2.0

PGN-File: C:\Program Files (x86)\Arena\Tournaments\Engine Battle 20250829.pgn

No:  B/W 1/2     W:B       1:2           Time        Value Moves Dep 1:2       1-2-Draws
   2 B 1    1.0:0.0        1.0:1.0       11:50:39 AM     0.00     8 0:4.000  1-1-0

--------------------------------------------------------------

Engine-Match Friday, August 29, 2025 11:50:41 AM
 Blitz 10/5 

Pairing 6/10 :    SlowMate_v3.0  -  V7P3R_v9.0

PGN-File: C:\Program Files (x86)\Arena\Tournaments\Engine Battle 20250829.pgn

No:  B/W 1/2     W:B       1:2           Time        Value Moves Dep 1:2       1-2-Draws
   2 B 1    1.0:0.0        2.0:0.0       11:53:16 AM   -85.00     8 4.000 :6.000  2-0-0

--------------------------------------------------------------

Engine-Match Friday, August 29, 2025 11:53:17 AM
 Blitz 10/5 

Pairing 7/10 :    Stockfish 1%  -  SlowMate_v3.0

PGN-File: C:\Program Files (x86)\Arena\Tournaments\Engine Battle 20250829.pgn

No:  B/W 1/2     W:B       1:2           Time        Value Moves Dep 1:2       1-2-Draws
   2 B 1    1.0:0.0        2.0:0.0       12:02:37 PM      -M1    41 17.474 :3.927  2-0-0

--------------------------------------------------------------

Engine-Match Friday, August 29, 2025 12:02:38 PM
 Blitz 10/5 

Pairing 8/10 :    V7P3R_v9.0  -  Random_Opponent

PGN-File: C:\Program Files (x86)\Arena\Tournaments\Engine Battle 20250829.pgn

No:  B/W 1/2     W:B       1:2           Time        Value Moves Dep 1:2       1-2-Draws
   2 B 1    1.0:0.0        2.0:0.0       12:03:21 PM      -M1    16 6.000 :0 2-0-0

--------------------------------------------------------------

Engine-Match Friday, August 29, 2025 12:03:22 PM
 Blitz 10/5 

Pairing 9/10 :    C0BR4_v2.0  -  V7P3R_v9.0

PGN-File: C:\Program Files (x86)\Arena\Tournaments\Engine Battle 20250829.pgn

No:  B/W 1/2     W:B       1:2           Time        Value Moves Dep 1:2       1-2-Draws
   2 B 1    1.0:0.0        2.0:0.0       12:04:17 PM  -100.00    12 4.000 :6.000  2-0-0

--------------------------------------------------------------

Engine-Match Friday, August 29, 2025 12:04:18 PM
 Blitz 10/5 

Pairing 10/10 :    Random_Opponent  -  Stockfish 1%

PGN-File: C:\Program Files (x86)\Arena\Tournaments\Engine Battle 20250829.pgn

No:  B/W 1/2     W:B       1:2           Time        Value Moves Dep 1:2       1-2-Draws
   2 W 2    1.0:0.0        0.0:2.0       12:04:26 PM      +M1     8 0:28.875  0-2-0

--------------------------------------------------------------

Engine-Match Friday, August 29, 2025 12:04:32 PM
 Blitz 10/5 

Pairing 1/10 :    SlowMate_v3.0  -  Random_Opponent

PGN-File: C:\Program Files (x86)\Arena\Tournaments\Engine Battle 20250829.pgn

No:  B/W 1/2     W:B       1:2           Time        Value Moves Dep 1:2       1-2-Draws
   3 W 1    1.5:0.5        2.5:0.5       12:15:49 PM  +191.25    54 4.621 :0 2-0-1

--------------------------------------------------------------

Engine-Match Friday, August 29, 2025 12:15:50 PM
 Blitz 10/5 

Pairing 2/10 :    Stockfish 1%  -  C0BR4_v2.0

PGN-File: C:\Program Files (x86)\Arena\Tournaments\Engine Battle 20250829.pgn

No:  B/W 1/2     W:B       1:2           Time        Value Moves Dep 1:2       1-2-Draws
   3 W 1    1.0:0.0        3.0:0.0       12:15:57 PM    +6.12     6 18.714 :4.000  3-0-0

--------------------------------------------------------------

Engine-Match Friday, August 29, 2025 12:15:59 PM
 Blitz 10/5 

Pairing 3/10 :    V7P3R_v9.0  -  Stockfish 1%

PGN-File: C:\Program Files (x86)\Arena\Tournaments\Engine Battle 20250829.pgn

No:  B/W 1/2     W:B       1:2           Time        Value Moves Dep 1:2       1-2-Draws
   3 B 2    1.0:0.0        0.0:3.0       12:16:36 PM    -M500    10 6.000 :17.778  0-3-0

--------------------------------------------------------------

Engine-Match Friday, August 29, 2025 12:16:37 PM
 Blitz 10/5 

Pairing 4/10 :    C0BR4_v2.0  -  SlowMate_v3.0

PGN-File: C:\Program Files (x86)\Arena\Tournaments\Engine Battle 20250829.pgn

No:  B/W 1/2     W:B       1:2           Time        Value Moves Dep 1:2       1-2-Draws
   3 = =    0.5:0.5        1.5:1.5       12:22:38 PM    -3.29    25 4.000 :4.643  1-1-1

--------------------------------------------------------------

Engine-Match Friday, August 29, 2025 12:22:39 PM
 Blitz 10/5 

Pairing 5/10 :    Random_Opponent  -  C0BR4_v2.0

PGN-File: C:\Program Files (x86)\Arena\Tournaments\Engine Battle 20250829.pgn

No:  B/W 1/2     W:B       1:2           Time        Value Moves Dep 1:2       1-2-Draws
   3 B 2    1.0:0.0        1.0:2.0       12:22:47 PM  -299.99    12 0:4.000  1-2-0

--------------------------------------------------------------

Engine-Match Friday, August 29, 2025 12:22:48 PM
 Blitz 10/5 

Pairing 6/10 :    SlowMate_v3.0  -  V7P3R_v9.0

PGN-File: C:\Program Files (x86)\Arena\Tournaments\Engine Battle 20250829.pgn

No:  B/W 1/2     W:B       1:2           Time        Value Moves Dep 1:2       1-2-Draws
   3 W 1    1.0:0.0        3.0:0.0       12:27:17 PM    +M500    14 4.357 :6.000  3-0-0

--------------------------------------------------------------

Engine-Match Friday, August 29, 2025 12:27:18 PM
 Blitz 10/5 

Pairing 7/10 :    Stockfish 1%  -  SlowMate_v3.0

PGN-File: C:\Program Files (x86)\Arena\Tournaments\Engine Battle 20250829.pgn

No:  B/W 1/2     W:B       1:2           Time        Value Moves Dep 1:2       1-2-Draws
   3 W 1    1.0:0.0        3.0:0.0       12:33:10 PM      +M1    24 18.263 :3.944  3-0-0

--------------------------------------------------------------

Engine-Match Friday, August 29, 2025 12:33:11 PM
 Blitz 10/5 

Pairing 8/10 :    V7P3R_v9.0  -  Random_Opponent

PGN-File: C:\Program Files (x86)\Arena\Tournaments\Engine Battle 20250829.pgn

No:  B/W 1/2     W:B       1:2           Time        Value Moves Dep 1:2       1-2-Draws
   3 W 1    1.0:0.0        3.0:0.0       12:33:53 PM      +M1    13 6.000 :0 3-0-0

--------------------------------------------------------------

Engine-Match Friday, August 29, 2025 12:33:54 PM
 Blitz 10/5 

Pairing 9/10 :    C0BR4_v2.0  -  V7P3R_v9.0

PGN-File: C:\Program Files (x86)\Arena\Tournaments\Engine Battle 20250829.pgn

No:  B/W 1/2     W:B       1:2           Time        Value Moves Dep 1:2       1-2-Draws
   3 W 1    1.0:0.0        3.0:0.0       12:34:29 PM    +M500     9 4.000 :6.000  3-0-0

--------------------------------------------------------------

Engine-Match Friday, August 29, 2025 12:34:31 PM
 Blitz 10/5 

Pairing 10/10 :    Random_Opponent  -  Stockfish 1%

PGN-File: C:\Program Files (x86)\Arena\Tournaments\Engine Battle 20250829.pgn

No:  B/W 1/2     W:B       1:2           Time        Value Moves Dep 1:2       1-2-Draws
   3 B 2    1.0:0.0        0.0:3.0       12:34:41 PM      -M1     8 0:37.875  0-3-0

--------------------------------------------------------------

Engine-Match Friday, August 29, 2025 12:34:42 PM
 Blitz 10/5 

Pairing 1/10 :    SlowMate_v3.0  -  Random_Opponent

PGN-File: C:\Program Files (x86)\Arena\Tournaments\Engine Battle 20250829.pgn

No:  B/W 1/2     W:B       1:2           Time        Value Moves Dep 1:2       1-2-Draws
   4 = =    1.0:1.0        3.0:1.0       12:38:59 PM   -12.88    16 4.063 :0 2-0-2

--------------------------------------------------------------

Engine-Match Friday, August 29, 2025 12:39:00 PM
 Blitz 10/5 

Pairing 2/10 :    Stockfish 1%  -  C0BR4_v2.0

PGN-File: C:\Program Files (x86)\Arena\Tournaments\Engine Battle 20250829.pgn

No:  B/W 1/2     W:B       1:2           Time        Value Moves Dep 1:2       1-2-Draws
   4 B 1    1.0:0.0        4.0:0.0       12:39:19 PM      -M1    19 24.706 :4.000  4-0-0

--------------------------------------------------------------

Engine-Match Friday, August 29, 2025 12:39:21 PM
 Blitz 10/5 

Pairing 3/10 :    V7P3R_v9.0  -  Stockfish 1%

PGN-File: C:\Program Files (x86)\Arena\Tournaments\Engine Battle 20250829.pgn

No:  B/W 1/2     W:B       1:2           Time        Value Moves Dep 1:2       1-2-Draws
   4 W 2    1.0:0.0        0.0:4.0       12:40:22 PM    +M500    17 6.000 :17.706  0-4-0

--------------------------------------------------------------

Engine-Match Friday, August 29, 2025 12:40:23 PM
 Blitz 10/5 

Pairing 4/10 :    C0BR4_v2.0  -  SlowMate_v3.0

PGN-File: C:\Program Files (x86)\Arena\Tournaments\Engine Battle 20250829.pgn

No:  B/W 1/2     W:B       1:2           Time        Value Moves Dep 1:2       1-2-Draws
   4 B 1    1.5:0.5        2.5:1.5       12:45:37 PM   -10.61    20 4.000 :4.150  2-1-1

--------------------------------------------------------------

Engine-Match Friday, August 29, 2025 12:45:38 PM
 Blitz 10/5 

Pairing 5/10 :    Random_Opponent  -  C0BR4_v2.0

PGN-File: C:\Program Files (x86)\Arena\Tournaments\Engine Battle 20250829.pgn

No:  B/W 1/2     W:B       1:2           Time        Value Moves Dep 1:2       1-2-Draws
   4 W 2    1.0:0.0        1.0:3.0       12:45:47 PM  +299.99    13 0:4.000  1-3-0

--------------------------------------------------------------

Engine-Match Friday, August 29, 2025 12:45:48 PM
 Blitz 10/5 

Pairing 6/10 :    SlowMate_v3.0  -  V7P3R_v9.0

PGN-File: C:\Program Files (x86)\Arena\Tournaments\Engine Battle 20250829.pgn

No:  B/W 1/2     W:B       1:2           Time        Value Moves Dep 1:2       1-2-Draws
   4 B 1    1.0:0.0        4.0:0.0       12:48:22 PM   -85.00     8 4.000 :6.000  4-0-0

--------------------------------------------------------------

Engine-Match Friday, August 29, 2025 12:48:24 PM
 Blitz 10/5 

Pairing 7/10 :    Stockfish 1%  -  SlowMate_v3.0

PGN-File: C:\Program Files (x86)\Arena\Tournaments\Engine Battle 20250829.pgn

No:  B/W 1/2     W:B       1:2           Time        Value Moves Dep 1:2       1-2-Draws
   4 B 1    1.0:0.0        4.0:0.0       12:54:46 PM      -M1    25 17.750 :4.280  4-0-0

--------------------------------------------------------------

Engine-Match Friday, August 29, 2025 12:54:47 PM
 Blitz 10/5 

Pairing 8/10 :    V7P3R_v9.0  -  Random_Opponent

PGN-File: C:\Program Files (x86)\Arena\Tournaments\Engine Battle 20250829.pgn

No:  B/W 1/2     W:B       1:2           Time        Value Moves Dep 1:2       1-2-Draws
   4 B 1    1.0:0.0        4.0:0.0       12:55:45 PM      -M1    24 6.000 :0 4-0-0

--------------------------------------------------------------

Engine-Match Friday, August 29, 2025 12:55:46 PM
 Blitz 10/5 

Pairing 9/10 :    C0BR4_v2.0  -  V7P3R_v9.0

PGN-File: C:\Program Files (x86)\Arena\Tournaments\Engine Battle 20250829.pgn

No:  B/W 1/2     W:B       1:2           Time        Value Moves Dep 1:2       1-2-Draws
   4 W 2    1.0:0.0        3.0:1.0       12:56:30 PM   +95.00    12 4.000 :6.000  3-1-0

--------------------------------------------------------------

Engine-Match Friday, August 29, 2025 12:56:32 PM
 Blitz 10/5 

Pairing 10/10 :    Random_Opponent  -  Stockfish 1%

PGN-File: C:\Program Files (x86)\Arena\Tournaments\Engine Battle 20250829.pgn

No:  B/W 1/2     W:B       1:2           Time        Value Moves Dep 1:2       1-2-Draws
   4 W 2    1.0:0.0        0.0:4.0       12:56:46 PM      +M1    15 0:26.071  0-4-0

--------------------------------------------------------------

Engine-Match Friday, August 29, 2025 12:56:53 PM
 Blitz 10/5 

Pairing 1/10 :    SlowMate_v3.0  -  Random_Opponent

PGN-File: C:\Program Files (x86)\Arena\Tournaments\Engine Battle 20250829.pgn

No:  B/W 1/2     W:B       1:2           Time        Value Moves Dep 1:2       1-2-Draws
   5 W 1    2.0:1.0        4.0:1.0       1:00:55 PM  +132.32    15 4.267 :0 3-0-2

--------------------------------------------------------------

Engine-Match Friday, August 29, 2025 1:00:56 PM
 Blitz 10/5 

Pairing 2/10 :    Stockfish 1%  -  C0BR4_v2.0

PGN-File: C:\Program Files (x86)\Arena\Tournaments\Engine Battle 20250829.pgn

No:  B/W 1/2     W:B       1:2           Time        Value Moves Dep 1:2       1-2-Draws
   5 W 1    1.0:0.0        5.0:0.0       1:01:08 PM    +5.79    12 18.385 :4.000  5-0-0

--------------------------------------------------------------

Engine-Match Friday, August 29, 2025 1:01:10 PM
 Blitz 10/5 

Pairing 3/10 :    V7P3R_v9.0  -  Stockfish 1%

PGN-File: C:\Program Files (x86)\Arena\Tournaments\Engine Battle 20250829.pgn

No:  B/W 1/2     W:B       1:2           Time        Value Moves Dep 1:2       1-2-Draws
   5 B 2    1.0:0.0        0.0:5.0       1:02:12 PM    -M500    14 6.000 :18.000  0-5-0

--------------------------------------------------------------

Engine-Match Friday, August 29, 2025 1:02:13 PM
 Blitz 10/5 

Pairing 4/10 :    C0BR4_v2.0  -  SlowMate_v3.0

PGN-File: C:\Program Files (x86)\Arena\Tournaments\Engine Battle 20250829.pgn

No:  B/W 1/2     W:B       1:2           Time        Value Moves Dep 1:2       1-2-Draws
   5 = =    1.0:1.0        3.0:2.0       1:08:16 PM    -3.16    24 4.000 :4.542  2-1-2

--------------------------------------------------------------

Engine-Match Friday, August 29, 2025 1:08:17 PM
 Blitz 10/5 

Pairing 5/10 :    Random_Opponent  -  C0BR4_v2.0

PGN-File: C:\Program Files (x86)\Arena\Tournaments\Engine Battle 20250829.pgn

No:  B/W 1/2     W:B       1:2           Time        Value Moves Dep 1:2       1-2-Draws
   5 B 2    1.0:0.0        1.0:4.0       1:08:22 PM  -299.99     5 0:4.000  1-4-0

--------------------------------------------------------------

Engine-Match Friday, August 29, 2025 1:08:23 PM
 Blitz 10/5 

Pairing 6/10 :    SlowMate_v3.0  -  V7P3R_v9.0

PGN-File: C:\Program Files (x86)\Arena\Tournaments\Engine Battle 20250829.pgn

No:  B/W 1/2     W:B       1:2           Time        Value Moves Dep 1:2       1-2-Draws
   5 W 1    1.0:0.0        5.0:0.0       1:12:50 PM    +M500    14 4.357 :6.000  5-0-0

--------------------------------------------------------------

Engine-Match Friday, August 29, 2025 1:12:51 PM
 Blitz 10/5 

Pairing 7/10 :    Stockfish 1%  -  SlowMate_v3.0

PGN-File: C:\Program Files (x86)\Arena\Tournaments\Engine Battle 20250829.pgn

No:  B/W 1/2     W:B       1:2           Time        Value Moves Dep 1:2       1-2-Draws
   5 W 1    1.0:0.0        5.0:0.0       1:18:36 PM      +M1    23 17.650 :4.364  5-0-0

--------------------------------------------------------------

Engine-Match Friday, August 29, 2025 1:18:37 PM
 Blitz 10/5 

Pairing 8/10 :    V7P3R_v9.0  -  Random_Opponent

PGN-File: C:\Program Files (x86)\Arena\Tournaments\Engine Battle 20250829.pgn

No:  B/W 1/2     W:B       1:2           Time        Value Moves Dep 1:2       1-2-Draws
   5 W 1    1.0:0.0        5.0:0.0       1:19:21 PM      +M1    12 6.000 :0 5-0-0

--------------------------------------------------------------

Engine-Match Friday, August 29, 2025 1:19:23 PM
 Blitz 10/5 

Pairing 9/10 :    C0BR4_v2.0  -  V7P3R_v9.0

PGN-File: C:\Program Files (x86)\Arena\Tournaments\Engine Battle 20250829.pgn

No:  B/W 1/2     W:B       1:2           Time        Value Moves Dep 1:2       1-2-Draws
   5 W 1    1.0:0.0        4.0:1.0       1:20:02 PM    +M500    11 4.000 :6.000  4-1-0

--------------------------------------------------------------

Engine-Match Friday, August 29, 2025 1:20:03 PM
 Blitz 10/5 

Pairing 10/10 :    Random_Opponent  -  Stockfish 1%

PGN-File: C:\Program Files (x86)\Arena\Tournaments\Engine Battle 20250829.pgn

No:  B/W 1/2     W:B       1:2           Time        Value Moves Dep 1:2       1-2-Draws
   5 B 2    1.0:0.0        0.0:5.0       1:20:17 PM      -M1    14 0:22.571  0-5-0

--------------------------------------------------------------

Engine-Match Friday, August 29, 2025 1:20:18 PM
 Blitz 10/5 

Pairing 1/10 :    SlowMate_v3.0  -  Random_Opponent

PGN-File: C:\Program Files (x86)\Arena\Tournaments\Engine Battle 20250829.pgn

No:  B/W 1/2     W:B       1:2           Time        Value Moves Dep 1:2       1-2-Draws
   6 = =    1.5:1.5        4.5:1.5       1:29:50 PM  -200.00    43 3.674 :0 3-0-3

--------------------------------------------------------------

Engine-Match Friday, August 29, 2025 1:29:51 PM
 Blitz 10/5 

Pairing 2/10 :    Stockfish 1%  -  C0BR4_v2.0

PGN-File: C:\Program Files (x86)\Arena\Tournaments\Engine Battle 20250829.pgn

No:  B/W 1/2     W:B       1:2           Time        Value Moves Dep 1:2       1-2-Draws
   6 B 1    1.0:0.0        6.0:0.0       1:30:09 PM      -M1    17 26.647 :4.000  6-0-0

--------------------------------------------------------------

Engine-Match Friday, August 29, 2025 1:30:10 PM
 Blitz 10/5 

Pairing 3/10 :    V7P3R_v9.0  -  Stockfish 1%

PGN-File: C:\Program Files (x86)\Arena\Tournaments\Engine Battle 20250829.pgn

No:  B/W 1/2     W:B       1:2           Time        Value Moves Dep 1:2       1-2-Draws
   6 W 2    1.0:0.0        0.0:6.0       1:31:08 PM    +M500    17 6.000 :17.765  0-6-0

--------------------------------------------------------------

Engine-Match Friday, August 29, 2025 1:31:09 PM
 Blitz 10/5 

Pairing 4/10 :    C0BR4_v2.0  -  SlowMate_v3.0

PGN-File: C:\Program Files (x86)\Arena\Tournaments\Engine Battle 20250829.pgn

No:  B/W 1/2     W:B       1:2           Time        Value Moves Dep 1:2       1-2-Draws
   6 W 2    2.0:1.0        3.0:3.0       1:38:36 PM  +299.98    31 4.000 :4.071  2-2-2

--------------------------------------------------------------

Engine-Match Friday, August 29, 2025 1:38:37 PM
 Blitz 10/5 

Pairing 5/10 :    Random_Opponent  -  C0BR4_v2.0

PGN-File: C:\Program Files (x86)\Arena\Tournaments\Engine Battle 20250829.pgn

No:  B/W 1/2     W:B       1:2           Time        Value Moves Dep 1:2       1-2-Draws
   6 W 2    1.0:0.0        1.0:5.0       1:38:49 PM  +299.99    14 0:4.000  1-5-0

--------------------------------------------------------------

Engine-Match Friday, August 29, 2025 1:38:50 PM
 Blitz 10/5 

Pairing 6/10 :    SlowMate_v3.0  -  V7P3R_v9.0

PGN-File: C:\Program Files (x86)\Arena\Tournaments\Engine Battle 20250829.pgn

No:  B/W 1/2     W:B       1:2           Time        Value Moves Dep 1:2       1-2-Draws
   6 B 1    1.0:0.0        6.0:0.0       1:41:22 PM   -85.00     8 4.000 :6.000  6-0-0

--------------------------------------------------------------

Engine-Match Friday, August 29, 2025 1:41:23 PM
 Blitz 10/5 

Pairing 7/10 :    Stockfish 1%  -  SlowMate_v3.0

PGN-File: C:\Program Files (x86)\Arena\Tournaments\Engine Battle 20250829.pgn

No:  B/W 1/2     W:B       1:2           Time        Value Moves Dep 1:2       1-2-Draws
   6 B 1    1.0:0.0        6.0:0.0       1:46:53 PM      -M1    21 20.200 :4.143  6-0-0

--------------------------------------------------------------

Engine-Match Friday, August 29, 2025 1:46:54 PM
 Blitz 10/5 

Pairing 8/10 :    V7P3R_v9.0  -  Random_Opponent

PGN-File: C:\Program Files (x86)\Arena\Tournaments\Engine Battle 20250829.pgn

No:  B/W 1/2     W:B       1:2           Time        Value Moves Dep 1:2       1-2-Draws
   6 B 1    1.0:0.0        6.0:0.0       1:48:20 PM      -M1    28 6.000 :0 6-0-0

--------------------------------------------------------------

Engine-Match Friday, August 29, 2025 1:48:21 PM
 Blitz 10/5 

Pairing 9/10 :    C0BR4_v2.0  -  V7P3R_v9.0

PGN-File: C:\Program Files (x86)\Arena\Tournaments\Engine Battle 20250829.pgn

No:  B/W 1/2     W:B       1:2           Time        Value Moves Dep 1:2       1-2-Draws
   6 B 1    1.0:0.0        5.0:1.0       1:48:57 PM  -110.00     9 4.000 :6.000  5-1-0

--------------------------------------------------------------

Engine-Match Friday, August 29, 2025 1:48:58 PM
 Blitz 10/5 

Pairing 10/10 :    Random_Opponent  -  Stockfish 1%

PGN-File: C:\Program Files (x86)\Arena\Tournaments\Engine Battle 20250829.pgn

No:  B/W 1/2     W:B       1:2           Time        Value Moves Dep 1:2       1-2-Draws
   6 W 2    1.0:0.0        0.0:6.0       1:49:05 PM      +M1     5 0:30.200  0-6-0

--------------------------------------------------------------

Engine-Match Friday, August 29, 2025 1:49:11 PM
 Blitz 10/5 

Pairing 1/10 :    SlowMate_v3.0  -  Random_Opponent

PGN-File: C:\Program Files (x86)\Arena\Tournaments\Engine Battle 20250829.pgn

No:  B/W 1/2     W:B       1:2           Time        Value Moves Dep 1:2       1-2-Draws
   7 W 1    2.5:1.5        5.5:1.5       1:57:54 PM  +166.02    38 4.079 :0 4-0-3

--------------------------------------------------------------

Engine-Match Friday, August 29, 2025 1:57:55 PM
 Blitz 10/5 

Pairing 2/10 :    Stockfish 1%  -  C0BR4_v2.0

PGN-File: C:\Program Files (x86)\Arena\Tournaments\Engine Battle 20250829.pgn

No:  B/W 1/2     W:B       1:2           Time        Value Moves Dep 1:2       1-2-Draws
   7 W 1    1.0:0.0        7.0:0.0       1:58:02 PM    +6.39     7 17.500 :4.000  7-0-0

--------------------------------------------------------------

Engine-Match Friday, August 29, 2025 1:58:04 PM
 Blitz 10/5 

Pairing 3/10 :    V7P3R_v9.0  -  Stockfish 1%

PGN-File: C:\Program Files (x86)\Arena\Tournaments\Engine Battle 20250829.pgn

No:  B/W 1/2     W:B       1:2           Time        Value Moves Dep 1:2       1-2-Draws
   7 B 2    1.0:0.0        0.0:7.0       1:58:39 PM    -M500    10 6.000 :17.444  0-7-0

--------------------------------------------------------------

Engine-Match Friday, August 29, 2025 1:58:40 PM
 Blitz 10/5 

Pairing 4/10 :    C0BR4_v2.0  -  SlowMate_v3.0

PGN-File: C:\Program Files (x86)\Arena\Tournaments\Engine Battle 20250829.pgn

No:  B/W 1/2     W:B       1:2           Time        Value Moves Dep 1:2       1-2-Draws
   7 = =    1.5:1.5        3.5:3.5       2:04:43 PM    -3.16    24 4.000 :4.542  2-2-3

--------------------------------------------------------------

Engine-Match Friday, August 29, 2025 2:04:44 PM
 Blitz 10/5 

Pairing 5/10 :    Random_Opponent  -  C0BR4_v2.0

PGN-File: C:\Program Files (x86)\Arena\Tournaments\Engine Battle 20250829.pgn

No:  B/W 1/2     W:B       1:2           Time        Value Moves Dep 1:2       1-2-Draws
   7 W 1    1.0:0.0        2.0:5.0       2:04:56 PM     0.00    18 0:4.000  2-5-0

--------------------------------------------------------------

Engine-Match Friday, August 29, 2025 2:04:57 PM
 Blitz 10/5 

Pairing 6/10 :    SlowMate_v3.0  -  V7P3R_v9.0

PGN-File: C:\Program Files (x86)\Arena\Tournaments\Engine Battle 20250829.pgn

No:  B/W 1/2     W:B       1:2           Time        Value Moves Dep 1:2       1-2-Draws
   7 W 1    1.0:0.0        7.0:0.0       2:09:23 PM    +M500    14 4.357 :6.000  7-0-0

--------------------------------------------------------------

Engine-Match Friday, August 29, 2025 2:09:24 PM
 Blitz 10/5 

Pairing 7/10 :    Stockfish 1%  -  SlowMate_v3.0

PGN-File: C:\Program Files (x86)\Arena\Tournaments\Engine Battle 20250829.pgn

No:  B/W 1/2     W:B       1:2           Time        Value Moves Dep 1:2       1-2-Draws
   7 W 1    1.0:0.0        7.0:0.0       2:15:19 PM      +M1    24 18.318 :4.435  7-0-0

--------------------------------------------------------------

Engine-Match Friday, August 29, 2025 2:15:20 PM
 Blitz 10/5 

Pairing 8/10 :    V7P3R_v9.0  -  Random_Opponent

PGN-File: C:\Program Files (x86)\Arena\Tournaments\Engine Battle 20250829.pgn

No:  B/W 1/2     W:B       1:2           Time        Value Moves Dep 1:2       1-2-Draws
   7 W 1    1.0:0.0        7.0:0.0       2:15:38 PM      +M1     5 6.000 :0 7-0-0

--------------------------------------------------------------

Engine-Match Friday, August 29, 2025 2:15:39 PM
 Blitz 10/5 

Pairing 9/10 :    C0BR4_v2.0  -  V7P3R_v9.0

PGN-File: C:\Program Files (x86)\Arena\Tournaments\Engine Battle 20250829.pgn

No:  B/W 1/2     W:B       1:2           Time        Value Moves Dep 1:2       1-2-Draws
