Engine-Match Monday, August 25, 2025 10:46:58 PM
 Blitz 10/5 

Pairing 1/15 :    SlowMate_v3.0  -  V7P3R_v7.2

PGN-File: C:\Program Files (x86)\Arena\Tournaments\Engine Battle 20250825.pgn

No:  B/W 1/2     W:B       1:2           Time        Value Moves Dep 1:2       1-2-Draws
   1 B 2    1.0:0.0        0.0:1.0       10:51:19 PM      -M3    10 3.900 :5.400  0-1-0

--------------------------------------------------------------

Engine-Match Monday, August 25, 2025 10:51:20 PM
 Blitz 10/5 

Pairing 2/15 :    Stockfish 1%  -  V7P3R_v7.0

PGN-File: C:\Program Files (x86)\Arena\Tournaments\Engine Battle 20250825.pgn

No:  B/W 1/2     W:B       1:2           Time        Value Moves Dep 1:2       1-2-Draws
   1 W 1    1.0:0.0        1.0:0.0       10:53:33 PM  +203.00    12 16.417 :5.750  1-0-0

--------------------------------------------------------------

Engine-Match Monday, August 25, 2025 10:53:34 PM
 Blitz 10/5 

Pairing 3/15 :    C0BR4_v2.1  -  Random_Opponent

PGN-File: C:\Program Files (x86)\Arena\Tournaments\Engine Battle 20250825.pgn

No:  B/W 1/2     W:B       1:2           Time        Value Moves Dep 1:2       1-2-Draws
   1 W 1    1.0:0.0        1.0:0.0       10:53:43 PM  +299.99    12 4.000 :0 1-0-0

--------------------------------------------------------------

Engine-Match Monday, August 25, 2025 10:53:45 PM
 Blitz 10/5 

Pairing 4/15 :    Stockfish 1%  -  SlowMate_v3.0

PGN-File: C:\Program Files (x86)\Arena\Tournaments\Engine Battle 20250825.pgn

No:  B/W 1/2     W:B       1:2           Time        Value Moves Dep 1:2       1-2-Draws
   1 * *     0.0:0.0        0.0:0.0       11:02:08 PM    +7.06    36 17.577 :3.943  0-0-0

--------------------------------------------------------------

Engine-Match Monday, August 25, 2025 11:04:55 PM
 Blitz 10/5 

Pairing 4/15 :    Stockfish 1%  -  SlowMate_v3.0

PGN-File: C:\Program Files (x86)\Arena\Tournaments\Engine Battle 20250825.pgn

No:  B/W 1/2     W:B       1:2           Time        Value Moves Dep 1:2       1-2-Draws
   1 W 1    1.0:0.0        1.0:0.0       11:10:45 PM      +M1    24 19.522 :4.522  1-0-0

--------------------------------------------------------------

Engine-Match Monday, August 25, 2025 11:10:46 PM
 Blitz 10/5 

Pairing 5/15 :    Random_Opponent  -  V7P3R_v7.2

PGN-File: C:\Program Files (x86)\Arena\Tournaments\Engine Battle 20250825.pgn

No:  B/W 1/2     W:B       1:2           Time        Value Moves Dep 1:2       1-2-Draws
   1 B 2    1.0:0.0        0.0:1.0       11:13:51 PM      -M3    15 0:5.867  0-1-0

--------------------------------------------------------------

Engine-Match Monday, August 25, 2025 11:13:52 PM
 Blitz 10/5 

Pairing 6/15 :    V7P3R_v7.0  -  C0BR4_v2.1

PGN-File: C:\Program Files (x86)\Arena\Tournaments\Engine Battle 20250825.pgn

No:  B/W 1/2     W:B       1:2           Time        Value Moves Dep 1:2       1-2-Draws
   1 W 1    1.0:0.0        1.0:0.0       11:21:41 PM   +14.86    37 5.773 :4.000  1-0-0

--------------------------------------------------------------

Engine-Match Monday, August 25, 2025 11:21:42 PM
 Blitz 10/5 

Pairing 7/15 :    SlowMate_v3.0  -  Random_Opponent

PGN-File: C:\Program Files (x86)\Arena\Tournaments\Engine Battle 20250825.pgn

No:  B/W 1/2     W:B       1:2           Time        Value Moves Dep 1:2       1-2-Draws
   1 W 1    1.0:0.0        1.0:0.0       11:26:48 PM  +127.98    20 4.400 :0 1-0-0

--------------------------------------------------------------

Engine-Match Monday, August 25, 2025 11:26:49 PM
 Blitz 10/5 

Pairing 8/15 :    C0BR4_v2.1  -  Stockfish 1%

PGN-File: C:\Program Files (x86)\Arena\Tournaments\Engine Battle 20250825.pgn

No:  B/W 1/2     W:B       1:2           Time        Value Moves Dep 1:2       1-2-Draws
   1 B 2    1.0:0.0        0.0:1.0       11:27:09 PM      -M1    17 4.000 :20.118  0-1-0

--------------------------------------------------------------

Engine-Match Monday, August 25, 2025 11:27:10 PM
 Blitz 10/5 

Pairing 9/15 :    V7P3R_v7.2  -  V7P3R_v7.0

PGN-File: C:\Program Files (x86)\Arena\Tournaments\Engine Battle 20250825.pgn

No:  B/W 1/2     W:B       1:2           Time        Value Moves Dep 1:2       1-2-Draws
   1 W 1    1.0:0.0        1.0:0.0       11:38:48 PM  +118.00    38 5.467 :5.367  1-0-0

--------------------------------------------------------------

Engine-Match Monday, August 25, 2025 11:38:50 PM
 Blitz 10/5 

Pairing 10/15 :    C0BR4_v2.1  -  SlowMate_v3.0

PGN-File: C:\Program Files (x86)\Arena\Tournaments\Engine Battle 20250825.pgn

No:  B/W 1/2     W:B       1:2           Time        Value Moves Dep 1:2       1-2-Draws
   1 B 2    1.0:0.0        0.0:1.0       11:40:00 PM    -1.77     4 4.000 :4.600  0-1-0

--------------------------------------------------------------

Engine-Match Monday, August 25, 2025 11:40:02 PM
 Blitz 10/5 

Pairing 11/15 :    V7P3R_v7.0  -  Random_Opponent

PGN-File: C:\Program Files (x86)\Arena\Tournaments\Engine Battle 20250825.pgn

No:  B/W 1/2     W:B       1:2           Time        Value Moves Dep 1:2       1-2-Draws
   1 W 1    1.0:0.0        1.0:0.0       11:41:50 PM    +M500     7 5.857 :0 1-0-0

--------------------------------------------------------------

Engine-Match Monday, August 25, 2025 11:41:51 PM
 Blitz 10/5 

Pairing 12/15 :    Stockfish 1%  -  V7P3R_v7.2

PGN-File: C:\Program Files (x86)\Arena\Tournaments\Engine Battle 20250825.pgn

No:  B/W 1/2     W:B       1:2           Time        Value Moves Dep 1:2       1-2-Draws
   1 W 1    1.0:0.0        1.0:0.0       11:44:49 PM      +M3    21 19.550 :5.667  1-0-0

--------------------------------------------------------------

Engine-Match Monday, August 25, 2025 11:44:50 PM
 Blitz 10/5 

Pairing 13/15 :    SlowMate_v3.0  -  V7P3R_v7.0

PGN-File: C:\Program Files (x86)\Arena\Tournaments\Engine Battle 20250825.pgn

No:  B/W 1/2     W:B       1:2           Time        Value Moves Dep 1:2       1-2-Draws
   1 B 2    1.0:0.0        0.0:1.0       11:54:12 PM    -M500    21 3.905 :5.429  0-1-0

--------------------------------------------------------------

Engine-Match Monday, August 25, 2025 11:54:13 PM
 Blitz 10/5 

Pairing 14/15 :    V7P3R_v7.2  -  C0BR4_v2.1

PGN-File: C:\Program Files (x86)\Arena\Tournaments\Engine Battle 20250825.pgn

No:  B/W 1/2     W:B       1:2           Time        Value Moves Dep 1:2       1-2-Draws
   1 = =    0.5:0.5        0.5:0.5       11:57:03 PM    -3.56    17 5.706 :4.000  0-0-1

--------------------------------------------------------------

Engine-Match Monday, August 25, 2025 11:57:04 PM
 Blitz 10/5 

Pairing 15/15 :    Random_Opponent  -  Stockfish 1%

PGN-File: C:\Program Files (x86)\Arena\Tournaments\Engine Battle 20250825.pgn

No:  B/W 1/2     W:B       1:2           Time        Value Moves Dep 1:2       1-2-Draws
   1 B 2    1.0:0.0        0.0:1.0       11:57:12 PM      -M1     9 0:20.667  0-1-0

--------------------------------------------------------------

Engine-Match Monday, August 25, 2025 11:57:14 PM
 Blitz 10/5 

Pairing 1/15 :    SlowMate_v3.0  -  V7P3R_v7.2

PGN-File: C:\Program Files (x86)\Arena\Tournaments\Engine Battle 20250825.pgn

No:  B/W 1/2     W:B       1:2           Time        Value Moves Dep 1:2       1-2-Draws
   2 = =    0.5:0.5        0.5:1.5       12:15:31 AM    -7.71    61 4.303 :5.636  0-1-1

--------------------------------------------------------------

Engine-Match Tuesday, August 26, 2025 12:15:32 AM
 Blitz 10/5 

Pairing 2/15 :    Stockfish 1%  -  V7P3R_v7.0

PGN-File: C:\Program Files (x86)\Arena\Tournaments\Engine Battle 20250825.pgn

No:  B/W 1/2     W:B       1:2           Time        Value Moves Dep 1:2       1-2-Draws
   2 B 1    1.0:0.0        2.0:0.0       12:17:00 AM  -100.00     5 17.250 :6.000  2-0-0

--------------------------------------------------------------

Engine-Match Tuesday, August 26, 2025 12:17:01 AM
 Blitz 10/5 

Pairing 3/15 :    C0BR4_v2.1  -  Random_Opponent

PGN-File: C:\Program Files (x86)\Arena\Tournaments\Engine Battle 20250825.pgn

No:  B/W 1/2     W:B       1:2           Time        Value Moves Dep 1:2       1-2-Draws
   2 B 1    1.0:0.0        2.0:0.0       12:17:17 AM  -299.99    20 4.000 :0 2-0-0

--------------------------------------------------------------

Engine-Match Tuesday, August 26, 2025 12:17:19 AM
 Blitz 10/5 

Pairing 4/15 :    Stockfish 1%  -  SlowMate_v3.0

PGN-File: C:\Program Files (x86)\Arena\Tournaments\Engine Battle 20250825.pgn

No:  B/W 1/2     W:B       1:2           Time        Value Moves Dep 1:2       1-2-Draws
   2 B 1    1.0:0.0        2.0:0.0       12:22:23 AM      -M1    19 19.368 :4.158  2-0-0

--------------------------------------------------------------

Engine-Match Tuesday, August 26, 2025 12:22:25 AM
 Blitz 10/5 

Pairing 5/15 :    Random_Opponent  -  V7P3R_v7.2

PGN-File: C:\Program Files (x86)\Arena\Tournaments\Engine Battle 20250825.pgn

No:  B/W 1/2     W:B       1:2           Time        Value Moves Dep 1:2       1-2-Draws
   2 W 2    1.0:0.0        0.0:2.0       12:24:48 AM      +M3    11 0:5.727  0-2-0

--------------------------------------------------------------

Engine-Match Tuesday, August 26, 2025 12:24:50 AM
 Blitz 10/5 

Pairing 6/15 :    V7P3R_v7.0  -  C0BR4_v2.1

PGN-File: C:\Program Files (x86)\Arena\Tournaments\Engine Battle 20250825.pgn

No:  B/W 1/2     W:B       1:2           Time        Value Moves Dep 1:2       1-2-Draws
   2 B 1    1.0:0.0        2.0:0.0       12:26:58 AM   -30.00    13 5.286 :4.000  2-0-0

--------------------------------------------------------------

Engine-Match Tuesday, August 26, 2025 12:26:59 AM
 Blitz 10/5 

Pairing 7/15 :    SlowMate_v3.0  -  Random_Opponent

PGN-File: C:\Program Files (x86)\Arena\Tournaments\Engine Battle 20250825.pgn

No:  B/W 1/2     W:B       1:2           Time        Value Moves Dep 1:2       1-2-Draws
   2 = =    0.5:0.5        1.5:0.5       12:34:12 AM     0.00    31 4.367 :0 1-0-1

--------------------------------------------------------------

Engine-Match Tuesday, August 26, 2025 12:34:13 AM
 Blitz 10/5 

Pairing 8/15 :    C0BR4_v2.1  -  Stockfish 1%

PGN-File: C:\Program Files (x86)\Arena\Tournaments\Engine Battle 20250825.pgn

No:  B/W 1/2     W:B       1:2           Time        Value Moves Dep 1:2       1-2-Draws
   2 W 2    1.0:0.0        0.0:2.0       12:34:21 AM    +5.77     7 4.000 :17.375  0-2-0

--------------------------------------------------------------

Engine-Match Tuesday, August 26, 2025 12:34:27 AM
 Blitz 10/5 

Pairing 9/15 :    V7P3R_v7.2  -  V7P3R_v7.0

PGN-File: C:\Program Files (x86)\Arena\Tournaments\Engine Battle 20250825.pgn

No:  B/W 1/2     W:B       1:2           Time        Value Moves Dep 1:2       1-2-Draws
   2 B 1    1.0:0.0        2.0:0.0       12:41:18 AM  -217.00    18 6.000 :6.000  2-0-0

--------------------------------------------------------------

Engine-Match Tuesday, August 26, 2025 12:41:19 AM
 Blitz 10/5 

Pairing 10/15 :    C0BR4_v2.1  -  SlowMate_v3.0

PGN-File: C:\Program Files (x86)\Arena\Tournaments\Engine Battle 20250825.pgn

No:  B/W 1/2     W:B       1:2           Time        Value Moves Dep 1:2       1-2-Draws
   2 W 2    1.0:0.0        0.0:2.0       12:49:11 AM   +12.85    33 4.000 :4.273  0-2-0

--------------------------------------------------------------

Engine-Match Tuesday, August 26, 2025 12:49:12 AM
 Blitz 10/5 

Pairing 11/15 :    V7P3R_v7.0  -  Random_Opponent

PGN-File: C:\Program Files (x86)\Arena\Tournaments\Engine Battle 20250825.pgn

No:  B/W 1/2     W:B       1:2           Time        Value Moves Dep 1:2       1-2-Draws
   2 B 1    1.0:0.0        2.0:0.0       12:51:20 AM    -M500    11 5.455 :0 2-0-0

--------------------------------------------------------------

Engine-Match Tuesday, August 26, 2025 12:51:21 AM
 Blitz 10/5 

Pairing 12/15 :    Stockfish 1%  -  V7P3R_v7.2

PGN-File: C:\Program Files (x86)\Arena\Tournaments\Engine Battle 20250825.pgn

No:  B/W 1/2     W:B       1:2           Time        Value Moves Dep 1:2       1-2-Draws
   2 B 1    1.0:0.0        2.0:0.0       12:57:49 AM      -M1    45 16.929 :5.636  2-0-0

--------------------------------------------------------------

Engine-Match Tuesday, August 26, 2025 12:57:50 AM
 Blitz 10/5 

Pairing 13/15 :    SlowMate_v3.0  -  V7P3R_v7.0

PGN-File: C:\Program Files (x86)\Arena\Tournaments\Engine Battle 20250825.pgn

No:  B/W 1/2     W:B       1:2           Time        Value Moves Dep 1:2       1-2-Draws
   2 W 2    1.0:0.0        0.0:2.0       1:09:23 AM    +M500    23 3.818 :5.478  0-2-0

--------------------------------------------------------------

Engine-Match Tuesday, August 26, 2025 1:09:24 AM
 Blitz 10/5 

Pairing 14/15 :    V7P3R_v7.2  -  C0BR4_v2.1

PGN-File: C:\Program Files (x86)\Arena\Tournaments\Engine Battle 20250825.pgn

No:  B/W 1/2     W:B       1:2           Time        Value Moves Dep 1:2       1-2-Draws
   2 B 1    1.5:0.5        1.5:0.5       1:12:02 AM    +0.89    14 5.600 :4.000  1-0-1

--------------------------------------------------------------

Engine-Match Tuesday, August 26, 2025 1:12:03 AM
 Blitz 10/5 

Pairing 15/15 :    Random_Opponent  -  Stockfish 1%

PGN-File: C:\Program Files (x86)\Arena\Tournaments\Engine Battle 20250825.pgn

No:  B/W 1/2     W:B       1:2           Time        Value Moves Dep 1:2       1-2-Draws
   2 W 2    1.0:0.0        0.0:2.0       1:12:13 AM      +M1    10 0:29.200  0-2-0

--------------------------------------------------------------

Engine-Match Tuesday, August 26, 2025 1:12:14 AM
 Blitz 10/5 

Pairing 1/15 :    SlowMate_v3.0  -  V7P3R_v7.2

PGN-File: C:\Program Files (x86)\Arena\Tournaments\Engine Battle 20250825.pgn

No:  B/W 1/2     W:B       1:2           Time        Value Moves Dep 1:2       1-2-Draws
   3 B 2    1.5:0.5        0.5:2.5       1:16:37 AM      -M3    10 3.900 :5.400  0-2-1

--------------------------------------------------------------

Engine-Match Tuesday, August 26, 2025 1:16:38 AM
 Blitz 10/5 

Pairing 2/15 :    Stockfish 1%  -  V7P3R_v7.0

PGN-File: C:\Program Files (x86)\Arena\Tournaments\Engine Battle 20250825.pgn

No:  B/W 1/2     W:B       1:2           Time        Value Moves Dep 1:2       1-2-Draws
   3 W 1    1.0:0.0        3.0:0.0       1:21:21 AM    +M500    21 17.286 :5.619  3-0-0

--------------------------------------------------------------

Engine-Match Tuesday, August 26, 2025 1:21:22 AM
 Blitz 10/5 

Pairing 3/15 :    C0BR4_v2.1  -  Random_Opponent

PGN-File: C:\Program Files (x86)\Arena\Tournaments\Engine Battle 20250825.pgn

No:  B/W 1/2     W:B       1:2           Time        Value Moves Dep 1:2       1-2-Draws
   3 W 1    1.0:0.0        3.0:0.0       1:21:28 AM  +299.99     9 4.000 :0 3-0-0

--------------------------------------------------------------

Engine-Match Tuesday, August 26, 2025 1:21:29 AM
 Blitz 10/5 

Pairing 4/15 :    Stockfish 1%  -  SlowMate_v3.0

PGN-File: C:\Program Files (x86)\Arena\Tournaments\Engine Battle 20250825.pgn

No:  B/W 1/2     W:B       1:2           Time        Value Moves Dep 1:2       1-2-Draws
   3 W 1    1.0:0.0        3.0:0.0       1:26:04 AM      +M1    18 22.944 :4.294  3-0-0

--------------------------------------------------------------

Engine-Match Tuesday, August 26, 2025 1:26:06 AM
 Blitz 10/5 

Pairing 5/15 :    Random_Opponent  -  V7P3R_v7.2

PGN-File: C:\Program Files (x86)\Arena\Tournaments\Engine Battle 20250825.pgn

No:  B/W 1/2     W:B       1:2           Time        Value Moves Dep 1:2       1-2-Draws
   3 B 2    1.0:0.0        0.0:3.0       1:29:19 AM      -M3    16 0:5.750  0-3-0

--------------------------------------------------------------

Engine-Match Tuesday, August 26, 2025 1:29:21 AM
 Blitz 10/5 

Pairing 6/15 :    V7P3R_v7.0  -  C0BR4_v2.1

PGN-File: C:\Program Files (x86)\Arena\Tournaments\Engine Battle 20250825.pgn

No:  B/W 1/2     W:B       1:2           Time        Value Moves Dep 1:2       1-2-Draws
   3 W 1    1.0:0.0        3.0:0.0       1:38:32 AM   +11.90    57 5.519 :4.000  3-0-0

--------------------------------------------------------------

Engine-Match Tuesday, August 26, 2025 1:38:33 AM
 Blitz 10/5 

Pairing 7/15 :    SlowMate_v3.0  -  Random_Opponent

PGN-File: C:\Program Files (x86)\Arena\Tournaments\Engine Battle 20250825.pgn

No:  B/W 1/2     W:B       1:2           Time        Value Moves Dep 1:2       1-2-Draws
   3 W 1    1.5:0.5        2.5:0.5       1:48:47 AM  +197.18    47 4.170 :0 2-0-1

--------------------------------------------------------------

Engine-Match Tuesday, August 26, 2025 1:48:48 AM
 Blitz 10/5 

Pairing 8/15 :    C0BR4_v2.1  -  Stockfish 1%

PGN-File: C:\Program Files (x86)\Arena\Tournaments\Engine Battle 20250825.pgn

No:  B/W 1/2     W:B       1:2           Time        Value Moves Dep 1:2       1-2-Draws
   3 B 2    1.0:0.0        0.0:3.0       1:49:05 AM      -M1    17 4.000 :25.824  0-3-0

--------------------------------------------------------------

Engine-Match Tuesday, August 26, 2025 1:49:06 AM
 Blitz 10/5 

Pairing 9/15 :    V7P3R_v7.2  -  V7P3R_v7.0

PGN-File: C:\Program Files (x86)\Arena\Tournaments\Engine Battle 20250825.pgn

No:  B/W 1/2     W:B       1:2           Time        Value Moves Dep 1:2       1-2-Draws
   3 W 1    1.0:0.0        3.0:0.0       2:00:24 AM  +118.00    38 5.467 :5.367  3-0-0

--------------------------------------------------------------

Engine-Match Tuesday, August 26, 2025 2:00:25 AM
 Blitz 10/5 

Pairing 10/15 :    C0BR4_v2.1  -  SlowMate_v3.0

PGN-File: C:\Program Files (x86)\Arena\Tournaments\Engine Battle 20250825.pgn

No:  B/W 1/2     W:B       1:2           Time        Value Moves Dep 1:2       1-2-Draws
   3 B 2    1.0:0.0        0.0:3.0       2:04:44 AM    -1.75    16 4.000 :4.294  0-3-0

--------------------------------------------------------------

Engine-Match Tuesday, August 26, 2025 2:04:45 AM
 Blitz 10/5 

Pairing 11/15 :    V7P3R_v7.0  -  Random_Opponent

PGN-File: C:\Program Files (x86)\Arena\Tournaments\Engine Battle 20250825.pgn

No:  B/W 1/2     W:B       1:2           Time        Value Moves Dep 1:2       1-2-Draws
   3 = =    0.5:0.5        2.5:0.5       2:09:50 AM    +M500    20 5.700 :0 2-0-1

--------------------------------------------------------------

Engine-Match Tuesday, August 26, 2025 2:09:51 AM
 Blitz 10/5 

Pairing 12/15 :    Stockfish 1%  -  V7P3R_v7.2

PGN-File: C:\Program Files (x86)\Arena\Tournaments\Engine Battle 20250825.pgn

No:  B/W 1/2     W:B       1:2           Time        Value Moves Dep 1:2       1-2-Draws
   3 W 1    1.0:0.0        3.0:0.0       2:12:35 AM      +M1    19 25.263 :5.444  3-0-0

--------------------------------------------------------------

Engine-Match Tuesday, August 26, 2025 2:12:36 AM
 Blitz 10/5 

Pairing 13/15 :    SlowMate_v3.0  -  V7P3R_v7.0

PGN-File: C:\Program Files (x86)\Arena\Tournaments\Engine Battle 20250825.pgn

No:  B/W 1/2     W:B       1:2           Time        Value Moves Dep 1:2       1-2-Draws
   3 B 2    1.0:0.0        0.0:3.0       2:21:54 AM    -M500    21 3.952 :5.429  0-3-0

--------------------------------------------------------------

Engine-Match Tuesday, August 26, 2025 2:22:01 AM
 Blitz 10/5 

Pairing 14/15 :    V7P3R_v7.2  -  C0BR4_v2.1

PGN-File: C:\Program Files (x86)\Arena\Tournaments\Engine Battle 20250825.pgn

No:  B/W 1/2     W:B       1:2           Time        Value Moves Dep 1:2       1-2-Draws
   3 = =    1.0:1.0        2.0:1.0       2:24:42 AM    -3.56    17 5.706 :4.000  1-0-2

--------------------------------------------------------------

Engine-Match Tuesday, August 26, 2025 2:24:43 AM
 Blitz 10/5 

Pairing 15/15 :    Random_Opponent  -  Stockfish 1%

PGN-File: C:\Program Files (x86)\Arena\Tournaments\Engine Battle 20250825.pgn

No:  B/W 1/2     W:B       1:2           Time        Value Moves Dep 1:2       1-2-Draws
   3 B 2    1.0:0.0        0.0:3.0       2:25:01 AM      -M1    23 0:19.636  0-3-0

--------------------------------------------------------------

Engine-Match Tuesday, August 26, 2025 2:25:02 AM
 Blitz 10/5 

Pairing 1/15 :    SlowMate_v3.0  -  V7P3R_v7.2

PGN-File: C:\Program Files (x86)\Arena\Tournaments\Engine Battle 20250825.pgn

No:  B/W 1/2     W:B       1:2           Time        Value Moves Dep 1:2       1-2-Draws
   4 = =    1.0:1.0        1.0:3.0       2:44:45 AM    -6.29    72 4.303 :5.636  0-2-2

--------------------------------------------------------------

Engine-Match Tuesday, August 26, 2025 2:44:46 AM
 Blitz 10/5 

Pairing 2/15 :    Stockfish 1%  -  V7P3R_v7.0

PGN-File: C:\Program Files (x86)\Arena\Tournaments\Engine Battle 20250825.pgn

No:  B/W 1/2     W:B       1:2           Time        Value Moves Dep 1:2       1-2-Draws
   4 B 1    1.0:0.0        4.0:0.0       2:46:11 AM  -100.00     5 17.250 :6.000  4-0-0

--------------------------------------------------------------

Engine-Match Tuesday, August 26, 2025 2:46:13 AM
 Blitz 10/5 

Pairing 3/15 :    C0BR4_v2.1  -  Random_Opponent

PGN-File: C:\Program Files (x86)\Arena\Tournaments\Engine Battle 20250825.pgn

No:  B/W 1/2     W:B       1:2           Time        Value Moves Dep 1:2       1-2-Draws
   4 W 2    1.0:0.0        3.0:1.0       2:46:17 AM     0.00     6 4.000 :0 3-1-0

--------------------------------------------------------------

Engine-Match Tuesday, August 26, 2025 2:46:18 AM
 Blitz 10/5 

Pairing 4/15 :    Stockfish 1%  -  SlowMate_v3.0

PGN-File: C:\Program Files (x86)\Arena\Tournaments\Engine Battle 20250825.pgn

No:  B/W 1/2     W:B       1:2           Time        Value Moves Dep 1:2       1-2-Draws
   4 B 1    1.0:0.0        4.0:0.0       2:55:50 AM   -11.15    42 17.885 :3.786  4-0-0

--------------------------------------------------------------

Engine-Match Tuesday, August 26, 2025 2:55:52 AM
 Blitz 10/5 

Pairing 5/15 :    Random_Opponent  -  V7P3R_v7.2

PGN-File: C:\Program Files (x86)\Arena\Tournaments\Engine Battle 20250825.pgn

No:  B/W 1/2     W:B       1:2           Time        Value Moves Dep 1:2       1-2-Draws
   4 W 2    1.0:0.0        0.0:4.0       2:58:28 AM      +M3    11 0:6.000  0-4-0

--------------------------------------------------------------

Engine-Match Tuesday, August 26, 2025 2:58:30 AM
 Blitz 10/5 

Pairing 6/15 :    V7P3R_v7.0  -  C0BR4_v2.1

PGN-File: C:\Program Files (x86)\Arena\Tournaments\Engine Battle 20250825.pgn

No:  B/W 1/2     W:B       1:2           Time        Value Moves Dep 1:2       1-2-Draws
   4 B 1    1.0:0.0        4.0:0.0       3:01:02 AM  -200.00     8 5.778 :4.000  4-0-0

--------------------------------------------------------------

Engine-Match Tuesday, August 26, 2025 3:01:03 AM
 Blitz 10/5 

Pairing 7/15 :    SlowMate_v3.0  -  Random_Opponent

PGN-File: C:\Program Files (x86)\Arena\Tournaments\Engine Battle 20250825.pgn

No:  B/W 1/2     W:B       1:2           Time        Value Moves Dep 1:2       1-2-Draws
   4 B 1    1.5:0.5        3.5:0.5       3:03:17 AM  -160.71     8 4.375 :0 3-0-1

--------------------------------------------------------------

Engine-Match Tuesday, August 26, 2025 3:03:18 AM
 Blitz 10/5 

Pairing 8/15 :    C0BR4_v2.1  -  Stockfish 1%

PGN-File: C:\Program Files (x86)\Arena\Tournaments\Engine Battle 20250825.pgn

No:  B/W 1/2     W:B       1:2           Time        Value Moves Dep 1:2       1-2-Draws
   4 W 2    1.0:0.0        0.0:4.0       3:03:31 AM    +4.80    12 4.000 :18.692  0-4-0

--------------------------------------------------------------

Engine-Match Tuesday, August 26, 2025 3:03:32 AM
 Blitz 10/5 

Pairing 9/15 :    V7P3R_v7.2  -  V7P3R_v7.0

PGN-File: C:\Program Files (x86)\Arena\Tournaments\Engine Battle 20250825.pgn

No:  B/W 1/2     W:B       1:2           Time        Value Moves Dep 1:2       1-2-Draws
   4 B 1    1.0:0.0        4.0:0.0       3:10:22 AM  -217.00    18 6.000 :6.000  4-0-0

--------------------------------------------------------------

Engine-Match Tuesday, August 26, 2025 3:10:23 AM
 Blitz 10/5 

Pairing 10/15 :    C0BR4_v2.1  -  SlowMate_v3.0

PGN-File: C:\Program Files (x86)\Arena\Tournaments\Engine Battle 20250825.pgn

No:  B/W 1/2     W:B       1:2           Time        Value Moves Dep 1:2       1-2-Draws
   4 W 2    1.0:0.0        0.0:4.0       3:17:49 AM  +299.98    31 4.000 :4.071  0-4-0

--------------------------------------------------------------

Engine-Match Tuesday, August 26, 2025 3:17:50 AM
 Blitz 10/5 

Pairing 11/15 :    V7P3R_v7.0  -  Random_Opponent

PGN-File: C:\Program Files (x86)\Arena\Tournaments\Engine Battle 20250825.pgn

No:  B/W 1/2     W:B       1:2           Time        Value Moves Dep 1:2       1-2-Draws
   4 B 1    1.5:0.5        3.5:0.5       3:24:23 AM    -M500    26 5.962 :0 3-0-1

--------------------------------------------------------------

Engine-Match Tuesday, August 26, 2025 3:24:24 AM
 Blitz 10/5 

Pairing 12/15 :    Stockfish 1%  -  V7P3R_v7.2

PGN-File: C:\Program Files (x86)\Arena\Tournaments\Engine Battle 20250825.pgn

No:  B/W 1/2     W:B       1:2           Time        Value Moves Dep 1:2       1-2-Draws
   4 B 1    1.0:0.0        4.0:0.0       3:28:26 AM   -16.15    23 19.818 :5.727  4-0-0

--------------------------------------------------------------

Engine-Match Tuesday, August 26, 2025 3:28:27 AM
 Blitz 10/5 

Pairing 13/15 :    SlowMate_v3.0  -  V7P3R_v7.0

PGN-File: C:\Program Files (x86)\Arena\Tournaments\Engine Battle 20250825.pgn

No:  B/W 1/2     W:B       1:2           Time        Value Moves Dep 1:2       1-2-Draws
   4 W 2    1.0:0.0        0.0:4.0       3:40:02 AM    +M500    23 3.818 :5.478  0-4-0

--------------------------------------------------------------

Engine-Match Tuesday, August 26, 2025 3:40:03 AM
 Blitz 10/5 

Pairing 14/15 :    V7P3R_v7.2  -  C0BR4_v2.1

PGN-File: C:\Program Files (x86)\Arena\Tournaments\Engine Battle 20250825.pgn

No:  B/W 1/2     W:B       1:2           Time        Value Moves Dep 1:2       1-2-Draws
   4 B 1    2.0:1.0        3.0:1.0       3:42:41 AM    +0.89    14 5.600 :4.000  2-0-2

--------------------------------------------------------------

Engine-Match Tuesday, August 26, 2025 3:42:42 AM
 Blitz 10/5 

Pairing 15/15 :    Random_Opponent  -  Stockfish 1%

PGN-File: C:\Program Files (x86)\Arena\Tournaments\Engine Battle 20250825.pgn

No:  B/W 1/2     W:B       1:2           Time        Value Moves Dep 1:2       1-2-Draws
   4 W 2    1.0:0.0        0.0:4.0       3:42:48 AM      +M1     5 0:29.800  0-4-0

--------------------------------------------------------------

Engine-Match Tuesday, August 26, 2025 3:42:50 AM
 Blitz 10/5 

Pairing 1/15 :    SlowMate_v3.0  -  V7P3R_v7.2

PGN-File: C:\Program Files (x86)\Arena\Tournaments\Engine Battle 20250825.pgn

No:  B/W 1/2     W:B       1:2           Time        Value Moves Dep 1:2       1-2-Draws
   5 B 2    2.0:1.0        1.0:4.0       3:47:10 AM      -M3    10 3.900 :5.400  0-3-2

--------------------------------------------------------------

Engine-Match Tuesday, August 26, 2025 3:47:12 AM
 Blitz 10/5 

Pairing 2/15 :    Stockfish 1%  -  V7P3R_v7.0

PGN-File: C:\Program Files (x86)\Arena\Tournaments\Engine Battle 20250825.pgn

No:  B/W 1/2     W:B       1:2           Time        Value Moves Dep 1:2       1-2-Draws
   5 W 1    1.0:0.0        5.0:0.0       3:52:02 AM    +M500    26 18.840 :5.385  5-0-0

--------------------------------------------------------------

Engine-Match Tuesday, August 26, 2025 3:52:04 AM
 Blitz 10/5 

Pairing 3/15 :    C0BR4_v2.1  -  Random_Opponent

PGN-File: C:\Program Files (x86)\Arena\Tournaments\Engine Battle 20250825.pgn

No:  B/W 1/2     W:B       1:2           Time        Value Moves Dep 1:2       1-2-Draws
   5 B 2    1.0:0.0        3.0:2.0       3:52:10 AM     0.00    11 4.000 :0 3-2-0

--------------------------------------------------------------

Engine-Match Tuesday, August 26, 2025 3:52:17 AM
 Blitz 10/5 

Pairing 4/15 :    Stockfish 1%  -  SlowMate_v3.0

PGN-File: C:\Program Files (x86)\Arena\Tournaments\Engine Battle 20250825.pgn

No:  B/W 1/2     W:B       1:2           Time        Value Moves Dep 1:2       1-2-Draws
   5 W 1    1.0:0.0        5.0:0.0       3:56:52 AM      +M1    18 23.167 :4.294  5-0-0

--------------------------------------------------------------

Engine-Match Tuesday, August 26, 2025 3:56:53 AM
 Blitz 10/5 

Pairing 5/15 :    Random_Opponent  -  V7P3R_v7.2

PGN-File: C:\Program Files (x86)\Arena\Tournaments\Engine Battle 20250825.pgn

No:  B/W 1/2     W:B       1:2           Time        Value Moves Dep 1:2       1-2-Draws
   5 B 2    1.0:0.0        0.0:5.0       3:57:37 AM      -M3     5 0:6.000  0-5-0

--------------------------------------------------------------

Engine-Match Tuesday, August 26, 2025 3:57:38 AM
 Blitz 10/5 

Pairing 6/15 :    V7P3R_v7.0  -  C0BR4_v2.1

PGN-File: C:\Program Files (x86)\Arena\Tournaments\Engine Battle 20250825.pgn

No:  B/W 1/2     W:B       1:2           Time        Value Moves Dep 1:2       1-2-Draws
   5 W 1    1.0:0.0        5.0:0.0       4:01:32 AM   +12.43    21 5.476 :4.000  5-0-0

--------------------------------------------------------------

Engine-Match Tuesday, August 26, 2025 4:01:34 AM
 Blitz 10/5 

Pairing 7/15 :    SlowMate_v3.0  -  Random_Opponent

PGN-File: C:\Program Files (x86)\Arena\Tournaments\Engine Battle 20250825.pgn

No:  B/W 1/2     W:B       1:2           Time        Value Moves Dep 1:2       1-2-Draws
   5 = =    1.0:1.0        4.0:1.0       4:10:25 AM     0.00    39 4.231 :0 3-0-2

--------------------------------------------------------------

Engine-Match Tuesday, August 26, 2025 4:10:26 AM
 Blitz 10/5 

Pairing 8/15 :    C0BR4_v2.1  -  Stockfish 1%

PGN-File: C:\Program Files (x86)\Arena\Tournaments\Engine Battle 20250825.pgn

No:  B/W 1/2     W:B       1:2           Time        Value Moves Dep 1:2       1-2-Draws
   5 B 2    1.0:0.0        0.0:5.0       4:10:41 AM    -4.38    14 4.000 :16.933  0-5-0

--------------------------------------------------------------

Engine-Match Tuesday, August 26, 2025 4:10:42 AM
 Blitz 10/5 

Pairing 9/15 :    V7P3R_v7.2  -  V7P3R_v7.0

PGN-File: C:\Program Files (x86)\Arena\Tournaments\Engine Battle 20250825.pgn

No:  B/W 1/2     W:B       1:2           Time        Value Moves Dep 1:2       1-2-Draws
   5 W 1    1.0:0.0        5.0:0.0       4:21:58 AM  +118.00    38 5.467 :5.367  5-0-0

--------------------------------------------------------------

Engine-Match Tuesday, August 26, 2025 4:21:59 AM
 Blitz 10/5 

Pairing 10/15 :    C0BR4_v2.1  -  SlowMate_v3.0

PGN-File: C:\Program Files (x86)\Arena\Tournaments\Engine Battle 20250825.pgn

No:  B/W 1/2     W:B       1:2           Time        Value Moves Dep 1:2       1-2-Draws
   5 B 2    1.0:0.0        0.0:5.0       4:23:13 AM    -1.77     4 4.000 :4.600  0-5-0

--------------------------------------------------------------

Engine-Match Tuesday, August 26, 2025 4:23:14 AM
 Blitz 10/5 

Pairing 11/15 :    V7P3R_v7.0  -  Random_Opponent

PGN-File: C:\Program Files (x86)\Arena\Tournaments\Engine Battle 20250825.pgn

No:  B/W 1/2     W:B       1:2           Time        Value Moves Dep 1:2       1-2-Draws
   5 W 1    1.5:0.5        4.5:0.5       4:25:14 AM    +M500     7 6.000 :0 4-0-1

--------------------------------------------------------------

Engine-Match Tuesday, August 26, 2025 4:25:15 AM
 Blitz 10/5 

Pairing 12/15 :    Stockfish 1%  -  V7P3R_v7.2

PGN-File: C:\Program Files (x86)\Arena\Tournaments\Engine Battle 20250825.pgn

No:  B/W 1/2     W:B       1:2           Time        Value Moves Dep 1:2       1-2-Draws
   5 W 1    1.0:0.0        5.0:0.0       4:28:00 AM      +M1    19 24.474 :5.444  5-0-0

--------------------------------------------------------------

Engine-Match Tuesday, August 26, 2025 4:28:01 AM
 Blitz 10/5 

Pairing 13/15 :    SlowMate_v3.0  -  V7P3R_v7.0

PGN-File: C:\Program Files (x86)\Arena\Tournaments\Engine Battle 20250825.pgn

No:  B/W 1/2     W:B       1:2           Time        Value Moves Dep 1:2       1-2-Draws
   5 B 2    1.0:0.0        0.0:5.0       4:37:17 AM    -M500    21 3.952 :5.429  0-5-0

--------------------------------------------------------------

Engine-Match Tuesday, August 26, 2025 4:37:18 AM
 Blitz 10/5 

Pairing 14/15 :    V7P3R_v7.2  -  C0BR4_v2.1

PGN-File: C:\Program Files (x86)\Arena\Tournaments\Engine Battle 20250825.pgn

No:  B/W 1/2     W:B       1:2           Time        Value Moves Dep 1:2       1-2-Draws
   5 W 1    2.0:1.0        4.0:1.0       4:38:06 AM    +1.25     6 5.429 :4.000  3-0-2

--------------------------------------------------------------

Engine-Match Tuesday, August 26, 2025 4:38:07 AM
 Blitz 10/5 

Pairing 15/15 :    Random_Opponent  -  Stockfish 1%

PGN-File: C:\Program Files (x86)\Arena\Tournaments\Engine Battle 20250825.pgn

No:  B/W 1/2     W:B       1:2           Time        Value Moves Dep 1:2       1-2-Draws
   5 B 2    1.0:0.0        0.0:5.0       4:38:20 AM      -M1    14 0:24.143  0-5-0

--------------------------------------------------------------

Engine-Match Tuesday, August 26, 2025 4:38:21 AM
 Blitz 10/5 

Pairing 1/15 :    SlowMate_v3.0  -  V7P3R_v7.2

PGN-File: C:\Program Files (x86)\Arena\Tournaments\Engine Battle 20250825.pgn

No:  B/W 1/2     W:B       1:2           Time        Value Moves Dep 1:2       1-2-Draws
   6 = =    1.5:1.5        1.5:4.5       4:58:08 AM    -6.29    72 4.303 :5.636  0-3-3

--------------------------------------------------------------

Engine-Match Tuesday, August 26, 2025 4:58:09 AM
 Blitz 10/5 

Pairing 2/15 :    Stockfish 1%  -  V7P3R_v7.0

PGN-File: C:\Program Files (x86)\Arena\Tournaments\Engine Battle 20250825.pgn

No:  B/W 1/2     W:B       1:2           Time        Value Moves Dep 1:2       1-2-Draws
   6 B 1    1.0:0.0        6.0:0.0       4:59:35 AM  -100.00     5 17.250 :6.000  6-0-0

--------------------------------------------------------------

Engine-Match Tuesday, August 26, 2025 4:59:36 AM
 Blitz 10/5 

Pairing 3/15 :    C0BR4_v2.1  -  Random_Opponent

PGN-File: C:\Program Files (x86)\Arena\Tournaments\Engine Battle 20250825.pgn

No:  B/W 1/2     W:B       1:2           Time        Value Moves Dep 1:2       1-2-Draws
   6 W 2    1.0:0.0        3.0:3.0       4:59:41 AM     0.00     7 4.000 :0 3-3-0

--------------------------------------------------------------

Engine-Match Tuesday, August 26, 2025 4:59:42 AM
 Blitz 10/5 

Pairing 4/15 :    Stockfish 1%  -  SlowMate_v3.0

PGN-File: C:\Program Files (x86)\Arena\Tournaments\Engine Battle 20250825.pgn

No:  B/W 1/2     W:B       1:2           Time        Value Moves Dep 1:2       1-2-Draws
   6 B 1    1.0:0.0        6.0:0.0       5:05:49 AM      -M1    24 19.739 :4.333  6-0-0

--------------------------------------------------------------

Engine-Match Tuesday, August 26, 2025 5:05:51 AM
 Blitz 10/5 

Pairing 5/15 :    Random_Opponent  -  V7P3R_v7.2

PGN-File: C:\Program Files (x86)\Arena\Tournaments\Engine Battle 20250825.pgn

No:  B/W 1/2     W:B       1:2           Time        Value Moves Dep 1:2       1-2-Draws
   6 W 2    1.0:0.0        0.0:6.0       5:06:57 AM      +M3     6 0:5.833  0-6-0

--------------------------------------------------------------

Engine-Match Tuesday, August 26, 2025 5:06:58 AM
 Blitz 10/5 

Pairing 6/15 :    V7P3R_v7.0  -  C0BR4_v2.1

PGN-File: C:\Program Files (x86)\Arena\Tournaments\Engine Battle 20250825.pgn

No:  B/W 1/2     W:B       1:2           Time        Value Moves Dep 1:2       1-2-Draws
   6 B 1    1.0:0.0        6.0:0.0       5:08:16 AM   +95.00     6 5.714 :4.000  6-0-0

--------------------------------------------------------------

Engine-Match Tuesday, August 26, 2025 5:08:17 AM
 Blitz 10/5 

Pairing 7/15 :    SlowMate_v3.0  -  Random_Opponent

PGN-File: C:\Program Files (x86)\Arena\Tournaments\Engine Battle 20250825.pgn

No:  B/W 1/2     W:B       1:2           Time        Value Moves Dep 1:2       1-2-Draws
   6 = =    1.5:1.5        4.5:1.5       5:13:25 AM     0.00    21 4.300 :0 3-0-3

--------------------------------------------------------------

Engine-Match Tuesday, August 26, 2025 5:13:26 AM
 Blitz 10/5 

Pairing 8/15 :    C0BR4_v2.1  -  Stockfish 1%

PGN-File: C:\Program Files (x86)\Arena\Tournaments\Engine Battle 20250825.pgn

No:  B/W 1/2     W:B       1:2           Time        Value Moves Dep 1:2       1-2-Draws
   6 W 2    1.0:0.0        0.0:6.0       5:13:37 AM    +5.45    12 4.000 :17.231  0-6-0

--------------------------------------------------------------

Engine-Match Tuesday, August 26, 2025 5:13:43 AM
 Blitz 10/5 

Pairing 9/15 :    V7P3R_v7.2  -  V7P3R_v7.0

PGN-File: C:\Program Files (x86)\Arena\Tournaments\Engine Battle 20250825.pgn

No:  B/W 1/2     W:B       1:2           Time        Value Moves Dep 1:2       1-2-Draws
   6 B 1    1.0:0.0        6.0:0.0       5:20:32 AM  -217.00    18 6.000 :6.000  6-0-0

--------------------------------------------------------------

Engine-Match Tuesday, August 26, 2025 5:20:33 AM
 Blitz 10/5 

Pairing 10/15 :    C0BR4_v2.1  -  SlowMate_v3.0

PGN-File: C:\Program Files (x86)\Arena\Tournaments\Engine Battle 20250825.pgn

No:  B/W 1/2     W:B       1:2           Time        Value Moves Dep 1:2       1-2-Draws
   6 W 2    1.0:0.0        0.0:6.0       5:23:02 AM    -1.58     9 4.000 :4.700  0-6-0

--------------------------------------------------------------

Engine-Match Tuesday, August 26, 2025 5:23:04 AM
 Blitz 10/5 

Pairing 11/15 :    V7P3R_v7.0  -  Random_Opponent

PGN-File: C:\Program Files (x86)\Arena\Tournaments\Engine Battle 20250825.pgn

No:  B/W 1/2     W:B       1:2           Time        Value Moves Dep 1:2       1-2-Draws
   6 = =    1.0:1.0        5.0:1.0       5:30:05 AM     0.00    40 5.692 :0 4-0-2

--------------------------------------------------------------

Engine-Match Tuesday, August 26, 2025 5:30:06 AM
 Blitz 10/5 

Pairing 12/15 :    Stockfish 1%  -  V7P3R_v7.2

PGN-File: C:\Program Files (x86)\Arena\Tournaments\Engine Battle 20250825.pgn

No:  B/W 1/2     W:B       1:2           Time        Value Moves Dep 1:2       1-2-Draws
   6 B 1    1.0:0.0        6.0:0.0       5:34:08 AM   -16.15    23 20.818 :5.727  6-0-0

--------------------------------------------------------------

Engine-Match Tuesday, August 26, 2025 5:34:09 AM
 Blitz 10/5 

Pairing 13/15 :    SlowMate_v3.0  -  V7P3R_v7.0

PGN-File: C:\Program Files (x86)\Arena\Tournaments\Engine Battle 20250825.pgn

No:  B/W 1/2     W:B       1:2           Time        Value Moves Dep 1:2       1-2-Draws
   6 W 2    1.0:0.0        0.0:6.0       5:45:45 AM    +M500    23 3.818 :5.478  0-6-0

--------------------------------------------------------------

Engine-Match Tuesday, August 26, 2025 5:45:47 AM
 Blitz 10/5 

Pairing 14/15 :    V7P3R_v7.2  -  C0BR4_v2.1

PGN-File: C:\Program Files (x86)\Arena\Tournaments\Engine Battle 20250825.pgn

No:  B/W 1/2     W:B       1:2           Time        Value Moves Dep 1:2       1-2-Draws
   6 B 1    2.0:1.0        5.0:1.0       5:47:01 AM    -9.23    11 5.667 :4.000  4-0-2

--------------------------------------------------------------

Engine-Match Tuesday, August 26, 2025 5:47:02 AM
 Blitz 10/5 

Pairing 15/15 :    Random_Opponent  -  Stockfish 1%

PGN-File: C:\Program Files (x86)\Arena\Tournaments\Engine Battle 20250825.pgn

No:  B/W 1/2     W:B       1:2           Time        Value Moves Dep 1:2       1-2-Draws
   6 W 2    1.0:0.0        0.0:6.0       5:47:16 AM      +M1    16 0:26.563  0-6-0

--------------------------------------------------------------

Engine-Match Tuesday, August 26, 2025 5:47:18 AM
 Blitz 10/5 

Pairing 1/15 :    SlowMate_v3.0  -  V7P3R_v7.2

PGN-File: C:\Program Files (x86)\Arena\Tournaments\Engine Battle 20250825.pgn

No:  B/W 1/2     W:B       1:2           Time        Value Moves Dep 1:2       1-2-Draws
   7 B 2    2.5:1.5        1.5:5.5       5:51:40 AM      -M3    10 3.900 :5.400  0-4-3

--------------------------------------------------------------

Engine-Match Tuesday, August 26, 2025 5:51:41 AM
 Blitz 10/5 

Pairing 2/15 :    Stockfish 1%  -  V7P3R_v7.0

PGN-File: C:\Program Files (x86)\Arena\Tournaments\Engine Battle 20250825.pgn

No:  B/W 1/2     W:B       1:2           Time        Value Moves Dep 1:2       1-2-Draws
   7 W 1    1.0:0.0        7.0:0.0       5:56:09 AM    +M500    17 17.471 :5.471  7-0-0

--------------------------------------------------------------

Engine-Match Tuesday, August 26, 2025 5:56:11 AM
 Blitz 10/5 

Pairing 3/15 :    C0BR4_v2.1  -  Random_Opponent

PGN-File: C:\Program Files (x86)\Arena\Tournaments\Engine Battle 20250825.pgn

No:  B/W 1/2     W:B       1:2           Time        Value Moves Dep 1:2       1-2-Draws
   7 B 2    1.0:0.0        3.0:4.0       5:56:17 AM     0.00     8 4.000 :0 3-4-0

--------------------------------------------------------------

Engine-Match Tuesday, August 26, 2025 5:56:18 AM
 Blitz 10/5 

Pairing 4/15 :    Stockfish 1%  -  SlowMate_v3.0

PGN-File: C:\Program Files (x86)\Arena\Tournaments\Engine Battle 20250825.pgn

No:  B/W 1/2     W:B       1:2           Time        Value Moves Dep 1:2       1-2-Draws
   7 W 1    1.0:0.0        7.0:0.0       6:05:44 AM      +M1    43 17.241 :3.762  7-0-0

--------------------------------------------------------------

Engine-Match Tuesday, August 26, 2025 6:05:45 AM
 Blitz 10/5 

Pairing 5/15 :    Random_Opponent  -  V7P3R_v7.2

PGN-File: C:\Program Files (x86)\Arena\Tournaments\Engine Battle 20250825.pgn

No:  B/W 1/2     W:B       1:2           Time        Value Moves Dep 1:2       1-2-Draws
   7 B 2    1.0:0.0        0.0:7.0       6:09:34 AM      -M3    19 0:5.947  0-7-0

--------------------------------------------------------------

Engine-Match Tuesday, August 26, 2025 6:09:35 AM
 Blitz 10/5 

Pairing 6/15 :    V7P3R_v7.0  -  C0BR4_v2.1

PGN-File: C:\Program Files (x86)\Arena\Tournaments\Engine Battle 20250825.pgn

No:  B/W 1/2     W:B       1:2           Time        Value Moves Dep 1:2       1-2-Draws
   7 W 1    1.0:0.0        7.0:0.0       6:13:28 AM   +12.43    21 5.476 :4.000  7-0-0

--------------------------------------------------------------

Engine-Match Tuesday, August 26, 2025 6:13:30 AM
 Blitz 10/5 

Pairing 7/15 :    SlowMate_v3.0  -  Random_Opponent

PGN-File: C:\Program Files (x86)\Arena\Tournaments\Engine Battle 20250825.pgn

No:  B/W 1/2     W:B       1:2           Time        Value Moves Dep 1:2       1-2-Draws
   7 W 1    2.5:1.5        5.5:1.5       6:18:14 AM  +188.32    18 4.056 :0 4-0-3

--------------------------------------------------------------

Engine-Match Tuesday, August 26, 2025 6:18:15 AM
 Blitz 10/5 

Pairing 8/15 :    C0BR4_v2.1  -  Stockfish 1%

PGN-File: C:\Program Files (x86)\Arena\Tournaments\Engine Battle 20250825.pgn

No:  B/W 1/2     W:B       1:2           Time        Value Moves Dep 1:2       1-2-Draws
   7 B 2    1.0:0.0        0.0:7.0       6:18:34 AM      -M1    19 4.000 :27.222  0-7-0

--------------------------------------------------------------

Engine-Match Tuesday, August 26, 2025 6:18:35 AM
 Blitz 10/5 

Pairing 9/15 :    V7P3R_v7.2  -  V7P3R_v7.0

PGN-File: C:\Program Files (x86)\Arena\Tournaments\Engine Battle 20250825.pgn

No:  B/W 1/2     W:B       1:2           Time        Value Moves Dep 1:2       1-2-Draws
   7 = =    0.5:0.5        6.5:0.5       6:25:45 AM    -2.00    20 5.750 :5.737  6-0-1

--------------------------------------------------------------

Engine-Match Tuesday, August 26, 2025 6:25:47 AM
 Blitz 10/5 

Pairing 10/15 :    C0BR4_v2.1  -  SlowMate_v3.0

PGN-File: C:\Program Files (x86)\Arena\Tournaments\Engine Battle 20250825.pgn

No:  B/W 1/2     W:B       1:2           Time        Value Moves Dep 1:2       1-2-Draws
   7 B 2    1.0:0.0        0.0:7.0       6:34:33 AM    -2.72    38 4.000 :4.444  0-7-0

--------------------------------------------------------------

Engine-Match Tuesday, August 26, 2025 6:34:35 AM
 Blitz 10/5 

Pairing 11/15 :    V7P3R_v7.0  -  Random_Opponent

PGN-File: C:\Program Files (x86)\Arena\Tournaments\Engine Battle 20250825.pgn

No:  B/W 1/2     W:B       1:2           Time        Value Moves Dep 1:2       1-2-Draws
   7 = =    1.5:1.5        5.5:1.5       6:43:16 AM     0.00    46 5.783 :0 4-0-3

--------------------------------------------------------------

Engine-Match Tuesday, August 26, 2025 6:43:18 AM
 Blitz 10/5 

Pairing 12/15 :    Stockfish 1%  -  V7P3R_v7.2

PGN-File: C:\Program Files (x86)\Arena\Tournaments\Engine Battle 20250825.pgn

No:  B/W 1/2     W:B       1:2           Time        Value Moves Dep 1:2       1-2-Draws
   7 W 1    1.0:0.0        7.0:0.0       6:46:01 AM      +M1    19 25.316 :5.444  7-0-0

--------------------------------------------------------------

Engine-Match Tuesday, August 26, 2025 6:46:02 AM
 Blitz 10/5 

Pairing 13/15 :    SlowMate_v3.0  -  V7P3R_v7.0

PGN-File: C:\Program Files (x86)\Arena\Tournaments\Engine Battle 20250825.pgn

No:  B/W 1/2     W:B       1:2           Time        Value Moves Dep 1:2       1-2-Draws
   7 B 2    1.0:0.0        0.0:7.0       6:55:19 AM    -M500    21 3.952 :5.429  0-7-0

--------------------------------------------------------------

Engine-Match Tuesday, August 26, 2025 6:55:26 AM
 Blitz 10/5 

Pairing 14/15 :    V7P3R_v7.2  -  C0BR4_v2.1

PGN-File: C:\Program Files (x86)\Arena\Tournaments\Engine Battle 20250825.pgn

No:  B/W 1/2     W:B       1:2           Time        Value Moves Dep 1:2       1-2-Draws
   7 W 1    2.0:1.0        6.0:1.0       6:56:30 AM    +1.25     6 5.571 :4.000  5-0-2

--------------------------------------------------------------

Engine-Match Tuesday, August 26, 2025 6:56:31 AM
 Blitz 10/5 

Pairing 15/15 :    Random_Opponent  -  Stockfish 1%

PGN-File: C:\Program Files (x86)\Arena\Tournaments\Engine Battle 20250825.pgn

No:  B/W 1/2     W:B       1:2           Time        Value Moves Dep 1:2       1-2-Draws
   7 B 2    1.0:0.0        0.0:7.0       6:56:37 AM      -M1     3 0:57.667  0-7-0

--------------------------------------------------------------

Engine-Match Tuesday, August 26, 2025 6:56:38 AM
 Blitz 10/5 

Pairing 1/15 :    SlowMate_v3.0  -  V7P3R_v7.2

PGN-File: C:\Program Files (x86)\Arena\Tournaments\Engine Battle 20250825.pgn

No:  B/W 1/2     W:B       1:2           Time        Value Moves Dep 1:2       1-2-Draws
   8 = =    2.0:2.0        2.0:6.0       7:16:16 AM    -6.29    72 4.303 :5.636  0-4-4

--------------------------------------------------------------

Engine-Match Tuesday, August 26, 2025 7:16:17 AM
 Blitz 10/5 

Pairing 2/15 :    Stockfish 1%  -  V7P3R_v7.0

PGN-File: C:\Program Files (x86)\Arena\Tournaments\Engine Battle 20250825.pgn

No:  B/W 1/2     W:B       1:2           Time        Value Moves Dep 1:2       1-2-Draws
   8 B 1    1.0:0.0        8.0:0.0       7:17:42 AM  -100.00     5 17.250 :6.000  8-0-0

--------------------------------------------------------------

Engine-Match Tuesday, August 26, 2025 7:17:43 AM
 Blitz 10/5 

Pairing 3/15 :    C0BR4_v2.1  -  Random_Opponent

PGN-File: C:\Program Files (x86)\Arena\Tournaments\Engine Battle 20250825.pgn

No:  B/W 1/2     W:B       1:2           Time        Value Moves Dep 1:2       1-2-Draws
   8 W 2    1.0:0.0        3.0:5.0       7:17:47 AM     0.00     5 4.000 :0 3-5-0

--------------------------------------------------------------

Engine-Match Tuesday, August 26, 2025 7:17:49 AM
 Blitz 10/5 

Pairing 4/15 :    Stockfish 1%  -  SlowMate_v3.0

PGN-File: C:\Program Files (x86)\Arena\Tournaments\Engine Battle 20250825.pgn

No:  B/W 1/2     W:B       1:2           Time        Value Moves Dep 1:2       1-2-Draws
   8 B 1    1.0:0.0        8.0:0.0       7:23:44 AM   -12.58    23 20.636 :4.217  8-0-0

--------------------------------------------------------------

Engine-Match Tuesday, August 26, 2025 7:23:45 AM
 Blitz 10/5 

Pairing 5/15 :    Random_Opponent  -  V7P3R_v7.2

PGN-File: C:\Program Files (x86)\Arena\Tournaments\Engine Battle 20250825.pgn

No:  B/W 1/2     W:B       1:2           Time        Value Moves Dep 1:2       1-2-Draws
   8 W 2    1.0:0.0        0.0:8.0       7:26:50 AM      +M3    14 0:5.786  0-8-0

--------------------------------------------------------------

Engine-Match Tuesday, August 26, 2025 7:26:51 AM
 Blitz 10/5 

Pairing 6/15 :    V7P3R_v7.0  -  C0BR4_v2.1

PGN-File: C:\Program Files (x86)\Arena\Tournaments\Engine Battle 20250825.pgn

No:  B/W 1/2     W:B       1:2           Time        Value Moves Dep 1:2       1-2-Draws
   8 B 1    1.0:0.0        8.0:0.0       7:28:53 AM   +95.00     6 5.857 :4.000  8-0-0

--------------------------------------------------------------

Engine-Match Tuesday, August 26, 2025 7:28:54 AM
 Blitz 10/5 

Pairing 7/15 :    SlowMate_v3.0  -  Random_Opponent

PGN-File: C:\Program Files (x86)\Arena\Tournaments\Engine Battle 20250825.pgn

No:  B/W 1/2     W:B       1:2           Time        Value Moves Dep 1:2       1-2-Draws
   8 = =    2.0:2.0        6.0:2.0       7:37:31 AM     0.00    39 4.258 :0 4-0-4

--------------------------------------------------------------

Engine-Match Tuesday, August 26, 2025 7:37:32 AM
 Blitz 10/5 

Pairing 8/15 :    C0BR4_v2.1  -  Stockfish 1%

PGN-File: C:\Program Files (x86)\Arena\Tournaments\Engine Battle 20250825.pgn

No:  B/W 1/2     W:B       1:2           Time        Value Moves Dep 1:2       1-2-Draws
   8 W 2    1.0:0.0        0.0:8.0       7:37:43 AM    +6.24    12 4.000 :18.615  0-8-0

--------------------------------------------------------------

Engine-Match Tuesday, August 26, 2025 7:37:44 AM
 Blitz 10/5 

Pairing 9/15 :    V7P3R_v7.2  -  V7P3R_v7.0

PGN-File: C:\Program Files (x86)\Arena\Tournaments\Engine Battle 20250825.pgn

No:  B/W 1/2     W:B       1:2           Time        Value Moves Dep 1:2       1-2-Draws
   8 B 1    1.5:0.5        7.5:0.5       7:44:34 AM  -217.00    18 6.000 :6.000  7-0-1

--------------------------------------------------------------

Engine-Match Tuesday, August 26, 2025 7:44:35 AM
 Blitz 10/5 

Pairing 10/15 :    C0BR4_v2.1  -  SlowMate_v3.0

PGN-File: C:\Program Files (x86)\Arena\Tournaments\Engine Battle 20250825.pgn

No:  B/W 1/2     W:B       1:2           Time        Value Moves Dep 1:2       1-2-Draws
   8 B 1    1.0:0.0        1.0:7.0       7:49:45 AM   -10.61    20 4.000 :4.150  1-7-0

--------------------------------------------------------------

Engine-Match Tuesday, August 26, 2025 7:49:46 AM
 Blitz 10/5 

Pairing 11/15 :    V7P3R_v7.0  -  Random_Opponent

PGN-File: C:\Program Files (x86)\Arena\Tournaments\Engine Battle 20250825.pgn

No:  B/W 1/2     W:B       1:2           Time        Value Moves Dep 1:2       1-2-Draws
   8 = =    2.0:2.0        6.0:2.0       7:53:41 AM     0.00    14 6.000 :0 4-0-4

--------------------------------------------------------------

Engine-Match Tuesday, August 26, 2025 7:53:43 AM
 Blitz 10/5 

Pairing 12/15 :    Stockfish 1%  -  V7P3R_v7.2

PGN-File: C:\Program Files (x86)\Arena\Tournaments\Engine Battle 20250825.pgn

No:  B/W 1/2     W:B       1:2           Time        Value Moves Dep 1:2       1-2-Draws
   8 B 1    1.0:0.0        8.0:0.0       7:58:03 AM      -M1    27 18.000 :5.818  8-0-0

--------------------------------------------------------------

Engine-Match Tuesday, August 26, 2025 7:58:04 AM
 Blitz 10/5 

Pairing 13/15 :    SlowMate_v3.0  -  V7P3R_v7.0

PGN-File: C:\Program Files (x86)\Arena\Tournaments\Engine Battle 20250825.pgn

No:  B/W 1/2     W:B       1:2           Time        Value Moves Dep 1:2       1-2-Draws
   8 W 2    1.0:0.0        0.0:8.0       8:09:50 AM    +M500    23 3.818 :5.522  0-8-0

--------------------------------------------------------------

Engine-Match Tuesday, August 26, 2025 8:09:51 AM
 Blitz 10/5 

Pairing 14/15 :    V7P3R_v7.2  -  C0BR4_v2.1

PGN-File: C:\Program Files (x86)\Arena\Tournaments\Engine Battle 20250825.pgn

No:  B/W 1/2     W:B       1:2           Time        Value Moves Dep 1:2       1-2-Draws
   8 = =    1.5:1.5        6.5:1.5       8:14:49 AM    +6.00    49 5.625 :4.000  5-0-3

--------------------------------------------------------------

Engine-Match Tuesday, August 26, 2025 8:14:51 AM
 Blitz 10/5 

Pairing 15/15 :    Random_Opponent  -  Stockfish 1%

PGN-File: C:\Program Files (x86)\Arena\Tournaments\Engine Battle 20250825.pgn

No:  B/W 1/2     W:B       1:2           Time        Value Moves Dep 1:2       1-2-Draws
   8 W 2    1.0:0.0        0.0:8.0       8:14:59 AM      +M1     9 0:24.889  0-8-0

--------------------------------------------------------------

Engine-Match Tuesday, August 26, 2025 8:15:01 AM
 Blitz 10/5 

Pairing 1/15 :    SlowMate_v3.0  -  V7P3R_v7.2

PGN-File: C:\Program Files (x86)\Arena\Tournaments\Engine Battle 20250825.pgn

No:  B/W 1/2     W:B       1:2           Time        Value Moves Dep 1:2       1-2-Draws
   9 B 2    3.0:2.0        2.0:7.0       8:19:22 AM      -M3    10 3.900 :5.400  0-5-4

--------------------------------------------------------------

Engine-Match Tuesday, August 26, 2025 8:19:23 AM
 Blitz 10/5 

Pairing 2/15 :    Stockfish 1%  -  V7P3R_v7.0

PGN-File: C:\Program Files (x86)\Arena\Tournaments\Engine Battle 20250825.pgn

No:  B/W 1/2     W:B       1:2           Time        Value Moves Dep 1:2       1-2-Draws
   9 W 1    1.0:0.0        9.0:0.0       8:22:26 AM    +M500    15 17.267 :5.667  9-0-0

--------------------------------------------------------------

Engine-Match Tuesday, August 26, 2025 8:22:27 AM
 Blitz 10/5 

Pairing 3/15 :    C0BR4_v2.1  -  Random_Opponent

PGN-File: C:\Program Files (x86)\Arena\Tournaments\Engine Battle 20250825.pgn

No:  B/W 1/2     W:B       1:2           Time        Value Moves Dep 1:2       1-2-Draws
   9 W 1    1.0:0.0        4.0:5.0       8:22:35 AM  +299.99    11 4.000 :0 4-5-0

--------------------------------------------------------------

Engine-Match Tuesday, August 26, 2025 8:22:41 AM
 Blitz 10/5 

Pairing 4/15 :    Stockfish 1%  -  SlowMate_v3.0

PGN-File: C:\Program Files (x86)\Arena\Tournaments\Engine Battle 20250825.pgn

No:  B/W 1/2     W:B       1:2           Time        Value Moves Dep 1:2       1-2-Draws
   9 W 1    1.0:0.0        9.0:0.0       8:27:16 AM      +M1    18 23.167 :4.294  9-0-0

--------------------------------------------------------------

Engine-Match Tuesday, August 26, 2025 8:27:17 AM
 Blitz 10/5 

Pairing 5/15 :    Random_Opponent  -  V7P3R_v7.2

PGN-File: C:\Program Files (x86)\Arena\Tournaments\Engine Battle 20250825.pgn

No:  B/W 1/2     W:B       1:2           Time        Value Moves Dep 1:2       1-2-Draws
   9 B 2    1.0:0.0        0.0:9.0       8:30:10 AM      -M3    15 0:5.733  0-9-0

--------------------------------------------------------------

Engine-Match Tuesday, August 26, 2025 8:30:11 AM
 Blitz 10/5 

Pairing 6/15 :    V7P3R_v7.0  -  C0BR4_v2.1

PGN-File: C:\Program Files (x86)\Arena\Tournaments\Engine Battle 20250825.pgn

No:  B/W 1/2     W:B       1:2           Time        Value Moves Dep 1:2       1-2-Draws
   9 W 1    1.0:0.0        9.0:0.0       8:35:07 AM   +18.67    22 5.636 :4.000  9-0-0

--------------------------------------------------------------

Engine-Match Tuesday, August 26, 2025 8:35:08 AM
 Blitz 10/5 

Pairing 7/15 :    SlowMate_v3.0  -  Random_Opponent

PGN-File: C:\Program Files (x86)\Arena\Tournaments\Engine Battle 20250825.pgn

No:  B/W 1/2     W:B       1:2           Time        Value Moves Dep 1:2       1-2-Draws
   9 = =    2.5:2.5        6.5:2.5       8:45:11 AM   +46.92    46 4.152 :0 4-0-5

--------------------------------------------------------------

Engine-Match Tuesday, August 26, 2025 8:45:13 AM
 Blitz 10/5 

Pairing 8/15 :    C0BR4_v2.1  -  Stockfish 1%

PGN-File: C:\Program Files (x86)\Arena\Tournaments\Engine Battle 20250825.pgn

No:  B/W 1/2     W:B       1:2           Time        Value Moves Dep 1:2       1-2-Draws
   9 B 2    1.0:0.0        0.0:9.0       8:45:27 AM      -M1    14 4.000 :25.214  0-9-0

--------------------------------------------------------------

Engine-Match Tuesday, August 26, 2025 8:45:28 AM
 Blitz 10/5 

Pairing 9/15 :    V7P3R_v7.2  -  V7P3R_v7.0

PGN-File: C:\Program Files (x86)\Arena\Tournaments\Engine Battle 20250825.pgn

No:  B/W 1/2     W:B       1:2           Time        Value Moves Dep 1:2       1-2-Draws
   9 W 1    1.5:0.5        8.5:0.5       8:56:42 AM  +118.00    38 5.467 :5.367  8-0-1

--------------------------------------------------------------

Engine-Match Tuesday, August 26, 2025 8:56:44 AM
 Blitz 10/5 

Pairing 10/15 :    C0BR4_v2.1  -  SlowMate_v3.0

PGN-File: C:\Program Files (x86)\Arena\Tournaments\Engine Battle 20250825.pgn

No:  B/W 1/2     W:B       1:2           Time        Value Moves Dep 1:2       1-2-Draws
   9 B 2    1.0:0.0        1.0:8.0       9:00:47 AM   -15.32    16 4.000 :4.667  1-8-0

--------------------------------------------------------------

Engine-Match Tuesday, August 26, 2025 9:00:48 AM
 Blitz 10/5 

Pairing 11/15 :    V7P3R_v7.0  -  Random_Opponent

PGN-File: C:\Program Files (x86)\Arena\Tournaments\Engine Battle 20250825.pgn

No:  B/W 1/2     W:B       1:2           Time        Value Moves Dep 1:2       1-2-Draws
   9 = =    2.5:2.5        6.5:2.5       9:07:57 AM     0.00    37 5.757 :0 4-0-5

--------------------------------------------------------------

Engine-Match Tuesday, August 26, 2025 9:07:58 AM
 Blitz 10/5 

Pairing 12/15 :    Stockfish 1%  -  V7P3R_v7.2

PGN-File: C:\Program Files (x86)\Arena\Tournaments\Engine Battle 20250825.pgn

No:  B/W 1/2     W:B       1:2           Time        Value Moves Dep 1:2       1-2-Draws
   9 W 1    1.0:0.0        9.0:0.0       9:11:04 AM      +M1    25 20.773 :5.625  9-0-0

--------------------------------------------------------------

Engine-Match Tuesday, August 26, 2025 9:11:05 AM
 Blitz 10/5 

Pairing 13/15 :    SlowMate_v3.0  -  V7P3R_v7.0

PGN-File: C:\Program Files (x86)\Arena\Tournaments\Engine Battle 20250825.pgn

No:  B/W 1/2     W:B       1:2           Time        Value Moves Dep 1:2       1-2-Draws
   9 B 2    1.0:0.0        0.0:9.0       9:20:21 AM    -M500    21 3.952 :5.429  0-9-0

--------------------------------------------------------------

Engine-Match Tuesday, August 26, 2025 9:20:23 AM
 Blitz 10/5 

Pairing 14/15 :    V7P3R_v7.2  -  C0BR4_v2.1

PGN-File: C:\Program Files (x86)\Arena\Tournaments\Engine Battle 20250825.pgn

No:  B/W 1/2     W:B       1:2           Time        Value Moves Dep 1:2       1-2-Draws
   9 W 1    2.5:1.5        7.5:1.5       9:21:09 AM    +1.25     6 5.429 :4.000  6-0-3

--------------------------------------------------------------

Engine-Match Tuesday, August 26, 2025 9:21:10 AM
 Blitz 10/5 

Pairing 15/15 :    Random_Opponent  -  Stockfish 1%

PGN-File: C:\Program Files (x86)\Arena\Tournaments\Engine Battle 20250825.pgn

No:  B/W 1/2     W:B       1:2           Time        Value Moves Dep 1:2       1-2-Draws
   9 B 2    1.0:0.0        0.0:9.0       9:21:21 AM      -M1    11 0:30.727  0-9-0

--------------------------------------------------------------

Engine-Match Tuesday, August 26, 2025 9:21:22 AM
 Blitz 10/5 

Pairing 1/15 :    SlowMate_v3.0  -  V7P3R_v7.2

PGN-File: C:\Program Files (x86)\Arena\Tournaments\Engine Battle 20250825.pgn

No:  B/W 1/2     W:B       1:2           Time        Value Moves Dep 1:2       1-2-Draws
  10 = =    2.5:2.5        2.5:7.5       9:41:00 AM    -6.29    72 4.303 :5.636  0-5-5

--------------------------------------------------------------

Engine-Match Tuesday, August 26, 2025 9:41:01 AM
 Blitz 10/5 

Pairing 2/15 :    Stockfish 1%  -  V7P3R_v7.0

PGN-File: C:\Program Files (x86)\Arena\Tournaments\Engine Battle 20250825.pgn

No:  B/W 1/2     W:B       1:2           Time        Value Moves Dep 1:2       1-2-Draws
  10 B 1    1.0:0.0        10.0:0.0      9:42:25 AM  -100.00     5 17.250 :6.000  10-0-0

--------------------------------------------------------------

Engine-Match Tuesday, August 26, 2025 9:42:27 AM
 Blitz 10/5 

Pairing 3/15 :    C0BR4_v2.1  -  Random_Opponent

PGN-File: C:\Program Files (x86)\Arena\Tournaments\Engine Battle 20250825.pgn

No:  B/W 1/2     W:B       1:2           Time        Value Moves Dep 1:2       1-2-Draws
  10 B 1    1.0:0.0        5.0:5.0       9:42:41 AM  -299.99    19 4.000 :0 5-5-0

--------------------------------------------------------------

Engine-Match Tuesday, August 26, 2025 9:42:42 AM
 Blitz 10/5 

Pairing 4/15 :    Stockfish 1%  -  SlowMate_v3.0

PGN-File: C:\Program Files (x86)\Arena\Tournaments\Engine Battle 20250825.pgn

No:  B/W 1/2     W:B       1:2           Time        Value Moves Dep 1:2       1-2-Draws
  10 B 1    1.0:0.0        10.0:0.0      9:48:35 AM   -10.77    23 20.727 :4.261  10-0-0

--------------------------------------------------------------

Engine-Match Tuesday, August 26, 2025 9:48:36 AM
 Blitz 10/5 

Pairing 5/15 :    Random_Opponent  -  V7P3R_v7.2

PGN-File: C:\Program Files (x86)\Arena\Tournaments\Engine Battle 20250825.pgn

No:  B/W 1/2     W:B       1:2           Time        Value Moves Dep 1:2       1-2-Draws
  10 W 2    1.0:0.0        0.0:10.0      9:52:55 AM      +M3    16 0:5.875  0-10-0

--------------------------------------------------------------

Engine-Match Tuesday, August 26, 2025 9:52:57 AM
 Blitz 10/5 

Pairing 6/15 :    V7P3R_v7.0  -  C0BR4_v2.1

PGN-File: C:\Program Files (x86)\Arena\Tournaments\Engine Battle 20250825.pgn

No:  B/W 1/2     W:B       1:2           Time        Value Moves Dep 1:2       1-2-Draws
  10 B 1    1.0:0.0        10.0:0.0      9:57:22 AM    -7.00    24 5.280 :4.000  10-0-0

--------------------------------------------------------------

Engine-Match Tuesday, August 26, 2025 9:57:23 AM
 Blitz 10/5 

Pairing 7/15 :    SlowMate_v3.0  -  Random_Opponent

PGN-File: C:\Program Files (x86)\Arena\Tournaments\Engine Battle 20250825.pgn

No:  B/W 1/2     W:B       1:2           Time        Value Moves Dep 1:2       1-2-Draws
  10 = =    3.0:3.0        7.0:3.0       10:07:12 AM  -200.00    45 4.133 :0 4-0-6

--------------------------------------------------------------

Engine-Match Tuesday, August 26, 2025 10:07:13 AM
 Blitz 10/5 

Pairing 8/15 :    C0BR4_v2.1  -  Stockfish 1%

PGN-File: C:\Program Files (x86)\Arena\Tournaments\Engine Battle 20250825.pgn

No:  B/W 1/2     W:B       1:2           Time        Value Moves Dep 1:2       1-2-Draws
  10 W 2    1.0:0.0        0.0:10.0      10:07:20 AM    +5.77     7 4.000 :17.375  0-10-0

--------------------------------------------------------------

Engine-Match Tuesday, August 26, 2025 10:07:26 AM
 Blitz 10/5 

Pairing 9/15 :    V7P3R_v7.2  -  V7P3R_v7.0

PGN-File: C:\Program Files (x86)\Arena\Tournaments\Engine Battle 20250825.pgn

No:  B/W 1/2     W:B       1:2           Time        Value Moves Dep 1:2       1-2-Draws
  10 B 1    1.5:0.5        9.5:0.5       10:14:14 AM  -217.00    18 6.000 :6.000  9-0-1

--------------------------------------------------------------

Engine-Match Tuesday, August 26, 2025 10:14:15 AM
 Blitz 10/5 

Pairing 10/15 :    C0BR4_v2.1  -  SlowMate_v3.0

PGN-File: C:\Program Files (x86)\Arena\Tournaments\Engine Battle 20250825.pgn

No:  B/W 1/2     W:B       1:2           Time        Value Moves Dep 1:2       1-2-Draws
  10 W 2    1.0:0.0        1.0:9.0       10:21:40 AM  +299.98    31 4.000 :4.071  1-9-0

--------------------------------------------------------------

Engine-Match Tuesday, August 26, 2025 10:21:42 AM
 Blitz 10/5 

Pairing 11/15 :    V7P3R_v7.0  -  Random_Opponent

PGN-File: C:\Program Files (x86)\Arena\Tournaments\Engine Battle 20250825.pgn

No:  B/W 1/2     W:B       1:2           Time        Value Moves Dep 1:2       1-2-Draws
  10 = =    3.0:3.0        7.0:3.0       10:26:32 AM     0.00    27 5.846 :0 4-0-6

--------------------------------------------------------------

Engine-Match Tuesday, August 26, 2025 10:26:33 AM
 Blitz 10/5 

Pairing 12/15 :    Stockfish 1%  -  V7P3R_v7.2

PGN-File: C:\Program Files (x86)\Arena\Tournaments\Engine Battle 20250825.pgn

No:  B/W 1/2     W:B       1:2           Time        Value Moves Dep 1:2       1-2-Draws
  10 B 1    1.0:0.0        10.0:0.0      10:30:27 AM   -14.17    23 20.636 :5.739  10-0-0

--------------------------------------------------------------

Engine-Match Tuesday, August 26, 2025 10:30:29 AM
 Blitz 10/5 

Pairing 13/15 :    SlowMate_v3.0  -  V7P3R_v7.0

PGN-File: C:\Program Files (x86)\Arena\Tournaments\Engine Battle 20250825.pgn

No:  B/W 1/2     W:B       1:2           Time        Value Moves Dep 1:2       1-2-Draws
  10 W 2    1.0:0.0        0.0:10.0      10:42:01 AM    +M500    23 3.818 :5.478  0-10-0

--------------------------------------------------------------

Engine-Match Tuesday, August 26, 2025 10:42:02 AM
 Blitz 10/5 

Pairing 14/15 :    V7P3R_v7.2  -  C0BR4_v2.1

PGN-File: C:\Program Files (x86)\Arena\Tournaments\Engine Battle 20250825.pgn

No:  B/W 1/2     W:B       1:2           Time        Value Moves Dep 1:2       1-2-Draws
  10 B 1    2.5:1.5        8.5:1.5       10:45:23 AM    +6.03    17 5.778 :4.000  7-0-3

--------------------------------------------------------------

Engine-Match Tuesday, August 26, 2025 10:45:24 AM
 Blitz 10/5 

Pairing 15/15 :    Random_Opponent  -  Stockfish 1%

PGN-File: C:\Program Files (x86)\Arena\Tournaments\Engine Battle 20250825.pgn

No:  B/W 1/2     W:B       1:2           Time        Value Moves Dep 1:2       1-2-Draws
  10 W 2    1.0:0.0        0.0:10.0      10:45:39 AM      +M1    17 0:25.412  0-10-0
