Engine-Match Sunday, August 31, 2025 1:46:10 PM
 Blitz 10/5 

Pairing 1/10 :    C0BR4_v2.0  -  Stockfish 1%

PGN-File: C:\Program Files (x86)\Arena\Tournaments\Engine Battle 20250831.pgn

No:  B/W 1/2     W:B       1:2           Time        Value Moves Dep 1:2       1-2-Draws
   1 B 2    1.0:0.0        0.0:1.0       1:46:22 PM    -9.35    12 4.000 :17.154  0-1-0

--------------------------------------------------------------

Engine-Match Sunday, August 31, 2025 1:46:24 PM
 Blitz 10/5 

Pairing 2/10 :    Random_Opponent  -  SlowMate_v3.0

PGN-File: C:\Program Files (x86)\Arena\Tournaments\Engine Battle 20250831.pgn

No:  B/W 1/2     W:B       1:2           Time        Value Moves Dep 1:2       1-2-Draws
   1 B 2    1.0:0.0        0.0:1.0       1:48:29 PM   -51.48     7 0:4.714  0-1-0

--------------------------------------------------------------

Engine-Match Sunday, August 31, 2025 1:48:30 PM
 Blitz 10/5 

Pairing 3/10 :    V7P3R_v10.0  -  Random_Opponent

PGN-File: C:\Program Files (x86)\Arena\Tournaments\Engine Battle 20250831.pgn

No:  B/W 1/2     W:B       1:2           Time        Value Moves Dep 1:2       1-2-Draws
   1 W 1    1.0:0.0        1.0:0.0       1:50:40 PM  +289.99    13 5.769 :0 1-0-0

--------------------------------------------------------------

Engine-Match Sunday, August 31, 2025 1:50:41 PM
 Blitz 10/5 

Pairing 4/10 :    SlowMate_v3.0  -  C0BR4_v2.0

PGN-File: C:\Program Files (x86)\Arena\Tournaments\Engine Battle 20250831.pgn

No:  B/W 1/2     W:B       1:2           Time        Value Moves Dep 1:2       1-2-Draws
   1 W 1    1.0:0.0        1.0:0.0       1:58:10 PM  +299.98    31 4.071 :4.000  1-0-0

--------------------------------------------------------------

Engine-Match Sunday, August 31, 2025 1:58:11 PM
 Blitz 10/5 

Pairing 5/10 :    Stockfish 1%  -  SlowMate_v3.0

PGN-File: C:\Program Files (x86)\Arena\Tournaments\Engine Battle 20250831.pgn

No:  B/W 1/2     W:B       1:2           Time        Value Moves Dep 1:2       1-2-Draws
   1 W 1    1.0:0.0        1.0:0.0       2:04:09 PM      +M1    24 21.250 :3.696  1-0-0

--------------------------------------------------------------

Engine-Match Sunday, August 31, 2025 2:04:11 PM
 Blitz 10/5 

Pairing 6/10 :    C0BR4_v2.0  -  V7P3R_v10.0

PGN-File: C:\Program Files (x86)\Arena\Tournaments\Engine Battle 20250831.pgn

No:  B/W 1/2     W:B       1:2           Time        Value Moves Dep 1:2       1-2-Draws
   1 B 2    1.0:0.0        0.0:1.0       2:05:49 PM    -4.40     6 4.000 :5.714  0-1-0

--------------------------------------------------------------

Engine-Match Sunday, August 31, 2025 2:05:50 PM
 Blitz 10/5 

Pairing 7/10 :    Random_Opponent  -  C0BR4_v2.0

PGN-File: C:\Program Files (x86)\Arena\Tournaments\Engine Battle 20250831.pgn

No:  B/W 1/2     W:B       1:2           Time        Value Moves Dep 1:2       1-2-Draws
   1 B 2    1.0:0.0        0.0:1.0       2:05:58 PM  -299.99    12 0:4.000  0-1-0

--------------------------------------------------------------

Engine-Match Sunday, August 31, 2025 2:05:59 PM
 Blitz 10/5 

Pairing 8/10 :    V7P3R_v10.0  -  Stockfish 1%

PGN-File: C:\Program Files (x86)\Arena\Tournaments\Engine Battle 20250831.pgn

No:  B/W 1/2     W:B       1:2           Time        Value Moves Dep 1:2       1-2-Draws
   1 B 2    1.0:0.0        0.0:1.0       2:10:08 PM   -26.00    49 5.611 :18.278  0-1-0

--------------------------------------------------------------

Engine-Match Sunday, August 31, 2025 2:10:09 PM
 Blitz 10/5 

Pairing 9/10 :    SlowMate_v3.0  -  V7P3R_v10.0

PGN-File: C:\Program Files (x86)\Arena\Tournaments\Engine Battle 20250831.pgn

No:  B/W 1/2     W:B       1:2           Time        Value Moves Dep 1:2       1-2-Draws
   1 = =    0.5:0.5        0.5:0.5       2:28:14 PM    -2.00    46 3.971 :5.353  0-0-1

--------------------------------------------------------------

Engine-Match Sunday, August 31, 2025 2:28:15 PM
 Blitz 10/5 

Pairing 10/10 :    Stockfish 1%  -  Random_Opponent

PGN-File: C:\Program Files (x86)\Arena\Tournaments\Engine Battle 20250831.pgn

No:  B/W 1/2     W:B       1:2           Time        Value Moves Dep 1:2       1-2-Draws
   1 W 1    1.0:0.0        1.0:0.0       2:28:23 PM      +M1     8 25.750 :0 1-0-0

--------------------------------------------------------------

Engine-Match Sunday, August 31, 2025 2:28:25 PM
 Blitz 10/5 

Pairing 1/10 :    C0BR4_v2.0  -  Stockfish 1%

PGN-File: C:\Program Files (x86)\Arena\Tournaments\Engine Battle 20250831.pgn

No:  B/W 1/2     W:B       1:2           Time        Value Moves Dep 1:2       1-2-Draws
   2 W 2    1.0:0.0        0.0:2.0       2:28:33 PM    +6.25     9 4.000 :16.400  0-2-0

--------------------------------------------------------------

Engine-Match Sunday, August 31, 2025 2:28:34 PM
 Blitz 10/5 

Pairing 2/10 :    Random_Opponent  -  SlowMate_v3.0

PGN-File: C:\Program Files (x86)\Arena\Tournaments\Engine Battle 20250831.pgn

No:  B/W 1/2     W:B       1:2           Time        Value Moves Dep 1:2       1-2-Draws
   2 W 2    1.0:0.0        0.0:2.0       2:37:50 PM  +125.84    41 0:4.073  0-2-0

--------------------------------------------------------------

Engine-Match Sunday, August 31, 2025 2:37:51 PM
 Blitz 10/5 

Pairing 3/10 :    V7P3R_v10.0  -  Random_Opponent

PGN-File: C:\Program Files (x86)\Arena\Tournaments\Engine Battle 20250831.pgn

No:  B/W 1/2     W:B       1:2           Time        Value Moves Dep 1:2       1-2-Draws
   2 B 1    1.0:0.0        2.0:0.0       2:40:04 PM  -289.98    13 5.154 :0 2-0-0

--------------------------------------------------------------

Engine-Match Sunday, August 31, 2025 2:40:05 PM
 Blitz 10/5 

Pairing 4/10 :    SlowMate_v3.0  -  C0BR4_v2.0

PGN-File: C:\Program Files (x86)\Arena\Tournaments\Engine Battle 20250831.pgn

No:  B/W 1/2     W:B       1:2           Time        Value Moves Dep 1:2       1-2-Draws
   2 B 1    1.0:0.0        2.0:0.0       2:49:11 PM    -2.72    40 4.414 :4.000  2-0-0

--------------------------------------------------------------

Engine-Match Sunday, August 31, 2025 2:49:12 PM
 Blitz 10/5 

Pairing 5/10 :    Stockfish 1%  -  SlowMate_v3.0

PGN-File: C:\Program Files (x86)\Arena\Tournaments\Engine Battle 20250831.pgn

No:  B/W 1/2     W:B       1:2           Time        Value Moves Dep 1:2       1-2-Draws
   2 B 1    1.0:0.0        2.0:0.0       2:55:07 PM   -12.58    23 20.682 :4.174  2-0-0

--------------------------------------------------------------

Engine-Match Sunday, August 31, 2025 2:55:08 PM
 Blitz 10/5 

Pairing 6/10 :    C0BR4_v2.0  -  V7P3R_v10.0

PGN-File: C:\Program Files (x86)\Arena\Tournaments\Engine Battle 20250831.pgn

No:  B/W 1/2     W:B       1:2           Time        Value Moves Dep 1:2       1-2-Draws
   2 = =    0.5:0.5        0.5:1.5       2:59:21 PM    +1.70    25 4.000 :5.560  0-1-1

--------------------------------------------------------------

Engine-Match Sunday, August 31, 2025 2:59:22 PM
 Blitz 10/5 

Pairing 7/10 :    Random_Opponent  -  C0BR4_v2.0

PGN-File: C:\Program Files (x86)\Arena\Tournaments\Engine Battle 20250831.pgn

No:  B/W 1/2     W:B       1:2           Time        Value Moves Dep 1:2       1-2-Draws
   2 W 2    1.0:0.0        0.0:2.0       2:59:29 PM  +299.99     8 0:4.000  0-2-0

--------------------------------------------------------------

Engine-Match Sunday, August 31, 2025 2:59:30 PM
 Blitz 10/5 

Pairing 8/10 :    V7P3R_v10.0  -  Stockfish 1%

PGN-File: C:\Program Files (x86)\Arena\Tournaments\Engine Battle 20250831.pgn

No:  B/W 1/2     W:B       1:2           Time        Value Moves Dep 1:2       1-2-Draws
   2 W 2    1.0:0.0        0.0:2.0       3:06:06 PM   +30.40    33 5.394 :17.444  0-2-0

--------------------------------------------------------------

Engine-Match Sunday, August 31, 2025 3:06:08 PM
 Blitz 10/5 

Pairing 9/10 :    SlowMate_v3.0  -  V7P3R_v10.0

PGN-File: C:\Program Files (x86)\Arena\Tournaments\Engine Battle 20250831.pgn

No:  B/W 1/2     W:B       1:2           Time        Value Moves Dep 1:2       1-2-Draws
   2 = =    1.0:1.0        1.0:1.0       3:19:54 PM    +0.34    36 4.118 :5.278  0-0-2

--------------------------------------------------------------

Engine-Match Sunday, August 31, 2025 3:19:55 PM
 Blitz 10/5 

Pairing 10/10 :    Stockfish 1%  -  Random_Opponent

PGN-File: C:\Program Files (x86)\Arena\Tournaments\Engine Battle 20250831.pgn

No:  B/W 1/2     W:B       1:2           Time        Value Moves Dep 1:2       1-2-Draws
   2 B 1    1.0:0.0        2.0:0.0       3:20:06 PM      -M1    11 28.364 :0 2-0-0

--------------------------------------------------------------

Engine-Match Sunday, August 31, 2025 3:20:13 PM
 Blitz 10/5 

Pairing 1/10 :    C0BR4_v2.0  -  Stockfish 1%

PGN-File: C:\Program Files (x86)\Arena\Tournaments\Engine Battle 20250831.pgn

No:  B/W 1/2     W:B       1:2           Time        Value Moves Dep 1:2       1-2-Draws
   3 B 2    1.0:0.0        0.0:3.0       3:20:21 PM    -1.53     9 4.000 :18.000  0-3-0

--------------------------------------------------------------

Engine-Match Sunday, August 31, 2025 3:20:22 PM
 Blitz 10/5 

Pairing 2/10 :    Random_Opponent  -  SlowMate_v3.0

PGN-File: C:\Program Files (x86)\Arena\Tournaments\Engine Battle 20250831.pgn

No:  B/W 1/2     W:B       1:2           Time        Value Moves Dep 1:2       1-2-Draws
   3 B 2    1.0:0.0        0.0:3.0       3:23:07 PM   -94.18    10 0:3.800  0-3-0

--------------------------------------------------------------

Engine-Match Sunday, August 31, 2025 3:23:08 PM
 Blitz 10/5 

Pairing 3/10 :    V7P3R_v10.0  -  Random_Opponent

PGN-File: C:\Program Files (x86)\Arena\Tournaments\Engine Battle 20250831.pgn

No:  B/W 1/2     W:B       1:2           Time        Value Moves Dep 1:2       1-2-Draws
   3 W 1    1.0:0.0        3.0:0.0       3:26:22 PM  +289.99    15 5.933 :0 3-0-0

--------------------------------------------------------------

Engine-Match Sunday, August 31, 2025 3:26:23 PM
 Blitz 10/5 

Pairing 4/10 :    SlowMate_v3.0  -  C0BR4_v2.0

PGN-File: C:\Program Files (x86)\Arena\Tournaments\Engine Battle 20250831.pgn

No:  B/W 1/2     W:B       1:2           Time        Value Moves Dep 1:2       1-2-Draws
   3 W 1    1.0:0.0        3.0:0.0       3:32:26 PM    +4.63    24 4.480 :4.000  3-0-0

--------------------------------------------------------------

Engine-Match Sunday, August 31, 2025 3:32:28 PM
 Blitz 10/5 

Pairing 5/10 :    Stockfish 1%  -  SlowMate_v3.0

PGN-File: C:\Program Files (x86)\Arena\Tournaments\Engine Battle 20250831.pgn

No:  B/W 1/2     W:B       1:2           Time        Value Moves Dep 1:2       1-2-Draws
   3 W 1    1.0:0.0        3.0:0.0       3:39:26 PM      +M1    29 18.000 :3.607  3-0-0

--------------------------------------------------------------

Engine-Match Sunday, August 31, 2025 3:39:27 PM
 Blitz 10/5 

Pairing 6/10 :    C0BR4_v2.0  -  V7P3R_v10.0

PGN-File: C:\Program Files (x86)\Arena\Tournaments\Engine Battle 20250831.pgn

No:  B/W 1/2     W:B       1:2           Time        Value Moves Dep 1:2       1-2-Draws
   3 B 2    1.5:0.5        0.5:2.5       3:41:07 PM    -4.40     6 4.000 :5.714  0-2-1

--------------------------------------------------------------

Engine-Match Sunday, August 31, 2025 3:41:08 PM
 Blitz 10/5 

Pairing 7/10 :    Random_Opponent  -  C0BR4_v2.0

PGN-File: C:\Program Files (x86)\Arena\Tournaments\Engine Battle 20250831.pgn

No:  B/W 1/2     W:B       1:2           Time        Value Moves Dep 1:2       1-2-Draws
   3 B 2    1.0:0.0        0.0:3.0       3:41:17 PM  -299.99    12 0:4.000  0-3-0

--------------------------------------------------------------

Engine-Match Sunday, August 31, 2025 3:41:18 PM
 Blitz 10/5 

Pairing 8/10 :    V7P3R_v10.0  -  Stockfish 1%

PGN-File: C:\Program Files (x86)\Arena\Tournaments\Engine Battle 20250831.pgn

No:  B/W 1/2     W:B       1:2           Time        Value Moves Dep 1:2       1-2-Draws
   3 B 2    1.0:0.0        0.0:3.0       3:45:17 PM   -11.90    27 5.667 :18.214  0-3-0

--------------------------------------------------------------

Engine-Match Sunday, August 31, 2025 3:45:18 PM
 Blitz 10/5 

Pairing 9/10 :    SlowMate_v3.0  -  V7P3R_v10.0

PGN-File: C:\Program Files (x86)\Arena\Tournaments\Engine Battle 20250831.pgn

No:  B/W 1/2     W:B       1:2           Time        Value Moves Dep 1:2       1-2-Draws
   3 B 2    2.0:1.0        1.0:2.0       4:01:37 PM  -289.98    34 4.059 :5.353  0-1-2

--------------------------------------------------------------

Engine-Match Sunday, August 31, 2025 4:01:38 PM
 Blitz 10/5 

Pairing 10/10 :    Stockfish 1%  -  Random_Opponent

PGN-File: C:\Program Files (x86)\Arena\Tournaments\Engine Battle 20250831.pgn

No:  B/W 1/2     W:B       1:2           Time        Value Moves Dep 1:2       1-2-Draws
   3 W 1    1.0:0.0        3.0:0.0       4:01:49 PM      +M1    10 29.300 :0 3-0-0

--------------------------------------------------------------

Engine-Match Sunday, August 31, 2025 4:01:50 PM
 Blitz 10/5 

Pairing 1/10 :    C0BR4_v2.0  -  Stockfish 1%

PGN-File: C:\Program Files (x86)\Arena\Tournaments\Engine Battle 20250831.pgn

No:  B/W 1/2     W:B       1:2           Time        Value Moves Dep 1:2       1-2-Draws
   4 W 2    1.0:0.0        0.0:4.0       4:02:03 PM    +5.44    13 4.000 :18.643  0-4-0

--------------------------------------------------------------

Engine-Match Sunday, August 31, 2025 4:02:05 PM
 Blitz 10/5 

Pairing 2/10 :    Random_Opponent  -  SlowMate_v3.0

PGN-File: C:\Program Files (x86)\Arena\Tournaments\Engine Battle 20250831.pgn

No:  B/W 1/2     W:B       1:2           Time        Value Moves Dep 1:2       1-2-Draws
   4 = =    0.5:0.5        0.5:3.5       4:11:45 PM     0.00    44 0:4.500  0-3-1

--------------------------------------------------------------

Engine-Match Sunday, August 31, 2025 4:11:46 PM
 Blitz 10/5 

Pairing 3/10 :    V7P3R_v10.0  -  Random_Opponent

PGN-File: C:\Program Files (x86)\Arena\Tournaments\Engine Battle 20250831.pgn

No:  B/W 1/2     W:B       1:2           Time        Value Moves Dep 1:2       1-2-Draws
   4 B 1    1.0:0.0        4.0:0.0       4:16:17 PM  -289.99    22 5.909 :0 4-0-0

--------------------------------------------------------------

Engine-Match Sunday, August 31, 2025 4:16:18 PM
 Blitz 10/5 

Pairing 4/10 :    SlowMate_v3.0  -  C0BR4_v2.0

PGN-File: C:\Program Files (x86)\Arena\Tournaments\Engine Battle 20250831.pgn

No:  B/W 1/2     W:B       1:2           Time        Value Moves Dep 1:2       1-2-Draws
   4 B 1    1.0:0.0        4.0:0.0       4:20:38 PM    -1.75    16 4.294 :4.000  4-0-0

--------------------------------------------------------------

Engine-Match Sunday, August 31, 2025 4:20:39 PM
 Blitz 10/5 

Pairing 5/10 :    Stockfish 1%  -  SlowMate_v3.0

PGN-File: C:\Program Files (x86)\Arena\Tournaments\Engine Battle 20250831.pgn

No:  B/W 1/2     W:B       1:2           Time        Value Moves Dep 1:2       1-2-Draws
   4 B 1    1.0:0.0        4.0:0.0       4:26:34 PM      -M1    23 18.909 :4.000  4-0-0

--------------------------------------------------------------

Engine-Match Sunday, August 31, 2025 4:26:36 PM
 Blitz 10/5 

Pairing 6/10 :    C0BR4_v2.0  -  V7P3R_v10.0

PGN-File: C:\Program Files (x86)\Arena\Tournaments\Engine Battle 20250831.pgn

No:  B/W 1/2     W:B       1:2           Time        Value Moves Dep 1:2       1-2-Draws
   4 W 2    1.5:0.5        0.5:3.5       4:29:01 PM    +0.70    11 4.000 :5.417  0-3-1

--------------------------------------------------------------

Engine-Match Sunday, August 31, 2025 4:29:02 PM
 Blitz 10/5 

Pairing 7/10 :    Random_Opponent  -  C0BR4_v2.0

PGN-File: C:\Program Files (x86)\Arena\Tournaments\Engine Battle 20250831.pgn

No:  B/W 1/2     W:B       1:2           Time        Value Moves Dep 1:2       1-2-Draws
   4 B 1    1.0:0.0        1.0:3.0       4:29:05 PM     0.00     3 0:4.000  1-3-0

--------------------------------------------------------------

Engine-Match Sunday, August 31, 2025 4:29:07 PM
 Blitz 10/5 

Pairing 8/10 :    V7P3R_v10.0  -  Stockfish 1%

PGN-File: C:\Program Files (x86)\Arena\Tournaments\Engine Battle 20250831.pgn

No:  B/W 1/2     W:B       1:2           Time        Value Moves Dep 1:2       1-2-Draws
   4 W 2    1.0:0.0        0.0:4.0       4:33:46 PM      +M1    26 5.240 :18.545  0-4-0

--------------------------------------------------------------

Engine-Match Sunday, August 31, 2025 4:33:47 PM
 Blitz 10/5 

Pairing 9/10 :    SlowMate_v3.0  -  V7P3R_v10.0

PGN-File: C:\Program Files (x86)\Arena\Tournaments\Engine Battle 20250831.pgn

No:  B/W 1/2     W:B       1:2           Time        Value Moves Dep 1:2       1-2-Draws
   4 = =    1.5:1.5        1.5:2.5       4:45:00 PM    -2.85    29 4.000 :5.389  0-1-3

--------------------------------------------------------------

Engine-Match Sunday, August 31, 2025 4:45:01 PM
 Blitz 10/5 

Pairing 10/10 :    Stockfish 1%  -  Random_Opponent

PGN-File: C:\Program Files (x86)\Arena\Tournaments\Engine Battle 20250831.pgn

No:  B/W 1/2     W:B       1:2           Time        Value Moves Dep 1:2       1-2-Draws
   4 B 1    1.0:0.0        4.0:0.0       4:45:17 PM      -M1    19 23.333 :0 4-0-0

--------------------------------------------------------------

Engine-Match Sunday, August 31, 2025 4:45:23 PM
 Blitz 10/5 

Pairing 1/10 :    C0BR4_v2.0  -  Stockfish 1%

PGN-File: C:\Program Files (x86)\Arena\Tournaments\Engine Battle 20250831.pgn

No:  B/W 1/2     W:B       1:2           Time        Value Moves Dep 1:2       1-2-Draws
   5 B 2    1.0:0.0        0.0:5.0       4:45:41 PM      -M1    19 4.000 :24.824  0-5-0

--------------------------------------------------------------

Engine-Match Sunday, August 31, 2025 4:45:42 PM
 Blitz 10/5 

Pairing 2/10 :    Random_Opponent  -  SlowMate_v3.0

PGN-File: C:\Program Files (x86)\Arena\Tournaments\Engine Battle 20250831.pgn

No:  B/W 1/2     W:B       1:2           Time        Value Moves Dep 1:2       1-2-Draws
   5 = =    1.0:1.0        1.0:4.0       4:53:26 PM  -200.00    33 0:4.242  0-3-2

--------------------------------------------------------------

Engine-Match Sunday, August 31, 2025 4:53:28 PM
 Blitz 10/5 

Pairing 3/10 :    V7P3R_v10.0  -  Random_Opponent

PGN-File: C:\Program Files (x86)\Arena\Tournaments\Engine Battle 20250831.pgn

No:  B/W 1/2     W:B       1:2           Time        Value Moves Dep 1:2       1-2-Draws
   5 W 1    1.0:0.0        5.0:0.0       4:57:39 PM  +289.99    20 5.650 :0 5-0-0

--------------------------------------------------------------

Engine-Match Sunday, August 31, 2025 4:57:41 PM
 Blitz 10/5 

Pairing 4/10 :    SlowMate_v3.0  -  C0BR4_v2.0

PGN-File: C:\Program Files (x86)\Arena\Tournaments\Engine Battle 20250831.pgn

No:  B/W 1/2     W:B       1:2           Time        Value Moves Dep 1:2       1-2-Draws
   5 B 2    1.0:0.0        4.0:1.0       5:02:01 PM  -299.99    16 4.000 :4.000  4-1-0

--------------------------------------------------------------

Engine-Match Sunday, August 31, 2025 5:02:02 PM
 Blitz 10/5 

Pairing 5/10 :    Stockfish 1%  -  SlowMate_v3.0

PGN-File: C:\Program Files (x86)\Arena\Tournaments\Engine Battle 20250831.pgn

No:  B/W 1/2     W:B       1:2           Time        Value Moves Dep 1:2       1-2-Draws
   5 W 1    1.0:0.0        5.0:0.0       5:07:03 PM      +M1    20 21.632 :4.579  5-0-0

--------------------------------------------------------------

Engine-Match Sunday, August 31, 2025 5:07:04 PM
 Blitz 10/5 

Pairing 6/10 :    C0BR4_v2.0  -  V7P3R_v10.0

PGN-File: C:\Program Files (x86)\Arena\Tournaments\Engine Battle 20250831.pgn

No:  B/W 1/2     W:B       1:2           Time        Value Moves Dep 1:2       1-2-Draws
   5 = =    1.0:1.0        1.0:4.0       5:15:38 PM    +2.50    70 4.000 :5.933  0-3-2

--------------------------------------------------------------

Engine-Match Sunday, August 31, 2025 5:15:39 PM
 Blitz 10/5 

Pairing 7/10 :    Random_Opponent  -  C0BR4_v2.0

PGN-File: C:\Program Files (x86)\Arena\Tournaments\Engine Battle 20250831.pgn

No:  B/W 1/2     W:B       1:2           Time        Value Moves Dep 1:2       1-2-Draws
   5 W 1    1.0:0.0        2.0:3.0       5:15:47 PM     0.00    12 0:4.000  2-3-0

--------------------------------------------------------------

Engine-Match Sunday, August 31, 2025 5:15:49 PM
 Blitz 10/5 

Pairing 8/10 :    V7P3R_v10.0  -  Stockfish 1%

PGN-File: C:\Program Files (x86)\Arena\Tournaments\Engine Battle 20250831.pgn

No:  B/W 1/2     W:B       1:2           Time        Value Moves Dep 1:2       1-2-Draws
   5 B 2    1.0:0.0        0.0:5.0       5:21:44 PM   -10.50    79 5.611 :18.167  0-5-0

--------------------------------------------------------------

Engine-Match Sunday, August 31, 2025 5:21:45 PM
 Blitz 10/5 

Pairing 9/10 :    SlowMate_v3.0  -  V7P3R_v10.0

PGN-File: C:\Program Files (x86)\Arena\Tournaments\Engine Battle 20250831.pgn

No:  B/W 1/2     W:B       1:2           Time        Value Moves Dep 1:2       1-2-Draws
   5 = =    2.0:2.0        2.0:3.0       5:37:08 PM    -0.30    36 4.032 :5.333  0-1-4

--------------------------------------------------------------

Engine-Match Sunday, August 31, 2025 5:37:10 PM
 Blitz 10/5 

Pairing 10/10 :    Stockfish 1%  -  Random_Opponent

PGN-File: C:\Program Files (x86)\Arena\Tournaments\Engine Battle 20250831.pgn

No:  B/W 1/2     W:B       1:2           Time        Value Moves Dep 1:2       1-2-Draws
   5 W 1    1.0:0.0        5.0:0.0       5:37:20 PM      +M1    13 24.615 :0 5-0-0

--------------------------------------------------------------

Engine-Match Sunday, August 31, 2025 5:37:22 PM
 Blitz 10/5 

Pairing 1/10 :    C0BR4_v2.0  -  Stockfish 1%

PGN-File: C:\Program Files (x86)\Arena\Tournaments\Engine Battle 20250831.pgn

No:  B/W 1/2     W:B       1:2           Time        Value Moves Dep 1:2       1-2-Draws
   6 W 2    1.0:0.0        0.0:6.0       5:37:30 PM    +0.98     9 4.000 :16.200  0-6-0

--------------------------------------------------------------

Engine-Match Sunday, August 31, 2025 5:37:31 PM
 Blitz 10/5 

Pairing 2/10 :    Random_Opponent  -  SlowMate_v3.0

PGN-File: C:\Program Files (x86)\Arena\Tournaments\Engine Battle 20250831.pgn

No:  B/W 1/2     W:B       1:2           Time        Value Moves Dep 1:2       1-2-Draws
   6 W 2    2.0:1.0        1.0:5.0       5:39:17 PM   +70.86     6 0:4.500  0-4-2

--------------------------------------------------------------

Engine-Match Sunday, August 31, 2025 5:39:18 PM
 Blitz 10/5 

Pairing 3/10 :    V7P3R_v10.0  -  Random_Opponent

PGN-File: C:\Program Files (x86)\Arena\Tournaments\Engine Battle 20250831.pgn

No:  B/W 1/2     W:B       1:2           Time        Value Moves Dep 1:2       1-2-Draws
   6 B 1    1.0:0.0        6.0:0.0       5:43:39 PM  -289.99    22 5.773 :0 6-0-0

--------------------------------------------------------------

Engine-Match Sunday, August 31, 2025 5:43:40 PM
 Blitz 10/5 

Pairing 4/10 :    SlowMate_v3.0  -  C0BR4_v2.0

PGN-File: C:\Program Files (x86)\Arena\Tournaments\Engine Battle 20250831.pgn

No:  B/W 1/2     W:B       1:2           Time        Value Moves Dep 1:2       1-2-Draws
   6 B 1    1.0:0.0        5.0:1.0       5:52:25 PM    -2.72    38 4.407 :4.000  5-1-0

--------------------------------------------------------------

Engine-Match Sunday, August 31, 2025 5:52:26 PM
 Blitz 10/5 

Pairing 5/10 :    Stockfish 1%  -  SlowMate_v3.0

PGN-File: C:\Program Files (x86)\Arena\Tournaments\Engine Battle 20250831.pgn

No:  B/W 1/2     W:B       1:2           Time        Value Moves Dep 1:2       1-2-Draws
   6 B 1    1.0:0.0        6.0:0.0       5:58:45 PM      -M1    25 19.478 :3.960  6-0-0

--------------------------------------------------------------

Engine-Match Sunday, August 31, 2025 5:58:46 PM
 Blitz 10/5 

Pairing 6/10 :    C0BR4_v2.0  -  V7P3R_v10.0

PGN-File: C:\Program Files (x86)\Arena\Tournaments\Engine Battle 20250831.pgn

No:  B/W 1/2     W:B       1:2           Time        Value Moves Dep 1:2       1-2-Draws
   6 W 2    2.0:1.0        1.0:5.0       6:00:55 PM    +0.60    11 4.000 :5.500  0-4-2

--------------------------------------------------------------

Engine-Match Sunday, August 31, 2025 6:00:56 PM
 Blitz 10/5 

Pairing 7/10 :    Random_Opponent  -  C0BR4_v2.0

PGN-File: C:\Program Files (x86)\Arena\Tournaments\Engine Battle 20250831.pgn

No:  B/W 1/2     W:B       1:2           Time        Value Moves Dep 1:2       1-2-Draws
   6 W 2    1.0:0.0        2.0:4.0       6:01:04 PM  +299.99    13 0:4.000  2-4-0

--------------------------------------------------------------

Engine-Match Sunday, August 31, 2025 6:01:06 PM
 Blitz 10/5 

Pairing 8/10 :    V7P3R_v10.0  -  Stockfish 1%

PGN-File: C:\Program Files (x86)\Arena\Tournaments\Engine Battle 20250831.pgn

No:  B/W 1/2     W:B       1:2           Time        Value Moves Dep 1:2       1-2-Draws
   6 W 2    1.0:0.0        0.0:6.0       6:08:29 PM  +289.98    40 5.475 :17.077  0-6-0

--------------------------------------------------------------

Engine-Match Sunday, August 31, 2025 6:08:30 PM
 Blitz 10/5 

Pairing 9/10 :    SlowMate_v3.0  -  V7P3R_v10.0

PGN-File: C:\Program Files (x86)\Arena\Tournaments\Engine Battle 20250831.pgn

No:  B/W 1/2     W:B       1:2           Time        Value Moves Dep 1:2       1-2-Draws
   6 = =    2.5:2.5        2.5:3.5       6:22:14 PM    +0.34    36 4.118 :5.278  0-1-5

--------------------------------------------------------------

Engine-Match Sunday, August 31, 2025 6:22:16 PM
 Blitz 10/5 

Pairing 10/10 :    Stockfish 1%  -  Random_Opponent

PGN-File: C:\Program Files (x86)\Arena\Tournaments\Engine Battle 20250831.pgn

No:  B/W 1/2     W:B       1:2           Time        Value Moves Dep 1:2       1-2-Draws
   6 B 1    1.0:0.0        6.0:0.0       6:22:29 PM      -M1    12 32.083 :0 6-0-0

--------------------------------------------------------------

Engine-Match Sunday, August 31, 2025 6:22:35 PM
 Blitz 10/5 

Pairing 1/10 :    C0BR4_v2.0  -  Stockfish 1%

PGN-File: C:\Program Files (x86)\Arena\Tournaments\Engine Battle 20250831.pgn

No:  B/W 1/2     W:B       1:2           Time        Value Moves Dep 1:2       1-2-Draws
   7 B 2    1.0:0.0        0.0:7.0       6:22:49 PM      -M1    14 4.000 :25.500  0-7-0

--------------------------------------------------------------

Engine-Match Sunday, August 31, 2025 6:22:50 PM
 Blitz 10/5 

Pairing 2/10 :    Random_Opponent  -  SlowMate_v3.0

PGN-File: C:\Program Files (x86)\Arena\Tournaments\Engine Battle 20250831.pgn

No:  B/W 1/2     W:B       1:2           Time        Value Moves Dep 1:2       1-2-Draws
   7 B 2    2.0:1.0        1.0:6.0       6:25:52 PM  -190.44    11 0:4.000  0-5-2

--------------------------------------------------------------

Engine-Match Sunday, August 31, 2025 6:25:53 PM
 Blitz 10/5 

Pairing 3/10 :    V7P3R_v10.0  -  Random_Opponent

PGN-File: C:\Program Files (x86)\Arena\Tournaments\Engine Battle 20250831.pgn

No:  B/W 1/2     W:B       1:2           Time        Value Moves Dep 1:2       1-2-Draws
   7 W 1    1.0:0.0        7.0:0.0       6:28:06 PM  +289.99    15 5.533 :0 7-0-0

--------------------------------------------------------------

Engine-Match Sunday, August 31, 2025 6:28:07 PM
 Blitz 10/5 

Pairing 4/10 :    SlowMate_v3.0  -  C0BR4_v2.0

PGN-File: C:\Program Files (x86)\Arena\Tournaments\Engine Battle 20250831.pgn

No:  B/W 1/2     W:B       1:2           Time        Value Moves Dep 1:2       1-2-Draws
   7 B 2    1.0:0.0        5.0:2.0       6:33:17 PM   -10.61    20 4.150 :4.000  5-2-0

--------------------------------------------------------------

Engine-Match Sunday, August 31, 2025 6:33:18 PM
 Blitz 10/5 

Pairing 5/10 :    Stockfish 1%  -  SlowMate_v3.0

PGN-File: C:\Program Files (x86)\Arena\Tournaments\Engine Battle 20250831.pgn

No:  B/W 1/2     W:B       1:2           Time        Value Moves Dep 1:2       1-2-Draws
   7 W 1    1.0:0.0        7.0:0.0       6:39:37 PM      +M1    26 19.737 :4.560  7-0-0

--------------------------------------------------------------

Engine-Match Sunday, August 31, 2025 6:39:38 PM
 Blitz 10/5 

Pairing 6/10 :    C0BR4_v2.0  -  V7P3R_v10.0

PGN-File: C:\Program Files (x86)\Arena\Tournaments\Engine Battle 20250831.pgn

No:  B/W 1/2     W:B       1:2           Time        Value Moves Dep 1:2       1-2-Draws
   7 B 2    2.0:1.0        1.0:6.0       6:40:58 PM    -6.20     8 4.000 :5.556  0-5-2

--------------------------------------------------------------

Engine-Match Sunday, August 31, 2025 6:40:59 PM
 Blitz 10/5 

Pairing 7/10 :    Random_Opponent  -  C0BR4_v2.0

PGN-File: C:\Program Files (x86)\Arena\Tournaments\Engine Battle 20250831.pgn

No:  B/W 1/2     W:B       1:2           Time        Value Moves Dep 1:2       1-2-Draws
   7 B 2    1.0:0.0        2.0:5.0       6:41:06 PM  -299.99    10 0:4.000  2-5-0

--------------------------------------------------------------

Engine-Match Sunday, August 31, 2025 6:41:07 PM
 Blitz 10/5 

Pairing 8/10 :    V7P3R_v10.0  -  Stockfish 1%

PGN-File: C:\Program Files (x86)\Arena\Tournaments\Engine Battle 20250831.pgn

No:  B/W 1/2     W:B       1:2           Time        Value Moves Dep 1:2       1-2-Draws
   7 B 2    1.0:0.0        0.0:7.0       6:47:14 PM  -289.98    35 5.281 :17.226  0-7-0

--------------------------------------------------------------

Engine-Match Sunday, August 31, 2025 6:47:15 PM
 Blitz 10/5 

Pairing 9/10 :    SlowMate_v3.0  -  V7P3R_v10.0

PGN-File: C:\Program Files (x86)\Arena\Tournaments\Engine Battle 20250831.pgn

No:  B/W 1/2     W:B       1:2           Time        Value Moves Dep 1:2       1-2-Draws
   7 = =    3.0:3.0        3.0:4.0       7:07:09 PM    -3.80    56 4.276 :5.172  0-1-6

--------------------------------------------------------------

Engine-Match Sunday, August 31, 2025 7:07:10 PM
 Blitz 10/5 

Pairing 10/10 :    Stockfish 1%  -  Random_Opponent

PGN-File: C:\Program Files (x86)\Arena\Tournaments\Engine Battle 20250831.pgn

No:  B/W 1/2     W:B       1:2           Time        Value Moves Dep 1:2       1-2-Draws
   7 W 1    1.0:0.0        7.0:0.0       7:07:20 PM      +M1    12 25.917 :0 7-0-0

--------------------------------------------------------------

Engine-Match Sunday, August 31, 2025 7:07:21 PM
 Blitz 10/5 

Pairing 1/10 :    C0BR4_v2.0  -  Stockfish 1%

PGN-File: C:\Program Files (x86)\Arena\Tournaments\Engine Battle 20250831.pgn

No:  B/W 1/2     W:B       1:2           Time        Value Moves Dep 1:2       1-2-Draws
   8 W 2    1.0:0.0        0.0:8.0       7:07:35 PM    +6.11    14 4.000 :18.200  0-8-0

--------------------------------------------------------------

Engine-Match Sunday, August 31, 2025 7:07:37 PM
 Blitz 10/5 

Pairing 2/10 :    Random_Opponent  -  SlowMate_v3.0

PGN-File: C:\Program Files (x86)\Arena\Tournaments\Engine Battle 20250831.pgn

No:  B/W 1/2     W:B       1:2           Time        Value Moves Dep 1:2       1-2-Draws
   8 = =    1.5:1.5        1.5:6.5       7:18:04 PM     0.00    49 0:4.020  0-5-3

--------------------------------------------------------------

Engine-Match Sunday, August 31, 2025 7:18:05 PM
 Blitz 10/5 

Pairing 3/10 :    V7P3R_v10.0  -  Random_Opponent

PGN-File: C:\Program Files (x86)\Arena\Tournaments\Engine Battle 20250831.pgn

No:  B/W 1/2     W:B       1:2           Time        Value Moves Dep 1:2       1-2-Draws
   8 B 1    1.0:0.0        8.0:0.0       7:20:39 PM  -289.99    11 5.636 :0 8-0-0

--------------------------------------------------------------

Engine-Match Sunday, August 31, 2025 7:20:41 PM
 Blitz 10/5 

Pairing 4/10 :    SlowMate_v3.0  -  C0BR4_v2.0

PGN-File: C:\Program Files (x86)\Arena\Tournaments\Engine Battle 20250831.pgn

No:  B/W 1/2     W:B       1:2           Time        Value Moves Dep 1:2       1-2-Draws
   8 W 2    1.0:0.0        5.0:3.0       7:22:43 PM  +299.99     8 4.143 :4.000  5-3-0

--------------------------------------------------------------

Engine-Match Sunday, August 31, 2025 7:22:44 PM
 Blitz 10/5 

Pairing 5/10 :    Stockfish 1%  -  SlowMate_v3.0

PGN-File: C:\Program Files (x86)\Arena\Tournaments\Engine Battle 20250831.pgn

No:  B/W 1/2     W:B       1:2           Time        Value Moves Dep 1:2       1-2-Draws
   8 B 1    1.0:0.0        8.0:0.0       7:30:05 PM   -14.42    30 17.517 :4.200  8-0-0

--------------------------------------------------------------

Engine-Match Sunday, August 31, 2025 7:30:06 PM
 Blitz 10/5 

Pairing 6/10 :    C0BR4_v2.0  -  V7P3R_v10.0

PGN-File: C:\Program Files (x86)\Arena\Tournaments\Engine Battle 20250831.pgn

No:  B/W 1/2     W:B       1:2           Time        Value Moves Dep 1:2       1-2-Draws
   8 W 2    2.0:1.0        1.0:7.0       7:31:53 PM    +0.90    11 4.000 :5.333  0-6-2

--------------------------------------------------------------

Engine-Match Sunday, August 31, 2025 7:31:54 PM
 Blitz 10/5 

Pairing 7/10 :    Random_Opponent  -  C0BR4_v2.0

PGN-File: C:\Program Files (x86)\Arena\Tournaments\Engine Battle 20250831.pgn

No:  B/W 1/2     W:B       1:2           Time        Value Moves Dep 1:2       1-2-Draws
   8 B 1    1.0:0.0        3.0:5.0       7:32:02 PM     0.00    12 0:4.000  3-5-0

--------------------------------------------------------------

Engine-Match Sunday, August 31, 2025 7:32:03 PM
 Blitz 10/5 

Pairing 8/10 :    V7P3R_v10.0  -  Stockfish 1%

PGN-File: C:\Program Files (x86)\Arena\Tournaments\Engine Battle 20250831.pgn

No:  B/W 1/2     W:B       1:2           Time        Value Moves Dep 1:2       1-2-Draws
   8 W 2    1.0:0.0        0.0:8.0       7:39:54 PM      +M1    42 5.488 :16.593  0-8-0

--------------------------------------------------------------

Engine-Match Sunday, August 31, 2025 7:39:56 PM
 Blitz 10/5 

Pairing 9/10 :    SlowMate_v3.0  -  V7P3R_v10.0

PGN-File: C:\Program Files (x86)\Arena\Tournaments\Engine Battle 20250831.pgn

No:  B/W 1/2     W:B       1:2           Time        Value Moves Dep 1:2       1-2-Draws
   8 = =    3.5:3.5        3.5:4.5       7:52:38 PM    +1.02    33 4.118 :5.167  0-1-7

--------------------------------------------------------------

Engine-Match Sunday, August 31, 2025 7:52:39 PM
 Blitz 10/5 

Pairing 10/10 :    Stockfish 1%  -  Random_Opponent

PGN-File: C:\Program Files (x86)\Arena\Tournaments\Engine Battle 20250831.pgn

No:  B/W 1/2     W:B       1:2           Time        Value Moves Dep 1:2       1-2-Draws
   8 B 1    1.0:0.0        8.0:0.0       7:52:52 PM      -M1    12 31.833 :0 8-0-0

--------------------------------------------------------------

Engine-Match Sunday, August 31, 2025 7:52:59 PM
 Blitz 10/5 

Pairing 1/10 :    C0BR4_v2.0  -  Stockfish 1%

PGN-File: C:\Program Files (x86)\Arena\Tournaments\Engine Battle 20250831.pgn

No:  B/W 1/2     W:B       1:2           Time        Value Moves Dep 1:2       1-2-Draws
   9 B 2    1.0:0.0        0.0:9.0       7:53:11 PM    -6.70    14 4.000 :16.600  0-9-0

--------------------------------------------------------------

Engine-Match Sunday, August 31, 2025 7:53:13 PM
 Blitz 10/5 

Pairing 2/10 :    Random_Opponent  -  SlowMate_v3.0

PGN-File: C:\Program Files (x86)\Arena\Tournaments\Engine Battle 20250831.pgn

No:  B/W 1/2     W:B       1:2           Time        Value Moves Dep 1:2       1-2-Draws
   9 B 2    2.5:1.5        1.5:7.5       7:55:00 PM   -60.81     6 0:4.167  0-6-3

--------------------------------------------------------------

Engine-Match Sunday, August 31, 2025 7:55:02 PM
 Blitz 10/5 

Pairing 3/10 :    V7P3R_v10.0  -  Random_Opponent

PGN-File: C:\Program Files (x86)\Arena\Tournaments\Engine Battle 20250831.pgn

No:  B/W 1/2     W:B       1:2           Time        Value Moves Dep 1:2       1-2-Draws
   9 W 1    1.0:0.0        9.0:0.0       7:58:41 PM  +289.99    19 5.526 :0 9-0-0

--------------------------------------------------------------

Engine-Match Sunday, August 31, 2025 7:58:43 PM
 Blitz 10/5 

Pairing 4/10 :    SlowMate_v3.0  -  C0BR4_v2.0

PGN-File: C:\Program Files (x86)\Arena\Tournaments\Engine Battle 20250831.pgn

No:  B/W 1/2     W:B       1:2           Time        Value Moves Dep 1:2       1-2-Draws
   9 * *     0.0:0.0        5.0:3.0       7:59:06 PM    +0.83     1 0:0 5-3-0

--------------------------------------------------------------

Engine-Match Sunday, August 31, 2025 7:59:29 PM
 Blitz 10/5 

Pairing 1/15 :    SlowMate_v3.0  -  C0BR4_v2.3

PGN-File: C:\Program Files (x86)\Arena\Tournaments\Engine Battle 20250831.pgn

No:  B/W 1/2     W:B       1:2           Time        Value Moves Dep 1:2       1-2-Draws
   1 W 1    1.0:0.0        1.0:0.0       8:00:38 PM    +2.05     4 4.200 :0 1-0-0

--------------------------------------------------------------

Engine-Match Sunday, August 31, 2025 8:00:39 PM
 Blitz 10/5 

Pairing 5/15 :    V7P3R_v10.0  -  C0BR4_v2.3

PGN-File: C:\Program Files (x86)\Arena\Tournaments\Engine Battle 20250831.pgn

No:  B/W 1/2     W:B       1:2           Time        Value Moves Dep 1:2       1-2-Draws
   1 W 1    1.0:0.0        1.0:0.0       8:02:46 PM    +8.00     7 6.000 :4.000  1-0-0

--------------------------------------------------------------

Engine-Match Sunday, August 31, 2025 8:02:48 PM
 Blitz 10/5 

Pairing 9/15 :    C0BR4_v2.3  -  Random_Opponent

PGN-File: C:\Program Files (x86)\Arena\Tournaments\Engine Battle 20250831.pgn

No:  B/W 1/2     W:B       1:2           Time        Value Moves Dep 1:2       1-2-Draws
   1 B 2    1.0:0.0        0.0:1.0       8:02:51 PM     0.00     2 0:0 0-1-0

--------------------------------------------------------------

Engine-Match Sunday, August 31, 2025 8:02:52 PM
 Blitz 10/5 

Pairing 12/15 :    C0BR4_v2.0  -  C0BR4_v2.3

PGN-File: C:\Program Files (x86)\Arena\Tournaments\Engine Battle 20250831.pgn

No:  B/W 1/2     W:B       1:2           Time        Value Moves Dep 1:2       1-2-Draws
   1 B 2    1.0:0.0        0.0:1.0       8:02:56 PM    -0.28     3 0:4.000  0-1-0

--------------------------------------------------------------

Engine-Match Sunday, August 31, 2025 8:02:58 PM
 Blitz 10/5 

Pairing 14/15 :    C0BR4_v2.3  -  Stockfish 1%

PGN-File: C:\Program Files (x86)\Arena\Tournaments\Engine Battle 20250831.pgn

No:  B/W 1/2     W:B       1:2           Time        Value Moves Dep 1:2       1-2-Draws
   1 B 2    1.0:0.0        0.0:1.0       8:03:06 PM    -0.33     6 4.000 :17.714  0-1-0

--------------------------------------------------------------

Engine-Match Sunday, August 31, 2025 8:03:07 PM
 Blitz 10/5 

Pairing 1/15 :    SlowMate_v3.0  -  C0BR4_v2.3

PGN-File: C:\Program Files (x86)\Arena\Tournaments\Engine Battle 20250831.pgn

No:  B/W 1/2     W:B       1:2           Time        Value Moves Dep 1:2       1-2-Draws
   2 B 1    1.0:0.0        2.0:0.0       8:04:23 PM    +0.62     4 3.800 :4.000  2-0-0

--------------------------------------------------------------

Engine-Match Sunday, August 31, 2025 8:04:24 PM
 Blitz 10/5 

Pairing 5/15 :    V7P3R_v10.0  -  C0BR4_v2.3

PGN-File: C:\Program Files (x86)\Arena\Tournaments\Engine Battle 20250831.pgn

No:  B/W 1/2     W:B       1:2           Time        Value Moves Dep 1:2       1-2-Draws
   2 B 1    1.0:0.0        2.0:0.0       8:05:01 PM    +0.10     2 6.000 :0 2-0-0

--------------------------------------------------------------

Engine-Match Sunday, August 31, 2025 8:05:02 PM
 Blitz 10/5 

Pairing 9/15 :    C0BR4_v2.3  -  Random_Opponent

PGN-File: C:\Program Files (x86)\Arena\Tournaments\Engine Battle 20250831.pgn

No:  B/W 1/2     W:B       1:2           Time        Value Moves Dep 1:2       1-2-Draws
   2 W 2    1.0:0.0        0.0:2.0       8:05:06 PM     0.00     3 0:0 0-2-0

--------------------------------------------------------------

Engine-Match Sunday, August 31, 2025 8:05:07 PM
 Blitz 10/5 

Pairing 12/15 :    C0BR4_v2.0  -  C0BR4_v2.3

PGN-File: C:\Program Files (x86)\Arena\Tournaments\Engine Battle 20250831.pgn

No:  B/W 1/2     W:B       1:2           Time        Value Moves Dep 1:2       1-2-Draws
   2 B 1    1.0:0.0        1.0:1.0       8:05:10 PM     0.00     2 0:0 1-1-0

--------------------------------------------------------------

Engine-Match Sunday, August 31, 2025 8:05:12 PM
 Blitz 10/5 

Pairing 14/15 :    C0BR4_v2.3  -  Stockfish 1%

PGN-File: C:\Program Files (x86)\Arena\Tournaments\Engine Battle 20250831.pgn

No:  B/W 1/2     W:B       1:2           Time        Value Moves Dep 1:2       1-2-Draws
   2 * *     0.0:0.0        0.0:1.0       8:05:20 PM    +4.83     9 4.000 :16.111  0-1-0

--------------------------------------------------------------

Engine-Match Sunday, August 31, 2025 8:05:40 PM
 Blitz 10/5 

Pairing 1/6 :    SlowMate_v3.0  -  V7P3R_v10.0

PGN-File: C:\Program Files (x86)\Arena\Tournaments\Engine Battle 20250831.pgn

No:  B/W 1/2     W:B       1:2           Time        Value Moves Dep 1:2       1-2-Draws
   9 = =    4.0:4.0        4.0:5.0       8:30:58 PM    +5.00    74 3.980 :5.021  0-1-8

--------------------------------------------------------------

Engine-Match Sunday, August 31, 2025 8:30:59 PM
 Blitz 10/5 

Pairing 2/6 :    Stockfish 1%  -  Random_Opponent

PGN-File: C:\Program Files (x86)\Arena\Tournaments\Engine Battle 20250831.pgn

No:  B/W 1/2     W:B       1:2           Time        Value Moves Dep 1:2       1-2-Draws
   9 W 1    1.0:0.0        9.0:0.0       8:31:11 PM      +M1    12 24.417 :0 9-0-0

--------------------------------------------------------------

Engine-Match Sunday, August 31, 2025 8:31:12 PM
 Blitz 10/5 

Pairing 3/6 :    Stockfish 1%  -  SlowMate_v3.0

PGN-File: C:\Program Files (x86)\Arena\Tournaments\Engine Battle 20250831.pgn

No:  B/W 1/2     W:B       1:2           Time        Value Moves Dep 1:2       1-2-Draws
   9 W 1    1.0:0.0        9.0:0.0       8:41:04 PM      +M1    45 17.429 :4.238  9-0-0

--------------------------------------------------------------

Engine-Match Sunday, August 31, 2025 8:41:05 PM
 Blitz 10/5 

Pairing 6/6 :    V7P3R_v10.0  -  Stockfish 1%

PGN-File: C:\Program Files (x86)\Arena\Tournaments\Engine Battle 20250831.pgn

No:  B/W 1/2     W:B       1:2           Time        Value Moves Dep 1:2       1-2-Draws
   9 B 2    1.0:0.0        0.0:9.0       8:45:30 PM      -M1    24 5.375 :18.182  0-9-0

--------------------------------------------------------------

Engine-Match Sunday, August 31, 2025 8:45:32 PM
 Blitz 10/5 

Pairing 1/6 :    SlowMate_v3.0  -  V7P3R_v10.0

PGN-File: C:\Program Files (x86)\Arena\Tournaments\Engine Battle 20250831.pgn

No:  B/W 1/2     W:B       1:2           Time        Value Moves Dep 1:2       1-2-Draws
  10 * *     4.0:4.0        4.0:5.0       9:03:37 PM    +2.79    43 4.269 :5.481  0-1-8

--------------------------------------------------------------

Engine-Match Sunday, August 31, 2025 9:05:09 PM
 Blitz 10/5 

Pairing 3/10 :    C0BR4_v2.3  -  Stockfish 1%

PGN-File: C:\Program Files (x86)\Arena\Tournaments\Engine Battle 20250831.pgn

No:  B/W 1/2     W:B       1:2           Time        Value Moves Dep 1:2       1-2-Draws
   2 W 2    1.0:0.0        0.0:2.0       9:05:12 PM    +0.36     1 0:19.000  0-2-0
   3 B 2    2.0:0.0        0.0:3.0       9:05:15 PM    +0.18     2 0:17.600  0-3-0

--------------------------------------------------------------

Engine-Match Sunday, August 31, 2025 9:05:16 PM
 Blitz 10/5 

Pairing 6/10 :    SlowMate_v3.0  -  C0BR4_v2.3

PGN-File: C:\Program Files (x86)\Arena\Tournaments\Engine Battle 20250831.pgn

No:  B/W 1/2     W:B       1:2           Time        Value Moves Dep 1:2       1-2-Draws
   3 W 1    1.0:0.0        3.0:0.0       9:05:39 PM    +0.83     1 5.000 :0 3-0-0

--------------------------------------------------------------

Engine-Match Sunday, August 31, 2025 9:05:41 PM
 Blitz 10/5 

Pairing 8/10 :    C0BR4_v2.3  -  V7P3R_v10.0

PGN-File: C:\Program Files (x86)\Arena\Tournaments\Engine Battle 20250831.pgn

No:  B/W 1/2     W:B       1:2           Time        Value Moves Dep 1:2       1-2-Draws
   3 B 2    1.0:0.0        0.0:3.0       9:06:00 PM    -0.10     2 0:5.333  0-3-0

--------------------------------------------------------------

Engine-Match Sunday, August 31, 2025 9:06:02 PM
 Blitz 10/5 

Pairing 9/10 :    Random_Opponent  -  C0BR4_v2.3

PGN-File: C:\Program Files (x86)\Arena\Tournaments\Engine Battle 20250831.pgn

No:  B/W 1/2     W:B       1:2           Time        Value Moves Dep 1:2       1-2-Draws
   3 W 1    1.0:0.0        3.0:0.0       9:06:04 PM     0.00     1 0:0 3-0-0

--------------------------------------------------------------

Engine-Match Sunday, August 31, 2025 9:06:05 PM
 Blitz 10/5 

Pairing 3/10 :    C0BR4_v2.3  -  Stockfish 1%

PGN-File: C:\Program Files (x86)\Arena\Tournaments\Engine Battle 20250831.pgn

No:  B/W 1/2     W:B       1:2           Time        Value Moves Dep 1:2       1-2-Draws
   4 * *     0.0:0.0        0.0:3.0       9:06:08 PM    +0.36     1 0:0 0-3-0
