Engine-Match Saturday, August 30, 2025 2:53:36 PM
 Blitz 2/1 

Pairing 1/15 :    V7P3R_v9.2  -  C0BR4_v2.0

PGN-File: C:\Program Files (x86)\Arena\Tournaments\Engine Battle 20250830.pgn

No:  B/W 1/2     W:B       1:2           Time        Value Moves Dep 1:2       1-2-Draws
   1 W 1    1.0:0.0        1.0:0.0       2:53:53 PM   -90.00     5 5.333 :4.000  1-0-0

--------------------------------------------------------------

Engine-Match Saturday, August 30, 2025 2:53:54 PM
 Blitz 2/1 

Pairing 3/15 :    V7P3R_v8.0  -  V7P3R_v7.0

PGN-File: C:\Program Files (x86)\Arena\Tournaments\Engine Battle 20250830.pgn

No:  B/W 1/2     W:B       1:2           Time        Value Moves Dep 1:2       1-2-Draws
   1 B 2    1.0:0.0        0.0:1.0       2:56:17 PM  -112.00    15 5.333 :5.571  0-1-0

--------------------------------------------------------------

Engine-Match Saturday, August 30, 2025 2:56:19 PM
 Blitz 2/1 

Pairing 4/15 :    SlowMate_v3.0  -  V7P3R_v9.2

PGN-File: C:\Program Files (x86)\Arena\Tournaments\Engine Battle 20250830.pgn

No:  B/W 1/2     W:B       1:2           Time        Value Moves Dep 1:2       1-2-Draws
   1 W 1    1.0:0.0        1.0:0.0       2:57:26 PM   +90.00    11 3.091 :5.273  1-0-0

--------------------------------------------------------------

Engine-Match Saturday, August 30, 2025 2:57:28 PM
 Blitz 2/1 

Pairing 5/15 :    V7P3R_v7.0  -  C0BR4_v2.0

PGN-File: C:\Program Files (x86)\Arena\Tournaments\Engine Battle 20250830.pgn

No:  B/W 1/2     W:B       1:2           Time        Value Moves Dep 1:2       1-2-Draws
   1 B 2    1.0:0.0        0.0:1.0       2:59:41 PM  -200.00    17 5.118 :4.000  0-1-0

--------------------------------------------------------------

Engine-Match Saturday, August 30, 2025 2:59:42 PM
 Blitz 2/1 

Pairing 6/15 :    V7P3R_v9.0  -  V7P3R_v8.0

PGN-File: C:\Program Files (x86)\Arena\Tournaments\Engine Battle 20250830.pgn

No:  B/W 1/2     W:B       1:2           Time        Value Moves Dep 1:2       1-2-Draws
   1 W 1    1.0:0.0        1.0:0.0       3:00:13 PM   +90.00     5 5.800 :5.400  1-0-0

--------------------------------------------------------------

Engine-Match Saturday, August 30, 2025 3:00:14 PM
 Blitz 2/1 

Pairing 7/15 :    V7P3R_v9.2  -  V7P3R_v7.0

PGN-File: C:\Program Files (x86)\Arena\Tournaments\Engine Battle 20250830.pgn

No:  B/W 1/2     W:B       1:2           Time        Value Moves Dep 1:2       1-2-Draws
   1 B 2    1.0:0.0        0.0:1.0       3:02:25 PM    -M500    11 5.727 :5.400  0-1-0

--------------------------------------------------------------

Engine-Match Saturday, August 30, 2025 3:02:26 PM
 Blitz 2/1 

Pairing 8/15 :    V7P3R_v8.0  -  SlowMate_v3.0

PGN-File: C:\Program Files (x86)\Arena\Tournaments\Engine Battle 20250830.pgn

No:  B/W 1/2     W:B       1:2           Time        Value Moves Dep 1:2       1-2-Draws
   1 B 2    1.0:0.0        0.0:1.0       3:03:23 PM  -200.00     9 5.222 :3.125  0-1-0

--------------------------------------------------------------

Engine-Match Saturday, August 30, 2025 3:03:25 PM
 Blitz 2/1 

Pairing 9/15 :    C0BR4_v2.0  -  V7P3R_v9.0

PGN-File: C:\Program Files (x86)\Arena\Tournaments\Engine Battle 20250830.pgn

No:  B/W 1/2     W:B       1:2           Time        Value Moves Dep 1:2       1-2-Draws
   1 W 1    1.0:0.0        1.0:0.0       3:03:43 PM   +25.00     5 4.000 :5.600  1-0-0

--------------------------------------------------------------

Engine-Match Saturday, August 30, 2025 3:03:45 PM
 Blitz 2/1 

Pairing 10/15 :    V7P3R_v8.0  -  V7P3R_v9.2

PGN-File: C:\Program Files (x86)\Arena\Tournaments\Engine Battle 20250830.pgn

No:  B/W 1/2     W:B       1:2           Time        Value Moves Dep 1:2       1-2-Draws
   1 W 1    1.0:0.0        1.0:0.0       3:04:36 PM  +190.00     9 5.222 :5.667  1-0-0

--------------------------------------------------------------

Engine-Match Saturday, August 30, 2025 3:04:37 PM
 Blitz 2/1 

Pairing 11/15 :    V7P3R_v9.0  -  V7P3R_v7.0

PGN-File: C:\Program Files (x86)\Arena\Tournaments\Engine Battle 20250830.pgn

No:  B/W 1/2     W:B       1:2           Time        Value Moves Dep 1:2       1-2-Draws
   1 B 2    1.0:0.0        0.0:1.0       3:06:41 PM  -222.00    12 5.833 :5.636  0-1-0

--------------------------------------------------------------

Engine-Match Saturday, August 30, 2025 3:06:43 PM
 Blitz 2/1 

Pairing 12/15 :    SlowMate_v3.0  -  C0BR4_v2.0

PGN-File: C:\Program Files (x86)\Arena\Tournaments\Engine Battle 20250830.pgn

No:  B/W 1/2     W:B       1:2           Time        Value Moves Dep 1:2       1-2-Draws
   1 = =    0.5:0.5        0.5:0.5       3:07:56 PM    -4.54    19 3.053 :4.000  0-0-1

--------------------------------------------------------------

Engine-Match Saturday, August 30, 2025 3:07:57 PM
 Blitz 2/1 

Pairing 13/15 :    V7P3R_v9.2  -  V7P3R_v9.0

PGN-File: C:\Program Files (x86)\Arena\Tournaments\Engine Battle 20250830.pgn

No:  B/W 1/2     W:B       1:2           Time        Value Moves Dep 1:2       1-2-Draws
   1 B 2    1.0:0.0        0.0:1.0       3:09:29 PM  -222.00    21 5.500 :5.765  0-1-0

--------------------------------------------------------------

Engine-Match Saturday, August 30, 2025 3:09:36 PM
 Blitz 2/1 

Pairing 14/15 :    C0BR4_v2.0  -  V7P3R_v8.0

PGN-File: C:\Program Files (x86)\Arena\Tournaments\Engine Battle 20250830.pgn

No:  B/W 1/2     W:B       1:2           Time        Value Moves Dep 1:2       1-2-Draws
   1 W 1    1.0:0.0        1.0:0.0       3:10:17 PM  +102.00    12 4.000 :5.417  1-0-0

--------------------------------------------------------------

Engine-Match Saturday, August 30, 2025 3:10:18 PM
 Blitz 2/1 

Pairing 15/15 :    V7P3R_v7.0  -  SlowMate_v3.0

PGN-File: C:\Program Files (x86)\Arena\Tournaments\Engine Battle 20250830.pgn

No:  B/W 1/2     W:B       1:2           Time        Value Moves Dep 1:2       1-2-Draws
   1 B 2    1.0:0.0        0.0:1.0       3:14:03 PM   -38.00    27 4.778 :3.059  0-1-0

--------------------------------------------------------------

Engine-Match Saturday, August 30, 2025 3:14:04 PM
 Blitz 2/1 

Pairing 1/15 :    V7P3R_v9.2  -  C0BR4_v2.0

PGN-File: C:\Program Files (x86)\Arena\Tournaments\Engine Battle 20250830.pgn

No:  B/W 1/2     W:B       1:2           Time        Value Moves Dep 1:2       1-2-Draws
   2 B 1    1.0:0.0        2.0:0.0       3:14:24 PM  +115.00     7 5.625 :4.000  2-0-0

--------------------------------------------------------------

Engine-Match Saturday, August 30, 2025 3:14:25 PM
 Blitz 2/1 

Pairing 2/15 :    SlowMate_v3.0  -  V7P3R_v9.0

PGN-File: C:\Program Files (x86)\Arena\Tournaments\Engine Battle 20250830.pgn

No:  B/W 1/2     W:B       1:2           Time        Value Moves Dep 1:2       1-2-Draws
   2 B 1    1.0:0.0        2.0:0.0       3:15:23 PM  -185.00    10 3.556 :5.700  2-0-0

--------------------------------------------------------------

Engine-Match Saturday, August 30, 2025 3:15:25 PM
 Blitz 2/1 

Pairing 3/15 :    V7P3R_v8.0  -  V7P3R_v7.0

PGN-File: C:\Program Files (x86)\Arena\Tournaments\Engine Battle 20250830.pgn

No:  B/W 1/2     W:B       1:2           Time        Value Moves Dep 1:2       1-2-Draws
   2 W 2    1.0:0.0        0.0:2.0       3:16:50 PM    +M500     5 5.000 :5.800  0-2-0

--------------------------------------------------------------

Engine-Match Saturday, August 30, 2025 3:16:51 PM
 Blitz 2/1 

Pairing 4/15 :    SlowMate_v3.0  -  V7P3R_v9.2

PGN-File: C:\Program Files (x86)\Arena\Tournaments\Engine Battle 20250830.pgn

No:  B/W 1/2     W:B       1:2           Time        Value Moves Dep 1:2       1-2-Draws
   2 B 1    1.0:0.0        2.0:0.0       3:17:50 PM  -185.00     9 3.125 :5.778  2-0-0

--------------------------------------------------------------

Engine-Match Saturday, August 30, 2025 3:17:51 PM
 Blitz 2/1 

Pairing 5/15 :    V7P3R_v7.0  -  C0BR4_v2.0

PGN-File: C:\Program Files (x86)\Arena\Tournaments\Engine Battle 20250830.pgn

No:  B/W 1/2     W:B       1:2           Time        Value Moves Dep 1:2       1-2-Draws
   2 B 1    1.0:0.0        1.0:1.0       3:18:53 PM   -20.00     5 6.000 :4.000  1-1-0

--------------------------------------------------------------

Engine-Match Saturday, August 30, 2025 3:18:55 PM
 Blitz 2/1 

Pairing 6/15 :    V7P3R_v9.0  -  V7P3R_v8.0

PGN-File: C:\Program Files (x86)\Arena\Tournaments\Engine Battle 20250830.pgn

No:  B/W 1/2     W:B       1:2           Time        Value Moves Dep 1:2       1-2-Draws
   2 W 2    1.0:0.0        1.0:1.0       3:19:24 PM  +100.00     5 5.400 :5.200  1-1-0

--------------------------------------------------------------

Engine-Match Saturday, August 30, 2025 3:19:25 PM
 Blitz 2/1 

Pairing 7/15 :    V7P3R_v9.2  -  V7P3R_v7.0

PGN-File: C:\Program Files (x86)\Arena\Tournaments\Engine Battle 20250830.pgn

No:  B/W 1/2     W:B       1:2           Time        Value Moves Dep 1:2       1-2-Draws
   2 W 2    1.0:0.0        0.0:2.0       3:20:49 PM   +15.00     6 5.333 :5.167  0-2-0

--------------------------------------------------------------

Engine-Match Saturday, August 30, 2025 3:20:51 PM
 Blitz 2/1 

Pairing 8/15 :    V7P3R_v8.0  -  SlowMate_v3.0

PGN-File: C:\Program Files (x86)\Arena\Tournaments\Engine Battle 20250830.pgn

No:  B/W 1/2     W:B       1:2           Time        Value Moves Dep 1:2       1-2-Draws
   2 W 2    1.0:0.0        0.0:2.0       3:21:56 PM    +M500    10 5.100 :3.600  0-2-0

--------------------------------------------------------------

Engine-Match Saturday, August 30, 2025 3:21:58 PM
 Blitz 2/1 

Pairing 9/15 :    C0BR4_v2.0  -  V7P3R_v9.0

PGN-File: C:\Program Files (x86)\Arena\Tournaments\Engine Battle 20250830.pgn

No:  B/W 1/2     W:B       1:2           Time        Value Moves Dep 1:2       1-2-Draws
   2 W 2    1.0:0.0        1.0:1.0       3:22:20 PM   -90.00     7 4.000 :5.500  1-1-0

--------------------------------------------------------------

Engine-Match Saturday, August 30, 2025 3:22:22 PM
 Blitz 2/1 

Pairing 10/15 :    V7P3R_v8.0  -  V7P3R_v9.2

PGN-File: C:\Program Files (x86)\Arena\Tournaments\Engine Battle 20250830.pgn

No:  B/W 1/2     W:B       1:2           Time        Value Moves Dep 1:2       1-2-Draws
   2 W 2    1.0:0.0        1.0:1.0       3:22:52 PM   +90.00     5 5.400 :5.800  1-1-0

--------------------------------------------------------------

Engine-Match Saturday, August 30, 2025 3:22:53 PM
 Blitz 2/1 

Pairing 11/15 :    V7P3R_v9.0  -  V7P3R_v7.0

PGN-File: C:\Program Files (x86)\Arena\Tournaments\Engine Battle 20250830.pgn

No:  B/W 1/2     W:B       1:2           Time        Value Moves Dep 1:2       1-2-Draws
   2 W 2    1.0:0.0        0.0:2.0       3:24:18 PM   +15.00     6 5.333 :5.167  0-2-0

--------------------------------------------------------------

Engine-Match Saturday, August 30, 2025 3:24:19 PM
 Blitz 2/1 

Pairing 12/15 :    SlowMate_v3.0  -  C0BR4_v2.0

PGN-File: C:\Program Files (x86)\Arena\Tournaments\Engine Battle 20250830.pgn

No:  B/W 1/2     W:B       1:2           Time        Value Moves Dep 1:2       1-2-Draws
   2 B 1    1.5:0.5        1.5:0.5       3:26:07 PM    +3.57    29 3.179 :4.000  1-0-1

--------------------------------------------------------------

Engine-Match Saturday, August 30, 2025 3:26:08 PM
 Blitz 2/1 

Pairing 13/15 :    V7P3R_v9.2  -  V7P3R_v9.0

PGN-File: C:\Program Files (x86)\Arena\Tournaments\Engine Battle 20250830.pgn

No:  B/W 1/2     W:B       1:2           Time        Value Moves Dep 1:2       1-2-Draws
   2 B 1    1.0:0.0        1.0:1.0       3:27:39 PM  -222.00    21 5.765 :5.500  1-1-0

--------------------------------------------------------------

Engine-Match Saturday, August 30, 2025 3:27:40 PM
 Blitz 2/1 

Pairing 14/15 :    C0BR4_v2.0  -  V7P3R_v8.0

PGN-File: C:\Program Files (x86)\Arena\Tournaments\Engine Battle 20250830.pgn

No:  B/W 1/2     W:B       1:2           Time        Value Moves Dep 1:2       1-2-Draws
   2 B 1    1.0:0.0        2.0:0.0       3:28:29 PM    -M500    16 4.000 :5.250  2-0-0

--------------------------------------------------------------

Engine-Match Saturday, August 30, 2025 3:28:30 PM
 Blitz 2/1 

Pairing 15/15 :    V7P3R_v7.0  -  SlowMate_v3.0

PGN-File: C:\Program Files (x86)\Arena\Tournaments\Engine Battle 20250830.pgn

No:  B/W 1/2     W:B       1:2           Time        Value Moves Dep 1:2       1-2-Draws
   2 = =    0.5:0.5        0.5:1.5       3:34:02 PM    -3.09    59 4.688 :3.091  0-1-1

--------------------------------------------------------------

Engine-Match Saturday, August 30, 2025 3:34:03 PM
 Blitz 2/1 

Pairing 1/15 :    V7P3R_v9.2  -  C0BR4_v2.0

PGN-File: C:\Program Files (x86)\Arena\Tournaments\Engine Battle 20250830.pgn

No:  B/W 1/2     W:B       1:2           Time        Value Moves Dep 1:2       1-2-Draws
   3 W 1    1.0:0.0        3.0:0.0       3:34:40 PM   +20.00    11 6.000 :4.000  3-0-0

--------------------------------------------------------------

Engine-Match Saturday, August 30, 2025 3:34:42 PM
 Blitz 2/1 

Pairing 2/15 :    SlowMate_v3.0  -  V7P3R_v9.0

PGN-File: C:\Program Files (x86)\Arena\Tournaments\Engine Battle 20250830.pgn

No:  B/W 1/2     W:B       1:2           Time        Value Moves Dep 1:2       1-2-Draws
   3 W 1    1.0:0.0        3.0:0.0       3:35:49 PM   +90.00    11 3.091 :5.273  3-0-0

--------------------------------------------------------------

Engine-Match Saturday, August 30, 2025 3:35:50 PM
 Blitz 2/1 

Pairing 3/15 :    V7P3R_v8.0  -  V7P3R_v7.0

PGN-File: C:\Program Files (x86)\Arena\Tournaments\Engine Battle 20250830.pgn

No:  B/W 1/2     W:B       1:2           Time        Value Moves Dep 1:2       1-2-Draws
   3 B 2    1.0:0.0        0.0:3.0       3:38:18 PM  -112.00    15 5.333 :5.643  0-3-0

--------------------------------------------------------------

Engine-Match Saturday, August 30, 2025 3:38:25 PM
 Blitz 2/1 

Pairing 4/15 :    SlowMate_v3.0  -  V7P3R_v9.2

PGN-File: C:\Program Files (x86)\Arena\Tournaments\Engine Battle 20250830.pgn

No:  B/W 1/2     W:B       1:2           Time        Value Moves Dep 1:2       1-2-Draws
   3 W 1    1.0:0.0        3.0:0.0       3:39:32 PM   +90.00    11 3.091 :5.273  3-0-0

--------------------------------------------------------------

Engine-Match Saturday, August 30, 2025 3:39:33 PM
 Blitz 2/1 

Pairing 5/15 :    V7P3R_v7.0  -  C0BR4_v2.0

PGN-File: C:\Program Files (x86)\Arena\Tournaments\Engine Battle 20250830.pgn

No:  B/W 1/2     W:B       1:2           Time        Value Moves Dep 1:2       1-2-Draws
   3 W 1    1.0:0.0        2.0:1.0       3:41:25 PM    +M500    15 5.250 :4.000  2-1-0

--------------------------------------------------------------

Engine-Match Saturday, August 30, 2025 3:41:26 PM
 Blitz 2/1 

Pairing 6/15 :    V7P3R_v9.0  -  V7P3R_v8.0

PGN-File: C:\Program Files (x86)\Arena\Tournaments\Engine Battle 20250830.pgn

No:  B/W 1/2     W:B       1:2           Time        Value Moves Dep 1:2       1-2-Draws
   3 W 1    1.0:0.0        2.0:1.0       3:41:56 PM   +90.00     5 5.800 :5.400  2-1-0

--------------------------------------------------------------

Engine-Match Saturday, August 30, 2025 3:41:57 PM
 Blitz 2/1 

Pairing 7/15 :    V7P3R_v9.2  -  V7P3R_v7.0

PGN-File: C:\Program Files (x86)\Arena\Tournaments\Engine Battle 20250830.pgn

No:  B/W 1/2     W:B       1:2           Time        Value Moves Dep 1:2       1-2-Draws
   3 B 2    1.0:0.0        0.0:3.0       3:44:13 PM  -290.00    13 5.615 :5.417  0-3-0

--------------------------------------------------------------

Engine-Match Saturday, August 30, 2025 3:44:14 PM
 Blitz 2/1 

Pairing 8/15 :    V7P3R_v8.0  -  SlowMate_v3.0

PGN-File: C:\Program Files (x86)\Arena\Tournaments\Engine Battle 20250830.pgn

No:  B/W 1/2     W:B       1:2           Time        Value Moves Dep 1:2       1-2-Draws
   3 B 2    1.0:0.0        0.0:3.0       3:45:07 PM  -200.00     9 5.111 :3.125  0-3-0

--------------------------------------------------------------

Engine-Match Saturday, August 30, 2025 3:45:08 PM
 Blitz 2/1 

Pairing 9/15 :    C0BR4_v2.0  -  V7P3R_v9.0

PGN-File: C:\Program Files (x86)\Arena\Tournaments\Engine Battle 20250830.pgn

No:  B/W 1/2     W:B       1:2           Time        Value Moves Dep 1:2       1-2-Draws
   3 W 1    1.0:0.0        2.0:1.0       3:45:23 PM   +25.00     5 4.000 :5.600  2-1-0

--------------------------------------------------------------

Engine-Match Saturday, August 30, 2025 3:45:25 PM
 Blitz 2/1 

Pairing 10/15 :    V7P3R_v8.0  -  V7P3R_v9.2

PGN-File: C:\Program Files (x86)\Arena\Tournaments\Engine Battle 20250830.pgn

No:  B/W 1/2     W:B       1:2           Time        Value Moves Dep 1:2       1-2-Draws
   3 W 1    1.0:0.0        2.0:1.0       3:47:40 PM    +M500    34 5.318 :5.545  2-1-0

--------------------------------------------------------------

Engine-Match Saturday, August 30, 2025 3:47:41 PM
 Blitz 2/1 

Pairing 11/15 :    V7P3R_v9.0  -  V7P3R_v7.0

PGN-File: C:\Program Files (x86)\Arena\Tournaments\Engine Battle 20250830.pgn

No:  B/W 1/2     W:B       1:2           Time        Value Moves Dep 1:2       1-2-Draws
   3 B 2    1.0:0.0        0.0:3.0       3:49:56 PM  -290.00    13 5.615 :5.417  0-3-0

--------------------------------------------------------------

Engine-Match Saturday, August 30, 2025 3:49:58 PM
 Blitz 2/1 

Pairing 12/15 :    SlowMate_v3.0  -  C0BR4_v2.0

PGN-File: C:\Program Files (x86)\Arena\Tournaments\Engine Battle 20250830.pgn

No:  B/W 1/2     W:B       1:2           Time        Value Moves Dep 1:2       1-2-Draws
   3 W 1    1.5:0.5        2.5:0.5       3:51:34 PM    +6.30    26 3.333 :4.000  2-0-1

--------------------------------------------------------------

Engine-Match Saturday, August 30, 2025 3:51:36 PM
 Blitz 2/1 

Pairing 13/15 :    V7P3R_v9.2  -  V7P3R_v9.0

PGN-File: C:\Program Files (x86)\Arena\Tournaments\Engine Battle 20250830.pgn

No:  B/W 1/2     W:B       1:2           Time        Value Moves Dep 1:2       1-2-Draws
   3 W 1    1.0:0.0        2.0:1.0       3:52:47 PM  +120.00    15 5.467 :5.600  2-1-0

--------------------------------------------------------------

Engine-Match Saturday, August 30, 2025 3:52:49 PM
 Blitz 2/1 

Pairing 14/15 :    C0BR4_v2.0  -  V7P3R_v8.0

PGN-File: C:\Program Files (x86)\Arena\Tournaments\Engine Battle 20250830.pgn

No:  B/W 1/2     W:B       1:2           Time        Value Moves Dep 1:2       1-2-Draws
   3 B 2    1.0:0.0        2.0:1.0       3:53:04 PM   +10.00     4 4.000 :5.000  2-1-0

--------------------------------------------------------------

Engine-Match Saturday, August 30, 2025 3:53:05 PM
 Blitz 2/1 

Pairing 15/15 :    V7P3R_v7.0  -  SlowMate_v3.0

PGN-File: C:\Program Files (x86)\Arena\Tournaments\Engine Battle 20250830.pgn

No:  B/W 1/2     W:B       1:2           Time        Value Moves Dep 1:2       1-2-Draws
   3 = =    1.0:1.0        1.0:2.0       3:57:06 PM    +M500    31 4.545 :3.238  0-1-2

--------------------------------------------------------------

Engine-Match Saturday, August 30, 2025 3:57:07 PM
 Blitz 2/1 

Pairing 1/15 :    V7P3R_v9.2  -  C0BR4_v2.0

PGN-File: C:\Program Files (x86)\Arena\Tournaments\Engine Battle 20250830.pgn

No:  B/W 1/2     W:B       1:2           Time        Value Moves Dep 1:2       1-2-Draws
   4 W 2    1.0:0.0        3.0:1.0       3:57:29 PM    +M500     7 5.857 :4.000  3-1-0

--------------------------------------------------------------

Engine-Match Saturday, August 30, 2025 3:57:30 PM
 Blitz 2/1 

Pairing 2/15 :    SlowMate_v3.0  -  V7P3R_v9.0

PGN-File: C:\Program Files (x86)\Arena\Tournaments\Engine Battle 20250830.pgn

No:  B/W 1/2     W:B       1:2           Time        Value Moves Dep 1:2       1-2-Draws
   4 B 1    1.0:0.0        4.0:0.0       3:58:29 PM  -185.00     9 3.125 :5.778  4-0-0

--------------------------------------------------------------

Engine-Match Saturday, August 30, 2025 3:58:30 PM
 Blitz 2/1 

Pairing 3/15 :    V7P3R_v8.0  -  V7P3R_v7.0

PGN-File: C:\Program Files (x86)\Arena\Tournaments\Engine Battle 20250830.pgn

No:  B/W 1/2     W:B       1:2           Time        Value Moves Dep 1:2       1-2-Draws
   4 W 2    1.0:0.0        0.0:4.0       3:59:55 PM    +M500     5 5.000 :5.800  0-4-0

--------------------------------------------------------------

Engine-Match Saturday, August 30, 2025 3:59:56 PM
 Blitz 2/1 

Pairing 4/15 :    SlowMate_v3.0  -  V7P3R_v9.2

PGN-File: C:\Program Files (x86)\Arena\Tournaments\Engine Battle 20250830.pgn

No:  B/W 1/2     W:B       1:2           Time        Value Moves Dep 1:2       1-2-Draws
   4 B 1    1.0:0.0        4.0:0.0       4:00:52 PM  -185.00     9 3.125 :5.778  4-0-0

--------------------------------------------------------------

Engine-Match Saturday, August 30, 2025 4:00:53 PM
 Blitz 2/1 

Pairing 5/15 :    V7P3R_v7.0  -  C0BR4_v2.0

PGN-File: C:\Program Files (x86)\Arena\Tournaments\Engine Battle 20250830.pgn

No:  B/W 1/2     W:B       1:2           Time        Value Moves Dep 1:2       1-2-Draws
   4 B 1    1.0:0.0        3.0:1.0       4:02:39 PM  -225.00     8 5.444 :4.000  3-1-0

--------------------------------------------------------------

Engine-Match Saturday, August 30, 2025 4:02:40 PM
 Blitz 2/1 

Pairing 6/15 :    V7P3R_v9.0  -  V7P3R_v8.0

PGN-File: C:\Program Files (x86)\Arena\Tournaments\Engine Battle 20250830.pgn

No:  B/W 1/2     W:B       1:2           Time        Value Moves Dep 1:2       1-2-Draws
   4 B 1    1.0:0.0        3.0:1.0       4:03:35 PM  -220.00    11 5.900 :5.182  3-1-0

--------------------------------------------------------------

Engine-Match Saturday, August 30, 2025 4:03:36 PM
 Blitz 2/1 

Pairing 7/15 :    V7P3R_v9.2  -  V7P3R_v7.0

PGN-File: C:\Program Files (x86)\Arena\Tournaments\Engine Battle 20250830.pgn

No:  B/W 1/2     W:B       1:2           Time        Value Moves Dep 1:2       1-2-Draws
   4 W 2    1.0:0.0        0.0:4.0       4:05:45 PM  +225.00     9 5.778 :5.333  0-4-0

--------------------------------------------------------------

Engine-Match Saturday, August 30, 2025 4:05:47 PM
 Blitz 2/1 

Pairing 8/15 :    V7P3R_v8.0  -  SlowMate_v3.0

PGN-File: C:\Program Files (x86)\Arena\Tournaments\Engine Battle 20250830.pgn

No:  B/W 1/2     W:B       1:2           Time        Value Moves Dep 1:2       1-2-Draws
   4 W 2    1.0:0.0        0.0:4.0       4:06:57 PM  +100.00    11 5.364 :3.545  0-4-0

--------------------------------------------------------------

Engine-Match Saturday, August 30, 2025 4:07:04 PM
 Blitz 2/1 

Pairing 9/15 :    C0BR4_v2.0  -  V7P3R_v9.0

PGN-File: C:\Program Files (x86)\Arena\Tournaments\Engine Battle 20250830.pgn

No:  B/W 1/2     W:B       1:2           Time        Value Moves Dep 1:2       1-2-Draws
   4 B 1    1.0:0.0        3.0:1.0       4:07:42 PM  -185.00    15 4.000 :5.800  3-1-0

--------------------------------------------------------------

Engine-Match Saturday, August 30, 2025 4:07:43 PM
 Blitz 2/1 

Pairing 10/15 :    V7P3R_v8.0  -  V7P3R_v9.2

PGN-File: C:\Program Files (x86)\Arena\Tournaments\Engine Battle 20250830.pgn

No:  B/W 1/2     W:B       1:2           Time        Value Moves Dep 1:2       1-2-Draws
   4 W 2    1.0:0.0        2.0:2.0       4:08:11 PM   +90.00     5 5.400 :5.800  2-2-0

--------------------------------------------------------------

Engine-Match Saturday, August 30, 2025 4:08:12 PM
 Blitz 2/1 

Pairing 11/15 :    V7P3R_v9.0  -  V7P3R_v7.0

PGN-File: C:\Program Files (x86)\Arena\Tournaments\Engine Battle 20250830.pgn

No:  B/W 1/2     W:B       1:2           Time        Value Moves Dep 1:2       1-2-Draws
   4 W 2    1.0:0.0        0.0:4.0       4:10:21 PM  +225.00     9 5.778 :5.333  0-4-0

--------------------------------------------------------------

Engine-Match Saturday, August 30, 2025 4:10:23 PM
 Blitz 2/1 

Pairing 12/15 :    SlowMate_v3.0  -  C0BR4_v2.0

PGN-File: C:\Program Files (x86)\Arena\Tournaments\Engine Battle 20250830.pgn

No:  B/W 1/2     W:B       1:2           Time        Value Moves Dep 1:2       1-2-Draws
   4 = =    1.0:1.0        3.0:1.0       4:12:43 PM    -0.31    45 3.280 :4.000  2-0-2

--------------------------------------------------------------

Engine-Match Saturday, August 30, 2025 4:12:44 PM
 Blitz 2/1 

Pairing 13/15 :    V7P3R_v9.2  -  V7P3R_v9.0

PGN-File: C:\Program Files (x86)\Arena\Tournaments\Engine Battle 20250830.pgn

No:  B/W 1/2     W:B       1:2           Time        Value Moves Dep 1:2       1-2-Draws
   4 B 1    1.0:0.0        3.0:1.0       4:14:21 PM    -M500    18 5.824 :5.722  3-1-0

--------------------------------------------------------------

Engine-Match Saturday, August 30, 2025 4:14:22 PM
 Blitz 2/1 

Pairing 14/15 :    C0BR4_v2.0  -  V7P3R_v8.0

PGN-File: C:\Program Files (x86)\Arena\Tournaments\Engine Battle 20250830.pgn

No:  B/W 1/2     W:B       1:2           Time        Value Moves Dep 1:2       1-2-Draws
   4 B 1    1.0:0.0        3.0:1.0       4:15:07 PM    -M500    16 4.000 :5.250  3-1-0

--------------------------------------------------------------

Engine-Match Saturday, August 30, 2025 4:15:09 PM
 Blitz 2/1 

Pairing 15/15 :    V7P3R_v7.0  -  SlowMate_v3.0

PGN-File: C:\Program Files (x86)\Arena\Tournaments\Engine Battle 20250830.pgn

No:  B/W 1/2     W:B       1:2           Time        Value Moves Dep 1:2       1-2-Draws
   4 = =    1.5:1.5        1.5:2.5       4:20:45 PM    -1.11    60 4.625 :3.030  0-1-3

--------------------------------------------------------------

Engine-Match Saturday, August 30, 2025 4:20:46 PM
 Blitz 2/1 

Pairing 1/15 :    V7P3R_v9.2  -  C0BR4_v2.0

PGN-File: C:\Program Files (x86)\Arena\Tournaments\Engine Battle 20250830.pgn

No:  B/W 1/2     W:B       1:2           Time        Value Moves Dep 1:2       1-2-Draws
   5 B 2    1.0:0.0        3.0:2.0       4:21:23 PM  -105.00    10 5.700 :4.000  3-2-0

--------------------------------------------------------------

Engine-Match Saturday, August 30, 2025 4:21:24 PM
 Blitz 2/1 

Pairing 2/15 :    SlowMate_v3.0  -  V7P3R_v9.0

PGN-File: C:\Program Files (x86)\Arena\Tournaments\Engine Battle 20250830.pgn

No:  B/W 1/2     W:B       1:2           Time        Value Moves Dep 1:2       1-2-Draws
   5 W 1    1.0:0.0        5.0:0.0       4:22:31 PM   +90.00    11 3.091 :5.364  5-0-0

--------------------------------------------------------------

Engine-Match Saturday, August 30, 2025 4:22:32 PM
 Blitz 2/1 

Pairing 3/15 :    V7P3R_v8.0  -  V7P3R_v7.0

PGN-File: C:\Program Files (x86)\Arena\Tournaments\Engine Battle 20250830.pgn

No:  B/W 1/2     W:B       1:2           Time        Value Moves Dep 1:2       1-2-Draws
   5 B 2    1.0:0.0        0.0:5.0       4:24:37 PM  -230.00    11 5.273 :5.600  0-5-0

--------------------------------------------------------------

Engine-Match Saturday, August 30, 2025 4:24:39 PM
 Blitz 2/1 

Pairing 4/15 :    SlowMate_v3.0  -  V7P3R_v9.2

PGN-File: C:\Program Files (x86)\Arena\Tournaments\Engine Battle 20250830.pgn

No:  B/W 1/2     W:B       1:2           Time        Value Moves Dep 1:2       1-2-Draws
   5 W 1    1.0:0.0        5.0:0.0       4:25:45 PM   +90.00    11 3.091 :5.273  5-0-0

--------------------------------------------------------------

Engine-Match Saturday, August 30, 2025 4:25:47 PM
 Blitz 2/1 

Pairing 5/15 :    V7P3R_v7.0  -  C0BR4_v2.0

PGN-File: C:\Program Files (x86)\Arena\Tournaments\Engine Battle 20250830.pgn

No:  B/W 1/2     W:B       1:2           Time        Value Moves Dep 1:2       1-2-Draws
   5 B 2    1.0:0.0        3.0:2.0       4:28:52 PM    -M500    38 4.895 :4.000  3-2-0

--------------------------------------------------------------

Engine-Match Saturday, August 30, 2025 4:28:53 PM
 Blitz 2/1 

Pairing 6/15 :    V7P3R_v9.0  -  V7P3R_v8.0

PGN-File: C:\Program Files (x86)\Arena\Tournaments\Engine Battle 20250830.pgn

No:  B/W 1/2     W:B       1:2           Time        Value Moves Dep 1:2       1-2-Draws
   5 W 1    1.0:0.0        4.0:1.0       4:29:22 PM   +90.00     5 5.800 :5.400  4-1-0

--------------------------------------------------------------

Engine-Match Saturday, August 30, 2025 4:29:24 PM
 Blitz 2/1 

Pairing 7/15 :    V7P3R_v9.2  -  V7P3R_v7.0

PGN-File: C:\Program Files (x86)\Arena\Tournaments\Engine Battle 20250830.pgn

No:  B/W 1/2     W:B       1:2           Time        Value Moves Dep 1:2       1-2-Draws
   5 B 2    1.0:0.0        0.0:5.0       4:31:25 PM    -M500    10 5.800 :5.667  0-5-0

--------------------------------------------------------------

Engine-Match Saturday, August 30, 2025 4:31:26 PM
 Blitz 2/1 

Pairing 8/15 :    V7P3R_v8.0  -  SlowMate_v3.0

PGN-File: C:\Program Files (x86)\Arena\Tournaments\Engine Battle 20250830.pgn

No:  B/W 1/2     W:B       1:2           Time        Value Moves Dep 1:2       1-2-Draws
   5 B 2    1.0:0.0        0.0:5.0       4:32:21 PM  -200.00     9 5.222 :3.125  0-5-0

--------------------------------------------------------------

Engine-Match Saturday, August 30, 2025 4:32:22 PM
 Blitz 2/1 

Pairing 9/15 :    C0BR4_v2.0  -  V7P3R_v9.0

PGN-File: C:\Program Files (x86)\Arena\Tournaments\Engine Battle 20250830.pgn

No:  B/W 1/2     W:B       1:2           Time        Value Moves Dep 1:2       1-2-Draws
   5 W 1    1.0:0.0        4.0:1.0       4:32:43 PM    +M500     7 4.000 :5.857  4-1-0

--------------------------------------------------------------

Engine-Match Saturday, August 30, 2025 4:32:45 PM
 Blitz 2/1 

Pairing 10/15 :    V7P3R_v8.0  -  V7P3R_v9.2

PGN-File: C:\Program Files (x86)\Arena\Tournaments\Engine Battle 20250830.pgn

No:  B/W 1/2     W:B       1:2           Time        Value Moves Dep 1:2       1-2-Draws
   5 = =    0.5:0.5        2.5:2.5       4:34:46 PM  +276.00    27 4.926 :5.654  2-2-1

--------------------------------------------------------------

Engine-Match Saturday, August 30, 2025 4:34:47 PM
 Blitz 2/1 

Pairing 11/15 :    V7P3R_v9.0  -  V7P3R_v7.0

PGN-File: C:\Program Files (x86)\Arena\Tournaments\Engine Battle 20250830.pgn

No:  B/W 1/2     W:B       1:2           Time        Value Moves Dep 1:2       1-2-Draws
   5 B 2    1.0:0.0        0.0:5.0       4:36:47 PM  -195.00    10 5.900 :5.556  0-5-0

--------------------------------------------------------------

Engine-Match Saturday, August 30, 2025 4:36:49 PM
 Blitz 2/1 

Pairing 12/15 :    SlowMate_v3.0  -  C0BR4_v2.0

PGN-File: C:\Program Files (x86)\Arena\Tournaments\Engine Battle 20250830.pgn

No:  B/W 1/2     W:B       1:2           Time        Value Moves Dep 1:2       1-2-Draws
   5 B 2    2.0:1.0        3.0:2.0       4:38:27 PM   -13.14    25 2.955 :4.000  2-1-2

--------------------------------------------------------------

Engine-Match Saturday, August 30, 2025 4:38:28 PM
 Blitz 2/1 

Pairing 13/15 :    V7P3R_v9.2  -  V7P3R_v9.0

PGN-File: C:\Program Files (x86)\Arena\Tournaments\Engine Battle 20250830.pgn

No:  B/W 1/2     W:B       1:2           Time        Value Moves Dep 1:2       1-2-Draws
   5 W 1    1.0:0.0        4.0:1.0       4:39:47 PM    +M500    17 5.647 :5.765  4-1-0

--------------------------------------------------------------

Engine-Match Saturday, August 30, 2025 4:39:53 PM
 Blitz 2/1 

Pairing 14/15 :    C0BR4_v2.0  -  V7P3R_v8.0

PGN-File: C:\Program Files (x86)\Arena\Tournaments\Engine Battle 20250830.pgn

No:  B/W 1/2     W:B       1:2           Time        Value Moves Dep 1:2       1-2-Draws
   5 W 1    1.0:0.0        4.0:1.0       4:40:29 PM  +305.00    12 4.000 :5.250  4-1-0

--------------------------------------------------------------

Engine-Match Saturday, August 30, 2025 4:40:30 PM
 Blitz 2/1 

Pairing 15/15 :    V7P3R_v7.0  -  SlowMate_v3.0

PGN-File: C:\Program Files (x86)\Arena\Tournaments\Engine Battle 20250830.pgn

No:  B/W 1/2     W:B       1:2           Time        Value Moves Dep 1:2       1-2-Draws
   5 B 2    2.5:1.5        1.5:3.5       4:43:27 PM   -85.00    14 4.786 :3.000  0-2-3

--------------------------------------------------------------

Engine-Match Saturday, August 30, 2025 4:43:28 PM
 Blitz 2/1 

Pairing 1/15 :    V7P3R_v9.2  -  C0BR4_v2.0

PGN-File: C:\Program Files (x86)\Arena\Tournaments\Engine Battle 20250830.pgn

No:  B/W 1/2     W:B       1:2           Time        Value Moves Dep 1:2       1-2-Draws
   6 W 2    1.0:0.0        3.0:3.0       4:44:00 PM  +100.00    10 5.500 :4.000  3-3-0

--------------------------------------------------------------

Engine-Match Saturday, August 30, 2025 4:44:02 PM
 Blitz 2/1 

Pairing 2/15 :    SlowMate_v3.0  -  V7P3R_v9.0

PGN-File: C:\Program Files (x86)\Arena\Tournaments\Engine Battle 20250830.pgn

No:  B/W 1/2     W:B       1:2           Time        Value Moves Dep 1:2       1-2-Draws
   6 B 1    1.0:0.0        6.0:0.0       4:44:58 PM  -185.00     9 3.125 :5.778  6-0-0

--------------------------------------------------------------

Engine-Match Saturday, August 30, 2025 4:44:59 PM
 Blitz 2/1 

Pairing 3/15 :    V7P3R_v8.0  -  V7P3R_v7.0

PGN-File: C:\Program Files (x86)\Arena\Tournaments\Engine Battle 20250830.pgn

No:  B/W 1/2     W:B       1:2           Time        Value Moves Dep 1:2       1-2-Draws
   6 W 2    1.0:0.0        0.0:6.0       4:46:22 PM    +M500     5 5.000 :5.800  0-6-0

--------------------------------------------------------------

Engine-Match Saturday, August 30, 2025 4:46:23 PM
 Blitz 2/1 

Pairing 4/15 :    SlowMate_v3.0  -  V7P3R_v9.2

PGN-File: C:\Program Files (x86)\Arena\Tournaments\Engine Battle 20250830.pgn

No:  B/W 1/2     W:B       1:2           Time        Value Moves Dep 1:2       1-2-Draws
   6 B 1    1.0:0.0        6.0:0.0       4:47:21 PM  -185.00     9 3.125 :5.778  6-0-0

--------------------------------------------------------------

Engine-Match Saturday, August 30, 2025 4:47:22 PM
 Blitz 2/1 

Pairing 5/15 :    V7P3R_v7.0  -  C0BR4_v2.0

PGN-File: C:\Program Files (x86)\Arena\Tournaments\Engine Battle 20250830.pgn

No:  B/W 1/2     W:B       1:2           Time        Value Moves Dep 1:2       1-2-Draws
   6 B 1    1.0:0.0        4.0:2.0       4:49:38 PM   -14.00    20 5.333 :4.000  4-2-0

--------------------------------------------------------------

Engine-Match Saturday, August 30, 2025 4:49:40 PM
 Blitz 2/1 

Pairing 6/15 :    V7P3R_v9.0  -  V7P3R_v8.0

PGN-File: C:\Program Files (x86)\Arena\Tournaments\Engine Battle 20250830.pgn

No:  B/W 1/2     W:B       1:2           Time        Value Moves Dep 1:2       1-2-Draws
   6 W 2    1.0:0.0        4.0:2.0       4:51:02 PM   +92.00    16 5.750 :5.250  4-2-0

--------------------------------------------------------------

Engine-Match Saturday, August 30, 2025 4:51:03 PM
 Blitz 2/1 

Pairing 7/15 :    V7P3R_v9.2  -  V7P3R_v7.0

PGN-File: C:\Program Files (x86)\Arena\Tournaments\Engine Battle 20250830.pgn

No:  B/W 1/2     W:B       1:2           Time        Value Moves Dep 1:2       1-2-Draws
   6 W 2    1.0:0.0        0.0:6.0       4:52:24 PM   +15.00     6 5.333 :5.167  0-6-0

--------------------------------------------------------------

Engine-Match Saturday, August 30, 2025 4:52:25 PM
 Blitz 2/1 

Pairing 8/15 :    V7P3R_v8.0  -  SlowMate_v3.0

PGN-File: C:\Program Files (x86)\Arena\Tournaments\Engine Battle 20250830.pgn

No:  B/W 1/2     W:B       1:2           Time        Value Moves Dep 1:2       1-2-Draws
   6 W 2    1.0:0.0        0.0:6.0       4:53:33 PM  +100.00    11 5.273 :3.545  0-6-0

--------------------------------------------------------------

Engine-Match Saturday, August 30, 2025 4:53:35 PM
 Blitz 2/1 

Pairing 9/15 :    C0BR4_v2.0  -  V7P3R_v9.0

PGN-File: C:\Program Files (x86)\Arena\Tournaments\Engine Battle 20250830.pgn

No:  B/W 1/2     W:B       1:2           Time        Value Moves Dep 1:2       1-2-Draws
   6 B 1    1.0:0.0        5.0:1.0       4:54:19 PM  -305.00    14 4.000 :6.000  5-1-0

--------------------------------------------------------------

Engine-Match Saturday, August 30, 2025 4:54:21 PM
 Blitz 2/1 

Pairing 10/15 :    V7P3R_v8.0  -  V7P3R_v9.2

PGN-File: C:\Program Files (x86)\Arena\Tournaments\Engine Battle 20250830.pgn

No:  B/W 1/2     W:B       1:2           Time        Value Moves Dep 1:2       1-2-Draws
   6 W 2    1.5:0.5        2.5:3.5       4:54:51 PM   +90.00     5 5.400 :5.800  2-3-1

--------------------------------------------------------------

Engine-Match Saturday, August 30, 2025 4:54:52 PM
 Blitz 2/1 

Pairing 11/15 :    V7P3R_v9.0  -  V7P3R_v7.0

PGN-File: C:\Program Files (x86)\Arena\Tournaments\Engine Battle 20250830.pgn

No:  B/W 1/2     W:B       1:2           Time        Value Moves Dep 1:2       1-2-Draws
   6 W 2    1.0:0.0        0.0:6.0       4:56:17 PM   +15.00     6 5.333 :5.167  0-6-0

--------------------------------------------------------------

Engine-Match Saturday, August 30, 2025 4:56:18 PM
 Blitz 2/1 

Pairing 12/15 :    SlowMate_v3.0  -  C0BR4_v2.0

PGN-File: C:\Program Files (x86)\Arena\Tournaments\Engine Battle 20250830.pgn

No:  B/W 1/2     W:B       1:2           Time        Value Moves Dep 1:2       1-2-Draws
   6 B 1    2.0:1.0        4.0:2.0       4:56:38 PM    -2.04     4 3.600 :4.000  3-1-2

--------------------------------------------------------------

Engine-Match Saturday, August 30, 2025 4:56:39 PM
 Blitz 2/1 

Pairing 13/15 :    V7P3R_v9.2  -  V7P3R_v9.0

PGN-File: C:\Program Files (x86)\Arena\Tournaments\Engine Battle 20250830.pgn

No:  B/W 1/2     W:B       1:2           Time        Value Moves Dep 1:2       1-2-Draws
   6 W 2    1.0:0.0        4.0:2.0       4:58:14 PM  +315.00    20 5.800 :5.700  4-2-0

--------------------------------------------------------------

Engine-Match Saturday, August 30, 2025 4:58:16 PM
 Blitz 2/1 

Pairing 14/15 :    C0BR4_v2.0  -  V7P3R_v8.0

PGN-File: C:\Program Files (x86)\Arena\Tournaments\Engine Battle 20250830.pgn

No:  B/W 1/2     W:B       1:2           Time        Value Moves Dep 1:2       1-2-Draws
   6 B 1    1.0:0.0        5.0:1.0       4:58:51 PM    -M500    10 4.000 :5.300  5-1-0

--------------------------------------------------------------

Engine-Match Saturday, August 30, 2025 4:58:52 PM
 Blitz 2/1 

Pairing 15/15 :    V7P3R_v7.0  -  SlowMate_v3.0

PGN-File: C:\Program Files (x86)\Arena\Tournaments\Engine Battle 20250830.pgn

No:  B/W 1/2     W:B       1:2           Time        Value Moves Dep 1:2       1-2-Draws
   6 = =    2.0:2.0        2.0:4.0       5:02:47 PM     -M16    29 4.966 :3.207  0-2-4

--------------------------------------------------------------

Engine-Match Saturday, August 30, 2025 5:02:49 PM
 Blitz 2/1 

Pairing 1/15 :    V7P3R_v9.2  -  C0BR4_v2.0

PGN-File: C:\Program Files (x86)\Arena\Tournaments\Engine Battle 20250830.pgn

No:  B/W 1/2     W:B       1:2           Time        Value Moves Dep 1:2       1-2-Draws
   7 W 1    1.0:0.0        4.0:3.0       5:03:12 PM    -M500     8 5.556 :4.000  4-3-0

--------------------------------------------------------------

Engine-Match Saturday, August 30, 2025 5:03:13 PM
 Blitz 2/1 

Pairing 2/15 :    SlowMate_v3.0  -  V7P3R_v9.0

PGN-File: C:\Program Files (x86)\Arena\Tournaments\Engine Battle 20250830.pgn

No:  B/W 1/2     W:B       1:2           Time        Value Moves Dep 1:2       1-2-Draws
   7 W 1    1.0:0.0        7.0:0.0       5:04:20 PM   +90.00    11 3.091 :5.364  7-0-0

--------------------------------------------------------------

Engine-Match Saturday, August 30, 2025 5:04:21 PM
 Blitz 2/1 

Pairing 3/15 :    V7P3R_v8.0  -  V7P3R_v7.0

PGN-File: C:\Program Files (x86)\Arena\Tournaments\Engine Battle 20250830.pgn

No:  B/W 1/2     W:B       1:2           Time        Value Moves Dep 1:2       1-2-Draws
   7 W 1    1.0:0.0        1.0:6.0       5:05:38 PM  +108.00     5 5.400 :6.000  1-6-0

--------------------------------------------------------------

Engine-Match Saturday, August 30, 2025 5:05:44 PM
 Blitz 2/1 

Pairing 4/15 :    SlowMate_v3.0  -  V7P3R_v9.2

PGN-File: C:\Program Files (x86)\Arena\Tournaments\Engine Battle 20250830.pgn

No:  B/W 1/2     W:B       1:2           Time        Value Moves Dep 1:2       1-2-Draws
   7 W 1    1.0:0.0        7.0:0.0       5:06:49 PM   +90.00    11 3.091 :5.273  7-0-0

--------------------------------------------------------------

Engine-Match Saturday, August 30, 2025 5:06:51 PM
 Blitz 2/1 

Pairing 5/15 :    V7P3R_v7.0  -  C0BR4_v2.0

PGN-File: C:\Program Files (x86)\Arena\Tournaments\Engine Battle 20250830.pgn

No:  B/W 1/2     W:B       1:2           Time        Value Moves Dep 1:2       1-2-Draws
   7 B 2    1.0:0.0        4.0:3.0       5:08:55 PM  -220.00    15 5.267 :4.000  4-3-0

--------------------------------------------------------------

Engine-Match Saturday, August 30, 2025 5:08:56 PM
 Blitz 2/1 

Pairing 6/15 :    V7P3R_v9.0  -  V7P3R_v8.0

PGN-File: C:\Program Files (x86)\Arena\Tournaments\Engine Battle 20250830.pgn

No:  B/W 1/2     W:B       1:2           Time        Value Moves Dep 1:2       1-2-Draws
   7 W 1    1.0:0.0        5.0:2.0       5:09:24 PM   +90.00     5 5.800 :5.400  5-2-0

--------------------------------------------------------------

Engine-Match Saturday, August 30, 2025 5:09:25 PM
 Blitz 2/1 

Pairing 7/15 :    V7P3R_v9.2  -  V7P3R_v7.0

PGN-File: C:\Program Files (x86)\Arena\Tournaments\Engine Battle 20250830.pgn

No:  B/W 1/2     W:B       1:2           Time        Value Moves Dep 1:2       1-2-Draws
   7 B 2    1.0:0.0        0.0:7.0       5:11:25 PM  -195.00    10 5.900 :5.556  0-7-0

--------------------------------------------------------------

Engine-Match Saturday, August 30, 2025 5:11:26 PM
 Blitz 2/1 

Pairing 8/15 :    V7P3R_v8.0  -  SlowMate_v3.0

PGN-File: C:\Program Files (x86)\Arena\Tournaments\Engine Battle 20250830.pgn

No:  B/W 1/2     W:B       1:2           Time        Value Moves Dep 1:2       1-2-Draws
   7 W 1    1.0:0.0        1.0:6.0       5:13:31 PM      +M1    23 5.217 :3.364  1-6-0

--------------------------------------------------------------

Engine-Match Saturday, August 30, 2025 5:13:32 PM
 Blitz 2/1 

Pairing 9/15 :    C0BR4_v2.0  -  V7P3R_v9.0

PGN-File: C:\Program Files (x86)\Arena\Tournaments\Engine Battle 20250830.pgn

No:  B/W 1/2     W:B       1:2           Time        Value Moves Dep 1:2       1-2-Draws
   7 W 1    1.0:0.0        6.0:1.0       5:14:11 PM  +195.00    14 4.000 :5.714  6-1-0

--------------------------------------------------------------

Engine-Match Saturday, August 30, 2025 5:14:12 PM
 Blitz 2/1 

Pairing 10/15 :    V7P3R_v8.0  -  V7P3R_v9.2

PGN-File: C:\Program Files (x86)\Arena\Tournaments\Engine Battle 20250830.pgn

No:  B/W 1/2     W:B       1:2           Time        Value Moves Dep 1:2       1-2-Draws
   7 B 2    1.5:0.5        2.5:4.5       5:15:06 PM  -220.00    11 5.182 :5.800  2-4-1

--------------------------------------------------------------

Engine-Match Saturday, August 30, 2025 5:15:08 PM
 Blitz 2/1 

Pairing 11/15 :    V7P3R_v9.0  -  V7P3R_v7.0

PGN-File: C:\Program Files (x86)\Arena\Tournaments\Engine Battle 20250830.pgn

No:  B/W 1/2     W:B       1:2           Time        Value Moves Dep 1:2       1-2-Draws
   7 B 2    1.0:0.0        0.0:7.0       5:17:06 PM  -195.00    10 5.900 :5.556  0-7-0

--------------------------------------------------------------

Engine-Match Saturday, August 30, 2025 5:17:08 PM
 Blitz 2/1 

Pairing 12/15 :    SlowMate_v3.0  -  C0BR4_v2.0

PGN-File: C:\Program Files (x86)\Arena\Tournaments\Engine Battle 20250830.pgn

No:  B/W 1/2     W:B       1:2           Time        Value Moves Dep 1:2       1-2-Draws
   7 W 1    2.0:1.0        5.0:2.0       5:20:06 PM   +15.98    61 3.286 :4.000  4-1-2

--------------------------------------------------------------

Engine-Match Saturday, August 30, 2025 5:20:07 PM
 Blitz 2/1 

Pairing 13/15 :    V7P3R_v9.2  -  V7P3R_v9.0

PGN-File: C:\Program Files (x86)\Arena\Tournaments\Engine Battle 20250830.pgn

No:  B/W 1/2     W:B       1:2           Time        Value Moves Dep 1:2       1-2-Draws
   7 W 1    1.0:0.0        5.0:2.0       5:21:30 PM  +125.00    17 5.412 :5.765  5-2-0

--------------------------------------------------------------

Engine-Match Saturday, August 30, 2025 5:21:31 PM
 Blitz 2/1 

Pairing 14/15 :    C0BR4_v2.0  -  V7P3R_v8.0

PGN-File: C:\Program Files (x86)\Arena\Tournaments\Engine Battle 20250830.pgn

No:  B/W 1/2     W:B       1:2           Time        Value Moves Dep 1:2       1-2-Draws
   7 B 2    1.0:0.0        5.0:2.0       5:21:56 PM   +65.00     8 4.000 :5.444  5-2-0

--------------------------------------------------------------

Engine-Match Saturday, August 30, 2025 5:21:57 PM
 Blitz 2/1 

Pairing 15/15 :    V7P3R_v7.0  -  SlowMate_v3.0

PGN-File: C:\Program Files (x86)\Arena\Tournaments\Engine Battle 20250830.pgn

No:  B/W 1/2     W:B       1:2           Time        Value Moves Dep 1:2       1-2-Draws
   7 B 2    3.0:2.0        2.0:5.0       5:24:52 PM   -85.00    14 4.786 :3.000  0-3-4

--------------------------------------------------------------

Engine-Match Saturday, August 30, 2025 5:24:53 PM
 Blitz 2/1 

Pairing 1/15 :    V7P3R_v9.2  -  C0BR4_v2.0

PGN-File: C:\Program Files (x86)\Arena\Tournaments\Engine Battle 20250830.pgn

No:  B/W 1/2     W:B       1:2           Time        Value Moves Dep 1:2       1-2-Draws
   8 W 2    1.0:0.0        4.0:4.0       5:25:25 PM  +100.00    10 5.500 :4.000  4-4-0

--------------------------------------------------------------

Engine-Match Saturday, August 30, 2025 5:25:27 PM
 Blitz 2/1 

Pairing 2/15 :    SlowMate_v3.0  -  V7P3R_v9.0

PGN-File: C:\Program Files (x86)\Arena\Tournaments\Engine Battle 20250830.pgn

No:  B/W 1/2     W:B       1:2           Time        Value Moves Dep 1:2       1-2-Draws
   8 B 1    1.0:0.0        8.0:0.0       5:26:23 PM  -185.00     9 3.125 :5.778  8-0-0

--------------------------------------------------------------

Engine-Match Saturday, August 30, 2025 5:26:24 PM
 Blitz 2/1 

Pairing 3/15 :    V7P3R_v8.0  -  V7P3R_v7.0

PGN-File: C:\Program Files (x86)\Arena\Tournaments\Engine Battle 20250830.pgn

No:  B/W 1/2     W:B       1:2           Time        Value Moves Dep 1:2       1-2-Draws
   8 W 2    1.0:0.0        1.0:7.0       5:27:45 PM    +M500     5 5.000 :5.800  1-7-0

--------------------------------------------------------------

Engine-Match Saturday, August 30, 2025 5:27:46 PM
 Blitz 2/1 

Pairing 4/15 :    SlowMate_v3.0  -  V7P3R_v9.2

PGN-File: C:\Program Files (x86)\Arena\Tournaments\Engine Battle 20250830.pgn

No:  B/W 1/2     W:B       1:2           Time        Value Moves Dep 1:2       1-2-Draws
   8 B 1    1.0:0.0        8.0:0.0       5:28:42 PM  -185.00     9 3.125 :5.778  8-0-0

--------------------------------------------------------------

Engine-Match Saturday, August 30, 2025 5:28:43 PM
 Blitz 2/1 

Pairing 5/15 :    V7P3R_v7.0  -  C0BR4_v2.0

PGN-File: C:\Program Files (x86)\Arena\Tournaments\Engine Battle 20250830.pgn

No:  B/W 1/2     W:B       1:2           Time        Value Moves Dep 1:2       1-2-Draws
   8 = =    0.5:0.5        4.5:3.5       5:32:11 PM    -M500    63 4.943 :4.000  4-3-1

--------------------------------------------------------------

Engine-Match Saturday, August 30, 2025 5:32:12 PM
 Blitz 2/1 

Pairing 6/15 :    V7P3R_v9.0  -  V7P3R_v8.0

PGN-File: C:\Program Files (x86)\Arena\Tournaments\Engine Battle 20250830.pgn

No:  B/W 1/2     W:B       1:2           Time        Value Moves Dep 1:2       1-2-Draws
   8 B 1    1.0:0.0        6.0:2.0       5:33:06 PM  -220.00    11 5.800 :5.182  6-2-0

--------------------------------------------------------------

Engine-Match Saturday, August 30, 2025 5:33:07 PM
 Blitz 2/1 

Pairing 7/15 :    V7P3R_v9.2  -  V7P3R_v7.0

PGN-File: C:\Program Files (x86)\Arena\Tournaments\Engine Battle 20250830.pgn

No:  B/W 1/2     W:B       1:2           Time        Value Moves Dep 1:2       1-2-Draws
   8 W 2    1.0:0.0        0.0:8.0       5:35:05 PM  +125.00     8 5.750 :5.500  0-8-0

--------------------------------------------------------------

Engine-Match Saturday, August 30, 2025 5:35:06 PM
 Blitz 2/1 

Pairing 8/15 :    V7P3R_v8.0  -  SlowMate_v3.0

PGN-File: C:\Program Files (x86)\Arena\Tournaments\Engine Battle 20250830.pgn

No:  B/W 1/2     W:B       1:2           Time        Value Moves Dep 1:2       1-2-Draws
   8 W 2    1.0:0.0        1.0:7.0       5:36:17 PM  +100.00    11 5.364 :3.545  1-7-0

--------------------------------------------------------------

Engine-Match Saturday, August 30, 2025 5:36:24 PM
 Blitz 2/1 

Pairing 9/15 :    C0BR4_v2.0  -  V7P3R_v9.0

PGN-File: C:\Program Files (x86)\Arena\Tournaments\Engine Battle 20250830.pgn

No:  B/W 1/2     W:B       1:2           Time        Value Moves Dep 1:2       1-2-Draws
   8 W 2    1.0:0.0        6.0:2.0       5:36:59 PM   +20.00    11 4.000 :6.000  6-2-0

--------------------------------------------------------------

Engine-Match Saturday, August 30, 2025 5:37:00 PM
 Blitz 2/1 

Pairing 10/15 :    V7P3R_v8.0  -  V7P3R_v9.2

PGN-File: C:\Program Files (x86)\Arena\Tournaments\Engine Battle 20250830.pgn

No:  B/W 1/2     W:B       1:2           Time        Value Moves Dep 1:2       1-2-Draws
   8 W 2    1.5:0.5        2.5:5.5       5:37:28 PM   +90.00     5 5.400 :5.800  2-5-1

--------------------------------------------------------------

Engine-Match Saturday, August 30, 2025 5:37:30 PM
 Blitz 2/1 

Pairing 11/15 :    V7P3R_v9.0  -  V7P3R_v7.0

PGN-File: C:\Program Files (x86)\Arena\Tournaments\Engine Battle 20250830.pgn

No:  B/W 1/2     W:B       1:2           Time        Value Moves Dep 1:2       1-2-Draws
   8 W 2    1.0:0.0        0.0:8.0       5:39:28 PM  +125.00     8 5.750 :5.500  0-8-0

--------------------------------------------------------------

Engine-Match Saturday, August 30, 2025 5:39:29 PM
 Blitz 2/1 

Pairing 12/15 :    SlowMate_v3.0  -  C0BR4_v2.0

PGN-File: C:\Program Files (x86)\Arena\Tournaments\Engine Battle 20250830.pgn

No:  B/W 1/2     W:B       1:2           Time        Value Moves Dep 1:2       1-2-Draws
   8 = =    1.5:1.5        5.5:2.5       5:41:35 PM    +0.39    35 3.057 :4.000  4-1-3

--------------------------------------------------------------

Engine-Match Saturday, August 30, 2025 5:41:37 PM
 Blitz 2/1 

Pairing 13/15 :    V7P3R_v9.2  -  V7P3R_v9.0

PGN-File: C:\Program Files (x86)\Arena\Tournaments\Engine Battle 20250830.pgn

No:  B/W 1/2     W:B       1:2           Time        Value Moves Dep 1:2       1-2-Draws
   8 W 2    1.0:0.0        5.0:3.0       5:43:08 PM  +315.00    20 5.800 :5.700  5-3-0

--------------------------------------------------------------

Engine-Match Saturday, August 30, 2025 5:43:09 PM
 Blitz 2/1 

Pairing 14/15 :    C0BR4_v2.0  -  V7P3R_v8.0

PGN-File: C:\Program Files (x86)\Arena\Tournaments\Engine Battle 20250830.pgn

No:  B/W 1/2     W:B       1:2           Time        Value Moves Dep 1:2       1-2-Draws
   8 B 1    1.0:0.0        6.0:2.0       5:43:44 PM    -M500    10 4.000 :5.300  6-2-0

--------------------------------------------------------------

Engine-Match Saturday, August 30, 2025 5:43:45 PM
 Blitz 2/1 

Pairing 15/15 :    V7P3R_v7.0  -  SlowMate_v3.0

PGN-File: C:\Program Files (x86)\Arena\Tournaments\Engine Battle 20250830.pgn

No:  B/W 1/2     W:B       1:2           Time        Value Moves Dep 1:2       1-2-Draws
   8 W 2    3.0:2.0        2.0:6.0       5:47:18 PM  +300.00    25 5.240 :3.280  0-4-4

--------------------------------------------------------------

Engine-Match Saturday, August 30, 2025 5:47:19 PM
 Blitz 2/1 

Pairing 1/15 :    V7P3R_v9.2  -  C0BR4_v2.0

PGN-File: C:\Program Files (x86)\Arena\Tournaments\Engine Battle 20250830.pgn

No:  B/W 1/2     W:B       1:2           Time        Value Moves Dep 1:2       1-2-Draws
   9 B 2    1.0:0.0        4.0:5.0       5:47:56 PM  -105.00    10 5.700 :4.000  4-5-0

--------------------------------------------------------------

Engine-Match Saturday, August 30, 2025 5:47:58 PM
 Blitz 2/1 

Pairing 2/15 :    SlowMate_v3.0  -  V7P3R_v9.0

PGN-File: C:\Program Files (x86)\Arena\Tournaments\Engine Battle 20250830.pgn

No:  B/W 1/2     W:B       1:2           Time        Value Moves Dep 1:2       1-2-Draws
   9 W 1    1.0:0.0        9.0:0.0       5:49:06 PM   +90.00    11 3.091 :5.364  9-0-0

--------------------------------------------------------------

Engine-Match Saturday, August 30, 2025 5:49:07 PM
 Blitz 2/1 

Pairing 3/15 :    V7P3R_v8.0  -  V7P3R_v7.0

PGN-File: C:\Program Files (x86)\Arena\Tournaments\Engine Battle 20250830.pgn

No:  B/W 1/2     W:B       1:2           Time        Value Moves Dep 1:2       1-2-Draws
   9 W 1    1.0:0.0        2.0:7.0       5:50:22 PM  +108.00     5 5.400 :6.000  2-7-0

--------------------------------------------------------------

Engine-Match Saturday, August 30, 2025 5:50:23 PM
 Blitz 2/1 

Pairing 4/15 :    SlowMate_v3.0  -  V7P3R_v9.2

PGN-File: C:\Program Files (x86)\Arena\Tournaments\Engine Battle 20250830.pgn

No:  B/W 1/2     W:B       1:2           Time        Value Moves Dep 1:2       1-2-Draws
   9 W 1    1.0:0.0        9.0:0.0       5:51:30 PM   +90.00    11 3.091 :5.273  9-0-0

--------------------------------------------------------------

Engine-Match Saturday, August 30, 2025 5:51:32 PM
 Blitz 2/1 

Pairing 5/15 :    V7P3R_v7.0  -  C0BR4_v2.0

PGN-File: C:\Program Files (x86)\Arena\Tournaments\Engine Battle 20250830.pgn

No:  B/W 1/2     W:B       1:2           Time        Value Moves Dep 1:2       1-2-Draws
   9 W 1    1.5:0.5        5.5:3.5       5:52:53 PM    +M500     8 5.333 :4.000  5-3-1

--------------------------------------------------------------

Engine-Match Saturday, August 30, 2025 5:52:55 PM
 Blitz 2/1 

Pairing 6/15 :    V7P3R_v9.0  -  V7P3R_v8.0

PGN-File: C:\Program Files (x86)\Arena\Tournaments\Engine Battle 20250830.pgn

No:  B/W 1/2     W:B       1:2           Time        Value Moves Dep 1:2       1-2-Draws
   9 W 1    1.0:0.0        7.0:2.0       5:53:24 PM   +90.00     5 5.800 :5.400  7-2-0

--------------------------------------------------------------

Engine-Match Saturday, August 30, 2025 5:53:25 PM
 Blitz 2/1 

Pairing 7/15 :    V7P3R_v9.2  -  V7P3R_v7.0

PGN-File: C:\Program Files (x86)\Arena\Tournaments\Engine Battle 20250830.pgn

No:  B/W 1/2     W:B       1:2           Time        Value Moves Dep 1:2       1-2-Draws
   9 B 2    1.0:0.0        0.0:9.0       5:55:29 PM  -222.00    12 5.917 :5.636  0-9-0

--------------------------------------------------------------

Engine-Match Saturday, August 30, 2025 5:55:30 PM
 Blitz 2/1 

Pairing 8/15 :    V7P3R_v8.0  -  SlowMate_v3.0

PGN-File: C:\Program Files (x86)\Arena\Tournaments\Engine Battle 20250830.pgn

No:  B/W 1/2     W:B       1:2           Time        Value Moves Dep 1:2       1-2-Draws
   9 B 2    1.0:0.0        1.0:8.0       5:56:22 PM  -200.00     9 5.111 :3.125  1-8-0

--------------------------------------------------------------

Engine-Match Saturday, August 30, 2025 5:56:23 PM
 Blitz 2/1 

Pairing 9/15 :    C0BR4_v2.0  -  V7P3R_v9.0

PGN-File: C:\Program Files (x86)\Arena\Tournaments\Engine Battle 20250830.pgn

No:  B/W 1/2     W:B       1:2           Time        Value Moves Dep 1:2       1-2-Draws
   9 W 1    1.0:0.0        7.0:2.0       5:56:44 PM    +M500     7 4.000 :5.857  7-2-0

--------------------------------------------------------------

Engine-Match Saturday, August 30, 2025 5:56:45 PM
 Blitz 2/1 

Pairing 10/15 :    V7P3R_v8.0  -  V7P3R_v9.2

PGN-File: C:\Program Files (x86)\Arena\Tournaments\Engine Battle 20250830.pgn

No:  B/W 1/2     W:B       1:2           Time        Value Moves Dep 1:2       1-2-Draws
   9 B 2    1.5:0.5        2.5:6.5       5:58:18 PM  -216.00    17 5.118 :5.750  2-6-1

--------------------------------------------------------------

Engine-Match Saturday, August 30, 2025 5:58:19 PM
 Blitz 2/1 

Pairing 11/15 :    V7P3R_v9.0  -  V7P3R_v7.0

PGN-File: C:\Program Files (x86)\Arena\Tournaments\Engine Battle 20250830.pgn

No:  B/W 1/2     W:B       1:2           Time        Value Moves Dep 1:2       1-2-Draws
   9 B 2    1.0:0.0        0.0:9.0       6:00:16 PM  -222.00    12 5.917 :5.636  0-9-0

--------------------------------------------------------------

Engine-Match Saturday, August 30, 2025 6:00:17 PM
 Blitz 2/1 

Pairing 12/15 :    SlowMate_v3.0  -  C0BR4_v2.0

PGN-File: C:\Program Files (x86)\Arena\Tournaments\Engine Battle 20250830.pgn

No:  B/W 1/2     W:B       1:2           Time        Value Moves Dep 1:2       1-2-Draws
   9 B 2    2.5:1.5        5.5:3.5       6:01:53 PM   -13.14    25 2.955 :4.000  4-2-3

--------------------------------------------------------------

Engine-Match Saturday, August 30, 2025 6:01:54 PM
 Blitz 2/1 

Pairing 13/15 :    V7P3R_v9.2  -  V7P3R_v9.0

PGN-File: C:\Program Files (x86)\Arena\Tournaments\Engine Battle 20250830.pgn

No:  B/W 1/2     W:B       1:2           Time        Value Moves Dep 1:2       1-2-Draws
   9 W 1    1.0:0.0        6.0:3.0       6:03:04 PM  +120.00    15 5.467 :5.600  6-3-0

--------------------------------------------------------------

Engine-Match Saturday, August 30, 2025 6:03:11 PM
 Blitz 2/1 

Pairing 14/15 :    C0BR4_v2.0  -  V7P3R_v8.0

PGN-File: C:\Program Files (x86)\Arena\Tournaments\Engine Battle 20250830.pgn

No:  B/W 1/2     W:B       1:2           Time        Value Moves Dep 1:2       1-2-Draws
   9 W 1    1.0:0.0        7.0:2.0       6:03:46 PM  +305.00    12 4.000 :5.250  7-2-0

--------------------------------------------------------------

Engine-Match Saturday, August 30, 2025 6:03:47 PM
 Blitz 2/1 

Pairing 15/15 :    V7P3R_v7.0  -  SlowMate_v3.0

PGN-File: C:\Program Files (x86)\Arena\Tournaments\Engine Battle 20250830.pgn

No:  B/W 1/2     W:B       1:2           Time        Value Moves Dep 1:2       1-2-Draws
   9 B 2    3.0:2.0        2.0:7.0       6:06:45 PM   -85.00    14 4.786 :3.000  0-5-4

--------------------------------------------------------------

Engine-Match Saturday, August 30, 2025 6:06:47 PM
 Blitz 2/1 

Pairing 1/15 :    V7P3R_v9.2  -  C0BR4_v2.0

PGN-File: C:\Program Files (x86)\Arena\Tournaments\Engine Battle 20250830.pgn

No:  B/W 1/2     W:B       1:2           Time        Value Moves Dep 1:2       1-2-Draws
  10 W 2    1.0:0.0        4.0:6.0       6:07:20 PM    +M500    13 5.692 :4.000  4-6-0

--------------------------------------------------------------

Engine-Match Saturday, August 30, 2025 6:07:21 PM
 Blitz 2/1 

Pairing 2/15 :    SlowMate_v3.0  -  V7P3R_v9.0

PGN-File: C:\Program Files (x86)\Arena\Tournaments\Engine Battle 20250830.pgn

No:  B/W 1/2     W:B       1:2           Time        Value Moves Dep 1:2       1-2-Draws
  10 B 1    1.0:0.0        10.0:0.0      6:08:18 PM  -185.00     9 3.125 :5.778  10-0-0

--------------------------------------------------------------

Engine-Match Saturday, August 30, 2025 6:08:19 PM
 Blitz 2/1 

Pairing 3/15 :    V7P3R_v8.0  -  V7P3R_v7.0

PGN-File: C:\Program Files (x86)\Arena\Tournaments\Engine Battle 20250830.pgn

No:  B/W 1/2     W:B       1:2           Time        Value Moves Dep 1:2       1-2-Draws
  10 W 2    1.0:0.0        2.0:8.0       6:09:43 PM    +M500     5 5.000 :5.800  2-8-0

--------------------------------------------------------------

Engine-Match Saturday, August 30, 2025 6:09:45 PM
 Blitz 2/1 

Pairing 4/15 :    SlowMate_v3.0  -  V7P3R_v9.2

PGN-File: C:\Program Files (x86)\Arena\Tournaments\Engine Battle 20250830.pgn

No:  B/W 1/2     W:B       1:2           Time        Value Moves Dep 1:2       1-2-Draws
  10 B 1    1.0:0.0        10.0:0.0      6:10:41 PM  -185.00     9 3.125 :5.778  10-0-0

--------------------------------------------------------------

Engine-Match Saturday, August 30, 2025 6:10:42 PM
 Blitz 2/1 

Pairing 5/15 :    V7P3R_v7.0  -  C0BR4_v2.0

PGN-File: C:\Program Files (x86)\Arena\Tournaments\Engine Battle 20250830.pgn

No:  B/W 1/2     W:B       1:2           Time        Value Moves Dep 1:2       1-2-Draws
  10 W 2    1.5:0.5        5.5:4.5       6:13:14 PM  +207.00    30 5.154 :4.000  5-4-1

--------------------------------------------------------------

Engine-Match Saturday, August 30, 2025 6:13:15 PM
 Blitz 2/1 

Pairing 6/15 :    V7P3R_v9.0  -  V7P3R_v8.0

PGN-File: C:\Program Files (x86)\Arena\Tournaments\Engine Battle 20250830.pgn

No:  B/W 1/2     W:B       1:2           Time        Value Moves Dep 1:2       1-2-Draws
  10 B 1    1.0:0.0        8.0:2.0       6:14:47 PM  -216.00    17 5.750 :5.118  8-2-0

--------------------------------------------------------------

Engine-Match Saturday, August 30, 2025 6:14:48 PM
 Blitz 2/1 

Pairing 7/15 :    V7P3R_v9.2  -  V7P3R_v7.0

PGN-File: C:\Program Files (x86)\Arena\Tournaments\Engine Battle 20250830.pgn

No:  B/W 1/2     W:B       1:2           Time        Value Moves Dep 1:2       1-2-Draws
  10 W 2    1.0:0.0        0.0:10.0      6:16:19 PM   +15.00     6 5.333 :5.167  0-10-0

--------------------------------------------------------------

Engine-Match Saturday, August 30, 2025 6:16:20 PM
 Blitz 2/1 

Pairing 8/15 :    V7P3R_v8.0  -  SlowMate_v3.0

PGN-File: C:\Program Files (x86)\Arena\Tournaments\Engine Battle 20250830.pgn

No:  B/W 1/2     W:B       1:2           Time        Value Moves Dep 1:2       1-2-Draws
  10 W 2    1.0:0.0        1.0:9.0       6:17:33 PM  +100.00    11 5.364 :3.545  1-9-0

--------------------------------------------------------------

Engine-Match Saturday, August 30, 2025 6:17:34 PM
 Blitz 2/1 

Pairing 9/15 :    C0BR4_v2.0  -  V7P3R_v9.0

PGN-File: C:\Program Files (x86)\Arena\Tournaments\Engine Battle 20250830.pgn

No:  B/W 1/2     W:B       1:2           Time        Value Moves Dep 1:2       1-2-Draws
  10 W 2    1.0:0.0        7.0:3.0       6:17:55 PM  +210.00     6 4.000 :6.000  7-3-0

--------------------------------------------------------------

Engine-Match Saturday, August 30, 2025 6:17:56 PM
 Blitz 2/1 

Pairing 10/15 :    V7P3R_v8.0  -  V7P3R_v9.2

PGN-File: C:\Program Files (x86)\Arena\Tournaments\Engine Battle 20250830.pgn

No:  B/W 1/2     W:B       1:2           Time        Value Moves Dep 1:2       1-2-Draws
  10 W 2    1.5:0.5        2.5:7.5       6:18:26 PM   +90.00     5 5.400 :5.800  2-7-1

--------------------------------------------------------------

Engine-Match Saturday, August 30, 2025 6:18:27 PM
 Blitz 2/1 

Pairing 11/15 :    V7P3R_v9.0  -  V7P3R_v7.0

PGN-File: C:\Program Files (x86)\Arena\Tournaments\Engine Battle 20250830.pgn

No:  B/W 1/2     W:B       1:2           Time        Value Moves Dep 1:2       1-2-Draws
  10 W 2    1.0:0.0        0.0:10.0      6:19:48 PM   +15.00     6 5.333 :5.167  0-10-0

--------------------------------------------------------------

Engine-Match Saturday, August 30, 2025 6:19:49 PM
 Blitz 2/1 

Pairing 12/15 :    SlowMate_v3.0  -  C0BR4_v2.0

PGN-File: C:\Program Files (x86)\Arena\Tournaments\Engine Battle 20250830.pgn

No:  B/W 1/2     W:B       1:2           Time        Value Moves Dep 1:2       1-2-Draws
  10 = =    2.0:2.0        6.0:4.0       6:22:10 PM    -0.31    45 3.240 :4.000  4-2-4

--------------------------------------------------------------

Engine-Match Saturday, August 30, 2025 6:22:11 PM
 Blitz 2/1 

Pairing 13/15 :    V7P3R_v9.2  -  V7P3R_v9.0

PGN-File: C:\Program Files (x86)\Arena\Tournaments\Engine Battle 20250830.pgn

No:  B/W 1/2     W:B       1:2           Time        Value Moves Dep 1:2       1-2-Draws
  10 B 1    1.0:0.0        7.0:3.0       6:23:30 PM  -285.00    17 5.813 :5.471  7-3-0

--------------------------------------------------------------

Engine-Match Saturday, August 30, 2025 6:23:32 PM
 Blitz 2/1 

Pairing 14/15 :    C0BR4_v2.0  -  V7P3R_v8.0

PGN-File: C:\Program Files (x86)\Arena\Tournaments\Engine Battle 20250830.pgn

No:  B/W 1/2     W:B       1:2           Time        Value Moves Dep 1:2       1-2-Draws
  10 = =    0.5:0.5        7.5:2.5       6:24:32 PM    +1.43    23 4.000 :5.261  7-2-1

--------------------------------------------------------------

Engine-Match Saturday, August 30, 2025 6:24:34 PM
 Blitz 2/1 

Pairing 15/15 :    V7P3R_v7.0  -  SlowMate_v3.0

PGN-File: C:\Program Files (x86)\Arena\Tournaments\Engine Battle 20250830.pgn

No:  B/W 1/2     W:B       1:2           Time        Value Moves Dep 1:2       1-2-Draws
  10 W 2    3.0:2.0        2.0:8.0       6:28:05 PM  +290.00    25 5.240 :3.320  0-6-4
