Engine-Match Wednesday, September 24, 2025 10:25:47 PM
 Blitz 30/1 

Pairing 1/3 :    C0BR4_v2.9  -  SlowMate_v3.1

PGN-File: C:\Program Files (x86)\Arena\Tournaments\Engine Tournament 20250924_2.pgn

No:  B/W 1/2     W:B       1:2           Time        Value Moves Dep 1:2       1-2-Draws
   1 = =    0.5:0.5        0.5:0.5       10:42:44 PM    -5.11    36 4.000 :4.875  0-0-1

--------------------------------------------------------------

Engine-Match Wednesday, September 24, 2025 10:42:45 PM
 Blitz 30/1 

Pairing 2/3 :    V7P3R_v12.0  -  C0BR4_v2.9

PGN-File: C:\Program Files (x86)\Arena\Tournaments\Engine Tournament 20250924_2.pgn

No:  B/W 1/2     W:B       1:2           Time        Value Moves Dep 1:2       1-2-Draws
   1 W 1    1.0:0.0        1.0:0.0       10:45:45 PM   +11.58    44 3.529 :4.000  1-0-0

--------------------------------------------------------------

Engine-Match Wednesday, September 24, 2025 10:45:46 PM
 Blitz 30/1 

Pairing 3/3 :    SlowMate_v3.1  -  V7P3R_v12.0

PGN-File: C:\Program Files (x86)\Arena\Tournaments\Engine Tournament 20250924_2.pgn

No:  B/W 1/2     W:B       1:2           Time        Value Moves Dep 1:2       1-2-Draws
   1 B 2    1.0:0.0        0.0:1.0       11:12:14 PM   -20.09    62 4.821 :3.280  0-1-0

--------------------------------------------------------------

Engine-Match Wednesday, September 24, 2025 11:12:15 PM
 Blitz 30/1 

Pairing 1/3 :    C0BR4_v2.9  -  SlowMate_v3.1

PGN-File: C:\Program Files (x86)\Arena\Tournaments\Engine Tournament 20250924_2.pgn

No:  B/W 1/2     W:B       1:2           Time        Value Moves Dep 1:2       1-2-Draws
   2 B 1    1.5:0.5        1.5:0.5       11:24:59 PM  -299.97    23 4.000 :4.762  1-0-1

--------------------------------------------------------------

Engine-Match Wednesday, September 24, 2025 11:25:01 PM
 Blitz 30/1 

Pairing 2/3 :    V7P3R_v12.0  -  C0BR4_v2.9

PGN-File: C:\Program Files (x86)\Arena\Tournaments\Engine Tournament 20250924_2.pgn

No:  B/W 1/2     W:B       1:2           Time        Value Moves Dep 1:2       1-2-Draws
   2 B 1    1.0:0.0        2.0:0.0       11:28:58 PM   -17.00    54 3.240 :4.000  2-0-0

--------------------------------------------------------------

Engine-Match Wednesday, September 24, 2025 11:28:59 PM
 Blitz 30/1 

Pairing 3/3 :    SlowMate_v3.1  -  V7P3R_v12.0

PGN-File: C:\Program Files (x86)\Arena\Tournaments\Engine Tournament 20250924_2.pgn

No:  B/W 1/2     W:B       1:2           Time        Value Moves Dep 1:2       1-2-Draws
   2 W 2    1.0:0.0        0.0:2.0       11:37:08 PM  +289.97    13 4.417 :3.273  0-2-0

--------------------------------------------------------------

Engine-Match Wednesday, September 24, 2025 11:37:09 PM
 Blitz 30/1 

Pairing 1/3 :    C0BR4_v2.9  -  SlowMate_v3.1

PGN-File: C:\Program Files (x86)\Arena\Tournaments\Engine Tournament 20250924_2.pgn

No:  B/W 1/2     W:B       1:2           Time        Value Moves Dep 1:2       1-2-Draws
   3 W 1    1.5:0.5        2.5:0.5       11:44:01 PM  +299.97    12 3.800 :4.727  2-0-1

--------------------------------------------------------------

Engine-Match Wednesday, September 24, 2025 11:44:02 PM
 Blitz 30/1 

Pairing 2/3 :    V7P3R_v12.0  -  C0BR4_v2.9

PGN-File: C:\Program Files (x86)\Arena\Tournaments\Engine Tournament 20250924_2.pgn

No:  B/W 1/2     W:B       1:2           Time        Value Moves Dep 1:2       1-2-Draws
   3 B 2    1.0:0.0        2.0:1.0       11:47:07 PM   -11.94    63 3.353 :4.000  2-1-0

--------------------------------------------------------------

Engine-Match Wednesday, September 24, 2025 11:47:08 PM
 Blitz 30/1 

Pairing 3/3 :    SlowMate_v3.1  -  V7P3R_v12.0

PGN-File: C:\Program Files (x86)\Arena\Tournaments\Engine Tournament 20250924_2.pgn

No:  B/W 1/2     W:B       1:2           Time        Value Moves Dep 1:2       1-2-Draws
   3 = =    0.5:0.5        0.5:2.5       12:11:52 AM    +3.61    55 4.625 :3.182  0-2-1

--------------------------------------------------------------

Engine-Match Thursday, September 25, 2025 12:11:53 AM
 Blitz 30/1 

Pairing 1/3 :    C0BR4_v2.9  -  SlowMate_v3.1

PGN-File: C:\Program Files (x86)\Arena\Tournaments\Engine Tournament 20250924_2.pgn

No:  B/W 1/2     W:B       1:2           Time        Value Moves Dep 1:2       1-2-Draws
   4 B 1    1.5:0.5        3.5:0.5       12:26:38 AM  -299.97    28 3.923 :4.679  3-0-1

--------------------------------------------------------------

Engine-Match Thursday, September 25, 2025 12:26:39 AM
 Blitz 30/1 

Pairing 2/3 :    V7P3R_v12.0  -  C0BR4_v2.9

PGN-File: C:\Program Files (x86)\Arena\Tournaments\Engine Tournament 20250924_2.pgn

No:  B/W 1/2     W:B       1:2           Time        Value Moves Dep 1:2       1-2-Draws
   4 = =    0.5:0.5        2.5:1.5       12:28:00 AM    +1.76    14 3.800 :4.000  2-1-1

--------------------------------------------------------------

Engine-Match Thursday, September 25, 2025 12:28:01 AM
 Blitz 30/1 

Pairing 3/3 :    SlowMate_v3.1  -  V7P3R_v12.0

PGN-File: C:\Program Files (x86)\Arena\Tournaments\Engine Tournament 20250924_2.pgn

No:  B/W 1/2     W:B       1:2           Time        Value Moves Dep 1:2       1-2-Draws
   4 W 2    1.5:0.5        0.5:3.5       12:36:06 AM  +289.96    13 4.417 :3.182  0-3-1

--------------------------------------------------------------

Engine-Match Thursday, September 25, 2025 12:36:07 AM
 Blitz 30/1 

Pairing 1/3 :    C0BR4_v2.9  -  SlowMate_v3.1

PGN-File: C:\Program Files (x86)\Arena\Tournaments\Engine Tournament 20250924_2.pgn

No:  B/W 1/2     W:B       1:2           Time        Value Moves Dep 1:2       1-2-Draws
   5 B 2    1.5:0.5        3.5:1.5       12:59:01 AM   -10.39    55 4.000 :4.765  3-1-1

--------------------------------------------------------------

Engine-Match Thursday, September 25, 2025 12:59:02 AM
 Blitz 30/1 

Pairing 2/3 :    V7P3R_v12.0  -  C0BR4_v2.9

PGN-File: C:\Program Files (x86)\Arena\Tournaments\Engine Tournament 20250924_2.pgn

No:  B/W 1/2     W:B       1:2           Time        Value Moves Dep 1:2       1-2-Draws
   5 B 2    1.5:0.5        2.5:2.5       1:01:27 AM  -289.95    36 3.182 :4.000  2-2-1

--------------------------------------------------------------

Engine-Match Thursday, September 25, 2025 1:01:28 AM
 Blitz 30/1 

Pairing 3/3 :    SlowMate_v3.1  -  V7P3R_v12.0

PGN-File: C:\Program Files (x86)\Arena\Tournaments\Engine Tournament 20250924_2.pgn

No:  B/W 1/2     W:B       1:2           Time        Value Moves Dep 1:2       1-2-Draws
   5 W 1    1.5:0.5        1.5:3.5       1:17:40 AM   +12.06    28 4.400 :3.043  1-3-1

--------------------------------------------------------------

Engine-Match Thursday, September 25, 2025 1:17:41 AM
 Blitz 30/1 

Pairing 1/3 :    C0BR4_v2.9  -  SlowMate_v3.1

PGN-File: C:\Program Files (x86)\Arena\Tournaments\Engine Tournament 20250924_2.pgn

No:  B/W 1/2     W:B       1:2           Time        Value Moves Dep 1:2       1-2-Draws

--------------------------------------------------------------

Engine-Match Thursday, September 25, 2025 8:56:09 AM
 Blitz 30/1 

Pairing 1/3 :    C0BR4_v2.9  -  SlowMate_v3.1

PGN-File: C:\Program Files (x86)\Arena\Tournaments\Engine Tournament 20250924_2.pgn

No:  B/W 1/2     W:B       1:2           Time        Value Moves Dep 1:2       1-2-Draws
   6 = =    1.0:1.0        4.0:2.0       9:16:10 AM    +6.38    43 4.000 :4.628  3-1-2

--------------------------------------------------------------

Engine-Match Thursday, September 25, 2025 9:16:12 AM
 Blitz 30/1 

Pairing 2/3 :    V7P3R_v12.0  -  C0BR4_v2.9

PGN-File: C:\Program Files (x86)\Arena\Tournaments\Engine Tournament 20250924_2.pgn

No:  B/W 1/2     W:B       1:2           Time        Value Moves Dep 1:2       1-2-Draws
   6 B 1    1.5:0.5        3.5:2.5       9:20:33 AM     0.00    72 3.313 :4.000  3-2-1

--------------------------------------------------------------

Engine-Match Thursday, September 25, 2025 9:20:34 AM
 Blitz 30/1 

Pairing 3/3 :    SlowMate_v3.1  -  V7P3R_v12.0

PGN-File: C:\Program Files (x86)\Arena\Tournaments\Engine Tournament 20250924_2.pgn

No:  B/W 1/2     W:B       1:2           Time        Value Moves Dep 1:2       1-2-Draws
   6 B 1    1.5:0.5        2.5:3.5       9:38:42 AM   -15.65    35 4.893 :3.304  2-3-1

--------------------------------------------------------------

Engine-Match Thursday, September 25, 2025 9:38:44 AM
 Blitz 30/1 

Pairing 1/3 :    C0BR4_v2.9  -  SlowMate_v3.1

PGN-File: C:\Program Files (x86)\Arena\Tournaments\Engine Tournament 20250924_2.pgn

No:  B/W 1/2     W:B       1:2           Time        Value Moves Dep 1:2       1-2-Draws
   7 W 1    2.0:1.0        5.0:2.0       9:52:31 AM   +10.42    25 4.000 :4.520  4-1-2

--------------------------------------------------------------

Engine-Match Thursday, September 25, 2025 9:52:32 AM
 Blitz 30/1 

Pairing 2/3 :    V7P3R_v12.0  -  C0BR4_v2.9

PGN-File: C:\Program Files (x86)\Arena\Tournaments\Engine Tournament 20250924_2.pgn

No:  B/W 1/2     W:B       1:2           Time        Value Moves Dep 1:2       1-2-Draws
   7 W 1    1.5:0.5        4.5:2.5       9:54:34 AM    +9.29    31 3.056 :4.000  4-2-1

--------------------------------------------------------------

Engine-Match Thursday, September 25, 2025 9:54:35 AM
 Blitz 30/1 

Pairing 3/3 :    SlowMate_v3.1  -  V7P3R_v12.0

PGN-File: C:\Program Files (x86)\Arena\Tournaments\Engine Tournament 20250924_2.pgn

No:  B/W 1/2     W:B       1:2           Time        Value Moves Dep 1:2       1-2-Draws
   7 = =    1.0:1.0        3.0:4.0       10:26:51 AM    +1.77   102 4.381 :3.100  2-3-2

--------------------------------------------------------------

Engine-Match Thursday, September 25, 2025 10:26:53 AM
 Blitz 30/1 

Pairing 1/3 :    C0BR4_v2.9  -  SlowMate_v3.1

PGN-File: C:\Program Files (x86)\Arena\Tournaments\Engine Tournament 20250924_2.pgn

No:  B/W 1/2     W:B       1:2           Time        Value Moves Dep 1:2       1-2-Draws
   8 B 1    2.0:1.0        6.0:2.0       10:39:05 AM  -299.97    22 3.905 :4.909  5-1-2

--------------------------------------------------------------

Engine-Match Thursday, September 25, 2025 10:39:07 AM
 Blitz 30/1 

Pairing 2/3 :    V7P3R_v12.0  -  C0BR4_v2.9

PGN-File: C:\Program Files (x86)\Arena\Tournaments\Engine Tournament 20250924_2.pgn

No:  B/W 1/2     W:B       1:2           Time        Value Moves Dep 1:2       1-2-Draws
   8 W 2    1.5:0.5        4.5:3.5       10:41:04 AM   +12.81    19 3.316 :4.000  4-3-1

--------------------------------------------------------------

Engine-Match Thursday, September 25, 2025 10:41:06 AM
 Blitz 30/1 

Pairing 3/3 :    SlowMate_v3.1  -  V7P3R_v12.0

PGN-File: C:\Program Files (x86)\Arena\Tournaments\Engine Tournament 20250924_2.pgn

No:  B/W 1/2     W:B       1:2           Time        Value Moves Dep 1:2       1-2-Draws
   8 W 2    2.0:1.0        3.0:5.0       10:59:07 AM  +289.99    34 4.304 :3.300  2-4-2

--------------------------------------------------------------

Engine-Match Thursday, September 25, 2025 10:59:08 AM
 Blitz 30/1 

Pairing 1/3 :    C0BR4_v2.9  -  SlowMate_v3.1

PGN-File: C:\Program Files (x86)\Arena\Tournaments\Engine Tournament 20250924_2.pgn

No:  B/W 1/2     W:B       1:2           Time        Value Moves Dep 1:2       1-2-Draws
   9 W 1    2.0:1.0        7.0:2.0       11:13:36 AM  +299.97    27 4.000 :4.231  6-1-2

--------------------------------------------------------------

Engine-Match Thursday, September 25, 2025 11:13:37 AM
 Blitz 30/1 

Pairing 2/3 :    V7P3R_v12.0  -  C0BR4_v2.9

PGN-File: C:\Program Files (x86)\Arena\Tournaments\Engine Tournament 20250924_2.pgn

No:  B/W 1/2     W:B       1:2           Time        Value Moves Dep 1:2       1-2-Draws
