Engine-Match Saturday, September 6, 2025 4:53:19 AM
 Blitz 2/1 

Pairing 1/10 :    C0BR4_v2.9  -  Random_Opponent

PGN-File: C:\Program Files (x86)\Arena\Tournaments\Engine Battle 20250906.pgn

No:  B/W 1/2     W:B       1:2           Time        Value Moves Dep 1:2       1-2-Draws
   1 W 1    1.0:0.0        1.0:0.0       4:53:28 AM  +299.97    11 3.778 :0 1-0-0

--------------------------------------------------------------

Engine-Match Saturday, September 6, 2025 4:53:29 AM
 Blitz 2/1 

Pairing 2/10 :    V7P3R_v10.2  -  SlowMate_v3.1

PGN-File: C:\Program Files (x86)\Arena\Tournaments\Engine Battle 20250906.pgn

No:  B/W 1/2     W:B       1:2           Time        Value Moves Dep 1:2       1-2-Draws
   1 W 1    1.0:0.0        1.0:0.0       4:56:58 AM     0.00    40 4.214 :3.200  1-0-0

--------------------------------------------------------------

Engine-Match Saturday, September 6, 2025 4:56:59 AM
 Blitz 2/1 

Pairing 3/10 :    Stockfish 1%  -  V7P3R_v10.2

PGN-File: C:\Program Files (x86)\Arena\Tournaments\Engine Battle 20250906.pgn

No:  B/W 1/2     W:B       1:2           Time        Value Moves Dep 1:2       1-2-Draws
   1 W 1    1.0:0.0        1.0:0.0       4:58:07 AM      +M1    23 10.000 :4.400  1-0-0

--------------------------------------------------------------

Engine-Match Saturday, September 6, 2025 4:58:08 AM
 Blitz 2/1 

Pairing 4/10 :    SlowMate_v3.1  -  C0BR4_v2.9

PGN-File: C:\Program Files (x86)\Arena\Tournaments\Engine Battle 20250906.pgn

No:  B/W 1/2     W:B       1:2           Time        Value Moves Dep 1:2       1-2-Draws
   1 B 2    1.0:0.0        0.0:1.0       4:59:45 AM  -299.97    28 3.679 :4.000  0-1-0

--------------------------------------------------------------

Engine-Match Saturday, September 6, 2025 4:59:47 AM
 Blitz 2/1 

Pairing 5/10 :    Random_Opponent  -  SlowMate_v3.1

PGN-File: C:\Program Files (x86)\Arena\Tournaments\Engine Battle 20250906.pgn

No:  B/W 1/2     W:B       1:2           Time        Value Moves Dep 1:2       1-2-Draws
   1 B 2    1.0:0.0        0.0:1.0       5:00:36 AM  -159.90    13 0:3.154  0-1-0

--------------------------------------------------------------

Engine-Match Saturday, September 6, 2025 5:00:38 AM
 Blitz 2/1 

Pairing 6/10 :    C0BR4_v2.9  -  Stockfish 1%

PGN-File: C:\Program Files (x86)\Arena\Tournaments\Engine Battle 20250906.pgn

No:  B/W 1/2     W:B       1:2           Time        Value Moves Dep 1:2       1-2-Draws
   1 B 2    1.0:0.0        0.0:1.0       5:00:59 AM   -13.62    32 4.000 :11.333  0-1-0

--------------------------------------------------------------

Engine-Match Saturday, September 6, 2025 5:01:00 AM
 Blitz 2/1 

Pairing 7/10 :    V7P3R_v10.2  -  C0BR4_v2.9

PGN-File: C:\Program Files (x86)\Arena\Tournaments\Engine Battle 20250906.pgn

No:  B/W 1/2     W:B       1:2           Time        Value Moves Dep 1:2       1-2-Draws
   1 B 2    1.0:0.0        0.0:1.0       5:03:15 AM    -9.80    42 4.267 :4.000  0-1-0

--------------------------------------------------------------

Engine-Match Saturday, September 6, 2025 5:03:16 AM
 Blitz 2/1 

Pairing 8/10 :    Stockfish 1%  -  Random_Opponent

PGN-File: C:\Program Files (x86)\Arena\Tournaments\Engine Battle 20250906.pgn

No:  B/W 1/2     W:B       1:2           Time        Value Moves Dep 1:2       1-2-Draws
   1 W 1    1.0:0.0        1.0:0.0       5:03:22 AM      +M1     6 17.200 :0 1-0-0

--------------------------------------------------------------

Engine-Match Saturday, September 6, 2025 5:03:23 AM
 Blitz 2/1 

Pairing 9/10 :    SlowMate_v3.1  -  Stockfish 1%

PGN-File: C:\Program Files (x86)\Arena\Tournaments\Engine Battle 20250906.pgn

No:  B/W 1/2     W:B       1:2           Time        Value Moves Dep 1:2       1-2-Draws
   1 B 2    1.0:0.0        0.0:1.0       5:05:09 AM      -M1    32 2.969 :10.857  0-1-0

--------------------------------------------------------------

Engine-Match Saturday, September 6, 2025 5:05:10 AM
 Blitz 2/1 

Pairing 10/10 :    Random_Opponent  -  V7P3R_v10.2

PGN-File: C:\Program Files (x86)\Arena\Tournaments\Engine Battle 20250906.pgn

No:  B/W 1/2     W:B       1:2           Time        Value Moves Dep 1:2       1-2-Draws
   1 B 2    1.0:0.0        0.0:1.0       5:06:31 AM     0.00    20 0:4.833  0-1-0

--------------------------------------------------------------

Engine-Match Saturday, September 6, 2025 5:06:32 AM
 Blitz 2/1 

Pairing 1/10 :    C0BR4_v2.9  -  Random_Opponent

PGN-File: C:\Program Files (x86)\Arena\Tournaments\Engine Battle 20250906.pgn

No:  B/W 1/2     W:B       1:2           Time        Value Moves Dep 1:2       1-2-Draws
   2 B 1    1.0:0.0        2.0:0.0       5:06:42 AM  -299.97    13 3.818 :0 2-0-0

--------------------------------------------------------------

Engine-Match Saturday, September 6, 2025 5:06:43 AM
 Blitz 2/1 

Pairing 2/10 :    V7P3R_v10.2  -  SlowMate_v3.1

PGN-File: C:\Program Files (x86)\Arena\Tournaments\Engine Battle 20250906.pgn

No:  B/W 1/2     W:B       1:2           Time        Value Moves Dep 1:2       1-2-Draws
   2 B 1    1.0:0.0        2.0:0.0       5:10:37 AM  -289.99    46 4.400 :3.267  2-0-0

--------------------------------------------------------------

Engine-Match Saturday, September 6, 2025 5:10:38 AM
 Blitz 2/1 

Pairing 3/10 :    Stockfish 1%  -  V7P3R_v10.2

PGN-File: C:\Program Files (x86)\Arena\Tournaments\Engine Battle 20250906.pgn

No:  B/W 1/2     W:B       1:2           Time        Value Moves Dep 1:2       1-2-Draws
   2 B 1    1.0:0.0        2.0:0.0       5:11:47 AM      -M1    20 10.143 :4.308  2-0-0

--------------------------------------------------------------

Engine-Match Saturday, September 6, 2025 5:11:48 AM
 Blitz 2/1 

Pairing 4/10 :    SlowMate_v3.1  -  C0BR4_v2.9

PGN-File: C:\Program Files (x86)\Arena\Tournaments\Engine Battle 20250906.pgn

No:  B/W 1/2     W:B       1:2           Time        Value Moves Dep 1:2       1-2-Draws
   2 B 1    1.0:0.0        1.0:1.0       5:14:56 AM   -10.35    59 3.147 :4.000  1-1-0

--------------------------------------------------------------

Engine-Match Saturday, September 6, 2025 5:14:58 AM
 Blitz 2/1 

Pairing 5/10 :    Random_Opponent  -  SlowMate_v3.1

PGN-File: C:\Program Files (x86)\Arena\Tournaments\Engine Battle 20250906.pgn

No:  B/W 1/2     W:B       1:2           Time        Value Moves Dep 1:2       1-2-Draws
   2 W 2    1.0:0.0        0.0:2.0       5:15:50 AM  +193.63    14 0:3.214  0-2-0

--------------------------------------------------------------

Engine-Match Saturday, September 6, 2025 5:15:52 AM
 Blitz 2/1 

Pairing 6/10 :    C0BR4_v2.9  -  Stockfish 1%

PGN-File: C:\Program Files (x86)\Arena\Tournaments\Engine Battle 20250906.pgn

No:  B/W 1/2     W:B       1:2           Time        Value Moves Dep 1:2       1-2-Draws
   2 W 2    1.0:0.0        0.0:2.0       5:16:12 AM    +9.29    28 4.000 :11.600  0-2-0

--------------------------------------------------------------

Engine-Match Saturday, September 6, 2025 5:16:13 AM
 Blitz 2/1 

Pairing 7/10 :    V7P3R_v10.2  -  C0BR4_v2.9

PGN-File: C:\Program Files (x86)\Arena\Tournaments\Engine Battle 20250906.pgn

No:  B/W 1/2     W:B       1:2           Time        Value Moves Dep 1:2       1-2-Draws
   2 = =    0.5:0.5        0.5:1.5       5:18:31 AM    +3.19    43 4.409 :4.000  0-1-1

--------------------------------------------------------------

Engine-Match Saturday, September 6, 2025 5:18:32 AM
 Blitz 2/1 

Pairing 8/10 :    Stockfish 1%  -  Random_Opponent

PGN-File: C:\Program Files (x86)\Arena\Tournaments\Engine Battle 20250906.pgn

No:  B/W 1/2     W:B       1:2           Time        Value Moves Dep 1:2       1-2-Draws
   2 B 1    1.0:0.0        2.0:0.0       5:18:47 AM      -M1    32 12.400 :0 2-0-0

--------------------------------------------------------------

Engine-Match Saturday, September 6, 2025 5:18:48 AM
 Blitz 2/1 

Pairing 9/10 :    SlowMate_v3.1  -  Stockfish 1%

PGN-File: C:\Program Files (x86)\Arena\Tournaments\Engine Battle 20250906.pgn

No:  B/W 1/2     W:B       1:2           Time        Value Moves Dep 1:2       1-2-Draws
   2 W 2    1.0:0.0        0.0:2.0       5:20:03 AM      +M1    22 3.286 :10.857  0-2-0

--------------------------------------------------------------

Engine-Match Saturday, September 6, 2025 5:20:04 AM
 Blitz 2/1 

Pairing 10/10 :    Random_Opponent  -  V7P3R_v10.2

PGN-File: C:\Program Files (x86)\Arena\Tournaments\Engine Battle 20250906.pgn

No:  B/W 1/2     W:B       1:2           Time        Value Moves Dep 1:2       1-2-Draws
   2 W 2    1.0:0.0        0.0:2.0       5:20:45 AM     0.00     6 0:5.600  0-2-0

--------------------------------------------------------------

Engine-Match Saturday, September 6, 2025 5:20:51 AM
 Blitz 2/1 

Pairing 1/10 :    C0BR4_v2.9  -  Random_Opponent

PGN-File: C:\Program Files (x86)\Arena\Tournaments\Engine Battle 20250906.pgn

No:  B/W 1/2     W:B       1:2           Time        Value Moves Dep 1:2       1-2-Draws
   3 W 1    1.0:0.0        3.0:0.0       5:21:03 AM  +299.97    18 3.882 :0 3-0-0

--------------------------------------------------------------

Engine-Match Saturday, September 6, 2025 5:21:04 AM
 Blitz 2/1 

Pairing 2/10 :    V7P3R_v10.2  -  SlowMate_v3.1

PGN-File: C:\Program Files (x86)\Arena\Tournaments\Engine Battle 20250906.pgn

No:  B/W 1/2     W:B       1:2           Time        Value Moves Dep 1:2       1-2-Draws
   3 = =    0.5:0.5        2.5:0.5       5:26:01 AM    +1.75    63 4.280 :3.333  2-0-1

--------------------------------------------------------------

Engine-Match Saturday, September 6, 2025 5:26:02 AM
 Blitz 2/1 

Pairing 3/10 :    Stockfish 1%  -  V7P3R_v10.2

PGN-File: C:\Program Files (x86)\Arena\Tournaments\Engine Battle 20250906.pgn

No:  B/W 1/2     W:B       1:2           Time        Value Moves Dep 1:2       1-2-Draws
   3 W 1    1.0:0.0        3.0:0.0       5:27:53 AM    +9.20    36 9.429 :4.138  3-0-0

--------------------------------------------------------------

Engine-Match Saturday, September 6, 2025 5:27:54 AM
 Blitz 2/1 

Pairing 4/10 :    SlowMate_v3.1  -  C0BR4_v2.9

PGN-File: C:\Program Files (x86)\Arena\Tournaments\Engine Battle 20250906.pgn

No:  B/W 1/2     W:B       1:2           Time        Value Moves Dep 1:2       1-2-Draws
   3 B 2    1.0:0.0        1.0:2.0       5:29:31 AM  -299.97    28 3.679 :4.000  1-2-0

--------------------------------------------------------------

Engine-Match Saturday, September 6, 2025 5:29:33 AM
 Blitz 2/1 

Pairing 5/10 :    Random_Opponent  -  SlowMate_v3.1

PGN-File: C:\Program Files (x86)\Arena\Tournaments\Engine Battle 20250906.pgn

No:  B/W 1/2     W:B       1:2           Time        Value Moves Dep 1:2       1-2-Draws
   3 B 2    1.0:0.0        0.0:3.0       5:30:31 AM   -61.22    16 0:3.313  0-3-0

--------------------------------------------------------------

Engine-Match Saturday, September 6, 2025 5:30:33 AM
 Blitz 2/1 

Pairing 6/10 :    C0BR4_v2.9  -  Stockfish 1%

PGN-File: C:\Program Files (x86)\Arena\Tournaments\Engine Battle 20250906.pgn

No:  B/W 1/2     W:B       1:2           Time        Value Moves Dep 1:2       1-2-Draws
   3 B 2    1.0:0.0        0.0:3.0       5:31:39 AM   -14.22   105 4.000 :10.667  0-3-0

--------------------------------------------------------------

Engine-Match Saturday, September 6, 2025 5:31:41 AM
 Blitz 2/1 

Pairing 7/10 :    V7P3R_v10.2  -  C0BR4_v2.9

PGN-File: C:\Program Files (x86)\Arena\Tournaments\Engine Battle 20250906.pgn

No:  B/W 1/2     W:B       1:2           Time        Value Moves Dep 1:2       1-2-Draws
   3 = =    1.0:1.0        1.0:2.0       5:34:48 AM    +0.20    51 4.259 :4.000  0-1-2

--------------------------------------------------------------

Engine-Match Saturday, September 6, 2025 5:34:50 AM
 Blitz 2/1 

Pairing 8/10 :    Stockfish 1%  -  Random_Opponent

PGN-File: C:\Program Files (x86)\Arena\Tournaments\Engine Battle 20250906.pgn

No:  B/W 1/2     W:B       1:2           Time        Value Moves Dep 1:2       1-2-Draws
   3 W 1    1.0:0.0        3.0:0.0       5:35:06 AM      +M1    36 11.667 :0 3-0-0

--------------------------------------------------------------

Engine-Match Saturday, September 6, 2025 5:35:07 AM
 Blitz 2/1 

Pairing 9/10 :    SlowMate_v3.1  -  Stockfish 1%

PGN-File: C:\Program Files (x86)\Arena\Tournaments\Engine Battle 20250906.pgn

No:  B/W 1/2     W:B       1:2           Time        Value Moves Dep 1:2       1-2-Draws
   3 = =    0.5:0.5        0.5:2.5       5:39:16 AM   +11.08   106 3.100 :10.143  0-2-1

--------------------------------------------------------------

Engine-Match Saturday, September 6, 2025 5:39:17 AM
 Blitz 2/1 

Pairing 10/10 :    Random_Opponent  -  V7P3R_v10.2

PGN-File: C:\Program Files (x86)\Arena\Tournaments\Engine Battle 20250906.pgn

No:  B/W 1/2     W:B       1:2           Time        Value Moves Dep 1:2       1-2-Draws
   3 B 2    1.0:0.0        0.0:3.0       5:40:25 AM  -289.98    16 0:4.800  0-3-0

--------------------------------------------------------------

Engine-Match Saturday, September 6, 2025 5:40:27 AM
 Blitz 2/1 

Pairing 1/10 :    C0BR4_v2.9  -  Random_Opponent

PGN-File: C:\Program Files (x86)\Arena\Tournaments\Engine Battle 20250906.pgn

No:  B/W 1/2     W:B       1:2           Time        Value Moves Dep 1:2       1-2-Draws
   4 B 1    1.0:0.0        4.0:0.0       5:40:40 AM  -299.97    22 3.905 :0 4-0-0

--------------------------------------------------------------

Engine-Match Saturday, September 6, 2025 5:40:41 AM
 Blitz 2/1 

Pairing 2/10 :    V7P3R_v10.2  -  SlowMate_v3.1

PGN-File: C:\Program Files (x86)\Arena\Tournaments\Engine Battle 20250906.pgn

No:  B/W 1/2     W:B       1:2           Time        Value Moves Dep 1:2       1-2-Draws
   4 = =    1.0:1.0        3.0:1.0       5:43:59 AM    +1.50    37 4.400 :3.267  2-0-2

--------------------------------------------------------------

Engine-Match Saturday, September 6, 2025 5:44:00 AM
 Blitz 2/1 

Pairing 3/10 :    Stockfish 1%  -  V7P3R_v10.2

PGN-File: C:\Program Files (x86)\Arena\Tournaments\Engine Battle 20250906.pgn

No:  B/W 1/2     W:B       1:2           Time        Value Moves Dep 1:2       1-2-Draws
   4 B 1    1.0:0.0        4.0:0.0       5:45:49 AM      -M1    34 9.714 :4.240  4-0-0

--------------------------------------------------------------

Engine-Match Saturday, September 6, 2025 5:45:50 AM
 Blitz 2/1 

Pairing 4/10 :    SlowMate_v3.1  -  C0BR4_v2.9

PGN-File: C:\Program Files (x86)\Arena\Tournaments\Engine Battle 20250906.pgn

No:  B/W 1/2     W:B       1:2           Time        Value Moves Dep 1:2       1-2-Draws
   4 B 1    1.0:0.0        2.0:2.0       5:48:59 AM   -10.35    59 3.147 :4.000  2-2-0

--------------------------------------------------------------

Engine-Match Saturday, September 6, 2025 5:49:01 AM
 Blitz 2/1 

Pairing 5/10 :    Random_Opponent  -  SlowMate_v3.1

PGN-File: C:\Program Files (x86)\Arena\Tournaments\Engine Battle 20250906.pgn

No:  B/W 1/2     W:B       1:2           Time        Value Moves Dep 1:2       1-2-Draws
   4 W 2    1.0:0.0        0.0:4.0       5:49:51 AM  +136.13    13 0:3.154  0-4-0

--------------------------------------------------------------

Engine-Match Saturday, September 6, 2025 5:49:52 AM
 Blitz 2/1 

Pairing 6/10 :    C0BR4_v2.9  -  Stockfish 1%

PGN-File: C:\Program Files (x86)\Arena\Tournaments\Engine Battle 20250906.pgn

No:  B/W 1/2     W:B       1:2           Time        Value Moves Dep 1:2       1-2-Draws
   4 W 2    1.0:0.0        0.0:4.0       5:51:07 AM    +9.54   100 4.000 :13.800  0-4-0

--------------------------------------------------------------

Engine-Match Saturday, September 6, 2025 5:51:08 AM
 Blitz 2/1 

Pairing 7/10 :    V7P3R_v10.2  -  C0BR4_v2.9

PGN-File: C:\Program Files (x86)\Arena\Tournaments\Engine Battle 20250906.pgn

No:  B/W 1/2     W:B       1:2           Time        Value Moves Dep 1:2       1-2-Draws
   4 = =    1.5:1.5        1.5:2.5       5:54:07 AM    +9.00    72 4.571 :4.000  0-1-3

--------------------------------------------------------------

Engine-Match Saturday, September 6, 2025 5:54:08 AM
 Blitz 2/1 

Pairing 8/10 :    Stockfish 1%  -  Random_Opponent

PGN-File: C:\Program Files (x86)\Arena\Tournaments\Engine Battle 20250906.pgn

No:  B/W 1/2     W:B       1:2           Time        Value Moves Dep 1:2       1-2-Draws
   4 B 1    1.0:0.0        4.0:0.0       5:54:17 AM      -M1    16 11.500 :0 4-0-0

--------------------------------------------------------------

Engine-Match Saturday, September 6, 2025 5:54:18 AM
 Blitz 2/1 

Pairing 9/10 :    SlowMate_v3.1  -  Stockfish 1%

PGN-File: C:\Program Files (x86)\Arena\Tournaments\Engine Battle 20250906.pgn

No:  B/W 1/2     W:B       1:2           Time        Value Moves Dep 1:2       1-2-Draws
   4 W 2    1.5:0.5        0.5:3.5       5:56:32 AM      +M1    45 3.273 :10.857  0-3-1

--------------------------------------------------------------

Engine-Match Saturday, September 6, 2025 5:56:33 AM
 Blitz 2/1 

Pairing 10/10 :    Random_Opponent  -  V7P3R_v10.2

PGN-File: C:\Program Files (x86)\Arena\Tournaments\Engine Battle 20250906.pgn

No:  B/W 1/2     W:B       1:2           Time        Value Moves Dep 1:2       1-2-Draws
   4 W 2    1.0:0.0        0.0:4.0       5:57:30 AM  +289.99    10 0:5.222  0-4-0

--------------------------------------------------------------

Engine-Match Saturday, September 6, 2025 5:57:37 AM
 Blitz 2/1 

Pairing 1/10 :    C0BR4_v2.9  -  Random_Opponent

PGN-File: C:\Program Files (x86)\Arena\Tournaments\Engine Battle 20250906.pgn

No:  B/W 1/2     W:B       1:2           Time        Value Moves Dep 1:2       1-2-Draws
   5 W 1    1.0:0.0        5.0:0.0       5:57:42 AM  +299.97    10 4.000 :0 5-0-0

--------------------------------------------------------------

Engine-Match Saturday, September 6, 2025 5:57:44 AM
 Blitz 2/1 

Pairing 2/10 :    V7P3R_v10.2  -  SlowMate_v3.1

PGN-File: C:\Program Files (x86)\Arena\Tournaments\Engine Battle 20250906.pgn

No:  B/W 1/2     W:B       1:2           Time        Value Moves Dep 1:2       1-2-Draws
   5 W 1    2.0:1.0        4.0:1.0       6:02:38 AM   +26.72    62 4.250 :3.139  3-0-2

--------------------------------------------------------------

Engine-Match Saturday, September 6, 2025 6:02:39 AM
 Blitz 2/1 

Pairing 3/10 :    Stockfish 1%  -  V7P3R_v10.2

PGN-File: C:\Program Files (x86)\Arena\Tournaments\Engine Battle 20250906.pgn

No:  B/W 1/2     W:B       1:2           Time        Value Moves Dep 1:2       1-2-Draws
   5 W 1    1.0:0.0        5.0:0.0       6:04:02 AM      +M1    25 11.000 :4.667  5-0-0

--------------------------------------------------------------

Engine-Match Saturday, September 6, 2025 6:04:03 AM
 Blitz 2/1 

Pairing 4/10 :    SlowMate_v3.1  -  C0BR4_v2.9

PGN-File: C:\Program Files (x86)\Arena\Tournaments\Engine Battle 20250906.pgn

No:  B/W 1/2     W:B       1:2           Time        Value Moves Dep 1:2       1-2-Draws
   5 = =    0.5:0.5        2.5:2.5       6:06:03 AM    -4.35    30 3.167 :4.000  2-2-1

--------------------------------------------------------------

Engine-Match Saturday, September 6, 2025 6:06:04 AM
 Blitz 2/1 

Pairing 5/10 :    Random_Opponent  -  SlowMate_v3.1

PGN-File: C:\Program Files (x86)\Arena\Tournaments\Engine Battle 20250906.pgn

No:  B/W 1/2     W:B       1:2           Time        Value Moves Dep 1:2       1-2-Draws
   5 B 2    1.0:0.0        0.0:5.0       6:07:09 AM  -152.73    18 0:3.333  0-5-0

--------------------------------------------------------------

Engine-Match Saturday, September 6, 2025 6:07:11 AM
 Blitz 2/1 

Pairing 6/10 :    C0BR4_v2.9  -  Stockfish 1%

PGN-File: C:\Program Files (x86)\Arena\Tournaments\Engine Battle 20250906.pgn

No:  B/W 1/2     W:B       1:2           Time        Value Moves Dep 1:2       1-2-Draws
   5 B 2    1.0:0.0        0.0:5.0       6:07:26 AM      -M1    22 3.950 :11.000  0-5-0

--------------------------------------------------------------

Engine-Match Saturday, September 6, 2025 6:07:27 AM
 Blitz 2/1 

Pairing 7/10 :    V7P3R_v10.2  -  C0BR4_v2.9

PGN-File: C:\Program Files (x86)\Arena\Tournaments\Engine Battle 20250906.pgn

No:  B/W 1/2     W:B       1:2           Time        Value Moves Dep 1:2       1-2-Draws
   5 = =    2.0:2.0        2.0:3.0       6:08:57 AM    -1.00    26 4.412 :4.000  0-1-4

--------------------------------------------------------------

Engine-Match Saturday, September 6, 2025 6:08:58 AM
 Blitz 2/1 

Pairing 8/10 :    Stockfish 1%  -  Random_Opponent

PGN-File: C:\Program Files (x86)\Arena\Tournaments\Engine Battle 20250906.pgn

No:  B/W 1/2     W:B       1:2           Time        Value Moves Dep 1:2       1-2-Draws
   5 W 1    1.0:0.0        5.0:0.0       6:09:06 AM      +M1    14 11.667 :0 5-0-0

--------------------------------------------------------------

Engine-Match Saturday, September 6, 2025 6:09:07 AM
 Blitz 2/1 

Pairing 9/10 :    SlowMate_v3.1  -  Stockfish 1%

PGN-File: C:\Program Files (x86)\Arena\Tournaments\Engine Battle 20250906.pgn

No:  B/W 1/2     W:B       1:2           Time        Value Moves Dep 1:2       1-2-Draws
   5 = =    1.0:1.0        1.0:4.0       6:15:28 AM     0.00   196 2.972 :11.333  0-3-2

--------------------------------------------------------------

Engine-Match Saturday, September 6, 2025 6:15:29 AM
 Blitz 2/1 

Pairing 10/10 :    Random_Opponent  -  V7P3R_v10.2

PGN-File: C:\Program Files (x86)\Arena\Tournaments\Engine Battle 20250906.pgn

No:  B/W 1/2     W:B       1:2           Time        Value Moves Dep 1:2       1-2-Draws
   5 B 2    1.0:0.0        0.0:5.0       6:16:41 AM     0.00    18 0:4.400  0-5-0

--------------------------------------------------------------

Engine-Match Saturday, September 6, 2025 6:16:43 AM
 Blitz 2/1 

Pairing 1/10 :    C0BR4_v2.9  -  Random_Opponent

PGN-File: C:\Program Files (x86)\Arena\Tournaments\Engine Battle 20250906.pgn

No:  B/W 1/2     W:B       1:2           Time        Value Moves Dep 1:2       1-2-Draws
   6 B 1    1.0:0.0        6.0:0.0       6:16:53 AM  -299.97    13 3.833 :0 6-0-0

--------------------------------------------------------------

Engine-Match Saturday, September 6, 2025 6:16:54 AM
 Blitz 2/1 

Pairing 2/10 :    V7P3R_v10.2  -  SlowMate_v3.1

PGN-File: C:\Program Files (x86)\Arena\Tournaments\Engine Battle 20250906.pgn

No:  B/W 1/2     W:B       1:2           Time        Value Moves Dep 1:2       1-2-Draws
   6 = =    1.5:1.5        4.5:1.5       6:20:12 AM    +1.50    37 4.400 :3.267  3-0-3

--------------------------------------------------------------

Engine-Match Saturday, September 6, 2025 6:20:13 AM
 Blitz 2/1 

Pairing 3/10 :    Stockfish 1%  -  V7P3R_v10.2

PGN-File: C:\Program Files (x86)\Arena\Tournaments\Engine Battle 20250906.pgn

No:  B/W 1/2     W:B       1:2           Time        Value Moves Dep 1:2       1-2-Draws
   6 W 2    1.0:0.0        5.0:1.0       6:22:26 AM  +289.98    49 11.600 :4.625  5-1-0

--------------------------------------------------------------

Engine-Match Saturday, September 6, 2025 6:22:27 AM
 Blitz 2/1 

Pairing 4/10 :    SlowMate_v3.1  -  C0BR4_v2.9

PGN-File: C:\Program Files (x86)\Arena\Tournaments\Engine Battle 20250906.pgn

No:  B/W 1/2     W:B       1:2           Time        Value Moves Dep 1:2       1-2-Draws
   6 W 2    1.5:0.5        2.5:3.5       6:23:40 AM   +36.06    18 3.444 :4.000  2-3-1

--------------------------------------------------------------

Engine-Match Saturday, September 6, 2025 6:23:41 AM
 Blitz 2/1 

Pairing 5/10 :    Random_Opponent  -  SlowMate_v3.1

PGN-File: C:\Program Files (x86)\Arena\Tournaments\Engine Battle 20250906.pgn

No:  B/W 1/2     W:B       1:2           Time        Value Moves Dep 1:2       1-2-Draws
   6 W 2    1.0:0.0        0.0:6.0       6:24:24 AM  +187.65    11 0:3.091  0-6-0

--------------------------------------------------------------

Engine-Match Saturday, September 6, 2025 6:24:25 AM
 Blitz 2/1 

Pairing 6/10 :    C0BR4_v2.9  -  Stockfish 1%

PGN-File: C:\Program Files (x86)\Arena\Tournaments\Engine Battle 20250906.pgn

No:  B/W 1/2     W:B       1:2           Time        Value Moves Dep 1:2       1-2-Draws
   6 W 2    1.0:0.0        0.0:6.0       6:24:58 AM      +M1    46 4.000 :10.500  0-6-0

--------------------------------------------------------------

Engine-Match Saturday, September 6, 2025 6:24:59 AM
 Blitz 2/1 

Pairing 7/10 :    V7P3R_v10.2  -  C0BR4_v2.9

PGN-File: C:\Program Files (x86)\Arena\Tournaments\Engine Battle 20250906.pgn

No:  B/W 1/2     W:B       1:2           Time        Value Moves Dep 1:2       1-2-Draws
   6 = =    2.5:2.5        2.5:3.5       6:27:14 AM    +3.19    43 4.409 :4.000  0-1-5

--------------------------------------------------------------

Engine-Match Saturday, September 6, 2025 6:27:15 AM
 Blitz 2/1 

Pairing 8/10 :    Stockfish 1%  -  Random_Opponent

PGN-File: C:\Program Files (x86)\Arena\Tournaments\Engine Battle 20250906.pgn

No:  B/W 1/2     W:B       1:2           Time        Value Moves Dep 1:2       1-2-Draws
   6 B 1    1.0:0.0        6.0:0.0       6:27:42 AM      -M1    67 13.400 :0 6-0-0

--------------------------------------------------------------

Engine-Match Saturday, September 6, 2025 6:27:44 AM
 Blitz 2/1 

Pairing 9/10 :    SlowMate_v3.1  -  Stockfish 1%

PGN-File: C:\Program Files (x86)\Arena\Tournaments\Engine Battle 20250906.pgn

No:  B/W 1/2     W:B       1:2           Time        Value Moves Dep 1:2       1-2-Draws
   6 = =    1.5:1.5        1.5:4.5       6:30:05 AM     0.00    48 3.319 :10.571  0-3-3

--------------------------------------------------------------

Engine-Match Saturday, September 6, 2025 6:30:06 AM
 Blitz 2/1 

Pairing 10/10 :    Random_Opponent  -  V7P3R_v10.2

PGN-File: C:\Program Files (x86)\Arena\Tournaments\Engine Battle 20250906.pgn

No:  B/W 1/2     W:B       1:2           Time        Value Moves Dep 1:2       1-2-Draws
   6 W 2    1.0:0.0        0.0:6.0       6:31:18 AM  +289.98    18 0:4.600  0-6-0

--------------------------------------------------------------

Engine-Match Saturday, September 6, 2025 6:31:24 AM
 Blitz 2/1 

Pairing 1/10 :    C0BR4_v2.9  -  Random_Opponent

PGN-File: C:\Program Files (x86)\Arena\Tournaments\Engine Battle 20250906.pgn

No:  B/W 1/2     W:B       1:2           Time        Value Moves Dep 1:2       1-2-Draws
   7 W 1    1.0:0.0        7.0:0.0       6:31:34 AM  +299.97    16 3.857 :0 7-0-0

--------------------------------------------------------------

Engine-Match Saturday, September 6, 2025 6:31:35 AM
 Blitz 2/1 

Pairing 2/10 :    V7P3R_v10.2  -  SlowMate_v3.1

PGN-File: C:\Program Files (x86)\Arena\Tournaments\Engine Battle 20250906.pgn

No:  B/W 1/2     W:B       1:2           Time        Value Moves Dep 1:2       1-2-Draws
   7 W 1    2.5:1.5        5.5:1.5       6:36:14 AM   +15.52    57 4.120 :3.059  4-0-3

--------------------------------------------------------------

Engine-Match Saturday, September 6, 2025 6:36:15 AM
 Blitz 2/1 

Pairing 3/10 :    Stockfish 1%  -  V7P3R_v10.2

PGN-File: C:\Program Files (x86)\Arena\Tournaments\Engine Battle 20250906.pgn

No:  B/W 1/2     W:B       1:2           Time        Value Moves Dep 1:2       1-2-Draws
   7 W 1    1.0:0.0        6.0:1.0       6:38:25 AM      +M1    41 10.833 :4.031  6-1-0

--------------------------------------------------------------

Engine-Match Saturday, September 6, 2025 6:38:26 AM
 Blitz 2/1 

Pairing 4/10 :    SlowMate_v3.1  -  C0BR4_v2.9

PGN-File: C:\Program Files (x86)\Arena\Tournaments\Engine Battle 20250906.pgn

No:  B/W 1/2     W:B       1:2           Time        Value Moves Dep 1:2       1-2-Draws
   7 = =    1.0:1.0        3.0:4.0       6:40:26 AM    -4.35    30 3.167 :4.000  2-3-2

--------------------------------------------------------------

Engine-Match Saturday, September 6, 2025 6:40:27 AM
 Blitz 2/1 

Pairing 5/10 :    Random_Opponent  -  SlowMate_v3.1

PGN-File: C:\Program Files (x86)\Arena\Tournaments\Engine Battle 20250906.pgn

No:  B/W 1/2     W:B       1:2           Time        Value Moves Dep 1:2       1-2-Draws
   7 = =    0.5:0.5        0.5:6.5       6:42:23 AM  -200.00    37 0:3.214  0-6-1

--------------------------------------------------------------

Engine-Match Saturday, September 6, 2025 6:42:25 AM
 Blitz 2/1 

Pairing 6/10 :    C0BR4_v2.9  -  Stockfish 1%

PGN-File: C:\Program Files (x86)\Arena\Tournaments\Engine Battle 20250906.pgn

No:  B/W 1/2     W:B       1:2           Time        Value Moves Dep 1:2       1-2-Draws
   7 B 2    1.0:0.0        0.0:7.0       6:42:41 AM      -M1    21 3.947 :10.167  0-7-0

--------------------------------------------------------------

Engine-Match Saturday, September 6, 2025 6:42:42 AM
 Blitz 2/1 

Pairing 7/10 :    V7P3R_v10.2  -  C0BR4_v2.9

PGN-File: C:\Program Files (x86)\Arena\Tournaments\Engine Battle 20250906.pgn

No:  B/W 1/2     W:B       1:2           Time        Value Moves Dep 1:2       1-2-Draws
   7 = =    3.0:3.0        3.0:4.0       6:44:12 AM    -1.00    26 4.412 :4.000  0-1-6

--------------------------------------------------------------

Engine-Match Saturday, September 6, 2025 6:44:13 AM
 Blitz 2/1 

Pairing 8/10 :    Stockfish 1%  -  Random_Opponent

PGN-File: C:\Program Files (x86)\Arena\Tournaments\Engine Battle 20250906.pgn

No:  B/W 1/2     W:B       1:2           Time        Value Moves Dep 1:2       1-2-Draws
   7 W 1    1.0:0.0        7.0:0.0       6:44:29 AM      +M1    36 11.000 :0 7-0-0

--------------------------------------------------------------

Engine-Match Saturday, September 6, 2025 6:44:30 AM
 Blitz 2/1 

Pairing 9/10 :    SlowMate_v3.1  -  Stockfish 1%

PGN-File: C:\Program Files (x86)\Arena\Tournaments\Engine Battle 20250906.pgn

No:  B/W 1/2     W:B       1:2           Time        Value Moves Dep 1:2       1-2-Draws
   7 = =    2.0:2.0        2.0:5.0       6:51:00 AM    -3.56   204 2.786 :11.000  0-3-4

--------------------------------------------------------------

Engine-Match Saturday, September 6, 2025 6:51:01 AM
 Blitz 2/1 

Pairing 10/10 :    Random_Opponent  -  V7P3R_v10.2

PGN-File: C:\Program Files (x86)\Arena\Tournaments\Engine Battle 20250906.pgn

No:  B/W 1/2     W:B       1:2           Time        Value Moves Dep 1:2       1-2-Draws
   7 B 2    1.0:0.0        0.0:7.0       6:52:03 AM  -289.98    17 0:4.643  0-7-0

--------------------------------------------------------------

Engine-Match Saturday, September 6, 2025 6:52:04 AM
 Blitz 2/1 

Pairing 1/10 :    C0BR4_v2.9  -  Random_Opponent

PGN-File: C:\Program Files (x86)\Arena\Tournaments\Engine Battle 20250906.pgn

No:  B/W 1/2     W:B       1:2           Time        Value Moves Dep 1:2       1-2-Draws
   8 B 1    1.0:0.0        8.0:0.0       6:52:19 AM  -299.97    23 3.905 :0 8-0-0

--------------------------------------------------------------

Engine-Match Saturday, September 6, 2025 6:52:20 AM
 Blitz 2/1 

Pairing 2/10 :    V7P3R_v10.2  -  SlowMate_v3.1

PGN-File: C:\Program Files (x86)\Arena\Tournaments\Engine Battle 20250906.pgn

No:  B/W 1/2     W:B       1:2           Time        Value Moves Dep 1:2       1-2-Draws
   8 = =    2.0:2.0        6.0:2.0       6:55:39 AM    +1.50    37 4.400 :3.267  4-0-4

--------------------------------------------------------------

Engine-Match Saturday, September 6, 2025 6:55:40 AM
 Blitz 2/1 

Pairing 3/10 :    Stockfish 1%  -  V7P3R_v10.2

PGN-File: C:\Program Files (x86)\Arena\Tournaments\Engine Battle 20250906.pgn

No:  B/W 1/2     W:B       1:2           Time        Value Moves Dep 1:2       1-2-Draws
   8 W 2    1.0:0.0        6.0:2.0       6:57:24 AM     0.00    33 11.500 :4.417  6-2-0

--------------------------------------------------------------

Engine-Match Saturday, September 6, 2025 6:57:25 AM
 Blitz 2/1 

Pairing 4/10 :    SlowMate_v3.1  -  C0BR4_v2.9

PGN-File: C:\Program Files (x86)\Arena\Tournaments\Engine Battle 20250906.pgn

No:  B/W 1/2     W:B       1:2           Time        Value Moves Dep 1:2       1-2-Draws
   8 W 2    2.0:1.0        3.0:5.0       6:58:37 AM   +36.06    18 3.444 :4.000  2-4-2

--------------------------------------------------------------

Engine-Match Saturday, September 6, 2025 6:58:39 AM
 Blitz 2/1 

Pairing 5/10 :    Random_Opponent  -  SlowMate_v3.1

PGN-File: C:\Program Files (x86)\Arena\Tournaments\Engine Battle 20250906.pgn

No:  B/W 1/2     W:B       1:2           Time        Value Moves Dep 1:2       1-2-Draws
   8 W 2    1.5:0.5        0.5:7.5       6:59:41 AM   +69.69    17 0:3.706  0-7-1

--------------------------------------------------------------

Engine-Match Saturday, September 6, 2025 6:59:42 AM
 Blitz 2/1 

Pairing 6/10 :    C0BR4_v2.9  -  Stockfish 1%

PGN-File: C:\Program Files (x86)\Arena\Tournaments\Engine Battle 20250906.pgn

No:  B/W 1/2     W:B       1:2           Time        Value Moves Dep 1:2       1-2-Draws
   8 B 1    1.0:0.0        1.0:7.0       7:00:32 AM  -299.97    71 4.000 :12.200  1-7-0

--------------------------------------------------------------

Engine-Match Saturday, September 6, 2025 7:00:34 AM
 Blitz 2/1 

Pairing 7/10 :    V7P3R_v10.2  -  C0BR4_v2.9

PGN-File: C:\Program Files (x86)\Arena\Tournaments\Engine Battle 20250906.pgn

No:  B/W 1/2     W:B       1:2           Time        Value Moves Dep 1:2       1-2-Draws
   8 W 2    4.0:3.0        3.0:5.0       7:01:53 AM    +9.90    21 4.667 :4.000  0-2-6

--------------------------------------------------------------

Engine-Match Saturday, September 6, 2025 7:01:54 AM
 Blitz 2/1 

Pairing 8/10 :    Stockfish 1%  -  Random_Opponent

PGN-File: C:\Program Files (x86)\Arena\Tournaments\Engine Battle 20250906.pgn

No:  B/W 1/2     W:B       1:2           Time        Value Moves Dep 1:2       1-2-Draws
   8 B 1    1.0:0.0        8.0:0.0       7:02:01 AM      -M1    10 12.600 :0 8-0-0

--------------------------------------------------------------

Engine-Match Saturday, September 6, 2025 7:02:02 AM
 Blitz 2/1 

Pairing 9/10 :    SlowMate_v3.1  -  Stockfish 1%

PGN-File: C:\Program Files (x86)\Arena\Tournaments\Engine Battle 20250906.pgn

No:  B/W 1/2     W:B       1:2           Time        Value Moves Dep 1:2       1-2-Draws
   8 W 2    3.0:2.0        2.0:6.0       7:05:10 AM   +11.55    70 3.044 :11.143  0-4-4

--------------------------------------------------------------

Engine-Match Saturday, September 6, 2025 7:05:11 AM
 Blitz 2/1 

Pairing 10/10 :    Random_Opponent  -  V7P3R_v10.2

PGN-File: C:\Program Files (x86)\Arena\Tournaments\Engine Battle 20250906.pgn

No:  B/W 1/2     W:B       1:2           Time        Value Moves Dep 1:2       1-2-Draws
   8 W 2    1.0:0.0        0.0:8.0       7:06:05 AM  +289.98     9 0:4.556  0-8-0

--------------------------------------------------------------

Engine-Match Saturday, September 6, 2025 7:06:11 AM
 Blitz 2/1 

Pairing 1/10 :    C0BR4_v2.9  -  Random_Opponent

PGN-File: C:\Program Files (x86)\Arena\Tournaments\Engine Battle 20250906.pgn

No:  B/W 1/2     W:B       1:2           Time        Value Moves Dep 1:2       1-2-Draws
   9 W 1    1.0:0.0        9.0:0.0       7:06:27 AM  +299.97    26 4.000 :0 9-0-0

--------------------------------------------------------------

Engine-Match Saturday, September 6, 2025 7:06:28 AM
 Blitz 2/1 

Pairing 2/10 :    V7P3R_v10.2  -  SlowMate_v3.1

PGN-File: C:\Program Files (x86)\Arena\Tournaments\Engine Battle 20250906.pgn

No:  B/W 1/2     W:B       1:2           Time        Value Moves Dep 1:2       1-2-Draws
   9 W 1    3.0:2.0        7.0:2.0       7:11:05 AM   +15.52    57 4.120 :3.059  5-0-4

--------------------------------------------------------------

Engine-Match Saturday, September 6, 2025 7:11:07 AM
 Blitz 2/1 

Pairing 3/10 :    Stockfish 1%  -  V7P3R_v10.2

PGN-File: C:\Program Files (x86)\Arena\Tournaments\Engine Battle 20250906.pgn

No:  B/W 1/2     W:B       1:2           Time        Value Moves Dep 1:2       1-2-Draws
   9 W 1    1.0:0.0        7.0:2.0       7:13:31 AM      +M1    58 10.500 :4.085  7-2-0

--------------------------------------------------------------

Engine-Match Saturday, September 6, 2025 7:13:32 AM
 Blitz 2/1 

Pairing 4/10 :    SlowMate_v3.1  -  C0BR4_v2.9

PGN-File: C:\Program Files (x86)\Arena\Tournaments\Engine Battle 20250906.pgn

No:  B/W 1/2     W:B       1:2           Time        Value Moves Dep 1:2       1-2-Draws
   9 B 2    2.0:1.0        3.0:6.0       7:16:19 AM    -9.75    51 3.333 :4.000  2-5-2

--------------------------------------------------------------

Engine-Match Saturday, September 6, 2025 7:16:20 AM
 Blitz 2/1 

Pairing 5/10 :    Random_Opponent  -  SlowMate_v3.1

PGN-File: C:\Program Files (x86)\Arena\Tournaments\Engine Battle 20250906.pgn

No:  B/W 1/2     W:B       1:2           Time        Value Moves Dep 1:2       1-2-Draws
   9 B 2    1.5:0.5        0.5:8.5       7:18:33 AM  -160.92    44 0:3.136  0-8-1

--------------------------------------------------------------

Engine-Match Saturday, September 6, 2025 7:18:35 AM
 Blitz 2/1 

Pairing 6/10 :    C0BR4_v2.9  -  Stockfish 1%

PGN-File: C:\Program Files (x86)\Arena\Tournaments\Engine Battle 20250906.pgn

No:  B/W 1/2     W:B       1:2           Time        Value Moves Dep 1:2       1-2-Draws
   9 W 1    1.0:0.0        2.0:7.0       7:19:12 AM  +299.97    49 4.000 :12.000  2-7-0

--------------------------------------------------------------

Engine-Match Saturday, September 6, 2025 7:19:13 AM
 Blitz 2/1 

Pairing 7/10 :    V7P3R_v10.2  -  C0BR4_v2.9

PGN-File: C:\Program Files (x86)\Arena\Tournaments\Engine Battle 20250906.pgn

No:  B/W 1/2     W:B       1:2           Time        Value Moves Dep 1:2       1-2-Draws
   9 = =    3.5:3.5        3.5:5.5       7:20:43 AM    -1.00    26 4.412 :4.000  0-2-7

--------------------------------------------------------------

Engine-Match Saturday, September 6, 2025 7:20:44 AM
 Blitz 2/1 

Pairing 8/10 :    Stockfish 1%  -  Random_Opponent

PGN-File: C:\Program Files (x86)\Arena\Tournaments\Engine Battle 20250906.pgn

No:  B/W 1/2     W:B       1:2           Time        Value Moves Dep 1:2       1-2-Draws
   9 W 1    1.0:0.0        9.0:0.0       7:20:52 AM      +M1    14 12.200 :0 9-0-0

--------------------------------------------------------------

Engine-Match Saturday, September 6, 2025 7:20:54 AM
 Blitz 2/1 

Pairing 9/10 :    SlowMate_v3.1  -  Stockfish 1%

PGN-File: C:\Program Files (x86)\Arena\Tournaments\Engine Battle 20250906.pgn

No:  B/W 1/2     W:B       1:2           Time        Value Moves Dep 1:2       1-2-Draws
   9 B 2    3.0:2.0        2.0:7.0       7:22:14 AM      -M1    23 3.000 :10.167  0-5-4

--------------------------------------------------------------

Engine-Match Saturday, September 6, 2025 7:22:16 AM
 Blitz 2/1 

Pairing 10/10 :    Random_Opponent  -  V7P3R_v10.2

PGN-File: C:\Program Files (x86)\Arena\Tournaments\Engine Battle 20250906.pgn

No:  B/W 1/2     W:B       1:2           Time        Value Moves Dep 1:2       1-2-Draws
   9 B 2    1.0:0.0        0.0:9.0       7:23:14 AM  -289.98    13 0:4.833  0-9-0

--------------------------------------------------------------

Engine-Match Saturday, September 6, 2025 7:23:16 AM
 Blitz 2/1 

Pairing 1/10 :    C0BR4_v2.9  -  Random_Opponent

PGN-File: C:\Program Files (x86)\Arena\Tournaments\Engine Battle 20250906.pgn

No:  B/W 1/2     W:B       1:2           Time        Value Moves Dep 1:2       1-2-Draws
  10 B 1    1.0:0.0        10.0:0.0      7:23:31 AM  -299.97    16 3.857 :0 10-0-0

--------------------------------------------------------------

Engine-Match Saturday, September 6, 2025 7:23:33 AM
 Blitz 2/1 

Pairing 2/10 :    V7P3R_v10.2  -  SlowMate_v3.1

PGN-File: C:\Program Files (x86)\Arena\Tournaments\Engine Battle 20250906.pgn

No:  B/W 1/2     W:B       1:2           Time        Value Moves Dep 1:2       1-2-Draws
  10 = =    2.5:2.5        7.5:2.5       7:26:50 AM    +1.50    37 4.400 :3.267  5-0-5

--------------------------------------------------------------

Engine-Match Saturday, September 6, 2025 7:26:52 AM
 Blitz 2/1 

Pairing 3/10 :    Stockfish 1%  -  V7P3R_v10.2

PGN-File: C:\Program Files (x86)\Arena\Tournaments\Engine Battle 20250906.pgn

No:  B/W 1/2     W:B       1:2           Time        Value Moves Dep 1:2       1-2-Draws
  10 B 1    1.0:0.0        8.0:2.0       7:27:56 AM      -M1    13 11.000 :5.100  8-2-0

--------------------------------------------------------------

Engine-Match Saturday, September 6, 2025 7:27:57 AM
 Blitz 2/1 

Pairing 4/10 :    SlowMate_v3.1  -  C0BR4_v2.9

PGN-File: C:\Program Files (x86)\Arena\Tournaments\Engine Battle 20250906.pgn

No:  B/W 1/2     W:B       1:2           Time        Value Moves Dep 1:2       1-2-Draws
  10 W 2    2.0:1.0        3.0:7.0       7:30:34 AM  +299.97    35 2.853 :3.939  2-6-2

--------------------------------------------------------------

Engine-Match Saturday, September 6, 2025 7:30:35 AM
 Blitz 2/1 

Pairing 5/10 :    Random_Opponent  -  SlowMate_v3.1

PGN-File: C:\Program Files (x86)\Arena\Tournaments\Engine Battle 20250906.pgn

No:  B/W 1/2     W:B       1:2           Time        Value Moves Dep 1:2       1-2-Draws
  10 W 2    1.5:0.5        0.5:9.5       7:31:58 AM  +117.16    24 0:3.167  0-9-1

--------------------------------------------------------------

Engine-Match Saturday, September 6, 2025 7:31:59 AM
 Blitz 2/1 

Pairing 6/10 :    C0BR4_v2.9  -  Stockfish 1%

PGN-File: C:\Program Files (x86)\Arena\Tournaments\Engine Battle 20250906.pgn

No:  B/W 1/2     W:B       1:2           Time        Value Moves Dep 1:2       1-2-Draws
  10 = =    0.5:0.5        2.5:7.5       7:32:52 AM    +5.14    75 4.000 :11.667  2-7-1

--------------------------------------------------------------

Engine-Match Saturday, September 6, 2025 7:32:53 AM
 Blitz 2/1 

Pairing 7/10 :    V7P3R_v10.2  -  C0BR4_v2.9

PGN-File: C:\Program Files (x86)\Arena\Tournaments\Engine Battle 20250906.pgn

No:  B/W 1/2     W:B       1:2           Time        Value Moves Dep 1:2       1-2-Draws
  10 = =    4.0:4.0        4.0:6.0       7:34:27 AM     0.00    36 5.000 :4.000  0-2-8

--------------------------------------------------------------

Engine-Match Saturday, September 6, 2025 7:34:28 AM
 Blitz 2/1 

Pairing 8/10 :    Stockfish 1%  -  Random_Opponent

PGN-File: C:\Program Files (x86)\Arena\Tournaments\Engine Battle 20250906.pgn

No:  B/W 1/2     W:B       1:2           Time        Value Moves Dep 1:2       1-2-Draws
  10 B 1    1.0:0.0        10.0:0.0      7:34:34 AM      -M1     8 10.857 :0 10-0-0

--------------------------------------------------------------

Engine-Match Saturday, September 6, 2025 7:34:35 AM
 Blitz 2/1 

Pairing 9/10 :    SlowMate_v3.1  -  Stockfish 1%

PGN-File: C:\Program Files (x86)\Arena\Tournaments\Engine Battle 20250906.pgn

No:  B/W 1/2     W:B       1:2           Time        Value Moves Dep 1:2       1-2-Draws
  10 W 2    3.0:2.0        2.0:8.0       7:36:31 AM      +M1    37 3.139 :10.429  0-6-4

--------------------------------------------------------------

Engine-Match Saturday, September 6, 2025 7:36:32 AM
 Blitz 2/1 

Pairing 10/10 :    Random_Opponent  -  V7P3R_v10.2

PGN-File: C:\Program Files (x86)\Arena\Tournaments\Engine Battle 20250906.pgn

No:  B/W 1/2     W:B       1:2           Time        Value Moves Dep 1:2       1-2-Draws
  10 W 2    1.0:0.0        0.0:10.0      7:38:02 AM  +289.97    19 0:4.500  0-10-0
