Engine-Match Wednesday, September 3, 2025 9:06:08 AM
 Blitz 5/5 

Pairing 1/10 :    V7P3R_v10.0  -  Random_Opponent

PGN-File: C:\Program Files (x86)\Arena\Tournaments\Engine Battle 20250902.pgn

No:  B/W 1/2     W:B       1:2           Time        Value Moves Dep 1:2       1-2-Draws
   1 W 1    1.0:0.0        1.0:0.0       9:08:44 AM  +289.99    12 5.750 :0 1-0-0

--------------------------------------------------------------

Engine-Match Wednesday, September 3, 2025 9:08:45 AM
 Blitz 5/5 

Pairing 2/10 :    C0BR4_v2.8  -  SlowMate_v3.0

PGN-File: C:\Program Files (x86)\Arena\Tournaments\Engine Battle 20250902.pgn

No:  B/W 1/2     W:B       1:2           Time        Value Moves Dep 1:2       1-2-Draws
   1 B 2    1.0:0.0        0.0:1.0       9:12:07 AM   -79.37    20 0:3.700  0-1-0

--------------------------------------------------------------

Engine-Match Wednesday, September 3, 2025 9:12:09 AM
 Blitz 5/5 

Pairing 3/10 :    Stockfish 1%  -  C0BR4_v2.8

PGN-File: C:\Program Files (x86)\Arena\Tournaments\Engine Battle 20250902.pgn

No:  B/W 1/2     W:B       1:2           Time        Value Moves Dep 1:2       1-2-Draws
   1 W 1    1.0:0.0        1.0:0.0       9:12:30 AM      +M1    40 16.636 :0 1-0-0

--------------------------------------------------------------

Engine-Match Wednesday, September 3, 2025 9:12:31 AM
 Blitz 5/5 

Pairing 4/10 :    SlowMate_v3.0  -  V7P3R_v10.0

PGN-File: C:\Program Files (x86)\Arena\Tournaments\Engine Battle 20250902.pgn

No:  B/W 1/2     W:B       1:2           Time        Value Moves Dep 1:2       1-2-Draws
   1 B 2    1.0:0.0        0.0:1.0       9:27:54 AM   -11.91    64 4.132 :5.216  0-1-0

--------------------------------------------------------------

Engine-Match Wednesday, September 3, 2025 9:27:55 AM
 Blitz 5/5 

Pairing 5/10 :    Random_Opponent  -  SlowMate_v3.0

PGN-File: C:\Program Files (x86)\Arena\Tournaments\Engine Battle 20250902.pgn

No:  B/W 1/2     W:B       1:2           Time        Value Moves Dep 1:2       1-2-Draws
   1 = =    0.5:0.5        0.5:0.5       9:32:49 AM  -200.00    31 0:3.968  0-0-1

--------------------------------------------------------------

Engine-Match Wednesday, September 3, 2025 9:32:50 AM
 Blitz 5/5 

Pairing 6/10 :    V7P3R_v10.0  -  Stockfish 1%

PGN-File: C:\Program Files (x86)\Arena\Tournaments\Engine Battle 20250902.pgn

No:  B/W 1/2     W:B       1:2           Time        Value Moves Dep 1:2       1-2-Draws
   1 B 2    1.0:0.0        0.0:1.0       9:39:44 AM      -M1    96 5.303 :16.083  0-1-0

--------------------------------------------------------------

Engine-Match Wednesday, September 3, 2025 9:39:45 AM
 Blitz 5/5 

Pairing 7/10 :    C0BR4_v2.8  -  V7P3R_v10.0

PGN-File: C:\Program Files (x86)\Arena\Tournaments\Engine Battle 20250902.pgn

No:  B/W 1/2     W:B       1:2           Time        Value Moves Dep 1:2       1-2-Draws
   1 B 2    1.0:0.0        0.0:1.0       9:42:45 AM  -289.98    14 0:5.214  0-1-0

--------------------------------------------------------------

Engine-Match Wednesday, September 3, 2025 9:42:46 AM
 Blitz 5/5 

Pairing 8/10 :    Stockfish 1%  -  Random_Opponent

PGN-File: C:\Program Files (x86)\Arena\Tournaments\Engine Battle 20250902.pgn

No:  B/W 1/2     W:B       1:2           Time        Value Moves Dep 1:2       1-2-Draws
   1 W 1    1.0:0.0        1.0:0.0       9:42:56 AM      +M1    10 19.900 :0 1-0-0

--------------------------------------------------------------

Engine-Match Wednesday, September 3, 2025 9:42:57 AM
 Blitz 5/5 

Pairing 9/10 :    SlowMate_v3.0  -  Stockfish 1%

PGN-File: C:\Program Files (x86)\Arena\Tournaments\Engine Battle 20250902.pgn

No:  B/W 1/2     W:B       1:2           Time        Value Moves Dep 1:2       1-2-Draws
   1 B 2    1.0:0.0        0.0:1.0       9:50:10 AM      -M1    48 3.681 :15.833  0-1-0

--------------------------------------------------------------

Engine-Match Wednesday, September 3, 2025 9:50:11 AM
 Blitz 5/5 

Pairing 10/10 :    Random_Opponent  -  C0BR4_v2.8

PGN-File: C:\Program Files (x86)\Arena\Tournaments\Engine Battle 20250902.pgn

No:  B/W 1/2     W:B       1:2           Time        Value Moves Dep 1:2       1-2-Draws
   1 = =    0.5:0.5        0.5:0.5       9:50:59 AM     0.00   139 0:0 0-0-1

--------------------------------------------------------------

Engine-Match Wednesday, September 3, 2025 9:51:00 AM
 Blitz 5/5 

Pairing 1/10 :    V7P3R_v10.0  -  Random_Opponent

PGN-File: C:\Program Files (x86)\Arena\Tournaments\Engine Battle 20250902.pgn

No:  B/W 1/2     W:B       1:2           Time        Value Moves Dep 1:2       1-2-Draws
   2 B 1    1.0:0.0        2.0:0.0       9:52:54 AM  -289.99     9 5.667 :0 2-0-0

--------------------------------------------------------------

Engine-Match Wednesday, September 3, 2025 9:52:55 AM
 Blitz 5/5 

Pairing 2/10 :    C0BR4_v2.8  -  SlowMate_v3.0

PGN-File: C:\Program Files (x86)\Arena\Tournaments\Engine Battle 20250902.pgn

No:  B/W 1/2     W:B       1:2           Time        Value Moves Dep 1:2       1-2-Draws
   2 W 2    1.0:0.0        0.0:2.0       9:54:24 AM  +172.36     8 0:3.750  0-2-0

--------------------------------------------------------------

Engine-Match Wednesday, September 3, 2025 9:54:25 AM
 Blitz 5/5 

Pairing 3/10 :    Stockfish 1%  -  C0BR4_v2.8

PGN-File: C:\Program Files (x86)\Arena\Tournaments\Engine Battle 20250902.pgn

No:  B/W 1/2     W:B       1:2           Time        Value Moves Dep 1:2       1-2-Draws
   2 B 1    1.0:0.0        2.0:0.0       9:54:36 AM      -M1    13 18.909 :0 2-0-0

--------------------------------------------------------------

Engine-Match Wednesday, September 3, 2025 9:54:37 AM
 Blitz 5/5 

Pairing 4/10 :    SlowMate_v3.0  -  V7P3R_v10.0

PGN-File: C:\Program Files (x86)\Arena\Tournaments\Engine Battle 20250902.pgn

No:  B/W 1/2     W:B       1:2           Time        Value Moves Dep 1:2       1-2-Draws
   2 = =    0.5:0.5        0.5:1.5       10:07:15 AM    +2.50    48 3.824 :5.222  0-1-1

--------------------------------------------------------------

Engine-Match Wednesday, September 3, 2025 10:07:16 AM
 Blitz 5/5 

Pairing 5/10 :    Random_Opponent  -  SlowMate_v3.0

PGN-File: C:\Program Files (x86)\Arena\Tournaments\Engine Battle 20250902.pgn

No:  B/W 1/2     W:B       1:2           Time        Value Moves Dep 1:2       1-2-Draws
   2 = =    1.0:1.0        1.0:1.0       10:09:40 AM     0.00    14 0:3.929  0-0-2

--------------------------------------------------------------

Engine-Match Wednesday, September 3, 2025 10:09:42 AM
 Blitz 5/5 

Pairing 6/10 :    V7P3R_v10.0  -  Stockfish 1%

PGN-File: C:\Program Files (x86)\Arena\Tournaments\Engine Battle 20250902.pgn

No:  B/W 1/2     W:B       1:2           Time        Value Moves Dep 1:2       1-2-Draws
   2 W 2    1.0:0.0        0.0:2.0       10:16:09 AM  +289.96    78 4.912 :15.214  0-2-0

--------------------------------------------------------------

Engine-Match Wednesday, September 3, 2025 10:16:11 AM
 Blitz 5/5 

Pairing 7/10 :    C0BR4_v2.8  -  V7P3R_v10.0

PGN-File: C:\Program Files (x86)\Arena\Tournaments\Engine Battle 20250902.pgn

No:  B/W 1/2     W:B       1:2           Time        Value Moves Dep 1:2       1-2-Draws
   2 W 2    1.0:0.0        0.0:2.0       10:19:52 AM  +289.99    19 0:5.316  0-2-0

--------------------------------------------------------------

Engine-Match Wednesday, September 3, 2025 10:19:53 AM
 Blitz 5/5 

Pairing 8/10 :    Stockfish 1%  -  Random_Opponent

PGN-File: C:\Program Files (x86)\Arena\Tournaments\Engine Battle 20250902.pgn

No:  B/W 1/2     W:B       1:2           Time        Value Moves Dep 1:2       1-2-Draws
   2 B 1    1.0:0.0        2.0:0.0       10:20:04 AM      -M1    14 18.786 :0 2-0-0

--------------------------------------------------------------

Engine-Match Wednesday, September 3, 2025 10:20:05 AM
 Blitz 5/5 

Pairing 9/10 :    SlowMate_v3.0  -  Stockfish 1%

PGN-File: C:\Program Files (x86)\Arena\Tournaments\Engine Battle 20250902.pgn

No:  B/W 1/2     W:B       1:2           Time        Value Moves Dep 1:2       1-2-Draws
   2 W 2    1.0:0.0        0.0:2.0       10:25:29 AM      +M1    35 3.824 :16.150  0-2-0

--------------------------------------------------------------

Engine-Match Wednesday, September 3, 2025 10:25:31 AM
 Blitz 5/5 

Pairing 10/10 :    Random_Opponent  -  C0BR4_v2.8

PGN-File: C:\Program Files (x86)\Arena\Tournaments\Engine Battle 20250902.pgn

No:  B/W 1/2     W:B       1:2           Time        Value Moves Dep 1:2       1-2-Draws
   2 = =    1.0:1.0        1.0:1.0       10:26:45 AM     0.00   213 0:0 0-0-2

--------------------------------------------------------------

Engine-Match Wednesday, September 3, 2025 10:26:51 AM
 Blitz 5/5 

Pairing 1/10 :    V7P3R_v10.0  -  Random_Opponent

PGN-File: C:\Program Files (x86)\Arena\Tournaments\Engine Battle 20250902.pgn

No:  B/W 1/2     W:B       1:2           Time        Value Moves Dep 1:2       1-2-Draws
   3 W 1    1.0:0.0        3.0:0.0       10:29:58 AM  +289.99    22 5.545 :0 3-0-0

--------------------------------------------------------------

Engine-Match Wednesday, September 3, 2025 10:30:00 AM
 Blitz 5/5 

Pairing 2/10 :    C0BR4_v2.8  -  SlowMate_v3.0

PGN-File: C:\Program Files (x86)\Arena\Tournaments\Engine Battle 20250902.pgn

No:  B/W 1/2     W:B       1:2           Time        Value Moves Dep 1:2       1-2-Draws
   3 = =    0.5:0.5        0.5:2.5       10:35:41 AM  -200.00    37 0:3.792  0-2-1

--------------------------------------------------------------

Engine-Match Wednesday, September 3, 2025 10:35:43 AM
 Blitz 5/5 

Pairing 3/10 :    Stockfish 1%  -  C0BR4_v2.8

PGN-File: C:\Program Files (x86)\Arena\Tournaments\Engine Battle 20250902.pgn

No:  B/W 1/2     W:B       1:2           Time        Value Moves Dep 1:2       1-2-Draws
   3 W 1    1.0:0.0        3.0:0.0       10:35:57 AM      +M1    24 16.467 :0 3-0-0

--------------------------------------------------------------

Engine-Match Wednesday, September 3, 2025 10:35:58 AM
 Blitz 5/5 

Pairing 4/10 :    SlowMate_v3.0  -  V7P3R_v10.0

PGN-File: C:\Program Files (x86)\Arena\Tournaments\Engine Battle 20250902.pgn

No:  B/W 1/2     W:B       1:2           Time        Value Moves Dep 1:2       1-2-Draws
   3 W 1    1.5:0.5        1.5:1.5       10:45:37 AM   +18.50    31 3.645 :4.871  1-1-1

--------------------------------------------------------------

Engine-Match Wednesday, September 3, 2025 10:45:38 AM
 Blitz 5/5 

Pairing 5/10 :    Random_Opponent  -  SlowMate_v3.0

PGN-File: C:\Program Files (x86)\Arena\Tournaments\Engine Battle 20250902.pgn

No:  B/W 1/2     W:B       1:2           Time        Value Moves Dep 1:2       1-2-Draws
   3 B 2    2.0:1.0        1.0:2.0       10:46:37 AM   -19.43     5 0:4.600  0-1-2

--------------------------------------------------------------

Engine-Match Wednesday, September 3, 2025 10:46:38 AM
 Blitz 5/5 

Pairing 6/10 :    V7P3R_v10.0  -  Stockfish 1%

PGN-File: C:\Program Files (x86)\Arena\Tournaments\Engine Battle 20250902.pgn

No:  B/W 1/2     W:B       1:2           Time        Value Moves Dep 1:2       1-2-Draws
   3 B 2    1.0:0.0        0.0:3.0       10:51:18 AM   -19.40    65 5.611 :16.200  0-3-0

--------------------------------------------------------------

Engine-Match Wednesday, September 3, 2025 10:51:19 AM
 Blitz 5/5 

Pairing 7/10 :    C0BR4_v2.8  -  V7P3R_v10.0

PGN-File: C:\Program Files (x86)\Arena\Tournaments\Engine Battle 20250902.pgn

No:  B/W 1/2     W:B       1:2           Time        Value Moves Dep 1:2       1-2-Draws
   3 B 2    1.0:0.0        0.0:3.0       10:54:03 AM  -289.98    14 0:5.214  0-3-0

--------------------------------------------------------------

Engine-Match Wednesday, September 3, 2025 10:54:04 AM
 Blitz 5/5 

Pairing 8/10 :    Stockfish 1%  -  Random_Opponent

PGN-File: C:\Program Files (x86)\Arena\Tournaments\Engine Battle 20250902.pgn

No:  B/W 1/2     W:B       1:2           Time        Value Moves Dep 1:2       1-2-Draws
   3 W 1    1.0:0.0        3.0:0.0       10:54:18 AM      +M1    22 17.286 :0 3-0-0

--------------------------------------------------------------

Engine-Match Wednesday, September 3, 2025 10:54:19 AM
 Blitz 5/5 

Pairing 9/10 :    SlowMate_v3.0  -  Stockfish 1%

PGN-File: C:\Program Files (x86)\Arena\Tournaments\Engine Battle 20250902.pgn

No:  B/W 1/2     W:B       1:2           Time        Value Moves Dep 1:2       1-2-Draws
   3 B 2    1.0:0.0        0.0:3.0       10:58:27 AM      -M1    25 3.840 :15.375  0-3-0

--------------------------------------------------------------

Engine-Match Wednesday, September 3, 2025 10:58:29 AM
 Blitz 5/5 

Pairing 10/10 :    Random_Opponent  -  C0BR4_v2.8

PGN-File: C:\Program Files (x86)\Arena\Tournaments\Engine Battle 20250902.pgn

No:  B/W 1/2     W:B       1:2           Time        Value Moves Dep 1:2       1-2-Draws
   3 = =    1.5:1.5        1.5:1.5       10:59:02 AM     0.00    94 0:0 0-0-3

--------------------------------------------------------------

Engine-Match Wednesday, September 3, 2025 10:59:03 AM
 Blitz 5/5 

Pairing 1/10 :    V7P3R_v10.0  -  Random_Opponent

PGN-File: C:\Program Files (x86)\Arena\Tournaments\Engine Battle 20250902.pgn

No:  B/W 1/2     W:B       1:2           Time        Value Moves Dep 1:2       1-2-Draws
   4 B 1    1.0:0.0        4.0:0.0       11:01:25 AM  -289.99    14 5.714 :0 4-0-0

--------------------------------------------------------------

Engine-Match Wednesday, September 3, 2025 11:01:26 AM
 Blitz 5/5 

Pairing 2/10 :    C0BR4_v2.8  -  SlowMate_v3.0

PGN-File: C:\Program Files (x86)\Arena\Tournaments\Engine Battle 20250902.pgn

No:  B/W 1/2     W:B       1:2           Time        Value Moves Dep 1:2       1-2-Draws
   4 W 2    1.5:0.5        0.5:3.5       11:03:22 AM  +122.00    11 0:4.364  0-3-1

--------------------------------------------------------------

Engine-Match Wednesday, September 3, 2025 11:03:24 AM
 Blitz 5/5 

Pairing 3/10 :    Stockfish 1%  -  C0BR4_v2.8

PGN-File: C:\Program Files (x86)\Arena\Tournaments\Engine Battle 20250902.pgn

No:  B/W 1/2     W:B       1:2           Time        Value Moves Dep 1:2       1-2-Draws
   4 B 1    1.0:0.0        4.0:0.0       11:03:35 AM      -M1    13 21.583 :0 4-0-0

--------------------------------------------------------------

Engine-Match Wednesday, September 3, 2025 11:03:36 AM
 Blitz 5/5 

Pairing 4/10 :    SlowMate_v3.0  -  V7P3R_v10.0

PGN-File: C:\Program Files (x86)\Arena\Tournaments\Engine Battle 20250902.pgn

No:  B/W 1/2     W:B       1:2           Time        Value Moves Dep 1:2       1-2-Draws
   4 = =    1.0:1.0        2.0:2.0       11:13:22 AM    +0.82    34 3.824 :5.222  1-1-2

--------------------------------------------------------------

Engine-Match Wednesday, September 3, 2025 11:13:23 AM
 Blitz 5/5 

Pairing 5/10 :    Random_Opponent  -  SlowMate_v3.0

PGN-File: C:\Program Files (x86)\Arena\Tournaments\Engine Battle 20250902.pgn

No:  B/W 1/2     W:B       1:2           Time        Value Moves Dep 1:2       1-2-Draws
   4 W 2    2.0:1.0        1.0:3.0       11:15:31 AM   +98.02    12 0:4.250  0-2-2

--------------------------------------------------------------

Engine-Match Wednesday, September 3, 2025 11:15:33 AM
 Blitz 5/5 

Pairing 6/10 :    V7P3R_v10.0  -  Stockfish 1%

PGN-File: C:\Program Files (x86)\Arena\Tournaments\Engine Battle 20250902.pgn

No:  B/W 1/2     W:B       1:2           Time        Value Moves Dep 1:2       1-2-Draws
   4 = =    0.5:0.5        0.5:3.5       11:21:35 AM     0.00    48 5.298 :14.700  0-3-1

--------------------------------------------------------------

Engine-Match Wednesday, September 3, 2025 11:21:36 AM
 Blitz 5/5 

Pairing 7/10 :    C0BR4_v2.8  -  V7P3R_v10.0

PGN-File: C:\Program Files (x86)\Arena\Tournaments\Engine Battle 20250902.pgn

No:  B/W 1/2     W:B       1:2           Time        Value Moves Dep 1:2       1-2-Draws
   4 W 2    1.0:0.0        0.0:4.0       11:25:09 AM  +289.99    19 0:5.316  0-4-0

--------------------------------------------------------------

Engine-Match Wednesday, September 3, 2025 11:25:10 AM
 Blitz 5/5 

Pairing 8/10 :    Stockfish 1%  -  Random_Opponent

PGN-File: C:\Program Files (x86)\Arena\Tournaments\Engine Battle 20250902.pgn

No:  B/W 1/2     W:B       1:2           Time        Value Moves Dep 1:2       1-2-Draws
   4 B 1    1.0:0.0        4.0:0.0       11:25:31 AM      -M1    42 16.786 :0 4-0-0

--------------------------------------------------------------

Engine-Match Wednesday, September 3, 2025 11:25:33 AM
 Blitz 5/5 

Pairing 9/10 :    SlowMate_v3.0  -  Stockfish 1%

PGN-File: C:\Program Files (x86)\Arena\Tournaments\Engine Battle 20250902.pgn

No:  B/W 1/2     W:B       1:2           Time        Value Moves Dep 1:2       1-2-Draws
   4 W 2    1.0:0.0        0.0:4.0       11:39:14 AM   +10.16   109 3.841 :14.857  0-4-0

--------------------------------------------------------------

Engine-Match Wednesday, September 3, 2025 11:39:15 AM
 Blitz 5/5 

Pairing 10/10 :    Random_Opponent  -  C0BR4_v2.8

PGN-File: C:\Program Files (x86)\Arena\Tournaments\Engine Battle 20250902.pgn

No:  B/W 1/2     W:B       1:2           Time        Value Moves Dep 1:2       1-2-Draws
   4 = =    2.0:2.0        2.0:2.0       11:40:27 AM     0.00   211 0:0 0-0-4

--------------------------------------------------------------

Engine-Match Wednesday, September 3, 2025 11:40:34 AM
 Blitz 5/5 

Pairing 1/10 :    V7P3R_v10.0  -  Random_Opponent

PGN-File: C:\Program Files (x86)\Arena\Tournaments\Engine Battle 20250902.pgn

No:  B/W 1/2     W:B       1:2           Time        Value Moves Dep 1:2       1-2-Draws
   5 W 1    1.0:0.0        5.0:0.0       11:41:21 AM  +289.99     4 6.000 :0 5-0-0

--------------------------------------------------------------

Engine-Match Wednesday, September 3, 2025 11:41:22 AM
 Blitz 5/5 

Pairing 2/10 :    C0BR4_v2.8  -  SlowMate_v3.0

PGN-File: C:\Program Files (x86)\Arena\Tournaments\Engine Battle 20250902.pgn

No:  B/W 1/2     W:B       1:2           Time        Value Moves Dep 1:2       1-2-Draws
   5 B 2    1.5:0.5        0.5:4.5       11:44:42 AM   -79.37    20 0:3.700  0-4-1

--------------------------------------------------------------

Engine-Match Wednesday, September 3, 2025 11:44:43 AM
 Blitz 5/5 

Pairing 3/10 :    Stockfish 1%  -  C0BR4_v2.8

PGN-File: C:\Program Files (x86)\Arena\Tournaments\Engine Battle 20250902.pgn

No:  B/W 1/2     W:B       1:2           Time        Value Moves Dep 1:2       1-2-Draws
   5 W 1    1.0:0.0        5.0:0.0       11:44:57 AM      +M1    23 15.933 :0 5-0-0

--------------------------------------------------------------

Engine-Match Wednesday, September 3, 2025 11:44:59 AM
 Blitz 5/5 

Pairing 4/10 :    SlowMate_v3.0  -  V7P3R_v10.0

PGN-File: C:\Program Files (x86)\Arena\Tournaments\Engine Battle 20250902.pgn

No:  B/W 1/2     W:B       1:2           Time        Value Moves Dep 1:2       1-2-Draws
   5 W 1    2.0:1.0        3.0:2.0       11:54:32 AM   +18.50    31 3.645 :4.871  2-1-2

--------------------------------------------------------------

Engine-Match Wednesday, September 3, 2025 11:54:34 AM
 Blitz 5/5 

Pairing 5/10 :    Random_Opponent  -  SlowMate_v3.0

PGN-File: C:\Program Files (x86)\Arena\Tournaments\Engine Battle 20250902.pgn

No:  B/W 1/2     W:B       1:2           Time        Value Moves Dep 1:2       1-2-Draws
   5 = =    1.5:1.5        1.5:3.5       12:00:40 PM  -200.00    40 0:3.800  0-2-3

--------------------------------------------------------------

Engine-Match Wednesday, September 3, 2025 12:00:41 PM
 Blitz 5/5 

Pairing 6/10 :    V7P3R_v10.0  -  Stockfish 1%

PGN-File: C:\Program Files (x86)\Arena\Tournaments\Engine Battle 20250902.pgn

No:  B/W 1/2     W:B       1:2           Time        Value Moves Dep 1:2       1-2-Draws
   5 B 2    1.5:0.5        0.5:4.5       12:08:25 PM   -21.40    60 4.917 :14.750  0-4-1

--------------------------------------------------------------

Engine-Match Wednesday, September 3, 2025 12:08:27 PM
 Blitz 5/5 

Pairing 7/10 :    C0BR4_v2.8  -  V7P3R_v10.0

PGN-File: C:\Program Files (x86)\Arena\Tournaments\Engine Battle 20250902.pgn

No:  B/W 1/2     W:B       1:2           Time        Value Moves Dep 1:2       1-2-Draws
   5 B 2    1.0:0.0        0.0:5.0       12:11:10 PM  -289.98    14 0:5.214  0-5-0

--------------------------------------------------------------

Engine-Match Wednesday, September 3, 2025 12:11:12 PM
 Blitz 5/5 

Pairing 8/10 :    Stockfish 1%  -  Random_Opponent

PGN-File: C:\Program Files (x86)\Arena\Tournaments\Engine Battle 20250902.pgn

No:  B/W 1/2     W:B       1:2           Time        Value Moves Dep 1:2       1-2-Draws
   5 W 1    1.0:0.0        5.0:0.0       12:11:22 PM      +M1    14 17.833 :0 5-0-0

--------------------------------------------------------------

Engine-Match Wednesday, September 3, 2025 12:11:23 PM
 Blitz 5/5 

Pairing 9/10 :    SlowMate_v3.0  -  Stockfish 1%

PGN-File: C:\Program Files (x86)\Arena\Tournaments\Engine Battle 20250902.pgn

No:  B/W 1/2     W:B       1:2           Time        Value Moves Dep 1:2       1-2-Draws
   5 B 2    1.0:0.0        0.0:5.0       12:17:58 PM      -M1    43 3.698 :16.000  0-5-0

--------------------------------------------------------------

Engine-Match Wednesday, September 3, 2025 12:17:59 PM
 Blitz 5/5 

Pairing 10/10 :    Random_Opponent  -  C0BR4_v2.8

PGN-File: C:\Program Files (x86)\Arena\Tournaments\Engine Battle 20250902.pgn

No:  B/W 1/2     W:B       1:2           Time        Value Moves Dep 1:2       1-2-Draws
   5 B 2    3.0:2.0        2.0:3.0       12:18:23 PM     0.00    66 0:0 0-1-4

--------------------------------------------------------------

Engine-Match Wednesday, September 3, 2025 12:18:24 PM
 Blitz 5/5 

Pairing 1/10 :    V7P3R_v10.0  -  Random_Opponent

PGN-File: C:\Program Files (x86)\Arena\Tournaments\Engine Battle 20250902.pgn

No:  B/W 1/2     W:B       1:2           Time        Value Moves Dep 1:2       1-2-Draws
   6 B 1    1.0:0.0        6.0:0.0       12:20:04 PM  -289.99     6 5.833 :0 6-0-0

--------------------------------------------------------------

Engine-Match Wednesday, September 3, 2025 12:20:05 PM
 Blitz 5/5 

Pairing 2/10 :    C0BR4_v2.8  -  SlowMate_v3.0

PGN-File: C:\Program Files (x86)\Arena\Tournaments\Engine Battle 20250902.pgn

No:  B/W 1/2     W:B       1:2           Time        Value Moves Dep 1:2       1-2-Draws
   6 W 2    1.5:0.5        0.5:5.5       12:21:34 PM  +172.36     8 0:3.750  0-5-1

--------------------------------------------------------------

Engine-Match Wednesday, September 3, 2025 12:21:36 PM
 Blitz 5/5 

Pairing 3/10 :    Stockfish 1%  -  C0BR4_v2.8

PGN-File: C:\Program Files (x86)\Arena\Tournaments\Engine Battle 20250902.pgn

No:  B/W 1/2     W:B       1:2           Time        Value Moves Dep 1:2       1-2-Draws
   6 B 1    1.0:0.0        6.0:0.0       12:21:46 PM      -M1    14 18.357 :0 6-0-0

--------------------------------------------------------------

Engine-Match Wednesday, September 3, 2025 12:21:47 PM
 Blitz 5/5 

Pairing 4/10 :    SlowMate_v3.0  -  V7P3R_v10.0

PGN-File: C:\Program Files (x86)\Arena\Tournaments\Engine Battle 20250902.pgn

No:  B/W 1/2     W:B       1:2           Time        Value Moves Dep 1:2       1-2-Draws
   6 W 2    2.0:1.0        3.0:3.0       12:34:31 PM  +289.99    49 3.875 :5.095  2-2-2

--------------------------------------------------------------

Engine-Match Wednesday, September 3, 2025 12:34:33 PM
 Blitz 5/5 

Pairing 5/10 :    Random_Opponent  -  SlowMate_v3.0

PGN-File: C:\Program Files (x86)\Arena\Tournaments\Engine Battle 20250902.pgn

No:  B/W 1/2     W:B       1:2           Time        Value Moves Dep 1:2       1-2-Draws
   6 W 2    2.5:1.5        1.5:4.5       12:39:11 PM  +173.32    29 0:3.793  0-3-3

--------------------------------------------------------------

Engine-Match Wednesday, September 3, 2025 12:39:13 PM
 Blitz 5/5 

Pairing 6/10 :    V7P3R_v10.0  -  Stockfish 1%

PGN-File: C:\Program Files (x86)\Arena\Tournaments\Engine Battle 20250902.pgn

No:  B/W 1/2     W:B       1:2           Time        Value Moves Dep 1:2       1-2-Draws
   6 W 2    1.5:0.5        0.5:5.5       12:46:18 PM   +10.00    73 5.000 :15.909  0-5-1

--------------------------------------------------------------

Engine-Match Wednesday, September 3, 2025 12:46:19 PM
 Blitz 5/5 

Pairing 7/10 :    C0BR4_v2.8  -  V7P3R_v10.0

PGN-File: C:\Program Files (x86)\Arena\Tournaments\Engine Battle 20250902.pgn

No:  B/W 1/2     W:B       1:2           Time        Value Moves Dep 1:2       1-2-Draws
   6 W 2    1.0:0.0        0.0:6.0       12:49:52 PM  +289.99    19 0:5.316  0-6-0

--------------------------------------------------------------

Engine-Match Wednesday, September 3, 2025 12:49:53 PM
 Blitz 5/5 

Pairing 8/10 :    Stockfish 1%  -  Random_Opponent

PGN-File: C:\Program Files (x86)\Arena\Tournaments\Engine Battle 20250902.pgn

No:  B/W 1/2     W:B       1:2           Time        Value Moves Dep 1:2       1-2-Draws
   6 B 1    1.0:0.0        6.0:0.0       12:50:01 PM      -M1     7 20.143 :0 6-0-0

--------------------------------------------------------------

Engine-Match Wednesday, September 3, 2025 12:50:02 PM
 Blitz 5/5 

Pairing 9/10 :    SlowMate_v3.0  -  Stockfish 1%

PGN-File: C:\Program Files (x86)\Arena\Tournaments\Engine Battle 20250902.pgn

No:  B/W 1/2     W:B       1:2           Time        Value Moves Dep 1:2       1-2-Draws
   6 B 1    1.0:0.0        1.0:5.0       1:03:40 PM   -11.75   109 3.917 :15.909  1-5-0

--------------------------------------------------------------

Engine-Match Wednesday, September 3, 2025 1:03:41 PM
 Blitz 5/5 

Pairing 10/10 :    Random_Opponent  -  C0BR4_v2.8

PGN-File: C:\Program Files (x86)\Arena\Tournaments\Engine Battle 20250902.pgn

No:  B/W 1/2     W:B       1:2           Time        Value Moves Dep 1:2       1-2-Draws
   6 = =    2.5:2.5        2.5:3.5       1:04:40 PM     0.00   171 0:0 0-1-5

--------------------------------------------------------------

Engine-Match Wednesday, September 3, 2025 1:04:46 PM
 Blitz 5/5 

Pairing 1/10 :    V7P3R_v10.0  -  Random_Opponent

PGN-File: C:\Program Files (x86)\Arena\Tournaments\Engine Battle 20250902.pgn

No:  B/W 1/2     W:B       1:2           Time        Value Moves Dep 1:2       1-2-Draws
   7 W 1    1.0:0.0        7.0:0.0       1:07:41 PM  +289.99    15 5.600 :0 7-0-0

--------------------------------------------------------------

Engine-Match Wednesday, September 3, 2025 1:07:42 PM
 Blitz 5/5 

Pairing 2/10 :    C0BR4_v2.8  -  SlowMate_v3.0

PGN-File: C:\Program Files (x86)\Arena\Tournaments\Engine Battle 20250902.pgn

No:  B/W 1/2     W:B       1:2           Time        Value Moves Dep 1:2       1-2-Draws
   7 B 2    1.5:0.5        0.5:6.5       1:11:58 PM   -49.86    26 0:4.000  0-6-1

--------------------------------------------------------------

Engine-Match Wednesday, September 3, 2025 1:11:59 PM
 Blitz 5/5 

Pairing 3/10 :    Stockfish 1%  -  C0BR4_v2.8

PGN-File: C:\Program Files (x86)\Arena\Tournaments\Engine Battle 20250902.pgn

No:  B/W 1/2     W:B       1:2           Time        Value Moves Dep 1:2       1-2-Draws
   7 W 1    1.0:0.0        7.0:0.0       1:12:13 PM      +M1    24 16.063 :0 7-0-0

--------------------------------------------------------------

Engine-Match Wednesday, September 3, 2025 1:12:15 PM
 Blitz 5/5 

Pairing 4/10 :    SlowMate_v3.0  -  V7P3R_v10.0

PGN-File: C:\Program Files (x86)\Arena\Tournaments\Engine Battle 20250902.pgn

No:  B/W 1/2     W:B       1:2           Time        Value Moves Dep 1:2       1-2-Draws
   7 = =    1.5:1.5        3.5:3.5       1:25:38 PM    +0.55    54 4.105 :5.216  2-2-3

--------------------------------------------------------------

Engine-Match Wednesday, September 3, 2025 1:25:39 PM
 Blitz 5/5 

Pairing 5/10 :    Random_Opponent  -  SlowMate_v3.0

PGN-File: C:\Program Files (x86)\Arena\Tournaments\Engine Battle 20250902.pgn

No:  B/W 1/2     W:B       1:2           Time        Value Moves Dep 1:2       1-2-Draws
   7 = =    2.0:2.0        2.0:5.0       1:28:04 PM     0.00    15 0:4.214  0-3-4

--------------------------------------------------------------

Engine-Match Wednesday, September 3, 2025 1:28:06 PM
 Blitz 5/5 

Pairing 6/10 :    V7P3R_v10.0  -  Stockfish 1%

PGN-File: C:\Program Files (x86)\Arena\Tournaments\Engine Battle 20250902.pgn

No:  B/W 1/2     W:B       1:2           Time        Value Moves Dep 1:2       1-2-Draws
   7 B 2    1.5:0.5        0.5:6.5       1:33:05 PM   -12.00    40 5.138 :15.105  0-6-1

--------------------------------------------------------------

Engine-Match Wednesday, September 3, 2025 1:33:06 PM
 Blitz 5/5 

Pairing 7/10 :    C0BR4_v2.8  -  V7P3R_v10.0

PGN-File: C:\Program Files (x86)\Arena\Tournaments\Engine Battle 20250902.pgn

No:  B/W 1/2     W:B       1:2           Time        Value Moves Dep 1:2       1-2-Draws
   7 B 2    1.0:0.0        0.0:7.0       1:35:46 PM  -289.98    14 0:5.143  0-7-0

--------------------------------------------------------------

Engine-Match Wednesday, September 3, 2025 1:35:47 PM
 Blitz 5/5 

Pairing 8/10 :    Stockfish 1%  -  Random_Opponent

PGN-File: C:\Program Files (x86)\Arena\Tournaments\Engine Battle 20250902.pgn

No:  B/W 1/2     W:B       1:2           Time        Value Moves Dep 1:2       1-2-Draws
   7 W 1    1.0:0.0        7.0:0.0       1:35:58 PM      +M1    13 21.417 :0 7-0-0

--------------------------------------------------------------

Engine-Match Wednesday, September 3, 2025 1:35:59 PM
 Blitz 5/5 

Pairing 9/10 :    SlowMate_v3.0  -  Stockfish 1%

PGN-File: C:\Program Files (x86)\Arena\Tournaments\Engine Battle 20250902.pgn

No:  B/W 1/2     W:B       1:2           Time        Value Moves Dep 1:2       1-2-Draws
   7 B 2    1.0:0.0        1.0:6.0       1:41:39 PM      -M1    36 3.917 :15.095  1-6-0

--------------------------------------------------------------

Engine-Match Wednesday, September 3, 2025 1:41:41 PM
 Blitz 5/5 

Pairing 10/10 :    Random_Opponent  -  C0BR4_v2.8

PGN-File: C:\Program Files (x86)\Arena\Tournaments\Engine Battle 20250902.pgn

No:  B/W 1/2     W:B       1:2           Time        Value Moves Dep 1:2       1-2-Draws
   7 = =    3.0:3.0        3.0:4.0       1:42:06 PM     0.00    67 0:0 0-1-6

--------------------------------------------------------------

Engine-Match Wednesday, September 3, 2025 1:42:07 PM
 Blitz 5/5 

Pairing 1/10 :    V7P3R_v10.0  -  Random_Opponent

PGN-File: C:\Program Files (x86)\Arena\Tournaments\Engine Battle 20250902.pgn

No:  B/W 1/2     W:B       1:2           Time        Value Moves Dep 1:2       1-2-Draws
   8 B 1    1.0:0.0        8.0:0.0       1:46:00 PM  -289.99    19 5.105 :0 8-0-0

--------------------------------------------------------------

Engine-Match Wednesday, September 3, 2025 1:46:01 PM
 Blitz 5/5 

Pairing 2/10 :    C0BR4_v2.8  -  SlowMate_v3.0

PGN-File: C:\Program Files (x86)\Arena\Tournaments\Engine Battle 20250902.pgn

No:  B/W 1/2     W:B       1:2           Time        Value Moves Dep 1:2       1-2-Draws
   8 W 2    1.5:0.5        0.5:7.5       1:47:31 PM  +171.58     8 0:3.750  0-7-1

--------------------------------------------------------------

Engine-Match Wednesday, September 3, 2025 1:47:32 PM
 Blitz 5/5 

Pairing 3/10 :    Stockfish 1%  -  C0BR4_v2.8

PGN-File: C:\Program Files (x86)\Arena\Tournaments\Engine Battle 20250902.pgn

No:  B/W 1/2     W:B       1:2           Time        Value Moves Dep 1:2       1-2-Draws
   8 B 1    1.0:0.0        8.0:0.0       1:47:44 PM      -M1    14 21.786 :0 8-0-0

--------------------------------------------------------------

Engine-Match Wednesday, September 3, 2025 1:47:45 PM
 Blitz 5/5 

Pairing 4/10 :    SlowMate_v3.0  -  V7P3R_v10.0

PGN-File: C:\Program Files (x86)\Arena\Tournaments\Engine Battle 20250902.pgn

No:  B/W 1/2     W:B       1:2           Time        Value Moves Dep 1:2       1-2-Draws
   8 = =    2.0:2.0        4.0:4.0       1:58:32 PM    +0.77    39 3.773 :5.348  2-2-4

--------------------------------------------------------------

Engine-Match Wednesday, September 3, 2025 1:58:34 PM
 Blitz 5/5 

Pairing 5/10 :    Random_Opponent  -  SlowMate_v3.0

PGN-File: C:\Program Files (x86)\Arena\Tournaments\Engine Battle 20250902.pgn

No:  B/W 1/2     W:B       1:2           Time        Value Moves Dep 1:2       1-2-Draws
   8 W 2    3.0:2.0        2.0:6.0       2:01:57 PM  +197.93    20 0:3.850  0-4-4

--------------------------------------------------------------

Engine-Match Wednesday, September 3, 2025 2:01:59 PM
 Blitz 5/5 

Pairing 6/10 :    V7P3R_v10.0  -  Stockfish 1%

PGN-File: C:\Program Files (x86)\Arena\Tournaments\Engine Battle 20250902.pgn

No:  B/W 1/2     W:B       1:2           Time        Value Moves Dep 1:2       1-2-Draws
   8 W 2    1.5:0.5        0.5:7.5       2:07:14 PM   +17.10    35 4.914 :15.095  0-7-1

--------------------------------------------------------------

Engine-Match Wednesday, September 3, 2025 2:07:16 PM
 Blitz 5/5 

Pairing 7/10 :    C0BR4_v2.8  -  V7P3R_v10.0

PGN-File: C:\Program Files (x86)\Arena\Tournaments\Engine Battle 20250902.pgn

No:  B/W 1/2     W:B       1:2           Time        Value Moves Dep 1:2       1-2-Draws
   8 W 2    1.0:0.0        0.0:8.0       2:10:43 PM  +289.99    19 0:5.263  0-8-0

--------------------------------------------------------------

Engine-Match Wednesday, September 3, 2025 2:10:45 PM
 Blitz 5/5 

Pairing 8/10 :    Stockfish 1%  -  Random_Opponent

PGN-File: C:\Program Files (x86)\Arena\Tournaments\Engine Battle 20250902.pgn

No:  B/W 1/2     W:B       1:2           Time        Value Moves Dep 1:2       1-2-Draws
   8 B 1    1.0:0.0        8.0:0.0       2:10:54 PM      -M1    11 23.364 :0 8-0-0

--------------------------------------------------------------

Engine-Match Wednesday, September 3, 2025 2:10:55 PM
 Blitz 5/5 

Pairing 9/10 :    SlowMate_v3.0  -  Stockfish 1%

PGN-File: C:\Program Files (x86)\Arena\Tournaments\Engine Battle 20250902.pgn

No:  B/W 1/2     W:B       1:2           Time        Value Moves Dep 1:2       1-2-Draws
   8 W 2    1.0:0.0        1.0:7.0       2:20:01 PM      +M1    66 3.985 :15.364  1-7-0

--------------------------------------------------------------

Engine-Match Wednesday, September 3, 2025 2:20:02 PM
 Blitz 5/5 

Pairing 10/10 :    Random_Opponent  -  C0BR4_v2.8

PGN-File: C:\Program Files (x86)\Arena\Tournaments\Engine Battle 20250902.pgn

No:  B/W 1/2     W:B       1:2           Time        Value Moves Dep 1:2       1-2-Draws
   8 B 1    4.0:3.0        4.0:4.0       2:20:38 PM     0.00   104 0:0 1-1-6

--------------------------------------------------------------

Engine-Match Wednesday, September 3, 2025 2:20:45 PM
 Blitz 5/5 

Pairing 1/10 :    V7P3R_v10.0  -  Random_Opponent

PGN-File: C:\Program Files (x86)\Arena\Tournaments\Engine Battle 20250902.pgn

No:  B/W 1/2     W:B       1:2           Time        Value Moves Dep 1:2       1-2-Draws
   9 W 1    1.0:0.0        9.0:0.0       2:23:42 PM  +289.98    16 5.438 :0 9-0-0

--------------------------------------------------------------

Engine-Match Wednesday, September 3, 2025 2:23:44 PM
 Blitz 5/5 

Pairing 2/10 :    C0BR4_v2.8  -  SlowMate_v3.0

PGN-File: C:\Program Files (x86)\Arena\Tournaments\Engine Battle 20250902.pgn

No:  B/W 1/2     W:B       1:2           Time        Value Moves Dep 1:2       1-2-Draws
   9 = =    1.0:1.0        1.0:8.0       2:29:33 PM  -200.00    38 0:3.750  0-7-2

--------------------------------------------------------------

Engine-Match Wednesday, September 3, 2025 2:29:34 PM
 Blitz 5/5 

Pairing 3/10 :    Stockfish 1%  -  C0BR4_v2.8

PGN-File: C:\Program Files (x86)\Arena\Tournaments\Engine Battle 20250902.pgn

No:  B/W 1/2     W:B       1:2           Time        Value Moves Dep 1:2       1-2-Draws
   9 W 1    1.0:0.0        9.0:0.0       2:29:43 PM      +M1    13 21.692 :0 9-0-0

--------------------------------------------------------------

Engine-Match Wednesday, September 3, 2025 2:29:45 PM
 Blitz 5/5 

Pairing 4/10 :    SlowMate_v3.0  -  V7P3R_v10.0

PGN-File: C:\Program Files (x86)\Arena\Tournaments\Engine Battle 20250902.pgn

No:  B/W 1/2     W:B       1:2           Time        Value Moves Dep 1:2       1-2-Draws
   9 = =    2.5:2.5        4.5:4.5       3:06:56 PM    -6.44   187 3.599 :4.702  2-2-5

--------------------------------------------------------------

Engine-Match Wednesday, September 3, 2025 3:06:57 PM
 Blitz 5/5 

Pairing 5/10 :    Random_Opponent  -  SlowMate_v3.0

PGN-File: C:\Program Files (x86)\Arena\Tournaments\Engine Battle 20250902.pgn

No:  B/W 1/2     W:B       1:2           Time        Value Moves Dep 1:2       1-2-Draws
   9 B 2    3.0:2.0        2.0:7.0       3:09:05 PM  -125.07    12 0:4.000  0-5-4

--------------------------------------------------------------

Engine-Match Wednesday, September 3, 2025 3:09:06 PM
 Blitz 5/5 

Pairing 6/10 :    V7P3R_v10.0  -  Stockfish 1%

PGN-File: C:\Program Files (x86)\Arena\Tournaments\Engine Battle 20250902.pgn

No:  B/W 1/2     W:B       1:2           Time        Value Moves Dep 1:2       1-2-Draws
   9 B 2    1.5:0.5        0.5:8.5       3:12:13 PM  -289.98    23 5.522 :16.294  0-8-1

--------------------------------------------------------------

Engine-Match Wednesday, September 3, 2025 3:12:15 PM
 Blitz 5/5 

Pairing 7/10 :    C0BR4_v2.8  -  V7P3R_v10.0

PGN-File: C:\Program Files (x86)\Arena\Tournaments\Engine Battle 20250902.pgn

No:  B/W 1/2     W:B       1:2           Time        Value Moves Dep 1:2       1-2-Draws
   9 B 2    1.0:0.0        0.0:9.0       3:14:51 PM  -289.98    14 0:5.143  0-9-0

--------------------------------------------------------------

Engine-Match Wednesday, September 3, 2025 3:14:52 PM
 Blitz 5/5 

Pairing 8/10 :    Stockfish 1%  -  Random_Opponent

PGN-File: C:\Program Files (x86)\Arena\Tournaments\Engine Battle 20250902.pgn

No:  B/W 1/2     W:B       1:2           Time        Value Moves Dep 1:2       1-2-Draws
   9 W 1    1.0:0.0        9.0:0.0       3:15:02 PM      +M1    11 23.636 :0 9-0-0

--------------------------------------------------------------

Engine-Match Wednesday, September 3, 2025 3:15:03 PM
 Blitz 5/5 

Pairing 9/10 :    SlowMate_v3.0  -  Stockfish 1%

PGN-File: C:\Program Files (x86)\Arena\Tournaments\Engine Battle 20250902.pgn

No:  B/W 1/2     W:B       1:2           Time        Value Moves Dep 1:2       1-2-Draws
   9 B 2    1.0:0.0        1.0:8.0       3:25:54 PM    -9.71    81 3.702 :15.409  1-8-0

--------------------------------------------------------------

Engine-Match Wednesday, September 3, 2025 3:25:56 PM
 Blitz 5/5 

Pairing 10/10 :    Random_Opponent  -  C0BR4_v2.8

PGN-File: C:\Program Files (x86)\Arena\Tournaments\Engine Battle 20250902.pgn

No:  B/W 1/2     W:B       1:2           Time        Value Moves Dep 1:2       1-2-Draws
   9 W 1    4.0:3.0        5.0:4.0       3:26:14 PM     0.00    46 0:0 2-1-6

--------------------------------------------------------------

Engine-Match Wednesday, September 3, 2025 3:26:15 PM
 Blitz 5/5 

Pairing 1/10 :    V7P3R_v10.0  -  Random_Opponent

PGN-File: C:\Program Files (x86)\Arena\Tournaments\Engine Battle 20250902.pgn

No:  B/W 1/2     W:B       1:2           Time        Value Moves Dep 1:2       1-2-Draws
  10 B 1    1.0:0.0        10.0:0.0      3:29:47 PM  -289.99    20 5.700 :0 10-0-0

--------------------------------------------------------------

Engine-Match Wednesday, September 3, 2025 3:29:48 PM
 Blitz 5/5 

Pairing 2/10 :    C0BR4_v2.8  -  SlowMate_v3.0

PGN-File: C:\Program Files (x86)\Arena\Tournaments\Engine Battle 20250902.pgn

No:  B/W 1/2     W:B       1:2           Time        Value Moves Dep 1:2       1-2-Draws
  10 W 2    2.0:1.0        1.0:9.0       3:31:18 PM  +172.36     8 0:3.750  0-8-2

--------------------------------------------------------------

Engine-Match Wednesday, September 3, 2025 3:31:19 PM
 Blitz 5/5 

Pairing 3/10 :    Stockfish 1%  -  C0BR4_v2.8

PGN-File: C:\Program Files (x86)\Arena\Tournaments\Engine Battle 20250902.pgn

No:  B/W 1/2     W:B       1:2           Time        Value Moves Dep 1:2       1-2-Draws
  10 B 1    1.0:0.0        10.0:0.0      3:31:30 PM      -M1    13 21.333 :0 10-0-0

--------------------------------------------------------------

Engine-Match Wednesday, September 3, 2025 3:31:31 PM
 Blitz 5/5 

Pairing 4/10 :    SlowMate_v3.0  -  V7P3R_v10.0

PGN-File: C:\Program Files (x86)\Arena\Tournaments\Engine Battle 20250902.pgn

No:  B/W 1/2     W:B       1:2           Time        Value Moves Dep 1:2       1-2-Draws
  10 W 2    3.5:2.5        4.5:5.5       3:44:21 PM  +289.99    50 3.886 :4.800  2-3-5

--------------------------------------------------------------

Engine-Match Wednesday, September 3, 2025 3:44:22 PM
 Blitz 5/5 

Pairing 5/10 :    Random_Opponent  -  SlowMate_v3.0

PGN-File: C:\Program Files (x86)\Arena\Tournaments\Engine Battle 20250902.pgn

No:  B/W 1/2     W:B       1:2           Time        Value Moves Dep 1:2       1-2-Draws
  10 W 2    3.0:2.0        2.0:8.0       3:45:21 PM   +82.42     5 0:4.200  0-6-4

--------------------------------------------------------------

Engine-Match Wednesday, September 3, 2025 3:45:22 PM
 Blitz 5/5 

Pairing 6/10 :    V7P3R_v10.0  -  Stockfish 1%

PGN-File: C:\Program Files (x86)\Arena\Tournaments\Engine Battle 20250902.pgn

No:  B/W 1/2     W:B       1:2           Time        Value Moves Dep 1:2       1-2-Draws
  10 W 2    1.5:0.5        0.5:9.5       3:50:54 PM      +M1    46 5.286 :15.478  0-9-1

--------------------------------------------------------------

Engine-Match Wednesday, September 3, 2025 3:50:55 PM
 Blitz 5/5 

Pairing 7/10 :    C0BR4_v2.8  -  V7P3R_v10.0

PGN-File: C:\Program Files (x86)\Arena\Tournaments\Engine Battle 20250902.pgn

No:  B/W 1/2     W:B       1:2           Time        Value Moves Dep 1:2       1-2-Draws
  10 W 2    1.0:0.0        0.0:10.0      3:54:39 PM  +289.99    19 0:5.316  0-10-0

--------------------------------------------------------------

Engine-Match Wednesday, September 3, 2025 3:54:40 PM
 Blitz 5/5 

Pairing 8/10 :    Stockfish 1%  -  Random_Opponent

PGN-File: C:\Program Files (x86)\Arena\Tournaments\Engine Battle 20250902.pgn

No:  B/W 1/2     W:B       1:2           Time        Value Moves Dep 1:2       1-2-Draws
  10 B 1    1.0:0.0        10.0:0.0      3:54:54 PM      -M1    23 17.867 :0 10-0-0

--------------------------------------------------------------

Engine-Match Wednesday, September 3, 2025 3:54:56 PM
 Blitz 5/5 

Pairing 9/10 :    SlowMate_v3.0  -  Stockfish 1%

PGN-File: C:\Program Files (x86)\Arena\Tournaments\Engine Battle 20250902.pgn

No:  B/W 1/2     W:B       1:2           Time        Value Moves Dep 1:2       1-2-Draws
  10 W 2    1.0:0.0        1.0:9.0       3:58:37 PM   +10.02    22 4.091 :16.647  1-9-0

--------------------------------------------------------------

Engine-Match Wednesday, September 3, 2025 3:58:39 PM
 Blitz 5/5 

Pairing 10/10 :    Random_Opponent  -  C0BR4_v2.8

PGN-File: C:\Program Files (x86)\Arena\Tournaments\Engine Battle 20250902.pgn

No:  B/W 1/2     W:B       1:2           Time        Value Moves Dep 1:2       1-2-Draws
  10 = =    3.5:3.5        5.5:4.5       3:59:14 PM     0.00    98 0:0 2-1-7
