Engine-Match Wednesday, September 3, 2025 5:47:13 PM
 Blitz 5/5 

Pairing 1/10 :    V7P3R_v10.0  -  Random_Opponent

PGN-File: C:\Program Files (x86)\Arena\Tournaments\Engine Battle 20250902_2.pgn

No:  B/W 1/2     W:B       1:2           Time        Value Moves Dep 1:2       1-2-Draws
   1 W 1    1.0:0.0        1.0:0.0       5:49:50 PM  +289.99    17 5.353 :0 1-0-0

--------------------------------------------------------------

Engine-Match Wednesday, September 3, 2025 5:49:52 PM
 Blitz 5/5 

Pairing 2/10 :    C0BR4_v2.8  -  SlowMate_v3.0

PGN-File: C:\Program Files (x86)\Arena\Tournaments\Engine Battle 20250902_2.pgn

No:  B/W 1/2     W:B       1:2           Time        Value Moves Dep 1:2       1-2-Draws
   1 B 2    1.0:0.0        0.0:1.0       5:53:21 PM   -11.00    21 4.000 :4.100  0-1-0

--------------------------------------------------------------

Engine-Match Wednesday, September 3, 2025 5:53:22 PM
 Blitz 5/5 

Pairing 3/10 :    Stockfish 1%  -  C0BR4_v2.8

PGN-File: C:\Program Files (x86)\Arena\Tournaments\Engine Battle 20250902_2.pgn

No:  B/W 1/2     W:B       1:2           Time        Value Moves Dep 1:2       1-2-Draws
   1 W 1    1.0:0.0        1.0:0.0       5:54:11 PM   +15.21    79 16.043 :4.000  1-0-0

--------------------------------------------------------------

Engine-Match Wednesday, September 3, 2025 5:54:12 PM
 Blitz 5/5 

Pairing 4/10 :    SlowMate_v3.0  -  V7P3R_v10.0

PGN-File: C:\Program Files (x86)\Arena\Tournaments\Engine Battle 20250902_2.pgn

No:  B/W 1/2     W:B       1:2           Time        Value Moves Dep 1:2       1-2-Draws
   1 = =    0.5:0.5        0.5:0.5       6:12:38 PM    +5.76    78 4.036 :5.444  0-0-1

--------------------------------------------------------------

Engine-Match Wednesday, September 3, 2025 6:12:40 PM
 Blitz 5/5 

Pairing 5/10 :    Random_Opponent  -  SlowMate_v3.0

PGN-File: C:\Program Files (x86)\Arena\Tournaments\Engine Battle 20250902_2.pgn

No:  B/W 1/2     W:B       1:2           Time        Value Moves Dep 1:2       1-2-Draws
   1 = =    0.5:0.5        0.5:0.5       6:16:47 PM  -200.00    25 0:4.080  0-0-1

--------------------------------------------------------------

Engine-Match Wednesday, September 3, 2025 6:16:48 PM
 Blitz 5/5 

Pairing 6/10 :    V7P3R_v10.0  -  Stockfish 1%

PGN-File: C:\Program Files (x86)\Arena\Tournaments\Engine Battle 20250902_2.pgn

No:  B/W 1/2     W:B       1:2           Time        Value Moves Dep 1:2       1-2-Draws
   1 B 2    1.0:0.0        0.0:1.0       6:22:11 PM   -12.20    41 4.778 :15.130  0-1-0

--------------------------------------------------------------

Engine-Match Wednesday, September 3, 2025 6:22:13 PM
 Blitz 5/5 

Pairing 7/10 :    C0BR4_v2.8  -  V7P3R_v10.0

PGN-File: C:\Program Files (x86)\Arena\Tournaments\Engine Battle 20250902_2.pgn

No:  B/W 1/2     W:B       1:2           Time        Value Moves Dep 1:2       1-2-Draws
   1 = =    0.5:0.5        0.5:0.5       6:25:34 PM   -10.20    25 4.000 :5.400  0-0-1

--------------------------------------------------------------

Engine-Match Wednesday, September 3, 2025 6:25:35 PM
 Blitz 5/5 

Pairing 8/10 :    Stockfish 1%  -  Random_Opponent

PGN-File: C:\Program Files (x86)\Arena\Tournaments\Engine Battle 20250902_2.pgn

No:  B/W 1/2     W:B       1:2           Time        Value Moves Dep 1:2       1-2-Draws
   1 W 1    1.0:0.0        1.0:0.0       6:25:45 PM      +M1    13 17.636 :0 1-0-0

--------------------------------------------------------------

Engine-Match Wednesday, September 3, 2025 6:25:46 PM
 Blitz 5/5 

Pairing 9/10 :    SlowMate_v3.0  -  Stockfish 1%

PGN-File: C:\Program Files (x86)\Arena\Tournaments\Engine Battle 20250902_2.pgn

No:  B/W 1/2     W:B       1:2           Time        Value Moves Dep 1:2       1-2-Draws
   1 B 2    1.0:0.0        0.0:1.0       6:32:59 PM      -M1    48 3.583 :14.889  0-1-0

--------------------------------------------------------------

Engine-Match Wednesday, September 3, 2025 6:33:00 PM
 Blitz 5/5 

Pairing 10/10 :    Random_Opponent  -  C0BR4_v2.8

PGN-File: C:\Program Files (x86)\Arena\Tournaments\Engine Battle 20250902_2.pgn

No:  B/W 1/2     W:B       1:2           Time        Value Moves Dep 1:2       1-2-Draws
   1 B 2    1.0:0.0        0.0:1.0       6:33:17 PM  -299.99    24 0:4.000  0-1-0

--------------------------------------------------------------

Engine-Match Wednesday, September 3, 2025 6:33:18 PM
 Blitz 5/5 

Pairing 1/10 :    V7P3R_v10.0  -  Random_Opponent

PGN-File: C:\Program Files (x86)\Arena\Tournaments\Engine Battle 20250902_2.pgn

No:  B/W 1/2     W:B       1:2           Time        Value Moves Dep 1:2       1-2-Draws
   2 B 1    1.0:0.0        2.0:0.0       6:35:27 PM  -289.98    13 5.308 :0 2-0-0

--------------------------------------------------------------

Engine-Match Wednesday, September 3, 2025 6:35:28 PM
 Blitz 5/5 

Pairing 2/10 :    C0BR4_v2.8  -  SlowMate_v3.0

PGN-File: C:\Program Files (x86)\Arena\Tournaments\Engine Battle 20250902_2.pgn

No:  B/W 1/2     W:B       1:2           Time        Value Moves Dep 1:2       1-2-Draws
   2 B 1    1.0:0.0        1.0:1.0       6:38:46 PM  -299.99    19 4.000 :4.000  1-1-0

--------------------------------------------------------------

Engine-Match Wednesday, September 3, 2025 6:38:48 PM
 Blitz 5/5 

Pairing 3/10 :    Stockfish 1%  -  C0BR4_v2.8

PGN-File: C:\Program Files (x86)\Arena\Tournaments\Engine Battle 20250902_2.pgn

No:  B/W 1/2     W:B       1:2           Time        Value Moves Dep 1:2       1-2-Draws
   2 B 1    1.0:0.0        2.0:0.0       6:39:05 PM      -M1    19 14.643 :4.000  2-0-0

--------------------------------------------------------------

Engine-Match Wednesday, September 3, 2025 6:39:07 PM
 Blitz 5/5 

Pairing 4/10 :    SlowMate_v3.0  -  V7P3R_v10.0

PGN-File: C:\Program Files (x86)\Arena\Tournaments\Engine Battle 20250902_2.pgn

No:  B/W 1/2     W:B       1:2           Time        Value Moves Dep 1:2       1-2-Draws
   2 W 2    1.5:0.5        0.5:1.5       6:49:45 PM  +289.99    38 3.606 :4.848  0-1-1

--------------------------------------------------------------

Engine-Match Wednesday, September 3, 2025 6:49:46 PM
 Blitz 5/5 

Pairing 5/10 :    Random_Opponent  -  SlowMate_v3.0

PGN-File: C:\Program Files (x86)\Arena\Tournaments\Engine Battle 20250902_2.pgn

No:  B/W 1/2     W:B       1:2           Time        Value Moves Dep 1:2       1-2-Draws
   2 = =    1.0:1.0        1.0:1.0       6:55:54 PM   +83.19    40 0:4.063  0-0-2

--------------------------------------------------------------

Engine-Match Wednesday, September 3, 2025 6:55:55 PM
 Blitz 5/5 

Pairing 6/10 :    V7P3R_v10.0  -  Stockfish 1%

PGN-File: C:\Program Files (x86)\Arena\Tournaments\Engine Battle 20250902_2.pgn

No:  B/W 1/2     W:B       1:2           Time        Value Moves Dep 1:2       1-2-Draws
   2 W 2    1.0:0.0        0.0:2.0       6:59:11 PM   +12.30    18 5.278 :15.294  0-2-0

--------------------------------------------------------------

Engine-Match Wednesday, September 3, 2025 6:59:12 PM
 Blitz 5/5 

Pairing 7/10 :    C0BR4_v2.8  -  V7P3R_v10.0

PGN-File: C:\Program Files (x86)\Arena\Tournaments\Engine Battle 20250902_2.pgn

No:  B/W 1/2     W:B       1:2           Time        Value Moves Dep 1:2       1-2-Draws
   2 = =    1.0:1.0        1.0:1.0       7:04:14 PM    +0.50    65 4.000 :5.556  0-0-2

--------------------------------------------------------------

Engine-Match Wednesday, September 3, 2025 7:04:15 PM
 Blitz 5/5 

Pairing 8/10 :    Stockfish 1%  -  Random_Opponent

PGN-File: C:\Program Files (x86)\Arena\Tournaments\Engine Battle 20250902_2.pgn

No:  B/W 1/2     W:B       1:2           Time        Value Moves Dep 1:2       1-2-Draws
   2 B 1    1.0:0.0        2.0:0.0       7:04:27 PM      -M1    15 21.000 :0 2-0-0

--------------------------------------------------------------

Engine-Match Wednesday, September 3, 2025 7:04:28 PM
 Blitz 5/5 

Pairing 9/10 :    SlowMate_v3.0  -  Stockfish 1%

PGN-File: C:\Program Files (x86)\Arena\Tournaments\Engine Battle 20250902_2.pgn

No:  B/W 1/2     W:B       1:2           Time        Value Moves Dep 1:2       1-2-Draws
   2 W 2    1.0:0.0        0.0:2.0       7:09:17 PM      +M1    31 4.000 :14.905  0-2-0

--------------------------------------------------------------

Engine-Match Wednesday, September 3, 2025 7:09:19 PM
 Blitz 5/5 

Pairing 10/10 :    Random_Opponent  -  C0BR4_v2.8

PGN-File: C:\Program Files (x86)\Arena\Tournaments\Engine Battle 20250902_2.pgn

No:  B/W 1/2     W:B       1:2           Time        Value Moves Dep 1:2       1-2-Draws
   2 W 2    1.0:0.0        0.0:2.0       7:09:32 PM  +299.99    17 0:4.000  0-2-0

--------------------------------------------------------------

Engine-Match Wednesday, September 3, 2025 7:09:39 PM
 Blitz 5/5 

Pairing 1/10 :    V7P3R_v10.0  -  Random_Opponent

PGN-File: C:\Program Files (x86)\Arena\Tournaments\Engine Battle 20250902_2.pgn

No:  B/W 1/2     W:B       1:2           Time        Value Moves Dep 1:2       1-2-Draws
   3 W 1    1.0:0.0        3.0:0.0       7:12:02 PM  +289.99    13 5.538 :0 3-0-0

--------------------------------------------------------------

Engine-Match Wednesday, September 3, 2025 7:12:03 PM
 Blitz 5/5 

Pairing 2/10 :    C0BR4_v2.8  -  SlowMate_v3.0

PGN-File: C:\Program Files (x86)\Arena\Tournaments\Engine Battle 20250902_2.pgn

No:  B/W 1/2     W:B       1:2           Time        Value Moves Dep 1:2       1-2-Draws
   3 = =    0.5:0.5        1.5:1.5       7:14:50 PM    +2.49    17 4.000 :4.750  1-1-1

--------------------------------------------------------------

Engine-Match Wednesday, September 3, 2025 7:14:51 PM
 Blitz 5/5 

Pairing 3/10 :    Stockfish 1%  -  C0BR4_v2.8

PGN-File: C:\Program Files (x86)\Arena\Tournaments\Engine Battle 20250902_2.pgn

No:  B/W 1/2     W:B       1:2           Time        Value Moves Dep 1:2       1-2-Draws
   3 W 1    1.0:0.0        3.0:0.0       7:15:27 PM      +M1    47 15.682 :4.000  3-0-0

--------------------------------------------------------------

Engine-Match Wednesday, September 3, 2025 7:15:28 PM
 Blitz 5/5 

Pairing 4/10 :    SlowMate_v3.0  -  V7P3R_v10.0

PGN-File: C:\Program Files (x86)\Arena\Tournaments\Engine Battle 20250902_2.pgn

No:  B/W 1/2     W:B       1:2           Time        Value Moves Dep 1:2       1-2-Draws
   3 = =    1.0:1.0        1.0:2.0       7:32:42 PM    +5.86    70 4.036 :5.444  0-1-2

--------------------------------------------------------------

Engine-Match Wednesday, September 3, 2025 7:32:44 PM
 Blitz 5/5 

Pairing 5/10 :    Random_Opponent  -  SlowMate_v3.0

PGN-File: C:\Program Files (x86)\Arena\Tournaments\Engine Battle 20250902_2.pgn

No:  B/W 1/2     W:B       1:2           Time        Value Moves Dep 1:2       1-2-Draws
   3 = =    1.5:1.5        1.5:1.5       7:36:03 PM  -200.00    20 0:3.850  0-0-3

--------------------------------------------------------------

Engine-Match Wednesday, September 3, 2025 7:36:05 PM
 Blitz 5/5 

Pairing 6/10 :    V7P3R_v10.0  -  Stockfish 1%

PGN-File: C:\Program Files (x86)\Arena\Tournaments\Engine Battle 20250902_2.pgn

No:  B/W 1/2     W:B       1:2           Time        Value Moves Dep 1:2       1-2-Draws
   3 B 2    1.0:0.0        0.0:3.0       7:39:10 PM      -M1    25 5.000 :15.333  0-3-0

--------------------------------------------------------------

Engine-Match Wednesday, September 3, 2025 7:39:11 PM
 Blitz 5/5 

Pairing 7/10 :    C0BR4_v2.8  -  V7P3R_v10.0

PGN-File: C:\Program Files (x86)\Arena\Tournaments\Engine Battle 20250902_2.pgn

No:  B/W 1/2     W:B       1:2           Time        Value Moves Dep 1:2       1-2-Draws
   3 = =    1.5:1.5        1.5:1.5       7:42:34 PM   -10.20    25 4.000 :5.400  0-0-3

--------------------------------------------------------------

Engine-Match Wednesday, September 3, 2025 7:42:36 PM
 Blitz 5/5 

Pairing 8/10 :    Stockfish 1%  -  Random_Opponent

PGN-File: C:\Program Files (x86)\Arena\Tournaments\Engine Battle 20250902_2.pgn

No:  B/W 1/2     W:B       1:2           Time        Value Moves Dep 1:2       1-2-Draws
   3 W 1    1.0:0.0        3.0:0.0       7:42:57 PM      +M1    41 17.737 :0 3-0-0

--------------------------------------------------------------

Engine-Match Wednesday, September 3, 2025 7:42:58 PM
 Blitz 5/5 

Pairing 9/10 :    SlowMate_v3.0  -  Stockfish 1%

PGN-File: C:\Program Files (x86)\Arena\Tournaments\Engine Battle 20250902_2.pgn

No:  B/W 1/2     W:B       1:2           Time        Value Moves Dep 1:2       1-2-Draws
   3 B 2    1.0:0.0        0.0:3.0       7:48:14 PM      -M1    33 3.788 :14.476  0-3-0

--------------------------------------------------------------

Engine-Match Wednesday, September 3, 2025 7:48:16 PM
 Blitz 5/5 

Pairing 10/10 :    Random_Opponent  -  C0BR4_v2.8

PGN-File: C:\Program Files (x86)\Arena\Tournaments\Engine Battle 20250902_2.pgn

No:  B/W 1/2     W:B       1:2           Time        Value Moves Dep 1:2       1-2-Draws
   3 B 2    1.0:0.0        0.0:3.0       7:48:37 PM  -299.99    18 0:4.000  0-3-0

--------------------------------------------------------------

Engine-Match Wednesday, September 3, 2025 7:48:38 PM
 Blitz 5/5 

Pairing 1/10 :    V7P3R_v10.0  -  Random_Opponent

PGN-File: C:\Program Files (x86)\Arena\Tournaments\Engine Battle 20250902_2.pgn

No:  B/W 1/2     W:B       1:2           Time        Value Moves Dep 1:2       1-2-Draws
   4 B 1    1.0:0.0        4.0:0.0       7:51:23 PM  -289.98    15 5.267 :0 4-0-0

--------------------------------------------------------------

Engine-Match Wednesday, September 3, 2025 7:51:24 PM
 Blitz 5/5 

Pairing 2/10 :    C0BR4_v2.8  -  SlowMate_v3.0

PGN-File: C:\Program Files (x86)\Arena\Tournaments\Engine Battle 20250902_2.pgn

No:  B/W 1/2     W:B       1:2           Time        Value Moves Dep 1:2       1-2-Draws
   4 B 1    1.5:0.5        2.5:1.5       7:54:43 PM  -299.99    19 4.000 :4.000  2-1-1

--------------------------------------------------------------

Engine-Match Wednesday, September 3, 2025 7:54:44 PM
 Blitz 5/5 

Pairing 3/10 :    Stockfish 1%  -  C0BR4_v2.8

PGN-File: C:\Program Files (x86)\Arena\Tournaments\Engine Battle 20250902_2.pgn

No:  B/W 1/2     W:B       1:2           Time        Value Moves Dep 1:2       1-2-Draws
   4 B 1    1.0:0.0        4.0:0.0       7:55:01 PM      -M1    14 19.923 :4.000  4-0-0

--------------------------------------------------------------

Engine-Match Wednesday, September 3, 2025 7:55:03 PM
 Blitz 5/5 

Pairing 4/10 :    SlowMate_v3.0  -  V7P3R_v10.0

PGN-File: C:\Program Files (x86)\Arena\Tournaments\Engine Battle 20250902_2.pgn

No:  B/W 1/2     W:B       1:2           Time        Value Moves Dep 1:2       1-2-Draws
   4 = =    1.5:1.5        1.5:2.5       8:08:26 PM    -5.10    55 3.833 :5.158  0-1-3

--------------------------------------------------------------

Engine-Match Wednesday, September 3, 2025 8:08:27 PM
 Blitz 5/5 

Pairing 5/10 :    Random_Opponent  -  SlowMate_v3.0

PGN-File: C:\Program Files (x86)\Arena\Tournaments\Engine Battle 20250902_2.pgn

No:  B/W 1/2     W:B       1:2           Time        Value Moves Dep 1:2       1-2-Draws
   4 W 2    2.5:1.5        1.5:2.5       8:10:35 PM   +89.96    12 0:3.917  0-1-3

--------------------------------------------------------------

Engine-Match Wednesday, September 3, 2025 8:10:36 PM
 Blitz 5/5 

Pairing 6/10 :    V7P3R_v10.0  -  Stockfish 1%

PGN-File: C:\Program Files (x86)\Arena\Tournaments\Engine Battle 20250902_2.pgn

No:  B/W 1/2     W:B       1:2           Time        Value Moves Dep 1:2       1-2-Draws
   4 W 2    1.0:0.0        0.0:4.0       8:15:34 PM   +18.20    31 5.097 :14.913  0-4-0

--------------------------------------------------------------

Engine-Match Wednesday, September 3, 2025 8:15:36 PM
 Blitz 5/5 

Pairing 7/10 :    C0BR4_v2.8  -  V7P3R_v10.0

PGN-File: C:\Program Files (x86)\Arena\Tournaments\Engine Battle 20250902_2.pgn

No:  B/W 1/2     W:B       1:2           Time        Value Moves Dep 1:2       1-2-Draws
   4 = =    2.0:2.0        2.0:2.0       8:20:48 PM    +1.37    58 4.000 :5.333  0-0-4

--------------------------------------------------------------

Engine-Match Wednesday, September 3, 2025 8:20:50 PM
 Blitz 5/5 

Pairing 8/10 :    Stockfish 1%  -  Random_Opponent

PGN-File: C:\Program Files (x86)\Arena\Tournaments\Engine Battle 20250902_2.pgn

No:  B/W 1/2     W:B       1:2           Time        Value Moves Dep 1:2       1-2-Draws
   4 B 1    1.0:0.0        4.0:0.0       8:20:57 PM      -M1     6 26.833 :0 4-0-0

--------------------------------------------------------------

Engine-Match Wednesday, September 3, 2025 8:20:58 PM
 Blitz 5/5 

Pairing 9/10 :    SlowMate_v3.0  -  Stockfish 1%

PGN-File: C:\Program Files (x86)\Arena\Tournaments\Engine Battle 20250902_2.pgn

No:  B/W 1/2     W:B       1:2           Time        Value Moves Dep 1:2       1-2-Draws
   4 W 2    1.0:0.0        0.0:4.0       8:28:54 PM      +M1    55 3.796 :14.952  0-4-0

--------------------------------------------------------------

Engine-Match Wednesday, September 3, 2025 8:28:55 PM
 Blitz 5/5 

Pairing 10/10 :    Random_Opponent  -  C0BR4_v2.8

PGN-File: C:\Program Files (x86)\Arena\Tournaments\Engine Battle 20250902_2.pgn

No:  B/W 1/2     W:B       1:2           Time        Value Moves Dep 1:2       1-2-Draws
   4 W 2    1.0:0.0        0.0:4.0       8:29:07 PM  +299.99    15 0:4.000  0-4-0

--------------------------------------------------------------

Engine-Match Wednesday, September 3, 2025 8:29:14 PM
 Blitz 5/5 

Pairing 1/10 :    V7P3R_v10.0  -  Random_Opponent

PGN-File: C:\Program Files (x86)\Arena\Tournaments\Engine Battle 20250902_2.pgn

No:  B/W 1/2     W:B       1:2           Time        Value Moves Dep 1:2       1-2-Draws
   5 W 1    1.0:0.0        5.0:0.0       8:32:52 PM  +289.99    26 5.615 :0 5-0-0

--------------------------------------------------------------

Engine-Match Wednesday, September 3, 2025 8:32:53 PM
 Blitz 5/5 

Pairing 2/10 :    C0BR4_v2.8  -  SlowMate_v3.0

PGN-File: C:\Program Files (x86)\Arena\Tournaments\Engine Battle 20250902_2.pgn

No:  B/W 1/2     W:B       1:2           Time        Value Moves Dep 1:2       1-2-Draws
   5 W 1    1.5:0.5        3.5:1.5       8:35:11 PM  +299.99    13 4.000 :3.917  3-1-1

--------------------------------------------------------------

Engine-Match Wednesday, September 3, 2025 8:35:13 PM
 Blitz 5/5 

Pairing 3/10 :    Stockfish 1%  -  C0BR4_v2.8

PGN-File: C:\Program Files (x86)\Arena\Tournaments\Engine Battle 20250902_2.pgn

No:  B/W 1/2     W:B       1:2           Time        Value Moves Dep 1:2       1-2-Draws
   5 W 1    1.0:0.0        5.0:0.0       8:35:31 PM      +M1    23 15.353 :4.000  5-0-0

--------------------------------------------------------------

Engine-Match Wednesday, September 3, 2025 8:35:32 PM
 Blitz 5/5 

Pairing 4/10 :    SlowMate_v3.0  -  V7P3R_v10.0

PGN-File: C:\Program Files (x86)\Arena\Tournaments\Engine Battle 20250902_2.pgn

No:  B/W 1/2     W:B       1:2           Time        Value Moves Dep 1:2       1-2-Draws
   5 = =    2.0:2.0        2.0:3.0       8:42:49 PM    +2.20    25 4.040 :5.640  0-1-4

--------------------------------------------------------------

Engine-Match Wednesday, September 3, 2025 8:42:50 PM
 Blitz 5/5 

Pairing 5/10 :    Random_Opponent  -  SlowMate_v3.0

PGN-File: C:\Program Files (x86)\Arena\Tournaments\Engine Battle 20250902_2.pgn

No:  B/W 1/2     W:B       1:2           Time        Value Moves Dep 1:2       1-2-Draws
   5 B 2    2.5:1.5        1.5:3.5       8:45:05 PM   -96.28    13 0:4.231  0-2-3

--------------------------------------------------------------

Engine-Match Wednesday, September 3, 2025 8:45:07 PM
 Blitz 5/5 

Pairing 6/10 :    V7P3R_v10.0  -  Stockfish 1%

PGN-File: C:\Program Files (x86)\Arena\Tournaments\Engine Battle 20250902_2.pgn

No:  B/W 1/2     W:B       1:2           Time        Value Moves Dep 1:2       1-2-Draws
   5 B 2    1.0:0.0        0.0:5.0       8:49:04 PM      -M1    27 5.000 :15.476  0-5-0

--------------------------------------------------------------

Engine-Match Wednesday, September 3, 2025 8:49:05 PM
 Blitz 5/5 

Pairing 7/10 :    C0BR4_v2.8  -  V7P3R_v10.0

PGN-File: C:\Program Files (x86)\Arena\Tournaments\Engine Battle 20250902_2.pgn

No:  B/W 1/2     W:B       1:2           Time        Value Moves Dep 1:2       1-2-Draws
   5 = =    2.5:2.5        2.5:2.5       8:52:31 PM   -10.20    25 4.000 :5.400  0-0-5

--------------------------------------------------------------

Engine-Match Wednesday, September 3, 2025 8:52:32 PM
 Blitz 5/5 

Pairing 8/10 :    Stockfish 1%  -  Random_Opponent

PGN-File: C:\Program Files (x86)\Arena\Tournaments\Engine Battle 20250902_2.pgn

No:  B/W 1/2     W:B       1:2           Time        Value Moves Dep 1:2       1-2-Draws
   5 W 1    1.0:0.0        5.0:0.0       8:52:42 PM      +M1    10 23.900 :0 5-0-0

--------------------------------------------------------------

Engine-Match Wednesday, September 3, 2025 8:52:43 PM
 Blitz 5/5 

Pairing 9/10 :    SlowMate_v3.0  -  Stockfish 1%

PGN-File: C:\Program Files (x86)\Arena\Tournaments\Engine Battle 20250902_2.pgn

No:  B/W 1/2     W:B       1:2           Time        Value Moves Dep 1:2       1-2-Draws
   5 B 2    1.0:0.0        0.0:5.0       8:57:08 PM      -M1    27 3.815 :15.000  0-5-0

--------------------------------------------------------------

Engine-Match Wednesday, September 3, 2025 8:57:09 PM
 Blitz 5/5 

Pairing 10/10 :    Random_Opponent  -  C0BR4_v2.8

PGN-File: C:\Program Files (x86)\Arena\Tournaments\Engine Battle 20250902_2.pgn

No:  B/W 1/2     W:B       1:2           Time        Value Moves Dep 1:2       1-2-Draws
   5 B 2    1.0:0.0        0.0:5.0       8:57:21 PM  -299.99    17 0:4.000  0-5-0

--------------------------------------------------------------

Engine-Match Wednesday, September 3, 2025 8:57:22 PM
 Blitz 5/5 

Pairing 1/10 :    V7P3R_v10.0  -  Random_Opponent

PGN-File: C:\Program Files (x86)\Arena\Tournaments\Engine Battle 20250902_2.pgn

No:  B/W 1/2     W:B       1:2           Time        Value Moves Dep 1:2       1-2-Draws
   6 B 1    1.0:0.0        6.0:0.0       8:59:52 PM  -289.99    12 5.667 :0 6-0-0

--------------------------------------------------------------

Engine-Match Wednesday, September 3, 2025 8:59:53 PM
 Blitz 5/5 

Pairing 2/10 :    C0BR4_v2.8  -  SlowMate_v3.0

PGN-File: C:\Program Files (x86)\Arena\Tournaments\Engine Battle 20250902_2.pgn

No:  B/W 1/2     W:B       1:2           Time        Value Moves Dep 1:2       1-2-Draws
   6 B 1    1.5:0.5        4.5:1.5       9:03:11 PM  -299.99    19 4.000 :4.000  4-1-1

--------------------------------------------------------------

Engine-Match Wednesday, September 3, 2025 9:03:13 PM
 Blitz 5/5 

Pairing 3/10 :    Stockfish 1%  -  C0BR4_v2.8

PGN-File: C:\Program Files (x86)\Arena\Tournaments\Engine Battle 20250902_2.pgn

No:  B/W 1/2     W:B       1:2           Time        Value Moves Dep 1:2       1-2-Draws
   6 B 1    1.0:0.0        6.0:0.0       9:03:27 PM      -M1    16 24.571 :4.000  6-0-0

--------------------------------------------------------------

Engine-Match Wednesday, September 3, 2025 9:03:28 PM
 Blitz 5/5 

Pairing 4/10 :    SlowMate_v3.0  -  V7P3R_v10.0

PGN-File: C:\Program Files (x86)\Arena\Tournaments\Engine Battle 20250902_2.pgn

No:  B/W 1/2     W:B       1:2           Time        Value Moves Dep 1:2       1-2-Draws
   6 = =    2.5:2.5        2.5:3.5       9:14:38 PM    -6.29    42 3.773 :5.045  0-1-5

--------------------------------------------------------------

Engine-Match Wednesday, September 3, 2025 9:14:39 PM
 Blitz 5/5 

Pairing 5/10 :    Random_Opponent  -  SlowMate_v3.0

PGN-File: C:\Program Files (x86)\Arena\Tournaments\Engine Battle 20250902_2.pgn

No:  B/W 1/2     W:B       1:2           Time        Value Moves Dep 1:2       1-2-Draws
   6 W 2    2.5:1.5        1.5:4.5       9:20:55 PM  +135.84    41 0:3.732  0-3-3

--------------------------------------------------------------

Engine-Match Wednesday, September 3, 2025 9:20:56 PM
 Blitz 5/5 

Pairing 6/10 :    V7P3R_v10.0  -  Stockfish 1%

PGN-File: C:\Program Files (x86)\Arena\Tournaments\Engine Battle 20250902_2.pgn

No:  B/W 1/2     W:B       1:2           Time        Value Moves Dep 1:2       1-2-Draws
   6 W 2    1.0:0.0        0.0:6.0       9:24:58 PM      +M1    27 5.538 :14.650  0-6-0

--------------------------------------------------------------

Engine-Match Wednesday, September 3, 2025 9:25:00 PM
 Blitz 5/5 

Pairing 7/10 :    C0BR4_v2.8  -  V7P3R_v10.0

PGN-File: C:\Program Files (x86)\Arena\Tournaments\Engine Battle 20250902_2.pgn

No:  B/W 1/2     W:B       1:2           Time        Value Moves Dep 1:2       1-2-Draws
   6 W 2    3.5:2.5        2.5:3.5       9:29:02 PM   +18.31    35 4.000 :5.500  0-1-5

--------------------------------------------------------------

Engine-Match Wednesday, September 3, 2025 9:29:03 PM
 Blitz 5/5 

Pairing 8/10 :    Stockfish 1%  -  Random_Opponent

PGN-File: C:\Program Files (x86)\Arena\Tournaments\Engine Battle 20250902_2.pgn

No:  B/W 1/2     W:B       1:2           Time        Value Moves Dep 1:2       1-2-Draws
   6 B 1    1.0:0.0        6.0:0.0       9:29:15 PM      -M1    13 23.923 :0 6-0-0

--------------------------------------------------------------

Engine-Match Wednesday, September 3, 2025 9:29:16 PM
 Blitz 5/5 

Pairing 9/10 :    SlowMate_v3.0  -  Stockfish 1%

PGN-File: C:\Program Files (x86)\Arena\Tournaments\Engine Battle 20250902_2.pgn

No:  B/W 1/2     W:B       1:2           Time        Value Moves Dep 1:2       1-2-Draws
   6 W 2    1.0:0.0        0.0:6.0       9:32:39 PM      +M1    21 4.100 :15.789  0-6-0

--------------------------------------------------------------

Engine-Match Wednesday, September 3, 2025 9:32:40 PM
 Blitz 5/5 

Pairing 10/10 :    Random_Opponent  -  C0BR4_v2.8

PGN-File: C:\Program Files (x86)\Arena\Tournaments\Engine Battle 20250902_2.pgn

No:  B/W 1/2     W:B       1:2           Time        Value Moves Dep 1:2       1-2-Draws
   6 W 2    1.0:0.0        0.0:6.0       9:32:47 PM  +299.99     9 0:4.000  0-6-0

--------------------------------------------------------------

Engine-Match Wednesday, September 3, 2025 9:32:54 PM
 Blitz 5/5 

Pairing 1/10 :    V7P3R_v10.0  -  Random_Opponent

PGN-File: C:\Program Files (x86)\Arena\Tournaments\Engine Battle 20250902_2.pgn

No:  B/W 1/2     W:B       1:2           Time        Value Moves Dep 1:2       1-2-Draws
   7 W 1    1.0:0.0        7.0:0.0       9:35:27 PM  +289.98    12 5.583 :0 7-0-0

--------------------------------------------------------------

Engine-Match Wednesday, September 3, 2025 9:35:28 PM
 Blitz 5/5 

Pairing 2/10 :    C0BR4_v2.8  -  SlowMate_v3.0

PGN-File: C:\Program Files (x86)\Arena\Tournaments\Engine Battle 20250902_2.pgn

No:  B/W 1/2     W:B       1:2           Time        Value Moves Dep 1:2       1-2-Draws
   7 W 1    1.5:0.5        5.5:1.5       9:37:33 PM  +299.99    12 4.000 :3.727  5-1-1

--------------------------------------------------------------

Engine-Match Wednesday, September 3, 2025 9:37:34 PM
 Blitz 5/5 

Pairing 3/10 :    Stockfish 1%  -  C0BR4_v2.8

PGN-File: C:\Program Files (x86)\Arena\Tournaments\Engine Battle 20250902_2.pgn

No:  B/W 1/2     W:B       1:2           Time        Value Moves Dep 1:2       1-2-Draws
   7 W 1    1.0:0.0        7.0:0.0       9:37:52 PM      +M1    26 16.050 :4.000  7-0-0

--------------------------------------------------------------

Engine-Match Wednesday, September 3, 2025 9:37:53 PM
 Blitz 5/5 

Pairing 4/10 :    SlowMate_v3.0  -  V7P3R_v10.0

PGN-File: C:\Program Files (x86)\Arena\Tournaments\Engine Battle 20250902_2.pgn

No:  B/W 1/2     W:B       1:2           Time        Value Moves Dep 1:2       1-2-Draws
   7 = =    3.0:3.0        3.0:4.0       9:54:29 PM    +4.36    67 4.071 :5.444  0-1-6

--------------------------------------------------------------

Engine-Match Wednesday, September 3, 2025 9:54:31 PM
 Blitz 5/5 

Pairing 5/10 :    Random_Opponent  -  SlowMate_v3.0

PGN-File: C:\Program Files (x86)\Arena\Tournaments\Engine Battle 20250902_2.pgn

No:  B/W 1/2     W:B       1:2           Time        Value Moves Dep 1:2       1-2-Draws
   7 = =    2.0:2.0        2.0:5.0       10:01:50 PM  -200.00    50 0:3.460  0-3-4

--------------------------------------------------------------

Engine-Match Wednesday, September 3, 2025 10:01:52 PM
 Blitz 5/5 

Pairing 6/10 :    V7P3R_v10.0  -  Stockfish 1%

PGN-File: C:\Program Files (x86)\Arena\Tournaments\Engine Battle 20250902_2.pgn

No:  B/W 1/2     W:B       1:2           Time        Value Moves Dep 1:2       1-2-Draws
   7 B 2    1.0:0.0        0.0:7.0       10:06:10 PM  -289.98    28 5.250 :14.500  0-7-0

--------------------------------------------------------------

Engine-Match Wednesday, September 3, 2025 10:06:11 PM
 Blitz 5/5 

Pairing 7/10 :    C0BR4_v2.8  -  V7P3R_v10.0

PGN-File: C:\Program Files (x86)\Arena\Tournaments\Engine Battle 20250902_2.pgn

No:  B/W 1/2     W:B       1:2           Time        Value Moves Dep 1:2       1-2-Draws
   7 B 2    3.5:2.5        2.5:4.5       10:11:56 PM   -12.68    55 4.000 :5.250  0-2-5

--------------------------------------------------------------

Engine-Match Wednesday, September 3, 2025 10:11:58 PM
 Blitz 5/5 

Pairing 8/10 :    Stockfish 1%  -  Random_Opponent

PGN-File: C:\Program Files (x86)\Arena\Tournaments\Engine Battle 20250902_2.pgn

No:  B/W 1/2     W:B       1:2           Time        Value Moves Dep 1:2       1-2-Draws
   7 W 1    1.0:0.0        7.0:0.0       10:12:04 PM      +M1     5 28.000 :0 7-0-0

--------------------------------------------------------------

Engine-Match Wednesday, September 3, 2025 10:12:05 PM
 Blitz 5/5 

Pairing 9/10 :    SlowMate_v3.0  -  Stockfish 1%

PGN-File: C:\Program Files (x86)\Arena\Tournaments\Engine Battle 20250902_2.pgn

No:  B/W 1/2     W:B       1:2           Time        Value Moves Dep 1:2       1-2-Draws
   7 B 2    1.0:0.0        0.0:7.0       10:17:53 PM      -M1    37 3.703 :14.348  0-7-0

--------------------------------------------------------------

Engine-Match Wednesday, September 3, 2025 10:17:55 PM
 Blitz 5/5 

Pairing 10/10 :    Random_Opponent  -  C0BR4_v2.8

PGN-File: C:\Program Files (x86)\Arena\Tournaments\Engine Battle 20250902_2.pgn

No:  B/W 1/2     W:B       1:2           Time        Value Moves Dep 1:2       1-2-Draws
   7 B 2    1.0:0.0        0.0:7.0       10:18:06 PM  -299.99    21 0:4.000  0-7-0

--------------------------------------------------------------

Engine-Match Wednesday, September 3, 2025 10:18:08 PM
 Blitz 5/5 

Pairing 1/10 :    V7P3R_v10.0  -  Random_Opponent

PGN-File: C:\Program Files (x86)\Arena\Tournaments\Engine Battle 20250902_2.pgn

No:  B/W 1/2     W:B       1:2           Time        Value Moves Dep 1:2       1-2-Draws
   8 B 1    1.0:0.0        8.0:0.0       10:19:55 PM  -289.99     8 5.500 :0 8-0-0

--------------------------------------------------------------

Engine-Match Wednesday, September 3, 2025 10:19:56 PM
 Blitz 5/5 

Pairing 2/10 :    C0BR4_v2.8  -  SlowMate_v3.0

PGN-File: C:\Program Files (x86)\Arena\Tournaments\Engine Battle 20250902_2.pgn

No:  B/W 1/2     W:B       1:2           Time        Value Moves Dep 1:2       1-2-Draws
   8 B 1    1.5:0.5        6.5:1.5       10:22:10 PM  -299.99    12 4.000 :4.000  6-1-1

--------------------------------------------------------------

Engine-Match Wednesday, September 3, 2025 10:22:11 PM
 Blitz 5/5 

Pairing 3/10 :    Stockfish 1%  -  C0BR4_v2.8

PGN-File: C:\Program Files (x86)\Arena\Tournaments\Engine Battle 20250902_2.pgn

No:  B/W 1/2     W:B       1:2           Time        Value Moves Dep 1:2       1-2-Draws
   8 B 1    1.0:0.0        8.0:0.0       10:22:36 PM      -M1    33 15.111 :4.000  8-0-0

--------------------------------------------------------------

Engine-Match Wednesday, September 3, 2025 10:22:37 PM
 Blitz 5/5 

Pairing 4/10 :    SlowMate_v3.0  -  V7P3R_v10.0

PGN-File: C:\Program Files (x86)\Arena\Tournaments\Engine Battle 20250902_2.pgn

No:  B/W 1/2     W:B       1:2           Time        Value Moves Dep 1:2       1-2-Draws
   8 = =    3.5:3.5        3.5:4.5       10:35:54 PM    +0.19    52 3.775 :5.050  0-1-7

--------------------------------------------------------------

Engine-Match Wednesday, September 3, 2025 10:35:55 PM
 Blitz 5/5 

Pairing 5/10 :    Random_Opponent  -  SlowMate_v3.0

PGN-File: C:\Program Files (x86)\Arena\Tournaments\Engine Battle 20250902_2.pgn

No:  B/W 1/2     W:B       1:2           Time        Value Moves Dep 1:2       1-2-Draws
   8 W 2    3.0:2.0        2.0:6.0       10:39:44 PM   +78.46    23 0:4.348  0-4-4

--------------------------------------------------------------

Engine-Match Wednesday, September 3, 2025 10:39:45 PM
 Blitz 5/5 

Pairing 6/10 :    V7P3R_v10.0  -  Stockfish 1%

PGN-File: C:\Program Files (x86)\Arena\Tournaments\Engine Battle 20250902_2.pgn

No:  B/W 1/2     W:B       1:2           Time        Value Moves Dep 1:2       1-2-Draws
   8 W 2    1.0:0.0        0.0:8.0       10:43:23 PM      +M1    23 5.318 :17.250  0-8-0

--------------------------------------------------------------

Engine-Match Wednesday, September 3, 2025 10:43:24 PM
 Blitz 5/5 

Pairing 7/10 :    C0BR4_v2.8  -  V7P3R_v10.0

PGN-File: C:\Program Files (x86)\Arena\Tournaments\Engine Battle 20250902_2.pgn

No:  B/W 1/2     W:B       1:2           Time        Value Moves Dep 1:2       1-2-Draws
   8 = =    3.0:3.0        3.0:5.0       10:49:05 PM   +14.70    55 4.000 :4.935  0-2-6

--------------------------------------------------------------

Engine-Match Wednesday, September 3, 2025 10:49:06 PM
 Blitz 5/5 

Pairing 8/10 :    Stockfish 1%  -  Random_Opponent

PGN-File: C:\Program Files (x86)\Arena\Tournaments\Engine Battle 20250902_2.pgn

No:  B/W 1/2     W:B       1:2           Time        Value Moves Dep 1:2       1-2-Draws
   8 B 1    1.0:0.0        8.0:0.0       10:49:18 PM      -M1    15 21.786 :0 8-0-0

--------------------------------------------------------------

Engine-Match Wednesday, September 3, 2025 10:49:19 PM
 Blitz 5/5 

Pairing 9/10 :    SlowMate_v3.0  -  Stockfish 1%

PGN-File: C:\Program Files (x86)\Arena\Tournaments\Engine Battle 20250902_2.pgn

No:  B/W 1/2     W:B       1:2           Time        Value Moves Dep 1:2       1-2-Draws
   8 W 2    1.0:0.0        0.0:8.0       10:53:42 PM   +13.59    27 4.037 :15.318  0-8-0

--------------------------------------------------------------

Engine-Match Wednesday, September 3, 2025 10:53:43 PM
 Blitz 5/5 

Pairing 10/10 :    Random_Opponent  -  C0BR4_v2.8

PGN-File: C:\Program Files (x86)\Arena\Tournaments\Engine Battle 20250902_2.pgn

No:  B/W 1/2     W:B       1:2           Time        Value Moves Dep 1:2       1-2-Draws
   8 W 2    1.0:0.0        0.0:8.0       10:53:56 PM  +299.99    20 0:4.000  0-8-0

--------------------------------------------------------------

Engine-Match Wednesday, September 3, 2025 10:54:02 PM
 Blitz 5/5 

Pairing 1/10 :    V7P3R_v10.0  -  Random_Opponent

PGN-File: C:\Program Files (x86)\Arena\Tournaments\Engine Battle 20250902_2.pgn

No:  B/W 1/2     W:B       1:2           Time        Value Moves Dep 1:2       1-2-Draws
   9 W 1    1.0:0.0        9.0:0.0       10:57:01 PM  +289.99    18 5.444 :0 9-0-0

--------------------------------------------------------------

Engine-Match Wednesday, September 3, 2025 10:57:02 PM
 Blitz 5/5 

Pairing 2/10 :    C0BR4_v2.8  -  SlowMate_v3.0

PGN-File: C:\Program Files (x86)\Arena\Tournaments\Engine Battle 20250902_2.pgn

No:  B/W 1/2     W:B       1:2           Time        Value Moves Dep 1:2       1-2-Draws
   9 W 1    1.5:0.5        7.5:1.5       10:59:08 PM  +299.99    12 4.000 :3.727  7-1-1

--------------------------------------------------------------

Engine-Match Wednesday, September 3, 2025 10:59:09 PM
 Blitz 5/5 

Pairing 3/10 :    Stockfish 1%  -  C0BR4_v2.8

PGN-File: C:\Program Files (x86)\Arena\Tournaments\Engine Battle 20250902_2.pgn

No:  B/W 1/2     W:B       1:2           Time        Value Moves Dep 1:2       1-2-Draws
   9 W 1    1.0:0.0        9.0:0.0       10:59:52 PM   +10.06    72 15.053 :4.000  9-0-0

--------------------------------------------------------------

Engine-Match Wednesday, September 3, 2025 10:59:53 PM
 Blitz 5/5 

Pairing 4/10 :    SlowMate_v3.0  -  V7P3R_v10.0

PGN-File: C:\Program Files (x86)\Arena\Tournaments\Engine Battle 20250902_2.pgn

No:  B/W 1/2     W:B       1:2           Time        Value Moves Dep 1:2       1-2-Draws
   9 = =    4.0:4.0        4.0:5.0       11:17:40 PM    +5.49    74 4.036 :5.444  0-1-8

--------------------------------------------------------------

Engine-Match Wednesday, September 3, 2025 11:17:41 PM
 Blitz 5/5 

Pairing 5/10 :    Random_Opponent  -  SlowMate_v3.0

PGN-File: C:\Program Files (x86)\Arena\Tournaments\Engine Battle 20250902_2.pgn

No:  B/W 1/2     W:B       1:2           Time        Value Moves Dep 1:2       1-2-Draws
   9 B 2    3.0:2.0        2.0:7.0       11:20:08 PM   -96.46    14 0:4.071  0-5-4

--------------------------------------------------------------

Engine-Match Wednesday, September 3, 2025 11:20:09 PM
 Blitz 5/5 

Pairing 6/10 :    V7P3R_v10.0  -  Stockfish 1%

PGN-File: C:\Program Files (x86)\Arena\Tournaments\Engine Battle 20250902_2.pgn

No:  B/W 1/2     W:B       1:2           Time        Value Moves Dep 1:2       1-2-Draws
   9 B 2    1.0:0.0        0.0:9.0       11:27:48 PM   -16.00    80 4.882 :14.889  0-9-0

--------------------------------------------------------------

Engine-Match Wednesday, September 3, 2025 11:27:50 PM
 Blitz 5/5 

Pairing 7/10 :    C0BR4_v2.8  -  V7P3R_v10.0

PGN-File: C:\Program Files (x86)\Arena\Tournaments\Engine Battle 20250902_2.pgn

No:  B/W 1/2     W:B       1:2           Time        Value Moves Dep 1:2       1-2-Draws
   9 = =    3.5:3.5        3.5:5.5       11:33:44 PM    +5.44    57 4.000 :5.350  0-2-7

--------------------------------------------------------------

Engine-Match Wednesday, September 3, 2025 11:33:46 PM
 Blitz 5/5 

Pairing 8/10 :    Stockfish 1%  -  Random_Opponent

PGN-File: C:\Program Files (x86)\Arena\Tournaments\Engine Battle 20250902_2.pgn

No:  B/W 1/2     W:B       1:2           Time        Value Moves Dep 1:2       1-2-Draws
   9 W 1    1.0:0.0        9.0:0.0       11:34:01 PM      +M1    26 16.333 :0 9-0-0

--------------------------------------------------------------

Engine-Match Wednesday, September 3, 2025 11:34:02 PM
 Blitz 5/5 

Pairing 9/10 :    SlowMate_v3.0  -  Stockfish 1%

PGN-File: C:\Program Files (x86)\Arena\Tournaments\Engine Battle 20250902_2.pgn

No:  B/W 1/2     W:B       1:2           Time        Value Moves Dep 1:2       1-2-Draws
   9 B 2    1.0:0.0        0.0:9.0       11:38:25 PM      -M1    27 3.481 :16.500  0-9-0

--------------------------------------------------------------

Engine-Match Wednesday, September 3, 2025 11:38:26 PM
 Blitz 5/5 

Pairing 10/10 :    Random_Opponent  -  C0BR4_v2.8

PGN-File: C:\Program Files (x86)\Arena\Tournaments\Engine Battle 20250902_2.pgn

No:  B/W 1/2     W:B       1:2           Time        Value Moves Dep 1:2       1-2-Draws
   9 B 2    1.0:0.0        0.0:9.0       11:38:38 PM  -299.99    17 0:4.000  0-9-0

--------------------------------------------------------------

Engine-Match Wednesday, September 3, 2025 11:38:39 PM
 Blitz 5/5 

Pairing 1/10 :    V7P3R_v10.0  -  Random_Opponent

PGN-File: C:\Program Files (x86)\Arena\Tournaments\Engine Battle 20250902_2.pgn

No:  B/W 1/2     W:B       1:2           Time        Value Moves Dep 1:2       1-2-Draws
  10 B 1    1.0:0.0        10.0:0.0      11:41:24 PM  -289.99    16 5.438 :0 10-0-0

--------------------------------------------------------------

Engine-Match Wednesday, September 3, 2025 11:41:25 PM
 Blitz 5/5 

Pairing 2/10 :    C0BR4_v2.8  -  SlowMate_v3.0

PGN-File: C:\Program Files (x86)\Arena\Tournaments\Engine Battle 20250902_2.pgn

No:  B/W 1/2     W:B       1:2           Time        Value Moves Dep 1:2       1-2-Draws
  10 = =    1.0:1.0        8.0:2.0       11:49:13 PM    -3.68    51 4.000 :3.980  7-1-2

--------------------------------------------------------------

Engine-Match Wednesday, September 3, 2025 11:49:14 PM
 Blitz 5/5 

Pairing 3/10 :    Stockfish 1%  -  C0BR4_v2.8

PGN-File: C:\Program Files (x86)\Arena\Tournaments\Engine Battle 20250902_2.pgn

No:  B/W 1/2     W:B       1:2           Time        Value Moves Dep 1:2       1-2-Draws
  10 B 1    1.0:0.0        10.0:0.0      11:49:36 PM      -M1    30 15.500 :4.000  10-0-0

--------------------------------------------------------------

Engine-Match Wednesday, September 3, 2025 11:49:37 PM
 Blitz 5/5 

Pairing 4/10 :    SlowMate_v3.0  -  V7P3R_v10.0

PGN-File: C:\Program Files (x86)\Arena\Tournaments\Engine Battle 20250902_2.pgn

No:  B/W 1/2     W:B       1:2           Time        Value Moves Dep 1:2       1-2-Draws
  10 = =    4.5:4.5        4.5:5.5       11:59:05 PM    +1.20    33 3.824 :5.222  0-1-9

--------------------------------------------------------------

Engine-Match Wednesday, September 3, 2025 11:59:06 PM
 Blitz 5/5 

Pairing 5/10 :    Random_Opponent  -  SlowMate_v3.0

PGN-File: C:\Program Files (x86)\Arena\Tournaments\Engine Battle 20250902_2.pgn

No:  B/W 1/2     W:B       1:2           Time        Value Moves Dep 1:2       1-2-Draws
  10 W 2    3.0:2.0        2.0:8.0       12:01:43 AM  +105.68    15 0:4.133  0-6-4

--------------------------------------------------------------

Engine-Match Thursday, September 4, 2025 12:01:44 AM
 Blitz 5/5 

Pairing 6/10 :    V7P3R_v10.0  -  Stockfish 1%

PGN-File: C:\Program Files (x86)\Arena\Tournaments\Engine Battle 20250902_2.pgn

No:  B/W 1/2     W:B       1:2           Time        Value Moves Dep 1:2       1-2-Draws
  10 W 2    1.0:0.0        0.0:10.0      12:06:10 AM  +289.95    30 5.067 :15.421  0-10-0

--------------------------------------------------------------

Engine-Match Thursday, September 4, 2025 12:06:11 AM
 Blitz 5/5 

Pairing 7/10 :    C0BR4_v2.8  -  V7P3R_v10.0

PGN-File: C:\Program Files (x86)\Arena\Tournaments\Engine Battle 20250902_2.pgn

No:  B/W 1/2     W:B       1:2           Time        Value Moves Dep 1:2       1-2-Draws
  10 = =    4.0:4.0        4.0:6.0       12:09:58 AM    -1.80    21 4.000 :5.333  0-2-8

--------------------------------------------------------------

Engine-Match Thursday, September 4, 2025 12:09:59 AM
 Blitz 5/5 

Pairing 8/10 :    Stockfish 1%  -  Random_Opponent

PGN-File: C:\Program Files (x86)\Arena\Tournaments\Engine Battle 20250902_2.pgn

No:  B/W 1/2     W:B       1:2           Time        Value Moves Dep 1:2       1-2-Draws
  10 B 1    1.0:0.0        10.0:0.0      12:10:11 AM      -M1    16 19.714 :0 10-0-0

--------------------------------------------------------------

Engine-Match Thursday, September 4, 2025 12:10:13 AM
 Blitz 5/5 

Pairing 9/10 :    SlowMate_v3.0  -  Stockfish 1%

PGN-File: C:\Program Files (x86)\Arena\Tournaments\Engine Battle 20250902_2.pgn

No:  B/W 1/2     W:B       1:2           Time        Value Moves Dep 1:2       1-2-Draws
  10 W 2    1.0:0.0        0.0:10.0      12:15:07 AM      +M1    31 3.867 :16.053  0-10-0

--------------------------------------------------------------

Engine-Match Thursday, September 4, 2025 12:15:09 AM
 Blitz 5/5 

Pairing 10/10 :    Random_Opponent  -  C0BR4_v2.8

PGN-File: C:\Program Files (x86)\Arena\Tournaments\Engine Battle 20250902_2.pgn

No:  B/W 1/2     W:B       1:2           Time        Value Moves Dep 1:2       1-2-Draws
  10 W 2    1.0:0.0        0.0:10.0      12:15:21 AM  +299.99    16 0:4.000  0-10-0
