Engine-Match Thursday, September 4, 2025 2:26:55 PM
 Tournament Game in 30 Minutes 

Pairing 1/3 :    C0BR4_v2.8  -  V7P3R_v10.0

PGN-File: C:\Program Files (x86)\Arena\Tournaments\Engine Battle 20250904.pgn

No:  B/W 1/2     W:B       1:2           Time        Value Moves Dep 1:2       1-2-Draws
   1 = =    0.5:0.5        0.5:0.5       2:36:24 PM    -6.10    61 4.000 :5.526  0-0-1

--------------------------------------------------------------

Engine-Match Thursday, September 4, 2025 2:36:26 PM
 Tournament Game in 30 Minutes 

Pairing 2/3 :    SlowMate_v3.0  -  C0BR4_v2.8

PGN-File: C:\Program Files (x86)\Arena\Tournaments\Engine Battle 20250904.pgn

No:  B/W 1/2     W:B       1:2           Time        Value Moves Dep 1:2       1-2-Draws
   1 B 2    1.0:0.0        0.0:1.0       2:59:56 PM  -299.99    61 4.818 :4.000  0-1-0

--------------------------------------------------------------

Engine-Match Thursday, September 4, 2025 2:59:57 PM
 Tournament Game in 30 Minutes 

Pairing 3/3 :    V7P3R_v10.0  -  SlowMate_v3.0

PGN-File: C:\Program Files (x86)\Arena\Tournaments\Engine Battle 20250904.pgn

No:  B/W 1/2     W:B       1:2           Time        Value Moves Dep 1:2       1-2-Draws
   1 = =    0.5:0.5        0.5:0.5       3:27:13 PM    -1.90    48 5.588 :5.176  0-0-1

--------------------------------------------------------------

Engine-Match Thursday, September 4, 2025 3:27:15 PM
 Tournament Game in 30 Minutes 

Pairing 1/3 :    C0BR4_v2.8  -  V7P3R_v10.0

PGN-File: C:\Program Files (x86)\Arena\Tournaments\Engine Battle 20250904.pgn

No:  B/W 1/2     W:B       1:2           Time        Value Moves Dep 1:2       1-2-Draws
   2 W 2    1.5:0.5        0.5:1.5       3:34:17 PM  +289.99    37 4.000 :5.577  0-1-1

--------------------------------------------------------------

Engine-Match Thursday, September 4, 2025 3:34:18 PM
 Tournament Game in 30 Minutes 

Pairing 2/3 :    SlowMate_v3.0  -  C0BR4_v2.8

PGN-File: C:\Program Files (x86)\Arena\Tournaments\Engine Battle 20250904.pgn

No:  B/W 1/2     W:B       1:2           Time        Value Moves Dep 1:2       1-2-Draws
   2 = =    0.5:0.5        0.5:1.5       3:51:01 PM    +2.47    36 5.059 :4.000  0-1-1

--------------------------------------------------------------

Engine-Match Thursday, September 4, 2025 3:51:02 PM
 Tournament Game in 30 Minutes 

Pairing 3/3 :    V7P3R_v10.0  -  SlowMate_v3.0

PGN-File: C:\Program Files (x86)\Arena\Tournaments\Engine Battle 20250904.pgn

No:  B/W 1/2     W:B       1:2           Time        Value Moves Dep 1:2       1-2-Draws
   2 B 1    1.5:0.5        1.5:0.5       4:12:07 PM  -289.99    31 5.533 :4.935  1-0-1

--------------------------------------------------------------

Engine-Match Thursday, September 4, 2025 4:12:08 PM
 Tournament Game in 30 Minutes 

Pairing 1/3 :    C0BR4_v2.8  -  V7P3R_v10.0

PGN-File: C:\Program Files (x86)\Arena\Tournaments\Engine Battle 20250904.pgn

No:  B/W 1/2     W:B       1:2           Time        Value Moves Dep 1:2       1-2-Draws
   3 = =    1.0:1.0        1.0:2.0       4:21:37 PM    +2.69    55 4.000 :5.579  0-1-2

--------------------------------------------------------------

Engine-Match Thursday, September 4, 2025 4:21:39 PM
 Tournament Game in 30 Minutes 

Pairing 2/3 :    SlowMate_v3.0  -  C0BR4_v2.8

PGN-File: C:\Program Files (x86)\Arena\Tournaments\Engine Battle 20250904.pgn

No:  B/W 1/2     W:B       1:2           Time        Value Moves Dep 1:2       1-2-Draws
   3 = =    1.0:1.0        1.0:2.0       4:36:21 PM    +0.25    29 4.882 :4.000  0-1-2

--------------------------------------------------------------

Engine-Match Thursday, September 4, 2025 4:36:23 PM
 Tournament Game in 30 Minutes 

Pairing 3/3 :    V7P3R_v10.0  -  SlowMate_v3.0

PGN-File: C:\Program Files (x86)\Arena\Tournaments\Engine Battle 20250904.pgn

No:  B/W 1/2     W:B       1:2           Time        Value Moves Dep 1:2       1-2-Draws
   3 = =    1.0:1.0        2.0:1.0       5:04:25 PM    -8.30    54 5.611 :5.056  1-0-2

--------------------------------------------------------------

Engine-Match Thursday, September 4, 2025 5:04:26 PM
 Tournament Game in 30 Minutes 

Pairing 1/3 :    C0BR4_v2.8  -  V7P3R_v10.0

PGN-File: C:\Program Files (x86)\Arena\Tournaments\Engine Battle 20250904.pgn

No:  B/W 1/2     W:B       1:2           Time        Value Moves Dep 1:2       1-2-Draws
   4 B 1    2.0:1.0        2.0:2.0       5:12:46 PM  -299.99    39 4.000 :5.417  1-1-2

--------------------------------------------------------------

Engine-Match Thursday, September 4, 2025 5:12:47 PM
 Tournament Game in 30 Minutes 

Pairing 2/3 :    SlowMate_v3.0  -  C0BR4_v2.8

PGN-File: C:\Program Files (x86)\Arena\Tournaments\Engine Battle 20250904.pgn

No:  B/W 1/2     W:B       1:2           Time        Value Moves Dep 1:2       1-2-Draws
   4 W 2    2.0:1.0        1.0:3.0       5:28:18 PM  +299.99    32 4.645 :4.000  0-2-2

--------------------------------------------------------------

Engine-Match Thursday, September 4, 2025 5:28:19 PM
 Tournament Game in 30 Minutes 

Pairing 3/3 :    V7P3R_v10.0  -  SlowMate_v3.0

PGN-File: C:\Program Files (x86)\Arena\Tournaments\Engine Battle 20250904.pgn

No:  B/W 1/2     W:B       1:2           Time        Value Moves Dep 1:2       1-2-Draws
   4 = =    1.5:1.5        2.5:1.5       5:53:12 PM    +5.84    42 5.458 :4.708  1-0-3

--------------------------------------------------------------

Engine-Match Thursday, September 4, 2025 5:53:13 PM
 Tournament Game in 30 Minutes 

Pairing 1/3 :    C0BR4_v2.8  -  V7P3R_v10.0

PGN-File: C:\Program Files (x86)\Arena\Tournaments\Engine Battle 20250904.pgn

No:  B/W 1/2     W:B       1:2           Time        Value Moves Dep 1:2       1-2-Draws
   5 W 1    2.0:1.0        3.0:2.0       5:56:42 PM  +299.99    24 4.000 :5.522  2-1-2

--------------------------------------------------------------

Engine-Match Thursday, September 4, 2025 5:56:43 PM
 Tournament Game in 30 Minutes 

Pairing 2/3 :    SlowMate_v3.0  -  C0BR4_v2.8

PGN-File: C:\Program Files (x86)\Arena\Tournaments\Engine Battle 20250904.pgn

No:  B/W 1/2     W:B       1:2           Time        Value Moves Dep 1:2       1-2-Draws
   5 = =    1.5:1.5        1.5:3.5       6:11:26 PM    +0.25    29 4.882 :4.000  0-2-3

--------------------------------------------------------------

Engine-Match Thursday, September 4, 2025 6:11:27 PM
 Tournament Game in 30 Minutes 

Pairing 3/3 :    V7P3R_v10.0  -  SlowMate_v3.0

PGN-File: C:\Program Files (x86)\Arena\Tournaments\Engine Battle 20250904.pgn

No:  B/W 1/2     W:B       1:2           Time        Value Moves Dep 1:2       1-2-Draws
   5 = =    2.0:2.0        3.0:2.0       6:37:16 PM    -3.23    51 5.588 :5.235  1-0-4

--------------------------------------------------------------

Engine-Match Thursday, September 4, 2025 6:37:17 PM
 Tournament Game in 30 Minutes 

Pairing 1/3 :    C0BR4_v2.8  -  V7P3R_v10.0

PGN-File: C:\Program Files (x86)\Arena\Tournaments\Engine Battle 20250904.pgn

No:  B/W 1/2     W:B       1:2           Time        Value Moves Dep 1:2       1-2-Draws
   6 = =    1.5:1.5        3.5:2.5       6:40:46 PM    +0.27    22 4.000 :5.500  2-1-3

--------------------------------------------------------------

Engine-Match Thursday, September 4, 2025 6:40:47 PM
 Tournament Game in 30 Minutes 

Pairing 2/3 :    SlowMate_v3.0  -  C0BR4_v2.8

PGN-File: C:\Program Files (x86)\Arena\Tournaments\Engine Battle 20250904.pgn

No:  B/W 1/2     W:B       1:2           Time        Value Moves Dep 1:2       1-2-Draws
   6 B 1    2.5:1.5        2.5:3.5       6:57:35 PM   -78.02    35 4.657 :4.000  1-2-3

--------------------------------------------------------------

Engine-Match Thursday, September 4, 2025 6:57:36 PM
 Tournament Game in 30 Minutes 

Pairing 3/3 :    V7P3R_v10.0  -  SlowMate_v3.0

PGN-File: C:\Program Files (x86)\Arena\Tournaments\Engine Battle 20250904.pgn

No:  B/W 1/2     W:B       1:2           Time        Value Moves Dep 1:2       1-2-Draws
   6 B 1    3.0:2.0        4.0:2.0       7:19:01 PM  -289.99    32 5.516 :4.875  2-0-4

--------------------------------------------------------------

Engine-Match Thursday, September 4, 2025 7:19:02 PM
 Tournament Game in 30 Minutes 

Pairing 1/3 :    C0BR4_v2.8  -  V7P3R_v10.0

PGN-File: C:\Program Files (x86)\Arena\Tournaments\Engine Battle 20250904.pgn

No:  B/W 1/2     W:B       1:2           Time        Value Moves Dep 1:2       1-2-Draws
   7 W 1    2.5:1.5        4.5:2.5       7:22:31 PM  +299.99    24 4.000 :5.522  3-1-3

--------------------------------------------------------------

Engine-Match Thursday, September 4, 2025 7:22:32 PM
 Tournament Game in 30 Minutes 

Pairing 2/3 :    SlowMate_v3.0  -  C0BR4_v2.8

PGN-File: C:\Program Files (x86)\Arena\Tournaments\Engine Battle 20250904.pgn

No:  B/W 1/2     W:B       1:2           Time        Value Moves Dep 1:2       1-2-Draws
   7 B 2    2.5:1.5        2.5:4.5       7:46:23 PM  -299.99    62 4.939 :4.000  1-3-3

--------------------------------------------------------------

Engine-Match Thursday, September 4, 2025 7:46:30 PM
 Tournament Game in 30 Minutes 

Pairing 3/3 :    V7P3R_v10.0  -  SlowMate_v3.0

PGN-File: C:\Program Files (x86)\Arena\Tournaments\Engine Battle 20250904.pgn

No:  B/W 1/2     W:B       1:2           Time        Value Moves Dep 1:2       1-2-Draws
   7 = =    2.5:2.5        4.5:2.5       8:07:35 PM    -2.61    38 5.684 :5.211  2-0-5

--------------------------------------------------------------

Engine-Match Thursday, September 4, 2025 8:07:36 PM
 Tournament Game in 30 Minutes 

Pairing 1/3 :    C0BR4_v2.8  -  V7P3R_v10.0

PGN-File: C:\Program Files (x86)\Arena\Tournaments\Engine Battle 20250904.pgn

No:  B/W 1/2     W:B       1:2           Time        Value Moves Dep 1:2       1-2-Draws
   8 = =    2.0:2.0        5.0:3.0       8:12:46 PM    +0.10    48 4.000 :5.611  3-1-4

--------------------------------------------------------------

Engine-Match Thursday, September 4, 2025 8:12:47 PM
 Tournament Game in 30 Minutes 

Pairing 2/3 :    SlowMate_v3.0  -  C0BR4_v2.8

PGN-File: C:\Program Files (x86)\Arena\Tournaments\Engine Battle 20250904.pgn

No:  B/W 1/2     W:B       1:2           Time        Value Moves Dep 1:2       1-2-Draws
   8 B 1    2.5:1.5        3.5:4.5       8:29:26 PM   -78.02    35 4.686 :4.000  2-3-3

--------------------------------------------------------------

Engine-Match Thursday, September 4, 2025 8:29:27 PM
 Tournament Game in 30 Minutes 

Pairing 3/3 :    V7P3R_v10.0  -  SlowMate_v3.0

PGN-File: C:\Program Files (x86)\Arena\Tournaments\Engine Battle 20250904.pgn

No:  B/W 1/2     W:B       1:2           Time        Value Moves Dep 1:2       1-2-Draws
   8 = =    3.0:3.0        5.0:3.0       8:52:27 PM    +4.56    35 5.533 :4.933  2-0-6

--------------------------------------------------------------

Engine-Match Thursday, September 4, 2025 8:52:28 PM
 Tournament Game in 30 Minutes 

Pairing 1/3 :    C0BR4_v2.8  -  V7P3R_v10.0

PGN-File: C:\Program Files (x86)\Arena\Tournaments\Engine Battle 20250904.pgn

No:  B/W 1/2     W:B       1:2           Time        Value Moves Dep 1:2       1-2-Draws
   9 W 1    3.0:2.0        6.0:3.0       8:59:31 PM   +11.00    40 4.000 :5.447  4-1-4

--------------------------------------------------------------

Engine-Match Thursday, September 4, 2025 8:59:33 PM
 Tournament Game in 30 Minutes 

Pairing 2/3 :    SlowMate_v3.0  -  C0BR4_v2.8

PGN-File: C:\Program Files (x86)\Arena\Tournaments\Engine Battle 20250904.pgn

No:  B/W 1/2     W:B       1:2           Time        Value Moves Dep 1:2       1-2-Draws
   9 B 2    2.5:1.5        3.5:5.5       9:22:29 PM  -299.99    62 4.939 :4.000  2-4-3

--------------------------------------------------------------

Engine-Match Thursday, September 4, 2025 9:22:30 PM
 Tournament Game in 30 Minutes 

Pairing 3/3 :    V7P3R_v10.0  -  SlowMate_v3.0

PGN-File: C:\Program Files (x86)\Arena\Tournaments\Engine Battle 20250904.pgn

No:  B/W 1/2     W:B       1:2           Time        Value Moves Dep 1:2       1-2-Draws
   9 = =    3.5:3.5        5.5:3.5       9:47:07 PM    -2.21    47 5.529 :5.176  2-0-7
