Engine-Match Wednesday, September 24, 2025 12:19:09 PM
 Blitz 2/1 

Pairing 1/15 :    C0BR4_v2.9  -  V7P3R_v12.1

PGN-File: C:\Program Files (x86)\Arena\Tournaments\Engine Battle 20250924.pgn

No:  B/W 1/2     W:B       1:2           Time        Value Moves Dep 1:2       1-2-Draws
   1 = =    0.5:0.5        0.5:0.5       12:22:12 PM    +8.70    46 4.000 :3.125  0-0-1

--------------------------------------------------------------

Engine-Match Wednesday, September 24, 2025 12:22:14 PM
 Blitz 2/1 

Pairing 2/15 :    V7P3R_v10.8  -  Random_Opponent

PGN-File: C:\Program Files (x86)\Arena\Tournaments\Engine Battle 20250924.pgn

No:  B/W 1/2     W:B       1:2           Time        Value Moves Dep 1:2       1-2-Draws
   1 W 1    1.0:0.0        1.0:0.0       12:23:16 PM  +289.97    15 3.467 :0 1-0-0

--------------------------------------------------------------

Engine-Match Wednesday, September 24, 2025 12:23:17 PM
 Blitz 2/1 

Pairing 3/15 :    SlowMate_v3.1  -  Stockfish 1%

PGN-File: C:\Program Files (x86)\Arena\Tournaments\Engine Battle 20250924.pgn

No:  B/W 1/2     W:B       1:2           Time        Value Moves Dep 1:2       1-2-Draws
   1 B 2    1.0:0.0        0.0:1.0       12:24:14 PM      -M1    15 2.867 :10.667  0-1-0

--------------------------------------------------------------

Engine-Match Wednesday, September 24, 2025 12:24:16 PM
 Blitz 2/1 

Pairing 4/15 :    V7P3R_v10.8  -  C0BR4_v2.9

PGN-File: C:\Program Files (x86)\Arena\Tournaments\Engine Battle 20250924.pgn

No:  B/W 1/2     W:B       1:2           Time        Value Moves Dep 1:2       1-2-Draws
   1 B 2    1.0:0.0        0.0:1.0       12:26:31 PM   -19.95    35 3.281 :4.000  0-1-0

--------------------------------------------------------------

Engine-Match Wednesday, September 24, 2025 12:26:32 PM
 Blitz 2/1 

Pairing 5/15 :    Stockfish 1%  -  V7P3R_v12.1

PGN-File: C:\Program Files (x86)\Arena\Tournaments\Engine Battle 20250924.pgn

No:  B/W 1/2     W:B       1:2           Time        Value Moves Dep 1:2       1-2-Draws
   1 W 1    1.0:0.0        1.0:0.0       12:29:30 PM     0.00    38 10.600 :2.784  1-0-0

--------------------------------------------------------------

Engine-Match Wednesday, September 24, 2025 12:29:31 PM
 Blitz 2/1 

Pairing 6/15 :    Random_Opponent  -  SlowMate_v3.1

PGN-File: C:\Program Files (x86)\Arena\Tournaments\Engine Battle 20250924.pgn

No:  B/W 1/2     W:B       1:2           Time        Value Moves Dep 1:2       1-2-Draws
   1 B 2    1.0:0.0        0.0:1.0       12:30:24 PM  -129.70    14 0:3.357  0-1-0

--------------------------------------------------------------

Engine-Match Wednesday, September 24, 2025 12:30:25 PM
 Blitz 2/1 

Pairing 7/15 :    C0BR4_v2.9  -  Stockfish 1%

PGN-File: C:\Program Files (x86)\Arena\Tournaments\Engine Battle 20250924.pgn

No:  B/W 1/2     W:B       1:2           Time        Value Moves Dep 1:2       1-2-Draws
   1 B 2    1.0:0.0        0.0:1.0       12:31:45 PM      -M1    61 4.000 :11.250  0-1-0

--------------------------------------------------------------

Engine-Match Wednesday, September 24, 2025 12:31:47 PM
 Blitz 2/1 

Pairing 8/15 :    SlowMate_v3.1  -  V7P3R_v10.8

PGN-File: C:\Program Files (x86)\Arena\Tournaments\Engine Battle 20250924.pgn

No:  B/W 1/2     W:B       1:2           Time        Value Moves Dep 1:2       1-2-Draws
   1 = =    0.5:0.5        0.5:0.5       12:36:33 PM    -5.02    56 2.714 :2.800  0-0-1

--------------------------------------------------------------

Engine-Match Wednesday, September 24, 2025 12:36:35 PM
 Blitz 2/1 

Pairing 9/15 :    V7P3R_v12.1  -  Random_Opponent

PGN-File: C:\Program Files (x86)\Arena\Tournaments\Engine Battle 20250924.pgn

No:  B/W 1/2     W:B       1:2           Time        Value Moves Dep 1:2       1-2-Draws
   1 W 1    1.0:0.0        1.0:0.0       12:37:59 PM  +289.96    29 3.069 :0 1-0-0

--------------------------------------------------------------

Engine-Match Wednesday, September 24, 2025 12:38:00 PM
 Blitz 2/1 

Pairing 10/15 :    SlowMate_v3.1  -  C0BR4_v2.9

PGN-File: C:\Program Files (x86)\Arena\Tournaments\Engine Battle 20250924.pgn

No:  B/W 1/2     W:B       1:2           Time        Value Moves Dep 1:2       1-2-Draws
   1 B 2    1.0:0.0        0.0:1.0       12:40:02 PM   -15.96    32 3.000 :4.000  0-1-0

--------------------------------------------------------------

Engine-Match Wednesday, September 24, 2025 12:40:03 PM
 Blitz 2/1 

Pairing 11/15 :    Random_Opponent  -  Stockfish 1%

PGN-File: C:\Program Files (x86)\Arena\Tournaments\Engine Battle 20250924.pgn

No:  B/W 1/2     W:B       1:2           Time        Value Moves Dep 1:2       1-2-Draws
   1 B 2    1.0:0.0        0.0:1.0       12:40:14 PM      -M1    19 0:10.400  0-1-0

--------------------------------------------------------------

Engine-Match Wednesday, September 24, 2025 12:40:15 PM
 Blitz 2/1 

Pairing 12/15 :    V7P3R_v10.8  -  V7P3R_v12.1

PGN-File: C:\Program Files (x86)\Arena\Tournaments\Engine Battle 20250924.pgn

No:  B/W 1/2     W:B       1:2           Time        Value Moves Dep 1:2       1-2-Draws
   1 B 2    1.0:0.0        0.0:1.0       12:43:19 PM   -12.13    22 3.000 :2.810  0-1-0

--------------------------------------------------------------

Engine-Match Wednesday, September 24, 2025 12:43:20 PM
 Blitz 2/1 

Pairing 13/15 :    C0BR4_v2.9  -  Random_Opponent

PGN-File: C:\Program Files (x86)\Arena\Tournaments\Engine Battle 20250924.pgn

No:  B/W 1/2     W:B       1:2           Time        Value Moves Dep 1:2       1-2-Draws
   1 W 1    1.0:0.0        1.0:0.0       12:43:30 PM  +299.97    12 4.000 :0 1-0-0

--------------------------------------------------------------

Engine-Match Wednesday, September 24, 2025 12:43:31 PM
 Blitz 2/1 

Pairing 14/15 :    V7P3R_v12.1  -  SlowMate_v3.1

PGN-File: C:\Program Files (x86)\Arena\Tournaments\Engine Battle 20250924.pgn

No:  B/W 1/2     W:B       1:2           Time        Value Moves Dep 1:2       1-2-Draws
   1 W 1    1.0:0.0        1.0:0.0       12:46:46 PM  +289.96    29 2.929 :2.857  1-0-0

--------------------------------------------------------------

Engine-Match Wednesday, September 24, 2025 12:46:47 PM
 Blitz 2/1 

Pairing 15/15 :    Stockfish 1%  -  V7P3R_v10.8

PGN-File: C:\Program Files (x86)\Arena\Tournaments\Engine Battle 20250924.pgn

No:  B/W 1/2     W:B       1:2           Time        Value Moves Dep 1:2       1-2-Draws
   1 W 1    1.0:0.0        1.0:0.0       12:49:40 PM   +14.86    64 10.400 :3.114  1-0-0

--------------------------------------------------------------

Engine-Match Wednesday, September 24, 2025 12:49:42 PM
 Blitz 2/1 

Pairing 1/15 :    C0BR4_v2.9  -  V7P3R_v12.1

PGN-File: C:\Program Files (x86)\Arena\Tournaments\Engine Battle 20250924.pgn

No:  B/W 1/2     W:B       1:2           Time        Value Moves Dep 1:2       1-2-Draws
   2 B 1    1.5:0.5        1.5:0.5       12:52:59 PM  -299.97    52 4.000 :2.920  1-0-1

--------------------------------------------------------------

Engine-Match Wednesday, September 24, 2025 12:53:00 PM
 Blitz 2/1 

Pairing 2/15 :    V7P3R_v10.8  -  Random_Opponent

PGN-File: C:\Program Files (x86)\Arena\Tournaments\Engine Battle 20250924.pgn

No:  B/W 1/2     W:B       1:2           Time        Value Moves Dep 1:2       1-2-Draws
   2 B 1    1.0:0.0        2.0:0.0       12:54:04 PM  -289.96    17 3.313 :0 2-0-0

--------------------------------------------------------------

Engine-Match Wednesday, September 24, 2025 12:54:05 PM
 Blitz 2/1 

Pairing 3/15 :    SlowMate_v3.1  -  Stockfish 1%

PGN-File: C:\Program Files (x86)\Arena\Tournaments\Engine Battle 20250924.pgn

No:  B/W 1/2     W:B       1:2           Time        Value Moves Dep 1:2       1-2-Draws
   2 W 2    1.0:0.0        0.0:2.0       12:58:35 PM   +10.33   116 2.718 :11.500  0-2-0

--------------------------------------------------------------

Engine-Match Wednesday, September 24, 2025 12:58:36 PM
 Blitz 2/1 

Pairing 4/15 :    V7P3R_v10.8  -  C0BR4_v2.9

PGN-File: C:\Program Files (x86)\Arena\Tournaments\Engine Battle 20250924.pgn

No:  B/W 1/2     W:B       1:2           Time        Value Moves Dep 1:2       1-2-Draws
   2 B 1    1.0:0.0        1.0:1.0       1:01:36 PM  -289.98    50 3.233 :4.000  1-1-0

--------------------------------------------------------------

Engine-Match Wednesday, September 24, 2025 1:01:38 PM
 Blitz 2/1 

Pairing 5/15 :    Stockfish 1%  -  V7P3R_v12.1

PGN-File: C:\Program Files (x86)\Arena\Tournaments\Engine Battle 20250924.pgn

No:  B/W 1/2     W:B       1:2           Time        Value Moves Dep 1:2       1-2-Draws
   2 B 1    1.0:0.0        2.0:0.0       1:03:28 PM      -M1    32 12.250 :3.167  2-0-0

--------------------------------------------------------------

Engine-Match Wednesday, September 24, 2025 1:03:35 PM
 Blitz 2/1 

Pairing 6/15 :    Random_Opponent  -  SlowMate_v3.1

PGN-File: C:\Program Files (x86)\Arena\Tournaments\Engine Battle 20250924.pgn

No:  B/W 1/2     W:B       1:2           Time        Value Moves Dep 1:2       1-2-Draws
   2 W 2    1.0:0.0        0.0:2.0       1:04:36 PM  +179.76    17 0:3.000  0-2-0

--------------------------------------------------------------

Engine-Match Wednesday, September 24, 2025 1:04:37 PM
 Blitz 2/1 

Pairing 7/15 :    C0BR4_v2.9  -  Stockfish 1%

PGN-File: C:\Program Files (x86)\Arena\Tournaments\Engine Battle 20250924.pgn

No:  B/W 1/2     W:B       1:2           Time        Value Moves Dep 1:2       1-2-Draws
   2 = =    0.5:0.5        0.5:1.5       1:08:06 PM    -1.79   107 4.000 :10.400  0-1-1

--------------------------------------------------------------

Engine-Match Wednesday, September 24, 2025 1:08:08 PM
 Blitz 2/1 

Pairing 8/15 :    SlowMate_v3.1  -  V7P3R_v10.8

PGN-File: C:\Program Files (x86)\Arena\Tournaments\Engine Battle 20250924.pgn

No:  B/W 1/2     W:B       1:2           Time        Value Moves Dep 1:2       1-2-Draws
   2 = =    1.0:1.0        1.0:1.0       1:10:37 PM     0.00    21 3.100 :2.947  0-0-2

--------------------------------------------------------------

Engine-Match Wednesday, September 24, 2025 1:10:38 PM
 Blitz 2/1 

Pairing 9/15 :    V7P3R_v12.1  -  Random_Opponent

PGN-File: C:\Program Files (x86)\Arena\Tournaments\Engine Battle 20250924.pgn

No:  B/W 1/2     W:B       1:2           Time        Value Moves Dep 1:2       1-2-Draws
   2 B 1    1.0:0.0        2.0:0.0       1:12:04 PM  -289.96    24 2.875 :0 2-0-0

--------------------------------------------------------------

Engine-Match Wednesday, September 24, 2025 1:12:05 PM
 Blitz 2/1 

Pairing 10/15 :    SlowMate_v3.1  -  C0BR4_v2.9

PGN-File: C:\Program Files (x86)\Arena\Tournaments\Engine Battle 20250924.pgn

No:  B/W 1/2     W:B       1:2           Time        Value Moves Dep 1:2       1-2-Draws
   2 W 2    1.0:0.0        0.0:2.0       1:14:43 PM   +13.61    35 2.727 :4.000  0-2-0

--------------------------------------------------------------

Engine-Match Wednesday, September 24, 2025 1:14:44 PM
 Blitz 2/1 

Pairing 11/15 :    Random_Opponent  -  Stockfish 1%

PGN-File: C:\Program Files (x86)\Arena\Tournaments\Engine Battle 20250924.pgn

No:  B/W 1/2     W:B       1:2           Time        Value Moves Dep 1:2       1-2-Draws
   2 W 2    1.0:0.0        0.0:2.0       1:14:56 PM      +M1    20 0:10.400  0-2-0

--------------------------------------------------------------

Engine-Match Wednesday, September 24, 2025 1:14:57 PM
 Blitz 2/1 

Pairing 12/15 :    V7P3R_v10.8  -  V7P3R_v12.1

PGN-File: C:\Program Files (x86)\Arena\Tournaments\Engine Battle 20250924.pgn

No:  B/W 1/2     W:B       1:2           Time        Value Moves Dep 1:2       1-2-Draws
   2 = =    0.5:0.5        0.5:1.5       1:19:39 PM    +7.28    42 2.964 :3.000  0-1-1

--------------------------------------------------------------

Engine-Match Wednesday, September 24, 2025 1:19:40 PM
 Blitz 2/1 

Pairing 13/15 :    C0BR4_v2.9  -  Random_Opponent

PGN-File: C:\Program Files (x86)\Arena\Tournaments\Engine Battle 20250924.pgn

No:  B/W 1/2     W:B       1:2           Time        Value Moves Dep 1:2       1-2-Draws
   2 B 1    1.0:0.0        2.0:0.0       1:19:49 PM  -299.97    11 4.000 :0 2-0-0

--------------------------------------------------------------

Engine-Match Wednesday, September 24, 2025 1:19:51 PM
 Blitz 2/1 

Pairing 14/15 :    V7P3R_v12.1  -  SlowMate_v3.1

PGN-File: C:\Program Files (x86)\Arena\Tournaments\Engine Battle 20250924.pgn

No:  B/W 1/2     W:B       1:2           Time        Value Moves Dep 1:2       1-2-Draws
   2 B 1    1.0:0.0        2.0:0.0       1:24:25 PM   -14.70    50 2.889 :3.158  2-0-0

--------------------------------------------------------------

Engine-Match Wednesday, September 24, 2025 1:24:26 PM
 Blitz 2/1 

Pairing 15/15 :    Stockfish 1%  -  V7P3R_v10.8

PGN-File: C:\Program Files (x86)\Arena\Tournaments\Engine Battle 20250924.pgn

No:  B/W 1/2     W:B       1:2           Time        Value Moves Dep 1:2       1-2-Draws
   2 = =    0.5:0.5        1.5:0.5       1:25:52 PM     0.00    24 11.750 :3.318  1-0-1

--------------------------------------------------------------

Engine-Match Wednesday, September 24, 2025 1:25:53 PM
 Blitz 2/1 

Pairing 1/15 :    C0BR4_v2.9  -  V7P3R_v12.1

PGN-File: C:\Program Files (x86)\Arena\Tournaments\Engine Battle 20250924.pgn

No:  B/W 1/2     W:B       1:2           Time        Value Moves Dep 1:2       1-2-Draws
   3 W 1    1.5:0.5        2.5:0.5       1:28:54 PM   +24.44    38 4.000 :2.893  2-0-1

--------------------------------------------------------------

Engine-Match Wednesday, September 24, 2025 1:28:55 PM
 Blitz 2/1 

Pairing 2/15 :    V7P3R_v10.8  -  Random_Opponent

PGN-File: C:\Program Files (x86)\Arena\Tournaments\Engine Battle 20250924.pgn

No:  B/W 1/2     W:B       1:2           Time        Value Moves Dep 1:2       1-2-Draws
   3 W 1    1.0:0.0        3.0:0.0       1:29:40 PM  +289.96    10 3.300 :0 3-0-0

--------------------------------------------------------------

Engine-Match Wednesday, September 24, 2025 1:29:41 PM
 Blitz 2/1 

Pairing 3/15 :    SlowMate_v3.1  -  Stockfish 1%

PGN-File: C:\Program Files (x86)\Arena\Tournaments\Engine Battle 20250924.pgn

No:  B/W 1/2     W:B       1:2           Time        Value Moves Dep 1:2       1-2-Draws
   3 B 2    1.0:0.0        0.0:3.0       1:32:31 PM   -16.54    60 2.706 :11.000  0-3-0

--------------------------------------------------------------

Engine-Match Wednesday, September 24, 2025 1:32:32 PM
 Blitz 2/1 

Pairing 4/15 :    V7P3R_v10.8  -  C0BR4_v2.9

PGN-File: C:\Program Files (x86)\Arena\Tournaments\Engine Battle 20250924.pgn

No:  B/W 1/2     W:B       1:2           Time        Value Moves Dep 1:2       1-2-Draws
   3 = =    0.5:0.5        1.5:1.5       1:34:09 PM    +1.12    12 3.182 :4.000  1-1-1

--------------------------------------------------------------

Engine-Match Wednesday, September 24, 2025 1:34:10 PM
 Blitz 2/1 

Pairing 5/15 :    Stockfish 1%  -  V7P3R_v12.1

PGN-File: C:\Program Files (x86)\Arena\Tournaments\Engine Battle 20250924.pgn

No:  B/W 1/2     W:B       1:2           Time        Value Moves Dep 1:2       1-2-Draws
   3 W 1    1.0:0.0        3.0:0.0       1:36:26 PM  +289.96    35 10.200 :2.857  3-0-0

--------------------------------------------------------------

Engine-Match Wednesday, September 24, 2025 1:36:27 PM
 Blitz 2/1 

Pairing 6/15 :    Random_Opponent  -  SlowMate_v3.1

PGN-File: C:\Program Files (x86)\Arena\Tournaments\Engine Battle 20250924.pgn

No:  B/W 1/2     W:B       1:2           Time        Value Moves Dep 1:2       1-2-Draws
   3 = =    0.5:0.5        0.5:2.5       1:38:30 PM  -200.00    40 0:3.100  0-2-1

--------------------------------------------------------------

Engine-Match Wednesday, September 24, 2025 1:38:31 PM
 Blitz 2/1 

Pairing 7/15 :    C0BR4_v2.9  -  Stockfish 1%

PGN-File: C:\Program Files (x86)\Arena\Tournaments\Engine Battle 20250924.pgn

No:  B/W 1/2     W:B       1:2           Time        Value Moves Dep 1:2       1-2-Draws
   3 B 2    1.5:0.5        0.5:2.5       1:43:43 PM     0.00   134 4.000 :12.000  0-2-1

--------------------------------------------------------------

Engine-Match Wednesday, September 24, 2025 1:43:44 PM
 Blitz 2/1 

Pairing 8/15 :    SlowMate_v3.1  -  V7P3R_v10.8

PGN-File: C:\Program Files (x86)\Arena\Tournaments\Engine Battle 20250924.pgn

No:  B/W 1/2     W:B       1:2           Time        Value Moves Dep 1:2       1-2-Draws
   3 = =    1.5:1.5        1.5:1.5       1:49:11 PM    +0.38    62 2.667 :2.800  0-0-3

--------------------------------------------------------------

Engine-Match Wednesday, September 24, 2025 1:49:12 PM
 Blitz 2/1 

Pairing 9/15 :    V7P3R_v12.1  -  Random_Opponent

PGN-File: C:\Program Files (x86)\Arena\Tournaments\Engine Battle 20250924.pgn

No:  B/W 1/2     W:B       1:2           Time        Value Moves Dep 1:2       1-2-Draws
   3 W 1    1.0:0.0        3.0:0.0       1:50:01 PM  +289.96    14 2.714 :0 3-0-0

--------------------------------------------------------------

Engine-Match Wednesday, September 24, 2025 1:50:02 PM
 Blitz 2/1 

Pairing 10/15 :    SlowMate_v3.1  -  C0BR4_v2.9

PGN-File: C:\Program Files (x86)\Arena\Tournaments\Engine Battle 20250924.pgn

No:  B/W 1/2     W:B       1:2           Time        Value Moves Dep 1:2       1-2-Draws
   3 = =    0.5:0.5        0.5:2.5       1:53:58 PM    +3.17    64 3.217 :4.000  0-2-1

--------------------------------------------------------------

Engine-Match Wednesday, September 24, 2025 1:54:05 PM
 Blitz 2/1 

Pairing 11/15 :    Random_Opponent  -  Stockfish 1%

PGN-File: C:\Program Files (x86)\Arena\Tournaments\Engine Battle 20250924.pgn

No:  B/W 1/2     W:B       1:2           Time        Value Moves Dep 1:2       1-2-Draws
   3 B 2    1.0:0.0        0.0:3.0       1:54:15 PM      -M1    19 0:12.143  0-3-0

--------------------------------------------------------------

Engine-Match Wednesday, September 24, 2025 1:54:16 PM
 Blitz 2/1 

Pairing 12/15 :    V7P3R_v10.8  -  V7P3R_v12.1

PGN-File: C:\Program Files (x86)\Arena\Tournaments\Engine Battle 20250924.pgn

No:  B/W 1/2     W:B       1:2           Time        Value Moves Dep 1:2       1-2-Draws
   3 W 1    1.5:0.5        1.5:1.5       1:59:09 PM     0.00    43 3.000 :2.825  1-1-1

--------------------------------------------------------------

Engine-Match Wednesday, September 24, 2025 1:59:10 PM
 Blitz 2/1 

Pairing 13/15 :    C0BR4_v2.9  -  Random_Opponent

PGN-File: C:\Program Files (x86)\Arena\Tournaments\Engine Battle 20250924.pgn

No:  B/W 1/2     W:B       1:2           Time        Value Moves Dep 1:2       1-2-Draws
   3 W 1    1.0:0.0        3.0:0.0       1:59:18 PM  +299.97    11 4.000 :0 3-0-0

--------------------------------------------------------------

Engine-Match Wednesday, September 24, 2025 1:59:20 PM
 Blitz 2/1 

Pairing 14/15 :    V7P3R_v12.1  -  SlowMate_v3.1

PGN-File: C:\Program Files (x86)\Arena\Tournaments\Engine Battle 20250924.pgn

No:  B/W 1/2     W:B       1:2           Time        Value Moves Dep 1:2       1-2-Draws
   3 W 1    1.0:0.0        3.0:0.0       2:01:34 PM  +289.96    20 2.650 :2.684  3-0-0

--------------------------------------------------------------

Engine-Match Wednesday, September 24, 2025 2:01:36 PM
 Blitz 2/1 

Pairing 15/15 :    Stockfish 1%  -  V7P3R_v10.8

PGN-File: C:\Program Files (x86)\Arena\Tournaments\Engine Battle 20250924.pgn

No:  B/W 1/2     W:B       1:2           Time        Value Moves Dep 1:2       1-2-Draws
   3 W 1    1.5:0.5        2.5:0.5       2:03:21 PM   +11.04    33 11.375 :3.000  2-0-1

--------------------------------------------------------------

Engine-Match Wednesday, September 24, 2025 2:03:22 PM
 Blitz 2/1 

Pairing 1/15 :    C0BR4_v2.9  -  V7P3R_v12.1

PGN-File: C:\Program Files (x86)\Arena\Tournaments\Engine Battle 20250924.pgn

No:  B/W 1/2     W:B       1:2           Time        Value Moves Dep 1:2       1-2-Draws
   4 B 1    1.5:0.5        3.5:0.5       2:06:22 PM  -299.97    39 4.000 :3.043  3-0-1

--------------------------------------------------------------

Engine-Match Wednesday, September 24, 2025 2:06:23 PM
 Blitz 2/1 

Pairing 2/15 :    V7P3R_v10.8  -  Random_Opponent

PGN-File: C:\Program Files (x86)\Arena\Tournaments\Engine Battle 20250924.pgn

No:  B/W 1/2     W:B       1:2           Time        Value Moves Dep 1:2       1-2-Draws
   4 B 1    1.0:0.0        4.0:0.0       2:07:20 PM  -289.96    13 3.455 :0 4-0-0

--------------------------------------------------------------

Engine-Match Wednesday, September 24, 2025 2:07:21 PM
 Blitz 2/1 

Pairing 3/15 :    SlowMate_v3.1  -  Stockfish 1%

PGN-File: C:\Program Files (x86)\Arena\Tournaments\Engine Battle 20250924.pgn

No:  B/W 1/2     W:B       1:2           Time        Value Moves Dep 1:2       1-2-Draws
   4 W 2    1.0:0.0        0.0:4.0       2:09:52 PM      +M1    52 2.824 :11.125  0-4-0

--------------------------------------------------------------

Engine-Match Wednesday, September 24, 2025 2:09:53 PM
 Blitz 2/1 

Pairing 4/15 :    V7P3R_v10.8  -  C0BR4_v2.9

PGN-File: C:\Program Files (x86)\Arena\Tournaments\Engine Battle 20250924.pgn

No:  B/W 1/2     W:B       1:2           Time        Value Moves Dep 1:2       1-2-Draws
   4 = =    1.0:1.0        2.0:2.0       2:12:13 PM    +8.72    23 3.227 :4.000  1-1-2

--------------------------------------------------------------

Engine-Match Wednesday, September 24, 2025 2:12:14 PM
 Blitz 2/1 

Pairing 5/15 :    Stockfish 1%  -  V7P3R_v12.1

PGN-File: C:\Program Files (x86)\Arena\Tournaments\Engine Battle 20250924.pgn

No:  B/W 1/2     W:B       1:2           Time        Value Moves Dep 1:2       1-2-Draws
   4 B 1    1.0:0.0        4.0:0.0       2:14:27 PM      -M1    37 12.000 :3.027  4-0-0

--------------------------------------------------------------

Engine-Match Wednesday, September 24, 2025 2:14:28 PM
 Blitz 2/1 

Pairing 6/15 :    Random_Opponent  -  SlowMate_v3.1

PGN-File: C:\Program Files (x86)\Arena\Tournaments\Engine Battle 20250924.pgn

No:  B/W 1/2     W:B       1:2           Time        Value Moves Dep 1:2       1-2-Draws
   4 = =    1.0:1.0        1.0:3.0       2:16:33 PM  +188.70    41 0:2.927  0-2-2

--------------------------------------------------------------

Engine-Match Wednesday, September 24, 2025 2:16:34 PM
 Blitz 2/1 

Pairing 7/15 :    C0BR4_v2.9  -  Stockfish 1%

PGN-File: C:\Program Files (x86)\Arena\Tournaments\Engine Battle 20250924.pgn

No:  B/W 1/2     W:B       1:2           Time        Value Moves Dep 1:2       1-2-Draws
   4 W 2    1.5:0.5        0.5:3.5       2:16:54 PM      +M1    29 3.963 :11.250  0-3-1

--------------------------------------------------------------

Engine-Match Wednesday, September 24, 2025 2:16:55 PM
 Blitz 2/1 

Pairing 8/15 :    SlowMate_v3.1  -  V7P3R_v10.8

PGN-File: C:\Program Files (x86)\Arena\Tournaments\Engine Battle 20250924.pgn

No:  B/W 1/2     W:B       1:2           Time        Value Moves Dep 1:2       1-2-Draws
   4 = =    2.0:2.0        2.0:2.0       2:19:26 PM     0.00    21 3.100 :2.947  0-0-4

--------------------------------------------------------------

Engine-Match Wednesday, September 24, 2025 2:19:27 PM
 Blitz 2/1 

Pairing 9/15 :    V7P3R_v12.1  -  Random_Opponent

PGN-File: C:\Program Files (x86)\Arena\Tournaments\Engine Battle 20250924.pgn

No:  B/W 1/2     W:B       1:2           Time        Value Moves Dep 1:2       1-2-Draws
   4 B 1    1.0:0.0        4.0:0.0       2:20:03 PM  -289.96    14 2.846 :0 4-0-0

--------------------------------------------------------------

Engine-Match Wednesday, September 24, 2025 2:20:04 PM
 Blitz 2/1 

Pairing 10/15 :    SlowMate_v3.1  -  C0BR4_v2.9

PGN-File: C:\Program Files (x86)\Arena\Tournaments\Engine Battle 20250924.pgn

No:  B/W 1/2     W:B       1:2           Time        Value Moves Dep 1:2       1-2-Draws
   4 W 2    1.5:0.5        0.5:3.5       2:21:47 PM  +299.97    27 2.962 :4.000  0-3-1

--------------------------------------------------------------

Engine-Match Wednesday, September 24, 2025 2:21:49 PM
 Blitz 2/1 

Pairing 11/15 :    Random_Opponent  -  Stockfish 1%

PGN-File: C:\Program Files (x86)\Arena\Tournaments\Engine Battle 20250924.pgn

No:  B/W 1/2     W:B       1:2           Time        Value Moves Dep 1:2       1-2-Draws
   4 W 2    1.0:0.0        0.0:4.0       2:21:55 PM      +M1     9 0:12.833  0-4-0

--------------------------------------------------------------

Engine-Match Wednesday, September 24, 2025 2:21:57 PM
 Blitz 2/1 

Pairing 12/15 :    V7P3R_v10.8  -  V7P3R_v12.1

PGN-File: C:\Program Files (x86)\Arena\Tournaments\Engine Battle 20250924.pgn

No:  B/W 1/2     W:B       1:2           Time        Value Moves Dep 1:2       1-2-Draws
   4 W 2    1.5:0.5        1.5:2.5       2:26:58 PM   +11.53    42 3.025 :2.951  1-2-1

--------------------------------------------------------------

Engine-Match Wednesday, September 24, 2025 2:26:59 PM
 Blitz 2/1 

Pairing 13/15 :    C0BR4_v2.9  -  Random_Opponent

PGN-File: C:\Program Files (x86)\Arena\Tournaments\Engine Battle 20250924.pgn

No:  B/W 1/2     W:B       1:2           Time        Value Moves Dep 1:2       1-2-Draws
   4 B 1    1.0:0.0        4.0:0.0       2:27:09 PM  -299.97    13 3.818 :0 4-0-0

--------------------------------------------------------------

Engine-Match Wednesday, September 24, 2025 2:27:10 PM
 Blitz 2/1 

Pairing 14/15 :    V7P3R_v12.1  -  SlowMate_v3.1

PGN-File: C:\Program Files (x86)\Arena\Tournaments\Engine Battle 20250924.pgn

No:  B/W 1/2     W:B       1:2           Time        Value Moves Dep 1:2       1-2-Draws
   4 W 2    1.0:0.0        3.0:1.0       2:32:15 PM     0.00    46 2.533 :2.702  3-1-0

--------------------------------------------------------------

Engine-Match Wednesday, September 24, 2025 2:32:16 PM
 Blitz 2/1 

Pairing 15/15 :    Stockfish 1%  -  V7P3R_v10.8

PGN-File: C:\Program Files (x86)\Arena\Tournaments\Engine Battle 20250924.pgn

No:  B/W 1/2     W:B       1:2           Time        Value Moves Dep 1:2       1-2-Draws
   4 W 2    1.5:0.5        2.5:1.5       2:34:13 PM  +289.96    35 11.600 :3.161  2-1-1

--------------------------------------------------------------

Engine-Match Wednesday, September 24, 2025 2:34:20 PM
 Blitz 2/1 

Pairing 1/15 :    C0BR4_v2.9  -  V7P3R_v12.1

PGN-File: C:\Program Files (x86)\Arena\Tournaments\Engine Battle 20250924.pgn

No:  B/W 1/2     W:B       1:2           Time        Value Moves Dep 1:2       1-2-Draws
   5 = =    1.0:1.0        4.0:1.0       2:37:27 PM    -1.55    54 4.000 :2.941  3-0-2

--------------------------------------------------------------

Engine-Match Wednesday, September 24, 2025 2:37:28 PM
 Blitz 2/1 

Pairing 2/15 :    V7P3R_v10.8  -  Random_Opponent

PGN-File: C:\Program Files (x86)\Arena\Tournaments\Engine Battle 20250924.pgn

No:  B/W 1/2     W:B       1:2           Time        Value Moves Dep 1:2       1-2-Draws
   5 W 1    1.0:0.0        5.0:0.0       2:39:01 PM  +289.96    27 3.074 :0 5-0-0

--------------------------------------------------------------

Engine-Match Wednesday, September 24, 2025 2:39:02 PM
 Blitz 2/1 

Pairing 3/15 :    SlowMate_v3.1  -  Stockfish 1%

PGN-File: C:\Program Files (x86)\Arena\Tournaments\Engine Battle 20250924.pgn

No:  B/W 1/2     W:B       1:2           Time        Value Moves Dep 1:2       1-2-Draws
   5 W 1    1.0:0.0        1.0:4.0       2:40:40 PM  +196.42    29 3.292 :9.889  1-4-0

--------------------------------------------------------------

Engine-Match Wednesday, September 24, 2025 2:40:41 PM
 Blitz 2/1 

Pairing 4/15 :    V7P3R_v10.8  -  C0BR4_v2.9

PGN-File: C:\Program Files (x86)\Arena\Tournaments\Engine Battle 20250924.pgn

No:  B/W 1/2     W:B       1:2           Time        Value Moves Dep 1:2       1-2-Draws
   5 B 2    2.0:1.0        2.0:3.0       2:43:05 PM   -32.79    34 3.034 :4.000  1-2-2

--------------------------------------------------------------

Engine-Match Wednesday, September 24, 2025 2:43:07 PM
 Blitz 2/1 

Pairing 5/15 :    Stockfish 1%  -  V7P3R_v12.1

PGN-File: C:\Program Files (x86)\Arena\Tournaments\Engine Battle 20250924.pgn

No:  B/W 1/2     W:B       1:2           Time        Value Moves Dep 1:2       1-2-Draws
   5 W 1    1.0:0.0        5.0:0.0       2:44:50 PM      +M1    30 9.667 :3.143  5-0-0

--------------------------------------------------------------

Engine-Match Wednesday, September 24, 2025 2:44:52 PM
 Blitz 2/1 

Pairing 6/15 :    Random_Opponent  -  SlowMate_v3.1

PGN-File: C:\Program Files (x86)\Arena\Tournaments\Engine Battle 20250924.pgn

No:  B/W 1/2     W:B       1:2           Time        Value Moves Dep 1:2       1-2-Draws
   5 B 2    2.0:1.0        1.0:4.0       2:45:50 PM  -162.45    16 0:2.750  0-3-2

--------------------------------------------------------------

Engine-Match Wednesday, September 24, 2025 2:45:51 PM
 Blitz 2/1 

Pairing 7/15 :    C0BR4_v2.9  -  Stockfish 1%

PGN-File: C:\Program Files (x86)\Arena\Tournaments\Engine Battle 20250924.pgn

No:  B/W 1/2     W:B       1:2           Time        Value Moves Dep 1:2       1-2-Draws
   5 = =    1.0:1.0        1.0:4.0       2:46:08 PM    +7.75    20 4.000 :10.429  0-3-2

--------------------------------------------------------------

Engine-Match Wednesday, September 24, 2025 2:46:09 PM
 Blitz 2/1 

Pairing 8/15 :    SlowMate_v3.1  -  V7P3R_v10.8

PGN-File: C:\Program Files (x86)\Arena\Tournaments\Engine Battle 20250924.pgn

No:  B/W 1/2     W:B       1:2           Time        Value Moves Dep 1:2       1-2-Draws
   5 B 2    3.0:2.0        2.0:3.0       2:50:35 PM  -289.96    51 2.926 :2.893  0-1-4

--------------------------------------------------------------

Engine-Match Wednesday, September 24, 2025 2:50:36 PM
 Blitz 2/1 

Pairing 9/15 :    V7P3R_v12.1  -  Random_Opponent

PGN-File: C:\Program Files (x86)\Arena\Tournaments\Engine Battle 20250924.pgn

No:  B/W 1/2     W:B       1:2           Time        Value Moves Dep 1:2       1-2-Draws
   5 W 1    1.0:0.0        5.0:0.0       2:51:57 PM  +289.96    19 2.833 :0 5-0-0

--------------------------------------------------------------

Engine-Match Wednesday, September 24, 2025 2:51:58 PM
 Blitz 2/1 

Pairing 10/15 :    SlowMate_v3.1  -  C0BR4_v2.9

PGN-File: C:\Program Files (x86)\Arena\Tournaments\Engine Battle 20250924.pgn

No:  B/W 1/2     W:B       1:2           Time        Value Moves Dep 1:2       1-2-Draws
   5 B 2    1.5:0.5        0.5:4.5       2:54:57 PM   -11.08    52 2.896 :4.000  0-4-1

--------------------------------------------------------------

Engine-Match Wednesday, September 24, 2025 2:54:58 PM
 Blitz 2/1 

Pairing 11/15 :    Random_Opponent  -  Stockfish 1%

PGN-File: C:\Program Files (x86)\Arena\Tournaments\Engine Battle 20250924.pgn

No:  B/W 1/2     W:B       1:2           Time        Value Moves Dep 1:2       1-2-Draws
   5 B 2    1.0:0.0        0.0:5.0       2:55:21 PM      -M1    53 0:12.000  0-5-0

--------------------------------------------------------------

Engine-Match Wednesday, September 24, 2025 2:55:22 PM
 Blitz 2/1 

Pairing 12/15 :    V7P3R_v10.8  -  V7P3R_v12.1

PGN-File: C:\Program Files (x86)\Arena\Tournaments\Engine Battle 20250924.pgn

No:  B/W 1/2     W:B       1:2           Time        Value Moves Dep 1:2       1-2-Draws
   5 W 1    1.5:0.5        2.5:2.5       2:58:36 PM   +12.17    25 3.087 :2.870  2-2-1

--------------------------------------------------------------

Engine-Match Wednesday, September 24, 2025 2:58:38 PM
 Blitz 2/1 

Pairing 13/15 :    C0BR4_v2.9  -  Random_Opponent

PGN-File: C:\Program Files (x86)\Arena\Tournaments\Engine Battle 20250924.pgn

No:  B/W 1/2     W:B       1:2           Time        Value Moves Dep 1:2       1-2-Draws
   5 W 1    1.0:0.0        5.0:0.0       2:58:47 PM  +299.97    14 3.846 :0 5-0-0

--------------------------------------------------------------

Engine-Match Wednesday, September 24, 2025 2:58:48 PM
 Blitz 2/1 

Pairing 14/15 :    V7P3R_v12.1  -  SlowMate_v3.1

PGN-File: C:\Program Files (x86)\Arena\Tournaments\Engine Battle 20250924.pgn

No:  B/W 1/2     W:B       1:2           Time        Value Moves Dep 1:2       1-2-Draws
   5 W 1    1.0:0.0        4.0:1.0       3:01:03 PM  +289.96    20 2.650 :2.684  4-1-0

--------------------------------------------------------------

Engine-Match Wednesday, September 24, 2025 3:01:04 PM
 Blitz 2/1 

Pairing 15/15 :    Stockfish 1%  -  V7P3R_v10.8

PGN-File: C:\Program Files (x86)\Arena\Tournaments\Engine Battle 20250924.pgn

No:  B/W 1/2     W:B       1:2           Time        Value Moves Dep 1:2       1-2-Draws
   5 B 2    1.5:0.5        2.5:2.5       3:02:58 PM  -289.97    31 13.444 :2.871  2-2-1

--------------------------------------------------------------

Engine-Match Wednesday, September 24, 2025 3:02:59 PM
 Blitz 2/1 

Pairing 1/15 :    C0BR4_v2.9  -  V7P3R_v12.1

PGN-File: C:\Program Files (x86)\Arena\Tournaments\Engine Battle 20250924.pgn

No:  B/W 1/2     W:B       1:2           Time        Value Moves Dep 1:2       1-2-Draws
   6 = =    1.5:1.5        4.5:1.5       3:05:52 PM    -4.74    53 4.000 :2.920  3-0-3

--------------------------------------------------------------

Engine-Match Wednesday, September 24, 2025 3:05:54 PM
 Blitz 2/1 

Pairing 2/15 :    V7P3R_v10.8  -  Random_Opponent

PGN-File: C:\Program Files (x86)\Arena\Tournaments\Engine Battle 20250924.pgn

No:  B/W 1/2     W:B       1:2           Time        Value Moves Dep 1:2       1-2-Draws
   6 B 1    1.0:0.0        6.0:0.0       3:06:18 PM  -289.98     5 4.000 :0 6-0-0

--------------------------------------------------------------

Engine-Match Wednesday, September 24, 2025 3:06:19 PM
 Blitz 2/1 

Pairing 3/15 :    SlowMate_v3.1  -  Stockfish 1%

PGN-File: C:\Program Files (x86)\Arena\Tournaments\Engine Battle 20250924.pgn

No:  B/W 1/2     W:B       1:2           Time        Value Moves Dep 1:2       1-2-Draws
   6 W 2    1.0:0.0        1.0:5.0       3:09:35 PM      +M1    75 3.182 :9.333  1-5-0

--------------------------------------------------------------

Engine-Match Wednesday, September 24, 2025 3:09:36 PM
 Blitz 2/1 

Pairing 4/15 :    V7P3R_v10.8  -  C0BR4_v2.9

PGN-File: C:\Program Files (x86)\Arena\Tournaments\Engine Battle 20250924.pgn

No:  B/W 1/2     W:B       1:2           Time        Value Moves Dep 1:2       1-2-Draws
   6 = =    1.5:1.5        2.5:3.5       3:11:47 PM    -0.52    36 3.045 :4.000  1-2-3

--------------------------------------------------------------

Engine-Match Wednesday, September 24, 2025 3:11:48 PM
 Blitz 2/1 

Pairing 5/15 :    Stockfish 1%  -  V7P3R_v12.1

PGN-File: C:\Program Files (x86)\Arena\Tournaments\Engine Battle 20250924.pgn

No:  B/W 1/2     W:B       1:2           Time        Value Moves Dep 1:2       1-2-Draws
   6 B 1    1.0:0.0        6.0:0.0       3:12:28 PM   -11.86    10 12.667 :2.900  6-0-0

--------------------------------------------------------------

Engine-Match Wednesday, September 24, 2025 3:12:35 PM
 Blitz 2/1 

Pairing 6/15 :    Random_Opponent  -  SlowMate_v3.1

PGN-File: C:\Program Files (x86)\Arena\Tournaments\Engine Battle 20250924.pgn

No:  B/W 1/2     W:B       1:2           Time        Value Moves Dep 1:2       1-2-Draws
   6 W 2    2.0:1.0        1.0:5.0       3:13:57 PM  +189.27    24 0:3.083  0-4-2

--------------------------------------------------------------

Engine-Match Wednesday, September 24, 2025 3:13:58 PM
 Blitz 2/1 

Pairing 7/15 :    C0BR4_v2.9  -  Stockfish 1%

PGN-File: C:\Program Files (x86)\Arena\Tournaments\Engine Battle 20250924.pgn

No:  B/W 1/2     W:B       1:2           Time        Value Moves Dep 1:2       1-2-Draws
   6 W 2    2.0:1.0        1.0:5.0       3:14:40 PM      +M1    58 4.000 :11.857  0-4-2

--------------------------------------------------------------

Engine-Match Wednesday, September 24, 2025 3:14:41 PM
 Blitz 2/1 

Pairing 8/15 :    SlowMate_v3.1  -  V7P3R_v10.8

PGN-File: C:\Program Files (x86)\Arena\Tournaments\Engine Battle 20250924.pgn

No:  B/W 1/2     W:B       1:2           Time        Value Moves Dep 1:2       1-2-Draws
   6 = =    2.5:2.5        2.5:3.5       3:17:13 PM     0.00    21 3.000 :2.947  0-1-5

--------------------------------------------------------------

Engine-Match Wednesday, September 24, 2025 3:17:14 PM
 Blitz 2/1 

Pairing 9/15 :    V7P3R_v12.1  -  Random_Opponent

PGN-File: C:\Program Files (x86)\Arena\Tournaments\Engine Battle 20250924.pgn

No:  B/W 1/2     W:B       1:2           Time        Value Moves Dep 1:2       1-2-Draws
   6 B 1    1.0:0.0        6.0:0.0       3:18:14 PM  -289.96    20 2.900 :0 6-0-0

--------------------------------------------------------------

Engine-Match Wednesday, September 24, 2025 3:18:15 PM
 Blitz 2/1 

Pairing 10/15 :    SlowMate_v3.1  -  C0BR4_v2.9

PGN-File: C:\Program Files (x86)\Arena\Tournaments\Engine Battle 20250924.pgn

No:  B/W 1/2     W:B       1:2           Time        Value Moves Dep 1:2       1-2-Draws
   6 W 2    1.5:0.5        0.5:5.5       3:19:25 PM  +299.97    17 3.000 :3.867  0-5-1

--------------------------------------------------------------

Engine-Match Wednesday, September 24, 2025 3:19:26 PM
 Blitz 2/1 

Pairing 11/15 :    Random_Opponent  -  Stockfish 1%

PGN-File: C:\Program Files (x86)\Arena\Tournaments\Engine Battle 20250924.pgn

No:  B/W 1/2     W:B       1:2           Time        Value Moves Dep 1:2       1-2-Draws
   6 W 2    1.0:0.0        0.0:6.0       3:19:38 PM      +M1    23 0:10.500  0-6-0

--------------------------------------------------------------

Engine-Match Wednesday, September 24, 2025 3:19:39 PM
 Blitz 2/1 

Pairing 12/15 :    V7P3R_v10.8  -  V7P3R_v12.1

PGN-File: C:\Program Files (x86)\Arena\Tournaments\Engine Battle 20250924.pgn

No:  B/W 1/2     W:B       1:2           Time        Value Moves Dep 1:2       1-2-Draws
   6 W 2    1.5:0.5        2.5:3.5       3:24:35 PM   +11.53    42 3.025 :2.951  2-3-1

--------------------------------------------------------------

Engine-Match Wednesday, September 24, 2025 3:24:36 PM
 Blitz 2/1 

Pairing 13/15 :    C0BR4_v2.9  -  Random_Opponent

PGN-File: C:\Program Files (x86)\Arena\Tournaments\Engine Battle 20250924.pgn

No:  B/W 1/2     W:B       1:2           Time        Value Moves Dep 1:2       1-2-Draws
   6 B 1    1.0:0.0        6.0:0.0       3:24:41 PM  -299.97     6 3.500 :0 6-0-0

--------------------------------------------------------------

Engine-Match Wednesday, September 24, 2025 3:24:42 PM
 Blitz 2/1 

Pairing 14/15 :    V7P3R_v12.1  -  SlowMate_v3.1

PGN-File: C:\Program Files (x86)\Arena\Tournaments\Engine Battle 20250924.pgn

No:  B/W 1/2     W:B       1:2           Time        Value Moves Dep 1:2       1-2-Draws
   6 B 1    1.0:0.0        5.0:1.0       3:30:16 PM   -10.98    65 2.889 :3.105  5-1-0

--------------------------------------------------------------

Engine-Match Wednesday, September 24, 2025 3:30:17 PM
 Blitz 2/1 

Pairing 15/15 :    Stockfish 1%  -  V7P3R_v10.8

PGN-File: C:\Program Files (x86)\Arena\Tournaments\Engine Battle 20250924.pgn

No:  B/W 1/2     W:B       1:2           Time        Value Moves Dep 1:2       1-2-Draws
   6 B 1    1.5:0.5        3.5:2.5       3:31:49 PM      -M1    22 11.375 :3.368  3-2-1

--------------------------------------------------------------

Engine-Match Wednesday, September 24, 2025 3:31:51 PM
 Blitz 2/1 

Pairing 1/15 :    C0BR4_v2.9  -  V7P3R_v12.1

PGN-File: C:\Program Files (x86)\Arena\Tournaments\Engine Battle 20250924.pgn

No:  B/W 1/2     W:B       1:2           Time        Value Moves Dep 1:2       1-2-Draws
   7 W 1    2.5:1.5        5.5:1.5       3:34:11 PM   +19.76    47 4.000 :3.000  4-0-3

--------------------------------------------------------------

Engine-Match Wednesday, September 24, 2025 3:34:12 PM
 Blitz 2/1 

Pairing 2/15 :    V7P3R_v10.8  -  Random_Opponent

PGN-File: C:\Program Files (x86)\Arena\Tournaments\Engine Battle 20250924.pgn

No:  B/W 1/2     W:B       1:2           Time        Value Moves Dep 1:2       1-2-Draws
   7 W 1    1.0:0.0        7.0:0.0       3:34:54 PM  +289.96    12 3.250 :0 7-0-0

--------------------------------------------------------------

Engine-Match Wednesday, September 24, 2025 3:34:55 PM
 Blitz 2/1 

Pairing 3/15 :    SlowMate_v3.1  -  Stockfish 1%

PGN-File: C:\Program Files (x86)\Arena\Tournaments\Engine Battle 20250924.pgn

No:  B/W 1/2     W:B       1:2           Time        Value Moves Dep 1:2       1-2-Draws
   7 B 2    1.0:0.0        1.0:6.0       3:36:40 PM      -M1    32 3.000 :10.875  1-6-0

--------------------------------------------------------------

Engine-Match Wednesday, September 24, 2025 3:36:41 PM
 Blitz 2/1 

Pairing 4/15 :    V7P3R_v10.8  -  C0BR4_v2.9

PGN-File: C:\Program Files (x86)\Arena\Tournaments\Engine Battle 20250924.pgn

No:  B/W 1/2     W:B       1:2           Time        Value Moves Dep 1:2       1-2-Draws
   7 = =    2.0:2.0        3.0:4.0       3:39:38 PM    -3.64    55 3.154 :4.000  1-2-4

--------------------------------------------------------------

Engine-Match Wednesday, September 24, 2025 3:39:39 PM
 Blitz 2/1 

Pairing 5/15 :    Stockfish 1%  -  V7P3R_v12.1

PGN-File: C:\Program Files (x86)\Arena\Tournaments\Engine Battle 20250924.pgn

No:  B/W 1/2     W:B       1:2           Time        Value Moves Dep 1:2       1-2-Draws
   7 W 1    1.0:0.0        7.0:0.0       3:42:09 PM   +17.50    52 9.625 :2.958  7-0-0

--------------------------------------------------------------

Engine-Match Wednesday, September 24, 2025 3:42:10 PM
 Blitz 2/1 

Pairing 6/15 :    Random_Opponent  -  SlowMate_v3.1

PGN-File: C:\Program Files (x86)\Arena\Tournaments\Engine Battle 20250924.pgn

No:  B/W 1/2     W:B       1:2           Time        Value Moves Dep 1:2       1-2-Draws
   7 = =    1.5:1.5        1.5:5.5       3:43:13 PM     0.00    18 0:2.882  0-4-3

--------------------------------------------------------------

Engine-Match Wednesday, September 24, 2025 3:43:14 PM
 Blitz 2/1 

Pairing 7/15 :    C0BR4_v2.9  -  Stockfish 1%

PGN-File: C:\Program Files (x86)\Arena\Tournaments\Engine Battle 20250924.pgn

No:  B/W 1/2     W:B       1:2           Time        Value Moves Dep 1:2       1-2-Draws
   7 W 1    2.0:1.0        2.0:5.0       3:43:59 PM  +299.97    33 3.935 :10.500  1-4-2

--------------------------------------------------------------

Engine-Match Wednesday, September 24, 2025 3:44:01 PM
 Blitz 2/1 

Pairing 8/15 :    SlowMate_v3.1  -  V7P3R_v10.8

PGN-File: C:\Program Files (x86)\Arena\Tournaments\Engine Battle 20250924.pgn

No:  B/W 1/2     W:B       1:2           Time        Value Moves Dep 1:2       1-2-Draws
   7 = =    3.0:3.0        3.0:4.0       3:48:34 PM    +4.56    49 2.889 :3.000  0-1-6

--------------------------------------------------------------

Engine-Match Wednesday, September 24, 2025 3:48:35 PM
 Blitz 2/1 

Pairing 9/15 :    V7P3R_v12.1  -  Random_Opponent

PGN-File: C:\Program Files (x86)\Arena\Tournaments\Engine Battle 20250924.pgn

No:  B/W 1/2     W:B       1:2           Time        Value Moves Dep 1:2       1-2-Draws
   7 W 1    1.0:0.0        7.0:0.0       3:49:36 PM  +289.96    17 2.941 :0 7-0-0

--------------------------------------------------------------

Engine-Match Wednesday, September 24, 2025 3:49:37 PM
 Blitz 2/1 

Pairing 10/15 :    SlowMate_v3.1  -  C0BR4_v2.9

PGN-File: C:\Program Files (x86)\Arena\Tournaments\Engine Battle 20250924.pgn

No:  B/W 1/2     W:B       1:2           Time        Value Moves Dep 1:2       1-2-Draws
   7 = =    1.0:1.0        1.0:6.0       3:52:21 PM    -7.40    46 2.861 :4.000  0-5-2

--------------------------------------------------------------

Engine-Match Wednesday, September 24, 2025 3:52:28 PM
 Blitz 2/1 

Pairing 11/15 :    Random_Opponent  -  Stockfish 1%

PGN-File: C:\Program Files (x86)\Arena\Tournaments\Engine Battle 20250924.pgn

No:  B/W 1/2     W:B       1:2           Time        Value Moves Dep 1:2       1-2-Draws
   7 B 2    1.0:0.0        0.0:7.0       3:52:34 PM      -M1     8 0:12.500  0-7-0

--------------------------------------------------------------

Engine-Match Wednesday, September 24, 2025 3:52:35 PM
 Blitz 2/1 

Pairing 12/15 :    V7P3R_v10.8  -  V7P3R_v12.1

PGN-File: C:\Program Files (x86)\Arena\Tournaments\Engine Battle 20250924.pgn

No:  B/W 1/2     W:B       1:2           Time        Value Moves Dep 1:2       1-2-Draws
   7 W 1    1.5:0.5        3.5:3.5       3:57:39 PM  +289.96    60 3.125 :2.909  3-3-1

--------------------------------------------------------------

Engine-Match Wednesday, September 24, 2025 3:57:40 PM
 Blitz 2/1 

Pairing 13/15 :    C0BR4_v2.9  -  Random_Opponent

PGN-File: C:\Program Files (x86)\Arena\Tournaments\Engine Battle 20250924.pgn

No:  B/W 1/2     W:B       1:2           Time        Value Moves Dep 1:2       1-2-Draws
   7 W 1    1.0:0.0        7.0:0.0       3:57:57 PM  +299.97    20 3.889 :0 7-0-0

--------------------------------------------------------------

Engine-Match Wednesday, September 24, 2025 3:57:58 PM
 Blitz 2/1 

Pairing 14/15 :    V7P3R_v12.1  -  SlowMate_v3.1

PGN-File: C:\Program Files (x86)\Arena\Tournaments\Engine Battle 20250924.pgn

No:  B/W 1/2     W:B       1:2           Time        Value Moves Dep 1:2       1-2-Draws
   7 W 1    1.0:0.0        6.0:1.0       4:00:18 PM  +289.96    20 2.700 :2.684  6-1-0

--------------------------------------------------------------

Engine-Match Wednesday, September 24, 2025 4:00:19 PM
 Blitz 2/1 

Pairing 15/15 :    Stockfish 1%  -  V7P3R_v10.8

PGN-File: C:\Program Files (x86)\Arena\Tournaments\Engine Battle 20250924.pgn

No:  B/W 1/2     W:B       1:2           Time        Value Moves Dep 1:2       1-2-Draws
   7 W 1    1.5:0.5        4.5:2.5       4:02:21 PM   +11.12    42 10.125 :3.000  4-2-1

--------------------------------------------------------------

Engine-Match Wednesday, September 24, 2025 4:02:22 PM
 Blitz 2/1 

Pairing 1/15 :    C0BR4_v2.9  -  V7P3R_v12.1

PGN-File: C:\Program Files (x86)\Arena\Tournaments\Engine Battle 20250924.pgn

No:  B/W 1/2     W:B       1:2           Time        Value Moves Dep 1:2       1-2-Draws
   8 B 1    2.5:1.5        6.5:1.5       4:05:15 PM   -26.62    53 4.000 :2.879  5-0-3

--------------------------------------------------------------

Engine-Match Wednesday, September 24, 2025 4:05:16 PM
 Blitz 2/1 

Pairing 2/15 :    V7P3R_v10.8  -  Random_Opponent

PGN-File: C:\Program Files (x86)\Arena\Tournaments\Engine Battle 20250924.pgn

No:  B/W 1/2     W:B       1:2           Time        Value Moves Dep 1:2       1-2-Draws
   8 B 1    1.0:0.0        8.0:0.0       4:06:53 PM  -289.96    34 3.063 :0 8-0-0

--------------------------------------------------------------

Engine-Match Wednesday, September 24, 2025 4:06:55 PM
 Blitz 2/1 

Pairing 3/15 :    SlowMate_v3.1  -  Stockfish 1%

PGN-File: C:\Program Files (x86)\Arena\Tournaments\Engine Battle 20250924.pgn

No:  B/W 1/2     W:B       1:2           Time        Value Moves Dep 1:2       1-2-Draws
   8 W 2    1.0:0.0        1.0:7.0       4:09:05 PM      +M1    43 3.519 :10.750  1-7-0

--------------------------------------------------------------

Engine-Match Wednesday, September 24, 2025 4:09:06 PM
 Blitz 2/1 

Pairing 4/15 :    V7P3R_v10.8  -  C0BR4_v2.9

PGN-File: C:\Program Files (x86)\Arena\Tournaments\Engine Battle 20250924.pgn

No:  B/W 1/2     W:B       1:2           Time        Value Moves Dep 1:2       1-2-Draws
   8 W 2    3.0:2.0        3.0:5.0       4:10:56 PM   +15.22    25 3.000 :4.000  1-3-4

--------------------------------------------------------------

Engine-Match Wednesday, September 24, 2025 4:10:57 PM
 Blitz 2/1 

Pairing 5/15 :    Stockfish 1%  -  V7P3R_v12.1

PGN-File: C:\Program Files (x86)\Arena\Tournaments\Engine Battle 20250924.pgn

No:  B/W 1/2     W:B       1:2           Time        Value Moves Dep 1:2       1-2-Draws
   8 B 1    1.0:0.0        8.0:0.0       4:13:02 PM      -M1    23 11.125 :2.913  8-0-0

--------------------------------------------------------------

Engine-Match Wednesday, September 24, 2025 4:13:03 PM
 Blitz 2/1 

Pairing 6/15 :    Random_Opponent  -  SlowMate_v3.1

PGN-File: C:\Program Files (x86)\Arena\Tournaments\Engine Battle 20250924.pgn

No:  B/W 1/2     W:B       1:2           Time        Value Moves Dep 1:2       1-2-Draws
   8 W 2    2.5:1.5        1.5:6.5       4:14:15 PM  +118.42    21 0:3.238  0-5-3

--------------------------------------------------------------

Engine-Match Wednesday, September 24, 2025 4:14:17 PM
 Blitz 2/1 

Pairing 7/15 :    C0BR4_v2.9  -  Stockfish 1%

PGN-File: C:\Program Files (x86)\Arena\Tournaments\Engine Battle 20250924.pgn

No:  B/W 1/2     W:B       1:2           Time        Value Moves Dep 1:2       1-2-Draws
   8 W 2    2.0:1.0        2.0:6.0       4:14:46 PM      +M1    36 4.000 :12.667  1-5-2

--------------------------------------------------------------

Engine-Match Wednesday, September 24, 2025 4:14:47 PM
 Blitz 2/1 

Pairing 8/15 :    SlowMate_v3.1  -  V7P3R_v10.8

PGN-File: C:\Program Files (x86)\Arena\Tournaments\Engine Battle 20250924.pgn

No:  B/W 1/2     W:B       1:2           Time        Value Moves Dep 1:2       1-2-Draws
   8 = =    3.5:3.5        3.5:4.5       4:17:15 PM     0.00    21 3.150 :2.947  0-1-7

--------------------------------------------------------------

Engine-Match Wednesday, September 24, 2025 4:17:17 PM
 Blitz 2/1 

Pairing 9/15 :    V7P3R_v12.1  -  Random_Opponent

PGN-File: C:\Program Files (x86)\Arena\Tournaments\Engine Battle 20250924.pgn

No:  B/W 1/2     W:B       1:2           Time        Value Moves Dep 1:2       1-2-Draws
   8 B 1    1.0:0.0        8.0:0.0       4:18:48 PM  -289.96    23 2.826 :0 8-0-0

--------------------------------------------------------------

Engine-Match Wednesday, September 24, 2025 4:18:49 PM
 Blitz 2/1 

Pairing 10/15 :    SlowMate_v3.1  -  C0BR4_v2.9

PGN-File: C:\Program Files (x86)\Arena\Tournaments\Engine Battle 20250924.pgn

No:  B/W 1/2     W:B       1:2           Time        Value Moves Dep 1:2       1-2-Draws
   8 = =    1.5:1.5        1.5:6.5       4:21:55 PM    -6.13    60 3.172 :4.000  0-5-3

--------------------------------------------------------------

Engine-Match Wednesday, September 24, 2025 4:21:56 PM
 Blitz 2/1 

Pairing 11/15 :    Random_Opponent  -  Stockfish 1%

PGN-File: C:\Program Files (x86)\Arena\Tournaments\Engine Battle 20250924.pgn

No:  B/W 1/2     W:B       1:2           Time        Value Moves Dep 1:2       1-2-Draws
   8 W 2    1.0:0.0        0.0:8.0       4:22:34 PM      +M1    96 0:10.750  0-8-0

--------------------------------------------------------------

Engine-Match Wednesday, September 24, 2025 4:22:36 PM
 Blitz 2/1 

Pairing 12/15 :    V7P3R_v10.8  -  V7P3R_v12.1

PGN-File: C:\Program Files (x86)\Arena\Tournaments\Engine Battle 20250924.pgn

No:  B/W 1/2     W:B       1:2           Time        Value Moves Dep 1:2       1-2-Draws
   8 = =    1.0:1.0        4.0:4.0       4:27:00 PM     0.00    39 2.964 :3.000  3-3-2

--------------------------------------------------------------

Engine-Match Wednesday, September 24, 2025 4:27:02 PM
 Blitz 2/1 

Pairing 13/15 :    C0BR4_v2.9  -  Random_Opponent

PGN-File: C:\Program Files (x86)\Arena\Tournaments\Engine Battle 20250924.pgn

No:  B/W 1/2     W:B       1:2           Time        Value Moves Dep 1:2       1-2-Draws
   8 B 1    1.0:0.0        8.0:0.0       4:27:11 PM  -299.97    13 4.000 :0 8-0-0

--------------------------------------------------------------

Engine-Match Wednesday, September 24, 2025 4:27:13 PM
 Blitz 2/1 

Pairing 14/15 :    V7P3R_v12.1  -  SlowMate_v3.1

PGN-File: C:\Program Files (x86)\Arena\Tournaments\Engine Battle 20250924.pgn

No:  B/W 1/2     W:B       1:2           Time        Value Moves Dep 1:2       1-2-Draws
   8 = =    0.5:0.5        6.5:1.5       4:32:19 PM    -1.31    48 2.553 :2.750  6-1-1

--------------------------------------------------------------

Engine-Match Wednesday, September 24, 2025 4:32:20 PM
 Blitz 2/1 

Pairing 15/15 :    Stockfish 1%  -  V7P3R_v10.8

PGN-File: C:\Program Files (x86)\Arena\Tournaments\Engine Battle 20250924.pgn

No:  B/W 1/2     W:B       1:2           Time        Value Moves Dep 1:2       1-2-Draws
   8 W 2    1.5:0.5        4.5:3.5       4:34:13 PM  +289.97    40 9.600 :3.115  4-3-1

--------------------------------------------------------------

Engine-Match Wednesday, September 24, 2025 4:34:20 PM
 Blitz 2/1 

Pairing 1/15 :    C0BR4_v2.9  -  V7P3R_v12.1

PGN-File: C:\Program Files (x86)\Arena\Tournaments\Engine Battle 20250924.pgn

No:  B/W 1/2     W:B       1:2           Time        Value Moves Dep 1:2       1-2-Draws
   9 W 1    2.5:1.5        7.5:1.5       4:36:17 PM   +17.08    38 4.000 :3.000  6-0-3

--------------------------------------------------------------

Engine-Match Wednesday, September 24, 2025 4:36:19 PM
 Blitz 2/1 

Pairing 2/15 :    V7P3R_v10.8  -  Random_Opponent

PGN-File: C:\Program Files (x86)\Arena\Tournaments\Engine Battle 20250924.pgn

No:  B/W 1/2     W:B       1:2           Time        Value Moves Dep 1:2       1-2-Draws
   9 W 1    1.0:0.0        9.0:0.0       4:37:14 PM  +289.96    17 3.000 :0 9-0-0

--------------------------------------------------------------

Engine-Match Wednesday, September 24, 2025 4:37:15 PM
 Blitz 2/1 

Pairing 3/15 :    SlowMate_v3.1  -  Stockfish 1%

PGN-File: C:\Program Files (x86)\Arena\Tournaments\Engine Battle 20250924.pgn

No:  B/W 1/2     W:B       1:2           Time        Value Moves Dep 1:2       1-2-Draws
   9 = =    0.5:0.5        1.5:7.5       4:42:08 PM    -4.60   133 3.192 :10.556  1-7-1

--------------------------------------------------------------

Engine-Match Wednesday, September 24, 2025 4:42:09 PM
 Blitz 2/1 

Pairing 4/15 :    V7P3R_v10.8  -  C0BR4_v2.9

PGN-File: C:\Program Files (x86)\Arena\Tournaments\Engine Battle 20250924.pgn

No:  B/W 1/2     W:B       1:2           Time        Value Moves Dep 1:2       1-2-Draws
   9 = =    2.5:2.5        3.5:5.5       4:43:45 PM    +1.12    12 3.182 :4.000  1-3-5

--------------------------------------------------------------

Engine-Match Wednesday, September 24, 2025 4:43:46 PM
 Blitz 2/1 

Pairing 5/15 :    Stockfish 1%  -  V7P3R_v12.1

PGN-File: C:\Program Files (x86)\Arena\Tournaments\Engine Battle 20250924.pgn

No:  B/W 1/2     W:B       1:2           Time        Value Moves Dep 1:2       1-2-Draws
   9 W 1    1.0:0.0        9.0:0.0       4:45:49 PM   +14.47    32 11.571 :2.710  9-0-0

--------------------------------------------------------------

Engine-Match Wednesday, September 24, 2025 4:45:50 PM
 Blitz 2/1 

Pairing 6/15 :    Random_Opponent  -  SlowMate_v3.1

PGN-File: C:\Program Files (x86)\Arena\Tournaments\Engine Battle 20250924.pgn

No:  B/W 1/2     W:B       1:2           Time        Value Moves Dep 1:2       1-2-Draws
   9 = =    2.0:2.0        2.0:7.0       4:47:06 PM     0.00    23 0:3.000  0-5-4

--------------------------------------------------------------

Engine-Match Wednesday, September 24, 2025 4:47:08 PM
 Blitz 2/1 

Pairing 7/15 :    C0BR4_v2.9  -  Stockfish 1%

PGN-File: C:\Program Files (x86)\Arena\Tournaments\Engine Battle 20250924.pgn

No:  B/W 1/2     W:B       1:2           Time        Value Moves Dep 1:2       1-2-Draws
   9 W 1    2.0:1.0        3.0:6.0       4:47:39 PM  +299.97    41 4.000 :10.125  2-5-2

--------------------------------------------------------------

Engine-Match Wednesday, September 24, 2025 4:47:40 PM
 Blitz 2/1 

Pairing 8/15 :    SlowMate_v3.1  -  V7P3R_v10.8

PGN-File: C:\Program Files (x86)\Arena\Tournaments\Engine Battle 20250924.pgn

No:  B/W 1/2     W:B       1:2           Time        Value Moves Dep 1:2       1-2-Draws
   9 B 2    4.5:3.5        3.5:5.5       4:53:40 PM   -10.73    79 2.667 :2.800  0-2-7

--------------------------------------------------------------

Engine-Match Wednesday, September 24, 2025 4:53:42 PM
 Blitz 2/1 

Pairing 9/15 :    V7P3R_v12.1  -  Random_Opponent

PGN-File: C:\Program Files (x86)\Arena\Tournaments\Engine Battle 20250924.pgn

No:  B/W 1/2     W:B       1:2           Time        Value Moves Dep 1:2       1-2-Draws
   9 W 1    1.0:0.0        9.0:0.0       4:54:29 PM  +289.96    14 2.714 :0 9-0-0

--------------------------------------------------------------

Engine-Match Wednesday, September 24, 2025 4:54:30 PM
 Blitz 2/1 

Pairing 10/15 :    SlowMate_v3.1  -  C0BR4_v2.9

PGN-File: C:\Program Files (x86)\Arena\Tournaments\Engine Battle 20250924.pgn

No:  B/W 1/2     W:B       1:2           Time        Value Moves Dep 1:2       1-2-Draws
   9 = =    2.0:2.0        2.0:7.0       4:56:11 PM    +8.59    29 3.345 :4.000  0-5-4

--------------------------------------------------------------

Engine-Match Wednesday, September 24, 2025 4:56:12 PM
 Blitz 2/1 

Pairing 11/15 :    Random_Opponent  -  Stockfish 1%

PGN-File: C:\Program Files (x86)\Arena\Tournaments\Engine Battle 20250924.pgn

No:  B/W 1/2     W:B       1:2           Time        Value Moves Dep 1:2       1-2-Draws
   9 B 2    1.0:0.0        0.0:9.0       4:56:19 PM      -M1     9 0:11.714  0-9-0

--------------------------------------------------------------

Engine-Match Wednesday, September 24, 2025 4:56:20 PM
 Blitz 2/1 

Pairing 12/15 :    V7P3R_v10.8  -  V7P3R_v12.1

PGN-File: C:\Program Files (x86)\Arena\Tournaments\Engine Battle 20250924.pgn

No:  B/W 1/2     W:B       1:2           Time        Value Moves Dep 1:2       1-2-Draws
   9 W 1    2.0:1.0        5.0:4.0       5:01:42 PM     0.00    66 3.043 :2.840  4-3-2

--------------------------------------------------------------

Engine-Match Wednesday, September 24, 2025 5:01:43 PM
 Blitz 2/1 

Pairing 13/15 :    C0BR4_v2.9  -  Random_Opponent

PGN-File: C:\Program Files (x86)\Arena\Tournaments\Engine Battle 20250924.pgn

No:  B/W 1/2     W:B       1:2           Time        Value Moves Dep 1:2       1-2-Draws
   9 W 1    1.0:0.0        9.0:0.0       5:01:55 PM  +299.97    10 3.750 :0 9-0-0

--------------------------------------------------------------

Engine-Match Wednesday, September 24, 2025 5:01:57 PM
 Blitz 2/1 

Pairing 14/15 :    V7P3R_v12.1  -  SlowMate_v3.1

PGN-File: C:\Program Files (x86)\Arena\Tournaments\Engine Battle 20250924.pgn

No:  B/W 1/2     W:B       1:2           Time        Value Moves Dep 1:2       1-2-Draws
   9 W 1    1.5:0.5        7.5:1.5       5:04:13 PM  +289.96    20 2.700 :2.684  7-1-1

--------------------------------------------------------------

Engine-Match Wednesday, September 24, 2025 5:04:14 PM
 Blitz 2/1 

Pairing 15/15 :    Stockfish 1%  -  V7P3R_v10.8

PGN-File: C:\Program Files (x86)\Arena\Tournaments\Engine Battle 20250924.pgn

No:  B/W 1/2     W:B       1:2           Time        Value Moves Dep 1:2       1-2-Draws
   9 B 2    1.5:0.5        4.5:4.5       5:07:01 PM  -289.96    61 10.500 :2.887  4-4-1

--------------------------------------------------------------

Engine-Match Wednesday, September 24, 2025 5:07:02 PM
 Blitz 2/1 

Pairing 1/15 :    C0BR4_v2.9  -  V7P3R_v12.1

PGN-File: C:\Program Files (x86)\Arena\Tournaments\Engine Battle 20250924.pgn

No:  B/W 1/2     W:B       1:2           Time        Value Moves Dep 1:2       1-2-Draws
  10 B 1    2.5:1.5        8.5:1.5       5:09:35 PM   -13.71    48 4.000 :3.065  7-0-3

--------------------------------------------------------------

Engine-Match Wednesday, September 24, 2025 5:09:37 PM
 Blitz 2/1 

Pairing 2/15 :    V7P3R_v10.8  -  Random_Opponent

PGN-File: C:\Program Files (x86)\Arena\Tournaments\Engine Battle 20250924.pgn

No:  B/W 1/2     W:B       1:2           Time        Value Moves Dep 1:2       1-2-Draws
  10 B 1    1.0:0.0        10.0:0.0      5:10:12 PM  -289.97     6 3.833 :0 10-0-0

--------------------------------------------------------------

Engine-Match Wednesday, September 24, 2025 5:10:14 PM
 Blitz 2/1 

Pairing 3/15 :    SlowMate_v3.1  -  Stockfish 1%

PGN-File: C:\Program Files (x86)\Arena\Tournaments\Engine Battle 20250924.pgn

No:  B/W 1/2     W:B       1:2           Time        Value Moves Dep 1:2       1-2-Draws
  10 W 2    1.5:0.5        1.5:8.5       5:12:41 PM      +M1    51 2.820 :11.143  1-8-1

--------------------------------------------------------------

Engine-Match Wednesday, September 24, 2025 5:12:42 PM
 Blitz 2/1 

Pairing 4/15 :    V7P3R_v10.8  -  C0BR4_v2.9

PGN-File: C:\Program Files (x86)\Arena\Tournaments\Engine Battle 20250924.pgn

No:  B/W 1/2     W:B       1:2           Time        Value Moves Dep 1:2       1-2-Draws
  10 = =    3.0:3.0        4.0:6.0       5:14:54 PM    -0.52    36 3.136 :4.000  1-3-6

--------------------------------------------------------------

Engine-Match Wednesday, September 24, 2025 5:14:56 PM
 Blitz 2/1 

Pairing 5/15 :    Stockfish 1%  -  V7P3R_v12.1

PGN-File: C:\Program Files (x86)\Arena\Tournaments\Engine Battle 20250924.pgn

No:  B/W 1/2     W:B       1:2           Time        Value Moves Dep 1:2       1-2-Draws
  10 B 1    1.0:0.0        10.0:0.0      5:18:55 PM   -13.73    90 11.429 :3.148  10-0-0

--------------------------------------------------------------

Engine-Match Wednesday, September 24, 2025 5:19:01 PM
 Blitz 2/1 

Pairing 6/15 :    Random_Opponent  -  SlowMate_v3.1

PGN-File: C:\Program Files (x86)\Arena\Tournaments\Engine Battle 20250924.pgn

No:  B/W 1/2     W:B       1:2           Time        Value Moves Dep 1:2       1-2-Draws
  10 W 2    3.0:2.0        2.0:8.0       5:20:14 PM  +181.42    21 0:3.095  0-6-4

--------------------------------------------------------------

Engine-Match Wednesday, September 24, 2025 5:20:15 PM
 Blitz 2/1 

Pairing 7/15 :    C0BR4_v2.9  -  Stockfish 1%

PGN-File: C:\Program Files (x86)\Arena\Tournaments\Engine Battle 20250924.pgn

No:  B/W 1/2     W:B       1:2           Time        Value Moves Dep 1:2       1-2-Draws
  10 W 2    2.0:1.0        3.0:7.0       5:21:28 PM      +M1   123 4.000 :12.143  2-6-2

--------------------------------------------------------------

Engine-Match Wednesday, September 24, 2025 5:21:30 PM
 Blitz 2/1 

Pairing 8/15 :    SlowMate_v3.1  -  V7P3R_v10.8

PGN-File: C:\Program Files (x86)\Arena\Tournaments\Engine Battle 20250924.pgn

No:  B/W 1/2     W:B       1:2           Time        Value Moves Dep 1:2       1-2-Draws
  10 = =    4.0:4.0        4.0:6.0       5:23:57 PM     0.00    21 3.100 :2.947  0-2-8

--------------------------------------------------------------

Engine-Match Wednesday, September 24, 2025 5:23:58 PM
 Blitz 2/1 

Pairing 9/15 :    V7P3R_v12.1  -  Random_Opponent

PGN-File: C:\Program Files (x86)\Arena\Tournaments\Engine Battle 20250924.pgn

No:  B/W 1/2     W:B       1:2           Time        Value Moves Dep 1:2       1-2-Draws
  10 B 1    1.0:0.0        10.0:0.0      5:24:38 PM  -289.96    11 2.909 :0 10-0-0

--------------------------------------------------------------

Engine-Match Wednesday, September 24, 2025 5:24:40 PM
 Blitz 2/1 

Pairing 10/15 :    SlowMate_v3.1  -  C0BR4_v2.9

PGN-File: C:\Program Files (x86)\Arena\Tournaments\Engine Battle 20250924.pgn

No:  B/W 1/2     W:B       1:2           Time        Value Moves Dep 1:2       1-2-Draws
  10 W 2    3.0:2.0        2.0:8.0       5:26:43 PM  +299.97    28 2.889 :4.000  0-6-4

--------------------------------------------------------------

Engine-Match Wednesday, September 24, 2025 5:26:44 PM
 Blitz 2/1 

Pairing 11/15 :    Random_Opponent  -  Stockfish 1%

PGN-File: C:\Program Files (x86)\Arena\Tournaments\Engine Battle 20250924.pgn

No:  B/W 1/2     W:B       1:2           Time        Value Moves Dep 1:2       1-2-Draws
  10 W 2    1.0:0.0        0.0:10.0      5:26:51 PM      +M1    11 0:12.333  0-10-0

--------------------------------------------------------------

Engine-Match Wednesday, September 24, 2025 5:26:53 PM
 Blitz 2/1 

Pairing 12/15 :    V7P3R_v10.8  -  V7P3R_v12.1

PGN-File: C:\Program Files (x86)\Arena\Tournaments\Engine Battle 20250924.pgn

No:  B/W 1/2     W:B       1:2           Time        Value Moves Dep 1:2       1-2-Draws
  10 = =    1.5:1.5        5.5:4.5       5:31:34 PM    +7.28    42 2.964 :3.000  4-3-3

--------------------------------------------------------------

Engine-Match Wednesday, September 24, 2025 5:31:35 PM
 Blitz 2/1 

Pairing 13/15 :    C0BR4_v2.9  -  Random_Opponent

PGN-File: C:\Program Files (x86)\Arena\Tournaments\Engine Battle 20250924.pgn

No:  B/W 1/2     W:B       1:2           Time        Value Moves Dep 1:2       1-2-Draws
  10 B 1    1.0:0.0        10.0:0.0      5:31:52 PM  -299.97    24 4.000 :0 10-0-0

--------------------------------------------------------------

Engine-Match Wednesday, September 24, 2025 5:31:53 PM
 Blitz 2/1 

Pairing 14/15 :    V7P3R_v12.1  -  SlowMate_v3.1

PGN-File: C:\Program Files (x86)\Arena\Tournaments\Engine Battle 20250924.pgn

No:  B/W 1/2     W:B       1:2           Time        Value Moves Dep 1:2       1-2-Draws
  10 W 2    1.5:0.5        7.5:2.5       5:34:55 PM  +169.65    28 2.760 :2.893  7-2-1

--------------------------------------------------------------

Engine-Match Wednesday, September 24, 2025 5:34:56 PM
 Blitz 2/1 

Pairing 15/15 :    Stockfish 1%  -  V7P3R_v10.8

PGN-File: C:\Program Files (x86)\Arena\Tournaments\Engine Battle 20250924.pgn

No:  B/W 1/2     W:B       1:2           Time        Value Moves Dep 1:2       1-2-Draws
  10 B 1    1.5:0.5        5.5:4.5       5:36:40 PM      -M1    27 11.571 :3.120  5-4-1
