Engine-Match Friday, August 22, 2025 7:18:35 PM
 Blitz 2/1 

Pairing 1/10 :    V7P3R_v5.1  -  SlowMate_v3.0

PGN-File: C:\Program Files (x86)\Arena\Tournaments\Engine Battle 20250822_4.pgn

No:  B/W 1/2     W:B       1:2           Time        Value Moves Dep 1:2       1-2-Draws
   1 W 1    1.0:0.0        1.0:0.0       7:20:05 PM     0.00    13 3.077 :3.333  1-0-0

--------------------------------------------------------------

Engine-Match Friday, August 22, 2025 7:20:07 PM
 Blitz 2/1 

Pairing 2/10 :    V7P3R_v6.1  -  V7P3R_v6.0

PGN-File: C:\Program Files (x86)\Arena\Tournaments\Engine Battle 20250822_4.pgn

No:  B/W 1/2     W:B       1:2           Time        Value Moves Dep 1:2       1-2-Draws
   1 W 1    1.0:0.0        1.0:0.0       7:21:05 PM   +51.71     6 3.000 :3.000  1-0-0

--------------------------------------------------------------

Engine-Match Friday, August 22, 2025 7:21:06 PM
 Blitz 2/1 

Pairing 3/10 :    C0BR4_v2.0  -  V7P3R_v6.1

PGN-File: C:\Program Files (x86)\Arena\Tournaments\Engine Battle 20250822_4.pgn

No:  B/W 1/2     W:B       1:2           Time        Value Moves Dep 1:2       1-2-Draws
   1 W 1    1.0:0.0        1.0:0.0       7:21:51 PM   +26.70     8 4.000 :3.000  1-0-0

--------------------------------------------------------------

Engine-Match Friday, August 22, 2025 7:21:52 PM
 Blitz 2/1 

Pairing 4/10 :    V7P3R_v6.0  -  V7P3R_v5.1

PGN-File: C:\Program Files (x86)\Arena\Tournaments\Engine Battle 20250822_4.pgn

No:  B/W 1/2     W:B       1:2           Time        Value Moves Dep 1:2       1-2-Draws
   1 B 2    1.0:0.0        0.0:1.0       7:23:19 PM   -23.32    11 3.000 :3.300  0-1-0

--------------------------------------------------------------

Engine-Match Friday, August 22, 2025 7:23:20 PM
 Blitz 2/1 

Pairing 5/10 :    SlowMate_v3.0  -  V7P3R_v6.0

PGN-File: C:\Program Files (x86)\Arena\Tournaments\Engine Battle 20250822_4.pgn

No:  B/W 1/2     W:B       1:2           Time        Value Moves Dep 1:2       1-2-Draws
   1 W 1    1.0:0.0        1.0:0.0       7:24:37 PM   +28.59    10 3.800 :3.000  1-0-0

--------------------------------------------------------------

Engine-Match Friday, August 22, 2025 7:24:38 PM
 Blitz 2/1 

Pairing 6/10 :    V7P3R_v5.1  -  C0BR4_v2.0

PGN-File: C:\Program Files (x86)\Arena\Tournaments\Engine Battle 20250822_4.pgn

No:  B/W 1/2     W:B       1:2           Time        Value Moves Dep 1:2       1-2-Draws
   1 W 1    1.0:0.0        1.0:0.0       7:25:35 PM   -12.25    14 3.067 :4.000  1-0-0

--------------------------------------------------------------

Engine-Match Friday, August 22, 2025 7:25:37 PM
 Blitz 2/1 

Pairing 7/10 :    V7P3R_v6.1  -  V7P3R_v5.1

PGN-File: C:\Program Files (x86)\Arena\Tournaments\Engine Battle 20250822_4.pgn

No:  B/W 1/2     W:B       1:2           Time        Value Moves Dep 1:2       1-2-Draws
   1 W 1    1.0:0.0        1.0:0.0       7:27:34 PM     0.00    12 3.000 :3.091  1-0-0

--------------------------------------------------------------

Engine-Match Friday, August 22, 2025 7:27:35 PM
 Blitz 2/1 

Pairing 8/10 :    C0BR4_v2.0  -  SlowMate_v3.0

PGN-File: C:\Program Files (x86)\Arena\Tournaments\Engine Battle 20250822_4.pgn

No:  B/W 1/2     W:B       1:2           Time        Value Moves Dep 1:2       1-2-Draws
   1 B 2    1.0:0.0        0.0:1.0       7:27:55 PM    -2.04     4 4.000 :3.600  0-1-0

--------------------------------------------------------------

Engine-Match Friday, August 22, 2025 7:27:56 PM
 Blitz 2/1 

Pairing 9/10 :    V7P3R_v6.0  -  C0BR4_v2.0

PGN-File: C:\Program Files (x86)\Arena\Tournaments\Engine Battle 20250822_4.pgn

No:  B/W 1/2     W:B       1:2           Time        Value Moves Dep 1:2       1-2-Draws
   1 B 2    1.0:0.0        0.0:1.0       7:28:32 PM   -44.63     8 3.000 :4.000  0-1-0

--------------------------------------------------------------

Engine-Match Friday, August 22, 2025 7:28:34 PM
 Blitz 2/1 

Pairing 10/10 :    SlowMate_v3.0  -  V7P3R_v6.1

PGN-File: C:\Program Files (x86)\Arena\Tournaments\Engine Battle 20250822_4.pgn

No:  B/W 1/2     W:B       1:2           Time        Value Moves Dep 1:2       1-2-Draws
   1 W 1    1.0:0.0        1.0:0.0       7:30:13 PM   +17.30    11 3.636 :3.000  1-0-0

--------------------------------------------------------------

Engine-Match Friday, August 22, 2025 7:30:14 PM
 Blitz 2/1 

Pairing 1/10 :    V7P3R_v5.1  -  SlowMate_v3.0

PGN-File: C:\Program Files (x86)\Arena\Tournaments\Engine Battle 20250822_4.pgn

No:  B/W 1/2     W:B       1:2           Time        Value Moves Dep 1:2       1-2-Draws
   2 W 2    1.0:0.0        1.0:1.0       7:31:26 PM   +50.69    10 3.100 :3.800  1-1-0

--------------------------------------------------------------

Engine-Match Friday, August 22, 2025 7:31:28 PM
 Blitz 2/1 

Pairing 2/10 :    V7P3R_v6.1  -  V7P3R_v6.0

PGN-File: C:\Program Files (x86)\Arena\Tournaments\Engine Battle 20250822_4.pgn

No:  B/W 1/2     W:B       1:2           Time        Value Moves Dep 1:2       1-2-Draws
   2 B 1    1.0:0.0        2.0:0.0       7:32:26 PM   -31.36     6 3.000 :3.000  2-0-0

--------------------------------------------------------------

Engine-Match Friday, August 22, 2025 7:32:28 PM
 Blitz 2/1 

Pairing 3/10 :    C0BR4_v2.0  -  V7P3R_v6.1

PGN-File: C:\Program Files (x86)\Arena\Tournaments\Engine Battle 20250822_4.pgn

No:  B/W 1/2     W:B       1:2           Time        Value Moves Dep 1:2       1-2-Draws
   2 B 1    1.0:0.0        2.0:0.0       7:33:51 PM   -40.44    14 4.000 :3.000  2-0-0

--------------------------------------------------------------

Engine-Match Friday, August 22, 2025 7:33:53 PM
 Blitz 2/1 

Pairing 4/10 :    V7P3R_v6.0  -  V7P3R_v5.1

PGN-File: C:\Program Files (x86)\Arena\Tournaments\Engine Battle 20250822_4.pgn

No:  B/W 1/2     W:B       1:2           Time        Value Moves Dep 1:2       1-2-Draws
   2 W 2    1.0:0.0        0.0:2.0       7:35:09 PM   +32.38     9 3.000 :3.111  0-2-0

--------------------------------------------------------------

Engine-Match Friday, August 22, 2025 7:35:10 PM
 Blitz 2/1 

Pairing 5/10 :    SlowMate_v3.0  -  V7P3R_v6.0

PGN-File: C:\Program Files (x86)\Arena\Tournaments\Engine Battle 20250822_4.pgn

No:  B/W 1/2     W:B       1:2           Time        Value Moves Dep 1:2       1-2-Draws
   2 B 1    1.0:0.0        2.0:0.0       7:36:44 PM   -30.45    13 3.583 :3.000  2-0-0

--------------------------------------------------------------

Engine-Match Friday, August 22, 2025 7:36:45 PM
 Blitz 2/1 

Pairing 6/10 :    V7P3R_v5.1  -  C0BR4_v2.0

PGN-File: C:\Program Files (x86)\Arena\Tournaments\Engine Battle 20250822_4.pgn

No:  B/W 1/2     W:B       1:2           Time        Value Moves Dep 1:2       1-2-Draws
   2 W 2    1.0:0.0        1.0:1.0       7:37:47 PM   +14.19    15 3.067 :4.000  1-1-0

--------------------------------------------------------------

Engine-Match Friday, August 22, 2025 7:37:49 PM
 Blitz 2/1 

Pairing 7/10 :    V7P3R_v6.1  -  V7P3R_v5.1

PGN-File: C:\Program Files (x86)\Arena\Tournaments\Engine Battle 20250822_4.pgn

No:  B/W 1/2     W:B       1:2           Time        Value Moves Dep 1:2       1-2-Draws
   2 W 2    1.0:0.0        1.0:1.0       7:39:11 PM   +36.15     9 3.000 :3.111  1-1-0

--------------------------------------------------------------

Engine-Match Friday, August 22, 2025 7:39:12 PM
 Blitz 2/1 

Pairing 8/10 :    C0BR4_v2.0  -  SlowMate_v3.0

PGN-File: C:\Program Files (x86)\Arena\Tournaments\Engine Battle 20250822_4.pgn

No:  B/W 1/2     W:B       1:2           Time        Value Moves Dep 1:2       1-2-Draws
   2 B 1    1.0:0.0        1.0:1.0       7:40:51 PM   -13.14    25 4.000 :2.955  1-1-0

--------------------------------------------------------------

Engine-Match Friday, August 22, 2025 7:40:52 PM
 Blitz 2/1 

Pairing 9/10 :    V7P3R_v6.0  -  C0BR4_v2.0

PGN-File: C:\Program Files (x86)\Arena\Tournaments\Engine Battle 20250822_4.pgn

No:  B/W 1/2     W:B       1:2           Time        Value Moves Dep 1:2       1-2-Draws
   2 W 2    1.0:0.0        0.0:2.0       7:41:21 PM   +33.33     6 3.000 :4.000  0-2-0

--------------------------------------------------------------

Engine-Match Friday, August 22, 2025 7:41:22 PM
 Blitz 2/1 

Pairing 10/10 :    SlowMate_v3.0  -  V7P3R_v6.1

PGN-File: C:\Program Files (x86)\Arena\Tournaments\Engine Battle 20250822_4.pgn

No:  B/W 1/2     W:B       1:2           Time        Value Moves Dep 1:2       1-2-Draws
   2 B 1    1.0:0.0        2.0:0.0       7:44:36 PM   -35.85    24 3.522 :2.917  2-0-0

--------------------------------------------------------------

Engine-Match Friday, August 22, 2025 7:44:42 PM
 Blitz 2/1 

Pairing 1/10 :    V7P3R_v5.1  -  SlowMate_v3.0

PGN-File: C:\Program Files (x86)\Arena\Tournaments\Engine Battle 20250822_4.pgn

No:  B/W 1/2     W:B       1:2           Time        Value Moves Dep 1:2       1-2-Draws
   3 B 2    1.0:0.0        1.0:2.0       7:47:01 PM   -15.44    21 3.048 :3.000  1-2-0

--------------------------------------------------------------

Engine-Match Friday, August 22, 2025 7:47:02 PM
 Blitz 2/1 

Pairing 2/10 :    V7P3R_v6.1  -  V7P3R_v6.0

PGN-File: C:\Program Files (x86)\Arena\Tournaments\Engine Battle 20250822_4.pgn

No:  B/W 1/2     W:B       1:2           Time        Value Moves Dep 1:2       1-2-Draws
   3 W 1    1.0:0.0        3.0:0.0       7:48:00 PM   +51.71     6 3.000 :3.000  3-0-0

--------------------------------------------------------------

Engine-Match Friday, August 22, 2025 7:48:01 PM
 Blitz 2/1 

Pairing 3/10 :    C0BR4_v2.0  -  V7P3R_v6.1

PGN-File: C:\Program Files (x86)\Arena\Tournaments\Engine Battle 20250822_4.pgn

No:  B/W 1/2     W:B       1:2           Time        Value Moves Dep 1:2       1-2-Draws
   3 W 1    1.0:0.0        3.0:0.0       7:50:10 PM   +13.87    26 4.000 :3.053  3-0-0

--------------------------------------------------------------

Engine-Match Friday, August 22, 2025 7:50:11 PM
 Blitz 2/1 

Pairing 4/10 :    V7P3R_v6.0  -  V7P3R_v5.1

PGN-File: C:\Program Files (x86)\Arena\Tournaments\Engine Battle 20250822_4.pgn

No:  B/W 1/2     W:B       1:2           Time        Value Moves Dep 1:2       1-2-Draws
   3 B 2    1.0:0.0        0.0:3.0       7:51:38 PM   -23.32    11 3.000 :3.300  0-3-0

--------------------------------------------------------------

Engine-Match Friday, August 22, 2025 7:51:39 PM
 Blitz 2/1 

Pairing 5/10 :    SlowMate_v3.0  -  V7P3R_v6.0

PGN-File: C:\Program Files (x86)\Arena\Tournaments\Engine Battle 20250822_4.pgn

No:  B/W 1/2     W:B       1:2           Time        Value Moves Dep 1:2       1-2-Draws
   3 W 1    1.0:0.0        3.0:0.0       7:52:57 PM   +28.59    10 3.800 :3.000  3-0-0

--------------------------------------------------------------

Engine-Match Friday, August 22, 2025 7:52:58 PM
 Blitz 2/1 

Pairing 6/10 :    V7P3R_v5.1  -  C0BR4_v2.0

PGN-File: C:\Program Files (x86)\Arena\Tournaments\Engine Battle 20250822_4.pgn

No:  B/W 1/2     W:B       1:2           Time        Value Moves Dep 1:2       1-2-Draws
   3 B 2    1.0:0.0        1.0:2.0       7:53:53 PM  -299.99    13 3.077 :4.000  1-2-0

--------------------------------------------------------------

Engine-Match Friday, August 22, 2025 7:53:54 PM
 Blitz 2/1 

Pairing 7/10 :    V7P3R_v6.1  -  V7P3R_v5.1

PGN-File: C:\Program Files (x86)\Arena\Tournaments\Engine Battle 20250822_4.pgn

No:  B/W 1/2     W:B       1:2           Time        Value Moves Dep 1:2       1-2-Draws
   3 B 2    1.0:0.0        1.0:2.0       7:55:51 PM   -23.57    13 3.000 :3.083  1-2-0

--------------------------------------------------------------

Engine-Match Friday, August 22, 2025 7:55:52 PM
 Blitz 2/1 

Pairing 8/10 :    C0BR4_v2.0  -  SlowMate_v3.0

PGN-File: C:\Program Files (x86)\Arena\Tournaments\Engine Battle 20250822_4.pgn

No:  B/W 1/2     W:B       1:2           Time        Value Moves Dep 1:2       1-2-Draws
   3 = =    0.5:0.5        1.5:1.5       7:57:58 PM    +0.39    35 4.000 :3.114  1-1-1

--------------------------------------------------------------

Engine-Match Friday, August 22, 2025 7:57:59 PM
 Blitz 2/1 

Pairing 9/10 :    V7P3R_v6.0  -  C0BR4_v2.0

PGN-File: C:\Program Files (x86)\Arena\Tournaments\Engine Battle 20250822_4.pgn

No:  B/W 1/2     W:B       1:2           Time        Value Moves Dep 1:2       1-2-Draws
   3 B 2    1.0:0.0        0.0:3.0       7:58:54 PM   -37.02    13 3.000 :4.000  0-3-0

--------------------------------------------------------------

Engine-Match Friday, August 22, 2025 7:58:55 PM
 Blitz 2/1 

Pairing 10/10 :    SlowMate_v3.0  -  V7P3R_v6.1

PGN-File: C:\Program Files (x86)\Arena\Tournaments\Engine Battle 20250822_4.pgn

No:  B/W 1/2     W:B       1:2           Time        Value Moves Dep 1:2       1-2-Draws
   3 W 1    1.0:0.0        3.0:0.0       8:00:35 PM   +24.58    11 3.727 :3.000  3-0-0

--------------------------------------------------------------

Engine-Match Friday, August 22, 2025 8:00:36 PM
 Blitz 2/1 

Pairing 1/10 :    V7P3R_v5.1  -  SlowMate_v3.0

PGN-File: C:\Program Files (x86)\Arena\Tournaments\Engine Battle 20250822_4.pgn

No:  B/W 1/2     W:B       1:2           Time        Value Moves Dep 1:2       1-2-Draws
   4 W 2    1.0:0.0        1.0:3.0       8:02:09 PM   +39.75    13 3.077 :3.462  1-3-0

--------------------------------------------------------------

Engine-Match Friday, August 22, 2025 8:02:10 PM
 Blitz 2/1 

Pairing 2/10 :    V7P3R_v6.1  -  V7P3R_v6.0

PGN-File: C:\Program Files (x86)\Arena\Tournaments\Engine Battle 20250822_4.pgn

No:  B/W 1/2     W:B       1:2           Time        Value Moves Dep 1:2       1-2-Draws
   4 B 1    1.0:0.0        4.0:0.0       8:03:09 PM    -M500     6 2.800 :3.000  4-0-0

--------------------------------------------------------------

Engine-Match Friday, August 22, 2025 8:03:10 PM
 Blitz 2/1 

Pairing 3/10 :    C0BR4_v2.0  -  V7P3R_v6.1

PGN-File: C:\Program Files (x86)\Arena\Tournaments\Engine Battle 20250822_4.pgn

No:  B/W 1/2     W:B       1:2           Time        Value Moves Dep 1:2       1-2-Draws
   4 B 1    1.0:0.0        4.0:0.0       8:04:55 PM   -53.70    18 4.000 :3.000  4-0-0

--------------------------------------------------------------

Engine-Match Friday, August 22, 2025 8:04:56 PM
 Blitz 2/1 

Pairing 4/10 :    V7P3R_v6.0  -  V7P3R_v5.1

PGN-File: C:\Program Files (x86)\Arena\Tournaments\Engine Battle 20250822_4.pgn

No:  B/W 1/2     W:B       1:2           Time        Value Moves Dep 1:2       1-2-Draws
   4 W 2    1.0:0.0        0.0:4.0       8:06:06 PM   +13.95     9 3.000 :3.111  0-4-0

--------------------------------------------------------------

Engine-Match Friday, August 22, 2025 8:06:07 PM
 Blitz 2/1 

Pairing 5/10 :    SlowMate_v3.0  -  V7P3R_v6.0

PGN-File: C:\Program Files (x86)\Arena\Tournaments\Engine Battle 20250822_4.pgn

No:  B/W 1/2     W:B       1:2           Time        Value Moves Dep 1:2       1-2-Draws
   4 B 1    1.0:0.0        4.0:0.0       8:07:40 PM   -30.45    13 3.583 :3.000  4-0-0

--------------------------------------------------------------

Engine-Match Friday, August 22, 2025 8:07:41 PM
 Blitz 2/1 

Pairing 6/10 :    V7P3R_v5.1  -  C0BR4_v2.0

PGN-File: C:\Program Files (x86)\Arena\Tournaments\Engine Battle 20250822_4.pgn

No:  B/W 1/2     W:B       1:2           Time        Value Moves Dep 1:2       1-2-Draws
   4 B 1    1.0:0.0        2.0:2.0       8:08:51 PM   +11.05    32 2.529 :4.000  2-2-0

--------------------------------------------------------------

Engine-Match Friday, August 22, 2025 8:08:52 PM
 Blitz 2/1 

Pairing 7/10 :    V7P3R_v6.1  -  V7P3R_v5.1

PGN-File: C:\Program Files (x86)\Arena\Tournaments\Engine Battle 20250822_4.pgn

No:  B/W 1/2     W:B       1:2           Time        Value Moves Dep 1:2       1-2-Draws
   4 W 2    1.0:0.0        1.0:3.0       8:10:19 PM   +14.95     9 3.000 :3.111  1-3-0

--------------------------------------------------------------

Engine-Match Friday, August 22, 2025 8:10:20 PM
 Blitz 2/1 

Pairing 8/10 :    C0BR4_v2.0  -  SlowMate_v3.0

PGN-File: C:\Program Files (x86)\Arena\Tournaments\Engine Battle 20250822_4.pgn

No:  B/W 1/2     W:B       1:2           Time        Value Moves Dep 1:2       1-2-Draws
   4 W 2    1.5:0.5        1.5:2.5       8:12:38 PM    -7.02    42 4.000 :3.308  1-2-1

--------------------------------------------------------------

Engine-Match Friday, August 22, 2025 8:12:39 PM
 Blitz 2/1 

Pairing 9/10 :    V7P3R_v6.0  -  C0BR4_v2.0

PGN-File: C:\Program Files (x86)\Arena\Tournaments\Engine Battle 20250822_4.pgn

No:  B/W 1/2     W:B       1:2           Time        Value Moves Dep 1:2       1-2-Draws
   4 W 2    1.0:0.0        0.0:4.0       8:13:07 PM   +53.50     6 3.000 :4.000  0-4-0

--------------------------------------------------------------

Engine-Match Friday, August 22, 2025 8:13:09 PM
 Blitz 2/1 

Pairing 10/10 :    SlowMate_v3.0  -  V7P3R_v6.1

PGN-File: C:\Program Files (x86)\Arena\Tournaments\Engine Battle 20250822_4.pgn

No:  B/W 1/2     W:B       1:2           Time        Value Moves Dep 1:2       1-2-Draws
   4 B 1    1.0:0.0        4.0:0.0       8:14:47 PM   -18.39    11 3.400 :3.091  4-0-0

--------------------------------------------------------------

Engine-Match Friday, August 22, 2025 8:14:53 PM
 Blitz 2/1 

Pairing 1/10 :    V7P3R_v5.1  -  SlowMate_v3.0

PGN-File: C:\Program Files (x86)\Arena\Tournaments\Engine Battle 20250822_4.pgn

No:  B/W 1/2     W:B       1:2           Time        Value Moves Dep 1:2       1-2-Draws
   5 B 2    1.0:0.0        1.0:4.0       8:17:12 PM   -15.44    21 3.048 :3.000  1-4-0

--------------------------------------------------------------

Engine-Match Friday, August 22, 2025 8:17:14 PM
 Blitz 2/1 

Pairing 2/10 :    V7P3R_v6.1  -  V7P3R_v6.0

PGN-File: C:\Program Files (x86)\Arena\Tournaments\Engine Battle 20250822_4.pgn

No:  B/W 1/2     W:B       1:2           Time        Value Moves Dep 1:2       1-2-Draws
   5 W 1    1.0:0.0        5.0:0.0       8:18:11 PM   +51.71     6 3.000 :3.000  5-0-0

--------------------------------------------------------------

Engine-Match Friday, August 22, 2025 8:18:13 PM
 Blitz 2/1 

Pairing 3/10 :    C0BR4_v2.0  -  V7P3R_v6.1

PGN-File: C:\Program Files (x86)\Arena\Tournaments\Engine Battle 20250822_4.pgn

No:  B/W 1/2     W:B       1:2           Time        Value Moves Dep 1:2       1-2-Draws
   5 W 1    1.0:0.0        5.0:0.0       8:20:02 PM    +9.10    20 4.000 :3.000  5-0-0

--------------------------------------------------------------

Engine-Match Friday, August 22, 2025 8:20:03 PM
 Blitz 2/1 

Pairing 4/10 :    V7P3R_v6.0  -  V7P3R_v5.1

PGN-File: C:\Program Files (x86)\Arena\Tournaments\Engine Battle 20250822_4.pgn

No:  B/W 1/2     W:B       1:2           Time        Value Moves Dep 1:2       1-2-Draws
   5 B 2    1.0:0.0        0.0:5.0       8:21:30 PM   -23.32    11 3.000 :3.300  0-5-0

--------------------------------------------------------------

Engine-Match Friday, August 22, 2025 8:21:31 PM
 Blitz 2/1 

Pairing 5/10 :    SlowMate_v3.0  -  V7P3R_v6.0

PGN-File: C:\Program Files (x86)\Arena\Tournaments\Engine Battle 20250822_4.pgn

No:  B/W 1/2     W:B       1:2           Time        Value Moves Dep 1:2       1-2-Draws
   5 W 1    1.0:0.0        5.0:0.0       8:22:49 PM   +28.59    10 3.800 :3.000  5-0-0

--------------------------------------------------------------

Engine-Match Friday, August 22, 2025 8:22:51 PM
 Blitz 2/1 

Pairing 6/10 :    V7P3R_v5.1  -  C0BR4_v2.0

PGN-File: C:\Program Files (x86)\Arena\Tournaments\Engine Battle 20250822_4.pgn

No:  B/W 1/2     W:B       1:2           Time        Value Moves Dep 1:2       1-2-Draws
   5 B 2    1.0:0.0        2.0:3.0       8:23:30 PM   -25.40     9 3.111 :4.000  2-3-0

--------------------------------------------------------------

Engine-Match Friday, August 22, 2025 8:23:31 PM
 Blitz 2/1 

Pairing 7/10 :    V7P3R_v6.1  -  V7P3R_v5.1

PGN-File: C:\Program Files (x86)\Arena\Tournaments\Engine Battle 20250822_4.pgn

No:  B/W 1/2     W:B       1:2           Time        Value Moves Dep 1:2       1-2-Draws
   5 W 1    1.0:0.0        2.0:3.0       8:25:20 PM     0.00    11 3.000 :3.100  2-3-0

--------------------------------------------------------------

Engine-Match Friday, August 22, 2025 8:25:21 PM
 Blitz 2/1 

Pairing 8/10 :    C0BR4_v2.0  -  SlowMate_v3.0

PGN-File: C:\Program Files (x86)\Arena\Tournaments\Engine Battle 20250822_4.pgn

No:  B/W 1/2     W:B       1:2           Time        Value Moves Dep 1:2       1-2-Draws
   5 W 1    1.5:0.5        2.5:2.5       8:27:00 PM  +299.99    28 4.000 :3.261  2-2-1

--------------------------------------------------------------

Engine-Match Friday, August 22, 2025 8:27:02 PM
 Blitz 2/1 

Pairing 9/10 :    V7P3R_v6.0  -  C0BR4_v2.0

PGN-File: C:\Program Files (x86)\Arena\Tournaments\Engine Battle 20250822_4.pgn

No:  B/W 1/2     W:B       1:2           Time        Value Moves Dep 1:2       1-2-Draws
   5 B 2    1.0:0.0        0.0:5.0       8:27:53 PM   -35.24    12 3.000 :4.000  0-5-0

--------------------------------------------------------------

Engine-Match Friday, August 22, 2025 8:27:54 PM
 Blitz 2/1 

Pairing 10/10 :    SlowMate_v3.0  -  V7P3R_v6.1

PGN-File: C:\Program Files (x86)\Arena\Tournaments\Engine Battle 20250822_4.pgn

No:  B/W 1/2     W:B       1:2           Time        Value Moves Dep 1:2       1-2-Draws
   5 W 1    1.0:0.0        5.0:0.0       8:29:33 PM   +17.30    11 3.636 :3.000  5-0-0

--------------------------------------------------------------

Engine-Match Friday, August 22, 2025 8:29:34 PM
 Blitz 2/1 

Pairing 1/10 :    V7P3R_v5.1  -  SlowMate_v3.0

PGN-File: C:\Program Files (x86)\Arena\Tournaments\Engine Battle 20250822_4.pgn

No:  B/W 1/2     W:B       1:2           Time        Value Moves Dep 1:2       1-2-Draws
   6 W 2    1.0:0.0        1.0:5.0       8:31:07 PM   +39.75    13 3.077 :3.462  1-5-0

--------------------------------------------------------------

Engine-Match Friday, August 22, 2025 8:31:08 PM
 Blitz 2/1 

Pairing 2/10 :    V7P3R_v6.1  -  V7P3R_v6.0

PGN-File: C:\Program Files (x86)\Arena\Tournaments\Engine Battle 20250822_4.pgn

No:  B/W 1/2     W:B       1:2           Time        Value Moves Dep 1:2       1-2-Draws
   6 B 1    1.0:0.0        6.0:0.0       8:32:07 PM    -M500     6 2.800 :3.000  6-0-0

--------------------------------------------------------------

Engine-Match Friday, August 22, 2025 8:32:08 PM
 Blitz 2/1 

Pairing 3/10 :    C0BR4_v2.0  -  V7P3R_v6.1

PGN-File: C:\Program Files (x86)\Arena\Tournaments\Engine Battle 20250822_4.pgn

No:  B/W 1/2     W:B       1:2           Time        Value Moves Dep 1:2       1-2-Draws
   6 B 1    1.0:0.0        6.0:0.0       8:33:45 PM  -299.99    18 4.000 :3.333  6-0-0

--------------------------------------------------------------

Engine-Match Friday, August 22, 2025 8:33:46 PM
 Blitz 2/1 

Pairing 4/10 :    V7P3R_v6.0  -  V7P3R_v5.1

PGN-File: C:\Program Files (x86)\Arena\Tournaments\Engine Battle 20250822_4.pgn

No:  B/W 1/2     W:B       1:2           Time        Value Moves Dep 1:2       1-2-Draws
   6 W 2    1.0:0.0        0.0:6.0       8:35:03 PM   +32.38     9 3.000 :3.111  0-6-0

--------------------------------------------------------------

Engine-Match Friday, August 22, 2025 8:35:04 PM
 Blitz 2/1 

Pairing 5/10 :    SlowMate_v3.0  -  V7P3R_v6.0

PGN-File: C:\Program Files (x86)\Arena\Tournaments\Engine Battle 20250822_4.pgn

No:  B/W 1/2     W:B       1:2           Time        Value Moves Dep 1:2       1-2-Draws
   6 B 1    1.0:0.0        6.0:0.0       8:36:37 PM   -30.45    13 3.583 :3.000  6-0-0

--------------------------------------------------------------

Engine-Match Friday, August 22, 2025 8:36:38 PM
 Blitz 2/1 

Pairing 6/10 :    V7P3R_v5.1  -  C0BR4_v2.0

PGN-File: C:\Program Files (x86)\Arena\Tournaments\Engine Battle 20250822_4.pgn

No:  B/W 1/2     W:B       1:2           Time        Value Moves Dep 1:2       1-2-Draws
   6 W 2    1.0:0.0        2.0:4.0       8:37:38 PM   +14.19    15 3.067 :4.000  2-4-0

--------------------------------------------------------------

Engine-Match Friday, August 22, 2025 8:37:40 PM
 Blitz 2/1 

Pairing 7/10 :    V7P3R_v6.1  -  V7P3R_v5.1

PGN-File: C:\Program Files (x86)\Arena\Tournaments\Engine Battle 20250822_4.pgn

No:  B/W 1/2     W:B       1:2           Time        Value Moves Dep 1:2       1-2-Draws
   6 W 2    1.0:0.0        2.0:4.0       8:39:52 PM   +28.19    14 3.000 :3.071  2-4-0

--------------------------------------------------------------

Engine-Match Friday, August 22, 2025 8:39:53 PM
 Blitz 2/1 

Pairing 8/10 :    C0BR4_v2.0  -  SlowMate_v3.0

PGN-File: C:\Program Files (x86)\Arena\Tournaments\Engine Battle 20250822_4.pgn

No:  B/W 1/2     W:B       1:2           Time        Value Moves Dep 1:2       1-2-Draws
   6 W 2    1.5:0.5        2.5:3.5       8:41:00 PM    +4.22    18 4.000 :3.316  2-3-1

--------------------------------------------------------------

Engine-Match Friday, August 22, 2025 8:41:02 PM
 Blitz 2/1 

Pairing 9/10 :    V7P3R_v6.0  -  C0BR4_v2.0

PGN-File: C:\Program Files (x86)\Arena\Tournaments\Engine Battle 20250822_4.pgn

No:  B/W 1/2     W:B       1:2           Time        Value Moves Dep 1:2       1-2-Draws
   6 W 2    1.0:0.0        0.0:6.0       8:41:30 PM   +53.50     6 3.000 :4.000  0-6-0

--------------------------------------------------------------

Engine-Match Friday, August 22, 2025 8:41:31 PM
 Blitz 2/1 

Pairing 10/10 :    SlowMate_v3.0  -  V7P3R_v6.1

PGN-File: C:\Program Files (x86)\Arena\Tournaments\Engine Battle 20250822_4.pgn

No:  B/W 1/2     W:B       1:2           Time        Value Moves Dep 1:2       1-2-Draws
   6 B 1    1.0:0.0        6.0:0.0       8:43:52 PM   -31.47    17 3.313 :3.000  6-0-0

--------------------------------------------------------------

Engine-Match Friday, August 22, 2025 8:43:58 PM
 Blitz 2/1 

Pairing 1/10 :    V7P3R_v5.1  -  SlowMate_v3.0

PGN-File: C:\Program Files (x86)\Arena\Tournaments\Engine Battle 20250822_4.pgn

No:  B/W 1/2     W:B       1:2           Time        Value Moves Dep 1:2       1-2-Draws
   7 B 2    1.0:0.0        1.0:6.0       8:45:36 PM   -20.34    14 3.071 :3.385  1-6-0

--------------------------------------------------------------

Engine-Match Friday, August 22, 2025 8:45:38 PM
 Blitz 2/1 

Pairing 2/10 :    V7P3R_v6.1  -  V7P3R_v6.0

PGN-File: C:\Program Files (x86)\Arena\Tournaments\Engine Battle 20250822_4.pgn

No:  B/W 1/2     W:B       1:2           Time        Value Moves Dep 1:2       1-2-Draws
   7 W 1    1.0:0.0        7.0:0.0       8:46:35 PM   +51.71     6 3.000 :3.000  7-0-0

--------------------------------------------------------------

Engine-Match Friday, August 22, 2025 8:46:37 PM
 Blitz 2/1 

Pairing 3/10 :    C0BR4_v2.0  -  V7P3R_v6.1

PGN-File: C:\Program Files (x86)\Arena\Tournaments\Engine Battle 20250822_4.pgn

No:  B/W 1/2     W:B       1:2           Time        Value Moves Dep 1:2       1-2-Draws
   7 W 1    1.0:0.0        7.0:0.0       8:47:13 PM   +16.13     6 4.000 :3.000  7-0-0

--------------------------------------------------------------

Engine-Match Friday, August 22, 2025 8:47:15 PM
 Blitz 2/1 

Pairing 4/10 :    V7P3R_v6.0  -  V7P3R_v5.1

PGN-File: C:\Program Files (x86)\Arena\Tournaments\Engine Battle 20250822_4.pgn

No:  B/W 1/2     W:B       1:2           Time        Value Moves Dep 1:2       1-2-Draws
   7 B 2    1.0:0.0        0.0:7.0       8:48:40 PM   -23.32    11 3.000 :3.300  0-7-0

--------------------------------------------------------------

Engine-Match Friday, August 22, 2025 8:48:42 PM
 Blitz 2/1 

Pairing 5/10 :    SlowMate_v3.0  -  V7P3R_v6.0

PGN-File: C:\Program Files (x86)\Arena\Tournaments\Engine Battle 20250822_4.pgn

No:  B/W 1/2     W:B       1:2           Time        Value Moves Dep 1:2       1-2-Draws
   7 W 1    1.0:0.0        7.0:0.0       8:49:59 PM   +28.59    10 3.800 :3.000  7-0-0

--------------------------------------------------------------

Engine-Match Friday, August 22, 2025 8:50:00 PM
 Blitz 2/1 

Pairing 6/10 :    V7P3R_v5.1  -  C0BR4_v2.0

PGN-File: C:\Program Files (x86)\Arena\Tournaments\Engine Battle 20250822_4.pgn

No:  B/W 1/2     W:B       1:2           Time        Value Moves Dep 1:2       1-2-Draws
   7 B 2    1.0:0.0        2.0:5.0       8:50:56 PM   -16.54    14 3.071 :4.000  2-5-0

--------------------------------------------------------------

Engine-Match Friday, August 22, 2025 8:50:58 PM
 Blitz 2/1 

Pairing 7/10 :    V7P3R_v6.1  -  V7P3R_v5.1

PGN-File: C:\Program Files (x86)\Arena\Tournaments\Engine Battle 20250822_4.pgn

No:  B/W 1/2     W:B       1:2           Time        Value Moves Dep 1:2       1-2-Draws
   7 W 1    1.0:0.0        3.0:4.0       8:52:46 PM     0.00    11 3.000 :3.100  3-4-0

--------------------------------------------------------------

Engine-Match Friday, August 22, 2025 8:52:48 PM
 Blitz 2/1 

Pairing 8/10 :    C0BR4_v2.0  -  SlowMate_v3.0

PGN-File: C:\Program Files (x86)\Arena\Tournaments\Engine Battle 20250822_4.pgn

No:  B/W 1/2     W:B       1:2           Time        Value Moves Dep 1:2       1-2-Draws
   7 B 2    1.5:0.5        2.5:4.5       8:55:30 PM    -6.39    55 4.000 :3.125  2-4-1

--------------------------------------------------------------

Engine-Match Friday, August 22, 2025 8:55:31 PM
 Blitz 2/1 

Pairing 9/10 :    V7P3R_v6.0  -  C0BR4_v2.0

PGN-File: C:\Program Files (x86)\Arena\Tournaments\Engine Battle 20250822_4.pgn

No:  B/W 1/2     W:B       1:2           Time        Value Moves Dep 1:2       1-2-Draws
   7 B 2    1.0:0.0        0.0:7.0       8:56:22 PM   -29.87    12 3.000 :4.000  0-7-0

--------------------------------------------------------------

Engine-Match Friday, August 22, 2025 8:56:23 PM
 Blitz 2/1 

Pairing 10/10 :    SlowMate_v3.0  -  V7P3R_v6.1

PGN-File: C:\Program Files (x86)\Arena\Tournaments\Engine Battle 20250822_4.pgn

No:  B/W 1/2     W:B       1:2           Time        Value Moves Dep 1:2       1-2-Draws
   7 W 1    1.0:0.0        7.0:0.0       8:58:02 PM   +31.07    11 3.636 :3.000  7-0-0

--------------------------------------------------------------

Engine-Match Friday, August 22, 2025 8:58:03 PM
 Blitz 2/1 

Pairing 1/10 :    V7P3R_v5.1  -  SlowMate_v3.0

PGN-File: C:\Program Files (x86)\Arena\Tournaments\Engine Battle 20250822_4.pgn

No:  B/W 1/2     W:B       1:2           Time        Value Moves Dep 1:2       1-2-Draws
   8 W 2    1.0:0.0        1.0:7.0       8:59:36 PM   +39.75    13 3.077 :3.462  1-7-0

--------------------------------------------------------------

Engine-Match Friday, August 22, 2025 8:59:38 PM
 Blitz 2/1 

Pairing 2/10 :    V7P3R_v6.1  -  V7P3R_v6.0

PGN-File: C:\Program Files (x86)\Arena\Tournaments\Engine Battle 20250822_4.pgn

No:  B/W 1/2     W:B       1:2           Time        Value Moves Dep 1:2       1-2-Draws
   8 B 1    1.0:0.0        8.0:0.0       9:00:36 PM    -M500     6 2.800 :3.000  8-0-0

--------------------------------------------------------------

Engine-Match Friday, August 22, 2025 9:00:37 PM
 Blitz 2/1 

Pairing 3/10 :    C0BR4_v2.0  -  V7P3R_v6.1

PGN-File: C:\Program Files (x86)\Arena\Tournaments\Engine Battle 20250822_4.pgn

No:  B/W 1/2     W:B       1:2           Time        Value Moves Dep 1:2       1-2-Draws
   8 B 1    1.0:0.0        8.0:0.0       9:01:49 PM   -20.44    13 4.000 :3.000  8-0-0

--------------------------------------------------------------

Engine-Match Friday, August 22, 2025 9:01:50 PM
 Blitz 2/1 

Pairing 4/10 :    V7P3R_v6.0  -  V7P3R_v5.1

PGN-File: C:\Program Files (x86)\Arena\Tournaments\Engine Battle 20250822_4.pgn

No:  B/W 1/2     W:B       1:2           Time        Value Moves Dep 1:2       1-2-Draws
   8 W 2    1.0:0.0        0.0:8.0       9:03:06 PM   +32.38     9 3.000 :3.111  0-8-0

--------------------------------------------------------------

Engine-Match Friday, August 22, 2025 9:03:08 PM
 Blitz 2/1 

Pairing 5/10 :    SlowMate_v3.0  -  V7P3R_v6.0

PGN-File: C:\Program Files (x86)\Arena\Tournaments\Engine Battle 20250822_4.pgn

No:  B/W 1/2     W:B       1:2           Time        Value Moves Dep 1:2       1-2-Draws
   8 B 1    1.0:0.0        8.0:0.0       9:04:41 PM   -30.45    13 3.583 :3.000  8-0-0

--------------------------------------------------------------

Engine-Match Friday, August 22, 2025 9:04:42 PM
 Blitz 2/1 

Pairing 6/10 :    V7P3R_v5.1  -  C0BR4_v2.0

PGN-File: C:\Program Files (x86)\Arena\Tournaments\Engine Battle 20250822_4.pgn

No:  B/W 1/2     W:B       1:2           Time        Value Moves Dep 1:2       1-2-Draws
   8 B 1    1.0:0.0        3.0:5.0       9:05:01 PM   -13.95     4 3.600 :4.000  3-5-0

--------------------------------------------------------------

Engine-Match Friday, August 22, 2025 9:05:02 PM
 Blitz 2/1 

Pairing 7/10 :    V7P3R_v6.1  -  V7P3R_v5.1

PGN-File: C:\Program Files (x86)\Arena\Tournaments\Engine Battle 20250822_4.pgn

No:  B/W 1/2     W:B       1:2           Time        Value Moves Dep 1:2       1-2-Draws
   8 W 2    1.0:0.0        3.0:5.0       9:07:14 PM   +28.19    14 3.000 :3.071  3-5-0

--------------------------------------------------------------

Engine-Match Friday, August 22, 2025 9:07:16 PM
 Blitz 2/1 

Pairing 8/10 :    C0BR4_v2.0  -  SlowMate_v3.0

PGN-File: C:\Program Files (x86)\Arena\Tournaments\Engine Battle 20250822_4.pgn

No:  B/W 1/2     W:B       1:2           Time        Value Moves Dep 1:2       1-2-Draws
   8 W 2    1.5:0.5        2.5:5.5       9:08:25 PM    +4.22    18 4.000 :3.263  2-5-1

--------------------------------------------------------------

Engine-Match Friday, August 22, 2025 9:08:26 PM
 Blitz 2/1 

Pairing 9/10 :    V7P3R_v6.0  -  C0BR4_v2.0

PGN-File: C:\Program Files (x86)\Arena\Tournaments\Engine Battle 20250822_4.pgn

No:  B/W 1/2     W:B       1:2           Time        Value Moves Dep 1:2       1-2-Draws
   8 W 2    1.0:0.0        0.0:8.0       9:08:54 PM   +33.96     6 3.000 :4.000  0-8-0

--------------------------------------------------------------

Engine-Match Friday, August 22, 2025 9:08:55 PM
 Blitz 2/1 

Pairing 10/10 :    SlowMate_v3.0  -  V7P3R_v6.1

PGN-File: C:\Program Files (x86)\Arena\Tournaments\Engine Battle 20250822_4.pgn

No:  B/W 1/2     W:B       1:2           Time        Value Moves Dep 1:2       1-2-Draws
   8 B 1    1.0:0.0        8.0:0.0       9:10:34 PM   -18.39    11 3.400 :3.091  8-0-0

--------------------------------------------------------------

Engine-Match Friday, August 22, 2025 9:10:40 PM
 Blitz 2/1 

Pairing 1/10 :    V7P3R_v5.1  -  SlowMate_v3.0

PGN-File: C:\Program Files (x86)\Arena\Tournaments\Engine Battle 20250822_4.pgn

No:  B/W 1/2     W:B       1:2           Time        Value Moves Dep 1:2       1-2-Draws
   9 B 2    1.0:0.0        1.0:8.0       9:12:59 PM   -15.44    21 3.048 :3.000  1-8-0

--------------------------------------------------------------

Engine-Match Friday, August 22, 2025 9:13:00 PM
 Blitz 2/1 

Pairing 2/10 :    V7P3R_v6.1  -  V7P3R_v6.0

PGN-File: C:\Program Files (x86)\Arena\Tournaments\Engine Battle 20250822_4.pgn

No:  B/W 1/2     W:B       1:2           Time        Value Moves Dep 1:2       1-2-Draws
   9 W 1    1.0:0.0        9.0:0.0       9:13:59 PM   +51.71     6 3.000 :3.000  9-0-0

--------------------------------------------------------------

Engine-Match Friday, August 22, 2025 9:14:00 PM
 Blitz 2/1 

Pairing 3/10 :    C0BR4_v2.0  -  V7P3R_v6.1

PGN-File: C:\Program Files (x86)\Arena\Tournaments\Engine Battle 20250822_4.pgn

No:  B/W 1/2     W:B       1:2           Time        Value Moves Dep 1:2       1-2-Draws
   9 W 1    1.0:0.0        9.0:0.0       9:14:34 PM   +28.91     6 4.000 :3.000  9-0-0

--------------------------------------------------------------

Engine-Match Friday, August 22, 2025 9:14:35 PM
 Blitz 2/1 

Pairing 4/10 :    V7P3R_v6.0  -  V7P3R_v5.1

PGN-File: C:\Program Files (x86)\Arena\Tournaments\Engine Battle 20250822_4.pgn

No:  B/W 1/2     W:B       1:2           Time        Value Moves Dep 1:2       1-2-Draws
   9 B 2    1.0:0.0        0.0:9.0       9:16:02 PM   -23.32    11 3.000 :3.300  0-9-0

--------------------------------------------------------------

Engine-Match Friday, August 22, 2025 9:16:04 PM
 Blitz 2/1 

Pairing 5/10 :    SlowMate_v3.0  -  V7P3R_v6.0

PGN-File: C:\Program Files (x86)\Arena\Tournaments\Engine Battle 20250822_4.pgn

No:  B/W 1/2     W:B       1:2           Time        Value Moves Dep 1:2       1-2-Draws
   9 W 1    1.0:0.0        9.0:0.0       9:17:22 PM   +28.59    10 3.800 :3.000  9-0-0

--------------------------------------------------------------

Engine-Match Friday, August 22, 2025 9:17:23 PM
 Blitz 2/1 

Pairing 6/10 :    V7P3R_v5.1  -  C0BR4_v2.0

PGN-File: C:\Program Files (x86)\Arena\Tournaments\Engine Battle 20250822_4.pgn

No:  B/W 1/2     W:B       1:2           Time        Value Moves Dep 1:2       1-2-Draws
   9 W 1    1.0:0.0        4.0:5.0       9:18:19 PM   -12.25    14 3.067 :4.000  4-5-0

--------------------------------------------------------------

Engine-Match Friday, August 22, 2025 9:18:20 PM
 Blitz 2/1 

Pairing 7/10 :    V7P3R_v6.1  -  V7P3R_v5.1

PGN-File: C:\Program Files (x86)\Arena\Tournaments\Engine Battle 20250822_4.pgn

No:  B/W 1/2     W:B       1:2           Time        Value Moves Dep 1:2       1-2-Draws
   9 W 1    1.0:0.0        4.0:5.0       9:19:08 PM   +39.84     5 3.000 :3.600  4-5-0

--------------------------------------------------------------

Engine-Match Friday, August 22, 2025 9:19:09 PM
 Blitz 2/1 

Pairing 8/10 :    C0BR4_v2.0  -  SlowMate_v3.0

PGN-File: C:\Program Files (x86)\Arena\Tournaments\Engine Battle 20250822_4.pgn

No:  B/W 1/2     W:B       1:2           Time        Value Moves Dep 1:2       1-2-Draws
   9 = =    1.0:1.0        3.0:6.0       9:21:37 PM    -7.00    48 4.000 :3.188  2-5-2

--------------------------------------------------------------

Engine-Match Friday, August 22, 2025 9:21:39 PM
 Blitz 2/1 

Pairing 9/10 :    V7P3R_v6.0  -  C0BR4_v2.0

PGN-File: C:\Program Files (x86)\Arena\Tournaments\Engine Battle 20250822_4.pgn

No:  B/W 1/2     W:B       1:2           Time        Value Moves Dep 1:2       1-2-Draws
   9 B 2    1.0:0.0        0.0:9.0       9:22:29 PM   -34.74    12 3.000 :4.000  0-9-0

--------------------------------------------------------------

Engine-Match Friday, August 22, 2025 9:22:31 PM
 Blitz 2/1 

Pairing 10/10 :    SlowMate_v3.0  -  V7P3R_v6.1

PGN-File: C:\Program Files (x86)\Arena\Tournaments\Engine Battle 20250822_4.pgn

No:  B/W 1/2     W:B       1:2           Time        Value Moves Dep 1:2       1-2-Draws
   9 W 1    1.0:0.0        9.0:0.0       9:24:10 PM   +17.30    11 3.636 :3.000  9-0-0

--------------------------------------------------------------

Engine-Match Friday, August 22, 2025 9:24:11 PM
 Blitz 2/1 

Pairing 1/10 :    V7P3R_v5.1  -  SlowMate_v3.0

PGN-File: C:\Program Files (x86)\Arena\Tournaments\Engine Battle 20250822_4.pgn

No:  B/W 1/2     W:B       1:2           Time        Value Moves Dep 1:2       1-2-Draws
  10 W 2    1.0:0.0        1.0:9.0       9:25:44 PM   +39.75    13 3.077 :3.462  1-9-0

--------------------------------------------------------------

Engine-Match Friday, August 22, 2025 9:25:46 PM
 Blitz 2/1 

Pairing 2/10 :    V7P3R_v6.1  -  V7P3R_v6.0

PGN-File: C:\Program Files (x86)\Arena\Tournaments\Engine Battle 20250822_4.pgn

No:  B/W 1/2     W:B       1:2           Time        Value Moves Dep 1:2       1-2-Draws
  10 B 1    1.0:0.0        10.0:0.0      9:26:42 PM   -18.45     6 3.000 :3.000  10-0-0

--------------------------------------------------------------

Engine-Match Friday, August 22, 2025 9:26:43 PM
 Blitz 2/1 

Pairing 3/10 :    C0BR4_v2.0  -  V7P3R_v6.1

PGN-File: C:\Program Files (x86)\Arena\Tournaments\Engine Battle 20250822_4.pgn

No:  B/W 1/2     W:B       1:2           Time        Value Moves Dep 1:2       1-2-Draws
  10 = =    0.5:0.5        9.5:0.5       9:28:01 PM    -1.61    12 4.000 :3.000  9-0-1

--------------------------------------------------------------

Engine-Match Friday, August 22, 2025 9:28:02 PM
 Blitz 2/1 

Pairing 4/10 :    V7P3R_v6.0  -  V7P3R_v5.1

PGN-File: C:\Program Files (x86)\Arena\Tournaments\Engine Battle 20250822_4.pgn

No:  B/W 1/2     W:B       1:2           Time        Value Moves Dep 1:2       1-2-Draws
  10 W 2    1.0:0.0        0.0:10.0      9:29:19 PM   +32.38     9 3.000 :3.111  0-10-0

--------------------------------------------------------------

Engine-Match Friday, August 22, 2025 9:29:20 PM
 Blitz 2/1 

Pairing 5/10 :    SlowMate_v3.0  -  V7P3R_v6.0

PGN-File: C:\Program Files (x86)\Arena\Tournaments\Engine Battle 20250822_4.pgn

No:  B/W 1/2     W:B       1:2           Time        Value Moves Dep 1:2       1-2-Draws
  10 B 1    1.0:0.0        10.0:0.0      9:30:54 PM   -30.45    13 3.583 :3.000  10-0-0

--------------------------------------------------------------

Engine-Match Friday, August 22, 2025 9:30:55 PM
 Blitz 2/1 

Pairing 6/10 :    V7P3R_v5.1  -  C0BR4_v2.0

PGN-File: C:\Program Files (x86)\Arena\Tournaments\Engine Battle 20250822_4.pgn

No:  B/W 1/2     W:B       1:2           Time        Value Moves Dep 1:2       1-2-Draws
  10 W 2    1.0:0.0        4.0:6.0       9:32:15 PM   +54.65    23 3.043 :4.000  4-6-0

--------------------------------------------------------------

Engine-Match Friday, August 22, 2025 9:32:16 PM
 Blitz 2/1 

Pairing 7/10 :    V7P3R_v6.1  -  V7P3R_v5.1

PGN-File: C:\Program Files (x86)\Arena\Tournaments\Engine Battle 20250822_4.pgn

No:  B/W 1/2     W:B       1:2           Time        Value Moves Dep 1:2       1-2-Draws
  10 W 2    1.0:0.0        4.0:6.0       9:33:39 PM   +36.15     9 3.000 :3.111  4-6-0

--------------------------------------------------------------

Engine-Match Friday, August 22, 2025 9:33:40 PM
 Blitz 2/1 

Pairing 8/10 :    C0BR4_v2.0  -  SlowMate_v3.0

PGN-File: C:\Program Files (x86)\Arena\Tournaments\Engine Battle 20250822_4.pgn

No:  B/W 1/2     W:B       1:2           Time        Value Moves Dep 1:2       1-2-Draws
  10 W 2    2.0:1.0        3.0:7.0       9:36:37 PM   +15.98    61 4.000 :3.286  2-6-2

--------------------------------------------------------------

Engine-Match Friday, August 22, 2025 9:36:39 PM
 Blitz 2/1 

Pairing 9/10 :    V7P3R_v6.0  -  C0BR4_v2.0

PGN-File: C:\Program Files (x86)\Arena\Tournaments\Engine Battle 20250822_4.pgn

No:  B/W 1/2     W:B       1:2           Time        Value Moves Dep 1:2       1-2-Draws
  10 W 2    1.0:0.0        0.0:10.0      9:37:07 PM   +33.96     6 3.000 :4.000  0-10-0

--------------------------------------------------------------

Engine-Match Friday, August 22, 2025 9:37:08 PM
 Blitz 2/1 

Pairing 10/10 :    SlowMate_v3.0  -  V7P3R_v6.1

PGN-File: C:\Program Files (x86)\Arena\Tournaments\Engine Battle 20250822_4.pgn

No:  B/W 1/2     W:B       1:2           Time        Value Moves Dep 1:2       1-2-Draws
  10 B 1    1.0:0.0        10.0:0.0      9:39:38 PM   -24.34    18 3.625 :3.059  10-0-0
