Engine-Match Sunday, September 21, 2025 5:50:42 PM
 Blitz 2/1 

Pairing 1/21 :    C0BR4_v2.9  -  V7P3R_v10.8

PGN-File: C:\Program Files (x86)\Arena\Tournaments\Engine Battle 20250921.pgn

No:  B/W 1/2     W:B       1:2           Time        Value Moves Dep 1:2       1-2-Draws
   1 = =    0.5:0.5        0.5:0.5       5:52:53 PM    -0.52    36 4.000 :3.190  0-0-1

--------------------------------------------------------------

Engine-Match Sunday, September 21, 2025 5:52:54 PM
 Blitz 2/1 

Pairing 2/21 :    V7P3R_v11.4  -  Random_Opponent

PGN-File: C:\Program Files (x86)\Arena\Tournaments\Engine Battle 20250921.pgn

No:  B/W 1/2     W:B       1:2           Time        Value Moves Dep 1:2       1-2-Draws
   1 W 1    1.0:0.0        1.0:0.0       5:54:06 PM     0.00    21 3.300 :0 1-0-0

--------------------------------------------------------------

Engine-Match Sunday, September 21, 2025 5:54:07 PM
 Blitz 2/1 

Pairing 3/21 :    SlowMate_v3.1  -  Stockfish 1%

PGN-File: C:\Program Files (x86)\Arena\Tournaments\Engine Battle 20250921.pgn

No:  B/W 1/2     W:B       1:2           Time        Value Moves Dep 1:2       1-2-Draws
   1 = =    0.5:0.5        0.5:0.5       5:59:09 PM    -3.33   135 2.439 :9.556  0-0-1

--------------------------------------------------------------

Engine-Match Sunday, September 21, 2025 5:59:11 PM
 Blitz 2/1 

Pairing 4/21 :    V7P3R_v10.6  -  V7P3R_v11.4

PGN-File: C:\Program Files (x86)\Arena\Tournaments\Engine Battle 20250921.pgn

No:  B/W 1/2     W:B       1:2           Time        Value Moves Dep 1:2       1-2-Draws
   1 W 1    1.0:0.0        1.0:0.0       6:02:46 PM  +289.96    31 2.900 :3.222  1-0-0

--------------------------------------------------------------

Engine-Match Sunday, September 21, 2025 6:02:47 PM
 Blitz 2/1 

Pairing 5/21 :    Stockfish 1%  -  C0BR4_v2.9

PGN-File: C:\Program Files (x86)\Arena\Tournaments\Engine Battle 20250921.pgn

No:  B/W 1/2     W:B       1:2           Time        Value Moves Dep 1:2       1-2-Draws
   1 W 1    1.0:0.0        1.0:0.0       6:03:15 PM      +M1    40 10.000 :4.000  1-0-0

--------------------------------------------------------------

Engine-Match Sunday, September 21, 2025 6:03:16 PM
 Blitz 2/1 

Pairing 6/21 :    Random_Opponent  -  SlowMate_v3.1

PGN-File: C:\Program Files (x86)\Arena\Tournaments\Engine Battle 20250921.pgn

No:  B/W 1/2     W:B       1:2           Time        Value Moves Dep 1:2       1-2-Draws
   1 = =    0.5:0.5        0.5:0.5       6:04:51 PM  -200.00    26 0:2.654  0-0-1

--------------------------------------------------------------

Engine-Match Sunday, September 21, 2025 6:04:53 PM
 Blitz 2/1 

Pairing 7/21 :    V7P3R_v10.8  -  Stockfish 1%

PGN-File: C:\Program Files (x86)\Arena\Tournaments\Engine Battle 20250921.pgn

No:  B/W 1/2     W:B       1:2           Time        Value Moves Dep 1:2       1-2-Draws
   1 B 2    1.0:0.0        0.0:1.0       6:06:01 PM      -M1    14 3.154 :11.250  0-1-0

--------------------------------------------------------------

Engine-Match Sunday, September 21, 2025 6:06:02 PM
 Blitz 2/1 

Pairing 8/21 :    SlowMate_v3.1  -  V7P3R_v10.6

PGN-File: C:\Program Files (x86)\Arena\Tournaments\Engine Battle 20250921.pgn

No:  B/W 1/2     W:B       1:2           Time        Value Moves Dep 1:2       1-2-Draws
   1 B 2    1.0:0.0        0.0:1.0       6:11:09 PM  -200.00    55 2.560 :2.600  0-1-0

--------------------------------------------------------------

Engine-Match Sunday, September 21, 2025 6:11:11 PM
 Blitz 2/1 

Pairing 9/21 :    C0BR4_v2.9  -  Random_Opponent

PGN-File: C:\Program Files (x86)\Arena\Tournaments\Engine Battle 20250921.pgn

No:  B/W 1/2     W:B       1:2           Time        Value Moves Dep 1:2       1-2-Draws
   1 W 1    1.0:0.0        1.0:0.0       6:11:30 PM  +299.97    21 4.000 :0 1-0-0

--------------------------------------------------------------

Engine-Match Sunday, September 21, 2025 6:11:31 PM
 Blitz 2/1 

Pairing 10/21 :    V7P3R_v11.4  -  SlowMate_v3.1

PGN-File: C:\Program Files (x86)\Arena\Tournaments\Engine Battle 20250921.pgn

No:  B/W 1/2     W:B       1:2           Time        Value Moves Dep 1:2       1-2-Draws
   1 W 1    1.0:0.0        1.0:0.0       6:14:40 PM  +289.97    30 3.179 :2.621  1-0-0

--------------------------------------------------------------

Engine-Match Sunday, September 21, 2025 6:14:42 PM
 Blitz 2/1 

Pairing 11/21 :    Random_Opponent  -  V7P3R_v10.8

PGN-File: C:\Program Files (x86)\Arena\Tournaments\Engine Battle 20250921.pgn

No:  B/W 1/2     W:B       1:2           Time        Value Moves Dep 1:2       1-2-Draws
   1 B 2    1.0:0.0        0.0:1.0       6:16:11 PM  -289.97    31 0:3.167  0-1-0

--------------------------------------------------------------

Engine-Match Sunday, September 21, 2025 6:16:12 PM
 Blitz 2/1 

Pairing 12/21 :    V7P3R_v10.6  -  C0BR4_v2.9

PGN-File: C:\Program Files (x86)\Arena\Tournaments\Engine Battle 20250921.pgn

No:  B/W 1/2     W:B       1:2           Time        Value Moves Dep 1:2       1-2-Draws
   1 B 2    1.0:0.0        0.0:1.0       6:18:00 PM  -289.96    30 3.172 :4.000  0-1-0

--------------------------------------------------------------

Engine-Match Sunday, September 21, 2025 6:18:01 PM
 Blitz 2/1 

Pairing 13/21 :    Stockfish 1%  -  Random_Opponent

PGN-File: C:\Program Files (x86)\Arena\Tournaments\Engine Battle 20250921.pgn

No:  B/W 1/2     W:B       1:2           Time        Value Moves Dep 1:2       1-2-Draws
   1 W 1    1.0:0.0        1.0:0.0       6:18:10 PM      +M1    15 12.333 :0 1-0-0

--------------------------------------------------------------

Engine-Match Sunday, September 21, 2025 6:18:11 PM
 Blitz 2/1 

Pairing 14/21 :    C0BR4_v2.9  -  V7P3R_v11.4

PGN-File: C:\Program Files (x86)\Arena\Tournaments\Engine Battle 20250921.pgn

No:  B/W 1/2     W:B       1:2           Time        Value Moves Dep 1:2       1-2-Draws
   1 W 1    1.0:0.0        1.0:0.0       6:20:15 PM  +299.97    24 4.000 :3.765  1-0-0

--------------------------------------------------------------

Engine-Match Sunday, September 21, 2025 6:20:16 PM
 Blitz 2/1 

Pairing 15/21 :    V7P3R_v10.8  -  V7P3R_v10.6

PGN-File: C:\Program Files (x86)\Arena\Tournaments\Engine Battle 20250921.pgn

No:  B/W 1/2     W:B       1:2           Time        Value Moves Dep 1:2       1-2-Draws
   1 W 1    1.0:0.0        1.0:0.0       6:25:59 PM     0.00    78 2.795 :2.773  1-0-0

--------------------------------------------------------------

Engine-Match Sunday, September 21, 2025 6:26:00 PM
 Blitz 2/1 

Pairing 16/21 :    SlowMate_v3.1  -  C0BR4_v2.9

PGN-File: C:\Program Files (x86)\Arena\Tournaments\Engine Battle 20250921.pgn

No:  B/W 1/2     W:B       1:2           Time        Value Moves Dep 1:2       1-2-Draws
   1 = =    0.5:0.5        0.5:0.5       6:29:03 PM    +0.21    42 2.919 :4.000  0-0-1

--------------------------------------------------------------

Engine-Match Sunday, September 21, 2025 6:29:04 PM
 Blitz 2/1 

Pairing 17/21 :    V7P3R_v10.6  -  Stockfish 1%

PGN-File: C:\Program Files (x86)\Arena\Tournaments\Engine Battle 20250921.pgn

No:  B/W 1/2     W:B       1:2           Time        Value Moves Dep 1:2       1-2-Draws
   1 B 2    1.0:0.0        0.0:1.0       6:31:16 PM   -13.51    37 2.757 :10.750  0-1-0

--------------------------------------------------------------

Engine-Match Sunday, September 21, 2025 6:31:18 PM
 Blitz 2/1 

Pairing 18/21 :    V7P3R_v11.4  -  V7P3R_v10.8

PGN-File: C:\Program Files (x86)\Arena\Tournaments\Engine Battle 20250921.pgn

No:  B/W 1/2     W:B       1:2           Time        Value Moves Dep 1:2       1-2-Draws
   1 = =    0.5:0.5        0.5:0.5       6:34:22 PM    -0.40    14 3.357 :3.077  0-0-1

--------------------------------------------------------------

Engine-Match Sunday, September 21, 2025 6:34:24 PM
 Blitz 2/1 

Pairing 19/21 :    Random_Opponent  -  V7P3R_v10.6

PGN-File: C:\Program Files (x86)\Arena\Tournaments\Engine Battle 20250921.pgn

No:  B/W 1/2     W:B       1:2           Time        Value Moves Dep 1:2       1-2-Draws
   1 B 2    1.0:0.0        0.0:1.0       6:35:44 PM  -289.97    19 0:3.389  0-1-0

--------------------------------------------------------------

Engine-Match Sunday, September 21, 2025 6:35:45 PM
 Blitz 2/1 

Pairing 20/21 :    V7P3R_v10.8  -  SlowMate_v3.1

PGN-File: C:\Program Files (x86)\Arena\Tournaments\Engine Battle 20250921.pgn

No:  B/W 1/2     W:B       1:2           Time        Value Moves Dep 1:2       1-2-Draws
   1 B 2    1.0:0.0        0.0:1.0       6:41:15 PM   -10.25    65 2.429 :2.746  0-1-0

--------------------------------------------------------------

Engine-Match Sunday, September 21, 2025 6:41:22 PM
 Blitz 2/1 

Pairing 21/21 :    Stockfish 1%  -  V7P3R_v11.4

PGN-File: C:\Program Files (x86)\Arena\Tournaments\Engine Battle 20250921.pgn

No:  B/W 1/2     W:B       1:2           Time        Value Moves Dep 1:2       1-2-Draws
   1 W 1    1.0:0.0        1.0:0.0       6:42:24 PM      +M1    13 11.429 :3.250  1-0-0

--------------------------------------------------------------

Engine-Match Sunday, September 21, 2025 6:42:25 PM
 Blitz 2/1 

Pairing 1/21 :    C0BR4_v2.9  -  V7P3R_v10.8

PGN-File: C:\Program Files (x86)\Arena\Tournaments\Engine Battle 20250921.pgn

No:  B/W 1/2     W:B       1:2           Time        Value Moves Dep 1:2       1-2-Draws
   2 = =    1.0:1.0        1.0:1.0       6:44:20 PM     0.00    30 4.000 :3.130  0-0-2

--------------------------------------------------------------

Engine-Match Sunday, September 21, 2025 6:44:21 PM
 Blitz 2/1 

Pairing 2/21 :    V7P3R_v11.4  -  Random_Opponent

PGN-File: C:\Program Files (x86)\Arena\Tournaments\Engine Battle 20250921.pgn

No:  B/W 1/2     W:B       1:2           Time        Value Moves Dep 1:2       1-2-Draws
   2 B 1    1.0:0.0        2.0:0.0       6:46:19 PM  -289.96    30 3.276 :0 2-0-0

--------------------------------------------------------------

Engine-Match Sunday, September 21, 2025 6:46:21 PM
 Blitz 2/1 

Pairing 3/21 :    SlowMate_v3.1  -  Stockfish 1%

PGN-File: C:\Program Files (x86)\Arena\Tournaments\Engine Battle 20250921.pgn

No:  B/W 1/2     W:B       1:2           Time        Value Moves Dep 1:2       1-2-Draws
   2 B 1    1.5:0.5        1.5:0.5       6:49:10 PM  -192.41    58 2.808 :10.333  1-0-1

--------------------------------------------------------------

Engine-Match Sunday, September 21, 2025 6:49:11 PM
 Blitz 2/1 

Pairing 4/21 :    V7P3R_v10.6  -  V7P3R_v11.4

PGN-File: C:\Program Files (x86)\Arena\Tournaments\Engine Battle 20250921.pgn

No:  B/W 1/2     W:B       1:2           Time        Value Moves Dep 1:2       1-2-Draws
   2 B 1    1.0:0.0        2.0:0.0       6:54:38 PM     0.00    54 2.864 :3.435  2-0-0

--------------------------------------------------------------

Engine-Match Sunday, September 21, 2025 6:54:40 PM
 Blitz 2/1 

Pairing 5/21 :    Stockfish 1%  -  C0BR4_v2.9

PGN-File: C:\Program Files (x86)\Arena\Tournaments\Engine Battle 20250921.pgn

No:  B/W 1/2     W:B       1:2           Time        Value Moves Dep 1:2       1-2-Draws
   2 B 1    1.0:0.0        2.0:0.0       6:55:29 PM    -9.57    67 9.444 :4.000  2-0-0

--------------------------------------------------------------

Engine-Match Sunday, September 21, 2025 6:55:30 PM
 Blitz 2/1 

Pairing 6/21 :    Random_Opponent  -  SlowMate_v3.1

PGN-File: C:\Program Files (x86)\Arena\Tournaments\Engine Battle 20250921.pgn

No:  B/W 1/2     W:B       1:2           Time        Value Moves Dep 1:2       1-2-Draws
   2 W 2    1.5:0.5        0.5:1.5       6:56:55 PM  +179.74    24 0:3.042  0-1-1

--------------------------------------------------------------

Engine-Match Sunday, September 21, 2025 6:56:56 PM
 Blitz 2/1 

Pairing 7/21 :    V7P3R_v10.8  -  Stockfish 1%

PGN-File: C:\Program Files (x86)\Arena\Tournaments\Engine Battle 20250921.pgn

No:  B/W 1/2     W:B       1:2           Time        Value Moves Dep 1:2       1-2-Draws
   2 W 2    1.0:0.0        0.0:2.0       6:58:19 PM      +M1    23 2.905 :10.500  0-2-0

--------------------------------------------------------------

Engine-Match Sunday, September 21, 2025 6:58:21 PM
 Blitz 2/1 

Pairing 8/21 :    SlowMate_v3.1  -  V7P3R_v10.6

PGN-File: C:\Program Files (x86)\Arena\Tournaments\Engine Battle 20250921.pgn

No:  B/W 1/2     W:B       1:2           Time        Value Moves Dep 1:2       1-2-Draws
   2 = =    0.5:0.5        0.5:1.5       7:00:52 PM     0.00    21 3.150 :3.000  0-1-1

--------------------------------------------------------------

Engine-Match Sunday, September 21, 2025 7:00:54 PM
 Blitz 2/1 

Pairing 9/21 :    C0BR4_v2.9  -  Random_Opponent

PGN-File: C:\Program Files (x86)\Arena\Tournaments\Engine Battle 20250921.pgn

No:  B/W 1/2     W:B       1:2           Time        Value Moves Dep 1:2       1-2-Draws
   2 B 1    1.0:0.0        2.0:0.0       7:01:09 PM  -299.97    21 4.000 :0 2-0-0

--------------------------------------------------------------

Engine-Match Sunday, September 21, 2025 7:01:10 PM
 Blitz 2/1 

Pairing 10/21 :    V7P3R_v11.4  -  SlowMate_v3.1

PGN-File: C:\Program Files (x86)\Arena\Tournaments\Engine Battle 20250921.pgn

No:  B/W 1/2     W:B       1:2           Time        Value Moves Dep 1:2       1-2-Draws
   2 = =    0.5:0.5        1.5:0.5       7:03:05 PM    +0.87    15 3.385 :2.867  1-0-1

--------------------------------------------------------------

Engine-Match Sunday, September 21, 2025 7:03:06 PM
 Blitz 2/1 

Pairing 11/21 :    Random_Opponent  -  V7P3R_v10.8

PGN-File: C:\Program Files (x86)\Arena\Tournaments\Engine Battle 20250921.pgn

No:  B/W 1/2     W:B       1:2           Time        Value Moves Dep 1:2       1-2-Draws
   2 W 2    1.0:0.0        0.0:2.0       7:04:06 PM  +289.96    17 0:3.250  0-2-0

--------------------------------------------------------------

Engine-Match Sunday, September 21, 2025 7:04:07 PM
 Blitz 2/1 

Pairing 12/21 :    V7P3R_v10.6  -  C0BR4_v2.9

PGN-File: C:\Program Files (x86)\Arena\Tournaments\Engine Battle 20250921.pgn

No:  B/W 1/2     W:B       1:2           Time        Value Moves Dep 1:2       1-2-Draws
   2 W 2    1.0:0.0        0.0:2.0       7:05:49 PM   +15.22    25 3.000 :4.000  0-2-0

--------------------------------------------------------------

Engine-Match Sunday, September 21, 2025 7:05:50 PM
 Blitz 2/1 

Pairing 13/21 :    Stockfish 1%  -  Random_Opponent

PGN-File: C:\Program Files (x86)\Arena\Tournaments\Engine Battle 20250921.pgn

No:  B/W 1/2     W:B       1:2           Time        Value Moves Dep 1:2       1-2-Draws
   2 B 1    1.0:0.0        2.0:0.0       7:06:04 PM      -M1    28 11.625 :0 2-0-0

--------------------------------------------------------------

Engine-Match Sunday, September 21, 2025 7:06:06 PM
 Blitz 2/1 

Pairing 14/21 :    C0BR4_v2.9  -  V7P3R_v11.4

PGN-File: C:\Program Files (x86)\Arena\Tournaments\Engine Battle 20250921.pgn

No:  B/W 1/2     W:B       1:2           Time        Value Moves Dep 1:2       1-2-Draws
   2 B 1    1.0:0.0        2.0:0.0       7:07:37 PM   -15.20    18 4.000 :3.313  2-0-0

--------------------------------------------------------------

Engine-Match Sunday, September 21, 2025 7:07:38 PM
 Blitz 2/1 

Pairing 15/21 :    V7P3R_v10.8  -  V7P3R_v10.6

PGN-File: C:\Program Files (x86)\Arena\Tournaments\Engine Battle 20250921.pgn

No:  B/W 1/2     W:B       1:2           Time        Value Moves Dep 1:2       1-2-Draws
   2 W 2    1.0:0.0        1.0:1.0       7:13:17 PM  +289.98    81 2.673 :2.625  1-1-0

--------------------------------------------------------------

Engine-Match Sunday, September 21, 2025 7:13:18 PM
 Blitz 2/1 

Pairing 16/21 :    SlowMate_v3.1  -  C0BR4_v2.9

PGN-File: C:\Program Files (x86)\Arena\Tournaments\Engine Battle 20250921.pgn

No:  B/W 1/2     W:B       1:2           Time        Value Moves Dep 1:2       1-2-Draws
   2 W 2    1.5:0.5        0.5:1.5       7:15:24 PM  +299.97    28 2.889 :4.000  0-1-1

--------------------------------------------------------------

Engine-Match Sunday, September 21, 2025 7:15:25 PM
 Blitz 2/1 

Pairing 17/21 :    V7P3R_v10.6  -  Stockfish 1%

PGN-File: C:\Program Files (x86)\Arena\Tournaments\Engine Battle 20250921.pgn

No:  B/W 1/2     W:B       1:2           Time        Value Moves Dep 1:2       1-2-Draws
   2 W 2    1.0:0.0        0.0:2.0       7:17:05 PM      +M1    27 3.040 :11.500  0-2-0

--------------------------------------------------------------

Engine-Match Sunday, September 21, 2025 7:17:07 PM
 Blitz 2/1 

Pairing 18/21 :    V7P3R_v11.4  -  V7P3R_v10.8

PGN-File: C:\Program Files (x86)\Arena\Tournaments\Engine Battle 20250921.pgn

No:  B/W 1/2     W:B       1:2           Time        Value Moves Dep 1:2       1-2-Draws
   2 W 2    1.5:0.5        0.5:1.5       7:19:30 PM  +289.96    20 3.438 :3.150  0-1-1

--------------------------------------------------------------

Engine-Match Sunday, September 21, 2025 7:19:31 PM
 Blitz 2/1 

Pairing 19/21 :    Random_Opponent  -  V7P3R_v10.6

PGN-File: C:\Program Files (x86)\Arena\Tournaments\Engine Battle 20250921.pgn

No:  B/W 1/2     W:B       1:2           Time        Value Moves Dep 1:2       1-2-Draws
   2 W 2    1.0:0.0        0.0:2.0       7:20:31 PM  +289.96    15 0:3.214  0-2-0

--------------------------------------------------------------

Engine-Match Sunday, September 21, 2025 7:20:38 PM
 Blitz 2/1 

Pairing 20/21 :    V7P3R_v10.8  -  SlowMate_v3.1

PGN-File: C:\Program Files (x86)\Arena\Tournaments\Engine Battle 20250921.pgn

No:  B/W 1/2     W:B       1:2           Time        Value Moves Dep 1:2       1-2-Draws
   2 B 1    1.0:0.0        1.0:1.0       7:22:51 PM  -289.96    16 2.813 :2.813  1-1-0

--------------------------------------------------------------

Engine-Match Sunday, September 21, 2025 7:22:52 PM
 Blitz 2/1 

Pairing 21/21 :    Stockfish 1%  -  V7P3R_v11.4

PGN-File: C:\Program Files (x86)\Arena\Tournaments\Engine Battle 20250921.pgn

No:  B/W 1/2     W:B       1:2           Time        Value Moves Dep 1:2       1-2-Draws
   2 B 1    1.0:0.0        2.0:0.0       7:25:43 PM     0.00    29 10.889 :3.692  2-0-0

--------------------------------------------------------------

Engine-Match Sunday, September 21, 2025 7:25:44 PM
 Blitz 2/1 

Pairing 1/21 :    C0BR4_v2.9  -  V7P3R_v10.8

PGN-File: C:\Program Files (x86)\Arena\Tournaments\Engine Battle 20250921.pgn

No:  B/W 1/2     W:B       1:2           Time        Value Moves Dep 1:2       1-2-Draws
   3 = =    1.5:1.5        1.5:1.5       7:27:22 PM    +0.83    12 4.000 :3.091  0-0-3

--------------------------------------------------------------

Engine-Match Sunday, September 21, 2025 7:27:23 PM
 Blitz 2/1 

Pairing 2/21 :    V7P3R_v11.4  -  Random_Opponent

PGN-File: C:\Program Files (x86)\Arena\Tournaments\Engine Battle 20250921.pgn

No:  B/W 1/2     W:B       1:2           Time        Value Moves Dep 1:2       1-2-Draws
   3 W 1    1.0:0.0        3.0:0.0       7:28:18 PM  +289.96    16 3.250 :0 3-0-0

--------------------------------------------------------------

Engine-Match Sunday, September 21, 2025 7:28:19 PM
 Blitz 2/1 

Pairing 3/21 :    SlowMate_v3.1  -  Stockfish 1%

PGN-File: C:\Program Files (x86)\Arena\Tournaments\Engine Battle 20250921.pgn

No:  B/W 1/2     W:B       1:2           Time        Value Moves Dep 1:2       1-2-Draws
   3 B 2    1.5:0.5        1.5:1.5       7:33:13 PM   -10.53   134 3.033 :11.300  1-1-1

--------------------------------------------------------------

Engine-Match Sunday, September 21, 2025 7:33:14 PM
 Blitz 2/1 

Pairing 4/21 :    V7P3R_v10.6  -  V7P3R_v11.4

PGN-File: C:\Program Files (x86)\Arena\Tournaments\Engine Battle 20250921.pgn

No:  B/W 1/2     W:B       1:2           Time        Value Moves Dep 1:2       1-2-Draws
   3 W 1    1.0:0.0        3.0:0.0       7:37:11 PM   +15.90    38 3.455 :3.400  3-0-0

--------------------------------------------------------------

Engine-Match Sunday, September 21, 2025 7:37:12 PM
 Blitz 2/1 

Pairing 5/21 :    Stockfish 1%  -  C0BR4_v2.9

PGN-File: C:\Program Files (x86)\Arena\Tournaments\Engine Battle 20250921.pgn

No:  B/W 1/2     W:B       1:2           Time        Value Moves Dep 1:2       1-2-Draws
   3 W 1    1.0:0.0        3.0:0.0       7:37:58 PM      +M1    45 11.000 :4.000  3-0-0

--------------------------------------------------------------

Engine-Match Sunday, September 21, 2025 7:37:59 PM
 Blitz 2/1 

Pairing 6/21 :    Random_Opponent  -  SlowMate_v3.1

PGN-File: C:\Program Files (x86)\Arena\Tournaments\Engine Battle 20250921.pgn

No:  B/W 1/2     W:B       1:2           Time        Value Moves Dep 1:2       1-2-Draws
   3 = =    1.0:1.0        1.0:2.0       7:39:03 PM  -200.00    17 0:3.118  0-1-2

--------------------------------------------------------------

Engine-Match Sunday, September 21, 2025 7:39:04 PM
 Blitz 2/1 

Pairing 7/21 :    V7P3R_v10.8  -  Stockfish 1%

PGN-File: C:\Program Files (x86)\Arena\Tournaments\Engine Battle 20250921.pgn

No:  B/W 1/2     W:B       1:2           Time        Value Moves Dep 1:2       1-2-Draws
   3 B 2    1.0:0.0        0.0:3.0       7:40:15 PM      -M1    21 3.438 :10.727  0-3-0

--------------------------------------------------------------

Engine-Match Sunday, September 21, 2025 7:40:17 PM
 Blitz 2/1 

Pairing 8/21 :    SlowMate_v3.1  -  V7P3R_v10.6

PGN-File: C:\Program Files (x86)\Arena\Tournaments\Engine Battle 20250921.pgn

No:  B/W 1/2     W:B       1:2           Time        Value Moves Dep 1:2       1-2-Draws
   3 = =    1.0:1.0        1.0:2.0       7:45:08 PM    -2.59    52 2.667 :2.800  0-1-2

--------------------------------------------------------------

Engine-Match Sunday, September 21, 2025 7:45:10 PM
 Blitz 2/1 

Pairing 9/21 :    C0BR4_v2.9  -  Random_Opponent

PGN-File: C:\Program Files (x86)\Arena\Tournaments\Engine Battle 20250921.pgn

No:  B/W 1/2     W:B       1:2           Time        Value Moves Dep 1:2       1-2-Draws
   3 W 1    1.0:0.0        3.0:0.0       7:45:18 PM  +299.97     8 4.000 :0 3-0-0

--------------------------------------------------------------

Engine-Match Sunday, September 21, 2025 7:45:19 PM
 Blitz 2/1 

Pairing 10/21 :    V7P3R_v11.4  -  SlowMate_v3.1

PGN-File: C:\Program Files (x86)\Arena\Tournaments\Engine Battle 20250921.pgn

No:  B/W 1/2     W:B       1:2           Time        Value Moves Dep 1:2       1-2-Draws
   3 = =    1.0:1.0        2.0:1.0       7:51:14 PM    +8.40    79 3.250 :2.857  1-0-2

--------------------------------------------------------------

Engine-Match Sunday, September 21, 2025 7:51:16 PM
 Blitz 2/1 

Pairing 11/21 :    Random_Opponent  -  V7P3R_v10.8

PGN-File: C:\Program Files (x86)\Arena\Tournaments\Engine Battle 20250921.pgn

No:  B/W 1/2     W:B       1:2           Time        Value Moves Dep 1:2       1-2-Draws
   3 B 2    1.0:0.0        0.0:3.0       7:51:48 PM     0.00     8 0:3.833  0-3-0

--------------------------------------------------------------

Engine-Match Sunday, September 21, 2025 7:51:50 PM
 Blitz 2/1 

Pairing 12/21 :    V7P3R_v10.6  -  C0BR4_v2.9

PGN-File: C:\Program Files (x86)\Arena\Tournaments\Engine Battle 20250921.pgn

No:  B/W 1/2     W:B       1:2           Time        Value Moves Dep 1:2       1-2-Draws
   3 B 2    1.0:0.0        0.0:3.0       7:54:57 PM   -18.42    75 3.143 :4.000  0-3-0

--------------------------------------------------------------

Engine-Match Sunday, September 21, 2025 7:54:59 PM
 Blitz 2/1 

Pairing 13/21 :    Stockfish 1%  -  Random_Opponent

PGN-File: C:\Program Files (x86)\Arena\Tournaments\Engine Battle 20250921.pgn

No:  B/W 1/2     W:B       1:2           Time        Value Moves Dep 1:2       1-2-Draws
   3 W 1    1.0:0.0        3.0:0.0       7:55:08 PM      +M1    16 12.571 :0 3-0-0

--------------------------------------------------------------

Engine-Match Sunday, September 21, 2025 7:55:09 PM
 Blitz 2/1 

Pairing 14/21 :    C0BR4_v2.9  -  V7P3R_v11.4

PGN-File: C:\Program Files (x86)\Arena\Tournaments\Engine Battle 20250921.pgn

No:  B/W 1/2     W:B       1:2           Time        Value Moves Dep 1:2       1-2-Draws
   3 W 1    1.0:0.0        3.0:0.0       7:57:02 PM   +52.90    26 4.000 :3.591  3-0-0

--------------------------------------------------------------

Engine-Match Sunday, September 21, 2025 7:57:03 PM
 Blitz 2/1 

Pairing 15/21 :    V7P3R_v10.8  -  V7P3R_v10.6

PGN-File: C:\Program Files (x86)\Arena\Tournaments\Engine Battle 20250921.pgn

No:  B/W 1/2     W:B       1:2           Time        Value Moves Dep 1:2       1-2-Draws
   3 W 1    1.0:0.0        2.0:1.0       8:00:46 PM   +14.10    39 2.919 :2.868  2-1-0

--------------------------------------------------------------

Engine-Match Sunday, September 21, 2025 8:00:47 PM
 Blitz 2/1 

Pairing 16/21 :    SlowMate_v3.1  -  C0BR4_v2.9

PGN-File: C:\Program Files (x86)\Arena\Tournaments\Engine Battle 20250921.pgn

No:  B/W 1/2     W:B       1:2           Time        Value Moves Dep 1:2       1-2-Draws
   3 B 2    1.5:0.5        0.5:2.5       8:02:54 PM   -11.76    38 3.300 :4.000  0-2-1

--------------------------------------------------------------

Engine-Match Sunday, September 21, 2025 8:02:56 PM
 Blitz 2/1 

Pairing 17/21 :    V7P3R_v10.6  -  Stockfish 1%

PGN-File: C:\Program Files (x86)\Arena\Tournaments\Engine Battle 20250921.pgn

No:  B/W 1/2     W:B       1:2           Time        Value Moves Dep 1:2       1-2-Draws
   3 B 2    1.0:0.0        0.0:3.0       8:04:14 PM      -M1    18 3.563 :11.500  0-3-0

--------------------------------------------------------------

Engine-Match Sunday, September 21, 2025 8:04:15 PM
 Blitz 2/1 

Pairing 18/21 :    V7P3R_v11.4  -  V7P3R_v10.8

PGN-File: C:\Program Files (x86)\Arena\Tournaments\Engine Battle 20250921.pgn

No:  B/W 1/2     W:B       1:2           Time        Value Moves Dep 1:2       1-2-Draws
   3 B 2    1.5:0.5        0.5:2.5       8:08:39 PM  -289.96    34 3.552 :2.758  0-2-1

--------------------------------------------------------------

Engine-Match Sunday, September 21, 2025 8:08:46 PM
 Blitz 2/1 

Pairing 19/21 :    Random_Opponent  -  V7P3R_v10.6

PGN-File: C:\Program Files (x86)\Arena\Tournaments\Engine Battle 20250921.pgn

No:  B/W 1/2     W:B       1:2           Time        Value Moves Dep 1:2       1-2-Draws
   3 B 2    1.0:0.0        0.0:3.0       8:10:10 PM  -289.96    23 0:3.300  0-3-0

--------------------------------------------------------------

Engine-Match Sunday, September 21, 2025 8:10:11 PM
 Blitz 2/1 

Pairing 20/21 :    V7P3R_v10.8  -  SlowMate_v3.1

PGN-File: C:\Program Files (x86)\Arena\Tournaments\Engine Battle 20250921.pgn

No:  B/W 1/2     W:B       1:2           Time        Value Moves Dep 1:2       1-2-Draws
   3 = =    0.5:0.5        1.5:1.5       8:13:43 PM    +4.36    36 3.050 :3.158  1-1-1

--------------------------------------------------------------

Engine-Match Sunday, September 21, 2025 8:13:44 PM
 Blitz 2/1 

Pairing 21/21 :    Stockfish 1%  -  V7P3R_v11.4

PGN-File: C:\Program Files (x86)\Arena\Tournaments\Engine Battle 20250921.pgn

No:  B/W 1/2     W:B       1:2           Time        Value Moves Dep 1:2       1-2-Draws
   3 W 1    1.0:0.0        3.0:0.0       8:15:55 PM    +9.40    34 11.250 :3.800  3-0-0

--------------------------------------------------------------

Engine-Match Sunday, September 21, 2025 8:15:56 PM
 Blitz 2/1 

Pairing 1/21 :    C0BR4_v2.9  -  V7P3R_v10.8

PGN-File: C:\Program Files (x86)\Arena\Tournaments\Engine Battle 20250921.pgn

No:  B/W 1/2     W:B       1:2           Time        Value Moves Dep 1:2       1-2-Draws
   4 = =    2.0:2.0        2.0:2.0       8:17:29 PM    +1.12    12 4.000 :3.364  0-0-4

--------------------------------------------------------------

Engine-Match Sunday, September 21, 2025 8:17:30 PM
 Blitz 2/1 

Pairing 2/21 :    V7P3R_v11.4  -  Random_Opponent

PGN-File: C:\Program Files (x86)\Arena\Tournaments\Engine Battle 20250921.pgn

No:  B/W 1/2     W:B       1:2           Time        Value Moves Dep 1:2       1-2-Draws
   4 B 1    1.0:0.0        4.0:0.0       8:19:38 PM  -289.97    26 3.615 :0 4-0-0

--------------------------------------------------------------

Engine-Match Sunday, September 21, 2025 8:19:39 PM
 Blitz 2/1 

Pairing 3/21 :    SlowMate_v3.1  -  Stockfish 1%

PGN-File: C:\Program Files (x86)\Arena\Tournaments\Engine Battle 20250921.pgn

No:  B/W 1/2     W:B       1:2           Time        Value Moves Dep 1:2       1-2-Draws
   4 W 2    1.5:0.5        1.5:2.5       8:21:01 PM      +M1    24 3.130 :10.875  1-2-1

--------------------------------------------------------------

Engine-Match Sunday, September 21, 2025 8:21:03 PM
 Blitz 2/1 

Pairing 4/21 :    V7P3R_v10.6  -  V7P3R_v11.4

PGN-File: C:\Program Files (x86)\Arena\Tournaments\Engine Battle 20250921.pgn

No:  B/W 1/2     W:B       1:2           Time        Value Moves Dep 1:2       1-2-Draws
   4 B 1    1.0:0.0        4.0:0.0       8:25:22 PM     0.00    27 3.115 :3.810  4-0-0

--------------------------------------------------------------

Engine-Match Sunday, September 21, 2025 8:25:23 PM
 Blitz 2/1 

Pairing 5/21 :    Stockfish 1%  -  C0BR4_v2.9

PGN-File: C:\Program Files (x86)\Arena\Tournaments\Engine Battle 20250921.pgn

No:  B/W 1/2     W:B       1:2           Time        Value Moves Dep 1:2       1-2-Draws
   4 = =    0.5:0.5        3.5:0.5       8:26:26 PM    +8.74    69 10.667 :4.000  3-0-1

--------------------------------------------------------------

Engine-Match Sunday, September 21, 2025 8:26:27 PM
 Blitz 2/1 

Pairing 6/21 :    Random_Opponent  -  SlowMate_v3.1

PGN-File: C:\Program Files (x86)\Arena\Tournaments\Engine Battle 20250921.pgn

No:  B/W 1/2     W:B       1:2           Time        Value Moves Dep 1:2       1-2-Draws
   4 W 2    2.0:1.0        1.0:3.0       8:27:52 PM  +189.17    25 0:3.440  0-2-2

--------------------------------------------------------------

Engine-Match Sunday, September 21, 2025 8:27:53 PM
 Blitz 2/1 

Pairing 7/21 :    V7P3R_v10.8  -  Stockfish 1%

PGN-File: C:\Program Files (x86)\Arena\Tournaments\Engine Battle 20250921.pgn

No:  B/W 1/2     W:B       1:2           Time        Value Moves Dep 1:2       1-2-Draws
   4 W 2    1.0:0.0        0.0:4.0       8:29:21 PM   +12.24    24 2.913 :10.375  0-4-0

--------------------------------------------------------------

Engine-Match Sunday, September 21, 2025 8:29:22 PM
 Blitz 2/1 

Pairing 8/21 :    SlowMate_v3.1  -  V7P3R_v10.6

PGN-File: C:\Program Files (x86)\Arena\Tournaments\Engine Battle 20250921.pgn

No:  B/W 1/2     W:B       1:2           Time        Value Moves Dep 1:2       1-2-Draws
   4 = =    1.5:1.5        1.5:2.5       8:31:58 PM     0.00    21 3.050 :3.000  0-1-3

--------------------------------------------------------------

Engine-Match Sunday, September 21, 2025 8:31:59 PM
 Blitz 2/1 

Pairing 9/21 :    C0BR4_v2.9  -  Random_Opponent

PGN-File: C:\Program Files (x86)\Arena\Tournaments\Engine Battle 20250921.pgn

No:  B/W 1/2     W:B       1:2           Time        Value Moves Dep 1:2       1-2-Draws
   4 B 1    1.0:0.0        4.0:0.0       8:32:18 PM  -299.97    24 3.913 :0 4-0-0

--------------------------------------------------------------

Engine-Match Sunday, September 21, 2025 8:32:20 PM
 Blitz 2/1 

Pairing 10/21 :    V7P3R_v11.4  -  SlowMate_v3.1

PGN-File: C:\Program Files (x86)\Arena\Tournaments\Engine Battle 20250921.pgn

No:  B/W 1/2     W:B       1:2           Time        Value Moves Dep 1:2       1-2-Draws
   4 W 2    2.0:1.0        2.0:2.0       8:35:52 PM  +145.03    37 3.360 :2.871  1-1-2

--------------------------------------------------------------

Engine-Match Sunday, September 21, 2025 8:35:53 PM
 Blitz 2/1 

Pairing 11/21 :    Random_Opponent  -  V7P3R_v10.8

PGN-File: C:\Program Files (x86)\Arena\Tournaments\Engine Battle 20250921.pgn

No:  B/W 1/2     W:B       1:2           Time        Value Moves Dep 1:2       1-2-Draws
   4 W 2    1.0:0.0        0.0:4.0       8:37:23 PM  +289.96    28 0:3.154  0-4-0

--------------------------------------------------------------

Engine-Match Sunday, September 21, 2025 8:37:24 PM
 Blitz 2/1 

Pairing 12/21 :    V7P3R_v10.6  -  C0BR4_v2.9

PGN-File: C:\Program Files (x86)\Arena\Tournaments\Engine Battle 20250921.pgn

No:  B/W 1/2     W:B       1:2           Time        Value Moves Dep 1:2       1-2-Draws
   4 = =    0.5:0.5        0.5:3.5       8:39:33 PM    -0.52    36 3.045 :4.000  0-3-1

--------------------------------------------------------------

Engine-Match Sunday, September 21, 2025 8:39:34 PM
 Blitz 2/1 

Pairing 13/21 :    Stockfish 1%  -  Random_Opponent

PGN-File: C:\Program Files (x86)\Arena\Tournaments\Engine Battle 20250921.pgn

No:  B/W 1/2     W:B       1:2           Time        Value Moves Dep 1:2       1-2-Draws
   4 B 1    1.0:0.0        4.0:0.0       8:39:46 PM      -M1    21 11.375 :0 4-0-0

--------------------------------------------------------------

Engine-Match Sunday, September 21, 2025 8:39:48 PM
 Blitz 2/1 

Pairing 14/21 :    C0BR4_v2.9  -  V7P3R_v11.4

PGN-File: C:\Program Files (x86)\Arena\Tournaments\Engine Battle 20250921.pgn

No:  B/W 1/2     W:B       1:2           Time        Value Moves Dep 1:2       1-2-Draws
   4 B 1    1.0:0.0        4.0:0.0       8:40:51 PM  -299.97    19 4.000 :3.375  4-0-0

--------------------------------------------------------------

Engine-Match Sunday, September 21, 2025 8:40:52 PM
 Blitz 2/1 

Pairing 15/21 :    V7P3R_v10.8  -  V7P3R_v10.6

PGN-File: C:\Program Files (x86)\Arena\Tournaments\Engine Battle 20250921.pgn

No:  B/W 1/2     W:B       1:2           Time        Value Moves Dep 1:2       1-2-Draws
   4 W 2    1.0:0.0        2.0:2.0       8:44:32 PM   +14.10    39 2.868 :2.868  2-2-0

--------------------------------------------------------------

Engine-Match Sunday, September 21, 2025 8:44:34 PM
 Blitz 2/1 

Pairing 16/21 :    SlowMate_v3.1  -  C0BR4_v2.9

PGN-File: C:\Program Files (x86)\Arena\Tournaments\Engine Battle 20250921.pgn

No:  B/W 1/2     W:B       1:2           Time        Value Moves Dep 1:2       1-2-Draws
   4 W 2    1.5:0.5        0.5:3.5       8:45:47 PM   +76.52    18 3.333 :4.000  0-3-1

--------------------------------------------------------------

Engine-Match Sunday, September 21, 2025 8:45:49 PM
 Blitz 2/1 

Pairing 17/21 :    V7P3R_v10.6  -  Stockfish 1%

PGN-File: C:\Program Files (x86)\Arena\Tournaments\Engine Battle 20250921.pgn

No:  B/W 1/2     W:B       1:2           Time        Value Moves Dep 1:2       1-2-Draws
   4 W 2    1.0:0.0        0.0:4.0       8:49:08 PM   +19.22    85 3.081 :10.700  0-4-0

--------------------------------------------------------------

Engine-Match Sunday, September 21, 2025 8:49:15 PM
 Blitz 2/1 

Pairing 18/21 :    V7P3R_v11.4  -  V7P3R_v10.8

PGN-File: C:\Program Files (x86)\Arena\Tournaments\Engine Battle 20250921.pgn

No:  B/W 1/2     W:B       1:2           Time        Value Moves Dep 1:2       1-2-Draws
   4 W 2    1.5:0.5        0.5:3.5       8:53:09 PM   +36.20    48 3.083 :2.885  0-3-1

--------------------------------------------------------------

Engine-Match Sunday, September 21, 2025 8:53:11 PM
 Blitz 2/1 

Pairing 19/21 :    Random_Opponent  -  V7P3R_v10.6

PGN-File: C:\Program Files (x86)\Arena\Tournaments\Engine Battle 20250921.pgn

No:  B/W 1/2     W:B       1:2           Time        Value Moves Dep 1:2       1-2-Draws
   4 W 2    1.0:0.0        0.0:4.0       8:54:22 PM  +289.96    16 0:3.250  0-4-0

--------------------------------------------------------------

Engine-Match Sunday, September 21, 2025 8:54:23 PM
 Blitz 2/1 

Pairing 20/21 :    V7P3R_v10.8  -  SlowMate_v3.1

PGN-File: C:\Program Files (x86)\Arena\Tournaments\Engine Battle 20250921.pgn

No:  B/W 1/2     W:B       1:2           Time        Value Moves Dep 1:2       1-2-Draws
   4 = =    1.0:1.0        2.0:2.0       9:00:09 PM    -5.73    67 2.800 :2.667  1-1-2

--------------------------------------------------------------

Engine-Match Sunday, September 21, 2025 9:00:10 PM
 Blitz 2/1 

Pairing 21/21 :    Stockfish 1%  -  V7P3R_v11.4

PGN-File: C:\Program Files (x86)\Arena\Tournaments\Engine Battle 20250921.pgn

No:  B/W 1/2     W:B       1:2           Time        Value Moves Dep 1:2       1-2-Draws
   4 B 1    1.0:0.0        4.0:0.0       9:02:26 PM   -15.40    40 11.444 :3.316  4-0-0
