Engine-Match Sunday, September 21, 2025 6:36:57 PM
 Blitz 1/1 

Pairing 1/10 :    V7P3R_v11.4  -  V7P3R_v11.2

PGN-File: C:\Program Files (x86)\Arena\Tournaments\Engine Regression Battle 20250921_2.pgn

No:  B/W 1/2     W:B       1:2           Time        Value Moves Dep 1:2       1-2-Draws
   1 B 2    1.0:0.0        0.0:1.0       6:38:57 PM     0.00    18 3.333 :3.056  0-1-0

--------------------------------------------------------------

Engine-Match Sunday, September 21, 2025 6:38:58 PM
 Blitz 1/1 

Pairing 2/10 :    V7P3R_v10.8  -  V7P3R_v10.6

PGN-File: C:\Program Files (x86)\Arena\Tournaments\Engine Regression Battle 20250921_2.pgn

No:  B/W 1/2     W:B       1:2           Time        Value Moves Dep 1:2       1-2-Draws
   1 B 2    1.0:0.0        0.0:1.0       6:41:08 PM  -289.98    40 2.739 :2.545  0-1-0

--------------------------------------------------------------

Engine-Match Sunday, September 21, 2025 6:41:09 PM
 Blitz 1/1 

Pairing 3/10 :    V7P3R_v11.0  -  V7P3R_v10.8

PGN-File: C:\Program Files (x86)\Arena\Tournaments\Engine Regression Battle 20250921_2.pgn

No:  B/W 1/2     W:B       1:2           Time        Value Moves Dep 1:2       1-2-Draws
   1 B 2    1.0:0.0        0.0:1.0       6:43:03 PM  -289.96    46 2.152 :2.727  0-1-0

--------------------------------------------------------------

Engine-Match Sunday, September 21, 2025 6:43:04 PM
 Blitz 1/1 

Pairing 4/10 :    V7P3R_v10.6  -  V7P3R_v11.4

PGN-File: C:\Program Files (x86)\Arena\Tournaments\Engine Regression Battle 20250921_2.pgn

No:  B/W 1/2     W:B       1:2           Time        Value Moves Dep 1:2       1-2-Draws
   1 B 2    1.0:0.0        0.0:1.0       6:45:56 PM     0.00    26 2.583 :3.591  0-1-0

--------------------------------------------------------------

Engine-Match Sunday, September 21, 2025 6:45:57 PM
 Blitz 1/1 

Pairing 5/10 :    V7P3R_v11.2  -  V7P3R_v10.6

PGN-File: C:\Program Files (x86)\Arena\Tournaments\Engine Regression Battle 20250921_2.pgn

No:  B/W 1/2     W:B       1:2           Time        Value Moves Dep 1:2       1-2-Draws
   1 B 2    1.0:0.0        0.0:1.0       6:48:08 PM   -11.08    38 3.161 :2.613  0-1-0

--------------------------------------------------------------

Engine-Match Sunday, September 21, 2025 6:48:09 PM
 Blitz 1/1 

Pairing 6/10 :    V7P3R_v11.4  -  V7P3R_v11.0

PGN-File: C:\Program Files (x86)\Arena\Tournaments\Engine Regression Battle 20250921_2.pgn

No:  B/W 1/2     W:B       1:2           Time        Value Moves Dep 1:2       1-2-Draws
   1 B 2    1.0:0.0        0.0:1.0       6:50:04 PM     0.00    16 3.133 :2.063  0-1-0

--------------------------------------------------------------

Engine-Match Sunday, September 21, 2025 6:50:05 PM
 Blitz 1/1 

Pairing 7/10 :    V7P3R_v10.8  -  V7P3R_v11.4

PGN-File: C:\Program Files (x86)\Arena\Tournaments\Engine Regression Battle 20250921_2.pgn

No:  B/W 1/2     W:B       1:2           Time        Value Moves Dep 1:2       1-2-Draws
   1 W 1    1.0:0.0        1.0:0.0       6:52:29 PM     0.00    18 2.895 :3.333  1-0-0

--------------------------------------------------------------

Engine-Match Sunday, September 21, 2025 6:52:31 PM
 Blitz 1/1 

Pairing 8/10 :    V7P3R_v11.0  -  V7P3R_v11.2

PGN-File: C:\Program Files (x86)\Arena\Tournaments\Engine Regression Battle 20250921_2.pgn

No:  B/W 1/2     W:B       1:2           Time        Value Moves Dep 1:2       1-2-Draws
   1 W 1    1.0:0.0        1.0:0.0       6:54:20 PM  +289.95    48 2.125 :2.813  1-0-0

--------------------------------------------------------------

Engine-Match Sunday, September 21, 2025 6:54:21 PM
 Blitz 1/1 

Pairing 9/10 :    V7P3R_v10.6  -  V7P3R_v11.0

PGN-File: C:\Program Files (x86)\Arena\Tournaments\Engine Regression Battle 20250921_2.pgn

No:  B/W 1/2     W:B       1:2           Time        Value Moves Dep 1:2       1-2-Draws
   1 W 1    1.0:0.0        1.0:0.0       6:55:57 PM     0.00    39 2.938 :2.235  1-0-0

--------------------------------------------------------------

Engine-Match Sunday, September 21, 2025 6:55:59 PM
 Blitz 1/1 

Pairing 10/10 :    V7P3R_v11.2  -  V7P3R_v10.8

PGN-File: C:\Program Files (x86)\Arena\Tournaments\Engine Regression Battle 20250921_2.pgn

No:  B/W 1/2     W:B       1:2           Time        Value Moves Dep 1:2       1-2-Draws
   1 B 2    1.0:0.0        0.0:1.0       6:57:51 PM   -25.72    32 3.067 :2.448  0-1-0

--------------------------------------------------------------

Engine-Match Sunday, September 21, 2025 6:57:52 PM
 Blitz 1/1 

Pairing 1/10 :    V7P3R_v11.4  -  V7P3R_v11.2

PGN-File: C:\Program Files (x86)\Arena\Tournaments\Engine Regression Battle 20250921_2.pgn

No:  B/W 1/2     W:B       1:2           Time        Value Moves Dep 1:2       1-2-Draws
   2 W 2    1.0:0.0        0.0:2.0       7:00:03 PM     0.00    24 3.261 :3.080  0-2-0

--------------------------------------------------------------

Engine-Match Sunday, September 21, 2025 7:00:04 PM
 Blitz 1/1 

Pairing 2/10 :    V7P3R_v10.8  -  V7P3R_v10.6

PGN-File: C:\Program Files (x86)\Arena\Tournaments\Engine Regression Battle 20250921_2.pgn

No:  B/W 1/2     W:B       1:2           Time        Value Moves Dep 1:2       1-2-Draws
   2 W 2    1.0:0.0        0.0:2.0       7:02:40 PM   +10.95    50 2.731 :2.692  0-2-0

--------------------------------------------------------------

Engine-Match Sunday, September 21, 2025 7:02:41 PM
 Blitz 1/1 

Pairing 3/10 :    V7P3R_v11.0  -  V7P3R_v10.8

PGN-File: C:\Program Files (x86)\Arena\Tournaments\Engine Regression Battle 20250921_2.pgn

No:  B/W 1/2     W:B       1:2           Time        Value Moves Dep 1:2       1-2-Draws
   2 W 2    1.0:0.0        0.0:2.0       7:03:51 PM  +289.96    25 2.353 :3.000  0-2-0

--------------------------------------------------------------

Engine-Match Sunday, September 21, 2025 7:03:52 PM
 Blitz 1/1 

Pairing 4/10 :    V7P3R_v10.6  -  V7P3R_v11.4

PGN-File: C:\Program Files (x86)\Arena\Tournaments\Engine Regression Battle 20250921_2.pgn

No:  B/W 1/2     W:B       1:2           Time        Value Moves Dep 1:2       1-2-Draws
   2 B 1    1.0:0.0        1.0:1.0       7:05:51 PM   -19.20    19 2.500 :3.444  1-1-0

--------------------------------------------------------------

Engine-Match Sunday, September 21, 2025 7:05:52 PM
 Blitz 1/1 

Pairing 5/10 :    V7P3R_v11.2  -  V7P3R_v10.6

PGN-File: C:\Program Files (x86)\Arena\Tournaments\Engine Regression Battle 20250921_2.pgn

No:  B/W 1/2     W:B       1:2           Time        Value Moves Dep 1:2       1-2-Draws
   2 W 2    1.0:0.0        0.0:2.0       7:08:11 PM  +289.96    37 3.000 :2.457  0-2-0

--------------------------------------------------------------

Engine-Match Sunday, September 21, 2025 7:08:12 PM
 Blitz 1/1 

Pairing 6/10 :    V7P3R_v11.4  -  V7P3R_v11.0

PGN-File: C:\Program Files (x86)\Arena\Tournaments\Engine Regression Battle 20250921_2.pgn

No:  B/W 1/2     W:B       1:2           Time        Value Moves Dep 1:2       1-2-Draws
   2 W 2    1.0:0.0        0.0:2.0       7:10:13 PM     0.00    27 3.120 :2.038  0-2-0

--------------------------------------------------------------

Engine-Match Sunday, September 21, 2025 7:10:15 PM
 Blitz 1/1 

Pairing 7/10 :    V7P3R_v10.8  -  V7P3R_v11.4

PGN-File: C:\Program Files (x86)\Arena\Tournaments\Engine Regression Battle 20250921_2.pgn

No:  B/W 1/2     W:B       1:2           Time        Value Moves Dep 1:2       1-2-Draws
   2 B 1    1.0:0.0        2.0:0.0       7:13:10 PM     0.00    35 2.480 :3.409  2-0-0

--------------------------------------------------------------

Engine-Match Sunday, September 21, 2025 7:13:12 PM
 Blitz 1/1 

Pairing 8/10 :    V7P3R_v11.0  -  V7P3R_v11.2

PGN-File: C:\Program Files (x86)\Arena\Tournaments\Engine Regression Battle 20250921_2.pgn

No:  B/W 1/2     W:B       1:2           Time        Value Moves Dep 1:2       1-2-Draws
   2 B 1    1.0:0.0        2.0:0.0       7:14:52 PM  -289.95    32 2.031 :2.710  2-0-0

--------------------------------------------------------------

Engine-Match Sunday, September 21, 2025 7:14:54 PM
 Blitz 1/1 

Pairing 9/10 :    V7P3R_v10.6  -  V7P3R_v11.0

PGN-File: C:\Program Files (x86)\Arena\Tournaments\Engine Regression Battle 20250921_2.pgn

No:  B/W 1/2     W:B       1:2           Time        Value Moves Dep 1:2       1-2-Draws
   2 B 1    1.0:0.0        2.0:0.0       7:16:38 PM  -289.96    52 2.931 :2.387  2-0-0

--------------------------------------------------------------

Engine-Match Sunday, September 21, 2025 7:16:39 PM
 Blitz 1/1 

Pairing 10/10 :    V7P3R_v11.2  -  V7P3R_v10.8

PGN-File: C:\Program Files (x86)\Arena\Tournaments\Engine Regression Battle 20250921_2.pgn

No:  B/W 1/2     W:B       1:2           Time        Value Moves Dep 1:2       1-2-Draws
   2 W 2    1.0:0.0        0.0:2.0       7:19:09 PM  +289.96    51 3.222 :2.704  0-2-0

--------------------------------------------------------------

Engine-Match Sunday, September 21, 2025 7:19:16 PM
 Blitz 1/1 

Pairing 1/10 :    V7P3R_v11.4  -  V7P3R_v11.2

PGN-File: C:\Program Files (x86)\Arena\Tournaments\Engine Regression Battle 20250921_2.pgn

No:  B/W 1/2     W:B       1:2           Time        Value Moves Dep 1:2       1-2-Draws
   3 B 2    1.0:0.0        0.0:3.0       7:21:13 PM     0.00    19 3.176 :2.947  0-3-0

--------------------------------------------------------------

Engine-Match Sunday, September 21, 2025 7:21:14 PM
 Blitz 1/1 

Pairing 2/10 :    V7P3R_v10.8  -  V7P3R_v10.6

PGN-File: C:\Program Files (x86)\Arena\Tournaments\Engine Regression Battle 20250921_2.pgn

No:  B/W 1/2     W:B       1:2           Time        Value Moves Dep 1:2       1-2-Draws
   3 W 1    1.0:0.0        1.0:2.0       7:23:45 PM     0.00    52 3.000 :3.000  1-2-0

--------------------------------------------------------------

Engine-Match Sunday, September 21, 2025 7:23:46 PM
 Blitz 1/1 

Pairing 3/10 :    V7P3R_v11.0  -  V7P3R_v10.8

PGN-File: C:\Program Files (x86)\Arena\Tournaments\Engine Regression Battle 20250921_2.pgn

No:  B/W 1/2     W:B       1:2           Time        Value Moves Dep 1:2       1-2-Draws
   3 B 2    1.0:0.0        0.0:3.0       7:25:28 PM  -289.96    40 2.091 :2.727  0-3-0

--------------------------------------------------------------

Engine-Match Sunday, September 21, 2025 7:25:29 PM
 Blitz 1/1 

Pairing 4/10 :    V7P3R_v10.6  -  V7P3R_v11.4

PGN-File: C:\Program Files (x86)\Arena\Tournaments\Engine Regression Battle 20250921_2.pgn

No:  B/W 1/2     W:B       1:2           Time        Value Moves Dep 1:2       1-2-Draws
   3 W 1    1.0:0.0        2.0:1.0       7:28:10 PM     0.00    27 2.500 :3.304  2-1-0

--------------------------------------------------------------

Engine-Match Sunday, September 21, 2025 7:28:11 PM
 Blitz 1/1 

Pairing 5/10 :    V7P3R_v11.2  -  V7P3R_v10.6

PGN-File: C:\Program Files (x86)\Arena\Tournaments\Engine Regression Battle 20250921_2.pgn

No:  B/W 1/2     W:B       1:2           Time        Value Moves Dep 1:2       1-2-Draws
   3 B 2    1.0:0.0        0.0:3.0       7:29:43 PM  -289.96    25 2.720 :2.292  0-3-0

--------------------------------------------------------------

Engine-Match Sunday, September 21, 2025 7:29:44 PM
 Blitz 1/1 

Pairing 6/10 :    V7P3R_v11.4  -  V7P3R_v11.0

PGN-File: C:\Program Files (x86)\Arena\Tournaments\Engine Regression Battle 20250921_2.pgn

No:  B/W 1/2     W:B       1:2           Time        Value Moves Dep 1:2       1-2-Draws
   3 B 2    1.0:0.0        0.0:3.0       7:31:54 PM     0.00    35 3.273 :2.080  0-3-0

--------------------------------------------------------------

Engine-Match Sunday, September 21, 2025 7:31:55 PM
 Blitz 1/1 

Pairing 7/10 :    V7P3R_v10.8  -  V7P3R_v11.4

PGN-File: C:\Program Files (x86)\Arena\Tournaments\Engine Regression Battle 20250921_2.pgn

No:  B/W 1/2     W:B       1:2           Time        Value Moves Dep 1:2       1-2-Draws
   3 W 1    1.0:0.0        3.0:0.0       7:34:09 PM     0.00    20 3.000 :3.471  3-0-0

--------------------------------------------------------------

Engine-Match Sunday, September 21, 2025 7:34:10 PM
 Blitz 1/1 

Pairing 8/10 :    V7P3R_v11.0  -  V7P3R_v11.2

PGN-File: C:\Program Files (x86)\Arena\Tournaments\Engine Regression Battle 20250921_2.pgn

No:  B/W 1/2     W:B       1:2           Time        Value Moves Dep 1:2       1-2-Draws
   3 W 1    1.0:0.0        3.0:0.0       7:35:19 PM  +289.95    32 2.063 :2.871  3-0-0

--------------------------------------------------------------

Engine-Match Sunday, September 21, 2025 7:35:20 PM
 Blitz 1/1 

Pairing 9/10 :    V7P3R_v10.6  -  V7P3R_v11.0

PGN-File: C:\Program Files (x86)\Arena\Tournaments\Engine Regression Battle 20250921_2.pgn

No:  B/W 1/2     W:B       1:2           Time        Value Moves Dep 1:2       1-2-Draws
   3 W 1    1.0:0.0        3.0:0.0       7:37:16 PM  +289.95    44 2.318 :2.070  3-0-0

--------------------------------------------------------------

Engine-Match Sunday, September 21, 2025 7:37:17 PM
 Blitz 1/1 

Pairing 10/10 :    V7P3R_v11.2  -  V7P3R_v10.8

PGN-File: C:\Program Files (x86)\Arena\Tournaments\Engine Regression Battle 20250921_2.pgn

No:  B/W 1/2     W:B       1:2           Time        Value Moves Dep 1:2       1-2-Draws
   3 B 2    1.0:0.0        0.0:3.0       7:39:07 PM  -289.96    29 2.793 :2.667  0-3-0

--------------------------------------------------------------

Engine-Match Sunday, September 21, 2025 7:39:08 PM
 Blitz 1/1 

Pairing 1/10 :    V7P3R_v11.4  -  V7P3R_v11.2

PGN-File: C:\Program Files (x86)\Arena\Tournaments\Engine Regression Battle 20250921_2.pgn

No:  B/W 1/2     W:B       1:2           Time        Value Moves Dep 1:2       1-2-Draws
   4 W 2    1.0:0.0        0.0:4.0       7:41:37 PM     0.00    25 3.350 :3.160  0-4-0

--------------------------------------------------------------

Engine-Match Sunday, September 21, 2025 7:41:38 PM
 Blitz 1/1 

Pairing 2/10 :    V7P3R_v10.8  -  V7P3R_v10.6

PGN-File: C:\Program Files (x86)\Arena\Tournaments\Engine Regression Battle 20250921_2.pgn

No:  B/W 1/2     W:B       1:2           Time        Value Moves Dep 1:2       1-2-Draws
   4 W 2    1.0:0.0        1.0:3.0       7:44:30 PM     0.00    60 2.731 :2.692  1-3-0

--------------------------------------------------------------

Engine-Match Sunday, September 21, 2025 7:44:31 PM
 Blitz 1/1 

Pairing 3/10 :    V7P3R_v11.0  -  V7P3R_v10.8

PGN-File: C:\Program Files (x86)\Arena\Tournaments\Engine Regression Battle 20250921_2.pgn

No:  B/W 1/2     W:B       1:2           Time        Value Moves Dep 1:2       1-2-Draws
   4 W 2    1.0:0.0        0.0:4.0       7:46:31 PM  +289.96    43 2.026 :2.316  0-4-0

--------------------------------------------------------------

Engine-Match Sunday, September 21, 2025 7:46:33 PM
 Blitz 1/1 

Pairing 4/10 :    V7P3R_v10.6  -  V7P3R_v11.4

PGN-File: C:\Program Files (x86)\Arena\Tournaments\Engine Regression Battle 20250921_2.pgn

No:  B/W 1/2     W:B       1:2           Time        Value Moves Dep 1:2       1-2-Draws
   4 B 1    1.0:0.0        3.0:1.0       7:49:34 PM     0.00    40 2.440 :3.409  3-1-0

--------------------------------------------------------------

Engine-Match Sunday, September 21, 2025 7:49:35 PM
 Blitz 1/1 

Pairing 5/10 :    V7P3R_v11.2  -  V7P3R_v10.6

PGN-File: C:\Program Files (x86)\Arena\Tournaments\Engine Regression Battle 20250921_2.pgn

No:  B/W 1/2     W:B       1:2           Time        Value Moves Dep 1:2       1-2-Draws
   4 W 2    1.0:0.0        0.0:4.0       7:51:07 PM  +289.95    25 3.250 :2.625  0-4-0

--------------------------------------------------------------

Engine-Match Sunday, September 21, 2025 7:51:08 PM
 Blitz 1/1 

Pairing 6/10 :    V7P3R_v11.4  -  V7P3R_v11.0

PGN-File: C:\Program Files (x86)\Arena\Tournaments\Engine Regression Battle 20250921_2.pgn

No:  B/W 1/2     W:B       1:2           Time        Value Moves Dep 1:2       1-2-Draws
   4 W 2    1.0:0.0        0.0:4.0       7:53:01 PM     0.00    24 3.438 :2.368  0-4-0

--------------------------------------------------------------

Engine-Match Sunday, September 21, 2025 7:53:02 PM
 Blitz 1/1 

Pairing 7/10 :    V7P3R_v10.8  -  V7P3R_v11.4

PGN-File: C:\Program Files (x86)\Arena\Tournaments\Engine Regression Battle 20250921_2.pgn

No:  B/W 1/2     W:B       1:2           Time        Value Moves Dep 1:2       1-2-Draws
   4 B 1    1.0:0.0        4.0:0.0       7:55:25 PM     0.00    20 3.000 :3.688  4-0-0

--------------------------------------------------------------

Engine-Match Sunday, September 21, 2025 7:55:27 PM
 Blitz 1/1 

Pairing 8/10 :    V7P3R_v11.0  -  V7P3R_v11.2

PGN-File: C:\Program Files (x86)\Arena\Tournaments\Engine Regression Battle 20250921_2.pgn

No:  B/W 1/2     W:B       1:2           Time        Value Moves Dep 1:2       1-2-Draws
   4 = =    0.5:0.5        3.5:0.5       7:58:22 PM     0.00   103 2.067 :3.150  3-0-1

--------------------------------------------------------------

Engine-Match Sunday, September 21, 2025 7:58:23 PM
 Blitz 1/1 

Pairing 9/10 :    V7P3R_v10.6  -  V7P3R_v11.0

PGN-File: C:\Program Files (x86)\Arena\Tournaments\Engine Regression Battle 20250921_2.pgn

No:  B/W 1/2     W:B       1:2           Time        Value Moves Dep 1:2       1-2-Draws
   4 B 1    1.0:0.0        4.0:0.0       7:59:36 PM  -289.96    29 3.148 :2.241  4-0-0

--------------------------------------------------------------

Engine-Match Sunday, September 21, 2025 7:59:37 PM
 Blitz 1/1 

Pairing 10/10 :    V7P3R_v11.2  -  V7P3R_v10.8

PGN-File: C:\Program Files (x86)\Arena\Tournaments\Engine Regression Battle 20250921_2.pgn

No:  B/W 1/2     W:B       1:2           Time        Value Moves Dep 1:2       1-2-Draws
   4 W 2    1.0:0.0        0.0:4.0       8:01:02 PM  +289.95    23 3.000 :2.609  0-4-0

--------------------------------------------------------------

Engine-Match Sunday, September 21, 2025 8:01:09 PM
 Blitz 1/1 

Pairing 1/10 :    V7P3R_v11.4  -  V7P3R_v11.2

PGN-File: C:\Program Files (x86)\Arena\Tournaments\Engine Regression Battle 20250921_2.pgn

No:  B/W 1/2     W:B       1:2           Time        Value Moves Dep 1:2       1-2-Draws
   5 B 2    1.0:0.0        0.0:5.0       8:03:00 PM     0.00    18 3.400 :3.056  0-5-0

--------------------------------------------------------------

Engine-Match Sunday, September 21, 2025 8:03:02 PM
 Blitz 1/1 

Pairing 2/10 :    V7P3R_v10.8  -  V7P3R_v10.6

PGN-File: C:\Program Files (x86)\Arena\Tournaments\Engine Regression Battle 20250921_2.pgn

No:  B/W 1/2     W:B       1:2           Time        Value Moves Dep 1:2       1-2-Draws
   5 W 1    1.0:0.0        2.0:3.0       8:06:00 PM   +14.53    44 2.326 :2.326  2-3-0

--------------------------------------------------------------

Engine-Match Sunday, September 21, 2025 8:06:01 PM
 Blitz 1/1 

Pairing 3/10 :    V7P3R_v11.0  -  V7P3R_v10.8

PGN-File: C:\Program Files (x86)\Arena\Tournaments\Engine Regression Battle 20250921_2.pgn

No:  B/W 1/2     W:B       1:2           Time        Value Moves Dep 1:2       1-2-Draws
   5 B 2    1.0:0.0        0.0:5.0       8:07:13 PM  -289.96    29 2.172 :3.000  0-5-0

--------------------------------------------------------------

Engine-Match Sunday, September 21, 2025 8:07:14 PM
 Blitz 1/1 

Pairing 4/10 :    V7P3R_v10.6  -  V7P3R_v11.4

PGN-File: C:\Program Files (x86)\Arena\Tournaments\Engine Regression Battle 20250921_2.pgn

No:  B/W 1/2     W:B       1:2           Time        Value Moves Dep 1:2       1-2-Draws
   5 W 1    1.0:0.0        4.0:1.0       8:09:33 PM     0.00    22 3.043 :3.667  4-1-0

--------------------------------------------------------------

Engine-Match Sunday, September 21, 2025 8:09:34 PM
 Blitz 1/1 

Pairing 5/10 :    V7P3R_v11.2  -  V7P3R_v10.6

PGN-File: C:\Program Files (x86)\Arena\Tournaments\Engine Regression Battle 20250921_2.pgn

No:  B/W 1/2     W:B       1:2           Time        Value Moves Dep 1:2       1-2-Draws
   5 B 2    1.0:0.0        0.0:5.0       8:11:37 PM  -289.96    35 3.094 :2.677  0-5-0

--------------------------------------------------------------

Engine-Match Sunday, September 21, 2025 8:11:38 PM
 Blitz 1/1 

Pairing 6/10 :    V7P3R_v11.4  -  V7P3R_v11.0

PGN-File: C:\Program Files (x86)\Arena\Tournaments\Engine Regression Battle 20250921_2.pgn

No:  B/W 1/2     W:B       1:2           Time        Value Moves Dep 1:2       1-2-Draws
   5 B 2    1.0:0.0        0.0:5.0       8:13:49 PM     0.00    33 3.286 :2.091  0-5-0

--------------------------------------------------------------

Engine-Match Sunday, September 21, 2025 8:13:50 PM
 Blitz 1/1 

Pairing 7/10 :    V7P3R_v10.8  -  V7P3R_v11.4

PGN-File: C:\Program Files (x86)\Arena\Tournaments\Engine Regression Battle 20250921_2.pgn

No:  B/W 1/2     W:B       1:2           Time        Value Moves Dep 1:2       1-2-Draws
   5 W 1    1.0:0.0        5.0:0.0       8:16:21 PM     0.00    25 2.640 :3.300  5-0-0

--------------------------------------------------------------

Engine-Match Sunday, September 21, 2025 8:16:22 PM
 Blitz 1/1 

Pairing 8/10 :    V7P3R_v11.0  -  V7P3R_v11.2

PGN-File: C:\Program Files (x86)\Arena\Tournaments\Engine Regression Battle 20250921_2.pgn

No:  B/W 1/2     W:B       1:2           Time        Value Moves Dep 1:2       1-2-Draws
   5 B 2    1.5:0.5        3.5:1.5       8:17:44 PM  -289.98    41 2.154 :3.320  3-1-1

--------------------------------------------------------------

Engine-Match Sunday, September 21, 2025 8:17:45 PM
 Blitz 1/1 

Pairing 9/10 :    V7P3R_v10.6  -  V7P3R_v11.0

PGN-File: C:\Program Files (x86)\Arena\Tournaments\Engine Regression Battle 20250921_2.pgn

No:  B/W 1/2     W:B       1:2           Time        Value Moves Dep 1:2       1-2-Draws
   5 W 1    1.0:0.0        5.0:0.0       8:19:05 PM  +289.96    26 2.833 :2.040  5-0-0

--------------------------------------------------------------

Engine-Match Sunday, September 21, 2025 8:19:06 PM
 Blitz 1/1 

Pairing 10/10 :    V7P3R_v11.2  -  V7P3R_v10.8

PGN-File: C:\Program Files (x86)\Arena\Tournaments\Engine Regression Battle 20250921_2.pgn

No:  B/W 1/2     W:B       1:2           Time        Value Moves Dep 1:2       1-2-Draws
   5 = =    0.5:0.5        0.5:4.5       8:20:48 PM   -15.62    25 3.080 :2.760  0-4-1

--------------------------------------------------------------

Engine-Match Sunday, September 21, 2025 8:20:49 PM
 Blitz 1/1 

Pairing 1/10 :    V7P3R_v11.4  -  V7P3R_v11.2

PGN-File: C:\Program Files (x86)\Arena\Tournaments\Engine Regression Battle 20250921_2.pgn

No:  B/W 1/2     W:B       1:2           Time        Value Moves Dep 1:2       1-2-Draws
   6 W 2    1.0:0.0        0.0:6.0       8:22:44 PM     0.00    19 3.471 :3.300  0-6-0

--------------------------------------------------------------

Engine-Match Sunday, September 21, 2025 8:22:45 PM
 Blitz 1/1 

Pairing 2/10 :    V7P3R_v10.8  -  V7P3R_v10.6

PGN-File: C:\Program Files (x86)\Arena\Tournaments\Engine Regression Battle 20250921_2.pgn

No:  B/W 1/2     W:B       1:2           Time        Value Moves Dep 1:2       1-2-Draws
   6 B 1    1.0:0.0        3.0:3.0       8:25:21 PM   -16.11    37 2.576 :2.636  3-3-0

--------------------------------------------------------------

Engine-Match Sunday, September 21, 2025 8:25:22 PM
 Blitz 1/1 

Pairing 3/10 :    V7P3R_v11.0  -  V7P3R_v10.8

PGN-File: C:\Program Files (x86)\Arena\Tournaments\Engine Regression Battle 20250921_2.pgn

No:  B/W 1/2     W:B       1:2           Time        Value Moves Dep 1:2       1-2-Draws
   6 = =    0.5:0.5        0.5:5.5       8:27:25 PM     0.00    47 2.029 :2.471  0-5-1

--------------------------------------------------------------

Engine-Match Sunday, September 21, 2025 8:27:27 PM
 Blitz 1/1 

Pairing 4/10 :    V7P3R_v10.6  -  V7P3R_v11.4

PGN-File: C:\Program Files (x86)\Arena\Tournaments\Engine Regression Battle 20250921_2.pgn

No:  B/W 1/2     W:B       1:2           Time        Value Moves Dep 1:2       1-2-Draws
   6 B 1    1.0:0.0        5.0:1.0       8:29:52 PM  -289.96    29 2.483 :3.667  5-1-0

--------------------------------------------------------------

Engine-Match Sunday, September 21, 2025 8:29:53 PM
 Blitz 1/1 

Pairing 5/10 :    V7P3R_v11.2  -  V7P3R_v10.6

PGN-File: C:\Program Files (x86)\Arena\Tournaments\Engine Regression Battle 20250921_2.pgn

No:  B/W 1/2     W:B       1:2           Time        Value Moves Dep 1:2       1-2-Draws
   6 W 2    1.0:0.0        0.0:6.0       8:32:34 PM  +289.95    52 3.115 :2.778  0-6-0

--------------------------------------------------------------

Engine-Match Sunday, September 21, 2025 8:32:35 PM
 Blitz 1/1 

Pairing 6/10 :    V7P3R_v11.4  -  V7P3R_v11.0

PGN-File: C:\Program Files (x86)\Arena\Tournaments\Engine Regression Battle 20250921_2.pgn

No:  B/W 1/2     W:B       1:2           Time        Value Moves Dep 1:2       1-2-Draws
   6 W 2    1.0:0.0        0.0:6.0       8:34:37 PM     0.00    27 3.120 :2.038  0-6-0

--------------------------------------------------------------

Engine-Match Sunday, September 21, 2025 8:34:39 PM
 Blitz 1/1 

Pairing 7/10 :    V7P3R_v10.8  -  V7P3R_v11.4

PGN-File: C:\Program Files (x86)\Arena\Tournaments\Engine Regression Battle 20250921_2.pgn

No:  B/W 1/2     W:B       1:2           Time        Value Moves Dep 1:2       1-2-Draws
   6 B 1    1.0:0.0        6.0:0.0       8:37:40 PM     0.00    39 2.440 :3.409  6-0-0

--------------------------------------------------------------

Engine-Match Sunday, September 21, 2025 8:37:41 PM
 Blitz 1/1 

Pairing 8/10 :    V7P3R_v11.0  -  V7P3R_v11.2

PGN-File: C:\Program Files (x86)\Arena\Tournaments\Engine Regression Battle 20250921_2.pgn

No:  B/W 1/2     W:B       1:2           Time        Value Moves Dep 1:2       1-2-Draws
   6 B 1    1.5:0.5        4.5:1.5       8:39:34 PM   -14.09    45 2.023 :2.622  4-1-1

--------------------------------------------------------------

Engine-Match Sunday, September 21, 2025 8:39:36 PM
 Blitz 1/1 

Pairing 9/10 :    V7P3R_v10.6  -  V7P3R_v11.0

PGN-File: C:\Program Files (x86)\Arena\Tournaments\Engine Regression Battle 20250921_2.pgn

No:  B/W 1/2     W:B       1:2           Time        Value Moves Dep 1:2       1-2-Draws
   6 B 1    1.0:0.0        6.0:0.0       8:40:58 PM  -289.96    37 3.077 :2.731  6-0-0

--------------------------------------------------------------

Engine-Match Sunday, September 21, 2025 8:41:00 PM
 Blitz 1/1 

Pairing 10/10 :    V7P3R_v11.2  -  V7P3R_v10.8

PGN-File: C:\Program Files (x86)\Arena\Tournaments\Engine Regression Battle 20250921_2.pgn

No:  B/W 1/2     W:B       1:2           Time        Value Moves Dep 1:2       1-2-Draws
   6 W 2    1.5:0.5        0.5:5.5       8:43:25 PM  +289.96    49 3.154 :2.778  0-5-1

--------------------------------------------------------------

Engine-Match Sunday, September 21, 2025 8:43:32 PM
 Blitz 1/1 

Pairing 1/10 :    V7P3R_v11.4  -  V7P3R_v11.2

PGN-File: C:\Program Files (x86)\Arena\Tournaments\Engine Regression Battle 20250921_2.pgn

No:  B/W 1/2     W:B       1:2           Time        Value Moves Dep 1:2       1-2-Draws
   7 B 2    1.0:0.0        0.0:7.0       8:45:29 PM     0.00    19 3.235 :2.947  0-7-0

--------------------------------------------------------------

Engine-Match Sunday, September 21, 2025 8:45:30 PM
 Blitz 1/1 

Pairing 2/10 :    V7P3R_v10.8  -  V7P3R_v10.6

PGN-File: C:\Program Files (x86)\Arena\Tournaments\Engine Regression Battle 20250921_2.pgn

No:  B/W 1/2     W:B       1:2           Time        Value Moves Dep 1:2       1-2-Draws
   7 W 1    1.0:0.0        4.0:3.0       8:48:13 PM  +289.96    59 3.105 :3.000  4-3-0

--------------------------------------------------------------

Engine-Match Sunday, September 21, 2025 8:48:15 PM
 Blitz 1/1 

Pairing 3/10 :    V7P3R_v11.0  -  V7P3R_v10.8

PGN-File: C:\Program Files (x86)\Arena\Tournaments\Engine Regression Battle 20250921_2.pgn

No:  B/W 1/2     W:B       1:2           Time        Value Moves Dep 1:2       1-2-Draws
   7 B 2    1.5:0.5        0.5:6.5       8:50:08 PM  -289.96    50 2.091 :2.773  0-6-1

--------------------------------------------------------------

Engine-Match Sunday, September 21, 2025 8:50:09 PM
 Blitz 1/1 

Pairing 4/10 :    V7P3R_v10.6  -  V7P3R_v11.4

PGN-File: C:\Program Files (x86)\Arena\Tournaments\Engine Regression Battle 20250921_2.pgn

No:  B/W 1/2     W:B       1:2           Time        Value Moves Dep 1:2       1-2-Draws
   7 W 1    1.0:0.0        6.0:1.0       8:53:05 PM     0.00    29 2.517 :3.391  6-1-0

--------------------------------------------------------------

Engine-Match Sunday, September 21, 2025 8:53:06 PM
 Blitz 1/1 

Pairing 5/10 :    V7P3R_v11.2  -  V7P3R_v10.6

PGN-File: C:\Program Files (x86)\Arena\Tournaments\Engine Regression Battle 20250921_2.pgn

No:  B/W 1/2     W:B       1:2           Time        Value Moves Dep 1:2       1-2-Draws
   7 B 2    1.0:0.0        0.0:7.0       8:55:32 PM  -289.96    43 3.256 :2.628  0-7-0

--------------------------------------------------------------

Engine-Match Sunday, September 21, 2025 8:55:34 PM
 Blitz 1/1 

Pairing 6/10 :    V7P3R_v11.4  -  V7P3R_v11.0

PGN-File: C:\Program Files (x86)\Arena\Tournaments\Engine Regression Battle 20250921_2.pgn

No:  B/W 1/2     W:B       1:2           Time        Value Moves Dep 1:2       1-2-Draws
   7 B 2    1.0:0.0        0.0:7.0       8:57:33 PM     0.00    29 3.360 :2.034  0-7-0

--------------------------------------------------------------

Engine-Match Sunday, September 21, 2025 8:57:34 PM
 Blitz 1/1 

Pairing 7/10 :    V7P3R_v10.8  -  V7P3R_v11.4

PGN-File: C:\Program Files (x86)\Arena\Tournaments\Engine Regression Battle 20250921_2.pgn

No:  B/W 1/2     W:B       1:2           Time        Value Moves Dep 1:2       1-2-Draws
   7 W 1    1.0:0.0        7.0:0.0       8:59:55 PM     0.00    22 3.048 :3.556  7-0-0

--------------------------------------------------------------

Engine-Match Sunday, September 21, 2025 8:59:56 PM
 Blitz 1/1 

Pairing 8/10 :    V7P3R_v11.0  -  V7P3R_v11.2

PGN-File: C:\Program Files (x86)\Arena\Tournaments\Engine Regression Battle 20250921_2.pgn

No:  B/W 1/2     W:B       1:2           Time        Value Moves Dep 1:2       1-2-Draws
   7 W 1    1.5:0.5        5.5:1.5       9:01:44 PM  +289.97    41 2.073 :2.976  5-1-1

--------------------------------------------------------------

Engine-Match Sunday, September 21, 2025 9:01:45 PM
 Blitz 1/1 

Pairing 9/10 :    V7P3R_v10.6  -  V7P3R_v11.0

PGN-File: C:\Program Files (x86)\Arena\Tournaments\Engine Regression Battle 20250921_2.pgn

No:  B/W 1/2     W:B       1:2           Time        Value Moves Dep 1:2       1-2-Draws
   7 W 1    1.0:0.0        7.0:0.0       9:03:43 PM  +289.96    54 2.743 :2.114  7-0-0

--------------------------------------------------------------

Engine-Match Sunday, September 21, 2025 9:03:44 PM
 Blitz 1/1 

Pairing 10/10 :    V7P3R_v11.2  -  V7P3R_v10.8

PGN-File: C:\Program Files (x86)\Arena\Tournaments\Engine Regression Battle 20250921_2.pgn

No:  B/W 1/2     W:B       1:2           Time        Value Moves Dep 1:2       1-2-Draws
   7 B 2    1.5:0.5        0.5:6.5       9:05:17 PM  -289.96    25 2.680 :2.333  0-6-1

--------------------------------------------------------------

Engine-Match Sunday, September 21, 2025 9:05:19 PM
 Blitz 1/1 

Pairing 1/10 :    V7P3R_v11.4  -  V7P3R_v11.2

PGN-File: C:\Program Files (x86)\Arena\Tournaments\Engine Regression Battle 20250921_2.pgn

No:  B/W 1/2     W:B       1:2           Time        Value Moves Dep 1:2       1-2-Draws
   8 W 2    1.0:0.0        0.0:8.0       9:07:13 PM     0.00    19 3.471 :3.300  0-8-0

--------------------------------------------------------------

Engine-Match Sunday, September 21, 2025 9:07:15 PM
 Blitz 1/1 

Pairing 2/10 :    V7P3R_v10.8  -  V7P3R_v10.6

PGN-File: C:\Program Files (x86)\Arena\Tournaments\Engine Regression Battle 20250921_2.pgn

No:  B/W 1/2     W:B       1:2           Time        Value Moves Dep 1:2       1-2-Draws
   8 B 1    1.0:0.0        5.0:3.0       9:10:09 PM     0.00    68 2.962 :3.120  5-3-0

--------------------------------------------------------------

Engine-Match Sunday, September 21, 2025 9:10:10 PM
 Blitz 1/1 

Pairing 3/10 :    V7P3R_v11.0  -  V7P3R_v10.8

PGN-File: C:\Program Files (x86)\Arena\Tournaments\Engine Regression Battle 20250921_2.pgn

No:  B/W 1/2     W:B       1:2           Time        Value Moves Dep 1:2       1-2-Draws
   8 W 2    1.5:0.5        0.5:7.5       9:11:47 PM  +289.97    43 2.353 :2.938  0-7-1

--------------------------------------------------------------

Engine-Match Sunday, September 21, 2025 9:11:49 PM
 Blitz 1/1 

Pairing 4/10 :    V7P3R_v10.6  -  V7P3R_v11.4

PGN-File: C:\Program Files (x86)\Arena\Tournaments\Engine Regression Battle 20250921_2.pgn

No:  B/W 1/2     W:B       1:2           Time        Value Moves Dep 1:2       1-2-Draws
   8 B 1    1.0:0.0        7.0:1.0       9:13:47 PM     0.00    15 2.733 :3.429  7-1-0

--------------------------------------------------------------

Engine-Match Sunday, September 21, 2025 9:13:48 PM
 Blitz 1/1 

Pairing 5/10 :    V7P3R_v11.2  -  V7P3R_v10.6

PGN-File: C:\Program Files (x86)\Arena\Tournaments\Engine Regression Battle 20250921_2.pgn

No:  B/W 1/2     W:B       1:2           Time        Value Moves Dep 1:2       1-2-Draws
   8 W 2    1.0:0.0        0.0:8.0       9:15:18 PM  +289.97    25 3.280 :2.720  0-8-0

--------------------------------------------------------------

Engine-Match Sunday, September 21, 2025 9:15:19 PM
 Blitz 1/1 

Pairing 6/10 :    V7P3R_v11.4  -  V7P3R_v11.0

PGN-File: C:\Program Files (x86)\Arena\Tournaments\Engine Regression Battle 20250921_2.pgn

No:  B/W 1/2     W:B       1:2           Time        Value Moves Dep 1:2       1-2-Draws
   8 W 2    1.0:0.0        0.0:8.0       9:17:20 PM     0.00    29 3.261 :2.125  0-8-0

--------------------------------------------------------------

Engine-Match Sunday, September 21, 2025 9:17:21 PM
 Blitz 1/1 

Pairing 7/10 :    V7P3R_v10.8  -  V7P3R_v11.4

PGN-File: C:\Program Files (x86)\Arena\Tournaments\Engine Regression Battle 20250921_2.pgn

No:  B/W 1/2     W:B       1:2           Time        Value Moves Dep 1:2       1-2-Draws
   8 B 1    1.0:0.0        8.0:0.0       9:19:12 PM     0.00    12 3.000 :3.818  8-0-0

--------------------------------------------------------------

Engine-Match Sunday, September 21, 2025 9:19:13 PM
 Blitz 1/1 

Pairing 8/10 :    V7P3R_v11.0  -  V7P3R_v11.2

PGN-File: C:\Program Files (x86)\Arena\Tournaments\Engine Regression Battle 20250921_2.pgn

No:  B/W 1/2     W:B       1:2           Time        Value Moves Dep 1:2       1-2-Draws
   8 B 1    1.5:0.5        6.5:1.5       9:21:13 PM   -28.23    54 2.040 :3.118  6-1-1

--------------------------------------------------------------

Engine-Match Sunday, September 21, 2025 9:21:14 PM
 Blitz 1/1 

Pairing 9/10 :    V7P3R_v10.6  -  V7P3R_v11.0

PGN-File: C:\Program Files (x86)\Arena\Tournaments\Engine Regression Battle 20250921_2.pgn

No:  B/W 1/2     W:B       1:2           Time        Value Moves Dep 1:2       1-2-Draws
   8 B 1    1.0:0.0        8.0:0.0       9:22:39 PM  -289.96    34 2.818 :2.091  8-0-0

--------------------------------------------------------------

Engine-Match Sunday, September 21, 2025 9:22:40 PM
 Blitz 1/1 

Pairing 10/10 :    V7P3R_v11.2  -  V7P3R_v10.8

PGN-File: C:\Program Files (x86)\Arena\Tournaments\Engine Regression Battle 20250921_2.pgn

No:  B/W 1/2     W:B       1:2           Time        Value Moves Dep 1:2       1-2-Draws
   8 = =    1.0:1.0        1.0:7.0       9:23:52 PM    +4.62    19 3.158 :2.789  0-6-2

--------------------------------------------------------------

Engine-Match Sunday, September 21, 2025 9:23:59 PM
 Blitz 1/1 

Pairing 1/10 :    V7P3R_v11.4  -  V7P3R_v11.2

PGN-File: C:\Program Files (x86)\Arena\Tournaments\Engine Regression Battle 20250921_2.pgn

No:  B/W 1/2     W:B       1:2           Time        Value Moves Dep 1:2       1-2-Draws
   9 B 2    1.0:0.0        0.0:9.0       9:26:04 PM     0.00    23 3.474 :2.957  0-9-0

--------------------------------------------------------------

Engine-Match Sunday, September 21, 2025 9:26:06 PM
 Blitz 1/1 

Pairing 2/10 :    V7P3R_v10.8  -  V7P3R_v10.6

PGN-File: C:\Program Files (x86)\Arena\Tournaments\Engine Regression Battle 20250921_2.pgn

No:  B/W 1/2     W:B       1:2           Time        Value Moves Dep 1:2       1-2-Draws
   9 W 1    1.0:0.0        6.0:3.0       9:29:01 PM   +14.53    44 2.326 :2.349  6-3-0

--------------------------------------------------------------

Engine-Match Sunday, September 21, 2025 9:29:03 PM
 Blitz 1/1 

Pairing 3/10 :    V7P3R_v11.0  -  V7P3R_v10.8

PGN-File: C:\Program Files (x86)\Arena\Tournaments\Engine Regression Battle 20250921_2.pgn

No:  B/W 1/2     W:B       1:2           Time        Value Moves Dep 1:2       1-2-Draws
   9 B 2    1.5:0.5        0.5:8.5       9:30:26 PM  -289.96    38 2.643 :3.080  0-8-1

--------------------------------------------------------------

Engine-Match Sunday, September 21, 2025 9:30:27 PM
 Blitz 1/1 

Pairing 4/10 :    V7P3R_v10.6  -  V7P3R_v11.4

PGN-File: C:\Program Files (x86)\Arena\Tournaments\Engine Regression Battle 20250921_2.pgn

No:  B/W 1/2     W:B       1:2           Time        Value Moves Dep 1:2       1-2-Draws
   9 W 1    1.0:0.0        8.0:1.0       9:32:44 PM     0.00    21 2.818 :3.444  8-1-0

--------------------------------------------------------------

Engine-Match Sunday, September 21, 2025 9:32:46 PM
 Blitz 1/1 

Pairing 5/10 :    V7P3R_v11.2  -  V7P3R_v10.6

PGN-File: C:\Program Files (x86)\Arena\Tournaments\Engine Regression Battle 20250921_2.pgn

No:  B/W 1/2     W:B       1:2           Time        Value Moves Dep 1:2       1-2-Draws
   9 B 2    1.0:0.0        0.0:9.0       9:35:29 PM   -11.48    51 2.824 :2.426  0-9-0

--------------------------------------------------------------

Engine-Match Sunday, September 21, 2025 9:35:30 PM
 Blitz 1/1 

Pairing 6/10 :    V7P3R_v11.4  -  V7P3R_v11.0

PGN-File: C:\Program Files (x86)\Arena\Tournaments\Engine Regression Battle 20250921_2.pgn

No:  B/W 1/2     W:B       1:2           Time        Value Moves Dep 1:2       1-2-Draws
   9 B 2    1.0:0.0        0.0:9.0       9:37:28 PM     0.00    28 3.440 :2.107  0-9-0

--------------------------------------------------------------

Engine-Match Sunday, September 21, 2025 9:37:29 PM
 Blitz 1/1 

Pairing 7/10 :    V7P3R_v10.8  -  V7P3R_v11.4

PGN-File: C:\Program Files (x86)\Arena\Tournaments\Engine Regression Battle 20250921_2.pgn

No:  B/W 1/2     W:B       1:2           Time        Value Moves Dep 1:2       1-2-Draws
   9 W 1    1.0:0.0        9.0:0.0       9:39:56 PM     0.00    26 2.630 :3.304  9-0-0

--------------------------------------------------------------

Engine-Match Sunday, September 21, 2025 9:39:57 PM
 Blitz 1/1 

Pairing 8/10 :    V7P3R_v11.0  -  V7P3R_v11.2

PGN-File: C:\Program Files (x86)\Arena\Tournaments\Engine Regression Battle 20250921_2.pgn

No:  B/W 1/2     W:B       1:2           Time        Value Moves Dep 1:2       1-2-Draws
   9 W 1    1.5:0.5        7.5:1.5       9:41:09 PM   +17.29    33 2.200 :3.320  7-1-1

--------------------------------------------------------------

Engine-Match Sunday, September 21, 2025 9:41:11 PM
 Blitz 1/1 

Pairing 9/10 :    V7P3R_v10.6  -  V7P3R_v11.0

PGN-File: C:\Program Files (x86)\Arena\Tournaments\Engine Regression Battle 20250921_2.pgn

No:  B/W 1/2     W:B       1:2           Time        Value Moves Dep 1:2       1-2-Draws
   9 W 1    1.0:0.0        9.0:0.0       9:42:29 PM  +289.96    26 2.833 :2.040  9-0-0

--------------------------------------------------------------

Engine-Match Sunday, September 21, 2025 9:42:30 PM
 Blitz 1/1 

Pairing 10/10 :    V7P3R_v11.2  -  V7P3R_v10.8

PGN-File: C:\Program Files (x86)\Arena\Tournaments\Engine Regression Battle 20250921_2.pgn

No:  B/W 1/2     W:B       1:2           Time        Value Moves Dep 1:2       1-2-Draws
   9 B 2    2.0:1.0        1.0:8.0       9:44:35 PM   -18.29    39 3.216 :2.639  0-7-2

--------------------------------------------------------------

Engine-Match Sunday, September 21, 2025 9:44:37 PM
 Blitz 1/1 

Pairing 1/10 :    V7P3R_v11.4  -  V7P3R_v11.2

PGN-File: C:\Program Files (x86)\Arena\Tournaments\Engine Regression Battle 20250921_2.pgn

No:  B/W 1/2     W:B       1:2           Time        Value Moves Dep 1:2       1-2-Draws
  10 W 2    1.0:0.0        0.0:10.0      9:46:41 PM     0.00    22 3.588 :3.261  0-10-0

--------------------------------------------------------------

Engine-Match Sunday, September 21, 2025 9:46:42 PM
 Blitz 1/1 

Pairing 2/10 :    V7P3R_v10.8  -  V7P3R_v10.6

PGN-File: C:\Program Files (x86)\Arena\Tournaments\Engine Regression Battle 20250921_2.pgn

No:  B/W 1/2     W:B       1:2           Time        Value Moves Dep 1:2       1-2-Draws
  10 = =    0.5:0.5        6.5:3.5       9:48:57 PM    -0.07    33 2.333 :2.344  6-3-1

--------------------------------------------------------------

Engine-Match Sunday, September 21, 2025 9:48:58 PM
 Blitz 1/1 

Pairing 3/10 :    V7P3R_v11.0  -  V7P3R_v10.8

PGN-File: C:\Program Files (x86)\Arena\Tournaments\Engine Regression Battle 20250921_2.pgn

No:  B/W 1/2     W:B       1:2           Time        Value Moves Dep 1:2       1-2-Draws
  10 W 2    1.5:0.5        0.5:9.5       9:50:13 PM  +289.96    26 2.040 :2.833  0-9-1

--------------------------------------------------------------

Engine-Match Sunday, September 21, 2025 9:50:14 PM
 Blitz 1/1 

Pairing 4/10 :    V7P3R_v10.6  -  V7P3R_v11.4

PGN-File: C:\Program Files (x86)\Arena\Tournaments\Engine Regression Battle 20250921_2.pgn

No:  B/W 1/2     W:B       1:2           Time        Value Moves Dep 1:2       1-2-Draws
  10 B 1    1.0:0.0        9.0:1.0       9:52:13 PM     0.00    15 2.733 :3.429  9-1-0

--------------------------------------------------------------

Engine-Match Sunday, September 21, 2025 9:52:14 PM
 Blitz 1/1 

Pairing 5/10 :    V7P3R_v11.2  -  V7P3R_v10.6

PGN-File: C:\Program Files (x86)\Arena\Tournaments\Engine Regression Battle 20250921_2.pgn

No:  B/W 1/2     W:B       1:2           Time        Value Moves Dep 1:2       1-2-Draws
  10 W 2    1.0:0.0        0.0:10.0      9:53:42 PM  +289.97    25 3.240 :2.720  0-10-0

--------------------------------------------------------------

Engine-Match Sunday, September 21, 2025 9:53:44 PM
 Blitz 1/1 

Pairing 6/10 :    V7P3R_v11.4  -  V7P3R_v11.0

PGN-File: C:\Program Files (x86)\Arena\Tournaments\Engine Regression Battle 20250921_2.pgn

No:  B/W 1/2     W:B       1:2           Time        Value Moves Dep 1:2       1-2-Draws
  10 W 2    1.0:0.0        0.0:10.0      9:55:45 PM     0.00    30 3.261 :2.125  0-10-0

--------------------------------------------------------------

Engine-Match Sunday, September 21, 2025 9:55:47 PM
 Blitz 1/1 

Pairing 7/10 :    V7P3R_v10.8  -  V7P3R_v11.4

PGN-File: C:\Program Files (x86)\Arena\Tournaments\Engine Regression Battle 20250921_2.pgn

No:  B/W 1/2     W:B       1:2           Time        Value Moves Dep 1:2       1-2-Draws
  10 B 1    1.0:0.0        10.0:0.0      9:57:46 PM     0.00    15 2.733 :3.500  10-0-0

--------------------------------------------------------------

Engine-Match Sunday, September 21, 2025 9:57:47 PM
 Blitz 1/1 

Pairing 8/10 :    V7P3R_v11.0  -  V7P3R_v11.2

PGN-File: C:\Program Files (x86)\Arena\Tournaments\Engine Regression Battle 20250921_2.pgn

No:  B/W 1/2     W:B       1:2           Time        Value Moves Dep 1:2       1-2-Draws
  10 B 1    1.5:0.5        8.5:1.5       9:59:54 PM   -21.03    57 2.022 :2.804  8-1-1

--------------------------------------------------------------

Engine-Match Sunday, September 21, 2025 9:59:55 PM
 Blitz 1/1 

Pairing 9/10 :    V7P3R_v10.6  -  V7P3R_v11.0

PGN-File: C:\Program Files (x86)\Arena\Tournaments\Engine Regression Battle 20250921_2.pgn

No:  B/W 1/2     W:B       1:2           Time        Value Moves Dep 1:2       1-2-Draws
  10 B 1    1.0:0.0        10.0:0.0      10:01:11 PM  -289.96    34 3.333 :2.444  10-0-0

--------------------------------------------------------------

Engine-Match Sunday, September 21, 2025 10:01:12 PM
 Blitz 1/1 

Pairing 10/10 :    V7P3R_v11.2  -  V7P3R_v10.8

PGN-File: C:\Program Files (x86)\Arena\Tournaments\Engine Regression Battle 20250921_2.pgn

No:  B/W 1/2     W:B       1:2           Time        Value Moves Dep 1:2       1-2-Draws
  10 = =    1.5:1.5        1.5:8.5       10:02:22 PM    +4.62    19 3.158 :2.789  0-7-3
