Engine-Match Sunday, September 14, 2025 7:44:11 PM
 Blitz 2/1 

Pairing 1/6 :    V7P3R_v10.0  -  V7P3R_v10.8

PGN-File: C:\Program Files (x86)\Arena\Tournaments\Engine Regression Battle 20250914.pgn

No:  B/W 1/2     W:B       1:2           Time        Value Moves Dep 1:2       1-2-Draws
   1 = =    0.5:0.5        0.5:0.5       7:48:45 PM    +0.30    68 4.478 :3.200  0-0-1

--------------------------------------------------------------

Engine-Match Sunday, September 14, 2025 7:48:47 PM
 Blitz 2/1 

Pairing 2/6 :    V7P3R_v10.6  -  V7P3R_v10.4

PGN-File: C:\Program Files (x86)\Arena\Tournaments\Engine Regression Battle 20250914.pgn

No:  B/W 1/2     W:B       1:2           Time        Value Moves Dep 1:2       1-2-Draws
   1 W 1    1.0:0.0        1.0:0.0       7:52:20 PM   +20.31    44 3.118 :3.118  1-0-0

--------------------------------------------------------------

Engine-Match Sunday, September 14, 2025 7:52:22 PM
 Blitz 2/1 

Pairing 3/6 :    V7P3R_v10.6  -  V7P3R_v10.0

PGN-File: C:\Program Files (x86)\Arena\Tournaments\Engine Regression Battle 20250914.pgn

No:  B/W 1/2     W:B       1:2           Time        Value Moves Dep 1:2       1-2-Draws
   1 = =    0.5:0.5        0.5:0.5       7:56:03 PM    -0.40    32 3.200 :4.346  0-0-1

--------------------------------------------------------------

Engine-Match Sunday, September 14, 2025 7:56:04 PM
 Blitz 2/1 

Pairing 4/6 :    V7P3R_v10.4  -  V7P3R_v10.8

PGN-File: C:\Program Files (x86)\Arena\Tournaments\Engine Regression Battle 20250914.pgn

No:  B/W 1/2     W:B       1:2           Time        Value Moves Dep 1:2       1-2-Draws
   1 W 1    1.0:0.0        1.0:0.0       7:59:39 PM   +20.31    44 3.118 :3.118  1-0-0

--------------------------------------------------------------

Engine-Match Sunday, September 14, 2025 7:59:40 PM
 Blitz 2/1 

Pairing 5/6 :    V7P3R_v10.0  -  V7P3R_v10.4

PGN-File: C:\Program Files (x86)\Arena\Tournaments\Engine Regression Battle 20250914.pgn

No:  B/W 1/2     W:B       1:2           Time        Value Moves Dep 1:2       1-2-Draws
   1 = =    0.5:0.5        0.5:0.5       8:04:18 PM    +0.30    68 4.478 :3.200  0-0-1

--------------------------------------------------------------

Engine-Match Sunday, September 14, 2025 8:04:20 PM
 Blitz 2/1 

Pairing 6/6 :    V7P3R_v10.8  -  V7P3R_v10.6

PGN-File: C:\Program Files (x86)\Arena\Tournaments\Engine Regression Battle 20250914.pgn

No:  B/W 1/2     W:B       1:2           Time        Value Moves Dep 1:2       1-2-Draws
   1 W 1    1.0:0.0        1.0:0.0       8:08:39 PM  +289.98    64 3.156 :3.081  1-0-0

--------------------------------------------------------------

Engine-Match Sunday, September 14, 2025 8:08:40 PM
 Blitz 2/1 

Pairing 1/6 :    V7P3R_v10.0  -  V7P3R_v10.8

PGN-File: C:\Program Files (x86)\Arena\Tournaments\Engine Regression Battle 20250914.pgn

No:  B/W 1/2     W:B       1:2           Time        Value Moves Dep 1:2       1-2-Draws
   2 W 2    1.5:0.5        0.5:1.5       8:13:14 PM  +289.97    58 4.346 :3.250  0-1-1

--------------------------------------------------------------

Engine-Match Sunday, September 14, 2025 8:13:15 PM
 Blitz 2/1 

Pairing 2/6 :    V7P3R_v10.6  -  V7P3R_v10.4

PGN-File: C:\Program Files (x86)\Arena\Tournaments\Engine Regression Battle 20250914.pgn

No:  B/W 1/2     W:B       1:2           Time        Value Moves Dep 1:2       1-2-Draws
   2 W 2    1.0:0.0        1.0:1.0       8:16:44 PM   +20.31    44 3.118 :3.118  1-1-0

--------------------------------------------------------------

Engine-Match Sunday, September 14, 2025 8:16:45 PM
 Blitz 2/1 

Pairing 3/6 :    V7P3R_v10.6  -  V7P3R_v10.0

PGN-File: C:\Program Files (x86)\Arena\Tournaments\Engine Regression Battle 20250914.pgn

No:  B/W 1/2     W:B       1:2           Time        Value Moves Dep 1:2       1-2-Draws
   2 = =    1.0:1.0        1.0:1.0       8:21:21 PM    +0.30    68 3.200 :4.478  0-0-2

--------------------------------------------------------------

Engine-Match Sunday, September 14, 2025 8:21:22 PM
 Blitz 2/1 

Pairing 4/6 :    V7P3R_v10.4  -  V7P3R_v10.8

PGN-File: C:\Program Files (x86)\Arena\Tournaments\Engine Regression Battle 20250914.pgn

No:  B/W 1/2     W:B       1:2           Time        Value Moves Dep 1:2       1-2-Draws
   2 W 2    1.0:0.0        1.0:1.0       8:24:50 PM   +20.31    44 3.118 :3.118  1-1-0

--------------------------------------------------------------

Engine-Match Sunday, September 14, 2025 8:24:52 PM
 Blitz 2/1 

Pairing 5/6 :    V7P3R_v10.0  -  V7P3R_v10.4

PGN-File: C:\Program Files (x86)\Arena\Tournaments\Engine Regression Battle 20250914.pgn

No:  B/W 1/2     W:B       1:2           Time        Value Moves Dep 1:2       1-2-Draws
   2 = =    1.0:1.0        1.0:1.0       8:29:35 PM    -0.10    68 4.333 :3.214  0-0-2

--------------------------------------------------------------

Engine-Match Sunday, September 14, 2025 8:29:36 PM
 Blitz 2/1 

Pairing 6/6 :    V7P3R_v10.8  -  V7P3R_v10.6

PGN-File: C:\Program Files (x86)\Arena\Tournaments\Engine Regression Battle 20250914.pgn

No:  B/W 1/2     W:B       1:2           Time        Value Moves Dep 1:2       1-2-Draws
   2 W 2    1.0:0.0        1.0:1.0       8:32:46 PM   +17.41    37 3.088 :3.125  1-1-0

--------------------------------------------------------------

Engine-Match Sunday, September 14, 2025 8:32:47 PM
 Blitz 2/1 

Pairing 1/6 :    V7P3R_v10.0  -  V7P3R_v10.8

PGN-File: C:\Program Files (x86)\Arena\Tournaments\Engine Regression Battle 20250914.pgn

No:  B/W 1/2     W:B       1:2           Time        Value Moves Dep 1:2       1-2-Draws
   3 = =    1.0:1.0        1.0:2.0       8:38:08 PM    +1.10    85 4.478 :3.200  0-1-2

--------------------------------------------------------------

Engine-Match Sunday, September 14, 2025 8:38:10 PM
 Blitz 2/1 

Pairing 2/6 :    V7P3R_v10.6  -  V7P3R_v10.4

PGN-File: C:\Program Files (x86)\Arena\Tournaments\Engine Regression Battle 20250914.pgn

No:  B/W 1/2     W:B       1:2           Time        Value Moves Dep 1:2       1-2-Draws
   3 W 1    1.0:0.0        2.0:1.0       8:41:38 PM   +20.31    44 3.118 :3.118  2-1-0

--------------------------------------------------------------

Engine-Match Sunday, September 14, 2025 8:41:40 PM
 Blitz 2/1 

Pairing 3/6 :    V7P3R_v10.6  -  V7P3R_v10.0

PGN-File: C:\Program Files (x86)\Arena\Tournaments\Engine Regression Battle 20250914.pgn

No:  B/W 1/2     W:B       1:2           Time        Value Moves Dep 1:2       1-2-Draws
   3 = =    1.5:1.5        1.5:1.5       8:46:20 PM    -0.10    68 3.214 :4.333  0-0-3

--------------------------------------------------------------

Engine-Match Sunday, September 14, 2025 8:46:21 PM
 Blitz 2/1 

Pairing 4/6 :    V7P3R_v10.4  -  V7P3R_v10.8

PGN-File: C:\Program Files (x86)\Arena\Tournaments\Engine Regression Battle 20250914.pgn

No:  B/W 1/2     W:B       1:2           Time        Value Moves Dep 1:2       1-2-Draws
   3 W 1    1.0:0.0        2.0:1.0       8:49:48 PM   +20.31    44 3.118 :3.118  2-1-0

--------------------------------------------------------------

Engine-Match Sunday, September 14, 2025 8:49:49 PM
 Blitz 2/1 

Pairing 5/6 :    V7P3R_v10.0  -  V7P3R_v10.4

PGN-File: C:\Program Files (x86)\Arena\Tournaments\Engine Regression Battle 20250914.pgn

No:  B/W 1/2     W:B       1:2           Time        Value Moves Dep 1:2       1-2-Draws
   3 = =    1.5:1.5        1.5:1.5       8:54:24 PM    -2.80    57 4.478 :3.200  0-0-3

--------------------------------------------------------------

Engine-Match Sunday, September 14, 2025 8:54:26 PM
 Blitz 2/1 

Pairing 6/6 :    V7P3R_v10.8  -  V7P3R_v10.6

PGN-File: C:\Program Files (x86)\Arena\Tournaments\Engine Regression Battle 20250914.pgn

No:  B/W 1/2     W:B       1:2           Time        Value Moves Dep 1:2       1-2-Draws
   3 W 1    1.0:0.0        2.0:1.0       8:57:57 PM   +20.31    44 3.118 :3.118  2-1-0

--------------------------------------------------------------

Engine-Match Sunday, September 14, 2025 8:57:59 PM
 Blitz 2/1 

Pairing 1/6 :    V7P3R_v10.0  -  V7P3R_v10.8

PGN-File: C:\Program Files (x86)\Arena\Tournaments\Engine Regression Battle 20250914.pgn

No:  B/W 1/2     W:B       1:2           Time        Value Moves Dep 1:2       1-2-Draws
   4 B 1    2.0:1.0        2.0:2.0       9:03:32 PM  -289.99    90 4.333 :3.214  1-1-2

--------------------------------------------------------------

Engine-Match Sunday, September 14, 2025 9:03:33 PM
 Blitz 2/1 

Pairing 2/6 :    V7P3R_v10.6  -  V7P3R_v10.4

PGN-File: C:\Program Files (x86)\Arena\Tournaments\Engine Regression Battle 20250914.pgn

No:  B/W 1/2     W:B       1:2           Time        Value Moves Dep 1:2       1-2-Draws
   4 W 2    1.0:0.0        2.0:2.0       9:06:33 PM   +13.97    33 3.031 :3.143  2-2-0

--------------------------------------------------------------

Engine-Match Sunday, September 14, 2025 9:06:40 PM
 Blitz 2/1 

Pairing 3/6 :    V7P3R_v10.6  -  V7P3R_v10.0

PGN-File: C:\Program Files (x86)\Arena\Tournaments\Engine Regression Battle 20250914.pgn

No:  B/W 1/2     W:B       1:2           Time        Value Moves Dep 1:2       1-2-Draws
   4 B 1    2.5:1.5        2.5:1.5       9:10:23 PM    -9.70    41 3.200 :4.478  1-0-3

--------------------------------------------------------------

Engine-Match Sunday, September 14, 2025 9:10:25 PM
 Blitz 2/1 

Pairing 4/6 :    V7P3R_v10.4  -  V7P3R_v10.8

PGN-File: C:\Program Files (x86)\Arena\Tournaments\Engine Regression Battle 20250914.pgn

No:  B/W 1/2     W:B       1:2           Time        Value Moves Dep 1:2       1-2-Draws
   4 W 2    1.0:0.0        2.0:2.0       9:13:34 PM   +17.41    37 3.088 :3.125  2-2-0

--------------------------------------------------------------

Engine-Match Sunday, September 14, 2025 9:13:36 PM
 Blitz 2/1 

Pairing 5/6 :    V7P3R_v10.0  -  V7P3R_v10.4

PGN-File: C:\Program Files (x86)\Arena\Tournaments\Engine Regression Battle 20250914.pgn

No:  B/W 1/2     W:B       1:2           Time        Value Moves Dep 1:2       1-2-Draws
   4 W 2    2.5:1.5        1.5:2.5       9:16:33 PM   +17.60    24 4.417 :3.217  0-1-3

--------------------------------------------------------------

Engine-Match Sunday, September 14, 2025 9:16:34 PM
 Blitz 2/1 

Pairing 6/6 :    V7P3R_v10.8  -  V7P3R_v10.6

PGN-File: C:\Program Files (x86)\Arena\Tournaments\Engine Regression Battle 20250914.pgn

No:  B/W 1/2     W:B       1:2           Time        Value Moves Dep 1:2       1-2-Draws
   4 W 2    1.0:0.0        2.0:2.0       9:20:06 PM   +20.31    44 3.118 :3.086  2-2-0

--------------------------------------------------------------

Engine-Match Sunday, September 14, 2025 9:20:08 PM
 Blitz 2/1 

Pairing 1/6 :    V7P3R_v10.0  -  V7P3R_v10.8

PGN-File: C:\Program Files (x86)\Arena\Tournaments\Engine Regression Battle 20250914.pgn

No:  B/W 1/2     W:B       1:2           Time        Value Moves Dep 1:2       1-2-Draws
   5 B 2    2.0:1.0        2.0:3.0       9:23:53 PM    -9.60    41 4.478 :3.200  1-2-2

--------------------------------------------------------------

Engine-Match Sunday, September 14, 2025 9:23:54 PM
 Blitz 2/1 

Pairing 2/6 :    V7P3R_v10.6  -  V7P3R_v10.4

PGN-File: C:\Program Files (x86)\Arena\Tournaments\Engine Regression Battle 20250914.pgn

No:  B/W 1/2     W:B       1:2           Time        Value Moves Dep 1:2       1-2-Draws
   5 = =    0.5:0.5        2.5:2.5       9:28:51 PM     0.00    90 3.176 :3.216  2-2-1

--------------------------------------------------------------

Engine-Match Sunday, September 14, 2025 9:28:52 PM
 Blitz 2/1 

Pairing 3/6 :    V7P3R_v10.6  -  V7P3R_v10.0

PGN-File: C:\Program Files (x86)\Arena\Tournaments\Engine Regression Battle 20250914.pgn

No:  B/W 1/2     W:B       1:2           Time        Value Moves Dep 1:2       1-2-Draws
   5 = =    2.0:2.0        3.0:2.0       9:32:42 PM     0.00    50 3.350 :4.625  1-0-4

--------------------------------------------------------------

Engine-Match Sunday, September 14, 2025 9:32:44 PM
 Blitz 2/1 

Pairing 4/6 :    V7P3R_v10.4  -  V7P3R_v10.8

PGN-File: C:\Program Files (x86)\Arena\Tournaments\Engine Regression Battle 20250914.pgn

No:  B/W 1/2     W:B       1:2           Time        Value Moves Dep 1:2       1-2-Draws
   5 W 1    1.0:0.0        3.0:2.0       9:36:59 PM  +289.97    63 3.179 :3.231  3-2-0

--------------------------------------------------------------

Engine-Match Sunday, September 14, 2025 9:37:01 PM
 Blitz 2/1 

Pairing 5/6 :    V7P3R_v10.0  -  V7P3R_v10.4

PGN-File: C:\Program Files (x86)\Arena\Tournaments\Engine Regression Battle 20250914.pgn

No:  B/W 1/2     W:B       1:2           Time        Value Moves Dep 1:2       1-2-Draws
   5 B 2    2.5:1.5        1.5:3.5       9:40:46 PM    -9.60    41 4.478 :3.200  0-2-3

--------------------------------------------------------------

Engine-Match Sunday, September 14, 2025 9:40:47 PM
 Blitz 2/1 

Pairing 6/6 :    V7P3R_v10.8  -  V7P3R_v10.6

PGN-File: C:\Program Files (x86)\Arena\Tournaments\Engine Regression Battle 20250914.pgn

No:  B/W 1/2     W:B       1:2           Time        Value Moves Dep 1:2       1-2-Draws
   5 W 1    1.0:0.0        3.0:2.0       9:43:57 PM   +11.17    37 3.061 :3.059  3-2-0

--------------------------------------------------------------

Engine-Match Sunday, September 14, 2025 9:43:58 PM
 Blitz 2/1 

Pairing 1/6 :    V7P3R_v10.0  -  V7P3R_v10.8

PGN-File: C:\Program Files (x86)\Arena\Tournaments\Engine Regression Battle 20250914.pgn

No:  B/W 1/2     W:B       1:2           Time        Value Moves Dep 1:2       1-2-Draws
   6 W 2    2.0:1.0        2.0:4.0       9:47:59 PM     0.00    46 4.690 :3.320  1-3-2

--------------------------------------------------------------

Engine-Match Sunday, September 14, 2025 9:48:00 PM
 Blitz 2/1 

Pairing 2/6 :    V7P3R_v10.6  -  V7P3R_v10.4

PGN-File: C:\Program Files (x86)\Arena\Tournaments\Engine Regression Battle 20250914.pgn

No:  B/W 1/2     W:B       1:2           Time        Value Moves Dep 1:2       1-2-Draws
   6 W 2    1.5:0.5        2.5:3.5       9:51:15 PM   +17.41    37 3.088 :3.091  2-3-1

--------------------------------------------------------------

Engine-Match Sunday, September 14, 2025 9:51:16 PM
 Blitz 2/1 

Pairing 3/6 :    V7P3R_v10.6  -  V7P3R_v10.0

PGN-File: C:\Program Files (x86)\Arena\Tournaments\Engine Regression Battle 20250914.pgn

No:  B/W 1/2     W:B       1:2           Time        Value Moves Dep 1:2       1-2-Draws
   6 = =    2.5:2.5        3.5:2.5       9:56:31 PM   +18.40    85 3.200 :4.478  1-0-5

--------------------------------------------------------------

Engine-Match Sunday, September 14, 2025 9:56:33 PM
 Blitz 2/1 

Pairing 4/6 :    V7P3R_v10.4  -  V7P3R_v10.8

PGN-File: C:\Program Files (x86)\Arena\Tournaments\Engine Regression Battle 20250914.pgn

No:  B/W 1/2     W:B       1:2           Time        Value Moves Dep 1:2       1-2-Draws
   6 W 2    1.0:0.0        3.0:3.0       10:00:09 PM   +14.10    39 3.000 :3.000  3-3-0

--------------------------------------------------------------

Engine-Match Sunday, September 14, 2025 10:00:10 PM
 Blitz 2/1 

Pairing 5/6 :    V7P3R_v10.0  -  V7P3R_v10.4

PGN-File: C:\Program Files (x86)\Arena\Tournaments\Engine Regression Battle 20250914.pgn

No:  B/W 1/2     W:B       1:2           Time        Value Moves Dep 1:2       1-2-Draws
   6 W 2    2.5:1.5        1.5:4.5       10:04:06 PM     0.00    46 4.690 :3.280  0-3-3

--------------------------------------------------------------

Engine-Match Sunday, September 14, 2025 10:04:08 PM
 Blitz 2/1 

Pairing 6/6 :    V7P3R_v10.8  -  V7P3R_v10.6

PGN-File: C:\Program Files (x86)\Arena\Tournaments\Engine Regression Battle 20250914.pgn

No:  B/W 1/2     W:B       1:2           Time        Value Moves Dep 1:2       1-2-Draws
   6 W 2    1.0:0.0        3.0:3.0       10:07:23 PM   +11.17    37 3.059 :3.061  3-3-0

--------------------------------------------------------------

Engine-Match Sunday, September 14, 2025 10:07:24 PM
 Blitz 2/1 

Pairing 1/6 :    V7P3R_v10.0  -  V7P3R_v10.8

PGN-File: C:\Program Files (x86)\Arena\Tournaments\Engine Regression Battle 20250914.pgn

No:  B/W 1/2     W:B       1:2           Time        Value Moves Dep 1:2       1-2-Draws
   7 B 2    2.0:1.0        2.0:5.0       10:11:12 PM    -9.60    41 4.478 :3.200  1-4-2

--------------------------------------------------------------

Engine-Match Sunday, September 14, 2025 10:11:13 PM
 Blitz 2/1 

Pairing 2/6 :    V7P3R_v10.6  -  V7P3R_v10.4

PGN-File: C:\Program Files (x86)\Arena\Tournaments\Engine Regression Battle 20250914.pgn

No:  B/W 1/2     W:B       1:2           Time        Value Moves Dep 1:2       1-2-Draws
   7 = =    1.0:1.0        3.0:4.0       10:16:22 PM     0.00    97 3.176 :3.216  2-3-2

--------------------------------------------------------------

Engine-Match Sunday, September 14, 2025 10:16:24 PM
 Blitz 2/1 

Pairing 3/6 :    V7P3R_v10.6  -  V7P3R_v10.0

PGN-File: C:\Program Files (x86)\Arena\Tournaments\Engine Regression Battle 20250914.pgn

No:  B/W 1/2     W:B       1:2           Time        Value Moves Dep 1:2       1-2-Draws
   7 B 2    3.5:2.5        3.5:3.5       10:21:13 PM   -17.74    70 3.250 :4.346  1-1-5

--------------------------------------------------------------

Engine-Match Sunday, September 14, 2025 10:21:14 PM
 Blitz 2/1 

Pairing 4/6 :    V7P3R_v10.4  -  V7P3R_v10.8

PGN-File: C:\Program Files (x86)\Arena\Tournaments\Engine Regression Battle 20250914.pgn

No:  B/W 1/2     W:B       1:2           Time        Value Moves Dep 1:2       1-2-Draws
   7 W 1    1.0:0.0        4.0:3.0       10:24:46 PM   +20.31    44 3.118 :3.118  4-3-0

--------------------------------------------------------------

Engine-Match Sunday, September 14, 2025 10:24:52 PM
 Blitz 2/1 

Pairing 5/6 :    V7P3R_v10.0  -  V7P3R_v10.4

PGN-File: C:\Program Files (x86)\Arena\Tournaments\Engine Regression Battle 20250914.pgn

No:  B/W 1/2     W:B       1:2           Time        Value Moves Dep 1:2       1-2-Draws
   7 = =    2.0:2.0        2.0:5.0       10:30:11 PM    +1.10    85 4.478 :3.200  0-3-4

--------------------------------------------------------------

Engine-Match Sunday, September 14, 2025 10:30:12 PM
 Blitz 2/1 

Pairing 6/6 :    V7P3R_v10.8  -  V7P3R_v10.6

PGN-File: C:\Program Files (x86)\Arena\Tournaments\Engine Regression Battle 20250914.pgn

No:  B/W 1/2     W:B       1:2           Time        Value Moves Dep 1:2       1-2-Draws
   7 W 1    1.0:0.0        4.0:3.0       10:33:40 PM   +20.31    44 3.118 :3.118  4-3-0

--------------------------------------------------------------

Engine-Match Sunday, September 14, 2025 10:33:42 PM
 Blitz 2/1 

Pairing 1/6 :    V7P3R_v10.0  -  V7P3R_v10.8

PGN-File: C:\Program Files (x86)\Arena\Tournaments\Engine Regression Battle 20250914.pgn

No:  B/W 1/2     W:B       1:2           Time        Value Moves Dep 1:2       1-2-Draws
   8 B 1    2.0:1.0        3.0:5.0       10:39:20 PM  -289.99    93 4.333 :3.214  2-4-2

--------------------------------------------------------------

Engine-Match Sunday, September 14, 2025 10:39:21 PM
 Blitz 2/1 

Pairing 2/6 :    V7P3R_v10.6  -  V7P3R_v10.4

PGN-File: C:\Program Files (x86)\Arena\Tournaments\Engine Regression Battle 20250914.pgn

No:  B/W 1/2     W:B       1:2           Time        Value Moves Dep 1:2       1-2-Draws
   8 W 2    2.0:1.0        3.0:5.0       10:42:49 PM   +20.31    44 3.118 :3.118  2-4-2

--------------------------------------------------------------

Engine-Match Sunday, September 14, 2025 10:42:50 PM
 Blitz 2/1 

Pairing 3/6 :    V7P3R_v10.6  -  V7P3R_v10.0

PGN-File: C:\Program Files (x86)\Arena\Tournaments\Engine Regression Battle 20250914.pgn

No:  B/W 1/2     W:B       1:2           Time        Value Moves Dep 1:2       1-2-Draws
   8 = =    3.0:3.0        4.0:4.0       10:47:27 PM    +0.30    68 3.200 :4.478  1-1-6

--------------------------------------------------------------

Engine-Match Sunday, September 14, 2025 10:47:28 PM
 Blitz 2/1 

Pairing 4/6 :    V7P3R_v10.4  -  V7P3R_v10.8

PGN-File: C:\Program Files (x86)\Arena\Tournaments\Engine Regression Battle 20250914.pgn

No:  B/W 1/2     W:B       1:2           Time        Value Moves Dep 1:2       1-2-Draws
   8 W 2    1.0:0.0        4.0:4.0       10:50:56 PM   +20.31    44 3.118 :3.118  4-4-0

--------------------------------------------------------------

Engine-Match Sunday, September 14, 2025 10:50:57 PM
 Blitz 2/1 

Pairing 5/6 :    V7P3R_v10.0  -  V7P3R_v10.4

PGN-File: C:\Program Files (x86)\Arena\Tournaments\Engine Regression Battle 20250914.pgn

No:  B/W 1/2     W:B       1:2           Time        Value Moves Dep 1:2       1-2-Draws
   8 B 1    3.0:2.0        3.0:5.0       10:56:08 PM   -30.60    72 4.346 :3.250  1-3-4

--------------------------------------------------------------

Engine-Match Sunday, September 14, 2025 10:56:10 PM
 Blitz 2/1 

Pairing 6/6 :    V7P3R_v10.8  -  V7P3R_v10.6

PGN-File: C:\Program Files (x86)\Arena\Tournaments\Engine Regression Battle 20250914.pgn

No:  B/W 1/2     W:B       1:2           Time        Value Moves Dep 1:2       1-2-Draws
   8 W 2    1.0:0.0        4.0:4.0       10:59:38 PM   +20.31    44 3.118 :3.118  4-4-0

--------------------------------------------------------------

Engine-Match Sunday, September 14, 2025 10:59:39 PM
 Blitz 2/1 

Pairing 1/6 :    V7P3R_v10.0  -  V7P3R_v10.8

PGN-File: C:\Program Files (x86)\Arena\Tournaments\Engine Regression Battle 20250914.pgn

No:  B/W 1/2     W:B       1:2           Time        Value Moves Dep 1:2       1-2-Draws
   9 B 2    2.0:1.0        3.0:6.0       11:03:23 PM    -9.60    41 4.478 :3.200  2-5-2

--------------------------------------------------------------

Engine-Match Sunday, September 14, 2025 11:03:24 PM
 Blitz 2/1 

Pairing 2/6 :    V7P3R_v10.6  -  V7P3R_v10.4

PGN-File: C:\Program Files (x86)\Arena\Tournaments\Engine Regression Battle 20250914.pgn

No:  B/W 1/2     W:B       1:2           Time        Value Moves Dep 1:2       1-2-Draws
   9 W 1    2.0:1.0        4.0:5.0       11:06:53 PM   +20.31    44 3.118 :3.118  3-4-2

--------------------------------------------------------------

Engine-Match Sunday, September 14, 2025 11:06:54 PM
 Blitz 2/1 

Pairing 3/6 :    V7P3R_v10.6  -  V7P3R_v10.0

PGN-File: C:\Program Files (x86)\Arena\Tournaments\Engine Regression Battle 20250914.pgn

No:  B/W 1/2     W:B       1:2           Time        Value Moves Dep 1:2       1-2-Draws
   9 W 1    4.0:3.0        5.0:4.0       11:11:49 PM   +10.30    73 3.389 :4.714  2-1-6

--------------------------------------------------------------

Engine-Match Sunday, September 14, 2025 11:11:50 PM
 Blitz 2/1 

Pairing 4/6 :    V7P3R_v10.4  -  V7P3R_v10.8

PGN-File: C:\Program Files (x86)\Arena\Tournaments\Engine Regression Battle 20250914.pgn

No:  B/W 1/2     W:B       1:2           Time        Value Moves Dep 1:2       1-2-Draws
   9 W 1    1.0:0.0        5.0:4.0       11:15:17 PM   +20.31    44 3.118 :3.118  5-4-0

--------------------------------------------------------------

Engine-Match Sunday, September 14, 2025 11:15:18 PM
 Blitz 2/1 

Pairing 5/6 :    V7P3R_v10.0  -  V7P3R_v10.4

PGN-File: C:\Program Files (x86)\Arena\Tournaments\Engine Regression Battle 20250914.pgn

No:  B/W 1/2     W:B       1:2           Time        Value Moves Dep 1:2       1-2-Draws
   9 B 2    3.0:2.0        3.0:6.0       11:19:29 PM   -18.10    60 4.478 :3.200  1-4-4

--------------------------------------------------------------

Engine-Match Sunday, September 14, 2025 11:19:30 PM
 Blitz 2/1 

Pairing 6/6 :    V7P3R_v10.8  -  V7P3R_v10.6

PGN-File: C:\Program Files (x86)\Arena\Tournaments\Engine Regression Battle 20250914.pgn

No:  B/W 1/2     W:B       1:2           Time        Value Moves Dep 1:2       1-2-Draws
   9 W 1    1.0:0.0        5.0:4.0       11:22:57 PM   +20.31    44 3.118 :3.118  5-4-0

--------------------------------------------------------------

Engine-Match Sunday, September 14, 2025 11:22:58 PM
 Blitz 2/1 

Pairing 1/6 :    V7P3R_v10.0  -  V7P3R_v10.8

PGN-File: C:\Program Files (x86)\Arena\Tournaments\Engine Regression Battle 20250914.pgn

No:  B/W 1/2     W:B       1:2           Time        Value Moves Dep 1:2       1-2-Draws
  10 = =    1.5:1.5        3.5:6.5       11:27:12 PM     0.00    56 4.333 :3.214  2-5-3

--------------------------------------------------------------

Engine-Match Sunday, September 14, 2025 11:27:13 PM
 Blitz 2/1 

Pairing 2/6 :    V7P3R_v10.6  -  V7P3R_v10.4

PGN-File: C:\Program Files (x86)\Arena\Tournaments\Engine Regression Battle 20250914.pgn

No:  B/W 1/2     W:B       1:2           Time        Value Moves Dep 1:2       1-2-Draws
  10 W 2    2.0:1.0        4.0:6.0       11:30:39 PM   +20.31    44 3.118 :3.118  3-5-2

--------------------------------------------------------------

Engine-Match Sunday, September 14, 2025 11:30:41 PM
 Blitz 2/1 

Pairing 3/6 :    V7P3R_v10.6  -  V7P3R_v10.0

PGN-File: C:\Program Files (x86)\Arena\Tournaments\Engine Regression Battle 20250914.pgn

No:  B/W 1/2     W:B       1:2           Time        Value Moves Dep 1:2       1-2-Draws
  10 B 1    4.0:3.0        6.0:4.0       11:34:50 PM   -18.10    60 3.200 :4.478  3-1-6

--------------------------------------------------------------

Engine-Match Sunday, September 14, 2025 11:34:51 PM
 Blitz 2/1 

Pairing 4/6 :    V7P3R_v10.4  -  V7P3R_v10.8

PGN-File: C:\Program Files (x86)\Arena\Tournaments\Engine Regression Battle 20250914.pgn

No:  B/W 1/2     W:B       1:2           Time        Value Moves Dep 1:2       1-2-Draws
  10 W 2    1.0:0.0        5.0:5.0       11:37:51 PM   +13.97    33 3.031 :3.143  5-5-0

--------------------------------------------------------------

Engine-Match Sunday, September 14, 2025 11:37:52 PM
 Blitz 2/1 

Pairing 5/6 :    V7P3R_v10.0  -  V7P3R_v10.4

PGN-File: C:\Program Files (x86)\Arena\Tournaments\Engine Regression Battle 20250914.pgn

No:  B/W 1/2     W:B       1:2           Time        Value Moves Dep 1:2       1-2-Draws
  10 W 2    3.0:2.0        3.0:7.0       11:44:11 PM   +32.80    99 4.238 :3.095  1-5-4

--------------------------------------------------------------

Engine-Match Sunday, September 14, 2025 11:44:12 PM
 Blitz 2/1 

Pairing 6/6 :    V7P3R_v10.8  -  V7P3R_v10.6

PGN-File: C:\Program Files (x86)\Arena\Tournaments\Engine Regression Battle 20250914.pgn

No:  B/W 1/2     W:B       1:2           Time        Value Moves Dep 1:2       1-2-Draws
  10 W 2    1.0:0.0        5.0:5.0       11:49:00 PM  +289.97    80 3.148 :3.250  5-5-0
