Engine-Match Thursday, August 28, 2025 8:18:27 PM
 Blitz 10/5 

Pairing 1/10 :    SlowMate_v3.0  -  Stockfish 1%

PGN-File: C:\Program Files (x86)\Arena\Tournaments\Engine Battle 20250828.pgn

No:  B/W 1/2     W:B       1:2           Time        Value Moves Dep 1:2       1-2-Draws
   1 B 2    1.0:0.0        0.0:1.0       8:27:37 PM      -M1    40 4.118 :18.000  0-1-0

--------------------------------------------------------------

Engine-Match Thursday, August 28, 2025 8:27:38 PM
 Blitz 10/5 

Pairing 2/10 :    V7P3R_v8.0  -  C0BR4_v2.0

PGN-File: C:\Program Files (x86)\Arena\Tournaments\Engine Battle 20250828.pgn

No:  B/W 1/2     W:B       1:2           Time        Value Moves Dep 1:2       1-2-Draws
   1 B 2    1.0:0.0        0.0:1.0       8:31:22 PM  -216.00    43 5.864 :4.000  0-1-0

--------------------------------------------------------------

Engine-Match Thursday, August 28, 2025 8:31:24 PM
 Blitz 10/5 

Pairing 3/10 :    Random_Opponent  -  V7P3R_v8.0

PGN-File: C:\Program Files (x86)\Arena\Tournaments\Engine Battle 20250828.pgn

No:  B/W 1/2     W:B       1:2           Time        Value Moves Dep 1:2       1-2-Draws
   1 B 2    1.0:0.0        0.0:1.0       8:32:36 PM      -M1    16 0:6.000  0-1-0

--------------------------------------------------------------

Engine-Match Thursday, August 28, 2025 8:32:38 PM
 Blitz 10/5 

Pairing 4/10 :    C0BR4_v2.0  -  SlowMate_v3.0

PGN-File: C:\Program Files (x86)\Arena\Tournaments\Engine Battle 20250828.pgn

No:  B/W 1/2     W:B       1:2           Time        Value Moves Dep 1:2       1-2-Draws
   1 B 2    1.0:0.0        0.0:1.0       8:41:25 PM    -2.72    38 4.000 :4.444  0-1-0

--------------------------------------------------------------

Engine-Match Thursday, August 28, 2025 8:41:27 PM
 Blitz 10/5 

Pairing 5/10 :    Stockfish 1%  -  C0BR4_v2.0

PGN-File: C:\Program Files (x86)\Arena\Tournaments\Engine Battle 20250828.pgn

No:  B/W 1/2     W:B       1:2           Time        Value Moves Dep 1:2       1-2-Draws
   1 W 1    1.0:0.0        1.0:0.0       8:41:42 PM      +M2    17 23.000 :4.000  1-0-0

--------------------------------------------------------------

Engine-Match Thursday, August 28, 2025 8:41:43 PM
 Blitz 10/5 

Pairing 6/10 :    SlowMate_v3.0  -  Random_Opponent

PGN-File: C:\Program Files (x86)\Arena\Tournaments\Engine Battle 20250828.pgn

No:  B/W 1/2     W:B       1:2           Time        Value Moves Dep 1:2       1-2-Draws
   1 W 1    1.0:0.0        1.0:0.0       8:46:54 PM  +196.73    20 4.400 :0 1-0-0

--------------------------------------------------------------

Engine-Match Thursday, August 28, 2025 8:46:55 PM
 Blitz 10/5 

Pairing 7/10 :    V7P3R_v8.0  -  SlowMate_v3.0

PGN-File: C:\Program Files (x86)\Arena\Tournaments\Engine Battle 20250828.pgn

No:  B/W 1/2     W:B       1:2           Time        Value Moves Dep 1:2       1-2-Draws
   1 B 2    1.0:0.0        0.0:1.0       8:49:06 PM  -185.00     7 5.429 :3.833  0-1-0

--------------------------------------------------------------

Engine-Match Thursday, August 28, 2025 8:49:07 PM
 Blitz 10/5 

Pairing 8/10 :    Random_Opponent  -  Stockfish 1%

PGN-File: C:\Program Files (x86)\Arena\Tournaments\Engine Battle 20250828.pgn

No:  B/W 1/2     W:B       1:2           Time        Value Moves Dep 1:2       1-2-Draws
   1 B 2    1.0:0.0        0.0:1.0       8:49:23 PM      -M1    20 0:22.526  0-1-0

--------------------------------------------------------------

Engine-Match Thursday, August 28, 2025 8:49:25 PM
 Blitz 10/5 

Pairing 9/10 :    C0BR4_v2.0  -  Random_Opponent

PGN-File: C:\Program Files (x86)\Arena\Tournaments\Engine Battle 20250828.pgn

No:  B/W 1/2     W:B       1:2           Time        Value Moves Dep 1:2       1-2-Draws
   1 B 2    1.0:0.0        0.0:1.0       8:49:33 PM     0.00    12 4.000 :0 0-1-0

--------------------------------------------------------------

Engine-Match Thursday, August 28, 2025 8:49:34 PM
 Blitz 10/5 

Pairing 10/10 :    Stockfish 1%  -  V7P3R_v8.0

PGN-File: C:\Program Files (x86)\Arena\Tournaments\Engine Battle 20250828.pgn

No:  B/W 1/2     W:B       1:2           Time        Value Moves Dep 1:2       1-2-Draws
   1 W 1    1.0:0.0        1.0:0.0       8:50:39 PM      +M1    15 29.600 :6.000  1-0-0

--------------------------------------------------------------

Engine-Match Thursday, August 28, 2025 8:50:40 PM
 Blitz 10/5 

Pairing 1/10 :    SlowMate_v3.0  -  Stockfish 1%

PGN-File: C:\Program Files (x86)\Arena\Tournaments\Engine Battle 20250828.pgn

No:  B/W 1/2     W:B       1:2           Time        Value Moves Dep 1:2       1-2-Draws
   2 W 2    1.0:0.0        0.0:2.0       8:56:20 PM      +M1    23 4.500 :20.273  0-2-0

--------------------------------------------------------------

Engine-Match Thursday, August 28, 2025 8:56:21 PM
 Blitz 10/5 

Pairing 2/10 :    V7P3R_v8.0  -  C0BR4_v2.0

PGN-File: C:\Program Files (x86)\Arena\Tournaments\Engine Battle 20250828.pgn

No:  B/W 1/2     W:B       1:2           Time        Value Moves Dep 1:2       1-2-Draws
   2 B 1    1.0:0.0        1.0:1.0       8:58:55 PM      -M1    31 5.742 :4.000  1-1-0

--------------------------------------------------------------

Engine-Match Thursday, August 28, 2025 8:58:56 PM
 Blitz 10/5 

Pairing 3/10 :    Random_Opponent  -  V7P3R_v8.0

PGN-File: C:\Program Files (x86)\Arena\Tournaments\Engine Battle 20250828.pgn

No:  B/W 1/2     W:B       1:2           Time        Value Moves Dep 1:2       1-2-Draws
   2 W 2    1.0:0.0        0.0:2.0       9:00:25 PM      +M1    14 0:5.857  0-2-0

--------------------------------------------------------------

Engine-Match Thursday, August 28, 2025 9:00:26 PM
 Blitz 10/5 

Pairing 4/10 :    C0BR4_v2.0  -  SlowMate_v3.0

PGN-File: C:\Program Files (x86)\Arena\Tournaments\Engine Battle 20250828.pgn

No:  B/W 1/2     W:B       1:2           Time        Value Moves Dep 1:2       1-2-Draws
   2 = =    0.5:0.5        0.5:1.5       9:06:15 PM    -7.11    23 4.000 :4.391  0-1-1

--------------------------------------------------------------

Engine-Match Thursday, August 28, 2025 9:06:16 PM
 Blitz 10/5 

Pairing 5/10 :    Stockfish 1%  -  C0BR4_v2.0

PGN-File: C:\Program Files (x86)\Arena\Tournaments\Engine Battle 20250828.pgn

No:  B/W 1/2     W:B       1:2           Time        Value Moves Dep 1:2       1-2-Draws
   2 B 1    1.0:0.0        2.0:0.0       9:06:26 PM    -9.35    12 17.154 :4.000  2-0-0

--------------------------------------------------------------

Engine-Match Thursday, August 28, 2025 9:06:28 PM
 Blitz 10/5 

Pairing 6/10 :    SlowMate_v3.0  -  Random_Opponent

PGN-File: C:\Program Files (x86)\Arena\Tournaments\Engine Battle 20250828.pgn

No:  B/W 1/2     W:B       1:2           Time        Value Moves Dep 1:2       1-2-Draws
   2 = =    0.5:0.5        1.5:0.5       9:19:07 PM     0.00    64 4.394 :0 1-0-1

--------------------------------------------------------------

Engine-Match Thursday, August 28, 2025 9:19:08 PM
 Blitz 10/5 

Pairing 7/10 :    V7P3R_v8.0  -  SlowMate_v3.0

PGN-File: C:\Program Files (x86)\Arena\Tournaments\Engine Battle 20250828.pgn

No:  B/W 1/2     W:B       1:2           Time        Value Moves Dep 1:2       1-2-Draws
   2 W 2    1.0:0.0        0.0:2.0       9:22:08 PM   +26.00     8 5.875 :4.375  0-2-0

--------------------------------------------------------------

Engine-Match Thursday, August 28, 2025 9:22:10 PM
 Blitz 10/5 

Pairing 8/10 :    Random_Opponent  -  Stockfish 1%

PGN-File: C:\Program Files (x86)\Arena\Tournaments\Engine Battle 20250828.pgn

No:  B/W 1/2     W:B       1:2           Time        Value Moves Dep 1:2       1-2-Draws
   2 W 2    1.0:0.0        0.0:2.0       9:22:22 PM      +M1    12 0:28.583  0-2-0

--------------------------------------------------------------

Engine-Match Thursday, August 28, 2025 9:22:23 PM
 Blitz 10/5 

Pairing 9/10 :    C0BR4_v2.0  -  Random_Opponent

PGN-File: C:\Program Files (x86)\Arena\Tournaments\Engine Battle 20250828.pgn

No:  B/W 1/2     W:B       1:2           Time        Value Moves Dep 1:2       1-2-Draws
   2 B 1    1.0:0.0        1.0:1.0       9:22:32 PM  -299.99    14 4.000 :0 1-1-0

--------------------------------------------------------------

Engine-Match Thursday, August 28, 2025 9:22:34 PM
 Blitz 10/5 

Pairing 10/10 :    Stockfish 1%  -  V7P3R_v8.0

PGN-File: C:\Program Files (x86)\Arena\Tournaments\Engine Battle 20250828.pgn

No:  B/W 1/2     W:B       1:2           Time        Value Moves Dep 1:2       1-2-Draws
   2 B 1    1.0:0.0        2.0:0.0       9:23:20 PM  -305.00     8 18.286 :6.000  2-0-0

--------------------------------------------------------------

Engine-Match Thursday, August 28, 2025 9:23:27 PM
 Blitz 10/5 

Pairing 1/10 :    SlowMate_v3.0  -  Stockfish 1%

PGN-File: C:\Program Files (x86)\Arena\Tournaments\Engine Battle 20250828.pgn

No:  B/W 1/2     W:B       1:2           Time        Value Moves Dep 1:2       1-2-Draws
   3 B 2    1.0:0.0        0.0:3.0       9:29:19 PM   -10.77    23 4.261 :20.500  0-3-0

--------------------------------------------------------------

Engine-Match Thursday, August 28, 2025 9:29:20 PM
 Blitz 10/5 

Pairing 2/10 :    V7P3R_v8.0  -  C0BR4_v2.0

PGN-File: C:\Program Files (x86)\Arena\Tournaments\Engine Battle 20250828.pgn

No:  B/W 1/2     W:B       1:2           Time        Value Moves Dep 1:2       1-2-Draws
   3 B 2    1.0:0.0        1.0:2.0       9:33:03 PM  -216.00    43 5.864 :4.000  1-2-0

--------------------------------------------------------------

Engine-Match Thursday, August 28, 2025 9:33:04 PM
 Blitz 10/5 

Pairing 3/10 :    Random_Opponent  -  V7P3R_v8.0

PGN-File: C:\Program Files (x86)\Arena\Tournaments\Engine Battle 20250828.pgn

No:  B/W 1/2     W:B       1:2           Time        Value Moves Dep 1:2       1-2-Draws
   3 B 2    1.0:0.0        0.0:3.0       9:35:57 PM      -M1    25 0:5.760  0-3-0

--------------------------------------------------------------

Engine-Match Thursday, August 28, 2025 9:35:59 PM
 Blitz 10/5 

Pairing 4/10 :    C0BR4_v2.0  -  SlowMate_v3.0

PGN-File: C:\Program Files (x86)\Arena\Tournaments\Engine Battle 20250828.pgn

No:  B/W 1/2     W:B       1:2           Time        Value Moves Dep 1:2       1-2-Draws
   3 B 2    1.5:0.5        0.5:2.5       9:40:02 PM   -15.32    16 4.000 :4.667  0-2-1

--------------------------------------------------------------

Engine-Match Thursday, August 28, 2025 9:40:03 PM
 Blitz 10/5 

Pairing 5/10 :    Stockfish 1%  -  C0BR4_v2.0

PGN-File: C:\Program Files (x86)\Arena\Tournaments\Engine Battle 20250828.pgn

No:  B/W 1/2     W:B       1:2           Time        Value Moves Dep 1:2       1-2-Draws
   3 W 1    1.0:0.0        3.0:0.0       9:40:18 PM      +M1    14 29.500 :4.000  3-0-0

--------------------------------------------------------------

Engine-Match Thursday, August 28, 2025 9:40:19 PM
 Blitz 10/5 

Pairing 6/10 :    SlowMate_v3.0  -  Random_Opponent

PGN-File: C:\Program Files (x86)\Arena\Tournaments\Engine Battle 20250828.pgn

No:  B/W 1/2     W:B       1:2           Time        Value Moves Dep 1:2       1-2-Draws
   3 = =    1.0:1.0        2.0:1.0       9:46:05 PM     0.00    23 4.043 :0 1-0-2

--------------------------------------------------------------

Engine-Match Thursday, August 28, 2025 9:46:07 PM
 Blitz 10/5 

Pairing 7/10 :    V7P3R_v8.0  -  SlowMate_v3.0

PGN-File: C:\Program Files (x86)\Arena\Tournaments\Engine Battle 20250828.pgn

No:  B/W 1/2     W:B       1:2           Time        Value Moves Dep 1:2       1-2-Draws
   3 B 2    1.0:0.0        0.0:3.0       9:48:17 PM  -185.00     7 5.429 :3.833  0-3-0

--------------------------------------------------------------

Engine-Match Thursday, August 28, 2025 9:48:19 PM
 Blitz 10/5 

Pairing 8/10 :    Random_Opponent  -  Stockfish 1%

PGN-File: C:\Program Files (x86)\Arena\Tournaments\Engine Battle 20250828.pgn

No:  B/W 1/2     W:B       1:2           Time        Value Moves Dep 1:2       1-2-Draws
   3 B 2    1.0:0.0        0.0:3.0       9:48:29 PM      -M1    11 0:23.364  0-3-0

--------------------------------------------------------------

Engine-Match Thursday, August 28, 2025 9:48:30 PM
 Blitz 10/5 

Pairing 9/10 :    C0BR4_v2.0  -  Random_Opponent

PGN-File: C:\Program Files (x86)\Arena\Tournaments\Engine Battle 20250828.pgn

No:  B/W 1/2     W:B       1:2           Time        Value Moves Dep 1:2       1-2-Draws
   3 B 2    1.0:0.0        1.0:2.0       9:48:37 PM     0.00     8 4.000 :0 1-2-0

--------------------------------------------------------------

Engine-Match Thursday, August 28, 2025 9:48:39 PM
 Blitz 10/5 

Pairing 10/10 :    Stockfish 1%  -  V7P3R_v8.0

PGN-File: C:\Program Files (x86)\Arena\Tournaments\Engine Battle 20250828.pgn

No:  B/W 1/2     W:B       1:2           Time        Value Moves Dep 1:2       1-2-Draws
   3 W 1    1.0:0.0        3.0:0.0       9:49:43 PM      +M1    15 29.133 :6.000  3-0-0

--------------------------------------------------------------

Engine-Match Thursday, August 28, 2025 9:49:45 PM
 Blitz 10/5 

Pairing 1/10 :    SlowMate_v3.0  -  Stockfish 1%

PGN-File: C:\Program Files (x86)\Arena\Tournaments\Engine Battle 20250828.pgn

No:  B/W 1/2     W:B       1:2           Time        Value Moves Dep 1:2       1-2-Draws
   4 W 2    1.0:0.0        0.0:4.0       9:54:18 PM      +M1    18 4.294 :23.056  0-4-0

--------------------------------------------------------------

Engine-Match Thursday, August 28, 2025 9:54:19 PM
 Blitz 10/5 

Pairing 2/10 :    V7P3R_v8.0  -  C0BR4_v2.0

PGN-File: C:\Program Files (x86)\Arena\Tournaments\Engine Battle 20250828.pgn

No:  B/W 1/2     W:B       1:2           Time        Value Moves Dep 1:2       1-2-Draws
   4 B 1    1.0:0.0        2.0:2.0       9:55:33 PM    +M500    15 5.813 :4.000  2-2-0

--------------------------------------------------------------

Engine-Match Thursday, August 28, 2025 9:55:34 PM
 Blitz 10/5 

Pairing 3/10 :    Random_Opponent  -  V7P3R_v8.0

PGN-File: C:\Program Files (x86)\Arena\Tournaments\Engine Battle 20250828.pgn

No:  B/W 1/2     W:B       1:2           Time        Value Moves Dep 1:2       1-2-Draws
   4 W 2    1.0:0.0        0.0:4.0       9:57:27 PM      +M1    20 0:5.800  0-4-0

--------------------------------------------------------------

Engine-Match Thursday, August 28, 2025 9:57:28 PM
 Blitz 10/5 

Pairing 4/10 :    C0BR4_v2.0  -  SlowMate_v3.0

PGN-File: C:\Program Files (x86)\Arena\Tournaments\Engine Battle 20250828.pgn

No:  B/W 1/2     W:B       1:2           Time        Value Moves Dep 1:2       1-2-Draws
   4 B 1    1.5:0.5        1.5:2.5       10:02:38 PM   -10.61    20 4.000 :4.150  1-2-1

--------------------------------------------------------------

Engine-Match Thursday, August 28, 2025 10:02:40 PM
 Blitz 10/5 

Pairing 5/10 :    Stockfish 1%  -  C0BR4_v2.0

PGN-File: C:\Program Files (x86)\Arena\Tournaments\Engine Battle 20250828.pgn

No:  B/W 1/2     W:B       1:2           Time        Value Moves Dep 1:2       1-2-Draws
   4 B 1    1.0:0.0        4.0:0.0       10:02:58 PM      -M1    20 18.000 :4.000  4-0-0

--------------------------------------------------------------

Engine-Match Thursday, August 28, 2025 10:02:59 PM
 Blitz 10/5 

Pairing 6/10 :    SlowMate_v3.0  -  Random_Opponent

PGN-File: C:\Program Files (x86)\Arena\Tournaments\Engine Battle 20250828.pgn

No:  B/W 1/2     W:B       1:2           Time        Value Moves Dep 1:2       1-2-Draws
   4 = =    1.5:1.5        2.5:1.5       10:12:32 PM  -200.00    43 4.000 :0 1-0-3

--------------------------------------------------------------

Engine-Match Thursday, August 28, 2025 10:12:33 PM
 Blitz 10/5 

Pairing 7/10 :    V7P3R_v8.0  -  SlowMate_v3.0

PGN-File: C:\Program Files (x86)\Arena\Tournaments\Engine Battle 20250828.pgn

No:  B/W 1/2     W:B       1:2           Time        Value Moves Dep 1:2       1-2-Draws
   4 W 2    1.0:0.0        0.0:4.0       10:15:33 PM   +26.00     8 5.875 :4.375  0-4-0

--------------------------------------------------------------

Engine-Match Thursday, August 28, 2025 10:15:34 PM
 Blitz 10/5 

Pairing 8/10 :    Random_Opponent  -  Stockfish 1%

PGN-File: C:\Program Files (x86)\Arena\Tournaments\Engine Battle 20250828.pgn

No:  B/W 1/2     W:B       1:2           Time        Value Moves Dep 1:2       1-2-Draws
   4 W 2    1.0:0.0        0.0:4.0       10:15:48 PM      +M1    14 0:30.500  0-4-0

--------------------------------------------------------------

Engine-Match Thursday, August 28, 2025 10:15:49 PM
 Blitz 10/5 

Pairing 9/10 :    C0BR4_v2.0  -  Random_Opponent

PGN-File: C:\Program Files (x86)\Arena\Tournaments\Engine Battle 20250828.pgn

No:  B/W 1/2     W:B       1:2           Time        Value Moves Dep 1:2       1-2-Draws
   4 B 1    1.0:0.0        2.0:2.0       10:15:57 PM  -299.99    12 4.000 :0 2-2-0

--------------------------------------------------------------

Engine-Match Thursday, August 28, 2025 10:15:58 PM
 Blitz 10/5 

Pairing 10/10 :    Stockfish 1%  -  V7P3R_v8.0

PGN-File: C:\Program Files (x86)\Arena\Tournaments\Engine Battle 20250828.pgn

No:  B/W 1/2     W:B       1:2           Time        Value Moves Dep 1:2       1-2-Draws
   4 B 1    1.0:0.0        4.0:0.0       10:16:44 PM  -305.00     8 18.286 :6.000  4-0-0

--------------------------------------------------------------

Engine-Match Thursday, August 28, 2025 10:16:51 PM
 Blitz 10/5 

Pairing 1/10 :    SlowMate_v3.0  -  Stockfish 1%

PGN-File: C:\Program Files (x86)\Arena\Tournaments\Engine Battle 20250828.pgn

No:  B/W 1/2     W:B       1:2           Time        Value Moves Dep 1:2       1-2-Draws
   5 B 2    1.0:0.0        0.0:5.0       10:21:53 PM      -M1    19 4.158 :21.579  0-5-0

--------------------------------------------------------------

Engine-Match Thursday, August 28, 2025 10:21:54 PM
 Blitz 10/5 

Pairing 2/10 :    V7P3R_v8.0  -  C0BR4_v2.0

PGN-File: C:\Program Files (x86)\Arena\Tournaments\Engine Battle 20250828.pgn

No:  B/W 1/2     W:B       1:2           Time        Value Moves Dep 1:2       1-2-Draws
   5 W 1    1.0:0.0        3.0:2.0       10:25:47 PM   +13.00    42 5.920 :4.000  3-2-0

--------------------------------------------------------------

Engine-Match Thursday, August 28, 2025 10:25:49 PM
 Blitz 10/5 

Pairing 3/10 :    Random_Opponent  -  V7P3R_v8.0

PGN-File: C:\Program Files (x86)\Arena\Tournaments\Engine Battle 20250828.pgn

No:  B/W 1/2     W:B       1:2           Time        Value Moves Dep 1:2       1-2-Draws
   5 B 2    1.0:0.0        0.0:5.0       10:26:18 PM      -M1     5 0:6.000  0-5-0

--------------------------------------------------------------

Engine-Match Thursday, August 28, 2025 10:26:19 PM
 Blitz 10/5 

Pairing 4/10 :    C0BR4_v2.0  -  SlowMate_v3.0

PGN-File: C:\Program Files (x86)\Arena\Tournaments\Engine Battle 20250828.pgn

No:  B/W 1/2     W:B       1:2           Time        Value Moves Dep 1:2       1-2-Draws
   5 W 1    1.5:0.5        2.5:2.5       10:28:20 PM  +299.99     8 4.000 :4.143  2-2-1

--------------------------------------------------------------

Engine-Match Thursday, August 28, 2025 10:28:22 PM
 Blitz 10/5 

Pairing 5/10 :    Stockfish 1%  -  C0BR4_v2.0

PGN-File: C:\Program Files (x86)\Arena\Tournaments\Engine Battle 20250828.pgn

No:  B/W 1/2     W:B       1:2           Time        Value Moves Dep 1:2       1-2-Draws
   5 W 1    1.0:0.0        5.0:0.0       10:28:28 PM    +5.99     7 17.875 :4.000  5-0-0

--------------------------------------------------------------

Engine-Match Thursday, August 28, 2025 10:28:30 PM
 Blitz 10/5 

Pairing 6/10 :    SlowMate_v3.0  -  Random_Opponent

PGN-File: C:\Program Files (x86)\Arena\Tournaments\Engine Battle 20250828.pgn

No:  B/W 1/2     W:B       1:2           Time        Value Moves Dep 1:2       1-2-Draws
   5 = =    2.0:2.0        3.0:2.0       10:37:08 PM   +43.80    38 4.289 :0 1-0-4

--------------------------------------------------------------

Engine-Match Thursday, August 28, 2025 10:37:09 PM
 Blitz 10/5 

Pairing 7/10 :    V7P3R_v8.0  -  SlowMate_v3.0

PGN-File: C:\Program Files (x86)\Arena\Tournaments\Engine Battle 20250828.pgn

No:  B/W 1/2     W:B       1:2           Time        Value Moves Dep 1:2       1-2-Draws
   5 B 2    1.0:0.0        0.0:5.0       10:39:21 PM  -185.00     7 5.429 :3.833  0-5-0

--------------------------------------------------------------

Engine-Match Thursday, August 28, 2025 10:39:22 PM
 Blitz 10/5 

Pairing 8/10 :    Random_Opponent  -  Stockfish 1%

PGN-File: C:\Program Files (x86)\Arena\Tournaments\Engine Battle 20250828.pgn

No:  B/W 1/2     W:B       1:2           Time        Value Moves Dep 1:2       1-2-Draws
   5 B 2    1.0:0.0        0.0:5.0       10:39:35 PM      -M1    15 0:25.067  0-5-0

--------------------------------------------------------------

Engine-Match Thursday, August 28, 2025 10:39:37 PM
 Blitz 10/5 

Pairing 9/10 :    C0BR4_v2.0  -  Random_Opponent

PGN-File: C:\Program Files (x86)\Arena\Tournaments\Engine Battle 20250828.pgn

No:  B/W 1/2     W:B       1:2           Time        Value Moves Dep 1:2       1-2-Draws
   5 W 1    1.0:0.0        3.0:2.0       10:39:49 PM  +299.99    22 4.000 :0 3-2-0

--------------------------------------------------------------

Engine-Match Thursday, August 28, 2025 10:39:50 PM
 Blitz 10/5 

Pairing 10/10 :    Stockfish 1%  -  V7P3R_v8.0

PGN-File: C:\Program Files (x86)\Arena\Tournaments\Engine Battle 20250828.pgn

No:  B/W 1/2     W:B       1:2           Time        Value Moves Dep 1:2       1-2-Draws
   5 W 1    1.0:0.0        5.0:0.0       10:40:55 PM      +M1    15 28.800 :6.000  5-0-0

--------------------------------------------------------------

Engine-Match Thursday, August 28, 2025 10:40:57 PM
 Blitz 10/5 

Pairing 1/10 :    SlowMate_v3.0  -  Stockfish 1%

PGN-File: C:\Program Files (x86)\Arena\Tournaments\Engine Battle 20250828.pgn

No:  B/W 1/2     W:B       1:2           Time        Value Moves Dep 1:2       1-2-Draws
   6 W 2    1.0:0.0        0.0:6.0       10:46:35 PM      +M1    23 4.364 :20.000  0-6-0

--------------------------------------------------------------

Engine-Match Thursday, August 28, 2025 10:46:36 PM
 Blitz 10/5 

Pairing 2/10 :    V7P3R_v8.0  -  C0BR4_v2.0

PGN-File: C:\Program Files (x86)\Arena\Tournaments\Engine Battle 20250828.pgn

No:  B/W 1/2     W:B       1:2           Time        Value Moves Dep 1:2       1-2-Draws
   6 B 1    1.0:0.0        4.0:2.0       10:47:52 PM    +M500    15 5.813 :4.000  4-2-0

--------------------------------------------------------------

Engine-Match Thursday, August 28, 2025 10:47:53 PM
 Blitz 10/5 

Pairing 3/10 :    Random_Opponent  -  V7P3R_v8.0

PGN-File: C:\Program Files (x86)\Arena\Tournaments\Engine Battle 20250828.pgn

No:  B/W 1/2     W:B       1:2           Time        Value Moves Dep 1:2       1-2-Draws
   6 W 2    1.0:0.0        0.0:6.0       10:49:31 PM      +M1    20 0:5.950  0-6-0

--------------------------------------------------------------

Engine-Match Thursday, August 28, 2025 10:49:32 PM
 Blitz 10/5 

Pairing 4/10 :    C0BR4_v2.0  -  SlowMate_v3.0

PGN-File: C:\Program Files (x86)\Arena\Tournaments\Engine Battle 20250828.pgn

No:  B/W 1/2     W:B       1:2           Time        Value Moves Dep 1:2       1-2-Draws
   6 W 2    1.5:0.5        2.5:3.5       10:52:03 PM    -1.58     9 4.000 :4.700  2-3-1

--------------------------------------------------------------

Engine-Match Thursday, August 28, 2025 10:52:04 PM
 Blitz 10/5 

Pairing 5/10 :    Stockfish 1%  -  C0BR4_v2.0

PGN-File: C:\Program Files (x86)\Arena\Tournaments\Engine Battle 20250828.pgn

No:  B/W 1/2     W:B       1:2           Time        Value Moves Dep 1:2       1-2-Draws
   6 B 1    1.0:0.0        6.0:0.0       10:52:20 PM   -13.40    19 24.444 :4.000  6-0-0

--------------------------------------------------------------

Engine-Match Thursday, August 28, 2025 10:52:21 PM
 Blitz 10/5 

Pairing 6/10 :    SlowMate_v3.0  -  Random_Opponent

PGN-File: C:\Program Files (x86)\Arena\Tournaments\Engine Battle 20250828.pgn

No:  B/W 1/2     W:B       1:2           Time        Value Moves Dep 1:2       1-2-Draws
   6 B 1    3.0:2.0        4.0:2.0       10:54:37 PM  -189.99     8 4.000 :0 2-0-4

--------------------------------------------------------------

Engine-Match Thursday, August 28, 2025 10:54:39 PM
 Blitz 10/5 

Pairing 7/10 :    V7P3R_v8.0  -  SlowMate_v3.0

PGN-File: C:\Program Files (x86)\Arena\Tournaments\Engine Battle 20250828.pgn

No:  B/W 1/2     W:B       1:2           Time        Value Moves Dep 1:2       1-2-Draws
   6 W 2    1.0:0.0        0.0:6.0       10:57:34 PM  +106.00     8 5.625 :4.500  0-6-0

--------------------------------------------------------------

Engine-Match Thursday, August 28, 2025 10:57:35 PM
 Blitz 10/5 

Pairing 8/10 :    Random_Opponent  -  Stockfish 1%

PGN-File: C:\Program Files (x86)\Arena\Tournaments\Engine Battle 20250828.pgn

No:  B/W 1/2     W:B       1:2           Time        Value Moves Dep 1:2       1-2-Draws
   6 W 2    1.0:0.0        0.0:6.0       10:57:42 PM      +M1     6 0:36.333  0-6-0

--------------------------------------------------------------

Engine-Match Thursday, August 28, 2025 10:57:43 PM
 Blitz 10/5 

Pairing 9/10 :    C0BR4_v2.0  -  Random_Opponent

PGN-File: C:\Program Files (x86)\Arena\Tournaments\Engine Battle 20250828.pgn

No:  B/W 1/2     W:B       1:2           Time        Value Moves Dep 1:2       1-2-Draws
   6 W 2    1.0:0.0        3.0:3.0       10:57:47 PM     0.00     3 0:0 3-3-0

--------------------------------------------------------------

Engine-Match Thursday, August 28, 2025 10:57:48 PM
 Blitz 10/5 

Pairing 10/10 :    Stockfish 1%  -  V7P3R_v8.0

PGN-File: C:\Program Files (x86)\Arena\Tournaments\Engine Battle 20250828.pgn

No:  B/W 1/2     W:B       1:2           Time        Value Moves Dep 1:2       1-2-Draws
   6 B 1    1.0:0.0        6.0:0.0       10:58:36 PM  -305.00     8 17.857 :6.000  6-0-0

--------------------------------------------------------------

Engine-Match Thursday, August 28, 2025 10:58:42 PM
 Blitz 10/5 

Pairing 1/10 :    SlowMate_v3.0  -  Stockfish 1%

PGN-File: C:\Program Files (x86)\Arena\Tournaments\Engine Battle 20250828.pgn

No:  B/W 1/2     W:B       1:2           Time        Value Moves Dep 1:2       1-2-Draws
   7 B 2    1.0:0.0        0.0:7.0       11:03:57 PM      -M1    20 4.100 :23.950  0-7-0

--------------------------------------------------------------

Engine-Match Thursday, August 28, 2025 11:03:58 PM
 Blitz 10/5 

Pairing 2/10 :    V7P3R_v8.0  -  C0BR4_v2.0

PGN-File: C:\Program Files (x86)\Arena\Tournaments\Engine Battle 20250828.pgn

No:  B/W 1/2     W:B       1:2           Time        Value Moves Dep 1:2       1-2-Draws
   7 B 2    1.0:0.0        4.0:3.0       11:04:33 PM  -310.00     7 5.857 :4.000  4-3-0

--------------------------------------------------------------

Engine-Match Thursday, August 28, 2025 11:04:34 PM
 Blitz 10/5 

Pairing 3/10 :    Random_Opponent  -  V7P3R_v8.0

PGN-File: C:\Program Files (x86)\Arena\Tournaments\Engine Battle 20250828.pgn

No:  B/W 1/2     W:B       1:2           Time        Value Moves Dep 1:2       1-2-Draws
   7 B 2    1.0:0.0        0.0:7.0       11:06:03 PM      -M1    12 0:6.000  0-7-0

--------------------------------------------------------------

Engine-Match Thursday, August 28, 2025 11:06:04 PM
 Blitz 10/5 

Pairing 4/10 :    C0BR4_v2.0  -  SlowMate_v3.0

PGN-File: C:\Program Files (x86)\Arena\Tournaments\Engine Battle 20250828.pgn

No:  B/W 1/2     W:B       1:2           Time        Value Moves Dep 1:2       1-2-Draws
   7 W 1    1.5:0.5        3.5:3.5       11:08:06 PM  +299.99     8 4.000 :4.143  3-3-1

--------------------------------------------------------------

Engine-Match Thursday, August 28, 2025 11:08:07 PM
 Blitz 10/5 

Pairing 5/10 :    Stockfish 1%  -  C0BR4_v2.0

PGN-File: C:\Program Files (x86)\Arena\Tournaments\Engine Battle 20250828.pgn

No:  B/W 1/2     W:B       1:2           Time        Value Moves Dep 1:2       1-2-Draws
   7 W 1    1.0:0.0        7.0:0.0       11:08:19 PM    +4.88    12 18.615 :4.000  7-0-0

--------------------------------------------------------------

Engine-Match Thursday, August 28, 2025 11:08:21 PM
 Blitz 10/5 

Pairing 6/10 :    SlowMate_v3.0  -  Random_Opponent

PGN-File: C:\Program Files (x86)\Arena\Tournaments\Engine Battle 20250828.pgn

No:  B/W 1/2     W:B       1:2           Time        Value Moves Dep 1:2       1-2-Draws
   7 = =    2.5:2.5        4.5:2.5       11:18:24 PM     0.00    46 4.593 :0 2-0-5

--------------------------------------------------------------

Engine-Match Thursday, August 28, 2025 11:18:25 PM
 Blitz 10/5 

Pairing 7/10 :    V7P3R_v8.0  -  SlowMate_v3.0

PGN-File: C:\Program Files (x86)\Arena\Tournaments\Engine Battle 20250828.pgn

No:  B/W 1/2     W:B       1:2           Time        Value Moves Dep 1:2       1-2-Draws
   7 B 2    1.0:0.0        0.0:7.0       11:20:36 PM  -185.00     7 5.429 :3.833  0-7-0

--------------------------------------------------------------

Engine-Match Thursday, August 28, 2025 11:20:38 PM
 Blitz 10/5 

Pairing 8/10 :    Random_Opponent  -  Stockfish 1%

PGN-File: C:\Program Files (x86)\Arena\Tournaments\Engine Battle 20250828.pgn

No:  B/W 1/2     W:B       1:2           Time        Value Moves Dep 1:2       1-2-Draws
   7 B 2    1.0:0.0        0.0:7.0       11:20:54 PM      -M1    20 0:23.737  0-7-0

--------------------------------------------------------------

Engine-Match Thursday, August 28, 2025 11:20:55 PM
 Blitz 10/5 

Pairing 9/10 :    C0BR4_v2.0  -  Random_Opponent

PGN-File: C:\Program Files (x86)\Arena\Tournaments\Engine Battle 20250828.pgn

No:  B/W 1/2     W:B       1:2           Time        Value Moves Dep 1:2       1-2-Draws
   7 W 1    1.0:0.0        4.0:3.0       11:21:03 PM  +299.99    12 4.000 :0 4-3-0

--------------------------------------------------------------

Engine-Match Thursday, August 28, 2025 11:21:04 PM
 Blitz 10/5 

Pairing 10/10 :    Stockfish 1%  -  V7P3R_v8.0

PGN-File: C:\Program Files (x86)\Arena\Tournaments\Engine Battle 20250828.pgn

No:  B/W 1/2     W:B       1:2           Time        Value Moves Dep 1:2       1-2-Draws
   7 W 1    1.0:0.0        7.0:0.0       11:21:53 PM    +M500    11 20.364 :6.000  7-0-0

--------------------------------------------------------------

Engine-Match Thursday, August 28, 2025 11:21:54 PM
 Blitz 10/5 

Pairing 1/10 :    SlowMate_v3.0  -  Stockfish 1%

PGN-File: C:\Program Files (x86)\Arena\Tournaments\Engine Battle 20250828.pgn

No:  B/W 1/2     W:B       1:2           Time        Value Moves Dep 1:2       1-2-Draws
   8 W 2    1.0:0.0        0.0:8.0       11:26:42 PM      +M1    19 4.500 :22.684  0-8-0

--------------------------------------------------------------

Engine-Match Thursday, August 28, 2025 11:26:44 PM
 Blitz 10/5 

Pairing 2/10 :    V7P3R_v8.0  -  C0BR4_v2.0

PGN-File: C:\Program Files (x86)\Arena\Tournaments\Engine Battle 20250828.pgn

No:  B/W 1/2     W:B       1:2           Time        Value Moves Dep 1:2       1-2-Draws
   8 B 1    1.0:0.0        5.0:3.0       11:27:26 PM  -115.00     7 5.750 :4.000  5-3-0

--------------------------------------------------------------

Engine-Match Thursday, August 28, 2025 11:27:27 PM
 Blitz 10/5 

Pairing 3/10 :    Random_Opponent  -  V7P3R_v8.0

PGN-File: C:\Program Files (x86)\Arena\Tournaments\Engine Battle 20250828.pgn

No:  B/W 1/2     W:B       1:2           Time        Value Moves Dep 1:2       1-2-Draws
   8 W 2    1.0:0.0        0.0:8.0       11:30:09 PM      +M1    26 0:5.731  0-8-0

--------------------------------------------------------------

Engine-Match Thursday, August 28, 2025 11:30:11 PM
 Blitz 10/5 

Pairing 4/10 :    C0BR4_v2.0  -  SlowMate_v3.0

PGN-File: C:\Program Files (x86)\Arena\Tournaments\Engine Battle 20250828.pgn

No:  B/W 1/2     W:B       1:2           Time        Value Moves Dep 1:2       1-2-Draws
   8 W 2    1.5:0.5        3.5:4.5       11:36:08 PM    +4.63    24 4.000 :4.480  3-4-1

--------------------------------------------------------------

Engine-Match Thursday, August 28, 2025 11:36:09 PM
 Blitz 10/5 

Pairing 5/10 :    Stockfish 1%  -  C0BR4_v2.0

PGN-File: C:\Program Files (x86)\Arena\Tournaments\Engine Battle 20250828.pgn

No:  B/W 1/2     W:B       1:2           Time        Value Moves Dep 1:2       1-2-Draws
   8 B 1    1.0:0.0        8.0:0.0       11:36:22 PM    -5.15    14 17.400 :4.000  8-0-0

--------------------------------------------------------------

Engine-Match Thursday, August 28, 2025 11:36:24 PM
 Blitz 10/5 

Pairing 6/10 :    SlowMate_v3.0  -  Random_Opponent

PGN-File: C:\Program Files (x86)\Arena\Tournaments\Engine Battle 20250828.pgn

No:  B/W 1/2     W:B       1:2           Time        Value Moves Dep 1:2       1-2-Draws
   8 = =    3.0:3.0        5.0:3.0       11:47:09 PM  -200.00    51 4.255 :0 2-0-6

--------------------------------------------------------------

Engine-Match Thursday, August 28, 2025 11:47:10 PM
 Blitz 10/5 

Pairing 7/10 :    V7P3R_v8.0  -  SlowMate_v3.0

PGN-File: C:\Program Files (x86)\Arena\Tournaments\Engine Battle 20250828.pgn

No:  B/W 1/2     W:B       1:2           Time        Value Moves Dep 1:2       1-2-Draws
   8 W 2    1.0:0.0        0.0:8.0       11:50:14 PM   +26.00     8 5.875 :4.375  0-8-0

--------------------------------------------------------------

Engine-Match Thursday, August 28, 2025 11:50:15 PM
 Blitz 10/5 

Pairing 8/10 :    Random_Opponent  -  Stockfish 1%

PGN-File: C:\Program Files (x86)\Arena\Tournaments\Engine Battle 20250828.pgn

No:  B/W 1/2     W:B       1:2           Time        Value Moves Dep 1:2       1-2-Draws
   8 W 2    1.0:0.0        0.0:8.0       11:50:29 PM      +M1    14 0:24.286  0-8-0

--------------------------------------------------------------

Engine-Match Thursday, August 28, 2025 11:50:30 PM
 Blitz 10/5 

Pairing 9/10 :    C0BR4_v2.0  -  Random_Opponent

PGN-File: C:\Program Files (x86)\Arena\Tournaments\Engine Battle 20250828.pgn

No:  B/W 1/2     W:B       1:2           Time        Value Moves Dep 1:2       1-2-Draws
   8 W 2    1.0:0.0        4.0:4.0       11:50:37 PM     0.00     9 4.000 :0 4-4-0

--------------------------------------------------------------

Engine-Match Thursday, August 28, 2025 11:50:38 PM
 Blitz 10/5 

Pairing 10/10 :    Stockfish 1%  -  V7P3R_v8.0

PGN-File: C:\Program Files (x86)\Arena\Tournaments\Engine Battle 20250828.pgn

No:  B/W 1/2     W:B       1:2           Time        Value Moves Dep 1:2       1-2-Draws
   8 B 1    1.0:0.0        8.0:0.0       11:51:27 PM  -305.00     8 17.714 :6.000  8-0-0

--------------------------------------------------------------

Engine-Match Thursday, August 28, 2025 11:51:33 PM
 Blitz 10/5 

Pairing 1/10 :    SlowMate_v3.0  -  Stockfish 1%

PGN-File: C:\Program Files (x86)\Arena\Tournaments\Engine Battle 20250828.pgn

No:  B/W 1/2     W:B       1:2           Time        Value Moves Dep 1:2       1-2-Draws
   9 B 2    1.0:0.0        0.0:9.0       11:57:56 PM      -M1    25 4.080 :18.400  0-9-0

--------------------------------------------------------------

Engine-Match Thursday, August 28, 2025 11:57:57 PM
 Blitz 10/5 

Pairing 2/10 :    V7P3R_v8.0  -  C0BR4_v2.0

PGN-File: C:\Program Files (x86)\Arena\Tournaments\Engine Battle 20250828.pgn

No:  B/W 1/2     W:B       1:2           Time        Value Moves Dep 1:2       1-2-Draws
   9 W 1    1.0:0.0        6.0:3.0       11:59:38 PM      +M1    19 5.842 :4.000  6-3-0

--------------------------------------------------------------

Engine-Match Thursday, August 28, 2025 11:59:39 PM
 Blitz 10/5 

Pairing 3/10 :    Random_Opponent  -  V7P3R_v8.0

PGN-File: C:\Program Files (x86)\Arena\Tournaments\Engine Battle 20250828.pgn

No:  B/W 1/2     W:B       1:2           Time        Value Moves Dep 1:2       1-2-Draws
   9 B 2    1.0:0.0        0.0:9.0       12:00:36 AM      -M1    10 0:5.900  0-9-0

--------------------------------------------------------------

Engine-Match Friday, August 29, 2025 12:00:38 AM
 Blitz 10/5 

Pairing 4/10 :    C0BR4_v2.0  -  SlowMate_v3.0

PGN-File: C:\Program Files (x86)\Arena\Tournaments\Engine Battle 20250828.pgn

No:  B/W 1/2     W:B       1:2           Time        Value Moves Dep 1:2       1-2-Draws
   9 B 2    1.5:0.5        3.5:5.5       12:07:54 AM    -6.22    30 4.000 :4.581  3-5-1

--------------------------------------------------------------

Engine-Match Friday, August 29, 2025 12:07:56 AM
 Blitz 10/5 

Pairing 5/10 :    Stockfish 1%  -  C0BR4_v2.0

PGN-File: C:\Program Files (x86)\Arena\Tournaments\Engine Battle 20250828.pgn

No:  B/W 1/2     W:B       1:2           Time        Value Moves Dep 1:2       1-2-Draws
   9 W 1    1.0:0.0        9.0:0.0       12:08:04 AM    +0.89     9 16.100 :4.000  9-0-0

--------------------------------------------------------------

Engine-Match Friday, August 29, 2025 12:08:06 AM
 Blitz 10/5 

Pairing 6/10 :    SlowMate_v3.0  -  Random_Opponent

PGN-File: C:\Program Files (x86)\Arena\Tournaments\Engine Battle 20250828.pgn

No:  B/W 1/2     W:B       1:2           Time        Value Moves Dep 1:2       1-2-Draws
   9 W 1    4.0:3.0        6.0:3.0       12:16:08 AM  +192.37    35 4.371 :0 3-0-6

--------------------------------------------------------------

Engine-Match Friday, August 29, 2025 12:16:09 AM
 Blitz 10/5 

Pairing 7/10 :    V7P3R_v8.0  -  SlowMate_v3.0

PGN-File: C:\Program Files (x86)\Arena\Tournaments\Engine Battle 20250828.pgn

No:  B/W 1/2     W:B       1:2           Time        Value Moves Dep 1:2       1-2-Draws
   9 B 2    1.0:0.0        0.0:9.0       12:18:21 AM  -185.00     7 5.429 :3.833  0-9-0

--------------------------------------------------------------

Engine-Match Friday, August 29, 2025 12:18:22 AM
 Blitz 10/5 

Pairing 8/10 :    Random_Opponent  -  Stockfish 1%

PGN-File: C:\Program Files (x86)\Arena\Tournaments\Engine Battle 20250828.pgn

No:  B/W 1/2     W:B       1:2           Time        Value Moves Dep 1:2       1-2-Draws
   9 B 2    1.0:0.0        0.0:9.0       12:18:33 AM      -M1    10 0:29.200  0-9-0

--------------------------------------------------------------

Engine-Match Friday, August 29, 2025 12:18:35 AM
 Blitz 10/5 

Pairing 9/10 :    C0BR4_v2.0  -  Random_Opponent

PGN-File: C:\Program Files (x86)\Arena\Tournaments\Engine Battle 20250828.pgn

No:  B/W 1/2     W:B       1:2           Time        Value Moves Dep 1:2       1-2-Draws
   9 W 1    1.0:0.0        5.0:4.0       12:18:42 AM  +299.99    11 4.000 :0 5-4-0

--------------------------------------------------------------

Engine-Match Friday, August 29, 2025 12:18:44 AM
 Blitz 10/5 

Pairing 10/10 :    Stockfish 1%  -  V7P3R_v8.0

PGN-File: C:\Program Files (x86)\Arena\Tournaments\Engine Battle 20250828.pgn

No:  B/W 1/2     W:B       1:2           Time        Value Moves Dep 1:2       1-2-Draws
   9 W 1    1.0:0.0        9.0:0.0       12:19:51 AM      +M1    15 26.533 :6.000  9-0-0

--------------------------------------------------------------

Engine-Match Friday, August 29, 2025 12:19:52 AM
 Blitz 10/5 

Pairing 1/10 :    SlowMate_v3.0  -  Stockfish 1%

PGN-File: C:\Program Files (x86)\Arena\Tournaments\Engine Battle 20250828.pgn

No:  B/W 1/2     W:B       1:2           Time        Value Moves Dep 1:2       1-2-Draws
  10 W 2    1.0:0.0        0.0:10.0      12:25:49 AM      +M1    24 3.783 :20.227  0-10-0

--------------------------------------------------------------

Engine-Match Friday, August 29, 2025 12:25:51 AM
 Blitz 10/5 

Pairing 2/10 :    V7P3R_v8.0  -  C0BR4_v2.0

PGN-File: C:\Program Files (x86)\Arena\Tournaments\Engine Battle 20250828.pgn

No:  B/W 1/2     W:B       1:2           Time        Value Moves Dep 1:2       1-2-Draws
  10 B 1    1.0:0.0        7.0:3.0       12:27:07 AM    +M500    15 5.813 :4.000  7-3-0

--------------------------------------------------------------

Engine-Match Friday, August 29, 2025 12:27:08 AM
 Blitz 10/5 

Pairing 3/10 :    Random_Opponent  -  V7P3R_v8.0

PGN-File: C:\Program Files (x86)\Arena\Tournaments\Engine Battle 20250828.pgn

No:  B/W 1/2     W:B       1:2           Time        Value Moves Dep 1:2       1-2-Draws
  10 W 2    1.0:0.0        0.0:10.0      12:29:18 AM      +M1    22 0:5.955  0-10-0

--------------------------------------------------------------

Engine-Match Friday, August 29, 2025 12:29:19 AM
 Blitz 10/5 

Pairing 4/10 :    C0BR4_v2.0  -  SlowMate_v3.0

PGN-File: C:\Program Files (x86)\Arena\Tournaments\Engine Battle 20250828.pgn

No:  B/W 1/2     W:B       1:2           Time        Value Moves Dep 1:2       1-2-Draws
  10 B 1    1.5:0.5        4.5:5.5       12:33:40 AM  -299.99    16 4.000 :4.000  4-5-1

--------------------------------------------------------------

Engine-Match Friday, August 29, 2025 12:33:41 AM
 Blitz 10/5 

Pairing 5/10 :    Stockfish 1%  -  C0BR4_v2.0

PGN-File: C:\Program Files (x86)\Arena\Tournaments\Engine Battle 20250828.pgn

No:  B/W 1/2     W:B       1:2           Time        Value Moves Dep 1:2       1-2-Draws
  10 B 1    1.0:0.0        10.0:0.0      12:33:56 AM   -20.46    19 17.611 :4.000  10-0-0

--------------------------------------------------------------

Engine-Match Friday, August 29, 2025 12:33:58 AM
 Blitz 10/5 

Pairing 6/10 :    SlowMate_v3.0  -  Random_Opponent

PGN-File: C:\Program Files (x86)\Arena\Tournaments\Engine Battle 20250828.pgn

No:  B/W 1/2     W:B       1:2           Time        Value Moves Dep 1:2       1-2-Draws
  10 = =    3.5:3.5        6.5:3.5       12:38:39 AM  -200.00    18 4.000 :0 3-0-7

--------------------------------------------------------------

Engine-Match Friday, August 29, 2025 12:38:40 AM
 Blitz 10/5 

Pairing 7/10 :    V7P3R_v8.0  -  SlowMate_v3.0

PGN-File: C:\Program Files (x86)\Arena\Tournaments\Engine Battle 20250828.pgn

No:  B/W 1/2     W:B       1:2           Time        Value Moves Dep 1:2       1-2-Draws
  10 W 2    1.0:0.0        0.0:10.0      12:41:44 AM   +26.00     8 5.875 :4.375  0-10-0

--------------------------------------------------------------

Engine-Match Friday, August 29, 2025 12:41:45 AM
 Blitz 10/5 

Pairing 8/10 :    Random_Opponent  -  Stockfish 1%

PGN-File: C:\Program Files (x86)\Arena\Tournaments\Engine Battle 20250828.pgn

No:  B/W 1/2     W:B       1:2           Time        Value Moves Dep 1:2       1-2-Draws
  10 W 2    1.0:0.0        0.0:10.0      12:42:01 AM      +M1    19 0:24.500  0-10-0

--------------------------------------------------------------

Engine-Match Friday, August 29, 2025 12:42:02 AM
 Blitz 10/5 

Pairing 9/10 :    C0BR4_v2.0  -  Random_Opponent

PGN-File: C:\Program Files (x86)\Arena\Tournaments\Engine Battle 20250828.pgn

No:  B/W 1/2     W:B       1:2           Time        Value Moves Dep 1:2       1-2-Draws
  10 W 2    1.0:0.0        5.0:5.0       12:42:11 AM     0.00    13 4.000 :0 5-5-0

--------------------------------------------------------------

Engine-Match Friday, August 29, 2025 12:42:12 AM
 Blitz 10/5 

Pairing 10/10 :    Stockfish 1%  -  V7P3R_v8.0

PGN-File: C:\Program Files (x86)\Arena\Tournaments\Engine Battle 20250828.pgn

No:  B/W 1/2     W:B       1:2           Time        Value Moves Dep 1:2       1-2-Draws
  10 B 1    1.0:0.0        10.0:0.0      12:43:01 AM  -305.00     8 18.000 :6.000  10-0-0
