Engine-Match Tuesday, August 26, 2025 10:25:29 PM
 Blitz 2/1 

Pairing 1/10 :    SlowMate_v3.0  -  C0BR4_v2.1

PGN-File: C:\Program Files (x86)\Arena\Tournaments\Engine Battle 20250826.pgn

No:  B/W 1/2     W:B       1:2           Time        Value Moves Dep 1:2       1-2-Draws
   1 W 1    1.0:0.0        1.0:0.0       10:26:38 PM    +4.22    18 3.316 :4.000  1-0-0

--------------------------------------------------------------

Engine-Match Tuesday, August 26, 2025 10:26:39 PM
 Blitz 2/1 

Pairing 2/10 :    C0BR4_v2.0  -  V7P3R_v7.2

PGN-File: C:\Program Files (x86)\Arena\Tournaments\Engine Battle 20250826.pgn

No:  B/W 1/2     W:B       1:2           Time        Value Moves Dep 1:2       1-2-Draws
   1 B 2    1.0:0.0        0.0:1.0       10:26:57 PM    -1.10     4 4.000 :5.000  0-1-0

--------------------------------------------------------------

Engine-Match Tuesday, August 26, 2025 10:26:58 PM
 Blitz 2/1 

Pairing 3/10 :    C0BR4_v1.0  -  C0BR4_v2.0

PGN-File: C:\Program Files (x86)\Arena\Tournaments\Engine Battle 20250826.pgn

No:  B/W 1/2     W:B       1:2           Time        Value Moves Dep 1:2       1-2-Draws
   1 B 2    1.0:0.0        0.0:1.0       10:27:26 PM  -299.99    39 4.000 :4.000  0-1-0

--------------------------------------------------------------

Engine-Match Tuesday, August 26, 2025 10:27:27 PM
 Blitz 2/1 

Pairing 4/10 :    V7P3R_v7.2  -  SlowMate_v3.0

PGN-File: C:\Program Files (x86)\Arena\Tournaments\Engine Battle 20250826.pgn

No:  B/W 1/2     W:B       1:2           Time        Value Moves Dep 1:2       1-2-Draws
   1 W 1    1.0:0.0        1.0:0.0       10:30:44 PM      +M2    35 4.765 :3.152  1-0-0

--------------------------------------------------------------

Engine-Match Tuesday, August 26, 2025 10:30:45 PM
 Blitz 2/1 

Pairing 5/10 :    C0BR4_v2.1  -  V7P3R_v7.2

PGN-File: C:\Program Files (x86)\Arena\Tournaments\Engine Battle 20250826.pgn

No:  B/W 1/2     W:B       1:2           Time        Value Moves Dep 1:2       1-2-Draws
   1 B 2    1.0:0.0        0.0:1.0       10:31:03 PM    -1.10     4 4.000 :5.000  0-1-0

--------------------------------------------------------------

Engine-Match Tuesday, August 26, 2025 10:31:04 PM
 Blitz 2/1 

Pairing 6/10 :    SlowMate_v3.0  -  C0BR4_v1.0

PGN-File: C:\Program Files (x86)\Arena\Tournaments\Engine Battle 20250826.pgn

No:  B/W 1/2     W:B       1:2           Time        Value Moves Dep 1:2       1-2-Draws
   1 W 1    1.0:0.0        1.0:0.0       10:32:03 PM    +2.96    15 3.188 :4.000  1-0-0

--------------------------------------------------------------

Engine-Match Tuesday, August 26, 2025 10:32:04 PM
 Blitz 2/1 

Pairing 7/10 :    C0BR4_v2.0  -  SlowMate_v3.0

PGN-File: C:\Program Files (x86)\Arena\Tournaments\Engine Battle 20250826.pgn

No:  B/W 1/2     W:B       1:2           Time        Value Moves Dep 1:2       1-2-Draws
   1 W 1    1.0:0.0        1.0:0.0       10:33:44 PM  +299.99    28 4.000 :3.217  1-0-0

--------------------------------------------------------------

Engine-Match Tuesday, August 26, 2025 10:33:45 PM
 Blitz 2/1 

Pairing 8/10 :    C0BR4_v1.0  -  C0BR4_v2.1

PGN-File: C:\Program Files (x86)\Arena\Tournaments\Engine Battle 20250826.pgn

No:  B/W 1/2     W:B       1:2           Time        Value Moves Dep 1:2       1-2-Draws
   1 B 2    1.0:0.0        0.0:1.0       10:34:13 PM  -299.99    39 4.000 :4.000  0-1-0

--------------------------------------------------------------

Engine-Match Tuesday, August 26, 2025 10:34:14 PM
 Blitz 2/1 

Pairing 9/10 :    V7P3R_v7.2  -  C0BR4_v1.0

PGN-File: C:\Program Files (x86)\Arena\Tournaments\Engine Battle 20250826.pgn

No:  B/W 1/2     W:B       1:2           Time        Value Moves Dep 1:2       1-2-Draws
   1 W 1    1.0:0.0        1.0:0.0       10:34:56 PM    +0.40     9 4.600 :4.000  1-0-0

--------------------------------------------------------------

Engine-Match Tuesday, August 26, 2025 10:34:57 PM
 Blitz 2/1 

Pairing 10/10 :    C0BR4_v2.1  -  C0BR4_v2.0

PGN-File: C:\Program Files (x86)\Arena\Tournaments\Engine Battle 20250826.pgn

No:  B/W 1/2     W:B       1:2           Time        Value Moves Dep 1:2       1-2-Draws
   1 = =    0.5:0.5        0.5:0.5       10:35:35 PM    +0.50    60 4.000 :4.000  0-0-1

--------------------------------------------------------------

Engine-Match Tuesday, August 26, 2025 10:35:36 PM
 Blitz 2/1 

Pairing 1/10 :    SlowMate_v3.0  -  C0BR4_v2.1

PGN-File: C:\Program Files (x86)\Arena\Tournaments\Engine Battle 20250826.pgn

No:  B/W 1/2     W:B       1:2           Time        Value Moves Dep 1:2       1-2-Draws
   2 B 1    1.0:0.0        2.0:0.0       10:35:55 PM    -0.64     4 3.000 :4.000  2-0-0

--------------------------------------------------------------

Engine-Match Tuesday, August 26, 2025 10:35:57 PM
 Blitz 2/1 

Pairing 2/10 :    C0BR4_v2.0  -  V7P3R_v7.2

PGN-File: C:\Program Files (x86)\Arena\Tournaments\Engine Battle 20250826.pgn

No:  B/W 1/2     W:B       1:2           Time        Value Moves Dep 1:2       1-2-Draws
   2 W 2    1.0:0.0        0.0:2.0       10:37:06 PM   +14.79    19 4.000 :5.150  0-2-0

--------------------------------------------------------------

Engine-Match Tuesday, August 26, 2025 10:37:07 PM
 Blitz 2/1 

Pairing 3/10 :    C0BR4_v1.0  -  C0BR4_v2.0

PGN-File: C:\Program Files (x86)\Arena\Tournaments\Engine Battle 20250826.pgn

No:  B/W 1/2     W:B       1:2           Time        Value Moves Dep 1:2       1-2-Draws
   2 = =    0.5:0.5        0.5:1.5       10:37:36 PM    -4.60    39 4.000 :4.000  0-1-1

--------------------------------------------------------------

Engine-Match Tuesday, August 26, 2025 10:37:38 PM
 Blitz 2/1 

Pairing 4/10 :    V7P3R_v7.2  -  SlowMate_v3.0

PGN-File: C:\Program Files (x86)\Arena\Tournaments\Engine Battle 20250826.pgn

No:  B/W 1/2     W:B       1:2           Time        Value Moves Dep 1:2       1-2-Draws
   2 = =    0.5:0.5        1.5:0.5       10:44:06 PM    -0.26    93 4.432 :3.081  1-0-1

--------------------------------------------------------------

Engine-Match Tuesday, August 26, 2025 10:44:08 PM
 Blitz 2/1 

Pairing 5/10 :    C0BR4_v2.1  -  V7P3R_v7.2

PGN-File: C:\Program Files (x86)\Arena\Tournaments\Engine Battle 20250826.pgn

No:  B/W 1/2     W:B       1:2           Time        Value Moves Dep 1:2       1-2-Draws
   2 W 2    1.0:0.0        0.0:2.0       10:44:59 PM    +9.90    15 4.000 :4.933  0-2-0

--------------------------------------------------------------

Engine-Match Tuesday, August 26, 2025 10:45:01 PM
 Blitz 2/1 

Pairing 6/10 :    SlowMate_v3.0  -  C0BR4_v1.0

PGN-File: C:\Program Files (x86)\Arena\Tournaments\Engine Battle 20250826.pgn

No:  B/W 1/2     W:B       1:2           Time        Value Moves Dep 1:2       1-2-Draws
   2 = =    0.5:0.5        1.5:0.5       10:46:54 PM    +2.35    35 3.086 :4.000  1-0-1

--------------------------------------------------------------

Engine-Match Tuesday, August 26, 2025 10:46:56 PM
 Blitz 2/1 

Pairing 7/10 :    C0BR4_v2.0  -  SlowMate_v3.0

PGN-File: C:\Program Files (x86)\Arena\Tournaments\Engine Battle 20250826.pgn

No:  B/W 1/2     W:B       1:2           Time        Value Moves Dep 1:2       1-2-Draws
   2 W 2    1.0:0.0        1.0:1.0       10:49:15 PM    -7.02    42 4.000 :3.308  1-1-0

--------------------------------------------------------------

Engine-Match Tuesday, August 26, 2025 10:49:16 PM
 Blitz 2/1 

Pairing 8/10 :    C0BR4_v1.0  -  C0BR4_v2.1

PGN-File: C:\Program Files (x86)\Arena\Tournaments\Engine Battle 20250826.pgn

No:  B/W 1/2     W:B       1:2           Time        Value Moves Dep 1:2       1-2-Draws
   2 = =    0.5:0.5        0.5:1.5       10:49:44 PM    -0.55    37 4.000 :4.000  0-1-1

--------------------------------------------------------------

Engine-Match Tuesday, August 26, 2025 10:49:45 PM
 Blitz 2/1 

Pairing 9/10 :    V7P3R_v7.2  -  C0BR4_v1.0

PGN-File: C:\Program Files (x86)\Arena\Tournaments\Engine Battle 20250826.pgn

No:  B/W 1/2     W:B       1:2           Time        Value Moves Dep 1:2       1-2-Draws
   2 B 1    1.0:0.0        2.0:0.0       10:51:29 PM      -M3    33 4.724 :4.000  2-0-0

--------------------------------------------------------------

Engine-Match Tuesday, August 26, 2025 10:51:30 PM
 Blitz 2/1 

Pairing 10/10 :    C0BR4_v2.1  -  C0BR4_v2.0

PGN-File: C:\Program Files (x86)\Arena\Tournaments\Engine Battle 20250826.pgn

No:  B/W 1/2     W:B       1:2           Time        Value Moves Dep 1:2       1-2-Draws
   2 = =    1.0:1.0        1.0:1.0       10:51:48 PM    +7.11    29 4.000 :4.000  0-0-2

--------------------------------------------------------------

Engine-Match Tuesday, August 26, 2025 10:51:54 PM
 Blitz 2/1 

Pairing 1/10 :    SlowMate_v3.0  -  C0BR4_v2.1

PGN-File: C:\Program Files (x86)\Arena\Tournaments\Engine Battle 20250826.pgn

No:  B/W 1/2     W:B       1:2           Time        Value Moves Dep 1:2       1-2-Draws
   3 W 1    1.0:0.0        3.0:0.0       10:53:01 PM    +4.22    18 3.263 :4.000  3-0-0

--------------------------------------------------------------

Engine-Match Tuesday, August 26, 2025 10:53:02 PM
 Blitz 2/1 

Pairing 2/10 :    C0BR4_v2.0  -  V7P3R_v7.2

PGN-File: C:\Program Files (x86)\Arena\Tournaments\Engine Battle 20250826.pgn

No:  B/W 1/2     W:B       1:2           Time        Value Moves Dep 1:2       1-2-Draws
   3 = =    0.5:0.5        0.5:2.5       10:54:59 PM    +2.58    43 4.000 :5.000  0-2-1

--------------------------------------------------------------

Engine-Match Tuesday, August 26, 2025 10:55:00 PM
 Blitz 2/1 

Pairing 3/10 :    C0BR4_v1.0  -  C0BR4_v2.0

PGN-File: C:\Program Files (x86)\Arena\Tournaments\Engine Battle 20250826.pgn

No:  B/W 1/2     W:B       1:2           Time        Value Moves Dep 1:2       1-2-Draws
   3 B 2    1.5:0.5        0.5:2.5       10:55:34 PM  -299.99    43 4.000 :4.000  0-2-1

--------------------------------------------------------------

Engine-Match Tuesday, August 26, 2025 10:55:36 PM
 Blitz 2/1 

Pairing 4/10 :    V7P3R_v7.2  -  SlowMate_v3.0

PGN-File: C:\Program Files (x86)\Arena\Tournaments\Engine Battle 20250826.pgn

No:  B/W 1/2     W:B       1:2           Time        Value Moves Dep 1:2       1-2-Draws
   3 = =    1.0:1.0        2.0:1.0       10:59:19 PM    +1.28    42 4.741 :3.000  1-0-2

--------------------------------------------------------------

Engine-Match Tuesday, August 26, 2025 10:59:21 PM
 Blitz 2/1 

Pairing 5/10 :    C0BR4_v2.1  -  V7P3R_v7.2

PGN-File: C:\Program Files (x86)\Arena\Tournaments\Engine Battle 20250826.pgn

No:  B/W 1/2     W:B       1:2           Time        Value Moves Dep 1:2       1-2-Draws
   3 B 2    1.0:0.0        0.0:3.0       10:59:42 PM    -3.20     6 4.000 :5.000  0-3-0

--------------------------------------------------------------

Engine-Match Tuesday, August 26, 2025 10:59:43 PM
 Blitz 2/1 

Pairing 6/10 :    SlowMate_v3.0  -  C0BR4_v1.0

PGN-File: C:\Program Files (x86)\Arena\Tournaments\Engine Battle 20250826.pgn

No:  B/W 1/2     W:B       1:2           Time        Value Moves Dep 1:2       1-2-Draws
   3 W 1    1.5:0.5        2.5:0.5       11:00:41 PM    +2.96    15 3.250 :4.000  2-0-1

--------------------------------------------------------------

Engine-Match Tuesday, August 26, 2025 11:00:42 PM
 Blitz 2/1 

Pairing 7/10 :    C0BR4_v2.0  -  SlowMate_v3.0

PGN-File: C:\Program Files (x86)\Arena\Tournaments\Engine Battle 20250826.pgn

No:  B/W 1/2     W:B       1:2           Time        Value Moves Dep 1:2       1-2-Draws
   3 B 2    1.0:0.0        1.0:2.0       11:01:02 PM    -2.04     4 4.000 :3.600  1-2-0

--------------------------------------------------------------

Engine-Match Tuesday, August 26, 2025 11:01:03 PM
 Blitz 2/1 

Pairing 8/10 :    C0BR4_v1.0  -  C0BR4_v2.1

PGN-File: C:\Program Files (x86)\Arena\Tournaments\Engine Battle 20250826.pgn

No:  B/W 1/2     W:B       1:2           Time        Value Moves Dep 1:2       1-2-Draws
   3 = =    1.0:1.0        1.0:2.0       11:01:27 PM    +4.70    36 4.000 :4.000  0-1-2

--------------------------------------------------------------

Engine-Match Tuesday, August 26, 2025 11:01:29 PM
 Blitz 2/1 

Pairing 9/10 :    V7P3R_v7.2  -  C0BR4_v1.0

PGN-File: C:\Program Files (x86)\Arena\Tournaments\Engine Battle 20250826.pgn

No:  B/W 1/2     W:B       1:2           Time        Value Moves Dep 1:2       1-2-Draws
   3 W 1    1.0:0.0        3.0:0.0       11:02:11 PM    +0.40     9 4.600 :4.000  3-0-0

--------------------------------------------------------------

Engine-Match Tuesday, August 26, 2025 11:02:13 PM
 Blitz 2/1 

Pairing 10/10 :    C0BR4_v2.1  -  C0BR4_v2.0

PGN-File: C:\Program Files (x86)\Arena\Tournaments\Engine Battle 20250826.pgn

No:  B/W 1/2     W:B       1:2           Time        Value Moves Dep 1:2       1-2-Draws
   3 = =    1.5:1.5        1.5:1.5       11:02:47 PM    -2.12    44 4.000 :4.000  0-0-3

--------------------------------------------------------------

Engine-Match Tuesday, August 26, 2025 11:02:49 PM
 Blitz 2/1 

Pairing 1/10 :    SlowMate_v3.0  -  C0BR4_v2.1

PGN-File: C:\Program Files (x86)\Arena\Tournaments\Engine Battle 20250826.pgn

No:  B/W 1/2     W:B       1:2           Time        Value Moves Dep 1:2       1-2-Draws
   4 = =    0.5:0.5        3.5:0.5       11:05:09 PM    -0.31    45 3.280 :4.000  3-0-1

--------------------------------------------------------------

Engine-Match Tuesday, August 26, 2025 11:05:10 PM
 Blitz 2/1 

Pairing 2/10 :    C0BR4_v2.0  -  V7P3R_v7.2

PGN-File: C:\Program Files (x86)\Arena\Tournaments\Engine Battle 20250826.pgn

No:  B/W 1/2     W:B       1:2           Time        Value Moves Dep 1:2       1-2-Draws
   4 = =    1.0:1.0        1.0:3.0       11:06:39 PM    +5.13    27 4.000 :4.630  0-2-2

--------------------------------------------------------------

Engine-Match Tuesday, August 26, 2025 11:06:40 PM
 Blitz 2/1 

Pairing 3/10 :    C0BR4_v1.0  -  C0BR4_v2.0

PGN-File: C:\Program Files (x86)\Arena\Tournaments\Engine Battle 20250826.pgn

No:  B/W 1/2     W:B       1:2           Time        Value Moves Dep 1:2       1-2-Draws
   4 = =    1.0:1.0        1.0:3.0       11:07:16 PM    +2.20    62 4.000 :4.000  0-2-2

--------------------------------------------------------------

Engine-Match Tuesday, August 26, 2025 11:07:17 PM
 Blitz 2/1 

Pairing 4/10 :    V7P3R_v7.2  -  SlowMate_v3.0

PGN-File: C:\Program Files (x86)\Arena\Tournaments\Engine Battle 20250826.pgn

No:  B/W 1/2     W:B       1:2           Time        Value Moves Dep 1:2       1-2-Draws
   4 = =    1.5:1.5        2.5:1.5       11:13:28 PM    +4.87    88 4.425 :3.024  1-0-3

--------------------------------------------------------------

Engine-Match Tuesday, August 26, 2025 11:13:29 PM
 Blitz 2/1 

Pairing 5/10 :    C0BR4_v2.1  -  V7P3R_v7.2

PGN-File: C:\Program Files (x86)\Arena\Tournaments\Engine Battle 20250826.pgn

No:  B/W 1/2     W:B       1:2           Time        Value Moves Dep 1:2       1-2-Draws
   4 W 2    1.0:0.0        0.0:4.0       11:14:29 PM    +1.24    16 4.000 :5.000  0-4-0

--------------------------------------------------------------

Engine-Match Tuesday, August 26, 2025 11:14:30 PM
 Blitz 2/1 

Pairing 6/10 :    SlowMate_v3.0  -  C0BR4_v1.0

PGN-File: C:\Program Files (x86)\Arena\Tournaments\Engine Battle 20250826.pgn

No:  B/W 1/2     W:B       1:2           Time        Value Moves Dep 1:2       1-2-Draws
   4 = =    1.0:1.0        3.0:1.0       11:16:17 PM    +1.61    32 3.094 :4.000  2-0-2

--------------------------------------------------------------

Engine-Match Tuesday, August 26, 2025 11:16:18 PM
 Blitz 2/1 

Pairing 7/10 :    C0BR4_v2.0  -  SlowMate_v3.0

PGN-File: C:\Program Files (x86)\Arena\Tournaments\Engine Battle 20250826.pgn

No:  B/W 1/2     W:B       1:2           Time        Value Moves Dep 1:2       1-2-Draws
   4 = =    0.5:0.5        1.5:2.5       11:17:30 PM    -4.54    19 4.000 :3.158  1-2-1

--------------------------------------------------------------

Engine-Match Tuesday, August 26, 2025 11:17:31 PM
 Blitz 2/1 

Pairing 8/10 :    C0BR4_v1.0  -  C0BR4_v2.1

PGN-File: C:\Program Files (x86)\Arena\Tournaments\Engine Battle 20250826.pgn

No:  B/W 1/2     W:B       1:2           Time        Value Moves Dep 1:2       1-2-Draws
   4 = =    1.5:1.5        1.5:2.5       11:18:07 PM    +2.20    62 4.000 :4.000  0-1-3

--------------------------------------------------------------

Engine-Match Tuesday, August 26, 2025 11:18:08 PM
 Blitz 2/1 

Pairing 9/10 :    V7P3R_v7.2  -  C0BR4_v1.0

PGN-File: C:\Program Files (x86)\Arena\Tournaments\Engine Battle 20250826.pgn

No:  B/W 1/2     W:B       1:2           Time        Value Moves Dep 1:2       1-2-Draws
   4 B 1    1.0:0.0        4.0:0.0       11:19:52 PM      -M3    33 4.759 :4.000  4-0-0

--------------------------------------------------------------

Engine-Match Tuesday, August 26, 2025 11:19:53 PM
 Blitz 2/1 

Pairing 10/10 :    C0BR4_v2.1  -  C0BR4_v2.0

PGN-File: C:\Program Files (x86)\Arena\Tournaments\Engine Battle 20250826.pgn

No:  B/W 1/2     W:B       1:2           Time        Value Moves Dep 1:2       1-2-Draws
   4 B 1    2.5:1.5        2.5:1.5       11:20:26 PM   -13.25    47 4.000 :4.000  1-0-3

--------------------------------------------------------------

Engine-Match Tuesday, August 26, 2025 11:20:33 PM
 Blitz 2/1 

Pairing 1/10 :    SlowMate_v3.0  -  C0BR4_v2.1

PGN-File: C:\Program Files (x86)\Arena\Tournaments\Engine Battle 20250826.pgn

No:  B/W 1/2     W:B       1:2           Time        Value Moves Dep 1:2       1-2-Draws
   5 W 1    1.5:0.5        4.5:0.5       11:21:20 PM    +2.54    12 3.462 :4.000  4-0-1

--------------------------------------------------------------

Engine-Match Tuesday, August 26, 2025 11:21:21 PM
 Blitz 2/1 

Pairing 2/10 :    C0BR4_v2.0  -  V7P3R_v7.2

PGN-File: C:\Program Files (x86)\Arena\Tournaments\Engine Battle 20250826.pgn

No:  B/W 1/2     W:B       1:2           Time        Value Moves Dep 1:2       1-2-Draws
   5 = =    1.5:1.5        1.5:3.5       11:23:19 PM    +2.58    43 4.000 :5.000  0-2-3

--------------------------------------------------------------

Engine-Match Tuesday, August 26, 2025 11:23:20 PM
 Blitz 2/1 

Pairing 3/10 :    C0BR4_v1.0  -  C0BR4_v2.0

PGN-File: C:\Program Files (x86)\Arena\Tournaments\Engine Battle 20250826.pgn

No:  B/W 1/2     W:B       1:2           Time        Value Moves Dep 1:2       1-2-Draws
   5 B 2    2.0:1.0        1.0:4.0       11:23:34 PM  -299.99    17 4.000 :4.000  0-3-2

--------------------------------------------------------------

Engine-Match Tuesday, August 26, 2025 11:23:35 PM
 Blitz 2/1 

Pairing 4/10 :    V7P3R_v7.2  -  SlowMate_v3.0

PGN-File: C:\Program Files (x86)\Arena\Tournaments\Engine Battle 20250826.pgn

No:  B/W 1/2     W:B       1:2           Time        Value Moves Dep 1:2       1-2-Draws
   5 W 1    2.5:1.5        3.5:1.5       11:26:47 PM      +M3    33 4.826 :3.043  2-0-3

--------------------------------------------------------------

Engine-Match Tuesday, August 26, 2025 11:26:48 PM
 Blitz 2/1 

Pairing 5/10 :    C0BR4_v2.1  -  V7P3R_v7.2

PGN-File: C:\Program Files (x86)\Arena\Tournaments\Engine Battle 20250826.pgn

No:  B/W 1/2     W:B       1:2           Time        Value Moves Dep 1:2       1-2-Draws
   5 W 1    1.0:0.0        1.0:4.0       11:27:52 PM   +10.82    16 4.000 :5.000  1-4-0

--------------------------------------------------------------

Engine-Match Tuesday, August 26, 2025 11:27:53 PM
 Blitz 2/1 

Pairing 6/10 :    SlowMate_v3.0  -  C0BR4_v1.0

PGN-File: C:\Program Files (x86)\Arena\Tournaments\Engine Battle 20250826.pgn

No:  B/W 1/2     W:B       1:2           Time        Value Moves Dep 1:2       1-2-Draws
   5 W 1    2.0:1.0        4.0:1.0       11:28:50 PM    +2.96    15 3.250 :4.000  3-0-2

--------------------------------------------------------------

Engine-Match Tuesday, August 26, 2025 11:28:52 PM
 Blitz 2/1 

Pairing 7/10 :    C0BR4_v2.0  -  SlowMate_v3.0

PGN-File: C:\Program Files (x86)\Arena\Tournaments\Engine Battle 20250826.pgn

No:  B/W 1/2     W:B       1:2           Time        Value Moves Dep 1:2       1-2-Draws
   5 = =    1.0:1.0        2.0:3.0       11:31:11 PM    -0.31    45 4.000 :3.280  1-2-2

--------------------------------------------------------------

Engine-Match Tuesday, August 26, 2025 11:31:13 PM
 Blitz 2/1 

Pairing 8/10 :    C0BR4_v1.0  -  C0BR4_v2.1

PGN-File: C:\Program Files (x86)\Arena\Tournaments\Engine Battle 20250826.pgn

No:  B/W 1/2     W:B       1:2           Time        Value Moves Dep 1:2       1-2-Draws
   5 = =    2.0:2.0        2.0:3.0       11:31:28 PM    -1.10    20 4.000 :4.000  0-1-4

--------------------------------------------------------------

Engine-Match Tuesday, August 26, 2025 11:31:29 PM
 Blitz 2/1 

Pairing 9/10 :    V7P3R_v7.2  -  C0BR4_v1.0

PGN-File: C:\Program Files (x86)\Arena\Tournaments\Engine Battle 20250826.pgn

No:  B/W 1/2     W:B       1:2           Time        Value Moves Dep 1:2       1-2-Draws
   5 W 1    1.0:0.0        5.0:0.0       11:32:10 PM    +0.40     9 4.600 :4.000  5-0-0

--------------------------------------------------------------

Engine-Match Tuesday, August 26, 2025 11:32:11 PM
 Blitz 2/1 

Pairing 10/10 :    C0BR4_v2.1  -  C0BR4_v2.0

PGN-File: C:\Program Files (x86)\Arena\Tournaments\Engine Battle 20250826.pgn

No:  B/W 1/2     W:B       1:2           Time        Value Moves Dep 1:2       1-2-Draws
   5 W 1    2.5:1.5        3.5:1.5       11:32:43 PM    +9.07    52 4.000 :4.000  2-0-3

--------------------------------------------------------------

Engine-Match Tuesday, August 26, 2025 11:32:45 PM
 Blitz 2/1 

Pairing 1/10 :    SlowMate_v3.0  -  C0BR4_v2.1

PGN-File: C:\Program Files (x86)\Arena\Tournaments\Engine Battle 20250826.pgn

No:  B/W 1/2     W:B       1:2           Time        Value Moves Dep 1:2       1-2-Draws
   6 W 2    1.5:0.5        4.5:1.5       11:34:25 PM  +299.99    28 3.174 :4.000  4-1-1

--------------------------------------------------------------

Engine-Match Tuesday, August 26, 2025 11:34:26 PM
 Blitz 2/1 

Pairing 2/10 :    C0BR4_v2.0  -  V7P3R_v7.2

PGN-File: C:\Program Files (x86)\Arena\Tournaments\Engine Battle 20250826.pgn

No:  B/W 1/2     W:B       1:2           Time        Value Moves Dep 1:2       1-2-Draws
   6 W 2    2.5:1.5        1.5:4.5       11:35:36 PM   +14.79    19 4.000 :5.150  0-3-3

--------------------------------------------------------------

Engine-Match Tuesday, August 26, 2025 11:35:37 PM
 Blitz 2/1 

Pairing 3/10 :    C0BR4_v1.0  -  C0BR4_v2.0

PGN-File: C:\Program Files (x86)\Arena\Tournaments\Engine Battle 20250826.pgn

No:  B/W 1/2     W:B       1:2           Time        Value Moves Dep 1:2       1-2-Draws
   6 = =    1.5:1.5        1.5:4.5       11:36:06 PM    -4.60    39 4.000 :4.000  0-3-3

--------------------------------------------------------------

Engine-Match Tuesday, August 26, 2025 11:36:08 PM
 Blitz 2/1 

Pairing 4/10 :    V7P3R_v7.2  -  SlowMate_v3.0

PGN-File: C:\Program Files (x86)\Arena\Tournaments\Engine Battle 20250826.pgn

No:  B/W 1/2     W:B       1:2           Time        Value Moves Dep 1:2       1-2-Draws
   6 = =    2.0:2.0        4.0:2.0       11:40:25 PM    -0.23    52 4.425 :3.024  2-0-4

--------------------------------------------------------------

Engine-Match Tuesday, August 26, 2025 11:40:26 PM
 Blitz 2/1 

Pairing 5/10 :    C0BR4_v2.1  -  V7P3R_v7.2

PGN-File: C:\Program Files (x86)\Arena\Tournaments\Engine Battle 20250826.pgn

No:  B/W 1/2     W:B       1:2           Time        Value Moves Dep 1:2       1-2-Draws
   6 = =    0.5:0.5        1.5:4.5       11:41:24 PM    +3.10    16 4.000 :5.125  1-4-1

--------------------------------------------------------------

Engine-Match Tuesday, August 26, 2025 11:41:25 PM
 Blitz 2/1 

Pairing 6/10 :    SlowMate_v3.0  -  C0BR4_v1.0

PGN-File: C:\Program Files (x86)\Arena\Tournaments\Engine Battle 20250826.pgn

No:  B/W 1/2     W:B       1:2           Time        Value Moves Dep 1:2       1-2-Draws
   6 = =    1.5:1.5        4.5:1.5       11:43:19 PM    +2.35    35 3.086 :4.000  3-0-3

--------------------------------------------------------------

Engine-Match Tuesday, August 26, 2025 11:43:20 PM
 Blitz 2/1 

Pairing 7/10 :    C0BR4_v2.0  -  SlowMate_v3.0

PGN-File: C:\Program Files (x86)\Arena\Tournaments\Engine Battle 20250826.pgn

No:  B/W 1/2     W:B       1:2           Time        Value Moves Dep 1:2       1-2-Draws
   6 W 2    2.0:1.0        2.0:4.0       11:44:28 PM    +4.22    18 4.000 :3.316  1-3-2

--------------------------------------------------------------

Engine-Match Tuesday, August 26, 2025 11:44:29 PM
 Blitz 2/1 

Pairing 8/10 :    C0BR4_v1.0  -  C0BR4_v2.1

PGN-File: C:\Program Files (x86)\Arena\Tournaments\Engine Battle 20250826.pgn

No:  B/W 1/2     W:B       1:2           Time        Value Moves Dep 1:2       1-2-Draws
   6 = =    2.5:2.5        2.5:3.5       11:44:56 PM    -0.05    37 4.000 :4.000  0-1-5

--------------------------------------------------------------

Engine-Match Tuesday, August 26, 2025 11:44:57 PM
 Blitz 2/1 

Pairing 9/10 :    V7P3R_v7.2  -  C0BR4_v1.0

PGN-File: C:\Program Files (x86)\Arena\Tournaments\Engine Battle 20250826.pgn

No:  B/W 1/2     W:B       1:2           Time        Value Moves Dep 1:2       1-2-Draws
   6 B 1    1.0:0.0        6.0:0.0       11:46:41 PM      -M3    33 4.759 :4.000  6-0-0

--------------------------------------------------------------

Engine-Match Tuesday, August 26, 2025 11:46:42 PM
 Blitz 2/1 

Pairing 10/10 :    C0BR4_v2.1  -  C0BR4_v2.0

PGN-File: C:\Program Files (x86)\Arena\Tournaments\Engine Battle 20250826.pgn

No:  B/W 1/2     W:B       1:2           Time        Value Moves Dep 1:2       1-2-Draws
   6 W 2    2.5:1.5        3.5:2.5       11:47:05 PM    +9.12    39 4.000 :4.000  2-1-3

--------------------------------------------------------------

Engine-Match Tuesday, August 26, 2025 11:47:11 PM
 Blitz 2/1 

Pairing 1/10 :    SlowMate_v3.0  -  C0BR4_v2.1

PGN-File: C:\Program Files (x86)\Arena\Tournaments\Engine Battle 20250826.pgn

No:  B/W 1/2     W:B       1:2           Time        Value Moves Dep 1:2       1-2-Draws
   7 W 1    1.5:0.5        5.5:1.5       11:47:48 PM    +5.28     9 3.500 :4.000  5-1-1

--------------------------------------------------------------

Engine-Match Tuesday, August 26, 2025 11:47:49 PM
 Blitz 2/1 

Pairing 2/10 :    C0BR4_v2.0  -  V7P3R_v7.2

PGN-File: C:\Program Files (x86)\Arena\Tournaments\Engine Battle 20250826.pgn

No:  B/W 1/2     W:B       1:2           Time        Value Moves Dep 1:2       1-2-Draws
   7 W 1    2.5:1.5        2.5:4.5       11:48:55 PM   +10.82    16 4.000 :5.063  1-3-3

--------------------------------------------------------------

Engine-Match Tuesday, August 26, 2025 11:48:56 PM
 Blitz 2/1 

Pairing 3/10 :    C0BR4_v1.0  -  C0BR4_v2.0

PGN-File: C:\Program Files (x86)\Arena\Tournaments\Engine Battle 20250826.pgn

No:  B/W 1/2     W:B       1:2           Time        Value Moves Dep 1:2       1-2-Draws
   7 W 1    2.5:1.5        2.5:4.5       11:49:23 PM  +299.99    43 4.000 :4.000  1-3-3

--------------------------------------------------------------

Engine-Match Tuesday, August 26, 2025 11:49:25 PM
 Blitz 2/1 

Pairing 4/10 :    V7P3R_v7.2  -  SlowMate_v3.0

PGN-File: C:\Program Files (x86)\Arena\Tournaments\Engine Battle 20250826.pgn

No:  B/W 1/2     W:B       1:2           Time        Value Moves Dep 1:2       1-2-Draws
   7 W 1    3.0:2.0        5.0:2.0       11:52:36 PM      +M3    33 4.826 :3.043  3-0-4

--------------------------------------------------------------

Engine-Match Tuesday, August 26, 2025 11:52:37 PM
 Blitz 2/1 

Pairing 5/10 :    C0BR4_v2.1  -  V7P3R_v7.2

PGN-File: C:\Program Files (x86)\Arena\Tournaments\Engine Battle 20250826.pgn

No:  B/W 1/2     W:B       1:2           Time        Value Moves Dep 1:2       1-2-Draws
   7 B 2    1.5:0.5        1.5:5.5       11:53:14 PM    -3.20     6 4.000 :5.286  1-5-1

--------------------------------------------------------------

Engine-Match Tuesday, August 26, 2025 11:53:16 PM
 Blitz 2/1 

Pairing 6/10 :    SlowMate_v3.0  -  C0BR4_v1.0

PGN-File: C:\Program Files (x86)\Arena\Tournaments\Engine Battle 20250826.pgn

No:  B/W 1/2     W:B       1:2           Time        Value Moves Dep 1:2       1-2-Draws
   7 W 1    2.5:1.5        5.5:1.5       11:54:13 PM    +2.96    15 3.250 :4.000  4-0-3

--------------------------------------------------------------

Engine-Match Tuesday, August 26, 2025 11:54:14 PM
 Blitz 2/1 

Pairing 7/10 :    C0BR4_v2.0  -  SlowMate_v3.0

PGN-File: C:\Program Files (x86)\Arena\Tournaments\Engine Battle 20250826.pgn

No:  B/W 1/2     W:B       1:2           Time        Value Moves Dep 1:2       1-2-Draws
   7 = =    1.5:1.5        2.5:4.5       11:56:34 PM    -0.31    45 4.000 :3.280  1-3-3

--------------------------------------------------------------

Engine-Match Tuesday, August 26, 2025 11:56:36 PM
 Blitz 2/1 

Pairing 8/10 :    C0BR4_v1.0  -  C0BR4_v2.1

PGN-File: C:\Program Files (x86)\Arena\Tournaments\Engine Battle 20250826.pgn

No:  B/W 1/2     W:B       1:2           Time        Value Moves Dep 1:2       1-2-Draws
   7 B 2    3.5:2.5        2.5:4.5       11:57:03 PM  -299.99    39 4.000 :4.000  0-2-5

--------------------------------------------------------------

Engine-Match Tuesday, August 26, 2025 11:57:04 PM
 Blitz 2/1 

Pairing 9/10 :    V7P3R_v7.2  -  C0BR4_v1.0

PGN-File: C:\Program Files (x86)\Arena\Tournaments\Engine Battle 20250826.pgn

No:  B/W 1/2     W:B       1:2           Time        Value Moves Dep 1:2       1-2-Draws
   7 W 1    1.0:0.0        7.0:0.0       11:57:40 PM    +0.35     8 4.667 :4.000  7-0-0

--------------------------------------------------------------

Engine-Match Tuesday, August 26, 2025 11:57:41 PM
 Blitz 2/1 

Pairing 10/10 :    C0BR4_v2.1  -  C0BR4_v2.0

PGN-File: C:\Program Files (x86)\Arena\Tournaments\Engine Battle 20250826.pgn

No:  B/W 1/2     W:B       1:2           Time        Value Moves Dep 1:2       1-2-Draws
   7 = =    2.0:2.0        4.0:3.0       11:58:24 PM    +2.12    66 4.000 :4.000  2-1-4

--------------------------------------------------------------

Engine-Match Tuesday, August 26, 2025 11:58:25 PM
 Blitz 2/1 

Pairing 1/10 :    SlowMate_v3.0  -  C0BR4_v2.1

PGN-File: C:\Program Files (x86)\Arena\Tournaments\Engine Battle 20250826.pgn

No:  B/W 1/2     W:B       1:2           Time        Value Moves Dep 1:2       1-2-Draws
   8 = =    1.0:1.0        6.0:2.0       12:00:32 AM    +0.39    35 3.057 :4.000  5-1-2

--------------------------------------------------------------

Engine-Match Wednesday, August 27, 2025 12:00:33 AM
 Blitz 2/1 

Pairing 2/10 :    C0BR4_v2.0  -  V7P3R_v7.2

PGN-File: C:\Program Files (x86)\Arena\Tournaments\Engine Battle 20250826.pgn

No:  B/W 1/2     W:B       1:2           Time        Value Moves Dep 1:2       1-2-Draws
   8 = =    2.0:2.0        3.0:5.0       12:02:09 AM    +6.30    31 4.000 :4.677  1-3-4

--------------------------------------------------------------

Engine-Match Wednesday, August 27, 2025 12:02:10 AM
 Blitz 2/1 

Pairing 3/10 :    C0BR4_v1.0  -  C0BR4_v2.0

PGN-File: C:\Program Files (x86)\Arena\Tournaments\Engine Battle 20250826.pgn

No:  B/W 1/2     W:B       1:2           Time        Value Moves Dep 1:2       1-2-Draws
   8 = =    2.0:2.0        3.0:5.0       12:02:53 AM    +1.92    59 4.000 :4.000  1-3-4

--------------------------------------------------------------

Engine-Match Wednesday, August 27, 2025 12:02:54 AM
 Blitz 2/1 

Pairing 4/10 :    V7P3R_v7.2  -  SlowMate_v3.0

PGN-File: C:\Program Files (x86)\Arena\Tournaments\Engine Battle 20250826.pgn

No:  B/W 1/2     W:B       1:2           Time        Value Moves Dep 1:2       1-2-Draws
   8 = =    2.5:2.5        5.5:2.5       12:09:17 AM    +5.75    89 4.425 :3.024  3-0-5

--------------------------------------------------------------

Engine-Match Wednesday, August 27, 2025 12:09:18 AM
 Blitz 2/1 

Pairing 5/10 :    C0BR4_v2.1  -  V7P3R_v7.2

PGN-File: C:\Program Files (x86)\Arena\Tournaments\Engine Battle 20250826.pgn

No:  B/W 1/2     W:B       1:2           Time        Value Moves Dep 1:2       1-2-Draws
   8 W 2    1.5:0.5        1.5:6.5       12:09:52 AM    +2.30     8 4.000 :5.111  1-6-1

--------------------------------------------------------------

Engine-Match Wednesday, August 27, 2025 12:09:53 AM
 Blitz 2/1 

Pairing 6/10 :    SlowMate_v3.0  -  C0BR4_v1.0

PGN-File: C:\Program Files (x86)\Arena\Tournaments\Engine Battle 20250826.pgn

No:  B/W 1/2     W:B       1:2           Time        Value Moves Dep 1:2       1-2-Draws
   8 = =    2.0:2.0        6.0:2.0       12:11:40 AM    +1.61    32 3.094 :4.000  4-0-4

--------------------------------------------------------------

Engine-Match Wednesday, August 27, 2025 12:11:41 AM
 Blitz 2/1 

Pairing 7/10 :    C0BR4_v2.0  -  SlowMate_v3.0

PGN-File: C:\Program Files (x86)\Arena\Tournaments\Engine Battle 20250826.pgn

No:  B/W 1/2     W:B       1:2           Time        Value Moves Dep 1:2       1-2-Draws
   8 W 2    2.5:1.5        2.5:5.5       12:13:06 AM  +173.71    24 4.000 :3.333  1-4-3

--------------------------------------------------------------

Engine-Match Wednesday, August 27, 2025 12:13:07 AM
 Blitz 2/1 

Pairing 8/10 :    C0BR4_v1.0  -  C0BR4_v2.1

PGN-File: C:\Program Files (x86)\Arena\Tournaments\Engine Battle 20250826.pgn

No:  B/W 1/2     W:B       1:2           Time        Value Moves Dep 1:2       1-2-Draws
   8 = =    3.0:3.0        3.0:5.0       12:13:43 AM    +2.20    62 4.000 :4.000  0-2-6

--------------------------------------------------------------

Engine-Match Wednesday, August 27, 2025 12:13:44 AM
 Blitz 2/1 

Pairing 9/10 :    V7P3R_v7.2  -  C0BR4_v1.0

PGN-File: C:\Program Files (x86)\Arena\Tournaments\Engine Battle 20250826.pgn

No:  B/W 1/2     W:B       1:2           Time        Value Moves Dep 1:2       1-2-Draws
   8 B 1    1.0:0.0        8.0:0.0       12:15:26 AM      -M3    33 4.759 :4.000  8-0-0

--------------------------------------------------------------

Engine-Match Wednesday, August 27, 2025 12:15:28 AM
 Blitz 2/1 

Pairing 10/10 :    C0BR4_v2.1  -  C0BR4_v2.0

PGN-File: C:\Program Files (x86)\Arena\Tournaments\Engine Battle 20250826.pgn

No:  B/W 1/2     W:B       1:2           Time        Value Moves Dep 1:2       1-2-Draws
   8 = =    2.5:2.5        4.5:3.5       12:15:45 AM    +7.11    29 4.000 :4.000  2-1-5

--------------------------------------------------------------

Engine-Match Wednesday, August 27, 2025 12:15:52 AM
 Blitz 2/1 

Pairing 1/10 :    SlowMate_v3.0  -  C0BR4_v2.1

PGN-File: C:\Program Files (x86)\Arena\Tournaments\Engine Battle 20250826.pgn

No:  B/W 1/2     W:B       1:2           Time        Value Moves Dep 1:2       1-2-Draws
   9 W 1    2.0:1.0        7.0:2.0       12:18:47 AM   +15.79    61 3.286 :4.000  6-1-2

--------------------------------------------------------------

Engine-Match Wednesday, August 27, 2025 12:18:48 AM
 Blitz 2/1 

Pairing 2/10 :    C0BR4_v2.0  -  V7P3R_v7.2

PGN-File: C:\Program Files (x86)\Arena\Tournaments\Engine Battle 20250826.pgn

No:  B/W 1/2     W:B       1:2           Time        Value Moves Dep 1:2       1-2-Draws
   9 = =    2.5:2.5        3.5:5.5       12:20:47 AM    +2.58    43 4.000 :5.000  1-3-5

--------------------------------------------------------------

Engine-Match Wednesday, August 27, 2025 12:20:49 AM
 Blitz 2/1 

Pairing 3/10 :    C0BR4_v1.0  -  C0BR4_v2.0

PGN-File: C:\Program Files (x86)\Arena\Tournaments\Engine Battle 20250826.pgn

No:  B/W 1/2     W:B       1:2           Time        Value Moves Dep 1:2       1-2-Draws
   9 B 2    3.0:2.0        3.0:6.0       12:21:16 AM  -299.99    39 4.000 :4.000  1-4-4

--------------------------------------------------------------

Engine-Match Wednesday, August 27, 2025 12:21:17 AM
 Blitz 2/1 

Pairing 4/10 :    V7P3R_v7.2  -  SlowMate_v3.0

PGN-File: C:\Program Files (x86)\Arena\Tournaments\Engine Battle 20250826.pgn

No:  B/W 1/2     W:B       1:2           Time        Value Moves Dep 1:2       1-2-Draws
   9 = =    3.0:3.0        6.0:3.0       12:25:05 AM    +1.28    42 4.815 :3.000  3-0-6

--------------------------------------------------------------

Engine-Match Wednesday, August 27, 2025 12:25:06 AM
 Blitz 2/1 

Pairing 5/10 :    C0BR4_v2.1  -  V7P3R_v7.2

PGN-File: C:\Program Files (x86)\Arena\Tournaments\Engine Battle 20250826.pgn

No:  B/W 1/2     W:B       1:2           Time        Value Moves Dep 1:2       1-2-Draws
   9 W 1    1.5:0.5        2.5:6.5       12:26:11 AM   +10.82    16 4.000 :5.063  2-6-1

--------------------------------------------------------------

Engine-Match Wednesday, August 27, 2025 12:26:12 AM
 Blitz 2/1 

Pairing 6/10 :    SlowMate_v3.0  -  C0BR4_v1.0

PGN-File: C:\Program Files (x86)\Arena\Tournaments\Engine Battle 20250826.pgn

No:  B/W 1/2     W:B       1:2           Time        Value Moves Dep 1:2       1-2-Draws
   9 W 1    3.0:2.0        7.0:2.0       12:27:09 AM    +2.96    15 3.313 :4.000  5-0-4

--------------------------------------------------------------

Engine-Match Wednesday, August 27, 2025 12:27:10 AM
 Blitz 2/1 

Pairing 7/10 :    C0BR4_v2.0  -  SlowMate_v3.0

PGN-File: C:\Program Files (x86)\Arena\Tournaments\Engine Battle 20250826.pgn

No:  B/W 1/2     W:B       1:2           Time        Value Moves Dep 1:2       1-2-Draws
   9 W 1    2.5:1.5        3.5:5.5       12:28:50 AM  +299.99    28 4.000 :3.261  2-4-3

--------------------------------------------------------------

Engine-Match Wednesday, August 27, 2025 12:28:51 AM
 Blitz 2/1 

Pairing 8/10 :    C0BR4_v1.0  -  C0BR4_v2.1

PGN-File: C:\Program Files (x86)\Arena\Tournaments\Engine Battle 20250826.pgn

No:  B/W 1/2     W:B       1:2           Time        Value Moves Dep 1:2       1-2-Draws
   9 = =    3.5:3.5        3.5:5.5       12:29:06 AM    -1.10    20 4.000 :4.000  0-2-7

--------------------------------------------------------------

Engine-Match Wednesday, August 27, 2025 12:29:07 AM
 Blitz 2/1 

Pairing 9/10 :    V7P3R_v7.2  -  C0BR4_v1.0

PGN-File: C:\Program Files (x86)\Arena\Tournaments\Engine Battle 20250826.pgn

No:  B/W 1/2     W:B       1:2           Time        Value Moves Dep 1:2       1-2-Draws
   9 W 1    1.0:0.0        9.0:0.0       12:29:47 AM    +2.30     8 5.000 :4.000  9-0-0

--------------------------------------------------------------

Engine-Match Wednesday, August 27, 2025 12:29:48 AM
 Blitz 2/1 

Pairing 10/10 :    C0BR4_v2.1  -  C0BR4_v2.0

PGN-File: C:\Program Files (x86)\Arena\Tournaments\Engine Battle 20250826.pgn

No:  B/W 1/2     W:B       1:2           Time        Value Moves Dep 1:2       1-2-Draws
   9 = =    3.0:3.0        5.0:4.0       12:30:18 AM    -0.87    47 4.000 :4.000  2-1-6

--------------------------------------------------------------

Engine-Match Wednesday, August 27, 2025 12:30:19 AM
 Blitz 2/1 

Pairing 1/10 :    SlowMate_v3.0  -  C0BR4_v2.1

PGN-File: C:\Program Files (x86)\Arena\Tournaments\Engine Battle 20250826.pgn

No:  B/W 1/2     W:B       1:2           Time        Value Moves Dep 1:2       1-2-Draws
  10 B 1    2.0:1.0        8.0:2.0       12:30:39 AM    -2.04     4 3.600 :4.000  7-1-2

--------------------------------------------------------------

Engine-Match Wednesday, August 27, 2025 12:30:40 AM
 Blitz 2/1 

Pairing 2/10 :    C0BR4_v2.0  -  V7P3R_v7.2

PGN-File: C:\Program Files (x86)\Arena\Tournaments\Engine Battle 20250826.pgn

No:  B/W 1/2     W:B       1:2           Time        Value Moves Dep 1:2       1-2-Draws
  10 = =    3.0:3.0        4.0:6.0       12:32:21 AM    +6.30    33 4.000 :4.667  1-3-6

--------------------------------------------------------------

Engine-Match Wednesday, August 27, 2025 12:32:22 AM
 Blitz 2/1 

Pairing 3/10 :    C0BR4_v1.0  -  C0BR4_v2.0

PGN-File: C:\Program Files (x86)\Arena\Tournaments\Engine Battle 20250826.pgn

No:  B/W 1/2     W:B       1:2           Time        Value Moves Dep 1:2       1-2-Draws
  10 = =    2.5:2.5        3.5:6.5       12:32:57 AM    +2.20    62 4.000 :4.000  1-4-5

--------------------------------------------------------------

Engine-Match Wednesday, August 27, 2025 12:32:58 AM
 Blitz 2/1 

Pairing 4/10 :    V7P3R_v7.2  -  SlowMate_v3.0

PGN-File: C:\Program Files (x86)\Arena\Tournaments\Engine Battle 20250826.pgn

No:  B/W 1/2     W:B       1:2           Time        Value Moves Dep 1:2       1-2-Draws
  10 W 2    4.0:3.0        6.0:4.0       12:38:24 AM   +14.57    71 4.815 :3.286  3-1-6

--------------------------------------------------------------

Engine-Match Wednesday, August 27, 2025 12:38:25 AM
 Blitz 2/1 

Pairing 5/10 :    C0BR4_v2.1  -  V7P3R_v7.2

PGN-File: C:\Program Files (x86)\Arena\Tournaments\Engine Battle 20250826.pgn

No:  B/W 1/2     W:B       1:2           Time        Value Moves Dep 1:2       1-2-Draws
  10 W 2    1.5:0.5        2.5:7.5       12:38:56 AM    +1.00     7 4.000 :5.125  2-7-1

--------------------------------------------------------------

Engine-Match Wednesday, August 27, 2025 12:38:57 AM
 Blitz 2/1 

Pairing 6/10 :    SlowMate_v3.0  -  C0BR4_v1.0

PGN-File: C:\Program Files (x86)\Arena\Tournaments\Engine Battle 20250826.pgn

No:  B/W 1/2     W:B       1:2           Time        Value Moves Dep 1:2       1-2-Draws
  10 = =    2.5:2.5        7.5:2.5       12:40:43 AM    +1.61    32 3.094 :4.000  5-0-5

--------------------------------------------------------------

Engine-Match Wednesday, August 27, 2025 12:40:44 AM
 Blitz 2/1 

Pairing 7/10 :    C0BR4_v2.0  -  SlowMate_v3.0

PGN-File: C:\Program Files (x86)\Arena\Tournaments\Engine Battle 20250826.pgn

No:  B/W 1/2     W:B       1:2           Time        Value Moves Dep 1:2       1-2-Draws
  10 B 1    2.5:1.5        4.5:5.5       12:42:19 AM   -13.14    25 4.000 :2.955  3-4-3

--------------------------------------------------------------

Engine-Match Wednesday, August 27, 2025 12:42:21 AM
 Blitz 2/1 

Pairing 8/10 :    C0BR4_v1.0  -  C0BR4_v2.1

PGN-File: C:\Program Files (x86)\Arena\Tournaments\Engine Battle 20250826.pgn

No:  B/W 1/2     W:B       1:2           Time        Value Moves Dep 1:2       1-2-Draws
  10 = =    4.0:4.0        4.0:6.0       12:42:50 AM    -4.60    39 4.000 :4.000  0-2-8

--------------------------------------------------------------

Engine-Match Wednesday, August 27, 2025 12:42:51 AM
 Blitz 2/1 

Pairing 9/10 :    V7P3R_v7.2  -  C0BR4_v1.0

PGN-File: C:\Program Files (x86)\Arena\Tournaments\Engine Battle 20250826.pgn

No:  B/W 1/2     W:B       1:2           Time        Value Moves Dep 1:2       1-2-Draws
  10 B 1    1.0:0.0        10.0:0.0      12:44:34 AM      -M3    33 4.759 :4.000  10-0-0

--------------------------------------------------------------

Engine-Match Wednesday, August 27, 2025 12:44:35 AM
 Blitz 2/1 

Pairing 10/10 :    C0BR4_v2.1  -  C0BR4_v2.0

PGN-File: C:\Program Files (x86)\Arena\Tournaments\Engine Battle 20250826.pgn

No:  B/W 1/2     W:B       1:2           Time        Value Moves Dep 1:2       1-2-Draws
  10 B 1    4.0:3.0        6.0:4.0       12:44:49 AM   -18.95    18 4.000 :4.000  3-1-6
