Engine-Match Saturday, August 23, 2025 12:07:19 PM
 Blitz 5/5 

Pairing 1/3 :    C0BR4_v2.0  -  V7P3R_v6.1

PGN-File: C:\Program Files (x86)\Arena\Tournaments\Engine Battle 20250823.pgn

No:  B/W 1/2     W:B       1:2           Time        Value Moves Dep 1:2       1-2-Draws
   1 W 1    1.0:0.0        1.0:0.0       12:10:14 PM   +25.77    13 4.000 :3.308  1-0-0

--------------------------------------------------------------

Engine-Match Saturday, August 23, 2025 12:10:15 PM
 Blitz 5/5 

Pairing 2/3 :    SlowMate_v3.0  -  C0BR4_v2.0

PGN-File: C:\Program Files (x86)\Arena\Tournaments\Engine Battle 20250823.pgn

No:  B/W 1/2     W:B       1:2           Time        Value Moves Dep 1:2       1-2-Draws
   1 = =    0.5:0.5        0.5:0.5       12:13:41 PM    +1.66    20 3.700 :4.000  0-0-1

--------------------------------------------------------------

Engine-Match Saturday, August 23, 2025 12:13:42 PM
 Blitz 5/5 

Pairing 3/3 :    V7P3R_v6.1  -  SlowMate_v3.0

PGN-File: C:\Program Files (x86)\Arena\Tournaments\Engine Battle 20250823.pgn

No:  B/W 1/2     W:B       1:2           Time        Value Moves Dep 1:2       1-2-Draws
   1 W 1    1.0:0.0        1.0:0.0       12:19:41 PM     0.00    15 3.133 :3.786  1-0-0

--------------------------------------------------------------

Engine-Match Saturday, August 23, 2025 12:19:42 PM
 Blitz 5/5 

Pairing 1/3 :    C0BR4_v2.0  -  V7P3R_v6.1

PGN-File: C:\Program Files (x86)\Arena\Tournaments\Engine Battle 20250823.pgn

No:  B/W 1/2     W:B       1:2           Time        Value Moves Dep 1:2       1-2-Draws
   2 B 1    1.0:0.0        2.0:0.0       12:22:26 PM   -14.56    11 4.000 :3.000  2-0-0

--------------------------------------------------------------

Engine-Match Saturday, August 23, 2025 12:22:28 PM
 Blitz 5/5 

Pairing 2/3 :    SlowMate_v3.0  -  C0BR4_v2.0

PGN-File: C:\Program Files (x86)\Arena\Tournaments\Engine Battle 20250823.pgn

No:  B/W 1/2     W:B       1:2           Time        Value Moves Dep 1:2       1-2-Draws
   2 W 2    1.5:0.5        0.5:1.5       12:28:05 PM   +13.14    34 3.897 :4.000  0-1-1

--------------------------------------------------------------

Engine-Match Saturday, August 23, 2025 12:28:06 PM
 Blitz 5/5 

Pairing 3/3 :    V7P3R_v6.1  -  SlowMate_v3.0

PGN-File: C:\Program Files (x86)\Arena\Tournaments\Engine Battle 20250823.pgn

No:  B/W 1/2     W:B       1:2           Time        Value Moves Dep 1:2       1-2-Draws
   2 W 2    1.0:0.0        1.0:1.0       12:32:25 PM   +44.90    11 3.182 :3.636  1-1-0

--------------------------------------------------------------

Engine-Match Saturday, August 23, 2025 12:32:26 PM
 Blitz 5/5 

Pairing 1/3 :    C0BR4_v2.0  -  V7P3R_v6.1

PGN-File: C:\Program Files (x86)\Arena\Tournaments\Engine Battle 20250823.pgn

No:  B/W 1/2     W:B       1:2           Time        Value Moves Dep 1:2       1-2-Draws
   3 W 1    1.0:0.0        3.0:0.0       12:37:52 PM   +33.70    21 4.000 :3.105  3-0-0

--------------------------------------------------------------

Engine-Match Saturday, August 23, 2025 12:37:53 PM
 Blitz 5/5 

Pairing 2/3 :    SlowMate_v3.0  -  C0BR4_v2.0

PGN-File: C:\Program Files (x86)\Arena\Tournaments\Engine Battle 20250823.pgn

No:  B/W 1/2     W:B       1:2           Time        Value Moves Dep 1:2       1-2-Draws
   3 W 1    1.5:0.5        1.5:1.5       12:45:15 PM  +157.59    47 4.400 :4.000  1-1-1

--------------------------------------------------------------

Engine-Match Saturday, August 23, 2025 12:45:16 PM
 Blitz 5/5 

Pairing 3/3 :    V7P3R_v6.1  -  SlowMate_v3.0

PGN-File: C:\Program Files (x86)\Arena\Tournaments\Engine Battle 20250823.pgn

No:  B/W 1/2     W:B       1:2           Time        Value Moves Dep 1:2       1-2-Draws
   3 B 2    1.0:0.0        1.0:2.0       12:50:27 PM   -41.55    14 3.357 :4.154  1-2-0

--------------------------------------------------------------

Engine-Match Saturday, August 23, 2025 12:50:28 PM
 Blitz 5/5 

Pairing 1/3 :    C0BR4_v2.0  -  V7P3R_v6.1

PGN-File: C:\Program Files (x86)\Arena\Tournaments\Engine Battle 20250823.pgn

No:  B/W 1/2     W:B       1:2           Time        Value Moves Dep 1:2       1-2-Draws
   4 W 2    1.0:0.0        3.0:1.0       12:52:26 PM   +23.39     8 4.000 :3.000  3-1-0

--------------------------------------------------------------

Engine-Match Saturday, August 23, 2025 12:52:27 PM
 Blitz 5/5 

Pairing 2/3 :    SlowMate_v3.0  -  C0BR4_v2.0

PGN-File: C:\Program Files (x86)\Arena\Tournaments\Engine Battle 20250823.pgn

No:  B/W 1/2     W:B       1:2           Time        Value Moves Dep 1:2       1-2-Draws
   4 = =    1.0:1.0        2.0:2.0       12:57:16 PM    +7.99    30 4.517 :4.000  1-1-2

--------------------------------------------------------------

Engine-Match Saturday, August 23, 2025 12:57:18 PM
 Blitz 5/5 

Pairing 3/3 :    V7P3R_v6.1  -  SlowMate_v3.0

PGN-File: C:\Program Files (x86)\Arena\Tournaments\Engine Battle 20250823.pgn

No:  B/W 1/2     W:B       1:2           Time        Value Moves Dep 1:2       1-2-Draws
   4 W 2    1.0:0.0        1.0:3.0       1:01:37 PM   +44.90    11 3.182 :3.636  1-3-0

--------------------------------------------------------------

Engine-Match Saturday, August 23, 2025 1:01:38 PM
 Blitz 5/5 

Pairing 1/3 :    C0BR4_v2.0  -  V7P3R_v6.1

PGN-File: C:\Program Files (x86)\Arena\Tournaments\Engine Battle 20250823.pgn

No:  B/W 1/2     W:B       1:2           Time        Value Moves Dep 1:2       1-2-Draws
   5 W 1    1.0:0.0        4.0:1.0       1:05:04 PM   +65.04    17 4.000 :3.412  4-1-0

--------------------------------------------------------------

Engine-Match Saturday, August 23, 2025 1:05:05 PM
 Blitz 5/5 

Pairing 2/3 :    SlowMate_v3.0  -  C0BR4_v2.0

PGN-File: C:\Program Files (x86)\Arena\Tournaments\Engine Battle 20250823.pgn

No:  B/W 1/2     W:B       1:2           Time        Value Moves Dep 1:2       1-2-Draws
   5 W 1    2.0:1.0        3.0:2.0       1:09:09 PM    +2.74    24 4.350 :4.000  2-1-2

--------------------------------------------------------------

Engine-Match Saturday, August 23, 2025 1:09:10 PM
 Blitz 5/5 

Pairing 3/3 :    V7P3R_v6.1  -  SlowMate_v3.0

PGN-File: C:\Program Files (x86)\Arena\Tournaments\Engine Battle 20250823.pgn

No:  B/W 1/2     W:B       1:2           Time        Value Moves Dep 1:2       1-2-Draws
   5 * *     0.0:0.0        1.0:3.0       1:10:29 PM    +9.53     4 3.000 :4.000  1-3-0

--------------------------------------------------------------

Engine-Match Saturday, August 23, 2025 1:11:30 PM
 Blitz 5/5 

Pairing 1/6 :    C0BR4_v2.0  -  V7P3R_v7.0

PGN-File: C:\Program Files (x86)\Arena\Tournaments\Engine Battle 20250823.pgn

No:  B/W 1/2     W:B       1:2           Time        Value Moves Dep 1:2       1-2-Draws
   1 B 2    1.0:0.0        0.0:1.0       1:12:50 PM   +95.00     6 4.000 :5.714  0-1-0

--------------------------------------------------------------

Engine-Match Saturday, August 23, 2025 1:12:51 PM
 Blitz 5/5 

Pairing 4/6 :    V7P3R_v6.1  -  V7P3R_v7.0

PGN-File: C:\Program Files (x86)\Arena\Tournaments\Engine Battle 20250823.pgn

No:  B/W 1/2     W:B       1:2           Time        Value Moves Dep 1:2       1-2-Draws
   1 W 1    1.0:0.0        1.0:0.0       1:15:50 PM   +25.00     5 3.000 :6.000  1-0-0

--------------------------------------------------------------

Engine-Match Saturday, August 23, 2025 1:15:51 PM
 Blitz 5/5 

Pairing 6/6 :    V7P3R_v7.0  -  SlowMate_v3.0

PGN-File: C:\Program Files (x86)\Arena\Tournaments\Engine Battle 20250823.pgn

No:  B/W 1/2     W:B       1:2           Time        Value Moves Dep 1:2       1-2-Draws
   1 W 1    1.0:0.0        1.0:0.0       1:22:54 PM    +M500    20 5.500 :3.789  1-0-0

--------------------------------------------------------------

Engine-Match Saturday, August 23, 2025 1:22:56 PM
 Blitz 5/5 

Pairing 1/6 :    C0BR4_v2.0  -  V7P3R_v7.0

PGN-File: C:\Program Files (x86)\Arena\Tournaments\Engine Battle 20250823.pgn

No:  B/W 1/2     W:B       1:2           Time        Value Moves Dep 1:2       1-2-Draws
   2 W 2    1.0:0.0        0.0:2.0       1:29:58 PM    +M500    35 4.000 :5.583  0-2-0

--------------------------------------------------------------

Engine-Match Saturday, August 23, 2025 1:29:59 PM
 Blitz 5/5 

Pairing 4/6 :    V7P3R_v6.1  -  V7P3R_v7.0

PGN-File: C:\Program Files (x86)\Arena\Tournaments\Engine Battle 20250823.pgn

No:  B/W 1/2     W:B       1:2           Time        Value Moves Dep 1:2       1-2-Draws
   2 W 2    1.0:0.0        1.0:1.0       1:36:59 PM   +38.02    16 3.313 :5.750  1-1-0

--------------------------------------------------------------

Engine-Match Saturday, August 23, 2025 1:37:00 PM
 Blitz 5/5 

Pairing 6/6 :    V7P3R_v7.0  -  SlowMate_v3.0

PGN-File: C:\Program Files (x86)\Arena\Tournaments\Engine Battle 20250823.pgn

No:  B/W 1/2     W:B       1:2           Time        Value Moves Dep 1:2       1-2-Draws
   2 W 2    1.0:0.0        1.0:1.0       1:44:57 PM  +317.00    24 5.522 :3.826  1-1-0

--------------------------------------------------------------

Engine-Match Saturday, August 23, 2025 1:44:58 PM
 Blitz 5/5 

Pairing 1/6 :    C0BR4_v2.0  -  V7P3R_v7.0

PGN-File: C:\Program Files (x86)\Arena\Tournaments\Engine Battle 20250823.pgn

No:  B/W 1/2     W:B       1:2           Time        Value Moves Dep 1:2       1-2-Draws
   3 B 2    1.0:0.0        0.0:3.0       1:45:58 PM   -20.00     5 4.000 :6.000  0-3-0

--------------------------------------------------------------

Engine-Match Saturday, August 23, 2025 1:45:59 PM
 Blitz 5/5 

Pairing 4/6 :    V7P3R_v6.1  -  V7P3R_v7.0

PGN-File: C:\Program Files (x86)\Arena\Tournaments\Engine Battle 20250823.pgn

No:  B/W 1/2     W:B       1:2           Time        Value Moves Dep 1:2       1-2-Draws
   3 * *     0.0:0.0        1.0:1.0       1:49:54 PM    -8.80    10 3.000 :5.889  1-1-0

--------------------------------------------------------------

Engine-Match Saturday, August 23, 2025 1:51:58 PM
 Blitz 5/5 

Pairing 3/10 :    C0BR4_v2.1  -  SlowMate_v3.0

PGN-File: C:\Program Files (x86)\Arena\Tournaments\Engine Battle 20250823.pgn

No:  B/W 1/2     W:B       1:2           Time        Value Moves Dep 1:2       1-2-Draws
   1 * *     0.0:0.0        0.0:0.0       1:52:51 PM     0.00     0 0:0 0-0-0

--------------------------------------------------------------

Engine-Match Saturday, August 23, 2025 1:53:03 PM
 Blitz 5/5 

Pairing 4/6 :    V7P3R_v6.1  -  V7P3R_v7.0

PGN-File: C:\Program Files (x86)\Arena\Tournaments\Engine Battle 20250823.pgn

No:  B/W 1/2     W:B       1:2           Time        Value Moves Dep 1:2       1-2-Draws
   3 * *     0.0:0.0        1.0:1.0       1:55:55 PM  -295.00     6 3.000 :6.000  1-1-0

--------------------------------------------------------------

Engine-Match Saturday, August 23, 2025 1:56:15 PM
 Blitz 5/5 

Pairing 3/10 :    C0BR4_v2.1  -  SlowMate_v3.0

PGN-File: C:\Program Files (x86)\Arena\Tournaments\Engine Battle 20250823.pgn

No:  B/W 1/2     W:B       1:2           Time        Value Moves Dep 1:2       1-2-Draws
   1 * *     0.0:0.0        0.0:0.0       1:57:32 PM     0.00     0 0:0 0-0-0

--------------------------------------------------------------

Engine-Match Saturday, August 23, 2025 1:59:39 PM
 Blitz 5/5 

Pairing 3/10 :    C0BR4_v2.1  -  SlowMate_v3.0

PGN-File: C:\Program Files (x86)\Arena\Tournaments\Engine Battle 20250823.pgn

No:  B/W 1/2     W:B       1:2           Time        Value Moves Dep 1:2       1-2-Draws
   1 B 2    1.0:0.0        0.0:1.0       2:00:27 PM    -2.04     4 4.000 :4.200  0-1-0

--------------------------------------------------------------

Engine-Match Saturday, August 23, 2025 2:00:28 PM
 Blitz 5/5 

Pairing 6/10 :    C0BR4_v2.0  -  C0BR4_v2.1

PGN-File: C:\Program Files (x86)\Arena\Tournaments\Engine Battle 20250823.pgn

No:  B/W 1/2     W:B       1:2           Time        Value Moves Dep 1:2       1-2-Draws
   1 = =    0.5:0.5        0.5:0.5       2:01:13 PM    -3.33    68 4.000 :4.000  0-0-1

--------------------------------------------------------------

Engine-Match Saturday, August 23, 2025 2:01:14 PM
 Blitz 5/5 

Pairing 8/10 :    C0BR4_v2.1  -  V7P3R_v7.0

PGN-File: C:\Program Files (x86)\Arena\Tournaments\Engine Battle 20250823.pgn

No:  B/W 1/2     W:B       1:2           Time        Value Moves Dep 1:2       1-2-Draws
   1 B 2    1.0:0.0        0.0:1.0       2:06:18 PM  -216.00    28 4.000 :5.517  0-1-0

--------------------------------------------------------------

Engine-Match Saturday, August 23, 2025 2:06:19 PM
 Blitz 5/5 

Pairing 9/10 :    V7P3R_v6.1  -  C0BR4_v2.1

PGN-File: C:\Program Files (x86)\Arena\Tournaments\Engine Battle 20250823.pgn

No:  B/W 1/2     W:B       1:2           Time        Value Moves Dep 1:2       1-2-Draws
   1 W 1    1.0:0.0        1.0:0.0       2:07:36 PM    -6.07     6 3.000 :4.000  1-0-0

--------------------------------------------------------------

Engine-Match Saturday, August 23, 2025 2:07:38 PM
 Blitz 5/5 

Pairing 3/10 :    C0BR4_v2.1  -  SlowMate_v3.0

PGN-File: C:\Program Files (x86)\Arena\Tournaments\Engine Battle 20250823.pgn

No:  B/W 1/2     W:B       1:2           Time        Value Moves Dep 1:2       1-2-Draws
   2 W 2    1.0:0.0        0.0:2.0       2:11:45 PM   +11.08    24 4.000 :3.880  0-2-0

--------------------------------------------------------------

Engine-Match Saturday, August 23, 2025 2:11:47 PM
 Blitz 5/5 

Pairing 6/10 :    C0BR4_v2.0  -  C0BR4_v2.1

PGN-File: C:\Program Files (x86)\Arena\Tournaments\Engine Battle 20250823.pgn

No:  B/W 1/2     W:B       1:2           Time        Value Moves Dep 1:2       1-2-Draws
   2 W 2    1.5:0.5        0.5:1.5       2:12:56 PM   +18.62    43 4.000 :4.000  0-1-1

--------------------------------------------------------------

Engine-Match Saturday, August 23, 2025 2:12:58 PM
 Blitz 5/5 

Pairing 8/10 :    C0BR4_v2.1  -  V7P3R_v7.0

PGN-File: C:\Program Files (x86)\Arena\Tournaments\Engine Battle 20250823.pgn

No:  B/W 1/2     W:B       1:2           Time        Value Moves Dep 1:2       1-2-Draws
   2 W 2    1.0:0.0        0.0:2.0       2:19:57 PM    +M500    35 4.000 :5.583  0-2-0

--------------------------------------------------------------

Engine-Match Saturday, August 23, 2025 2:19:59 PM
 Blitz 5/5 

Pairing 9/10 :    V7P3R_v6.1  -  C0BR4_v2.1

PGN-File: C:\Program Files (x86)\Arena\Tournaments\Engine Battle 20250823.pgn

No:  B/W 1/2     W:B       1:2           Time        Value Moves Dep 1:2       1-2-Draws
   2 W 2    1.0:0.0        1.0:1.0       2:25:21 PM   +25.15    21 3.095 :4.000  1-1-0

--------------------------------------------------------------

Engine-Match Saturday, August 23, 2025 2:25:23 PM
 Blitz 5/5 

Pairing 3/10 :    C0BR4_v2.1  -  SlowMate_v3.0

PGN-File: C:\Program Files (x86)\Arena\Tournaments\Engine Battle 20250823.pgn

No:  B/W 1/2     W:B       1:2           Time        Value Moves Dep 1:2       1-2-Draws
   3 B 2    1.0:0.0        0.0:3.0       2:26:11 PM    -2.04     4 4.000 :4.200  0-3-0

--------------------------------------------------------------

Engine-Match Saturday, August 23, 2025 2:26:12 PM
 Blitz 5/5 

Pairing 5/10 :    V7P3R_v7.0  -  V7P3R_v6.1

PGN-File: C:\Program Files (x86)\Arena\Tournaments\Engine Battle 20250823.pgn

No:  B/W 1/2     W:B       1:2           Time        Value Moves Dep 1:2       1-2-Draws
   3 W 1    1.0:0.0        2.0:1.0       2:33:09 PM   +38.02    16 5.750 :3.313  2-1-0

--------------------------------------------------------------

Engine-Match Saturday, August 23, 2025 2:33:10 PM
 Blitz 5/5 

Pairing 6/10 :    C0BR4_v2.0  -  C0BR4_v2.1

PGN-File: C:\Program Files (x86)\Arena\Tournaments\Engine Battle 20250823.pgn

No:  B/W 1/2     W:B       1:2           Time        Value Moves Dep 1:2       1-2-Draws
   3 = =    1.0:1.0        1.0:2.0       2:34:09 PM    -0.40    37 4.000 :4.000  0-1-2

--------------------------------------------------------------

Engine-Match Saturday, August 23, 2025 2:34:10 PM
 Blitz 5/5 

Pairing 8/10 :    C0BR4_v2.1  -  V7P3R_v7.0

PGN-File: C:\Program Files (x86)\Arena\Tournaments\Engine Battle 20250823.pgn

No:  B/W 1/2     W:B       1:2           Time        Value Moves Dep 1:2       1-2-Draws
   3 B 2    1.0:0.0        0.0:3.0       2:35:30 PM   +95.00     6 4.000 :5.714  0-3-0

--------------------------------------------------------------

Engine-Match Saturday, August 23, 2025 2:35:31 PM
 Blitz 5/5 

Pairing 9/10 :    V7P3R_v6.1  -  C0BR4_v2.1

PGN-File: C:\Program Files (x86)\Arena\Tournaments\Engine Battle 20250823.pgn

No:  B/W 1/2     W:B       1:2           Time        Value Moves Dep 1:2       1-2-Draws
   3 W 1    1.0:0.0        2.0:1.0       2:37:05 PM    +9.41     7 3.000 :4.000  2-1-0

--------------------------------------------------------------

Engine-Match Saturday, August 23, 2025 2:37:06 PM
 Blitz 5/5 

Pairing 10/10 :    V7P3R_v7.0  -  SlowMate_v3.0

PGN-File: C:\Program Files (x86)\Arena\Tournaments\Engine Battle 20250823.pgn

No:  B/W 1/2     W:B       1:2           Time        Value Moves Dep 1:2       1-2-Draws
   3 W 1    1.0:0.0        2.0:1.0       2:44:04 PM    +M500    20 5.500 :3.789  2-1-0

--------------------------------------------------------------

Engine-Match Saturday, August 23, 2025 2:44:06 PM
 Blitz 5/5 

Pairing 1/10 :    C0BR4_v2.0  -  V7P3R_v7.0

PGN-File: C:\Program Files (x86)\Arena\Tournaments\Engine Battle 20250823.pgn

No:  B/W 1/2     W:B       1:2           Time        Value Moves Dep 1:2       1-2-Draws
   4 W 2    1.0:0.0        0.0:4.0       2:52:15 PM  +299.98    38 4.000 :5.316  0-4-0

--------------------------------------------------------------

Engine-Match Saturday, August 23, 2025 2:52:16 PM
 Blitz 5/5 

Pairing 3/10 :    C0BR4_v2.1  -  SlowMate_v3.0

PGN-File: C:\Program Files (x86)\Arena\Tournaments\Engine Battle 20250823.pgn

No:  B/W 1/2     W:B       1:2           Time        Value Moves Dep 1:2       1-2-Draws
   4 = =    0.5:0.5        0.5:3.5       2:58:10 PM    +1.52    36 4.000 :4.133  0-3-1

--------------------------------------------------------------

Engine-Match Saturday, August 23, 2025 2:58:11 PM
 Blitz 5/5 

Pairing 5/10 :    V7P3R_v7.0  -  V7P3R_v6.1

PGN-File: C:\Program Files (x86)\Arena\Tournaments\Engine Battle 20250823.pgn

No:  B/W 1/2     W:B       1:2           Time        Value Moves Dep 1:2       1-2-Draws
   4 B 1    1.0:0.0        3.0:1.0       3:03:41 PM   -26.71    15 5.643 :3.067  3-1-0

--------------------------------------------------------------

Engine-Match Saturday, August 23, 2025 3:03:42 PM
 Blitz 5/5 

Pairing 6/10 :    C0BR4_v2.0  -  C0BR4_v2.1

PGN-File: C:\Program Files (x86)\Arena\Tournaments\Engine Battle 20250823.pgn

No:  B/W 1/2     W:B       1:2           Time        Value Moves Dep 1:2       1-2-Draws
   4 = =    1.5:1.5        1.5:2.5       3:04:40 PM    -0.40    37 4.000 :4.000  0-1-3

--------------------------------------------------------------

Engine-Match Saturday, August 23, 2025 3:04:41 PM
 Blitz 5/5 

Pairing 8/10 :    C0BR4_v2.1  -  V7P3R_v7.0

PGN-File: C:\Program Files (x86)\Arena\Tournaments\Engine Battle 20250823.pgn

No:  B/W 1/2     W:B       1:2           Time        Value Moves Dep 1:2       1-2-Draws
   4 W 2    1.0:0.0        0.0:4.0       3:12:24 PM  +299.98    38 4.000 :5.289  0-4-0

--------------------------------------------------------------

Engine-Match Saturday, August 23, 2025 3:12:26 PM
 Blitz 5/5 

Pairing 9/10 :    V7P3R_v6.1  -  C0BR4_v2.1

PGN-File: C:\Program Files (x86)\Arena\Tournaments\Engine Battle 20250823.pgn

No:  B/W 1/2     W:B       1:2           Time        Value Moves Dep 1:2       1-2-Draws
   4 B 1    1.0:0.0        3.0:1.0       3:17:47 PM   +41.64    23 3.542 :4.000  3-1-0

--------------------------------------------------------------

Engine-Match Saturday, August 23, 2025 3:17:53 PM
 Blitz 5/5 

Pairing 10/10 :    V7P3R_v7.0  -  SlowMate_v3.0

PGN-File: C:\Program Files (x86)\Arena\Tournaments\Engine Battle 20250823.pgn

No:  B/W 1/2     W:B       1:2           Time        Value Moves Dep 1:2       1-2-Draws
   4 B 1    1.0:0.0        3.0:1.0       3:25:33 PM    -M500    22 5.409 :3.682  3-1-0

--------------------------------------------------------------

Engine-Match Saturday, August 23, 2025 3:25:35 PM
 Blitz 5/5 

Pairing 1/10 :    C0BR4_v2.0  -  V7P3R_v7.0

PGN-File: C:\Program Files (x86)\Arena\Tournaments\Engine Battle 20250823.pgn

No:  B/W 1/2     W:B       1:2           Time        Value Moves Dep 1:2       1-2-Draws
   5 B 2    1.0:0.0        0.0:5.0       3:27:37 PM   +95.00     6 4.000 :5.857  0-5-0

--------------------------------------------------------------

Engine-Match Saturday, August 23, 2025 3:27:38 PM
 Blitz 5/5 

Pairing 2/10 :    SlowMate_v3.0  -  V7P3R_v6.1

PGN-File: C:\Program Files (x86)\Arena\Tournaments\Engine Battle 20250823.pgn

No:  B/W 1/2     W:B       1:2           Time        Value Moves Dep 1:2       1-2-Draws
   5 W 1    1.0:0.0        4.0:1.0       3:35:40 PM   +12.80    22 4.238 :3.500  4-1-0

--------------------------------------------------------------

Engine-Match Saturday, August 23, 2025 3:35:41 PM
 Blitz 5/5 

Pairing 3/10 :    C0BR4_v2.1  -  SlowMate_v3.0

PGN-File: C:\Program Files (x86)\Arena\Tournaments\Engine Battle 20250823.pgn

No:  B/W 1/2     W:B       1:2           Time        Value Moves Dep 1:2       1-2-Draws
   5 B 2    1.5:0.5        0.5:4.5       3:38:58 PM  -195.45    19 4.000 :3.737  0-4-1

--------------------------------------------------------------

Engine-Match Saturday, August 23, 2025 3:39:00 PM
 Blitz 5/5 

Pairing 5/10 :    V7P3R_v7.0  -  V7P3R_v6.1

PGN-File: C:\Program Files (x86)\Arena\Tournaments\Engine Battle 20250823.pgn

No:  B/W 1/2     W:B       1:2           Time        Value Moves Dep 1:2       1-2-Draws
   5 W 1    1.0:0.0        4.0:1.0       3:46:38 PM   +32.00    18 5.938 :3.333  4-1-0

--------------------------------------------------------------

Engine-Match Saturday, August 23, 2025 3:46:40 PM
 Blitz 5/5 

Pairing 6/10 :    C0BR4_v2.0  -  C0BR4_v2.1

PGN-File: C:\Program Files (x86)\Arena\Tournaments\Engine Battle 20250823.pgn

No:  B/W 1/2     W:B       1:2           Time        Value Moves Dep 1:2       1-2-Draws
   5 = =    2.0:2.0        2.0:3.0       3:47:07 PM    +2.81    48 4.000 :4.000  0-1-4

--------------------------------------------------------------

Engine-Match Saturday, August 23, 2025 3:47:08 PM
 Blitz 5/5 

Pairing 8/10 :    C0BR4_v2.1  -  V7P3R_v7.0

PGN-File: C:\Program Files (x86)\Arena\Tournaments\Engine Battle 20250823.pgn

No:  B/W 1/2     W:B       1:2           Time        Value Moves Dep 1:2       1-2-Draws
   5 B 2    1.0:0.0        0.0:5.0       3:49:10 PM   +95.00     6 4.000 :5.857  0-5-0

--------------------------------------------------------------

Engine-Match Saturday, August 23, 2025 3:49:12 PM
 Blitz 5/5 

Pairing 9/10 :    V7P3R_v6.1  -  C0BR4_v2.1

PGN-File: C:\Program Files (x86)\Arena\Tournaments\Engine Battle 20250823.pgn

No:  B/W 1/2     W:B       1:2           Time        Value Moves Dep 1:2       1-2-Draws
   5 B 2    1.0:0.0        3.0:2.0       3:52:44 PM   -19.11    18 3.444 :4.000  3-2-0

--------------------------------------------------------------

Engine-Match Saturday, August 23, 2025 3:52:45 PM
 Blitz 5/5 

Pairing 10/10 :    V7P3R_v7.0  -  SlowMate_v3.0

PGN-File: C:\Program Files (x86)\Arena\Tournaments\Engine Battle 20250823.pgn

No:  B/W 1/2     W:B       1:2           Time        Value Moves Dep 1:2       1-2-Draws
   5 W 1    1.0:0.0        4.0:1.0       3:59:41 PM    +M500    20 5.500 :3.789  4-1-0

--------------------------------------------------------------

Engine-Match Saturday, August 23, 2025 3:59:42 PM
 Blitz 5/5 

Pairing 1/10 :    C0BR4_v2.0  -  V7P3R_v7.0

PGN-File: C:\Program Files (x86)\Arena\Tournaments\Engine Battle 20250823.pgn

No:  B/W 1/2     W:B       1:2           Time        Value Moves Dep 1:2       1-2-Draws
   6 W 2    1.0:0.0        0.0:6.0       4:07:55 PM   +16.88    49 4.000 :5.429  0-6-0

--------------------------------------------------------------

Engine-Match Saturday, August 23, 2025 4:07:56 PM
 Blitz 5/5 

Pairing 2/10 :    SlowMate_v3.0  -  V7P3R_v6.1

PGN-File: C:\Program Files (x86)\Arena\Tournaments\Engine Battle 20250823.pgn

No:  B/W 1/2     W:B       1:2           Time        Value Moves Dep 1:2       1-2-Draws
   6 B 1    1.0:0.0        5.0:1.0       4:13:04 PM   -41.70    14 4.077 :3.429  5-1-0

--------------------------------------------------------------

Engine-Match Saturday, August 23, 2025 4:13:05 PM
 Blitz 5/5 

Pairing 3/10 :    C0BR4_v2.1  -  SlowMate_v3.0

PGN-File: C:\Program Files (x86)\Arena\Tournaments\Engine Battle 20250823.pgn

No:  B/W 1/2     W:B       1:2           Time        Value Moves Dep 1:2       1-2-Draws
   6 = =    1.0:1.0        1.0:5.0       4:16:48 PM    +1.06    22 4.000 :3.909  0-4-2

--------------------------------------------------------------

Engine-Match Saturday, August 23, 2025 4:16:49 PM
 Blitz 5/5 

Pairing 4/10 :    V7P3R_v6.1  -  C0BR4_v2.0

PGN-File: C:\Program Files (x86)\Arena\Tournaments\Engine Battle 20250823.pgn

No:  B/W 1/2     W:B       1:2           Time        Value Moves Dep 1:2       1-2-Draws
   6 B 1    1.0:0.0        2.0:4.0       4:21:56 PM   +27.59    22 3.261 :4.000  2-4-0

--------------------------------------------------------------

Engine-Match Saturday, August 23, 2025 4:21:57 PM
 Blitz 5/5 

Pairing 5/10 :    V7P3R_v7.0  -  V7P3R_v6.1

PGN-File: C:\Program Files (x86)\Arena\Tournaments\Engine Battle 20250823.pgn

No:  B/W 1/2     W:B       1:2           Time        Value Moves Dep 1:2       1-2-Draws
   6 B 1    1.0:0.0        5.0:1.0       4:27:30 PM   -25.27    15 5.857 :3.200  5-1-0

--------------------------------------------------------------

Engine-Match Saturday, August 23, 2025 4:27:31 PM
 Blitz 5/5 

Pairing 6/10 :    C0BR4_v2.0  -  C0BR4_v2.1

PGN-File: C:\Program Files (x86)\Arena\Tournaments\Engine Battle 20250823.pgn

No:  B/W 1/2     W:B       1:2           Time        Value Moves Dep 1:2       1-2-Draws
   6 = =    2.5:2.5        2.5:3.5       4:28:02 PM    -0.40    37 4.000 :4.000  0-1-5

--------------------------------------------------------------

Engine-Match Saturday, August 23, 2025 4:28:03 PM
 Blitz 5/5 

Pairing 7/10 :    SlowMate_v3.0  -  C0BR4_v2.0

PGN-File: C:\Program Files (x86)\Arena\Tournaments\Engine Battle 20250823.pgn

No:  B/W 1/2     W:B       1:2           Time        Value Moves Dep 1:2       1-2-Draws
   6 B 1    2.0:1.0        4.0:2.0       4:33:11 PM  -139.11    32 3.938 :4.000  3-1-2

--------------------------------------------------------------

Engine-Match Saturday, August 23, 2025 4:33:12 PM
 Blitz 5/5 

Pairing 8/10 :    C0BR4_v2.1  -  V7P3R_v7.0

PGN-File: C:\Program Files (x86)\Arena\Tournaments\Engine Battle 20250823.pgn

No:  B/W 1/2     W:B       1:2           Time        Value Moves Dep 1:2       1-2-Draws
   6 W 2    1.0:0.0        0.0:6.0       4:42:22 PM   +11.90    57 4.000 :5.519  0-6-0

--------------------------------------------------------------

Engine-Match Saturday, August 23, 2025 4:42:23 PM
 Blitz 5/5 

Pairing 9/10 :    V7P3R_v6.1  -  C0BR4_v2.1

PGN-File: C:\Program Files (x86)\Arena\Tournaments\Engine Battle 20250823.pgn

No:  B/W 1/2     W:B       1:2           Time        Value Moves Dep 1:2       1-2-Draws
   6 B 1    1.0:0.0        4.0:2.0       4:47:30 PM   +27.59    22 3.261 :4.000  4-2-0

--------------------------------------------------------------

Engine-Match Saturday, August 23, 2025 4:47:31 PM
 Blitz 5/5 

Pairing 10/10 :    V7P3R_v7.0  -  SlowMate_v3.0

PGN-File: C:\Program Files (x86)\Arena\Tournaments\Engine Battle 20250823.pgn

No:  B/W 1/2     W:B       1:2           Time        Value Moves Dep 1:2       1-2-Draws
   6 B 1    1.0:0.0        5.0:1.0       4:55:13 PM    -M500    22 5.409 :3.682  5-1-0

--------------------------------------------------------------

Engine-Match Saturday, August 23, 2025 4:55:14 PM
 Blitz 5/5 

Pairing 1/10 :    C0BR4_v2.0  -  V7P3R_v7.0

PGN-File: C:\Program Files (x86)\Arena\Tournaments\Engine Battle 20250823.pgn

No:  B/W 1/2     W:B       1:2           Time        Value Moves Dep 1:2       1-2-Draws
   7 B 2    1.0:0.0        0.0:7.0       4:58:15 PM  -123.00    14 4.000 :5.533  0-7-0

--------------------------------------------------------------

Engine-Match Saturday, August 23, 2025 4:58:21 PM
 Blitz 5/5 

Pairing 2/10 :    SlowMate_v3.0  -  V7P3R_v6.1

PGN-File: C:\Program Files (x86)\Arena\Tournaments\Engine Battle 20250823.pgn

No:  B/W 1/2     W:B       1:2           Time        Value Moves Dep 1:2       1-2-Draws
   7 W 1    1.0:0.0        6.0:1.0       5:06:23 PM   +12.97    22 4.238 :3.500  6-1-0

--------------------------------------------------------------

Engine-Match Saturday, August 23, 2025 5:06:25 PM
 Blitz 5/5 

Pairing 3/10 :    C0BR4_v2.1  -  SlowMate_v3.0

PGN-File: C:\Program Files (x86)\Arena\Tournaments\Engine Battle 20250823.pgn

No:  B/W 1/2     W:B       1:2           Time        Value Moves Dep 1:2       1-2-Draws
   7 = =    1.5:1.5        1.5:5.5       5:09:09 PM    +2.49    17 4.000 :4.813  0-4-3

--------------------------------------------------------------

Engine-Match Saturday, August 23, 2025 5:09:10 PM
 Blitz 5/5 

Pairing 4/10 :    V7P3R_v6.1  -  C0BR4_v2.0

PGN-File: C:\Program Files (x86)\Arena\Tournaments\Engine Battle 20250823.pgn

No:  B/W 1/2     W:B       1:2           Time        Value Moves Dep 1:2       1-2-Draws
   7 = =    0.5:0.5        2.5:4.5       5:15:00 PM   -13.80    30 3.222 :4.000  2-4-1

--------------------------------------------------------------

Engine-Match Saturday, August 23, 2025 5:15:01 PM
 Blitz 5/5 

Pairing 5/10 :    V7P3R_v7.0  -  V7P3R_v6.1

PGN-File: C:\Program Files (x86)\Arena\Tournaments\Engine Battle 20250823.pgn

No:  B/W 1/2     W:B       1:2           Time        Value Moves Dep 1:2       1-2-Draws
   7 W 1    1.0:0.0        6.0:1.0       5:22:41 PM   +32.00    18 5.938 :3.333  6-1-0

--------------------------------------------------------------

Engine-Match Saturday, August 23, 2025 5:22:42 PM
 Blitz 5/5 

Pairing 6/10 :    C0BR4_v2.0  -  C0BR4_v2.1

PGN-File: C:\Program Files (x86)\Arena\Tournaments\Engine Battle 20250823.pgn

No:  B/W 1/2     W:B       1:2           Time        Value Moves Dep 1:2       1-2-Draws
   7 B 2    3.5:2.5        2.5:4.5       5:23:04 PM   -13.54    33 4.000 :4.000  0-2-5

--------------------------------------------------------------

Engine-Match Saturday, August 23, 2025 5:23:05 PM
 Blitz 5/5 

Pairing 7/10 :    SlowMate_v3.0  -  C0BR4_v2.0

PGN-File: C:\Program Files (x86)\Arena\Tournaments\Engine Battle 20250823.pgn

No:  B/W 1/2     W:B       1:2           Time        Value Moves Dep 1:2       1-2-Draws
   7 W 1    2.0:1.0        5.0:2.0       5:27:33 PM   -12.44    27 3.857 :4.000  4-1-2

--------------------------------------------------------------

Engine-Match Saturday, August 23, 2025 5:27:34 PM
 Blitz 5/5 

Pairing 8/10 :    C0BR4_v2.1  -  V7P3R_v7.0

PGN-File: C:\Program Files (x86)\Arena\Tournaments\Engine Battle 20250823.pgn

No:  B/W 1/2     W:B       1:2           Time        Value Moves Dep 1:2       1-2-Draws
   7 B 2    1.0:0.0        0.0:7.0       5:30:07 PM  -200.00     8 4.000 :5.778  0-7-0

--------------------------------------------------------------

Engine-Match Saturday, August 23, 2025 5:30:08 PM
 Blitz 5/5 

Pairing 9/10 :    V7P3R_v6.1  -  C0BR4_v2.1

PGN-File: C:\Program Files (x86)\Arena\Tournaments\Engine Battle 20250823.pgn

No:  B/W 1/2     W:B       1:2           Time        Value Moves Dep 1:2       1-2-Draws
   7 B 2    1.0:0.0        4.0:3.0       5:33:41 PM   -19.11    18 3.444 :4.000  4-3-0

--------------------------------------------------------------

Engine-Match Saturday, August 23, 2025 5:33:42 PM
 Blitz 5/5 

Pairing 10/10 :    V7P3R_v7.0  -  SlowMate_v3.0

PGN-File: C:\Program Files (x86)\Arena\Tournaments\Engine Battle 20250823.pgn

No:  B/W 1/2     W:B       1:2           Time        Value Moves Dep 1:2       1-2-Draws
   7 W 1    1.0:0.0        6.0:1.0       5:40:36 PM    +M500    20 5.500 :3.789  6-1-0

--------------------------------------------------------------

Engine-Match Saturday, August 23, 2025 5:40:37 PM
 Blitz 5/5 

Pairing 1/10 :    C0BR4_v2.0  -  V7P3R_v7.0

PGN-File: C:\Program Files (x86)\Arena\Tournaments\Engine Battle 20250823.pgn

No:  B/W 1/2     W:B       1:2           Time        Value Moves Dep 1:2       1-2-Draws
   8 W 2    1.0:0.0        0.0:8.0       5:45:35 PM   +18.67    22 4.000 :5.636  0-8-0

--------------------------------------------------------------

Engine-Match Saturday, August 23, 2025 5:45:37 PM
 Blitz 5/5 

Pairing 2/10 :    SlowMate_v3.0  -  V7P3R_v6.1

PGN-File: C:\Program Files (x86)\Arena\Tournaments\Engine Battle 20250823.pgn

No:  B/W 1/2     W:B       1:2           Time        Value Moves Dep 1:2       1-2-Draws
   8 B 1    1.0:0.0        7.0:1.0       5:50:44 PM   -41.70    14 4.077 :3.429  7-1-0

--------------------------------------------------------------

Engine-Match Saturday, August 23, 2025 5:50:45 PM
 Blitz 5/5 

Pairing 3/10 :    C0BR4_v2.1  -  SlowMate_v3.0

PGN-File: C:\Program Files (x86)\Arena\Tournaments\Engine Battle 20250823.pgn

No:  B/W 1/2     W:B       1:2           Time        Value Moves Dep 1:2       1-2-Draws
   8 W 2    2.5:1.5        1.5:6.5       5:54:12 PM    +7.89    20 4.000 :3.952  0-5-3

--------------------------------------------------------------

Engine-Match Saturday, August 23, 2025 5:54:13 PM
 Blitz 5/5 

Pairing 4/10 :    V7P3R_v6.1  -  C0BR4_v2.0

PGN-File: C:\Program Files (x86)\Arena\Tournaments\Engine Battle 20250823.pgn

No:  B/W 1/2     W:B       1:2           Time        Value Moves Dep 1:2       1-2-Draws
   8 B 1    1.5:0.5        3.5:4.5       5:59:20 PM   +27.59    22 3.261 :4.000  3-4-1

--------------------------------------------------------------

Engine-Match Saturday, August 23, 2025 5:59:21 PM
 Blitz 5/5 

Pairing 5/10 :    V7P3R_v7.0  -  V7P3R_v6.1

PGN-File: C:\Program Files (x86)\Arena\Tournaments\Engine Battle 20250823.pgn

No:  B/W 1/2     W:B       1:2           Time        Value Moves Dep 1:2       1-2-Draws
   8 B 1    1.0:0.0        7.0:1.0       6:04:53 PM   -25.27    15 5.857 :3.200  7-1-0

--------------------------------------------------------------

Engine-Match Saturday, August 23, 2025 6:04:54 PM
 Blitz 5/5 

Pairing 6/10 :    C0BR4_v2.0  -  C0BR4_v2.1

PGN-File: C:\Program Files (x86)\Arena\Tournaments\Engine Battle 20250823.pgn

No:  B/W 1/2     W:B       1:2           Time        Value Moves Dep 1:2       1-2-Draws
   8 = =    3.0:3.0        3.0:5.0       6:05:20 PM    -5.51    37 4.000 :4.000  0-2-6

--------------------------------------------------------------

Engine-Match Saturday, August 23, 2025 6:05:22 PM
 Blitz 5/5 

Pairing 7/10 :    SlowMate_v3.0  -  C0BR4_v2.0

PGN-File: C:\Program Files (x86)\Arena\Tournaments\Engine Battle 20250823.pgn

No:  B/W 1/2     W:B       1:2           Time        Value Moves Dep 1:2       1-2-Draws
   8 B 1    2.0:1.0        6.0:2.0       6:10:29 PM  -137.97    32 3.938 :4.000  5-1-2

--------------------------------------------------------------

Engine-Match Saturday, August 23, 2025 6:10:30 PM
 Blitz 5/5 

Pairing 8/10 :    C0BR4_v2.1  -  V7P3R_v7.0

PGN-File: C:\Program Files (x86)\Arena\Tournaments\Engine Battle 20250823.pgn

No:  B/W 1/2     W:B       1:2           Time        Value Moves Dep 1:2       1-2-Draws
   8 B 1    1.0:0.0        1.0:7.0       6:12:26 PM   -10.00     5 4.000 :6.000  1-7-0

--------------------------------------------------------------

Engine-Match Saturday, August 23, 2025 6:12:27 PM
 Blitz 5/5 

Pairing 9/10 :    V7P3R_v6.1  -  C0BR4_v2.1

PGN-File: C:\Program Files (x86)\Arena\Tournaments\Engine Battle 20250823.pgn

No:  B/W 1/2     W:B       1:2           Time        Value Moves Dep 1:2       1-2-Draws
   8 W 2    1.0:0.0        4.0:4.0       6:15:30 PM   +38.96    13 3.154 :4.000  4-4-0

--------------------------------------------------------------

Engine-Match Saturday, August 23, 2025 6:15:31 PM
 Blitz 5/5 

Pairing 10/10 :    V7P3R_v7.0  -  SlowMate_v3.0

PGN-File: C:\Program Files (x86)\Arena\Tournaments\Engine Battle 20250823.pgn

No:  B/W 1/2     W:B       1:2           Time        Value Moves Dep 1:2       1-2-Draws
   8 B 1    1.0:0.0        7.0:1.0       6:23:14 PM    -M500    22 5.409 :3.682  7-1-0

--------------------------------------------------------------

Engine-Match Saturday, August 23, 2025 6:23:16 PM
 Blitz 5/5 

Pairing 1/10 :    C0BR4_v2.0  -  V7P3R_v7.0

PGN-File: C:\Program Files (x86)\Arena\Tournaments\Engine Battle 20250823.pgn

No:  B/W 1/2     W:B       1:2           Time        Value Moves Dep 1:2       1-2-Draws
   9 B 2    1.0:0.0        0.0:9.0       6:25:17 PM   +95.00     6 4.000 :5.857  0-9-0

--------------------------------------------------------------

Engine-Match Saturday, August 23, 2025 6:25:23 PM
 Blitz 5/5 

Pairing 2/10 :    SlowMate_v3.0  -  V7P3R_v6.1

PGN-File: C:\Program Files (x86)\Arena\Tournaments\Engine Battle 20250823.pgn

No:  B/W 1/2     W:B       1:2           Time        Value Moves Dep 1:2       1-2-Draws
   9 W 1    1.0:0.0        8.0:1.0       6:33:25 PM   +12.80    22 4.238 :3.500  8-1-0

--------------------------------------------------------------

Engine-Match Saturday, August 23, 2025 6:33:27 PM
 Blitz 5/5 

Pairing 3/10 :    C0BR4_v2.1  -  SlowMate_v3.0

PGN-File: C:\Program Files (x86)\Arena\Tournaments\Engine Battle 20250823.pgn

No:  B/W 1/2     W:B       1:2           Time        Value Moves Dep 1:2       1-2-Draws
   9 B 2    2.5:1.5        1.5:7.5       6:36:44 PM  -195.45    19 4.000 :3.737  0-6-3

--------------------------------------------------------------

Engine-Match Saturday, August 23, 2025 6:36:45 PM
 Blitz 5/5 

Pairing 4/10 :    V7P3R_v6.1  -  C0BR4_v2.0

PGN-File: C:\Program Files (x86)\Arena\Tournaments\Engine Battle 20250823.pgn

No:  B/W 1/2     W:B       1:2           Time        Value Moves Dep 1:2       1-2-Draws
   9 W 1    1.5:0.5        4.5:4.5       6:39:40 PM   +14.83    13 3.071 :4.000  4-4-1

--------------------------------------------------------------

Engine-Match Saturday, August 23, 2025 6:39:42 PM
 Blitz 5/5 

Pairing 5/10 :    V7P3R_v7.0  -  V7P3R_v6.1

PGN-File: C:\Program Files (x86)\Arena\Tournaments\Engine Battle 20250823.pgn

No:  B/W 1/2     W:B       1:2           Time        Value Moves Dep 1:2       1-2-Draws
   9 W 1    1.0:0.0        8.0:1.0       6:47:23 PM   +32.00    18 5.938 :3.333  8-1-0

--------------------------------------------------------------

Engine-Match Saturday, August 23, 2025 6:47:24 PM
 Blitz 5/5 

Pairing 6/10 :    C0BR4_v2.0  -  C0BR4_v2.1

PGN-File: C:\Program Files (x86)\Arena\Tournaments\Engine Battle 20250823.pgn

No:  B/W 1/2     W:B       1:2           Time        Value Moves Dep 1:2       1-2-Draws
   9 W 1    4.0:3.0        4.0:5.0       6:47:42 PM   +10.18    28 4.000 :4.000  1-2-6

--------------------------------------------------------------

Engine-Match Saturday, August 23, 2025 6:47:43 PM
 Blitz 5/5 

Pairing 7/10 :    SlowMate_v3.0  -  C0BR4_v2.0

PGN-File: C:\Program Files (x86)\Arena\Tournaments\Engine Battle 20250823.pgn

No:  B/W 1/2     W:B       1:2           Time        Value Moves Dep 1:2       1-2-Draws
   9 = =    1.5:1.5        6.5:2.5       6:53:21 PM    +1.52    36 4.133 :4.000  5-1-3

--------------------------------------------------------------

Engine-Match Saturday, August 23, 2025 6:53:22 PM
 Blitz 5/5 

Pairing 8/10 :    C0BR4_v2.1  -  V7P3R_v7.0

PGN-File: C:\Program Files (x86)\Arena\Tournaments\Engine Battle 20250823.pgn

No:  B/W 1/2     W:B       1:2           Time        Value Moves Dep 1:2       1-2-Draws
   9 B 2    1.0:0.0        1.0:8.0       6:54:40 PM   +95.00     6 4.000 :5.714  1-8-0

--------------------------------------------------------------

Engine-Match Saturday, August 23, 2025 6:54:41 PM
 Blitz 5/5 

Pairing 9/10 :    V7P3R_v6.1  -  C0BR4_v2.1

PGN-File: C:\Program Files (x86)\Arena\Tournaments\Engine Battle 20250823.pgn

No:  B/W 1/2     W:B       1:2           Time        Value Moves Dep 1:2       1-2-Draws
   9 B 2    1.0:0.0        4.0:5.0       6:58:13 PM   -19.11    18 3.444 :4.000  4-5-0

--------------------------------------------------------------

Engine-Match Saturday, August 23, 2025 6:58:14 PM
 Blitz 5/5 

Pairing 10/10 :    V7P3R_v7.0  -  SlowMate_v3.0

PGN-File: C:\Program Files (x86)\Arena\Tournaments\Engine Battle 20250823.pgn

No:  B/W 1/2     W:B       1:2           Time        Value Moves Dep 1:2       1-2-Draws
   9 W 1    1.0:0.0        8.0:1.0       7:05:06 PM    +M500    20 5.500 :3.789  8-1-0

--------------------------------------------------------------

Engine-Match Saturday, August 23, 2025 7:05:08 PM
 Blitz 5/5 

Pairing 1/10 :    C0BR4_v2.0  -  V7P3R_v7.0

PGN-File: C:\Program Files (x86)\Arena\Tournaments\Engine Battle 20250823.pgn

No:  B/W 1/2     W:B       1:2           Time        Value Moves Dep 1:2       1-2-Draws
  10 W 2    1.0:0.0        0.0:10.0      7:10:05 PM   +18.67    22 4.000 :5.636  0-10-0

--------------------------------------------------------------

Engine-Match Saturday, August 23, 2025 7:10:06 PM
 Blitz 5/5 

Pairing 2/10 :    SlowMate_v3.0  -  V7P3R_v6.1

PGN-File: C:\Program Files (x86)\Arena\Tournaments\Engine Battle 20250823.pgn

No:  B/W 1/2     W:B       1:2           Time        Value Moves Dep 1:2       1-2-Draws
  10 B 1    1.0:0.0        9.0:1.0       7:15:14 PM   -41.70    14 4.077 :3.429  9-1-0

--------------------------------------------------------------

Engine-Match Saturday, August 23, 2025 7:15:15 PM
 Blitz 5/5 

Pairing 3/10 :    C0BR4_v2.1  -  SlowMate_v3.0

PGN-File: C:\Program Files (x86)\Arena\Tournaments\Engine Battle 20250823.pgn

No:  B/W 1/2     W:B       1:2           Time        Value Moves Dep 1:2       1-2-Draws
  10 W 2    2.5:1.5        1.5:8.5       7:19:16 PM    +2.74    24 4.000 :4.400  0-7-3

--------------------------------------------------------------

Engine-Match Saturday, August 23, 2025 7:19:18 PM
 Blitz 5/5 

Pairing 4/10 :    V7P3R_v6.1  -  C0BR4_v2.0

PGN-File: C:\Program Files (x86)\Arena\Tournaments\Engine Battle 20250823.pgn

No:  B/W 1/2     W:B       1:2           Time        Value Moves Dep 1:2       1-2-Draws
  10 B 1    1.5:0.5        5.5:4.5       7:19:59 PM   +25.04     4 3.600 :4.000  5-4-1

--------------------------------------------------------------

Engine-Match Saturday, August 23, 2025 7:20:00 PM
 Blitz 5/5 

Pairing 5/10 :    V7P3R_v7.0  -  V7P3R_v6.1

PGN-File: C:\Program Files (x86)\Arena\Tournaments\Engine Battle 20250823.pgn

No:  B/W 1/2     W:B       1:2           Time        Value Moves Dep 1:2       1-2-Draws
  10 B 1    1.0:0.0        9.0:1.0       7:25:32 PM   -25.27    15 5.857 :3.200  9-1-0

--------------------------------------------------------------

Engine-Match Saturday, August 23, 2025 7:25:33 PM
 Blitz 5/5 

Pairing 6/10 :    C0BR4_v2.0  -  C0BR4_v2.1

PGN-File: C:\Program Files (x86)\Arena\Tournaments\Engine Battle 20250823.pgn

No:  B/W 1/2     W:B       1:2           Time        Value Moves Dep 1:2       1-2-Draws
  10 = =    3.5:3.5        4.5:5.5       7:26:01 PM    +2.81    48 4.000 :4.000  1-2-7

--------------------------------------------------------------

Engine-Match Saturday, August 23, 2025 7:26:02 PM
 Blitz 5/5 

Pairing 7/10 :    SlowMate_v3.0  -  C0BR4_v2.0

PGN-File: C:\Program Files (x86)\Arena\Tournaments\Engine Battle 20250823.pgn

No:  B/W 1/2     W:B       1:2           Time        Value Moves Dep 1:2       1-2-Draws
  10 B 1    2.5:1.5        7.5:2.5       7:31:09 PM  -137.97    32 3.938 :4.000  6-1-3

--------------------------------------------------------------

Engine-Match Saturday, August 23, 2025 7:31:11 PM
 Blitz 5/5 

Pairing 8/10 :    C0BR4_v2.1  -  V7P3R_v7.0

PGN-File: C:\Program Files (x86)\Arena\Tournaments\Engine Battle 20250823.pgn

No:  B/W 1/2     W:B       1:2           Time        Value Moves Dep 1:2       1-2-Draws
  10 W 2    1.0:0.0        1.0:9.0       7:33:11 PM    +M500     9 4.000 :5.400  1-9-0

--------------------------------------------------------------

Engine-Match Saturday, August 23, 2025 7:33:12 PM
 Blitz 5/5 

Pairing 9/10 :    V7P3R_v6.1  -  C0BR4_v2.1

PGN-File: C:\Program Files (x86)\Arena\Tournaments\Engine Battle 20250823.pgn

No:  B/W 1/2     W:B       1:2           Time        Value Moves Dep 1:2       1-2-Draws
  10 W 2    1.0:0.0        4.0:6.0       7:35:13 PM   +31.74     9 3.222 :4.000  4-6-0

--------------------------------------------------------------

Engine-Match Saturday, August 23, 2025 7:35:14 PM
 Blitz 5/5 

Pairing 10/10 :    V7P3R_v7.0  -  SlowMate_v3.0

PGN-File: C:\Program Files (x86)\Arena\Tournaments\Engine Battle 20250823.pgn

No:  B/W 1/2     W:B       1:2           Time        Value Moves Dep 1:2       1-2-Draws
  10 B 1    1.0:0.0        9.0:1.0       7:42:56 PM    -M500    22 5.409 :3.682  9-1-0

--------------------------------------------------------------

Engine-Match Saturday, August 23, 2025 7:42:57 PM
 Blitz 5/5 

Pairing 1/10 :    C0BR4_v2.0  -  V7P3R_v7.0

PGN-File: C:\Program Files (x86)\Arena\Tournaments\Engine Battle 20250823.pgn

No:  B/W 1/2     W:B       1:2           Time        Value Moves Dep 1:2       1-2-Draws
  11 W 1    1.0:0.0        1.0:10.0      7:44:32 PM   +20.00     5 4.000 :6.000  1-10-0

--------------------------------------------------------------

Engine-Match Saturday, August 23, 2025 7:44:38 PM
 Blitz 5/5 

Pairing 2/10 :    SlowMate_v3.0  -  V7P3R_v6.1

PGN-File: C:\Program Files (x86)\Arena\Tournaments\Engine Battle 20250823.pgn

No:  B/W 1/2     W:B       1:2           Time        Value Moves Dep 1:2       1-2-Draws
  11 W 1    1.0:0.0        10.0:1.0      7:52:39 PM   +12.80    22 4.238 :3.500  10-1-0

--------------------------------------------------------------

Engine-Match Saturday, August 23, 2025 7:52:40 PM
 Blitz 5/5 

Pairing 3/10 :    C0BR4_v2.1  -  SlowMate_v3.0

PGN-File: C:\Program Files (x86)\Arena\Tournaments\Engine Battle 20250823.pgn

No:  B/W 1/2     W:B       1:2           Time        Value Moves Dep 1:2       1-2-Draws
  11 B 2    2.5:1.5        1.5:9.5       7:55:57 PM  -195.45    19 4.000 :3.737  0-8-3

--------------------------------------------------------------

Engine-Match Saturday, August 23, 2025 7:55:59 PM
 Blitz 5/5 

Pairing 4/10 :    V7P3R_v6.1  -  C0BR4_v2.0

PGN-File: C:\Program Files (x86)\Arena\Tournaments\Engine Battle 20250823.pgn

No:  B/W 1/2     W:B       1:2           Time        Value Moves Dep 1:2       1-2-Draws
  11 B 2    1.5:0.5        5.5:5.5       8:00:28 PM   -23.78    20 3.150 :4.000  5-5-1

--------------------------------------------------------------

Engine-Match Saturday, August 23, 2025 8:00:29 PM
 Blitz 5/5 

Pairing 5/10 :    V7P3R_v7.0  -  V7P3R_v6.1

PGN-File: C:\Program Files (x86)\Arena\Tournaments\Engine Battle 20250823.pgn

No:  B/W 1/2     W:B       1:2           Time        Value Moves Dep 1:2       1-2-Draws
  11 W 1    1.0:0.0        10.0:1.0      8:08:12 PM   +32.00    18 5.938 :3.333  10-1-0

--------------------------------------------------------------

Engine-Match Saturday, August 23, 2025 8:08:13 PM
 Blitz 5/5 

Pairing 6/10 :    C0BR4_v2.0  -  C0BR4_v2.1

PGN-File: C:\Program Files (x86)\Arena\Tournaments\Engine Battle 20250823.pgn

No:  B/W 1/2     W:B       1:2           Time        Value Moves Dep 1:2       1-2-Draws
  11 W 1    4.5:3.5        5.5:5.5       8:08:38 PM   +18.62    43 4.000 :4.000  2-2-7

--------------------------------------------------------------

Engine-Match Saturday, August 23, 2025 8:08:39 PM
 Blitz 5/5 

Pairing 7/10 :    SlowMate_v3.0  -  C0BR4_v2.0

PGN-File: C:\Program Files (x86)\Arena\Tournaments\Engine Battle 20250823.pgn

No:  B/W 1/2     W:B       1:2           Time        Value Moves Dep 1:2       1-2-Draws
  11 W 1    2.5:1.5        8.5:2.5       8:10:46 PM    -0.69    12 4.154 :4.000  7-1-3

--------------------------------------------------------------

Engine-Match Saturday, August 23, 2025 8:10:48 PM
 Blitz 5/5 

Pairing 8/10 :    C0BR4_v2.1  -  V7P3R_v7.0

PGN-File: C:\Program Files (x86)\Arena\Tournaments\Engine Battle 20250823.pgn

No:  B/W 1/2     W:B       1:2           Time        Value Moves Dep 1:2       1-2-Draws
  11 B 2    1.0:0.0        1.0:10.0      8:12:50 PM   +95.00     6 4.000 :5.857  1-10-0

--------------------------------------------------------------

Engine-Match Saturday, August 23, 2025 8:12:51 PM
 Blitz 5/5 

Pairing 9/10 :    V7P3R_v6.1  -  C0BR4_v2.1

PGN-File: C:\Program Files (x86)\Arena\Tournaments\Engine Battle 20250823.pgn

No:  B/W 1/2     W:B       1:2           Time        Value Moves Dep 1:2       1-2-Draws
  11 B 2    1.0:0.0        4.0:7.0       8:16:16 PM   -27.17    15 3.067 :4.000  4-7-0

--------------------------------------------------------------

Engine-Match Saturday, August 23, 2025 8:16:17 PM
 Blitz 5/5 

Pairing 10/10 :    V7P3R_v7.0  -  SlowMate_v3.0

PGN-File: C:\Program Files (x86)\Arena\Tournaments\Engine Battle 20250823.pgn

No:  B/W 1/2     W:B       1:2           Time        Value Moves Dep 1:2       1-2-Draws
  11 W 1    1.0:0.0        10.0:1.0      8:23:10 PM    +M500    20 5.500 :3.789  10-1-0

--------------------------------------------------------------

Engine-Match Saturday, August 23, 2025 8:23:11 PM
 Blitz 5/5 

Pairing 1/10 :    C0BR4_v2.0  -  V7P3R_v7.0

PGN-File: C:\Program Files (x86)\Arena\Tournaments\Engine Battle 20250823.pgn

No:  B/W 1/2     W:B       1:2           Time        Value Moves Dep 1:2       1-2-Draws
  12 B 1    1.0:0.0        2.0:10.0      8:26:00 PM  -171.00    12 4.000 :5.583  2-10-0

--------------------------------------------------------------

Engine-Match Saturday, August 23, 2025 8:26:02 PM
 Blitz 5/5 

Pairing 2/10 :    SlowMate_v3.0  -  V7P3R_v6.1

PGN-File: C:\Program Files (x86)\Arena\Tournaments\Engine Battle 20250823.pgn

No:  B/W 1/2     W:B       1:2           Time        Value Moves Dep 1:2       1-2-Draws
  12 B 1    1.0:0.0        11.0:1.0      8:31:09 PM   -41.70    14 4.077 :3.429  11-1-0

--------------------------------------------------------------

Engine-Match Saturday, August 23, 2025 8:31:10 PM
 Blitz 5/5 

Pairing 3/10 :    C0BR4_v2.1  -  SlowMate_v3.0

PGN-File: C:\Program Files (x86)\Arena\Tournaments\Engine Battle 20250823.pgn

No:  B/W 1/2     W:B       1:2           Time        Value Moves Dep 1:2       1-2-Draws
  12 = =    2.0:2.0        2.0:10.0      8:36:48 PM    +1.52    36 4.000 :4.133  0-8-4

--------------------------------------------------------------

Engine-Match Saturday, August 23, 2025 8:36:49 PM
 Blitz 5/5 

Pairing 4/10 :    V7P3R_v6.1  -  C0BR4_v2.0

PGN-File: C:\Program Files (x86)\Arena\Tournaments\Engine Battle 20250823.pgn

No:  B/W 1/2     W:B       1:2           Time        Value Moves Dep 1:2       1-2-Draws
  12 W 2    1.5:0.5        5.5:6.5       8:38:45 PM    +M500     9 3.222 :4.000  5-6-1

--------------------------------------------------------------

Engine-Match Saturday, August 23, 2025 8:38:47 PM
 Blitz 5/5 

Pairing 5/10 :    V7P3R_v7.0  -  V7P3R_v6.1

PGN-File: C:\Program Files (x86)\Arena\Tournaments\Engine Battle 20250823.pgn

No:  B/W 1/2     W:B       1:2           Time        Value Moves Dep 1:2       1-2-Draws
  12 B 1    1.0:0.0        11.0:1.0      8:44:19 PM   -25.27    15 5.857 :3.200  11-1-0

--------------------------------------------------------------

Engine-Match Saturday, August 23, 2025 8:44:20 PM
 Blitz 5/5 

Pairing 6/10 :    C0BR4_v2.0  -  C0BR4_v2.1

PGN-File: C:\Program Files (x86)\Arena\Tournaments\Engine Battle 20250823.pgn

No:  B/W 1/2     W:B       1:2           Time        Value Moves Dep 1:2       1-2-Draws
  12 = =    4.0:4.0        6.0:6.0       8:44:34 PM    +2.19    16 4.000 :4.000  2-2-8

--------------------------------------------------------------

Engine-Match Saturday, August 23, 2025 8:44:36 PM
 Blitz 5/5 

Pairing 7/10 :    SlowMate_v3.0  -  C0BR4_v2.0

PGN-File: C:\Program Files (x86)\Arena\Tournaments\Engine Battle 20250823.pgn

No:  B/W 1/2     W:B       1:2           Time        Value Moves Dep 1:2       1-2-Draws
  12 B 1    2.5:1.5        9.5:2.5       8:50:31 PM   -10.83    39 4.294 :4.000  8-1-3

--------------------------------------------------------------

Engine-Match Saturday, August 23, 2025 8:50:32 PM
 Blitz 5/5 

Pairing 8/10 :    C0BR4_v2.1  -  V7P3R_v7.0

PGN-File: C:\Program Files (x86)\Arena\Tournaments\Engine Battle 20250823.pgn

No:  B/W 1/2     W:B       1:2           Time        Value Moves Dep 1:2       1-2-Draws
  12 W 2    1.0:0.0        1.0:11.0      8:54:25 PM   +12.43    21 4.000 :5.476  1-11-0

--------------------------------------------------------------

Engine-Match Saturday, August 23, 2025 8:54:27 PM
 Blitz 5/5 

Pairing 9/10 :    V7P3R_v6.1  -  C0BR4_v2.1

PGN-File: C:\Program Files (x86)\Arena\Tournaments\Engine Battle 20250823.pgn

No:  B/W 1/2     W:B       1:2           Time        Value Moves Dep 1:2       1-2-Draws
  12 W 2    1.0:0.0        4.0:8.0       8:56:31 PM   +21.91    11 3.545 :4.000  4-8-0

--------------------------------------------------------------

Engine-Match Saturday, August 23, 2025 8:56:32 PM
 Blitz 5/5 

Pairing 10/10 :    V7P3R_v7.0  -  SlowMate_v3.0

PGN-File: C:\Program Files (x86)\Arena\Tournaments\Engine Battle 20250823.pgn

No:  B/W 1/2     W:B       1:2           Time        Value Moves Dep 1:2       1-2-Draws
  12 = =    0.5:0.5        10.5:1.5      9:06:22 PM    -3.69    31 5.400 :3.710  10-1-1

--------------------------------------------------------------

Engine-Match Saturday, August 23, 2025 9:06:23 PM
 Blitz 5/5 

Pairing 1/10 :    C0BR4_v2.0  -  V7P3R_v7.0

PGN-File: C:\Program Files (x86)\Arena\Tournaments\Engine Battle 20250823.pgn

No:  B/W 1/2     W:B       1:2           Time        Value Moves Dep 1:2       1-2-Draws
  13 B 2    1.0:0.0        2.0:11.0      9:08:21 PM  -193.00    12 4.000 :5.231  2-11-0

--------------------------------------------------------------

Engine-Match Saturday, August 23, 2025 9:08:28 PM
 Blitz 5/5 

Pairing 2/10 :    SlowMate_v3.0  -  V7P3R_v6.1

PGN-File: C:\Program Files (x86)\Arena\Tournaments\Engine Battle 20250823.pgn

No:  B/W 1/2     W:B       1:2           Time        Value Moves Dep 1:2       1-2-Draws
  13 W 1    1.0:0.0        12.0:1.0      9:12:46 PM   +45.94    11 3.636 :3.182  12-1-0

--------------------------------------------------------------

Engine-Match Saturday, August 23, 2025 9:12:47 PM
 Blitz 5/5 

Pairing 3/10 :    C0BR4_v2.1  -  SlowMate_v3.0

PGN-File: C:\Program Files (x86)\Arena\Tournaments\Engine Battle 20250823.pgn

No:  B/W 1/2     W:B       1:2           Time        Value Moves Dep 1:2       1-2-Draws
  13 = =    2.5:2.5        2.5:10.5      9:17:28 PM    +7.99    30 4.000 :4.552  0-8-5

--------------------------------------------------------------

Engine-Match Saturday, August 23, 2025 9:17:30 PM
 Blitz 5/5 

Pairing 4/10 :    V7P3R_v6.1  -  C0BR4_v2.0

PGN-File: C:\Program Files (x86)\Arena\Tournaments\Engine Battle 20250823.pgn

No:  B/W 1/2     W:B       1:2           Time        Value Moves Dep 1:2       1-2-Draws
  13 B 2    1.5:0.5        5.5:7.5       9:22:59 PM   -29.44    23 3.174 :4.000  5-7-1

--------------------------------------------------------------

Engine-Match Saturday, August 23, 2025 9:23:00 PM
 Blitz 5/5 

Pairing 5/10 :    V7P3R_v7.0  -  V7P3R_v6.1

PGN-File: C:\Program Files (x86)\Arena\Tournaments\Engine Battle 20250823.pgn

No:  B/W 1/2     W:B       1:2           Time        Value Moves Dep 1:2       1-2-Draws
  13 W 1    1.0:0.0        12.0:1.0      9:30:40 PM   +32.00    18 5.938 :3.333  12-1-0

--------------------------------------------------------------

Engine-Match Saturday, August 23, 2025 9:30:42 PM
 Blitz 5/5 

Pairing 6/10 :    C0BR4_v2.0  -  C0BR4_v2.1

PGN-File: C:\Program Files (x86)\Arena\Tournaments\Engine Battle 20250823.pgn

No:  B/W 1/2     W:B       1:2           Time        Value Moves Dep 1:2       1-2-Draws
  13 = =    4.5:4.5        6.5:6.5       9:30:58 PM    +4.90    24 4.000 :4.000  2-2-9

--------------------------------------------------------------

Engine-Match Saturday, August 23, 2025 9:31:00 PM
 Blitz 5/5 

Pairing 7/10 :    SlowMate_v3.0  -  C0BR4_v2.0

PGN-File: C:\Program Files (x86)\Arena\Tournaments\Engine Battle 20250823.pgn

No:  B/W 1/2     W:B       1:2           Time        Value Moves Dep 1:2       1-2-Draws
  13 W 1    2.5:1.5        10.5:2.5      9:35:06 PM    +2.74    24 4.350 :4.000  9-1-3

--------------------------------------------------------------

Engine-Match Saturday, August 23, 2025 9:35:07 PM
 Blitz 5/5 

Pairing 8/10 :    C0BR4_v2.1  -  V7P3R_v7.0

PGN-File: C:\Program Files (x86)\Arena\Tournaments\Engine Battle 20250823.pgn

No:  B/W 1/2     W:B       1:2           Time        Value Moves Dep 1:2       1-2-Draws
  13 B 2    1.0:0.0        1.0:12.0      9:36:03 PM   -20.00     5 4.000 :6.000  1-12-0

--------------------------------------------------------------

Engine-Match Saturday, August 23, 2025 9:36:04 PM
 Blitz 5/5 

Pairing 9/10 :    V7P3R_v6.1  -  C0BR4_v2.1

PGN-File: C:\Program Files (x86)\Arena\Tournaments\Engine Battle 20250823.pgn

No:  B/W 1/2     W:B       1:2           Time        Value Moves Dep 1:2       1-2-Draws
  13 W 1    1.0:0.0        5.0:8.0       9:38:02 PM   +23.39     8 3.000 :4.000  5-8-0

--------------------------------------------------------------

Engine-Match Saturday, August 23, 2025 9:38:03 PM
 Blitz 5/5 

Pairing 10/10 :    V7P3R_v7.0  -  SlowMate_v3.0

PGN-File: C:\Program Files (x86)\Arena\Tournaments\Engine Battle 20250823.pgn

No:  B/W 1/2     W:B       1:2           Time        Value Moves Dep 1:2       1-2-Draws
  13 W 1    1.5:0.5        11.5:1.5      9:45:06 PM    +M500    20 5.500 :3.789  11-1-1

--------------------------------------------------------------

Engine-Match Saturday, August 23, 2025 9:45:07 PM
 Blitz 5/5 

Pairing 1/10 :    C0BR4_v2.0  -  V7P3R_v7.0

PGN-File: C:\Program Files (x86)\Arena\Tournaments\Engine Battle 20250823.pgn

No:  B/W 1/2     W:B       1:2           Time        Value Moves Dep 1:2       1-2-Draws
  14 W 2    1.0:0.0        2.0:12.0      9:52:05 PM    +M500    35 4.000 :5.583  2-12-0

--------------------------------------------------------------

Engine-Match Saturday, August 23, 2025 9:52:06 PM
 Blitz 5/5 

Pairing 2/10 :    SlowMate_v3.0  -  V7P3R_v6.1

PGN-File: C:\Program Files (x86)\Arena\Tournaments\Engine Battle 20250823.pgn

No:  B/W 1/2     W:B       1:2           Time        Value Moves Dep 1:2       1-2-Draws
  14 B 1    1.0:0.0        13.0:1.0      9:59:03 PM    -9.26    18 3.941 :3.222  13-1-0

--------------------------------------------------------------

Engine-Match Saturday, August 23, 2025 9:59:05 PM
 Blitz 5/5 

Pairing 3/10 :    C0BR4_v2.1  -  SlowMate_v3.0

PGN-File: C:\Program Files (x86)\Arena\Tournaments\Engine Battle 20250823.pgn

No:  B/W 1/2     W:B       1:2           Time        Value Moves Dep 1:2       1-2-Draws
  14 = =    3.0:3.0        3.0:11.0      10:02:48 PM    -3.43    22 4.000 :4.182  0-8-6

--------------------------------------------------------------

Engine-Match Saturday, August 23, 2025 10:02:49 PM
 Blitz 5/5 

Pairing 4/10 :    V7P3R_v6.1  -  C0BR4_v2.0

PGN-File: C:\Program Files (x86)\Arena\Tournaments\Engine Battle 20250823.pgn

No:  B/W 1/2     W:B       1:2           Time        Value Moves Dep 1:2       1-2-Draws
  14 W 2    1.5:0.5        5.5:8.5       10:06:57 PM   +12.37    20 3.150 :4.000  5-8-1

--------------------------------------------------------------

Engine-Match Saturday, August 23, 2025 10:06:58 PM
 Blitz 5/5 

Pairing 5/10 :    V7P3R_v7.0  -  V7P3R_v6.1

PGN-File: C:\Program Files (x86)\Arena\Tournaments\Engine Battle 20250823.pgn

No:  B/W 1/2     W:B       1:2           Time        Value Moves Dep 1:2       1-2-Draws
  14 B 1    1.0:0.0        13.0:1.0      10:12:38 PM   -35.46    15 5.714 :3.000  13-1-0

--------------------------------------------------------------

Engine-Match Saturday, August 23, 2025 10:12:39 PM
 Blitz 5/5 

Pairing 6/10 :    C0BR4_v2.0  -  C0BR4_v2.1

PGN-File: C:\Program Files (x86)\Arena\Tournaments\Engine Battle 20250823.pgn

No:  B/W 1/2     W:B       1:2           Time        Value Moves Dep 1:2       1-2-Draws
  14 B 1    5.5:4.5        7.5:6.5       10:13:01 PM   -13.54    33 4.000 :4.000  3-2-9

--------------------------------------------------------------

Engine-Match Saturday, August 23, 2025 10:13:03 PM
 Blitz 5/5 

Pairing 7/10 :    SlowMate_v3.0  -  C0BR4_v2.0

PGN-File: C:\Program Files (x86)\Arena\Tournaments\Engine Battle 20250823.pgn

No:  B/W 1/2     W:B       1:2           Time        Value Moves Dep 1:2       1-2-Draws
  14 = =    2.0:2.0        11.0:3.0      10:17:29 PM    +1.03    28 4.000 :4.000  9-1-4

--------------------------------------------------------------

Engine-Match Saturday, August 23, 2025 10:17:30 PM
 Blitz 5/5 

Pairing 8/10 :    C0BR4_v2.1  -  V7P3R_v7.0

PGN-File: C:\Program Files (x86)\Arena\Tournaments\Engine Battle 20250823.pgn

No:  B/W 1/2     W:B       1:2           Time        Value Moves Dep 1:2       1-2-Draws
  14 W 2    1.0:0.0        1.0:13.0      10:24:33 PM    +M500    35 4.000 :5.583  1-13-0

--------------------------------------------------------------

Engine-Match Saturday, August 23, 2025 10:24:35 PM
 Blitz 5/5 

Pairing 9/10 :    V7P3R_v6.1  -  C0BR4_v2.1

PGN-File: C:\Program Files (x86)\Arena\Tournaments\Engine Battle 20250823.pgn

No:  B/W 1/2     W:B       1:2           Time        Value Moves Dep 1:2       1-2-Draws
  14 W 2    1.0:0.0        5.0:9.0       10:28:01 PM   +20.38    17 3.353 :4.000  5-9-0

--------------------------------------------------------------

Engine-Match Saturday, August 23, 2025 10:28:03 PM
 Blitz 5/5 

Pairing 10/10 :    V7P3R_v7.0  -  SlowMate_v3.0

PGN-File: C:\Program Files (x86)\Arena\Tournaments\Engine Battle 20250823.pgn

No:  B/W 1/2     W:B       1:2           Time        Value Moves Dep 1:2       1-2-Draws
  14 W 2    1.5:0.5        11.5:2.5      10:35:51 PM  +317.00    24 5.522 :3.826  11-2-1

--------------------------------------------------------------

Engine-Match Saturday, August 23, 2025 10:35:53 PM
 Blitz 5/5 

Pairing 1/10 :    C0BR4_v2.0  -  V7P3R_v7.0

PGN-File: C:\Program Files (x86)\Arena\Tournaments\Engine Battle 20250823.pgn

No:  B/W 1/2     W:B       1:2           Time        Value Moves Dep 1:2       1-2-Draws
  15 B 2    1.0:0.0        2.0:13.0      10:36:50 PM   -20.00     5 4.000 :6.000  2-13-0

--------------------------------------------------------------

Engine-Match Saturday, August 23, 2025 10:36:56 PM
 Blitz 5/5 

Pairing 2/10 :    SlowMate_v3.0  -  V7P3R_v6.1

PGN-File: C:\Program Files (x86)\Arena\Tournaments\Engine Battle 20250823.pgn

No:  B/W 1/2     W:B       1:2           Time        Value Moves Dep 1:2       1-2-Draws
  15 W 1    1.0:0.0        14.0:1.0      10:45:08 PM   +23.95    22 4.053 :3.158  14-1-0

--------------------------------------------------------------

Engine-Match Saturday, August 23, 2025 10:45:09 PM
 Blitz 5/5 

Pairing 3/10 :    C0BR4_v2.1  -  SlowMate_v3.0

PGN-File: C:\Program Files (x86)\Arena\Tournaments\Engine Battle 20250823.pgn

No:  B/W 1/2     W:B       1:2           Time        Value Moves Dep 1:2       1-2-Draws
  15 = =    3.5:3.5        3.5:11.5      10:49:51 PM    +7.99    30 4.000 :4.517  0-8-7

--------------------------------------------------------------

Engine-Match Saturday, August 23, 2025 10:49:52 PM
 Blitz 5/5 

Pairing 4/10 :    V7P3R_v6.1  -  C0BR4_v2.0

PGN-File: C:\Program Files (x86)\Arena\Tournaments\Engine Battle 20250823.pgn

No:  B/W 1/2     W:B       1:2           Time        Value Moves Dep 1:2       1-2-Draws
  15 W 1    1.5:0.5        6.5:8.5       10:51:50 PM   +23.39     8 3.000 :4.000  6-8-1

--------------------------------------------------------------

Engine-Match Saturday, August 23, 2025 10:51:52 PM
 Blitz 5/5 

Pairing 5/10 :    V7P3R_v7.0  -  V7P3R_v6.1

PGN-File: C:\Program Files (x86)\Arena\Tournaments\Engine Battle 20250823.pgn

No:  B/W 1/2     W:B       1:2           Time        Value Moves Dep 1:2       1-2-Draws
  15 W 1    1.0:0.0        14.0:1.0      10:58:54 PM   +38.02    16 5.750 :3.313  14-1-0

--------------------------------------------------------------

Engine-Match Saturday, August 23, 2025 10:58:56 PM
 Blitz 5/5 

Pairing 6/10 :    C0BR4_v2.0  -  C0BR4_v2.1

PGN-File: C:\Program Files (x86)\Arena\Tournaments\Engine Battle 20250823.pgn

No:  B/W 1/2     W:B       1:2           Time        Value Moves Dep 1:2       1-2-Draws
  15 = =    5.0:5.0        8.0:7.0       10:59:10 PM    +2.19    16 4.000 :4.000  3-2-10

--------------------------------------------------------------

Engine-Match Saturday, August 23, 2025 10:59:11 PM
 Blitz 5/5 

Pairing 7/10 :    SlowMate_v3.0  -  C0BR4_v2.0

PGN-File: C:\Program Files (x86)\Arena\Tournaments\Engine Battle 20250823.pgn

No:  B/W 1/2     W:B       1:2           Time        Value Moves Dep 1:2       1-2-Draws
  15 W 1    3.0:2.0        12.0:3.0      11:01:03 PM    +2.63    10 3.727 :4.000  10-1-4

--------------------------------------------------------------

Engine-Match Saturday, August 23, 2025 11:01:04 PM
 Blitz 5/5 

Pairing 8/10 :    C0BR4_v2.1  -  V7P3R_v7.0

PGN-File: C:\Program Files (x86)\Arena\Tournaments\Engine Battle 20250823.pgn

No:  B/W 1/2     W:B       1:2           Time        Value Moves Dep 1:2       1-2-Draws
  15 B 2    1.0:0.0        1.0:14.0      11:03:02 PM  -193.00    12 4.000 :5.231  1-14-0

--------------------------------------------------------------

Engine-Match Saturday, August 23, 2025 11:03:04 PM
 Blitz 5/5 

Pairing 9/10 :    V7P3R_v6.1  -  C0BR4_v2.1

PGN-File: C:\Program Files (x86)\Arena\Tournaments\Engine Battle 20250823.pgn

No:  B/W 1/2     W:B       1:2           Time        Value Moves Dep 1:2       1-2-Draws
  15 W 1    1.0:0.0        6.0:9.0       11:05:02 PM   -31.56     9 3.400 :4.000  6-9-0

--------------------------------------------------------------

Engine-Match Saturday, August 23, 2025 11:05:03 PM
 Blitz 5/5 

Pairing 10/10 :    V7P3R_v7.0  -  SlowMate_v3.0

PGN-File: C:\Program Files (x86)\Arena\Tournaments\Engine Battle 20250823.pgn

No:  B/W 1/2     W:B       1:2           Time        Value Moves Dep 1:2       1-2-Draws
  15 W 1    1.5:0.5        12.5:2.5      11:12:09 PM    +M500    20 5.500 :3.789  12-2-1

--------------------------------------------------------------

Engine-Match Saturday, August 23, 2025 11:12:11 PM
 Blitz 5/5 

Pairing 1/10 :    C0BR4_v2.0  -  V7P3R_v7.0

PGN-File: C:\Program Files (x86)\Arena\Tournaments\Engine Battle 20250823.pgn

No:  B/W 1/2     W:B       1:2           Time        Value Moves Dep 1:2       1-2-Draws
  16 W 2    1.0:0.0        2.0:14.0      11:14:21 PM    +M500     9 4.000 :5.400  2-14-0

--------------------------------------------------------------

Engine-Match Saturday, August 23, 2025 11:14:22 PM
 Blitz 5/5 

Pairing 2/10 :    SlowMate_v3.0  -  V7P3R_v6.1

PGN-File: C:\Program Files (x86)\Arena\Tournaments\Engine Battle 20250823.pgn

No:  B/W 1/2     W:B       1:2           Time        Value Moves Dep 1:2       1-2-Draws
  16 B 1    1.0:0.0        15.0:1.0      11:19:33 PM   -41.55    14 4.154 :3.357  15-1-0

--------------------------------------------------------------

Engine-Match Saturday, August 23, 2025 11:19:34 PM
 Blitz 5/5 

Pairing 3/10 :    C0BR4_v2.1  -  SlowMate_v3.0

PGN-File: C:\Program Files (x86)\Arena\Tournaments\Engine Battle 20250823.pgn

No:  B/W 1/2     W:B       1:2           Time        Value Moves Dep 1:2       1-2-Draws
  16 W 2    4.5:3.5        3.5:12.5      11:22:32 PM    +3.64    17 4.000 :4.111  0-9-7

--------------------------------------------------------------

Engine-Match Saturday, August 23, 2025 11:22:33 PM
 Blitz 5/5 

Pairing 4/10 :    V7P3R_v6.1  -  C0BR4_v2.0

PGN-File: C:\Program Files (x86)\Arena\Tournaments\Engine Battle 20250823.pgn

No:  B/W 1/2     W:B       1:2           Time        Value Moves Dep 1:2       1-2-Draws
  16 W 2    1.5:0.5        6.5:9.5       11:24:40 PM   +23.68    11 3.545 :4.000  6-9-1

--------------------------------------------------------------

Engine-Match Saturday, August 23, 2025 11:24:41 PM
 Blitz 5/5 

Pairing 5/10 :    V7P3R_v7.0  -  V7P3R_v6.1

PGN-File: C:\Program Files (x86)\Arena\Tournaments\Engine Battle 20250823.pgn

No:  B/W 1/2     W:B       1:2           Time        Value Moves Dep 1:2       1-2-Draws
  16 B 1    1.0:0.0        15.0:1.0      11:30:12 PM   -26.71    15 5.643 :3.067  15-1-0

--------------------------------------------------------------

Engine-Match Saturday, August 23, 2025 11:30:14 PM
 Blitz 5/5 

Pairing 6/10 :    C0BR4_v2.0  -  C0BR4_v2.1

PGN-File: C:\Program Files (x86)\Arena\Tournaments\Engine Battle 20250823.pgn

No:  B/W 1/2     W:B       1:2           Time        Value Moves Dep 1:2       1-2-Draws
  16 = =    5.5:5.5        8.5:7.5       11:30:42 PM    -2.90    22 4.000 :4.000  3-2-11

--------------------------------------------------------------

Engine-Match Saturday, August 23, 2025 11:30:43 PM
 Blitz 5/5 

Pairing 7/10 :    SlowMate_v3.0  -  C0BR4_v2.0

PGN-File: C:\Program Files (x86)\Arena\Tournaments\Engine Battle 20250823.pgn

No:  B/W 1/2     W:B       1:2           Time        Value Moves Dep 1:2       1-2-Draws
  16 W 2    3.0:2.0        12.0:4.0      11:36:23 PM   +13.14    34 3.931 :4.000  10-2-4

--------------------------------------------------------------

Engine-Match Saturday, August 23, 2025 11:36:24 PM
 Blitz 5/5 

Pairing 8/10 :    C0BR4_v2.1  -  V7P3R_v7.0

PGN-File: C:\Program Files (x86)\Arena\Tournaments\Engine Battle 20250823.pgn

No:  B/W 1/2     W:B       1:2           Time        Value Moves Dep 1:2       1-2-Draws
  16 B 1    1.0:0.0        2.0:14.0      11:39:19 PM  -171.00    12 4.000 :5.583  2-14-0

--------------------------------------------------------------

Engine-Match Saturday, August 23, 2025 11:39:20 PM
 Blitz 5/5 

Pairing 9/10 :    V7P3R_v6.1  -  C0BR4_v2.1

PGN-File: C:\Program Files (x86)\Arena\Tournaments\Engine Battle 20250823.pgn

No:  B/W 1/2     W:B       1:2           Time        Value Moves Dep 1:2       1-2-Draws
  16 B 1    1.0:0.0        7.0:9.0       11:40:02 PM   +25.04     4 3.600 :4.000  7-9-0

--------------------------------------------------------------

Engine-Match Saturday, August 23, 2025 11:40:03 PM
 Blitz 5/5 

Pairing 10/10 :    V7P3R_v7.0  -  SlowMate_v3.0

PGN-File: C:\Program Files (x86)\Arena\Tournaments\Engine Battle 20250823.pgn

No:  B/W 1/2     W:B       1:2           Time        Value Moves Dep 1:2       1-2-Draws
  16 W 2    1.5:0.5        12.5:3.5      11:46:35 PM  +190.00    19 5.526 :4.211  12-3-1

--------------------------------------------------------------

Engine-Match Saturday, August 23, 2025 11:46:36 PM
 Blitz 5/5 

Pairing 1/10 :    C0BR4_v2.0  -  V7P3R_v7.0

PGN-File: C:\Program Files (x86)\Arena\Tournaments\Engine Battle 20250823.pgn

No:  B/W 1/2     W:B       1:2           Time        Value Moves Dep 1:2       1-2-Draws
  17 B 2    1.0:0.0        2.0:15.0      11:47:58 PM   +95.00     6 4.000 :5.714  2-15-0

--------------------------------------------------------------

Engine-Match Saturday, August 23, 2025 11:48:04 PM
 Blitz 5/5 

Pairing 2/10 :    SlowMate_v3.0  -  V7P3R_v6.1

PGN-File: C:\Program Files (x86)\Arena\Tournaments\Engine Battle 20250823.pgn

No:  B/W 1/2     W:B       1:2           Time        Value Moves Dep 1:2       1-2-Draws
  17 W 1    1.0:0.0        16.0:1.0      11:56:05 PM   +12.97    22 4.238 :3.500  16-1-0

--------------------------------------------------------------

Engine-Match Saturday, August 23, 2025 11:56:07 PM
 Blitz 5/5 

Pairing 3/10 :    C0BR4_v2.1  -  SlowMate_v3.0

PGN-File: C:\Program Files (x86)\Arena\Tournaments\Engine Battle 20250823.pgn

No:  B/W 1/2     W:B       1:2           Time        Value Moves Dep 1:2       1-2-Draws
  17 = =    4.0:4.0        4.0:13.0      12:00:48 AM    +7.99    30 4.000 :4.517  0-9-8

--------------------------------------------------------------

Engine-Match Sunday, August 24, 2025 12:00:49 AM
 Blitz 5/5 

Pairing 4/10 :    V7P3R_v6.1  -  C0BR4_v2.0

PGN-File: C:\Program Files (x86)\Arena\Tournaments\Engine Battle 20250823.pgn

No:  B/W 1/2     W:B       1:2           Time        Value Moves Dep 1:2       1-2-Draws
  17 W 1    1.5:0.5        7.5:9.5       12:02:22 AM    +8.45     7 3.000 :4.000  7-9-1

--------------------------------------------------------------

Engine-Match Sunday, August 24, 2025 12:02:24 AM
 Blitz 5/5 

Pairing 5/10 :    V7P3R_v7.0  -  V7P3R_v6.1

PGN-File: C:\Program Files (x86)\Arena\Tournaments\Engine Battle 20250823.pgn

No:  B/W 1/2     W:B       1:2           Time        Value Moves Dep 1:2       1-2-Draws
  17 W 1    1.0:0.0        16.0:1.0      12:07:57 AM    +M500    14 5.857 :3.462  16-1-0

--------------------------------------------------------------

Engine-Match Sunday, August 24, 2025 12:07:58 AM
 Blitz 5/5 

Pairing 6/10 :    C0BR4_v2.0  -  C0BR4_v2.1

PGN-File: C:\Program Files (x86)\Arena\Tournaments\Engine Battle 20250823.pgn

No:  B/W 1/2     W:B       1:2           Time        Value Moves Dep 1:2       1-2-Draws
  17 = =    6.0:6.0        9.0:8.0       12:08:28 AM    -0.87    47 4.000 :4.000  3-2-12

--------------------------------------------------------------

Engine-Match Sunday, August 24, 2025 12:08:29 AM
 Blitz 5/5 

Pairing 7/10 :    SlowMate_v3.0  -  C0BR4_v2.0

PGN-File: C:\Program Files (x86)\Arena\Tournaments\Engine Battle 20250823.pgn

No:  B/W 1/2     W:B       1:2           Time        Value Moves Dep 1:2       1-2-Draws
  17 = =    2.5:2.5        12.5:4.5      12:12:14 AM    -3.43    22 4.182 :4.000  10-2-5

--------------------------------------------------------------

Engine-Match Sunday, August 24, 2025 12:12:15 AM
 Blitz 5/5 

Pairing 8/10 :    C0BR4_v2.1  -  V7P3R_v7.0

PGN-File: C:\Program Files (x86)\Arena\Tournaments\Engine Battle 20250823.pgn

No:  B/W 1/2     W:B       1:2           Time        Value Moves Dep 1:2       1-2-Draws
  17 B 2    1.0:0.0        2.0:15.0      12:13:10 AM   -20.00     5 4.000 :6.000  2-15-0

--------------------------------------------------------------

Engine-Match Sunday, August 24, 2025 12:13:12 AM
 Blitz 5/5 

Pairing 9/10 :    V7P3R_v6.1  -  C0BR4_v2.1

PGN-File: C:\Program Files (x86)\Arena\Tournaments\Engine Battle 20250823.pgn

No:  B/W 1/2     W:B       1:2           Time        Value Moves Dep 1:2       1-2-Draws
  17 W 1    1.0:0.0        8.0:9.0       12:16:08 AM    -8.68    15 3.250 :4.000  8-9-0

--------------------------------------------------------------

Engine-Match Sunday, August 24, 2025 12:16:09 AM
 Blitz 5/5 

Pairing 10/10 :    V7P3R_v7.0  -  SlowMate_v3.0

PGN-File: C:\Program Files (x86)\Arena\Tournaments\Engine Battle 20250823.pgn

No:  B/W 1/2     W:B       1:2           Time        Value Moves Dep 1:2       1-2-Draws
  17 W 1    1.5:0.5        13.5:3.5      12:23:08 AM    +M500    20 5.500 :3.789  13-3-1

--------------------------------------------------------------

Engine-Match Sunday, August 24, 2025 12:23:10 AM
 Blitz 5/5 

Pairing 1/10 :    C0BR4_v2.0  -  V7P3R_v7.0

PGN-File: C:\Program Files (x86)\Arena\Tournaments\Engine Battle 20250823.pgn

No:  B/W 1/2     W:B       1:2           Time        Value Moves Dep 1:2       1-2-Draws
  18 W 2    1.0:0.0        2.0:16.0      12:30:21 AM   +10.58    34 4.000 :5.600  2-16-0

--------------------------------------------------------------

Engine-Match Sunday, August 24, 2025 12:30:23 AM
 Blitz 5/5 

Pairing 2/10 :    SlowMate_v3.0  -  V7P3R_v6.1

PGN-File: C:\Program Files (x86)\Arena\Tournaments\Engine Battle 20250823.pgn

No:  B/W 1/2     W:B       1:2           Time        Value Moves Dep 1:2       1-2-Draws
  18 B 1    1.0:0.0        17.0:1.0      12:37:18 AM    -9.26    18 3.941 :3.222  17-1-0

--------------------------------------------------------------

Engine-Match Sunday, August 24, 2025 12:37:20 AM
 Blitz 5/5 

Pairing 3/10 :    C0BR4_v2.1  -  SlowMate_v3.0

PGN-File: C:\Program Files (x86)\Arena\Tournaments\Engine Battle 20250823.pgn

No:  B/W 1/2     W:B       1:2           Time        Value Moves Dep 1:2       1-2-Draws
  18 W 2    5.0:4.0        4.0:14.0      12:41:21 AM    +2.74    24 4.000 :4.350  0-10-8

--------------------------------------------------------------

Engine-Match Sunday, August 24, 2025 12:41:22 AM
 Blitz 5/5 

Pairing 4/10 :    V7P3R_v6.1  -  C0BR4_v2.0

PGN-File: C:\Program Files (x86)\Arena\Tournaments\Engine Battle 20250823.pgn

No:  B/W 1/2     W:B       1:2           Time        Value Moves Dep 1:2       1-2-Draws
  18 W 2    1.5:0.5        7.5:10.5      12:46:41 AM   +25.15    21 3.095 :4.000  7-10-1

--------------------------------------------------------------

Engine-Match Sunday, August 24, 2025 12:46:42 AM
 Blitz 5/5 

Pairing 5/10 :    V7P3R_v7.0  -  V7P3R_v6.1

PGN-File: C:\Program Files (x86)\Arena\Tournaments\Engine Battle 20250823.pgn

No:  B/W 1/2     W:B       1:2           Time        Value Moves Dep 1:2       1-2-Draws
  18 B 1    1.0:0.0        17.0:1.0      12:52:13 AM   -26.71    15 5.643 :3.067  17-1-0

--------------------------------------------------------------

Engine-Match Sunday, August 24, 2025 12:52:14 AM
 Blitz 5/5 

Pairing 6/10 :    C0BR4_v2.0  -  C0BR4_v2.1

PGN-File: C:\Program Files (x86)\Arena\Tournaments\Engine Battle 20250823.pgn

No:  B/W 1/2     W:B       1:2           Time        Value Moves Dep 1:2       1-2-Draws
  18 B 1    7.0:6.0        10.0:8.0      12:52:37 AM   -13.54    33 4.000 :4.000  4-2-12

--------------------------------------------------------------

Engine-Match Sunday, August 24, 2025 12:52:38 AM
 Blitz 5/5 

Pairing 7/10 :    SlowMate_v3.0  -  C0BR4_v2.0

PGN-File: C:\Program Files (x86)\Arena\Tournaments\Engine Battle 20250823.pgn

No:  B/W 1/2     W:B       1:2           Time        Value Moves Dep 1:2       1-2-Draws
  18 B 1    3.5:2.5        13.5:4.5      12:55:55 AM  -195.45    19 3.737 :4.000  11-2-5

--------------------------------------------------------------

Engine-Match Sunday, August 24, 2025 12:55:57 AM
 Blitz 5/5 

Pairing 8/10 :    C0BR4_v2.1  -  V7P3R_v7.0

PGN-File: C:\Program Files (x86)\Arena\Tournaments\Engine Battle 20250823.pgn

No:  B/W 1/2     W:B       1:2           Time        Value Moves Dep 1:2       1-2-Draws
  18 W 2    1.0:0.0        2.0:16.0      1:02:46 AM    +M500    35 4.000 :5.583  2-16-0

--------------------------------------------------------------

Engine-Match Sunday, August 24, 2025 1:02:47 AM
 Blitz 5/5 

Pairing 9/10 :    V7P3R_v6.1  -  C0BR4_v2.1

PGN-File: C:\Program Files (x86)\Arena\Tournaments\Engine Battle 20250823.pgn

No:  B/W 1/2     W:B       1:2           Time        Value Moves Dep 1:2       1-2-Draws
  18 W 2    1.0:0.0        8.0:10.0      1:04:52 AM   +23.68    11 3.545 :4.000  8-10-0

--------------------------------------------------------------

Engine-Match Sunday, August 24, 2025 1:04:54 AM
 Blitz 5/5 

Pairing 10/10 :    V7P3R_v7.0  -  SlowMate_v3.0

PGN-File: C:\Program Files (x86)\Arena\Tournaments\Engine Battle 20250823.pgn

No:  B/W 1/2     W:B       1:2           Time        Value Moves Dep 1:2       1-2-Draws
  18 B 1    1.5:0.5        14.5:3.5      1:20:06 AM   -11.48    49 5.514 :3.757  14-3-1

--------------------------------------------------------------

Engine-Match Sunday, August 24, 2025 1:20:07 AM
 Blitz 5/5 

Pairing 1/10 :    C0BR4_v2.0  -  V7P3R_v7.0

PGN-File: C:\Program Files (x86)\Arena\Tournaments\Engine Battle 20250823.pgn

No:  B/W 1/2     W:B       1:2           Time        Value Moves Dep 1:2       1-2-Draws
  19 B 2    1.0:0.0        2.0:17.0      1:22:11 AM   +95.00     6 4.000 :5.857  2-17-0

--------------------------------------------------------------

Engine-Match Sunday, August 24, 2025 1:22:18 AM
 Blitz 5/5 

Pairing 2/10 :    SlowMate_v3.0  -  V7P3R_v6.1

PGN-File: C:\Program Files (x86)\Arena\Tournaments\Engine Battle 20250823.pgn

No:  B/W 1/2     W:B       1:2           Time        Value Moves Dep 1:2       1-2-Draws
  19 W 1    1.0:0.0        18.0:1.0      1:30:19 AM   +12.80    22 4.238 :3.500  18-1-0

--------------------------------------------------------------

Engine-Match Sunday, August 24, 2025 1:30:20 AM
 Blitz 5/5 

Pairing 3/10 :    C0BR4_v2.1  -  SlowMate_v3.0

PGN-File: C:\Program Files (x86)\Arena\Tournaments\Engine Battle 20250823.pgn

No:  B/W 1/2     W:B       1:2           Time        Value Moves Dep 1:2       1-2-Draws
  19 B 2    5.0:4.0        4.0:15.0      1:31:08 AM    -2.04     4 4.000 :4.200  0-11-8

--------------------------------------------------------------

Engine-Match Sunday, August 24, 2025 1:31:09 AM
 Blitz 5/5 

Pairing 4/10 :    V7P3R_v6.1  -  C0BR4_v2.0

PGN-File: C:\Program Files (x86)\Arena\Tournaments\Engine Battle 20250823.pgn

No:  B/W 1/2     W:B       1:2           Time        Value Moves Dep 1:2       1-2-Draws
  19 W 1    1.5:0.5        8.5:10.5      1:33:24 AM   +17.03     9 3.000 :4.000  8-10-1

--------------------------------------------------------------

Engine-Match Sunday, August 24, 2025 1:33:25 AM
 Blitz 5/5 

Pairing 5/10 :    V7P3R_v7.0  -  V7P3R_v6.1

PGN-File: C:\Program Files (x86)\Arena\Tournaments\Engine Battle 20250823.pgn

No:  B/W 1/2     W:B       1:2           Time        Value Moves Dep 1:2       1-2-Draws
  19 W 1    1.0:0.0        18.0:1.0      1:41:05 AM   +32.00    18 5.938 :3.333  18-1-0

--------------------------------------------------------------

Engine-Match Sunday, August 24, 2025 1:41:07 AM
 Blitz 5/5 

Pairing 6/10 :    C0BR4_v2.0  -  C0BR4_v2.1

PGN-File: C:\Program Files (x86)\Arena\Tournaments\Engine Battle 20250823.pgn

No:  B/W 1/2     W:B       1:2           Time        Value Moves Dep 1:2       1-2-Draws
  19 = =    6.5:6.5        10.5:8.5      1:41:31 AM    -0.30    37 4.000 :4.000  4-2-13

--------------------------------------------------------------

Engine-Match Sunday, August 24, 2025 1:41:32 AM
 Blitz 5/5 

Pairing 7/10 :    SlowMate_v3.0  -  C0BR4_v2.0

PGN-File: C:\Program Files (x86)\Arena\Tournaments\Engine Battle 20250823.pgn

No:  B/W 1/2     W:B       1:2           Time        Value Moves Dep 1:2       1-2-Draws
  19 W 1    3.5:2.5        14.5:4.5      1:46:00 AM   -12.44    27 3.893 :4.000  12-2-5

--------------------------------------------------------------

Engine-Match Sunday, August 24, 2025 1:46:01 AM
 Blitz 5/5 

Pairing 8/10 :    C0BR4_v2.1  -  V7P3R_v7.0

PGN-File: C:\Program Files (x86)\Arena\Tournaments\Engine Battle 20250823.pgn

No:  B/W 1/2     W:B       1:2           Time        Value Moves Dep 1:2       1-2-Draws
  19 B 2    1.0:0.0        2.0:17.0      1:47:20 AM   +95.00     6 4.000 :5.714  2-17-0

--------------------------------------------------------------

Engine-Match Sunday, August 24, 2025 1:47:21 AM
 Blitz 5/5 

Pairing 9/10 :    V7P3R_v6.1  -  C0BR4_v2.1

PGN-File: C:\Program Files (x86)\Arena\Tournaments\Engine Battle 20250823.pgn

No:  B/W 1/2     W:B       1:2           Time        Value Moves Dep 1:2       1-2-Draws
  19 B 2    1.0:0.0        8.0:11.0      1:50:53 AM   -29.91    18 3.444 :4.000  8-11-0

--------------------------------------------------------------

Engine-Match Sunday, August 24, 2025 1:50:54 AM
 Blitz 5/5 

Pairing 10/10 :    V7P3R_v7.0  -  SlowMate_v3.0

PGN-File: C:\Program Files (x86)\Arena\Tournaments\Engine Battle 20250823.pgn

No:  B/W 1/2     W:B       1:2           Time        Value Moves Dep 1:2       1-2-Draws
  19 W 1    1.5:0.5        15.5:3.5      1:57:47 AM    +M500    20 5.500 :3.789  15-3-1

--------------------------------------------------------------

Engine-Match Sunday, August 24, 2025 1:57:49 AM
 Blitz 5/5 

Pairing 1/10 :    C0BR4_v2.0  -  V7P3R_v7.0

PGN-File: C:\Program Files (x86)\Arena\Tournaments\Engine Battle 20250823.pgn

No:  B/W 1/2     W:B       1:2           Time        Value Moves Dep 1:2       1-2-Draws
  20 B 1    1.0:0.0        3.0:17.0      1:59:44 AM   -10.00     5 4.000 :6.000  3-17-0

--------------------------------------------------------------

Engine-Match Sunday, August 24, 2025 1:59:45 AM
 Blitz 5/5 

Pairing 2/10 :    SlowMate_v3.0  -  V7P3R_v6.1

PGN-File: C:\Program Files (x86)\Arena\Tournaments\Engine Battle 20250823.pgn

No:  B/W 1/2     W:B       1:2           Time        Value Moves Dep 1:2       1-2-Draws
  20 B 1    1.0:0.0        19.0:1.0      2:04:53 AM   -41.70    14 4.077 :3.429  19-1-0

--------------------------------------------------------------

Engine-Match Sunday, August 24, 2025 2:04:54 AM
 Blitz 5/5 

Pairing 3/10 :    C0BR4_v2.1  -  SlowMate_v3.0

PGN-File: C:\Program Files (x86)\Arena\Tournaments\Engine Battle 20250823.pgn

No:  B/W 1/2     W:B       1:2           Time        Value Moves Dep 1:2       1-2-Draws
  20 W 2    5.0:4.0        4.0:16.0      2:08:56 AM   +11.08    24 4.000 :3.920  0-12-8

--------------------------------------------------------------

Engine-Match Sunday, August 24, 2025 2:08:57 AM
 Blitz 5/5 

Pairing 4/10 :    V7P3R_v6.1  -  C0BR4_v2.0

PGN-File: C:\Program Files (x86)\Arena\Tournaments\Engine Battle 20250823.pgn

No:  B/W 1/2     W:B       1:2           Time        Value Moves Dep 1:2       1-2-Draws
  20 W 2    1.5:0.5        8.5:11.5      2:10:58 AM   +31.74     9 3.222 :4.000  8-11-1

--------------------------------------------------------------

Engine-Match Sunday, August 24, 2025 2:10:59 AM
 Blitz 5/5 

Pairing 5/10 :    V7P3R_v7.0  -  V7P3R_v6.1

PGN-File: C:\Program Files (x86)\Arena\Tournaments\Engine Battle 20250823.pgn

No:  B/W 1/2     W:B       1:2           Time        Value Moves Dep 1:2       1-2-Draws
  20 B 1    1.0:0.0        19.0:1.0      2:16:32 AM   -25.27    15 5.857 :3.200  19-1-0

--------------------------------------------------------------

Engine-Match Sunday, August 24, 2025 2:16:34 AM
 Blitz 5/5 

Pairing 6/10 :    C0BR4_v2.0  -  C0BR4_v2.1

PGN-File: C:\Program Files (x86)\Arena\Tournaments\Engine Battle 20250823.pgn

No:  B/W 1/2     W:B       1:2           Time        Value Moves Dep 1:2       1-2-Draws
  20 W 2    7.5:6.5        10.5:9.5      2:16:55 AM  +299.99    30 4.000 :4.000  4-3-13

--------------------------------------------------------------

Engine-Match Sunday, August 24, 2025 2:16:56 AM
 Blitz 5/5 

Pairing 7/10 :    SlowMate_v3.0  -  C0BR4_v2.0

PGN-File: C:\Program Files (x86)\Arena\Tournaments\Engine Battle 20250823.pgn

No:  B/W 1/2     W:B       1:2           Time        Value Moves Dep 1:2       1-2-Draws
  20 = =    3.0:3.0        15.0:5.0      2:24:29 AM    -0.94    52 4.278 :4.000  12-2-6

--------------------------------------------------------------

Engine-Match Sunday, August 24, 2025 2:24:31 AM
 Blitz 5/5 

Pairing 8/10 :    C0BR4_v2.1  -  V7P3R_v7.0

PGN-File: C:\Program Files (x86)\Arena\Tournaments\Engine Battle 20250823.pgn

No:  B/W 1/2     W:B       1:2           Time        Value Moves Dep 1:2       1-2-Draws
  20 B 1    1.0:0.0        3.0:17.0      2:27:22 AM  -171.00    12 4.000 :5.583  3-17-0

--------------------------------------------------------------

Engine-Match Sunday, August 24, 2025 2:27:23 AM
 Blitz 5/5 

Pairing 9/10 :    V7P3R_v6.1  -  C0BR4_v2.1

PGN-File: C:\Program Files (x86)\Arena\Tournaments\Engine Battle 20250823.pgn

No:  B/W 1/2     W:B       1:2           Time        Value Moves Dep 1:2       1-2-Draws
  20 W 2    1.0:0.0        8.0:12.0      2:29:24 AM   +31.74     9 3.222 :4.000  8-12-0

--------------------------------------------------------------

Engine-Match Sunday, August 24, 2025 2:29:26 AM
 Blitz 5/5 

Pairing 10/10 :    V7P3R_v7.0  -  SlowMate_v3.0

PGN-File: C:\Program Files (x86)\Arena\Tournaments\Engine Battle 20250823.pgn

No:  B/W 1/2     W:B       1:2           Time        Value Moves Dep 1:2       1-2-Draws
  20 B 1    1.5:0.5        16.5:3.5      2:37:09 AM    -M500    22 5.409 :3.682  16-3-1
