Engine-Match Sunday, August 24, 2025 10:02:24 PM
 Blitz 5/5 

Pairing 1/3 :    SlowMate_v3.0  -  V7P3R_v7.0

PGN-File: C:\Program Files (x86)\Arena\Tournaments\Engine Battle 20250824.pgn

No:  B/W 1/2     W:B       1:2           Time        Value Moves Dep 1:2       1-2-Draws
   1 W 1    1.0:0.0        1.0:0.0       10:09:01 PM  +190.00    19 4.211 :5.526  1-0-0

--------------------------------------------------------------

Engine-Match Sunday, August 24, 2025 10:09:02 PM
 Blitz 5/5 

Pairing 2/3 :    C0BR4_v2.1  -  SlowMate_v3.0

PGN-File: C:\Program Files (x86)\Arena\Tournaments\Engine Battle 20250824.pgn

No:  B/W 1/2     W:B       1:2           Time        Value Moves Dep 1:2       1-2-Draws
   1 = =    0.5:0.5        0.5:0.5       10:16:37 PM    -0.94    52 4.000 :4.278  0-0-1

--------------------------------------------------------------

Engine-Match Sunday, August 24, 2025 10:16:38 PM
 Blitz 5/5 

Pairing 3/3 :    V7P3R_v7.0  -  C0BR4_v2.1

PGN-File: C:\Program Files (x86)\Arena\Tournaments\Engine Battle 20250824.pgn

No:  B/W 1/2     W:B       1:2           Time        Value Moves Dep 1:2       1-2-Draws
   1 W 1    1.0:0.0        1.0:0.0       10:23:31 PM    +M500    35 5.583 :4.000  1-0-0

--------------------------------------------------------------

Engine-Match Sunday, August 24, 2025 10:23:33 PM
 Blitz 5/5 

Pairing 1/3 :    SlowMate_v3.0  -  V7P3R_v7.0

PGN-File: C:\Program Files (x86)\Arena\Tournaments\Engine Battle 20250824.pgn

No:  B/W 1/2     W:B       1:2           Time        Value Moves Dep 1:2       1-2-Draws
   2 W 2    1.0:0.0        1.0:1.0       10:30:35 PM    +M500    20 3.789 :5.500  1-1-0

--------------------------------------------------------------

Engine-Match Sunday, August 24, 2025 10:30:36 PM
 Blitz 5/5 

Pairing 2/3 :    C0BR4_v2.1  -  SlowMate_v3.0

PGN-File: C:\Program Files (x86)\Arena\Tournaments\Engine Battle 20250824.pgn

No:  B/W 1/2     W:B       1:2           Time        Value Moves Dep 1:2       1-2-Draws
   2 = =    1.0:1.0        1.0:1.0       10:36:15 PM    +1.52    36 4.000 :4.133  0-0-2

--------------------------------------------------------------

Engine-Match Sunday, August 24, 2025 10:36:16 PM
 Blitz 5/5 

Pairing 3/3 :    V7P3R_v7.0  -  C0BR4_v2.1

PGN-File: C:\Program Files (x86)\Arena\Tournaments\Engine Battle 20250824.pgn

No:  B/W 1/2     W:B       1:2           Time        Value Moves Dep 1:2       1-2-Draws
   2 B 1    1.0:0.0        2.0:0.0       10:38:22 PM   +95.00     6 5.857 :4.000  2-0-0

--------------------------------------------------------------

Engine-Match Sunday, August 24, 2025 10:38:24 PM
 Blitz 5/5 

Pairing 1/3 :    SlowMate_v3.0  -  V7P3R_v7.0

PGN-File: C:\Program Files (x86)\Arena\Tournaments\Engine Battle 20250824.pgn

No:  B/W 1/2     W:B       1:2           Time        Value Moves Dep 1:2       1-2-Draws
   3 W 1    1.0:0.0        2.0:1.0       10:45:02 PM  +190.00    19 4.211 :5.526  2-1-0

--------------------------------------------------------------

Engine-Match Sunday, August 24, 2025 10:45:04 PM
 Blitz 5/5 

Pairing 2/3 :    C0BR4_v2.1  -  SlowMate_v3.0

PGN-File: C:\Program Files (x86)\Arena\Tournaments\Engine Battle 20250824.pgn

No:  B/W 1/2     W:B       1:2           Time        Value Moves Dep 1:2       1-2-Draws
   3 B 2    2.0:1.0        1.0:2.0       10:49:20 PM    -3.66    26 4.000 :4.278  0-1-2

--------------------------------------------------------------

Engine-Match Sunday, August 24, 2025 10:49:21 PM
 Blitz 5/5 

Pairing 3/3 :    V7P3R_v7.0  -  C0BR4_v2.1

PGN-File: C:\Program Files (x86)\Arena\Tournaments\Engine Battle 20250824.pgn

No:  B/W 1/2     W:B       1:2           Time        Value Moves Dep 1:2       1-2-Draws
   3 B 2    1.0:0.0        2.0:1.0       10:51:25 PM   -10.00     5 6.000 :4.000  2-1-0

--------------------------------------------------------------

Engine-Match Sunday, August 24, 2025 10:51:26 PM
 Blitz 5/5 

Pairing 1/3 :    SlowMate_v3.0  -  V7P3R_v7.0

PGN-File: C:\Program Files (x86)\Arena\Tournaments\Engine Battle 20250824.pgn

No:  B/W 1/2     W:B       1:2           Time        Value Moves Dep 1:2       1-2-Draws
   4 W 2    1.0:0.0        2.0:2.0       10:58:37 PM    +M500    20 3.789 :5.500  2-2-0

--------------------------------------------------------------

Engine-Match Sunday, August 24, 2025 10:58:39 PM
 Blitz 5/5 

Pairing 2/3 :    C0BR4_v2.1  -  SlowMate_v3.0

PGN-File: C:\Program Files (x86)\Arena\Tournaments\Engine Battle 20250824.pgn

No:  B/W 1/2     W:B       1:2           Time        Value Moves Dep 1:2       1-2-Draws
   4 = =    1.5:1.5        1.5:2.5       11:01:29 PM    +3.04    16 4.000 :3.625  0-1-3

--------------------------------------------------------------

Engine-Match Sunday, August 24, 2025 11:01:30 PM
 Blitz 5/5 

Pairing 3/3 :    V7P3R_v7.0  -  C0BR4_v2.1

PGN-File: C:\Program Files (x86)\Arena\Tournaments\Engine Battle 20250824.pgn

No:  B/W 1/2     W:B       1:2           Time        Value Moves Dep 1:2       1-2-Draws
   4 W 2    1.0:0.0        2.0:2.0       11:04:56 PM  +108.00    15 5.800 :4.000  2-2-0

--------------------------------------------------------------

Engine-Match Sunday, August 24, 2025 11:04:57 PM
 Blitz 5/5 

Pairing 1/3 :    SlowMate_v3.0  -  V7P3R_v7.0

PGN-File: C:\Program Files (x86)\Arena\Tournaments\Engine Battle 20250824.pgn

No:  B/W 1/2     W:B       1:2           Time        Value Moves Dep 1:2       1-2-Draws
   5 W 1    1.0:0.0        3.0:2.0       11:11:35 PM  +190.00    19 4.211 :5.526  3-2-0

--------------------------------------------------------------

Engine-Match Sunday, August 24, 2025 11:11:36 PM
 Blitz 5/5 

Pairing 2/3 :    C0BR4_v2.1  -  SlowMate_v3.0

PGN-File: C:\Program Files (x86)\Arena\Tournaments\Engine Battle 20250824.pgn

No:  B/W 1/2     W:B       1:2           Time        Value Moves Dep 1:2       1-2-Draws
   5 = =    2.0:2.0        2.0:3.0       11:14:22 PM    +2.49    17 4.000 :4.688  0-1-4

--------------------------------------------------------------

Engine-Match Sunday, August 24, 2025 11:14:24 PM
 Blitz 5/5 

Pairing 3/3 :    V7P3R_v7.0  -  C0BR4_v2.1

PGN-File: C:\Program Files (x86)\Arena\Tournaments\Engine Battle 20250824.pgn

No:  B/W 1/2     W:B       1:2           Time        Value Moves Dep 1:2       1-2-Draws
   5 W 1    1.0:0.0        3.0:2.0       11:21:44 PM   +11.73    34 5.560 :4.000  3-2-0

--------------------------------------------------------------

Engine-Match Sunday, August 24, 2025 11:21:45 PM
 Blitz 5/5 

Pairing 1/3 :    SlowMate_v3.0  -  V7P3R_v7.0

PGN-File: C:\Program Files (x86)\Arena\Tournaments\Engine Battle 20250824.pgn

No:  B/W 1/2     W:B       1:2           Time        Value Moves Dep 1:2       1-2-Draws
   6 W 2    1.0:0.0        3.0:3.0       11:28:02 PM    +M500    19 3.500 :5.316  3-3-0

--------------------------------------------------------------

Engine-Match Sunday, August 24, 2025 11:28:03 PM
 Blitz 5/5 

Pairing 2/3 :    C0BR4_v2.1  -  SlowMate_v3.0

PGN-File: C:\Program Files (x86)\Arena\Tournaments\Engine Battle 20250824.pgn

No:  B/W 1/2     W:B       1:2           Time        Value Moves Dep 1:2       1-2-Draws
   6 * *     2.0:2.0        2.0:3.0       11:30:11 PM    -0.17    11 4.000 :3.818  0-1-4

--------------------------------------------------------------

Engine-Match Sunday, August 24, 2025 11:31:04 PM
 Blitz 15/10 

Pairing 1/10 :    SlowMate_v3.0  -  Random_Opponent

PGN-File: C:\Program Files (x86)\Arena\Tournaments\Engine Battle 20250824.pgn

No:  B/W 1/2     W:B       1:2           Time        Value Moves Dep 1:2       1-2-Draws
   1 W 1    1.0:0.0        1.0:0.0       11:43:42 PM  +178.32    31 4.320 :0 1-0-0

--------------------------------------------------------------

Engine-Match Sunday, August 24, 2025 11:43:43 PM
 Blitz 15/10 

Pairing 2/10 :    C0BR4_v2.1  -  V7P3R_v7.0

PGN-File: C:\Program Files (x86)\Arena\Tournaments\Engine Battle 20250824.pgn

No:  B/W 1/2     W:B       1:2           Time        Value Moves Dep 1:2       1-2-Draws
   1 B 2    1.0:0.0        0.0:1.0       11:45:59 PM  -110.00    14 4.000 :5.467  0-1-0

--------------------------------------------------------------

Engine-Match Sunday, August 24, 2025 11:46:01 PM
 Blitz 15/10 

Pairing 3/10 :    Stockfish 1%  -  C0BR4_v2.1

PGN-File: C:\Program Files (x86)\Arena\Tournaments\Engine Battle 20250824.pgn

No:  B/W 1/2     W:B       1:2           Time        Value Moves Dep 1:2       1-2-Draws
   1 W 1    1.0:0.0        1.0:0.0       11:46:11 PM    +0.95     9 17.200 :4.000  1-0-0

--------------------------------------------------------------

Engine-Match Sunday, August 24, 2025 11:46:12 PM
 Blitz 15/10 

Pairing 4/10 :    V7P3R_v7.0  -  SlowMate_v3.0

PGN-File: C:\Program Files (x86)\Arena\Tournaments\Engine Battle 20250824.pgn

No:  B/W 1/2     W:B       1:2           Time        Value Moves Dep 1:2       1-2-Draws
   1 B 2    1.0:0.0        0.0:1.0       12:04:49 AM    -M434    30 5.393 :4.321  0-1-0

--------------------------------------------------------------

Engine-Match Monday, August 25, 2025 12:04:50 AM
 Blitz 15/10 

Pairing 5/10 :    Random_Opponent  -  V7P3R_v7.0

PGN-File: C:\Program Files (x86)\Arena\Tournaments\Engine Battle 20250824.pgn

No:  B/W 1/2     W:B       1:2           Time        Value Moves Dep 1:2       1-2-Draws
   1 = =    0.5:0.5        0.5:0.5       12:10:31 AM    -M500    37 0:5.842  0-0-1

--------------------------------------------------------------

Engine-Match Monday, August 25, 2025 12:10:32 AM
 Blitz 15/10 

Pairing 6/10 :    SlowMate_v3.0  -  Stockfish 1%

PGN-File: C:\Program Files (x86)\Arena\Tournaments\Engine Battle 20250824.pgn

No:  B/W 1/2     W:B       1:2           Time        Value Moves Dep 1:2       1-2-Draws
   1 B 2    1.0:0.0        0.0:1.0       12:24:41 AM      -M1    37 4.135 :18.500  0-1-0

--------------------------------------------------------------

Engine-Match Monday, August 25, 2025 12:24:42 AM
 Blitz 15/10 

Pairing 7/10 :    C0BR4_v2.1  -  SlowMate_v3.0

PGN-File: C:\Program Files (x86)\Arena\Tournaments\Engine Battle 20250824.pgn

No:  B/W 1/2     W:B       1:2           Time        Value Moves Dep 1:2       1-2-Draws
   1 = =    0.5:0.5        0.5:0.5       12:41:20 AM    -5.64    46 4.000 :4.800  0-0-1

--------------------------------------------------------------

Engine-Match Monday, August 25, 2025 12:41:21 AM
 Blitz 15/10 

Pairing 8/10 :    Stockfish 1%  -  Random_Opponent

PGN-File: C:\Program Files (x86)\Arena\Tournaments\Engine Battle 20250824.pgn

No:  B/W 1/2     W:B       1:2           Time        Value Moves Dep 1:2       1-2-Draws
   1 W 1    1.0:0.0        1.0:0.0       12:41:33 AM      +M1    10 35.400 :0 1-0-0

--------------------------------------------------------------

Engine-Match Monday, August 25, 2025 12:41:35 AM
 Blitz 15/10 

Pairing 9/10 :    V7P3R_v7.0  -  Stockfish 1%

PGN-File: C:\Program Files (x86)\Arena\Tournaments\Engine Battle 20250824.pgn

No:  B/W 1/2     W:B       1:2           Time        Value Moves Dep 1:2       1-2-Draws
   1 B 2    1.0:0.0        0.0:1.0       12:44:25 AM  -315.00    10 5.700 :18.889  0-1-0

--------------------------------------------------------------

Engine-Match Monday, August 25, 2025 12:44:26 AM
 Blitz 15/10 

Pairing 10/10 :    Random_Opponent  -  C0BR4_v2.1

PGN-File: C:\Program Files (x86)\Arena\Tournaments\Engine Battle 20250824.pgn

No:  B/W 1/2     W:B       1:2           Time        Value Moves Dep 1:2       1-2-Draws
   1 B 2    1.0:0.0        0.0:1.0       12:44:36 AM  -299.99    12 0:4.000  0-1-0

--------------------------------------------------------------

Engine-Match Monday, August 25, 2025 12:44:37 AM
 Blitz 15/10 

Pairing 1/10 :    SlowMate_v3.0  -  Random_Opponent

PGN-File: C:\Program Files (x86)\Arena\Tournaments\Engine Battle 20250824.pgn

No:  B/W 1/2     W:B       1:2           Time        Value Moves Dep 1:2       1-2-Draws
   2 = =    0.5:0.5        1.5:0.5       12:57:41 AM  -200.00    34 4.235 :0 1-0-1

--------------------------------------------------------------

Engine-Match Monday, August 25, 2025 12:57:42 AM
 Blitz 15/10 

Pairing 2/10 :    C0BR4_v2.1  -  V7P3R_v7.0

PGN-File: C:\Program Files (x86)\Arena\Tournaments\Engine Battle 20250824.pgn

No:  B/W 1/2     W:B       1:2           Time        Value Moves Dep 1:2       1-2-Draws
   2 B 1    1.0:0.0        1.0:1.0       12:59:42 AM   -10.00     5 4.000 :6.000  1-1-0

--------------------------------------------------------------

Engine-Match Monday, August 25, 2025 12:59:43 AM
 Blitz 15/10 

Pairing 3/10 :    Stockfish 1%  -  C0BR4_v2.1

PGN-File: C:\Program Files (x86)\Arena\Tournaments\Engine Battle 20250824.pgn

No:  B/W 1/2     W:B       1:2           Time        Value Moves Dep 1:2       1-2-Draws
   2 B 1    1.0:0.0        2.0:0.0       1:00:06 AM      -M1    17 30.647 :4.000  2-0-0

--------------------------------------------------------------

Engine-Match Monday, August 25, 2025 1:00:07 AM
 Blitz 15/10 

Pairing 4/10 :    V7P3R_v7.0  -  SlowMate_v3.0

PGN-File: C:\Program Files (x86)\Arena\Tournaments\Engine Battle 20250824.pgn

No:  B/W 1/2     W:B       1:2           Time        Value Moves Dep 1:2       1-2-Draws
   2 = =    0.5:0.5        0.5:1.5       1:23:34 AM   -10.00    44 5.650 :4.450  0-1-1

--------------------------------------------------------------

Engine-Match Monday, August 25, 2025 1:23:36 AM
 Blitz 15/10 

Pairing 5/10 :    Random_Opponent  -  V7P3R_v7.0

PGN-File: C:\Program Files (x86)\Arena\Tournaments\Engine Battle 20250824.pgn

No:  B/W 1/2     W:B       1:2           Time        Value Moves Dep 1:2       1-2-Draws
   2 W 2    1.5:0.5        0.5:1.5       1:28:35 AM    +M500    22 0:5.773  0-1-1

--------------------------------------------------------------

Engine-Match Monday, August 25, 2025 1:28:36 AM
 Blitz 15/10 

Pairing 6/10 :    SlowMate_v3.0  -  Stockfish 1%

PGN-File: C:\Program Files (x86)\Arena\Tournaments\Engine Battle 20250824.pgn

No:  B/W 1/2     W:B       1:2           Time        Value Moves Dep 1:2       1-2-Draws
   2 W 2    1.0:0.0        0.0:2.0       1:33:34 AM      +M1    12 5.273 :29.000  0-2-0

--------------------------------------------------------------

Engine-Match Monday, August 25, 2025 1:33:35 AM
 Blitz 15/10 

Pairing 7/10 :    C0BR4_v2.1  -  SlowMate_v3.0

PGN-File: C:\Program Files (x86)\Arena\Tournaments\Engine Battle 20250824.pgn

No:  B/W 1/2     W:B       1:2           Time        Value Moves Dep 1:2       1-2-Draws
   2 W 2    1.5:0.5        0.5:1.5       1:51:30 AM    -0.43    49 4.000 :4.630  0-1-1

--------------------------------------------------------------

Engine-Match Monday, August 25, 2025 1:51:31 AM
 Blitz 15/10 

Pairing 8/10 :    Stockfish 1%  -  Random_Opponent

PGN-File: C:\Program Files (x86)\Arena\Tournaments\Engine Battle 20250824.pgn

No:  B/W 1/2     W:B       1:2           Time        Value Moves Dep 1:2       1-2-Draws
   2 B 1    1.0:0.0        2.0:0.0       1:51:47 AM      -M1    17 26.118 :0 2-0-0

--------------------------------------------------------------

Engine-Match Monday, August 25, 2025 1:51:49 AM
 Blitz 15/10 

Pairing 9/10 :    V7P3R_v7.0  -  Stockfish 1%

PGN-File: C:\Program Files (x86)\Arena\Tournaments\Engine Battle 20250824.pgn

No:  B/W 1/2     W:B       1:2           Time        Value Moves Dep 1:2       1-2-Draws
   2 W 2    1.0:0.0        0.0:2.0       1:55:59 AM      +M1    20 5.579 :25.650  0-2-0

--------------------------------------------------------------

Engine-Match Monday, August 25, 2025 1:56:00 AM
 Blitz 15/10 

Pairing 10/10 :    Random_Opponent  -  C0BR4_v2.1

PGN-File: C:\Program Files (x86)\Arena\Tournaments\Engine Battle 20250824.pgn

No:  B/W 1/2     W:B       1:2           Time        Value Moves Dep 1:2       1-2-Draws
   2 W 2    1.0:0.0        0.0:2.0       1:56:04 AM  +299.99     4 0:4.000  0-2-0

--------------------------------------------------------------

Engine-Match Monday, August 25, 2025 1:56:10 AM
 Blitz 15/10 

Pairing 1/10 :    SlowMate_v3.0  -  Random_Opponent

PGN-File: C:\Program Files (x86)\Arena\Tournaments\Engine Battle 20250824.pgn

No:  B/W 1/2     W:B       1:2           Time        Value Moves Dep 1:2       1-2-Draws
   3 = =    1.0:1.0        2.0:1.0       2:05:28 AM     0.00    23 4.609 :0 1-0-2

--------------------------------------------------------------

Engine-Match Monday, August 25, 2025 2:05:29 AM
 Blitz 15/10 

Pairing 2/10 :    C0BR4_v2.1  -  V7P3R_v7.0

PGN-File: C:\Program Files (x86)\Arena\Tournaments\Engine Battle 20250824.pgn

No:  B/W 1/2     W:B       1:2           Time        Value Moves Dep 1:2       1-2-Draws
   3 B 2    1.0:0.0        1.0:2.0       2:07:22 AM  -193.00    12 4.000 :5.231  1-2-0

--------------------------------------------------------------

Engine-Match Monday, August 25, 2025 2:07:24 AM
 Blitz 15/10 

Pairing 3/10 :    Stockfish 1%  -  C0BR4_v2.1

PGN-File: C:\Program Files (x86)\Arena\Tournaments\Engine Battle 20250824.pgn

No:  B/W 1/2     W:B       1:2           Time        Value Moves Dep 1:2       1-2-Draws
   3 W 1    1.0:0.0        3.0:0.0       2:07:37 AM    +4.85    12 19.231 :4.000  3-0-0

--------------------------------------------------------------

Engine-Match Monday, August 25, 2025 2:07:38 AM
 Blitz 15/10 

Pairing 4/10 :    V7P3R_v7.0  -  SlowMate_v3.0

PGN-File: C:\Program Files (x86)\Arena\Tournaments\Engine Battle 20250824.pgn

No:  B/W 1/2     W:B       1:2           Time        Value Moves Dep 1:2       1-2-Draws
   3 = =    1.0:1.0        1.0:2.0       2:38:44 AM    -0.20    62 5.405 :4.405  0-1-2

--------------------------------------------------------------

Engine-Match Monday, August 25, 2025 2:38:46 AM
 Blitz 15/10 

Pairing 5/10 :    Random_Opponent  -  V7P3R_v7.0

PGN-File: C:\Program Files (x86)\Arena\Tournaments\Engine Battle 20250824.pgn

No:  B/W 1/2     W:B       1:2           Time        Value Moves Dep 1:2       1-2-Draws
   3 B 2    1.5:0.5        0.5:2.5       2:43:27 AM    -M500    20 0:5.900  0-2-1

--------------------------------------------------------------

Engine-Match Monday, August 25, 2025 2:43:28 AM
 Blitz 15/10 

Pairing 6/10 :    SlowMate_v3.0  -  Stockfish 1%

PGN-File: C:\Program Files (x86)\Arena\Tournaments\Engine Battle 20250824.pgn

No:  B/W 1/2     W:B       1:2           Time        Value Moves Dep 1:2       1-2-Draws
   3 B 2    1.0:0.0        0.0:3.0       2:51:51 AM      -M1    20 4.500 :24.900  0-3-0

--------------------------------------------------------------

Engine-Match Monday, August 25, 2025 2:51:52 AM
 Blitz 15/10 

Pairing 7/10 :    C0BR4_v2.1  -  SlowMate_v3.0

PGN-File: C:\Program Files (x86)\Arena\Tournaments\Engine Battle 20250824.pgn

No:  B/W 1/2     W:B       1:2           Time        Value Moves Dep 1:2       1-2-Draws
   3 = =    1.0:1.0        1.0:2.0       3:10:38 AM    -5.95    55 4.000 :4.800  0-1-2

--------------------------------------------------------------

Engine-Match Monday, August 25, 2025 3:10:40 AM
 Blitz 15/10 

Pairing 8/10 :    Stockfish 1%  -  Random_Opponent

PGN-File: C:\Program Files (x86)\Arena\Tournaments\Engine Battle 20250824.pgn

No:  B/W 1/2     W:B       1:2           Time        Value Moves Dep 1:2       1-2-Draws
   3 W 1    1.0:0.0        3.0:0.0       3:10:51 AM      +M1    12 24.333 :0 3-0-0

--------------------------------------------------------------

Engine-Match Monday, August 25, 2025 3:10:52 AM
 Blitz 15/10 

Pairing 9/10 :    V7P3R_v7.0  -  Stockfish 1%

PGN-File: C:\Program Files (x86)\Arena\Tournaments\Engine Battle 20250824.pgn

No:  B/W 1/2     W:B       1:2           Time        Value Moves Dep 1:2       1-2-Draws
   3 B 2    1.0:0.0        0.0:3.0       3:13:39 AM    -M384    10 5.700 :19.333  0-3-0

--------------------------------------------------------------

Engine-Match Monday, August 25, 2025 3:13:41 AM
 Blitz 15/10 

Pairing 10/10 :    Random_Opponent  -  C0BR4_v2.1

PGN-File: C:\Program Files (x86)\Arena\Tournaments\Engine Battle 20250824.pgn

No:  B/W 1/2     W:B       1:2           Time        Value Moves Dep 1:2       1-2-Draws
   3 W 1    1.0:0.0        1.0:2.0       3:13:44 AM     0.00     4 0:0 1-2-0

--------------------------------------------------------------

Engine-Match Monday, August 25, 2025 3:13:45 AM
 Blitz 15/10 

Pairing 1/10 :    SlowMate_v3.0  -  Random_Opponent

PGN-File: C:\Program Files (x86)\Arena\Tournaments\Engine Battle 20250824.pgn

No:  B/W 1/2     W:B       1:2           Time        Value Moves Dep 1:2       1-2-Draws
   4 = =    1.5:1.5        2.5:1.5       3:26:47 AM  -200.00    34 4.559 :0 1-0-3

--------------------------------------------------------------

Engine-Match Monday, August 25, 2025 3:26:48 AM
 Blitz 15/10 

Pairing 2/10 :    C0BR4_v2.1  -  V7P3R_v7.0

PGN-File: C:\Program Files (x86)\Arena\Tournaments\Engine Battle 20250824.pgn

No:  B/W 1/2     W:B       1:2           Time        Value Moves Dep 1:2       1-2-Draws
   4 B 1    1.0:0.0        2.0:2.0       3:29:40 AM  -171.00    12 4.000 :5.583  2-2-0

--------------------------------------------------------------

Engine-Match Monday, August 25, 2025 3:29:41 AM
 Blitz 15/10 

Pairing 3/10 :    Stockfish 1%  -  C0BR4_v2.1

PGN-File: C:\Program Files (x86)\Arena\Tournaments\Engine Battle 20250824.pgn

No:  B/W 1/2     W:B       1:2           Time        Value Moves Dep 1:2       1-2-Draws
   4 B 1    1.0:0.0        4.0:0.0       3:29:53 AM    -5.92    12 19.615 :4.000  4-0-0

--------------------------------------------------------------

Engine-Match Monday, August 25, 2025 3:29:54 AM
 Blitz 15/10 

Pairing 4/10 :    V7P3R_v7.0  -  SlowMate_v3.0

PGN-File: C:\Program Files (x86)\Arena\Tournaments\Engine Battle 20250824.pgn

No:  B/W 1/2     W:B       1:2           Time        Value Moves Dep 1:2       1-2-Draws
   4 = =    1.5:1.5        1.5:2.5       3:53:36 AM   -10.00    46 5.600 :4.450  0-1-3

--------------------------------------------------------------

Engine-Match Monday, August 25, 2025 3:53:38 AM
 Blitz 15/10 

Pairing 5/10 :    Random_Opponent  -  V7P3R_v7.0

PGN-File: C:\Program Files (x86)\Arena\Tournaments\Engine Battle 20250824.pgn

No:  B/W 1/2     W:B       1:2           Time        Value Moves Dep 1:2       1-2-Draws
   4 = =    1.0:1.0        1.0:3.0       4:00:11 AM     0.00    39 0:5.590  0-2-2

--------------------------------------------------------------

Engine-Match Monday, August 25, 2025 4:00:12 AM
 Blitz 15/10 

Pairing 6/10 :    SlowMate_v3.0  -  Stockfish 1%

PGN-File: C:\Program Files (x86)\Arena\Tournaments\Engine Battle 20250824.pgn

No:  B/W 1/2     W:B       1:2           Time        Value Moves Dep 1:2       1-2-Draws
   4 W 2    1.0:0.0        0.0:4.0       4:05:09 AM      +M1    12 5.273 :29.000  0-4-0

--------------------------------------------------------------

Engine-Match Monday, August 25, 2025 4:05:10 AM
 Blitz 15/10 

Pairing 7/10 :    C0BR4_v2.1  -  SlowMate_v3.0

PGN-File: C:\Program Files (x86)\Arena\Tournaments\Engine Battle 20250824.pgn

No:  B/W 1/2     W:B       1:2           Time        Value Moves Dep 1:2       1-2-Draws
   4 = =    1.5:1.5        1.5:2.5       4:24:39 AM    +8.54    56 4.000 :4.828  0-1-3

--------------------------------------------------------------

Engine-Match Monday, August 25, 2025 4:24:41 AM
 Blitz 15/10 

Pairing 8/10 :    Stockfish 1%  -  Random_Opponent

PGN-File: C:\Program Files (x86)\Arena\Tournaments\Engine Battle 20250824.pgn

No:  B/W 1/2     W:B       1:2           Time        Value Moves Dep 1:2       1-2-Draws
   4 B 1    1.0:0.0        4.0:0.0       4:24:57 AM      -M1    15 27.400 :0 4-0-0

--------------------------------------------------------------

Engine-Match Monday, August 25, 2025 4:24:58 AM
 Blitz 15/10 

Pairing 9/10 :    V7P3R_v7.0  -  Stockfish 1%

PGN-File: C:\Program Files (x86)\Arena\Tournaments\Engine Battle 20250824.pgn

No:  B/W 1/2     W:B       1:2           Time        Value Moves Dep 1:2       1-2-Draws
   4 W 2    1.0:0.0        0.0:4.0       4:28:15 AM    +M500    19 5.579 :17.737  0-4-0

--------------------------------------------------------------

Engine-Match Monday, August 25, 2025 4:28:16 AM
 Blitz 15/10 

Pairing 10/10 :    Random_Opponent  -  C0BR4_v2.1

PGN-File: C:\Program Files (x86)\Arena\Tournaments\Engine Battle 20250824.pgn

No:  B/W 1/2     W:B       1:2           Time        Value Moves Dep 1:2       1-2-Draws
   4 W 2    1.0:0.0        1.0:3.0       4:28:26 AM  +299.99    18 0:4.000  1-3-0

--------------------------------------------------------------

Engine-Match Monday, August 25, 2025 4:28:32 AM
 Blitz 15/10 

Pairing 1/10 :    SlowMate_v3.0  -  Random_Opponent

PGN-File: C:\Program Files (x86)\Arena\Tournaments\Engine Battle 20250824.pgn

No:  B/W 1/2     W:B       1:2           Time        Value Moves Dep 1:2       1-2-Draws
   5 W 1    2.5:1.5        3.5:1.5       4:40:31 AM  +172.13    31 4.536 :0 2-0-3

--------------------------------------------------------------

Engine-Match Monday, August 25, 2025 4:40:32 AM
 Blitz 15/10 

Pairing 2/10 :    C0BR4_v2.1  -  V7P3R_v7.0

PGN-File: C:\Program Files (x86)\Arena\Tournaments\Engine Battle 20250824.pgn

No:  B/W 1/2     W:B       1:2           Time        Value Moves Dep 1:2       1-2-Draws
   5 B 2    1.0:0.0        2.0:3.0       4:41:27 AM   -20.00     5 4.000 :6.000  2-3-0

--------------------------------------------------------------

Engine-Match Monday, August 25, 2025 4:41:29 AM
 Blitz 15/10 

Pairing 3/10 :    Stockfish 1%  -  C0BR4_v2.1

PGN-File: C:\Program Files (x86)\Arena\Tournaments\Engine Battle 20250824.pgn

No:  B/W 1/2     W:B       1:2           Time        Value Moves Dep 1:2       1-2-Draws
   5 W 1    1.0:0.0        5.0:0.0       4:41:44 AM      +M2    17 24.500 :4.000  5-0-0

--------------------------------------------------------------

Engine-Match Monday, August 25, 2025 4:41:46 AM
 Blitz 15/10 

Pairing 4/10 :    V7P3R_v7.0  -  SlowMate_v3.0

PGN-File: C:\Program Files (x86)\Arena\Tournaments\Engine Battle 20250824.pgn

No:  B/W 1/2     W:B       1:2           Time        Value Moves Dep 1:2       1-2-Draws
   5 = =    2.0:2.0        2.0:3.0       5:12:56 AM    -0.20    62 5.405 :4.405  0-1-4

--------------------------------------------------------------

Engine-Match Monday, August 25, 2025 5:12:57 AM
 Blitz 15/10 

Pairing 5/10 :    Random_Opponent  -  V7P3R_v7.0

PGN-File: C:\Program Files (x86)\Arena\Tournaments\Engine Battle 20250824.pgn

No:  B/W 1/2     W:B       1:2           Time        Value Moves Dep 1:2       1-2-Draws
   5 B 2    2.0:1.0        1.0:4.0       5:14:24 AM    -M500     6 0:5.833  0-3-2

--------------------------------------------------------------

Engine-Match Monday, August 25, 2025 5:14:25 AM
 Blitz 15/10 

Pairing 6/10 :    SlowMate_v3.0  -  Stockfish 1%

PGN-File: C:\Program Files (x86)\Arena\Tournaments\Engine Battle 20250824.pgn

No:  B/W 1/2     W:B       1:2           Time        Value Moves Dep 1:2       1-2-Draws
   5 B 2    1.0:0.0        0.0:5.0       5:24:01 AM      -M1    23 3.957 :21.870  0-5-0

--------------------------------------------------------------

Engine-Match Monday, August 25, 2025 5:24:02 AM
 Blitz 15/10 

Pairing 7/10 :    C0BR4_v2.1  -  SlowMate_v3.0

PGN-File: C:\Program Files (x86)\Arena\Tournaments\Engine Battle 20250824.pgn

No:  B/W 1/2     W:B       1:2           Time        Value Moves Dep 1:2       1-2-Draws
   5 B 2    2.5:1.5        1.5:3.5       5:30:04 AM   -13.27    14 4.000 :4.667  0-2-3

--------------------------------------------------------------

Engine-Match Monday, August 25, 2025 5:30:06 AM
 Blitz 15/10 

Pairing 8/10 :    Stockfish 1%  -  Random_Opponent

PGN-File: C:\Program Files (x86)\Arena\Tournaments\Engine Battle 20250824.pgn

No:  B/W 1/2     W:B       1:2           Time        Value Moves Dep 1:2       1-2-Draws
   5 W 1    1.0:0.0        5.0:0.0       5:30:18 AM      +M1    11 34.364 :0 5-0-0

--------------------------------------------------------------

Engine-Match Monday, August 25, 2025 5:30:19 AM
 Blitz 15/10 

Pairing 9/10 :    V7P3R_v7.0  -  Stockfish 1%

PGN-File: C:\Program Files (x86)\Arena\Tournaments\Engine Battle 20250824.pgn

No:  B/W 1/2     W:B       1:2           Time        Value Moves Dep 1:2       1-2-Draws
   5 B 2    1.0:0.0        0.0:5.0       5:33:07 AM  -315.00    10 5.700 :18.889  0-5-0

--------------------------------------------------------------

Engine-Match Monday, August 25, 2025 5:33:08 AM
 Blitz 15/10 

Pairing 10/10 :    Random_Opponent  -  C0BR4_v2.1

PGN-File: C:\Program Files (x86)\Arena\Tournaments\Engine Battle 20250824.pgn

No:  B/W 1/2     W:B       1:2           Time        Value Moves Dep 1:2       1-2-Draws
   5 W 1    1.0:0.0        2.0:3.0       5:33:11 AM     0.00     3 0:0 2-3-0

--------------------------------------------------------------

Engine-Match Monday, August 25, 2025 5:33:12 AM
 Blitz 15/10 

Pairing 1/10 :    SlowMate_v3.0  -  Random_Opponent

PGN-File: C:\Program Files (x86)\Arena\Tournaments\Engine Battle 20250824.pgn

No:  B/W 1/2     W:B       1:2           Time        Value Moves Dep 1:2       1-2-Draws
   6 = =    2.0:2.0        4.0:2.0       5:41:59 AM     0.00    22 4.619 :0 2-0-4

--------------------------------------------------------------

Engine-Match Monday, August 25, 2025 5:42:00 AM
 Blitz 15/10 

Pairing 2/10 :    C0BR4_v2.1  -  V7P3R_v7.0

PGN-File: C:\Program Files (x86)\Arena\Tournaments\Engine Battle 20250824.pgn

No:  B/W 1/2     W:B       1:2           Time        Value Moves Dep 1:2       1-2-Draws
   6 W 2    1.0:0.0        2.0:4.0       5:45:59 AM   +12.43    21 4.000 :5.476  2-4-0

--------------------------------------------------------------

Engine-Match Monday, August 25, 2025 5:46:00 AM
 Blitz 15/10 

Pairing 3/10 :    Stockfish 1%  -  C0BR4_v2.1

PGN-File: C:\Program Files (x86)\Arena\Tournaments\Engine Battle 20250824.pgn

No:  B/W 1/2     W:B       1:2           Time        Value Moves Dep 1:2       1-2-Draws
   6 B 1    1.0:0.0        6.0:0.0       5:46:14 AM    -6.96    14 18.267 :4.000  6-0-0

--------------------------------------------------------------

Engine-Match Monday, August 25, 2025 5:46:15 AM
 Blitz 15/10 

Pairing 4/10 :    V7P3R_v7.0  -  SlowMate_v3.0

PGN-File: C:\Program Files (x86)\Arena\Tournaments\Engine Battle 20250824.pgn

No:  B/W 1/2     W:B       1:2           Time        Value Moves Dep 1:2       1-2-Draws
   6 = =    2.5:2.5        2.5:3.5       6:10:14 AM   -10.00    46 5.650 :4.450  0-1-5

--------------------------------------------------------------

Engine-Match Monday, August 25, 2025 6:10:15 AM
 Blitz 15/10 

Pairing 5/10 :    Random_Opponent  -  V7P3R_v7.0

PGN-File: C:\Program Files (x86)\Arena\Tournaments\Engine Battle 20250824.pgn

No:  B/W 1/2     W:B       1:2           Time        Value Moves Dep 1:2       1-2-Draws
   6 W 2    2.0:1.0        1.0:5.0       6:13:09 AM    +M500    15 0:5.533  0-4-2

--------------------------------------------------------------

Engine-Match Monday, August 25, 2025 6:13:10 AM
 Blitz 15/10 

Pairing 6/10 :    SlowMate_v3.0  -  Stockfish 1%

PGN-File: C:\Program Files (x86)\Arena\Tournaments\Engine Battle 20250824.pgn

No:  B/W 1/2     W:B       1:2           Time        Value Moves Dep 1:2       1-2-Draws
   6 W 2    1.0:0.0        0.0:6.0       6:18:06 AM      +M1    12 5.273 :28.917  0-6-0

--------------------------------------------------------------

Engine-Match Monday, August 25, 2025 6:18:08 AM
 Blitz 15/10 

Pairing 7/10 :    C0BR4_v2.1  -  SlowMate_v3.0

PGN-File: C:\Program Files (x86)\Arena\Tournaments\Engine Battle 20250824.pgn

No:  B/W 1/2     W:B       1:2           Time        Value Moves Dep 1:2       1-2-Draws
   6 W 2    2.5:1.5        1.5:4.5       6:30:39 AM    -1.76    32 4.000 :4.606  0-3-3

--------------------------------------------------------------

Engine-Match Monday, August 25, 2025 6:30:40 AM
 Blitz 15/10 

Pairing 8/10 :    Stockfish 1%  -  Random_Opponent

PGN-File: C:\Program Files (x86)\Arena\Tournaments\Engine Battle 20250824.pgn

No:  B/W 1/2     W:B       1:2           Time        Value Moves Dep 1:2       1-2-Draws
   6 B 1    1.0:0.0        6.0:0.0       6:30:53 AM      -M1    12 24.750 :0 6-0-0

--------------------------------------------------------------

Engine-Match Monday, August 25, 2025 6:30:54 AM
 Blitz 15/10 

Pairing 9/10 :    V7P3R_v7.0  -  Stockfish 1%

PGN-File: C:\Program Files (x86)\Arena\Tournaments\Engine Battle 20250824.pgn

No:  B/W 1/2     W:B       1:2           Time        Value Moves Dep 1:2       1-2-Draws
   6 W 2    1.0:0.0        0.0:6.0       6:34:13 AM    +M500    18 5.667 :19.056  0-6-0

--------------------------------------------------------------

Engine-Match Monday, August 25, 2025 6:34:14 AM
 Blitz 15/10 

Pairing 10/10 :    Random_Opponent  -  C0BR4_v2.1

PGN-File: C:\Program Files (x86)\Arena\Tournaments\Engine Battle 20250824.pgn

No:  B/W 1/2     W:B       1:2           Time        Value Moves Dep 1:2       1-2-Draws
   6 W 2    1.0:0.0        2.0:4.0       6:34:26 AM  +299.99    15 0:4.000  2-4-0

--------------------------------------------------------------

Engine-Match Monday, August 25, 2025 6:34:32 AM
 Blitz 15/10 

Pairing 1/10 :    SlowMate_v3.0  -  Random_Opponent

PGN-File: C:\Program Files (x86)\Arena\Tournaments\Engine Battle 20250824.pgn

No:  B/W 1/2     W:B       1:2           Time        Value Moves Dep 1:2       1-2-Draws
   7 = =    2.5:2.5        4.5:2.5       6:49:37 AM   +48.53    41 4.439 :0 2-0-5

--------------------------------------------------------------

Engine-Match Monday, August 25, 2025 6:49:39 AM
 Blitz 15/10 

Pairing 2/10 :    C0BR4_v2.1  -  V7P3R_v7.0

PGN-File: C:\Program Files (x86)\Arena\Tournaments\Engine Battle 20250824.pgn

No:  B/W 1/2     W:B       1:2           Time        Value Moves Dep 1:2       1-2-Draws
   7 B 2    1.0:0.0        2.0:5.0       6:51:45 AM   -30.00    13 4.000 :5.286  2-5-0

--------------------------------------------------------------

Engine-Match Monday, August 25, 2025 6:51:46 AM
 Blitz 15/10 

Pairing 3/10 :    Stockfish 1%  -  C0BR4_v2.1

PGN-File: C:\Program Files (x86)\Arena\Tournaments\Engine Battle 20250824.pgn

No:  B/W 1/2     W:B       1:2           Time        Value Moves Dep 1:2       1-2-Draws
   7 W 1    1.0:0.0        7.0:0.0       6:51:53 AM    +5.88     7 18.875 :4.000  7-0-0

--------------------------------------------------------------

Engine-Match Monday, August 25, 2025 6:51:55 AM
 Blitz 15/10 

Pairing 4/10 :    V7P3R_v7.0  -  SlowMate_v3.0

PGN-File: C:\Program Files (x86)\Arena\Tournaments\Engine Battle 20250824.pgn

No:  B/W 1/2     W:B       1:2           Time        Value Moves Dep 1:2       1-2-Draws
   7 = =    3.0:3.0        3.0:4.0       7:23:03 AM    -0.20    62 5.405 :4.405  0-1-6

--------------------------------------------------------------

Engine-Match Monday, August 25, 2025 7:23:05 AM
 Blitz 15/10 

Pairing 5/10 :    Random_Opponent  -  V7P3R_v7.0

PGN-File: C:\Program Files (x86)\Arena\Tournaments\Engine Battle 20250824.pgn

No:  B/W 1/2     W:B       1:2           Time        Value Moves Dep 1:2       1-2-Draws
   7 = =    1.5:1.5        1.5:5.5       7:27:19 AM     0.00    16 0:5.733  0-4-3

--------------------------------------------------------------

Engine-Match Monday, August 25, 2025 7:27:20 AM
 Blitz 15/10 

Pairing 6/10 :    SlowMate_v3.0  -  Stockfish 1%

PGN-File: C:\Program Files (x86)\Arena\Tournaments\Engine Battle 20250824.pgn

No:  B/W 1/2     W:B       1:2           Time        Value Moves Dep 1:2       1-2-Draws
   7 B 2    1.0:0.0        0.0:7.0       7:37:26 AM      -M1    25 4.391 :21.955  0-7-0

--------------------------------------------------------------

Engine-Match Monday, August 25, 2025 7:37:27 AM
 Blitz 15/10 

Pairing 7/10 :    C0BR4_v2.1  -  SlowMate_v3.0

PGN-File: C:\Program Files (x86)\Arena\Tournaments\Engine Battle 20250824.pgn

No:  B/W 1/2     W:B       1:2           Time        Value Moves Dep 1:2       1-2-Draws
   7 = =    2.0:2.0        2.0:5.0       7:56:14 AM    -5.95    55 4.000 :4.800  0-3-4

--------------------------------------------------------------

Engine-Match Monday, August 25, 2025 7:56:16 AM
 Blitz 15/10 

Pairing 8/10 :    Stockfish 1%  -  Random_Opponent

PGN-File: C:\Program Files (x86)\Arena\Tournaments\Engine Battle 20250824.pgn

No:  B/W 1/2     W:B       1:2           Time        Value Moves Dep 1:2       1-2-Draws
   7 W 1    1.0:0.0        7.0:0.0       7:56:39 AM      +M1    12 30.417 :0 7-0-0

--------------------------------------------------------------

Engine-Match Monday, August 25, 2025 7:56:40 AM
 Blitz 15/10 

Pairing 9/10 :    V7P3R_v7.0  -  Stockfish 1%

PGN-File: C:\Program Files (x86)\Arena\Tournaments\Engine Battle 20250824.pgn

No:  B/W 1/2     W:B       1:2           Time        Value Moves Dep 1:2       1-2-Draws
   7 B 2    1.0:0.0        0.0:7.0       7:59:32 AM  -315.00    10 5.700 :18.889  0-7-0

--------------------------------------------------------------

Engine-Match Monday, August 25, 2025 7:59:34 AM
 Blitz 15/10 

Pairing 10/10 :    Random_Opponent  -  C0BR4_v2.1

PGN-File: C:\Program Files (x86)\Arena\Tournaments\Engine Battle 20250824.pgn

No:  B/W 1/2     W:B       1:2           Time        Value Moves Dep 1:2       1-2-Draws
   7 B 2    1.0:0.0        2.0:5.0       7:59:47 AM  -299.99    25 0:4.000  2-5-0

--------------------------------------------------------------

Engine-Match Monday, August 25, 2025 7:59:48 AM
 Blitz 15/10 

Pairing 1/10 :    SlowMate_v3.0  -  Random_Opponent

PGN-File: C:\Program Files (x86)\Arena\Tournaments\Engine Battle 20250824.pgn

No:  B/W 1/2     W:B       1:2           Time        Value Moves Dep 1:2       1-2-Draws
   8 = =    3.0:3.0        5.0:3.0       8:13:42 AM  -200.00    37 4.459 :0 2-0-6

--------------------------------------------------------------

Engine-Match Monday, August 25, 2025 8:13:43 AM
 Blitz 15/10 

Pairing 2/10 :    C0BR4_v2.1  -  V7P3R_v7.0

PGN-File: C:\Program Files (x86)\Arena\Tournaments\Engine Battle 20250824.pgn

No:  B/W 1/2     W:B       1:2           Time        Value Moves Dep 1:2       1-2-Draws
   8 W 2    1.0:0.0        2.0:6.0       8:15:44 AM    +M500     9 4.000 :5.400  2-6-0

--------------------------------------------------------------

Engine-Match Monday, August 25, 2025 8:15:45 AM
 Blitz 15/10 

Pairing 3/10 :    Stockfish 1%  -  C0BR4_v2.1

PGN-File: C:\Program Files (x86)\Arena\Tournaments\Engine Battle 20250824.pgn

No:  B/W 1/2     W:B       1:2           Time        Value Moves Dep 1:2       1-2-Draws
   8 B 1    1.0:0.0        8.0:0.0       8:15:59 AM    -6.96    14 18.267 :4.000  8-0-0

--------------------------------------------------------------

Engine-Match Monday, August 25, 2025 8:16:00 AM
 Blitz 15/10 

Pairing 4/10 :    V7P3R_v7.0  -  SlowMate_v3.0

PGN-File: C:\Program Files (x86)\Arena\Tournaments\Engine Battle 20250824.pgn

No:  B/W 1/2     W:B       1:2           Time        Value Moves Dep 1:2       1-2-Draws
   8 B 1    4.0:3.0        4.0:4.0       8:31:01 AM    -M500    26 5.615 :4.538  1-1-6

--------------------------------------------------------------

Engine-Match Monday, August 25, 2025 8:31:03 AM
 Blitz 15/10 

Pairing 5/10 :    Random_Opponent  -  V7P3R_v7.0

PGN-File: C:\Program Files (x86)\Arena\Tournaments\Engine Battle 20250824.pgn

No:  B/W 1/2     W:B       1:2           Time        Value Moves Dep 1:2       1-2-Draws
   8 W 2    2.5:1.5        1.5:6.5       8:34:01 AM    +M500    13 0:5.923  0-5-3

--------------------------------------------------------------

Engine-Match Monday, August 25, 2025 8:34:02 AM
 Blitz 15/10 

Pairing 6/10 :    SlowMate_v3.0  -  Stockfish 1%

PGN-File: C:\Program Files (x86)\Arena\Tournaments\Engine Battle 20250824.pgn

No:  B/W 1/2     W:B       1:2           Time        Value Moves Dep 1:2       1-2-Draws
   8 W 2    1.0:0.0        0.0:8.0       8:38:59 AM      +M1    12 5.273 :28.917  0-8-0

--------------------------------------------------------------

Engine-Match Monday, August 25, 2025 8:39:00 AM
 Blitz 15/10 

Pairing 7/10 :    C0BR4_v2.1  -  SlowMate_v3.0

PGN-File: C:\Program Files (x86)\Arena\Tournaments\Engine Battle 20250824.pgn

No:  B/W 1/2     W:B       1:2           Time        Value Moves Dep 1:2       1-2-Draws
   8 B 1    3.0:2.0        3.0:5.0       8:48:27 AM  -299.99    23 4.000 :4.762  1-3-4

--------------------------------------------------------------

Engine-Match Monday, August 25, 2025 8:48:28 AM
 Blitz 15/10 

Pairing 8/10 :    Stockfish 1%  -  Random_Opponent

PGN-File: C:\Program Files (x86)\Arena\Tournaments\Engine Battle 20250824.pgn

No:  B/W 1/2     W:B       1:2           Time        Value Moves Dep 1:2       1-2-Draws
   8 B 1    1.0:0.0        8.0:0.0       8:48:37 AM      -M1     5 51.400 :0 8-0-0

--------------------------------------------------------------

Engine-Match Monday, August 25, 2025 8:48:38 AM
 Blitz 15/10 

Pairing 9/10 :    V7P3R_v7.0  -  Stockfish 1%

PGN-File: C:\Program Files (x86)\Arena\Tournaments\Engine Battle 20250824.pgn

No:  B/W 1/2     W:B       1:2           Time        Value Moves Dep 1:2       1-2-Draws
   8 W 2    1.0:0.0        0.0:8.0       8:51:47 AM    +M500    19 5.632 :18.895  0-8-0

--------------------------------------------------------------

Engine-Match Monday, August 25, 2025 8:51:48 AM
 Blitz 15/10 

Pairing 10/10 :    Random_Opponent  -  C0BR4_v2.1

PGN-File: C:\Program Files (x86)\Arena\Tournaments\Engine Battle 20250824.pgn

No:  B/W 1/2     W:B       1:2           Time        Value Moves Dep 1:2       1-2-Draws
   8 W 2    1.0:0.0        2.0:6.0       8:51:53 AM  +299.99     6 0:4.000  2-6-0

--------------------------------------------------------------

Engine-Match Monday, August 25, 2025 8:51:59 AM
 Blitz 15/10 

Pairing 1/10 :    SlowMate_v3.0  -  Random_Opponent

PGN-File: C:\Program Files (x86)\Arena\Tournaments\Engine Battle 20250824.pgn

No:  B/W 1/2     W:B       1:2           Time        Value Moves Dep 1:2       1-2-Draws
   9 = =    3.5:3.5        5.5:3.5       9:07:28 AM   +40.30    42 4.656 :0 2-0-7

--------------------------------------------------------------

Engine-Match Monday, August 25, 2025 9:07:30 AM
 Blitz 15/10 

Pairing 2/10 :    C0BR4_v2.1  -  V7P3R_v7.0

PGN-File: C:\Program Files (x86)\Arena\Tournaments\Engine Battle 20250824.pgn

No:  B/W 1/2     W:B       1:2           Time        Value Moves Dep 1:2       1-2-Draws
   9 B 2    1.0:0.0        2.0:7.0       9:09:34 AM   +95.00     6 4.000 :5.857  2-7-0

--------------------------------------------------------------

Engine-Match Monday, August 25, 2025 9:09:35 AM
 Blitz 15/10 

Pairing 3/10 :    Stockfish 1%  -  C0BR4_v2.1

PGN-File: C:\Program Files (x86)\Arena\Tournaments\Engine Battle 20250824.pgn

No:  B/W 1/2     W:B       1:2           Time        Value Moves Dep 1:2       1-2-Draws
   9 W 1    1.0:0.0        9.0:0.0       9:09:44 AM    +1.10     9 18.400 :4.000  9-0-0

--------------------------------------------------------------

Engine-Match Monday, August 25, 2025 9:09:46 AM
 Blitz 15/10 

Pairing 4/10 :    V7P3R_v7.0  -  SlowMate_v3.0

PGN-File: C:\Program Files (x86)\Arena\Tournaments\Engine Battle 20250824.pgn

No:  B/W 1/2     W:B       1:2           Time        Value Moves Dep 1:2       1-2-Draws
   9 = =    3.5:3.5        4.5:4.5       9:40:50 AM    -0.20    62 5.405 :4.405  1-1-7

--------------------------------------------------------------

Engine-Match Monday, August 25, 2025 9:40:51 AM
 Blitz 15/10 

Pairing 5/10 :    Random_Opponent  -  V7P3R_v7.0

PGN-File: C:\Program Files (x86)\Arena\Tournaments\Engine Battle 20250824.pgn

No:  B/W 1/2     W:B       1:2           Time        Value Moves Dep 1:2       1-2-Draws
   9 B 2    2.5:1.5        1.5:7.5       9:42:16 AM    -M500     6 0:6.000  0-6-3

--------------------------------------------------------------

Engine-Match Monday, August 25, 2025 9:42:17 AM
 Blitz 15/10 

Pairing 6/10 :    SlowMate_v3.0  -  Stockfish 1%

PGN-File: C:\Program Files (x86)\Arena\Tournaments\Engine Battle 20250824.pgn

No:  B/W 1/2     W:B       1:2           Time        Value Moves Dep 1:2       1-2-Draws
   9 B 2    1.0:0.0        0.0:9.0       9:53:31 AM      -M1    28 4.071 :22.393  0-9-0

--------------------------------------------------------------

Engine-Match Monday, August 25, 2025 9:53:33 AM
 Blitz 15/10 

Pairing 7/10 :    C0BR4_v2.1  -  SlowMate_v3.0

PGN-File: C:\Program Files (x86)\Arena\Tournaments\Engine Battle 20250824.pgn

No:  B/W 1/2     W:B       1:2           Time        Value Moves Dep 1:2       1-2-Draws
   9 B 2    3.0:2.0        3.0:6.0       10:03:02 AM    -5.95    23 4.000 :4.333  1-4-4

--------------------------------------------------------------

Engine-Match Monday, August 25, 2025 10:03:03 AM
 Blitz 15/10 

Pairing 8/10 :    Stockfish 1%  -  Random_Opponent

PGN-File: C:\Program Files (x86)\Arena\Tournaments\Engine Battle 20250824.pgn

No:  B/W 1/2     W:B       1:2           Time        Value Moves Dep 1:2       1-2-Draws
   9 W 1    1.0:0.0        9.0:0.0       10:03:23 AM      +M1    20 28.800 :0 9-0-0

--------------------------------------------------------------

Engine-Match Monday, August 25, 2025 10:03:25 AM
 Blitz 15/10 

Pairing 9/10 :    V7P3R_v7.0  -  Stockfish 1%

PGN-File: C:\Program Files (x86)\Arena\Tournaments\Engine Battle 20250824.pgn

No:  B/W 1/2     W:B       1:2           Time        Value Moves Dep 1:2       1-2-Draws
   9 B 2    1.0:0.0        0.0:9.0       10:06:11 AM  -315.00    10 5.700 :18.889  0-9-0

--------------------------------------------------------------

Engine-Match Monday, August 25, 2025 10:06:12 AM
 Blitz 15/10 

Pairing 10/10 :    Random_Opponent  -  C0BR4_v2.1

PGN-File: C:\Program Files (x86)\Arena\Tournaments\Engine Battle 20250824.pgn

No:  B/W 1/2     W:B       1:2           Time        Value Moves Dep 1:2       1-2-Draws
   9 B 2    1.0:0.0        2.0:7.0       10:06:23 AM  -299.99    19 0:4.000  2-7-0

--------------------------------------------------------------

Engine-Match Monday, August 25, 2025 10:06:25 AM
 Blitz 15/10 

Pairing 1/10 :    SlowMate_v3.0  -  Random_Opponent

PGN-File: C:\Program Files (x86)\Arena\Tournaments\Engine Battle 20250824.pgn

No:  B/W 1/2     W:B       1:2           Time        Value Moves Dep 1:2       1-2-Draws
  10 = =    4.0:4.0        6.0:4.0       10:17:31 AM  -200.00    28 4.929 :0 2-0-8

--------------------------------------------------------------

Engine-Match Monday, August 25, 2025 10:17:33 AM
 Blitz 15/10 

Pairing 2/10 :    C0BR4_v2.1  -  V7P3R_v7.0

PGN-File: C:\Program Files (x86)\Arena\Tournaments\Engine Battle 20250824.pgn

No:  B/W 1/2     W:B       1:2           Time        Value Moves Dep 1:2       1-2-Draws
  10 W 2    1.0:0.0        2.0:8.0       10:26:45 AM   +11.90    57 4.000 :5.519  2-8-0

--------------------------------------------------------------

Engine-Match Monday, August 25, 2025 10:26:46 AM
 Blitz 15/10 

Pairing 3/10 :    Stockfish 1%  -  C0BR4_v2.1

PGN-File: C:\Program Files (x86)\Arena\Tournaments\Engine Battle 20250824.pgn

No:  B/W 1/2     W:B       1:2           Time        Value Moves Dep 1:2       1-2-Draws
  10 B 1    1.0:0.0        10.0:0.0      10:27:00 AM      -M1    14 26.429 :4.000  10-0-0

--------------------------------------------------------------

Engine-Match Monday, August 25, 2025 10:27:01 AM
 Blitz 15/10 

Pairing 4/10 :    V7P3R_v7.0  -  SlowMate_v3.0

PGN-File: C:\Program Files (x86)\Arena\Tournaments\Engine Battle 20250824.pgn

No:  B/W 1/2     W:B       1:2           Time        Value Moves Dep 1:2       1-2-Draws
  10 = =    4.0:4.0        5.0:5.0       10:50:15 AM   -10.00    44 5.650 :4.450  1-1-8

--------------------------------------------------------------

Engine-Match Monday, August 25, 2025 10:50:17 AM
 Blitz 15/10 

Pairing 5/10 :    Random_Opponent  -  V7P3R_v7.0

PGN-File: C:\Program Files (x86)\Arena\Tournaments\Engine Battle 20250824.pgn

No:  B/W 1/2     W:B       1:2           Time        Value Moves Dep 1:2       1-2-Draws
  10 W 2    2.5:1.5        1.5:8.5       10:52:51 AM    +M500    10 0:5.800  0-7-3

--------------------------------------------------------------

Engine-Match Monday, August 25, 2025 10:52:53 AM
 Blitz 15/10 

Pairing 6/10 :    SlowMate_v3.0  -  Stockfish 1%

PGN-File: C:\Program Files (x86)\Arena\Tournaments\Engine Battle 20250824.pgn

No:  B/W 1/2     W:B       1:2           Time        Value Moves Dep 1:2       1-2-Draws
  10 W 2    1.0:0.0        0.0:10.0      10:57:49 AM      +M1    12 5.273 :29.000  0-10-0

--------------------------------------------------------------

Engine-Match Monday, August 25, 2025 10:57:50 AM
 Blitz 15/10 

Pairing 7/10 :    C0BR4_v2.1  -  SlowMate_v3.0

PGN-File: C:\Program Files (x86)\Arena\Tournaments\Engine Battle 20250824.pgn

No:  B/W 1/2     W:B       1:2           Time        Value Moves Dep 1:2       1-2-Draws
  10 W 2    3.0:2.0        3.0:7.0       11:10:23 AM    -1.76    32 4.000 :4.606  1-5-4

--------------------------------------------------------------

Engine-Match Monday, August 25, 2025 11:10:24 AM
 Blitz 15/10 

Pairing 8/10 :    Stockfish 1%  -  Random_Opponent

PGN-File: C:\Program Files (x86)\Arena\Tournaments\Engine Battle 20250824.pgn

No:  B/W 1/2     W:B       1:2           Time        Value Moves Dep 1:2       1-2-Draws
  10 B 1    1.0:0.0        10.0:0.0      11:10:32 AM      -M1     7 27.143 :0 10-0-0

--------------------------------------------------------------

Engine-Match Monday, August 25, 2025 11:10:34 AM
 Blitz 15/10 

Pairing 9/10 :    V7P3R_v7.0  -  Stockfish 1%

PGN-File: C:\Program Files (x86)\Arena\Tournaments\Engine Battle 20250824.pgn

No:  B/W 1/2     W:B       1:2           Time        Value Moves Dep 1:2       1-2-Draws
  10 W 2    1.0:0.0        0.0:10.0      11:13:42 AM    +M500    19 5.632 :18.789  0-10-0

--------------------------------------------------------------

Engine-Match Monday, August 25, 2025 11:13:44 AM
 Blitz 15/10 

Pairing 10/10 :    Random_Opponent  -  C0BR4_v2.1

PGN-File: C:\Program Files (x86)\Arena\Tournaments\Engine Battle 20250824.pgn

No:  B/W 1/2     W:B       1:2           Time        Value Moves Dep 1:2       1-2-Draws
  10 W 2    1.0:0.0        2.0:8.0       11:13:53 AM  +299.99    13 0:4.000  2-8-0
