Engine-Match Wednesday, August 27, 2025 10:49:04 PM
 Blitz 5/5 

Pairing 1/3 :    V7P3R_v7.2  -  C0BR4_v2.0

PGN-File: C:\Program Files (x86)\Arena\Tournaments\Engine Battle 20250827_2.pgn

No:  B/W 1/2     W:B       1:2           Time        Value Moves Dep 1:2       1-2-Draws
   1 W 1    1.0:0.0        1.0:0.0       10:51:02 PM    +0.85    13 5.571 :4.000  1-0-0

--------------------------------------------------------------

Engine-Match Wednesday, August 27, 2025 10:51:03 PM
 Blitz 5/5 

Pairing 2/3 :    V7P3R_v7.0  -  V7P3R_v7.2

PGN-File: C:\Program Files (x86)\Arena\Tournaments\Engine Battle 20250827_2.pgn

No:  B/W 1/2     W:B       1:2           Time        Value Moves Dep 1:2       1-2-Draws
   1 B 2    1.0:0.0        0.0:1.0       10:57:48 PM  -217.00    18 6.000 :5.941  0-1-0

--------------------------------------------------------------

Engine-Match Wednesday, August 27, 2025 10:57:49 PM
 Blitz 5/5 

Pairing 3/3 :    C0BR4_v2.0  -  V7P3R_v7.0

PGN-File: C:\Program Files (x86)\Arena\Tournaments\Engine Battle 20250827_2.pgn

No:  B/W 1/2     W:B       1:2           Time        Value Moves Dep 1:2       1-2-Draws
   1 B 2    1.0:0.0        0.0:1.0       10:59:51 PM   +95.00     6 4.000 :5.857  0-1-0

--------------------------------------------------------------

Engine-Match Wednesday, August 27, 2025 10:59:52 PM
 Blitz 5/5 

Pairing 1/3 :    V7P3R_v7.2  -  C0BR4_v2.0

PGN-File: C:\Program Files (x86)\Arena\Tournaments\Engine Battle 20250827_2.pgn

No:  B/W 1/2     W:B       1:2           Time        Value Moves Dep 1:2       1-2-Draws
   2 B 1    1.0:0.0        2.0:0.0       11:02:33 PM    +0.89    14 5.600 :4.000  2-0-0

--------------------------------------------------------------

Engine-Match Wednesday, August 27, 2025 11:02:34 PM
 Blitz 5/5 

Pairing 2/3 :    V7P3R_v7.0  -  V7P3R_v7.2

PGN-File: C:\Program Files (x86)\Arena\Tournaments\Engine Battle 20250827_2.pgn

No:  B/W 1/2     W:B       1:2           Time        Value Moves Dep 1:2       1-2-Draws
   2 = =    0.5:0.5        0.5:1.5       11:11:49 PM    -1.19    29 5.733 :5.563  0-1-1

--------------------------------------------------------------

Engine-Match Wednesday, August 27, 2025 11:11:50 PM
 Blitz 5/5 

Pairing 3/3 :    C0BR4_v2.0  -  V7P3R_v7.0

PGN-File: C:\Program Files (x86)\Arena\Tournaments\Engine Battle 20250827_2.pgn

No:  B/W 1/2     W:B       1:2           Time        Value Moves Dep 1:2       1-2-Draws
   2 W 2    1.0:0.0        0.0:2.0       11:15:45 PM   +12.43    21 4.000 :5.476  0-2-0

--------------------------------------------------------------

Engine-Match Wednesday, August 27, 2025 11:15:47 PM
 Blitz 5/5 

Pairing 1/3 :    V7P3R_v7.2  -  C0BR4_v2.0

PGN-File: C:\Program Files (x86)\Arena\Tournaments\Engine Battle 20250827_2.pgn

No:  B/W 1/2     W:B       1:2           Time        Value Moves Dep 1:2       1-2-Draws
   3 W 1    1.0:0.0        3.0:0.0       11:16:52 PM    +1.25     6 5.571 :4.000  3-0-0

--------------------------------------------------------------

Engine-Match Wednesday, August 27, 2025 11:16:53 PM
 Blitz 5/5 

Pairing 2/3 :    V7P3R_v7.0  -  V7P3R_v7.2

PGN-File: C:\Program Files (x86)\Arena\Tournaments\Engine Battle 20250827_2.pgn

No:  B/W 1/2     W:B       1:2           Time        Value Moves Dep 1:2       1-2-Draws
   3 B 2    1.5:0.5        0.5:2.5       11:23:37 PM  -217.00    18 6.000 :5.941  0-2-1

--------------------------------------------------------------

Engine-Match Wednesday, August 27, 2025 11:23:38 PM
 Blitz 5/5 

Pairing 3/3 :    C0BR4_v2.0  -  V7P3R_v7.0

PGN-File: C:\Program Files (x86)\Arena\Tournaments\Engine Battle 20250827_2.pgn

No:  B/W 1/2     W:B       1:2           Time        Value Moves Dep 1:2       1-2-Draws
   3 B 2    1.0:0.0        0.0:3.0       11:25:41 PM   +95.00     6 4.000 :5.857  0-3-0

--------------------------------------------------------------

Engine-Match Wednesday, August 27, 2025 11:25:42 PM
 Blitz 5/5 

Pairing 1/3 :    V7P3R_v7.2  -  C0BR4_v2.0

PGN-File: C:\Program Files (x86)\Arena\Tournaments\Engine Battle 20250827_2.pgn

No:  B/W 1/2     W:B       1:2           Time        Value Moves Dep 1:2       1-2-Draws
   4 B 1    1.0:0.0        4.0:0.0       11:27:04 PM    +0.95     6 5.857 :4.000  4-0-0

--------------------------------------------------------------

Engine-Match Wednesday, August 27, 2025 11:27:05 PM
 Blitz 5/5 

Pairing 2/3 :    V7P3R_v7.0  -  V7P3R_v7.2

PGN-File: C:\Program Files (x86)\Arena\Tournaments\Engine Battle 20250827_2.pgn

No:  B/W 1/2     W:B       1:2           Time        Value Moves Dep 1:2       1-2-Draws
   4 = =    1.0:1.0        1.0:3.0       11:36:19 PM    -1.19    29 5.733 :5.563  0-2-2

--------------------------------------------------------------

Engine-Match Wednesday, August 27, 2025 11:36:20 PM
 Blitz 5/5 

Pairing 3/3 :    C0BR4_v2.0  -  V7P3R_v7.0

PGN-File: C:\Program Files (x86)\Arena\Tournaments\Engine Battle 20250827_2.pgn

No:  B/W 1/2     W:B       1:2           Time        Value Moves Dep 1:2       1-2-Draws
   4 W 2    1.0:0.0        0.0:4.0       11:45:34 PM   +11.90    57 4.000 :5.519  0-4-0

--------------------------------------------------------------

Engine-Match Wednesday, August 27, 2025 11:45:35 PM
 Blitz 5/5 

Pairing 1/3 :    V7P3R_v7.2  -  C0BR4_v2.0

PGN-File: C:\Program Files (x86)\Arena\Tournaments\Engine Battle 20250827_2.pgn

No:  B/W 1/2     W:B       1:2           Time        Value Moves Dep 1:2       1-2-Draws
   5 W 1    1.0:0.0        5.0:0.0       11:49:48 PM   +10.91    46 5.407 :4.000  5-0-0

--------------------------------------------------------------

Engine-Match Wednesday, August 27, 2025 11:49:49 PM
 Blitz 5/5 

Pairing 2/3 :    V7P3R_v7.0  -  V7P3R_v7.2

PGN-File: C:\Program Files (x86)\Arena\Tournaments\Engine Battle 20250827_2.pgn

No:  B/W 1/2     W:B       1:2           Time        Value Moves Dep 1:2       1-2-Draws
   5 B 2    2.0:1.0        1.0:4.0       11:56:32 PM  -217.00    18 6.000 :5.941  0-3-2

--------------------------------------------------------------

Engine-Match Wednesday, August 27, 2025 11:56:33 PM
 Blitz 5/5 

Pairing 3/3 :    C0BR4_v2.0  -  V7P3R_v7.0

PGN-File: C:\Program Files (x86)\Arena\Tournaments\Engine Battle 20250827_2.pgn

No:  B/W 1/2     W:B       1:2           Time        Value Moves Dep 1:2       1-2-Draws
   5 B 2    1.0:0.0        0.0:5.0       11:58:38 PM  -110.00    14 4.000 :5.467  0-5-0

--------------------------------------------------------------

Engine-Match Wednesday, August 27, 2025 11:58:39 PM
 Blitz 5/5 

Pairing 1/3 :    V7P3R_v7.2  -  C0BR4_v2.0

PGN-File: C:\Program Files (x86)\Arena\Tournaments\Engine Battle 20250827_2.pgn

No:  B/W 1/2     W:B       1:2           Time        Value Moves Dep 1:2       1-2-Draws
   6 B 1    1.0:0.0        6.0:0.0       12:00:00 AM    +0.95     6 5.857 :4.000  6-0-0

--------------------------------------------------------------

Engine-Match Thursday, August 28, 2025 12:00:02 AM
 Blitz 5/5 

Pairing 2/3 :    V7P3R_v7.0  -  V7P3R_v7.2

PGN-File: C:\Program Files (x86)\Arena\Tournaments\Engine Battle 20250827_2.pgn

No:  B/W 1/2     W:B       1:2           Time        Value Moves Dep 1:2       1-2-Draws
   6 = =    1.5:1.5        1.5:4.5       12:09:14 AM    -1.19    29 5.733 :5.563  0-3-3

--------------------------------------------------------------

Engine-Match Thursday, August 28, 2025 12:09:15 AM
 Blitz 5/5 

Pairing 3/3 :    C0BR4_v2.0  -  V7P3R_v7.0

PGN-File: C:\Program Files (x86)\Arena\Tournaments\Engine Battle 20250827_2.pgn

No:  B/W 1/2     W:B       1:2           Time        Value Moves Dep 1:2       1-2-Draws
   6 B 1    1.0:0.0        1.0:5.0       12:11:11 AM   -10.00     5 4.000 :6.000  1-5-0

--------------------------------------------------------------

Engine-Match Thursday, August 28, 2025 12:11:12 AM
 Blitz 5/5 

Pairing 1/3 :    V7P3R_v7.2  -  C0BR4_v2.0

PGN-File: C:\Program Files (x86)\Arena\Tournaments\Engine Battle 20250827_2.pgn

No:  B/W 1/2     W:B       1:2           Time        Value Moves Dep 1:2       1-2-Draws
   7 W 1    1.0:0.0        7.0:0.0       12:15:25 AM   +10.91    46 5.407 :4.000  7-0-0

--------------------------------------------------------------

Engine-Match Thursday, August 28, 2025 12:15:26 AM
 Blitz 5/5 

Pairing 2/3 :    V7P3R_v7.0  -  V7P3R_v7.2

PGN-File: C:\Program Files (x86)\Arena\Tournaments\Engine Battle 20250827_2.pgn

No:  B/W 1/2     W:B       1:2           Time        Value Moves Dep 1:2       1-2-Draws
   7 = =    2.0:2.0        2.0:5.0       12:27:31 AM    +3.27    41 5.792 :5.792  0-3-4

--------------------------------------------------------------

Engine-Match Thursday, August 28, 2025 12:27:37 AM
 Blitz 5/5 

Pairing 3/3 :    C0BR4_v2.0  -  V7P3R_v7.0

PGN-File: C:\Program Files (x86)\Arena\Tournaments\Engine Battle 20250827_2.pgn

No:  B/W 1/2     W:B       1:2           Time        Value Moves Dep 1:2       1-2-Draws
   7 W 1    1.0:0.0        2.0:5.0       12:29:12 AM   +20.00     5 4.000 :6.000  2-5-0

--------------------------------------------------------------

Engine-Match Thursday, August 28, 2025 12:29:13 AM
 Blitz 5/5 

Pairing 1/3 :    V7P3R_v7.2  -  C0BR4_v2.0

PGN-File: C:\Program Files (x86)\Arena\Tournaments\Engine Battle 20250827_2.pgn

No:  B/W 1/2     W:B       1:2           Time        Value Moves Dep 1:2       1-2-Draws
   8 B 1    1.0:0.0        8.0:0.0       12:31:08 AM    +0.95    15 5.375 :4.000  8-0-0

--------------------------------------------------------------

Engine-Match Thursday, August 28, 2025 12:31:09 AM
 Blitz 5/5 

Pairing 2/3 :    V7P3R_v7.0  -  V7P3R_v7.2

PGN-File: C:\Program Files (x86)\Arena\Tournaments\Engine Battle 20250827_2.pgn

No:  B/W 1/2     W:B       1:2           Time        Value Moves Dep 1:2       1-2-Draws
   8 = =    2.5:2.5        2.5:5.5       12:40:22 AM    -1.19    29 5.733 :5.563  0-3-5

--------------------------------------------------------------

Engine-Match Thursday, August 28, 2025 12:40:24 AM
 Blitz 5/5 

Pairing 3/3 :    C0BR4_v2.0  -  V7P3R_v7.0

PGN-File: C:\Program Files (x86)\Arena\Tournaments\Engine Battle 20250827_2.pgn

No:  B/W 1/2     W:B       1:2           Time        Value Moves Dep 1:2       1-2-Draws
   8 W 2    1.0:0.0        2.0:6.0       12:42:23 AM    +M500     9 4.000 :5.400  2-6-0

--------------------------------------------------------------

Engine-Match Thursday, August 28, 2025 12:42:25 AM
 Blitz 5/5 

Pairing 1/3 :    V7P3R_v7.2  -  C0BR4_v2.0

PGN-File: C:\Program Files (x86)\Arena\Tournaments\Engine Battle 20250827_2.pgn

No:  B/W 1/2     W:B       1:2           Time        Value Moves Dep 1:2       1-2-Draws
   9 W 1    1.0:0.0        9.0:0.0       12:46:37 AM   +10.91    46 5.407 :4.000  9-0-0

--------------------------------------------------------------

Engine-Match Thursday, August 28, 2025 12:46:38 AM
 Blitz 5/5 

Pairing 2/3 :    V7P3R_v7.0  -  V7P3R_v7.2

PGN-File: C:\Program Files (x86)\Arena\Tournaments\Engine Battle 20250827_2.pgn

No:  B/W 1/2     W:B       1:2           Time        Value Moves Dep 1:2       1-2-Draws
   9 B 2    3.5:2.5        2.5:6.5       12:53:20 AM  -217.00    18 6.000 :5.941  0-4-5

--------------------------------------------------------------

Engine-Match Thursday, August 28, 2025 12:53:22 AM
 Blitz 5/5 

Pairing 3/3 :    C0BR4_v2.0  -  V7P3R_v7.0

PGN-File: C:\Program Files (x86)\Arena\Tournaments\Engine Battle 20250827_2.pgn

No:  B/W 1/2     W:B       1:2           Time        Value Moves Dep 1:2       1-2-Draws
   9 B 2    1.0:0.0        2.0:7.0       12:54:40 AM   +95.00     6 4.000 :5.714  2-7-0

--------------------------------------------------------------

Engine-Match Thursday, August 28, 2025 12:54:41 AM
 Blitz 5/5 

Pairing 1/3 :    V7P3R_v7.2  -  C0BR4_v2.0

PGN-File: C:\Program Files (x86)\Arena\Tournaments\Engine Battle 20250827_2.pgn

No:  B/W 1/2     W:B       1:2           Time        Value Moves Dep 1:2       1-2-Draws
  10 B 1    1.0:0.0        10.0:0.0      12:58:05 AM    +6.03    17 5.778 :4.000  10-0-0

--------------------------------------------------------------

Engine-Match Thursday, August 28, 2025 12:58:06 AM
 Blitz 5/5 

Pairing 2/3 :    V7P3R_v7.0  -  V7P3R_v7.2

PGN-File: C:\Program Files (x86)\Arena\Tournaments\Engine Battle 20250827_2.pgn

No:  B/W 1/2     W:B       1:2           Time        Value Moves Dep 1:2       1-2-Draws
  10 = =    3.0:3.0        3.0:7.0       1:07:16 AM    -1.19    29 5.733 :5.563  0-4-6

--------------------------------------------------------------

Engine-Match Thursday, August 28, 2025 1:07:18 AM
 Blitz 5/5 

Pairing 3/3 :    C0BR4_v2.0  -  V7P3R_v7.0

PGN-File: C:\Program Files (x86)\Arena\Tournaments\Engine Battle 20250827_2.pgn

No:  B/W 1/2     W:B       1:2           Time        Value Moves Dep 1:2       1-2-Draws
  10 W 2    1.0:0.0        2.0:8.0       1:16:26 AM   +11.90    57 4.000 :5.519  2-8-0

--------------------------------------------------------------

Engine-Match Thursday, August 28, 2025 1:16:27 AM
 Blitz 5/5 

Pairing 1/3 :    V7P3R_v7.2  -  C0BR4_v2.0

PGN-File: C:\Program Files (x86)\Arena\Tournaments\Engine Battle 20250827_2.pgn

No:  B/W 1/2     W:B       1:2           Time        Value Moves Dep 1:2       1-2-Draws
  11 W 1    1.0:0.0        11.0:0.0      1:20:40 AM   +10.91    46 5.407 :4.000  11-0-0

--------------------------------------------------------------

Engine-Match Thursday, August 28, 2025 1:20:41 AM
 Blitz 5/5 

Pairing 2/3 :    V7P3R_v7.0  -  V7P3R_v7.2

PGN-File: C:\Program Files (x86)\Arena\Tournaments\Engine Battle 20250827_2.pgn

No:  B/W 1/2     W:B       1:2           Time        Value Moves Dep 1:2       1-2-Draws
  11 B 2    4.0:3.0        3.0:8.0       1:27:26 AM  -217.00    18 6.000 :5.941  0-5-6

--------------------------------------------------------------

Engine-Match Thursday, August 28, 2025 1:27:27 AM
 Blitz 5/5 

Pairing 3/3 :    C0BR4_v2.0  -  V7P3R_v7.0

PGN-File: C:\Program Files (x86)\Arena\Tournaments\Engine Battle 20250827_2.pgn

No:  B/W 1/2     W:B       1:2           Time        Value Moves Dep 1:2       1-2-Draws
  11 B 2    1.0:0.0        2.0:9.0       1:29:30 AM   +95.00     6 4.000 :5.857  2-9-0

--------------------------------------------------------------

Engine-Match Thursday, August 28, 2025 1:29:31 AM
 Blitz 5/5 

Pairing 1/3 :    V7P3R_v7.2  -  C0BR4_v2.0

PGN-File: C:\Program Files (x86)\Arena\Tournaments\Engine Battle 20250827_2.pgn

No:  B/W 1/2     W:B       1:2           Time        Value Moves Dep 1:2       1-2-Draws
  12 B 1    1.0:0.0        12.0:0.0      1:31:25 AM    +0.95    15 5.375 :4.000  12-0-0

--------------------------------------------------------------

Engine-Match Thursday, August 28, 2025 1:31:26 AM
 Blitz 5/5 

Pairing 2/3 :    V7P3R_v7.0  -  V7P3R_v7.2

PGN-File: C:\Program Files (x86)\Arena\Tournaments\Engine Battle 20250827_2.pgn

No:  B/W 1/2     W:B       1:2           Time        Value Moves Dep 1:2       1-2-Draws
  12 = =    3.5:3.5        3.5:8.5       1:40:40 AM    -1.19    29 5.733 :5.563  0-5-7

--------------------------------------------------------------

Engine-Match Thursday, August 28, 2025 1:40:41 AM
 Blitz 5/5 

Pairing 3/3 :    C0BR4_v2.0  -  V7P3R_v7.0

PGN-File: C:\Program Files (x86)\Arena\Tournaments\Engine Battle 20250827_2.pgn

No:  B/W 1/2     W:B       1:2           Time        Value Moves Dep 1:2       1-2-Draws
  12 W 2    1.0:0.0        2.0:10.0      1:42:41 AM    +M500     9 4.000 :5.400  2-10-0

--------------------------------------------------------------

Engine-Match Thursday, August 28, 2025 1:42:42 AM
 Blitz 5/5 

Pairing 1/3 :    V7P3R_v7.2  -  C0BR4_v2.0

PGN-File: C:\Program Files (x86)\Arena\Tournaments\Engine Battle 20250827_2.pgn

No:  B/W 1/2     W:B       1:2           Time        Value Moves Dep 1:2       1-2-Draws
  13 W 1    1.0:0.0        13.0:0.0      1:43:47 AM    +1.25     6 5.571 :4.000  13-0-0

--------------------------------------------------------------

Engine-Match Thursday, August 28, 2025 1:43:49 AM
 Blitz 5/5 

Pairing 2/3 :    V7P3R_v7.0  -  V7P3R_v7.2

PGN-File: C:\Program Files (x86)\Arena\Tournaments\Engine Battle 20250827_2.pgn

No:  B/W 1/2     W:B       1:2           Time        Value Moves Dep 1:2       1-2-Draws
  13 B 2    4.5:3.5        3.5:9.5       1:50:29 AM  -217.00    18 6.000 :5.941  0-6-7

--------------------------------------------------------------

Engine-Match Thursday, August 28, 2025 1:50:30 AM
 Blitz 5/5 

Pairing 3/3 :    C0BR4_v2.0  -  V7P3R_v7.0

PGN-File: C:\Program Files (x86)\Arena\Tournaments\Engine Battle 20250827_2.pgn

No:  B/W 1/2     W:B       1:2           Time        Value Moves Dep 1:2       1-2-Draws
  13 B 2    1.0:0.0        2.0:11.0      1:52:37 AM   -30.00    13 4.000 :5.286  2-11-0

--------------------------------------------------------------

Engine-Match Thursday, August 28, 2025 1:52:38 AM
 Blitz 5/5 

Pairing 1/3 :    V7P3R_v7.2  -  C0BR4_v2.0

PGN-File: C:\Program Files (x86)\Arena\Tournaments\Engine Battle 20250827_2.pgn

No:  B/W 1/2     W:B       1:2           Time        Value Moves Dep 1:2       1-2-Draws
  14 W 2    1.0:0.0        13.0:1.0      1:55:40 AM  +299.99    26 5.560 :4.000  13-1-0

--------------------------------------------------------------

Engine-Match Thursday, August 28, 2025 1:55:46 AM
 Blitz 5/5 

Pairing 2/3 :    V7P3R_v7.0  -  V7P3R_v7.2

PGN-File: C:\Program Files (x86)\Arena\Tournaments\Engine Battle 20250827_2.pgn

No:  B/W 1/2     W:B       1:2           Time        Value Moves Dep 1:2       1-2-Draws
  14 = =    4.0:4.0        4.0:10.0      2:04:57 AM    -1.19    29 5.733 :5.563  0-6-8

--------------------------------------------------------------

Engine-Match Thursday, August 28, 2025 2:04:59 AM
 Blitz 5/5 

Pairing 3/3 :    C0BR4_v2.0  -  V7P3R_v7.0

PGN-File: C:\Program Files (x86)\Arena\Tournaments\Engine Battle 20250827_2.pgn

No:  B/W 1/2     W:B       1:2           Time        Value Moves Dep 1:2       1-2-Draws
  14 W 2    1.0:0.0        2.0:12.0      2:12:28 AM   +14.86    37 4.000 :5.773  2-12-0

--------------------------------------------------------------

Engine-Match Thursday, August 28, 2025 2:12:29 AM
 Blitz 5/5 

Pairing 1/3 :    V7P3R_v7.2  -  C0BR4_v2.0

PGN-File: C:\Program Files (x86)\Arena\Tournaments\Engine Battle 20250827_2.pgn

No:  B/W 1/2     W:B       1:2           Time        Value Moves Dep 1:2       1-2-Draws
  15 = =    0.5:0.5        13.5:1.5      2:15:06 AM    -3.56    17 5.647 :4.000  13-1-1

--------------------------------------------------------------

Engine-Match Thursday, August 28, 2025 2:15:07 AM
 Blitz 5/5 

Pairing 2/3 :    V7P3R_v7.0  -  V7P3R_v7.2

PGN-File: C:\Program Files (x86)\Arena\Tournaments\Engine Battle 20250827_2.pgn

No:  B/W 1/2     W:B       1:2           Time        Value Moves Dep 1:2       1-2-Draws
  15 B 2    5.0:4.0        4.0:11.0      2:21:50 AM  -217.00    18 6.000 :5.941  0-7-8

--------------------------------------------------------------

Engine-Match Thursday, August 28, 2025 2:21:51 AM
 Blitz 5/5 

Pairing 3/3 :    C0BR4_v2.0  -  V7P3R_v7.0

PGN-File: C:\Program Files (x86)\Arena\Tournaments\Engine Battle 20250827_2.pgn

No:  B/W 1/2     W:B       1:2           Time        Value Moves Dep 1:2       1-2-Draws
  15 B 2    1.0:0.0        2.0:13.0      2:23:54 AM   +95.00     6 4.000 :5.857  2-13-0

--------------------------------------------------------------

Engine-Match Thursday, August 28, 2025 2:23:55 AM
 Blitz 5/5 

Pairing 1/3 :    V7P3R_v7.2  -  C0BR4_v2.0

PGN-File: C:\Program Files (x86)\Arena\Tournaments\Engine Battle 20250827_2.pgn

No:  B/W 1/2     W:B       1:2           Time        Value Moves Dep 1:2       1-2-Draws
  16 B 1    1.5:0.5        14.5:1.5      2:27:16 AM    +6.03    17 5.778 :4.000  14-1-1

--------------------------------------------------------------

Engine-Match Thursday, August 28, 2025 2:27:18 AM
 Blitz 5/5 

Pairing 2/3 :    V7P3R_v7.0  -  V7P3R_v7.2

PGN-File: C:\Program Files (x86)\Arena\Tournaments\Engine Battle 20250827_2.pgn

No:  B/W 1/2     W:B       1:2           Time        Value Moves Dep 1:2       1-2-Draws
  16 = =    4.5:4.5        4.5:11.5      2:36:30 AM    -1.19    29 5.733 :5.563  0-7-9

--------------------------------------------------------------

Engine-Match Thursday, August 28, 2025 2:36:31 AM
 Blitz 5/5 

Pairing 3/3 :    C0BR4_v2.0  -  V7P3R_v7.0

PGN-File: C:\Program Files (x86)\Arena\Tournaments\Engine Battle 20250827_2.pgn

No:  B/W 1/2     W:B       1:2           Time        Value Moves Dep 1:2       1-2-Draws
  16 W 2    1.0:0.0        2.0:14.0      2:43:44 AM  +298.00    40 4.000 :5.560  2-14-0

--------------------------------------------------------------

Engine-Match Thursday, August 28, 2025 2:43:45 AM
 Blitz 5/5 

Pairing 1/3 :    V7P3R_v7.2  -  C0BR4_v2.0

PGN-File: C:\Program Files (x86)\Arena\Tournaments\Engine Battle 20250827_2.pgn

No:  B/W 1/2     W:B       1:2           Time        Value Moves Dep 1:2       1-2-Draws
  17 W 1    1.5:0.5        15.5:1.5      2:45:43 AM    +0.85    13 5.571 :4.000  15-1-1

--------------------------------------------------------------

Engine-Match Thursday, August 28, 2025 2:45:44 AM
 Blitz 5/5 

Pairing 2/3 :    V7P3R_v7.0  -  V7P3R_v7.2

PGN-File: C:\Program Files (x86)\Arena\Tournaments\Engine Battle 20250827_2.pgn

No:  B/W 1/2     W:B       1:2           Time        Value Moves Dep 1:2       1-2-Draws
  17 B 2    5.5:4.5        4.5:12.5      2:52:26 AM  -217.00    18 6.000 :5.941  0-8-9

--------------------------------------------------------------

Engine-Match Thursday, August 28, 2025 2:52:27 AM
 Blitz 5/5 

Pairing 3/3 :    C0BR4_v2.0  -  V7P3R_v7.0

PGN-File: C:\Program Files (x86)\Arena\Tournaments\Engine Battle 20250827_2.pgn

No:  B/W 1/2     W:B       1:2           Time        Value Moves Dep 1:2       1-2-Draws
  17 W 1    1.0:0.0        3.0:14.0      2:54:03 AM   +20.00     5 4.000 :6.000  3-14-0

--------------------------------------------------------------

Engine-Match Thursday, August 28, 2025 2:54:04 AM
 Blitz 5/5 

Pairing 1/3 :    V7P3R_v7.2  -  C0BR4_v2.0

PGN-File: C:\Program Files (x86)\Arena\Tournaments\Engine Battle 20250827_2.pgn

No:  B/W 1/2     W:B       1:2           Time        Value Moves Dep 1:2       1-2-Draws
  18 B 1    1.5:0.5        16.5:1.5      2:56:53 AM      -M3    23 5.565 :4.000  16-1-1

--------------------------------------------------------------

Engine-Match Thursday, August 28, 2025 2:56:54 AM
 Blitz 5/5 

Pairing 2/3 :    V7P3R_v7.0  -  V7P3R_v7.2

PGN-File: C:\Program Files (x86)\Arena\Tournaments\Engine Battle 20250827_2.pgn

No:  B/W 1/2     W:B       1:2           Time        Value Moves Dep 1:2       1-2-Draws
  18 = =    5.0:5.0        5.0:13.0      3:06:06 AM    -1.19    29 5.733 :5.563  0-8-10

--------------------------------------------------------------

Engine-Match Thursday, August 28, 2025 3:06:07 AM
 Blitz 5/5 

Pairing 3/3 :    C0BR4_v2.0  -  V7P3R_v7.0

PGN-File: C:\Program Files (x86)\Arena\Tournaments\Engine Battle 20250827_2.pgn

No:  B/W 1/2     W:B       1:2           Time        Value Moves Dep 1:2       1-2-Draws
  18 B 1    1.0:0.0        4.0:14.0      3:08:02 AM   -10.00     5 4.000 :6.000  4-14-0

--------------------------------------------------------------

Engine-Match Thursday, August 28, 2025 3:08:04 AM
 Blitz 5/5 

Pairing 1/3 :    V7P3R_v7.2  -  C0BR4_v2.0

PGN-File: C:\Program Files (x86)\Arena\Tournaments\Engine Battle 20250827_2.pgn

No:  B/W 1/2     W:B       1:2           Time        Value Moves Dep 1:2       1-2-Draws
  19 = =    1.0:1.0        17.0:2.0      3:10:40 AM    -3.56    17 5.647 :4.000  16-1-2

--------------------------------------------------------------

Engine-Match Thursday, August 28, 2025 3:10:42 AM
 Blitz 5/5 

Pairing 2/3 :    V7P3R_v7.0  -  V7P3R_v7.2

PGN-File: C:\Program Files (x86)\Arena\Tournaments\Engine Battle 20250827_2.pgn

No:  B/W 1/2     W:B       1:2           Time        Value Moves Dep 1:2       1-2-Draws
  19 B 2    6.0:5.0        5.0:14.0      3:17:24 AM  -217.00    18 6.000 :5.941  0-9-10

--------------------------------------------------------------

Engine-Match Thursday, August 28, 2025 3:17:26 AM
 Blitz 5/5 

Pairing 3/3 :    C0BR4_v2.0  -  V7P3R_v7.0

PGN-File: C:\Program Files (x86)\Arena\Tournaments\Engine Battle 20250827_2.pgn

No:  B/W 1/2     W:B       1:2           Time        Value Moves Dep 1:2       1-2-Draws
  19 B 2    1.0:0.0        4.0:15.0      3:19:28 AM   +95.00     6 4.000 :5.857  4-15-0

--------------------------------------------------------------

Engine-Match Thursday, August 28, 2025 3:19:30 AM
 Blitz 5/5 

Pairing 1/3 :    V7P3R_v7.2  -  C0BR4_v2.0

PGN-File: C:\Program Files (x86)\Arena\Tournaments\Engine Battle 20250827_2.pgn

No:  B/W 1/2     W:B       1:2           Time        Value Moves Dep 1:2       1-2-Draws
  20 B 1    2.0:1.0        18.0:2.0      3:20:37 AM    +0.95     6 5.714 :4.000  17-1-2

--------------------------------------------------------------

Engine-Match Thursday, August 28, 2025 3:20:38 AM
 Blitz 5/5 

Pairing 2/3 :    V7P3R_v7.0  -  V7P3R_v7.2

PGN-File: C:\Program Files (x86)\Arena\Tournaments\Engine Battle 20250827_2.pgn

No:  B/W 1/2     W:B       1:2           Time        Value Moves Dep 1:2       1-2-Draws
  20 = =    5.5:5.5        5.5:14.5      3:29:51 AM    -1.19    29 5.733 :5.563  0-9-11

--------------------------------------------------------------

Engine-Match Thursday, August 28, 2025 3:29:52 AM
 Blitz 5/5 

Pairing 3/3 :    C0BR4_v2.0  -  V7P3R_v7.0

PGN-File: C:\Program Files (x86)\Arena\Tournaments\Engine Battle 20250827_2.pgn

No:  B/W 1/2     W:B       1:2           Time        Value Moves Dep 1:2       1-2-Draws
  20 W 2    1.0:0.0        4.0:16.0      3:39:01 AM   +11.90    57 4.000 :5.519  4-16-0
