Engine-Match Friday, August 29, 2025 3:15:37 PM
 Blitz 10/5 

Pairing 1/10 :    SlowMate_v3.0  -  V7P3R_v9.0

PGN-File: C:\Program Files (x86)\Arena\Tournaments\Engine Battle 20250829_2.pgn

No:  B/W 1/2     W:B       1:2           Time        Value Moves Dep 1:2       1-2-Draws
   1 W 1    1.0:0.0        1.0:0.0       3:19:59 PM    +M500    14 4.357 :6.000  1-0-0

--------------------------------------------------------------

Engine-Match Friday, August 29, 2025 3:20:01 PM
 Blitz 10/5 

Pairing 2/10 :    Random_Opponent  -  C0BR4_v2.0

PGN-File: C:\Program Files (x86)\Arena\Tournaments\Engine Battle 20250829_2.pgn

No:  B/W 1/2     W:B       1:2           Time        Value Moves Dep 1:2       1-2-Draws
   1 B 2    1.0:0.0        0.0:1.0       3:20:16 PM  -299.99    25 0:4.000  0-1-0

--------------------------------------------------------------

Engine-Match Friday, August 29, 2025 3:20:17 PM
 Blitz 10/5 

Pairing 3/10 :    V7P3R_v7.0  -  Random_Opponent

PGN-File: C:\Program Files (x86)\Arena\Tournaments\Engine Battle 20250829_2.pgn

No:  B/W 1/2     W:B       1:2           Time        Value Moves Dep 1:2       1-2-Draws
   1 W 1    1.0:0.0        1.0:0.0       3:24:19 PM    +M500    20 5.950 :0 1-0-0

--------------------------------------------------------------

Engine-Match Friday, August 29, 2025 3:24:20 PM
 Blitz 10/5 

Pairing 4/10 :    C0BR4_v2.0  -  SlowMate_v3.0

PGN-File: C:\Program Files (x86)\Arena\Tournaments\Engine Battle 20250829_2.pgn

No:  B/W 1/2     W:B       1:2           Time        Value Moves Dep 1:2       1-2-Draws
   1 = =    0.5:0.5        0.5:0.5       3:32:03 PM    -1.19    33 4.000 :4.406  0-0-1

--------------------------------------------------------------

Engine-Match Friday, August 29, 2025 3:32:04 PM
 Blitz 10/5 

Pairing 5/10 :    V7P3R_v9.0  -  C0BR4_v2.0

PGN-File: C:\Program Files (x86)\Arena\Tournaments\Engine Battle 20250829_2.pgn

No:  B/W 1/2     W:B       1:2           Time        Value Moves Dep 1:2       1-2-Draws
   1 W 1    1.0:0.0        1.0:0.0       3:32:52 PM   +95.00    12 6.000 :4.000  1-0-0

--------------------------------------------------------------

Engine-Match Friday, August 29, 2025 3:32:53 PM
 Blitz 10/5 

Pairing 6/10 :    SlowMate_v3.0  -  V7P3R_v7.0

PGN-File: C:\Program Files (x86)\Arena\Tournaments\Engine Battle 20250829_2.pgn

No:  B/W 1/2     W:B       1:2           Time        Value Moves Dep 1:2       1-2-Draws
   1 B 2    1.0:0.0        0.0:1.0       3:42:03 PM    -M500    21 3.857 :5.381  0-1-0

--------------------------------------------------------------

Engine-Match Friday, August 29, 2025 3:42:04 PM
 Blitz 10/5 

Pairing 7/10 :    Random_Opponent  -  SlowMate_v3.0

PGN-File: C:\Program Files (x86)\Arena\Tournaments\Engine Battle 20250829_2.pgn

No:  B/W 1/2     W:B       1:2           Time        Value Moves Dep 1:2       1-2-Draws
   1 B 2    1.0:0.0        0.0:1.0       3:44:52 PM  -118.16    10 0:4.200  0-1-0

--------------------------------------------------------------

Engine-Match Friday, August 29, 2025 3:44:54 PM
 Blitz 10/5 

Pairing 8/10 :    V7P3R_v7.0  -  V7P3R_v9.0

PGN-File: C:\Program Files (x86)\Arena\Tournaments\Engine Battle 20250829_2.pgn

No:  B/W 1/2     W:B       1:2           Time        Value Moves Dep 1:2       1-2-Draws
   1 W 1    1.0:0.0        1.0:0.0       3:48:08 PM  +225.00    11 5.455 :6.000  1-0-0

--------------------------------------------------------------

Engine-Match Friday, August 29, 2025 3:48:09 PM
 Blitz 10/5 

Pairing 9/10 :    C0BR4_v2.0  -  V7P3R_v7.0

PGN-File: C:\Program Files (x86)\Arena\Tournaments\Engine Battle 20250829_2.pgn

No:  B/W 1/2     W:B       1:2           Time        Value Moves Dep 1:2       1-2-Draws
   1 B 2    1.0:0.0        0.0:1.0       3:50:47 PM  -121.00    16 4.000 :5.412  0-1-0

--------------------------------------------------------------

Engine-Match Friday, August 29, 2025 3:50:49 PM
 Blitz 10/5 

Pairing 10/10 :    V7P3R_v9.0  -  Random_Opponent

PGN-File: C:\Program Files (x86)\Arena\Tournaments\Engine Battle 20250829_2.pgn

No:  B/W 1/2     W:B       1:2           Time        Value Moves Dep 1:2       1-2-Draws
   1 W 1    1.0:0.0        1.0:0.0       3:51:37 PM      +M1    17 6.000 :0 1-0-0

--------------------------------------------------------------

Engine-Match Friday, August 29, 2025 3:51:38 PM
 Blitz 10/5 

Pairing 1/10 :    SlowMate_v3.0  -  V7P3R_v9.0

PGN-File: C:\Program Files (x86)\Arena\Tournaments\Engine Battle 20250829_2.pgn

No:  B/W 1/2     W:B       1:2           Time        Value Moves Dep 1:2       1-2-Draws
   2 B 1    1.0:0.0        2.0:0.0       3:54:11 PM   -85.00     8 4.000 :6.000  2-0-0

--------------------------------------------------------------

Engine-Match Friday, August 29, 2025 3:54:13 PM
 Blitz 10/5 

Pairing 2/10 :    Random_Opponent  -  C0BR4_v2.0

PGN-File: C:\Program Files (x86)\Arena\Tournaments\Engine Battle 20250829_2.pgn

No:  B/W 1/2     W:B       1:2           Time        Value Moves Dep 1:2       1-2-Draws
   2 W 2    1.0:0.0        0.0:2.0       3:54:26 PM  +299.99    17 0:4.000  0-2-0

--------------------------------------------------------------

Engine-Match Friday, August 29, 2025 3:54:27 PM
 Blitz 10/5 

Pairing 3/10 :    V7P3R_v7.0  -  Random_Opponent

PGN-File: C:\Program Files (x86)\Arena\Tournaments\Engine Battle 20250829_2.pgn

No:  B/W 1/2     W:B       1:2           Time        Value Moves Dep 1:2       1-2-Draws
   2 B 1    1.0:0.0        2.0:0.0       3:56:52 PM    -M500    10 5.900 :0 2-0-0

--------------------------------------------------------------

Engine-Match Friday, August 29, 2025 3:56:54 PM
 Blitz 10/5 

Pairing 4/10 :    C0BR4_v2.0  -  SlowMate_v3.0

PGN-File: C:\Program Files (x86)\Arena\Tournaments\Engine Battle 20250829_2.pgn

No:  B/W 1/2     W:B       1:2           Time        Value Moves Dep 1:2       1-2-Draws
   2 W 2    1.5:0.5        0.5:1.5       4:04:34 PM  +299.98    31 4.000 :4.000  0-1-1

--------------------------------------------------------------

Engine-Match Friday, August 29, 2025 4:04:35 PM
 Blitz 10/5 

Pairing 5/10 :    V7P3R_v9.0  -  C0BR4_v2.0

PGN-File: C:\Program Files (x86)\Arena\Tournaments\Engine Battle 20250829_2.pgn

No:  B/W 1/2     W:B       1:2           Time        Value Moves Dep 1:2       1-2-Draws
   2 W 2    1.0:0.0        1.0:1.0       4:06:48 PM    +M500    38 6.000 :4.000  1-1-0

--------------------------------------------------------------

Engine-Match Friday, August 29, 2025 4:06:49 PM
 Blitz 10/5 

Pairing 6/10 :    SlowMate_v3.0  -  V7P3R_v7.0

PGN-File: C:\Program Files (x86)\Arena\Tournaments\Engine Battle 20250829_2.pgn

No:  B/W 1/2     W:B       1:2           Time        Value Moves Dep 1:2       1-2-Draws
   2 B 1    1.0:0.0        1.0:1.0       4:17:25 PM    -M500    23 3.864 :5.217  1-1-0

--------------------------------------------------------------

Engine-Match Friday, August 29, 2025 4:17:26 PM
 Blitz 10/5 

Pairing 7/10 :    Random_Opponent  -  SlowMate_v3.0

PGN-File: C:\Program Files (x86)\Arena\Tournaments\Engine Battle 20250829_2.pgn

No:  B/W 1/2     W:B       1:2           Time        Value Moves Dep 1:2       1-2-Draws
   2 W 2    1.0:0.0        0.0:2.0       4:23:38 PM  +192.40    25 0:4.160  0-2-0

--------------------------------------------------------------

Engine-Match Friday, August 29, 2025 4:23:39 PM
 Blitz 10/5 

Pairing 8/10 :    V7P3R_v7.0  -  V7P3R_v9.0

PGN-File: C:\Program Files (x86)\Arena\Tournaments\Engine Battle 20250829_2.pgn

No:  B/W 1/2     W:B       1:2           Time        Value Moves Dep 1:2       1-2-Draws
   2 W 2    1.0:0.0        1.0:1.0       4:27:25 PM   +35.00    15 5.533 :6.000  1-1-0

--------------------------------------------------------------

Engine-Match Friday, August 29, 2025 4:27:26 PM
 Blitz 10/5 

Pairing 9/10 :    C0BR4_v2.0  -  V7P3R_v7.0

PGN-File: C:\Program Files (x86)\Arena\Tournaments\Engine Battle 20250829_2.pgn

No:  B/W 1/2     W:B       1:2           Time        Value Moves Dep 1:2       1-2-Draws
   2 B 1    1.0:0.0        1.0:1.0       4:30:28 PM  -171.00    12 4.000 :5.583  1-1-0

--------------------------------------------------------------

Engine-Match Friday, August 29, 2025 4:30:29 PM
 Blitz 10/5 

Pairing 10/10 :    V7P3R_v9.0  -  Random_Opponent

PGN-File: C:\Program Files (x86)\Arena\Tournaments\Engine Battle 20250829_2.pgn

No:  B/W 1/2     W:B       1:2           Time        Value Moves Dep 1:2       1-2-Draws
   2 B 1    1.0:0.0        2.0:0.0       4:31:29 PM      -M1    22 6.000 :0 2-0-0

--------------------------------------------------------------

Engine-Match Friday, August 29, 2025 4:31:36 PM
 Blitz 10/5 

Pairing 1/10 :    SlowMate_v3.0  -  V7P3R_v9.0

PGN-File: C:\Program Files (x86)\Arena\Tournaments\Engine Battle 20250829_2.pgn

No:  B/W 1/2     W:B       1:2           Time        Value Moves Dep 1:2       1-2-Draws
   3 W 1    1.0:0.0        3.0:0.0       4:36:00 PM    +M500    14 4.357 :6.000  3-0-0

--------------------------------------------------------------

Engine-Match Friday, August 29, 2025 4:36:01 PM
 Blitz 10/5 

Pairing 2/10 :    Random_Opponent  -  C0BR4_v2.0

PGN-File: C:\Program Files (x86)\Arena\Tournaments\Engine Battle 20250829_2.pgn

No:  B/W 1/2     W:B       1:2           Time        Value Moves Dep 1:2       1-2-Draws
   3 W 1    1.0:0.0        1.0:2.0       4:36:14 PM     0.00    15 0:4.000  1-2-0

--------------------------------------------------------------

Engine-Match Friday, August 29, 2025 4:36:15 PM
 Blitz 10/5 

Pairing 3/10 :    V7P3R_v7.0  -  Random_Opponent

PGN-File: C:\Program Files (x86)\Arena\Tournaments\Engine Battle 20250829_2.pgn

No:  B/W 1/2     W:B       1:2           Time        Value Moves Dep 1:2       1-2-Draws
   3 = =    0.5:0.5        2.5:0.5       4:42:15 PM     0.00    35 5.640 :0 2-0-1

--------------------------------------------------------------

Engine-Match Friday, August 29, 2025 4:42:16 PM
 Blitz 10/5 

Pairing 4/10 :    C0BR4_v2.0  -  SlowMate_v3.0

PGN-File: C:\Program Files (x86)\Arena\Tournaments\Engine Battle 20250829_2.pgn

No:  B/W 1/2     W:B       1:2           Time        Value Moves Dep 1:2       1-2-Draws
   3 B 2    1.5:0.5        0.5:2.5       4:51:02 PM    -2.72    38 4.000 :4.407  0-2-1

--------------------------------------------------------------

Engine-Match Friday, August 29, 2025 4:51:03 PM
 Blitz 10/5 

Pairing 5/10 :    V7P3R_v9.0  -  C0BR4_v2.0

PGN-File: C:\Program Files (x86)\Arena\Tournaments\Engine Battle 20250829_2.pgn

No:  B/W 1/2     W:B       1:2           Time        Value Moves Dep 1:2       1-2-Draws
   3 B 2    1.0:0.0        1.0:2.0       4:51:40 PM   -15.00    10 6.000 :4.000  1-2-0

--------------------------------------------------------------

Engine-Match Friday, August 29, 2025 4:51:41 PM
 Blitz 10/5 

Pairing 6/10 :    SlowMate_v3.0  -  V7P3R_v7.0

PGN-File: C:\Program Files (x86)\Arena\Tournaments\Engine Battle 20250829_2.pgn

No:  B/W 1/2     W:B       1:2           Time        Value Moves Dep 1:2       1-2-Draws
   3 B 2    1.0:0.0        1.0:2.0       5:00:48 PM    -M500    21 3.905 :5.381  1-2-0

--------------------------------------------------------------

Engine-Match Friday, August 29, 2025 5:00:49 PM
 Blitz 10/5 

Pairing 7/10 :    Random_Opponent  -  SlowMate_v3.0

PGN-File: C:\Program Files (x86)\Arena\Tournaments\Engine Battle 20250829_2.pgn

No:  B/W 1/2     W:B       1:2           Time        Value Moves Dep 1:2       1-2-Draws
   3 = =    0.5:0.5        0.5:2.5       5:10:53 PM     0.00    47 0:4.435  0-2-1

--------------------------------------------------------------

Engine-Match Friday, August 29, 2025 5:10:54 PM
 Blitz 10/5 

Pairing 8/10 :    V7P3R_v7.0  -  V7P3R_v9.0

PGN-File: C:\Program Files (x86)\Arena\Tournaments\Engine Battle 20250829_2.pgn

No:  B/W 1/2     W:B       1:2           Time        Value Moves Dep 1:2       1-2-Draws
   3 W 1    1.0:0.0        2.0:1.0       5:14:03 PM  +225.00    11 5.455 :6.000  2-1-0

--------------------------------------------------------------

Engine-Match Friday, August 29, 2025 5:14:04 PM
 Blitz 10/5 

Pairing 9/10 :    C0BR4_v2.0  -  V7P3R_v7.0

PGN-File: C:\Program Files (x86)\Arena\Tournaments\Engine Battle 20250829_2.pgn

No:  B/W 1/2     W:B       1:2           Time        Value Moves Dep 1:2       1-2-Draws
   3 B 2    1.0:0.0        1.0:2.0       5:15:25 PM   +95.00     6 4.000 :5.714  1-2-0

--------------------------------------------------------------

Engine-Match Friday, August 29, 2025 5:15:26 PM
 Blitz 10/5 

Pairing 10/10 :    V7P3R_v9.0  -  Random_Opponent

PGN-File: C:\Program Files (x86)\Arena\Tournaments\Engine Battle 20250829_2.pgn

No:  B/W 1/2     W:B       1:2           Time        Value Moves Dep 1:2       1-2-Draws
   3 W 1    1.0:0.0        3.0:0.0       5:16:36 PM      +M1    29 6.000 :0 3-0-0

--------------------------------------------------------------

Engine-Match Friday, August 29, 2025 5:16:37 PM
 Blitz 10/5 

Pairing 1/10 :    SlowMate_v3.0  -  V7P3R_v9.0

PGN-File: C:\Program Files (x86)\Arena\Tournaments\Engine Battle 20250829_2.pgn

No:  B/W 1/2     W:B       1:2           Time        Value Moves Dep 1:2       1-2-Draws
   4 B 1    1.0:0.0        4.0:0.0       5:19:10 PM   -85.00     8 4.000 :6.000  4-0-0

--------------------------------------------------------------

Engine-Match Friday, August 29, 2025 5:19:11 PM
 Blitz 10/5 

Pairing 2/10 :    Random_Opponent  -  C0BR4_v2.0

PGN-File: C:\Program Files (x86)\Arena\Tournaments\Engine Battle 20250829_2.pgn

No:  B/W 1/2     W:B       1:2           Time        Value Moves Dep 1:2       1-2-Draws
   4 B 1    1.0:0.0        2.0:2.0       5:19:22 PM     0.00    19 0:4.000  2-2-0

--------------------------------------------------------------

Engine-Match Friday, August 29, 2025 5:19:24 PM
 Blitz 10/5 

Pairing 3/10 :    V7P3R_v7.0  -  Random_Opponent

PGN-File: C:\Program Files (x86)\Arena\Tournaments\Engine Battle 20250829_2.pgn

No:  B/W 1/2     W:B       1:2           Time        Value Moves Dep 1:2       1-2-Draws
   4 B 1    1.5:0.5        3.5:0.5       5:25:34 PM    -M500    28 5.786 :0 3-0-1

--------------------------------------------------------------

Engine-Match Friday, August 29, 2025 5:25:35 PM
 Blitz 10/5 

Pairing 4/10 :    C0BR4_v2.0  -  SlowMate_v3.0

PGN-File: C:\Program Files (x86)\Arena\Tournaments\Engine Battle 20250829_2.pgn

No:  B/W 1/2     W:B       1:2           Time        Value Moves Dep 1:2       1-2-Draws
   4 W 2    1.5:0.5        0.5:3.5       5:33:03 PM  +299.98    31 4.000 :4.071  0-3-1

--------------------------------------------------------------

Engine-Match Friday, August 29, 2025 5:33:05 PM
 Blitz 10/5 

Pairing 5/10 :    V7P3R_v9.0  -  C0BR4_v2.0

PGN-File: C:\Program Files (x86)\Arena\Tournaments\Engine Battle 20250829_2.pgn

No:  B/W 1/2     W:B       1:2           Time        Value Moves Dep 1:2       1-2-Draws
   4 W 2    1.0:0.0        1.0:3.0       5:33:49 PM  +125.00    14 6.000 :4.000  1-3-0

--------------------------------------------------------------

Engine-Match Friday, August 29, 2025 5:33:51 PM
 Blitz 10/5 

Pairing 6/10 :    SlowMate_v3.0  -  V7P3R_v7.0

PGN-File: C:\Program Files (x86)\Arena\Tournaments\Engine Battle 20250829_2.pgn

No:  B/W 1/2     W:B       1:2           Time        Value Moves Dep 1:2       1-2-Draws
   4 B 1    1.0:0.0        2.0:2.0       5:44:22 PM    -M500    23 3.864 :5.217  2-2-0

--------------------------------------------------------------

Engine-Match Friday, August 29, 2025 5:44:23 PM
 Blitz 10/5 

Pairing 7/10 :    Random_Opponent  -  SlowMate_v3.0

PGN-File: C:\Program Files (x86)\Arena\Tournaments\Engine Battle 20250829_2.pgn

No:  B/W 1/2     W:B       1:2           Time        Value Moves Dep 1:2       1-2-Draws
   4 W 2    1.5:0.5        0.5:3.5       5:51:50 PM  +186.09    32 0:4.125  0-3-1

--------------------------------------------------------------

Engine-Match Friday, August 29, 2025 5:51:51 PM
 Blitz 10/5 

Pairing 8/10 :    V7P3R_v7.0  -  V7P3R_v9.0

PGN-File: C:\Program Files (x86)\Arena\Tournaments\Engine Battle 20250829_2.pgn

No:  B/W 1/2     W:B       1:2           Time        Value Moves Dep 1:2       1-2-Draws
   4 W 2    1.0:0.0        2.0:2.0       5:55:32 PM   +35.00    15 5.533 :6.000  2-2-0

--------------------------------------------------------------

Engine-Match Friday, August 29, 2025 5:55:34 PM
 Blitz 10/5 

Pairing 9/10 :    C0BR4_v2.0  -  V7P3R_v7.0

PGN-File: C:\Program Files (x86)\Arena\Tournaments\Engine Battle 20250829_2.pgn

No:  B/W 1/2     W:B       1:2           Time        Value Moves Dep 1:2       1-2-Draws
   4 B 1    1.0:0.0        2.0:2.0       5:58:42 PM  -299.99    19 4.000 :5.737  2-2-0

--------------------------------------------------------------

Engine-Match Friday, August 29, 2025 5:58:43 PM
 Blitz 10/5 

Pairing 10/10 :    V7P3R_v9.0  -  Random_Opponent

PGN-File: C:\Program Files (x86)\Arena\Tournaments\Engine Battle 20250829_2.pgn

No:  B/W 1/2     W:B       1:2           Time        Value Moves Dep 1:2       1-2-Draws
   4 B 1    1.0:0.0        4.0:0.0       5:59:35 PM      -M1    15 6.000 :0 4-0-0

--------------------------------------------------------------

Engine-Match Friday, August 29, 2025 5:59:42 PM
 Blitz 10/5 

Pairing 1/10 :    SlowMate_v3.0  -  V7P3R_v9.0

PGN-File: C:\Program Files (x86)\Arena\Tournaments\Engine Battle 20250829_2.pgn

No:  B/W 1/2     W:B       1:2           Time        Value Moves Dep 1:2       1-2-Draws
   5 W 1    1.0:0.0        5.0:0.0       6:04:11 PM    +M500    14 4.357 :6.000  5-0-0

--------------------------------------------------------------

Engine-Match Friday, August 29, 2025 6:04:12 PM
 Blitz 10/5 

Pairing 2/10 :    Random_Opponent  -  C0BR4_v2.0

PGN-File: C:\Program Files (x86)\Arena\Tournaments\Engine Battle 20250829_2.pgn

No:  B/W 1/2     W:B       1:2           Time        Value Moves Dep 1:2       1-2-Draws
   5 W 1    1.0:0.0        3.0:2.0       6:04:16 PM     0.00     4 0:4.000  3-2-0

--------------------------------------------------------------

Engine-Match Friday, August 29, 2025 6:04:17 PM
 Blitz 10/5 

Pairing 3/10 :    V7P3R_v7.0  -  Random_Opponent

PGN-File: C:\Program Files (x86)\Arena\Tournaments\Engine Battle 20250829_2.pgn

No:  B/W 1/2     W:B       1:2           Time        Value Moves Dep 1:2       1-2-Draws
   5 = =    1.0:1.0        4.0:1.0       6:13:33 PM     0.00    46 5.913 :0 3-0-2

--------------------------------------------------------------

Engine-Match Friday, August 29, 2025 6:13:34 PM
 Blitz 10/5 

Pairing 4/10 :    C0BR4_v2.0  -  SlowMate_v3.0

PGN-File: C:\Program Files (x86)\Arena\Tournaments\Engine Battle 20250829_2.pgn

No:  B/W 1/2     W:B       1:2           Time        Value Moves Dep 1:2       1-2-Draws
   5 B 2    1.5:0.5        0.5:4.5       6:20:01 PM    -6.95    25 4.000 :3.885  0-4-1

--------------------------------------------------------------

Engine-Match Friday, August 29, 2025 6:20:02 PM
 Blitz 10/5 

Pairing 5/10 :    V7P3R_v9.0  -  C0BR4_v2.0

PGN-File: C:\Program Files (x86)\Arena\Tournaments\Engine Battle 20250829_2.pgn

No:  B/W 1/2     W:B       1:2           Time        Value Moves Dep 1:2       1-2-Draws
   5 W 1    1.0:0.0        2.0:3.0       6:20:25 PM  +115.00     4 6.000 :4.000  2-3-0

--------------------------------------------------------------

Engine-Match Friday, August 29, 2025 6:20:26 PM
 Blitz 10/5 

Pairing 6/10 :    SlowMate_v3.0  -  V7P3R_v7.0

PGN-File: C:\Program Files (x86)\Arena\Tournaments\Engine Battle 20250829_2.pgn

No:  B/W 1/2     W:B       1:2           Time        Value Moves Dep 1:2       1-2-Draws
   5 B 2    1.0:0.0        2.0:3.0       6:29:46 PM    -M500    21 3.857 :5.381  2-3-0

--------------------------------------------------------------

Engine-Match Friday, August 29, 2025 6:29:47 PM
 Blitz 10/5 

Pairing 7/10 :    Random_Opponent  -  SlowMate_v3.0

PGN-File: C:\Program Files (x86)\Arena\Tournaments\Engine Battle 20250829_2.pgn

No:  B/W 1/2     W:B       1:2           Time        Value Moves Dep 1:2       1-2-Draws
   5 B 2    1.5:0.5        0.5:4.5       6:36:37 PM  -169.56    28 0:4.214  0-4-1

--------------------------------------------------------------

Engine-Match Friday, August 29, 2025 6:36:39 PM
 Blitz 10/5 

Pairing 8/10 :    V7P3R_v7.0  -  V7P3R_v9.0

PGN-File: C:\Program Files (x86)\Arena\Tournaments\Engine Battle 20250829_2.pgn

No:  B/W 1/2     W:B       1:2           Time        Value Moves Dep 1:2       1-2-Draws
   5 W 1    1.0:0.0        3.0:2.0       6:41:39 PM    +M500    17 5.353 :6.000  3-2-0

--------------------------------------------------------------

Engine-Match Friday, August 29, 2025 6:41:40 PM
 Blitz 10/5 

Pairing 9/10 :    C0BR4_v2.0  -  V7P3R_v7.0

PGN-File: C:\Program Files (x86)\Arena\Tournaments\Engine Battle 20250829_2.pgn

No:  B/W 1/2     W:B       1:2           Time        Value Moves Dep 1:2       1-2-Draws
   5 B 2    1.0:0.0        2.0:3.0       6:43:03 PM   +95.00     6 4.000 :5.714  2-3-0

--------------------------------------------------------------

Engine-Match Friday, August 29, 2025 6:43:04 PM
 Blitz 10/5 

Pairing 10/10 :    V7P3R_v9.0  -  Random_Opponent

PGN-File: C:\Program Files (x86)\Arena\Tournaments\Engine Battle 20250829_2.pgn

No:  B/W 1/2     W:B       1:2           Time        Value Moves Dep 1:2       1-2-Draws
   5 W 1    1.0:0.0        5.0:0.0       6:44:16 PM      +M1    23 6.000 :0 5-0-0

--------------------------------------------------------------

Engine-Match Friday, August 29, 2025 6:44:18 PM
 Blitz 10/5 

Pairing 1/10 :    SlowMate_v3.0  -  V7P3R_v9.0

PGN-File: C:\Program Files (x86)\Arena\Tournaments\Engine Battle 20250829_2.pgn

No:  B/W 1/2     W:B       1:2           Time        Value Moves Dep 1:2       1-2-Draws
   6 B 1    1.0:0.0        6.0:0.0       6:46:53 PM   -85.00     8 4.000 :6.000  6-0-0

--------------------------------------------------------------

Engine-Match Friday, August 29, 2025 6:46:55 PM
 Blitz 10/5 

Pairing 2/10 :    Random_Opponent  -  C0BR4_v2.0

PGN-File: C:\Program Files (x86)\Arena\Tournaments\Engine Battle 20250829_2.pgn

No:  B/W 1/2     W:B       1:2           Time        Value Moves Dep 1:2       1-2-Draws
   6 B 1    1.0:0.0        4.0:2.0       6:47:02 PM     0.00     7 0:4.000  4-2-0

--------------------------------------------------------------

Engine-Match Friday, August 29, 2025 6:47:03 PM
 Blitz 10/5 

Pairing 3/10 :    V7P3R_v7.0  -  Random_Opponent

PGN-File: C:\Program Files (x86)\Arena\Tournaments\Engine Battle 20250829_2.pgn

No:  B/W 1/2     W:B       1:2           Time        Value Moves Dep 1:2       1-2-Draws
   6 = =    1.5:1.5        4.5:1.5       6:51:11 PM     0.00    26 5.440 :0 3-0-3

--------------------------------------------------------------

Engine-Match Friday, August 29, 2025 6:51:12 PM
 Blitz 10/5 

Pairing 4/10 :    C0BR4_v2.0  -  SlowMate_v3.0

PGN-File: C:\Program Files (x86)\Arena\Tournaments\Engine Battle 20250829_2.pgn

No:  B/W 1/2     W:B       1:2           Time        Value Moves Dep 1:2       1-2-Draws
   6 = =    1.0:1.0        1.0:5.0       6:57:07 PM    -7.11    23 4.000 :4.348  0-4-2

--------------------------------------------------------------

Engine-Match Friday, August 29, 2025 6:57:09 PM
 Blitz 10/5 

Pairing 5/10 :    V7P3R_v9.0  -  C0BR4_v2.0

PGN-File: C:\Program Files (x86)\Arena\Tournaments\Engine Battle 20250829_2.pgn

No:  B/W 1/2     W:B       1:2           Time        Value Moves Dep 1:2       1-2-Draws
   6 B 1    1.0:0.0        3.0:3.0       6:57:43 PM    +M500     8 6.000 :4.000  3-3-0

--------------------------------------------------------------

Engine-Match Friday, August 29, 2025 6:57:45 PM
 Blitz 10/5 

Pairing 6/10 :    SlowMate_v3.0  -  V7P3R_v7.0

PGN-File: C:\Program Files (x86)\Arena\Tournaments\Engine Battle 20250829_2.pgn

No:  B/W 1/2     W:B       1:2           Time        Value Moves Dep 1:2       1-2-Draws
   6 B 1    1.0:0.0        3.0:3.0       7:08:30 PM    -M500    23 3.864 :5.217  3-3-0

--------------------------------------------------------------

Engine-Match Friday, August 29, 2025 7:08:31 PM
 Blitz 10/5 

Pairing 7/10 :    Random_Opponent  -  SlowMate_v3.0

PGN-File: C:\Program Files (x86)\Arena\Tournaments\Engine Battle 20250829_2.pgn

No:  B/W 1/2     W:B       1:2           Time        Value Moves Dep 1:2       1-2-Draws
   6 W 2    1.5:0.5        0.5:5.5       7:10:51 PM  +169.69     7 0:4.000  0-5-1

--------------------------------------------------------------

Engine-Match Friday, August 29, 2025 7:10:52 PM
 Blitz 10/5 

Pairing 8/10 :    V7P3R_v7.0  -  V7P3R_v9.0

PGN-File: C:\Program Files (x86)\Arena\Tournaments\Engine Battle 20250829_2.pgn

No:  B/W 1/2     W:B       1:2           Time        Value Moves Dep 1:2       1-2-Draws
   6 W 2    1.0:0.0        3.0:3.0       7:14:51 PM   +35.00    15 5.533 :6.000  3-3-0

--------------------------------------------------------------

Engine-Match Friday, August 29, 2025 7:14:53 PM
 Blitz 10/5 

Pairing 9/10 :    C0BR4_v2.0  -  V7P3R_v7.0

PGN-File: C:\Program Files (x86)\Arena\Tournaments\Engine Battle 20250829_2.pgn

No:  B/W 1/2     W:B       1:2           Time        Value Moves Dep 1:2       1-2-Draws
   6 W 2    1.0:0.0        2.0:4.0       7:21:36 PM    +M500    35 4.000 :5.556  2-4-0

--------------------------------------------------------------

Engine-Match Friday, August 29, 2025 7:21:37 PM
 Blitz 10/5 

Pairing 10/10 :    V7P3R_v9.0  -  Random_Opponent

PGN-File: C:\Program Files (x86)\Arena\Tournaments\Engine Battle 20250829_2.pgn

No:  B/W 1/2     W:B       1:2           Time        Value Moves Dep 1:2       1-2-Draws
   6 B 1    1.0:0.0        6.0:0.0       7:22:36 PM      -M1    27 6.000 :0 6-0-0

--------------------------------------------------------------

Engine-Match Friday, August 29, 2025 7:22:43 PM
 Blitz 10/5 

Pairing 1/10 :    SlowMate_v3.0  -  V7P3R_v9.0

PGN-File: C:\Program Files (x86)\Arena\Tournaments\Engine Battle 20250829_2.pgn

No:  B/W 1/2     W:B       1:2           Time        Value Moves Dep 1:2       1-2-Draws
   7 W 1    1.0:0.0        7.0:0.0       7:27:11 PM    +M500    14 4.357 :6.000  7-0-0

--------------------------------------------------------------

Engine-Match Friday, August 29, 2025 7:27:12 PM
 Blitz 10/5 

Pairing 2/10 :    Random_Opponent  -  C0BR4_v2.0

PGN-File: C:\Program Files (x86)\Arena\Tournaments\Engine Battle 20250829_2.pgn

No:  B/W 1/2     W:B       1:2           Time        Value Moves Dep 1:2       1-2-Draws
   7 W 1    1.0:0.0        5.0:2.0       7:27:28 PM     0.00    31 0:4.000  5-2-0

--------------------------------------------------------------

Engine-Match Friday, August 29, 2025 7:27:29 PM
 Blitz 10/5 

Pairing 3/10 :    V7P3R_v7.0  -  Random_Opponent

PGN-File: C:\Program Files (x86)\Arena\Tournaments\Engine Battle 20250829_2.pgn

No:  B/W 1/2     W:B       1:2           Time        Value Moves Dep 1:2       1-2-Draws
   7 W 1    2.5:1.5        5.5:1.5       7:33:45 PM    +M500    25 5.720 :0 4-0-3

--------------------------------------------------------------

Engine-Match Friday, August 29, 2025 7:33:46 PM
 Blitz 10/5 

Pairing 4/10 :    C0BR4_v2.0  -  SlowMate_v3.0

PGN-File: C:\Program Files (x86)\Arena\Tournaments\Engine Battle 20250829_2.pgn

No:  B/W 1/2     W:B       1:2           Time        Value Moves Dep 1:2       1-2-Draws
   7 = =    1.5:1.5        1.5:5.5       7:42:39 PM    +4.33    40 4.000 :4.481  0-4-3

--------------------------------------------------------------

Engine-Match Friday, August 29, 2025 7:42:40 PM
 Blitz 10/5 

Pairing 5/10 :    V7P3R_v9.0  -  C0BR4_v2.0

PGN-File: C:\Program Files (x86)\Arena\Tournaments\Engine Battle 20250829_2.pgn

No:  B/W 1/2     W:B       1:2           Time        Value Moves Dep 1:2       1-2-Draws
   7 B 2    1.0:0.0        3.0:4.0       7:43:18 PM   -15.00    10 6.000 :4.000  3-4-0

--------------------------------------------------------------

Engine-Match Friday, August 29, 2025 7:43:19 PM
 Blitz 10/5 

Pairing 6/10 :    SlowMate_v3.0  -  V7P3R_v7.0

PGN-File: C:\Program Files (x86)\Arena\Tournaments\Engine Battle 20250829_2.pgn

No:  B/W 1/2     W:B       1:2           Time        Value Moves Dep 1:2       1-2-Draws
   7 B 2    1.0:0.0        3.0:4.0       7:52:34 PM    -M500    21 3.905 :5.381  3-4-0

--------------------------------------------------------------

Engine-Match Friday, August 29, 2025 7:52:35 PM
 Blitz 10/5 

Pairing 7/10 :    Random_Opponent  -  SlowMate_v3.0

PGN-File: C:\Program Files (x86)\Arena\Tournaments\Engine Battle 20250829_2.pgn

No:  B/W 1/2     W:B       1:2           Time        Value Moves Dep 1:2       1-2-Draws
   7 = =    1.0:1.0        1.0:6.0       7:59:59 PM     0.00    32 0:4.387  0-5-2

--------------------------------------------------------------

Engine-Match Friday, August 29, 2025 8:00:00 PM
 Blitz 10/5 

Pairing 8/10 :    V7P3R_v7.0  -  V7P3R_v9.0

PGN-File: C:\Program Files (x86)\Arena\Tournaments\Engine Battle 20250829_2.pgn

No:  B/W 1/2     W:B       1:2           Time        Value Moves Dep 1:2       1-2-Draws
   7 W 1    1.0:0.0        4.0:3.0       8:05:05 PM    +M500    17 5.353 :6.000  4-3-0

--------------------------------------------------------------

Engine-Match Friday, August 29, 2025 8:05:06 PM
 Blitz 10/5 

Pairing 9/10 :    C0BR4_v2.0  -  V7P3R_v7.0

PGN-File: C:\Program Files (x86)\Arena\Tournaments\Engine Battle 20250829_2.pgn

No:  B/W 1/2     W:B       1:2           Time        Value Moves Dep 1:2       1-2-Draws
   7 B 2    1.0:0.0        2.0:5.0       8:07:20 PM   -30.00    13 4.000 :5.286  2-5-0

--------------------------------------------------------------

Engine-Match Friday, August 29, 2025 8:07:21 PM
 Blitz 10/5 

Pairing 10/10 :    V7P3R_v9.0  -  Random_Opponent

PGN-File: C:\Program Files (x86)\Arena\Tournaments\Engine Battle 20250829_2.pgn

No:  B/W 1/2     W:B       1:2           Time        Value Moves Dep 1:2       1-2-Draws
   7 W 1    1.0:0.0        7.0:0.0       8:07:36 PM      +M1     4 6.000 :0 7-0-0

--------------------------------------------------------------

Engine-Match Friday, August 29, 2025 8:07:37 PM
 Blitz 10/5 

Pairing 1/10 :    SlowMate_v3.0  -  V7P3R_v9.0

PGN-File: C:\Program Files (x86)\Arena\Tournaments\Engine Battle 20250829_2.pgn

No:  B/W 1/2     W:B       1:2           Time        Value Moves Dep 1:2       1-2-Draws
   8 B 1    1.0:0.0        8.0:0.0       8:10:15 PM   -85.00     8 4.000 :6.000  8-0-0

--------------------------------------------------------------

Engine-Match Friday, August 29, 2025 8:10:16 PM
 Blitz 10/5 

Pairing 2/10 :    Random_Opponent  -  C0BR4_v2.0

PGN-File: C:\Program Files (x86)\Arena\Tournaments\Engine Battle 20250829_2.pgn

No:  B/W 1/2     W:B       1:2           Time        Value Moves Dep 1:2       1-2-Draws
   8 W 2    1.0:0.0        5.0:3.0       8:10:21 PM  +299.99     7 0:4.000  5-3-0

--------------------------------------------------------------

Engine-Match Friday, August 29, 2025 8:10:23 PM
 Blitz 10/5 

Pairing 3/10 :    V7P3R_v7.0  -  Random_Opponent

PGN-File: C:\Program Files (x86)\Arena\Tournaments\Engine Battle 20250829_2.pgn

No:  B/W 1/2     W:B       1:2           Time        Value Moves Dep 1:2       1-2-Draws
   8 B 1    2.5:1.5        6.5:1.5       8:15:08 PM    -M500    20 5.800 :0 5-0-3

--------------------------------------------------------------

Engine-Match Friday, August 29, 2025 8:15:09 PM
 Blitz 10/5 

Pairing 4/10 :    C0BR4_v2.0  -  SlowMate_v3.0

PGN-File: C:\Program Files (x86)\Arena\Tournaments\Engine Battle 20250829_2.pgn

No:  B/W 1/2     W:B       1:2           Time        Value Moves Dep 1:2       1-2-Draws
   8 B 1    2.5:1.5        2.5:5.5       8:20:23 PM   -10.61    20 4.000 :4.150  1-4-3

--------------------------------------------------------------

Engine-Match Friday, August 29, 2025 8:20:25 PM
 Blitz 10/5 

Pairing 5/10 :    V7P3R_v9.0  -  C0BR4_v2.0

PGN-File: C:\Program Files (x86)\Arena\Tournaments\Engine Battle 20250829_2.pgn

No:  B/W 1/2     W:B       1:2           Time        Value Moves Dep 1:2       1-2-Draws
   8 W 2    1.0:0.0        3.0:5.0       8:22:26 PM    +M500    38 6.000 :4.000  3-5-0

--------------------------------------------------------------

Engine-Match Friday, August 29, 2025 8:22:27 PM
 Blitz 10/5 

Pairing 6/10 :    SlowMate_v3.0  -  V7P3R_v7.0

PGN-File: C:\Program Files (x86)\Arena\Tournaments\Engine Battle 20250829_2.pgn

No:  B/W 1/2     W:B       1:2           Time        Value Moves Dep 1:2       1-2-Draws
   8 W 2    1.0:0.0        3.0:5.0       8:30:46 PM    +M500    17 4.125 :5.529  3-5-0

--------------------------------------------------------------

Engine-Match Friday, August 29, 2025 8:30:47 PM
 Blitz 10/5 

Pairing 7/10 :    Random_Opponent  -  SlowMate_v3.0

PGN-File: C:\Program Files (x86)\Arena\Tournaments\Engine Battle 20250829_2.pgn

No:  B/W 1/2     W:B       1:2           Time        Value Moves Dep 1:2       1-2-Draws
   8 W 2    2.0:1.0        1.0:7.0       8:35:19 PM  +147.69    17 0:4.412  0-6-2

--------------------------------------------------------------

Engine-Match Friday, August 29, 2025 8:35:20 PM
 Blitz 10/5 

Pairing 8/10 :    V7P3R_v7.0  -  V7P3R_v9.0

PGN-File: C:\Program Files (x86)\Arena\Tournaments\Engine Battle 20250829_2.pgn

No:  B/W 1/2     W:B       1:2           Time        Value Moves Dep 1:2       1-2-Draws
   8 W 2    1.0:0.0        4.0:4.0       8:39:08 PM   +35.00    15 5.533 :6.000  4-4-0

--------------------------------------------------------------

Engine-Match Friday, August 29, 2025 8:39:09 PM
 Blitz 10/5 

Pairing 9/10 :    C0BR4_v2.0  -  V7P3R_v7.0

PGN-File: C:\Program Files (x86)\Arena\Tournaments\Engine Battle 20250829_2.pgn

No:  B/W 1/2     W:B       1:2           Time        Value Moves Dep 1:2       1-2-Draws
   8 W 2    1.0:0.0        2.0:6.0       8:47:17 PM   +15.95    38 4.000 :5.316  2-6-0

--------------------------------------------------------------

Engine-Match Friday, August 29, 2025 8:47:18 PM
 Blitz 10/5 

Pairing 10/10 :    V7P3R_v9.0  -  Random_Opponent

PGN-File: C:\Program Files (x86)\Arena\Tournaments\Engine Battle 20250829_2.pgn

No:  B/W 1/2     W:B       1:2           Time        Value Moves Dep 1:2       1-2-Draws
   8 B 1    1.0:0.0        8.0:0.0       8:48:03 PM      -M1    14 6.000 :0 8-0-0

--------------------------------------------------------------

Engine-Match Friday, August 29, 2025 8:48:10 PM
 Blitz 10/5 

Pairing 1/10 :    SlowMate_v3.0  -  V7P3R_v9.0

PGN-File: C:\Program Files (x86)\Arena\Tournaments\Engine Battle 20250829_2.pgn

No:  B/W 1/2     W:B       1:2           Time        Value Moves Dep 1:2       1-2-Draws
   9 W 1    1.0:0.0        9.0:0.0       8:52:38 PM    +M500    14 4.357 :6.000  9-0-0

--------------------------------------------------------------

Engine-Match Friday, August 29, 2025 8:52:39 PM
 Blitz 10/5 

Pairing 2/10 :    Random_Opponent  -  C0BR4_v2.0

PGN-File: C:\Program Files (x86)\Arena\Tournaments\Engine Battle 20250829_2.pgn

No:  B/W 1/2     W:B       1:2           Time        Value Moves Dep 1:2       1-2-Draws
   9 W 1    1.0:0.0        6.0:3.0       8:52:45 PM     0.00     9 0:4.000  6-3-0

--------------------------------------------------------------

Engine-Match Friday, August 29, 2025 8:52:46 PM
 Blitz 10/5 

Pairing 3/10 :    V7P3R_v7.0  -  Random_Opponent

PGN-File: C:\Program Files (x86)\Arena\Tournaments\Engine Battle 20250829_2.pgn

No:  B/W 1/2     W:B       1:2           Time        Value Moves Dep 1:2       1-2-Draws
   9 W 1    2.5:1.5        7.5:1.5       8:57:26 PM    +M500    18 5.833 :0 6-0-3

--------------------------------------------------------------

Engine-Match Friday, August 29, 2025 8:57:27 PM
 Blitz 10/5 

Pairing 4/10 :    C0BR4_v2.0  -  SlowMate_v3.0

PGN-File: C:\Program Files (x86)\Arena\Tournaments\Engine Battle 20250829_2.pgn

No:  B/W 1/2     W:B       1:2           Time        Value Moves Dep 1:2       1-2-Draws
   9 W 1    2.5:1.5        3.5:5.5       8:59:30 PM  +299.99     8 4.000 :4.143  2-4-3

--------------------------------------------------------------

Engine-Match Friday, August 29, 2025 8:59:32 PM
 Blitz 10/5 

Pairing 5/10 :    V7P3R_v9.0  -  C0BR4_v2.0

PGN-File: C:\Program Files (x86)\Arena\Tournaments\Engine Battle 20250829_2.pgn

No:  B/W 1/2     W:B       1:2           Time        Value Moves Dep 1:2       1-2-Draws
   9 W 1    1.0:0.0        4.0:5.0       9:00:22 PM  +300.00    15 6.000 :4.000  4-5-0

--------------------------------------------------------------

Engine-Match Friday, August 29, 2025 9:00:23 PM
 Blitz 10/5 

Pairing 6/10 :    SlowMate_v3.0  -  V7P3R_v7.0

PGN-File: C:\Program Files (x86)\Arena\Tournaments\Engine Battle 20250829_2.pgn

No:  B/W 1/2     W:B       1:2           Time        Value Moves Dep 1:2       1-2-Draws
   9 B 2    1.0:0.0        3.0:6.0       9:09:49 PM    -M500    21 3.810 :5.381  3-6-0

--------------------------------------------------------------

Engine-Match Friday, August 29, 2025 9:09:51 PM
 Blitz 10/5 

Pairing 7/10 :    Random_Opponent  -  SlowMate_v3.0

PGN-File: C:\Program Files (x86)\Arena\Tournaments\Engine Battle 20250829_2.pgn

No:  B/W 1/2     W:B       1:2           Time        Value Moves Dep 1:2       1-2-Draws
   9 = =    1.5:1.5        1.5:7.5       9:16:41 PM     0.00    29 0:4.250  0-6-3

--------------------------------------------------------------

Engine-Match Friday, August 29, 2025 9:16:43 PM
 Blitz 10/5 

Pairing 8/10 :    V7P3R_v7.0  -  V7P3R_v9.0

PGN-File: C:\Program Files (x86)\Arena\Tournaments\Engine Battle 20250829_2.pgn

No:  B/W 1/2     W:B       1:2           Time        Value Moves Dep 1:2       1-2-Draws
   9 W 1    1.0:0.0        5.0:4.0       9:21:39 PM    +M500    17 5.235 :6.000  5-4-0

--------------------------------------------------------------

Engine-Match Friday, August 29, 2025 9:21:41 PM
 Blitz 10/5 

Pairing 9/10 :    C0BR4_v2.0  -  V7P3R_v7.0

PGN-File: C:\Program Files (x86)\Arena\Tournaments\Engine Battle 20250829_2.pgn

No:  B/W 1/2     W:B       1:2           Time        Value Moves Dep 1:2       1-2-Draws
   9 B 2    1.0:0.0        2.0:7.0       9:26:46 PM    -M166    28 4.000 :5.448  2-7-0

--------------------------------------------------------------

Engine-Match Friday, August 29, 2025 9:26:48 PM
 Blitz 10/5 

Pairing 10/10 :    V7P3R_v9.0  -  Random_Opponent

PGN-File: C:\Program Files (x86)\Arena\Tournaments\Engine Battle 20250829_2.pgn

No:  B/W 1/2     W:B       1:2           Time        Value Moves Dep 1:2       1-2-Draws
   9 = =    0.5:0.5        8.5:0.5       9:27:27 PM     0.00    12 6.000 :0 8-0-1

--------------------------------------------------------------

Engine-Match Friday, August 29, 2025 9:27:28 PM
 Blitz 10/5 

Pairing 1/10 :    SlowMate_v3.0  -  V7P3R_v9.0

PGN-File: C:\Program Files (x86)\Arena\Tournaments\Engine Battle 20250829_2.pgn

No:  B/W 1/2     W:B       1:2           Time        Value Moves Dep 1:2       1-2-Draws
  10 B 1    1.0:0.0        10.0:0.0      9:30:04 PM   -85.00     8 4.000 :6.000  10-0-0

--------------------------------------------------------------

Engine-Match Friday, August 29, 2025 9:30:06 PM
 Blitz 10/5 

Pairing 2/10 :    Random_Opponent  -  C0BR4_v2.0

PGN-File: C:\Program Files (x86)\Arena\Tournaments\Engine Battle 20250829_2.pgn

No:  B/W 1/2     W:B       1:2           Time        Value Moves Dep 1:2       1-2-Draws
  10 W 2    1.0:0.0        6.0:4.0       9:30:15 PM  +299.99    15 0:4.000  6-4-0

--------------------------------------------------------------

Engine-Match Friday, August 29, 2025 9:30:16 PM
 Blitz 10/5 

Pairing 3/10 :    V7P3R_v7.0  -  Random_Opponent

PGN-File: C:\Program Files (x86)\Arena\Tournaments\Engine Battle 20250829_2.pgn

No:  B/W 1/2     W:B       1:2           Time        Value Moves Dep 1:2       1-2-Draws
  10 = =    2.0:2.0        8.0:2.0       9:35:24 PM    -M500    23 5.913 :0 6-0-4

--------------------------------------------------------------

Engine-Match Friday, August 29, 2025 9:35:25 PM
 Blitz 10/5 

Pairing 4/10 :    C0BR4_v2.0  -  SlowMate_v3.0

PGN-File: C:\Program Files (x86)\Arena\Tournaments\Engine Battle 20250829_2.pgn

No:  B/W 1/2     W:B       1:2           Time        Value Moves Dep 1:2       1-2-Draws
  10 W 2    2.5:1.5        3.5:6.5       9:41:33 PM   +11.08    24 4.000 :4.000  2-5-3

--------------------------------------------------------------

Engine-Match Friday, August 29, 2025 9:41:34 PM
 Blitz 10/5 

Pairing 5/10 :    V7P3R_v9.0  -  C0BR4_v2.0

PGN-File: C:\Program Files (x86)\Arena\Tournaments\Engine Battle 20250829_2.pgn

No:  B/W 1/2     W:B       1:2           Time        Value Moves Dep 1:2       1-2-Draws
  10 W 2    1.0:0.0        4.0:6.0       9:43:37 PM    +M500    38 6.000 :4.000  4-6-0

--------------------------------------------------------------

Engine-Match Friday, August 29, 2025 9:43:39 PM
 Blitz 10/5 

Pairing 6/10 :    SlowMate_v3.0  -  V7P3R_v7.0

PGN-File: C:\Program Files (x86)\Arena\Tournaments\Engine Battle 20250829_2.pgn

No:  B/W 1/2     W:B       1:2           Time        Value Moves Dep 1:2       1-2-Draws
  10 B 1    1.0:0.0        4.0:6.0       10:04:57 PM    -M500    51 3.941 :5.412  4-6-0

--------------------------------------------------------------

Engine-Match Friday, August 29, 2025 10:04:58 PM
 Blitz 10/5 

Pairing 7/10 :    Random_Opponent  -  SlowMate_v3.0

PGN-File: C:\Program Files (x86)\Arena\Tournaments\Engine Battle 20250829_2.pgn

No:  B/W 1/2     W:B       1:2           Time        Value Moves Dep 1:2       1-2-Draws
  10 W 2    2.5:1.5        1.5:8.5       10:12:37 PM  +168.37    32 0:3.969  0-7-3

--------------------------------------------------------------

Engine-Match Friday, August 29, 2025 10:12:38 PM
 Blitz 10/5 

Pairing 8/10 :    V7P3R_v7.0  -  V7P3R_v9.0

PGN-File: C:\Program Files (x86)\Arena\Tournaments\Engine Battle 20250829_2.pgn

No:  B/W 1/2     W:B       1:2           Time        Value Moves Dep 1:2       1-2-Draws
  10 W 2    1.0:0.0        5.0:5.0       10:16:18 PM   +35.00    15 5.533 :6.000  5-5-0

--------------------------------------------------------------

Engine-Match Friday, August 29, 2025 10:16:20 PM
 Blitz 10/5 

Pairing 9/10 :    C0BR4_v2.0  -  V7P3R_v7.0

PGN-File: C:\Program Files (x86)\Arena\Tournaments\Engine Battle 20250829_2.pgn

No:  B/W 1/2     W:B       1:2           Time        Value Moves Dep 1:2       1-2-Draws
  10 W 2    1.0:0.0        2.0:8.0       10:23:14 PM    +M500    35 4.000 :5.583  2-8-0

--------------------------------------------------------------

Engine-Match Friday, August 29, 2025 10:23:15 PM
 Blitz 10/5 

Pairing 10/10 :    V7P3R_v9.0  -  Random_Opponent

PGN-File: C:\Program Files (x86)\Arena\Tournaments\Engine Battle 20250829_2.pgn

No:  B/W 1/2     W:B       1:2           Time        Value Moves Dep 1:2       1-2-Draws
  10 B 1    1.5:0.5        9.5:0.5       10:24:07 PM      -M1    20 6.000 :0 9-0-1
