Engine-Match Monday, December 29, 2025 1:02:30 PM
 Blitz 5/3 

Pairing 1/1 :    V7P3R_v18_current  -  V7P3R_v17.1

PGN-File: C:\Program Files (x86)\Arena\Tournaments\V7P3R v18_current vs 17.1 Battle 20251229.pgn

No:  B/W 1/2     W:B       1:2           Time        Value Moves Dep 1:2       1-2-Draws
   1 W 1    1.0:0.0        1.0:0.0       1:08:26 PM   +18.22    61 3.947 :4.000  1-0-0
   2 = =    1.5:0.5        1.5:0.5       1:13:05 PM    +8.60    62 4.061 :4.094  1-0-1
   3 = =    2.0:1.0        2.0:1.0       1:18:54 PM    +0.84    61 4.266 :4.349  1-0-2
   4 = =    2.5:1.5        2.5:1.5       1:23:28 PM    +1.82    59 4.300 :4.392  1-0-3
   5 W 1    3.5:1.5        3.5:1.5       1:27:53 PM  +289.98    46 4.267 :4.313  2-0-3
   6 = =    4.0:2.0        4.0:2.0       1:35:55 PM    -3.70    80 4.159 :4.202  2-0-4
   7 = =    4.5:2.5        4.5:2.5       1:39:40 PM    +0.10    43 4.092 :4.165  2-0-5
   8 B 1    5.5:2.5        5.5:2.5       1:43:49 PM  -289.98    41 4.087 :4.132  3-0-5
   9 = =    6.0:3.0        6.0:3.0       1:51:40 PM    +2.68    80 4.091 :4.166  3-0-6
  10 W 2    7.0:3.0        6.0:4.0       1:56:14 PM  +289.96    47 4.173 :4.234  3-1-6
  11 = =    7.5:3.5        6.5:4.5       1:59:18 PM    -4.14    31 4.233 :4.289  3-1-7
  12 = =    8.0:4.0        7.0:5.0       2:04:14 PM    +4.42    41 4.233 :4.301  3-1-8
  13 = =    8.5:4.5        7.5:5.5       2:09:12 PM    -5.00    56 4.232 :4.300  3-1-9
  14 W 2    9.5:4.5        7.5:6.5       2:13:43 PM  +289.99    48 4.232 :4.302  3-2-9
  15 W 1    10.5:4.5       8.5:6.5       2:17:56 PM  +289.99    46 4.214 :4.289  4-2-9
  16 = =    11.0:5.0       9.0:7.0       2:21:43 PM    +1.16    38 4.210 :4.279  4-2-10
  17 B 2    12.0:5.0       9.0:8.0       2:28:30 PM  -289.99    60 4.204 :4.273  4-3-10
  18 B 1    13.0:5.0       10.0:8.0      2:33:06 PM   -12.22    38 4.180 :4.247  5-3-10
  19 W 1    14.0:5.0       11.0:8.0      2:38:16 PM  +289.98    56 4.177 :4.241  6-3-10
  20 = =    14.5:5.5       11.5:8.5      2:42:31 PM    +2.04    42 4.168 :4.223  6-3-11

--------------------------------------------------------------

Engine-Match Monday, December 29, 2025 2:42:38 PM
 Blitz 5/3 

Pairing 1/1 :    V7P3R_v18_current  -  V7P3R_v17.1

PGN-File: C:\Program Files (x86)\Arena\Tournaments\V7P3R v18_current vs 17.1 Battle 20251229.pgn

No:  B/W 1/2     W:B       1:2           Time        Value Moves Dep 1:2       1-2-Draws
  21 B 2    6.5:5.5        11.5:9.5      2:48:55 PM   -12.40    62 4.565 :4.478  6-4-11
  22 B 1    7.5:5.5        12.5:9.5      2:53:16 PM   -10.46    45 4.423 :4.558  7-4-11
  23 = =    8.0:6.0        13.0:10.0     2:59:02 PM    -5.52    56 4.237 :4.474  7-4-12
  24 = =    8.5:6.5        13.5:10.5     3:05:16 PM    -2.72    56 4.157 :4.343  7-4-13
  25 W 1    9.5:6.5        14.5:10.5     3:12:38 PM  +289.96    93 4.145 :4.306  8-4-13
