Engine-Match Monday, December 22, 2025 5:01:38 PM
 Blitz 5/3 

Pairing 1/1 :    V7P3R_v18.0  -  V7P3R_v17.1

PGN-File: C:\Program Files (x86)\Arena\Tournaments\V7P3R v18.0 vs 17.1 Battle 20251222.pgn

No:  B/W 1/2     W:B       1:2           Time        Value Moves Dep 1:2       1-2-Draws
   1 W 1    1.0:0.0        1.0:0.0       5:03:37 PM  +289.99    22 4.063 :4.133  1-0-0
   2 W 2    2.0:0.0        1.0:1.0       5:05:50 PM  +289.99    22 4.097 :4.161  1-1-0
   3 = =    2.5:0.5        1.5:1.5       5:11:06 PM    -5.00    55 4.279 :4.317  1-1-1
   4 = =    3.0:1.0        2.0:2.0       5:14:10 PM    +1.92    27 4.183 :4.222  1-1-2
   5 = =    3.5:1.5        2.5:2.5       5:19:00 PM    -5.18    51 4.108 :4.187  1-1-3
   6 W 2    4.5:1.5        2.5:3.5       5:24:28 PM    +9.54    49 4.043 :4.069  1-2-3
   7 W 1    5.5:1.5        3.5:3.5       5:28:27 PM   +10.06    49 4.070 :4.125  2-2-3
   8 W 2    6.5:1.5        3.5:4.5       5:31:48 PM  +289.99    46 4.106 :4.150  2-3-3
   9 W 1    7.5:1.5        4.5:4.5       5:35:54 PM  +289.98    35 4.118 :4.173  3-3-3
  10 W 2    8.5:1.5        4.5:5.5       5:40:06 PM   +10.22    40 4.077 :4.108  3-4-3
  11 W 1    9.5:1.5        5.5:5.5       5:45:24 PM   +14.90    52 4.036 :4.085  4-4-3
  12 W 2    10.5:1.5       5.5:6.5       5:50:44 PM  +289.98    48 4.012 :4.054  4-5-3
  13 = =    11.0:2.0       6.0:7.0       5:55:03 PM    +0.36    40 4.000 :4.049  4-5-4
  14 W 2    12.0:2.0       6.0:8.0       5:58:03 PM  +289.98    25 4.010 :4.056  4-6-4
  15 = =    12.5:2.5       6.5:8.5       6:03:11 PM    -5.00    62 4.003 :4.047  4-6-5
  16 W 2    13.5:2.5       6.5:9.5       6:09:16 PM  +289.99    77 3.994 :4.039  4-7-5
  17 B 2    14.5:2.5       6.5:10.5      6:15:21 PM  -289.98    69 3.977 :4.020  4-8-5
  18 W 2    15.5:2.5       6.5:11.5      6:20:04 PM   +10.24    56 3.989 :4.038  4-9-5
  19 B 2    16.5:2.5       6.5:12.5      6:23:04 PM  -289.99    32 4.005 :4.063  4-10-5
  20 B 1    17.5:2.5       7.5:12.5      6:27:47 PM   -12.06    48 4.029 :4.087  5-10-5

--------------------------------------------------------------

Engine-Match Monday, December 22, 2025 6:27:54 PM
 Blitz 5/3 

Pairing 1/1 :    V7P3R_v18.0  -  V7P3R_v17.1

PGN-File: C:\Program Files (x86)\Arena\Tournaments\V7P3R v18.0 vs 17.1 Battle 20251222.pgn

No:  B/W 1/2     W:B       1:2           Time        Value Moves Dep 1:2       1-2-Draws
  20 * *     2.5:2.5        7.5:12.5      6:30:47 PM    +4.18    32 4.417 :4.667  5-10-5
