Engine-Match Thursday, December 18, 2025 9:15:30 PM
 Blitz 2/1 

Pairing 1/1 :    V7P3R_v18.0  -  V7P3R_v17.1

PGN-File: C:\Program Files (x86)\Arena\Tournaments\V7P3R v18 vs v17.1 Battle 20251218.pgn

No:  B/W 1/2     W:B       1:2           Time        Value Moves Dep 1:2       1-2-Draws
   1 B 2    1.0:0.0        0.0:1.0       9:16:57 PM   -13.18    41 3.391 :3.500  0-1-0
   2 B 1    2.0:0.0        1.0:1.0       9:18:49 PM   -11.34    64 3.371 :3.412  1-1-0
   3 W 1    3.0:0.0        2.0:1.0       9:21:59 PM  +289.98    60 3.413 :3.577  2-1-0
   4 W 2    4.0:0.0        2.0:2.0       9:24:01 PM   +10.74    47 3.420 :3.612  2-2-0
   5 B 2    5.0:0.0        2.0:3.0       9:26:36 PM  -289.99    62 3.360 :3.580  2-3-0
   6 = =    5.5:0.5        2.5:3.5       9:28:28 PM    +0.72    39 3.370 :3.559  2-3-1
   7 = =    6.0:1.0        3.0:4.0       9:30:03 PM    +6.40    40 3.363 :3.573  2-3-2
   8 W 2    7.0:1.0        3.0:5.0       9:31:53 PM  +289.99    56 3.353 :3.567  2-4-2
   9 B 2    8.0:1.0        3.0:6.0       9:32:22 PM  -289.98    23 3.373 :3.595  2-5-2
  10 B 1    9.0:1.0        4.0:6.0       9:32:58 PM  -289.98    23 3.381 :3.627  3-5-2
  11 B 2    10.0:1.0       4.0:7.0       9:33:52 PM   -11.82    30 3.397 :3.636  3-6-2
  12 = =    10.5:1.5       4.5:7.5       9:35:34 PM    -0.68    50 3.417 :3.679  3-6-3
  13 W 1    11.5:1.5       5.5:7.5       9:37:08 PM  +289.99    37 3.427 :3.701  4-6-3
  14 = =    12.0:2.0       6.0:8.0       9:39:14 PM     0.00    57 3.446 :3.705  4-6-4
  15 B 2    13.0:2.0       6.0:9.0       9:41:36 PM   -12.86    58 3.442 :3.689  4-7-4
  16 B 1    14.0:2.0       7.0:9.0       9:43:51 PM   -14.32    55 3.431 :3.675  5-7-4
  17 W 1    15.0:2.0       8.0:9.0       9:45:55 PM  +289.98    55 3.427 :3.679  6-7-4
  18 W 2    16.0:2.0       8.0:10.0      9:47:03 PM  +289.98    30 3.450 :3.696  6-8-4
  19 W 1    17.0:2.0       9.0:10.0      9:49:56 PM   +16.36    68 3.469 :3.718  7-8-4
  20 W 2    18.0:2.0       9.0:11.0      9:51:50 PM   +14.12    48 3.475 :3.724  7-9-4

--------------------------------------------------------------

Engine-Match Thursday, December 18, 2025 9:51:57 PM
 Blitz 2/1 

Pairing 1/1 :    V7P3R_v18.0  -  V7P3R_v17.1

PGN-File: C:\Program Files (x86)\Arena\Tournaments\V7P3R v18 vs v17.1 Battle 20251218.pgn

No:  B/W 1/2     W:B       1:2           Time        Value Moves Dep 1:2       1-2-Draws
  21 B 2    3.0:2.0        9.0:12.0      9:52:22 PM  -289.97    22 4.143 :4.000  7-10-4
  22 B 1    4.0:2.0        10.0:12.0     9:52:47 PM  -289.97    22 4.071 :4.071  8-10-4
  23 = =    4.5:2.5        10.5:12.5     9:54:17 PM    -1.28    49 3.750 :3.895  8-10-5
  24 = =    5.0:3.0        11.0:13.0     9:55:29 PM    +0.04    37 3.600 :3.840  8-10-6
  25 B 2    6.0:3.0        11.0:14.0     9:57:29 PM   -13.62    56 3.343 :3.735  8-11-6
  26 B 1    7.0:3.0        12.0:14.0     9:58:22 PM  -289.97    29 3.327 :3.688  9-11-6
  27 W 1    8.0:3.0        13.0:14.0     10:00:59 PM  +289.99    60 3.362 :3.732  10-11-6
  28 B 1    9.0:3.0        14.0:14.0     10:02:22 PM   -11.66    44 3.362 :3.657  11-11-6
  29 B 2    10.0:3.0       14.0:15.0     10:04:53 PM   -12.18    64 3.324 :3.670  11-12-6
  30 W 2    11.0:3.0       14.0:16.0     10:06:54 PM  +289.97    43 3.296 :3.590  11-13-6
  31 = =    11.5:3.5       14.5:16.5     10:08:21 PM    +0.86    35 3.284 :3.584  11-13-7
  32 = =    12.0:4.0       15.0:17.0     10:11:03 PM    -0.06    49 3.360 :3.638  11-13-8
  33 = =    12.5:4.5       15.5:17.5     10:13:35 PM    +2.44    68 3.337 :3.616  11-13-9
  34 B 1    13.5:4.5       16.5:17.5     10:15:39 PM   -14.18    53 3.340 :3.611  12-13-9
  35 W 1    14.5:4.5       17.5:17.5     10:17:44 PM   +23.44    48 3.348 :3.624  13-13-9
  36 W 2    15.5:4.5       17.5:18.5     10:20:30 PM  +289.97    61 3.367 :3.638  13-14-9
  37 = =    16.0:5.0       18.0:19.0     10:22:18 PM    -6.64    56 3.363 :3.635  13-14-10
  38 W 2    17.0:5.0       18.0:20.0     10:24:46 PM   +17.90    60 3.358 :3.629  13-15-10
  39 W 1    18.0:5.0       19.0:20.0     10:25:53 PM  +289.97    33 3.353 :3.630  14-15-10
  40 = =    18.5:5.5       19.5:20.5     10:29:25 PM    +1.94    80 3.362 :3.623  14-15-11

--------------------------------------------------------------

Engine-Match Thursday, December 18, 2025 10:29:32 PM
 Blitz 2/1 

Pairing 1/1 :    V7P3R_v18.0  -  V7P3R_v17.1

PGN-File: C:\Program Files (x86)\Arena\Tournaments\V7P3R v18 vs v17.1 Battle 20251218.pgn

No:  B/W 1/2     W:B       1:2           Time        Value Moves Dep 1:2       1-2-Draws
  41 = =    6.0:6.0        20.0:21.0     10:32:14 PM    -4.98    61 3.000 :3.600  14-15-12
  42 W 2    7.0:6.0        20.0:22.0     10:33:25 PM   +10.62    35 3.188 :3.563  14-16-12
  43 W 1    8.0:6.0        21.0:22.0     10:34:00 PM  +289.97    25 3.231 :3.600  15-16-12
  44 W 2    9.0:6.0        21.0:23.0     10:34:43 PM  +289.97    28 3.211 :3.500  15-17-12
  45 = =    9.5:6.5        21.5:23.5     10:37:02 PM    -1.00    46 3.286 :3.554  15-17-13
  46 B 1    10.5:6.5       22.5:23.5     10:39:39 PM  -289.98    52 3.225 :3.486  16-17-13
  47 = =    11.0:7.0       23.0:24.0     10:42:34 PM    +0.90    55 3.347 :3.616  16-17-14
  48 = =    11.5:7.5       23.5:24.5     10:45:43 PM    +3.36    61 3.425 :3.578  16-17-15
  49 B 2    12.5:7.5       23.5:25.5     10:47:27 PM  -289.97    42 3.396 :3.535  16-18-15
  50 = =    13.0:8.0       24.0:26.0     10:49:40 PM    +5.30    61 3.390 :3.552  16-18-16
