Engine-Match Wednesday, December 10, 2025 2:33:54 PM
 Blitz 1/1 

Pairing 1/55 :    V7P3R_v12.6  -  V7P3R_v17.6

PGN-File: C:\Program Files (x86)\Arena\Tournaments\V7P3R Regression Battle 20251210_3.pgn

No:  B/W 1/2     W:B       1:2           Time        Value Moves Dep 1:2       1-2-Draws
   1 B 2    1.0:0.0        0.0:1.0       2:37:42 PM  -289.98    57 2.786 :3.214  0-1-0

--------------------------------------------------------------

Engine-Match Wednesday, December 10, 2025 2:37:43 PM
 Blitz 1/1 

Pairing 2/55 :    V7P3R_v17.5  -  V7P3R_v14.1

PGN-File: C:\Program Files (x86)\Arena\Tournaments\V7P3R Regression Battle 20251210_3.pgn

No:  B/W 1/2     W:B       1:2           Time        Value Moves Dep 1:2       1-2-Draws
   1 W 1    1.0:0.0        1.0:0.0       2:39:56 PM  +289.96    39 2.560 :3.364  1-0-0

--------------------------------------------------------------

Engine-Match Wednesday, December 10, 2025 2:39:57 PM
 Blitz 1/1 

Pairing 3/55 :    V7P3R_v16.1  -  V7P3R_v17.4

PGN-File: C:\Program Files (x86)\Arena\Tournaments\V7P3R Regression Battle 20251210_3.pgn

No:  B/W 1/2     W:B       1:2           Time        Value Moves Dep 1:2       1-2-Draws
   1 W 1    1.0:0.0        1.0:0.0       2:42:24 PM    +9.36    70 2.269 :3.615  1-0-0

--------------------------------------------------------------

Engine-Match Wednesday, December 10, 2025 2:42:25 PM
 Blitz 1/1 

Pairing 4/55 :    V7P3R_v17.3  -  V7P3R_v17.0

PGN-File: C:\Program Files (x86)\Arena\Tournaments\V7P3R Regression Battle 20251210_3.pgn

No:  B/W 1/2     W:B       1:2           Time        Value Moves Dep 1:2       1-2-Draws
   1 = =    0.5:0.5        0.5:0.5       2:46:00 PM     0.00    70 3.737 :3.731  0-0-1

--------------------------------------------------------------

Engine-Match Wednesday, December 10, 2025 2:46:01 PM
 Blitz 1/1 

Pairing 5/55 :    V7P3R_v17.1  -  V7P3R_v17.2

PGN-File: C:\Program Files (x86)\Arena\Tournaments\V7P3R Regression Battle 20251210_3.pgn

No:  B/W 1/2     W:B       1:2           Time        Value Moves Dep 1:2       1-2-Draws
   1 = =    0.5:0.5        0.5:0.5       2:48:40 PM    +2.82    45 3.050 :2.615  0-0-1

--------------------------------------------------------------

Engine-Match Wednesday, December 10, 2025 2:48:41 PM
 Blitz 1/1 

Pairing 6/55 :    V7P3R_v17.7  -  V7P3R_v17.5

PGN-File: C:\Program Files (x86)\Arena\Tournaments\V7P3R Regression Battle 20251210_3.pgn

No:  B/W 1/2     W:B       1:2           Time        Value Moves Dep 1:2       1-2-Draws
   1 = =    0.5:0.5        0.5:0.5       2:51:47 PM    -0.80    51 3.071 :3.462  0-0-1

--------------------------------------------------------------

Engine-Match Wednesday, December 10, 2025 2:51:49 PM
 Blitz 1/1 

Pairing 7/55 :    V7P3R_v17.4  -  V7P3R_v12.6

PGN-File: C:\Program Files (x86)\Arena\Tournaments\V7P3R Regression Battle 20251210_3.pgn

No:  B/W 1/2     W:B       1:2           Time        Value Moves Dep 1:2       1-2-Draws
   1 W 1    1.0:0.0        1.0:0.0       2:53:23 PM  +289.98    20 4.000 :3.412  1-0-0

--------------------------------------------------------------

Engine-Match Wednesday, December 10, 2025 2:53:24 PM
 Blitz 1/1 

Pairing 8/55 :    V7P3R_v14.1  -  V7P3R_v17.3

PGN-File: C:\Program Files (x86)\Arena\Tournaments\V7P3R Regression Battle 20251210_3.pgn

No:  B/W 1/2     W:B       1:2           Time        Value Moves Dep 1:2       1-2-Draws
   1 = =    0.5:0.5        0.5:0.5       2:56:20 PM     0.00    48 3.190 :3.574  0-0-1

--------------------------------------------------------------

Engine-Match Wednesday, December 10, 2025 2:56:21 PM
 Blitz 1/1 

Pairing 9/55 :    V7P3R_v17.2  -  V7P3R_v16.1

PGN-File: C:\Program Files (x86)\Arena\Tournaments\V7P3R Regression Battle 20251210_3.pgn

No:  B/W 1/2     W:B       1:2           Time        Value Moves Dep 1:2       1-2-Draws
   1 W 1    1.0:0.0        1.0:0.0       2:57:38 PM   +10.60    25 3.050 :2.000  1-0-0

--------------------------------------------------------------

Engine-Match Wednesday, December 10, 2025 2:57:40 PM
 Blitz 1/1 

Pairing 10/55 :    V7P3R_v17.0  -  V7P3R_v17.1

PGN-File: C:\Program Files (x86)\Arena\Tournaments\V7P3R Regression Battle 20251210_3.pgn

No:  B/W 1/2     W:B       1:2           Time        Value Moves Dep 1:2       1-2-Draws
   1 W 1    1.0:0.0        1.0:0.0       3:00:14 PM   +11.06    42 3.357 :3.316  1-0-0

--------------------------------------------------------------

Engine-Match Wednesday, December 10, 2025 3:00:16 PM
 Blitz 1/1 

Pairing 11/55 :    V7P3R_v17.6  -  V7P3R_v17.4

PGN-File: C:\Program Files (x86)\Arena\Tournaments\V7P3R Regression Battle 20251210_3.pgn

No:  B/W 1/2     W:B       1:2           Time        Value Moves Dep 1:2       1-2-Draws
   1 W 1    1.0:0.0        1.0:0.0       3:02:35 PM   +11.00    40 3.393 :3.889  1-0-0

--------------------------------------------------------------

Engine-Match Wednesday, December 10, 2025 3:02:36 PM
 Blitz 1/1 

Pairing 12/55 :    V7P3R_v17.3  -  V7P3R_v17.7

PGN-File: C:\Program Files (x86)\Arena\Tournaments\V7P3R Regression Battle 20251210_3.pgn

No:  B/W 1/2     W:B       1:2           Time        Value Moves Dep 1:2       1-2-Draws
   1 = =    0.5:0.5        0.5:0.5       3:04:06 PM    +0.38    27 3.182 :3.095  0-0-1

--------------------------------------------------------------

Engine-Match Wednesday, December 10, 2025 3:04:08 PM
 Blitz 1/1 

Pairing 13/55 :    V7P3R_v12.6  -  V7P3R_v17.2

PGN-File: C:\Program Files (x86)\Arena\Tournaments\V7P3R Regression Battle 20251210_3.pgn

No:  B/W 1/2     W:B       1:2           Time        Value Moves Dep 1:2       1-2-Draws
   1 B 2    1.0:0.0        0.0:1.0       3:06:28 PM   -13.49    34 3.030 :3.303  0-1-0

--------------------------------------------------------------

Engine-Match Wednesday, December 10, 2025 3:06:29 PM
 Blitz 1/1 

Pairing 14/55 :    V7P3R_v17.1  -  V7P3R_v14.1

PGN-File: C:\Program Files (x86)\Arena\Tournaments\V7P3R Regression Battle 20251210_3.pgn

No:  B/W 1/2     W:B       1:2           Time        Value Moves Dep 1:2       1-2-Draws
   1 W 1    1.0:0.0        1.0:0.0       3:08:05 PM   +15.91    29 4.077 :3.522  1-0-0

--------------------------------------------------------------

Engine-Match Wednesday, December 10, 2025 3:08:06 PM
 Blitz 1/1 

Pairing 15/55 :    V7P3R_v16.1  -  V7P3R_v17.0

PGN-File: C:\Program Files (x86)\Arena\Tournaments\V7P3R Regression Battle 20251210_3.pgn

No:  B/W 1/2     W:B       1:2           Time        Value Moves Dep 1:2       1-2-Draws
   1 B 2    1.0:0.0        0.0:1.0       3:09:30 PM     0.00    38 2.045 :3.765  0-1-0

--------------------------------------------------------------

Engine-Match Wednesday, December 10, 2025 3:09:31 PM
 Blitz 1/1 

Pairing 16/55 :    V7P3R_v17.5  -  V7P3R_v17.3

PGN-File: C:\Program Files (x86)\Arena\Tournaments\V7P3R Regression Battle 20251210_3.pgn

No:  B/W 1/2     W:B       1:2           Time        Value Moves Dep 1:2       1-2-Draws
   1 = =    0.5:0.5        0.5:0.5       3:12:23 PM    -2.18    55 2.619 :3.500  0-0-1

--------------------------------------------------------------

Engine-Match Wednesday, December 10, 2025 3:12:24 PM
 Blitz 1/1 

Pairing 17/55 :    V7P3R_v17.2  -  V7P3R_v17.6

PGN-File: C:\Program Files (x86)\Arena\Tournaments\V7P3R Regression Battle 20251210_3.pgn

No:  B/W 1/2     W:B       1:2           Time        Value Moves Dep 1:2       1-2-Draws
   1 = =    0.5:0.5        0.5:0.5       3:13:46 PM    +1.08    27 3.045 :3.095  0-0-1

--------------------------------------------------------------

Engine-Match Wednesday, December 10, 2025 3:13:48 PM
 Blitz 1/1 

Pairing 18/55 :    V7P3R_v17.7  -  V7P3R_v17.1

PGN-File: C:\Program Files (x86)\Arena\Tournaments\V7P3R Regression Battle 20251210_3.pgn

No:  B/W 1/2     W:B       1:2           Time        Value Moves Dep 1:2       1-2-Draws
   1 = =    0.5:0.5        0.5:0.5       3:16:24 PM    +0.36    48 2.419 :2.605  0-0-1

--------------------------------------------------------------

Engine-Match Wednesday, December 10, 2025 3:16:25 PM
 Blitz 1/1 

Pairing 19/55 :    V7P3R_v17.0  -  V7P3R_v12.6

PGN-File: C:\Program Files (x86)\Arena\Tournaments\V7P3R Regression Battle 20251210_3.pgn

No:  B/W 1/2     W:B       1:2           Time        Value Moves Dep 1:2       1-2-Draws
   1 B 2    1.0:0.0        0.0:1.0       3:18:57 PM     0.00    44 3.720 :2.967  0-1-0

--------------------------------------------------------------

Engine-Match Wednesday, December 10, 2025 3:18:58 PM
 Blitz 1/1 

Pairing 20/55 :    V7P3R_v14.1  -  V7P3R_v16.1

PGN-File: C:\Program Files (x86)\Arena\Tournaments\V7P3R Regression Battle 20251210_3.pgn

No:  B/W 1/2     W:B       1:2           Time        Value Moves Dep 1:2       1-2-Draws
   1 W 1    1.0:0.0        1.0:0.0       3:19:51 PM   +33.77    25 3.240 :2.250  1-0-0

--------------------------------------------------------------

Engine-Match Wednesday, December 10, 2025 3:20:02 PM
 Blitz 1/1 

Pairing 21/55 :    V7P3R_v17.4  -  V7P3R_v17.2

PGN-File: C:\Program Files (x86)\Arena\Tournaments\V7P3R Regression Battle 20251210_3.pgn

No:  B/W 1/2     W:B       1:2           Time        Value Moves Dep 1:2       1-2-Draws
   1 B 2    1.0:0.0        0.0:1.0       3:22:53 PM  -289.98    46 3.739 :3.500  0-1-0

--------------------------------------------------------------

Engine-Match Wednesday, December 10, 2025 3:22:54 PM
 Blitz 1/1 

Pairing 22/55 :    V7P3R_v17.1  -  V7P3R_v17.5

PGN-File: C:\Program Files (x86)\Arena\Tournaments\V7P3R Regression Battle 20251210_3.pgn

No:  B/W 1/2     W:B       1:2           Time        Value Moves Dep 1:2       1-2-Draws
   1 B 2    1.0:0.0        0.0:1.0       3:25:12 PM   -13.16    48 3.300 :2.850  0-1-0

--------------------------------------------------------------

Engine-Match Wednesday, December 10, 2025 3:25:14 PM
 Blitz 1/1 

Pairing 23/55 :    V7P3R_v17.6  -  V7P3R_v17.0

PGN-File: C:\Program Files (x86)\Arena\Tournaments\V7P3R Regression Battle 20251210_3.pgn

No:  B/W 1/2     W:B       1:2           Time        Value Moves Dep 1:2       1-2-Draws
   1 = =    0.5:0.5        0.5:0.5       3:28:10 PM     0.00    44 2.808 :4.000  0-0-1

--------------------------------------------------------------

Engine-Match Wednesday, December 10, 2025 3:28:12 PM
 Blitz 1/1 

Pairing 24/55 :    V7P3R_v16.1  -  V7P3R_v17.7

PGN-File: C:\Program Files (x86)\Arena\Tournaments\V7P3R Regression Battle 20251210_3.pgn

No:  B/W 1/2     W:B       1:2           Time        Value Moves Dep 1:2       1-2-Draws
   1 B 2    1.0:0.0        0.0:1.0       3:29:29 PM   -10.48    27 2.182 :3.000  0-1-0

--------------------------------------------------------------

Engine-Match Wednesday, December 10, 2025 3:29:31 PM
 Blitz 1/1 

Pairing 25/55 :    V7P3R_v12.6  -  V7P3R_v14.1

PGN-File: C:\Program Files (x86)\Arena\Tournaments\V7P3R Regression Battle 20251210_3.pgn

No:  B/W 1/2     W:B       1:2           Time        Value Moves Dep 1:2       1-2-Draws
   1 B 2    1.0:0.0        0.0:1.0       3:32:30 PM     0.00    58 2.938 :2.871  0-1-0

--------------------------------------------------------------

Engine-Match Wednesday, December 10, 2025 3:32:31 PM
 Blitz 1/1 

Pairing 26/55 :    V7P3R_v17.3  -  V7P3R_v17.1

PGN-File: C:\Program Files (x86)\Arena\Tournaments\V7P3R Regression Battle 20251210_3.pgn

No:  B/W 1/2     W:B       1:2           Time        Value Moves Dep 1:2       1-2-Draws
   1 = =    0.5:0.5        0.5:0.5       3:34:07 PM    +0.90    27 3.000 :3.091  0-0-1

--------------------------------------------------------------

Engine-Match Wednesday, December 10, 2025 3:34:08 PM
 Blitz 1/1 

Pairing 27/55 :    V7P3R_v17.0  -  V7P3R_v17.4

PGN-File: C:\Program Files (x86)\Arena\Tournaments\V7P3R Regression Battle 20251210_3.pgn

No:  B/W 1/2     W:B       1:2           Time        Value Moves Dep 1:2       1-2-Draws
   1 B 2    1.0:0.0        0.0:1.0       3:37:07 PM  -289.96    53 3.808 :3.667  0-1-0

--------------------------------------------------------------

Engine-Match Wednesday, December 10, 2025 3:37:09 PM
 Blitz 1/1 

Pairing 28/55 :    V7P3R_v17.5  -  V7P3R_v16.1

PGN-File: C:\Program Files (x86)\Arena\Tournaments\V7P3R Regression Battle 20251210_3.pgn

No:  B/W 1/2     W:B       1:2           Time        Value Moves Dep 1:2       1-2-Draws
   1 W 1    1.0:0.0        1.0:0.0       3:37:59 PM  +289.96    23 2.529 :2.313  1-0-0

--------------------------------------------------------------

Engine-Match Wednesday, December 10, 2025 3:38:01 PM
 Blitz 1/1 

Pairing 29/55 :    V7P3R_v14.1  -  V7P3R_v17.6

PGN-File: C:\Program Files (x86)\Arena\Tournaments\V7P3R Regression Battle 20251210_3.pgn

No:  B/W 1/2     W:B       1:2           Time        Value Moves Dep 1:2       1-2-Draws
   1 B 2    1.0:0.0        0.0:1.0       3:39:41 PM  -289.97    28 2.920 :3.250  0-1-0

--------------------------------------------------------------

Engine-Match Wednesday, December 10, 2025 3:39:43 PM
 Blitz 1/1 

Pairing 30/55 :    V7P3R_v17.7  -  V7P3R_v12.6

PGN-File: C:\Program Files (x86)\Arena\Tournaments\V7P3R Regression Battle 20251210_3.pgn

No:  B/W 1/2     W:B       1:2           Time        Value Moves Dep 1:2       1-2-Draws
   1 B 2    1.0:0.0        0.0:1.0       3:43:20 PM   -17.45    57 2.818 :2.844  0-1-0

--------------------------------------------------------------

Engine-Match Wednesday, December 10, 2025 3:43:21 PM
 Blitz 1/1 

Pairing 31/55 :    V7P3R_v17.2  -  V7P3R_v17.0

PGN-File: C:\Program Files (x86)\Arena\Tournaments\V7P3R Regression Battle 20251210_3.pgn

No:  B/W 1/2     W:B       1:2           Time        Value Moves Dep 1:2       1-2-Draws
   1 W 1    1.0:0.0        1.0:0.0       3:44:27 PM  +289.97    18 3.313 :3.500  1-0-0

--------------------------------------------------------------

Engine-Match Wednesday, December 10, 2025 3:44:28 PM
 Blitz 1/1 

Pairing 32/55 :    V7P3R_v16.1  -  V7P3R_v17.3

PGN-File: C:\Program Files (x86)\Arena\Tournaments\V7P3R Regression Battle 20251210_3.pgn

No:  B/W 1/2     W:B       1:2           Time        Value Moves Dep 1:2       1-2-Draws
   1 B 2    1.0:0.0        0.0:1.0       3:45:32 PM  -289.97    21 2.438 :3.188  0-1-0

--------------------------------------------------------------

Engine-Match Wednesday, December 10, 2025 3:45:33 PM
 Blitz 1/1 

Pairing 33/55 :    V7P3R_v17.4  -  V7P3R_v14.1

PGN-File: C:\Program Files (x86)\Arena\Tournaments\V7P3R Regression Battle 20251210_3.pgn

No:  B/W 1/2     W:B       1:2           Time        Value Moves Dep 1:2       1-2-Draws
   1 W 1    1.0:0.0        1.0:0.0       3:47:56 PM  +289.98    41 4.105 :3.211  1-0-0

--------------------------------------------------------------

Engine-Match Wednesday, December 10, 2025 3:47:57 PM
 Blitz 1/1 

Pairing 34/55 :    V7P3R_v12.6  -  V7P3R_v17.5

PGN-File: C:\Program Files (x86)\Arena\Tournaments\V7P3R Regression Battle 20251210_3.pgn

No:  B/W 1/2     W:B       1:2           Time        Value Moves Dep 1:2       1-2-Draws
   1 W 1    1.0:0.0        1.0:0.0       3:52:10 PM     0.00    59 2.789 :3.432  1-0-0

--------------------------------------------------------------

Engine-Match Wednesday, December 10, 2025 3:52:12 PM
 Blitz 1/1 

Pairing 35/55 :    V7P3R_v17.6  -  V7P3R_v17.7

PGN-File: C:\Program Files (x86)\Arena\Tournaments\V7P3R Regression Battle 20251210_3.pgn

No:  B/W 1/2     W:B       1:2           Time        Value Moves Dep 1:2       1-2-Draws
   1 W 1    1.0:0.0        1.0:0.0       3:54:06 PM   +13.89    29 2.348 :2.455  1-0-0

--------------------------------------------------------------

Engine-Match Wednesday, December 10, 2025 3:54:07 PM
 Blitz 1/1 

Pairing 36/55 :    V7P3R_v17.1  -  V7P3R_v16.1

PGN-File: C:\Program Files (x86)\Arena\Tournaments\V7P3R Regression Battle 20251210_3.pgn

No:  B/W 1/2     W:B       1:2           Time        Value Moves Dep 1:2       1-2-Draws
   1 W 1    1.0:0.0        1.0:0.0       3:56:17 PM  +289.97    65 3.317 :2.153  1-0-0

--------------------------------------------------------------

Engine-Match Wednesday, December 10, 2025 3:56:18 PM
 Blitz 1/1 

Pairing 37/55 :    V7P3R_v14.1  -  V7P3R_v17.2

PGN-File: C:\Program Files (x86)\Arena\Tournaments\V7P3R Regression Battle 20251210_3.pgn

No:  B/W 1/2     W:B       1:2           Time        Value Moves Dep 1:2       1-2-Draws
   1 B 2    1.0:0.0        0.0:1.0       3:58:26 PM  -289.98    37 3.348 :3.815  0-1-0

--------------------------------------------------------------

Engine-Match Wednesday, December 10, 2025 3:58:27 PM
 Blitz 1/1 

Pairing 38/55 :    V7P3R_v17.3  -  V7P3R_v12.6

PGN-File: C:\Program Files (x86)\Arena\Tournaments\V7P3R Regression Battle 20251210_3.pgn

No:  B/W 1/2     W:B       1:2           Time        Value Moves Dep 1:2       1-2-Draws
   1 W 1    1.0:0.0        1.0:0.0       4:00:12 PM  +289.98    24 3.826 :3.095  1-0-0

--------------------------------------------------------------

Engine-Match Wednesday, December 10, 2025 4:00:13 PM
 Blitz 1/1 

Pairing 39/55 :    V7P3R_v17.7  -  V7P3R_v17.4

PGN-File: C:\Program Files (x86)\Arena\Tournaments\V7P3R Regression Battle 20251210_3.pgn

No:  B/W 1/2     W:B       1:2           Time        Value Moves Dep 1:2       1-2-Draws
   1 B 2    1.0:0.0        0.0:1.0       4:03:35 PM  -289.98    53 3.071 :3.462  0-1-0

--------------------------------------------------------------

Engine-Match Wednesday, December 10, 2025 4:03:36 PM
 Blitz 1/1 

Pairing 40/55 :    V7P3R_v17.5  -  V7P3R_v17.6

PGN-File: C:\Program Files (x86)\Arena\Tournaments\V7P3R Regression Battle 20251210_3.pgn

No:  B/W 1/2     W:B       1:2           Time        Value Moves Dep 1:2       1-2-Draws
   1 = =    0.5:0.5        0.5:0.5       4:05:48 PM    +0.74    38 3.000 :3.031  0-0-1

--------------------------------------------------------------

Engine-Match Wednesday, December 10, 2025 4:05:56 PM
 Blitz 1/1 

Pairing 41/55 :    V7P3R_v17.0  -  V7P3R_v14.1

PGN-File: C:\Program Files (x86)\Arena\Tournaments\V7P3R Regression Battle 20251210_3.pgn

No:  B/W 1/2     W:B       1:2           Time        Value Moves Dep 1:2       1-2-Draws
   1 B 2    1.0:0.0        0.0:1.0       4:08:00 PM     0.00    39 3.696 :3.120  0-1-0

--------------------------------------------------------------

Engine-Match Wednesday, December 10, 2025 4:08:02 PM
 Blitz 1/1 

Pairing 42/55 :    V7P3R_v12.6  -  V7P3R_v17.1

PGN-File: C:\Program Files (x86)\Arena\Tournaments\V7P3R Regression Battle 20251210_3.pgn

No:  B/W 1/2     W:B       1:2           Time        Value Moves Dep 1:2       1-2-Draws
   1 B 2    1.0:0.0        0.0:1.0       4:11:16 PM   -30.54    56 3.000 :3.370  0-1-0

--------------------------------------------------------------

Engine-Match Wednesday, December 10, 2025 4:11:18 PM
 Blitz 1/1 

Pairing 43/55 :    V7P3R_v17.2  -  V7P3R_v17.7

PGN-File: C:\Program Files (x86)\Arena\Tournaments\V7P3R Regression Battle 20251210_3.pgn

No:  B/W 1/2     W:B       1:2           Time        Value Moves Dep 1:2       1-2-Draws
   1 = =    0.5:0.5        0.5:0.5       4:12:43 PM    +1.08    27 3.045 :3.095  0-0-1

--------------------------------------------------------------

Engine-Match Wednesday, December 10, 2025 4:12:44 PM
 Blitz 1/1 

Pairing 44/55 :    V7P3R_v17.6  -  V7P3R_v17.3

PGN-File: C:\Program Files (x86)\Arena\Tournaments\V7P3R Regression Battle 20251210_3.pgn

No:  B/W 1/2     W:B       1:2           Time        Value Moves Dep 1:2       1-2-Draws
   1 B 2    1.0:0.0        0.0:1.0       4:14:27 PM  -289.97    31 3.038 :3.308  0-1-0

--------------------------------------------------------------

Engine-Match Wednesday, December 10, 2025 4:14:28 PM
 Blitz 1/1 

Pairing 45/55 :    V7P3R_v17.4  -  V7P3R_v17.5

PGN-File: C:\Program Files (x86)\Arena\Tournaments\V7P3R Regression Battle 20251210_3.pgn

No:  B/W 1/2     W:B       1:2           Time        Value Moves Dep 1:2       1-2-Draws
   1 = =    0.5:0.5        0.5:0.5       4:16:31 PM    +1.12    37 3.094 :3.161  0-0-1

--------------------------------------------------------------

Engine-Match Wednesday, December 10, 2025 4:16:33 PM
 Blitz 1/1 

Pairing 46/55 :    V7P3R_v16.1  -  V7P3R_v12.6

PGN-File: C:\Program Files (x86)\Arena\Tournaments\V7P3R Regression Battle 20251210_3.pgn

No:  B/W 1/2     W:B       1:2           Time        Value Moves Dep 1:2       1-2-Draws
   1 B 2    1.0:0.0        0.0:1.0       4:18:46 PM   -18.46    68 2.000 :3.053  0-1-0

--------------------------------------------------------------

Engine-Match Wednesday, December 10, 2025 4:18:48 PM
 Blitz 1/1 

Pairing 47/55 :    V7P3R_v17.7  -  V7P3R_v17.0

PGN-File: C:\Program Files (x86)\Arena\Tournaments\V7P3R Regression Battle 20251210_3.pgn

No:  B/W 1/2     W:B       1:2           Time        Value Moves Dep 1:2       1-2-Draws
   1 = =    0.5:0.5        0.5:0.5       4:21:31 PM     0.00    44 2.692 :4.000  0-0-1

--------------------------------------------------------------

Engine-Match Wednesday, December 10, 2025 4:21:33 PM
 Blitz 1/1 

Pairing 48/55 :    V7P3R_v17.1  -  V7P3R_v17.6

PGN-File: C:\Program Files (x86)\Arena\Tournaments\V7P3R Regression Battle 20251210_3.pgn

No:  B/W 1/2     W:B       1:2           Time        Value Moves Dep 1:2       1-2-Draws
   1 = =    0.5:0.5        0.5:0.5       4:23:02 PM    +0.38    27 3.182 :3.095  0-0-1

--------------------------------------------------------------

Engine-Match Wednesday, December 10, 2025 4:23:03 PM
 Blitz 1/1 

Pairing 49/55 :    V7P3R_v17.5  -  V7P3R_v17.2

PGN-File: C:\Program Files (x86)\Arena\Tournaments\V7P3R Regression Battle 20251210_3.pgn

No:  B/W 1/2     W:B       1:2           Time        Value Moves Dep 1:2       1-2-Draws
   1 B 2    1.0:0.0        0.0:1.0       4:25:47 PM   -12.64    48 2.619 :3.450  0-1-0

--------------------------------------------------------------

Engine-Match Wednesday, December 10, 2025 4:25:48 PM
 Blitz 1/1 

Pairing 50/55 :    V7P3R_v17.3  -  V7P3R_v17.4

PGN-File: C:\Program Files (x86)\Arena\Tournaments\V7P3R Regression Battle 20251210_3.pgn

No:  B/W 1/2     W:B       1:2           Time        Value Moves Dep 1:2       1-2-Draws
   1 B 2    1.0:0.0        0.0:1.0       4:28:05 PM   -18.48    43 3.261 :3.565  0-1-0

--------------------------------------------------------------

Engine-Match Wednesday, December 10, 2025 4:28:07 PM
 Blitz 1/1 

Pairing 51/55 :    V7P3R_v14.1  -  V7P3R_v17.7

PGN-File: C:\Program Files (x86)\Arena\Tournaments\V7P3R Regression Battle 20251210_3.pgn

No:  B/W 1/2     W:B       1:2           Time        Value Moves Dep 1:2       1-2-Draws
   1 B 2    1.0:0.0        0.0:1.0       4:29:43 PM  -289.96    28 2.920 :3.143  0-1-0

--------------------------------------------------------------

Engine-Match Wednesday, December 10, 2025 4:29:44 PM
 Blitz 1/1 

Pairing 52/55 :    V7P3R_v17.6  -  V7P3R_v16.1

PGN-File: C:\Program Files (x86)\Arena\Tournaments\V7P3R Regression Battle 20251210_3.pgn

No:  B/W 1/2     W:B       1:2           Time        Value Moves Dep 1:2       1-2-Draws
   1 W 1    1.0:0.0        1.0:0.0       4:32:08 PM   +11.34    53 3.056 :2.029  1-0-0

--------------------------------------------------------------

Engine-Match Wednesday, December 10, 2025 4:32:09 PM
 Blitz 1/1 

Pairing 53/55 :    V7P3R_v17.0  -  V7P3R_v17.5

PGN-File: C:\Program Files (x86)\Arena\Tournaments\V7P3R Regression Battle 20251210_3.pgn

No:  B/W 1/2     W:B       1:2           Time        Value Moves Dep 1:2       1-2-Draws
   1 W 1    1.0:0.0        1.0:0.0       4:35:22 PM     0.00    50 3.667 :3.538  1-0-0

--------------------------------------------------------------

Engine-Match Wednesday, December 10, 2025 4:35:23 PM
 Blitz 1/1 

Pairing 54/55 :    V7P3R_v17.4  -  V7P3R_v17.1

PGN-File: C:\Program Files (x86)\Arena\Tournaments\V7P3R Regression Battle 20251210_3.pgn

No:  B/W 1/2     W:B       1:2           Time        Value Moves Dep 1:2       1-2-Draws
   1 B 2    1.0:0.0        0.0:1.0       4:39:01 PM   -16.70    65 3.465 :3.333  0-1-0

--------------------------------------------------------------

Engine-Match Wednesday, December 10, 2025 4:39:02 PM
 Blitz 1/1 

Pairing 55/55 :    V7P3R_v17.2  -  V7P3R_v17.3

PGN-File: C:\Program Files (x86)\Arena\Tournaments\V7P3R Regression Battle 20251210_3.pgn

No:  B/W 1/2     W:B       1:2           Time        Value Moves Dep 1:2       1-2-Draws
   1 = =    0.5:0.5        0.5:0.5       4:41:13 PM    +0.84    31 2.923 :3.231  0-0-1

--------------------------------------------------------------

Engine-Match Wednesday, December 10, 2025 4:41:14 PM
 Blitz 1/1 

Pairing 1/55 :    V7P3R_v12.6  -  V7P3R_v17.6

PGN-File: C:\Program Files (x86)\Arena\Tournaments\V7P3R Regression Battle 20251210_3.pgn

No:  B/W 1/2     W:B       1:2           Time        Value Moves Dep 1:2       1-2-Draws
   2 = =    0.5:0.5        0.5:1.5       4:43:48 PM    +1.97    34 2.840 :3.154  0-1-1

--------------------------------------------------------------

Engine-Match Wednesday, December 10, 2025 4:43:49 PM
 Blitz 1/1 

Pairing 2/55 :    V7P3R_v17.5  -  V7P3R_v14.1

PGN-File: C:\Program Files (x86)\Arena\Tournaments\V7P3R Regression Battle 20251210_3.pgn

No:  B/W 1/2     W:B       1:2           Time        Value Moves Dep 1:2       1-2-Draws
   2 W 2    1.0:0.0        1.0:1.0       4:46:36 PM  +289.97    43 3.833 :3.205  1-1-0

--------------------------------------------------------------

Engine-Match Wednesday, December 10, 2025 4:46:38 PM
 Blitz 1/1 

Pairing 3/55 :    V7P3R_v16.1  -  V7P3R_v17.4

PGN-File: C:\Program Files (x86)\Arena\Tournaments\V7P3R Regression Battle 20251210_3.pgn

No:  B/W 1/2     W:B       1:2           Time        Value Moves Dep 1:2       1-2-Draws
   2 W 2    1.0:0.0        1.0:1.0       4:47:54 PM  +299.98    33 2.000 :3.850  1-1-0

--------------------------------------------------------------

Engine-Match Wednesday, December 10, 2025 4:47:56 PM
 Blitz 1/1 

Pairing 4/55 :    V7P3R_v17.3  -  V7P3R_v17.0

PGN-File: C:\Program Files (x86)\Arena\Tournaments\V7P3R Regression Battle 20251210_3.pgn

No:  B/W 1/2     W:B       1:2           Time        Value Moves Dep 1:2       1-2-Draws
   2 B 1    1.5:0.5        1.5:0.5       4:50:13 PM  -289.97    36 3.389 :3.346  1-0-1

--------------------------------------------------------------

Engine-Match Wednesday, December 10, 2025 4:50:15 PM
 Blitz 1/1 

Pairing 5/55 :    V7P3R_v17.1  -  V7P3R_v17.2

PGN-File: C:\Program Files (x86)\Arena\Tournaments\V7P3R Regression Battle 20251210_3.pgn

No:  B/W 1/2     W:B       1:2           Time        Value Moves Dep 1:2       1-2-Draws
   2 = =    1.0:1.0        1.0:1.0       4:52:00 PM    +0.84    31 3.077 :2.962  0-0-2

--------------------------------------------------------------

Engine-Match Wednesday, December 10, 2025 4:52:07 PM
 Blitz 1/1 

Pairing 6/55 :    V7P3R_v17.7  -  V7P3R_v17.5

PGN-File: C:\Program Files (x86)\Arena\Tournaments\V7P3R Regression Battle 20251210_3.pgn

No:  B/W 1/2     W:B       1:2           Time        Value Moves Dep 1:2       1-2-Draws
   2 W 2    1.5:0.5        0.5:1.5       4:55:44 PM  +289.98    63 3.209 :3.477  0-1-1

--------------------------------------------------------------

Engine-Match Wednesday, December 10, 2025 4:55:46 PM
 Blitz 1/1 

Pairing 7/55 :    V7P3R_v17.4  -  V7P3R_v12.6

PGN-File: C:\Program Files (x86)\Arena\Tournaments\V7P3R Regression Battle 20251210_3.pgn

No:  B/W 1/2     W:B       1:2           Time        Value Moves Dep 1:2       1-2-Draws
   2 B 1    1.0:0.0        2.0:0.0       4:58:31 PM  -289.97    41 3.390 :2.756  2-0-0

--------------------------------------------------------------

Engine-Match Wednesday, December 10, 2025 4:58:32 PM
 Blitz 1/1 

Pairing 8/55 :    V7P3R_v14.1  -  V7P3R_v17.3

PGN-File: C:\Program Files (x86)\Arena\Tournaments\V7P3R Regression Battle 20251210_3.pgn

No:  B/W 1/2     W:B       1:2           Time        Value Moves Dep 1:2       1-2-Draws
   2 W 2    1.5:0.5        0.5:1.5       5:00:08 PM   +15.91    29 3.522 :4.077  0-1-1

--------------------------------------------------------------

Engine-Match Wednesday, December 10, 2025 5:00:09 PM
 Blitz 1/1 

Pairing 9/55 :    V7P3R_v17.2  -  V7P3R_v16.1

PGN-File: C:\Program Files (x86)\Arena\Tournaments\V7P3R Regression Battle 20251210_3.pgn

No:  B/W 1/2     W:B       1:2           Time        Value Moves Dep 1:2       1-2-Draws
   2 B 1    1.0:0.0        2.0:0.0       5:02:18 PM  -289.99    60 3.500 :2.138  2-0-0

--------------------------------------------------------------

Engine-Match Wednesday, December 10, 2025 5:02:19 PM
 Blitz 1/1 

Pairing 10/55 :    V7P3R_v17.0  -  V7P3R_v17.1

PGN-File: C:\Program Files (x86)\Arena\Tournaments\V7P3R Regression Battle 20251210_3.pgn

No:  B/W 1/2     W:B       1:2           Time        Value Moves Dep 1:2       1-2-Draws
   2 * *     0.0:0.0        1.0:0.0       5:03:47 PM    -1.00    21 3.600 :3.579  1-0-0

--------------------------------------------------------------

Engine-Match Wednesday, December 10, 2025 5:03:57 PM
 Blitz 1/1 

Pairing 10/55 :    V7P3R_v17.0  -  V7P3R_v17.1

PGN-File: C:\Program Files (x86)\Arena\Tournaments\V7P3R Regression Battle 20251210_3.pgn

No:  B/W 1/2     W:B       1:2           Time        Value Moves Dep 1:2       1-2-Draws
   2 W 2    1.0:0.0        1.0:1.0       5:05:27 PM  +289.98    23 3.600 :3.667  1-1-0

--------------------------------------------------------------

Engine-Match Wednesday, December 10, 2025 5:05:28 PM
 Blitz 1/1 

Pairing 11/55 :    V7P3R_v17.6  -  V7P3R_v17.4

PGN-File: C:\Program Files (x86)\Arena\Tournaments\V7P3R Regression Battle 20251210_3.pgn

No:  B/W 1/2     W:B       1:2           Time        Value Moves Dep 1:2       1-2-Draws
   2 = =    0.5:0.5        1.5:0.5       5:07:05 PM    +0.95    30 2.960 :3.000  1-0-1

--------------------------------------------------------------

Engine-Match Wednesday, December 10, 2025 5:07:06 PM
 Blitz 1/1 

Pairing 12/55 :    V7P3R_v17.3  -  V7P3R_v17.7

PGN-File: C:\Program Files (x86)\Arena\Tournaments\V7P3R Regression Battle 20251210_3.pgn

No:  B/W 1/2     W:B       1:2           Time        Value Moves Dep 1:2       1-2-Draws
   2 B 1    1.5:0.5        1.5:0.5       5:09:27 PM   -18.57    44 3.333 :2.880  1-0-1

--------------------------------------------------------------

Engine-Match Wednesday, December 10, 2025 5:09:28 PM
 Blitz 1/1 

Pairing 13/55 :    V7P3R_v12.6  -  V7P3R_v17.2

PGN-File: C:\Program Files (x86)\Arena\Tournaments\V7P3R Regression Battle 20251210_3.pgn

No:  B/W 1/2     W:B       1:2           Time        Value Moves Dep 1:2       1-2-Draws
   2 B 1    1.0:0.0        1.0:1.0       5:11:33 PM  -289.97    29 3.280 :3.929  1-1-0

--------------------------------------------------------------

Engine-Match Wednesday, December 10, 2025 5:11:34 PM
 Blitz 1/1 

Pairing 14/55 :    V7P3R_v17.1  -  V7P3R_v14.1

PGN-File: C:\Program Files (x86)\Arena\Tournaments\V7P3R Regression Battle 20251210_3.pgn

No:  B/W 1/2     W:B       1:2           Time        Value Moves Dep 1:2       1-2-Draws
   2 B 1    1.0:0.0        2.0:0.0       5:13:28 PM  -289.98    25 3.680 :3.136  2-0-0

--------------------------------------------------------------

Engine-Match Wednesday, December 10, 2025 5:13:30 PM
 Blitz 1/1 

Pairing 15/55 :    V7P3R_v16.1  -  V7P3R_v17.0

PGN-File: C:\Program Files (x86)\Arena\Tournaments\V7P3R Regression Battle 20251210_3.pgn

No:  B/W 1/2     W:B       1:2           Time        Value Moves Dep 1:2       1-2-Draws
   2 W 2    1.0:0.0        0.0:2.0       5:14:38 PM     0.00    38 2.000 :3.846  0-2-0

--------------------------------------------------------------

Engine-Match Wednesday, December 10, 2025 5:14:40 PM
 Blitz 1/1 

Pairing 16/55 :    V7P3R_v17.5  -  V7P3R_v17.3

PGN-File: C:\Program Files (x86)\Arena\Tournaments\V7P3R Regression Battle 20251210_3.pgn

No:  B/W 1/2     W:B       1:2           Time        Value Moves Dep 1:2       1-2-Draws
   2 W 2    1.5:0.5        0.5:1.5       5:16:51 PM  +289.99    40 2.895 :3.400  0-1-1

--------------------------------------------------------------

Engine-Match Wednesday, December 10, 2025 5:16:52 PM
 Blitz 1/1 

Pairing 17/55 :    V7P3R_v17.2  -  V7P3R_v17.6

PGN-File: C:\Program Files (x86)\Arena\Tournaments\V7P3R Regression Battle 20251210_3.pgn

No:  B/W 1/2     W:B       1:2           Time        Value Moves Dep 1:2       1-2-Draws
   2 B 1    1.5:0.5        1.5:0.5       5:22:07 PM  -289.98    88 2.826 :2.574  1-0-1

--------------------------------------------------------------

Engine-Match Wednesday, December 10, 2025 5:22:08 PM
 Blitz 1/1 

Pairing 18/55 :    V7P3R_v17.7  -  V7P3R_v17.1

PGN-File: C:\Program Files (x86)\Arena\Tournaments\V7P3R Regression Battle 20251210_3.pgn

No:  B/W 1/2     W:B       1:2           Time        Value Moves Dep 1:2       1-2-Draws
   2 W 2    1.5:0.5        0.5:1.5       5:26:30 PM  +289.97    81 3.074 :3.250  0-1-1

--------------------------------------------------------------

Engine-Match Wednesday, December 10, 2025 5:26:32 PM
 Blitz 1/1 

Pairing 19/55 :    V7P3R_v17.0  -  V7P3R_v12.6

PGN-File: C:\Program Files (x86)\Arena\Tournaments\V7P3R Regression Battle 20251210_3.pgn

No:  B/W 1/2     W:B       1:2           Time        Value Moves Dep 1:2       1-2-Draws
   2 = =    0.5:0.5        0.5:1.5       5:29:56 PM     0.00    68 3.385 :2.833  0-1-1

--------------------------------------------------------------

Engine-Match Wednesday, December 10, 2025 5:29:57 PM
 Blitz 1/1 

Pairing 20/55 :    V7P3R_v14.1  -  V7P3R_v16.1

PGN-File: C:\Program Files (x86)\Arena\Tournaments\V7P3R Regression Battle 20251210_3.pgn

No:  B/W 1/2     W:B       1:2           Time        Value Moves Dep 1:2       1-2-Draws
   2 B 1    1.0:0.0        2.0:0.0       5:31:21 PM   -11.38    51 3.294 :2.278  2-0-0

--------------------------------------------------------------

Engine-Match Wednesday, December 10, 2025 5:31:23 PM
 Blitz 1/1 

Pairing 21/55 :    V7P3R_v17.4  -  V7P3R_v17.2

PGN-File: C:\Program Files (x86)\Arena\Tournaments\V7P3R Regression Battle 20251210_3.pgn

No:  B/W 1/2     W:B       1:2           Time        Value Moves Dep 1:2       1-2-Draws
   2 = =    0.5:0.5        0.5:1.5       5:33:31 PM    -2.06    37 3.455 :3.391  0-1-1

--------------------------------------------------------------

Engine-Match Wednesday, December 10, 2025 5:33:32 PM
 Blitz 1/1 

Pairing 22/55 :    V7P3R_v17.1  -  V7P3R_v17.5

PGN-File: C:\Program Files (x86)\Arena\Tournaments\V7P3R Regression Battle 20251210_3.pgn

No:  B/W 1/2     W:B       1:2           Time        Value Moves Dep 1:2       1-2-Draws
   2 B 1    1.0:0.0        1.0:1.0       5:37:46 PM   -12.62    66 3.333 :3.405  1-1-0

--------------------------------------------------------------

Engine-Match Wednesday, December 10, 2025 5:37:47 PM
 Blitz 1/1 

Pairing 23/55 :    V7P3R_v17.6  -  V7P3R_v17.0

PGN-File: C:\Program Files (x86)\Arena\Tournaments\V7P3R Regression Battle 20251210_3.pgn

No:  B/W 1/2     W:B       1:2           Time        Value Moves Dep 1:2       1-2-Draws
   2 W 2    1.5:0.5        0.5:1.5       5:40:53 PM  +289.97    48 3.265 :3.467  0-1-1

--------------------------------------------------------------

Engine-Match Wednesday, December 10, 2025 5:40:54 PM
 Blitz 1/1 

Pairing 24/55 :    V7P3R_v16.1  -  V7P3R_v17.7

PGN-File: C:\Program Files (x86)\Arena\Tournaments\V7P3R Regression Battle 20251210_3.pgn

No:  B/W 1/2     W:B       1:2           Time        Value Moves Dep 1:2       1-2-Draws
   2 W 2    1.0:0.0        0.0:2.0       5:43:02 PM  +289.96    51 2.029 :2.971  0-2-0

--------------------------------------------------------------

Engine-Match Wednesday, December 10, 2025 5:43:04 PM
 Blitz 1/1 

Pairing 25/55 :    V7P3R_v12.6  -  V7P3R_v14.1

PGN-File: C:\Program Files (x86)\Arena\Tournaments\V7P3R Regression Battle 20251210_3.pgn

No:  B/W 1/2     W:B       1:2           Time        Value Moves Dep 1:2       1-2-Draws
   2 = =    0.5:0.5        0.5:1.5       5:45:44 PM     0.00    59 3.222 :3.600  0-1-1

--------------------------------------------------------------

Engine-Match Wednesday, December 10, 2025 5:45:45 PM
 Blitz 1/1 

Pairing 26/55 :    V7P3R_v17.3  -  V7P3R_v17.1

PGN-File: C:\Program Files (x86)\Arena\Tournaments\V7P3R Regression Battle 20251210_3.pgn

No:  B/W 1/2     W:B       1:2           Time        Value Moves Dep 1:2       1-2-Draws
   2 = =    1.0:1.0        1.0:1.0       5:47:23 PM    +0.90    27 3.091 :3.000  0-0-2

--------------------------------------------------------------

Engine-Match Wednesday, December 10, 2025 5:47:25 PM
 Blitz 1/1 

Pairing 27/55 :    V7P3R_v17.0  -  V7P3R_v17.4

PGN-File: C:\Program Files (x86)\Arena\Tournaments\V7P3R Regression Battle 20251210_3.pgn

No:  B/W 1/2     W:B       1:2           Time        Value Moves Dep 1:2       1-2-Draws
   2 W 2    1.0:0.0        0.0:2.0       5:50:51 PM  +289.99    68 3.520 :3.448  0-2-0

--------------------------------------------------------------

Engine-Match Wednesday, December 10, 2025 5:50:52 PM
 Blitz 1/1 

Pairing 28/55 :    V7P3R_v17.5  -  V7P3R_v16.1

PGN-File: C:\Program Files (x86)\Arena\Tournaments\V7P3R Regression Battle 20251210_3.pgn

No:  B/W 1/2     W:B       1:2           Time        Value Moves Dep 1:2       1-2-Draws
   2 B 1    1.0:0.0        2.0:0.0       5:51:56 PM  -289.96    22 3.059 :2.353  2-0-0

--------------------------------------------------------------

Engine-Match Wednesday, December 10, 2025 5:51:57 PM
 Blitz 1/1 

Pairing 29/55 :    V7P3R_v14.1  -  V7P3R_v17.6

PGN-File: C:\Program Files (x86)\Arena\Tournaments\V7P3R Regression Battle 20251210_3.pgn

No:  B/W 1/2     W:B       1:2           Time        Value Moves Dep 1:2       1-2-Draws
   2 B 1    1.0:0.0        1.0:1.0       5:54:55 PM   -21.21    54 3.440 :2.654  1-1-0

--------------------------------------------------------------

Engine-Match Wednesday, December 10, 2025 5:55:06 PM
 Blitz 1/1 

Pairing 30/55 :    V7P3R_v17.7  -  V7P3R_v12.6

PGN-File: C:\Program Files (x86)\Arena\Tournaments\V7P3R Regression Battle 20251210_3.pgn

No:  B/W 1/2     W:B       1:2           Time        Value Moves Dep 1:2       1-2-Draws
   2 B 1    1.0:0.0        1.0:1.0       5:56:38 PM   -15.43    24 2.783 :3.300  1-1-0

--------------------------------------------------------------

Engine-Match Wednesday, December 10, 2025 5:56:39 PM
 Blitz 1/1 

Pairing 31/55 :    V7P3R_v17.2  -  V7P3R_v17.0

PGN-File: C:\Program Files (x86)\Arena\Tournaments\V7P3R Regression Battle 20251210_3.pgn

No:  B/W 1/2     W:B       1:2           Time        Value Moves Dep 1:2       1-2-Draws
   2 W 2    1.0:0.0        1.0:1.0       5:59:22 PM   +11.22    53 3.308 :3.632  1-1-0

--------------------------------------------------------------

Engine-Match Wednesday, December 10, 2025 5:59:24 PM
 Blitz 1/1 

Pairing 32/55 :    V7P3R_v16.1  -  V7P3R_v17.3

PGN-File: C:\Program Files (x86)\Arena\Tournaments\V7P3R Regression Battle 20251210_3.pgn

No:  B/W 1/2     W:B       1:2           Time        Value Moves Dep 1:2       1-2-Draws
   2 W 2    1.0:0.0        0.0:2.0       6:01:24 PM  +299.98    51 2.043 :3.457  0-2-0

--------------------------------------------------------------

Engine-Match Wednesday, December 10, 2025 6:01:25 PM
 Blitz 1/1 

Pairing 33/55 :    V7P3R_v17.4  -  V7P3R_v14.1

PGN-File: C:\Program Files (x86)\Arena\Tournaments\V7P3R Regression Battle 20251210_3.pgn

No:  B/W 1/2     W:B       1:2           Time        Value Moves Dep 1:2       1-2-Draws
   2 = =    0.5:0.5        1.5:0.5       6:04:46 PM   +18.59    64 3.870 :3.143  1-0-1

--------------------------------------------------------------

Engine-Match Wednesday, December 10, 2025 6:04:47 PM
 Blitz 1/1 

Pairing 34/55 :    V7P3R_v12.6  -  V7P3R_v17.5

PGN-File: C:\Program Files (x86)\Arena\Tournaments\V7P3R Regression Battle 20251210_3.pgn

No:  B/W 1/2     W:B       1:2           Time        Value Moves Dep 1:2       1-2-Draws
   2 W 2    1.0:0.0        1.0:1.0       6:06:09 PM  +289.98    16 3.286 :4.000  1-1-0

--------------------------------------------------------------

Engine-Match Wednesday, December 10, 2025 6:06:10 PM
 Blitz 1/1 

Pairing 35/55 :    V7P3R_v17.6  -  V7P3R_v17.7

PGN-File: C:\Program Files (x86)\Arena\Tournaments\V7P3R Regression Battle 20251210_3.pgn

No:  B/W 1/2     W:B       1:2           Time        Value Moves Dep 1:2       1-2-Draws
   2 B 1    1.0:0.0        2.0:0.0       6:08:34 PM   -12.10    39 2.423 :2.556  2-0-0

--------------------------------------------------------------

Engine-Match Wednesday, December 10, 2025 6:08:36 PM
 Blitz 1/1 

Pairing 36/55 :    V7P3R_v17.1  -  V7P3R_v16.1

PGN-File: C:\Program Files (x86)\Arena\Tournaments\V7P3R Regression Battle 20251210_3.pgn

No:  B/W 1/2     W:B       1:2           Time        Value Moves Dep 1:2       1-2-Draws
   2 B 1    1.0:0.0        2.0:0.0       6:09:42 PM  -289.98    31 3.211 :2.050  2-0-0

--------------------------------------------------------------

Engine-Match Wednesday, December 10, 2025 6:09:44 PM
 Blitz 1/1 

Pairing 37/55 :    V7P3R_v14.1  -  V7P3R_v17.2

PGN-File: C:\Program Files (x86)\Arena\Tournaments\V7P3R Regression Battle 20251210_3.pgn

No:  B/W 1/2     W:B       1:2           Time        Value Moves Dep 1:2       1-2-Draws
   2 W 2    1.0:0.0        0.0:2.0       6:12:27 PM  +289.97    57 3.520 :4.069  0-2-0

--------------------------------------------------------------

Engine-Match Wednesday, December 10, 2025 6:12:28 PM
 Blitz 1/1 

Pairing 38/55 :    V7P3R_v17.3  -  V7P3R_v12.6

PGN-File: C:\Program Files (x86)\Arena\Tournaments\V7P3R Regression Battle 20251210_3.pgn

No:  B/W 1/2     W:B       1:2           Time        Value Moves Dep 1:2       1-2-Draws
   2 B 1    1.0:0.0        2.0:0.0       6:15:41 PM  -289.99    53 3.882 :3.467  2-0-0

--------------------------------------------------------------

Engine-Match Wednesday, December 10, 2025 6:15:43 PM
 Blitz 1/1 

Pairing 39/55 :    V7P3R_v17.7  -  V7P3R_v17.4

PGN-File: C:\Program Files (x86)\Arena\Tournaments\V7P3R Regression Battle 20251210_3.pgn

No:  B/W 1/2     W:B       1:2           Time        Value Moves Dep 1:2       1-2-Draws
   2 B 1    1.0:0.0        1.0:1.0       6:19:28 PM  -289.96    64 2.857 :3.528  1-1-0

--------------------------------------------------------------

Engine-Match Wednesday, December 10, 2025 6:19:29 PM
 Blitz 1/1 

Pairing 40/55 :    V7P3R_v17.5  -  V7P3R_v17.6

PGN-File: C:\Program Files (x86)\Arena\Tournaments\V7P3R Regression Battle 20251210_3.pgn

No:  B/W 1/2     W:B       1:2           Time        Value Moves Dep 1:2       1-2-Draws
   2 B 1    1.5:0.5        1.5:0.5       6:23:23 PM     0.00    50 3.538 :3.214  1-0-1

--------------------------------------------------------------

Engine-Match Wednesday, December 10, 2025 6:23:25 PM
 Blitz 1/1 

Pairing 41/55 :    V7P3R_v17.0  -  V7P3R_v14.1

PGN-File: C:\Program Files (x86)\Arena\Tournaments\V7P3R Regression Battle 20251210_3.pgn

No:  B/W 1/2     W:B       1:2           Time        Value Moves Dep 1:2       1-2-Draws
   2 B 1    1.0:0.0        1.0:1.0       6:25:27 PM  -289.97    41 3.727 :3.269  1-1-0

--------------------------------------------------------------

Engine-Match Wednesday, December 10, 2025 6:25:29 PM
 Blitz 1/1 

Pairing 42/55 :    V7P3R_v12.6  -  V7P3R_v17.1

PGN-File: C:\Program Files (x86)\Arena\Tournaments\V7P3R Regression Battle 20251210_3.pgn

No:  B/W 1/2     W:B       1:2           Time        Value Moves Dep 1:2       1-2-Draws
   2 W 2    1.0:0.0        0.0:2.0       6:27:17 PM  +289.98    24 3.190 :3.826  0-2-0

--------------------------------------------------------------

Engine-Match Wednesday, December 10, 2025 6:27:18 PM
 Blitz 1/1 

Pairing 43/55 :    V7P3R_v17.2  -  V7P3R_v17.7

PGN-File: C:\Program Files (x86)\Arena\Tournaments\V7P3R Regression Battle 20251210_3.pgn

No:  B/W 1/2     W:B       1:2           Time        Value Moves Dep 1:2       1-2-Draws
   2 B 1    1.5:0.5        1.5:0.5       6:29:36 PM  -289.97    40 3.114 :2.829  1-0-1

--------------------------------------------------------------

Engine-Match Wednesday, December 10, 2025 6:29:37 PM
 Blitz 1/1 

Pairing 44/55 :    V7P3R_v17.6  -  V7P3R_v17.3

PGN-File: C:\Program Files (x86)\Arena\Tournaments\V7P3R Regression Battle 20251210_3.pgn

No:  B/W 1/2     W:B       1:2           Time        Value Moves Dep 1:2       1-2-Draws
   2 = =    0.5:0.5        0.5:1.5       6:33:27 PM    -3.99    62 3.241 :3.333  0-1-1

--------------------------------------------------------------

Engine-Match Wednesday, December 10, 2025 6:33:28 PM
 Blitz 1/1 

Pairing 45/55 :    V7P3R_v17.4  -  V7P3R_v17.5

PGN-File: C:\Program Files (x86)\Arena\Tournaments\V7P3R Regression Battle 20251210_3.pgn

No:  B/W 1/2     W:B       1:2           Time        Value Moves Dep 1:2       1-2-Draws
   2 = =    1.0:1.0        1.0:1.0       6:35:16 PM    +1.12    33 3.074 :3.107  0-0-2

--------------------------------------------------------------

Engine-Match Wednesday, December 10, 2025 6:35:18 PM
 Blitz 1/1 

Pairing 46/55 :    V7P3R_v16.1  -  V7P3R_v12.6

PGN-File: C:\Program Files (x86)\Arena\Tournaments\V7P3R Regression Battle 20251210_3.pgn

No:  B/W 1/2     W:B       1:2           Time        Value Moves Dep 1:2       1-2-Draws
   2 W 2    1.0:0.0        0.0:2.0       6:37:03 PM     0.00    51 2.048 :3.100  0-2-0

--------------------------------------------------------------

Engine-Match Wednesday, December 10, 2025 6:37:04 PM
 Blitz 1/1 

Pairing 47/55 :    V7P3R_v17.7  -  V7P3R_v17.0

PGN-File: C:\Program Files (x86)\Arena\Tournaments\V7P3R Regression Battle 20251210_3.pgn

No:  B/W 1/2     W:B       1:2           Time        Value Moves Dep 1:2       1-2-Draws
   2 W 2    1.5:0.5        0.5:1.5       6:38:55 PM  +289.98    29 3.536 :3.609  0-1-1

--------------------------------------------------------------

Engine-Match Wednesday, December 10, 2025 6:38:56 PM
 Blitz 1/1 

Pairing 48/55 :    V7P3R_v17.1  -  V7P3R_v17.6

PGN-File: C:\Program Files (x86)\Arena\Tournaments\V7P3R Regression Battle 20251210_3.pgn

No:  B/W 1/2     W:B       1:2           Time        Value Moves Dep 1:2       1-2-Draws
   2 B 1    1.5:0.5        1.5:0.5       6:41:07 PM   -24.09    39 3.345 :2.600  1-0-1

--------------------------------------------------------------

Engine-Match Wednesday, December 10, 2025 6:41:08 PM
 Blitz 1/1 

Pairing 49/55 :    V7P3R_v17.5  -  V7P3R_v17.2

PGN-File: C:\Program Files (x86)\Arena\Tournaments\V7P3R Regression Battle 20251210_3.pgn

No:  B/W 1/2     W:B       1:2           Time        Value Moves Dep 1:2       1-2-Draws
   2 B 1    1.0:0.0        1.0:1.0       6:43:46 PM   -13.92    52 2.850 :3.300  1-1-0

--------------------------------------------------------------

Engine-Match Wednesday, December 10, 2025 6:43:53 PM
 Blitz 1/1 

Pairing 50/55 :    V7P3R_v17.3  -  V7P3R_v17.4

PGN-File: C:\Program Files (x86)\Arena\Tournaments\V7P3R Regression Battle 20251210_3.pgn

No:  B/W 1/2     W:B       1:2           Time        Value Moves Dep 1:2       1-2-Draws
   2 W 2    1.0:0.0        0.0:2.0       6:47:36 PM  +289.98    68 3.511 :3.533  0-2-0

--------------------------------------------------------------

Engine-Match Wednesday, December 10, 2025 6:47:38 PM
 Blitz 1/1 

Pairing 51/55 :    V7P3R_v14.1  -  V7P3R_v17.7

PGN-File: C:\Program Files (x86)\Arena\Tournaments\V7P3R Regression Battle 20251210_3.pgn

No:  B/W 1/2     W:B       1:2           Time        Value Moves Dep 1:2       1-2-Draws
   2 B 1    1.0:0.0        1.0:1.0       6:50:16 PM   -10.01    43 3.542 :2.692  1-1-0

--------------------------------------------------------------

Engine-Match Wednesday, December 10, 2025 6:50:18 PM
 Blitz 1/1 

Pairing 52/55 :    V7P3R_v17.6  -  V7P3R_v16.1

PGN-File: C:\Program Files (x86)\Arena\Tournaments\V7P3R Regression Battle 20251210_3.pgn

No:  B/W 1/2     W:B       1:2           Time        Value Moves Dep 1:2       1-2-Draws
   2 B 1    1.0:0.0        2.0:0.0       6:51:32 PM   -10.48    27 3.048 :2.182  2-0-0

--------------------------------------------------------------

Engine-Match Wednesday, December 10, 2025 6:51:34 PM
 Blitz 1/1 

Pairing 53/55 :    V7P3R_v17.0  -  V7P3R_v17.5

PGN-File: C:\Program Files (x86)\Arena\Tournaments\V7P3R Regression Battle 20251210_3.pgn

No:  B/W 1/2     W:B       1:2           Time        Value Moves Dep 1:2       1-2-Draws
   2 = =    0.5:0.5        1.5:0.5       6:54:28 PM     0.00    50 3.842 :3.200  1-0-1

--------------------------------------------------------------

Engine-Match Wednesday, December 10, 2025 6:54:30 PM
 Blitz 1/1 

Pairing 54/55 :    V7P3R_v17.4  -  V7P3R_v17.1

PGN-File: C:\Program Files (x86)\Arena\Tournaments\V7P3R Regression Battle 20251210_3.pgn

No:  B/W 1/2     W:B       1:2           Time        Value Moves Dep 1:2       1-2-Draws
   2 B 1    1.0:0.0        1.0:1.0       6:56:50 PM   -18.48    43 3.565 :3.304  1-1-0

--------------------------------------------------------------

Engine-Match Wednesday, December 10, 2025 6:56:51 PM
 Blitz 1/1 

Pairing 55/55 :    V7P3R_v17.2  -  V7P3R_v17.3

PGN-File: C:\Program Files (x86)\Arena\Tournaments\V7P3R Regression Battle 20251210_3.pgn

No:  B/W 1/2     W:B       1:2           Time        Value Moves Dep 1:2       1-2-Draws
   2 = =    1.0:1.0        1.0:1.0       6:58:22 PM    +0.84    27 3.045 :3.000  0-0-2
