Engine-Match Friday, December 19, 2025 11:29:36 AM
 Tournament Game in 5 Minutes 

Pairing 1/1 :    V7P3R_v18.0  -  V7P3R_v17.1

PGN-File: C:\Program Files (x86)\Arena\Tournaments\V7P3R v18 vs v17.1 Battle 20251219.pgn

No:  B/W 1/2     W:B       1:2           Time        Value Moves Dep 1:2       1-2-Draws
   1 * *     0.0:0.0        0.0:0.0       11:30:23 AM    -4.54    16 3.500 :3.833  0-0-0

--------------------------------------------------------------

Engine-Match Friday, December 19, 2025 11:31:08 AM
 Blitz 10/5 

Pairing 1/1 :    V7P3R_v18.0  -  V7P3R_v17.1

PGN-File: C:\Program Files (x86)\Arena\Tournaments\V7P3R v18 vs v17.1 Battle 20251219.pgn

No:  B/W 1/2     W:B       1:2           Time        Value Moves Dep 1:2       1-2-Draws
   1 W 1    1.0:0.0        1.0:0.0       11:48:44 AM   +11.86    78 4.522 :4.622  1-0-0
   2 W 2    2.0:0.0        1.0:1.0       11:59:55 AM  +289.96    45 4.561 :4.531  1-1-0
   3 = =    2.5:0.5        1.5:1.5       12:08:02 PM    -0.32    31 4.581 :4.576  1-1-1
   4 = =    3.0:1.0        2.0:2.0       12:15:55 PM    -0.32    31 4.606 :4.592  1-1-2
   5 = =    3.5:1.5        2.5:2.5       12:27:23 PM    +5.96    44 4.627 :4.603  1-1-3
   6 = =    4.0:2.0        3.0:3.0       12:39:00 PM    +5.96    44 4.622 :4.626  1-1-4
   7 B 2    5.0:2.0        3.0:4.0       12:48:45 PM   -17.10    34 4.638 :4.639  1-2-4
   8 B 1    6.0:2.0        4.0:4.0       12:58:17 PM   -15.40    36 4.636 :4.655  2-2-4
   9 W 1    7.0:2.0        5.0:4.0       1:09:09 PM   +11.92    43 4.628 :4.638  3-2-4
  10 W 2    8.0:2.0        5.0:5.0       1:19:49 PM    +9.48    41 4.626 :4.657  3-3-4
