Engine-Match Monday, December 22, 2025 1:33:30 PM
 Blitz 5/3 

Pairing 1/2 :    V7P3R_v18.2  -  V7P3R_v18.0

PGN-File: C:\Program Files (x86)\Arena\Tournaments\V7P3R v18.2 vs 18.0 vs 17.1 Battle 20251221.pgn

No:  B/W 1/2     W:B       1:2           Time        Value Moves Dep 1:2       1-2-Draws
   1 W 1    1.0:0.0        1.0:0.0       1:36:37 PM  +289.99    31 4.167 :3.826  1-0-0

--------------------------------------------------------------

Engine-Match Monday, December 22, 2025 1:36:38 PM
 Blitz 5/3 

Pairing 2/2 :    V7P3R_v18.2  -  V7P3R_v17.1

PGN-File: C:\Program Files (x86)\Arena\Tournaments\V7P3R v18.2 vs 18.0 vs 17.1 Battle 20251221.pgn

No:  B/W 1/2     W:B       1:2           Time        Value Moves Dep 1:2       1-2-Draws
   1 = =    0.5:0.5        0.5:0.5       1:41:51 PM    -5.00    55 4.467 :4.483  0-0-1

--------------------------------------------------------------

Engine-Match Monday, December 22, 2025 1:41:52 PM
 Blitz 5/3 

Pairing 1/2 :    V7P3R_v18.2  -  V7P3R_v18.0

PGN-File: C:\Program Files (x86)\Arena\Tournaments\V7P3R v18.2 vs 18.0 vs 17.1 Battle 20251221.pgn

No:  B/W 1/2     W:B       1:2           Time        Value Moves Dep 1:2       1-2-Draws
   2 W 2    1.0:0.0        1.0:1.0       1:45:00 PM  +289.99    31 3.826 :4.167  1-1-0

--------------------------------------------------------------

Engine-Match Monday, December 22, 2025 1:45:01 PM
 Blitz 5/3 

Pairing 2/2 :    V7P3R_v18.2  -  V7P3R_v17.1

PGN-File: C:\Program Files (x86)\Arena\Tournaments\V7P3R v18.2 vs 18.0 vs 17.1 Battle 20251221.pgn

No:  B/W 1/2     W:B       1:2           Time        Value Moves Dep 1:2       1-2-Draws
   2 = =    1.0:1.0        1.0:1.0       1:50:24 PM    +5.00    55 3.864 :4.130  0-0-2

--------------------------------------------------------------

Engine-Match Monday, December 22, 2025 1:50:26 PM
 Blitz 5/3 

Pairing 1/2 :    V7P3R_v18.2  -  V7P3R_v18.0

PGN-File: C:\Program Files (x86)\Arena\Tournaments\V7P3R v18.2 vs 18.0 vs 17.1 Battle 20251221.pgn

No:  B/W 1/2     W:B       1:2           Time        Value Moves Dep 1:2       1-2-Draws
   3 W 1    1.0:0.0        2.0:1.0       1:55:12 PM  +289.99    60 3.750 :3.579  2-1-0

--------------------------------------------------------------

Engine-Match Monday, December 22, 2025 1:55:13 PM
 Blitz 5/3 

Pairing 2/2 :    V7P3R_v18.2  -  V7P3R_v17.1

PGN-File: C:\Program Files (x86)\Arena\Tournaments\V7P3R v18.2 vs 18.0 vs 17.1 Battle 20251221.pgn

No:  B/W 1/2     W:B       1:2           Time        Value Moves Dep 1:2       1-2-Draws
   3 = =    1.5:1.5        1.5:1.5       1:59:39 PM    -0.82    49 4.083 :4.217  0-0-3

--------------------------------------------------------------

Engine-Match Monday, December 22, 2025 1:59:41 PM
 Blitz 5/3 

Pairing 1/2 :    V7P3R_v18.2  -  V7P3R_v18.0

PGN-File: C:\Program Files (x86)\Arena\Tournaments\V7P3R v18.2 vs 18.0 vs 17.1 Battle 20251221.pgn

No:  B/W 1/2     W:B       1:2           Time        Value Moves Dep 1:2       1-2-Draws
   4 W 2    1.0:0.0        2.0:2.0       2:04:13 PM   +15.32    50 4.059 :3.941  2-2-0

--------------------------------------------------------------

Engine-Match Monday, December 22, 2025 2:04:14 PM
 Blitz 5/3 

Pairing 2/2 :    V7P3R_v18.2  -  V7P3R_v17.1

PGN-File: C:\Program Files (x86)\Arena\Tournaments\V7P3R v18.2 vs 18.0 vs 17.1 Battle 20251221.pgn

No:  B/W 1/2     W:B       1:2           Time        Value Moves Dep 1:2       1-2-Draws
   4 W 2    2.5:1.5        1.5:2.5       2:08:29 PM   +12.88    54 4.133 :4.161  0-1-3

--------------------------------------------------------------

Engine-Match Monday, December 22, 2025 2:08:30 PM
 Blitz 5/3 

Pairing 1/2 :    V7P3R_v18.2  -  V7P3R_v18.0

PGN-File: C:\Program Files (x86)\Arena\Tournaments\V7P3R v18.2 vs 18.0 vs 17.1 Battle 20251221.pgn

No:  B/W 1/2     W:B       1:2           Time        Value Moves Dep 1:2       1-2-Draws
   5 W 1    1.0:0.0        3.0:2.0       2:13:15 PM   +10.64    60 4.344 :4.258  3-2-0

--------------------------------------------------------------

Engine-Match Monday, December 22, 2025 2:13:17 PM
 Blitz 5/3 

Pairing 2/2 :    V7P3R_v18.2  -  V7P3R_v17.1

PGN-File: C:\Program Files (x86)\Arena\Tournaments\V7P3R v18.2 vs 18.0 vs 17.1 Battle 20251221.pgn

No:  B/W 1/2     W:B       1:2           Time        Value Moves Dep 1:2       1-2-Draws
   5 = =    2.0:2.0        2.0:3.0       2:18:07 PM    -0.48    45 3.875 :3.917  0-1-4

--------------------------------------------------------------

Engine-Match Monday, December 22, 2025 2:18:08 PM
 Blitz 5/3 

Pairing 1/2 :    V7P3R_v18.2  -  V7P3R_v18.0

PGN-File: C:\Program Files (x86)\Arena\Tournaments\V7P3R v18.2 vs 18.0 vs 17.1 Battle 20251221.pgn

No:  B/W 1/2     W:B       1:2           Time        Value Moves Dep 1:2       1-2-Draws
   6 = =    0.5:0.5        3.5:2.5       2:23:50 PM    +5.00    64 4.469 :4.364  3-2-1

--------------------------------------------------------------

Engine-Match Monday, December 22, 2025 2:23:51 PM
 Blitz 5/3 

Pairing 2/2 :    V7P3R_v18.2  -  V7P3R_v17.1

PGN-File: C:\Program Files (x86)\Arena\Tournaments\V7P3R v18.2 vs 18.0 vs 17.1 Battle 20251221.pgn

No:  B/W 1/2     W:B       1:2           Time        Value Moves Dep 1:2       1-2-Draws
   6 W 2    3.0:2.0        2.0:4.0       2:28:29 PM   +10.32    45 4.080 :4.040  0-2-4

--------------------------------------------------------------

Engine-Match Monday, December 22, 2025 2:28:30 PM
 Blitz 5/3 

Pairing 1/2 :    V7P3R_v18.2  -  V7P3R_v18.0

PGN-File: C:\Program Files (x86)\Arena\Tournaments\V7P3R v18.2 vs 18.0 vs 17.1 Battle 20251221.pgn

No:  B/W 1/2     W:B       1:2           Time        Value Moves Dep 1:2       1-2-Draws
   7 * *     0.5:0.5        3.5:2.5       2:29:35 PM    +0.76    14 3.875 :4.143  3-2-1
