Engine-Match Sunday, December 21, 2025 4:50:31 PM
 Blitz 5/3 

Pairing 1/3 :    V7P3R_v17.1  -  V7P3R_v18.0

PGN-File: C:\Program Files (x86)\Arena\Tournaments\V7P3R v18.1 vs 18.0 vs 17.1 Battle 20251221.pgn

No:  B/W 1/2     W:B       1:2           Time        Value Moves Dep 1:2       1-2-Draws
   1 * *     0.0:0.0        0.0:0.0       4:50:38 PM    +0.18     6 0:0 0-0-0

--------------------------------------------------------------

Engine-Match Sunday, December 21, 2025 4:51:04 PM
 Blitz 5/3 

Pairing 1/3 :    V7P3R_v17.1  -  V7P3R_v18.0

PGN-File: C:\Program Files (x86)\Arena\Tournaments\V7P3R v18.1 vs 18.0 vs 17.1 Battle 20251221.pgn

No:  B/W 1/2     W:B       1:2           Time        Value Moves Dep 1:2       1-2-Draws
   1 * *     0.0:0.0        0.0:0.0       4:51:20 PM    +0.34     8 3.000 :0 0-0-0

--------------------------------------------------------------

Engine-Match Sunday, December 21, 2025 4:51:44 PM
 Blitz 5/3 

Pairing 1/2 :    V7P3R_v18.1  -  V7P3R_v17.1

PGN-File: C:\Program Files (x86)\Arena\Tournaments\V7P3R v18.1 vs 18.0 vs 17.1 Battle 20251221.pgn

No:  B/W 1/2     W:B       1:2           Time        Value Moves Dep 1:2       1-2-Draws
   1 W 1    1.0:0.0        1.0:0.0       4:57:51 PM  +289.97    50 3.841 :3.953  1-0-0

--------------------------------------------------------------

Engine-Match Sunday, December 21, 2025 4:57:53 PM
 Blitz 5/3 

Pairing 2/2 :    V7P3R_v18.1  -  V7P3R_v18.0

PGN-File: C:\Program Files (x86)\Arena\Tournaments\V7P3R v18.1 vs 18.0 vs 17.1 Battle 20251221.pgn

No:  B/W 1/2     W:B       1:2           Time        Value Moves Dep 1:2       1-2-Draws
   1 B 2    1.0:0.0        0.0:1.0       5:03:39 PM   -13.38    56 3.864 :3.810  0-1-0

--------------------------------------------------------------

Engine-Match Sunday, December 21, 2025 5:03:41 PM
 Blitz 5/3 

Pairing 1/2 :    V7P3R_v18.1  -  V7P3R_v17.1

PGN-File: C:\Program Files (x86)\Arena\Tournaments\V7P3R v18.1 vs 18.0 vs 17.1 Battle 20251221.pgn

No:  B/W 1/2     W:B       1:2           Time        Value Moves Dep 1:2       1-2-Draws
   2 W 2    1.0:0.0        1.0:1.0       5:10:56 PM   +16.02    73 3.857 :3.786  1-1-0

--------------------------------------------------------------

Engine-Match Sunday, December 21, 2025 5:10:57 PM
 Blitz 5/3 

Pairing 2/2 :    V7P3R_v18.1  -  V7P3R_v18.0

PGN-File: C:\Program Files (x86)\Arena\Tournaments\V7P3R v18.1 vs 18.0 vs 17.1 Battle 20251221.pgn

No:  B/W 1/2     W:B       1:2           Time        Value Moves Dep 1:2       1-2-Draws
   2 B 1    1.0:0.0        1.0:1.0       5:14:11 PM   -10.52    34 3.714 :3.905  1-1-0

--------------------------------------------------------------

Engine-Match Sunday, December 21, 2025 5:14:13 PM
 Blitz 5/3 

Pairing 1/2 :    V7P3R_v18.1  -  V7P3R_v17.1

PGN-File: C:\Program Files (x86)\Arena\Tournaments\V7P3R v18.1 vs 18.0 vs 17.1 Battle 20251221.pgn

No:  B/W 1/2     W:B       1:2           Time        Value Moves Dep 1:2       1-2-Draws
   3 W 1    1.0:0.0        2.0:1.0       5:19:03 PM  +289.98    51 4.048 :4.286  2-1-0

--------------------------------------------------------------

Engine-Match Sunday, December 21, 2025 5:19:04 PM
 Blitz 5/3 

Pairing 2/2 :    V7P3R_v18.1  -  V7P3R_v18.0

PGN-File: C:\Program Files (x86)\Arena\Tournaments\V7P3R v18.1 vs 18.0 vs 17.1 Battle 20251221.pgn

No:  B/W 1/2     W:B       1:2           Time        Value Moves Dep 1:2       1-2-Draws
   3 B 2    1.0:0.0        1.0:2.0       5:26:41 PM   -10.24    72 3.647 :3.765  1-2-0

--------------------------------------------------------------

Engine-Match Sunday, December 21, 2025 5:26:43 PM
 Blitz 5/3 

Pairing 1/2 :    V7P3R_v18.1  -  V7P3R_v17.1

PGN-File: C:\Program Files (x86)\Arena\Tournaments\V7P3R v18.1 vs 18.0 vs 17.1 Battle 20251221.pgn

No:  B/W 1/2     W:B       1:2           Time        Value Moves Dep 1:2       1-2-Draws
   4 = =    0.5:0.5        2.5:1.5       5:33:09 PM    +8.22    63 4.118 :4.167  2-1-1

--------------------------------------------------------------

Engine-Match Sunday, December 21, 2025 5:33:10 PM
 Blitz 5/3 

Pairing 2/2 :    V7P3R_v18.1  -  V7P3R_v18.0

PGN-File: C:\Program Files (x86)\Arena\Tournaments\V7P3R v18.1 vs 18.0 vs 17.1 Battle 20251221.pgn

No:  B/W 1/2     W:B       1:2           Time        Value Moves Dep 1:2       1-2-Draws
   4 B 1    1.0:0.0        2.0:2.0       5:37:15 PM  -289.99    40 4.000 :4.158  2-2-0

--------------------------------------------------------------

Engine-Match Sunday, December 21, 2025 5:37:16 PM
 Blitz 5/3 

Pairing 1/2 :    V7P3R_v18.1  -  V7P3R_v17.1

PGN-File: C:\Program Files (x86)\Arena\Tournaments\V7P3R v18.1 vs 18.0 vs 17.1 Battle 20251221.pgn

No:  B/W 1/2     W:B       1:2           Time        Value Moves Dep 1:2       1-2-Draws
   5 = =    1.0:1.0        3.0:2.0       5:41:36 PM    -5.00    36 4.367 :4.241  2-1-2

--------------------------------------------------------------

Engine-Match Sunday, December 21, 2025 5:41:37 PM
 Blitz 5/3 

Pairing 2/2 :    V7P3R_v18.1  -  V7P3R_v18.0

PGN-File: C:\Program Files (x86)\Arena\Tournaments\V7P3R v18.1 vs 18.0 vs 17.1 Battle 20251221.pgn

No:  B/W 1/2     W:B       1:2           Time        Value Moves Dep 1:2       1-2-Draws
   5 = =    0.5:0.5        2.5:2.5       5:44:45 PM    -4.14    31 4.840 :4.800  2-2-1

--------------------------------------------------------------

Engine-Match Sunday, December 21, 2025 5:44:46 PM
 Blitz 5/3 

Pairing 1/2 :    V7P3R_v18.1  -  V7P3R_v17.1

PGN-File: C:\Program Files (x86)\Arena\Tournaments\V7P3R v18.1 vs 18.0 vs 17.1 Battle 20251221.pgn

No:  B/W 1/2     W:B       1:2           Time        Value Moves Dep 1:2       1-2-Draws
   6 = =    1.5:1.5        3.5:2.5       5:49:54 PM    +2.42    60 4.000 :4.000  2-1-3

--------------------------------------------------------------

Engine-Match Sunday, December 21, 2025 5:49:55 PM
 Blitz 5/3 

Pairing 2/2 :    V7P3R_v18.1  -  V7P3R_v18.0

PGN-File: C:\Program Files (x86)\Arena\Tournaments\V7P3R v18.1 vs 18.0 vs 17.1 Battle 20251221.pgn

No:  B/W 1/2     W:B       1:2           Time        Value Moves Dep 1:2       1-2-Draws
   6 = =    1.0:1.0        3.0:3.0       5:53:03 PM    -4.14    31 4.800 :4.840  2-2-2

--------------------------------------------------------------

Engine-Match Sunday, December 21, 2025 5:53:04 PM
 Blitz 5/3 

Pairing 1/2 :    V7P3R_v18.1  -  V7P3R_v17.1

PGN-File: C:\Program Files (x86)\Arena\Tournaments\V7P3R v18.1 vs 18.0 vs 17.1 Battle 20251221.pgn

No:  B/W 1/2     W:B       1:2           Time        Value Moves Dep 1:2       1-2-Draws
   7 = =    2.0:2.0        4.0:3.0       5:58:53 PM    -1.94    52 3.958 :4.292  2-1-4

--------------------------------------------------------------

Engine-Match Sunday, December 21, 2025 5:58:54 PM
 Blitz 5/3 

Pairing 2/2 :    V7P3R_v18.1  -  V7P3R_v18.0

PGN-File: C:\Program Files (x86)\Arena\Tournaments\V7P3R v18.1 vs 18.0 vs 17.1 Battle 20251221.pgn

No:  B/W 1/2     W:B       1:2           Time        Value Moves Dep 1:2       1-2-Draws
   7 = =    1.5:1.5        3.5:3.5       6:04:02 PM    -5.00    70 4.361 :4.457  2-2-3

--------------------------------------------------------------

Engine-Match Sunday, December 21, 2025 6:04:03 PM
 Blitz 5/3 

Pairing 1/2 :    V7P3R_v18.1  -  V7P3R_v17.1

PGN-File: C:\Program Files (x86)\Arena\Tournaments\V7P3R v18.1 vs 18.0 vs 17.1 Battle 20251221.pgn

No:  B/W 1/2     W:B       1:2           Time        Value Moves Dep 1:2       1-2-Draws
   8 B 1    3.0:2.0        5.0:3.0       6:11:36 PM  -289.96    85 3.962 :3.962  3-1-4

--------------------------------------------------------------

Engine-Match Sunday, December 21, 2025 6:11:38 PM
 Blitz 5/3 

Pairing 2/2 :    V7P3R_v18.1  -  V7P3R_v18.0

PGN-File: C:\Program Files (x86)\Arena\Tournaments\V7P3R v18.1 vs 18.0 vs 17.1 Battle 20251221.pgn

No:  B/W 1/2     W:B       1:2           Time        Value Moves Dep 1:2       1-2-Draws
   8 B 1    2.5:1.5        4.5:3.5       6:15:37 PM   -12.40    47 3.938 :3.938  3-2-3

--------------------------------------------------------------

Engine-Match Sunday, December 21, 2025 6:15:38 PM
 Blitz 5/3 

Pairing 1/2 :    V7P3R_v18.1  -  V7P3R_v17.1

PGN-File: C:\Program Files (x86)\Arena\Tournaments\V7P3R v18.1 vs 18.0 vs 17.1 Battle 20251221.pgn

No:  B/W 1/2     W:B       1:2           Time        Value Moves Dep 1:2       1-2-Draws
   9 W 1    3.0:2.0        6.0:3.0       6:22:20 PM    +9.94    58 4.118 :4.118  4-1-4

--------------------------------------------------------------

Engine-Match Sunday, December 21, 2025 6:22:21 PM
 Blitz 5/3 

Pairing 2/2 :    V7P3R_v18.1  -  V7P3R_v18.0

PGN-File: C:\Program Files (x86)\Arena\Tournaments\V7P3R v18.1 vs 18.0 vs 17.1 Battle 20251221.pgn

No:  B/W 1/2     W:B       1:2           Time        Value Moves Dep 1:2       1-2-Draws
   9 W 1    2.5:1.5        5.5:3.5       6:25:46 PM    +9.78    34 4.214 :4.154  4-2-3

--------------------------------------------------------------

Engine-Match Sunday, December 21, 2025 6:25:47 PM
 Blitz 5/3 

Pairing 1/2 :    V7P3R_v18.1  -  V7P3R_v17.1

PGN-File: C:\Program Files (x86)\Arena\Tournaments\V7P3R v18.1 vs 18.0 vs 17.1 Battle 20251221.pgn

No:  B/W 1/2     W:B       1:2           Time        Value Moves Dep 1:2       1-2-Draws
  10 B 1    3.0:2.0        7.0:3.0       6:32:36 PM   -17.78    57 4.026 :4.075  5-1-4

--------------------------------------------------------------

Engine-Match Sunday, December 21, 2025 6:32:38 PM
 Blitz 5/3 

Pairing 2/2 :    V7P3R_v18.1  -  V7P3R_v18.0

PGN-File: C:\Program Files (x86)\Arena\Tournaments\V7P3R v18.1 vs 18.0 vs 17.1 Battle 20251221.pgn

No:  B/W 1/2     W:B       1:2           Time        Value Moves Dep 1:2       1-2-Draws
  10 = =    2.0:2.0        6.0:4.0       6:38:14 PM    -5.00    49 3.640 :3.680  4-2-4

--------------------------------------------------------------

Engine-Match Sunday, December 21, 2025 6:38:20 PM
 Blitz 5/3 

Pairing 1/2 :    V7P3R_v18.1  -  V7P3R_v17.1

PGN-File: C:\Program Files (x86)\Arena\Tournaments\V7P3R v18.1 vs 18.0 vs 17.1 Battle 20251221.pgn

No:  B/W 1/2     W:B       1:2           Time        Value Moves Dep 1:2       1-2-Draws
  11 W 1    3.0:2.0        8.0:3.0       6:41:58 PM  +289.99    36 3.958 :3.958  6-1-4

--------------------------------------------------------------

Engine-Match Sunday, December 21, 2025 6:41:59 PM
 Blitz 5/3 

Pairing 2/2 :    V7P3R_v18.1  -  V7P3R_v18.0

PGN-File: C:\Program Files (x86)\Arena\Tournaments\V7P3R v18.1 vs 18.0 vs 17.1 Battle 20251221.pgn

No:  B/W 1/2     W:B       1:2           Time        Value Moves Dep 1:2       1-2-Draws
  11 = =    2.5:2.5        6.5:4.5       6:45:06 PM    -0.08    31 4.063 :4.125  4-2-5

--------------------------------------------------------------

Engine-Match Sunday, December 21, 2025 6:45:08 PM
 Blitz 5/3 

Pairing 1/2 :    V7P3R_v18.1  -  V7P3R_v17.1

PGN-File: C:\Program Files (x86)\Arena\Tournaments\V7P3R v18.1 vs 18.0 vs 17.1 Battle 20251221.pgn

No:  B/W 1/2     W:B       1:2           Time        Value Moves Dep 1:2       1-2-Draws
  12 W 2    3.0:2.0        8.0:4.0       6:48:41 PM  +289.99    36 3.958 :3.958  6-2-4

--------------------------------------------------------------

Engine-Match Sunday, December 21, 2025 6:48:43 PM
 Blitz 5/3 

Pairing 2/2 :    V7P3R_v18.1  -  V7P3R_v18.0

PGN-File: C:\Program Files (x86)\Arena\Tournaments\V7P3R v18.1 vs 18.0 vs 17.1 Battle 20251221.pgn

No:  B/W 1/2     W:B       1:2           Time        Value Moves Dep 1:2       1-2-Draws
  12 = =    3.0:3.0        7.0:5.0       6:52:00 PM    -0.12    32 4.250 :4.063  4-2-6

--------------------------------------------------------------

Engine-Match Sunday, December 21, 2025 6:52:02 PM
 Blitz 5/3 

Pairing 1/2 :    V7P3R_v18.1  -  V7P3R_v17.1

PGN-File: C:\Program Files (x86)\Arena\Tournaments\V7P3R v18.1 vs 18.0 vs 17.1 Battle 20251221.pgn

No:  B/W 1/2     W:B       1:2           Time        Value Moves Dep 1:2       1-2-Draws
  13 = =    2.5:2.5        8.5:4.5       6:57:16 PM    +2.14    57 4.053 :4.056  6-2-5

--------------------------------------------------------------

Engine-Match Sunday, December 21, 2025 6:57:18 PM
 Blitz 5/3 

Pairing 2/2 :    V7P3R_v18.1  -  V7P3R_v18.0

PGN-File: C:\Program Files (x86)\Arena\Tournaments\V7P3R v18.1 vs 18.0 vs 17.1 Battle 20251221.pgn

No:  B/W 1/2     W:B       1:2           Time        Value Moves Dep 1:2       1-2-Draws
  13 B 2    4.0:3.0        7.0:6.0       7:04:07 PM   -12.90    62 4.273 :4.140  4-3-6

--------------------------------------------------------------

Engine-Match Sunday, December 21, 2025 7:04:08 PM
 Blitz 5/3 

Pairing 1/2 :    V7P3R_v18.1  -  V7P3R_v17.1

PGN-File: C:\Program Files (x86)\Arena\Tournaments\V7P3R v18.1 vs 18.0 vs 17.1 Battle 20251221.pgn

No:  B/W 1/2     W:B       1:2           Time        Value Moves Dep 1:2       1-2-Draws
  14 = =    3.0:3.0        9.0:5.0       7:09:50 PM    +1.48    57 4.056 :4.053  6-2-6

--------------------------------------------------------------

Engine-Match Sunday, December 21, 2025 7:09:51 PM
 Blitz 5/3 

Pairing 2/2 :    V7P3R_v18.1  -  V7P3R_v18.0

PGN-File: C:\Program Files (x86)\Arena\Tournaments\V7P3R v18.1 vs 18.0 vs 17.1 Battle 20251221.pgn

No:  B/W 1/2     W:B       1:2           Time        Value Moves Dep 1:2       1-2-Draws
  14 W 2    4.0:3.0        7.0:7.0       7:14:29 PM  +289.99    48 4.343 :4.343  4-4-6

--------------------------------------------------------------

Engine-Match Sunday, December 21, 2025 7:14:30 PM
 Blitz 5/3 

Pairing 1/2 :    V7P3R_v18.1  -  V7P3R_v17.1

PGN-File: C:\Program Files (x86)\Arena\Tournaments\V7P3R v18.1 vs 18.0 vs 17.1 Battle 20251221.pgn

No:  B/W 1/2     W:B       1:2           Time        Value Moves Dep 1:2       1-2-Draws
  15 = =    3.5:3.5        9.5:5.5       7:19:18 PM    -2.60    73 4.000 :4.000  6-2-7

--------------------------------------------------------------

Engine-Match Sunday, December 21, 2025 7:19:20 PM
 Blitz 5/3 

Pairing 2/2 :    V7P3R_v18.1  -  V7P3R_v18.0

PGN-File: C:\Program Files (x86)\Arena\Tournaments\V7P3R v18.1 vs 18.0 vs 17.1 Battle 20251221.pgn

No:  B/W 1/2     W:B       1:2           Time        Value Moves Dep 1:2       1-2-Draws
  15 B 2    4.0:3.0        7.0:8.0       7:25:49 PM   -15.98    74 4.040 :4.042  4-5-6

--------------------------------------------------------------

Engine-Match Sunday, December 21, 2025 7:25:50 PM
 Blitz 5/3 

Pairing 1/2 :    V7P3R_v18.1  -  V7P3R_v17.1

PGN-File: C:\Program Files (x86)\Arena\Tournaments\V7P3R v18.1 vs 18.0 vs 17.1 Battle 20251221.pgn

No:  B/W 1/2     W:B       1:2           Time        Value Moves Dep 1:2       1-2-Draws
  16 = =    4.0:4.0        10.0:6.0      7:31:45 PM    -1.68    58 4.000 :4.000  6-2-8

--------------------------------------------------------------

Engine-Match Sunday, December 21, 2025 7:31:46 PM
 Blitz 5/3 

Pairing 2/2 :    V7P3R_v18.1  -  V7P3R_v18.0

PGN-File: C:\Program Files (x86)\Arena\Tournaments\V7P3R v18.1 vs 18.0 vs 17.1 Battle 20251221.pgn

No:  B/W 1/2     W:B       1:2           Time        Value Moves Dep 1:2       1-2-Draws
  16 W 2    4.0:3.0        7.0:9.0       7:36:44 PM  +289.99    48 4.286 :4.103  4-6-6

--------------------------------------------------------------

Engine-Match Sunday, December 21, 2025 7:36:45 PM
 Blitz 5/3 

Pairing 1/2 :    V7P3R_v18.1  -  V7P3R_v17.1

PGN-File: C:\Program Files (x86)\Arena\Tournaments\V7P3R v18.1 vs 18.0 vs 17.1 Battle 20251221.pgn

No:  B/W 1/2     W:B       1:2           Time        Value Moves Dep 1:2       1-2-Draws
  17 W 1    5.0:4.0        11.0:6.0      7:41:26 PM  +289.98    48 4.371 :4.400  7-2-8

--------------------------------------------------------------

Engine-Match Sunday, December 21, 2025 7:41:27 PM
 Blitz 5/3 

Pairing 2/2 :    V7P3R_v18.1  -  V7P3R_v18.0

PGN-File: C:\Program Files (x86)\Arena\Tournaments\V7P3R v18.1 vs 18.0 vs 17.1 Battle 20251221.pgn

No:  B/W 1/2     W:B       1:2           Time        Value Moves Dep 1:2       1-2-Draws
  17 W 1    4.0:3.0        8.0:9.0       7:47:53 PM   +13.26    65 4.000 :3.944  5-6-6

--------------------------------------------------------------

Engine-Match Sunday, December 21, 2025 7:47:54 PM
 Blitz 5/3 

Pairing 1/2 :    V7P3R_v18.1  -  V7P3R_v17.1

PGN-File: C:\Program Files (x86)\Arena\Tournaments\V7P3R v18.1 vs 18.0 vs 17.1 Battle 20251221.pgn

No:  B/W 1/2     W:B       1:2           Time        Value Moves Dep 1:2       1-2-Draws
  18 W 2    5.0:4.0        11.0:7.0      7:52:09 PM  +289.99    47 4.286 :4.314  7-3-8

--------------------------------------------------------------

Engine-Match Sunday, December 21, 2025 7:52:10 PM
 Blitz 5/3 

Pairing 2/2 :    V7P3R_v18.1  -  V7P3R_v18.0

PGN-File: C:\Program Files (x86)\Arena\Tournaments\V7P3R v18.1 vs 18.0 vs 17.1 Battle 20251221.pgn

No:  B/W 1/2     W:B       1:2           Time        Value Moves Dep 1:2       1-2-Draws
  18 W 2    4.0:3.0        8.0:10.0      7:58:37 PM   +13.26    65 3.944 :4.000  5-7-6

--------------------------------------------------------------

Engine-Match Sunday, December 21, 2025 7:58:38 PM
 Blitz 5/3 

Pairing 1/2 :    V7P3R_v18.1  -  V7P3R_v17.1

PGN-File: C:\Program Files (x86)\Arena\Tournaments\V7P3R v18.1 vs 18.0 vs 17.1 Battle 20251221.pgn

No:  B/W 1/2     W:B       1:2           Time        Value Moves Dep 1:2       1-2-Draws
  19 = =    4.5:4.5        11.5:7.5      8:01:33 PM    -4.14    31 4.840 :4.880  7-3-9

--------------------------------------------------------------

Engine-Match Sunday, December 21, 2025 8:01:34 PM
 Blitz 5/3 

Pairing 2/2 :    V7P3R_v18.1  -  V7P3R_v18.0

PGN-File: C:\Program Files (x86)\Arena\Tournaments\V7P3R v18.1 vs 18.0 vs 17.1 Battle 20251221.pgn

No:  B/W 1/2     W:B       1:2           Time        Value Moves Dep 1:2       1-2-Draws
  19 B 2    4.0:3.0        8.0:11.0      8:07:21 PM    -9.48    59 3.818 :4.091  5-8-6

--------------------------------------------------------------

Engine-Match Sunday, December 21, 2025 8:07:22 PM
 Blitz 5/3 

Pairing 1/2 :    V7P3R_v18.1  -  V7P3R_v17.1

PGN-File: C:\Program Files (x86)\Arena\Tournaments\V7P3R v18.1 vs 18.0 vs 17.1 Battle 20251221.pgn

No:  B/W 1/2     W:B       1:2           Time        Value Moves Dep 1:2       1-2-Draws
  20 W 2    5.5:4.5        11.5:8.5      8:11:09 PM  +289.98    33 4.115 :4.222  7-4-9

--------------------------------------------------------------

Engine-Match Sunday, December 21, 2025 8:11:11 PM
 Blitz 5/3 

Pairing 2/2 :    V7P3R_v18.1  -  V7P3R_v18.0

PGN-File: C:\Program Files (x86)\Arena\Tournaments\V7P3R v18.1 vs 18.0 vs 17.1 Battle 20251221.pgn

No:  B/W 1/2     W:B       1:2           Time        Value Moves Dep 1:2       1-2-Draws
  20 B 1    4.0:3.0        9.0:11.0      8:17:02 PM   -10.32    60 4.091 :3.818  6-8-6

--------------------------------------------------------------

Engine-Match Sunday, December 21, 2025 8:17:08 PM
 Blitz 5/3 

Pairing 1/2 :    V7P3R_v18.1  -  V7P3R_v17.1

PGN-File: C:\Program Files (x86)\Arena\Tournaments\V7P3R v18.1 vs 18.0 vs 17.1 Battle 20251221.pgn

No:  B/W 1/2     W:B       1:2           Time        Value Moves Dep 1:2       1-2-Draws
  21 W 1    5.5:4.5        12.5:8.5      8:23:03 PM  +289.99    69 4.214 :4.231  8-4-9

--------------------------------------------------------------

Engine-Match Sunday, December 21, 2025 8:23:04 PM
 Blitz 5/3 

Pairing 2/2 :    V7P3R_v18.1  -  V7P3R_v18.0

PGN-File: C:\Program Files (x86)\Arena\Tournaments\V7P3R v18.1 vs 18.0 vs 17.1 Battle 20251221.pgn

No:  B/W 1/2     W:B       1:2           Time        Value Moves Dep 1:2       1-2-Draws
  21 W 1    4.0:3.0        10.0:11.0     8:30:18 PM   +16.80    63 4.455 :4.406  7-8-6

--------------------------------------------------------------

Engine-Match Sunday, December 21, 2025 8:30:20 PM
 Blitz 5/3 

Pairing 1/2 :    V7P3R_v18.1  -  V7P3R_v17.1

PGN-File: C:\Program Files (x86)\Arena\Tournaments\V7P3R v18.1 vs 18.0 vs 17.1 Battle 20251221.pgn

No:  B/W 1/2     W:B       1:2           Time        Value Moves Dep 1:2       1-2-Draws
  22 B 1    5.5:4.5        13.5:8.5      8:35:56 PM   -14.48    69 4.231 :4.214  9-4-9

--------------------------------------------------------------

Engine-Match Sunday, December 21, 2025 8:35:57 PM
 Blitz 5/3 

Pairing 2/2 :    V7P3R_v18.1  -  V7P3R_v18.0

PGN-File: C:\Program Files (x86)\Arena\Tournaments\V7P3R v18.1 vs 18.0 vs 17.1 Battle 20251221.pgn

No:  B/W 1/2     W:B       1:2           Time        Value Moves Dep 1:2       1-2-Draws
  22 B 1    4.0:3.0        11.0:11.0     8:42:11 PM   -16.46    60 4.313 :4.424  8-8-6

--------------------------------------------------------------

Engine-Match Sunday, December 21, 2025 8:42:12 PM
 Blitz 5/3 

Pairing 1/2 :    V7P3R_v18.1  -  V7P3R_v17.1

PGN-File: C:\Program Files (x86)\Arena\Tournaments\V7P3R v18.1 vs 18.0 vs 17.1 Battle 20251221.pgn

No:  B/W 1/2     W:B       1:2           Time        Value Moves Dep 1:2       1-2-Draws
  23 = =    5.0:5.0        14.0:9.0      8:46:21 PM    -0.54    42 3.895 :4.000  9-4-10

--------------------------------------------------------------

Engine-Match Sunday, December 21, 2025 8:46:23 PM
 Blitz 5/3 

Pairing 2/2 :    V7P3R_v18.1  -  V7P3R_v18.0

PGN-File: C:\Program Files (x86)\Arena\Tournaments\V7P3R v18.1 vs 18.0 vs 17.1 Battle 20251221.pgn

No:  B/W 1/2     W:B       1:2           Time        Value Moves Dep 1:2       1-2-Draws
  23 B 2    4.0:3.0        11.0:12.0     8:50:19 PM  -289.98    41 4.250 :4.200  8-9-6

--------------------------------------------------------------

Engine-Match Sunday, December 21, 2025 8:50:20 PM
 Blitz 5/3 

Pairing 1/2 :    V7P3R_v18.1  -  V7P3R_v17.1

PGN-File: C:\Program Files (x86)\Arena\Tournaments\V7P3R v18.1 vs 18.0 vs 17.1 Battle 20251221.pgn

No:  B/W 1/2     W:B       1:2           Time        Value Moves Dep 1:2       1-2-Draws
  24 B 1    6.0:5.0        15.0:9.0      8:55:34 PM   -10.04    47 4.045 :3.818  10-4-10

--------------------------------------------------------------

Engine-Match Sunday, December 21, 2025 8:55:35 PM
 Blitz 5/3 

Pairing 2/2 :    V7P3R_v18.1  -  V7P3R_v18.0

PGN-File: C:\Program Files (x86)\Arena\Tournaments\V7P3R v18.1 vs 18.0 vs 17.1 Battle 20251221.pgn

No:  B/W 1/2     W:B       1:2           Time        Value Moves Dep 1:2       1-2-Draws
  24 = =    3.5:3.5        11.5:12.5     8:58:52 PM    -0.26    29 4.182 :4.043  8-9-7

--------------------------------------------------------------

Engine-Match Sunday, December 21, 2025 8:58:53 PM
 Blitz 5/3 

Pairing 1/2 :    V7P3R_v18.1  -  V7P3R_v17.1

PGN-File: C:\Program Files (x86)\Arena\Tournaments\V7P3R v18.1 vs 18.0 vs 17.1 Battle 20251221.pgn

No:  B/W 1/2     W:B       1:2           Time        Value Moves Dep 1:2       1-2-Draws
  25 W 1    6.0:5.0        16.0:9.0      9:03:09 PM   +14.86    40 4.000 :4.125  11-4-10

--------------------------------------------------------------

Engine-Match Sunday, December 21, 2025 9:03:11 PM
 Blitz 5/3 

Pairing 2/2 :    V7P3R_v18.1  -  V7P3R_v18.0

PGN-File: C:\Program Files (x86)\Arena\Tournaments\V7P3R v18.1 vs 18.0 vs 17.1 Battle 20251221.pgn

No:  B/W 1/2     W:B       1:2           Time        Value Moves Dep 1:2       1-2-Draws
  25 = =    4.0:4.0        12.0:13.0     9:08:50 PM    -0.48    68 4.000 :4.053  8-9-8
