Engine-Match Wednesday, December 10, 2025 11:20:53 AM
 Blitz 1/1 

Pairing 1/55 :    V7P3R_v12.6  -  V7P3R_v17.6

PGN-File: C:\Program Files (x86)\Arena\Tournaments\V7P3R Regression Battle 20251210_2.pgn

No:  B/W 1/2     W:B       1:2           Time        Value Moves Dep 1:2       1-2-Draws

--------------------------------------------------------------

Engine-Match Wednesday, December 10, 2025 11:22:46 AM
 Blitz 30/5 

Pairing 1/36 :    V7P3R_v12.6  -  V7P3R_v17.6

PGN-File: C:\Program Files (x86)\Arena\Tournaments\V7P3R Regression Battle 20251210_2.pgn

No:  B/W 1/2     W:B       1:2           Time        Value Moves Dep 1:2       1-2-Draws
   1 = =    0.5:0.5        0.5:0.5       11:24:39 AM    -2.70    54 3.344 :2.622  0-0-1

--------------------------------------------------------------

Engine-Match Wednesday, December 10, 2025 11:24:40 AM
 Blitz 1/1 

Pairing 2/55 :    V7P3R_v17.5  -  V7P3R_v14.1

PGN-File: C:\Program Files (x86)\Arena\Tournaments\V7P3R Regression Battle 20251210_2.pgn

No:  B/W 1/2     W:B       1:2           Time        Value Moves Dep 1:2       1-2-Draws
   1 B 2    1.0:0.0        0.0:1.0       11:27:33 AM   -21.04    53 2.842 :3.571  0-1-0

--------------------------------------------------------------

Engine-Match Wednesday, December 10, 2025 11:27:35 AM
 Blitz 1/1 

Pairing 3/55 :    V7P3R_v16.1  -  V7P3R_v17.4

PGN-File: C:\Program Files (x86)\Arena\Tournaments\V7P3R Regression Battle 20251210_2.pgn

No:  B/W 1/2     W:B       1:2           Time        Value Moves Dep 1:2       1-2-Draws
   1 B 2    1.0:0.0        0.0:1.0       11:29:45 AM  -289.99    66 2.269 :3.654  0-1-0

--------------------------------------------------------------

Engine-Match Wednesday, December 10, 2025 11:29:47 AM
 Blitz 1/1 

Pairing 4/55 :    V7P3R_v17.3  -  V7P3R_v17.0

PGN-File: C:\Program Files (x86)\Arena\Tournaments\V7P3R Regression Battle 20251210_2.pgn

No:  B/W 1/2     W:B       1:2           Time        Value Moves Dep 1:2       1-2-Draws
   1 W 1    1.0:0.0        1.0:0.0       11:31:16 AM  +289.98    23 3.667 :3.600  1-0-0

--------------------------------------------------------------

Engine-Match Wednesday, December 10, 2025 11:31:18 AM
 Blitz 1/1 

Pairing 5/55 :    V7P3R_v17.1  -  V7P3R_v17.2

PGN-File: C:\Program Files (x86)\Arena\Tournaments\V7P3R Regression Battle 20251210_2.pgn

No:  B/W 1/2     W:B       1:2           Time        Value Moves Dep 1:2       1-2-Draws
   1 = =    0.5:0.5        0.5:0.5       11:33:49 AM    +2.82    45 3.050 :2.615  0-0-1

--------------------------------------------------------------

Engine-Match Wednesday, December 10, 2025 11:33:51 AM
 Blitz 1/1 

Pairing 6/55 :    V7P3R_v17.7  -  V7P3R_v17.5

PGN-File: C:\Program Files (x86)\Arena\Tournaments\V7P3R Regression Battle 20251210_2.pgn

No:  B/W 1/2     W:B       1:2           Time        Value Moves Dep 1:2       1-2-Draws
   1 B 2    1.0:0.0        0.0:1.0       11:37:31 AM  -199.99    63 3.071 :3.538  0-1-0

--------------------------------------------------------------

Engine-Match Wednesday, December 10, 2025 11:37:33 AM
 Blitz 1/1 

Pairing 7/55 :    V7P3R_v17.4  -  V7P3R_v12.6

PGN-File: C:\Program Files (x86)\Arena\Tournaments\V7P3R Regression Battle 20251210_2.pgn

No:  B/W 1/2     W:B       1:2           Time        Value Moves Dep 1:2       1-2-Draws
   1 W 1    1.0:0.0        1.0:0.0       11:40:54 AM   +15.13    58 4.033 :3.583  1-0-0

--------------------------------------------------------------

Engine-Match Wednesday, December 10, 2025 11:40:56 AM
 Blitz 1/1 

Pairing 8/55 :    V7P3R_v14.1  -  V7P3R_v17.3

PGN-File: C:\Program Files (x86)\Arena\Tournaments\V7P3R Regression Battle 20251210_2.pgn

No:  B/W 1/2     W:B       1:2           Time        Value Moves Dep 1:2       1-2-Draws
   1 B 2    1.0:0.0        0.0:1.0       11:43:21 AM  -289.98    36 3.000 :3.515  0-1-0

--------------------------------------------------------------

Engine-Match Wednesday, December 10, 2025 11:43:22 AM
 Blitz 1/1 

Pairing 9/55 :    V7P3R_v17.2  -  V7P3R_v16.1

PGN-File: C:\Program Files (x86)\Arena\Tournaments\V7P3R Regression Battle 20251210_2.pgn

No:  B/W 1/2     W:B       1:2           Time        Value Moves Dep 1:2       1-2-Draws
   1 W 1    1.0:0.0        1.0:0.0       11:44:39 AM   +10.60    25 3.050 :2.000  1-0-0

--------------------------------------------------------------

Engine-Match Wednesday, December 10, 2025 11:44:40 AM
 Blitz 1/1 

Pairing 10/55 :    V7P3R_v17.0  -  V7P3R_v17.1

PGN-File: C:\Program Files (x86)\Arena\Tournaments\V7P3R Regression Battle 20251210_2.pgn

No:  B/W 1/2     W:B       1:2           Time        Value Moves Dep 1:2       1-2-Draws
   1 B 2    1.0:0.0        0.0:1.0       11:47:04 AM  -289.97    36 3.308 :3.389  0-1-0

--------------------------------------------------------------

Engine-Match Wednesday, December 10, 2025 11:47:05 AM
 Blitz 1/1 

Pairing 11/55 :    V7P3R_v17.6  -  V7P3R_v17.4

PGN-File: C:\Program Files (x86)\Arena\Tournaments\V7P3R Regression Battle 20251210_2.pgn

No:  B/W 1/2     W:B       1:2           Time        Value Moves Dep 1:2       1-2-Draws
   1 B 2    1.0:0.0        0.0:1.0       11:50:28 AM   -18.07    55 3.071 :3.538  0-1-0

--------------------------------------------------------------

Engine-Match Wednesday, December 10, 2025 11:50:30 AM
 Blitz 1/1 

Pairing 12/55 :    V7P3R_v17.3  -  V7P3R_v17.7

PGN-File: C:\Program Files (x86)\Arena\Tournaments\V7P3R Regression Battle 20251210_2.pgn

No:  B/W 1/2     W:B       1:2           Time        Value Moves Dep 1:2       1-2-Draws
   1 = =    0.5:0.5        0.5:0.5       11:54:28 AM    -4.40    63 3.333 :3.207  0-0-1

--------------------------------------------------------------

Engine-Match Wednesday, December 10, 2025 11:54:29 AM
 Blitz 1/1 

Pairing 13/55 :    V7P3R_v12.6  -  V7P3R_v17.2

PGN-File: C:\Program Files (x86)\Arena\Tournaments\V7P3R Regression Battle 20251210_2.pgn

No:  B/W 1/2     W:B       1:2           Time        Value Moves Dep 1:2       1-2-Draws
   1 B 2    1.0:0.0        0.0:1.0       11:58:11 AM  -289.97    67 3.150 :3.364  0-1-0

--------------------------------------------------------------

Engine-Match Wednesday, December 10, 2025 11:58:13 AM
 Blitz 1/1 

Pairing 14/55 :    V7P3R_v17.1  -  V7P3R_v14.1

PGN-File: C:\Program Files (x86)\Arena\Tournaments\V7P3R Regression Battle 20251210_2.pgn

No:  B/W 1/2     W:B       1:2           Time        Value Moves Dep 1:2       1-2-Draws
   1 W 1    1.0:0.0        1.0:0.0       11:59:45 AM   +15.91    29 4.077 :3.522  1-0-0

--------------------------------------------------------------

Engine-Match Wednesday, December 10, 2025 11:59:46 AM
 Blitz 1/1 

Pairing 15/55 :    V7P3R_v16.1  -  V7P3R_v17.0

PGN-File: C:\Program Files (x86)\Arena\Tournaments\V7P3R Regression Battle 20251210_2.pgn

No:  B/W 1/2     W:B       1:2           Time        Value Moves Dep 1:2       1-2-Draws
   1 B 2    1.0:0.0        0.0:1.0       12:01:29 PM    +1.96    53 2.045 :3.824  0-1-0

--------------------------------------------------------------

Engine-Match Wednesday, December 10, 2025 12:01:30 PM
 Blitz 1/1 

Pairing 16/55 :    V7P3R_v17.5  -  V7P3R_v17.3

PGN-File: C:\Program Files (x86)\Arena\Tournaments\V7P3R Regression Battle 20251210_2.pgn

No:  B/W 1/2     W:B       1:2           Time        Value Moves Dep 1:2       1-2-Draws
   1 = =    0.5:0.5        0.5:0.5       12:02:34 PM     0.00    51 4.731 :4.825  0-0-1

--------------------------------------------------------------

Engine-Match Wednesday, December 10, 2025 12:02:36 PM
 Blitz 30/5 

Pairing 9/36 :    V7P3R_v17.6  -  V7P3R_v17.2

PGN-File: C:\Program Files (x86)\Arena\Tournaments\V7P3R Regression Battle 20251210_2.pgn

No:  B/W 1/2     W:B       1:2           Time        Value Moves Dep 1:2       1-2-Draws
   1 B 2    1.0:0.0        0.0:1.0       12:05:38 PM   -12.62    66 3.429 :3.357  0-1-0

--------------------------------------------------------------

Engine-Match Wednesday, December 10, 2025 12:05:39 PM
 Blitz 1/1 

Pairing 17/55 :    V7P3R_v17.2  -  V7P3R_v17.6

PGN-File: C:\Program Files (x86)\Arena\Tournaments\V7P3R Regression Battle 20251210_2.pgn

No:  B/W 1/2     W:B       1:2           Time        Value Moves Dep 1:2       1-2-Draws
   1 = =    0.5:0.5        0.5:0.5       12:07:01 PM    +1.08    27 3.045 :3.095  0-0-1

--------------------------------------------------------------

Engine-Match Wednesday, December 10, 2025 12:07:02 PM
 Blitz 1/1 

Pairing 18/55 :    V7P3R_v17.7  -  V7P3R_v17.1

PGN-File: C:\Program Files (x86)\Arena\Tournaments\V7P3R Regression Battle 20251210_2.pgn

No:  B/W 1/2     W:B       1:2           Time        Value Moves Dep 1:2       1-2-Draws
   1 B 2    1.0:0.0        0.0:1.0       12:09:11 PM   -24.09    39 2.567 :3.345  0-1-0

--------------------------------------------------------------

Engine-Match Wednesday, December 10, 2025 12:09:12 PM
 Blitz 1/1 

Pairing 19/55 :    V7P3R_v17.0  -  V7P3R_v12.6

PGN-File: C:\Program Files (x86)\Arena\Tournaments\V7P3R Regression Battle 20251210_2.pgn

No:  B/W 1/2     W:B       1:2           Time        Value Moves Dep 1:2       1-2-Draws
   1 W 1    1.0:0.0        1.0:0.0       12:13:21 PM   +18.27    86 3.517 :2.735  1-0-0

--------------------------------------------------------------

Engine-Match Wednesday, December 10, 2025 12:13:22 PM
 Blitz 1/1 

Pairing 20/55 :    V7P3R_v14.1  -  V7P3R_v16.1

PGN-File: C:\Program Files (x86)\Arena\Tournaments\V7P3R Regression Battle 20251210_2.pgn

No:  B/W 1/2     W:B       1:2           Time        Value Moves Dep 1:2       1-2-Draws
   1 = =    0.5:0.5        0.5:0.5       12:14:40 PM     0.00    42 3.450 :2.095  0-0-1

--------------------------------------------------------------

Engine-Match Wednesday, December 10, 2025 12:14:51 PM
 Blitz 1/1 

Pairing 21/55 :    V7P3R_v17.4  -  V7P3R_v17.2

PGN-File: C:\Program Files (x86)\Arena\Tournaments\V7P3R Regression Battle 20251210_2.pgn

No:  B/W 1/2     W:B       1:2           Time        Value Moves Dep 1:2       1-2-Draws
   1 = =    0.5:0.5        0.5:0.5       12:17:38 PM    -2.54    47 3.682 :3.524  0-0-1

--------------------------------------------------------------

Engine-Match Wednesday, December 10, 2025 12:17:40 PM
 Blitz 1/1 

Pairing 22/55 :    V7P3R_v17.1  -  V7P3R_v17.5

PGN-File: C:\Program Files (x86)\Arena\Tournaments\V7P3R Regression Battle 20251210_2.pgn

No:  B/W 1/2     W:B       1:2           Time        Value Moves Dep 1:2       1-2-Draws
   1 W 1    1.0:0.0        1.0:0.0       12:20:31 PM   +13.92    48 3.462 :2.654  1-0-0

--------------------------------------------------------------

Engine-Match Wednesday, December 10, 2025 12:20:32 PM
 Blitz 1/1 

Pairing 23/55 :    V7P3R_v17.6  -  V7P3R_v17.0

PGN-File: C:\Program Files (x86)\Arena\Tournaments\V7P3R Regression Battle 20251210_2.pgn

No:  B/W 1/2     W:B       1:2           Time        Value Moves Dep 1:2       1-2-Draws
   1 = =    0.5:0.5        0.5:0.5       12:23:21 PM     0.00    44 2.808 :4.000  0-0-1

--------------------------------------------------------------

Engine-Match Wednesday, December 10, 2025 12:23:22 PM
 Blitz 1/1 

Pairing 24/55 :    V7P3R_v16.1  -  V7P3R_v17.7

PGN-File: C:\Program Files (x86)\Arena\Tournaments\V7P3R Regression Battle 20251210_2.pgn

No:  B/W 1/2     W:B       1:2           Time        Value Moves Dep 1:2       1-2-Draws
   1 B 2    1.0:0.0        0.0:1.0       12:24:36 PM   -10.48    27 2.182 :3.000  0-1-0

--------------------------------------------------------------

Engine-Match Wednesday, December 10, 2025 12:24:37 PM
 Blitz 1/1 

Pairing 25/55 :    V7P3R_v12.6  -  V7P3R_v14.1

PGN-File: C:\Program Files (x86)\Arena\Tournaments\V7P3R Regression Battle 20251210_2.pgn

No:  B/W 1/2     W:B       1:2           Time        Value Moves Dep 1:2       1-2-Draws
   1 B 2    1.0:0.0        0.0:1.0       12:27:02 PM  -289.97    38 2.969 :2.903  0-1-0

--------------------------------------------------------------

Engine-Match Wednesday, December 10, 2025 12:27:03 PM
 Blitz 1/1 

Pairing 26/55 :    V7P3R_v17.3  -  V7P3R_v17.1

PGN-File: C:\Program Files (x86)\Arena\Tournaments\V7P3R Regression Battle 20251210_2.pgn

No:  B/W 1/2     W:B       1:2           Time        Value Moves Dep 1:2       1-2-Draws
   1 = =    0.5:0.5        0.5:0.5       12:28:37 PM    +0.90    27 3.000 :3.091  0-0-1

--------------------------------------------------------------

Engine-Match Wednesday, December 10, 2025 12:28:38 PM
 Blitz 1/1 

Pairing 27/55 :    V7P3R_v17.0  -  V7P3R_v17.4

PGN-File: C:\Program Files (x86)\Arena\Tournaments\V7P3R Regression Battle 20251210_2.pgn

No:  B/W 1/2     W:B       1:2           Time        Value Moves Dep 1:2       1-2-Draws
   1 B 2    1.0:0.0        0.0:1.0       12:29:24 PM   -13.13    47 4.720 :4.625  0-1-0

--------------------------------------------------------------

Engine-Match Wednesday, December 10, 2025 12:29:26 PM
 Blitz 30/5 

Pairing 17/36 :    V7P3R_v17.2  -  V7P3R_v17.0

PGN-File: C:\Program Files (x86)\Arena\Tournaments\V7P3R Regression Battle 20251210_2.pgn

No:  B/W 1/2     W:B       1:2           Time        Value Moves Dep 1:2       1-2-Draws
   1 W 1    1.0:0.0        1.0:0.0       12:31:01 PM   +10.10    41 3.700 :3.667  1-0-0

--------------------------------------------------------------

Engine-Match Wednesday, December 10, 2025 12:31:03 PM
 Blitz 1/1 

Pairing 28/55 :    V7P3R_v17.5  -  V7P3R_v16.1

PGN-File: C:\Program Files (x86)\Arena\Tournaments\V7P3R Regression Battle 20251210_2.pgn

No:  B/W 1/2     W:B       1:2           Time        Value Moves Dep 1:2       1-2-Draws
   1 W 1    1.0:0.0        1.0:0.0       12:31:52 PM  +289.96    23 2.529 :2.313  1-0-0

--------------------------------------------------------------

Engine-Match Wednesday, December 10, 2025 12:31:53 PM
 Blitz 1/1 

Pairing 29/55 :    V7P3R_v14.1  -  V7P3R_v17.6

PGN-File: C:\Program Files (x86)\Arena\Tournaments\V7P3R Regression Battle 20251210_2.pgn

No:  B/W 1/2     W:B       1:2           Time        Value Moves Dep 1:2       1-2-Draws
   1 = =    0.5:0.5        0.5:0.5       12:33:06 PM    -0.80    16 3.125 :3.438  0-0-1

--------------------------------------------------------------

Engine-Match Wednesday, December 10, 2025 12:33:07 PM
 Blitz 1/1 

Pairing 30/55 :    V7P3R_v17.7  -  V7P3R_v12.6

PGN-File: C:\Program Files (x86)\Arena\Tournaments\V7P3R Regression Battle 20251210_2.pgn

No:  B/W 1/2     W:B       1:2           Time        Value Moves Dep 1:2       1-2-Draws
   1 = =    0.5:0.5        0.5:0.5       12:37:47 PM    -4.90    77 2.750 :2.938  0-0-1

--------------------------------------------------------------

Engine-Match Wednesday, December 10, 2025 12:37:49 PM
 Blitz 1/1 

Pairing 31/55 :    V7P3R_v17.2  -  V7P3R_v17.0

PGN-File: C:\Program Files (x86)\Arena\Tournaments\V7P3R Regression Battle 20251210_2.pgn

No:  B/W 1/2     W:B       1:2           Time        Value Moves Dep 1:2       1-2-Draws
   1 B 2    1.0:0.0        0.0:1.0       12:41:56 PM  -289.97    83 3.615 :3.632  0-1-0

--------------------------------------------------------------

Engine-Match Wednesday, December 10, 2025 12:41:57 PM
 Blitz 1/1 

Pairing 32/55 :    V7P3R_v16.1  -  V7P3R_v17.3

PGN-File: C:\Program Files (x86)\Arena\Tournaments\V7P3R Regression Battle 20251210_2.pgn

No:  B/W 1/2     W:B       1:2           Time        Value Moves Dep 1:2       1-2-Draws
   1 B 2    1.0:0.0        0.0:1.0       12:43:29 PM  -289.98    41 2.091 :3.656  0-1-0

--------------------------------------------------------------

Engine-Match Wednesday, December 10, 2025 12:43:30 PM
 Blitz 1/1 

Pairing 33/55 :    V7P3R_v17.4  -  V7P3R_v14.1

PGN-File: C:\Program Files (x86)\Arena\Tournaments\V7P3R Regression Battle 20251210_2.pgn

No:  B/W 1/2     W:B       1:2           Time        Value Moves Dep 1:2       1-2-Draws
   1 W 1    1.0:0.0        1.0:0.0       12:45:26 PM   +11.45    32 3.818 :3.154  1-0-0

--------------------------------------------------------------

Engine-Match Wednesday, December 10, 2025 12:45:28 PM
 Blitz 1/1 

Pairing 34/55 :    V7P3R_v12.6  -  V7P3R_v17.5

PGN-File: C:\Program Files (x86)\Arena\Tournaments\V7P3R Regression Battle 20251210_2.pgn

No:  B/W 1/2     W:B       1:2           Time        Value Moves Dep 1:2       1-2-Draws
   1 B 2    1.0:0.0        0.0:1.0       12:47:54 PM  -289.98    36 3.030 :3.588  0-1-0

--------------------------------------------------------------

Engine-Match Wednesday, December 10, 2025 12:47:55 PM
 Blitz 1/1 

Pairing 35/55 :    V7P3R_v17.6  -  V7P3R_v17.7

PGN-File: C:\Program Files (x86)\Arena\Tournaments\V7P3R Regression Battle 20251210_2.pgn

No:  B/W 1/2     W:B       1:2           Time        Value Moves Dep 1:2       1-2-Draws
   1 W 1    1.0:0.0        1.0:0.0       12:51:34 PM  +289.99    64 5.265 :5.588  1-0-0

--------------------------------------------------------------

Engine-Match Wednesday, December 10, 2025 12:51:36 PM
 Blitz 30/5 

Pairing 21/36 :    V7P3R_v17.1  -  V7P3R_v16.1

PGN-File: C:\Program Files (x86)\Arena\Tournaments\V7P3R Regression Battle 20251210_2.pgn

No:  B/W 1/2     W:B       1:2           Time        Value Moves Dep 1:2       1-2-Draws
   1 B 2    1.0:0.0        0.0:1.0       12:51:46 PM     0.00    52 2.524 :2.400  0-1-0

--------------------------------------------------------------

Engine-Match Wednesday, December 10, 2025 12:51:47 PM
 Blitz 1/1 

Pairing 36/55 :    V7P3R_v17.1  -  V7P3R_v16.1

PGN-File: C:\Program Files (x86)\Arena\Tournaments\V7P3R Regression Battle 20251210_2.pgn

No:  B/W 1/2     W:B       1:2           Time        Value Moves Dep 1:2       1-2-Draws
   1 W 1    1.0:0.0        1.0:0.0       12:54:14 PM   +14.04    63 3.391 :2.067  1-0-0

--------------------------------------------------------------

Engine-Match Wednesday, December 10, 2025 12:54:16 PM
 Blitz 1/1 

Pairing 37/55 :    V7P3R_v14.1  -  V7P3R_v17.2

PGN-File: C:\Program Files (x86)\Arena\Tournaments\V7P3R Regression Battle 20251210_2.pgn

No:  B/W 1/2     W:B       1:2           Time        Value Moves Dep 1:2       1-2-Draws
   1 B 2    1.0:0.0        0.0:1.0       12:56:21 PM  -289.98    37 3.348 :3.815  0-1-0

--------------------------------------------------------------

Engine-Match Wednesday, December 10, 2025 12:56:23 PM
 Blitz 1/1 

Pairing 38/55 :    V7P3R_v17.3  -  V7P3R_v12.6

PGN-File: C:\Program Files (x86)\Arena\Tournaments\V7P3R Regression Battle 20251210_2.pgn

No:  B/W 1/2     W:B       1:2           Time        Value Moves Dep 1:2       1-2-Draws
   1 W 1    1.0:0.0        1.0:0.0       12:58:09 PM  +289.98    24 3.826 :3.190  1-0-0

--------------------------------------------------------------

Engine-Match Wednesday, December 10, 2025 12:58:11 PM
 Blitz 1/1 

Pairing 39/55 :    V7P3R_v17.7  -  V7P3R_v17.4

PGN-File: C:\Program Files (x86)\Arena\Tournaments\V7P3R Regression Battle 20251210_2.pgn

No:  B/W 1/2     W:B       1:2           Time        Value Moves Dep 1:2       1-2-Draws
   1 B 2    1.0:0.0        0.0:1.0       1:01:33 PM  -289.98    53 3.071 :3.538  0-1-0

--------------------------------------------------------------

Engine-Match Wednesday, December 10, 2025 1:01:35 PM
 Blitz 1/1 

Pairing 40/55 :    V7P3R_v17.5  -  V7P3R_v17.6

PGN-File: C:\Program Files (x86)\Arena\Tournaments\V7P3R Regression Battle 20251210_2.pgn

No:  B/W 1/2     W:B       1:2           Time        Value Moves Dep 1:2       1-2-Draws
   1 = =    0.5:0.5        0.5:0.5       1:03:36 PM    +0.74    36 3.000 :3.033  0-0-1

--------------------------------------------------------------

Engine-Match Wednesday, December 10, 2025 1:03:43 PM
 Blitz 1/1 

Pairing 41/55 :    V7P3R_v17.0  -  V7P3R_v14.1

PGN-File: C:\Program Files (x86)\Arena\Tournaments\V7P3R Regression Battle 20251210_2.pgn

No:  B/W 1/2     W:B       1:2           Time        Value Moves Dep 1:2       1-2-Draws
   1 W 1    1.0:0.0        1.0:0.0       1:04:07 PM  +289.99    56 5.261 :2.000  1-0-0

--------------------------------------------------------------

Engine-Match Wednesday, December 10, 2025 1:04:08 PM
 Blitz 30/5 

Pairing 25/36 :    V7P3R_v17.0  -  V7P3R_v14.1

PGN-File: C:\Program Files (x86)\Arena\Tournaments\V7P3R Regression Battle 20251210_2.pgn

No:  B/W 1/2     W:B       1:2           Time        Value Moves Dep 1:2       1-2-Draws
   1 = =    0.5:0.5        0.5:0.5       1:05:59 PM    +0.76    45 4.154 :3.316  0-0-1

--------------------------------------------------------------

Engine-Match Wednesday, December 10, 2025 1:06:00 PM
 Blitz 1/1 

Pairing 42/55 :    V7P3R_v12.6  -  V7P3R_v17.1

PGN-File: C:\Program Files (x86)\Arena\Tournaments\V7P3R Regression Battle 20251210_2.pgn

No:  B/W 1/2     W:B       1:2           Time        Value Moves Dep 1:2       1-2-Draws
   1 B 2    1.0:0.0        0.0:1.0       1:08:53 PM   -10.79    46 3.150 :3.455  0-1-0

--------------------------------------------------------------

Engine-Match Wednesday, December 10, 2025 1:08:55 PM
 Blitz 1/1 

Pairing 43/55 :    V7P3R_v17.2  -  V7P3R_v17.7

PGN-File: C:\Program Files (x86)\Arena\Tournaments\V7P3R Regression Battle 20251210_2.pgn

No:  B/W 1/2     W:B       1:2           Time        Value Moves Dep 1:2       1-2-Draws
   1 = =    0.5:0.5        0.5:0.5       1:10:15 PM    +1.08    27 3.045 :3.095  0-0-1

--------------------------------------------------------------

Engine-Match Wednesday, December 10, 2025 1:10:17 PM
 Blitz 1/1 

Pairing 44/55 :    V7P3R_v17.6  -  V7P3R_v17.3

PGN-File: C:\Program Files (x86)\Arena\Tournaments\V7P3R Regression Battle 20251210_2.pgn

No:  B/W 1/2     W:B       1:2           Time        Value Moves Dep 1:2       1-2-Draws
   1 B 2    1.0:0.0        0.0:1.0       1:12:30 PM   -24.09    39 2.600 :3.379  0-1-0

--------------------------------------------------------------

Engine-Match Wednesday, December 10, 2025 1:12:32 PM
 Blitz 1/1 

Pairing 45/55 :    V7P3R_v17.4  -  V7P3R_v17.5

PGN-File: C:\Program Files (x86)\Arena\Tournaments\V7P3R Regression Battle 20251210_2.pgn

No:  B/W 1/2     W:B       1:2           Time        Value Moves Dep 1:2       1-2-Draws
   1 W 1    1.0:0.0        1.0:0.0       1:15:56 PM  +289.97    60 3.182 :3.315  1-0-0

--------------------------------------------------------------

Engine-Match Wednesday, December 10, 2025 1:15:57 PM
 Blitz 1/1 

Pairing 46/55 :    V7P3R_v16.1  -  V7P3R_v12.6

PGN-File: C:\Program Files (x86)\Arena\Tournaments\V7P3R Regression Battle 20251210_2.pgn

No:  B/W 1/2     W:B       1:2           Time        Value Moves Dep 1:2       1-2-Draws
   1 B 2    1.0:0.0        0.0:1.0       1:18:00 PM   -17.78    57 2.000 :3.000  0-1-0

--------------------------------------------------------------

Engine-Match Wednesday, December 10, 2025 1:18:01 PM
 Blitz 1/1 

Pairing 47/55 :    V7P3R_v17.7  -  V7P3R_v17.0

PGN-File: C:\Program Files (x86)\Arena\Tournaments\V7P3R Regression Battle 20251210_2.pgn

No:  B/W 1/2     W:B       1:2           Time        Value Moves Dep 1:2       1-2-Draws
   1 = =    0.5:0.5        0.5:0.5       1:20:52 PM     0.00    44 2.769 :4.000  0-0-1

--------------------------------------------------------------

Engine-Match Wednesday, December 10, 2025 1:20:53 PM
 Blitz 1/1 

Pairing 48/55 :    V7P3R_v17.1  -  V7P3R_v17.6

PGN-File: C:\Program Files (x86)\Arena\Tournaments\V7P3R Regression Battle 20251210_2.pgn

No:  B/W 1/2     W:B       1:2           Time        Value Moves Dep 1:2       1-2-Draws
   1 W 1    1.0:0.0        1.0:0.0       1:21:00 PM  +289.99    46 5.318 :4.409  1-0-0

--------------------------------------------------------------

Engine-Match Wednesday, December 10, 2025 1:21:02 PM
 Blitz 30/5 

Pairing 31/36 :    V7P3R_v17.1  -  V7P3R_v17.6

PGN-File: C:\Program Files (x86)\Arena\Tournaments\V7P3R Regression Battle 20251210_2.pgn

No:  B/W 1/2     W:B       1:2           Time        Value Moves Dep 1:2       1-2-Draws
   1 W 1    1.0:0.0        1.0:0.0       1:24:48 PM     0.00    61 3.333 :3.207  1-0-0

--------------------------------------------------------------

Engine-Match Wednesday, December 10, 2025 1:24:49 PM
 Blitz 1/1 

Pairing 49/55 :    V7P3R_v17.5  -  V7P3R_v17.2

PGN-File: C:\Program Files (x86)\Arena\Tournaments\V7P3R Regression Battle 20251210_2.pgn

No:  B/W 1/2     W:B       1:2           Time        Value Moves Dep 1:2       1-2-Draws
   1 B 2    1.0:0.0        0.0:1.0       1:27:27 PM   -12.64    48 2.619 :3.450  0-1-0

--------------------------------------------------------------

Engine-Match Wednesday, December 10, 2025 1:27:28 PM
 Blitz 1/1 

Pairing 50/55 :    V7P3R_v17.3  -  V7P3R_v17.4

PGN-File: C:\Program Files (x86)\Arena\Tournaments\V7P3R Regression Battle 20251210_2.pgn

No:  B/W 1/2     W:B       1:2           Time        Value Moves Dep 1:2       1-2-Draws
   1 B 2    1.0:0.0        0.0:1.0       1:31:12 PM   -15.54    69 3.586 :3.690  0-1-0

--------------------------------------------------------------

Engine-Match Wednesday, December 10, 2025 1:31:14 PM
 Blitz 1/1 

Pairing 51/55 :    V7P3R_v14.1  -  V7P3R_v17.7

PGN-File: C:\Program Files (x86)\Arena\Tournaments\V7P3R Regression Battle 20251210_2.pgn

No:  B/W 1/2     W:B       1:2           Time        Value Moves Dep 1:2       1-2-Draws
   1 B 2    1.0:0.0        0.0:1.0       1:34:05 PM  -289.98    56 2.806 :3.132  0-1-0

--------------------------------------------------------------

Engine-Match Wednesday, December 10, 2025 1:34:06 PM
 Blitz 1/1 

Pairing 52/55 :    V7P3R_v17.6  -  V7P3R_v16.1

PGN-File: C:\Program Files (x86)\Arena\Tournaments\V7P3R Regression Battle 20251210_2.pgn

No:  B/W 1/2     W:B       1:2           Time        Value Moves Dep 1:2       1-2-Draws
   1 W 1    1.0:0.0        1.0:0.0       1:36:28 PM   +10.70    56 3.128 :2.026  1-0-0

--------------------------------------------------------------

Engine-Match Wednesday, December 10, 2025 1:36:30 PM
 Blitz 1/1 

Pairing 53/55 :    V7P3R_v17.0  -  V7P3R_v17.5

PGN-File: C:\Program Files (x86)\Arena\Tournaments\V7P3R Regression Battle 20251210_2.pgn

No:  B/W 1/2     W:B       1:2           Time        Value Moves Dep 1:2       1-2-Draws
   1 W 1    1.0:0.0        1.0:0.0       1:39:39 PM     0.00    50 3.667 :3.538  1-0-0

--------------------------------------------------------------

Engine-Match Wednesday, December 10, 2025 1:39:41 PM
 Blitz 1/1 

Pairing 54/55 :    V7P3R_v17.4  -  V7P3R_v17.1

PGN-File: C:\Program Files (x86)\Arena\Tournaments\V7P3R Regression Battle 20251210_2.pgn

No:  B/W 1/2     W:B       1:2           Time        Value Moves Dep 1:2       1-2-Draws
   1 B 2    1.0:0.0        0.0:1.0       1:43:18 PM   -16.70    65 3.465 :3.357  0-1-0

--------------------------------------------------------------

Engine-Match Wednesday, December 10, 2025 1:43:19 PM
 Blitz 1/1 

Pairing 55/55 :    V7P3R_v17.2  -  V7P3R_v17.3

PGN-File: C:\Program Files (x86)\Arena\Tournaments\V7P3R Regression Battle 20251210_2.pgn

No:  B/W 1/2     W:B       1:2           Time        Value Moves Dep 1:2       1-2-Draws
   1 W 1    1.0:0.0        1.0:0.0       1:44:59 PM  +289.99    36 4.903 :4.867  1-0-0

--------------------------------------------------------------

Engine-Match Wednesday, December 10, 2025 1:45:00 PM
 Blitz 30/5 

Pairing 32/36 :    V7P3R_v17.3  -  V7P3R_v17.2

PGN-File: C:\Program Files (x86)\Arena\Tournaments\V7P3R Regression Battle 20251210_2.pgn

No:  B/W 1/2     W:B       1:2           Time        Value Moves Dep 1:2       1-2-Draws
   1 = =    0.5:0.5        0.5:0.5       1:45:28 PM    +0.84    31 2.923 :3.231  0-0-1

--------------------------------------------------------------

Engine-Match Wednesday, December 10, 2025 1:45:29 PM
 Blitz 1/1 

Pairing 2/55 :    V7P3R_v17.5  -  V7P3R_v14.1

PGN-File: C:\Program Files (x86)\Arena\Tournaments\V7P3R Regression Battle 20251210_2.pgn

No:  B/W 1/2     W:B       1:2           Time        Value Moves Dep 1:2       1-2-Draws
   2 B 1    1.0:0.0        1.0:1.0       1:47:21 PM  -289.97    27 3.815 :3.154  1-1-0

--------------------------------------------------------------

Engine-Match Wednesday, December 10, 2025 1:47:22 PM
 Blitz 1/1 

Pairing 3/55 :    V7P3R_v16.1  -  V7P3R_v17.4

PGN-File: C:\Program Files (x86)\Arena\Tournaments\V7P3R Regression Battle 20251210_2.pgn

No:  B/W 1/2     W:B       1:2           Time        Value Moves Dep 1:2       1-2-Draws
   2 W 2    1.0:0.0        0.0:2.0       1:49:14 PM   +14.36    48 2.115 :3.885  0-2-0

--------------------------------------------------------------

Engine-Match Wednesday, December 10, 2025 1:49:16 PM
 Blitz 1/1 

Pairing 4/55 :    V7P3R_v17.3  -  V7P3R_v17.0

PGN-File: C:\Program Files (x86)\Arena\Tournaments\V7P3R Regression Battle 20251210_2.pgn

No:  B/W 1/2     W:B       1:2           Time        Value Moves Dep 1:2       1-2-Draws
   2 W 2    1.0:0.0        1.0:1.0       1:51:54 PM   +11.46    42 3.429 :3.333  1-1-0

--------------------------------------------------------------

Engine-Match Wednesday, December 10, 2025 1:51:55 PM
 Blitz 1/1 

Pairing 5/55 :    V7P3R_v17.1  -  V7P3R_v17.2

PGN-File: C:\Program Files (x86)\Arena\Tournaments\V7P3R Regression Battle 20251210_2.pgn

No:  B/W 1/2     W:B       1:2           Time        Value Moves Dep 1:2       1-2-Draws
   2 = =    1.0:1.0        1.0:1.0       1:53:46 PM    +0.84    31 3.077 :2.962  0-0-2

--------------------------------------------------------------

Engine-Match Wednesday, December 10, 2025 1:53:48 PM
 Blitz 1/1 

Pairing 6/55 :    V7P3R_v17.7  -  V7P3R_v17.5

PGN-File: C:\Program Files (x86)\Arena\Tournaments\V7P3R Regression Battle 20251210_2.pgn

No:  B/W 1/2     W:B       1:2           Time        Value Moves Dep 1:2       1-2-Draws
   2 = =    0.5:0.5        0.5:1.5       1:56:06 PM    -1.22    41 2.714 :2.952  0-1-1

--------------------------------------------------------------

Engine-Match Wednesday, December 10, 2025 1:56:14 PM
 Blitz 1/1 

Pairing 7/55 :    V7P3R_v17.4  -  V7P3R_v12.6

PGN-File: C:\Program Files (x86)\Arena\Tournaments\V7P3R Regression Battle 20251210_2.pgn

No:  B/W 1/2     W:B       1:2           Time        Value Moves Dep 1:2       1-2-Draws
   2 B 1    1.0:0.0        2.0:0.0       2:00:19 PM  -289.99    68 3.471 :2.800  2-0-0

--------------------------------------------------------------

Engine-Match Wednesday, December 10, 2025 2:00:20 PM
 Blitz 1/1 

Pairing 8/55 :    V7P3R_v14.1  -  V7P3R_v17.3

PGN-File: C:\Program Files (x86)\Arena\Tournaments\V7P3R Regression Battle 20251210_2.pgn

No:  B/W 1/2     W:B       1:2           Time        Value Moves Dep 1:2       1-2-Draws
   2 W 2    1.0:0.0        0.0:2.0       2:01:54 PM   +15.91    29 3.522 :4.077  0-2-0

--------------------------------------------------------------

Engine-Match Wednesday, December 10, 2025 2:01:56 PM
 Blitz 1/1 

Pairing 9/55 :    V7P3R_v17.2  -  V7P3R_v16.1

PGN-File: C:\Program Files (x86)\Arena\Tournaments\V7P3R Regression Battle 20251210_2.pgn

No:  B/W 1/2     W:B       1:2           Time        Value Moves Dep 1:2       1-2-Draws
   2 B 1    1.0:0.0        2.0:0.0       2:04:03 PM  -289.99    60 3.500 :2.138  2-0-0

--------------------------------------------------------------

Engine-Match Wednesday, December 10, 2025 2:04:05 PM
 Blitz 1/1 

Pairing 10/55 :    V7P3R_v17.0  -  V7P3R_v17.1

PGN-File: C:\Program Files (x86)\Arena\Tournaments\V7P3R Regression Battle 20251210_2.pgn

No:  B/W 1/2     W:B       1:2           Time        Value Moves Dep 1:2       1-2-Draws
   2 = =    0.5:0.5        0.5:1.5       2:07:21 PM    +0.76    66 3.778 :3.872  0-1-1

--------------------------------------------------------------

Engine-Match Wednesday, December 10, 2025 2:07:23 PM
 Blitz 1/1 

Pairing 11/55 :    V7P3R_v17.6  -  V7P3R_v17.4

PGN-File: C:\Program Files (x86)\Arena\Tournaments\V7P3R Regression Battle 20251210_2.pgn

No:  B/W 1/2     W:B       1:2           Time        Value Moves Dep 1:2       1-2-Draws
   2 = =    0.5:0.5        0.5:1.5       2:09:36 PM    +0.74    38 3.000 :3.000  0-1-1

--------------------------------------------------------------

Engine-Match Wednesday, December 10, 2025 2:09:38 PM
 Blitz 1/1 

Pairing 12/55 :    V7P3R_v17.3  -  V7P3R_v17.7

PGN-File: C:\Program Files (x86)\Arena\Tournaments\V7P3R Regression Battle 20251210_2.pgn

No:  B/W 1/2     W:B       1:2           Time        Value Moves Dep 1:2       1-2-Draws
   2 B 1    1.5:0.5        1.5:0.5       2:11:22 PM  -289.97    31 3.308 :3.038  1-0-1

--------------------------------------------------------------

Engine-Match Wednesday, December 10, 2025 2:11:23 PM
 Blitz 1/1 

Pairing 13/55 :    V7P3R_v12.6  -  V7P3R_v17.2

PGN-File: C:\Program Files (x86)\Arena\Tournaments\V7P3R Regression Battle 20251210_2.pgn

No:  B/W 1/2     W:B       1:2           Time        Value Moves Dep 1:2       1-2-Draws
   1 = =    0.5:0.5        0.5:0.5       2:12:55 PM    -1.94    65 5.429 :5.190  0-0-1

--------------------------------------------------------------

Engine-Match Wednesday, December 10, 2025 2:12:56 PM
 Blitz 30/5 

Pairing 6/36 :    V7P3R_v17.2  -  V7P3R_v12.6

PGN-File: C:\Program Files (x86)\Arena\Tournaments\V7P3R Regression Battle 20251210_2.pgn

No:  B/W 1/2     W:B       1:2           Time        Value Moves Dep 1:2       1-2-Draws
   2 W 2    1.0:0.0        0.0:2.0       2:13:35 PM   +36.36    30 2.867 :3.241  0-2-0

--------------------------------------------------------------

Engine-Match Wednesday, December 10, 2025 2:13:36 PM
 Blitz 1/1 

Pairing 14/55 :    V7P3R_v17.1  -  V7P3R_v14.1

PGN-File: C:\Program Files (x86)\Arena\Tournaments\V7P3R Regression Battle 20251210_2.pgn

No:  B/W 1/2     W:B       1:2           Time        Value Moves Dep 1:2       1-2-Draws
   2 B 1    1.0:0.0        2.0:0.0       2:15:32 PM  -289.97    25 3.640 :3.043  2-0-0

--------------------------------------------------------------

Engine-Match Wednesday, December 10, 2025 2:15:33 PM
 Blitz 1/1 

Pairing 15/55 :    V7P3R_v16.1  -  V7P3R_v17.0

PGN-File: C:\Program Files (x86)\Arena\Tournaments\V7P3R Regression Battle 20251210_2.pgn

No:  B/W 1/2     W:B       1:2           Time        Value Moves Dep 1:2       1-2-Draws
   2 W 2    1.0:0.0        0.0:2.0       2:16:51 PM     0.00    43 2.000 :3.857  0-2-0

--------------------------------------------------------------

Engine-Match Wednesday, December 10, 2025 2:16:53 PM
 Blitz 1/1 

Pairing 16/55 :    V7P3R_v17.5  -  V7P3R_v17.3

PGN-File: C:\Program Files (x86)\Arena\Tournaments\V7P3R Regression Battle 20251210_2.pgn

No:  B/W 1/2     W:B       1:2           Time        Value Moves Dep 1:2       1-2-Draws
   2 W 2    1.0:0.0        0.0:2.0       2:19:13 PM  +289.99    40 2.895 :3.400  0-2-0

--------------------------------------------------------------

Engine-Match Wednesday, December 10, 2025 2:19:15 PM
 Blitz 1/1 

Pairing 18/55 :    V7P3R_v17.7  -  V7P3R_v17.1

PGN-File: C:\Program Files (x86)\Arena\Tournaments\V7P3R Regression Battle 20251210_2.pgn

No:  B/W 1/2     W:B       1:2           Time        Value Moves Dep 1:2       1-2-Draws
   2 = =    0.5:0.5        0.5:1.5       2:20:41 PM    +0.38    27 3.095 :3.091  0-1-1

--------------------------------------------------------------

Engine-Match Wednesday, December 10, 2025 2:20:43 PM
 Blitz 1/1 

Pairing 19/55 :    V7P3R_v17.0  -  V7P3R_v12.6

PGN-File: C:\Program Files (x86)\Arena\Tournaments\V7P3R Regression Battle 20251210_2.pgn

No:  B/W 1/2     W:B       1:2           Time        Value Moves Dep 1:2       1-2-Draws
   2 B 1    1.0:0.0        2.0:0.0       2:23:36 PM     0.00    41 3.378 :2.974  2-0-0

--------------------------------------------------------------

Engine-Match Wednesday, December 10, 2025 2:23:38 PM
 Blitz 1/1 

Pairing 20/55 :    V7P3R_v14.1  -  V7P3R_v16.1

PGN-File: C:\Program Files (x86)\Arena\Tournaments\V7P3R Regression Battle 20251210_2.pgn

No:  B/W 1/2     W:B       1:2           Time        Value Moves Dep 1:2       1-2-Draws
   2 B 1    1.5:0.5        1.5:0.5       2:25:02 PM   -11.38    51 3.235 :2.278  1-0-1

--------------------------------------------------------------

Engine-Match Wednesday, December 10, 2025 2:25:03 PM
 Blitz 1/1 

Pairing 21/55 :    V7P3R_v17.4  -  V7P3R_v17.2

PGN-File: C:\Program Files (x86)\Arena\Tournaments\V7P3R Regression Battle 20251210_2.pgn

No:  B/W 1/2     W:B       1:2           Time        Value Moves Dep 1:2       1-2-Draws
   2 = =    1.0:1.0        1.0:1.0       2:27:13 PM    -2.06    37 3.409 :3.391  0-0-2

--------------------------------------------------------------

Engine-Match Wednesday, December 10, 2025 2:27:14 PM
 Blitz 1/1 

Pairing 22/55 :    V7P3R_v17.1  -  V7P3R_v17.5

PGN-File: C:\Program Files (x86)\Arena\Tournaments\V7P3R Regression Battle 20251210_2.pgn

No:  B/W 1/2     W:B       1:2           Time        Value Moves Dep 1:2       1-2-Draws
   2 B 1    1.0:0.0        2.0:0.0       2:30:00 PM   -12.34    48 3.500 :2.619  2-0-0

--------------------------------------------------------------

Engine-Match Wednesday, December 10, 2025 2:30:01 PM
 Blitz 1/1 

Pairing 23/55 :    V7P3R_v17.6  -  V7P3R_v17.0

PGN-File: C:\Program Files (x86)\Arena\Tournaments\V7P3R Regression Battle 20251210_2.pgn

No:  B/W 1/2     W:B       1:2           Time        Value Moves Dep 1:2       1-2-Draws
   2 W 2    1.5:0.5        0.5:1.5       2:32:57 PM   +11.07    47 3.375 :3.500  0-1-1

--------------------------------------------------------------

Engine-Match Wednesday, December 10, 2025 2:32:59 PM
 Blitz 1/1 

Pairing 24/55 :    V7P3R_v16.1  -  V7P3R_v17.7

PGN-File: C:\Program Files (x86)\Arena\Tournaments\V7P3R Regression Battle 20251210_2.pgn

No:  B/W 1/2     W:B       1:2           Time        Value Moves Dep 1:2       1-2-Draws
   2 * *     0.0:0.0        0.0:1.0       2:33:37 PM    -5.84    14 2.000 :3.000  0-1-0
   2 = =    0.5:0.5        1.5:0.5       2:38:23 PM   -19.46    58 5.077 :5.083  1-0-1

--------------------------------------------------------------

Engine-Match Wednesday, December 10, 2025 2:38:24 PM
 Blitz 30/5 

Pairing 13/36 :    V7P3R_v17.3  -  V7P3R_v17.1

PGN-File: C:\Program Files (x86)\Arena\Tournaments\V7P3R Regression Battle 20251210_2.pgn

No:  B/W 1/2     W:B       1:2           Time        Value Moves Dep 1:2       1-2-Draws
   2 = =    1.0:1.0        1.0:1.0       3:08:04 PM    -1.64    66 5.528 :5.583  0-0-2

--------------------------------------------------------------

Engine-Match Wednesday, December 10, 2025 3:08:06 PM
 Blitz 30/5 

Pairing 15/36 :    V7P3R_v17.7  -  V7P3R_v16.1

PGN-File: C:\Program Files (x86)\Arena\Tournaments\V7P3R Regression Battle 20251210_2.pgn

No:  B/W 1/2     W:B       1:2           Time        Value Moves Dep 1:2       1-2-Draws
   2 B 1    1.0:0.0        2.0:0.0       3:25:10 PM   -18.50    23 4.882 :2.444  2-0-0

--------------------------------------------------------------

Engine-Match Wednesday, December 10, 2025 3:25:11 PM
 Blitz 30/5 

Pairing 16/36 :    V7P3R_v14.1  -  V7P3R_v12.6

PGN-File: C:\Program Files (x86)\Arena\Tournaments\V7P3R Regression Battle 20251210_2.pgn

No:  B/W 1/2     W:B       1:2           Time        Value Moves Dep 1:2       1-2-Draws
   2 W 2    1.0:0.0        1.0:1.0       3:49:01 PM     0.00    73 5.250 :5.308  1-1-0

--------------------------------------------------------------

Engine-Match Wednesday, December 10, 2025 3:49:02 PM
 Blitz 30/5 

Pairing 18/36 :    V7P3R_v16.1  -  V7P3R_v17.3

PGN-File: C:\Program Files (x86)\Arena\Tournaments\V7P3R Regression Battle 20251210_2.pgn

No:  B/W 1/2     W:B       1:2           Time        Value Moves Dep 1:2       1-2-Draws
   2 W 2    1.0:0.0        0.0:2.0       4:02:11 PM   +14.28    51 2.032 :5.281  0-2-0

--------------------------------------------------------------

Engine-Match Wednesday, December 10, 2025 4:02:13 PM
 Blitz 30/5 

Pairing 19/36 :    V7P3R_v17.6  -  V7P3R_v14.1

PGN-File: C:\Program Files (x86)\Arena\Tournaments\V7P3R Regression Battle 20251210_2.pgn

No:  B/W 1/2     W:B       1:2           Time        Value Moves Dep 1:2       1-2-Draws
   2 = =    1.0:1.0        1.0:1.0       4:24:01 PM    +2.46    47 3.851 :4.710  0-0-2

--------------------------------------------------------------

Engine-Match Wednesday, December 10, 2025 4:24:02 PM
 Blitz 30/5 

Pairing 20/36 :    V7P3R_v12.6  -  V7P3R_v17.7

PGN-File: C:\Program Files (x86)\Arena\Tournaments\V7P3R Regression Battle 20251210_2.pgn

No:  B/W 1/2     W:B       1:2           Time        Value Moves Dep 1:2       1-2-Draws
   2 B 1    1.5:0.5        1.5:0.5       4:58:39 PM   -10.58    49 4.704 :4.743  1-0-1

--------------------------------------------------------------

Engine-Match Wednesday, December 10, 2025 4:58:40 PM
 Blitz 30/5 

Pairing 22/36 :    V7P3R_v14.1  -  V7P3R_v17.2

PGN-File: C:\Program Files (x86)\Arena\Tournaments\V7P3R Regression Battle 20251210_2.pgn

No:  B/W 1/2     W:B       1:2           Time        Value Moves Dep 1:2       1-2-Draws
   2 * *     0.0:0.0        0.0:1.0       5:04:16 PM     0.00    13 4.875 :5.417  0-1-0

--------------------------------------------------------------

Engine-Match Wednesday, December 10, 2025 5:04:23 PM
 Blitz 30/5 

Pairing 22/36 :    V7P3R_v14.1  -  V7P3R_v17.2

PGN-File: C:\Program Files (x86)\Arena\Tournaments\V7P3R Regression Battle 20251210_2.pgn

No:  B/W 1/2     W:B       1:2           Time        Value Moves Dep 1:2       1-2-Draws
   2 W 2    1.0:0.0        0.0:2.0       5:27:53 PM   +12.11    54 4.636 :5.056  0-2-0

--------------------------------------------------------------

Engine-Match Wednesday, December 10, 2025 5:27:55 PM
 Blitz 30/5 

Pairing 23/36 :    V7P3R_v17.3  -  V7P3R_v12.6

PGN-File: C:\Program Files (x86)\Arena\Tournaments\V7P3R Regression Battle 20251210_2.pgn

No:  B/W 1/2     W:B       1:2           Time        Value Moves Dep 1:2       1-2-Draws
   2 B 1    1.0:0.0        2.0:0.0       5:50:47 PM  -289.99    61 5.154 :5.083  2-0-0

--------------------------------------------------------------

Engine-Match Wednesday, December 10, 2025 5:50:49 PM
 Blitz 30/5 

Pairing 24/36 :    V7P3R_v17.7  -  V7P3R_v17.6

PGN-File: C:\Program Files (x86)\Arena\Tournaments\V7P3R Regression Battle 20251210_2.pgn

No:  B/W 1/2     W:B       1:2           Time        Value Moves Dep 1:2       1-2-Draws
   2 = =    0.5:0.5        1.5:0.5       6:23:22 PM    -5.68    45 4.750 :4.762  1-0-1

--------------------------------------------------------------

Engine-Match Wednesday, December 10, 2025 6:23:24 PM
 Blitz 30/5 

Pairing 26/36 :    V7P3R_v12.6  -  V7P3R_v17.1

PGN-File: C:\Program Files (x86)\Arena\Tournaments\V7P3R Regression Battle 20251210_2.pgn

No:  B/W 1/2     W:B       1:2           Time        Value Moves Dep 1:2       1-2-Draws
   2 W 2    1.0:0.0        0.0:2.0       6:45:36 PM   +15.68    31 4.900 :5.379  0-2-0

--------------------------------------------------------------

Engine-Match Wednesday, December 10, 2025 6:45:37 PM
 Blitz 30/5 

Pairing 27/36 :    V7P3R_v17.2  -  V7P3R_v17.7

PGN-File: C:\Program Files (x86)\Arena\Tournaments\V7P3R Regression Battle 20251210_2.pgn

No:  B/W 1/2     W:B       1:2           Time        Value Moves Dep 1:2       1-2-Draws
   2 B 1    1.5:0.5        1.5:0.5       7:11:26 PM  -289.99    42 4.611 :4.722  1-0-1

--------------------------------------------------------------

Engine-Match Wednesday, December 10, 2025 7:11:28 PM
 Blitz 30/5 

Pairing 28/36 :    V7P3R_v17.6  -  V7P3R_v17.3

PGN-File: C:\Program Files (x86)\Arena\Tournaments\V7P3R Regression Battle 20251210_2.pgn

No:  B/W 1/2     W:B       1:2           Time        Value Moves Dep 1:2       1-2-Draws
   2 * *     0.0:0.0        0.0:1.0       7:42:27 PM    -1.24    37 4.774 :4.545  0-1-0
