Engine-Match Wednesday, December 10, 2025 8:33:27 PM
 Blitz 2/1 

Pairing 1/6 :    V7P3R_v17.8  -  V7P3R_v17.2

PGN-File: C:\Program Files (x86)\Arena\Tournaments\V7P3R Regression Battle 20251210_4.pgn

No:  B/W 1/2     W:B       1:2           Time        Value Moves Dep 1:2       1-2-Draws
   1 B 2    1.0:0.0        0.0:1.0       8:35:30 PM     0.00     1 0:0 0-1-0

--------------------------------------------------------------

Engine-Match Wednesday, December 10, 2025 8:35:32 PM
 Blitz 2/1 

Pairing 2/6 :    V7P3R_v17.7  -  V7P3R_v17.1

PGN-File: C:\Program Files (x86)\Arena\Tournaments\V7P3R Regression Battle 20251210_4.pgn

No:  B/W 1/2     W:B       1:2           Time        Value Moves Dep 1:2       1-2-Draws
   1 * *     0.0:0.0        0.0:0.0       8:35:41 PM    +0.18     6 0:3.000  0-0-0

--------------------------------------------------------------

Engine-Match Wednesday, December 10, 2025 9:06:07 PM
 Blitz 2/1 

Pairing 2/6 :    V7P3R_v17.7  -  V7P3R_v17.1

PGN-File: C:\Program Files (x86)\Arena\Tournaments\V7P3R Regression Battle 20251210_4.pgn

No:  B/W 1/2     W:B       1:2           Time        Value Moves Dep 1:2       1-2-Draws
   1 * *     0.0:0.0        0.0:0.0       9:06:15 PM    -0.13     7 3.000 :0 0-0-0

--------------------------------------------------------------

Engine-Match Wednesday, December 10, 2025 9:06:36 PM
 Blitz 2/1 

Pairing 1/6 :    V7P3R_v17.8  -  V7P3R_v17.2

PGN-File: C:\Program Files (x86)\Arena\Tournaments\V7P3R Regression Battle 20251210_4.pgn

No:  B/W 1/2     W:B       1:2           Time        Value Moves Dep 1:2       1-2-Draws
   1 B 2    1.0:0.0        0.0:1.0       9:07:06 PM    -0.88    11 3.000 :3.000  0-1-0

--------------------------------------------------------------

Engine-Match Wednesday, December 10, 2025 9:07:08 PM
 Blitz 2/1 

Pairing 2/6 :    V7P3R_v17.7  -  V7P3R_v17.1

PGN-File: C:\Program Files (x86)\Arena\Tournaments\V7P3R Regression Battle 20251210_4.pgn

No:  B/W 1/2     W:B       1:2           Time        Value Moves Dep 1:2       1-2-Draws
   1 B 2    1.0:0.0        0.0:1.0       9:10:35 PM    -9.40    48 3.116 :3.452  0-1-0

--------------------------------------------------------------

Engine-Match Wednesday, December 10, 2025 9:10:37 PM
 Blitz 2/1 

Pairing 3/6 :    V7P3R_v17.7  -  V7P3R_v17.8

PGN-File: C:\Program Files (x86)\Arena\Tournaments\V7P3R Regression Battle 20251210_4.pgn

No:  B/W 1/2     W:B       1:2           Time        Value Moves Dep 1:2       1-2-Draws
   1 W 1    1.0:0.0        1.0:0.0       9:10:44 PM    +0.34     6 3.000 :0 1-0-0

--------------------------------------------------------------

Engine-Match Wednesday, December 10, 2025 9:10:45 PM
 Blitz 2/1 

Pairing 4/6 :    V7P3R_v17.1  -  V7P3R_v17.2

PGN-File: C:\Program Files (x86)\Arena\Tournaments\V7P3R Regression Battle 20251210_4.pgn

No:  B/W 1/2     W:B       1:2           Time        Value Moves Dep 1:2       1-2-Draws
   1 = =    0.5:0.5        0.5:0.5       9:14:33 PM    +2.80    65 2.951 :2.951  0-0-1

--------------------------------------------------------------

Engine-Match Wednesday, December 10, 2025 9:14:34 PM
 Blitz 2/1 

Pairing 5/6 :    V7P3R_v17.8  -  V7P3R_v17.1

PGN-File: C:\Program Files (x86)\Arena\Tournaments\V7P3R Regression Battle 20251210_4.pgn

No:  B/W 1/2     W:B       1:2           Time        Value Moves Dep 1:2       1-2-Draws
   1 B 2    1.0:0.0        0.0:1.0       9:15:05 PM    -5.72    12 3.000 :3.125  0-1-0

--------------------------------------------------------------

Engine-Match Wednesday, December 10, 2025 9:15:07 PM
 Blitz 2/1 

Pairing 6/6 :    V7P3R_v17.2  -  V7P3R_v17.7

PGN-File: C:\Program Files (x86)\Arena\Tournaments\V7P3R Regression Battle 20251210_4.pgn

No:  B/W 1/2     W:B       1:2           Time        Value Moves Dep 1:2       1-2-Draws
   1 = =    0.5:0.5        0.5:0.5       9:16:29 PM    +1.08    27 3.045 :3.095  0-0-1

--------------------------------------------------------------

Engine-Match Wednesday, December 10, 2025 9:16:31 PM
 Blitz 2/1 

Pairing 1/6 :    V7P3R_v17.8  -  V7P3R_v17.2

PGN-File: C:\Program Files (x86)\Arena\Tournaments\V7P3R Regression Battle 20251210_4.pgn

No:  B/W 1/2     W:B       1:2           Time        Value Moves Dep 1:2       1-2-Draws
   2 W 2    1.0:0.0        0.0:2.0       9:17:16 PM    +0.82    17 3.000 :2.846  0-2-0

--------------------------------------------------------------

Engine-Match Wednesday, December 10, 2025 9:17:17 PM
 Blitz 2/1 

Pairing 2/6 :    V7P3R_v17.7  -  V7P3R_v17.1

PGN-File: C:\Program Files (x86)\Arena\Tournaments\V7P3R Regression Battle 20251210_4.pgn

No:  B/W 1/2     W:B       1:2           Time        Value Moves Dep 1:2       1-2-Draws
   2 = =    0.5:0.5        0.5:1.5       9:21:06 PM    -4.39    62 3.172 :3.333  0-1-1

--------------------------------------------------------------

Engine-Match Wednesday, December 10, 2025 9:21:08 PM
 Blitz 2/1 

Pairing 3/6 :    V7P3R_v17.7  -  V7P3R_v17.8

PGN-File: C:\Program Files (x86)\Arena\Tournaments\V7P3R Regression Battle 20251210_4.pgn

No:  B/W 1/2     W:B       1:2           Time        Value Moves Dep 1:2       1-2-Draws
   2 B 1    1.0:0.0        2.0:0.0       9:22:05 PM    -0.41    16 3.083 :3.091  2-0-0

--------------------------------------------------------------

Engine-Match Wednesday, December 10, 2025 9:22:06 PM
 Blitz 2/1 

Pairing 4/6 :    V7P3R_v17.1  -  V7P3R_v17.2

PGN-File: C:\Program Files (x86)\Arena\Tournaments\V7P3R Regression Battle 20251210_4.pgn

No:  B/W 1/2     W:B       1:2           Time        Value Moves Dep 1:2       1-2-Draws
   2 = =    1.0:1.0        1.0:1.0       9:23:55 PM    +0.84    31 3.077 :2.962  0-0-2

--------------------------------------------------------------

Engine-Match Wednesday, December 10, 2025 9:23:56 PM
 Blitz 2/1 

Pairing 5/6 :    V7P3R_v17.8  -  V7P3R_v17.1

PGN-File: C:\Program Files (x86)\Arena\Tournaments\V7P3R Regression Battle 20251210_4.pgn

No:  B/W 1/2     W:B       1:2           Time        Value Moves Dep 1:2       1-2-Draws
   2 W 2    1.0:0.0        0.0:2.0       9:24:20 PM    +0.62    10 3.250 :3.167  0-2-0

--------------------------------------------------------------

Engine-Match Wednesday, December 10, 2025 9:24:21 PM
 Blitz 2/1 

Pairing 6/6 :    V7P3R_v17.2  -  V7P3R_v17.7

PGN-File: C:\Program Files (x86)\Arena\Tournaments\V7P3R Regression Battle 20251210_4.pgn

No:  B/W 1/2     W:B       1:2           Time        Value Moves Dep 1:2       1-2-Draws
   2 = =    1.0:1.0        1.0:1.0       9:25:47 PM    -5.85    24 3.056 :2.947  0-0-2
