Engine-Match Friday, December 19, 2025 3:35:56 PM
 Blitz 5/3 

Pairing 1/1 :    V7P3R_v18.0  -  V7P3R_v17.1

PGN-File: C:\Program Files (x86)\Arena\Tournaments\V7P3R v18 vs v17.1 Battle 20251219_2.pgn

No:  B/W 1/2     W:B       1:2           Time        Value Moves Dep 1:2       1-2-Draws
   1 W 1    1.0:0.0        1.0:0.0       3:40:59 PM  +289.99    51 4.000 :3.850  1-0-0
   2 = =    1.5:0.5        1.5:0.5       3:46:55 PM    -4.42    64 3.900 :3.821  1-0-1
   3 W 1    2.5:0.5        2.5:0.5       3:50:14 PM   +14.22    33 4.045 :4.061  2-0-1
   4 W 2    3.5:0.5        2.5:1.5       3:53:45 PM   +14.22    33 4.181 :4.140  2-1-1
   5 = =    4.0:1.0        3.0:2.0       3:59:35 PM    -1.66    63 4.223 :4.198  2-1-2
   6 B 1    5.0:1.0        4.0:2.0       4:05:45 PM   -16.54    70 4.228 :4.214  3-1-2
   7 = =    5.5:1.5        4.5:2.5       4:10:01 PM    +1.64    55 4.174 :4.182  3-1-3
   8 W 2    6.5:1.5        4.5:3.5       4:13:24 PM   +10.26    33 4.145 :4.164  3-2-3
   9 = =    7.0:2.0        5.0:4.0       4:18:23 PM    +8.28    60 4.194 :4.211  3-2-4
  10 = =    7.5:2.5        5.5:4.5       4:23:39 PM    -1.48    55 4.156 :4.203  3-2-5
  11 W 1    8.5:2.5        6.5:4.5       4:28:08 PM   +10.28    48 4.215 :4.286  4-2-5
  12 = =    9.0:3.0        7.0:5.0       4:32:08 PM    -1.82    49 4.259 :4.321  4-2-6
  13 = =    9.5:3.5        7.5:5.5       4:35:56 PM    -0.78    44 4.293 :4.336  4-2-7
  14 = =    10.0:4.0       8.0:6.0       4:37:58 PM    -0.76    28 4.311 :4.365  4-2-8
  15 = =    10.5:4.5       8.5:6.5       4:44:52 PM    +5.94    69 4.293 :4.323  4-2-9
  16 B 1    11.5:4.5       9.5:6.5       4:49:48 PM    -9.72    48 4.311 :4.353  5-2-9
  17 = =    12.0:5.0       10.0:7.0      4:52:40 PM    +4.92    38 4.315 :4.363  5-2-10
  18 = =    12.5:5.5       10.5:7.5      4:55:28 PM    +4.92    38 4.323 :4.365  5-2-11
  19 = =    13.0:6.0       11.0:8.0      4:59:31 PM    -0.60    50 4.302 :4.343  5-2-12
  20 W 2    14.0:6.0       11.0:9.0      5:04:07 PM   +11.18    56 4.283 :4.322  5-3-12

--------------------------------------------------------------

Engine-Match Friday, December 19, 2025 5:04:13 PM
 Blitz 5/3 

Pairing 1/1 :    V7P3R_v18.0  -  V7P3R_v17.1

PGN-File: C:\Program Files (x86)\Arena\Tournaments\V7P3R v18 vs v17.1 Battle 20251219_2.pgn

No:  B/W 1/2     W:B       1:2           Time        Value Moves Dep 1:2       1-2-Draws
  21 B 2    7.0:6.0        11.0:10.0     5:04:42 PM  -289.98    13 0:4.286  5-4-12
  22 W 2    8.0:6.0        11.0:11.0     5:06:24 PM  +289.98    22 0:4.261  5-5-12
  23 B 2    9.0:6.0        11.0:12.0     5:06:55 PM  -289.98    14 0:4.290  5-6-12
  24 W 2    10.0:6.0       11.0:13.0     5:07:18 PM  +289.98    12 0:4.297  5-7-12
  25 B 2    11.0:6.0       11.0:14.0     5:07:44 PM  -289.99    11 0:4.357  5-8-12
