Engine-Match Monday, December 22, 2025 6:31:36 PM
 Blitz 15/10 

Pairing 1/1 :    V7P3R_v18.0  -  V7P3R_v17.1

PGN-File: C:\Program Files (x86)\Arena\Tournaments\V7P3R v18.0 vs 17.1 Battle 20251222_2.pgn

No:  B/W 1/2     W:B       1:2           Time        Value Moves Dep 1:2       1-2-Draws
   1 * *     0.0:0.0        0.0:0.0       6:31:43 PM     0.00    38 0:0 0-0-0

--------------------------------------------------------------

Engine-Match Monday, December 22, 2025 6:31:51 PM
 Blitz 15/10 

Pairing 1/1 :    V7P3R_v18.0  -  V7P3R_v17.1

PGN-File: C:\Program Files (x86)\Arena\Tournaments\V7P3R v18.0 vs 17.1 Battle 20251222_2.pgn

No:  B/W 1/2     W:B       1:2           Time        Value Moves Dep 1:2       1-2-Draws
   1 W 1    1.0:0.0        1.0:0.0       6:32:15 PM    +0.54     7 5.000 :0 1-0-0
   2 B 1    2.0:0.0        2.0:0.0       6:47:58 PM   -12.90    46 5.105 :5.000  2-0-0
   3 W 1    3.0:0.0        3.0:0.0       7:06:44 PM   +12.98    38 5.041 :5.043  3-0-0
   4 = =    3.5:0.5        3.5:0.5       7:35:09 PM    -0.70    57 5.084 :5.037  3-0-1
   5 = =    4.0:1.0        4.0:1.0       7:54:20 PM    -5.00    61 5.009 :4.963  3-0-2
   6 = =    4.5:1.5        4.5:1.5       8:12:26 PM    +2.40    44 4.977 :4.939  3-0-3
   7 W 1    5.5:1.5        5.5:1.5       8:30:09 PM  +289.99    32 5.019 :4.936  4-0-3
   8 W 2    6.5:1.5        5.5:2.5       8:55:58 PM  +289.99    53 4.962 :4.951  4-1-3
   9 = =    7.0:2.0        6.0:3.0       9:16:50 PM    -5.00    57 4.941 :4.936  4-1-4
  10 = =    7.5:2.5        6.5:3.5       9:40:52 PM    +5.00    59 4.970 :4.952  4-1-5
  11 B 2    8.5:2.5        6.5:4.5       9:55:39 PM   -18.04    28 4.984 :4.960  4-2-5
  12 B 1    9.5:2.5        7.5:4.5       10:11:54 PM   -14.18    47 4.981 :4.966  5-2-5
  13 W 1    10.5:2.5       8.5:4.5       10:32:59 PM   +14.98    61 5.003 :4.997  6-2-5
  14 W 2    11.5:2.5       8.5:5.5       10:54:12 PM   +10.28    57 5.016 :5.013  6-3-5
  15 = =    12.0:3.0       9.0:6.0       11:16:59 PM    +6.52    50 5.036 :5.024  6-3-6
  16 = =    12.5:3.5       9.5:6.5       11:34:51 PM    +4.64    33 5.047 :5.053  6-3-7
  17 = =    13.0:4.0       10.0:7.0      11:56:19 PM    -4.66    52 5.061 :5.071  6-3-8
  18 = =    13.5:4.5       10.5:7.5      12:15:04 AM    -5.48    74 5.073 :5.082  6-3-9
  19 = =    14.0:5.0       11.0:8.0      12:41:06 AM    +0.66    43 5.064 :5.090  6-3-10
  20 = =    14.5:5.5       11.5:8.5      1:06:01 AM    -1.88    41 5.091 :5.097  6-3-11
