Engine-Match Saturday, December 20, 2025 9:23:05 AM
 Blitz 5/3 

Pairing 1/1 :    V7P3R_v18.0  -  V7P3R_v17.1

PGN-File: C:\Program Files (x86)\Arena\Tournaments\V7P3R v18 vs v17.1 Battle 20251220.pgn

No:  B/W 1/2     W:B       1:2           Time        Value Moves Dep 1:2       1-2-Draws
   1 = =    0.5:0.5        0.5:0.5       9:26:43 AM    +0.10    43 3.625 :3.867  0-0-1
   2 = =    1.0:1.0        1.0:1.0       9:30:35 AM    -0.06    42 3.710 :3.742  0-0-2
   3 W 1    2.0:1.0        2.0:1.0       9:35:49 AM   +11.56    54 3.816 :3.833  1-0-2
   4 B 1    3.0:1.0        3.0:1.0       9:39:52 AM  -289.99    48 3.848 :3.879  2-0-2
   5 = =    3.5:1.5        3.5:1.5       9:44:49 AM    -5.00    56 3.909 :3.943  2-0-3
   6 B 1    4.5:1.5        4.5:1.5       9:48:07 AM   -11.98    27 3.972 :4.028  3-0-3
   7 W 1    5.5:1.5        5.5:1.5       9:54:02 AM   +17.10    68 3.992 :4.065  4-0-3
   8 = =    6.0:2.0        6.0:2.0       9:58:47 AM    -1.10    52 4.029 :4.072  4-0-4
   9 = =    6.5:2.5        6.5:2.5       10:03:49 AM    -0.30    43 4.030 :4.067  4-0-5
  10 B 1    7.5:2.5        7.5:2.5       10:09:09 AM  -289.98    40 4.040 :4.066  5-0-5
  11 = =    8.0:3.0        8.0:3.0       10:14:33 AM    -1.18    61 4.069 :4.097  5-0-6
  12 = =    8.5:3.5        8.5:3.5       10:20:04 AM    +5.00    56 4.078 :4.104  5-0-7
  13 W 1    9.5:3.5        9.5:3.5       10:23:40 AM   +10.06    49 4.095 :4.132  6-0-7
  14 W 2    10.5:3.5       9.5:4.5       10:26:34 AM  +289.99    46 4.118 :4.145  6-1-7
  15 W 1    11.5:3.5       10.5:4.5      10:31:00 AM   +10.28    48 4.173 :4.223  7-1-7
  16 = =    12.0:4.0       11.0:5.0      10:34:32 AM    +0.50    54 4.217 :4.257  7-1-8
  17 = =    12.5:4.5       11.5:5.5      10:39:09 AM    -3.22    55 4.246 :4.303  7-1-9
  18 B 1    13.5:4.5       12.5:5.5      10:45:00 AM  -289.99    70 4.278 :4.337  8-1-9
  19 W 1    14.5:4.5       13.5:5.5      10:49:56 AM  +289.95    50 4.264 :4.321  9-1-9
  20 W 2    15.5:4.5       13.5:6.5      10:54:31 AM  +289.96    53 4.263 :4.315  9-2-9

--------------------------------------------------------------

Engine-Match Saturday, December 20, 2025 10:54:38 AM
 Blitz 5/3 

Pairing 1/1 :    V7P3R_v18.0  -  V7P3R_v17.1

PGN-File: C:\Program Files (x86)\Arena\Tournaments\V7P3R v18 vs v17.1 Battle 20251220.pgn

No:  B/W 1/2     W:B       1:2           Time        Value Moves Dep 1:2       1-2-Draws
  21 B 2    5.5:4.5        13.5:7.5      10:58:41 AM  -289.98    41 3.900 :4.105  9-3-9
  22 = =    6.0:5.0        14.0:8.0      11:02:55 AM    -0.06    44 3.857 :3.886  9-3-10
  23 B 2    7.0:5.0        14.0:9.0      11:07:03 AM  -289.99    42 3.898 :4.017  9-4-10
  24 B 1    8.0:5.0        15.0:9.0      11:13:35 AM   -17.94    66 3.907 :4.000  10-4-10
  25 W 1    9.0:5.0        16.0:9.0      11:18:20 AM   +10.52    51 3.933 :4.034  11-4-10
  26 = =    9.5:5.5        16.5:9.5      11:22:43 AM    +0.76    49 3.971 :4.038  11-4-11
  27 B 2    10.5:5.5       16.5:10.5     11:29:22 AM  -289.99    67 4.008 :4.053  11-5-11
  28 W 2    11.5:5.5       16.5:11.5     11:36:17 AM   +16.80    63 4.085 :4.134  11-6-11
  29 = =    12.0:6.0       17.0:12.0     11:41:25 AM    -5.00    55 4.144 :4.187  11-6-12
  30 = =    12.5:6.5       17.5:12.5     11:46:47 AM    +5.00    55 4.111 :4.181  11-6-13
