Engine-Match Wednesday, December 10, 2025 9:43:29 AM
 Blitz 5/2 

Pairing 1/55 :    V7P3R_v12.6  -  V7P3R_v17.6

PGN-File: C:\Program Files (x86)\Arena\Tournaments\V7P3R Regression Battle 20251210.pgn

No:  B/W 1/2     W:B       1:2           Time        Value Moves Dep 1:2       1-2-Draws
   1 W 1    1.0:0.0        1.0:0.0       9:51:27 AM   +21.04    45 4.167 :3.826  1-0-0

--------------------------------------------------------------

Engine-Match Wednesday, December 10, 2025 9:51:28 AM
 Blitz 5/2 

Pairing 2/55 :    V7P3R_v17.5  -  V7P3R_v14.1

PGN-File: C:\Program Files (x86)\Arena\Tournaments\V7P3R Regression Battle 20251210.pgn

No:  B/W 1/2     W:B       1:2           Time        Value Moves Dep 1:2       1-2-Draws
   1 W 1    1.0:0.0        1.0:0.0       9:54:36 AM  +289.98    25 4.250 :4.538  1-0-0

--------------------------------------------------------------

Engine-Match Wednesday, December 10, 2025 9:54:38 AM
 Blitz 5/2 

Pairing 3/55 :    V7P3R_v16.1  -  V7P3R_v17.4

PGN-File: C:\Program Files (x86)\Arena\Tournaments\V7P3R Regression Battle 20251210.pgn

No:  B/W 1/2     W:B       1:2           Time        Value Moves Dep 1:2       1-2-Draws
   1 B 2    1.0:0.0        0.0:1.0       9:56:34 AM   -13.66    24 2.474 :4.111  0-1-0

--------------------------------------------------------------

Engine-Match Wednesday, December 10, 2025 9:56:36 AM
 Blitz 5/2 

Pairing 4/55 :    V7P3R_v17.3  -  V7P3R_v17.0

PGN-File: C:\Program Files (x86)\Arena\Tournaments\V7P3R Regression Battle 20251210.pgn

No:  B/W 1/2     W:B       1:2           Time        Value Moves Dep 1:2       1-2-Draws
   1 = =    0.5:0.5        0.5:0.5       10:00:45 AM     0.00    40 4.353 :4.875  0-0-1

--------------------------------------------------------------

Engine-Match Wednesday, December 10, 2025 10:00:46 AM
 Blitz 5/2 

Pairing 5/55 :    V7P3R_v17.1  -  V7P3R_v17.2

PGN-File: C:\Program Files (x86)\Arena\Tournaments\V7P3R Regression Battle 20251210.pgn

No:  B/W 1/2     W:B       1:2           Time        Value Moves Dep 1:2       1-2-Draws
   1 B 2    1.0:0.0        0.0:1.0       10:04:37 AM  -289.96    46 4.000 :3.944  0-1-0

--------------------------------------------------------------

Engine-Match Wednesday, December 10, 2025 10:04:39 AM
 Blitz 5/2 

Pairing 6/55 :    V7P3R_v17.7  -  V7P3R_v17.5

PGN-File: C:\Program Files (x86)\Arena\Tournaments\V7P3R Regression Battle 20251210.pgn

No:  B/W 1/2     W:B       1:2           Time        Value Moves Dep 1:2       1-2-Draws
   1 W 1    1.0:0.0        1.0:0.0       10:11:44 AM  +199.99    55 3.585 :3.610  1-0-0

--------------------------------------------------------------

Engine-Match Wednesday, December 10, 2025 10:11:45 AM
 Blitz 5/2 

Pairing 7/55 :    V7P3R_v17.4  -  V7P3R_v12.6

PGN-File: C:\Program Files (x86)\Arena\Tournaments\V7P3R Regression Battle 20251210.pgn

No:  B/W 1/2     W:B       1:2           Time        Value Moves Dep 1:2       1-2-Draws
   1 = =    0.5:0.5        0.5:0.5       10:18:39 AM     0.00    42 4.038 :4.000  0-0-1

--------------------------------------------------------------

Engine-Match Wednesday, December 10, 2025 10:18:41 AM
 Blitz 5/2 

Pairing 8/55 :    V7P3R_v14.1  -  V7P3R_v17.3

PGN-File: C:\Program Files (x86)\Arena\Tournaments\V7P3R Regression Battle 20251210.pgn

No:  B/W 1/2     W:B       1:2           Time        Value Moves Dep 1:2       1-2-Draws
   1 B 2    1.0:0.0        0.0:1.0       10:23:12 AM  -289.99    30 4.143 :4.267  0-1-0

--------------------------------------------------------------

Engine-Match Wednesday, December 10, 2025 10:23:14 AM
 Blitz 5/2 

Pairing 9/55 :    V7P3R_v17.2  -  V7P3R_v16.1

PGN-File: C:\Program Files (x86)\Arena\Tournaments\V7P3R Regression Battle 20251210.pgn

No:  B/W 1/2     W:B       1:2           Time        Value Moves Dep 1:2       1-2-Draws
   1 = =    0.5:0.5        0.5:0.5       10:25:30 AM    +2.92    25 3.650 :2.000  0-0-1

--------------------------------------------------------------

Engine-Match Wednesday, December 10, 2025 10:25:32 AM
 Blitz 5/2 

Pairing 10/55 :    V7P3R_v17.0  -  V7P3R_v17.1

PGN-File: C:\Program Files (x86)\Arena\Tournaments\V7P3R Regression Battle 20251210.pgn

No:  B/W 1/2     W:B       1:2           Time        Value Moves Dep 1:2       1-2-Draws
   1 W 1    1.0:0.0        1.0:0.0       10:31:42 AM    +9.18    71 4.625 :4.067  1-0-0

--------------------------------------------------------------

Engine-Match Wednesday, December 10, 2025 10:31:44 AM
 Blitz 5/2 

Pairing 11/55 :    V7P3R_v17.6  -  V7P3R_v17.4

PGN-File: C:\Program Files (x86)\Arena\Tournaments\V7P3R Regression Battle 20251210.pgn

No:  B/W 1/2     W:B       1:2           Time        Value Moves Dep 1:2       1-2-Draws
   1 B 2    1.0:0.0        0.0:1.0       10:35:13 AM   -11.74    32 3.519 :4.038  0-1-0

--------------------------------------------------------------

Engine-Match Wednesday, December 10, 2025 10:35:14 AM
 Blitz 5/2 

Pairing 12/55 :    V7P3R_v17.3  -  V7P3R_v17.7

PGN-File: C:\Program Files (x86)\Arena\Tournaments\V7P3R Regression Battle 20251210.pgn

No:  B/W 1/2     W:B       1:2           Time        Value Moves Dep 1:2       1-2-Draws
   1 W 1    1.0:0.0        1.0:0.0       10:40:23 AM   +14.80    50 3.667 :3.429  1-0-0

--------------------------------------------------------------

Engine-Match Wednesday, December 10, 2025 10:40:25 AM
 Blitz 5/2 

Pairing 13/55 :    V7P3R_v12.6  -  V7P3R_v17.2

PGN-File: C:\Program Files (x86)\Arena\Tournaments\V7P3R Regression Battle 20251210.pgn

No:  B/W 1/2     W:B       1:2           Time        Value Moves Dep 1:2       1-2-Draws
   1 B 2    1.0:0.0        0.0:1.0       10:47:06 AM  -289.99    41 4.067 :3.947  0-1-0

--------------------------------------------------------------

Engine-Match Wednesday, December 10, 2025 10:47:08 AM
 Blitz 5/2 

Pairing 14/55 :    V7P3R_v17.1  -  V7P3R_v14.1

PGN-File: C:\Program Files (x86)\Arena\Tournaments\V7P3R Regression Battle 20251210.pgn

No:  B/W 1/2     W:B       1:2           Time        Value Moves Dep 1:2       1-2-Draws
   1 = =    0.5:0.5        0.5:0.5       10:51:14 AM    -3.06    28 4.154 :4.150  0-0-1

--------------------------------------------------------------

Engine-Match Wednesday, December 10, 2025 10:51:15 AM
 Blitz 5/2 

Pairing 15/55 :    V7P3R_v16.1  -  V7P3R_v17.0

PGN-File: C:\Program Files (x86)\Arena\Tournaments\V7P3R Regression Battle 20251210.pgn

No:  B/W 1/2     W:B       1:2           Time        Value Moves Dep 1:2       1-2-Draws
   1 B 2    1.0:0.0        0.0:1.0       10:53:17 AM   -10.16    23 2.095 :5.154  0-1-0

--------------------------------------------------------------

Engine-Match Wednesday, December 10, 2025 10:53:19 AM
 Blitz 5/2 

Pairing 16/55 :    V7P3R_v17.5  -  V7P3R_v17.3

PGN-File: C:\Program Files (x86)\Arena\Tournaments\V7P3R Regression Battle 20251210.pgn

No:  B/W 1/2     W:B       1:2           Time        Value Moves Dep 1:2       1-2-Draws
   1 B 2    1.0:0.0        0.0:1.0       10:57:26 AM  -289.98    31 3.905 :3.905  0-1-0

--------------------------------------------------------------

Engine-Match Wednesday, December 10, 2025 10:57:28 AM
 Blitz 5/2 

Pairing 17/55 :    V7P3R_v17.2  -  V7P3R_v17.6

PGN-File: C:\Program Files (x86)\Arena\Tournaments\V7P3R Regression Battle 20251210.pgn

No:  B/W 1/2     W:B       1:2           Time        Value Moves Dep 1:2       1-2-Draws
   1 W 1    1.0:0.0        1.0:0.0       11:03:04 AM   +12.83    58 3.409 :3.286  1-0-0

--------------------------------------------------------------

Engine-Match Wednesday, December 10, 2025 11:03:06 AM
 Blitz 5/2 

Pairing 18/55 :    V7P3R_v17.7  -  V7P3R_v17.1

PGN-File: C:\Program Files (x86)\Arena\Tournaments\V7P3R Regression Battle 20251210.pgn

No:  B/W 1/2     W:B       1:2           Time        Value Moves Dep 1:2       1-2-Draws
   1 B 2    1.0:0.0        0.0:1.0       11:09:33 AM   -15.40    70 3.150 :4.050  0-1-0

--------------------------------------------------------------

Engine-Match Wednesday, December 10, 2025 11:09:34 AM
 Blitz 5/2 

Pairing 19/55 :    V7P3R_v17.0  -  V7P3R_v12.6

PGN-File: C:\Program Files (x86)\Arena\Tournaments\V7P3R Regression Battle 20251210.pgn

No:  B/W 1/2     W:B       1:2           Time        Value Moves Dep 1:2       1-2-Draws
   1 W 1    1.0:0.0        1.0:0.0       11:16:36 AM     0.00    42 4.471 :3.947  1-0-0

--------------------------------------------------------------

Engine-Match Wednesday, December 10, 2025 11:16:37 AM
 Blitz 5/2 

Pairing 20/55 :    V7P3R_v14.1  -  V7P3R_v16.1

PGN-File: C:\Program Files (x86)\Arena\Tournaments\V7P3R Regression Battle 20251210.pgn

No:  B/W 1/2     W:B       1:2           Time        Value Moves Dep 1:2       1-2-Draws
   1 W 1    1.0:0.0        1.0:0.0       11:19:17 AM    +9.31    37 4.438 :2.000  1-0-0

--------------------------------------------------------------

Engine-Match Wednesday, December 10, 2025 11:19:28 AM
 Blitz 5/2 

Pairing 21/55 :    V7P3R_v17.4  -  V7P3R_v17.2

PGN-File: C:\Program Files (x86)\Arena\Tournaments\V7P3R Regression Battle 20251210.pgn

No:  B/W 1/2     W:B       1:2           Time        Value Moves Dep 1:2       1-2-Draws
   1 = =    0.5:0.5        0.5:0.5       11:26:50 AM    +2.18    83 3.871 :3.613  0-0-1

--------------------------------------------------------------

Engine-Match Wednesday, December 10, 2025 11:26:51 AM
 Blitz 5/2 

Pairing 22/55 :    V7P3R_v17.1  -  V7P3R_v17.5

PGN-File: C:\Program Files (x86)\Arena\Tournaments\V7P3R Regression Battle 20251210.pgn

No:  B/W 1/2     W:B       1:2           Time        Value Moves Dep 1:2       1-2-Draws
   1 = =    0.5:0.5        0.5:0.5       11:32:30 AM    -3.24    58 4.000 :3.960  0-0-1

--------------------------------------------------------------

Engine-Match Wednesday, December 10, 2025 11:32:32 AM
 Blitz 5/2 

Pairing 23/55 :    V7P3R_v17.6  -  V7P3R_v17.0

PGN-File: C:\Program Files (x86)\Arena\Tournaments\V7P3R Regression Battle 20251210.pgn

No:  B/W 1/2     W:B       1:2           Time        Value Moves Dep 1:2       1-2-Draws
   1 B 2    1.0:0.0        0.0:1.0       11:39:05 AM     0.00    53 3.714 :5.000  0-1-0

--------------------------------------------------------------

Engine-Match Wednesday, December 10, 2025 11:39:06 AM
 Blitz 5/2 

Pairing 24/55 :    V7P3R_v16.1  -  V7P3R_v17.7

PGN-File: C:\Program Files (x86)\Arena\Tournaments\V7P3R Regression Battle 20251210.pgn

No:  B/W 1/2     W:B       1:2           Time        Value Moves Dep 1:2       1-2-Draws
   1 B 2    1.0:0.0        0.0:1.0       11:40:23 AM  -289.96    25 2.350 :3.250  0-1-0

--------------------------------------------------------------

Engine-Match Wednesday, December 10, 2025 11:40:24 AM
 Blitz 5/2 

Pairing 25/55 :    V7P3R_v12.6  -  V7P3R_v14.1

PGN-File: C:\Program Files (x86)\Arena\Tournaments\V7P3R Regression Battle 20251210.pgn

No:  B/W 1/2     W:B       1:2           Time        Value Moves Dep 1:2       1-2-Draws
   1 B 2    1.0:0.0        0.0:1.0       11:49:31 AM   -16.57    42 3.667 :3.760  0-1-0

--------------------------------------------------------------

Engine-Match Wednesday, December 10, 2025 11:49:33 AM
 Blitz 5/2 

Pairing 26/55 :    V7P3R_v17.3  -  V7P3R_v17.1

PGN-File: C:\Program Files (x86)\Arena\Tournaments\V7P3R Regression Battle 20251210.pgn

No:  B/W 1/2     W:B       1:2           Time        Value Moves Dep 1:2       1-2-Draws
   1 = =    0.5:0.5        0.5:0.5       11:53:20 AM    +0.68    33 3.500 :3.607  0-0-1

--------------------------------------------------------------

Engine-Match Wednesday, December 10, 2025 11:53:22 AM
 Blitz 5/2 

Pairing 27/55 :    V7P3R_v17.0  -  V7P3R_v17.4

PGN-File: C:\Program Files (x86)\Arena\Tournaments\V7P3R Regression Battle 20251210.pgn

No:  B/W 1/2     W:B       1:2           Time        Value Moves Dep 1:2       1-2-Draws
   1 = =    0.5:0.5        0.5:0.5       11:57:46 AM    -0.50    39 4.462 :4.000  0-0-1

--------------------------------------------------------------

Engine-Match Wednesday, December 10, 2025 11:57:47 AM
 Blitz 5/2 

Pairing 28/55 :    V7P3R_v17.5  -  V7P3R_v16.1

PGN-File: C:\Program Files (x86)\Arena\Tournaments\V7P3R Regression Battle 20251210.pgn

No:  B/W 1/2     W:B       1:2           Time        Value Moves Dep 1:2       1-2-Draws
   1 W 1    1.0:0.0        1.0:0.0       11:58:58 AM  +289.96    21 2.733 :2.067  1-0-0

--------------------------------------------------------------

Engine-Match Wednesday, December 10, 2025 11:58:59 AM
 Blitz 5/2 

Pairing 29/55 :    V7P3R_v14.1  -  V7P3R_v17.6

PGN-File: C:\Program Files (x86)\Arena\Tournaments\V7P3R Regression Battle 20251210.pgn

No:  B/W 1/2     W:B       1:2           Time        Value Moves Dep 1:2       1-2-Draws
   1 = =    0.5:0.5        0.5:0.5       12:10:06 PM     0.00   103 3.842 :3.588  0-0-1

--------------------------------------------------------------

Engine-Match Wednesday, December 10, 2025 12:10:07 PM
 Blitz 5/2 

Pairing 30/55 :    V7P3R_v17.7  -  V7P3R_v12.6

PGN-File: C:\Program Files (x86)\Arena\Tournaments\V7P3R Regression Battle 20251210.pgn

No:  B/W 1/2     W:B       1:2           Time        Value Moves Dep 1:2       1-2-Draws
   1 B 2    1.0:0.0        0.0:1.0       12:18:48 PM     0.00    49 3.130 :4.313  0-1-0

--------------------------------------------------------------

Engine-Match Wednesday, December 10, 2025 12:18:50 PM
 Blitz 5/2 

Pairing 31/55 :    V7P3R_v17.2  -  V7P3R_v17.0

PGN-File: C:\Program Files (x86)\Arena\Tournaments\V7P3R Regression Battle 20251210.pgn

No:  B/W 1/2     W:B       1:2           Time        Value Moves Dep 1:2       1-2-Draws
   1 W 1    1.0:0.0        1.0:0.0       12:24:59 PM  +289.99    66 3.765 :4.500  1-0-0

--------------------------------------------------------------

Engine-Match Wednesday, December 10, 2025 12:25:00 PM
 Blitz 5/2 

Pairing 32/55 :    V7P3R_v16.1  -  V7P3R_v17.3

PGN-File: C:\Program Files (x86)\Arena\Tournaments\V7P3R Regression Battle 20251210.pgn

No:  B/W 1/2     W:B       1:2           Time        Value Moves Dep 1:2       1-2-Draws
   1 B 2    1.0:0.0        0.0:1.0       12:27:02 PM    -9.64    24 2.368 :3.722  0-1-0

--------------------------------------------------------------

Engine-Match Wednesday, December 10, 2025 12:27:03 PM
 Blitz 5/2 

Pairing 33/55 :    V7P3R_v17.4  -  V7P3R_v14.1

PGN-File: C:\Program Files (x86)\Arena\Tournaments\V7P3R Regression Battle 20251210.pgn

No:  B/W 1/2     W:B       1:2           Time        Value Moves Dep 1:2       1-2-Draws
   1 = =    0.5:0.5        0.5:0.5       12:33:29 PM    -2.44    63 4.417 :4.526  0-0-1

--------------------------------------------------------------

Engine-Match Wednesday, December 10, 2025 12:33:31 PM
 Blitz 5/2 

Pairing 34/55 :    V7P3R_v12.6  -  V7P3R_v17.5

PGN-File: C:\Program Files (x86)\Arena\Tournaments\V7P3R Regression Battle 20251210.pgn

No:  B/W 1/2     W:B       1:2           Time        Value Moves Dep 1:2       1-2-Draws
   1 = =    0.5:0.5        0.5:0.5       12:42:29 PM    -2.30    60 3.957 :3.862  0-0-1

--------------------------------------------------------------

Engine-Match Wednesday, December 10, 2025 12:42:31 PM
 Blitz 5/2 

Pairing 35/55 :    V7P3R_v17.6  -  V7P3R_v17.7

PGN-File: C:\Program Files (x86)\Arena\Tournaments\V7P3R Regression Battle 20251210.pgn

No:  B/W 1/2     W:B       1:2           Time        Value Moves Dep 1:2       1-2-Draws
   1 = =    0.5:0.5        0.5:0.5       12:45:18 PM    -1.43    28 2.826 :2.957  0-0-1

--------------------------------------------------------------

Engine-Match Wednesday, December 10, 2025 12:45:19 PM
 Blitz 5/2 

Pairing 36/55 :    V7P3R_v17.1  -  V7P3R_v16.1

PGN-File: C:\Program Files (x86)\Arena\Tournaments\V7P3R Regression Battle 20251210.pgn

No:  B/W 1/2     W:B       1:2           Time        Value Moves Dep 1:2       1-2-Draws
   1 W 1    1.0:0.0        1.0:0.0       12:49:47 PM  +289.98    61 4.036 :2.073  1-0-0

--------------------------------------------------------------

Engine-Match Wednesday, December 10, 2025 12:49:49 PM
 Blitz 5/2 

Pairing 37/55 :    V7P3R_v14.1  -  V7P3R_v17.2

PGN-File: C:\Program Files (x86)\Arena\Tournaments\V7P3R Regression Battle 20251210.pgn

No:  B/W 1/2     W:B       1:2           Time        Value Moves Dep 1:2       1-2-Draws
   1 B 2    1.0:0.0        0.0:1.0       12:53:41 PM  -289.98    28 4.368 :4.320  0-1-0

--------------------------------------------------------------

Engine-Match Wednesday, December 10, 2025 12:53:42 PM
 Blitz 5/2 

Pairing 38/55 :    V7P3R_v17.3  -  V7P3R_v12.6

PGN-File: C:\Program Files (x86)\Arena\Tournaments\V7P3R Regression Battle 20251210.pgn

No:  B/W 1/2     W:B       1:2           Time        Value Moves Dep 1:2       1-2-Draws
   1 W 1    1.0:0.0        1.0:0.0       12:59:46 PM  +289.99    34 4.429 :4.421  1-0-0

--------------------------------------------------------------

Engine-Match Wednesday, December 10, 2025 12:59:47 PM
 Blitz 5/2 

Pairing 39/55 :    V7P3R_v17.7  -  V7P3R_v17.4

PGN-File: C:\Program Files (x86)\Arena\Tournaments\V7P3R Regression Battle 20251210.pgn

No:  B/W 1/2     W:B       1:2           Time        Value Moves Dep 1:2       1-2-Draws
   1 B 2    1.0:0.0        0.0:1.0       1:07:15 PM   -13.41    66 3.342 :4.000  0-1-0

--------------------------------------------------------------

Engine-Match Wednesday, December 10, 2025 1:07:16 PM
 Blitz 5/2 

Pairing 40/55 :    V7P3R_v17.5  -  V7P3R_v17.6

PGN-File: C:\Program Files (x86)\Arena\Tournaments\V7P3R Regression Battle 20251210.pgn

No:  B/W 1/2     W:B       1:2           Time        Value Moves Dep 1:2       1-2-Draws
   1 B 2    1.0:0.0        0.0:1.0       1:12:38 PM  -289.98    54 3.860 :3.465  0-1-0

--------------------------------------------------------------

Engine-Match Wednesday, December 10, 2025 1:12:45 PM
 Blitz 5/2 

Pairing 41/55 :    V7P3R_v17.0  -  V7P3R_v14.1

PGN-File: C:\Program Files (x86)\Arena\Tournaments\V7P3R Regression Battle 20251210.pgn

No:  B/W 1/2     W:B       1:2           Time        Value Moves Dep 1:2       1-2-Draws
   1 W 1    1.0:0.0        1.0:0.0       1:21:16 PM   +27.95    60 4.667 :4.000  1-0-0

--------------------------------------------------------------

Engine-Match Wednesday, December 10, 2025 1:21:17 PM
 Blitz 5/2 

Pairing 42/55 :    V7P3R_v12.6  -  V7P3R_v17.1

PGN-File: C:\Program Files (x86)\Arena\Tournaments\V7P3R Regression Battle 20251210.pgn

No:  B/W 1/2     W:B       1:2           Time        Value Moves Dep 1:2       1-2-Draws
   1 B 2    1.0:0.0        0.0:1.0       1:29:43 PM  -289.97    52 4.067 :3.947  0-1-0

--------------------------------------------------------------

Engine-Match Wednesday, December 10, 2025 1:29:45 PM
 Blitz 5/2 

Pairing 43/55 :    V7P3R_v17.2  -  V7P3R_v17.7

PGN-File: C:\Program Files (x86)\Arena\Tournaments\V7P3R Regression Battle 20251210.pgn

No:  B/W 1/2     W:B       1:2           Time        Value Moves Dep 1:2       1-2-Draws
   1 W 1    1.0:0.0        1.0:0.0       1:34:28 PM  +289.98    45 3.556 :3.385  1-0-0

--------------------------------------------------------------

Engine-Match Wednesday, December 10, 2025 1:34:29 PM
 Blitz 5/2 

Pairing 44/55 :    V7P3R_v17.6  -  V7P3R_v17.3

PGN-File: C:\Program Files (x86)\Arena\Tournaments\V7P3R Regression Battle 20251210.pgn

No:  B/W 1/2     W:B       1:2           Time        Value Moves Dep 1:2       1-2-Draws
   1 B 2    1.0:0.0        0.0:1.0       1:40:50 PM   -11.01    60 3.150 :4.000  0-1-0

--------------------------------------------------------------

Engine-Match Wednesday, December 10, 2025 1:40:51 PM
 Blitz 5/2 

Pairing 45/55 :    V7P3R_v17.4  -  V7P3R_v17.5

PGN-File: C:\Program Files (x86)\Arena\Tournaments\V7P3R Regression Battle 20251210.pgn

No:  B/W 1/2     W:B       1:2           Time        Value Moves Dep 1:2       1-2-Draws
   1 W 1    1.0:0.0        1.0:0.0       1:46:28 PM   +16.06    58 3.696 :4.000  1-0-0

--------------------------------------------------------------

Engine-Match Wednesday, December 10, 2025 1:46:29 PM
 Blitz 5/2 

Pairing 46/55 :    V7P3R_v16.1  -  V7P3R_v12.6

PGN-File: C:\Program Files (x86)\Arena\Tournaments\V7P3R Regression Battle 20251210.pgn

No:  B/W 1/2     W:B       1:2           Time        Value Moves Dep 1:2       1-2-Draws
   1 B 2    1.0:0.0        0.0:1.0       1:52:02 PM   -13.94    42 2.147 :3.885  0-1-0

--------------------------------------------------------------

Engine-Match Wednesday, December 10, 2025 1:52:03 PM
 Blitz 5/2 

Pairing 47/55 :    V7P3R_v17.7  -  V7P3R_v17.0

PGN-File: C:\Program Files (x86)\Arena\Tournaments\V7P3R Regression Battle 20251210.pgn

No:  B/W 1/2     W:B       1:2           Time        Value Moves Dep 1:2       1-2-Draws
   1 B 2    1.0:0.0        0.0:1.0       1:58:34 PM   -10.47    48 3.682 :4.647  0-1-0

--------------------------------------------------------------

Engine-Match Wednesday, December 10, 2025 1:58:36 PM
 Blitz 5/2 

Pairing 48/55 :    V7P3R_v17.1  -  V7P3R_v17.6

PGN-File: C:\Program Files (x86)\Arena\Tournaments\V7P3R Regression Battle 20251210.pgn

No:  B/W 1/2     W:B       1:2           Time        Value Moves Dep 1:2       1-2-Draws
   1 W 1    1.0:0.0        1.0:0.0       2:03:08 PM  +289.98    46 3.630 :3.385  1-0-0

--------------------------------------------------------------

Engine-Match Wednesday, December 10, 2025 2:03:10 PM
 Blitz 5/2 

Pairing 49/55 :    V7P3R_v17.5  -  V7P3R_v17.2

PGN-File: C:\Program Files (x86)\Arena\Tournaments\V7P3R Regression Battle 20251210.pgn

No:  B/W 1/2     W:B       1:2           Time        Value Moves Dep 1:2       1-2-Draws
   1 B 2    1.0:0.0        0.0:1.0       2:08:41 PM   -19.16    54 4.000 :3.833  0-1-0

--------------------------------------------------------------

Engine-Match Wednesday, December 10, 2025 2:08:42 PM
 Blitz 5/2 

Pairing 50/55 :    V7P3R_v17.3  -  V7P3R_v17.4

PGN-File: C:\Program Files (x86)\Arena\Tournaments\V7P3R Regression Battle 20251210.pgn

No:  B/W 1/2     W:B       1:2           Time        Value Moves Dep 1:2       1-2-Draws
   1 W 1    1.0:0.0        1.0:0.0       2:14:13 PM   +11.88    56 3.889 :4.028  1-0-0

--------------------------------------------------------------

Engine-Match Wednesday, December 10, 2025 2:14:14 PM
 Blitz 5/2 

Pairing 51/55 :    V7P3R_v14.1  -  V7P3R_v17.7

PGN-File: C:\Program Files (x86)\Arena\Tournaments\V7P3R Regression Battle 20251210.pgn

No:  B/W 1/2     W:B       1:2           Time        Value Moves Dep 1:2       1-2-Draws
   1 B 2    1.0:0.0        0.0:1.0       2:20:48 PM   -30.56    62 3.923 :3.588  0-1-0

--------------------------------------------------------------

Engine-Match Wednesday, December 10, 2025 2:20:50 PM
 Blitz 5/2 

Pairing 52/55 :    V7P3R_v17.6  -  V7P3R_v16.1

PGN-File: C:\Program Files (x86)\Arena\Tournaments\V7P3R Regression Battle 20251210.pgn

No:  B/W 1/2     W:B       1:2           Time        Value Moves Dep 1:2       1-2-Draws
   1 W 1    1.0:0.0        1.0:0.0       2:23:08 PM    +0.21    32 2.857 :2.000  1-0-0

--------------------------------------------------------------

Engine-Match Wednesday, December 10, 2025 2:23:09 PM
 Blitz 5/2 

Pairing 53/55 :    V7P3R_v17.0  -  V7P3R_v17.5

PGN-File: C:\Program Files (x86)\Arena\Tournaments\V7P3R Regression Battle 20251210.pgn

No:  B/W 1/2     W:B       1:2           Time        Value Moves Dep 1:2       1-2-Draws
   1 = =    0.5:0.5        0.5:0.5       2:28:21 PM     0.00    38 4.462 :4.000  0-0-1

--------------------------------------------------------------

Engine-Match Wednesday, December 10, 2025 2:28:23 PM
 Blitz 5/2 

Pairing 54/55 :    V7P3R_v17.4  -  V7P3R_v17.1

PGN-File: C:\Program Files (x86)\Arena\Tournaments\V7P3R Regression Battle 20251210.pgn

No:  B/W 1/2     W:B       1:2           Time        Value Moves Dep 1:2       1-2-Draws
   1 = =    0.5:0.5        0.5:0.5       2:32:25 PM    -3.34    46 4.188 :3.875  0-0-1

--------------------------------------------------------------

Engine-Match Wednesday, December 10, 2025 2:32:26 PM
 Blitz 5/2 

Pairing 55/55 :    V7P3R_v17.2  -  V7P3R_v17.3

PGN-File: C:\Program Files (x86)\Arena\Tournaments\V7P3R Regression Battle 20251210.pgn

No:  B/W 1/2     W:B       1:2           Time        Value Moves Dep 1:2       1-2-Draws
   1 = =    0.5:0.5        0.5:0.5       2:36:29 PM    +0.94    37 3.188 :3.323  0-0-1

--------------------------------------------------------------

Engine-Match Wednesday, December 10, 2025 2:36:31 PM
 Blitz 5/2 

Pairing 1/55 :    V7P3R_v12.6  -  V7P3R_v17.6

PGN-File: C:\Program Files (x86)\Arena\Tournaments\V7P3R Regression Battle 20251210.pgn

No:  B/W 1/2     W:B       1:2           Time        Value Moves Dep 1:2       1-2-Draws
   2 B 1    1.0:0.0        2.0:0.0       2:45:11 PM  -289.97    57 4.176 :3.130  2-0-0

--------------------------------------------------------------

Engine-Match Wednesday, December 10, 2025 2:45:12 PM
 Blitz 5/2 

Pairing 2/55 :    V7P3R_v17.5  -  V7P3R_v14.1

PGN-File: C:\Program Files (x86)\Arena\Tournaments\V7P3R Regression Battle 20251210.pgn

No:  B/W 1/2     W:B       1:2           Time        Value Moves Dep 1:2       1-2-Draws
   2 B 1    1.0:0.0        2.0:0.0       2:51:58 PM  -289.96    44 3.829 :3.742  2-0-0

--------------------------------------------------------------

Engine-Match Wednesday, December 10, 2025 2:52:00 PM
 Blitz 5/2 

Pairing 3/55 :    V7P3R_v16.1  -  V7P3R_v17.4

PGN-File: C:\Program Files (x86)\Arena\Tournaments\V7P3R Regression Battle 20251210.pgn

No:  B/W 1/2     W:B       1:2           Time        Value Moves Dep 1:2       1-2-Draws
   2 W 2    1.0:0.0        0.0:2.0       2:54:10 PM  +289.98    31 2.111 :4.211  0-2-0

--------------------------------------------------------------

Engine-Match Wednesday, December 10, 2025 2:54:11 PM
 Blitz 5/2 

Pairing 4/55 :    V7P3R_v17.3  -  V7P3R_v17.0

PGN-File: C:\Program Files (x86)\Arena\Tournaments\V7P3R Regression Battle 20251210.pgn

No:  B/W 1/2     W:B       1:2           Time        Value Moves Dep 1:2       1-2-Draws
   2 B 1    1.5:0.5        1.5:0.5       2:57:48 PM  -289.98    31 4.065 :4.800  1-0-1

--------------------------------------------------------------

Engine-Match Wednesday, December 10, 2025 2:57:49 PM
 Blitz 5/2 

Pairing 5/55 :    V7P3R_v17.1  -  V7P3R_v17.2

PGN-File: C:\Program Files (x86)\Arena\Tournaments\V7P3R Regression Battle 20251210.pgn

No:  B/W 1/2     W:B       1:2           Time        Value Moves Dep 1:2       1-2-Draws
   2 = =    0.5:0.5        0.5:1.5       3:02:37 PM    +0.48    50 3.750 :3.857  0-1-1

--------------------------------------------------------------

Engine-Match Wednesday, December 10, 2025 3:02:44 PM
 Blitz 5/2 

Pairing 6/55 :    V7P3R_v17.7  -  V7P3R_v17.5

PGN-File: C:\Program Files (x86)\Arena\Tournaments\V7P3R Regression Battle 20251210.pgn

No:  B/W 1/2     W:B       1:2           Time        Value Moves Dep 1:2       1-2-Draws
   2 B 1    1.0:0.0        2.0:0.0       3:06:36 PM  -289.98    42 3.622 :4.135  2-0-0

--------------------------------------------------------------

Engine-Match Wednesday, December 10, 2025 3:06:38 PM
 Blitz 5/2 

Pairing 7/55 :    V7P3R_v17.4  -  V7P3R_v12.6

PGN-File: C:\Program Files (x86)\Arena\Tournaments\V7P3R Regression Battle 20251210.pgn

No:  B/W 1/2     W:B       1:2           Time        Value Moves Dep 1:2       1-2-Draws
   2 B 1    1.5:0.5        1.5:0.5       3:15:40 PM  -289.99    61 4.026 :4.138  1-0-1

--------------------------------------------------------------

Engine-Match Wednesday, December 10, 2025 3:15:41 PM
 Blitz 5/2 

Pairing 8/55 :    V7P3R_v14.1  -  V7P3R_v17.3

PGN-File: C:\Program Files (x86)\Arena\Tournaments\V7P3R Regression Battle 20251210.pgn

No:  B/W 1/2     W:B       1:2           Time        Value Moves Dep 1:2       1-2-Draws
   2 = =    0.5:0.5        0.5:1.5       3:20:00 PM    -3.06    28 4.150 :4.154  0-1-1

--------------------------------------------------------------

Engine-Match Wednesday, December 10, 2025 3:20:01 PM
 Blitz 5/2 

Pairing 9/55 :    V7P3R_v17.2  -  V7P3R_v16.1

PGN-File: C:\Program Files (x86)\Arena\Tournaments\V7P3R Regression Battle 20251210.pgn

No:  B/W 1/2     W:B       1:2           Time        Value Moves Dep 1:2       1-2-Draws
   2 B 1    1.5:0.5        1.5:0.5       3:21:24 PM  -289.97    26 3.524 :2.143  1-0-1

--------------------------------------------------------------

Engine-Match Wednesday, December 10, 2025 3:21:26 PM
 Blitz 5/2 

Pairing 10/55 :    V7P3R_v17.0  -  V7P3R_v17.1

PGN-File: C:\Program Files (x86)\Arena\Tournaments\V7P3R Regression Battle 20251210.pgn

No:  B/W 1/2     W:B       1:2           Time        Value Moves Dep 1:2       1-2-Draws
   2 = =    0.5:0.5        1.5:0.5       3:26:22 PM    +4.54    49 4.500 :3.765  1-0-1

--------------------------------------------------------------

Engine-Match Wednesday, December 10, 2025 3:26:24 PM
 Blitz 5/2 

Pairing 11/55 :    V7P3R_v17.6  -  V7P3R_v17.4

PGN-File: C:\Program Files (x86)\Arena\Tournaments\V7P3R Regression Battle 20251210.pgn

No:  B/W 1/2     W:B       1:2           Time        Value Moves Dep 1:2       1-2-Draws
   2 W 2    1.0:0.0        0.0:2.0       3:33:35 PM  +289.97    72 3.469 :3.848  0-2-0

--------------------------------------------------------------

Engine-Match Wednesday, December 10, 2025 3:33:36 PM
 Blitz 5/2 

Pairing 12/55 :    V7P3R_v17.3  -  V7P3R_v17.7

PGN-File: C:\Program Files (x86)\Arena\Tournaments\V7P3R Regression Battle 20251210.pgn

No:  B/W 1/2     W:B       1:2           Time        Value Moves Dep 1:2       1-2-Draws
   2 B 1    1.0:0.0        2.0:0.0       3:39:50 PM   -12.17    60 4.000 :3.150  2-0-0

--------------------------------------------------------------

Engine-Match Wednesday, December 10, 2025 3:39:52 PM
 Blitz 5/2 

Pairing 13/55 :    V7P3R_v12.6  -  V7P3R_v17.2

PGN-File: C:\Program Files (x86)\Arena\Tournaments\V7P3R Regression Battle 20251210.pgn

No:  B/W 1/2     W:B       1:2           Time        Value Moves Dep 1:2       1-2-Draws
   2 B 1    1.0:0.0        1.0:1.0       3:47:46 PM   -11.70    46 4.316 :4.192  1-1-0

--------------------------------------------------------------

Engine-Match Wednesday, December 10, 2025 3:47:47 PM
 Blitz 5/2 

Pairing 14/55 :    V7P3R_v17.1  -  V7P3R_v14.1

PGN-File: C:\Program Files (x86)\Arena\Tournaments\V7P3R Regression Battle 20251210.pgn

No:  B/W 1/2     W:B       1:2           Time        Value Moves Dep 1:2       1-2-Draws
   2 B 1    1.5:0.5        1.5:0.5       3:53:35 PM  -289.99    52 3.895 :4.063  1-0-1

--------------------------------------------------------------

Engine-Match Wednesday, December 10, 2025 3:53:36 PM
 Blitz 5/2 

Pairing 15/55 :    V7P3R_v16.1  -  V7P3R_v17.0

PGN-File: C:\Program Files (x86)\Arena\Tournaments\V7P3R Regression Battle 20251210.pgn

No:  B/W 1/2     W:B       1:2           Time        Value Moves Dep 1:2       1-2-Draws
   2 W 2    1.0:0.0        0.0:2.0       3:57:06 PM  +289.99    39 2.040 :4.583  0-2-0

--------------------------------------------------------------

Engine-Match Wednesday, December 10, 2025 3:57:07 PM
 Blitz 5/2 

Pairing 16/55 :    V7P3R_v17.5  -  V7P3R_v17.3

PGN-File: C:\Program Files (x86)\Arena\Tournaments\V7P3R Regression Battle 20251210.pgn

No:  B/W 1/2     W:B       1:2           Time        Value Moves Dep 1:2       1-2-Draws
   2 W 2    1.0:0.0        0.0:2.0       4:02:41 PM  +289.98    57 3.850 :3.550  0-2-0

--------------------------------------------------------------

Engine-Match Wednesday, December 10, 2025 4:02:43 PM
 Blitz 5/2 

Pairing 17/55 :    V7P3R_v17.2  -  V7P3R_v17.6

PGN-File: C:\Program Files (x86)\Arena\Tournaments\V7P3R Regression Battle 20251210.pgn

No:  B/W 1/2     W:B       1:2           Time        Value Moves Dep 1:2       1-2-Draws
   2 = =    0.5:0.5        1.5:0.5       4:09:36 PM    +4.30    66 3.900 :3.150  1-0-1

--------------------------------------------------------------

Engine-Match Wednesday, December 10, 2025 4:09:37 PM
 Blitz 5/2 

Pairing 18/55 :    V7P3R_v17.7  -  V7P3R_v17.1

PGN-File: C:\Program Files (x86)\Arena\Tournaments\V7P3R Regression Battle 20251210.pgn

No:  B/W 1/2     W:B       1:2           Time        Value Moves Dep 1:2       1-2-Draws
   2 W 2    1.0:0.0        0.0:2.0       4:13:33 PM   +15.55    38 3.517 :3.759  0-2-0

--------------------------------------------------------------

Engine-Match Wednesday, December 10, 2025 4:13:35 PM
 Blitz 5/2 

Pairing 19/55 :    V7P3R_v17.0  -  V7P3R_v12.6

PGN-File: C:\Program Files (x86)\Arena\Tournaments\V7P3R Regression Battle 20251210.pgn

No:  B/W 1/2     W:B       1:2           Time        Value Moves Dep 1:2       1-2-Draws
   2 = =    0.5:0.5        1.5:0.5       4:23:44 PM    -9.52    75 4.533 :4.250  1-0-1

--------------------------------------------------------------

Engine-Match Wednesday, December 10, 2025 4:23:46 PM
 Blitz 5/2 

Pairing 20/55 :    V7P3R_v14.1  -  V7P3R_v16.1

PGN-File: C:\Program Files (x86)\Arena\Tournaments\V7P3R Regression Battle 20251210.pgn

No:  B/W 1/2     W:B       1:2           Time        Value Moves Dep 1:2       1-2-Draws
   2 B 1    1.0:0.0        2.0:0.0       4:26:48 PM   -13.14    36 4.045 :2.148  2-0-0

--------------------------------------------------------------

Engine-Match Wednesday, December 10, 2025 4:26:49 PM
 Blitz 5/2 

Pairing 21/55 :    V7P3R_v17.4  -  V7P3R_v17.2

PGN-File: C:\Program Files (x86)\Arena\Tournaments\V7P3R Regression Battle 20251210.pgn

No:  B/W 1/2     W:B       1:2           Time        Value Moves Dep 1:2       1-2-Draws
   2 B 1    1.5:0.5        1.5:0.5       4:31:32 PM   -13.82    54 4.241 :4.000  1-0-1

--------------------------------------------------------------

Engine-Match Wednesday, December 10, 2025 4:31:33 PM
 Blitz 5/2 

Pairing 22/55 :    V7P3R_v17.1  -  V7P3R_v17.5

PGN-File: C:\Program Files (x86)\Arena\Tournaments\V7P3R Regression Battle 20251210.pgn

No:  B/W 1/2     W:B       1:2           Time        Value Moves Dep 1:2       1-2-Draws
   2 B 1    1.5:0.5        1.5:0.5       4:35:54 PM  -289.98    31 3.905 :3.905  1-0-1

--------------------------------------------------------------

Engine-Match Wednesday, December 10, 2025 4:35:55 PM
 Blitz 5/2 

Pairing 23/55 :    V7P3R_v17.6  -  V7P3R_v17.0

PGN-File: C:\Program Files (x86)\Arena\Tournaments\V7P3R Regression Battle 20251210.pgn

No:  B/W 1/2     W:B       1:2           Time        Value Moves Dep 1:2       1-2-Draws
   2 W 2    1.0:0.0        0.0:2.0       4:42:02 PM  +289.99    47 3.409 :5.118  0-2-0

--------------------------------------------------------------

Engine-Match Wednesday, December 10, 2025 4:42:03 PM
 Blitz 5/2 

Pairing 24/55 :    V7P3R_v16.1  -  V7P3R_v17.7

PGN-File: C:\Program Files (x86)\Arena\Tournaments\V7P3R Regression Battle 20251210.pgn

No:  B/W 1/2     W:B       1:2           Time        Value Moves Dep 1:2       1-2-Draws
   2 W 2    1.0:0.0        0.0:2.0       4:44:23 PM  +289.98    37 2.000 :2.857  0-2-0

--------------------------------------------------------------

Engine-Match Wednesday, December 10, 2025 4:44:25 PM
 Blitz 5/2 

Pairing 25/55 :    V7P3R_v12.6  -  V7P3R_v14.1

PGN-File: C:\Program Files (x86)\Arena\Tournaments\V7P3R Regression Battle 20251210.pgn

No:  B/W 1/2     W:B       1:2           Time        Value Moves Dep 1:2       1-2-Draws
   2 = =    0.5:0.5        0.5:1.5       4:48:40 PM     0.00    23 3.867 :3.933  0-1-1

--------------------------------------------------------------

Engine-Match Wednesday, December 10, 2025 4:48:51 PM
 Blitz 5/2 

Pairing 26/55 :    V7P3R_v17.3  -  V7P3R_v17.1

PGN-File: C:\Program Files (x86)\Arena\Tournaments\V7P3R Regression Battle 20251210.pgn

No:  B/W 1/2     W:B       1:2           Time        Value Moves Dep 1:2       1-2-Draws
   2 = =    1.0:1.0        1.0:1.0       4:51:04 PM    -2.74    18 4.308 :4.615  0-0-2

--------------------------------------------------------------

Engine-Match Wednesday, December 10, 2025 4:51:06 PM
 Blitz 5/2 

Pairing 27/55 :    V7P3R_v17.0  -  V7P3R_v17.4

PGN-File: C:\Program Files (x86)\Arena\Tournaments\V7P3R Regression Battle 20251210.pgn

No:  B/W 1/2     W:B       1:2           Time        Value Moves Dep 1:2       1-2-Draws
   2 = =    1.0:1.0        1.0:1.0       4:54:29 PM    -0.58    21 4.786 :4.316  0-0-2

--------------------------------------------------------------

Engine-Match Wednesday, December 10, 2025 4:54:31 PM
 Blitz 5/2 

Pairing 28/55 :    V7P3R_v17.5  -  V7P3R_v16.1

PGN-File: C:\Program Files (x86)\Arena\Tournaments\V7P3R Regression Battle 20251210.pgn

No:  B/W 1/2     W:B       1:2           Time        Value Moves Dep 1:2       1-2-Draws
   2 = =    0.5:0.5        1.5:0.5       4:56:01 PM    -2.46    34 3.241 :2.069  1-0-1

--------------------------------------------------------------

Engine-Match Wednesday, December 10, 2025 4:56:03 PM
 Blitz 5/2 

Pairing 29/55 :    V7P3R_v14.1  -  V7P3R_v17.6

PGN-File: C:\Program Files (x86)\Arena\Tournaments\V7P3R Regression Battle 20251210.pgn

No:  B/W 1/2     W:B       1:2           Time        Value Moves Dep 1:2       1-2-Draws
   2 * *     0.5:0.5        0.5:0.5       5:04:05 PM   +33.36    55 4.444 :2.833  0-0-1

--------------------------------------------------------------

Engine-Match Wednesday, December 10, 2025 5:04:10 PM
 Blitz 5/2 

Pairing 29/55 :    V7P3R_v14.1  -  V7P3R_v17.6

PGN-File: C:\Program Files (x86)\Arena\Tournaments\V7P3R Regression Battle 20251210.pgn

No:  B/W 1/2     W:B       1:2           Time        Value Moves Dep 1:2       1-2-Draws
   2 = =    1.0:1.0        1.0:1.0       5:13:07 PM  +199.98    63 4.481 :2.833  0-0-2

--------------------------------------------------------------

Engine-Match Wednesday, December 10, 2025 5:13:09 PM
 Blitz 5/2 

Pairing 30/55 :    V7P3R_v17.7  -  V7P3R_v12.6

PGN-File: C:\Program Files (x86)\Arena\Tournaments\V7P3R Regression Battle 20251210.pgn

No:  B/W 1/2     W:B       1:2           Time        Value Moves Dep 1:2       1-2-Draws
   2 B 1    1.0:0.0        1.0:1.0       5:24:02 PM  -289.97    63 3.476 :4.118  1-1-0

--------------------------------------------------------------

Engine-Match Wednesday, December 10, 2025 5:24:04 PM
 Blitz 5/2 

Pairing 31/55 :    V7P3R_v17.2  -  V7P3R_v17.0

PGN-File: C:\Program Files (x86)\Arena\Tournaments\V7P3R Regression Battle 20251210.pgn

No:  B/W 1/2     W:B       1:2           Time        Value Moves Dep 1:2       1-2-Draws
   2 W 2    1.0:0.0        1.0:1.0       5:31:29 PM  +289.98    64 3.781 :4.444  1-1-0

--------------------------------------------------------------

Engine-Match Wednesday, December 10, 2025 5:31:31 PM
 Blitz 5/2 

Pairing 32/55 :    V7P3R_v16.1  -  V7P3R_v17.3

PGN-File: C:\Program Files (x86)\Arena\Tournaments\V7P3R Regression Battle 20251210.pgn

No:  B/W 1/2     W:B       1:2           Time        Value Moves Dep 1:2       1-2-Draws
   2 W 2    1.0:0.0        0.0:2.0       5:35:28 PM   +11.04    47 2.095 :4.024  0-2-0

--------------------------------------------------------------

Engine-Match Wednesday, December 10, 2025 5:35:29 PM
 Blitz 5/2 

Pairing 33/55 :    V7P3R_v17.4  -  V7P3R_v14.1

PGN-File: C:\Program Files (x86)\Arena\Tournaments\V7P3R Regression Battle 20251210.pgn

No:  B/W 1/2     W:B       1:2           Time        Value Moves Dep 1:2       1-2-Draws
   2 B 1    1.5:0.5        1.5:0.5       5:42:03 PM  -289.98    44 3.854 :3.774  1-0-1

--------------------------------------------------------------

Engine-Match Wednesday, December 10, 2025 5:42:04 PM
 Blitz 5/2 

Pairing 34/55 :    V7P3R_v12.6  -  V7P3R_v17.5

PGN-File: C:\Program Files (x86)\Arena\Tournaments\V7P3R Regression Battle 20251210.pgn

No:  B/W 1/2     W:B       1:2           Time        Value Moves Dep 1:2       1-2-Draws
   2 = =    1.0:1.0        1.0:1.0       5:50:52 PM    -6.79    66 4.000 :3.714  0-0-2

--------------------------------------------------------------

Engine-Match Wednesday, December 10, 2025 5:50:53 PM
 Blitz 5/2 

Pairing 35/55 :    V7P3R_v17.6  -  V7P3R_v17.7

PGN-File: C:\Program Files (x86)\Arena\Tournaments\V7P3R Regression Battle 20251210.pgn

No:  B/W 1/2     W:B       1:2           Time        Value Moves Dep 1:2       1-2-Draws
   2 = =    1.0:1.0        1.0:1.0       5:56:42 PM    -1.34    53 3.294 :3.118  0-0-2

--------------------------------------------------------------

Engine-Match Wednesday, December 10, 2025 5:56:43 PM
 Blitz 5/2 

Pairing 36/55 :    V7P3R_v17.1  -  V7P3R_v16.1

PGN-File: C:\Program Files (x86)\Arena\Tournaments\V7P3R Regression Battle 20251210.pgn

No:  B/W 1/2     W:B       1:2           Time        Value Moves Dep 1:2       1-2-Draws
   2 B 1    1.0:0.0        2.0:0.0       5:58:28 PM   -14.62    26 4.000 :2.238  2-0-0

--------------------------------------------------------------

Engine-Match Wednesday, December 10, 2025 5:58:30 PM
 Blitz 5/2 

Pairing 37/55 :    V7P3R_v14.1  -  V7P3R_v17.2

PGN-File: C:\Program Files (x86)\Arena\Tournaments\V7P3R Regression Battle 20251210.pgn

No:  B/W 1/2     W:B       1:2           Time        Value Moves Dep 1:2       1-2-Draws
   2 W 2    1.0:0.0        0.0:2.0       6:03:49 PM  +289.98    62 4.000 :4.273  0-2-0

--------------------------------------------------------------

Engine-Match Wednesday, December 10, 2025 6:03:51 PM
 Blitz 5/2 

Pairing 38/55 :    V7P3R_v17.3  -  V7P3R_v12.6

PGN-File: C:\Program Files (x86)\Arena\Tournaments\V7P3R Regression Battle 20251210.pgn

No:  B/W 1/2     W:B       1:2           Time        Value Moves Dep 1:2       1-2-Draws
   2 B 1    1.0:0.0        2.0:0.0       6:14:02 PM  -289.98    72 3.947 :4.067  2-0-0

--------------------------------------------------------------

Engine-Match Wednesday, December 10, 2025 6:14:03 PM
 Blitz 5/2 

Pairing 39/55 :    V7P3R_v17.7  -  V7P3R_v17.4

PGN-File: C:\Program Files (x86)\Arena\Tournaments\V7P3R Regression Battle 20251210.pgn

No:  B/W 1/2     W:B       1:2           Time        Value Moves Dep 1:2       1-2-Draws
   2 B 1    1.0:0.0        1.0:1.0       6:17:43 PM  -289.98    42 3.622 :4.162  1-1-0

--------------------------------------------------------------

Engine-Match Wednesday, December 10, 2025 6:17:45 PM
 Blitz 5/2 

Pairing 40/55 :    V7P3R_v17.5  -  V7P3R_v17.6

PGN-File: C:\Program Files (x86)\Arena\Tournaments\V7P3R Regression Battle 20251210.pgn

No:  B/W 1/2     W:B       1:2           Time        Value Moves Dep 1:2       1-2-Draws
   2 W 2    1.0:0.0        0.0:2.0       6:26:57 PM  +199.98    77 3.769 :3.283  0-2-0

--------------------------------------------------------------

Engine-Match Wednesday, December 10, 2025 6:26:58 PM
 Blitz 5/2 

Pairing 41/55 :    V7P3R_v17.0  -  V7P3R_v14.1

PGN-File: C:\Program Files (x86)\Arena\Tournaments\V7P3R Regression Battle 20251210.pgn

No:  B/W 1/2     W:B       1:2           Time        Value Moves Dep 1:2       1-2-Draws
   2 W 2    1.0:0.0        1.0:1.0       6:37:25 PM    +9.70    81 4.676 :4.088  1-1-0

--------------------------------------------------------------

Engine-Match Wednesday, December 10, 2025 6:37:26 PM
 Blitz 5/2 

Pairing 42/55 :    V7P3R_v12.6  -  V7P3R_v17.1

PGN-File: C:\Program Files (x86)\Arena\Tournaments\V7P3R Regression Battle 20251210.pgn

No:  B/W 1/2     W:B       1:2           Time        Value Moves Dep 1:2       1-2-Draws
   2 W 2    1.0:0.0        0.0:2.0       6:43:31 PM  +289.99    34 4.421 :4.429  0-2-0

--------------------------------------------------------------

Engine-Match Wednesday, December 10, 2025 6:43:32 PM
 Blitz 5/2 

Pairing 43/55 :    V7P3R_v17.2  -  V7P3R_v17.7

PGN-File: C:\Program Files (x86)\Arena\Tournaments\V7P3R Regression Battle 20251210.pgn

No:  B/W 1/2     W:B       1:2           Time        Value Moves Dep 1:2       1-2-Draws
   2 B 1    1.0:0.0        2.0:0.0       6:50:53 PM  -289.98    67 3.900 :3.150  2-0-0

--------------------------------------------------------------

Engine-Match Wednesday, December 10, 2025 6:50:54 PM
 Blitz 5/2 

Pairing 44/55 :    V7P3R_v17.6  -  V7P3R_v17.3

PGN-File: C:\Program Files (x86)\Arena\Tournaments\V7P3R Regression Battle 20251210.pgn

No:  B/W 1/2     W:B       1:2           Time        Value Moves Dep 1:2       1-2-Draws
   2 W 2    1.0:0.0        0.0:2.0       6:55:55 PM   +15.42    52 3.571 :3.786  0-2-0

--------------------------------------------------------------

Engine-Match Wednesday, December 10, 2025 6:55:56 PM
 Blitz 5/2 

Pairing 45/55 :    V7P3R_v17.4  -  V7P3R_v17.5

PGN-File: C:\Program Files (x86)\Arena\Tournaments\V7P3R Regression Battle 20251210.pgn

No:  B/W 1/2     W:B       1:2           Time        Value Moves Dep 1:2       1-2-Draws
   2 W 2    1.0:0.0        1.0:1.0       7:01:48 PM   +21.24    58 3.944 :3.684  1-1-0

--------------------------------------------------------------

Engine-Match Wednesday, December 10, 2025 7:01:49 PM
 Blitz 5/2 

Pairing 46/55 :    V7P3R_v16.1  -  V7P3R_v12.6

PGN-File: C:\Program Files (x86)\Arena\Tournaments\V7P3R Regression Battle 20251210.pgn

No:  B/W 1/2     W:B       1:2           Time        Value Moves Dep 1:2       1-2-Draws
   2 W 2    1.0:0.0        0.0:2.0       7:07:47 PM   +12.62    44 2.159 :3.906  0-2-0

--------------------------------------------------------------

Engine-Match Wednesday, December 10, 2025 7:07:48 PM
 Blitz 5/2 

Pairing 47/55 :    V7P3R_v17.7  -  V7P3R_v17.0

PGN-File: C:\Program Files (x86)\Arena\Tournaments\V7P3R Regression Battle 20251210.pgn

No:  B/W 1/2     W:B       1:2           Time        Value Moves Dep 1:2       1-2-Draws
   2 W 2    1.0:0.0        0.0:2.0       7:13:01 PM    +9.92    33 3.409 :5.118  0-2-0

--------------------------------------------------------------

Engine-Match Wednesday, December 10, 2025 7:13:03 PM
 Blitz 5/2 

Pairing 48/55 :    V7P3R_v17.1  -  V7P3R_v17.6

PGN-File: C:\Program Files (x86)\Arena\Tournaments\V7P3R Regression Battle 20251210.pgn

No:  B/W 1/2     W:B       1:2           Time        Value Moves Dep 1:2       1-2-Draws
   2 B 1    1.0:0.0        2.0:0.0       7:16:59 PM  -289.99    38 4.000 :3.645  2-0-0

--------------------------------------------------------------

Engine-Match Wednesday, December 10, 2025 7:17:06 PM
 Blitz 5/2 

Pairing 49/55 :    V7P3R_v17.5  -  V7P3R_v17.2

PGN-File: C:\Program Files (x86)\Arena\Tournaments\V7P3R Regression Battle 20251210.pgn

No:  B/W 1/2     W:B       1:2           Time        Value Moves Dep 1:2       1-2-Draws
   2 = =    0.5:0.5        0.5:1.5       7:21:17 PM    +2.36    43 3.778 :3.889  0-1-1

--------------------------------------------------------------

Engine-Match Wednesday, December 10, 2025 7:21:18 PM
 Blitz 5/2 

Pairing 50/55 :    V7P3R_v17.3  -  V7P3R_v17.4

PGN-File: C:\Program Files (x86)\Arena\Tournaments\V7P3R Regression Battle 20251210.pgn

No:  B/W 1/2     W:B       1:2           Time        Value Moves Dep 1:2       1-2-Draws
   2 B 1    1.0:0.0        2.0:0.0       7:25:39 PM  -289.98    46 4.100 :4.286  2-0-0

--------------------------------------------------------------

Engine-Match Wednesday, December 10, 2025 7:25:40 PM
 Blitz 5/2 

Pairing 51/55 :    V7P3R_v14.1  -  V7P3R_v17.7

PGN-File: C:\Program Files (x86)\Arena\Tournaments\V7P3R Regression Battle 20251210.pgn

No:  B/W 1/2     W:B       1:2           Time        Value Moves Dep 1:2       1-2-Draws
   2 W 2    1.0:0.0        0.0:2.0       7:32:10 PM   +13.39    43 4.481 :2.938  0-2-0

--------------------------------------------------------------

Engine-Match Wednesday, December 10, 2025 7:32:12 PM
 Blitz 5/2 

Pairing 52/55 :    V7P3R_v17.6  -  V7P3R_v16.1

PGN-File: C:\Program Files (x86)\Arena\Tournaments\V7P3R Regression Battle 20251210.pgn

No:  B/W 1/2     W:B       1:2           Time        Value Moves Dep 1:2       1-2-Draws
   2 B 1    1.0:0.0        2.0:0.0       7:33:28 PM  -289.96    25 3.250 :2.350  2-0-0

--------------------------------------------------------------

Engine-Match Wednesday, December 10, 2025 7:33:30 PM
 Blitz 5/2 

Pairing 53/55 :    V7P3R_v17.0  -  V7P3R_v17.5

PGN-File: C:\Program Files (x86)\Arena\Tournaments\V7P3R Regression Battle 20251210.pgn

No:  B/W 1/2     W:B       1:2           Time        Value Moves Dep 1:2       1-2-Draws
   2 B 1    1.5:0.5        1.5:0.5       7:39:38 PM   -15.08    39 5.136 :3.000  1-0-1

--------------------------------------------------------------

Engine-Match Wednesday, December 10, 2025 7:39:40 PM
 Blitz 5/2 

Pairing 54/55 :    V7P3R_v17.4  -  V7P3R_v17.1

PGN-File: C:\Program Files (x86)\Arena\Tournaments\V7P3R Regression Battle 20251210.pgn

No:  B/W 1/2     W:B       1:2           Time        Value Moves Dep 1:2       1-2-Draws
   2 * *     0.5:0.5        0.5:0.5       7:42:37 PM    -2.94    28 3.818 :3.783  0-0-1
