Engine-Match Wednesday, September 17, 2025 3:21:51 PM
 Blitz 1/1 

Pairing 1/7 :    V7P3R_v10.8  -  V7P3R_v10.2

PGN-File: C:\Program Files (x86)\Arena\Tournaments\Engine All Out Battle 20250917_2.pgn

No:  B/W 1/2     W:B       1:2           Time        Value Moves Dep 1:2       1-2-Draws
   1 B 2    1.0:0.0        0.0:1.0       3:24:20 PM     0.00    48 2.952 :4.286  0-1-0

--------------------------------------------------------------

Engine-Match Wednesday, September 17, 2025 3:24:21 PM
 Blitz 1/1 

Pairing 2/7 :    V7P3R_v10.8  -  V7P3R_v10.6

PGN-File: C:\Program Files (x86)\Arena\Tournaments\Engine All Out Battle 20250917_2.pgn

No:  B/W 1/2     W:B       1:2           Time        Value Moves Dep 1:2       1-2-Draws
   1 W 1    1.0:0.0        1.0:0.0       3:27:40 PM   +22.38    53 2.396 :2.367  1-0-0

--------------------------------------------------------------

Engine-Match Wednesday, September 17, 2025 3:27:41 PM
 Blitz 1/1 

Pairing 3/7 :    V7P3R_v10.8  -  V7P3R_v10.4

PGN-File: C:\Program Files (x86)\Arena\Tournaments\Engine All Out Battle 20250917_2.pgn

No:  B/W 1/2     W:B       1:2           Time        Value Moves Dep 1:2       1-2-Draws
   1 W 1    1.0:0.0        1.0:0.0       3:31:05 PM   +20.60    59 2.456 :2.536  1-0-0

--------------------------------------------------------------

Engine-Match Wednesday, September 17, 2025 3:31:07 PM
 Blitz 1/1 

Pairing 4/7 :    V7P3R_v10.8  -  SlowMate_v3.1

PGN-File: C:\Program Files (x86)\Arena\Tournaments\Engine All Out Battle 20250917_2.pgn

No:  B/W 1/2     W:B       1:2           Time        Value Moves Dep 1:2       1-2-Draws
   1 = =    0.5:0.5        0.5:0.5       3:32:36 PM     0.00    21 2.842 :3.000  0-0-1

--------------------------------------------------------------

Engine-Match Wednesday, September 17, 2025 3:32:38 PM
 Blitz 1/1 

Pairing 5/7 :    V7P3R_v10.8  -  V7P3R_v10.0

PGN-File: C:\Program Files (x86)\Arena\Tournaments\Engine All Out Battle 20250917_2.pgn

No:  B/W 1/2     W:B       1:2           Time        Value Moves Dep 1:2       1-2-Draws
   1 = =    0.5:0.5        0.5:0.5       3:34:31 PM     0.00    21 2.950 :3.900  0-0-1

--------------------------------------------------------------

Engine-Match Wednesday, September 17, 2025 3:34:32 PM
 Blitz 1/1 

Pairing 6/7 :    V7P3R_v10.8  -  C0BR4_v2.9

PGN-File: C:\Program Files (x86)\Arena\Tournaments\Engine All Out Battle 20250917_2.pgn

No:  B/W 1/2     W:B       1:2           Time        Value Moves Dep 1:2       1-2-Draws
   1 = =    0.5:0.5        0.5:0.5       3:35:42 PM    +1.12    12 3.182 :4.000  0-0-1

--------------------------------------------------------------

Engine-Match Wednesday, September 17, 2025 3:35:44 PM
 Blitz 1/1 

Pairing 7/7 :    V7P3R_v10.8  -  Stockfish 1%

PGN-File: C:\Program Files (x86)\Arena\Tournaments\Engine All Out Battle 20250917_2.pgn

No:  B/W 1/2     W:B       1:2           Time        Value Moves Dep 1:2       1-2-Draws
   1 B 2    1.0:0.0        0.0:1.0       3:37:57 PM   -27.95    79 2.889 :0 0-1-0

--------------------------------------------------------------

Engine-Match Wednesday, September 17, 2025 3:37:59 PM
 Blitz 1/1 

Pairing 1/7 :    V7P3R_v10.8  -  V7P3R_v10.2

PGN-File: C:\Program Files (x86)\Arena\Tournaments\Engine All Out Battle 20250917_2.pgn

No:  B/W 1/2     W:B       1:2           Time        Value Moves Dep 1:2       1-2-Draws
   2 B 1    1.0:0.0        1.0:1.0       3:39:59 PM  -289.96    30 2.963 :4.250  1-1-0

--------------------------------------------------------------

Engine-Match Wednesday, September 17, 2025 3:40:00 PM
 Blitz 1/1 

Pairing 2/7 :    V7P3R_v10.8  -  V7P3R_v10.6

PGN-File: C:\Program Files (x86)\Arena\Tournaments\Engine All Out Battle 20250917_2.pgn

No:  B/W 1/2     W:B       1:2           Time        Value Moves Dep 1:2       1-2-Draws
   2 W 2    1.0:0.0        1.0:1.0       3:43:37 PM     0.00    81 2.364 :2.452  1-1-0

--------------------------------------------------------------

Engine-Match Wednesday, September 17, 2025 3:43:38 PM
 Blitz 1/1 

Pairing 3/7 :    V7P3R_v10.8  -  V7P3R_v10.4

PGN-File: C:\Program Files (x86)\Arena\Tournaments\Engine All Out Battle 20250917_2.pgn

No:  B/W 1/2     W:B       1:2           Time        Value Moves Dep 1:2       1-2-Draws
   2 W 2    1.0:0.0        1.0:1.0       3:46:55 PM   +20.50    59 2.536 :2.474  1-1-0

--------------------------------------------------------------

Engine-Match Wednesday, September 17, 2025 3:46:57 PM
 Blitz 1/1 

Pairing 4/7 :    V7P3R_v10.8  -  SlowMate_v3.1

PGN-File: C:\Program Files (x86)\Arena\Tournaments\Engine All Out Battle 20250917_2.pgn

No:  B/W 1/2     W:B       1:2           Time        Value Moves Dep 1:2       1-2-Draws
   2 = =    1.0:1.0        1.0:1.0       3:50:13 PM     0.00    61 2.857 :2.867  0-0-2

--------------------------------------------------------------

Engine-Match Wednesday, September 17, 2025 3:50:14 PM
 Blitz 1/1 

Pairing 5/7 :    V7P3R_v10.8  -  V7P3R_v10.0

PGN-File: C:\Program Files (x86)\Arena\Tournaments\Engine All Out Battle 20250917_2.pgn

No:  B/W 1/2     W:B       1:2           Time        Value Moves Dep 1:2       1-2-Draws
   2 W 2    1.5:0.5        0.5:1.5       3:52:02 PM   +38.56    28 3.105 :4.350  0-1-1

--------------------------------------------------------------

Engine-Match Wednesday, September 17, 2025 3:52:03 PM
 Blitz 1/1 

Pairing 6/7 :    V7P3R_v10.8  -  C0BR4_v2.9

PGN-File: C:\Program Files (x86)\Arena\Tournaments\Engine All Out Battle 20250917_2.pgn

No:  B/W 1/2     W:B       1:2           Time        Value Moves Dep 1:2       1-2-Draws
   2 = =    1.0:1.0        1.0:1.0       3:53:04 PM    +1.83    25 2.955 :4.000  0-0-2

--------------------------------------------------------------

Engine-Match Wednesday, September 17, 2025 3:53:05 PM
 Blitz 1/1 

Pairing 7/7 :    V7P3R_v10.8  -  Stockfish 1%

PGN-File: C:\Program Files (x86)\Arena\Tournaments\Engine All Out Battle 20250917_2.pgn

No:  B/W 1/2     W:B       1:2           Time        Value Moves Dep 1:2       1-2-Draws
   2 W 2    1.0:0.0        0.0:2.0       3:54:35 PM      +M1    45 2.929 :0 0-2-0

--------------------------------------------------------------

Engine-Match Wednesday, September 17, 2025 3:54:36 PM
 Blitz 1/1 

Pairing 1/7 :    V7P3R_v10.8  -  V7P3R_v10.2

PGN-File: C:\Program Files (x86)\Arena\Tournaments\Engine All Out Battle 20250917_2.pgn

No:  B/W 1/2     W:B       1:2           Time        Value Moves Dep 1:2       1-2-Draws
   3 B 2    1.0:0.0        1.0:2.0       3:57:05 PM     0.00    48 2.952 :4.286  1-2-0

--------------------------------------------------------------

Engine-Match Wednesday, September 17, 2025 3:57:06 PM
 Blitz 1/1 

Pairing 2/7 :    V7P3R_v10.8  -  V7P3R_v10.6

PGN-File: C:\Program Files (x86)\Arena\Tournaments\Engine All Out Battle 20250917_2.pgn

No:  B/W 1/2     W:B       1:2           Time        Value Moves Dep 1:2       1-2-Draws
   3 W 1    1.0:0.0        2.0:1.0       4:00:25 PM   +22.38    53 2.396 :2.367  2-1-0

--------------------------------------------------------------

Engine-Match Wednesday, September 17, 2025 4:00:27 PM
 Blitz 1/1 

Pairing 3/7 :    V7P3R_v10.8  -  V7P3R_v10.4

PGN-File: C:\Program Files (x86)\Arena\Tournaments\Engine All Out Battle 20250917_2.pgn

No:  B/W 1/2     W:B       1:2           Time        Value Moves Dep 1:2       1-2-Draws
   3 W 1    1.0:0.0        2.0:1.0       4:03:44 PM   +22.38    53 2.396 :2.367  2-1-0

--------------------------------------------------------------

Engine-Match Wednesday, September 17, 2025 4:03:46 PM
 Blitz 1/1 

Pairing 4/7 :    V7P3R_v10.8  -  SlowMate_v3.1

PGN-File: C:\Program Files (x86)\Arena\Tournaments\Engine All Out Battle 20250917_2.pgn

No:  B/W 1/2     W:B       1:2           Time        Value Moves Dep 1:2       1-2-Draws
   3 B 2    2.0:1.0        1.0:2.0       4:07:23 PM   -22.32    68 2.958 :2.957  0-1-2

--------------------------------------------------------------

Engine-Match Wednesday, September 17, 2025 4:07:25 PM
 Blitz 1/1 

Pairing 5/7 :    V7P3R_v10.8  -  V7P3R_v10.0

PGN-File: C:\Program Files (x86)\Arena\Tournaments\Engine All Out Battle 20250917_2.pgn

No:  B/W 1/2     W:B       1:2           Time        Value Moves Dep 1:2       1-2-Draws
   3 = =    1.0:1.0        1.0:2.0       4:09:22 PM     0.00    21 2.950 :3.950  0-1-2

--------------------------------------------------------------

Engine-Match Wednesday, September 17, 2025 4:09:23 PM
 Blitz 1/1 

Pairing 6/7 :    V7P3R_v10.8  -  C0BR4_v2.9

PGN-File: C:\Program Files (x86)\Arena\Tournaments\Engine All Out Battle 20250917_2.pgn

No:  B/W 1/2     W:B       1:2           Time        Value Moves Dep 1:2       1-2-Draws
   3 B 2    2.0:1.0        1.0:2.0       4:10:34 PM  -299.97    28 2.929 :4.000  0-1-2

--------------------------------------------------------------

Engine-Match Wednesday, September 17, 2025 4:10:40 PM
 Blitz 1/1 

Pairing 7/7 :    V7P3R_v10.8  -  Stockfish 1%

PGN-File: C:\Program Files (x86)\Arena\Tournaments\Engine All Out Battle 20250917_2.pgn

No:  B/W 1/2     W:B       1:2           Time        Value Moves Dep 1:2       1-2-Draws
   3 B 2    1.0:0.0        0.0:3.0       4:13:11 PM   -13.94   103 2.938 :6.200  0-3-0

--------------------------------------------------------------

Engine-Match Wednesday, September 17, 2025 4:13:12 PM
 Blitz 1/1 

Pairing 1/7 :    V7P3R_v10.8  -  V7P3R_v10.2

PGN-File: C:\Program Files (x86)\Arena\Tournaments\Engine All Out Battle 20250917_2.pgn

No:  B/W 1/2     W:B       1:2           Time        Value Moves Dep 1:2       1-2-Draws
   4 B 1    1.0:0.0        2.0:2.0       4:15:28 PM  -289.96    35 2.920 :3.952  2-2-0

--------------------------------------------------------------

Engine-Match Wednesday, September 17, 2025 4:15:29 PM
 Blitz 1/1 

Pairing 2/7 :    V7P3R_v10.8  -  V7P3R_v10.6

PGN-File: C:\Program Files (x86)\Arena\Tournaments\Engine All Out Battle 20250917_2.pgn

No:  B/W 1/2     W:B       1:2           Time        Value Moves Dep 1:2       1-2-Draws
   4 W 2    1.0:0.0        2.0:2.0       4:18:45 PM   +22.38    53 2.367 :2.396  2-2-0

--------------------------------------------------------------

Engine-Match Wednesday, September 17, 2025 4:18:46 PM
 Blitz 1/1 

Pairing 3/7 :    V7P3R_v10.8  -  V7P3R_v10.4

PGN-File: C:\Program Files (x86)\Arena\Tournaments\Engine All Out Battle 20250917_2.pgn

No:  B/W 1/2     W:B       1:2           Time        Value Moves Dep 1:2       1-2-Draws
   4 W 2    1.0:0.0        2.0:2.0       4:22:01 PM   +22.38    53 2.367 :2.396  2-2-0

--------------------------------------------------------------

Engine-Match Wednesday, September 17, 2025 4:22:02 PM
 Blitz 1/1 

Pairing 4/7 :    V7P3R_v10.8  -  SlowMate_v3.1

PGN-File: C:\Program Files (x86)\Arena\Tournaments\Engine All Out Battle 20250917_2.pgn

No:  B/W 1/2     W:B       1:2           Time        Value Moves Dep 1:2       1-2-Draws
   4 B 1    2.0:1.0        2.0:2.0       4:25:09 PM  -200.00    56 2.857 :2.867  1-1-2

--------------------------------------------------------------

Engine-Match Wednesday, September 17, 2025 4:25:10 PM
 Blitz 1/1 

Pairing 5/7 :    V7P3R_v10.8  -  V7P3R_v10.0

PGN-File: C:\Program Files (x86)\Arena\Tournaments\Engine All Out Battle 20250917_2.pgn

No:  B/W 1/2     W:B       1:2           Time        Value Moves Dep 1:2       1-2-Draws
   4 W 2    2.0:1.0        1.0:3.0       4:26:57 PM   +38.56    28 3.105 :4.350  0-2-2

--------------------------------------------------------------

Engine-Match Wednesday, September 17, 2025 4:26:58 PM
 Blitz 1/1 

Pairing 6/7 :    V7P3R_v10.8  -  C0BR4_v2.9

PGN-File: C:\Program Files (x86)\Arena\Tournaments\Engine All Out Battle 20250917_2.pgn

No:  B/W 1/2     W:B       1:2           Time        Value Moves Dep 1:2       1-2-Draws
   4 W 2    2.0:1.0        1.0:3.0       4:28:37 PM  +299.97    39 2.838 :3.946  0-2-2

--------------------------------------------------------------

Engine-Match Wednesday, September 17, 2025 4:28:39 PM
 Blitz 1/1 

Pairing 7/7 :    V7P3R_v10.8  -  Stockfish 1%

PGN-File: C:\Program Files (x86)\Arena\Tournaments\Engine All Out Battle 20250917_2.pgn

No:  B/W 1/2     W:B       1:2           Time        Value Moves Dep 1:2       1-2-Draws
   4 W 2    1.0:0.0        0.0:4.0       4:29:03 PM   +12.02    11 2.909 :7.500  0-4-0

--------------------------------------------------------------

Engine-Match Wednesday, September 17, 2025 4:29:04 PM
 Blitz 1/1 

Pairing 1/7 :    V7P3R_v10.8  -  V7P3R_v10.2

PGN-File: C:\Program Files (x86)\Arena\Tournaments\Engine All Out Battle 20250917_2.pgn

No:  B/W 1/2     W:B       1:2           Time        Value Moves Dep 1:2       1-2-Draws
   5 = =    0.5:0.5        2.5:2.5       4:31:31 PM    +4.10    51 2.931 :4.429  2-2-1

--------------------------------------------------------------

Engine-Match Wednesday, September 17, 2025 4:31:32 PM
 Blitz 1/1 

Pairing 2/7 :    V7P3R_v10.8  -  V7P3R_v10.6

PGN-File: C:\Program Files (x86)\Arena\Tournaments\Engine All Out Battle 20250917_2.pgn

No:  B/W 1/2     W:B       1:2           Time        Value Moves Dep 1:2       1-2-Draws
   5 W 1    1.0:0.0        3.0:2.0       4:34:48 PM   +22.38    53 2.396 :2.367  3-2-0

--------------------------------------------------------------

Engine-Match Wednesday, September 17, 2025 4:34:49 PM
 Blitz 1/1 

Pairing 3/7 :    V7P3R_v10.8  -  V7P3R_v10.4

PGN-File: C:\Program Files (x86)\Arena\Tournaments\Engine All Out Battle 20250917_2.pgn

No:  B/W 1/2     W:B       1:2           Time        Value Moves Dep 1:2       1-2-Draws
   5 W 1    1.0:0.0        3.0:2.0       4:38:05 PM   +22.38    53 2.396 :2.367  3-2-0

--------------------------------------------------------------

Engine-Match Wednesday, September 17, 2025 4:38:06 PM
 Blitz 1/1 

Pairing 4/7 :    V7P3R_v10.8  -  SlowMate_v3.1

PGN-File: C:\Program Files (x86)\Arena\Tournaments\Engine All Out Battle 20250917_2.pgn

No:  B/W 1/2     W:B       1:2           Time        Value Moves Dep 1:2       1-2-Draws
   5 B 2    2.0:1.0        2.0:3.0       4:41:42 PM   -22.32    68 2.958 :2.957  1-2-2

--------------------------------------------------------------

Engine-Match Wednesday, September 17, 2025 4:41:44 PM
 Blitz 1/1 

Pairing 5/7 :    V7P3R_v10.8  -  V7P3R_v10.0

PGN-File: C:\Program Files (x86)\Arena\Tournaments\Engine All Out Battle 20250917_2.pgn

No:  B/W 1/2     W:B       1:2           Time        Value Moves Dep 1:2       1-2-Draws
   5 = =    1.5:1.5        1.5:3.5       4:45:30 PM     0.00    90 3.059 :4.176  0-2-3

--------------------------------------------------------------

Engine-Match Wednesday, September 17, 2025 4:45:32 PM
 Blitz 1/1 

Pairing 6/7 :    V7P3R_v10.8  -  C0BR4_v2.9

PGN-File: C:\Program Files (x86)\Arena\Tournaments\Engine All Out Battle 20250917_2.pgn

No:  B/W 1/2     W:B       1:2           Time        Value Moves Dep 1:2       1-2-Draws
   5 W 1    2.0:1.0        2.0:3.0       4:47:05 PM  +289.98    50 2.931 :4.000  1-2-2

--------------------------------------------------------------

Engine-Match Wednesday, September 17, 2025 4:47:06 PM
 Blitz 1/1 

Pairing 7/7 :    V7P3R_v10.8  -  Stockfish 1%

PGN-File: C:\Program Files (x86)\Arena\Tournaments\Engine All Out Battle 20250917_2.pgn

No:  B/W 1/2     W:B       1:2           Time        Value Moves Dep 1:2       1-2-Draws
   5 = =    0.5:0.5        0.5:4.5       4:49:11 PM     0.00    71 3.222 :8.667  0-4-1

--------------------------------------------------------------

Engine-Match Wednesday, September 17, 2025 4:49:13 PM
 Blitz 1/1 

Pairing 1/7 :    V7P3R_v10.8  -  V7P3R_v10.2

PGN-File: C:\Program Files (x86)\Arena\Tournaments\Engine All Out Battle 20250917_2.pgn

No:  B/W 1/2     W:B       1:2           Time        Value Moves Dep 1:2       1-2-Draws
   6 B 1    1.5:0.5        3.5:2.5       4:51:28 PM  -289.96    35 2.920 :3.952  3-2-1

--------------------------------------------------------------

Engine-Match Wednesday, September 17, 2025 4:51:29 PM
 Blitz 1/1 

Pairing 2/7 :    V7P3R_v10.8  -  V7P3R_v10.6

PGN-File: C:\Program Files (x86)\Arena\Tournaments\Engine All Out Battle 20250917_2.pgn

No:  B/W 1/2     W:B       1:2           Time        Value Moves Dep 1:2       1-2-Draws
   6 W 2    1.0:0.0        3.0:3.0       4:54:44 PM   +22.38    53 2.367 :2.396  3-3-0

--------------------------------------------------------------

Engine-Match Wednesday, September 17, 2025 4:54:45 PM
 Blitz 1/1 

Pairing 3/7 :    V7P3R_v10.8  -  V7P3R_v10.4

PGN-File: C:\Program Files (x86)\Arena\Tournaments\Engine All Out Battle 20250917_2.pgn

No:  B/W 1/2     W:B       1:2           Time        Value Moves Dep 1:2       1-2-Draws
   6 W 2    1.0:0.0        3.0:3.0       4:58:01 PM   +22.38    53 2.367 :2.396  3-3-0

--------------------------------------------------------------

Engine-Match Wednesday, September 17, 2025 4:58:02 PM
 Blitz 1/1 

Pairing 4/7 :    V7P3R_v10.8  -  SlowMate_v3.1

PGN-File: C:\Program Files (x86)\Arena\Tournaments\Engine All Out Battle 20250917_2.pgn

No:  B/W 1/2     W:B       1:2           Time        Value Moves Dep 1:2       1-2-Draws
   6 = =    1.5:1.5        2.5:3.5       5:04:05 PM    +2.78   130 2.857 :2.867  1-2-3

--------------------------------------------------------------

Engine-Match Wednesday, September 17, 2025 5:04:07 PM
 Blitz 1/1 

Pairing 5/7 :    V7P3R_v10.8  -  V7P3R_v10.0

PGN-File: C:\Program Files (x86)\Arena\Tournaments\Engine All Out Battle 20250917_2.pgn

No:  B/W 1/2     W:B       1:2           Time        Value Moves Dep 1:2       1-2-Draws
   6 W 2    2.5:1.5        1.5:4.5       5:05:57 PM   +38.56    28 3.053 :4.350  0-3-3

--------------------------------------------------------------

Engine-Match Wednesday, September 17, 2025 5:06:03 PM
 Blitz 1/1 

Pairing 6/7 :    V7P3R_v10.8  -  C0BR4_v2.9

PGN-File: C:\Program Files (x86)\Arena\Tournaments\Engine All Out Battle 20250917_2.pgn

No:  B/W 1/2     W:B       1:2           Time        Value Moves Dep 1:2       1-2-Draws
   6 = =    1.5:1.5        2.5:3.5       5:08:48 PM   +10.11    94 3.000 :4.000  1-2-3

--------------------------------------------------------------

Engine-Match Wednesday, September 17, 2025 5:08:49 PM
 Blitz 1/1 

Pairing 7/7 :    V7P3R_v10.8  -  Stockfish 1%

PGN-File: C:\Program Files (x86)\Arena\Tournaments\Engine All Out Battle 20250917_2.pgn

No:  B/W 1/2     W:B       1:2           Time        Value Moves Dep 1:2       1-2-Draws
   6 W 2    1.5:0.5        0.5:5.5       5:09:16 PM   +12.02    11 2.909 :9.750  0-5-1

--------------------------------------------------------------

Engine-Match Wednesday, September 17, 2025 5:09:17 PM
 Blitz 1/1 

Pairing 1/7 :    V7P3R_v10.8  -  V7P3R_v10.2

PGN-File: C:\Program Files (x86)\Arena\Tournaments\Engine All Out Battle 20250917_2.pgn

No:  B/W 1/2     W:B       1:2           Time        Value Moves Dep 1:2       1-2-Draws
   7 = =    1.0:1.0        4.0:3.0       5:12:04 PM    -3.40    71 2.905 :4.214  3-2-2

--------------------------------------------------------------

Engine-Match Wednesday, September 17, 2025 5:12:05 PM
 Blitz 1/1 

Pairing 2/7 :    V7P3R_v10.8  -  V7P3R_v10.6

PGN-File: C:\Program Files (x86)\Arena\Tournaments\Engine All Out Battle 20250917_2.pgn

No:  B/W 1/2     W:B       1:2           Time        Value Moves Dep 1:2       1-2-Draws
   7 W 1    1.0:0.0        4.0:3.0       5:15:32 PM   +20.60    59 2.421 :2.518  4-3-0

--------------------------------------------------------------

Engine-Match Wednesday, September 17, 2025 5:15:33 PM
 Blitz 1/1 

Pairing 3/7 :    V7P3R_v10.8  -  V7P3R_v10.4

PGN-File: C:\Program Files (x86)\Arena\Tournaments\Engine All Out Battle 20250917_2.pgn

No:  B/W 1/2     W:B       1:2           Time        Value Moves Dep 1:2       1-2-Draws
   7 W 1    1.0:0.0        4.0:3.0       5:19:00 PM   +20.60    59 2.404 :2.518  4-3-0

--------------------------------------------------------------

Engine-Match Wednesday, September 17, 2025 5:19:01 PM
 Blitz 1/1 

Pairing 4/7 :    V7P3R_v10.8  -  SlowMate_v3.1

PGN-File: C:\Program Files (x86)\Arena\Tournaments\Engine All Out Battle 20250917_2.pgn

No:  B/W 1/2     W:B       1:2           Time        Value Moves Dep 1:2       1-2-Draws
   7 B 2    2.5:1.5        2.5:4.5       5:20:50 PM  -184.54    27 3.000 :2.963  1-3-3

--------------------------------------------------------------

Engine-Match Wednesday, September 17, 2025 5:20:51 PM
 Blitz 1/1 

Pairing 5/7 :    V7P3R_v10.8  -  V7P3R_v10.0

PGN-File: C:\Program Files (x86)\Arena\Tournaments\Engine All Out Battle 20250917_2.pgn

No:  B/W 1/2     W:B       1:2           Time        Value Moves Dep 1:2       1-2-Draws
   7 = =    2.0:2.0        2.0:5.0       5:23:47 PM    +2.00    60 3.000 :4.118  0-3-4

--------------------------------------------------------------

Engine-Match Wednesday, September 17, 2025 5:23:48 PM
 Blitz 1/1 

Pairing 6/7 :    V7P3R_v10.8  -  C0BR4_v2.9

PGN-File: C:\Program Files (x86)\Arena\Tournaments\Engine All Out Battle 20250917_2.pgn

No:  B/W 1/2     W:B       1:2           Time        Value Moves Dep 1:2       1-2-Draws
   7 = =    2.0:2.0        3.0:4.0       5:25:01 PM    +1.12    12 3.182 :4.000  1-2-4

--------------------------------------------------------------

Engine-Match Wednesday, September 17, 2025 5:25:02 PM
 Blitz 1/1 

Pairing 7/7 :    V7P3R_v10.8  -  Stockfish 1%

PGN-File: C:\Program Files (x86)\Arena\Tournaments\Engine All Out Battle 20250917_2.pgn

No:  B/W 1/2     W:B       1:2           Time        Value Moves Dep 1:2       1-2-Draws
   7 B 2    1.5:0.5        0.5:6.5       5:26:24 PM      -M1    36 2.833 :8.600  0-6-1

--------------------------------------------------------------

Engine-Match Wednesday, September 17, 2025 5:26:25 PM
 Blitz 1/1 

Pairing 1/7 :    V7P3R_v10.8  -  V7P3R_v10.2

PGN-File: C:\Program Files (x86)\Arena\Tournaments\Engine All Out Battle 20250917_2.pgn

No:  B/W 1/2     W:B       1:2           Time        Value Moves Dep 1:2       1-2-Draws
   8 = =    1.5:1.5        4.5:3.5       5:29:10 PM   -16.40    57 2.769 :3.905  3-2-3

--------------------------------------------------------------

Engine-Match Wednesday, September 17, 2025 5:29:11 PM
 Blitz 1/1 

Pairing 2/7 :    V7P3R_v10.8  -  V7P3R_v10.6

PGN-File: C:\Program Files (x86)\Arena\Tournaments\Engine All Out Battle 20250917_2.pgn

No:  B/W 1/2     W:B       1:2           Time        Value Moves Dep 1:2       1-2-Draws
   8 W 2    1.0:0.0        4.0:4.0       5:32:38 PM   +20.68    59 2.500 :2.404  4-4-0

--------------------------------------------------------------

Engine-Match Wednesday, September 17, 2025 5:32:39 PM
 Blitz 1/1 

Pairing 3/7 :    V7P3R_v10.8  -  V7P3R_v10.4

PGN-File: C:\Program Files (x86)\Arena\Tournaments\Engine All Out Battle 20250917_2.pgn

No:  B/W 1/2     W:B       1:2           Time        Value Moves Dep 1:2       1-2-Draws
   8 W 2    1.0:0.0        4.0:4.0       5:36:07 PM   +20.68    59 2.500 :2.421  4-4-0

--------------------------------------------------------------

Engine-Match Wednesday, September 17, 2025 5:36:08 PM
 Blitz 1/1 

Pairing 4/7 :    V7P3R_v10.8  -  SlowMate_v3.1

PGN-File: C:\Program Files (x86)\Arena\Tournaments\Engine All Out Battle 20250917_2.pgn

No:  B/W 1/2     W:B       1:2           Time        Value Moves Dep 1:2       1-2-Draws
   8 B 1    2.5:1.5        3.5:4.5       5:39:46 PM   -17.88    68 2.792 :3.000  2-3-3

--------------------------------------------------------------

Engine-Match Wednesday, September 17, 2025 5:39:48 PM
 Blitz 1/1 

Pairing 5/7 :    V7P3R_v10.8  -  V7P3R_v10.0

PGN-File: C:\Program Files (x86)\Arena\Tournaments\Engine All Out Battle 20250917_2.pgn

No:  B/W 1/2     W:B       1:2           Time        Value Moves Dep 1:2       1-2-Draws
   8 W 2    3.0:2.0        2.0:6.0       5:41:38 PM   +38.56    28 3.053 :4.350  0-4-4

--------------------------------------------------------------

Engine-Match Wednesday, September 17, 2025 5:41:39 PM
 Blitz 1/1 

Pairing 6/7 :    V7P3R_v10.8  -  C0BR4_v2.9

PGN-File: C:\Program Files (x86)\Arena\Tournaments\Engine All Out Battle 20250917_2.pgn

No:  B/W 1/2     W:B       1:2           Time        Value Moves Dep 1:2       1-2-Draws
   8 = =    2.5:2.5        3.5:4.5       5:42:54 PM    +6.17    37 3.050 :4.000  1-2-5

--------------------------------------------------------------

Engine-Match Wednesday, September 17, 2025 5:42:56 PM
 Blitz 1/1 

Pairing 7/7 :    V7P3R_v10.8  -  Stockfish 1%

PGN-File: C:\Program Files (x86)\Arena\Tournaments\Engine All Out Battle 20250917_2.pgn

No:  B/W 1/2     W:B       1:2           Time        Value Moves Dep 1:2       1-2-Draws
   8 W 2    1.5:0.5        0.5:7.5       5:43:23 PM   +12.02    11 2.909 :7.750  0-7-1

--------------------------------------------------------------

Engine-Match Wednesday, September 17, 2025 5:43:24 PM
 Blitz 1/1 

Pairing 1/7 :    V7P3R_v10.8  -  V7P3R_v10.2

PGN-File: C:\Program Files (x86)\Arena\Tournaments\Engine All Out Battle 20250917_2.pgn

No:  B/W 1/2     W:B       1:2           Time        Value Moves Dep 1:2       1-2-Draws
   9 = =    2.0:2.0        5.0:4.0       5:46:11 PM    -3.40    71 2.905 :4.214  3-2-4

--------------------------------------------------------------

Engine-Match Wednesday, September 17, 2025 5:46:12 PM
 Blitz 1/1 

Pairing 2/7 :    V7P3R_v10.8  -  V7P3R_v10.6

PGN-File: C:\Program Files (x86)\Arena\Tournaments\Engine All Out Battle 20250917_2.pgn

No:  B/W 1/2     W:B       1:2           Time        Value Moves Dep 1:2       1-2-Draws
   9 W 1    1.0:0.0        5.0:4.0       5:49:40 PM   +20.60    59 2.404 :2.518  5-4-0

--------------------------------------------------------------

Engine-Match Wednesday, September 17, 2025 5:49:41 PM
 Blitz 1/1 

Pairing 3/7 :    V7P3R_v10.8  -  V7P3R_v10.4

PGN-File: C:\Program Files (x86)\Arena\Tournaments\Engine All Out Battle 20250917_2.pgn

No:  B/W 1/2     W:B       1:2           Time        Value Moves Dep 1:2       1-2-Draws
   9 W 1    1.0:0.0        5.0:4.0       5:53:08 PM   +20.60    59 2.404 :2.518  5-4-0

--------------------------------------------------------------

Engine-Match Wednesday, September 17, 2025 5:53:09 PM
 Blitz 1/1 

Pairing 4/7 :    V7P3R_v10.8  -  SlowMate_v3.1

PGN-File: C:\Program Files (x86)\Arena\Tournaments\Engine All Out Battle 20250917_2.pgn

No:  B/W 1/2     W:B       1:2           Time        Value Moves Dep 1:2       1-2-Draws
   9 W 1    2.5:1.5        4.5:4.5       5:55:59 PM    +9.83    49 3.000 :2.882  3-3-3

--------------------------------------------------------------

Engine-Match Wednesday, September 17, 2025 5:56:06 PM
 Blitz 1/1 

Pairing 5/7 :    V7P3R_v10.8  -  V7P3R_v10.0

PGN-File: C:\Program Files (x86)\Arena\Tournaments\Engine All Out Battle 20250917_2.pgn

No:  B/W 1/2     W:B       1:2           Time        Value Moves Dep 1:2       1-2-Draws
   9 = =    2.5:2.5        2.5:6.5       5:59:13 PM    +4.30    68 3.000 :4.118  0-4-5

--------------------------------------------------------------

Engine-Match Wednesday, September 17, 2025 5:59:15 PM
 Blitz 1/1 

Pairing 6/7 :    V7P3R_v10.8  -  C0BR4_v2.9

PGN-File: C:\Program Files (x86)\Arena\Tournaments\Engine All Out Battle 20250917_2.pgn

No:  B/W 1/2     W:B       1:2           Time        Value Moves Dep 1:2       1-2-Draws
   9 = =    3.0:3.0        4.0:5.0       6:01:29 PM   -11.27    55 3.037 :4.000  1-2-6

--------------------------------------------------------------

Engine-Match Wednesday, September 17, 2025 6:01:30 PM
 Blitz 1/1 

Pairing 7/7 :    V7P3R_v10.8  -  Stockfish 1%

PGN-File: C:\Program Files (x86)\Arena\Tournaments\Engine All Out Battle 20250917_2.pgn

No:  B/W 1/2     W:B       1:2           Time        Value Moves Dep 1:2       1-2-Draws
   9 B 2    1.5:0.5        0.5:8.5       6:02:44 PM      -M1    35 2.529 :5.000  0-8-1

--------------------------------------------------------------

Engine-Match Wednesday, September 17, 2025 6:02:45 PM
 Blitz 1/1 

Pairing 1/7 :    V7P3R_v10.8  -  V7P3R_v10.2

PGN-File: C:\Program Files (x86)\Arena\Tournaments\Engine All Out Battle 20250917_2.pgn

No:  B/W 1/2     W:B       1:2           Time        Value Moves Dep 1:2       1-2-Draws
  10 B 1    3.0:2.0        6.0:4.0       6:05:18 PM     0.00    56 2.714 :3.778  4-2-4

--------------------------------------------------------------

Engine-Match Wednesday, September 17, 2025 6:05:20 PM
 Blitz 1/1 

Pairing 2/7 :    V7P3R_v10.8  -  V7P3R_v10.6

PGN-File: C:\Program Files (x86)\Arena\Tournaments\Engine All Out Battle 20250917_2.pgn

No:  B/W 1/2     W:B       1:2           Time        Value Moves Dep 1:2       1-2-Draws
  10 W 2    1.0:0.0        5.0:5.0       6:07:10 PM   +12.01    27 2.815 :2.800  5-5-0

--------------------------------------------------------------

Engine-Match Wednesday, September 17, 2025 6:07:11 PM
 Blitz 1/1 

Pairing 3/7 :    V7P3R_v10.8  -  V7P3R_v10.4

PGN-File: C:\Program Files (x86)\Arena\Tournaments\Engine All Out Battle 20250917_2.pgn

No:  B/W 1/2     W:B       1:2           Time        Value Moves Dep 1:2       1-2-Draws
  10 W 2    1.0:0.0        5.0:5.0       6:10:28 PM   +22.38    53 2.367 :2.396  5-5-0

--------------------------------------------------------------

Engine-Match Wednesday, September 17, 2025 6:10:29 PM
 Blitz 1/1 

Pairing 4/7 :    V7P3R_v10.8  -  SlowMate_v3.1

PGN-File: C:\Program Files (x86)\Arena\Tournaments\Engine All Out Battle 20250917_2.pgn

No:  B/W 1/2     W:B       1:2           Time        Value Moves Dep 1:2       1-2-Draws
  10 B 1    2.5:1.5        5.5:4.5       6:13:36 PM   -15.71    56 2.857 :2.867  4-3-3

--------------------------------------------------------------

Engine-Match Wednesday, September 17, 2025 6:13:38 PM
 Blitz 1/1 

Pairing 5/7 :    V7P3R_v10.8  -  V7P3R_v10.0

PGN-File: C:\Program Files (x86)\Arena\Tournaments\Engine All Out Battle 20250917_2.pgn

No:  B/W 1/2     W:B       1:2           Time        Value Moves Dep 1:2       1-2-Draws
  10 W 2    3.5:2.5        2.5:7.5       6:15:25 PM   +38.56    28 3.105 :4.350  0-5-5

--------------------------------------------------------------

Engine-Match Wednesday, September 17, 2025 6:15:26 PM
 Blitz 1/1 

Pairing 6/7 :    V7P3R_v10.8  -  C0BR4_v2.9

PGN-File: C:\Program Files (x86)\Arena\Tournaments\Engine All Out Battle 20250917_2.pgn

No:  B/W 1/2     W:B       1:2           Time        Value Moves Dep 1:2       1-2-Draws
  10 = =    3.5:3.5        4.5:5.5       6:17:35 PM    +6.50    56 3.095 :4.000  1-2-7

--------------------------------------------------------------

Engine-Match Wednesday, September 17, 2025 6:17:37 PM
 Blitz 1/1 

Pairing 7/7 :    V7P3R_v10.8  -  Stockfish 1%

PGN-File: C:\Program Files (x86)\Arena\Tournaments\Engine All Out Battle 20250917_2.pgn

No:  B/W 1/2     W:B       1:2           Time        Value Moves Dep 1:2       1-2-Draws
  10 W 2    1.5:0.5        0.5:9.5       6:19:25 PM      +M1    53 3.020 :0 0-9-1
