Engine-Match Sunday, September 21, 2025 5:50:42 PM
 Blitz 2/1 

Pairing 1/21 :    C0BR4_v2.9  -  V7P3R_v10.8

PGN-File: C:\Program Files (x86)\Arena\Tournaments\Engine Battle 20250921.pgn

No:  B/W 1/2     W:B       1:2           Time        Value Moves Dep 1:2       1-2-Draws
   1 = =    0.5:0.5        0.5:0.5       5:52:53 PM    -0.52    36 4.000 :3.190  0-0-1

--------------------------------------------------------------

Engine-Match Sunday, September 21, 2025 5:52:54 PM
 Blitz 2/1 

Pairing 2/21 :    V7P3R_v11.4  -  Random_Opponent

PGN-File: C:\Program Files (x86)\Arena\Tournaments\Engine Battle 20250921.pgn

No:  B/W 1/2     W:B       1:2           Time        Value Moves Dep 1:2       1-2-Draws
   1 W 1    1.0:0.0        1.0:0.0       5:54:06 PM     0.00    21 3.300 :0 1-0-0

--------------------------------------------------------------

Engine-Match Sunday, September 21, 2025 5:54:07 PM
 Blitz 2/1 

Pairing 3/21 :    SlowMate_v3.1  -  Stockfish 1%

PGN-File: C:\Program Files (x86)\Arena\Tournaments\Engine Battle 20250921.pgn

No:  B/W 1/2     W:B       1:2           Time        Value Moves Dep 1:2       1-2-Draws
   1 = =    0.5:0.5        0.5:0.5       5:59:09 PM    -3.33   135 2.439 :9.556  0-0-1

--------------------------------------------------------------

Engine-Match Sunday, September 21, 2025 5:59:11 PM
 Blitz 2/1 

Pairing 4/21 :    V7P3R_v10.6  -  V7P3R_v11.4

PGN-File: C:\Program Files (x86)\Arena\Tournaments\Engine Battle 20250921.pgn

No:  B/W 1/2     W:B       1:2           Time        Value Moves Dep 1:2       1-2-Draws
   1 W 1    1.0:0.0        1.0:0.0       6:02:46 PM  +289.96    31 2.900 :3.222  1-0-0

--------------------------------------------------------------

Engine-Match Sunday, September 21, 2025 6:02:47 PM
 Blitz 2/1 

Pairing 5/21 :    Stockfish 1%  -  C0BR4_v2.9

PGN-File: C:\Program Files (x86)\Arena\Tournaments\Engine Battle 20250921.pgn

No:  B/W 1/2     W:B       1:2           Time        Value Moves Dep 1:2       1-2-Draws
   1 W 1    1.0:0.0        1.0:0.0       6:03:15 PM      +M1    40 10.000 :4.000  1-0-0

--------------------------------------------------------------

Engine-Match Sunday, September 21, 2025 6:03:16 PM
 Blitz 2/1 

Pairing 6/21 :    Random_Opponent  -  SlowMate_v3.1

PGN-File: C:\Program Files (x86)\Arena\Tournaments\Engine Battle 20250921.pgn

No:  B/W 1/2     W:B       1:2           Time        Value Moves Dep 1:2       1-2-Draws
   1 = =    0.5:0.5        0.5:0.5       6:04:51 PM  -200.00    26 0:2.654  0-0-1

--------------------------------------------------------------

Engine-Match Sunday, September 21, 2025 6:04:53 PM
 Blitz 2/1 

Pairing 7/21 :    V7P3R_v10.8  -  Stockfish 1%

PGN-File: C:\Program Files (x86)\Arena\Tournaments\Engine Battle 20250921.pgn

No:  B/W 1/2     W:B       1:2           Time        Value Moves Dep 1:2       1-2-Draws
   1 B 2    1.0:0.0        0.0:1.0       6:06:01 PM      -M1    14 3.154 :11.250  0-1-0

--------------------------------------------------------------

Engine-Match Sunday, September 21, 2025 6:06:02 PM
 Blitz 2/1 

Pairing 8/21 :    SlowMate_v3.1  -  V7P3R_v10.6

PGN-File: C:\Program Files (x86)\Arena\Tournaments\Engine Battle 20250921.pgn

No:  B/W 1/2     W:B       1:2           Time        Value Moves Dep 1:2       1-2-Draws
   1 B 2    1.0:0.0        0.0:1.0       6:11:09 PM  -200.00    55 2.560 :2.600  0-1-0

--------------------------------------------------------------

Engine-Match Sunday, September 21, 2025 6:11:11 PM
 Blitz 2/1 

Pairing 9/21 :    C0BR4_v2.9  -  Random_Opponent

PGN-File: C:\Program Files (x86)\Arena\Tournaments\Engine Battle 20250921.pgn

No:  B/W 1/2     W:B       1:2           Time        Value Moves Dep 1:2       1-2-Draws
   1 W 1    1.0:0.0        1.0:0.0       6:11:30 PM  +299.97    21 4.000 :0 1-0-0

--------------------------------------------------------------

Engine-Match Sunday, September 21, 2025 6:11:31 PM
 Blitz 2/1 

Pairing 10/21 :    V7P3R_v11.4  -  SlowMate_v3.1

PGN-File: C:\Program Files (x86)\Arena\Tournaments\Engine Battle 20250921.pgn

No:  B/W 1/2     W:B       1:2           Time        Value Moves Dep 1:2       1-2-Draws
   1 W 1    1.0:0.0        1.0:0.0       6:14:40 PM  +289.97    30 3.179 :2.621  1-0-0

--------------------------------------------------------------

Engine-Match Sunday, September 21, 2025 6:14:42 PM
 Blitz 2/1 

Pairing 11/21 :    Random_Opponent  -  V7P3R_v10.8

PGN-File: C:\Program Files (x86)\Arena\Tournaments\Engine Battle 20250921.pgn

No:  B/W 1/2     W:B       1:2           Time        Value Moves Dep 1:2       1-2-Draws
   1 B 2    1.0:0.0        0.0:1.0       6:16:11 PM  -289.97    31 0:3.167  0-1-0

--------------------------------------------------------------

Engine-Match Sunday, September 21, 2025 6:16:12 PM
 Blitz 2/1 

Pairing 12/21 :    V7P3R_v10.6  -  C0BR4_v2.9

PGN-File: C:\Program Files (x86)\Arena\Tournaments\Engine Battle 20250921.pgn

No:  B/W 1/2     W:B       1:2           Time        Value Moves Dep 1:2       1-2-Draws
   1 B 2    1.0:0.0        0.0:1.0       6:18:00 PM  -289.96    30 3.172 :4.000  0-1-0

--------------------------------------------------------------

Engine-Match Sunday, September 21, 2025 6:18:01 PM
 Blitz 2/1 

Pairing 13/21 :    Stockfish 1%  -  Random_Opponent

PGN-File: C:\Program Files (x86)\Arena\Tournaments\Engine Battle 20250921.pgn

No:  B/W 1/2     W:B       1:2           Time        Value Moves Dep 1:2       1-2-Draws
   1 W 1    1.0:0.0        1.0:0.0       6:18:10 PM      +M1    15 12.333 :0 1-0-0

--------------------------------------------------------------

Engine-Match Sunday, September 21, 2025 6:18:11 PM
 Blitz 2/1 

Pairing 14/21 :    C0BR4_v2.9  -  V7P3R_v11.4

PGN-File: C:\Program Files (x86)\Arena\Tournaments\Engine Battle 20250921.pgn

No:  B/W 1/2     W:B       1:2           Time        Value Moves Dep 1:2       1-2-Draws
   1 W 1    1.0:0.0        1.0:0.0       6:20:15 PM  +299.97    24 4.000 :3.765  1-0-0

--------------------------------------------------------------

Engine-Match Sunday, September 21, 2025 6:20:16 PM
 Blitz 2/1 

Pairing 15/21 :    V7P3R_v10.8  -  V7P3R_v10.6

PGN-File: C:\Program Files (x86)\Arena\Tournaments\Engine Battle 20250921.pgn

No:  B/W 1/2     W:B       1:2           Time        Value Moves Dep 1:2       1-2-Draws
   1 W 1    1.0:0.0        1.0:0.0       6:25:59 PM     0.00    78 2.795 :2.773  1-0-0

--------------------------------------------------------------

Engine-Match Sunday, September 21, 2025 6:26:00 PM
 Blitz 2/1 

Pairing 16/21 :    SlowMate_v3.1  -  C0BR4_v2.9

PGN-File: C:\Program Files (x86)\Arena\Tournaments\Engine Battle 20250921.pgn

No:  B/W 1/2     W:B       1:2           Time        Value Moves Dep 1:2       1-2-Draws
   1 = =    0.5:0.5        0.5:0.5       6:29:03 PM    +0.21    42 2.919 :4.000  0-0-1

--------------------------------------------------------------

Engine-Match Sunday, September 21, 2025 6:29:04 PM
 Blitz 2/1 

Pairing 17/21 :    V7P3R_v10.6  -  Stockfish 1%

PGN-File: C:\Program Files (x86)\Arena\Tournaments\Engine Battle 20250921.pgn

No:  B/W 1/2     W:B       1:2           Time        Value Moves Dep 1:2       1-2-Draws
   1 B 2    1.0:0.0        0.0:1.0       6:31:16 PM   -13.51    37 2.757 :10.750  0-1-0

--------------------------------------------------------------

Engine-Match Sunday, September 21, 2025 6:31:18 PM
 Blitz 2/1 

Pairing 18/21 :    V7P3R_v11.4  -  V7P3R_v10.8

PGN-File: C:\Program Files (x86)\Arena\Tournaments\Engine Battle 20250921.pgn

No:  B/W 1/2     W:B       1:2           Time        Value Moves Dep 1:2       1-2-Draws
   1 = =    0.5:0.5        0.5:0.5       6:34:22 PM    -0.40    14 3.357 :3.077  0-0-1

--------------------------------------------------------------

Engine-Match Sunday, September 21, 2025 6:34:24 PM
 Blitz 2/1 

Pairing 19/21 :    Random_Opponent  -  V7P3R_v10.6

PGN-File: C:\Program Files (x86)\Arena\Tournaments\Engine Battle 20250921.pgn

No:  B/W 1/2     W:B       1:2           Time        Value Moves Dep 1:2       1-2-Draws
   1 B 2    1.0:0.0        0.0:1.0       6:35:44 PM  -289.97    19 0:3.389  0-1-0

--------------------------------------------------------------

Engine-Match Sunday, September 21, 2025 6:35:45 PM
 Blitz 2/1 

Pairing 20/21 :    V7P3R_v10.8  -  SlowMate_v3.1

PGN-File: C:\Program Files (x86)\Arena\Tournaments\Engine Battle 20250921.pgn

No:  B/W 1/2     W:B       1:2           Time        Value Moves Dep 1:2       1-2-Draws
   1 B 2    1.0:0.0        0.0:1.0       6:41:15 PM   -10.25    65 2.429 :2.746  0-1-0

--------------------------------------------------------------

Engine-Match Sunday, September 21, 2025 6:41:22 PM
 Blitz 2/1 

Pairing 21/21 :    Stockfish 1%  -  V7P3R_v11.4

PGN-File: C:\Program Files (x86)\Arena\Tournaments\Engine Battle 20250921.pgn

No:  B/W 1/2     W:B       1:2           Time        Value Moves Dep 1:2       1-2-Draws
   1 W 1    1.0:0.0        1.0:0.0       6:42:24 PM      +M1    13 11.429 :3.250  1-0-0

--------------------------------------------------------------

Engine-Match Sunday, September 21, 2025 6:42:25 PM
 Blitz 2/1 

Pairing 1/21 :    C0BR4_v2.9  -  V7P3R_v10.8

PGN-File: C:\Program Files (x86)\Arena\Tournaments\Engine Battle 20250921.pgn

No:  B/W 1/2     W:B       1:2           Time        Value Moves Dep 1:2       1-2-Draws
   2 = =    1.0:1.0        1.0:1.0       6:44:20 PM     0.00    30 4.000 :3.130  0-0-2

--------------------------------------------------------------

Engine-Match Sunday, September 21, 2025 6:44:21 PM
 Blitz 2/1 

Pairing 2/21 :    V7P3R_v11.4  -  Random_Opponent

PGN-File: C:\Program Files (x86)\Arena\Tournaments\Engine Battle 20250921.pgn

No:  B/W 1/2     W:B       1:2           Time        Value Moves Dep 1:2       1-2-Draws
   2 B 1    1.0:0.0        2.0:0.0       6:46:19 PM  -289.96    30 3.276 :0 2-0-0

--------------------------------------------------------------

Engine-Match Sunday, September 21, 2025 6:46:21 PM
 Blitz 2/1 

Pairing 3/21 :    SlowMate_v3.1  -  Stockfish 1%

PGN-File: C:\Program Files (x86)\Arena\Tournaments\Engine Battle 20250921.pgn

No:  B/W 1/2     W:B       1:2           Time        Value Moves Dep 1:2       1-2-Draws
   2 B 1    1.5:0.5        1.5:0.5       6:49:10 PM  -192.41    58 2.808 :10.333  1-0-1

--------------------------------------------------------------

Engine-Match Sunday, September 21, 2025 6:49:11 PM
 Blitz 2/1 

Pairing 4/21 :    V7P3R_v10.6  -  V7P3R_v11.4

PGN-File: C:\Program Files (x86)\Arena\Tournaments\Engine Battle 20250921.pgn

No:  B/W 1/2     W:B       1:2           Time        Value Moves Dep 1:2       1-2-Draws
   2 B 1    1.0:0.0        2.0:0.0       6:54:38 PM     0.00    54 2.864 :3.435  2-0-0

--------------------------------------------------------------

Engine-Match Sunday, September 21, 2025 6:54:40 PM
 Blitz 2/1 

Pairing 5/21 :    Stockfish 1%  -  C0BR4_v2.9

PGN-File: C:\Program Files (x86)\Arena\Tournaments\Engine Battle 20250921.pgn

No:  B/W 1/2     W:B       1:2           Time        Value Moves Dep 1:2       1-2-Draws
   2 B 1    1.0:0.0        2.0:0.0       6:55:29 PM    -9.57    67 9.444 :4.000  2-0-0

--------------------------------------------------------------

Engine-Match Sunday, September 21, 2025 6:55:30 PM
 Blitz 2/1 

Pairing 6/21 :    Random_Opponent  -  SlowMate_v3.1

PGN-File: C:\Program Files (x86)\Arena\Tournaments\Engine Battle 20250921.pgn

No:  B/W 1/2     W:B       1:2           Time        Value Moves Dep 1:2       1-2-Draws
   2 W 2    1.5:0.5        0.5:1.5       6:56:55 PM  +179.74    24 0:3.042  0-1-1

--------------------------------------------------------------

Engine-Match Sunday, September 21, 2025 6:56:56 PM
 Blitz 2/1 

Pairing 7/21 :    V7P3R_v10.8  -  Stockfish 1%

PGN-File: C:\Program Files (x86)\Arena\Tournaments\Engine Battle 20250921.pgn

No:  B/W 1/2     W:B       1:2           Time        Value Moves Dep 1:2       1-2-Draws
   2 W 2    1.0:0.0        0.0:2.0       6:58:19 PM      +M1    23 2.905 :10.500  0-2-0

--------------------------------------------------------------

Engine-Match Sunday, September 21, 2025 6:58:21 PM
 Blitz 2/1 

Pairing 8/21 :    SlowMate_v3.1  -  V7P3R_v10.6

PGN-File: C:\Program Files (x86)\Arena\Tournaments\Engine Battle 20250921.pgn

No:  B/W 1/2     W:B       1:2           Time        Value Moves Dep 1:2       1-2-Draws
   2 = =    0.5:0.5        0.5:1.5       7:00:52 PM     0.00    21 3.150 :3.000  0-1-1

--------------------------------------------------------------

Engine-Match Sunday, September 21, 2025 7:00:54 PM
 Blitz 2/1 

Pairing 9/21 :    C0BR4_v2.9  -  Random_Opponent

PGN-File: C:\Program Files (x86)\Arena\Tournaments\Engine Battle 20250921.pgn

No:  B/W 1/2     W:B       1:2           Time        Value Moves Dep 1:2       1-2-Draws
   2 B 1    1.0:0.0        2.0:0.0       7:01:09 PM  -299.97    21 4.000 :0 2-0-0

--------------------------------------------------------------

Engine-Match Sunday, September 21, 2025 7:01:10 PM
 Blitz 2/1 

Pairing 10/21 :    V7P3R_v11.4  -  SlowMate_v3.1

PGN-File: C:\Program Files (x86)\Arena\Tournaments\Engine Battle 20250921.pgn

No:  B/W 1/2     W:B       1:2           Time        Value Moves Dep 1:2       1-2-Draws
   2 = =    0.5:0.5        1.5:0.5       7:03:05 PM    +0.87    15 3.385 :2.867  1-0-1

--------------------------------------------------------------

Engine-Match Sunday, September 21, 2025 7:03:06 PM
 Blitz 2/1 

Pairing 11/21 :    Random_Opponent  -  V7P3R_v10.8

PGN-File: C:\Program Files (x86)\Arena\Tournaments\Engine Battle 20250921.pgn

No:  B/W 1/2     W:B       1:2           Time        Value Moves Dep 1:2       1-2-Draws
   2 W 2    1.0:0.0        0.0:2.0       7:04:06 PM  +289.96    17 0:3.250  0-2-0

--------------------------------------------------------------

Engine-Match Sunday, September 21, 2025 7:04:07 PM
 Blitz 2/1 

Pairing 12/21 :    V7P3R_v10.6  -  C0BR4_v2.9

PGN-File: C:\Program Files (x86)\Arena\Tournaments\Engine Battle 20250921.pgn

No:  B/W 1/2     W:B       1:2           Time        Value Moves Dep 1:2       1-2-Draws
   2 W 2    1.0:0.0        0.0:2.0       7:05:49 PM   +15.22    25 3.000 :4.000  0-2-0

--------------------------------------------------------------

Engine-Match Sunday, September 21, 2025 7:05:50 PM
 Blitz 2/1 

Pairing 13/21 :    Stockfish 1%  -  Random_Opponent

PGN-File: C:\Program Files (x86)\Arena\Tournaments\Engine Battle 20250921.pgn

No:  B/W 1/2     W:B       1:2           Time        Value Moves Dep 1:2       1-2-Draws
   2 B 1    1.0:0.0        2.0:0.0       7:06:04 PM      -M1    28 11.625 :0 2-0-0

--------------------------------------------------------------

Engine-Match Sunday, September 21, 2025 7:06:06 PM
 Blitz 2/1 

Pairing 14/21 :    C0BR4_v2.9  -  V7P3R_v11.4

PGN-File: C:\Program Files (x86)\Arena\Tournaments\Engine Battle 20250921.pgn

No:  B/W 1/2     W:B       1:2           Time        Value Moves Dep 1:2       1-2-Draws
   2 B 1    1.0:0.0        2.0:0.0       7:07:37 PM   -15.20    18 4.000 :3.313  2-0-0

--------------------------------------------------------------

Engine-Match Sunday, September 21, 2025 7:07:38 PM
 Blitz 2/1 

Pairing 15/21 :    V7P3R_v10.8  -  V7P3R_v10.6

PGN-File: C:\Program Files (x86)\Arena\Tournaments\Engine Battle 20250921.pgn

No:  B/W 1/2     W:B       1:2           Time        Value Moves Dep 1:2       1-2-Draws
   2 W 2    1.0:0.0        1.0:1.0       7:13:17 PM  +289.98    81 2.673 :2.625  1-1-0

--------------------------------------------------------------

Engine-Match Sunday, September 21, 2025 7:13:18 PM
 Blitz 2/1 

Pairing 16/21 :    SlowMate_v3.1  -  C0BR4_v2.9

PGN-File: C:\Program Files (x86)\Arena\Tournaments\Engine Battle 20250921.pgn

No:  B/W 1/2     W:B       1:2           Time        Value Moves Dep 1:2       1-2-Draws
