Engine-Match Sunday, September 21, 2025 6:36:57 PM
 Blitz 1/1 

Pairing 1/10 :    V7P3R_v11.4  -  V7P3R_v11.2

PGN-File: C:\Program Files (x86)\Arena\Tournaments\Engine Regression Battle 20250921_2.pgn

No:  B/W 1/2     W:B       1:2           Time        Value Moves Dep 1:2       1-2-Draws
   1 B 2    1.0:0.0        0.0:1.0       6:38:57 PM     0.00    18 3.333 :3.056  0-1-0

--------------------------------------------------------------

Engine-Match Sunday, September 21, 2025 6:38:58 PM
 Blitz 1/1 

Pairing 2/10 :    V7P3R_v10.8  -  V7P3R_v10.6

PGN-File: C:\Program Files (x86)\Arena\Tournaments\Engine Regression Battle 20250921_2.pgn

No:  B/W 1/2     W:B       1:2           Time        Value Moves Dep 1:2       1-2-Draws
   1 B 2    1.0:0.0        0.0:1.0       6:41:08 PM  -289.98    40 2.739 :2.545  0-1-0

--------------------------------------------------------------

Engine-Match Sunday, September 21, 2025 6:41:09 PM
 Blitz 1/1 

Pairing 3/10 :    V7P3R_v11.0  -  V7P3R_v10.8

PGN-File: C:\Program Files (x86)\Arena\Tournaments\Engine Regression Battle 20250921_2.pgn

No:  B/W 1/2     W:B       1:2           Time        Value Moves Dep 1:2       1-2-Draws
   1 B 2    1.0:0.0        0.0:1.0       6:43:03 PM  -289.96    46 2.152 :2.727  0-1-0

--------------------------------------------------------------

Engine-Match Sunday, September 21, 2025 6:43:04 PM
 Blitz 1/1 

Pairing 4/10 :    V7P3R_v10.6  -  V7P3R_v11.4

PGN-File: C:\Program Files (x86)\Arena\Tournaments\Engine Regression Battle 20250921_2.pgn

No:  B/W 1/2     W:B       1:2           Time        Value Moves Dep 1:2       1-2-Draws
   1 B 2    1.0:0.0        0.0:1.0       6:45:56 PM     0.00    26 2.583 :3.591  0-1-0

--------------------------------------------------------------

Engine-Match Sunday, September 21, 2025 6:45:57 PM
 Blitz 1/1 

Pairing 5/10 :    V7P3R_v11.2  -  V7P3R_v10.6

PGN-File: C:\Program Files (x86)\Arena\Tournaments\Engine Regression Battle 20250921_2.pgn

No:  B/W 1/2     W:B       1:2           Time        Value Moves Dep 1:2       1-2-Draws
   1 B 2    1.0:0.0        0.0:1.0       6:48:08 PM   -11.08    38 3.161 :2.613  0-1-0

--------------------------------------------------------------

Engine-Match Sunday, September 21, 2025 6:48:09 PM
 Blitz 1/1 

Pairing 6/10 :    V7P3R_v11.4  -  V7P3R_v11.0

PGN-File: C:\Program Files (x86)\Arena\Tournaments\Engine Regression Battle 20250921_2.pgn

No:  B/W 1/2     W:B       1:2           Time        Value Moves Dep 1:2       1-2-Draws
   1 B 2    1.0:0.0        0.0:1.0       6:50:04 PM     0.00    16 3.133 :2.063  0-1-0

--------------------------------------------------------------

Engine-Match Sunday, September 21, 2025 6:50:05 PM
 Blitz 1/1 

Pairing 7/10 :    V7P3R_v10.8  -  V7P3R_v11.4

PGN-File: C:\Program Files (x86)\Arena\Tournaments\Engine Regression Battle 20250921_2.pgn

No:  B/W 1/2     W:B       1:2           Time        Value Moves Dep 1:2       1-2-Draws
   1 W 1    1.0:0.0        1.0:0.0       6:52:29 PM     0.00    18 2.895 :3.333  1-0-0

--------------------------------------------------------------

Engine-Match Sunday, September 21, 2025 6:52:31 PM
 Blitz 1/1 

Pairing 8/10 :    V7P3R_v11.0  -  V7P3R_v11.2

PGN-File: C:\Program Files (x86)\Arena\Tournaments\Engine Regression Battle 20250921_2.pgn

No:  B/W 1/2     W:B       1:2           Time        Value Moves Dep 1:2       1-2-Draws
   1 W 1    1.0:0.0        1.0:0.0       6:54:20 PM  +289.95    48 2.125 :2.813  1-0-0

--------------------------------------------------------------

Engine-Match Sunday, September 21, 2025 6:54:21 PM
 Blitz 1/1 

Pairing 9/10 :    V7P3R_v10.6  -  V7P3R_v11.0

PGN-File: C:\Program Files (x86)\Arena\Tournaments\Engine Regression Battle 20250921_2.pgn

No:  B/W 1/2     W:B       1:2           Time        Value Moves Dep 1:2       1-2-Draws
   1 W 1    1.0:0.0        1.0:0.0       6:55:57 PM     0.00    39 2.938 :2.235  1-0-0

--------------------------------------------------------------

Engine-Match Sunday, September 21, 2025 6:55:59 PM
 Blitz 1/1 

Pairing 10/10 :    V7P3R_v11.2  -  V7P3R_v10.8

PGN-File: C:\Program Files (x86)\Arena\Tournaments\Engine Regression Battle 20250921_2.pgn

No:  B/W 1/2     W:B       1:2           Time        Value Moves Dep 1:2       1-2-Draws
   1 B 2    1.0:0.0        0.0:1.0       6:57:51 PM   -25.72    32 3.067 :2.448  0-1-0

--------------------------------------------------------------

Engine-Match Sunday, September 21, 2025 6:57:52 PM
 Blitz 1/1 

Pairing 1/10 :    V7P3R_v11.4  -  V7P3R_v11.2

PGN-File: C:\Program Files (x86)\Arena\Tournaments\Engine Regression Battle 20250921_2.pgn

No:  B/W 1/2     W:B       1:2           Time        Value Moves Dep 1:2       1-2-Draws
   2 W 2    1.0:0.0        0.0:2.0       7:00:03 PM     0.00    24 3.261 :3.080  0-2-0

--------------------------------------------------------------

Engine-Match Sunday, September 21, 2025 7:00:04 PM
 Blitz 1/1 

Pairing 2/10 :    V7P3R_v10.8  -  V7P3R_v10.6

PGN-File: C:\Program Files (x86)\Arena\Tournaments\Engine Regression Battle 20250921_2.pgn

No:  B/W 1/2     W:B       1:2           Time        Value Moves Dep 1:2       1-2-Draws
   2 W 2    1.0:0.0        0.0:2.0       7:02:40 PM   +10.95    50 2.731 :2.692  0-2-0

--------------------------------------------------------------

Engine-Match Sunday, September 21, 2025 7:02:41 PM
 Blitz 1/1 

Pairing 3/10 :    V7P3R_v11.0  -  V7P3R_v10.8

PGN-File: C:\Program Files (x86)\Arena\Tournaments\Engine Regression Battle 20250921_2.pgn

No:  B/W 1/2     W:B       1:2           Time        Value Moves Dep 1:2       1-2-Draws
   2 W 2    1.0:0.0        0.0:2.0       7:03:51 PM  +289.96    25 2.353 :3.000  0-2-0

--------------------------------------------------------------

Engine-Match Sunday, September 21, 2025 7:03:52 PM
 Blitz 1/1 

Pairing 4/10 :    V7P3R_v10.6  -  V7P3R_v11.4

PGN-File: C:\Program Files (x86)\Arena\Tournaments\Engine Regression Battle 20250921_2.pgn

No:  B/W 1/2     W:B       1:2           Time        Value Moves Dep 1:2       1-2-Draws
   2 B 1    1.0:0.0        1.0:1.0       7:05:51 PM   -19.20    19 2.500 :3.444  1-1-0

--------------------------------------------------------------

Engine-Match Sunday, September 21, 2025 7:05:52 PM
 Blitz 1/1 

Pairing 5/10 :    V7P3R_v11.2  -  V7P3R_v10.6

PGN-File: C:\Program Files (x86)\Arena\Tournaments\Engine Regression Battle 20250921_2.pgn

No:  B/W 1/2     W:B       1:2           Time        Value Moves Dep 1:2       1-2-Draws
   2 W 2    1.0:0.0        0.0:2.0       7:08:11 PM  +289.96    37 3.000 :2.457  0-2-0

--------------------------------------------------------------

Engine-Match Sunday, September 21, 2025 7:08:12 PM
 Blitz 1/1 

Pairing 6/10 :    V7P3R_v11.4  -  V7P3R_v11.0

PGN-File: C:\Program Files (x86)\Arena\Tournaments\Engine Regression Battle 20250921_2.pgn

No:  B/W 1/2     W:B       1:2           Time        Value Moves Dep 1:2       1-2-Draws
   2 W 2    1.0:0.0        0.0:2.0       7:10:13 PM     0.00    27 3.120 :2.038  0-2-0

--------------------------------------------------------------

Engine-Match Sunday, September 21, 2025 7:10:15 PM
 Blitz 1/1 

Pairing 7/10 :    V7P3R_v10.8  -  V7P3R_v11.4

PGN-File: C:\Program Files (x86)\Arena\Tournaments\Engine Regression Battle 20250921_2.pgn

No:  B/W 1/2     W:B       1:2           Time        Value Moves Dep 1:2       1-2-Draws
   2 B 1    1.0:0.0        2.0:0.0       7:13:10 PM     0.00    35 2.480 :3.409  2-0-0

--------------------------------------------------------------

Engine-Match Sunday, September 21, 2025 7:13:12 PM
 Blitz 1/1 

Pairing 8/10 :    V7P3R_v11.0  -  V7P3R_v11.2

PGN-File: C:\Program Files (x86)\Arena\Tournaments\Engine Regression Battle 20250921_2.pgn

No:  B/W 1/2     W:B       1:2           Time        Value Moves Dep 1:2       1-2-Draws
