Engine-Match Sunday, September 21, 2025 5:47:28 PM
 Blitz 2/1 

Pairing 1/10 :    V7P3R_v10.6  -  V7P3R_v11.2

PGN-File: C:\Program Files (x86)\Arena\Tournaments\Engine Regression Battle 20250921.pgn

No:  B/W 1/2     W:B       1:2           Time        Value Moves Dep 1:2       1-2-Draws
   1 * *     0.0:0.0        0.0:0.0       5:48:29 PM    -0.10     7 3.143 :3.500  0-0-0

--------------------------------------------------------------

Engine-Match Sunday, September 21, 2025 5:48:46 PM
 Blitz 2/1 

Pairing 1/4 :    V7P3R_v11.4  -  V7P3R_v10.6

PGN-File: C:\Program Files (x86)\Arena\Tournaments\Engine Regression Battle 20250921.pgn

No:  B/W 1/2     W:B       1:2           Time        Value Moves Dep 1:2       1-2-Draws

--------------------------------------------------------------

Engine-Match Sunday, September 21, 2025 5:49:04 PM
 Blitz 2/1 

Pairing 1/4 :    V7P3R_v11.4  -  V7P3R_v10.6

PGN-File: C:\Program Files (x86)\Arena\Tournaments\Engine Regression Battle 20250921.pgn

No:  B/W 1/2     W:B       1:2           Time        Value Moves Dep 1:2       1-2-Draws
   1 B 2    1.0:0.0        0.0:1.0       5:54:09 PM  -289.95    55 3.808 :3.143  0-1-0

--------------------------------------------------------------

Engine-Match Sunday, September 21, 2025 5:54:11 PM
 Blitz 2/1 

Pairing 2/4 :    V7P3R_v11.4  -  V7P3R_v10.8

PGN-File: C:\Program Files (x86)\Arena\Tournaments\Engine Regression Battle 20250921.pgn

No:  B/W 1/2     W:B       1:2           Time        Value Moves Dep 1:2       1-2-Draws
   1 B 2    1.0:0.0        0.0:1.0       5:57:03 PM  -289.97    26 3.417 :2.917  0-1-0

--------------------------------------------------------------

Engine-Match Sunday, September 21, 2025 5:57:04 PM
 Blitz 2/1 

Pairing 3/4 :    V7P3R_v11.4  -  V7P3R_v11.2

PGN-File: C:\Program Files (x86)\Arena\Tournaments\Engine Regression Battle 20250921.pgn

No:  B/W 1/2     W:B       1:2           Time        Value Moves Dep 1:2       1-2-Draws
   1 B 2    1.0:0.0        0.0:1.0       5:59:57 PM   -23.90    26 3.500 :3.600  0-1-0

--------------------------------------------------------------

Engine-Match Sunday, September 21, 2025 5:59:58 PM
 Blitz 2/1 

Pairing 4/4 :    V7P3R_v11.4  -  V7P3R_v11.0

PGN-File: C:\Program Files (x86)\Arena\Tournaments\Engine Regression Battle 20250921.pgn

No:  B/W 1/2     W:B       1:2           Time        Value Moves Dep 1:2       1-2-Draws
   1 B 2    1.0:0.0        0.0:1.0       6:02:45 PM  -289.95    30 3.069 :2.143  0-1-0

--------------------------------------------------------------

Engine-Match Sunday, September 21, 2025 6:02:47 PM
 Blitz 2/1 

Pairing 1/4 :    V7P3R_v11.4  -  V7P3R_v10.6

PGN-File: C:\Program Files (x86)\Arena\Tournaments\Engine Regression Battle 20250921.pgn

No:  B/W 1/2     W:B       1:2           Time        Value Moves Dep 1:2       1-2-Draws
   2 W 2    1.0:0.0        0.0:2.0       6:07:48 PM   +10.00    52 3.481 :3.172  0-2-0

--------------------------------------------------------------

Engine-Match Sunday, September 21, 2025 6:07:50 PM
 Blitz 2/1 

Pairing 2/4 :    V7P3R_v11.4  -  V7P3R_v10.8

PGN-File: C:\Program Files (x86)\Arena\Tournaments\Engine Regression Battle 20250921.pgn

No:  B/W 1/2     W:B       1:2           Time        Value Moves Dep 1:2       1-2-Draws
   2 W 2    1.0:0.0        0.0:2.0       6:10:30 PM  +289.96    20 3.353 :3.000  0-2-0

--------------------------------------------------------------

Engine-Match Sunday, September 21, 2025 6:10:31 PM
 Blitz 2/1 

Pairing 3/4 :    V7P3R_v11.4  -  V7P3R_v11.2

PGN-File: C:\Program Files (x86)\Arena\Tournaments\Engine Regression Battle 20250921.pgn

No:  B/W 1/2     W:B       1:2           Time        Value Moves Dep 1:2       1-2-Draws
   2 = =    0.5:0.5        0.5:1.5       6:15:01 PM    +4.22    51 3.182 :3.261  0-1-1

--------------------------------------------------------------

Engine-Match Sunday, September 21, 2025 6:15:02 PM
 Blitz 2/1 

Pairing 4/4 :    V7P3R_v11.4  -  V7P3R_v11.0

PGN-File: C:\Program Files (x86)\Arena\Tournaments\Engine Regression Battle 20250921.pgn

No:  B/W 1/2     W:B       1:2           Time        Value Moves Dep 1:2       1-2-Draws
   2 B 1    1.0:0.0        1.0:1.0       6:17:23 PM     0.00    34 3.238 :2.360  1-1-0
