Engine-Match Monday, September 8, 2025 8:22:46 PM
 Blitz 2/1 

Pairing 1/36 :    V7P3R_v10.3  -  V7P3R_v9.0

PGN-File: C:\Program Files (x86)\Arena\Tournaments\Engine Battle 20250908.pgn

No:  B/W 1/2     W:B       1:2           Time        Value Moves Dep 1:2       1-2-Draws
   1 W 1    1.0:0.0        1.0:0.0       8:23:59 PM  +290.00    10 2.900 :5.300  1-0-0

--------------------------------------------------------------

Engine-Match Monday, September 8, 2025 8:24:01 PM
 Blitz 2/1 

Pairing 2/36 :    V7P3R_v8.0  -  V7P3R_v10.2

PGN-File: C:\Program Files (x86)\Arena\Tournaments\Engine Battle 20250908.pgn

No:  B/W 1/2     W:B       1:2           Time        Value Moves Dep 1:2       1-2-Draws
   1 B 2    1.0:0.0        0.0:1.0       8:25:20 PM  -130.00    11 5.182 :4.750  0-1-0

--------------------------------------------------------------

Engine-Match Monday, September 8, 2025 8:25:21 PM
 Blitz 2/1 

Pairing 3/36 :    V7P3R_v10.0  -  V7P3R_v7.0

PGN-File: C:\Program Files (x86)\Arena\Tournaments\Engine Battle 20250908.pgn

No:  B/W 1/2     W:B       1:2           Time        Value Moves Dep 1:2       1-2-Draws
   1 W 1    1.0:0.0        1.0:0.0       8:28:05 PM   +25.00    13 4.462 :5.231  1-0-0

--------------------------------------------------------------

Engine-Match Monday, September 8, 2025 8:28:07 PM
 Blitz 2/1 

Pairing 4/36 :    V7P3R_v6.0  -  V7P3R_v5.1

PGN-File: C:\Program Files (x86)\Arena\Tournaments\Engine Battle 20250908.pgn

No:  B/W 1/2     W:B       1:2           Time        Value Moves Dep 1:2       1-2-Draws
   1 B 2    1.0:0.0        0.0:1.0       8:29:34 PM   -23.32    11 3.000 :3.300  0-1-0

--------------------------------------------------------------

Engine-Match Monday, September 8, 2025 8:29:35 PM
 Blitz 2/1 

Pairing 5/36 :    Random_Opponent  -  V7P3R_v8.0

PGN-File: C:\Program Files (x86)\Arena\Tournaments\Engine Battle 20250908.pgn

No:  B/W 1/2     W:B       1:2           Time        Value Moves Dep 1:2       1-2-Draws
   1 B 2    1.0:0.0        0.0:1.0       8:30:15 PM      -M1    12 0:5.083  0-1-0

--------------------------------------------------------------

Engine-Match Monday, September 8, 2025 8:30:16 PM
 Blitz 2/1 

Pairing 6/36 :    V7P3R_v7.0  -  V7P3R_v10.3

PGN-File: C:\Program Files (x86)\Arena\Tournaments\Engine Battle 20250908.pgn

No:  B/W 1/2     W:B       1:2           Time        Value Moves Dep 1:2       1-2-Draws
   1 = =    0.5:0.5        0.5:0.5       8:34:47 PM  +230.00    38 4.763 :2.676  0-0-1

--------------------------------------------------------------

Engine-Match Monday, September 8, 2025 8:34:49 PM
 Blitz 2/1 

Pairing 7/36 :    V7P3R_v10.2  -  V7P3R_v6.0

PGN-File: C:\Program Files (x86)\Arena\Tournaments\Engine Battle 20250908.pgn

No:  B/W 1/2     W:B       1:2           Time        Value Moves Dep 1:2       1-2-Draws
   1 W 1    1.0:0.0        1.0:0.0       8:35:55 PM   +21.79     6 4.833 :3.000  1-0-0

--------------------------------------------------------------

Engine-Match Monday, September 8, 2025 8:35:56 PM
 Blitz 2/1 

Pairing 8/36 :    V7P3R_v5.1  -  V7P3R_v10.0

PGN-File: C:\Program Files (x86)\Arena\Tournaments\Engine Battle 20250908.pgn

No:  B/W 1/2     W:B       1:2           Time        Value Moves Dep 1:2       1-2-Draws
   1 B 2    1.0:0.0        0.0:1.0       8:38:45 PM   -13.64    26 2.731 :4.400  0-1-0

--------------------------------------------------------------

Engine-Match Monday, September 8, 2025 8:38:47 PM
 Blitz 2/1 

Pairing 9/36 :    V7P3R_v9.0  -  V7P3R_v7.0

PGN-File: C:\Program Files (x86)\Arena\Tournaments\Engine Battle 20250908.pgn

No:  B/W 1/2     W:B       1:2           Time        Value Moves Dep 1:2       1-2-Draws
   1 B 2    1.0:0.0        0.0:1.0       8:40:48 PM  -195.00    10 5.900 :5.556  0-1-0

--------------------------------------------------------------

Engine-Match Monday, September 8, 2025 8:40:50 PM
 Blitz 2/1 

Pairing 10/36 :    V7P3R_v6.0  -  Random_Opponent

PGN-File: C:\Program Files (x86)\Arena\Tournaments\Engine Battle 20250908.pgn

No:  B/W 1/2     W:B       1:2           Time        Value Moves Dep 1:2       1-2-Draws
   1 W 1    1.0:0.0        1.0:0.0       8:42:46 PM     0.00    29 3.000 :0 1-0-0

--------------------------------------------------------------

Engine-Match Monday, September 8, 2025 8:42:48 PM
 Blitz 2/1 

Pairing 11/36 :    V7P3R_v10.3  -  V7P3R_v5.1

PGN-File: C:\Program Files (x86)\Arena\Tournaments\Engine Battle 20250908.pgn

No:  B/W 1/2     W:B       1:2           Time        Value Moves Dep 1:2       1-2-Draws
   1 W 1    1.0:0.0        1.0:0.0       8:45:34 PM   +59.30    23 3.158 :3.050  1-0-0

--------------------------------------------------------------

Engine-Match Monday, September 8, 2025 8:45:35 PM
 Blitz 2/1 

Pairing 12/36 :    V7P3R_v10.0  -  V7P3R_v10.2

PGN-File: C:\Program Files (x86)\Arena\Tournaments\Engine Battle 20250908.pgn

No:  B/W 1/2     W:B       1:2           Time        Value Moves Dep 1:2       1-2-Draws
   1 = =    0.5:0.5        0.5:0.5       8:48:56 PM   +43.00    46 4.682 :4.500  0-0-1

--------------------------------------------------------------

Engine-Match Monday, September 8, 2025 8:48:57 PM
 Blitz 2/1 

Pairing 13/36 :    V7P3R_v8.0  -  V7P3R_v6.0

PGN-File: C:\Program Files (x86)\Arena\Tournaments\Engine Battle 20250908.pgn

No:  B/W 1/2     W:B       1:2           Time        Value Moves Dep 1:2       1-2-Draws
   1 W 1    1.0:0.0        1.0:0.0       8:49:52 PM   +19.92     6 5.833 :3.000  1-0-0

--------------------------------------------------------------

Engine-Match Monday, September 8, 2025 8:49:53 PM
 Blitz 2/1 

Pairing 14/36 :    V7P3R_v5.1  -  V7P3R_v9.0

PGN-File: C:\Program Files (x86)\Arena\Tournaments\Engine Battle 20250908.pgn

No:  B/W 1/2     W:B       1:2           Time        Value Moves Dep 1:2       1-2-Draws
   1 B 2    1.0:0.0        0.0:1.0       8:51:34 PM   -12.65    18 3.056 :5.471  0-1-0

--------------------------------------------------------------

Engine-Match Monday, September 8, 2025 8:51:35 PM
 Blitz 2/1 

Pairing 15/36 :    Random_Opponent  -  V7P3R_v10.0

PGN-File: C:\Program Files (x86)\Arena\Tournaments\Engine Battle 20250908.pgn

No:  B/W 1/2     W:B       1:2           Time        Value Moves Dep 1:2       1-2-Draws
   1 B 2    1.0:0.0        0.0:1.0       8:52:17 PM  -289.98     7 0:5.429  0-1-0

--------------------------------------------------------------

Engine-Match Monday, September 8, 2025 8:52:18 PM
 Blitz 2/1 

Pairing 16/36 :    V7P3R_v10.2  -  V7P3R_v10.3

PGN-File: C:\Program Files (x86)\Arena\Tournaments\Engine Battle 20250908.pgn

No:  B/W 1/2     W:B       1:2           Time        Value Moves Dep 1:2       1-2-Draws
   1 W 1    1.0:0.0        1.0:0.0       8:54:51 PM  +289.98    14 4.545 :2.769  1-0-0

--------------------------------------------------------------

Engine-Match Monday, September 8, 2025 8:54:52 PM
 Blitz 2/1 

Pairing 17/36 :    V7P3R_v7.0  -  V7P3R_v5.1

PGN-File: C:\Program Files (x86)\Arena\Tournaments\Engine Battle 20250908.pgn

No:  B/W 1/2     W:B       1:2           Time        Value Moves Dep 1:2       1-2-Draws
   1 W 1    1.0:0.0        1.0:0.0       8:56:39 PM   +36.00     8 5.625 :3.125  1-0-0

--------------------------------------------------------------

Engine-Match Monday, September 8, 2025 8:56:40 PM
 Blitz 2/1 

Pairing 18/36 :    V7P3R_v10.0  -  V7P3R_v8.0

PGN-File: C:\Program Files (x86)\Arena\Tournaments\Engine Battle 20250908.pgn

No:  B/W 1/2     W:B       1:2           Time        Value Moves Dep 1:2       1-2-Draws
   1 W 1    1.0:0.0        1.0:0.0       8:58:13 PM  +115.00    11 5.182 :5.273  1-0-0

--------------------------------------------------------------

Engine-Match Monday, September 8, 2025 8:58:14 PM
 Blitz 2/1 

Pairing 19/36 :    V7P3R_v9.0  -  V7P3R_v10.2

PGN-File: C:\Program Files (x86)\Arena\Tournaments\Engine Battle 20250908.pgn

No:  B/W 1/2     W:B       1:2           Time        Value Moves Dep 1:2       1-2-Draws
   1 B 2    1.0:0.0        0.0:1.0       8:59:11 PM  -305.00     7 5.857 :4.833  0-1-0

--------------------------------------------------------------

Engine-Match Monday, September 8, 2025 8:59:12 PM
 Blitz 2/1 

Pairing 20/36 :    V7P3R_v10.3  -  Random_Opponent

PGN-File: C:\Program Files (x86)\Arena\Tournaments\Engine Battle 20250908.pgn

No:  B/W 1/2     W:B       1:2           Time        Value Moves Dep 1:2       1-2-Draws
   1 W 1    1.0:0.0        1.0:0.0       9:00:01 PM  +289.96     6 3.167 :0 1-0-0

--------------------------------------------------------------

Engine-Match Monday, September 8, 2025 9:00:07 PM
 Blitz 2/1 

Pairing 21/36 :    V7P3R_v6.0  -  V7P3R_v10.0

PGN-File: C:\Program Files (x86)\Arena\Tournaments\Engine Battle 20250908.pgn

No:  B/W 1/2     W:B       1:2           Time        Value Moves Dep 1:2       1-2-Draws
   1 B 2    1.0:0.0        0.0:1.0       9:01:27 PM   -24.83     9 3.000 :5.125  0-1-0

--------------------------------------------------------------

Engine-Match Monday, September 8, 2025 9:01:28 PM
 Blitz 2/1 

Pairing 22/36 :    V7P3R_v10.2  -  V7P3R_v7.0

PGN-File: C:\Program Files (x86)\Arena\Tournaments\Engine Battle 20250908.pgn

No:  B/W 1/2     W:B       1:2           Time        Value Moves Dep 1:2       1-2-Draws
   1 B 2    1.0:0.0        0.0:1.0       9:05:23 PM  -289.98    27 4.700 :4.577  0-1-0

--------------------------------------------------------------

Engine-Match Monday, September 8, 2025 9:05:24 PM
 Blitz 2/1 

Pairing 23/36 :    V7P3R_v8.0  -  V7P3R_v10.3

PGN-File: C:\Program Files (x86)\Arena\Tournaments\Engine Battle 20250908.pgn

No:  B/W 1/2     W:B       1:2           Time        Value Moves Dep 1:2       1-2-Draws
   1 B 2    1.0:0.0        0.0:1.0       9:06:28 PM   -90.00     6 5.167 :3.000  0-1-0

--------------------------------------------------------------

Engine-Match Monday, September 8, 2025 9:06:29 PM
 Blitz 2/1 

Pairing 24/36 :    Random_Opponent  -  V7P3R_v9.0

PGN-File: C:\Program Files (x86)\Arena\Tournaments\Engine Battle 20250908.pgn

No:  B/W 1/2     W:B       1:2           Time        Value Moves Dep 1:2       1-2-Draws
   1 B 2    1.0:0.0        0.0:1.0       9:07:02 PM      -M1    15 0:5.800  0-1-0

--------------------------------------------------------------

Engine-Match Monday, September 8, 2025 9:07:04 PM
 Blitz 2/1 

Pairing 25/36 :    V7P3R_v5.1  -  V7P3R_v10.2

PGN-File: C:\Program Files (x86)\Arena\Tournaments\Engine Battle 20250908.pgn

No:  B/W 1/2     W:B       1:2           Time        Value Moves Dep 1:2       1-2-Draws
   1 B 2    1.0:0.0        0.0:1.0       9:08:13 PM   -14.14     8 3.125 :4.500  0-1-0

--------------------------------------------------------------

Engine-Match Monday, September 8, 2025 9:08:14 PM
 Blitz 2/1 

Pairing 26/36 :    V7P3R_v10.3  -  V7P3R_v6.0

PGN-File: C:\Program Files (x86)\Arena\Tournaments\Engine Battle 20250908.pgn

No:  B/W 1/2     W:B       1:2           Time        Value Moves Dep 1:2       1-2-Draws
   1 W 1    1.0:0.0        1.0:0.0       9:09:00 PM  +289.96     5 3.200 :3.000  1-0-0

--------------------------------------------------------------

Engine-Match Monday, September 8, 2025 9:09:01 PM
 Blitz 2/1 

Pairing 27/36 :    V7P3R_v7.0  -  Random_Opponent

PGN-File: C:\Program Files (x86)\Arena\Tournaments\Engine Battle 20250908.pgn

No:  B/W 1/2     W:B       1:2           Time        Value Moves Dep 1:2       1-2-Draws
   1 = =    0.5:0.5        0.5:0.5       9:11:23 PM     0.00    29 5.120 :0 0-0-1

--------------------------------------------------------------

Engine-Match Monday, September 8, 2025 9:11:24 PM
 Blitz 2/1 

Pairing 28/36 :    V7P3R_v9.0  -  V7P3R_v8.0

PGN-File: C:\Program Files (x86)\Arena\Tournaments\Engine Battle 20250908.pgn

No:  B/W 1/2     W:B       1:2           Time        Value Moves Dep 1:2       1-2-Draws
   1 W 1    1.0:0.0        1.0:0.0       9:11:53 PM   +90.00     5 5.800 :5.400  1-0-0

--------------------------------------------------------------

Engine-Match Monday, September 8, 2025 9:11:54 PM
 Blitz 2/1 

Pairing 29/36 :    V7P3R_v10.0  -  V7P3R_v10.3

PGN-File: C:\Program Files (x86)\Arena\Tournaments\Engine Battle 20250908.pgn

No:  B/W 1/2     W:B       1:2           Time        Value Moves Dep 1:2       1-2-Draws
   1 = =    0.5:0.5        0.5:0.5       9:17:30 PM    +3.61    75 4.581 :2.742  0-0-1

--------------------------------------------------------------

Engine-Match Monday, September 8, 2025 9:17:31 PM
 Blitz 2/1 

Pairing 30/36 :    Random_Opponent  -  V7P3R_v5.1

PGN-File: C:\Program Files (x86)\Arena\Tournaments\Engine Battle 20250908.pgn

No:  B/W 1/2     W:B       1:2           Time        Value Moves Dep 1:2       1-2-Draws
   1 B 2    1.0:0.0        0.0:1.0       9:19:12 PM     0.00    27 0:3.148  0-1-0

--------------------------------------------------------------

Engine-Match Monday, September 8, 2025 9:19:13 PM
 Blitz 2/1 

Pairing 31/36 :    V7P3R_v6.0  -  V7P3R_v9.0

PGN-File: C:\Program Files (x86)\Arena\Tournaments\Engine Battle 20250908.pgn

No:  B/W 1/2     W:B       1:2           Time        Value Moves Dep 1:2       1-2-Draws
   1 B 2    1.0:0.0        0.0:1.0       9:20:28 PM   -30.31    12 3.000 :5.818  0-1-0

--------------------------------------------------------------

Engine-Match Monday, September 8, 2025 9:20:30 PM
 Blitz 2/1 

Pairing 32/36 :    V7P3R_v8.0  -  V7P3R_v7.0

PGN-File: C:\Program Files (x86)\Arena\Tournaments\Engine Battle 20250908.pgn

No:  B/W 1/2     W:B       1:2           Time        Value Moves Dep 1:2       1-2-Draws
   1 W 1    1.0:0.0        1.0:0.0       9:21:45 PM  +108.00     5 5.400 :6.000  1-0-0

--------------------------------------------------------------

Engine-Match Monday, September 8, 2025 9:21:46 PM
 Blitz 2/1 

Pairing 33/36 :    V7P3R_v10.2  -  Random_Opponent

PGN-File: C:\Program Files (x86)\Arena\Tournaments\Engine Battle 20250908.pgn

No:  B/W 1/2     W:B       1:2           Time        Value Moves Dep 1:2       1-2-Draws
   1 W 1    1.0:0.0        1.0:0.0       9:23:03 PM  +289.97    15 4.500 :0 1-0-0

--------------------------------------------------------------

Engine-Match Monday, September 8, 2025 9:23:05 PM
 Blitz 2/1 

Pairing 34/36 :    V7P3R_v9.0  -  V7P3R_v10.0

PGN-File: C:\Program Files (x86)\Arena\Tournaments\Engine Battle 20250908.pgn

No:  B/W 1/2     W:B       1:2           Time        Value Moves Dep 1:2       1-2-Draws
   1 B 2    1.0:0.0        0.0:1.0       9:24:57 PM    -M500    16 5.938 :4.733  0-1-0

--------------------------------------------------------------

Engine-Match Monday, September 8, 2025 9:24:58 PM
 Blitz 2/1 

Pairing 35/36 :    V7P3R_v5.1  -  V7P3R_v8.0

PGN-File: C:\Program Files (x86)\Arena\Tournaments\Engine Battle 20250908.pgn

No:  B/W 1/2     W:B       1:2           Time        Value Moves Dep 1:2       1-2-Draws
   1 W 1    1.0:0.0        1.0:0.0       9:25:35 PM    +M500     5 3.200 :5.000  1-0-0

--------------------------------------------------------------

Engine-Match Monday, September 8, 2025 9:25:36 PM
 Blitz 2/1 

Pairing 36/36 :    V7P3R_v7.0  -  V7P3R_v6.0

PGN-File: C:\Program Files (x86)\Arena\Tournaments\Engine Battle 20250908.pgn

No:  B/W 1/2     W:B       1:2           Time        Value Moves Dep 1:2       1-2-Draws
   1 W 1    1.0:0.0        1.0:0.0       9:28:15 PM   +19.01    13 5.692 :3.000  1-0-0

--------------------------------------------------------------

Engine-Match Monday, September 8, 2025 9:28:16 PM
 Blitz 2/1 

Pairing 1/36 :    V7P3R_v10.3  -  V7P3R_v9.0

PGN-File: C:\Program Files (x86)\Arena\Tournaments\Engine Battle 20250908.pgn

No:  B/W 1/2     W:B       1:2           Time        Value Moves Dep 1:2       1-2-Draws
   2 B 1    1.0:0.0        2.0:0.0       9:30:31 PM    -M500    19 2.667 :5.421  2-0-0

--------------------------------------------------------------

Engine-Match Monday, September 8, 2025 9:30:32 PM
 Blitz 2/1 

Pairing 2/36 :    V7P3R_v8.0  -  V7P3R_v10.2

PGN-File: C:\Program Files (x86)\Arena\Tournaments\Engine Battle 20250908.pgn

No:  B/W 1/2     W:B       1:2           Time        Value Moves Dep 1:2       1-2-Draws
   2 W 2    1.0:0.0        0.0:2.0       9:31:13 PM   +55.00     5 5.200 :4.750  0-2-0

--------------------------------------------------------------

Engine-Match Monday, September 8, 2025 9:31:15 PM
 Blitz 2/1 

Pairing 3/36 :    V7P3R_v10.0  -  V7P3R_v7.0

PGN-File: C:\Program Files (x86)\Arena\Tournaments\Engine Battle 20250908.pgn

No:  B/W 1/2     W:B       1:2           Time        Value Moves Dep 1:2       1-2-Draws
   2 B 1    1.0:0.0        2.0:0.0       9:34:37 PM   -30.00    19 4.889 :5.158  2-0-0

--------------------------------------------------------------

Engine-Match Monday, September 8, 2025 9:34:39 PM
 Blitz 2/1 

Pairing 4/36 :    V7P3R_v6.0  -  V7P3R_v5.1

PGN-File: C:\Program Files (x86)\Arena\Tournaments\Engine Battle 20250908.pgn

No:  B/W 1/2     W:B       1:2           Time        Value Moves Dep 1:2       1-2-Draws
   2 W 2    1.0:0.0        0.0:2.0       9:35:56 PM   +32.38     9 3.000 :3.111  0-2-0

--------------------------------------------------------------

Engine-Match Monday, September 8, 2025 9:36:02 PM
 Blitz 2/1 

Pairing 5/36 :    Random_Opponent  -  V7P3R_v8.0

PGN-File: C:\Program Files (x86)\Arena\Tournaments\Engine Battle 20250908.pgn

No:  B/W 1/2     W:B       1:2           Time        Value Moves Dep 1:2       1-2-Draws
   2 W 2    1.0:0.0        0.0:2.0       9:36:23 PM      +M1     8 0:5.125  0-2-0

--------------------------------------------------------------

Engine-Match Monday, September 8, 2025 9:36:24 PM
 Blitz 2/1 

Pairing 6/36 :    V7P3R_v7.0  -  V7P3R_v10.3

PGN-File: C:\Program Files (x86)\Arena\Tournaments\Engine Battle 20250908.pgn

No:  B/W 1/2     W:B       1:2           Time        Value Moves Dep 1:2       1-2-Draws
   2 = =    1.0:1.0        1.0:1.0       9:42:09 PM    -8.59    72 5.034 :2.793  0-0-2

--------------------------------------------------------------

Engine-Match Monday, September 8, 2025 9:42:10 PM
 Blitz 2/1 

Pairing 7/36 :    V7P3R_v10.2  -  V7P3R_v6.0

PGN-File: C:\Program Files (x86)\Arena\Tournaments\Engine Battle 20250908.pgn

No:  B/W 1/2     W:B       1:2           Time        Value Moves Dep 1:2       1-2-Draws
   2 B 1    1.0:0.0        2.0:0.0       9:43:20 PM   -17.07     9 4.625 :3.000  2-0-0

--------------------------------------------------------------

Engine-Match Monday, September 8, 2025 9:43:21 PM
 Blitz 2/1 

Pairing 8/36 :    V7P3R_v5.1  -  V7P3R_v10.0

PGN-File: C:\Program Files (x86)\Arena\Tournaments\Engine Battle 20250908.pgn

No:  B/W 1/2     W:B       1:2           Time        Value Moves Dep 1:2       1-2-Draws
   2 W 2    1.0:0.0        0.0:2.0       9:44:15 PM   +36.69     5 3.400 :5.200  0-2-0

--------------------------------------------------------------

Engine-Match Monday, September 8, 2025 9:44:16 PM
 Blitz 2/1 

Pairing 9/36 :    V7P3R_v9.0  -  V7P3R_v7.0

PGN-File: C:\Program Files (x86)\Arena\Tournaments\Engine Battle 20250908.pgn

No:  B/W 1/2     W:B       1:2           Time        Value Moves Dep 1:2       1-2-Draws
   2 W 2    1.0:0.0        0.0:2.0       9:46:13 PM  +125.00     8 5.750 :5.500  0-2-0

--------------------------------------------------------------

Engine-Match Monday, September 8, 2025 9:46:14 PM
 Blitz 2/1 

Pairing 10/36 :    V7P3R_v6.0  -  Random_Opponent

PGN-File: C:\Program Files (x86)\Arena\Tournaments\Engine Battle 20250908.pgn

No:  B/W 1/2     W:B       1:2           Time        Value Moves Dep 1:2       1-2-Draws
   2 B 1    1.0:0.0        2.0:0.0       9:48:58 PM     0.00    47 3.000 :0 2-0-0

--------------------------------------------------------------

Engine-Match Monday, September 8, 2025 9:48:59 PM
 Blitz 2/1 

Pairing 11/36 :    V7P3R_v10.3  -  V7P3R_v5.1

PGN-File: C:\Program Files (x86)\Arena\Tournaments\Engine Battle 20250908.pgn

No:  B/W 1/2     W:B       1:2           Time        Value Moves Dep 1:2       1-2-Draws
   2 B 1    1.0:0.0        2.0:0.0       9:50:35 PM   -17.29     9 3.125 :3.111  2-0-0

--------------------------------------------------------------

Engine-Match Monday, September 8, 2025 9:50:36 PM
 Blitz 2/1 

Pairing 12/36 :    V7P3R_v10.0  -  V7P3R_v10.2

PGN-File: C:\Program Files (x86)\Arena\Tournaments\Engine Battle 20250908.pgn

No:  B/W 1/2     W:B       1:2           Time        Value Moves Dep 1:2       1-2-Draws
   2 = =    1.0:1.0        1.0:1.0       9:54:44 PM    +1.30    49 4.513 :4.417  0-0-2

--------------------------------------------------------------

Engine-Match Monday, September 8, 2025 9:54:46 PM
 Blitz 2/1 

Pairing 13/36 :    V7P3R_v8.0  -  V7P3R_v6.0

PGN-File: C:\Program Files (x86)\Arena\Tournaments\Engine Battle 20250908.pgn

No:  B/W 1/2     W:B       1:2           Time        Value Moves Dep 1:2       1-2-Draws
   2 B 1    1.0:0.0        2.0:0.0       9:55:43 PM      -M1     8 5.375 :3.000  2-0-0

--------------------------------------------------------------

Engine-Match Monday, September 8, 2025 9:55:44 PM
 Blitz 2/1 

Pairing 14/36 :    V7P3R_v5.1  -  V7P3R_v9.0

PGN-File: C:\Program Files (x86)\Arena\Tournaments\Engine Battle 20250908.pgn

No:  B/W 1/2     W:B       1:2           Time        Value Moves Dep 1:2       1-2-Draws
   2 B 1    1.0:0.0        1.0:1.0       9:56:59 PM  -275.00    12 3.182 :5.750  1-1-0

--------------------------------------------------------------

Engine-Match Monday, September 8, 2025 9:57:00 PM
 Blitz 2/1 

Pairing 15/36 :    Random_Opponent  -  V7P3R_v10.0

PGN-File: C:\Program Files (x86)\Arena\Tournaments\Engine Battle 20250908.pgn

No:  B/W 1/2     W:B       1:2           Time        Value Moves Dep 1:2       1-2-Draws
   2 W 2    1.0:0.0        0.0:2.0       9:57:54 PM  +289.99     8 0:5.375  0-2-0

--------------------------------------------------------------

Engine-Match Monday, September 8, 2025 9:57:56 PM
 Blitz 2/1 

Pairing 16/36 :    V7P3R_v10.2  -  V7P3R_v10.3

PGN-File: C:\Program Files (x86)\Arena\Tournaments\Engine Battle 20250908.pgn

No:  B/W 1/2     W:B       1:2           Time        Value Moves Dep 1:2       1-2-Draws
   2 = =    0.5:0.5        1.5:0.5       10:01:52 PM    -2.80    34 4.640 :2.676  1-0-1

--------------------------------------------------------------

Engine-Match Monday, September 8, 2025 10:01:53 PM
 Blitz 2/1 

Pairing 17/36 :    V7P3R_v7.0  -  V7P3R_v5.1

PGN-File: C:\Program Files (x86)\Arena\Tournaments\Engine Battle 20250908.pgn

No:  B/W 1/2     W:B       1:2           Time        Value Moves Dep 1:2       1-2-Draws
   2 B 1    1.0:0.0        2.0:0.0       10:03:43 PM   -41.59     8 5.714 :3.125  2-0-0

--------------------------------------------------------------

Engine-Match Monday, September 8, 2025 10:03:44 PM
 Blitz 2/1 

Pairing 18/36 :    V7P3R_v10.0  -  V7P3R_v8.0

PGN-File: C:\Program Files (x86)\Arena\Tournaments\Engine Battle 20250908.pgn

No:  B/W 1/2     W:B       1:2           Time        Value Moves Dep 1:2       1-2-Draws
   2 B 1    1.0:0.0        2.0:0.0       10:04:37 PM  -110.00     6 5.000 :5.167  2-0-0

--------------------------------------------------------------

Engine-Match Monday, September 8, 2025 10:04:38 PM
 Blitz 2/1 

Pairing 19/36 :    V7P3R_v9.0  -  V7P3R_v10.2

PGN-File: C:\Program Files (x86)\Arena\Tournaments\Engine Battle 20250908.pgn

No:  B/W 1/2     W:B       1:2           Time        Value Moves Dep 1:2       1-2-Draws
   2 W 2    1.0:0.0        0.0:2.0       10:06:03 PM    +M500     9 5.778 :4.444  0-2-0

--------------------------------------------------------------

Engine-Match Monday, September 8, 2025 10:06:05 PM
 Blitz 2/1 

Pairing 20/36 :    V7P3R_v10.3  -  Random_Opponent

PGN-File: C:\Program Files (x86)\Arena\Tournaments\Engine Battle 20250908.pgn

No:  B/W 1/2     W:B       1:2           Time        Value Moves Dep 1:2       1-2-Draws
   2 B 1    1.0:0.0        2.0:0.0       10:07:21 PM  -289.95    16 2.625 :0 2-0-0

--------------------------------------------------------------

Engine-Match Monday, September 8, 2025 10:07:22 PM
 Blitz 2/1 

Pairing 21/36 :    V7P3R_v6.0  -  V7P3R_v10.0

PGN-File: C:\Program Files (x86)\Arena\Tournaments\Engine Battle 20250908.pgn

No:  B/W 1/2     W:B       1:2           Time        Value Moves Dep 1:2       1-2-Draws
   2 W 2    1.0:0.0        0.0:2.0       10:09:04 PM    +M500    11 3.000 :5.091  0-2-0

--------------------------------------------------------------

Engine-Match Monday, September 8, 2025 10:09:05 PM
 Blitz 2/1 

Pairing 22/36 :    V7P3R_v10.2  -  V7P3R_v7.0

PGN-File: C:\Program Files (x86)\Arena\Tournaments\Engine Battle 20250908.pgn

No:  B/W 1/2     W:B       1:2           Time        Value Moves Dep 1:2       1-2-Draws
   2 B 1    1.0:0.0        1.0:1.0       10:12:34 PM  -100.00    25 4.600 :5.143  1-1-0

--------------------------------------------------------------

Engine-Match Monday, September 8, 2025 10:12:35 PM
 Blitz 2/1 

Pairing 23/36 :    V7P3R_v8.0  -  V7P3R_v10.3

PGN-File: C:\Program Files (x86)\Arena\Tournaments\Engine Battle 20250908.pgn

No:  B/W 1/2     W:B       1:2           Time        Value Moves Dep 1:2       1-2-Draws
   2 W 2    1.0:0.0        0.0:2.0       10:13:27 PM  +190.00     5 5.400 :3.200  0-2-0

--------------------------------------------------------------

Engine-Match Monday, September 8, 2025 10:13:29 PM
 Blitz 2/1 

Pairing 24/36 :    Random_Opponent  -  V7P3R_v9.0

PGN-File: C:\Program Files (x86)\Arena\Tournaments\Engine Battle 20250908.pgn

No:  B/W 1/2     W:B       1:2           Time        Value Moves Dep 1:2       1-2-Draws
   2 W 2    1.0:0.0        0.0:2.0       10:13:57 PM      +M1    11 0:5.909  0-2-0

--------------------------------------------------------------

Engine-Match Monday, September 8, 2025 10:14:04 PM
 Blitz 2/1 

Pairing 25/36 :    V7P3R_v5.1  -  V7P3R_v10.2

PGN-File: C:\Program Files (x86)\Arena\Tournaments\Engine Battle 20250908.pgn

No:  B/W 1/2     W:B       1:2           Time        Value Moves Dep 1:2       1-2-Draws
   2 W 2    1.0:0.0        0.0:2.0       10:15:09 PM   +14.99     7 3.143 :5.333  0-2-0

--------------------------------------------------------------

Engine-Match Monday, September 8, 2025 10:15:10 PM
 Blitz 2/1 

Pairing 26/36 :    V7P3R_v10.3  -  V7P3R_v6.0

PGN-File: C:\Program Files (x86)\Arena\Tournaments\Engine Battle 20250908.pgn

No:  B/W 1/2     W:B       1:2           Time        Value Moves Dep 1:2       1-2-Draws
   2 B 1    1.0:0.0        2.0:0.0       10:16:06 PM    -M500     7 3.000 :3.000  2-0-0

--------------------------------------------------------------

Engine-Match Monday, September 8, 2025 10:16:07 PM
 Blitz 2/1 

Pairing 27/36 :    V7P3R_v7.0  -  Random_Opponent

PGN-File: C:\Program Files (x86)\Arena\Tournaments\Engine Battle 20250908.pgn

No:  B/W 1/2     W:B       1:2           Time        Value Moves Dep 1:2       1-2-Draws
   2 B 1    1.5:0.5        1.5:0.5       10:17:44 PM    -M500    13 5.231 :0 1-0-1

--------------------------------------------------------------

Engine-Match Monday, September 8, 2025 10:17:45 PM
 Blitz 2/1 

Pairing 28/36 :    V7P3R_v9.0  -  V7P3R_v8.0

PGN-File: C:\Program Files (x86)\Arena\Tournaments\Engine Battle 20250908.pgn

No:  B/W 1/2     W:B       1:2           Time        Value Moves Dep 1:2       1-2-Draws
   2 B 1    1.0:0.0        2.0:0.0       10:18:40 PM  -220.00    11 5.800 :5.182  2-0-0

--------------------------------------------------------------

Engine-Match Monday, September 8, 2025 10:18:41 PM
 Blitz 2/1 

Pairing 29/36 :    V7P3R_v10.0  -  V7P3R_v10.3

PGN-File: C:\Program Files (x86)\Arena\Tournaments\Engine Battle 20250908.pgn

No:  B/W 1/2     W:B       1:2           Time        Value Moves Dep 1:2       1-2-Draws
   2 B 1    1.5:0.5        1.5:0.5       10:21:45 PM   -13.72    25 4.417 :2.800  1-0-1

--------------------------------------------------------------

Engine-Match Monday, September 8, 2025 10:21:47 PM
 Blitz 2/1 

Pairing 30/36 :    Random_Opponent  -  V7P3R_v5.1

PGN-File: C:\Program Files (x86)\Arena\Tournaments\Engine Battle 20250908.pgn

No:  B/W 1/2     W:B       1:2           Time        Value Moves Dep 1:2       1-2-Draws
   2 W 2    1.0:0.0        0.0:2.0       10:22:07 PM     0.00     5 0:3.200  0-2-0

--------------------------------------------------------------

Engine-Match Monday, September 8, 2025 10:22:08 PM
 Blitz 2/1 

Pairing 31/36 :    V7P3R_v6.0  -  V7P3R_v9.0

PGN-File: C:\Program Files (x86)\Arena\Tournaments\Engine Battle 20250908.pgn

No:  B/W 1/2     W:B       1:2           Time        Value Moves Dep 1:2       1-2-Draws
   2 W 2    1.0:0.0        0.0:2.0       10:22:52 PM   +29.34     6 3.000 :6.000  0-2-0

--------------------------------------------------------------

Engine-Match Monday, September 8, 2025 10:22:53 PM
 Blitz 2/1 

Pairing 32/36 :    V7P3R_v8.0  -  V7P3R_v7.0

PGN-File: C:\Program Files (x86)\Arena\Tournaments\Engine Battle 20250908.pgn

No:  B/W 1/2     W:B       1:2           Time        Value Moves Dep 1:2       1-2-Draws
   2 W 2    1.0:0.0        1.0:1.0       10:24:12 PM    +M500     5 5.000 :5.800  1-1-0

--------------------------------------------------------------

Engine-Match Monday, September 8, 2025 10:24:14 PM
 Blitz 2/1 

Pairing 33/36 :    V7P3R_v10.2  -  Random_Opponent

PGN-File: C:\Program Files (x86)\Arena\Tournaments\Engine Battle 20250908.pgn

No:  B/W 1/2     W:B       1:2           Time        Value Moves Dep 1:2       1-2-Draws
   2 B 1    1.0:0.0        2.0:0.0       10:24:39 PM     0.00     7 5.000 :0 2-0-0

--------------------------------------------------------------

Engine-Match Monday, September 8, 2025 10:24:40 PM
 Blitz 2/1 

Pairing 34/36 :    V7P3R_v9.0  -  V7P3R_v10.0

PGN-File: C:\Program Files (x86)\Arena\Tournaments\Engine Battle 20250908.pgn

No:  B/W 1/2     W:B       1:2           Time        Value Moves Dep 1:2       1-2-Draws
   2 W 2    1.0:0.0        0.0:2.0       10:26:49 PM    +M500    19 5.737 :4.895  0-2-0

--------------------------------------------------------------

Engine-Match Monday, September 8, 2025 10:26:50 PM
 Blitz 2/1 

Pairing 35/36 :    V7P3R_v5.1  -  V7P3R_v8.0

PGN-File: C:\Program Files (x86)\Arena\Tournaments\Engine Battle 20250908.pgn

No:  B/W 1/2     W:B       1:2           Time        Value Moves Dep 1:2       1-2-Draws
   2 W 2    1.0:0.0        1.0:1.0       10:28:42 PM   +64.19    18 3.056 :5.222  1-1-0

--------------------------------------------------------------

Engine-Match Monday, September 8, 2025 10:28:43 PM
 Blitz 2/1 

Pairing 36/36 :    V7P3R_v7.0  -  V7P3R_v6.0

PGN-File: C:\Program Files (x86)\Arena\Tournaments\Engine Battle 20250908.pgn

No:  B/W 1/2     W:B       1:2           Time        Value Moves Dep 1:2       1-2-Draws
   2 B 1    1.0:0.0        2.0:0.0       10:31:04 PM   -24.83     9 6.000 :3.000  2-0-0
