Engine-Match Sunday, November 2, 2025 7:19:58 PM
 Blitz 5/5 

Pairing 1/6 :    C0BR4_v2.9  -  Random_Opponent

PGN-File: C:\Program Files (x86)\Arena\Tournaments\C0BR4 Regression Battle 20251102_2.pgn

No:  B/W 1/2     W:B       1:2           Time        Value Moves Dep 1:2       1-2-Draws
   1 W 1    1.0:0.0        1.0:0.0       7:20:14 PM  +299.97    20 3.889 :0 1-0-0

--------------------------------------------------------------

Engine-Match Sunday, November 2, 2025 7:20:16 PM
 Blitz 5/5 

Pairing 2/6 :    MaterialOpponent  -  C0BR4_v3.1

PGN-File: C:\Program Files (x86)\Arena\Tournaments\C0BR4 Regression Battle 20251102_2.pgn

No:  B/W 1/2     W:B       1:2           Time        Value Moves Dep 1:2       1-2-Draws
   1 = =    0.5:0.5        0.5:0.5       7:21:11 PM   -10.67    27 6.000 :4.000  0-0-1

--------------------------------------------------------------

Engine-Match Sunday, November 2, 2025 7:21:13 PM
 Blitz 5/5 

Pairing 3/6 :    MaterialOpponent  -  C0BR4_v2.9

PGN-File: C:\Program Files (x86)\Arena\Tournaments\C0BR4 Regression Battle 20251102_2.pgn

No:  B/W 1/2     W:B       1:2           Time        Value Moves Dep 1:2       1-2-Draws
   1 W 1    1.0:0.0        1.0:0.0       7:23:32 PM  +299.99    45 6.000 :3.977  1-0-0

--------------------------------------------------------------

Engine-Match Sunday, November 2, 2025 7:23:33 PM
 Blitz 5/5 

Pairing 4/6 :    C0BR4_v3.1  -  Random_Opponent

PGN-File: C:\Program Files (x86)\Arena\Tournaments\C0BR4 Regression Battle 20251102_2.pgn

No:  B/W 1/2     W:B       1:2           Time        Value Moves Dep 1:2       1-2-Draws
   1 W 1    1.0:0.0        1.0:0.0       7:23:44 PM  +299.97     6 3.500 :0 1-0-0

--------------------------------------------------------------

Engine-Match Sunday, November 2, 2025 7:23:45 PM
 Blitz 5/5 

Pairing 5/6 :    C0BR4_v2.9  -  C0BR4_v3.1

PGN-File: C:\Program Files (x86)\Arena\Tournaments\C0BR4 Regression Battle 20251102_2.pgn

No:  B/W 1/2     W:B       1:2           Time        Value Moves Dep 1:2       1-2-Draws
   1 W 1    1.0:0.0        1.0:0.0       7:24:27 PM   +15.01    27 4.000 :4.000  1-0-0

--------------------------------------------------------------

Engine-Match Sunday, November 2, 2025 7:24:28 PM
 Blitz 5/5 

Pairing 6/6 :    Random_Opponent  -  MaterialOpponent

PGN-File: C:\Program Files (x86)\Arena\Tournaments\C0BR4 Regression Battle 20251102_2.pgn

No:  B/W 1/2     W:B       1:2           Time        Value Moves Dep 1:2       1-2-Draws
   1 B 2    1.0:0.0        0.0:1.0       7:25:19 PM  -299.99    19 0:6.000  0-1-0

--------------------------------------------------------------

Engine-Match Sunday, November 2, 2025 7:25:20 PM
 Blitz 5/5 

Pairing 1/6 :    C0BR4_v2.9  -  Random_Opponent

PGN-File: C:\Program Files (x86)\Arena\Tournaments\C0BR4 Regression Battle 20251102_2.pgn

No:  B/W 1/2     W:B       1:2           Time        Value Moves Dep 1:2       1-2-Draws
   2 B 1    1.0:0.0        2.0:0.0       7:25:38 PM  -299.97    20 4.000 :0 2-0-0

--------------------------------------------------------------

Engine-Match Sunday, November 2, 2025 7:25:40 PM
 Blitz 5/5 

Pairing 2/6 :    MaterialOpponent  -  C0BR4_v3.1

PGN-File: C:\Program Files (x86)\Arena\Tournaments\C0BR4 Regression Battle 20251102_2.pgn

No:  B/W 1/2     W:B       1:2           Time        Value Moves Dep 1:2       1-2-Draws
   2 = =    1.0:1.0        1.0:1.0       7:26:25 PM    +2.27    27 6.000 :4.000  0-0-2

--------------------------------------------------------------

Engine-Match Sunday, November 2, 2025 7:26:26 PM
 Blitz 5/5 

Pairing 3/6 :    MaterialOpponent  -  C0BR4_v2.9

PGN-File: C:\Program Files (x86)\Arena\Tournaments\C0BR4 Regression Battle 20251102_2.pgn

No:  B/W 1/2     W:B       1:2           Time        Value Moves Dep 1:2       1-2-Draws
   2 = =    0.5:0.5        1.5:0.5       7:26:54 PM    -3.25    15 6.000 :4.000  1-0-1

--------------------------------------------------------------

Engine-Match Sunday, November 2, 2025 7:26:56 PM
 Blitz 5/5 

Pairing 4/6 :    C0BR4_v3.1  -  Random_Opponent

PGN-File: C:\Program Files (x86)\Arena\Tournaments\C0BR4 Regression Battle 20251102_2.pgn

No:  B/W 1/2     W:B       1:2           Time        Value Moves Dep 1:2       1-2-Draws
   2 B 1    1.0:0.0        2.0:0.0       7:27:13 PM  -299.97    18 4.000 :0 2-0-0

--------------------------------------------------------------

Engine-Match Sunday, November 2, 2025 7:27:14 PM
 Blitz 5/5 

Pairing 5/6 :    C0BR4_v2.9  -  C0BR4_v3.1

PGN-File: C:\Program Files (x86)\Arena\Tournaments\C0BR4 Regression Battle 20251102_2.pgn

No:  B/W 1/2     W:B       1:2           Time        Value Moves Dep 1:2       1-2-Draws
   2 = =    0.5:0.5        1.5:0.5       7:27:49 PM    +1.62    45 4.000 :4.000  1-0-1

--------------------------------------------------------------

Engine-Match Sunday, November 2, 2025 7:27:50 PM
 Blitz 5/5 

Pairing 6/6 :    Random_Opponent  -  MaterialOpponent

PGN-File: C:\Program Files (x86)\Arena\Tournaments\C0BR4 Regression Battle 20251102_2.pgn

No:  B/W 1/2     W:B       1:2           Time        Value Moves Dep 1:2       1-2-Draws
   2 W 2    1.0:0.0        0.0:2.0       7:28:39 PM  +299.99    22 0:6.000  0-2-0

--------------------------------------------------------------

Engine-Match Sunday, November 2, 2025 7:28:40 PM
 Blitz 5/5 

Pairing 1/6 :    C0BR4_v2.9  -  Random_Opponent

PGN-File: C:\Program Files (x86)\Arena\Tournaments\C0BR4 Regression Battle 20251102_2.pgn

No:  B/W 1/2     W:B       1:2           Time        Value Moves Dep 1:2       1-2-Draws
   3 W 1    1.0:0.0        3.0:0.0       7:28:56 PM  +299.97    17 4.000 :0 3-0-0

--------------------------------------------------------------

Engine-Match Sunday, November 2, 2025 7:28:57 PM
 Blitz 5/5 

Pairing 2/6 :    MaterialOpponent  -  C0BR4_v3.1

PGN-File: C:\Program Files (x86)\Arena\Tournaments\C0BR4 Regression Battle 20251102_2.pgn

No:  B/W 1/2     W:B       1:2           Time        Value Moves Dep 1:2       1-2-Draws
   3 W 1    2.0:1.0        2.0:1.0       7:31:24 PM  +299.99    45 6.000 :3.977  1-0-2

--------------------------------------------------------------

Engine-Match Sunday, November 2, 2025 7:31:25 PM
 Blitz 5/5 

Pairing 3/6 :    MaterialOpponent  -  C0BR4_v2.9

PGN-File: C:\Program Files (x86)\Arena\Tournaments\C0BR4 Regression Battle 20251102_2.pgn

No:  B/W 1/2     W:B       1:2           Time        Value Moves Dep 1:2       1-2-Draws
   3 = =    1.0:1.0        2.0:1.0       7:32:16 PM   -10.67    27 6.000 :4.000  1-0-2

--------------------------------------------------------------

Engine-Match Sunday, November 2, 2025 7:32:18 PM
 Blitz 5/5 

Pairing 4/6 :    C0BR4_v3.1  -  Random_Opponent

PGN-File: C:\Program Files (x86)\Arena\Tournaments\C0BR4 Regression Battle 20251102_2.pgn

No:  B/W 1/2     W:B       1:2           Time        Value Moves Dep 1:2       1-2-Draws
   3 W 1    1.0:0.0        3.0:0.0       7:32:31 PM  +299.97    11 4.000 :0 3-0-0

--------------------------------------------------------------

Engine-Match Sunday, November 2, 2025 7:32:32 PM
 Blitz 5/5 

Pairing 5/6 :    C0BR4_v2.9  -  C0BR4_v3.1

PGN-File: C:\Program Files (x86)\Arena\Tournaments\C0BR4 Regression Battle 20251102_2.pgn

No:  B/W 1/2     W:B       1:2           Time        Value Moves Dep 1:2       1-2-Draws
   3 = =    1.0:1.0        2.0:1.0       7:32:45 PM    +1.60    18 4.000 :4.000  1-0-2

--------------------------------------------------------------

Engine-Match Sunday, November 2, 2025 7:32:46 PM
 Blitz 5/5 

Pairing 6/6 :    Random_Opponent  -  MaterialOpponent

PGN-File: C:\Program Files (x86)\Arena\Tournaments\C0BR4 Regression Battle 20251102_2.pgn

No:  B/W 1/2     W:B       1:2           Time        Value Moves Dep 1:2       1-2-Draws
   3 B 2    1.0:0.0        0.0:3.0       7:34:01 PM  -299.99    39 0:6.000  0-3-0

--------------------------------------------------------------

Engine-Match Sunday, November 2, 2025 7:34:02 PM
 Blitz 5/5 

Pairing 1/6 :    C0BR4_v2.9  -  Random_Opponent

PGN-File: C:\Program Files (x86)\Arena\Tournaments\C0BR4 Regression Battle 20251102_2.pgn

No:  B/W 1/2     W:B       1:2           Time        Value Moves Dep 1:2       1-2-Draws
   4 B 1    1.0:0.0        4.0:0.0       7:34:24 PM  -299.97    21 3.895 :0 4-0-0

--------------------------------------------------------------

Engine-Match Sunday, November 2, 2025 7:34:25 PM
 Blitz 5/5 

Pairing 2/6 :    MaterialOpponent  -  C0BR4_v3.1

PGN-File: C:\Program Files (x86)\Arena\Tournaments\C0BR4 Regression Battle 20251102_2.pgn

No:  B/W 1/2     W:B       1:2           Time        Value Moves Dep 1:2       1-2-Draws
   4 = =    1.5:1.5        2.5:1.5       7:34:52 PM    -3.25    15 6.000 :4.000  1-0-3

--------------------------------------------------------------

Engine-Match Sunday, November 2, 2025 7:35:03 PM
 Blitz 5/5 

Pairing 3/6 :    MaterialOpponent  -  C0BR4_v2.9

PGN-File: C:\Program Files (x86)\Arena\Tournaments\C0BR4 Regression Battle 20251102_2.pgn

No:  B/W 1/2     W:B       1:2           Time        Value Moves Dep 1:2       1-2-Draws
   4 = =    1.5:1.5        2.5:1.5       7:36:43 PM    +7.18    52 6.000 :4.000  1-0-3

--------------------------------------------------------------

Engine-Match Sunday, November 2, 2025 7:36:45 PM
 Blitz 5/5 

Pairing 4/6 :    C0BR4_v3.1  -  Random_Opponent

PGN-File: C:\Program Files (x86)\Arena\Tournaments\C0BR4 Regression Battle 20251102_2.pgn

No:  B/W 1/2     W:B       1:2           Time        Value Moves Dep 1:2       1-2-Draws
   4 B 1    1.0:0.0        4.0:0.0       7:36:58 PM  -299.97    12 4.000 :0 4-0-0

--------------------------------------------------------------

Engine-Match Sunday, November 2, 2025 7:37:00 PM
 Blitz 5/5 

Pairing 5/6 :    C0BR4_v2.9  -  C0BR4_v3.1

PGN-File: C:\Program Files (x86)\Arena\Tournaments\C0BR4 Regression Battle 20251102_2.pgn

No:  B/W 1/2     W:B       1:2           Time        Value Moves Dep 1:2       1-2-Draws
   4 = =    1.5:1.5        2.5:1.5       7:38:26 PM    +7.64    82 4.000 :4.000  1-0-3

--------------------------------------------------------------

Engine-Match Sunday, November 2, 2025 7:38:28 PM
 Blitz 5/5 

Pairing 6/6 :    Random_Opponent  -  MaterialOpponent

PGN-File: C:\Program Files (x86)\Arena\Tournaments\C0BR4 Regression Battle 20251102_2.pgn

No:  B/W 1/2     W:B       1:2           Time        Value Moves Dep 1:2       1-2-Draws
   4 W 2    1.0:0.0        0.0:4.0       7:39:05 PM  +299.99    24 0:6.000  0-4-0

--------------------------------------------------------------

Engine-Match Sunday, November 2, 2025 7:39:06 PM
 Blitz 5/5 

Pairing 1/6 :    C0BR4_v2.9  -  Random_Opponent

PGN-File: C:\Program Files (x86)\Arena\Tournaments\C0BR4 Regression Battle 20251102_2.pgn

No:  B/W 1/2     W:B       1:2           Time        Value Moves Dep 1:2       1-2-Draws
   5 W 1    1.0:0.0        5.0:0.0       7:39:30 PM  +299.97    16 4.000 :0 5-0-0

--------------------------------------------------------------

Engine-Match Sunday, November 2, 2025 7:39:32 PM
 Blitz 5/5 

Pairing 2/6 :    MaterialOpponent  -  C0BR4_v3.1

PGN-File: C:\Program Files (x86)\Arena\Tournaments\C0BR4 Regression Battle 20251102_2.pgn

No:  B/W 1/2     W:B       1:2           Time        Value Moves Dep 1:2       1-2-Draws
   5 = =    2.0:2.0        3.0:2.0       7:40:21 PM   -10.67    27 6.000 :4.000  1-0-4

--------------------------------------------------------------

Engine-Match Sunday, November 2, 2025 7:40:22 PM
 Blitz 5/5 

Pairing 3/6 :    MaterialOpponent  -  C0BR4_v2.9

PGN-File: C:\Program Files (x86)\Arena\Tournaments\C0BR4 Regression Battle 20251102_2.pgn

No:  B/W 1/2     W:B       1:2           Time        Value Moves Dep 1:2       1-2-Draws
   5 W 1    2.5:1.5        3.5:1.5       7:42:33 PM  +299.99    45 6.000 :3.977  2-0-3

--------------------------------------------------------------

Engine-Match Sunday, November 2, 2025 7:42:35 PM
 Blitz 5/5 

Pairing 4/6 :    C0BR4_v3.1  -  Random_Opponent

PGN-File: C:\Program Files (x86)\Arena\Tournaments\C0BR4 Regression Battle 20251102_2.pgn

No:  B/W 1/2     W:B       1:2           Time        Value Moves Dep 1:2       1-2-Draws
   5 W 1    1.0:0.0        5.0:0.0       7:42:53 PM  +299.97    22 3.900 :0 5-0-0

--------------------------------------------------------------

Engine-Match Sunday, November 2, 2025 7:42:55 PM
 Blitz 5/5 

Pairing 5/6 :    C0BR4_v2.9  -  C0BR4_v3.1

PGN-File: C:\Program Files (x86)\Arena\Tournaments\C0BR4 Regression Battle 20251102_2.pgn

No:  B/W 1/2     W:B       1:2           Time        Value Moves Dep 1:2       1-2-Draws
   5 = =    2.0:2.0        3.0:2.0       7:43:33 PM    -1.11    42 4.000 :4.000  1-0-4

--------------------------------------------------------------

Engine-Match Sunday, November 2, 2025 7:43:34 PM
 Blitz 5/5 

Pairing 6/6 :    Random_Opponent  -  MaterialOpponent

PGN-File: C:\Program Files (x86)\Arena\Tournaments\C0BR4 Regression Battle 20251102_2.pgn

No:  B/W 1/2     W:B       1:2           Time        Value Moves Dep 1:2       1-2-Draws
   5 B 2    1.0:0.0        0.0:5.0       7:44:18 PM  -299.99    37 0:6.000  0-5-0

--------------------------------------------------------------

Engine-Match Sunday, November 2, 2025 7:44:19 PM
 Blitz 5/5 

Pairing 1/6 :    C0BR4_v2.9  -  Random_Opponent

PGN-File: C:\Program Files (x86)\Arena\Tournaments\C0BR4 Regression Battle 20251102_2.pgn

No:  B/W 1/2     W:B       1:2           Time        Value Moves Dep 1:2       1-2-Draws
   6 B 1    1.0:0.0        6.0:0.0       7:44:41 PM  -299.97    30 3.929 :0 6-0-0

--------------------------------------------------------------

Engine-Match Sunday, November 2, 2025 7:44:42 PM
 Blitz 5/5 

Pairing 2/6 :    MaterialOpponent  -  C0BR4_v3.1

PGN-File: C:\Program Files (x86)\Arena\Tournaments\C0BR4 Regression Battle 20251102_2.pgn

No:  B/W 1/2     W:B       1:2           Time        Value Moves Dep 1:2       1-2-Draws
   6 = =    2.5:2.5        3.5:2.5       7:46:49 PM    +0.73    40 6.000 :4.000  1-0-5

--------------------------------------------------------------

Engine-Match Sunday, November 2, 2025 7:46:50 PM
 Blitz 5/5 

Pairing 3/6 :    MaterialOpponent  -  C0BR4_v2.9

PGN-File: C:\Program Files (x86)\Arena\Tournaments\C0BR4 Regression Battle 20251102_2.pgn

No:  B/W 1/2     W:B       1:2           Time        Value Moves Dep 1:2       1-2-Draws
   6 = =    2.0:2.0        4.0:2.0       7:47:30 PM    +2.27    27 6.000 :4.000  2-0-4

--------------------------------------------------------------

Engine-Match Sunday, November 2, 2025 7:47:31 PM
 Blitz 5/5 

Pairing 4/6 :    C0BR4_v3.1  -  Random_Opponent

PGN-File: C:\Program Files (x86)\Arena\Tournaments\C0BR4 Regression Battle 20251102_2.pgn

No:  B/W 1/2     W:B       1:2           Time        Value Moves Dep 1:2       1-2-Draws
   6 B 1    1.0:0.0        6.0:0.0       7:47:50 PM  -299.97    23 3.909 :0 6-0-0

--------------------------------------------------------------

Engine-Match Sunday, November 2, 2025 7:47:52 PM
 Blitz 5/5 

Pairing 5/6 :    C0BR4_v2.9  -  C0BR4_v3.1

PGN-File: C:\Program Files (x86)\Arena\Tournaments\C0BR4 Regression Battle 20251102_2.pgn

No:  B/W 1/2     W:B       1:2           Time        Value Moves Dep 1:2       1-2-Draws
   6 = =    2.5:2.5        3.5:2.5       7:48:28 PM    -4.54    47 4.000 :4.000  1-0-5

--------------------------------------------------------------

Engine-Match Sunday, November 2, 2025 7:48:30 PM
 Blitz 5/5 

Pairing 6/6 :    Random_Opponent  -  MaterialOpponent

PGN-File: C:\Program Files (x86)\Arena\Tournaments\C0BR4 Regression Battle 20251102_2.pgn

No:  B/W 1/2     W:B       1:2           Time        Value Moves Dep 1:2       1-2-Draws
   6 W 2    1.0:0.0        0.0:6.0       7:49:13 PM  +299.99    31 0:6.000  0-6-0

--------------------------------------------------------------

Engine-Match Sunday, November 2, 2025 7:49:14 PM
 Blitz 5/5 

Pairing 1/6 :    C0BR4_v2.9  -  Random_Opponent

PGN-File: C:\Program Files (x86)\Arena\Tournaments\C0BR4 Regression Battle 20251102_2.pgn

No:  B/W 1/2     W:B       1:2           Time        Value Moves Dep 1:2       1-2-Draws
   7 W 1    1.0:0.0        7.0:0.0       7:49:27 PM  +299.97    10 3.750 :0 7-0-0

--------------------------------------------------------------

Engine-Match Sunday, November 2, 2025 7:49:29 PM
 Blitz 5/5 

Pairing 2/6 :    MaterialOpponent  -  C0BR4_v3.1

PGN-File: C:\Program Files (x86)\Arena\Tournaments\C0BR4 Regression Battle 20251102_2.pgn

No:  B/W 1/2     W:B       1:2           Time        Value Moves Dep 1:2       1-2-Draws
   7 W 1    3.5:2.5        4.5:2.5       7:51:42 PM  +299.99    45 6.000 :3.977  2-0-5

--------------------------------------------------------------

Engine-Match Sunday, November 2, 2025 7:51:43 PM
 Blitz 5/5 

Pairing 3/6 :    MaterialOpponent  -  C0BR4_v2.9

PGN-File: C:\Program Files (x86)\Arena\Tournaments\C0BR4 Regression Battle 20251102_2.pgn

No:  B/W 1/2     W:B       1:2           Time        Value Moves Dep 1:2       1-2-Draws
   7 W 1    3.0:2.0        5.0:2.0       7:53:57 PM  +299.99    45 6.000 :3.977  3-0-4

--------------------------------------------------------------

Engine-Match Sunday, November 2, 2025 7:53:58 PM
 Blitz 5/5 

Pairing 4/6 :    C0BR4_v3.1  -  Random_Opponent

PGN-File: C:\Program Files (x86)\Arena\Tournaments\C0BR4 Regression Battle 20251102_2.pgn

No:  B/W 1/2     W:B       1:2           Time        Value Moves Dep 1:2       1-2-Draws
   7 W 1    1.0:0.0        7.0:0.0       7:54:16 PM  +299.97    15 3.857 :0 7-0-0

--------------------------------------------------------------

Engine-Match Sunday, November 2, 2025 7:54:24 PM
 Blitz 5/5 

Pairing 5/6 :    C0BR4_v2.9  -  C0BR4_v3.1

PGN-File: C:\Program Files (x86)\Arena\Tournaments\C0BR4 Regression Battle 20251102_2.pgn

No:  B/W 1/2     W:B       1:2           Time        Value Moves Dep 1:2       1-2-Draws
   7 = =    3.0:3.0        4.0:3.0       7:54:56 PM    +5.14    32 4.000 :4.000  1-0-6

--------------------------------------------------------------

Engine-Match Sunday, November 2, 2025 7:54:57 PM
 Blitz 5/5 

Pairing 6/6 :    Random_Opponent  -  MaterialOpponent

PGN-File: C:\Program Files (x86)\Arena\Tournaments\C0BR4 Regression Battle 20251102_2.pgn

No:  B/W 1/2     W:B       1:2           Time        Value Moves Dep 1:2       1-2-Draws
   7 B 2    1.0:0.0        0.0:7.0       7:55:58 PM  -299.99    33 0:6.000  0-7-0

--------------------------------------------------------------

Engine-Match Sunday, November 2, 2025 7:56:00 PM
 Blitz 5/5 

Pairing 1/6 :    C0BR4_v2.9  -  Random_Opponent

PGN-File: C:\Program Files (x86)\Arena\Tournaments\C0BR4 Regression Battle 20251102_2.pgn

No:  B/W 1/2     W:B       1:2           Time        Value Moves Dep 1:2       1-2-Draws
   8 B 1    1.0:0.0        8.0:0.0       7:56:16 PM  -299.97    18 3.882 :0 8-0-0

--------------------------------------------------------------

Engine-Match Sunday, November 2, 2025 7:56:18 PM
 Blitz 5/5 

Pairing 2/6 :    MaterialOpponent  -  C0BR4_v3.1

PGN-File: C:\Program Files (x86)\Arena\Tournaments\C0BR4 Regression Battle 20251102_2.pgn

No:  B/W 1/2     W:B       1:2           Time        Value Moves Dep 1:2       1-2-Draws
   8 = =    3.0:3.0        5.0:3.0       7:56:45 PM    -3.25    15 6.000 :4.000  2-0-6

--------------------------------------------------------------

Engine-Match Sunday, November 2, 2025 7:56:47 PM
 Blitz 5/5 

Pairing 3/6 :    MaterialOpponent  -  C0BR4_v2.9

PGN-File: C:\Program Files (x86)\Arena\Tournaments\C0BR4 Regression Battle 20251102_2.pgn

No:  B/W 1/2     W:B       1:2           Time        Value Moves Dep 1:2       1-2-Draws
   8 = =    2.5:2.5        5.5:2.5       7:58:26 PM    +7.18    52 6.000 :4.000  3-0-5

--------------------------------------------------------------

Engine-Match Sunday, November 2, 2025 7:58:27 PM
 Blitz 5/5 

Pairing 4/6 :    C0BR4_v3.1  -  Random_Opponent

PGN-File: C:\Program Files (x86)\Arena\Tournaments\C0BR4 Regression Battle 20251102_2.pgn

No:  B/W 1/2     W:B       1:2           Time        Value Moves Dep 1:2       1-2-Draws
   8 B 1    1.0:0.0        8.0:0.0       7:58:47 PM  -299.97    23 3.895 :0 8-0-0

--------------------------------------------------------------

Engine-Match Sunday, November 2, 2025 7:58:49 PM
 Blitz 5/5 

Pairing 5/6 :    C0BR4_v2.9  -  C0BR4_v3.1

PGN-File: C:\Program Files (x86)\Arena\Tournaments\C0BR4 Regression Battle 20251102_2.pgn

No:  B/W 1/2     W:B       1:2           Time        Value Moves Dep 1:2       1-2-Draws
   8 B 1    4.0:3.0        5.0:3.0       7:59:32 PM  -299.97    32 4.000 :3.967  2-0-6

--------------------------------------------------------------

Engine-Match Sunday, November 2, 2025 7:59:33 PM
 Blitz 5/5 

Pairing 6/6 :    Random_Opponent  -  MaterialOpponent

PGN-File: C:\Program Files (x86)\Arena\Tournaments\C0BR4 Regression Battle 20251102_2.pgn

No:  B/W 1/2     W:B       1:2           Time        Value Moves Dep 1:2       1-2-Draws
   8 W 2    1.0:0.0        0.0:8.0       8:00:04 PM  +299.99    19 0:6.000  0-8-0

--------------------------------------------------------------

Engine-Match Sunday, November 2, 2025 8:00:06 PM
 Blitz 5/5 

Pairing 1/6 :    C0BR4_v2.9  -  Random_Opponent

PGN-File: C:\Program Files (x86)\Arena\Tournaments\C0BR4 Regression Battle 20251102_2.pgn

No:  B/W 1/2     W:B       1:2           Time        Value Moves Dep 1:2       1-2-Draws
   9 W 1    1.0:0.0        9.0:0.0       8:00:16 PM  +299.97     6 3.600 :0 9-0-0

--------------------------------------------------------------

Engine-Match Sunday, November 2, 2025 8:00:18 PM
 Blitz 5/5 

Pairing 2/6 :    MaterialOpponent  -  C0BR4_v3.1

PGN-File: C:\Program Files (x86)\Arena\Tournaments\C0BR4 Regression Battle 20251102_2.pgn

No:  B/W 1/2     W:B       1:2           Time        Value Moves Dep 1:2       1-2-Draws
   9 = =    3.5:3.5        5.5:3.5       8:01:35 PM    +0.05    37 6.000 :4.000  2-0-7

--------------------------------------------------------------

Engine-Match Sunday, November 2, 2025 8:01:36 PM
 Blitz 5/5 

Pairing 3/6 :    MaterialOpponent  -  C0BR4_v2.9

PGN-File: C:\Program Files (x86)\Arena\Tournaments\C0BR4 Regression Battle 20251102_2.pgn

No:  B/W 1/2     W:B       1:2           Time        Value Moves Dep 1:2       1-2-Draws
   9 B 2    3.5:2.5        5.5:3.5       8:02:36 PM   -18.00    25 6.000 :4.000  3-1-5

--------------------------------------------------------------

Engine-Match Sunday, November 2, 2025 8:02:37 PM
 Blitz 5/5 

Pairing 4/6 :    C0BR4_v3.1  -  Random_Opponent

PGN-File: C:\Program Files (x86)\Arena\Tournaments\C0BR4 Regression Battle 20251102_2.pgn

No:  B/W 1/2     W:B       1:2           Time        Value Moves Dep 1:2       1-2-Draws
   9 W 1    1.0:0.0        9.0:0.0       8:02:53 PM  +299.97    14 3.833 :0 9-0-0

--------------------------------------------------------------

Engine-Match Sunday, November 2, 2025 8:02:54 PM
 Blitz 5/5 

Pairing 5/6 :    C0BR4_v2.9  -  C0BR4_v3.1

PGN-File: C:\Program Files (x86)\Arena\Tournaments\C0BR4 Regression Battle 20251102_2.pgn

No:  B/W 1/2     W:B       1:2           Time        Value Moves Dep 1:2       1-2-Draws
   9 = =    3.5:3.5        5.5:3.5       8:03:39 PM    -0.07    20 4.000 :4.000  2-0-7

--------------------------------------------------------------

Engine-Match Sunday, November 2, 2025 8:03:40 PM
 Blitz 5/5 

Pairing 6/6 :    Random_Opponent  -  MaterialOpponent

PGN-File: C:\Program Files (x86)\Arena\Tournaments\C0BR4 Regression Battle 20251102_2.pgn

No:  B/W 1/2     W:B       1:2           Time        Value Moves Dep 1:2       1-2-Draws
   9 B 2    1.0:0.0        0.0:9.0       8:04:11 PM  -299.99    23 0:6.000  0-9-0

--------------------------------------------------------------

Engine-Match Sunday, November 2, 2025 8:04:13 PM
 Blitz 5/5 

Pairing 1/6 :    C0BR4_v2.9  -  Random_Opponent

PGN-File: C:\Program Files (x86)\Arena\Tournaments\C0BR4 Regression Battle 20251102_2.pgn

No:  B/W 1/2     W:B       1:2           Time        Value Moves Dep 1:2       1-2-Draws
  10 B 1    1.0:0.0        10.0:0.0      8:04:34 PM  -299.97    14 3.833 :0 10-0-0

--------------------------------------------------------------

Engine-Match Sunday, November 2, 2025 8:04:36 PM
 Blitz 5/5 

Pairing 2/6 :    MaterialOpponent  -  C0BR4_v3.1

PGN-File: C:\Program Files (x86)\Arena\Tournaments\C0BR4 Regression Battle 20251102_2.pgn

No:  B/W 1/2     W:B       1:2           Time        Value Moves Dep 1:2       1-2-Draws
  10 B 1    4.5:3.5        6.5:3.5       8:06:22 PM  -299.97    33 6.000 :3.968  3-0-7

--------------------------------------------------------------

Engine-Match Sunday, November 2, 2025 8:06:23 PM
 Blitz 5/5 

Pairing 3/6 :    MaterialOpponent  -  C0BR4_v2.9

PGN-File: C:\Program Files (x86)\Arena\Tournaments\C0BR4 Regression Battle 20251102_2.pgn

No:  B/W 1/2     W:B       1:2           Time        Value Moves Dep 1:2       1-2-Draws
  10 = =    3.0:3.0        6.0:4.0       8:06:49 PM    -3.25    15 6.000 :4.000  3-1-6

--------------------------------------------------------------

Engine-Match Sunday, November 2, 2025 8:06:50 PM
 Blitz 5/5 

Pairing 4/6 :    C0BR4_v3.1  -  Random_Opponent

PGN-File: C:\Program Files (x86)\Arena\Tournaments\C0BR4 Regression Battle 20251102_2.pgn

No:  B/W 1/2     W:B       1:2           Time        Value Moves Dep 1:2       1-2-Draws
  10 B 1    1.0:0.0        10.0:0.0      8:07:14 PM  -299.97    33 4.000 :0 10-0-0

--------------------------------------------------------------

Engine-Match Sunday, November 2, 2025 8:07:15 PM
 Blitz 5/5 

Pairing 5/6 :    C0BR4_v2.9  -  C0BR4_v3.1

PGN-File: C:\Program Files (x86)\Arena\Tournaments\C0BR4 Regression Battle 20251102_2.pgn

No:  B/W 1/2     W:B       1:2           Time        Value Moves Dep 1:2       1-2-Draws
  10 = =    4.0:4.0        6.0:4.0       8:07:48 PM    +5.14    32 4.000 :4.000  2-0-8

--------------------------------------------------------------

Engine-Match Sunday, November 2, 2025 8:07:49 PM
 Blitz 5/5 

Pairing 6/6 :    Random_Opponent  -  MaterialOpponent

PGN-File: C:\Program Files (x86)\Arena\Tournaments\C0BR4 Regression Battle 20251102_2.pgn

No:  B/W 1/2     W:B       1:2           Time        Value Moves Dep 1:2       1-2-Draws
  10 W 2    1.0:0.0        0.0:10.0      8:08:41 PM  +299.99    41 0:6.000  0-10-0
