Engine-Match Sunday, November 2, 2025 4:45:00 PM
 Blitz 2/1 

Pairing 1/6 :    C0BR4_v2.9  -  Random_Opponent

PGN-File: C:\Program Files (x86)\Arena\Tournaments\C0BR4 Regression Battle 20251102.pgn

No:  B/W 1/2     W:B       1:2           Time        Value Moves Dep 1:2       1-2-Draws
   1 W 1    1.0:0.0        1.0:0.0       4:45:08 PM  +299.97     8 3.667 :0 1-0-0

--------------------------------------------------------------

Engine-Match Sunday, November 2, 2025 4:45:10 PM
 Blitz 2/1 

Pairing 2/6 :    MaterialOpponent  -  C0BR4_v3.1

PGN-File: C:\Program Files (x86)\Arena\Tournaments\C0BR4 Regression Battle 20251102.pgn

No:  B/W 1/2     W:B       1:2           Time        Value Moves Dep 1:2       1-2-Draws
   1 = =    0.5:0.5        0.5:0.5       4:47:00 PM    -4.10    50 6.000 :4.000  0-0-1

--------------------------------------------------------------

Engine-Match Sunday, November 2, 2025 4:47:02 PM
 Blitz 2/1 

Pairing 3/6 :    MaterialOpponent  -  C0BR4_v2.9

PGN-File: C:\Program Files (x86)\Arena\Tournaments\C0BR4 Regression Battle 20251102.pgn

No:  B/W 1/2     W:B       1:2           Time        Value Moves Dep 1:2       1-2-Draws
   1 = =    0.5:0.5        0.5:0.5       4:48:43 PM    -5.55    34 6.000 :4.000  0-0-1

--------------------------------------------------------------

Engine-Match Sunday, November 2, 2025 4:48:44 PM
 Blitz 2/1 

Pairing 4/6 :    C0BR4_v3.1  -  Random_Opponent

PGN-File: C:\Program Files (x86)\Arena\Tournaments\C0BR4 Regression Battle 20251102.pgn

No:  B/W 1/2     W:B       1:2           Time        Value Moves Dep 1:2       1-2-Draws
   1 W 1    1.0:0.0        1.0:0.0       4:49:08 PM  +299.97    23 3.905 :0 1-0-0

--------------------------------------------------------------

Engine-Match Sunday, November 2, 2025 4:49:09 PM
 Blitz 2/1 

Pairing 5/6 :    C0BR4_v2.9  -  C0BR4_v3.1

PGN-File: C:\Program Files (x86)\Arena\Tournaments\C0BR4 Regression Battle 20251102.pgn

No:  B/W 1/2     W:B       1:2           Time        Value Moves Dep 1:2       1-2-Draws
   1 = =    0.5:0.5        0.5:0.5       4:50:02 PM    +5.14    32 4.000 :4.000  0-0-1

--------------------------------------------------------------

Engine-Match Sunday, November 2, 2025 4:50:03 PM
 Blitz 2/1 

Pairing 6/6 :    Random_Opponent  -  MaterialOpponent

PGN-File: C:\Program Files (x86)\Arena\Tournaments\C0BR4 Regression Battle 20251102.pgn

No:  B/W 1/2     W:B       1:2           Time        Value Moves Dep 1:2       1-2-Draws
   1 B 2    1.0:0.0        0.0:1.0       4:50:49 PM  -299.99    24 0:6.000  0-1-0

--------------------------------------------------------------

Engine-Match Sunday, November 2, 2025 4:50:50 PM
 Blitz 2/1 

Pairing 1/6 :    C0BR4_v2.9  -  Random_Opponent

PGN-File: C:\Program Files (x86)\Arena\Tournaments\C0BR4 Regression Battle 20251102.pgn

No:  B/W 1/2     W:B       1:2           Time        Value Moves Dep 1:2       1-2-Draws
   2 B 1    1.0:0.0        2.0:0.0       4:51:05 PM  -299.97    12 4.000 :0 2-0-0

--------------------------------------------------------------

Engine-Match Sunday, November 2, 2025 4:51:06 PM
 Blitz 2/1 

Pairing 2/6 :    MaterialOpponent  -  C0BR4_v3.1

PGN-File: C:\Program Files (x86)\Arena\Tournaments\C0BR4 Regression Battle 20251102.pgn

No:  B/W 1/2     W:B       1:2           Time        Value Moves Dep 1:2       1-2-Draws
   2 B 1    1.5:0.5        1.5:0.5       4:52:55 PM  -299.97    33 6.000 :3.968  1-0-1

--------------------------------------------------------------

Engine-Match Sunday, November 2, 2025 4:52:56 PM
 Blitz 2/1 

Pairing 3/6 :    MaterialOpponent  -  C0BR4_v2.9

PGN-File: C:\Program Files (x86)\Arena\Tournaments\C0BR4 Regression Battle 20251102.pgn

No:  B/W 1/2     W:B       1:2           Time        Value Moves Dep 1:2       1-2-Draws
   2 = =    1.0:1.0        1.0:1.0       4:53:23 PM    -3.25    15 6.000 :4.000  0-0-2

--------------------------------------------------------------

Engine-Match Sunday, November 2, 2025 4:53:24 PM
 Blitz 2/1 

Pairing 4/6 :    C0BR4_v3.1  -  Random_Opponent

PGN-File: C:\Program Files (x86)\Arena\Tournaments\C0BR4 Regression Battle 20251102.pgn

No:  B/W 1/2     W:B       1:2           Time        Value Moves Dep 1:2       1-2-Draws
   2 B 1    1.0:0.0        2.0:0.0       4:53:43 PM  -299.97    13 3.818 :0 2-0-0

--------------------------------------------------------------

Engine-Match Sunday, November 2, 2025 4:53:44 PM
 Blitz 2/1 

Pairing 5/6 :    C0BR4_v2.9  -  C0BR4_v3.1

PGN-File: C:\Program Files (x86)\Arena\Tournaments\C0BR4 Regression Battle 20251102.pgn

No:  B/W 1/2     W:B       1:2           Time        Value Moves Dep 1:2       1-2-Draws
   2 = =    1.0:1.0        1.0:1.0       4:54:01 PM    -0.28    12 4.000 :4.000  0-0-2

--------------------------------------------------------------

Engine-Match Sunday, November 2, 2025 4:54:02 PM
 Blitz 2/1 

Pairing 6/6 :    Random_Opponent  -  MaterialOpponent

PGN-File: C:\Program Files (x86)\Arena\Tournaments\C0BR4 Regression Battle 20251102.pgn

No:  B/W 1/2     W:B       1:2           Time        Value Moves Dep 1:2       1-2-Draws
   2 W 2    1.0:0.0        0.0:2.0       4:54:30 PM  +299.99    18 0:6.000  0-2-0

--------------------------------------------------------------

Engine-Match Sunday, November 2, 2025 4:54:31 PM
 Blitz 2/1 

Pairing 1/6 :    C0BR4_v2.9  -  Random_Opponent

PGN-File: C:\Program Files (x86)\Arena\Tournaments\C0BR4 Regression Battle 20251102.pgn

No:  B/W 1/2     W:B       1:2           Time        Value Moves Dep 1:2       1-2-Draws
   3 W 1    1.0:0.0        3.0:0.0       4:54:58 PM  +299.97    23 3.909 :0 3-0-0

--------------------------------------------------------------

Engine-Match Sunday, November 2, 2025 4:55:00 PM
 Blitz 2/1 

Pairing 2/6 :    MaterialOpponent  -  C0BR4_v3.1

PGN-File: C:\Program Files (x86)\Arena\Tournaments\C0BR4 Regression Battle 20251102.pgn

No:  B/W 1/2     W:B       1:2           Time        Value Moves Dep 1:2       1-2-Draws
   3 = =    1.0:1.0        2.0:1.0       4:55:56 PM   -10.67    27 6.000 :4.000  1-0-2

--------------------------------------------------------------

Engine-Match Sunday, November 2, 2025 4:55:57 PM
 Blitz 2/1 

Pairing 3/6 :    MaterialOpponent  -  C0BR4_v2.9

PGN-File: C:\Program Files (x86)\Arena\Tournaments\C0BR4 Regression Battle 20251102.pgn

No:  B/W 1/2     W:B       1:2           Time        Value Moves Dep 1:2       1-2-Draws
   3 = =    1.5:1.5        1.5:1.5       4:56:54 PM   -10.67    27 6.000 :4.000  0-0-3

--------------------------------------------------------------

Engine-Match Sunday, November 2, 2025 4:56:55 PM
 Blitz 2/1 

Pairing 4/6 :    C0BR4_v3.1  -  Random_Opponent

PGN-File: C:\Program Files (x86)\Arena\Tournaments\C0BR4 Regression Battle 20251102.pgn

No:  B/W 1/2     W:B       1:2           Time        Value Moves Dep 1:2       1-2-Draws
   3 W 1    1.0:0.0        3.0:0.0       4:57:12 PM  +299.97    15 4.000 :0 3-0-0

--------------------------------------------------------------

Engine-Match Sunday, November 2, 2025 4:57:14 PM
 Blitz 2/1 

Pairing 5/6 :    C0BR4_v2.9  -  C0BR4_v3.1

PGN-File: C:\Program Files (x86)\Arena\Tournaments\C0BR4 Regression Battle 20251102.pgn

No:  B/W 1/2     W:B       1:2           Time        Value Moves Dep 1:2       1-2-Draws
   3 W 1    2.0:1.0        2.0:1.0       4:57:58 PM  +299.97    31 4.000 :4.000  1-0-2

--------------------------------------------------------------

Engine-Match Sunday, November 2, 2025 4:57:59 PM
 Blitz 2/1 

Pairing 6/6 :    Random_Opponent  -  MaterialOpponent

PGN-File: C:\Program Files (x86)\Arena\Tournaments\C0BR4 Regression Battle 20251102.pgn

No:  B/W 1/2     W:B       1:2           Time        Value Moves Dep 1:2       1-2-Draws
   3 B 2    1.0:0.0        0.0:3.0       4:58:44 PM  -299.99    28 0:6.000  0-3-0

--------------------------------------------------------------

Engine-Match Sunday, November 2, 2025 4:58:45 PM
 Blitz 2/1 

Pairing 1/6 :    C0BR4_v2.9  -  Random_Opponent

PGN-File: C:\Program Files (x86)\Arena\Tournaments\C0BR4 Regression Battle 20251102.pgn

No:  B/W 1/2     W:B       1:2           Time        Value Moves Dep 1:2       1-2-Draws
   4 B 1    1.0:0.0        4.0:0.0       4:58:57 PM  -299.97     7 3.600 :0 4-0-0

--------------------------------------------------------------

Engine-Match Sunday, November 2, 2025 4:58:58 PM
 Blitz 2/1 

Pairing 2/6 :    MaterialOpponent  -  C0BR4_v3.1

PGN-File: C:\Program Files (x86)\Arena\Tournaments\C0BR4 Regression Battle 20251102.pgn

No:  B/W 1/2     W:B       1:2           Time        Value Moves Dep 1:2       1-2-Draws
   4 = =    1.5:1.5        2.5:1.5       5:01:01 PM    +7.18    52 6.000 :4.000  1-0-3

--------------------------------------------------------------

Engine-Match Sunday, November 2, 2025 5:01:12 PM
 Blitz 2/1 

Pairing 3/6 :    MaterialOpponent  -  C0BR4_v2.9

PGN-File: C:\Program Files (x86)\Arena\Tournaments\C0BR4 Regression Battle 20251102.pgn

No:  B/W 1/2     W:B       1:2           Time        Value Moves Dep 1:2       1-2-Draws
   4 B 1    2.5:1.5        2.5:1.5       5:02:58 PM  -299.99    53 6.000 :4.000  1-0-3

--------------------------------------------------------------

Engine-Match Sunday, November 2, 2025 5:02:59 PM
 Blitz 2/1 

Pairing 4/6 :    C0BR4_v3.1  -  Random_Opponent

PGN-File: C:\Program Files (x86)\Arena\Tournaments\C0BR4 Regression Battle 20251102.pgn

No:  B/W 1/2     W:B       1:2           Time        Value Moves Dep 1:2       1-2-Draws
   4 B 1    1.0:0.0        4.0:0.0       5:03:09 PM  -299.97     6 3.500 :0 4-0-0

--------------------------------------------------------------

Engine-Match Sunday, November 2, 2025 5:03:11 PM
 Blitz 2/1 

Pairing 5/6 :    C0BR4_v2.9  -  C0BR4_v3.1

PGN-File: C:\Program Files (x86)\Arena\Tournaments\C0BR4 Regression Battle 20251102.pgn

No:  B/W 1/2     W:B       1:2           Time        Value Moves Dep 1:2       1-2-Draws
   4 W 2    2.0:1.0        2.0:2.0       5:03:38 PM   +10.23    30 4.000 :4.000  1-1-2

--------------------------------------------------------------

Engine-Match Sunday, November 2, 2025 5:03:40 PM
 Blitz 2/1 

Pairing 6/6 :    Random_Opponent  -  MaterialOpponent

PGN-File: C:\Program Files (x86)\Arena\Tournaments\C0BR4 Regression Battle 20251102.pgn

No:  B/W 1/2     W:B       1:2           Time        Value Moves Dep 1:2       1-2-Draws
   4 W 2    1.0:0.0        0.0:4.0       5:04:12 PM  +299.99    21 0:6.000  0-4-0

--------------------------------------------------------------

Engine-Match Sunday, November 2, 2025 5:04:14 PM
 Blitz 2/1 

Pairing 1/6 :    C0BR4_v2.9  -  Random_Opponent

PGN-File: C:\Program Files (x86)\Arena\Tournaments\C0BR4 Regression Battle 20251102.pgn

No:  B/W 1/2     W:B       1:2           Time        Value Moves Dep 1:2       1-2-Draws
   5 W 1    1.0:0.0        5.0:0.0       5:04:29 PM  +299.97    17 4.000 :0 5-0-0

--------------------------------------------------------------

Engine-Match Sunday, November 2, 2025 5:04:30 PM
 Blitz 2/1 

Pairing 2/6 :    MaterialOpponent  -  C0BR4_v3.1

PGN-File: C:\Program Files (x86)\Arena\Tournaments\C0BR4 Regression Battle 20251102.pgn

No:  B/W 1/2     W:B       1:2           Time        Value Moves Dep 1:2       1-2-Draws
   5 = =    2.0:2.0        3.0:2.0       5:05:38 PM    -0.87    45 6.000 :4.000  1-0-4

--------------------------------------------------------------

Engine-Match Sunday, November 2, 2025 5:05:39 PM
 Blitz 2/1 

Pairing 3/6 :    MaterialOpponent  -  C0BR4_v2.9

PGN-File: C:\Program Files (x86)\Arena\Tournaments\C0BR4 Regression Battle 20251102.pgn

No:  B/W 1/2     W:B       1:2           Time        Value Moves Dep 1:2       1-2-Draws
   5 = =    2.0:2.0        3.0:2.0       5:07:55 PM     0.00    58 6.000 :4.000  1-0-4

--------------------------------------------------------------

Engine-Match Sunday, November 2, 2025 5:07:57 PM
 Blitz 2/1 

Pairing 4/6 :    C0BR4_v3.1  -  Random_Opponent

PGN-File: C:\Program Files (x86)\Arena\Tournaments\C0BR4 Regression Battle 20251102.pgn

No:  B/W 1/2     W:B       1:2           Time        Value Moves Dep 1:2       1-2-Draws
   5 W 1    1.0:0.0        5.0:0.0       5:08:08 PM  +299.97     8 3.714 :0 5-0-0

--------------------------------------------------------------

Engine-Match Sunday, November 2, 2025 5:08:09 PM
 Blitz 2/1 

Pairing 5/6 :    C0BR4_v2.9  -  C0BR4_v3.1

PGN-File: C:\Program Files (x86)\Arena\Tournaments\C0BR4 Regression Battle 20251102.pgn

No:  B/W 1/2     W:B       1:2           Time        Value Moves Dep 1:2       1-2-Draws
   5 = =    1.5:1.5        2.5:2.5       5:08:46 PM    -4.54    47 4.000 :4.000  1-1-3

--------------------------------------------------------------

Engine-Match Sunday, November 2, 2025 5:08:48 PM
 Blitz 2/1 

Pairing 6/6 :    Random_Opponent  -  MaterialOpponent

PGN-File: C:\Program Files (x86)\Arena\Tournaments\C0BR4 Regression Battle 20251102.pgn

No:  B/W 1/2     W:B       1:2           Time        Value Moves Dep 1:2       1-2-Draws
   5 B 2    1.0:0.0        0.0:5.0       5:09:40 PM  -299.99    23 0:6.000  0-5-0

--------------------------------------------------------------

Engine-Match Sunday, November 2, 2025 5:09:42 PM
 Blitz 2/1 

Pairing 1/6 :    C0BR4_v2.9  -  Random_Opponent

PGN-File: C:\Program Files (x86)\Arena\Tournaments\C0BR4 Regression Battle 20251102.pgn

No:  B/W 1/2     W:B       1:2           Time        Value Moves Dep 1:2       1-2-Draws
   6 B 1    1.0:0.0        6.0:0.0       5:10:00 PM  -299.97    17 4.000 :0 6-0-0

--------------------------------------------------------------

Engine-Match Sunday, November 2, 2025 5:10:02 PM
 Blitz 2/1 

Pairing 2/6 :    MaterialOpponent  -  C0BR4_v3.1

PGN-File: C:\Program Files (x86)\Arena\Tournaments\C0BR4 Regression Battle 20251102.pgn

No:  B/W 1/2     W:B       1:2           Time        Value Moves Dep 1:2       1-2-Draws
   6 B 1    3.0:2.0        4.0:2.0       5:11:46 PM  -299.97    33 6.000 :3.968  2-0-4

--------------------------------------------------------------

Engine-Match Sunday, November 2, 2025 5:11:47 PM
 Blitz 2/1 

Pairing 3/6 :    MaterialOpponent  -  C0BR4_v2.9

PGN-File: C:\Program Files (x86)\Arena\Tournaments\C0BR4 Regression Battle 20251102.pgn

No:  B/W 1/2     W:B       1:2           Time        Value Moves Dep 1:2       1-2-Draws
   6 B 1    3.0:2.0        4.0:2.0       5:13:22 PM  -299.99    53 6.000 :4.000  2-0-4

--------------------------------------------------------------

Engine-Match Sunday, November 2, 2025 5:13:24 PM
 Blitz 2/1 

Pairing 4/6 :    C0BR4_v3.1  -  Random_Opponent

PGN-File: C:\Program Files (x86)\Arena\Tournaments\C0BR4 Regression Battle 20251102.pgn

No:  B/W 1/2     W:B       1:2           Time        Value Moves Dep 1:2       1-2-Draws
   6 B 1    1.0:0.0        6.0:0.0       5:13:42 PM  -299.97    18 4.000 :0 6-0-0

--------------------------------------------------------------

Engine-Match Sunday, November 2, 2025 5:13:43 PM
 Blitz 2/1 

Pairing 5/6 :    C0BR4_v2.9  -  C0BR4_v3.1

PGN-File: C:\Program Files (x86)\Arena\Tournaments\C0BR4 Regression Battle 20251102.pgn

No:  B/W 1/2     W:B       1:2           Time        Value Moves Dep 1:2       1-2-Draws
   6 = =    2.0:2.0        3.0:3.0       5:14:14 PM    -4.45    33 4.000 :4.000  1-1-4

--------------------------------------------------------------

Engine-Match Sunday, November 2, 2025 5:14:15 PM
 Blitz 2/1 

Pairing 6/6 :    Random_Opponent  -  MaterialOpponent

PGN-File: C:\Program Files (x86)\Arena\Tournaments\C0BR4 Regression Battle 20251102.pgn

No:  B/W 1/2     W:B       1:2           Time        Value Moves Dep 1:2       1-2-Draws
   6 W 2    1.0:0.0        0.0:6.0       5:14:32 PM  +299.99     8 0:6.000  0-6-0

--------------------------------------------------------------

Engine-Match Sunday, November 2, 2025 5:14:33 PM
 Blitz 2/1 

Pairing 1/6 :    C0BR4_v2.9  -  Random_Opponent

PGN-File: C:\Program Files (x86)\Arena\Tournaments\C0BR4 Regression Battle 20251102.pgn

No:  B/W 1/2     W:B       1:2           Time        Value Moves Dep 1:2       1-2-Draws
   7 W 1    1.0:0.0        7.0:0.0       5:14:52 PM  +299.97    14 4.000 :0 7-0-0

--------------------------------------------------------------

Engine-Match Sunday, November 2, 2025 5:14:53 PM
 Blitz 2/1 

Pairing 2/6 :    MaterialOpponent  -  C0BR4_v3.1

PGN-File: C:\Program Files (x86)\Arena\Tournaments\C0BR4 Regression Battle 20251102.pgn

No:  B/W 1/2     W:B       1:2           Time        Value Moves Dep 1:2       1-2-Draws
   7 = =    2.5:2.5        4.5:2.5       5:17:10 PM     0.00    58 6.000 :4.000  2-0-5

--------------------------------------------------------------

Engine-Match Sunday, November 2, 2025 5:17:11 PM
 Blitz 2/1 

Pairing 3/6 :    MaterialOpponent  -  C0BR4_v2.9

PGN-File: C:\Program Files (x86)\Arena\Tournaments\C0BR4 Regression Battle 20251102.pgn

No:  B/W 1/2     W:B       1:2           Time        Value Moves Dep 1:2       1-2-Draws
   7 = =    2.5:2.5        4.5:2.5       5:17:58 PM   -10.67    27 6.000 :4.000  2-0-5

--------------------------------------------------------------

Engine-Match Sunday, November 2, 2025 5:18:00 PM
 Blitz 2/1 

Pairing 4/6 :    C0BR4_v3.1  -  Random_Opponent

PGN-File: C:\Program Files (x86)\Arena\Tournaments\C0BR4 Regression Battle 20251102.pgn

No:  B/W 1/2     W:B       1:2           Time        Value Moves Dep 1:2       1-2-Draws
   7 W 1    1.0:0.0        7.0:0.0       5:18:16 PM  +299.97    16 4.000 :0 7-0-0

--------------------------------------------------------------

Engine-Match Sunday, November 2, 2025 5:18:24 PM
 Blitz 2/1 

Pairing 5/6 :    C0BR4_v2.9  -  C0BR4_v3.1

PGN-File: C:\Program Files (x86)\Arena\Tournaments\C0BR4 Regression Battle 20251102.pgn

No:  B/W 1/2     W:B       1:2           Time        Value Moves Dep 1:2       1-2-Draws
   7 = =    2.5:2.5        3.5:3.5       5:19:26 PM    +6.90    61 4.000 :4.000  1-1-5

--------------------------------------------------------------

Engine-Match Sunday, November 2, 2025 5:19:27 PM
 Blitz 2/1 

Pairing 6/6 :    Random_Opponent  -  MaterialOpponent

PGN-File: C:\Program Files (x86)\Arena\Tournaments\C0BR4 Regression Battle 20251102.pgn

No:  B/W 1/2     W:B       1:2           Time        Value Moves Dep 1:2       1-2-Draws
   7 B 2    1.0:0.0        0.0:7.0       5:20:42 PM  -299.99    47 0:6.000  0-7-0

--------------------------------------------------------------

Engine-Match Sunday, November 2, 2025 5:20:43 PM
 Blitz 2/1 

Pairing 1/6 :    C0BR4_v2.9  -  Random_Opponent

PGN-File: C:\Program Files (x86)\Arena\Tournaments\C0BR4 Regression Battle 20251102.pgn

No:  B/W 1/2     W:B       1:2           Time        Value Moves Dep 1:2       1-2-Draws
   8 B 1    1.0:0.0        8.0:0.0       5:21:04 PM  -299.97    22 3.905 :0 8-0-0

--------------------------------------------------------------

Engine-Match Sunday, November 2, 2025 5:21:05 PM
 Blitz 2/1 

Pairing 2/6 :    MaterialOpponent  -  C0BR4_v3.1

PGN-File: C:\Program Files (x86)\Arena\Tournaments\C0BR4 Regression Battle 20251102.pgn

No:  B/W 1/2     W:B       1:2           Time        Value Moves Dep 1:2       1-2-Draws
   8 W 2    3.5:2.5        4.5:3.5       5:23:26 PM  +299.94    43 6.000 :4.000  2-1-5

--------------------------------------------------------------

Engine-Match Sunday, November 2, 2025 5:23:27 PM
 Blitz 2/1 

Pairing 3/6 :    MaterialOpponent  -  C0BR4_v2.9

PGN-File: C:\Program Files (x86)\Arena\Tournaments\C0BR4 Regression Battle 20251102.pgn

No:  B/W 1/2     W:B       1:2           Time        Value Moves Dep 1:2       1-2-Draws
   8 = =    3.0:3.0        5.0:3.0       5:24:07 PM    +2.27    27 6.000 :4.000  2-0-6

--------------------------------------------------------------

Engine-Match Sunday, November 2, 2025 5:24:08 PM
 Blitz 2/1 

Pairing 4/6 :    C0BR4_v3.1  -  Random_Opponent

PGN-File: C:\Program Files (x86)\Arena\Tournaments\C0BR4 Regression Battle 20251102.pgn

No:  B/W 1/2     W:B       1:2           Time        Value Moves Dep 1:2       1-2-Draws
   8 B 1    1.0:0.0        8.0:0.0       5:24:22 PM  -299.97    11 3.800 :0 8-0-0

--------------------------------------------------------------

Engine-Match Sunday, November 2, 2025 5:24:24 PM
 Blitz 2/1 

Pairing 5/6 :    C0BR4_v2.9  -  C0BR4_v3.1

PGN-File: C:\Program Files (x86)\Arena\Tournaments\C0BR4 Regression Battle 20251102.pgn

No:  B/W 1/2     W:B       1:2           Time        Value Moves Dep 1:2       1-2-Draws
   8 W 2    3.5:2.5        3.5:4.5       5:24:49 PM   +10.23    30 4.000 :4.000  1-2-5

--------------------------------------------------------------

Engine-Match Sunday, November 2, 2025 5:24:51 PM
 Blitz 2/1 

Pairing 6/6 :    Random_Opponent  -  MaterialOpponent

PGN-File: C:\Program Files (x86)\Arena\Tournaments\C0BR4 Regression Battle 20251102.pgn

No:  B/W 1/2     W:B       1:2           Time        Value Moves Dep 1:2       1-2-Draws
   8 W 2    1.0:0.0        0.0:8.0       5:25:15 PM  +299.99    15 0:6.000  0-8-0

--------------------------------------------------------------

Engine-Match Sunday, November 2, 2025 5:25:16 PM
 Blitz 2/1 

Pairing 1/6 :    C0BR4_v2.9  -  Random_Opponent

PGN-File: C:\Program Files (x86)\Arena\Tournaments\C0BR4 Regression Battle 20251102.pgn

No:  B/W 1/2     W:B       1:2           Time        Value Moves Dep 1:2       1-2-Draws
   9 W 1    1.0:0.0        9.0:0.0       5:25:30 PM  +299.97    11 4.000 :0 9-0-0

--------------------------------------------------------------

Engine-Match Sunday, November 2, 2025 5:25:31 PM
 Blitz 2/1 

Pairing 2/6 :    MaterialOpponent  -  C0BR4_v3.1

PGN-File: C:\Program Files (x86)\Arena\Tournaments\C0BR4 Regression Battle 20251102.pgn

No:  B/W 1/2     W:B       1:2           Time        Value Moves Dep 1:2       1-2-Draws
   9 = =    3.0:3.0        5.0:4.0       5:26:19 PM   -10.67    27 6.000 :4.000  2-1-6

--------------------------------------------------------------

Engine-Match Sunday, November 2, 2025 5:26:21 PM
 Blitz 2/1 

Pairing 3/6 :    MaterialOpponent  -  C0BR4_v2.9

PGN-File: C:\Program Files (x86)\Arena\Tournaments\C0BR4 Regression Battle 20251102.pgn

No:  B/W 1/2     W:B       1:2           Time        Value Moves Dep 1:2       1-2-Draws
   9 = =    3.5:3.5        5.5:3.5       5:27:08 PM   -10.67    27 6.000 :4.000  2-0-7

--------------------------------------------------------------

Engine-Match Sunday, November 2, 2025 5:27:09 PM
 Blitz 2/1 

Pairing 4/6 :    C0BR4_v3.1  -  Random_Opponent

PGN-File: C:\Program Files (x86)\Arena\Tournaments\C0BR4 Regression Battle 20251102.pgn

No:  B/W 1/2     W:B       1:2           Time        Value Moves Dep 1:2       1-2-Draws
   9 W 1    1.0:0.0        9.0:0.0       5:27:23 PM  +299.97    11 3.778 :0 9-0-0

--------------------------------------------------------------

Engine-Match Sunday, November 2, 2025 5:27:24 PM
 Blitz 2/1 

Pairing 5/6 :    C0BR4_v2.9  -  C0BR4_v3.1

PGN-File: C:\Program Files (x86)\Arena\Tournaments\C0BR4 Regression Battle 20251102.pgn

No:  B/W 1/2     W:B       1:2           Time        Value Moves Dep 1:2       1-2-Draws
   9 = =    3.0:3.0        4.0:5.0       5:28:09 PM    -0.07    20 4.000 :4.000  1-2-6

--------------------------------------------------------------

Engine-Match Sunday, November 2, 2025 5:28:10 PM
 Blitz 2/1 

Pairing 6/6 :    Random_Opponent  -  MaterialOpponent

PGN-File: C:\Program Files (x86)\Arena\Tournaments\C0BR4 Regression Battle 20251102.pgn

No:  B/W 1/2     W:B       1:2           Time        Value Moves Dep 1:2       1-2-Draws
   9 B 2    1.0:0.0        0.0:9.0       5:28:46 PM  -299.99    24 0:6.000  0-9-0

--------------------------------------------------------------

Engine-Match Sunday, November 2, 2025 5:28:47 PM
 Blitz 2/1 

Pairing 1/6 :    C0BR4_v2.9  -  Random_Opponent

PGN-File: C:\Program Files (x86)\Arena\Tournaments\C0BR4 Regression Battle 20251102.pgn

No:  B/W 1/2     W:B       1:2           Time        Value Moves Dep 1:2       1-2-Draws
  10 B 1    1.0:0.0        10.0:0.0      5:29:06 PM  -299.97    21 3.900 :0 10-0-0

--------------------------------------------------------------

Engine-Match Sunday, November 2, 2025 5:29:07 PM
 Blitz 2/1 

Pairing 2/6 :    MaterialOpponent  -  C0BR4_v3.1

PGN-File: C:\Program Files (x86)\Arena\Tournaments\C0BR4 Regression Battle 20251102.pgn

No:  B/W 1/2     W:B       1:2           Time        Value Moves Dep 1:2       1-2-Draws
  10 = =    3.5:3.5        5.5:4.5       5:29:33 PM    -3.25    15 6.000 :4.000  2-1-7

--------------------------------------------------------------

Engine-Match Sunday, November 2, 2025 5:29:34 PM
 Blitz 2/1 

Pairing 3/6 :    MaterialOpponent  -  C0BR4_v2.9

PGN-File: C:\Program Files (x86)\Arena\Tournaments\C0BR4 Regression Battle 20251102.pgn

No:  B/W 1/2     W:B       1:2           Time        Value Moves Dep 1:2       1-2-Draws
  10 = =    4.0:4.0        6.0:4.0       5:31:10 PM    +7.18    52 6.000 :4.000  2-0-8

--------------------------------------------------------------

Engine-Match Sunday, November 2, 2025 5:31:11 PM
 Blitz 2/1 

Pairing 4/6 :    C0BR4_v3.1  -  Random_Opponent

PGN-File: C:\Program Files (x86)\Arena\Tournaments\C0BR4 Regression Battle 20251102.pgn

No:  B/W 1/2     W:B       1:2           Time        Value Moves Dep 1:2       1-2-Draws
  10 B 1    1.0:0.0        10.0:0.0      5:31:36 PM  -299.97    18 4.000 :0 10-0-0

--------------------------------------------------------------

Engine-Match Sunday, November 2, 2025 5:31:37 PM
 Blitz 2/1 

Pairing 5/6 :    C0BR4_v2.9  -  C0BR4_v3.1

PGN-File: C:\Program Files (x86)\Arena\Tournaments\C0BR4 Regression Battle 20251102.pgn

No:  B/W 1/2     W:B       1:2           Time        Value Moves Dep 1:2       1-2-Draws
  10 W 2    4.0:3.0        4.0:6.0       5:32:44 PM  +299.97    27 3.958 :4.000  1-3-6

--------------------------------------------------------------

Engine-Match Sunday, November 2, 2025 5:32:45 PM
 Blitz 2/1 

Pairing 6/6 :    Random_Opponent  -  MaterialOpponent

PGN-File: C:\Program Files (x86)\Arena\Tournaments\C0BR4 Regression Battle 20251102.pgn

No:  B/W 1/2     W:B       1:2           Time        Value Moves Dep 1:2       1-2-Draws
  10 W 2    1.0:0.0        0.0:10.0      5:33:31 PM  +299.99    36 0:6.000  0-10-0
