Engine-Match Tuesday, November 18, 2025 10:25:58 PM
 Blitz 5/5 

Pairing 1/28 :    V7P3R_v15.1  -  V7P3R_v14.1

PGN-File: C:\Program Files (x86)\Arena\Tournaments\Engine Battle 20251118.pgn

No:  B/W 1/2     W:B       1:2           Time        Value Moves Dep 1:2       1-2-Draws
   1 B 2    1.0:0.0        0.0:1.0       10:34:39 PM  -289.99    71 6.000 :4.281  0-1-0

--------------------------------------------------------------

Engine-Match Tuesday, November 18, 2025 10:34:41 PM
 Blitz 5/5 

Pairing 2/28 :    Stockfish 1%  -  C0BR4_v3.1

PGN-File: C:\Program Files (x86)\Arena\Tournaments\Engine Battle 20251118.pgn

No:  B/W 1/2     W:B       1:2           Time        Value Moves Dep 1:2       1-2-Draws
   1 W 1    1.0:0.0        1.0:0.0       10:37:44 PM   +10.48    96 16.417 :4.000  1-0-0

--------------------------------------------------------------

Engine-Match Tuesday, November 18, 2025 10:37:45 PM
 Blitz 5/5 

Pairing 3/28 :    MaterialOpponent  -  SlowMate_v3.1

PGN-File: C:\Program Files (x86)\Arena\Tournaments\Engine Battle 20251118.pgn

No:  B/W 1/2     W:B       1:2           Time        Value Moves Dep 1:2       1-2-Draws
   1 = =    0.5:0.5        0.5:0.5       10:46:29 PM    +2.05    52 6.000 :3.392  0-0-1

--------------------------------------------------------------

Engine-Match Tuesday, November 18, 2025 10:46:31 PM
 Blitz 5/5 

Pairing 4/28 :    RandomOpponent  -  PositionalOpponent

PGN-File: C:\Program Files (x86)\Arena\Tournaments\Engine Battle 20251118.pgn

No:  B/W 1/2     W:B       1:2           Time        Value Moves Dep 1:2       1-2-Draws
   1 B 2    1.0:0.0        0.0:1.0       10:48:14 PM  -299.99    15 0:6.000  0-1-0

--------------------------------------------------------------

Engine-Match Tuesday, November 18, 2025 10:48:15 PM
 Blitz 5/5 

Pairing 5/28 :    Stockfish 1%  -  V7P3R_v15.1

PGN-File: C:\Program Files (x86)\Arena\Tournaments\Engine Battle 20251118.pgn

No:  B/W 1/2     W:B       1:2           Time        Value Moves Dep 1:2       1-2-Draws
   1 W 1    1.0:0.0        1.0:0.0       10:50:02 PM      +M1    21 16.818 :6.000  1-0-0

--------------------------------------------------------------

Engine-Match Tuesday, November 18, 2025 10:50:04 PM
 Blitz 5/5 

Pairing 6/28 :    SlowMate_v3.1  -  V7P3R_v14.1

PGN-File: C:\Program Files (x86)\Arena\Tournaments\Engine Battle 20251118.pgn

No:  B/W 1/2     W:B       1:2           Time        Value Moves Dep 1:2       1-2-Draws
   1 = =    0.5:0.5        0.5:0.5       11:03:21 PM    +4.35    62 4.367 :4.444  0-0-1

--------------------------------------------------------------

Engine-Match Tuesday, November 18, 2025 11:03:22 PM
 Blitz 5/5 

Pairing 7/28 :    C0BR4_v3.1  -  RandomOpponent

PGN-File: C:\Program Files (x86)\Arena\Tournaments\Engine Battle 20251118.pgn

No:  B/W 1/2     W:B       1:2           Time        Value Moves Dep 1:2       1-2-Draws
   1 W 1    1.0:0.0        1.0:0.0       11:03:43 PM  +299.97    17 3.875 :0 1-0-0

--------------------------------------------------------------

Engine-Match Tuesday, November 18, 2025 11:03:45 PM
 Blitz 5/5 

Pairing 8/28 :    PositionalOpponent  -  MaterialOpponent

PGN-File: C:\Program Files (x86)\Arena\Tournaments\Engine Battle 20251118.pgn

No:  B/W 1/2     W:B       1:2           Time        Value Moves Dep 1:2       1-2-Draws
   1 = =    0.5:0.5        0.5:0.5       11:09:06 PM   -10.45    44 6.000 :6.000  0-0-1

--------------------------------------------------------------

Engine-Match Tuesday, November 18, 2025 11:09:07 PM
 Blitz 5/5 

Pairing 9/28 :    V7P3R_v15.1  -  SlowMate_v3.1

PGN-File: C:\Program Files (x86)\Arena\Tournaments\Engine Battle 20251118.pgn

No:  B/W 1/2     W:B       1:2           Time        Value Moves Dep 1:2       1-2-Draws
   1 W 1    1.0:0.0        1.0:0.0       11:15:08 PM     0.00    30 6.000 :4.158  1-0-0

--------------------------------------------------------------

Engine-Match Tuesday, November 18, 2025 11:15:09 PM
 Blitz 5/5 

Pairing 10/28 :    RandomOpponent  -  Stockfish 1%

PGN-File: C:\Program Files (x86)\Arena\Tournaments\Engine Battle 20251118.pgn

No:  B/W 1/2     W:B       1:2           Time        Value Moves Dep 1:2       1-2-Draws
   1 B 2    1.0:0.0        0.0:1.0       11:15:35 PM      -M1    39 0:16.909  0-1-0

--------------------------------------------------------------

Engine-Match Tuesday, November 18, 2025 11:15:37 PM
 Blitz 5/5 

Pairing 11/28 :    V7P3R_v14.1  -  PositionalOpponent

PGN-File: C:\Program Files (x86)\Arena\Tournaments\Engine Battle 20251118.pgn

No:  B/W 1/2     W:B       1:2           Time        Value Moves Dep 1:2       1-2-Draws
   1 W 1    1.0:0.0        1.0:0.0       11:20:17 PM   +13.40    22 4.235 :6.000  1-0-0

--------------------------------------------------------------

Engine-Match Tuesday, November 18, 2025 11:20:18 PM
 Blitz 5/5 

Pairing 12/28 :    MaterialOpponent  -  C0BR4_v3.1

PGN-File: C:\Program Files (x86)\Arena\Tournaments\Engine Battle 20251118.pgn

No:  B/W 1/2     W:B       1:2           Time        Value Moves Dep 1:2       1-2-Draws
   1 W 1    1.0:0.0        1.0:0.0       11:22:44 PM  +299.99    45 6.000 :3.977  1-0-0

--------------------------------------------------------------

Engine-Match Tuesday, November 18, 2025 11:22:45 PM
 Blitz 5/5 

Pairing 13/28 :    RandomOpponent  -  V7P3R_v15.1

PGN-File: C:\Program Files (x86)\Arena\Tournaments\Engine Battle 20251118.pgn

No:  B/W 1/2     W:B       1:2           Time        Value Moves Dep 1:2       1-2-Draws
   1 B 2    1.0:0.0        0.0:1.0       11:24:03 PM     0.00    16 0:6.000  0-1-0

--------------------------------------------------------------

Engine-Match Tuesday, November 18, 2025 11:24:04 PM
 Blitz 5/5 

Pairing 14/28 :    PositionalOpponent  -  SlowMate_v3.1

PGN-File: C:\Program Files (x86)\Arena\Tournaments\Engine Battle 20251118.pgn

No:  B/W 1/2     W:B       1:2           Time        Value Moves Dep 1:2       1-2-Draws
   1 W 1    1.0:0.0        1.0:0.0       11:29:21 PM  +299.99    21 6.000 :4.050  1-0-0

--------------------------------------------------------------

Engine-Match Tuesday, November 18, 2025 11:29:23 PM
 Blitz 5/5 

Pairing 15/28 :    Stockfish 1%  -  MaterialOpponent

PGN-File: C:\Program Files (x86)\Arena\Tournaments\Engine Battle 20251118.pgn

No:  B/W 1/2     W:B       1:2           Time        Value Moves Dep 1:2       1-2-Draws
   1 W 1    1.0:0.0        1.0:0.0       11:32:12 PM    +9.05    74 17.273 :6.000  1-0-0

--------------------------------------------------------------

Engine-Match Tuesday, November 18, 2025 11:32:13 PM
 Blitz 5/5 

Pairing 16/28 :    C0BR4_v3.1  -  V7P3R_v14.1

PGN-File: C:\Program Files (x86)\Arena\Tournaments\Engine Battle 20251118.pgn

No:  B/W 1/2     W:B       1:2           Time        Value Moves Dep 1:2       1-2-Draws
   1 B 2    1.0:0.0        0.0:1.0       11:37:30 PM     0.00    60 4.000 :4.350  0-1-0

--------------------------------------------------------------

Engine-Match Tuesday, November 18, 2025 11:37:31 PM
 Blitz 5/5 

Pairing 17/28 :    V7P3R_v15.1  -  PositionalOpponent

PGN-File: C:\Program Files (x86)\Arena\Tournaments\Engine Battle 20251118.pgn

No:  B/W 1/2     W:B       1:2           Time        Value Moves Dep 1:2       1-2-Draws
   1 B 2    1.0:0.0        0.0:1.0       11:42:06 PM  -299.99    65 6.000 :6.000  0-1-0

--------------------------------------------------------------

Engine-Match Tuesday, November 18, 2025 11:42:07 PM
 Blitz 5/5 

Pairing 18/28 :    MaterialOpponent  -  RandomOpponent

PGN-File: C:\Program Files (x86)\Arena\Tournaments\Engine Battle 20251118.pgn

No:  B/W 1/2     W:B       1:2           Time        Value Moves Dep 1:2       1-2-Draws
   1 W 1    1.0:0.0        1.0:0.0       11:42:41 PM  +299.99    15 6.000 :0 1-0-0

--------------------------------------------------------------

Engine-Match Tuesday, November 18, 2025 11:42:42 PM
 Blitz 5/5 

Pairing 19/28 :    SlowMate_v3.1  -  C0BR4_v3.1

PGN-File: C:\Program Files (x86)\Arena\Tournaments\Engine Battle 20251118.pgn

No:  B/W 1/2     W:B       1:2           Time        Value Moves Dep 1:2       1-2-Draws
   1 = =    0.5:0.5        0.5:0.5       11:48:58 PM    -3.07    36 3.861 :4.000  0-0-1

--------------------------------------------------------------

Engine-Match Tuesday, November 18, 2025 11:48:59 PM
 Blitz 5/5 

Pairing 20/28 :    V7P3R_v14.1  -  Stockfish 1%

PGN-File: C:\Program Files (x86)\Arena\Tournaments\Engine Battle 20251118.pgn

No:  B/W 1/2     W:B       1:2           Time        Value Moves Dep 1:2       1-2-Draws
   1 B 2    1.0:0.0        0.0:1.0       11:52:46 PM      -M1    37 4.185 :16.909  0-1-0

--------------------------------------------------------------

Engine-Match Tuesday, November 18, 2025 11:52:57 PM
 Blitz 5/5 

Pairing 21/28 :    MaterialOpponent  -  V7P3R_v15.1

PGN-File: C:\Program Files (x86)\Arena\Tournaments\Engine Battle 20251118.pgn

No:  B/W 1/2     W:B       1:2           Time        Value Moves Dep 1:2       1-2-Draws
   1 B 2    1.0:0.0        0.0:1.0       11:56:17 PM  -299.99    32 6.000 :6.000  0-1-0

--------------------------------------------------------------

Engine-Match Tuesday, November 18, 2025 11:56:19 PM
 Blitz 5/5 

Pairing 22/28 :    C0BR4_v3.1  -  PositionalOpponent

PGN-File: C:\Program Files (x86)\Arena\Tournaments\Engine Battle 20251118.pgn

No:  B/W 1/2     W:B       1:2           Time        Value Moves Dep 1:2       1-2-Draws
   1 W 1    1.0:0.0        1.0:0.0       12:00:53 AM   +14.40    39 4.000 :6.000  1-0-0

--------------------------------------------------------------

Engine-Match Wednesday, November 19, 2025 12:00:55 AM
 Blitz 5/5 

Pairing 23/28 :    RandomOpponent  -  V7P3R_v14.1

PGN-File: C:\Program Files (x86)\Arena\Tournaments\Engine Battle 20251118.pgn

No:  B/W 1/2     W:B       1:2           Time        Value Moves Dep 1:2       1-2-Draws
   1 B 2    1.0:0.0        0.0:1.0       12:01:42 AM  -289.98     9 0:4.778  0-1-0

--------------------------------------------------------------

Engine-Match Wednesday, November 19, 2025 12:01:43 AM
 Blitz 5/5 

Pairing 24/28 :    Stockfish 1%  -  SlowMate_v3.1

PGN-File: C:\Program Files (x86)\Arena\Tournaments\Engine Battle 20251118.pgn

No:  B/W 1/2     W:B       1:2           Time        Value Moves Dep 1:2       1-2-Draws
   1 W 1    1.0:0.0        1.0:0.0       12:07:56 AM      +M1    40 15.714 :3.795  1-0-0

--------------------------------------------------------------

Engine-Match Wednesday, November 19, 2025 12:07:58 AM
 Blitz 5/5 

Pairing 25/28 :    V7P3R_v15.1  -  C0BR4_v3.1

PGN-File: C:\Program Files (x86)\Arena\Tournaments\Engine Battle 20251118.pgn

No:  B/W 1/2     W:B       1:2           Time        Value Moves Dep 1:2       1-2-Draws
   1 = =    0.5:0.5        0.5:0.5       12:11:23 AM    +6.00    46 6.000 :4.000  0-0-1

--------------------------------------------------------------

Engine-Match Wednesday, November 19, 2025 12:11:24 AM
 Blitz 5/5 

Pairing 26/28 :    V7P3R_v14.1  -  MaterialOpponent

PGN-File: C:\Program Files (x86)\Arena\Tournaments\Engine Battle 20251118.pgn

No:  B/W 1/2     W:B       1:2           Time        Value Moves Dep 1:2       1-2-Draws
   1 = =    0.5:0.5        0.5:0.5       12:20:40 AM    +4.24    93 4.250 :6.000  0-0-1

--------------------------------------------------------------

Engine-Match Wednesday, November 19, 2025 12:20:41 AM
 Blitz 5/5 

Pairing 27/28 :    PositionalOpponent  -  Stockfish 1%

PGN-File: C:\Program Files (x86)\Arena\Tournaments\Engine Battle 20251118.pgn

No:  B/W 1/2     W:B       1:2           Time        Value Moves Dep 1:2       1-2-Draws
   1 B 2    1.0:0.0        0.0:1.0       12:22:14 AM   -12.70    11 6.000 :16.800  0-1-0

--------------------------------------------------------------

Engine-Match Wednesday, November 19, 2025 12:22:15 AM
 Blitz 5/5 

Pairing 28/28 :    SlowMate_v3.1  -  RandomOpponent

PGN-File: C:\Program Files (x86)\Arena\Tournaments\Engine Battle 20251118.pgn

No:  B/W 1/2     W:B       1:2           Time        Value Moves Dep 1:2       1-2-Draws
   1 W 1    1.0:0.0        1.0:0.0       12:26:47 AM  +144.39    28 4.143 :0 1-0-0

--------------------------------------------------------------

Engine-Match Wednesday, November 19, 2025 12:26:48 AM
 Blitz 5/5 

Pairing 1/28 :    V7P3R_v15.1  -  V7P3R_v14.1

PGN-File: C:\Program Files (x86)\Arena\Tournaments\Engine Battle 20251118.pgn

No:  B/W 1/2     W:B       1:2           Time        Value Moves Dep 1:2       1-2-Draws
   2 B 1    1.0:0.0        1.0:1.0       12:31:53 AM     0.00    22 6.000 :4.333  1-1-0

--------------------------------------------------------------

Engine-Match Wednesday, November 19, 2025 12:31:55 AM
 Blitz 5/5 

Pairing 2/28 :    Stockfish 1%  -  C0BR4_v3.1

PGN-File: C:\Program Files (x86)\Arena\Tournaments\Engine Battle 20251118.pgn

No:  B/W 1/2     W:B       1:2           Time        Value Moves Dep 1:2       1-2-Draws
   2 B 1    1.0:0.0        2.0:0.0       12:34:38 AM      -M1    82 15.818 :4.000  2-0-0

--------------------------------------------------------------

Engine-Match Wednesday, November 19, 2025 12:34:40 AM
 Blitz 5/5 

Pairing 3/28 :    MaterialOpponent  -  SlowMate_v3.1

PGN-File: C:\Program Files (x86)\Arena\Tournaments\Engine Battle 20251118.pgn

No:  B/W 1/2     W:B       1:2           Time        Value Moves Dep 1:2       1-2-Draws
   2 = =    1.0:1.0        1.0:1.0       12:39:09 AM    +3.32    24 6.000 :3.708  0-0-2

--------------------------------------------------------------

Engine-Match Wednesday, November 19, 2025 12:39:10 AM
 Blitz 5/5 

Pairing 4/28 :    RandomOpponent  -  PositionalOpponent

PGN-File: C:\Program Files (x86)\Arena\Tournaments\Engine Battle 20251118.pgn

No:  B/W 1/2     W:B       1:2           Time        Value Moves Dep 1:2       1-2-Draws
   2 W 2    1.0:0.0        0.0:2.0       12:40:43 AM  +299.99    19 0:6.000  0-2-0

--------------------------------------------------------------

Engine-Match Wednesday, November 19, 2025 12:40:44 AM
 Blitz 5/5 

Pairing 5/28 :    Stockfish 1%  -  V7P3R_v15.1

PGN-File: C:\Program Files (x86)\Arena\Tournaments\Engine Battle 20251118.pgn

No:  B/W 1/2     W:B       1:2           Time        Value Moves Dep 1:2       1-2-Draws
   2 W 2    1.0:0.0        1.0:1.0       12:43:05 AM  +299.99    41 16.200 :6.000  1-1-0

--------------------------------------------------------------

Engine-Match Wednesday, November 19, 2025 12:43:07 AM
 Blitz 5/5 

Pairing 6/28 :    SlowMate_v3.1  -  V7P3R_v14.1

PGN-File: C:\Program Files (x86)\Arena\Tournaments\Engine Battle 20251118.pgn

No:  B/W 1/2     W:B       1:2           Time        Value Moves Dep 1:2       1-2-Draws
   2 W 2    1.5:0.5        0.5:1.5       12:51:23 AM   +16.10    31 3.871 :4.136  0-1-1

--------------------------------------------------------------

Engine-Match Wednesday, November 19, 2025 12:51:24 AM
 Blitz 5/5 

Pairing 7/28 :    C0BR4_v3.1  -  RandomOpponent

PGN-File: C:\Program Files (x86)\Arena\Tournaments\Engine Battle 20251118.pgn

No:  B/W 1/2     W:B       1:2           Time        Value Moves Dep 1:2       1-2-Draws
   2 B 1    1.0:0.0        2.0:0.0       12:51:57 AM  -299.97    24 4.000 :0 2-0-0

--------------------------------------------------------------

Engine-Match Wednesday, November 19, 2025 12:51:58 AM
 Blitz 5/5 

Pairing 8/28 :    PositionalOpponent  -  MaterialOpponent

PGN-File: C:\Program Files (x86)\Arena\Tournaments\Engine Battle 20251118.pgn

No:  B/W 1/2     W:B       1:2           Time        Value Moves Dep 1:2       1-2-Draws
   2 B 1    1.5:0.5        1.5:0.5       12:56:25 AM  -299.99    30 6.000 :6.000  1-0-1

--------------------------------------------------------------

Engine-Match Wednesday, November 19, 2025 12:56:26 AM
 Blitz 5/5 

Pairing 9/28 :    V7P3R_v15.1  -  SlowMate_v3.1

PGN-File: C:\Program Files (x86)\Arena\Tournaments\Engine Battle 20251118.pgn

No:  B/W 1/2     W:B       1:2           Time        Value Moves Dep 1:2       1-2-Draws
   2 B 1    1.0:0.0        2.0:0.0       1:01:09 AM  -299.99    19 6.000 :4.000  2-0-0

--------------------------------------------------------------

Engine-Match Wednesday, November 19, 2025 1:01:10 AM
 Blitz 5/5 

Pairing 10/28 :    RandomOpponent  -  Stockfish 1%

PGN-File: C:\Program Files (x86)\Arena\Tournaments\Engine Battle 20251118.pgn

No:  B/W 1/2     W:B       1:2           Time        Value Moves Dep 1:2       1-2-Draws
   2 W 2    1.0:0.0        0.0:2.0       1:01:30 AM      +M1    22 0:17.500  0-2-0

--------------------------------------------------------------

Engine-Match Wednesday, November 19, 2025 1:01:31 AM
 Blitz 5/5 

Pairing 11/28 :    V7P3R_v14.1  -  PositionalOpponent

PGN-File: C:\Program Files (x86)\Arena\Tournaments\Engine Battle 20251118.pgn

No:  B/W 1/2     W:B       1:2           Time        Value Moves Dep 1:2       1-2-Draws
   2 B 1    1.0:0.0        2.0:0.0       1:08:33 AM   -12.40    43 4.350 :6.000  2-0-0

--------------------------------------------------------------

Engine-Match Wednesday, November 19, 2025 1:08:34 AM
 Blitz 5/5 

Pairing 12/28 :    MaterialOpponent  -  C0BR4_v3.1

PGN-File: C:\Program Files (x86)\Arena\Tournaments\Engine Battle 20251118.pgn

No:  B/W 1/2     W:B       1:2           Time        Value Moves Dep 1:2       1-2-Draws
   2 = =    0.5:0.5        1.5:0.5       1:10:53 AM    +0.73    40 6.000 :4.000  1-0-1

--------------------------------------------------------------

Engine-Match Wednesday, November 19, 2025 1:11:04 AM
 Blitz 5/5 

Pairing 13/28 :    RandomOpponent  -  V7P3R_v15.1

PGN-File: C:\Program Files (x86)\Arena\Tournaments\Engine Battle 20251118.pgn

No:  B/W 1/2     W:B       1:2           Time        Value Moves Dep 1:2       1-2-Draws
   2 W 2    1.0:0.0        0.0:2.0       1:12:19 AM  +299.99    19 0:6.000  0-2-0

--------------------------------------------------------------

Engine-Match Wednesday, November 19, 2025 1:12:20 AM
 Blitz 5/5 

Pairing 14/28 :    PositionalOpponent  -  SlowMate_v3.1

PGN-File: C:\Program Files (x86)\Arena\Tournaments\Engine Battle 20251118.pgn

No:  B/W 1/2     W:B       1:2           Time        Value Moves Dep 1:2       1-2-Draws
   2 = =    0.5:0.5        1.5:0.5       1:24:33 AM    -4.30    67 6.000 :4.200  1-0-1

--------------------------------------------------------------

Engine-Match Wednesday, November 19, 2025 1:24:34 AM
 Blitz 5/5 

Pairing 15/28 :    Stockfish 1%  -  MaterialOpponent

PGN-File: C:\Program Files (x86)\Arena\Tournaments\Engine Battle 20251118.pgn

No:  B/W 1/2     W:B       1:2           Time        Value Moves Dep 1:2       1-2-Draws
   2 B 1    1.0:0.0        2.0:0.0       1:25:23 AM      -M1    18 18.000 :6.000  2-0-0

--------------------------------------------------------------

Engine-Match Wednesday, November 19, 2025 1:25:24 AM
 Blitz 5/5 

Pairing 16/28 :    C0BR4_v3.1  -  V7P3R_v14.1

PGN-File: C:\Program Files (x86)\Arena\Tournaments\Engine Battle 20251118.pgn

No:  B/W 1/2     W:B       1:2           Time        Value Moves Dep 1:2       1-2-Draws
   2 = =    0.5:0.5        0.5:1.5       1:30:05 AM    -5.84    62 4.000 :4.250  0-1-1

--------------------------------------------------------------

Engine-Match Wednesday, November 19, 2025 1:30:07 AM
 Blitz 5/5 

Pairing 17/28 :    V7P3R_v15.1  -  PositionalOpponent

PGN-File: C:\Program Files (x86)\Arena\Tournaments\Engine Battle 20251118.pgn

No:  B/W 1/2     W:B       1:2           Time        Value Moves Dep 1:2       1-2-Draws
   2 = =    0.5:0.5        0.5:1.5       1:32:18 AM     0.00    23 6.000 :6.000  0-1-1

--------------------------------------------------------------

Engine-Match Wednesday, November 19, 2025 1:32:19 AM
 Blitz 5/5 

Pairing 18/28 :    MaterialOpponent  -  RandomOpponent

PGN-File: C:\Program Files (x86)\Arena\Tournaments\Engine Battle 20251118.pgn

No:  B/W 1/2     W:B       1:2           Time        Value Moves Dep 1:2       1-2-Draws
   2 B 1    1.0:0.0        2.0:0.0       1:32:58 AM  -299.99    19 6.000 :0 2-0-0

--------------------------------------------------------------

Engine-Match Wednesday, November 19, 2025 1:33:00 AM
 Blitz 5/5 

Pairing 19/28 :    SlowMate_v3.1  -  C0BR4_v3.1

PGN-File: C:\Program Files (x86)\Arena\Tournaments\Engine Battle 20251118.pgn

No:  B/W 1/2     W:B       1:2           Time        Value Moves Dep 1:2       1-2-Draws
   2 B 1    1.5:0.5        1.5:0.5       1:36:42 AM   -12.31    21 4.250 :4.000  1-0-1

--------------------------------------------------------------

Engine-Match Wednesday, November 19, 2025 1:36:43 AM
 Blitz 5/5 

Pairing 20/28 :    V7P3R_v14.1  -  Stockfish 1%

PGN-File: C:\Program Files (x86)\Arena\Tournaments\Engine Battle 20251118.pgn

No:  B/W 1/2     W:B       1:2           Time        Value Moves Dep 1:2       1-2-Draws
   2 W 2    1.0:0.0        0.0:2.0       1:40:28 AM      +M1    32 4.333 :15.211  0-2-0

--------------------------------------------------------------

Engine-Match Wednesday, November 19, 2025 1:40:30 AM
 Blitz 5/5 

Pairing 21/28 :    MaterialOpponent  -  V7P3R_v15.1

PGN-File: C:\Program Files (x86)\Arena\Tournaments\Engine Battle 20251118.pgn

No:  B/W 1/2     W:B       1:2           Time        Value Moves Dep 1:2       1-2-Draws
   2 = =    0.5:0.5        0.5:1.5       1:44:49 AM    +3.00    31 6.000 :6.000  0-1-1

--------------------------------------------------------------

Engine-Match Wednesday, November 19, 2025 1:44:50 AM
 Blitz 5/5 

Pairing 22/28 :    C0BR4_v3.1  -  PositionalOpponent

PGN-File: C:\Program Files (x86)\Arena\Tournaments\Engine Battle 20251118.pgn

No:  B/W 1/2     W:B       1:2           Time        Value Moves Dep 1:2       1-2-Draws
   2 W 2    1.0:0.0        1.0:1.0       1:48:25 AM  +299.99    36 3.971 :6.000  1-1-0

--------------------------------------------------------------

Engine-Match Wednesday, November 19, 2025 1:48:26 AM
 Blitz 5/5 

Pairing 23/28 :    RandomOpponent  -  V7P3R_v14.1

PGN-File: C:\Program Files (x86)\Arena\Tournaments\Engine Battle 20251118.pgn

No:  B/W 1/2     W:B       1:2           Time        Value Moves Dep 1:2       1-2-Draws
   2 W 2    1.0:0.0        0.0:2.0       1:49:44 AM     0.00    14 0:4.583  0-2-0

--------------------------------------------------------------

Engine-Match Wednesday, November 19, 2025 1:49:46 AM
 Blitz 5/5 

Pairing 24/28 :    Stockfish 1%  -  SlowMate_v3.1

PGN-File: C:\Program Files (x86)\Arena\Tournaments\Engine Battle 20251118.pgn

No:  B/W 1/2     W:B       1:2           Time        Value Moves Dep 1:2       1-2-Draws
   2 B 1    1.0:0.0        2.0:0.0       2:01:25 AM  -200.00    87 15.000 :4.213  2-0-0

--------------------------------------------------------------

Engine-Match Wednesday, November 19, 2025 2:01:26 AM
 Blitz 5/5 

Pairing 25/28 :    V7P3R_v15.1  -  C0BR4_v3.1

PGN-File: C:\Program Files (x86)\Arena\Tournaments\Engine Battle 20251118.pgn

No:  B/W 1/2     W:B       1:2           Time        Value Moves Dep 1:2       1-2-Draws
   2 = =    1.0:1.0        1.0:1.0       2:06:20 AM    +8.00    59 6.000 :4.000  0-0-2

--------------------------------------------------------------

Engine-Match Wednesday, November 19, 2025 2:06:21 AM
 Blitz 5/5 

Pairing 26/28 :    V7P3R_v14.1  -  MaterialOpponent

PGN-File: C:\Program Files (x86)\Arena\Tournaments\Engine Battle 20251118.pgn

No:  B/W 1/2     W:B       1:2           Time        Value Moves Dep 1:2       1-2-Draws
   2 W 2    1.5:0.5        0.5:1.5       2:11:04 AM  +299.99    38 4.192 :6.000  0-1-1

--------------------------------------------------------------

Engine-Match Wednesday, November 19, 2025 2:11:05 AM
 Blitz 5/5 

Pairing 27/28 :    PositionalOpponent  -  Stockfish 1%

PGN-File: C:\Program Files (x86)\Arena\Tournaments\Engine Battle 20251118.pgn

No:  B/W 1/2     W:B       1:2           Time        Value Moves Dep 1:2       1-2-Draws
   2 W 2    1.0:0.0        0.0:2.0       2:15:36 AM   +10.90    38 6.000 :15.111  0-2-0

--------------------------------------------------------------

Engine-Match Wednesday, November 19, 2025 2:15:37 AM
 Blitz 5/5 

Pairing 28/28 :    SlowMate_v3.1  -  RandomOpponent

PGN-File: C:\Program Files (x86)\Arena\Tournaments\Engine Battle 20251118.pgn

No:  B/W 1/2     W:B       1:2           Time        Value Moves Dep 1:2       1-2-Draws
   2 = =    0.5:0.5        1.5:0.5       2:20:46 AM     0.00    33 3.844 :0 1-0-1

--------------------------------------------------------------

Engine-Match Wednesday, November 19, 2025 2:20:48 AM
 Blitz 5/5 

Pairing 1/28 :    V7P3R_v15.1  -  V7P3R_v14.1

PGN-File: C:\Program Files (x86)\Arena\Tournaments\Engine Battle 20251118.pgn

No:  B/W 1/2     W:B       1:2           Time        Value Moves Dep 1:2       1-2-Draws
   3 B 2    1.0:0.0        1.0:2.0       2:27:42 AM  -289.99    54 6.000 :4.150  1-2-0

--------------------------------------------------------------

Engine-Match Wednesday, November 19, 2025 2:27:43 AM
 Blitz 5/5 

Pairing 2/28 :    Stockfish 1%  -  C0BR4_v3.1

PGN-File: C:\Program Files (x86)\Arena\Tournaments\Engine Battle 20251118.pgn

No:  B/W 1/2     W:B       1:2           Time        Value Moves Dep 1:2       1-2-Draws
   3 W 1    1.0:0.0        3.0:0.0       2:28:11 AM      +M1    20 15.813 :3.941  3-0-0

--------------------------------------------------------------

Engine-Match Wednesday, November 19, 2025 2:28:12 AM
 Blitz 5/5 

Pairing 3/28 :    MaterialOpponent  -  SlowMate_v3.1

PGN-File: C:\Program Files (x86)\Arena\Tournaments\Engine Battle 20251118.pgn

No:  B/W 1/2     W:B       1:2           Time        Value Moves Dep 1:2       1-2-Draws
   3 = =    1.5:1.5        1.5:1.5       2:32:58 AM    -4.69    26 6.000 :3.538  0-0-3

--------------------------------------------------------------

Engine-Match Wednesday, November 19, 2025 2:32:59 AM
 Blitz 5/5 

Pairing 4/28 :    RandomOpponent  -  PositionalOpponent

PGN-File: C:\Program Files (x86)\Arena\Tournaments\Engine Battle 20251118.pgn

No:  B/W 1/2     W:B       1:2           Time        Value Moves Dep 1:2       1-2-Draws
   3 B 2    1.0:0.0        0.0:3.0       2:35:05 AM  -299.99    20 0:6.000  0-3-0

--------------------------------------------------------------

Engine-Match Wednesday, November 19, 2025 2:35:20 AM
 Blitz 5/5 

Pairing 5/28 :    Stockfish 1%  -  V7P3R_v15.1

PGN-File: C:\Program Files (x86)\Arena\Tournaments\Engine Battle 20251118.pgn

No:  B/W 1/2     W:B       1:2           Time        Value Moves Dep 1:2       1-2-Draws
   3 W 1    1.0:0.0        2.0:1.0       2:38:38 AM      +M1    75 15.000 :6.000  2-1-0

--------------------------------------------------------------

Engine-Match Wednesday, November 19, 2025 2:38:39 AM
 Blitz 5/5 

Pairing 6/28 :    SlowMate_v3.1  -  V7P3R_v14.1

PGN-File: C:\Program Files (x86)\Arena\Tournaments\Engine Battle 20251118.pgn

No:  B/W 1/2     W:B       1:2           Time        Value Moves Dep 1:2       1-2-Draws
   3 B 2    1.5:0.5        0.5:2.5       2:52:27 AM  -200.00    68 4.231 :4.333  0-2-1

--------------------------------------------------------------

Engine-Match Wednesday, November 19, 2025 2:52:28 AM
 Blitz 5/5 

Pairing 7/28 :    C0BR4_v3.1  -  RandomOpponent

PGN-File: C:\Program Files (x86)\Arena\Tournaments\Engine Battle 20251118.pgn

No:  B/W 1/2     W:B       1:2           Time        Value Moves Dep 1:2       1-2-Draws
   3 W 1    1.0:0.0        3.0:0.0       2:52:43 AM  +299.97    13 3.818 :0 3-0-0

--------------------------------------------------------------

Engine-Match Wednesday, November 19, 2025 2:52:44 AM
 Blitz 5/5 

Pairing 8/28 :    PositionalOpponent  -  MaterialOpponent

PGN-File: C:\Program Files (x86)\Arena\Tournaments\Engine Battle 20251118.pgn

No:  B/W 1/2     W:B       1:2           Time        Value Moves Dep 1:2       1-2-Draws
   3 B 2    1.5:0.5        1.5:1.5       2:57:25 AM    -9.40    35 6.000 :6.000  1-1-1

--------------------------------------------------------------

Engine-Match Wednesday, November 19, 2025 2:57:26 AM
 Blitz 5/5 

Pairing 9/28 :    V7P3R_v15.1  -  SlowMate_v3.1

PGN-File: C:\Program Files (x86)\Arena\Tournaments\Engine Battle 20251118.pgn

No:  B/W 1/2     W:B       1:2           Time        Value Moves Dep 1:2       1-2-Draws
   3 W 1    1.0:0.0        3.0:0.0       3:03:22 AM     0.00    30 6.000 :4.211  3-0-0

--------------------------------------------------------------

Engine-Match Wednesday, November 19, 2025 3:03:23 AM
 Blitz 5/5 

Pairing 10/28 :    RandomOpponent  -  Stockfish 1%

PGN-File: C:\Program Files (x86)\Arena\Tournaments\Engine Battle 20251118.pgn

No:  B/W 1/2     W:B       1:2           Time        Value Moves Dep 1:2       1-2-Draws
   3 B 2    1.0:0.0        0.0:3.0       3:03:47 AM      -M1    34 0:17.000  0-3-0

--------------------------------------------------------------

Engine-Match Wednesday, November 19, 2025 3:03:48 AM
 Blitz 5/5 

Pairing 11/28 :    V7P3R_v14.1  -  PositionalOpponent

PGN-File: C:\Program Files (x86)\Arena\Tournaments\Engine Battle 20251118.pgn

No:  B/W 1/2     W:B       1:2           Time        Value Moves Dep 1:2       1-2-Draws
   3 W 1    1.0:0.0        3.0:0.0       3:08:22 AM   +15.70    20 4.250 :6.000  3-0-0

--------------------------------------------------------------

Engine-Match Wednesday, November 19, 2025 3:08:23 AM
 Blitz 5/5 

Pairing 12/28 :    MaterialOpponent  -  C0BR4_v3.1

PGN-File: C:\Program Files (x86)\Arena\Tournaments\Engine Battle 20251118.pgn

No:  B/W 1/2     W:B       1:2           Time        Value Moves Dep 1:2       1-2-Draws
   3 = =    1.0:1.0        2.0:1.0       3:09:19 AM   -10.67    27 6.000 :4.000  1-0-2

--------------------------------------------------------------

Engine-Match Wednesday, November 19, 2025 3:09:20 AM
 Blitz 5/5 

Pairing 13/28 :    RandomOpponent  -  V7P3R_v15.1

PGN-File: C:\Program Files (x86)\Arena\Tournaments\Engine Battle 20251118.pgn

No:  B/W 1/2     W:B       1:2           Time        Value Moves Dep 1:2       1-2-Draws
   3 B 2    1.0:0.0        0.0:3.0       3:10:40 AM     0.00    15 0:6.000  0-3-0

--------------------------------------------------------------

Engine-Match Wednesday, November 19, 2025 3:10:41 AM
 Blitz 5/5 

Pairing 14/28 :    PositionalOpponent  -  SlowMate_v3.1

PGN-File: C:\Program Files (x86)\Arena\Tournaments\Engine Battle 20251118.pgn

No:  B/W 1/2     W:B       1:2           Time        Value Moves Dep 1:2       1-2-Draws
   3 W 1    1.5:0.5        2.5:0.5       3:15:56 AM  +299.99    21 6.000 :4.150  2-0-1

--------------------------------------------------------------

Engine-Match Wednesday, November 19, 2025 3:15:57 AM
 Blitz 5/5 

Pairing 15/28 :    Stockfish 1%  -  MaterialOpponent

PGN-File: C:\Program Files (x86)\Arena\Tournaments\Engine Battle 20251118.pgn

No:  B/W 1/2     W:B       1:2           Time        Value Moves Dep 1:2       1-2-Draws
   3 W 1    1.0:0.0        3.0:0.0       3:17:55 AM      +M1    89 16.867 :6.000  3-0-0

--------------------------------------------------------------

Engine-Match Wednesday, November 19, 2025 3:17:56 AM
 Blitz 5/5 

Pairing 16/28 :    C0BR4_v3.1  -  V7P3R_v14.1

PGN-File: C:\Program Files (x86)\Arena\Tournaments\Engine Battle 20251118.pgn

No:  B/W 1/2     W:B       1:2           Time        Value Moves Dep 1:2       1-2-Draws
   3 W 1    1.5:0.5        1.5:1.5       3:21:32 AM  +299.97    32 4.000 :4.182  1-1-1

--------------------------------------------------------------

Engine-Match Wednesday, November 19, 2025 3:21:34 AM
 Blitz 5/5 

Pairing 17/28 :    V7P3R_v15.1  -  PositionalOpponent

PGN-File: C:\Program Files (x86)\Arena\Tournaments\Engine Battle 20251118.pgn

No:  B/W 1/2     W:B       1:2           Time        Value Moves Dep 1:2       1-2-Draws
   3 W 1    1.5:0.5        1.5:1.5       3:25:03 AM    +9.40    23 6.000 :6.000  1-1-1

--------------------------------------------------------------

Engine-Match Wednesday, November 19, 2025 3:25:04 AM
 Blitz 5/5 

Pairing 18/28 :    MaterialOpponent  -  RandomOpponent

PGN-File: C:\Program Files (x86)\Arena\Tournaments\Engine Battle 20251118.pgn

No:  B/W 1/2     W:B       1:2           Time        Value Moves Dep 1:2       1-2-Draws
   3 W 1    1.0:0.0        3.0:0.0       3:25:47 AM  +299.99    24 6.000 :0 3-0-0

--------------------------------------------------------------

Engine-Match Wednesday, November 19, 2025 3:25:48 AM
 Blitz 5/5 

Pairing 19/28 :    SlowMate_v3.1  -  C0BR4_v3.1

PGN-File: C:\Program Files (x86)\Arena\Tournaments\Engine Battle 20251118.pgn

No:  B/W 1/2     W:B       1:2           Time        Value Moves Dep 1:2       1-2-Draws
   3 B 2    1.5:0.5        1.5:1.5       3:31:06 AM    -9.22    31 3.774 :4.000  1-1-1

--------------------------------------------------------------

Engine-Match Wednesday, November 19, 2025 3:31:07 AM
 Blitz 5/5 

Pairing 20/28 :    V7P3R_v14.1  -  Stockfish 1%

PGN-File: C:\Program Files (x86)\Arena\Tournaments\Engine Battle 20251118.pgn

No:  B/W 1/2     W:B       1:2           Time        Value Moves Dep 1:2       1-2-Draws
   3 B 2    1.0:0.0        0.0:3.0       3:33:44 AM      -M1    31 4.350 :15.722  0-3-0

--------------------------------------------------------------

Engine-Match Wednesday, November 19, 2025 3:33:45 AM
 Blitz 5/5 

Pairing 21/28 :    MaterialOpponent  -  V7P3R_v15.1

PGN-File: C:\Program Files (x86)\Arena\Tournaments\Engine Battle 20251118.pgn

No:  B/W 1/2     W:B       1:2           Time        Value Moves Dep 1:2       1-2-Draws
   3 B 2    1.5:0.5        0.5:2.5       3:37:04 AM  -299.99    32 6.000 :6.000  0-2-1

--------------------------------------------------------------

Engine-Match Wednesday, November 19, 2025 3:37:06 AM
 Blitz 5/5 

Pairing 22/28 :    C0BR4_v3.1  -  PositionalOpponent

PGN-File: C:\Program Files (x86)\Arena\Tournaments\Engine Battle 20251118.pgn

No:  B/W 1/2     W:B       1:2           Time        Value Moves Dep 1:2       1-2-Draws
   3 W 1    1.0:0.0        2.0:1.0       3:39:21 AM   +12.20    19 4.000 :6.000  2-1-0

--------------------------------------------------------------

Engine-Match Wednesday, November 19, 2025 3:39:22 AM
 Blitz 5/5 

Pairing 23/28 :    RandomOpponent  -  V7P3R_v14.1

PGN-File: C:\Program Files (x86)\Arena\Tournaments\Engine Battle 20251118.pgn

No:  B/W 1/2     W:B       1:2           Time        Value Moves Dep 1:2       1-2-Draws
   3 B 2    1.0:0.0        0.0:3.0       3:42:01 AM     0.00    26 0:4.737  0-3-0

--------------------------------------------------------------

Engine-Match Wednesday, November 19, 2025 3:42:03 AM
 Blitz 5/5 

Pairing 24/28 :    Stockfish 1%  -  SlowMate_v3.1

PGN-File: C:\Program Files (x86)\Arena\Tournaments\Engine Battle 20251118.pgn

No:  B/W 1/2     W:B       1:2           Time        Value Moves Dep 1:2       1-2-Draws
   3 W 1    1.0:0.0        3.0:0.0       3:47:52 AM      +M1    37 15.056 :3.833  3-0-0

--------------------------------------------------------------

Engine-Match Wednesday, November 19, 2025 3:48:00 AM
 Blitz 5/5 

Pairing 25/28 :    V7P3R_v15.1  -  C0BR4_v3.1

PGN-File: C:\Program Files (x86)\Arena\Tournaments\Engine Battle 20251118.pgn

No:  B/W 1/2     W:B       1:2           Time        Value Moves Dep 1:2       1-2-Draws
   3 = =    1.5:1.5        1.5:1.5       3:50:56 AM    +6.00    46 6.000 :4.000  0-0-3

--------------------------------------------------------------

Engine-Match Wednesday, November 19, 2025 3:50:58 AM
 Blitz 5/5 

Pairing 26/28 :    V7P3R_v14.1  -  MaterialOpponent

PGN-File: C:\Program Files (x86)\Arena\Tournaments\Engine Battle 20251118.pgn

No:  B/W 1/2     W:B       1:2           Time        Value Moves Dep 1:2       1-2-Draws
   3 W 1    1.5:0.5        1.5:1.5       3:59:27 AM  +299.96    76 4.310 :6.000  1-1-1

--------------------------------------------------------------

Engine-Match Wednesday, November 19, 2025 3:59:28 AM
 Blitz 5/5 

Pairing 27/28 :    PositionalOpponent  -  Stockfish 1%

PGN-File: C:\Program Files (x86)\Arena\Tournaments\Engine Battle 20251118.pgn

No:  B/W 1/2     W:B       1:2           Time        Value Moves Dep 1:2       1-2-Draws
   3 B 2    1.0:0.0        0.0:3.0       4:00:59 AM   -12.80    11 6.000 :17.100  0-3-0

--------------------------------------------------------------

Engine-Match Wednesday, November 19, 2025 4:01:00 AM
 Blitz 5/5 

Pairing 28/28 :    SlowMate_v3.1  -  RandomOpponent

PGN-File: C:\Program Files (x86)\Arena\Tournaments\Engine Battle 20251118.pgn

No:  B/W 1/2     W:B       1:2           Time        Value Moves Dep 1:2       1-2-Draws
   3 W 1    1.5:0.5        2.5:0.5       4:04:02 AM  +149.91    17 3.706 :0 2-0-1

--------------------------------------------------------------

Engine-Match Wednesday, November 19, 2025 4:04:03 AM
 Blitz 5/5 

Pairing 1/28 :    V7P3R_v15.1  -  V7P3R_v14.1

PGN-File: C:\Program Files (x86)\Arena\Tournaments\Engine Battle 20251118.pgn

No:  B/W 1/2     W:B       1:2           Time        Value Moves Dep 1:2       1-2-Draws
   4 B 1    1.0:0.0        2.0:2.0       4:08:55 AM     0.00    22 6.000 :4.333  2-2-0

--------------------------------------------------------------

Engine-Match Wednesday, November 19, 2025 4:08:57 AM
 Blitz 5/5 

Pairing 2/28 :    Stockfish 1%  -  C0BR4_v3.1

PGN-File: C:\Program Files (x86)\Arena\Tournaments\Engine Battle 20251118.pgn

No:  B/W 1/2     W:B       1:2           Time        Value Moves Dep 1:2       1-2-Draws
   4 B 1    1.0:0.0        4.0:0.0       4:10:11 AM   -15.21    87 15.000 :4.000  4-0-0

--------------------------------------------------------------

Engine-Match Wednesday, November 19, 2025 4:10:12 AM
 Blitz 5/5 

Pairing 3/28 :    MaterialOpponent  -  SlowMate_v3.1

PGN-File: C:\Program Files (x86)\Arena\Tournaments\Engine Battle 20251118.pgn

No:  B/W 1/2     W:B       1:2           Time        Value Moves Dep 1:2       1-2-Draws
   4 = =    2.0:2.0        2.0:2.0       4:14:36 AM    -1.25    23 6.000 :3.304  0-0-4

--------------------------------------------------------------

Engine-Match Wednesday, November 19, 2025 4:14:37 AM
 Blitz 5/5 

Pairing 4/28 :    RandomOpponent  -  PositionalOpponent

PGN-File: C:\Program Files (x86)\Arena\Tournaments\Engine Battle 20251118.pgn

No:  B/W 1/2     W:B       1:2           Time        Value Moves Dep 1:2       1-2-Draws
   4 W 2    1.0:0.0        0.0:4.0       4:15:30 AM  +299.99     9 0:6.000  0-4-0

--------------------------------------------------------------

Engine-Match Wednesday, November 19, 2025 4:15:32 AM
 Blitz 5/5 

Pairing 5/28 :    Stockfish 1%  -  V7P3R_v15.1

PGN-File: C:\Program Files (x86)\Arena\Tournaments\Engine Battle 20251118.pgn

No:  B/W 1/2     W:B       1:2           Time        Value Moves Dep 1:2       1-2-Draws
   4 B 1    1.0:0.0        3.0:1.0       4:18:34 AM      -M1    43 15.471 :6.000  3-1-0

--------------------------------------------------------------

Engine-Match Wednesday, November 19, 2025 4:18:35 AM
 Blitz 5/5 

Pairing 6/28 :    SlowMate_v3.1  -  V7P3R_v14.1

PGN-File: C:\Program Files (x86)\Arena\Tournaments\Engine Battle 20251118.pgn

No:  B/W 1/2     W:B       1:2           Time        Value Moves Dep 1:2       1-2-Draws
   4 W 2    1.5:0.5        0.5:3.5       4:26:41 AM   +16.10    31 3.935 :4.136  0-3-1

--------------------------------------------------------------

Engine-Match Wednesday, November 19, 2025 4:26:43 AM
 Blitz 5/5 

Pairing 7/28 :    C0BR4_v3.1  -  RandomOpponent

PGN-File: C:\Program Files (x86)\Arena\Tournaments\Engine Battle 20251118.pgn

No:  B/W 1/2     W:B       1:2           Time        Value Moves Dep 1:2       1-2-Draws
   4 B 1    1.0:0.0        4.0:0.0       4:27:02 AM  -299.97    21 4.000 :0 4-0-0

--------------------------------------------------------------

Engine-Match Wednesday, November 19, 2025 4:27:03 AM
 Blitz 5/5 

Pairing 8/28 :    PositionalOpponent  -  MaterialOpponent

PGN-File: C:\Program Files (x86)\Arena\Tournaments\Engine Battle 20251118.pgn

No:  B/W 1/2     W:B       1:2           Time        Value Moves Dep 1:2       1-2-Draws
   4 = =    1.0:1.0        2.0:2.0       4:33:51 AM    -1.60    54 6.000 :6.000  1-1-2

--------------------------------------------------------------

Engine-Match Wednesday, November 19, 2025 4:33:53 AM
 Blitz 5/5 

Pairing 9/28 :    V7P3R_v15.1  -  SlowMate_v3.1

PGN-File: C:\Program Files (x86)\Arena\Tournaments\Engine Battle 20251118.pgn

No:  B/W 1/2     W:B       1:2           Time        Value Moves Dep 1:2       1-2-Draws
   4 B 1    1.0:0.0        4.0:0.0       4:42:04 AM  -299.99    37 6.000 :3.939  4-0-0

--------------------------------------------------------------

Engine-Match Wednesday, November 19, 2025 4:42:05 AM
 Blitz 5/5 

Pairing 10/28 :    RandomOpponent  -  Stockfish 1%

PGN-File: C:\Program Files (x86)\Arena\Tournaments\Engine Battle 20251118.pgn

No:  B/W 1/2     W:B       1:2           Time        Value Moves Dep 1:2       1-2-Draws
   4 W 2    1.0:0.0        0.0:4.0       4:42:26 AM      +M1    25 0:18.800  0-4-0

--------------------------------------------------------------

Engine-Match Wednesday, November 19, 2025 4:42:27 AM
 Blitz 5/5 

Pairing 11/28 :    V7P3R_v14.1  -  PositionalOpponent

PGN-File: C:\Program Files (x86)\Arena\Tournaments\Engine Battle 20251118.pgn

No:  B/W 1/2     W:B       1:2           Time        Value Moves Dep 1:2       1-2-Draws
   4 B 1    1.0:0.0        4.0:0.0       4:49:16 AM   -12.40    43 4.250 :6.000  4-0-0

--------------------------------------------------------------

Engine-Match Wednesday, November 19, 2025 4:49:17 AM
 Blitz 5/5 

Pairing 12/28 :    MaterialOpponent  -  C0BR4_v3.1

PGN-File: C:\Program Files (x86)\Arena\Tournaments\Engine Battle 20251118.pgn

No:  B/W 1/2     W:B       1:2           Time        Value Moves Dep 1:2       1-2-Draws
   4 = =    1.5:1.5        2.5:1.5       4:50:58 AM    +7.18    52 6.000 :4.000  1-0-3

--------------------------------------------------------------

Engine-Match Wednesday, November 19, 2025 4:50:59 AM
 Blitz 5/5 

Pairing 13/28 :    RandomOpponent  -  V7P3R_v15.1

PGN-File: C:\Program Files (x86)\Arena\Tournaments\Engine Battle 20251118.pgn

No:  B/W 1/2     W:B       1:2           Time        Value Moves Dep 1:2       1-2-Draws
   4 W 2    1.0:0.0        0.0:4.0       4:51:42 AM     0.00    10 0:6.000  0-4-0

--------------------------------------------------------------

Engine-Match Wednesday, November 19, 2025 4:51:43 AM
 Blitz 5/5 

Pairing 14/28 :    PositionalOpponent  -  SlowMate_v3.1

PGN-File: C:\Program Files (x86)\Arena\Tournaments\Engine Battle 20251118.pgn

No:  B/W 1/2     W:B       1:2           Time        Value Moves Dep 1:2       1-2-Draws
   4 = =    1.0:1.0        3.0:1.0       5:03:54 AM    -4.30    67 6.000 :4.200  2-0-2

--------------------------------------------------------------

Engine-Match Wednesday, November 19, 2025 5:03:55 AM
 Blitz 5/5 

Pairing 15/28 :    Stockfish 1%  -  MaterialOpponent

PGN-File: C:\Program Files (x86)\Arena\Tournaments\Engine Battle 20251118.pgn

No:  B/W 1/2     W:B       1:2           Time        Value Moves Dep 1:2       1-2-Draws
   4 B 1    1.0:0.0        4.0:0.0       5:07:12 AM  -299.96   103 15.333 :6.000  4-0-0

--------------------------------------------------------------

Engine-Match Wednesday, November 19, 2025 5:07:13 AM
 Blitz 5/5 

Pairing 16/28 :    C0BR4_v3.1  -  V7P3R_v14.1

PGN-File: C:\Program Files (x86)\Arena\Tournaments\Engine Battle 20251118.pgn

No:  B/W 1/2     W:B       1:2           Time        Value Moves Dep 1:2       1-2-Draws
   4 W 2    1.5:0.5        1.5:2.5       5:08:58 AM     0.00    17 3.857 :4.500  1-2-1

--------------------------------------------------------------

Engine-Match Wednesday, November 19, 2025 5:09:09 AM
 Blitz 5/5 

Pairing 17/28 :    V7P3R_v15.1  -  PositionalOpponent

PGN-File: C:\Program Files (x86)\Arena\Tournaments\Engine Battle 20251118.pgn

No:  B/W 1/2     W:B       1:2           Time        Value Moves Dep 1:2       1-2-Draws
   4 = =    1.0:1.0        2.0:2.0       5:11:14 AM     0.00    23 6.000 :6.000  1-1-2

--------------------------------------------------------------

Engine-Match Wednesday, November 19, 2025 5:11:16 AM
 Blitz 5/5 

Pairing 18/28 :    MaterialOpponent  -  RandomOpponent

PGN-File: C:\Program Files (x86)\Arena\Tournaments\Engine Battle 20251118.pgn

No:  B/W 1/2     W:B       1:2           Time        Value Moves Dep 1:2       1-2-Draws
   4 B 1    1.0:0.0        4.0:0.0       5:11:55 AM  -299.99    20 6.000 :0 4-0-0

--------------------------------------------------------------

Engine-Match Wednesday, November 19, 2025 5:11:57 AM
 Blitz 5/5 

Pairing 19/28 :    SlowMate_v3.1  -  C0BR4_v3.1

PGN-File: C:\Program Files (x86)\Arena\Tournaments\Engine Battle 20251118.pgn

No:  B/W 1/2     W:B       1:2           Time        Value Moves Dep 1:2       1-2-Draws
   4 = =    1.0:1.0        2.0:2.0       5:17:01 AM    -7.27    31 4.100 :4.000  1-1-2

--------------------------------------------------------------

Engine-Match Wednesday, November 19, 2025 5:17:02 AM
 Blitz 5/5 

Pairing 20/28 :    V7P3R_v14.1  -  Stockfish 1%

PGN-File: C:\Program Files (x86)\Arena\Tournaments\Engine Battle 20251118.pgn

No:  B/W 1/2     W:B       1:2           Time        Value Moves Dep 1:2       1-2-Draws
   4 W 2    1.0:0.0        0.0:4.0       5:20:36 AM    +9.82    30 4.625 :15.438  0-4-0

--------------------------------------------------------------

Engine-Match Wednesday, November 19, 2025 5:20:37 AM
 Blitz 5/5 

Pairing 21/28 :    MaterialOpponent  -  V7P3R_v15.1

PGN-File: C:\Program Files (x86)\Arena\Tournaments\Engine Battle 20251118.pgn

No:  B/W 1/2     W:B       1:2           Time        Value Moves Dep 1:2       1-2-Draws
   4 B 1    1.5:0.5        1.5:2.5       5:27:50 AM  -299.99    60 6.000 :6.000  1-2-1

--------------------------------------------------------------

Engine-Match Wednesday, November 19, 2025 5:27:52 AM
 Blitz 5/5 

Pairing 22/28 :    C0BR4_v3.1  -  PositionalOpponent

PGN-File: C:\Program Files (x86)\Arena\Tournaments\Engine Battle 20251118.pgn

No:  B/W 1/2     W:B       1:2           Time        Value Moves Dep 1:2       1-2-Draws
   4 W 2    1.0:0.0        2.0:2.0       5:31:59 AM  +299.99    33 3.967 :6.000  2-2-0

--------------------------------------------------------------

Engine-Match Wednesday, November 19, 2025 5:32:01 AM
 Blitz 5/5 

Pairing 23/28 :    RandomOpponent  -  V7P3R_v14.1

PGN-File: C:\Program Files (x86)\Arena\Tournaments\Engine Battle 20251118.pgn

No:  B/W 1/2     W:B       1:2           Time        Value Moves Dep 1:2       1-2-Draws
   4 W 2    1.0:0.0        0.0:4.0       5:32:28 AM  +289.98     6 0:4.500  0-4-0

--------------------------------------------------------------

Engine-Match Wednesday, November 19, 2025 5:32:30 AM
 Blitz 5/5 

Pairing 24/28 :    Stockfish 1%  -  SlowMate_v3.1

PGN-File: C:\Program Files (x86)\Arena\Tournaments\Engine Battle 20251118.pgn

No:  B/W 1/2     W:B       1:2           Time        Value Moves Dep 1:2       1-2-Draws
   4 B 1    1.0:0.0        4.0:0.0       5:38:12 AM    -9.95    35 16.143 :3.783  4-0-0

--------------------------------------------------------------

Engine-Match Wednesday, November 19, 2025 5:38:13 AM
 Blitz 5/5 

Pairing 25/28 :    V7P3R_v15.1  -  C0BR4_v3.1

PGN-File: C:\Program Files (x86)\Arena\Tournaments\Engine Battle 20251118.pgn

No:  B/W 1/2     W:B       1:2           Time        Value Moves Dep 1:2       1-2-Draws
   4 = =    2.0:2.0        2.0:2.0       5:40:44 AM    -4.40    51 6.000 :4.000  0-0-4

--------------------------------------------------------------

Engine-Match Wednesday, November 19, 2025 5:40:45 AM
 Blitz 5/5 

Pairing 26/28 :    V7P3R_v14.1  -  MaterialOpponent

PGN-File: C:\Program Files (x86)\Arena\Tournaments\Engine Battle 20251118.pgn

No:  B/W 1/2     W:B       1:2           Time        Value Moves Dep 1:2       1-2-Draws
   4 W 2    1.5:0.5        1.5:2.5       5:45:25 AM  +299.99    38 4.192 :6.000  1-2-1

--------------------------------------------------------------

Engine-Match Wednesday, November 19, 2025 5:45:26 AM
 Blitz 5/5 

Pairing 27/28 :    PositionalOpponent  -  Stockfish 1%

PGN-File: C:\Program Files (x86)\Arena\Tournaments\Engine Battle 20251118.pgn

No:  B/W 1/2     W:B       1:2           Time        Value Moves Dep 1:2       1-2-Draws
   4 W 2    1.0:0.0        0.0:4.0       5:50:39 AM    +9.40   119 6.000 :14.650  0-4-0

--------------------------------------------------------------

Engine-Match Wednesday, November 19, 2025 5:50:40 AM
 Blitz 5/5 

Pairing 28/28 :    SlowMate_v3.1  -  RandomOpponent

PGN-File: C:\Program Files (x86)\Arena\Tournaments\Engine Battle 20251118.pgn

No:  B/W 1/2     W:B       1:2           Time        Value Moves Dep 1:2       1-2-Draws
   4 B 1    1.5:0.5        3.5:0.5       5:52:23 AM   -22.56     9 4.333 :0 3-0-1

--------------------------------------------------------------

Engine-Match Wednesday, November 19, 2025 5:52:24 AM
 Blitz 5/5 

Pairing 1/28 :    V7P3R_v15.1  -  V7P3R_v14.1

PGN-File: C:\Program Files (x86)\Arena\Tournaments\Engine Battle 20251118.pgn

No:  B/W 1/2     W:B       1:2           Time        Value Moves Dep 1:2       1-2-Draws
   5 B 2    1.0:0.0        2.0:3.0       5:59:17 AM  -289.99    54 6.000 :4.150  2-3-0

--------------------------------------------------------------

Engine-Match Wednesday, November 19, 2025 5:59:18 AM
 Blitz 5/5 

Pairing 2/28 :    Stockfish 1%  -  C0BR4_v3.1

PGN-File: C:\Program Files (x86)\Arena\Tournaments\Engine Battle 20251118.pgn

No:  B/W 1/2     W:B       1:2           Time        Value Moves Dep 1:2       1-2-Draws
   5 W 1    1.0:0.0        5.0:0.0       6:00:17 AM      +M1    69 15.706 :4.000  5-0-0

--------------------------------------------------------------

Engine-Match Wednesday, November 19, 2025 6:00:19 AM
 Blitz 5/5 

Pairing 3/28 :    MaterialOpponent  -  SlowMate_v3.1

PGN-File: C:\Program Files (x86)\Arena\Tournaments\Engine Battle 20251118.pgn

No:  B/W 1/2     W:B       1:2           Time        Value Moves Dep 1:2       1-2-Draws
   5 = =    2.5:2.5        2.5:2.5       6:05:04 AM    -4.69    26 6.000 :3.538  0-0-5

--------------------------------------------------------------

Engine-Match Wednesday, November 19, 2025 6:05:05 AM
 Blitz 5/5 

Pairing 4/28 :    RandomOpponent  -  PositionalOpponent

PGN-File: C:\Program Files (x86)\Arena\Tournaments\Engine Battle 20251118.pgn

No:  B/W 1/2     W:B       1:2           Time        Value Moves Dep 1:2       1-2-Draws
   5 B 2    1.0:0.0        0.0:5.0       6:07:32 AM  -299.99    23 0:6.000  0-5-0

--------------------------------------------------------------

Engine-Match Wednesday, November 19, 2025 6:07:33 AM
 Blitz 5/5 

Pairing 5/28 :    Stockfish 1%  -  V7P3R_v15.1

PGN-File: C:\Program Files (x86)\Arena\Tournaments\Engine Battle 20251118.pgn

No:  B/W 1/2     W:B       1:2           Time        Value Moves Dep 1:2       1-2-Draws
   5 W 1    1.0:0.0        4.0:1.0       6:09:06 AM      +M1    24 15.529 :6.000  4-1-0

--------------------------------------------------------------

Engine-Match Wednesday, November 19, 2025 6:09:08 AM
 Blitz 5/5 

Pairing 6/28 :    SlowMate_v3.1  -  V7P3R_v14.1

PGN-File: C:\Program Files (x86)\Arena\Tournaments\Engine Battle 20251118.pgn

No:  B/W 1/2     W:B       1:2           Time        Value Moves Dep 1:2       1-2-Draws
   5 B 2    1.5:0.5        0.5:4.5       6:22:54 AM  -200.00    68 4.231 :4.333  0-4-1

--------------------------------------------------------------

Engine-Match Wednesday, November 19, 2025 6:22:55 AM
 Blitz 5/5 

Pairing 7/28 :    C0BR4_v3.1  -  RandomOpponent

PGN-File: C:\Program Files (x86)\Arena\Tournaments\Engine Battle 20251118.pgn

No:  B/W 1/2     W:B       1:2           Time        Value Moves Dep 1:2       1-2-Draws
   5 W 1    1.0:0.0        5.0:0.0       6:23:10 AM  +299.97    11 3.778 :0 5-0-0

--------------------------------------------------------------

Engine-Match Wednesday, November 19, 2025 6:23:11 AM
 Blitz 5/5 

Pairing 8/28 :    PositionalOpponent  -  MaterialOpponent

PGN-File: C:\Program Files (x86)\Arena\Tournaments\Engine Battle 20251118.pgn

No:  B/W 1/2     W:B       1:2           Time        Value Moves Dep 1:2       1-2-Draws
   5 B 2    2.0:1.0        2.0:3.0       6:30:08 AM   -15.40    61 6.000 :6.000  1-2-2

--------------------------------------------------------------

Engine-Match Wednesday, November 19, 2025 6:30:23 AM
 Blitz 5/5 

Pairing 9/28 :    V7P3R_v15.1  -  SlowMate_v3.1

PGN-File: C:\Program Files (x86)\Arena\Tournaments\Engine Battle 20251118.pgn

No:  B/W 1/2     W:B       1:2           Time        Value Moves Dep 1:2       1-2-Draws
   5 W 1    1.0:0.0        5.0:0.0       6:36:07 AM     0.00    30 6.000 :4.211  5-0-0

--------------------------------------------------------------

Engine-Match Wednesday, November 19, 2025 6:36:09 AM
 Blitz 5/5 

Pairing 10/28 :    RandomOpponent  -  Stockfish 1%

PGN-File: C:\Program Files (x86)\Arena\Tournaments\Engine Battle 20251118.pgn

No:  B/W 1/2     W:B       1:2           Time        Value Moves Dep 1:2       1-2-Draws
   5 B 2    1.0:0.0        0.0:5.0       6:36:25 AM      -M1    12 0:20.583  0-5-0

--------------------------------------------------------------

Engine-Match Wednesday, November 19, 2025 6:36:26 AM
 Blitz 5/5 

Pairing 11/28 :    V7P3R_v14.1  -  PositionalOpponent

PGN-File: C:\Program Files (x86)\Arena\Tournaments\Engine Battle 20251118.pgn

No:  B/W 1/2     W:B       1:2           Time        Value Moves Dep 1:2       1-2-Draws
   5 W 1    1.0:0.0        5.0:0.0       6:41:13 AM   +15.00    20 4.294 :6.000  5-0-0

--------------------------------------------------------------

Engine-Match Wednesday, November 19, 2025 6:41:14 AM
 Blitz 5/5 

Pairing 12/28 :    MaterialOpponent  -  C0BR4_v3.1

PGN-File: C:\Program Files (x86)\Arena\Tournaments\Engine Battle 20251118.pgn

No:  B/W 1/2     W:B       1:2           Time        Value Moves Dep 1:2       1-2-Draws
   5 = =    2.0:2.0        3.0:2.0       6:42:10 AM   -10.67    27 6.000 :4.000  1-0-4

--------------------------------------------------------------

Engine-Match Wednesday, November 19, 2025 6:42:11 AM
 Blitz 5/5 

Pairing 13/28 :    RandomOpponent  -  V7P3R_v15.1

PGN-File: C:\Program Files (x86)\Arena\Tournaments\Engine Battle 20251118.pgn

No:  B/W 1/2     W:B       1:2           Time        Value Moves Dep 1:2       1-2-Draws
   5 B 2    1.0:0.0        0.0:5.0       6:43:44 AM     0.00    21 0:6.000  0-5-0

--------------------------------------------------------------

Engine-Match Wednesday, November 19, 2025 6:43:46 AM
 Blitz 5/5 

Pairing 14/28 :    PositionalOpponent  -  SlowMate_v3.1

PGN-File: C:\Program Files (x86)\Arena\Tournaments\Engine Battle 20251118.pgn

No:  B/W 1/2     W:B       1:2           Time        Value Moves Dep 1:2       1-2-Draws
   5 W 1    2.0:1.0        4.0:1.0       6:49:01 AM  +299.99    21 6.000 :4.100  3-0-2

--------------------------------------------------------------

Engine-Match Wednesday, November 19, 2025 6:49:03 AM
 Blitz 5/5 

Pairing 15/28 :    Stockfish 1%  -  MaterialOpponent

PGN-File: C:\Program Files (x86)\Arena\Tournaments\Engine Battle 20251118.pgn

No:  B/W 1/2     W:B       1:2           Time        Value Moves Dep 1:2       1-2-Draws
   5 W 1    1.0:0.0        5.0:0.0       6:49:30 AM  +299.98    15 27.222 :6.000  5-0-0

--------------------------------------------------------------

Engine-Match Wednesday, November 19, 2025 6:49:31 AM
 Blitz 5/5 

Pairing 16/28 :    C0BR4_v3.1  -  V7P3R_v14.1

PGN-File: C:\Program Files (x86)\Arena\Tournaments\Engine Battle 20251118.pgn

No:  B/W 1/2     W:B       1:2           Time        Value Moves Dep 1:2       1-2-Draws
   5 B 2    1.5:0.5        1.5:3.5       6:52:49 AM    -9.00    34 4.000 :4.375  1-3-1

--------------------------------------------------------------

Engine-Match Wednesday, November 19, 2025 6:52:51 AM
 Blitz 5/5 

Pairing 17/28 :    V7P3R_v15.1  -  PositionalOpponent

PGN-File: C:\Program Files (x86)\Arena\Tournaments\Engine Battle 20251118.pgn

No:  B/W 1/2     W:B       1:2           Time        Value Moves Dep 1:2       1-2-Draws
   5 W 1    2.0:1.0        3.0:2.0       6:56:21 AM    +9.40    23 6.000 :6.000  2-1-2

--------------------------------------------------------------

Engine-Match Wednesday, November 19, 2025 6:56:22 AM
 Blitz 5/5 

Pairing 18/28 :    MaterialOpponent  -  RandomOpponent

PGN-File: C:\Program Files (x86)\Arena\Tournaments\Engine Battle 20251118.pgn

No:  B/W 1/2     W:B       1:2           Time        Value Moves Dep 1:2       1-2-Draws
   5 W 1    1.0:0.0        5.0:0.0       6:57:07 AM  +299.99    26 6.000 :0 5-0-0

--------------------------------------------------------------

Engine-Match Wednesday, November 19, 2025 6:57:08 AM
 Blitz 5/5 

Pairing 19/28 :    SlowMate_v3.1  -  C0BR4_v3.1

PGN-File: C:\Program Files (x86)\Arena\Tournaments\Engine Battle 20251118.pgn

No:  B/W 1/2     W:B       1:2           Time        Value Moves Dep 1:2       1-2-Draws
   5 = =    1.5:1.5        2.5:2.5       7:00:59 AM    -5.79    21 3.952 :4.000  1-1-3

--------------------------------------------------------------

Engine-Match Wednesday, November 19, 2025 7:01:01 AM
 Blitz 5/5 

Pairing 20/28 :    V7P3R_v14.1  -  Stockfish 1%

PGN-File: C:\Program Files (x86)\Arena\Tournaments\Engine Battle 20251118.pgn

No:  B/W 1/2     W:B       1:2           Time        Value Moves Dep 1:2       1-2-Draws
   5 B 2    1.0:0.0        0.0:5.0       7:07:14 AM   -34.50    73 4.125 :14.789  0-5-0

--------------------------------------------------------------

Engine-Match Wednesday, November 19, 2025 7:07:15 AM
 Blitz 5/5 

Pairing 21/28 :    MaterialOpponent  -  V7P3R_v15.1

PGN-File: C:\Program Files (x86)\Arena\Tournaments\Engine Battle 20251118.pgn

No:  B/W 1/2     W:B       1:2           Time        Value Moves Dep 1:2       1-2-Draws
   5 B 2    1.5:0.5        1.5:3.5       7:10:35 AM  -299.99    32 6.000 :6.000  1-3-1

--------------------------------------------------------------

Engine-Match Wednesday, November 19, 2025 7:10:36 AM
 Blitz 5/5 

Pairing 22/28 :    C0BR4_v3.1  -  PositionalOpponent

PGN-File: C:\Program Files (x86)\Arena\Tournaments\Engine Battle 20251118.pgn

No:  B/W 1/2     W:B       1:2           Time        Value Moves Dep 1:2       1-2-Draws
   5 B 2    1.0:0.0        2.0:3.0       7:14:31 AM  -299.99    43 4.000 :6.000  2-3-0

--------------------------------------------------------------

Engine-Match Wednesday, November 19, 2025 7:14:33 AM
 Blitz 5/5 

Pairing 23/28 :    RandomOpponent  -  V7P3R_v14.1

PGN-File: C:\Program Files (x86)\Arena\Tournaments\Engine Battle 20251118.pgn

No:  B/W 1/2     W:B       1:2           Time        Value Moves Dep 1:2       1-2-Draws
   5 B 2    1.0:0.0        0.0:5.0       7:15:31 AM     0.00    12 0:4.400  0-5-0

--------------------------------------------------------------

Engine-Match Wednesday, November 19, 2025 7:15:32 AM
 Blitz 5/5 

Pairing 24/28 :    Stockfish 1%  -  SlowMate_v3.1

PGN-File: C:\Program Files (x86)\Arena\Tournaments\Engine Battle 20251118.pgn

No:  B/W 1/2     W:B       1:2           Time        Value Moves Dep 1:2       1-2-Draws
   5 W 1    1.0:0.0        5.0:0.0       7:20:34 AM      +M1    31 16.125 :4.033  5-0-0

--------------------------------------------------------------

Engine-Match Wednesday, November 19, 2025 7:20:36 AM
 Blitz 5/5 

Pairing 25/28 :    V7P3R_v15.1  -  C0BR4_v3.1

PGN-File: C:\Program Files (x86)\Arena\Tournaments\Engine Battle 20251118.pgn

No:  B/W 1/2     W:B       1:2           Time        Value Moves Dep 1:2       1-2-Draws
   5 W 1    3.0:2.0        3.0:2.0       7:23:34 AM  +299.99    39 6.000 :4.000  1-0-4

--------------------------------------------------------------

Engine-Match Wednesday, November 19, 2025 7:23:35 AM
 Blitz 5/5 

Pairing 26/28 :    V7P3R_v14.1  -  MaterialOpponent

PGN-File: C:\Program Files (x86)\Arena\Tournaments\Engine Battle 20251118.pgn

No:  B/W 1/2     W:B       1:2           Time        Value Moves Dep 1:2       1-2-Draws
   5 W 1    1.5:0.5        2.5:2.5       7:32:05 AM  +299.96    76 4.310 :6.000  2-2-1

--------------------------------------------------------------

Engine-Match Wednesday, November 19, 2025 7:32:07 AM
 Blitz 5/5 

Pairing 27/28 :    PositionalOpponent  -  Stockfish 1%

PGN-File: C:\Program Files (x86)\Arena\Tournaments\Engine Battle 20251118.pgn

No:  B/W 1/2     W:B       1:2           Time        Value Moves Dep 1:2       1-2-Draws
   5 B 2    1.0:0.0        0.0:5.0       7:33:37 AM   -12.70    11 6.000 :16.700  0-5-0

--------------------------------------------------------------

Engine-Match Wednesday, November 19, 2025 7:33:38 AM
 Blitz 5/5 

Pairing 28/28 :    SlowMate_v3.1  -  RandomOpponent

PGN-File: C:\Program Files (x86)\Arena\Tournaments\Engine Battle 20251118.pgn

No:  B/W 1/2     W:B       1:2           Time        Value Moves Dep 1:2       1-2-Draws
   5 W 1    1.5:0.5        4.5:0.5       7:38:17 AM  +183.32    28 3.893 :0 4-0-1

--------------------------------------------------------------

Engine-Match Wednesday, November 19, 2025 7:38:28 AM
 Blitz 5/5 

Pairing 1/28 :    V7P3R_v15.1  -  V7P3R_v14.1

PGN-File: C:\Program Files (x86)\Arena\Tournaments\Engine Battle 20251118.pgn

No:  B/W 1/2     W:B       1:2           Time        Value Moves Dep 1:2       1-2-Draws
   6 B 1    1.0:0.0        3.0:3.0       7:43:20 AM     0.00    22 6.000 :4.333  3-3-0

--------------------------------------------------------------

Engine-Match Wednesday, November 19, 2025 7:43:21 AM
 Blitz 5/5 

Pairing 2/28 :    Stockfish 1%  -  C0BR4_v3.1

PGN-File: C:\Program Files (x86)\Arena\Tournaments\Engine Battle 20251118.pgn

No:  B/W 1/2     W:B       1:2           Time        Value Moves Dep 1:2       1-2-Draws
   6 B 1    1.0:0.0        6.0:0.0       7:43:46 AM      -M1    13 18.833 :3.917  6-0-0

--------------------------------------------------------------

Engine-Match Wednesday, November 19, 2025 7:43:47 AM
 Blitz 5/5 

Pairing 3/28 :    MaterialOpponent  -  SlowMate_v3.1

PGN-File: C:\Program Files (x86)\Arena\Tournaments\Engine Battle 20251118.pgn

No:  B/W 1/2     W:B       1:2           Time        Value Moves Dep 1:2       1-2-Draws
   6 = =    3.0:3.0        3.0:3.0       7:48:11 AM    -1.25    23 6.000 :3.304  0-0-6

--------------------------------------------------------------

Engine-Match Wednesday, November 19, 2025 7:48:12 AM
 Blitz 5/5 

Pairing 4/28 :    RandomOpponent  -  PositionalOpponent

PGN-File: C:\Program Files (x86)\Arena\Tournaments\Engine Battle 20251118.pgn

No:  B/W 1/2     W:B       1:2           Time        Value Moves Dep 1:2       1-2-Draws
   6 W 2    1.0:0.0        0.0:6.0       7:49:36 AM  +299.99    28 0:6.000  0-6-0

--------------------------------------------------------------

Engine-Match Wednesday, November 19, 2025 7:49:37 AM
 Blitz 5/5 

Pairing 5/28 :    Stockfish 1%  -  V7P3R_v15.1

PGN-File: C:\Program Files (x86)\Arena\Tournaments\Engine Battle 20251118.pgn

No:  B/W 1/2     W:B       1:2           Time        Value Moves Dep 1:2       1-2-Draws
   6 W 2    1.0:0.0        4.0:2.0       7:52:54 AM  +299.99    68 16.000 :6.000  4-2-0

--------------------------------------------------------------

Engine-Match Wednesday, November 19, 2025 7:52:55 AM
 Blitz 5/5 

Pairing 6/28 :    SlowMate_v3.1  -  V7P3R_v14.1

PGN-File: C:\Program Files (x86)\Arena\Tournaments\Engine Battle 20251118.pgn

No:  B/W 1/2     W:B       1:2           Time        Value Moves Dep 1:2       1-2-Draws
   6 W 2    1.5:0.5        0.5:5.5       8:01:04 AM   +16.10    31 3.903 :4.136  0-5-1

--------------------------------------------------------------

Engine-Match Wednesday, November 19, 2025 8:01:05 AM
 Blitz 5/5 

Pairing 7/28 :    C0BR4_v3.1  -  RandomOpponent

PGN-File: C:\Program Files (x86)\Arena\Tournaments\Engine Battle 20251118.pgn

No:  B/W 1/2     W:B       1:2           Time        Value Moves Dep 1:2       1-2-Draws
   6 B 1    1.0:0.0        6.0:0.0       8:01:26 AM  -299.97    23 4.000 :0 6-0-0

--------------------------------------------------------------

Engine-Match Wednesday, November 19, 2025 8:01:27 AM
 Blitz 5/5 

Pairing 8/28 :    PositionalOpponent  -  MaterialOpponent

PGN-File: C:\Program Files (x86)\Arena\Tournaments\Engine Battle 20251118.pgn

No:  B/W 1/2     W:B       1:2           Time        Value Moves Dep 1:2       1-2-Draws
   6 W 2    2.0:1.0        2.0:4.0       8:06:37 AM   +10.40    40 6.000 :6.000  1-3-2

--------------------------------------------------------------

Engine-Match Wednesday, November 19, 2025 8:06:38 AM
 Blitz 5/5 

Pairing 9/28 :    V7P3R_v15.1  -  SlowMate_v3.1

PGN-File: C:\Program Files (x86)\Arena\Tournaments\Engine Battle 20251118.pgn

No:  B/W 1/2     W:B       1:2           Time        Value Moves Dep 1:2       1-2-Draws
   6 B 1    1.0:0.0        6.0:0.0       8:14:49 AM  -299.99    37 6.000 :3.909  6-0-0

--------------------------------------------------------------

Engine-Match Wednesday, November 19, 2025 8:14:50 AM
 Blitz 5/5 

Pairing 10/28 :    RandomOpponent  -  Stockfish 1%

PGN-File: C:\Program Files (x86)\Arena\Tournaments\Engine Battle 20251118.pgn

No:  B/W 1/2     W:B       1:2           Time        Value Moves Dep 1:2       1-2-Draws
   6 W 2    1.0:0.0        0.0:6.0       8:15:02 AM      +M1     5 0:29.000  0-6-0

--------------------------------------------------------------

Engine-Match Wednesday, November 19, 2025 8:15:03 AM
 Blitz 5/5 

Pairing 11/28 :    V7P3R_v14.1  -  PositionalOpponent

PGN-File: C:\Program Files (x86)\Arena\Tournaments\Engine Battle 20251118.pgn

No:  B/W 1/2     W:B       1:2           Time        Value Moves Dep 1:2       1-2-Draws
   6 B 1    1.0:0.0        6.0:0.0       8:22:07 AM   -12.40    43 4.400 :6.000  6-0-0

--------------------------------------------------------------

Engine-Match Wednesday, November 19, 2025 8:22:08 AM
 Blitz 5/5 

Pairing 12/28 :    MaterialOpponent  -  C0BR4_v3.1

PGN-File: C:\Program Files (x86)\Arena\Tournaments\Engine Battle 20251118.pgn

No:  B/W 1/2     W:B       1:2           Time        Value Moves Dep 1:2       1-2-Draws
   6 = =    2.5:2.5        3.5:2.5       8:24:13 AM    +0.73    40 6.000 :4.000  1-0-5

--------------------------------------------------------------

Engine-Match Wednesday, November 19, 2025 8:24:15 AM
 Blitz 5/5 

Pairing 13/28 :    RandomOpponent  -  V7P3R_v15.1

PGN-File: C:\Program Files (x86)\Arena\Tournaments\Engine Battle 20251118.pgn

No:  B/W 1/2     W:B       1:2           Time        Value Moves Dep 1:2       1-2-Draws
   6 W 2    1.0:0.0        0.0:6.0       8:26:30 AM  +299.99    24 0:6.000  0-6-0

--------------------------------------------------------------

Engine-Match Wednesday, November 19, 2025 8:26:31 AM
 Blitz 5/5 

Pairing 14/28 :    PositionalOpponent  -  SlowMate_v3.1

PGN-File: C:\Program Files (x86)\Arena\Tournaments\Engine Battle 20251118.pgn

No:  B/W 1/2     W:B       1:2           Time        Value Moves Dep 1:2       1-2-Draws
   6 = =    1.5:1.5        4.5:1.5       8:38:43 AM    -4.30    67 6.000 :4.200  3-0-3

--------------------------------------------------------------

Engine-Match Wednesday, November 19, 2025 8:38:45 AM
 Blitz 5/5 

Pairing 15/28 :    Stockfish 1%  -  MaterialOpponent

PGN-File: C:\Program Files (x86)\Arena\Tournaments\Engine Battle 20251118.pgn

No:  B/W 1/2     W:B       1:2           Time        Value Moves Dep 1:2       1-2-Draws
   6 B 1    1.0:0.0        6.0:0.0       8:40:00 AM      -M1    30 15.353 :6.000  6-0-0

--------------------------------------------------------------

Engine-Match Wednesday, November 19, 2025 8:40:01 AM
 Blitz 5/5 

Pairing 16/28 :    C0BR4_v3.1  -  V7P3R_v14.1

PGN-File: C:\Program Files (x86)\Arena\Tournaments\Engine Battle 20251118.pgn

No:  B/W 1/2     W:B       1:2           Time        Value Moves Dep 1:2       1-2-Draws
   6 B 1    1.5:0.5        2.5:3.5       8:44:12 AM   -18.46    34 4.000 :4.296  2-3-1

--------------------------------------------------------------

Engine-Match Wednesday, November 19, 2025 8:44:13 AM
 Blitz 5/5 

Pairing 17/28 :    V7P3R_v15.1  -  PositionalOpponent

PGN-File: C:\Program Files (x86)\Arena\Tournaments\Engine Battle 20251118.pgn

No:  B/W 1/2     W:B       1:2           Time        Value Moves Dep 1:2       1-2-Draws
   6 = =    1.5:1.5        3.5:2.5       8:46:26 AM     0.00    23 6.000 :6.000  2-1-3

--------------------------------------------------------------

Engine-Match Wednesday, November 19, 2025 8:46:27 AM
 Blitz 5/5 

Pairing 18/28 :    MaterialOpponent  -  RandomOpponent

PGN-File: C:\Program Files (x86)\Arena\Tournaments\Engine Battle 20251118.pgn

No:  B/W 1/2     W:B       1:2           Time        Value Moves Dep 1:2       1-2-Draws
   6 B 1    1.0:0.0        6.0:0.0       8:47:10 AM  -299.99    27 6.000 :0 6-0-0

--------------------------------------------------------------

Engine-Match Wednesday, November 19, 2025 8:47:12 AM
 Blitz 5/5 

Pairing 19/28 :    SlowMate_v3.1  -  C0BR4_v3.1

PGN-File: C:\Program Files (x86)\Arena\Tournaments\Engine Battle 20251118.pgn

No:  B/W 1/2     W:B       1:2           Time        Value Moves Dep 1:2       1-2-Draws
   6 W 2    2.5:1.5        2.5:3.5       8:49:40 AM  +299.97    13 4.000 :4.000  1-2-3

--------------------------------------------------------------

Engine-Match Wednesday, November 19, 2025 8:49:41 AM
 Blitz 5/5 

Pairing 20/28 :    V7P3R_v14.1  -  Stockfish 1%

PGN-File: C:\Program Files (x86)\Arena\Tournaments\Engine Battle 20251118.pgn

No:  B/W 1/2     W:B       1:2           Time        Value Moves Dep 1:2       1-2-Draws
   6 W 2    1.0:0.0        0.0:6.0       8:51:14 AM      +M1    18 4.333 :15.313  0-6-0

--------------------------------------------------------------

Engine-Match Wednesday, November 19, 2025 8:51:25 AM
 Blitz 5/5 

Pairing 21/28 :    MaterialOpponent  -  V7P3R_v15.1

PGN-File: C:\Program Files (x86)\Arena\Tournaments\Engine Battle 20251118.pgn

No:  B/W 1/2     W:B       1:2           Time        Value Moves Dep 1:2       1-2-Draws
   6 = =    1.0:1.0        2.0:4.0       8:56:08 AM    +2.60    44 6.000 :6.000  1-3-2

--------------------------------------------------------------

Engine-Match Wednesday, November 19, 2025 8:56:09 AM
 Blitz 5/5 

Pairing 22/28 :    C0BR4_v3.1  -  PositionalOpponent

PGN-File: C:\Program Files (x86)\Arena\Tournaments\Engine Battle 20251118.pgn

No:  B/W 1/2     W:B       1:2           Time        Value Moves Dep 1:2       1-2-Draws
   6 = =    0.5:0.5        2.5:3.5       8:59:15 AM    +5.10    41 4.000 :6.000  2-3-1

--------------------------------------------------------------

Engine-Match Wednesday, November 19, 2025 8:59:17 AM
 Blitz 5/5 

Pairing 23/28 :    RandomOpponent  -  V7P3R_v14.1

PGN-File: C:\Program Files (x86)\Arena\Tournaments\Engine Battle 20251118.pgn

No:  B/W 1/2     W:B       1:2           Time        Value Moves Dep 1:2       1-2-Draws
   6 W 2    1.0:0.0        0.0:6.0       9:00:58 AM  +289.99    14 0:4.692  0-6-0

--------------------------------------------------------------

Engine-Match Wednesday, November 19, 2025 9:00:59 AM
 Blitz 5/5 

Pairing 24/28 :    Stockfish 1%  -  SlowMate_v3.1

PGN-File: C:\Program Files (x86)\Arena\Tournaments\Engine Battle 20251118.pgn

No:  B/W 1/2     W:B       1:2           Time        Value Moves Dep 1:2       1-2-Draws
   6 = =    0.5:0.5        5.5:0.5       9:13:11 AM    -6.25    93 14.700 :3.833  5-0-1

--------------------------------------------------------------

Engine-Match Wednesday, November 19, 2025 9:13:12 AM
 Blitz 5/5 

Pairing 25/28 :    V7P3R_v15.1  -  C0BR4_v3.1

PGN-File: C:\Program Files (x86)\Arena\Tournaments\Engine Battle 20251118.pgn

No:  B/W 1/2     W:B       1:2           Time        Value Moves Dep 1:2       1-2-Draws
   6 B 1    3.0:2.0        4.0:2.0       9:15:26 AM  -299.99    42 6.000 :4.000  2-0-4

--------------------------------------------------------------

Engine-Match Wednesday, November 19, 2025 9:15:27 AM
 Blitz 5/5 

Pairing 26/28 :    V7P3R_v14.1  -  MaterialOpponent

PGN-File: C:\Program Files (x86)\Arena\Tournaments\Engine Battle 20251118.pgn

No:  B/W 1/2     W:B       1:2           Time        Value Moves Dep 1:2       1-2-Draws
   6 W 2    1.5:0.5        2.5:3.5       9:20:22 AM  +299.99    38 4.192 :6.000  2-3-1

--------------------------------------------------------------

Engine-Match Wednesday, November 19, 2025 9:20:23 AM
 Blitz 5/5 

Pairing 27/28 :    PositionalOpponent  -  Stockfish 1%

PGN-File: C:\Program Files (x86)\Arena\Tournaments\Engine Battle 20251118.pgn

No:  B/W 1/2     W:B       1:2           Time        Value Moves Dep 1:2       1-2-Draws
   6 W 2    1.0:0.0        0.0:6.0       9:24:06 AM    +9.10    86 6.000 :14.750  0-6-0

--------------------------------------------------------------

Engine-Match Wednesday, November 19, 2025 9:24:08 AM
 Blitz 5/5 

Pairing 28/28 :    SlowMate_v3.1  -  RandomOpponent

PGN-File: C:\Program Files (x86)\Arena\Tournaments\Engine Battle 20251118.pgn

No:  B/W 1/2     W:B       1:2           Time        Value Moves Dep 1:2       1-2-Draws
   6 * *     0.5:0.5        4.5:0.5       9:28:59 AM     0.00    29 3.750 :0 4-0-1
