Engine-Match Sunday, November 2, 2025 1:18:05 PM
 Blitz 2/1 

Pairing 1/3 :    C0BR4_v3.1  -  V7P3R_v14.0

PGN-File: C:\Program Files (x86)\Arena\Tournaments\Engine Battle 20251102_3.pgn

No:  B/W 1/2     W:B       1:2           Time        Value Moves Dep 1:2       1-2-Draws
   1 = =    0.5:0.5        0.5:0.5       1:20:43 PM    +4.42    57 4.000 :4.133  0-0-1

--------------------------------------------------------------

Engine-Match Sunday, November 2, 2025 1:20:44 PM
 Blitz 2/1 

Pairing 2/3 :    MaterialOpponent  -  C0BR4_v3.1

PGN-File: C:\Program Files (x86)\Arena\Tournaments\Engine Battle 20251102_3.pgn

No:  B/W 1/2     W:B       1:2           Time        Value Moves Dep 1:2       1-2-Draws
   1 = =    0.5:0.5        0.5:0.5       1:21:38 PM   -10.67    27 6.000 :4.000  0-0-1

--------------------------------------------------------------

Engine-Match Sunday, November 2, 2025 1:21:40 PM
 Blitz 2/1 

Pairing 3/3 :    V7P3R_v14.0  -  MaterialOpponent

PGN-File: C:\Program Files (x86)\Arena\Tournaments\Engine Battle 20251102_3.pgn

No:  B/W 1/2     W:B       1:2           Time        Value Moves Dep 1:2       1-2-Draws
   1 W 1    1.0:0.0        1.0:0.0       1:25:04 PM   +15.15    45 4.077 :6.000  1-0-0

--------------------------------------------------------------

Engine-Match Sunday, November 2, 2025 1:25:05 PM
 Blitz 2/1 

Pairing 1/3 :    C0BR4_v3.1  -  V7P3R_v14.0

PGN-File: C:\Program Files (x86)\Arena\Tournaments\Engine Battle 20251102_3.pgn

No:  B/W 1/2     W:B       1:2           Time        Value Moves Dep 1:2       1-2-Draws
   2 W 2    1.5:0.5        0.5:1.5       1:26:14 PM   +11.43    15 4.000 :4.091  0-1-1

--------------------------------------------------------------

Engine-Match Sunday, November 2, 2025 1:26:15 PM
 Blitz 2/1 

Pairing 2/3 :    MaterialOpponent  -  C0BR4_v3.1

PGN-File: C:\Program Files (x86)\Arena\Tournaments\Engine Battle 20251102_3.pgn

No:  B/W 1/2     W:B       1:2           Time        Value Moves Dep 1:2       1-2-Draws
   2 = =    1.0:1.0        1.0:1.0       1:28:20 PM    +0.73    40 6.000 :4.000  0-0-2

--------------------------------------------------------------

Engine-Match Sunday, November 2, 2025 1:28:21 PM
 Blitz 2/1 

Pairing 3/3 :    V7P3R_v14.0  -  MaterialOpponent

PGN-File: C:\Program Files (x86)\Arena\Tournaments\Engine Battle 20251102_3.pgn

No:  B/W 1/2     W:B       1:2           Time        Value Moves Dep 1:2       1-2-Draws
   2 = =    0.5:0.5        1.5:0.5       1:30:59 PM    +1.00    28 3.810 :6.000  1-0-1

--------------------------------------------------------------

Engine-Match Sunday, November 2, 2025 1:31:00 PM
 Blitz 2/1 

Pairing 1/3 :    C0BR4_v3.1  -  V7P3R_v14.0

PGN-File: C:\Program Files (x86)\Arena\Tournaments\Engine Battle 20251102_3.pgn

No:  B/W 1/2     W:B       1:2           Time        Value Moves Dep 1:2       1-2-Draws
   3 = =    1.0:1.0        1.0:2.0       1:34:39 PM    -7.99    68 4.000 :3.524  0-1-2

--------------------------------------------------------------

Engine-Match Sunday, November 2, 2025 1:34:40 PM
 Blitz 2/1 

Pairing 2/3 :    MaterialOpponent  -  C0BR4_v3.1

PGN-File: C:\Program Files (x86)\Arena\Tournaments\Engine Battle 20251102_3.pgn

No:  B/W 1/2     W:B       1:2           Time        Value Moves Dep 1:2       1-2-Draws
   3 = =    1.5:1.5        1.5:1.5       1:35:32 PM   -10.67    27 6.000 :4.000  0-0-3

--------------------------------------------------------------

Engine-Match Sunday, November 2, 2025 1:35:34 PM
 Blitz 2/1 

Pairing 3/3 :    V7P3R_v14.0  -  MaterialOpponent

PGN-File: C:\Program Files (x86)\Arena\Tournaments\Engine Battle 20251102_3.pgn

No:  B/W 1/2     W:B       1:2           Time        Value Moves Dep 1:2       1-2-Draws
   3 W 1    1.5:0.5        2.5:0.5       1:38:57 PM   +13.95    46 4.077 :6.000  2-0-1

--------------------------------------------------------------

Engine-Match Sunday, November 2, 2025 1:38:58 PM
 Blitz 2/1 

Pairing 1/3 :    C0BR4_v3.1  -  V7P3R_v14.0

PGN-File: C:\Program Files (x86)\Arena\Tournaments\Engine Battle 20251102_3.pgn

No:  B/W 1/2     W:B       1:2           Time        Value Moves Dep 1:2       1-2-Draws
   4 W 2    2.0:1.0        1.0:3.0       1:42:06 PM   +16.03    62 4.000 :4.063  0-2-2

--------------------------------------------------------------

Engine-Match Sunday, November 2, 2025 1:42:07 PM
 Blitz 2/1 

Pairing 2/3 :    MaterialOpponent  -  C0BR4_v3.1

PGN-File: C:\Program Files (x86)\Arena\Tournaments\Engine Battle 20251102_3.pgn

No:  B/W 1/2     W:B       1:2           Time        Value Moves Dep 1:2       1-2-Draws
   4 W 2    2.5:1.5        1.5:2.5       1:44:40 PM  +299.98    46 6.000 :4.000  0-1-3

--------------------------------------------------------------

Engine-Match Sunday, November 2, 2025 1:44:42 PM
 Blitz 2/1 

Pairing 3/3 :    V7P3R_v14.0  -  MaterialOpponent

PGN-File: C:\Program Files (x86)\Arena\Tournaments\Engine Battle 20251102_3.pgn

No:  B/W 1/2     W:B       1:2           Time        Value Moves Dep 1:2       1-2-Draws
   4 B 1    1.5:0.5        3.5:0.5       1:49:07 PM   -21.15    78 3.595 :6.000  3-0-1

--------------------------------------------------------------

Engine-Match Sunday, November 2, 2025 1:49:08 PM
 Blitz 2/1 

Pairing 1/3 :    C0BR4_v3.1  -  V7P3R_v14.0

PGN-File: C:\Program Files (x86)\Arena\Tournaments\Engine Battle 20251102_3.pgn

No:  B/W 1/2     W:B       1:2           Time        Value Moves Dep 1:2       1-2-Draws
   5 W 1    2.0:1.0        2.0:3.0       1:50:38 PM  +299.97    21 4.000 :4.071  1-2-2

--------------------------------------------------------------

Engine-Match Sunday, November 2, 2025 1:50:39 PM
 Blitz 2/1 

Pairing 2/3 :    MaterialOpponent  -  C0BR4_v3.1

PGN-File: C:\Program Files (x86)\Arena\Tournaments\Engine Battle 20251102_3.pgn

No:  B/W 1/2     W:B       1:2           Time        Value Moves Dep 1:2       1-2-Draws
   5 * *     1.5:1.5        1.5:2.5       1:52:00 PM    +2.20    30 6.000 :4.000  0-1-3

--------------------------------------------------------------

Engine-Match Sunday, November 2, 2025 1:52:08 PM
 Blitz 2/1 

Pairing 1/6 :    C0BR4_v3.1  -  V7P3R_v14.9

PGN-File: C:\Program Files (x86)\Arena\Tournaments\Engine Battle 20251102_3.pgn

No:  B/W 1/2     W:B       1:2           Time        Value Moves Dep 1:2       1-2-Draws
   1 W 1    1.0:0.0        1.0:0.0       1:54:00 PM  +299.97    43 4.000 :3.412  1-0-0

--------------------------------------------------------------

Engine-Match Sunday, November 2, 2025 1:54:01 PM
 Blitz 2/1 

Pairing 4/6 :    V7P3R_v14.0  -  V7P3R_v14.9

PGN-File: C:\Program Files (x86)\Arena\Tournaments\Engine Battle 20251102_3.pgn

No:  B/W 1/2     W:B       1:2           Time        Value Moves Dep 1:2       1-2-Draws
   1 W 1    1.0:0.0        1.0:0.0       1:59:48 PM     0.00    89 4.000 :3.593  1-0-0

--------------------------------------------------------------

Engine-Match Sunday, November 2, 2025 1:59:49 PM
 Blitz 2/1 

Pairing 6/6 :    V7P3R_v14.9  -  MaterialOpponent

PGN-File: C:\Program Files (x86)\Arena\Tournaments\Engine Battle 20251102_3.pgn

No:  B/W 1/2     W:B       1:2           Time        Value Moves Dep 1:2       1-2-Draws
   1 = =    0.5:0.5        0.5:0.5       2:01:03 PM    +5.28    21 3.250 :6.000  0-0-1

--------------------------------------------------------------

Engine-Match Sunday, November 2, 2025 2:01:04 PM
 Blitz 2/1 

Pairing 1/6 :    C0BR4_v3.1  -  V7P3R_v14.9

PGN-File: C:\Program Files (x86)\Arena\Tournaments\Engine Battle 20251102_3.pgn

No:  B/W 1/2     W:B       1:2           Time        Value Moves Dep 1:2       1-2-Draws
   2 W 2    1.0:0.0        1.0:1.0       2:02:18 PM   +12.94    25 4.000 :3.304  1-1-0

--------------------------------------------------------------

Engine-Match Sunday, November 2, 2025 2:02:20 PM
 Blitz 2/1 

Pairing 4/6 :    V7P3R_v14.0  -  V7P3R_v14.9

PGN-File: C:\Program Files (x86)\Arena\Tournaments\Engine Battle 20251102_3.pgn

No:  B/W 1/2     W:B       1:2           Time        Value Moves Dep 1:2       1-2-Draws
   2 = =    0.5:0.5        1.5:0.5       2:07:24 PM    -2.48    51 3.395 :3.313  1-0-1

--------------------------------------------------------------

Engine-Match Sunday, November 2, 2025 2:07:25 PM
 Blitz 2/1 

Pairing 6/6 :    V7P3R_v14.9  -  MaterialOpponent

PGN-File: C:\Program Files (x86)\Arena\Tournaments\Engine Battle 20251102_3.pgn

No:  B/W 1/2     W:B       1:2           Time        Value Moves Dep 1:2       1-2-Draws
   2 W 2    1.5:0.5        0.5:1.5       2:10:33 PM   +34.77    61 3.310 :6.000  0-1-1

--------------------------------------------------------------

Engine-Match Sunday, November 2, 2025 2:10:34 PM
 Blitz 2/1 

Pairing 1/6 :    C0BR4_v3.1  -  V7P3R_v14.9

PGN-File: C:\Program Files (x86)\Arena\Tournaments\Engine Battle 20251102_3.pgn

No:  B/W 1/2     W:B       1:2           Time        Value Moves Dep 1:2       1-2-Draws
   3 W 1    1.0:0.0        2.0:1.0       2:12:31 PM  +299.97    43 4.000 :3.441  2-1-0

--------------------------------------------------------------

Engine-Match Sunday, November 2, 2025 2:12:32 PM
 Blitz 2/1 

Pairing 4/6 :    V7P3R_v14.0  -  V7P3R_v14.9

PGN-File: C:\Program Files (x86)\Arena\Tournaments\Engine Battle 20251102_3.pgn

No:  B/W 1/2     W:B       1:2           Time        Value Moves Dep 1:2       1-2-Draws
   3 = =    1.0:1.0        2.0:1.0       2:17:20 PM     0.00    61 4.048 :3.556  1-0-2

--------------------------------------------------------------

Engine-Match Sunday, November 2, 2025 2:17:21 PM
 Blitz 2/1 

Pairing 6/6 :    V7P3R_v14.9  -  MaterialOpponent

PGN-File: C:\Program Files (x86)\Arena\Tournaments\Engine Battle 20251102_3.pgn

No:  B/W 1/2     W:B       1:2           Time        Value Moves Dep 1:2       1-2-Draws
   3 = =    1.0:1.0        1.0:2.0       2:18:45 PM    +5.28    25 3.292 :6.000  0-1-2

--------------------------------------------------------------

Engine-Match Sunday, November 2, 2025 2:18:46 PM
 Blitz 2/1 

Pairing 1/6 :    C0BR4_v3.1  -  V7P3R_v14.9

PGN-File: C:\Program Files (x86)\Arena\Tournaments\Engine Battle 20251102_3.pgn

No:  B/W 1/2     W:B       1:2           Time        Value Moves Dep 1:2       1-2-Draws
   4 B 1    1.0:0.0        3.0:1.0       2:21:24 PM  -289.96    64 4.000 :3.621  3-1-0

--------------------------------------------------------------

Engine-Match Sunday, November 2, 2025 2:21:25 PM
 Blitz 2/1 

Pairing 4/6 :    V7P3R_v14.0  -  V7P3R_v14.9

PGN-File: C:\Program Files (x86)\Arena\Tournaments\Engine Battle 20251102_3.pgn

No:  B/W 1/2     W:B       1:2           Time        Value Moves Dep 1:2       1-2-Draws
   4 W 2    2.0:1.0        2.0:2.0       2:24:47 PM   +13.92    29 3.792 :3.440  1-1-2

--------------------------------------------------------------

Engine-Match Sunday, November 2, 2025 2:24:48 PM
 Blitz 2/1 

Pairing 6/6 :    V7P3R_v14.9  -  MaterialOpponent

PGN-File: C:\Program Files (x86)\Arena\Tournaments\Engine Battle 20251102_3.pgn

No:  B/W 1/2     W:B       1:2           Time        Value Moves Dep 1:2       1-2-Draws
   4 W 2    2.0:1.0        1.0:3.0       2:27:56 PM   +34.77    61 3.310 :6.000  0-2-2

--------------------------------------------------------------

Engine-Match Sunday, November 2, 2025 2:27:57 PM
 Blitz 2/1 

Pairing 1/6 :    C0BR4_v3.1  -  V7P3R_v14.9

PGN-File: C:\Program Files (x86)\Arena\Tournaments\Engine Battle 20251102_3.pgn

No:  B/W 1/2     W:B       1:2           Time        Value Moves Dep 1:2       1-2-Draws
   5 B 2    1.0:0.0        3.0:2.0       2:30:11 PM   -10.42    48 4.000 :3.440  3-2-0

--------------------------------------------------------------

Engine-Match Sunday, November 2, 2025 2:30:12 PM
 Blitz 2/1 

Pairing 2/6 :    MaterialOpponent  -  V7P3R_v14.0

PGN-File: C:\Program Files (x86)\Arena\Tournaments\Engine Battle 20251102_3.pgn

No:  B/W 1/2     W:B       1:2           Time        Value Moves Dep 1:2       1-2-Draws
   5 = =    1.0:1.0        1.0:4.0       2:32:50 PM    +1.00    28 6.000 :3.810  0-3-2

--------------------------------------------------------------

Engine-Match Sunday, November 2, 2025 2:32:52 PM
 Blitz 2/1 

Pairing 3/6 :    MaterialOpponent  -  C0BR4_v3.1

PGN-File: C:\Program Files (x86)\Arena\Tournaments\Engine Battle 20251102_3.pgn

No:  B/W 1/2     W:B       1:2           Time        Value Moves Dep 1:2       1-2-Draws
   5 = =    2.0:2.0        2.0:3.0       2:34:18 PM    +2.80    60 6.000 :4.000  0-1-4

--------------------------------------------------------------

Engine-Match Sunday, November 2, 2025 2:34:19 PM
 Blitz 2/1 

Pairing 4/6 :    V7P3R_v14.0  -  V7P3R_v14.9

PGN-File: C:\Program Files (x86)\Arena\Tournaments\Engine Battle 20251102_3.pgn

No:  B/W 1/2     W:B       1:2           Time        Value Moves Dep 1:2       1-2-Draws
   5 = =    1.5:1.5        2.5:2.5       2:39:26 PM    +2.91    69 4.048 :3.593  1-1-3

--------------------------------------------------------------

Engine-Match Sunday, November 2, 2025 2:39:28 PM
 Blitz 2/1 

Pairing 6/6 :    V7P3R_v14.9  -  MaterialOpponent

PGN-File: C:\Program Files (x86)\Arena\Tournaments\Engine Battle 20251102_3.pgn

No:  B/W 1/2     W:B       1:2           Time        Value Moves Dep 1:2       1-2-Draws
   5 = =    1.5:1.5        1.5:3.5       2:42:44 PM    +6.00    39 3.289 :6.000  0-2-3

--------------------------------------------------------------

Engine-Match Sunday, November 2, 2025 2:42:45 PM
 Blitz 2/1 

Pairing 1/6 :    C0BR4_v3.1  -  V7P3R_v14.9

PGN-File: C:\Program Files (x86)\Arena\Tournaments\Engine Battle 20251102_3.pgn

No:  B/W 1/2     W:B       1:2           Time        Value Moves Dep 1:2       1-2-Draws
   6 = =    0.5:0.5        3.5:2.5       2:45:37 PM     0.00    54 4.000 :3.550  3-2-1

--------------------------------------------------------------

Engine-Match Sunday, November 2, 2025 2:45:39 PM
 Blitz 2/1 

Pairing 2/6 :    MaterialOpponent  -  V7P3R_v14.0

PGN-File: C:\Program Files (x86)\Arena\Tournaments\Engine Battle 20251102_3.pgn

No:  B/W 1/2     W:B       1:2           Time        Value Moves Dep 1:2       1-2-Draws
   6 W 2    2.0:1.0        1.0:5.0       2:48:54 PM   +15.15    45 6.000 :4.077  0-4-2

--------------------------------------------------------------

Engine-Match Sunday, November 2, 2025 2:48:55 PM
 Blitz 2/1 

Pairing 3/6 :    MaterialOpponent  -  C0BR4_v3.1

PGN-File: C:\Program Files (x86)\Arena\Tournaments\Engine Battle 20251102_3.pgn

No:  B/W 1/2     W:B       1:2           Time        Value Moves Dep 1:2       1-2-Draws
   6 = =    2.5:2.5        2.5:3.5       2:49:40 PM    +2.27    27 6.000 :4.000  0-1-5

--------------------------------------------------------------

Engine-Match Sunday, November 2, 2025 2:49:51 PM
 Blitz 2/1 

Pairing 4/6 :    V7P3R_v14.0  -  V7P3R_v14.9

PGN-File: C:\Program Files (x86)\Arena\Tournaments\Engine Battle 20251102_3.pgn

No:  B/W 1/2     W:B       1:2           Time        Value Moves Dep 1:2       1-2-Draws
   6 B 1    2.5:1.5        3.5:2.5       2:53:37 PM   -16.42    35 3.808 :3.548  2-1-3

--------------------------------------------------------------

Engine-Match Sunday, November 2, 2025 2:53:38 PM
 Blitz 2/1 

Pairing 5/6 :    C0BR4_v3.1  -  V7P3R_v14.0

PGN-File: C:\Program Files (x86)\Arena\Tournaments\Engine Battle 20251102_3.pgn

No:  B/W 1/2     W:B       1:2           Time        Value Moves Dep 1:2       1-2-Draws
   6 W 2    2.0:1.0        2.0:4.0       2:55:37 PM   +13.85    25 4.000 :4.286  1-3-2

--------------------------------------------------------------

Engine-Match Sunday, November 2, 2025 2:55:38 PM
 Blitz 2/1 

Pairing 6/6 :    V7P3R_v14.9  -  MaterialOpponent

PGN-File: C:\Program Files (x86)\Arena\Tournaments\Engine Battle 20251102_3.pgn

No:  B/W 1/2     W:B       1:2           Time        Value Moves Dep 1:2       1-2-Draws
   6 = =    2.0:2.0        2.0:4.0       2:59:01 PM    +9.20    69 3.310 :6.000  0-2-4

--------------------------------------------------------------

Engine-Match Sunday, November 2, 2025 2:59:02 PM
 Blitz 2/1 

Pairing 1/6 :    C0BR4_v3.1  -  V7P3R_v14.9

PGN-File: C:\Program Files (x86)\Arena\Tournaments\Engine Battle 20251102_3.pgn

No:  B/W 1/2     W:B       1:2           Time        Value Moves Dep 1:2       1-2-Draws
   7 B 2    1.5:0.5        3.5:3.5       3:01:18 PM   -10.42    48 4.000 :3.440  3-3-1

--------------------------------------------------------------

Engine-Match Sunday, November 2, 2025 3:01:19 PM
 Blitz 2/1 

Pairing 2/6 :    MaterialOpponent  -  V7P3R_v14.0

PGN-File: C:\Program Files (x86)\Arena\Tournaments\Engine Battle 20251102_3.pgn

No:  B/W 1/2     W:B       1:2           Time        Value Moves Dep 1:2       1-2-Draws
   7 = =    1.5:1.5        1.5:5.5       3:03:56 PM    +1.00    28 6.000 :3.810  0-4-3

--------------------------------------------------------------

Engine-Match Sunday, November 2, 2025 3:03:57 PM
 Blitz 2/1 

Pairing 3/6 :    MaterialOpponent  -  C0BR4_v3.1

PGN-File: C:\Program Files (x86)\Arena\Tournaments\Engine Battle 20251102_3.pgn

No:  B/W 1/2     W:B       1:2           Time        Value Moves Dep 1:2       1-2-Draws
   7 B 2    3.5:2.5        2.5:4.5       3:05:27 PM   -14.90    42 6.000 :4.000  0-2-5

--------------------------------------------------------------

Engine-Match Sunday, November 2, 2025 3:05:29 PM
 Blitz 2/1 

Pairing 4/6 :    V7P3R_v14.0  -  V7P3R_v14.9

PGN-File: C:\Program Files (x86)\Arena\Tournaments\Engine Battle 20251102_3.pgn

No:  B/W 1/2     W:B       1:2           Time        Value Moves Dep 1:2       1-2-Draws
   7 W 1    2.5:1.5        4.5:2.5       3:11:14 PM     0.00    84 4.048 :3.593  3-1-3

--------------------------------------------------------------

Engine-Match Sunday, November 2, 2025 3:11:16 PM
 Blitz 2/1 

Pairing 5/6 :    C0BR4_v3.1  -  V7P3R_v14.0

PGN-File: C:\Program Files (x86)\Arena\Tournaments\Engine Battle 20251102_3.pgn

No:  B/W 1/2     W:B       1:2           Time        Value Moves Dep 1:2       1-2-Draws
   7 W 1    2.0:1.0        3.0:4.0       3:14:02 PM    +9.21    41 4.000 :4.150  2-3-2

--------------------------------------------------------------

Engine-Match Sunday, November 2, 2025 3:14:04 PM
 Blitz 2/1 

Pairing 6/6 :    V7P3R_v14.9  -  MaterialOpponent

PGN-File: C:\Program Files (x86)\Arena\Tournaments\Engine Battle 20251102_3.pgn

No:  B/W 1/2     W:B       1:2           Time        Value Moves Dep 1:2       1-2-Draws
   7 B 2    3.0:2.0        2.0:5.0       3:16:51 PM   -30.78    36 3.424 :6.000  0-3-4

--------------------------------------------------------------

Engine-Match Sunday, November 2, 2025 3:16:52 PM
 Blitz 2/1 

Pairing 1/6 :    C0BR4_v3.1  -  V7P3R_v14.9

PGN-File: C:\Program Files (x86)\Arena\Tournaments\Engine Battle 20251102_3.pgn

No:  B/W 1/2     W:B       1:2           Time        Value Moves Dep 1:2       1-2-Draws
   8 = =    1.0:1.0        4.0:4.0       3:19:18 PM   -12.61    55 4.000 :3.686  3-3-2

--------------------------------------------------------------

Engine-Match Sunday, November 2, 2025 3:19:19 PM
 Blitz 2/1 

Pairing 2/6 :    MaterialOpponent  -  V7P3R_v14.0

PGN-File: C:\Program Files (x86)\Arena\Tournaments\Engine Battle 20251102_3.pgn

No:  B/W 1/2     W:B       1:2           Time        Value Moves Dep 1:2       1-2-Draws
   8 = =    2.0:2.0        2.0:6.0       3:23:12 PM    -1.62    68 6.000 :4.077  0-4-4

--------------------------------------------------------------

Engine-Match Sunday, November 2, 2025 3:23:14 PM
 Blitz 2/1 

Pairing 3/6 :    MaterialOpponent  -  C0BR4_v3.1

PGN-File: C:\Program Files (x86)\Arena\Tournaments\Engine Battle 20251102_3.pgn

No:  B/W 1/2     W:B       1:2           Time        Value Moves Dep 1:2       1-2-Draws
   8 B 1    3.5:2.5        3.5:4.5       3:24:56 PM  -299.97    33 6.000 :3.968  1-2-5

--------------------------------------------------------------

Engine-Match Sunday, November 2, 2025 3:24:58 PM
 Blitz 2/1 

Pairing 4/6 :    V7P3R_v14.0  -  V7P3R_v14.9

PGN-File: C:\Program Files (x86)\Arena\Tournaments\Engine Battle 20251102_3.pgn

No:  B/W 1/2     W:B       1:2           Time        Value Moves Dep 1:2       1-2-Draws
   8 W 2    2.5:1.5        4.5:3.5       3:28:20 PM   +13.92    29 3.792 :3.385  3-2-3

--------------------------------------------------------------

Engine-Match Sunday, November 2, 2025 3:28:21 PM
 Blitz 2/1 

Pairing 5/6 :    C0BR4_v3.1  -  V7P3R_v14.0

PGN-File: C:\Program Files (x86)\Arena\Tournaments\Engine Battle 20251102_3.pgn

No:  B/W 1/2     W:B       1:2           Time        Value Moves Dep 1:2       1-2-Draws
   8 = =    1.5:1.5        3.5:4.5       3:31:39 PM     0.00    61 4.000 :4.156  2-3-3

--------------------------------------------------------------

Engine-Match Sunday, November 2, 2025 3:31:40 PM
 Blitz 2/1 

Pairing 6/6 :    V7P3R_v14.9  -  MaterialOpponent

PGN-File: C:\Program Files (x86)\Arena\Tournaments\Engine Battle 20251102_3.pgn

No:  B/W 1/2     W:B       1:2           Time        Value Moves Dep 1:2       1-2-Draws
   8 = =    2.5:2.5        2.5:5.5       3:34:33 PM    +4.90    58 3.310 :6.000  0-3-5

--------------------------------------------------------------

Engine-Match Sunday, November 2, 2025 3:34:34 PM
 Blitz 2/1 

Pairing 1/6 :    C0BR4_v3.1  -  V7P3R_v14.9

PGN-File: C:\Program Files (x86)\Arena\Tournaments\Engine Battle 20251102_3.pgn

No:  B/W 1/2     W:B       1:2           Time        Value Moves Dep 1:2       1-2-Draws
   9 B 2    2.0:1.0        4.0:5.0       3:38:24 PM     0.00    89 4.000 :3.278  3-4-2

--------------------------------------------------------------

Engine-Match Sunday, November 2, 2025 3:38:25 PM
 Blitz 2/1 

Pairing 2/6 :    MaterialOpponent  -  V7P3R_v14.0

PGN-File: C:\Program Files (x86)\Arena\Tournaments\Engine Battle 20251102_3.pgn

No:  B/W 1/2     W:B       1:2           Time        Value Moves Dep 1:2       1-2-Draws
   9 W 1    3.0:2.0        3.0:6.0       3:43:07 PM   +17.23    73 6.000 :3.690  1-4-4

--------------------------------------------------------------

Engine-Match Sunday, November 2, 2025 3:43:08 PM
 Blitz 2/1 

Pairing 3/6 :    MaterialOpponent  -  C0BR4_v3.1

PGN-File: C:\Program Files (x86)\Arena\Tournaments\Engine Battle 20251102_3.pgn

No:  B/W 1/2     W:B       1:2           Time        Value Moves Dep 1:2       1-2-Draws
   9 = =    3.0:3.0        4.0:5.0       3:43:43 PM    -2.10    15 6.000 :4.000  1-2-6

--------------------------------------------------------------

Engine-Match Sunday, November 2, 2025 3:43:44 PM
 Blitz 2/1 

Pairing 4/6 :    V7P3R_v14.0  -  V7P3R_v14.9

PGN-File: C:\Program Files (x86)\Arena\Tournaments\Engine Battle 20251102_3.pgn

No:  B/W 1/2     W:B       1:2           Time        Value Moves Dep 1:2       1-2-Draws
   9 W 1    2.5:1.5        5.5:3.5       3:46:36 PM   +48.52    28 3.778 :3.211  4-2-3

--------------------------------------------------------------

Engine-Match Sunday, November 2, 2025 3:46:37 PM
 Blitz 2/1 

Pairing 5/6 :    C0BR4_v3.1  -  V7P3R_v14.0

PGN-File: C:\Program Files (x86)\Arena\Tournaments\Engine Battle 20251102_3.pgn

No:  B/W 1/2     W:B       1:2           Time        Value Moves Dep 1:2       1-2-Draws
   9 B 2    2.5:1.5        3.5:5.5       3:48:55 PM   -12.11    39 4.000 :4.222  2-4-3

--------------------------------------------------------------

Engine-Match Sunday, November 2, 2025 3:49:06 PM
 Blitz 2/1 

Pairing 6/6 :    V7P3R_v14.9  -  MaterialOpponent

PGN-File: C:\Program Files (x86)\Arena\Tournaments\Engine Battle 20251102_3.pgn

No:  B/W 1/2     W:B       1:2           Time        Value Moves Dep 1:2       1-2-Draws
   9 = =    3.0:3.0        3.0:6.0       3:50:12 PM    +5.28    23 3.273 :6.000  0-3-6

--------------------------------------------------------------

Engine-Match Sunday, November 2, 2025 3:50:13 PM
 Blitz 2/1 

Pairing 1/6 :    C0BR4_v3.1  -  V7P3R_v14.9

PGN-File: C:\Program Files (x86)\Arena\Tournaments\Engine Battle 20251102_3.pgn

No:  B/W 1/2     W:B       1:2           Time        Value Moves Dep 1:2       1-2-Draws
  10 B 1    2.0:1.0        5.0:5.0       3:51:46 PM   -44.88    29 4.000 :3.292  4-4-2

--------------------------------------------------------------

Engine-Match Sunday, November 2, 2025 3:51:47 PM
 Blitz 2/1 

Pairing 2/6 :    MaterialOpponent  -  V7P3R_v14.0

PGN-File: C:\Program Files (x86)\Arena\Tournaments\Engine Battle 20251102_3.pgn

No:  B/W 1/2     W:B       1:2           Time        Value Moves Dep 1:2       1-2-Draws
  10 W 2    3.0:2.0        3.0:7.0       3:55:03 PM   +15.15    45 6.000 :4.077  1-5-4

--------------------------------------------------------------

Engine-Match Sunday, November 2, 2025 3:55:04 PM
 Blitz 2/1 

Pairing 3/6 :    MaterialOpponent  -  C0BR4_v3.1

PGN-File: C:\Program Files (x86)\Arena\Tournaments\Engine Battle 20251102_3.pgn

No:  B/W 1/2     W:B       1:2           Time        Value Moves Dep 1:2       1-2-Draws
  10 B 1    4.0:3.0        5.0:5.0       3:57:13 PM  -299.99    36 6.000 :3.971  2-2-6

--------------------------------------------------------------

Engine-Match Sunday, November 2, 2025 3:57:14 PM
 Blitz 2/1 

Pairing 4/6 :    V7P3R_v14.0  -  V7P3R_v14.9

PGN-File: C:\Program Files (x86)\Arena\Tournaments\Engine Battle 20251102_3.pgn

No:  B/W 1/2     W:B       1:2           Time        Value Moves Dep 1:2       1-2-Draws
  10 B 1    2.5:1.5        6.5:3.5       4:01:16 PM   -15.97    47 3.792 :3.435  5-2-3

--------------------------------------------------------------

Engine-Match Sunday, November 2, 2025 4:01:17 PM
 Blitz 2/1 

Pairing 5/6 :    C0BR4_v3.1  -  V7P3R_v14.0

PGN-File: C:\Program Files (x86)\Arena\Tournaments\Engine Battle 20251102_3.pgn

No:  B/W 1/2     W:B       1:2           Time        Value Moves Dep 1:2       1-2-Draws
  10 = =    2.0:2.0        4.0:6.0       4:04:17 PM     0.00    54 4.000 :4.063  2-4-4

--------------------------------------------------------------

Engine-Match Sunday, November 2, 2025 4:04:19 PM
 Blitz 2/1 

Pairing 6/6 :    V7P3R_v14.9  -  MaterialOpponent

PGN-File: C:\Program Files (x86)\Arena\Tournaments\Engine Battle 20251102_3.pgn

No:  B/W 1/2     W:B       1:2           Time        Value Moves Dep 1:2       1-2-Draws
  10 W 2    4.0:3.0        3.0:7.0       4:07:27 PM   +34.77    61 3.310 :6.000  0-4-6
