Engine-Match Wednesday, November 19, 2025 3:51:03 PM
 Blitz 2/1 

Pairing 1/28 :    V7P3R_v15.6  -  Stockfish 1%

PGN-File: C:\Program Files (x86)\Arena\Tournaments\Engine Battle 20251119.pgn

No:  B/W 1/2     W:B       1:2           Time        Value Moves Dep 1:2       1-2-Draws
   1 B 2    1.0:0.0        0.0:1.0       3:54:04 PM      -M1    42 6.545 :12.500  0-1-0

--------------------------------------------------------------

Engine-Match Wednesday, November 19, 2025 3:54:05 PM
 Blitz 2/1 

Pairing 2/28 :    SlowMate_v3.1  -  V7P3R_v14.1

PGN-File: C:\Program Files (x86)\Arena\Tournaments\Engine Battle 20251119.pgn

No:  B/W 1/2     W:B       1:2           Time        Value Moves Dep 1:2       1-2-Draws
   1 B 2    1.0:0.0        0.0:1.0       3:57:29 PM   -15.86    36 3.194 :3.367  0-1-0

--------------------------------------------------------------

Engine-Match Wednesday, November 19, 2025 3:57:31 PM
 Blitz 2/1 

Pairing 3/28 :    PositionalOpponent  -  C0BR4_v3.1

PGN-File: C:\Program Files (x86)\Arena\Tournaments\Engine Battle 20251119.pgn

No:  B/W 1/2     W:B       1:2           Time        Value Moves Dep 1:2       1-2-Draws
   1 B 2    1.0:0.0        0.0:1.0       3:59:37 PM   -11.70    23 5.913 :4.000  0-1-0

--------------------------------------------------------------

Engine-Match Wednesday, November 19, 2025 3:59:39 PM
 Blitz 2/1 

Pairing 4/28 :    RandomOpponent  -  MaterialOpponent

PGN-File: C:\Program Files (x86)\Arena\Tournaments\Engine Battle 20251119.pgn

No:  B/W 1/2     W:B       1:2           Time        Value Moves Dep 1:2       1-2-Draws
   1 B 2    1.0:0.0        0.0:1.0       4:00:47 PM  -299.99    43 0:6.000  0-1-0

--------------------------------------------------------------

Engine-Match Wednesday, November 19, 2025 4:00:48 PM
 Blitz 2/1 

Pairing 5/28 :    SlowMate_v3.1  -  V7P3R_v15.6

PGN-File: C:\Program Files (x86)\Arena\Tournaments\Engine Battle 20251119.pgn

No:  B/W 1/2     W:B       1:2           Time        Value Moves Dep 1:2       1-2-Draws
   1 W 1    1.0:0.0        1.0:0.0       4:04:45 PM   +10.10    29 3.310 :6.150  1-0-0

--------------------------------------------------------------

Engine-Match Wednesday, November 19, 2025 4:04:46 PM
 Blitz 2/1 

Pairing 6/28 :    C0BR4_v3.1  -  Stockfish 1%

PGN-File: C:\Program Files (x86)\Arena\Tournaments\Engine Battle 20251119.pgn

No:  B/W 1/2     W:B       1:2           Time        Value Moves Dep 1:2       1-2-Draws
   1 B 2    1.0:0.0        0.0:1.0       4:05:00 PM      -M1    14 3.917 :10.800  0-1-0

--------------------------------------------------------------

Engine-Match Wednesday, November 19, 2025 4:05:01 PM
 Blitz 2/1 

Pairing 7/28 :    V7P3R_v14.1  -  RandomOpponent

PGN-File: C:\Program Files (x86)\Arena\Tournaments\Engine Battle 20251119.pgn

No:  B/W 1/2     W:B       1:2           Time        Value Moves Dep 1:2       1-2-Draws
   1 W 1    1.0:0.0        1.0:0.0       4:06:11 PM     0.00    26 3.583 :0 1-0-0

--------------------------------------------------------------

Engine-Match Wednesday, November 19, 2025 4:06:12 PM
 Blitz 2/1 

Pairing 8/28 :    MaterialOpponent  -  PositionalOpponent

PGN-File: C:\Program Files (x86)\Arena\Tournaments\Engine Battle 20251119.pgn

No:  B/W 1/2     W:B       1:2           Time        Value Moves Dep 1:2       1-2-Draws
   1 W 1    1.0:0.0        1.0:0.0       4:08:38 PM   +25.40    23 6.000 :5.957  1-0-0

--------------------------------------------------------------

Engine-Match Wednesday, November 19, 2025 4:08:40 PM
 Blitz 2/1 

Pairing 9/28 :    V7P3R_v15.6  -  C0BR4_v3.1

PGN-File: C:\Program Files (x86)\Arena\Tournaments\Engine Battle 20251119.pgn

No:  B/W 1/2     W:B       1:2           Time        Value Moves Dep 1:2       1-2-Draws
   1 B 2    1.0:0.0        0.0:1.0       4:10:24 PM  -299.97    16 6.636 :4.000  0-1-0

--------------------------------------------------------------

Engine-Match Wednesday, November 19, 2025 4:10:25 PM
 Blitz 2/1 

Pairing 10/28 :    RandomOpponent  -  SlowMate_v3.1

PGN-File: C:\Program Files (x86)\Arena\Tournaments\Engine Battle 20251119.pgn

No:  B/W 1/2     W:B       1:2           Time        Value Moves Dep 1:2       1-2-Draws
   1 B 2    1.0:0.0        0.0:1.0       4:11:16 PM  -108.38    13 0:3.308  0-1-0

--------------------------------------------------------------

Engine-Match Wednesday, November 19, 2025 4:11:17 PM
 Blitz 2/1 

Pairing 11/28 :    Stockfish 1%  -  MaterialOpponent

PGN-File: C:\Program Files (x86)\Arena\Tournaments\Engine Battle 20251119.pgn

No:  B/W 1/2     W:B       1:2           Time        Value Moves Dep 1:2       1-2-Draws
   1 W 1    1.0:0.0        1.0:0.0       4:13:44 PM    +9.05   115 9.375 :6.000  1-0-0

--------------------------------------------------------------

Engine-Match Wednesday, November 19, 2025 4:13:46 PM
 Blitz 2/1 

Pairing 12/28 :    PositionalOpponent  -  V7P3R_v14.1

PGN-File: C:\Program Files (x86)\Arena\Tournaments\Engine Battle 20251119.pgn

No:  B/W 1/2     W:B       1:2           Time        Value Moves Dep 1:2       1-2-Draws
   1 B 2    1.0:0.0        0.0:1.0       4:15:24 PM   -14.40    15 6.000 :3.462  0-1-0

--------------------------------------------------------------

Engine-Match Wednesday, November 19, 2025 4:15:26 PM
 Blitz 2/1 

Pairing 13/28 :    RandomOpponent  -  V7P3R_v15.6

PGN-File: C:\Program Files (x86)\Arena\Tournaments\Engine Battle 20251119.pgn

No:  B/W 1/2     W:B       1:2           Time        Value Moves Dep 1:2       1-2-Draws
   1 B 2    1.0:0.0        0.0:1.0       4:18:06 PM  -299.99    25 0:6.000  0-1-0

--------------------------------------------------------------

Engine-Match Wednesday, November 19, 2025 4:18:07 PM
 Blitz 2/1 

Pairing 14/28 :    MaterialOpponent  -  C0BR4_v3.1

PGN-File: C:\Program Files (x86)\Arena\Tournaments\Engine Battle 20251119.pgn

No:  B/W 1/2     W:B       1:2           Time        Value Moves Dep 1:2       1-2-Draws
   1 = =    0.5:0.5        0.5:0.5       4:18:59 PM   -10.67    27 6.000 :4.000  0-0-1

--------------------------------------------------------------

Engine-Match Wednesday, November 19, 2025 4:19:00 PM
 Blitz 2/1 

Pairing 15/28 :    SlowMate_v3.1  -  PositionalOpponent

PGN-File: C:\Program Files (x86)\Arena\Tournaments\Engine Battle 20251119.pgn

No:  B/W 1/2     W:B       1:2           Time        Value Moves Dep 1:2       1-2-Draws
   1 W 1    1.0:0.0        1.0:0.0       4:20:37 PM   +10.30    11 3.636 :6.000  1-0-0

--------------------------------------------------------------

Engine-Match Wednesday, November 19, 2025 4:20:39 PM
 Blitz 2/1 

Pairing 16/28 :    V7P3R_v14.1  -  Stockfish 1%

PGN-File: C:\Program Files (x86)\Arena\Tournaments\Engine Battle 20251119.pgn

No:  B/W 1/2     W:B       1:2           Time        Value Moves Dep 1:2       1-2-Draws
   1 = =    0.5:0.5        0.5:0.5       4:23:30 PM     0.00    77 3.372 :11.000  0-0-1

--------------------------------------------------------------

Engine-Match Wednesday, November 19, 2025 4:23:31 PM
 Blitz 2/1 

Pairing 17/28 :    V7P3R_v15.6  -  MaterialOpponent

PGN-File: C:\Program Files (x86)\Arena\Tournaments\Engine Battle 20251119.pgn

No:  B/W 1/2     W:B       1:2           Time        Value Moves Dep 1:2       1-2-Draws
   1 B 2    1.0:0.0        0.0:1.0       4:25:53 PM  -299.99    19 5.733 :6.000  0-1-0

--------------------------------------------------------------

Engine-Match Wednesday, November 19, 2025 4:25:55 PM
 Blitz 2/1 

Pairing 18/28 :    PositionalOpponent  -  RandomOpponent

PGN-File: C:\Program Files (x86)\Arena\Tournaments\Engine Battle 20251119.pgn

No:  B/W 1/2     W:B       1:2           Time        Value Moves Dep 1:2       1-2-Draws
   1 W 1    1.0:0.0        1.0:0.0       4:27:20 PM  +299.99    19 5.947 :0 1-0-0

--------------------------------------------------------------

Engine-Match Wednesday, November 19, 2025 4:27:21 PM
 Blitz 2/1 

Pairing 19/28 :    C0BR4_v3.1  -  V7P3R_v14.1

PGN-File: C:\Program Files (x86)\Arena\Tournaments\Engine Battle 20251119.pgn

No:  B/W 1/2     W:B       1:2           Time        Value Moves Dep 1:2       1-2-Draws
   1 W 1    1.0:0.0        1.0:0.0       4:28:51 PM  +299.97    32 4.000 :3.609  1-0-0

--------------------------------------------------------------

Engine-Match Wednesday, November 19, 2025 4:28:52 PM
 Blitz 2/1 

Pairing 20/28 :    Stockfish 1%  -  SlowMate_v3.1

PGN-File: C:\Program Files (x86)\Arena\Tournaments\Engine Battle 20251119.pgn

No:  B/W 1/2     W:B       1:2           Time        Value Moves Dep 1:2       1-2-Draws
   1 B 2    1.0:0.0        0.0:1.0       4:31:28 PM  -188.59    51 10.000 :3.235  0-1-0

--------------------------------------------------------------

Engine-Match Wednesday, November 19, 2025 4:31:35 PM
 Blitz 2/1 

Pairing 21/28 :    PositionalOpponent  -  V7P3R_v15.6

PGN-File: C:\Program Files (x86)\Arena\Tournaments\Engine Battle 20251119.pgn

No:  B/W 1/2     W:B       1:2           Time        Value Moves Dep 1:2       1-2-Draws
   1 * *     0.0:0.0        0.0:0.0       4:31:45 PM     0.00     1 0:0 0-0-0
