Engine-Match Wednesday, November 26, 2025 9:08:24 PM
 Blitz 5/5 

Pairing 1/6 :    V7P3R_v17.4  -  Stockfish 1%

PGN-File: C:\Program Files (x86)\Arena\Tournaments\Engine Battle 20251126_3.pgn

No:  B/W 1/2     W:B       1:2           Time        Value Moves Dep 1:2       1-2-Draws
   1 B 2    1.0:0.0        0.0:1.0       9:10:29 PM  -289.98    31 4.269 :14.067  0-1-0

--------------------------------------------------------------

Engine-Match Wednesday, November 26, 2025 9:10:30 PM
 Blitz 5/5 

Pairing 2/6 :    V7P3R_v17.3  -  V7P3R_v17.1

PGN-File: C:\Program Files (x86)\Arena\Tournaments\Engine Battle 20251126_3.pgn

No:  B/W 1/2     W:B       1:2           Time        Value Moves Dep 1:2       1-2-Draws
   1 = =    0.5:0.5        0.5:0.5       9:16:01 PM    -1.06    45 4.571 :4.462  0-0-1

--------------------------------------------------------------

Engine-Match Wednesday, November 26, 2025 9:16:02 PM
 Blitz 5/5 

Pairing 3/6 :    V7P3R_v17.3  -  V7P3R_v17.4

PGN-File: C:\Program Files (x86)\Arena\Tournaments\Engine Battle 20251126_3.pgn

No:  B/W 1/2     W:B       1:2           Time        Value Moves Dep 1:2       1-2-Draws
   1 B 2    1.0:0.0        0.0:1.0       9:24:12 PM  -289.99    64 4.571 :4.769  0-1-0

--------------------------------------------------------------

Engine-Match Wednesday, November 26, 2025 9:24:13 PM
 Blitz 5/5 

Pairing 4/6 :    V7P3R_v17.1  -  Stockfish 1%

PGN-File: C:\Program Files (x86)\Arena\Tournaments\Engine Battle 20251126_3.pgn

No:  B/W 1/2     W:B       1:2           Time        Value Moves Dep 1:2       1-2-Draws
   1 W 1    1.0:0.0        1.0:0.0       9:27:57 PM  +289.98    56 4.500 :14.929  1-0-0

--------------------------------------------------------------

Engine-Match Wednesday, November 26, 2025 9:27:58 PM
 Blitz 5/5 

Pairing 5/6 :    V7P3R_v17.4  -  V7P3R_v17.1

PGN-File: C:\Program Files (x86)\Arena\Tournaments\Engine Battle 20251126_3.pgn

No:  B/W 1/2     W:B       1:2           Time        Value Moves Dep 1:2       1-2-Draws
   1 = =    0.5:0.5        0.5:0.5       9:33:16 PM    +1.44    57 4.538 :4.083  0-0-1

--------------------------------------------------------------

Engine-Match Wednesday, November 26, 2025 9:33:17 PM
 Blitz 5/5 

Pairing 6/6 :    Stockfish 1%  -  V7P3R_v17.3

PGN-File: C:\Program Files (x86)\Arena\Tournaments\Engine Battle 20251126_3.pgn

No:  B/W 1/2     W:B       1:2           Time        Value Moves Dep 1:2       1-2-Draws
   1 = =    0.5:0.5        0.5:0.5       9:37:18 PM     0.00    78 15.333 :4.842  0-0-1

--------------------------------------------------------------

Engine-Match Wednesday, November 26, 2025 9:37:19 PM
 Blitz 5/5 

Pairing 1/6 :    V7P3R_v17.4  -  Stockfish 1%

PGN-File: C:\Program Files (x86)\Arena\Tournaments\Engine Battle 20251126_3.pgn

No:  B/W 1/2     W:B       1:2           Time        Value Moves Dep 1:2       1-2-Draws
   2 B 1    1.0:0.0        1.0:1.0       9:40:17 PM  -289.99    48 4.789 :14.846  1-1-0

--------------------------------------------------------------

Engine-Match Wednesday, November 26, 2025 9:40:18 PM
 Blitz 5/5 

Pairing 2/6 :    V7P3R_v17.3  -  V7P3R_v17.1

PGN-File: C:\Program Files (x86)\Arena\Tournaments\Engine Battle 20251126_3.pgn

No:  B/W 1/2     W:B       1:2           Time        Value Moves Dep 1:2       1-2-Draws
   2 = =    1.0:1.0        1.0:1.0       9:42:27 PM    -2.74    18 4.308 :4.692  0-0-2

--------------------------------------------------------------

Engine-Match Wednesday, November 26, 2025 9:42:28 PM
 Blitz 5/5 

Pairing 3/6 :    V7P3R_v17.3  -  V7P3R_v17.4

PGN-File: C:\Program Files (x86)\Arena\Tournaments\Engine Battle 20251126_3.pgn

No:  B/W 1/2     W:B       1:2           Time        Value Moves Dep 1:2       1-2-Draws
   2 B 1    1.0:0.0        1.0:1.0       9:48:11 PM   -13.32    62 4.167 :4.538  1-1-0

--------------------------------------------------------------

Engine-Match Wednesday, November 26, 2025 9:48:12 PM
 Blitz 5/5 

Pairing 4/6 :    V7P3R_v17.1  -  Stockfish 1%

PGN-File: C:\Program Files (x86)\Arena\Tournaments\Engine Battle 20251126_3.pgn

No:  B/W 1/2     W:B       1:2           Time        Value Moves Dep 1:2       1-2-Draws
   2 B 1    1.0:0.0        2.0:0.0       9:51:12 PM  -289.99    51 4.395 :15.077  2-0-0

--------------------------------------------------------------

Engine-Match Wednesday, November 26, 2025 9:51:13 PM
 Blitz 5/5 

Pairing 5/6 :    V7P3R_v17.4  -  V7P3R_v17.1

PGN-File: C:\Program Files (x86)\Arena\Tournaments\Engine Battle 20251126_3.pgn

No:  B/W 1/2     W:B       1:2           Time        Value Moves Dep 1:2       1-2-Draws
   2 B 1    1.5:0.5        1.5:0.5       9:56:03 PM  -289.96    45 4.154 :4.500  1-0-1

--------------------------------------------------------------

Engine-Match Wednesday, November 26, 2025 9:56:04 PM
 Blitz 5/5 

Pairing 6/6 :    Stockfish 1%  -  V7P3R_v17.3

PGN-File: C:\Program Files (x86)\Arena\Tournaments\Engine Battle 20251126_3.pgn

No:  B/W 1/2     W:B       1:2           Time        Value Moves Dep 1:2       1-2-Draws
   2 B 1    1.5:0.5        1.5:0.5       9:57:03 PM      -M1    17 15.750 :4.333  1-0-1
