Engine-Match Sunday, November 2, 2025 1:21:07 AM
 Blitz 3/2 

Pairing 1/5 :    C0BR4_v3.1  -  Random_Opponent

PGN-File: C:\Program Files (x86)\Arena\Tournaments\Engine Battle 20251102.pgn

No:  B/W 1/2     W:B       1:2           Time        Value Moves Dep 1:2       1-2-Draws
   1 W 1    1.0:0.0        1.0:0.0       1:21:17 AM  +299.97    13 3.818 :0 1-0-0

--------------------------------------------------------------

Engine-Match Sunday, November 2, 2025 1:21:19 AM
 Blitz 3/2 

Pairing 2/5 :    C0BR4_v3.1  -  SlowMate_v3.1

PGN-File: C:\Program Files (x86)\Arena\Tournaments\Engine Battle 20251102.pgn

No:  B/W 1/2     W:B       1:2           Time        Value Moves Dep 1:2       1-2-Draws
   1 W 1    1.0:0.0        1.0:0.0       1:23:07 AM   +78.30    18 4.000 :3.500  1-0-0

--------------------------------------------------------------

Engine-Match Sunday, November 2, 2025 1:23:08 AM
 Blitz 3/2 

Pairing 3/5 :    C0BR4_v3.1  -  V7P3R_v14.9

PGN-File: C:\Program Files (x86)\Arena\Tournaments\Engine Battle 20251102.pgn

No:  B/W 1/2     W:B       1:2           Time        Value Moves Dep 1:2       1-2-Draws
   1 W 1    1.0:0.0        1.0:0.0       1:24:45 AM   +32.54    29 4.000 :3.824  1-0-0

--------------------------------------------------------------

Engine-Match Sunday, November 2, 2025 1:24:46 AM
 Blitz 3/2 

Pairing 4/5 :    C0BR4_v3.1  -  C0BR4_v2.9

PGN-File: C:\Program Files (x86)\Arena\Tournaments\Engine Battle 20251102.pgn

No:  B/W 1/2     W:B       1:2           Time        Value Moves Dep 1:2       1-2-Draws
   1 = =    0.5:0.5        0.5:0.5       1:25:23 AM    +5.14    32 4.000 :4.000  0-0-1

--------------------------------------------------------------

Engine-Match Sunday, November 2, 2025 1:25:25 AM
 Blitz 3/2 

Pairing 5/5 :    C0BR4_v3.1  -  Stockfish 1%

PGN-File: C:\Program Files (x86)\Arena\Tournaments\Engine Battle 20251102.pgn

No:  B/W 1/2     W:B       1:2           Time        Value Moves Dep 1:2       1-2-Draws
   1 B 2    1.0:0.0        0.0:1.0       1:25:48 AM      -M1    33 3.969 :11.462  0-1-0

--------------------------------------------------------------

Engine-Match Sunday, November 2, 2025 1:25:49 AM
 Blitz 3/2 

Pairing 1/5 :    C0BR4_v3.1  -  Random_Opponent

PGN-File: C:\Program Files (x86)\Arena\Tournaments\Engine Battle 20251102.pgn

No:  B/W 1/2     W:B       1:2           Time        Value Moves Dep 1:2       1-2-Draws
   2 B 1    1.0:0.0        2.0:0.0       1:25:54 AM  -299.97     7 3.600 :0 2-0-0

--------------------------------------------------------------

Engine-Match Sunday, November 2, 2025 1:25:56 AM
 Blitz 3/2 

Pairing 2/5 :    C0BR4_v3.1  -  SlowMate_v3.1

PGN-File: C:\Program Files (x86)\Arena\Tournaments\Engine Battle 20251102.pgn

No:  B/W 1/2     W:B       1:2           Time        Value Moves Dep 1:2       1-2-Draws
   2 = =    0.5:0.5        1.5:0.5       1:27:23 AM    +0.17    14 4.000 :3.214  1-0-1

--------------------------------------------------------------

Engine-Match Sunday, November 2, 2025 1:27:24 AM
 Blitz 3/2 

Pairing 3/5 :    C0BR4_v3.1  -  V7P3R_v14.9

PGN-File: C:\Program Files (x86)\Arena\Tournaments\Engine Battle 20251102.pgn

No:  B/W 1/2     W:B       1:2           Time        Value Moves Dep 1:2       1-2-Draws
   2 B 1    1.0:0.0        2.0:0.0       1:29:56 AM   -30.98    36 4.000 :3.478  2-0-0

--------------------------------------------------------------

Engine-Match Sunday, November 2, 2025 1:29:57 AM
 Blitz 3/2 

Pairing 4/5 :    C0BR4_v3.1  -  C0BR4_v2.9

PGN-File: C:\Program Files (x86)\Arena\Tournaments\Engine Battle 20251102.pgn

No:  B/W 1/2     W:B       1:2           Time        Value Moves Dep 1:2       1-2-Draws
   2 = =    1.0:1.0        1.0:1.0       1:30:39 AM    +2.96    36 4.000 :4.000  0-0-2

--------------------------------------------------------------

Engine-Match Sunday, November 2, 2025 1:30:40 AM
 Blitz 3/2 

Pairing 5/5 :    C0BR4_v3.1  -  Stockfish 1%

PGN-File: C:\Program Files (x86)\Arena\Tournaments\Engine Battle 20251102.pgn

No:  B/W 1/2     W:B       1:2           Time        Value Moves Dep 1:2       1-2-Draws
   2 W 2    1.0:0.0        0.0:2.0       1:32:04 AM   +10.67   126 4.000 :13.417  0-2-0

--------------------------------------------------------------

Engine-Match Sunday, November 2, 2025 1:32:06 AM
 Blitz 3/2 

Pairing 1/5 :    C0BR4_v3.1  -  Random_Opponent

PGN-File: C:\Program Files (x86)\Arena\Tournaments\Engine Battle 20251102.pgn

No:  B/W 1/2     W:B       1:2           Time        Value Moves Dep 1:2       1-2-Draws
   3 W 1    1.0:0.0        3.0:0.0       1:32:17 AM  +299.97    20 3.889 :0 3-0-0

--------------------------------------------------------------

Engine-Match Sunday, November 2, 2025 1:32:18 AM
 Blitz 3/2 

Pairing 2/5 :    C0BR4_v3.1  -  SlowMate_v3.1

PGN-File: C:\Program Files (x86)\Arena\Tournaments\Engine Battle 20251102.pgn

No:  B/W 1/2     W:B       1:2           Time        Value Moves Dep 1:2       1-2-Draws
   3 B 2    1.5:0.5        1.5:1.5       1:34:44 AM   -10.55    28 4.000 :3.704  1-1-1

--------------------------------------------------------------

Engine-Match Sunday, November 2, 2025 1:34:45 AM
 Blitz 3/2 

Pairing 3/5 :    C0BR4_v3.1  -  V7P3R_v14.9

PGN-File: C:\Program Files (x86)\Arena\Tournaments\Engine Battle 20251102.pgn

No:  B/W 1/2     W:B       1:2           Time        Value Moves Dep 1:2       1-2-Draws
   3 = =    0.5:0.5        2.5:0.5       1:38:10 AM     0.00    59 4.000 :3.588  2-0-1

--------------------------------------------------------------

Engine-Match Sunday, November 2, 2025 1:38:12 AM
 Blitz 3/2 

Pairing 4/5 :    C0BR4_v3.1  -  C0BR4_v2.9

PGN-File: C:\Program Files (x86)\Arena\Tournaments\Engine Battle 20251102.pgn

No:  B/W 1/2     W:B       1:2           Time        Value Moves Dep 1:2       1-2-Draws
   3 B 2    2.0:1.0        1.0:2.0       1:39:03 AM  -299.97    38 4.000 :4.000  0-1-2

--------------------------------------------------------------

Engine-Match Sunday, November 2, 2025 1:39:04 AM
 Blitz 3/2 

Pairing 5/5 :    C0BR4_v3.1  -  Stockfish 1%

PGN-File: C:\Program Files (x86)\Arena\Tournaments\Engine Battle 20251102.pgn

No:  B/W 1/2     W:B       1:2           Time        Value Moves Dep 1:2       1-2-Draws
   3 W 1    1.0:0.0        1.0:2.0       1:39:44 AM  +299.97    58 4.000 :11.917  1-2-0

--------------------------------------------------------------

Engine-Match Sunday, November 2, 2025 1:39:46 AM
 Blitz 3/2 

Pairing 1/5 :    C0BR4_v3.1  -  Random_Opponent

PGN-File: C:\Program Files (x86)\Arena\Tournaments\Engine Battle 20251102.pgn

No:  B/W 1/2     W:B       1:2           Time        Value Moves Dep 1:2       1-2-Draws
   4 B 1    1.0:0.0        4.0:0.0       1:40:01 AM  -299.97    30 4.000 :0 4-0-0

--------------------------------------------------------------

Engine-Match Sunday, November 2, 2025 1:40:03 AM
 Blitz 3/2 

Pairing 2/5 :    C0BR4_v3.1  -  SlowMate_v3.1

PGN-File: C:\Program Files (x86)\Arena\Tournaments\Engine Battle 20251102.pgn

No:  B/W 1/2     W:B       1:2           Time        Value Moves Dep 1:2       1-2-Draws
   4 = =    1.0:1.0        2.0:2.0       1:43:27 AM    +9.01    39 4.000 :3.051  1-1-2

--------------------------------------------------------------

Engine-Match Sunday, November 2, 2025 1:43:29 AM
 Blitz 3/2 

Pairing 3/5 :    C0BR4_v3.1  -  V7P3R_v14.9

PGN-File: C:\Program Files (x86)\Arena\Tournaments\Engine Battle 20251102.pgn

No:  B/W 1/2     W:B       1:2           Time        Value Moves Dep 1:2       1-2-Draws
   4 B 1    1.5:0.5        3.5:0.5       1:45:25 AM   -12.30    34 4.000 :3.741  3-0-1

--------------------------------------------------------------

Engine-Match Sunday, November 2, 2025 1:45:27 AM
 Blitz 3/2 

Pairing 4/5 :    C0BR4_v3.1  -  C0BR4_v2.9

PGN-File: C:\Program Files (x86)\Arena\Tournaments\Engine Battle 20251102.pgn

No:  B/W 1/2     W:B       1:2           Time        Value Moves Dep 1:2       1-2-Draws
   4 = =    1.5:1.5        1.5:2.5       1:47:06 AM    +5.36    31 4.000 :4.000  0-1-3

--------------------------------------------------------------

Engine-Match Sunday, November 2, 2025 1:47:08 AM
 Blitz 3/2 

Pairing 5/5 :    C0BR4_v3.1  -  Stockfish 1%

PGN-File: C:\Program Files (x86)\Arena\Tournaments\Engine Battle 20251102.pgn

No:  B/W 1/2     W:B       1:2           Time        Value Moves Dep 1:2       1-2-Draws
   4 W 2    1.0:0.0        1.0:3.0       1:47:33 AM      +M1    31 3.964 :13.455  1-3-0

--------------------------------------------------------------

Engine-Match Sunday, November 2, 2025 1:47:41 AM
 Blitz 3/2 

Pairing 1/5 :    C0BR4_v3.1  -  Random_Opponent

PGN-File: C:\Program Files (x86)\Arena\Tournaments\Engine Battle 20251102.pgn

No:  B/W 1/2     W:B       1:2           Time        Value Moves Dep 1:2       1-2-Draws
   5 W 1    1.0:0.0        5.0:0.0       1:47:45 AM  +299.97     5 4.000 :0 5-0-0

--------------------------------------------------------------

Engine-Match Sunday, November 2, 2025 1:47:46 AM
 Blitz 3/2 

Pairing 2/5 :    C0BR4_v3.1  -  SlowMate_v3.1

PGN-File: C:\Program Files (x86)\Arena\Tournaments\Engine Battle 20251102.pgn

No:  B/W 1/2     W:B       1:2           Time        Value Moves Dep 1:2       1-2-Draws
   5 B 2    2.0:1.0        2.0:3.0       1:50:43 AM   -11.92    31 4.000 :3.357  1-2-2

--------------------------------------------------------------

Engine-Match Sunday, November 2, 2025 1:50:45 AM
 Blitz 3/2 

Pairing 3/5 :    C0BR4_v3.1  -  V7P3R_v14.9

PGN-File: C:\Program Files (x86)\Arena\Tournaments\Engine Battle 20251102.pgn

No:  B/W 1/2     W:B       1:2           Time        Value Moves Dep 1:2       1-2-Draws
   5 W 1    1.5:0.5        4.5:0.5       1:52:12 AM  +299.97    27 4.000 :3.700  4-0-1

--------------------------------------------------------------

Engine-Match Sunday, November 2, 2025 1:52:14 AM
 Blitz 3/2 

Pairing 4/5 :    C0BR4_v3.1  -  C0BR4_v2.9

PGN-File: C:\Program Files (x86)\Arena\Tournaments\Engine Battle 20251102.pgn

No:  B/W 1/2     W:B       1:2           Time        Value Moves Dep 1:2       1-2-Draws
   5 W 1    2.5:1.5        2.5:2.5       1:53:23 AM  +299.97    27 4.000 :3.958  1-1-3

--------------------------------------------------------------

Engine-Match Sunday, November 2, 2025 1:53:24 AM
 Blitz 3/2 

Pairing 5/5 :    C0BR4_v3.1  -  Stockfish 1%

PGN-File: C:\Program Files (x86)\Arena\Tournaments\Engine Battle 20251102.pgn

No:  B/W 1/2     W:B       1:2           Time        Value Moves Dep 1:2       1-2-Draws
   5 B 2    1.0:0.0        1.0:4.0       1:53:53 AM      -M1    30 3.964 :11.385  1-4-0

--------------------------------------------------------------

Engine-Match Sunday, November 2, 2025 1:53:55 AM
 Blitz 3/2 

Pairing 1/5 :    C0BR4_v3.1  -  Random_Opponent

PGN-File: C:\Program Files (x86)\Arena\Tournaments\Engine Battle 20251102.pgn

No:  B/W 1/2     W:B       1:2           Time        Value Moves Dep 1:2       1-2-Draws
   6 B 1    1.0:0.0        6.0:0.0       1:54:00 AM  -299.97     7 3.600 :0 6-0-0

--------------------------------------------------------------

Engine-Match Sunday, November 2, 2025 1:54:01 AM
 Blitz 3/2 

Pairing 2/5 :    C0BR4_v3.1  -  SlowMate_v3.1

PGN-File: C:\Program Files (x86)\Arena\Tournaments\Engine Battle 20251102.pgn

No:  B/W 1/2     W:B       1:2           Time        Value Moves Dep 1:2       1-2-Draws
   6 B 1    2.0:1.0        3.0:3.0       1:56:19 AM  -299.97    24 3.913 :3.167  2-2-2

--------------------------------------------------------------

Engine-Match Sunday, November 2, 2025 1:56:20 AM
 Blitz 3/2 

Pairing 3/5 :    C0BR4_v3.1  -  V7P3R_v14.9

PGN-File: C:\Program Files (x86)\Arena\Tournaments\Engine Battle 20251102.pgn

No:  B/W 1/2     W:B       1:2           Time        Value Moves Dep 1:2       1-2-Draws
   6 B 1    1.5:0.5        5.5:0.5       1:57:39 AM   -18.18    18 4.000 :3.529  5-0-1

--------------------------------------------------------------

Engine-Match Sunday, November 2, 2025 1:57:41 AM
 Blitz 3/2 

Pairing 4/5 :    C0BR4_v3.1  -  C0BR4_v2.9

PGN-File: C:\Program Files (x86)\Arena\Tournaments\Engine Battle 20251102.pgn

No:  B/W 1/2     W:B       1:2           Time        Value Moves Dep 1:2       1-2-Draws
   6 = =    2.0:2.0        3.0:3.0       1:59:16 AM    +7.64    82 4.000 :4.000  1-1-4

--------------------------------------------------------------

Engine-Match Sunday, November 2, 2025 1:59:17 AM
 Blitz 3/2 

Pairing 5/5 :    C0BR4_v3.1  -  Stockfish 1%

PGN-File: C:\Program Files (x86)\Arena\Tournaments\Engine Battle 20251102.pgn

No:  B/W 1/2     W:B       1:2           Time        Value Moves Dep 1:2       1-2-Draws
   6 W 2    1.0:0.0        1.0:5.0       1:59:59 AM      +M1    67 4.000 :14.083  1-5-0

--------------------------------------------------------------

Engine-Match Sunday, November 2, 2025 2:00:00 AM
 Blitz 3/2 

Pairing 1/5 :    C0BR4_v3.1  -  Random_Opponent

PGN-File: C:\Program Files (x86)\Arena\Tournaments\Engine Battle 20251102.pgn

No:  B/W 1/2     W:B       1:2           Time        Value Moves Dep 1:2       1-2-Draws
   7 W 1    1.0:0.0        7.0:0.0       2:00:15 AM  +299.97    20 4.000 :0 7-0-0

--------------------------------------------------------------

Engine-Match Sunday, November 2, 2025 2:00:16 AM
 Blitz 3/2 

Pairing 2/5 :    C0BR4_v3.1  -  SlowMate_v3.1

PGN-File: C:\Program Files (x86)\Arena\Tournaments\Engine Battle 20251102.pgn

No:  B/W 1/2     W:B       1:2           Time        Value Moves Dep 1:2       1-2-Draws
   7 W 1    2.0:1.0        4.0:3.0       2:02:05 AM   +78.30    18 4.000 :3.500  3-2-2

--------------------------------------------------------------

Engine-Match Sunday, November 2, 2025 2:02:06 AM
 Blitz 3/2 

Pairing 3/5 :    C0BR4_v3.1  -  V7P3R_v14.9

PGN-File: C:\Program Files (x86)\Arena\Tournaments\Engine Battle 20251102.pgn

No:  B/W 1/2     W:B       1:2           Time        Value Moves Dep 1:2       1-2-Draws
   7 W 1    1.5:0.5        6.5:0.5       2:03:38 AM  +299.97    27 4.000 :3.700  6-0-1

--------------------------------------------------------------

Engine-Match Sunday, November 2, 2025 2:03:40 AM
 Blitz 3/2 

Pairing 4/5 :    C0BR4_v3.1  -  C0BR4_v2.9

PGN-File: C:\Program Files (x86)\Arena\Tournaments\Engine Battle 20251102.pgn

No:  B/W 1/2     W:B       1:2           Time        Value Moves Dep 1:2       1-2-Draws
   7 = =    2.5:2.5        3.5:3.5       2:04:18 AM    +1.62    45 4.000 :4.000  1-1-5

--------------------------------------------------------------

Engine-Match Sunday, November 2, 2025 2:04:20 AM
 Blitz 3/2 

Pairing 5/5 :    C0BR4_v3.1  -  Stockfish 1%

PGN-File: C:\Program Files (x86)\Arena\Tournaments\Engine Battle 20251102.pgn

No:  B/W 1/2     W:B       1:2           Time        Value Moves Dep 1:2       1-2-Draws
   7 B 2    1.0:0.0        1.0:6.0       2:04:36 AM      -M1    24 3.955 :12.833  1-6-0

--------------------------------------------------------------

Engine-Match Sunday, November 2, 2025 2:04:37 AM
 Blitz 3/2 

Pairing 1/5 :    C0BR4_v3.1  -  Random_Opponent

PGN-File: C:\Program Files (x86)\Arena\Tournaments\Engine Battle 20251102.pgn

No:  B/W 1/2     W:B       1:2           Time        Value Moves Dep 1:2       1-2-Draws
   8 B 1    1.0:0.0        8.0:0.0       2:04:49 AM  -299.97    19 4.000 :0 8-0-0

--------------------------------------------------------------

Engine-Match Sunday, November 2, 2025 2:04:50 AM
 Blitz 3/2 

Pairing 2/5 :    C0BR4_v3.1  -  SlowMate_v3.1

PGN-File: C:\Program Files (x86)\Arena\Tournaments\Engine Battle 20251102.pgn

No:  B/W 1/2     W:B       1:2           Time        Value Moves Dep 1:2       1-2-Draws
   8 = =    1.5:1.5        4.5:3.5       2:08:27 AM    -0.59    37 4.000 :3.216  3-2-3

--------------------------------------------------------------

Engine-Match Sunday, November 2, 2025 2:08:29 AM
 Blitz 3/2 

Pairing 3/5 :    C0BR4_v3.1  -  V7P3R_v14.9

PGN-File: C:\Program Files (x86)\Arena\Tournaments\Engine Battle 20251102.pgn

No:  B/W 1/2     W:B       1:2           Time        Value Moves Dep 1:2       1-2-Draws
   8 W 2    1.5:0.5        6.5:1.5       2:11:47 AM   +11.31    41 4.000 :3.548  6-1-1

--------------------------------------------------------------

Engine-Match Sunday, November 2, 2025 2:11:48 AM
 Blitz 3/2 

Pairing 4/5 :    C0BR4_v3.1  -  C0BR4_v2.9

PGN-File: C:\Program Files (x86)\Arena\Tournaments\Engine Battle 20251102.pgn

No:  B/W 1/2     W:B       1:2           Time        Value Moves Dep 1:2       1-2-Draws
   8 W 2    3.5:2.5        3.5:4.5       2:12:18 AM  +299.97    31 4.000 :4.000  1-2-5

--------------------------------------------------------------

Engine-Match Sunday, November 2, 2025 2:12:19 AM
 Blitz 3/2 

Pairing 5/5 :    C0BR4_v3.1  -  Stockfish 1%

PGN-File: C:\Program Files (x86)\Arena\Tournaments\Engine Battle 20251102.pgn

No:  B/W 1/2     W:B       1:2           Time        Value Moves Dep 1:2       1-2-Draws
   8 W 2    1.0:0.0        1.0:7.0       2:13:40 AM      +M1   121 4.000 :13.636  1-7-0

--------------------------------------------------------------

Engine-Match Sunday, November 2, 2025 2:13:48 AM
 Blitz 3/2 

Pairing 1/5 :    C0BR4_v3.1  -  Random_Opponent

PGN-File: C:\Program Files (x86)\Arena\Tournaments\Engine Battle 20251102.pgn

No:  B/W 1/2     W:B       1:2           Time        Value Moves Dep 1:2       1-2-Draws
   9 W 1    1.0:0.0        9.0:0.0       2:13:58 AM  +299.97    12 4.000 :0 9-0-0

--------------------------------------------------------------

Engine-Match Sunday, November 2, 2025 2:13:59 AM
 Blitz 3/2 

Pairing 2/5 :    C0BR4_v3.1  -  SlowMate_v3.1

PGN-File: C:\Program Files (x86)\Arena\Tournaments\Engine Battle 20251102.pgn

No:  B/W 1/2     W:B       1:2           Time        Value Moves Dep 1:2       1-2-Draws
   9 B 2    2.5:1.5        4.5:4.5       2:16:28 AM   -11.87    29 4.000 :3.643  3-3-3

--------------------------------------------------------------

Engine-Match Sunday, November 2, 2025 2:16:30 AM
 Blitz 3/2 

Pairing 3/5 :    C0BR4_v3.1  -  V7P3R_v14.9

PGN-File: C:\Program Files (x86)\Arena\Tournaments\Engine Battle 20251102.pgn

No:  B/W 1/2     W:B       1:2           Time        Value Moves Dep 1:2       1-2-Draws
   9 = =    1.0:1.0        7.0:2.0       2:19:30 AM    +7.97    59 4.000 :3.905  6-1-2

--------------------------------------------------------------

Engine-Match Sunday, November 2, 2025 2:19:32 AM
 Blitz 3/2 

Pairing 4/5 :    C0BR4_v3.1  -  C0BR4_v2.9

PGN-File: C:\Program Files (x86)\Arena\Tournaments\Engine Battle 20251102.pgn

No:  B/W 1/2     W:B       1:2           Time        Value Moves Dep 1:2       1-2-Draws
   9 = =    3.0:3.0        4.0:5.0       2:20:15 AM    -0.33    37 4.000 :4.000  1-2-6

--------------------------------------------------------------

Engine-Match Sunday, November 2, 2025 2:20:16 AM
 Blitz 3/2 

Pairing 5/5 :    C0BR4_v3.1  -  Stockfish 1%

PGN-File: C:\Program Files (x86)\Arena\Tournaments\Engine Battle 20251102.pgn

No:  B/W 1/2     W:B       1:2           Time        Value Moves Dep 1:2       1-2-Draws
   9 B 2    1.0:0.0        1.0:8.0       2:20:41 AM      -M1    30 4.000 :11.571  1-8-0

--------------------------------------------------------------

Engine-Match Sunday, November 2, 2025 2:20:43 AM
 Blitz 3/2 

Pairing 1/5 :    C0BR4_v3.1  -  Random_Opponent

PGN-File: C:\Program Files (x86)\Arena\Tournaments\Engine Battle 20251102.pgn

No:  B/W 1/2     W:B       1:2           Time        Value Moves Dep 1:2       1-2-Draws
  10 B 1    1.0:0.0        10.0:0.0      2:20:53 AM  -299.97    13 3.833 :0 10-0-0

--------------------------------------------------------------

Engine-Match Sunday, November 2, 2025 2:20:54 AM
 Blitz 3/2 

Pairing 2/5 :    C0BR4_v3.1  -  SlowMate_v3.1

PGN-File: C:\Program Files (x86)\Arena\Tournaments\Engine Battle 20251102.pgn

No:  B/W 1/2     W:B       1:2           Time        Value Moves Dep 1:2       1-2-Draws
  10 = =    2.0:2.0        5.0:5.0       2:25:12 AM    +1.17    54 4.000 :3.897  3-3-4

--------------------------------------------------------------

Engine-Match Sunday, November 2, 2025 2:25:13 AM
 Blitz 3/2 

Pairing 3/5 :    C0BR4_v3.1  -  V7P3R_v14.9

PGN-File: C:\Program Files (x86)\Arena\Tournaments\Engine Battle 20251102.pgn

No:  B/W 1/2     W:B       1:2           Time        Value Moves Dep 1:2       1-2-Draws
  10 B 1    2.0:1.0        8.0:2.0       2:27:06 AM  -299.97    32 4.000 :3.609  7-1-2

--------------------------------------------------------------

Engine-Match Sunday, November 2, 2025 2:27:08 AM
 Blitz 3/2 

Pairing 4/5 :    C0BR4_v3.1  -  C0BR4_v2.9

PGN-File: C:\Program Files (x86)\Arena\Tournaments\Engine Battle 20251102.pgn

No:  B/W 1/2     W:B       1:2           Time        Value Moves Dep 1:2       1-2-Draws
  10 = =    3.5:3.5        4.5:5.5       2:28:18 AM    -7.65    47 4.000 :4.000  1-2-7

--------------------------------------------------------------

Engine-Match Sunday, November 2, 2025 2:28:19 AM
 Blitz 3/2 

Pairing 5/5 :    C0BR4_v3.1  -  Stockfish 1%

PGN-File: C:\Program Files (x86)\Arena\Tournaments\Engine Battle 20251102.pgn

No:  B/W 1/2     W:B       1:2           Time        Value Moves Dep 1:2       1-2-Draws
  10 W 2    1.0:0.0        1.0:9.0       2:30:09 AM    +9.06   154 4.000 :13.545  1-9-0
