Engine-Match Thursday, November 6, 2025 12:02:52 AM
 Blitz 10/1 

Pairing 1/28 :    V7P3R_v14.0  -  VPR_v9.0

PGN-File: C:\Program Files (x86)\Arena\Tournaments\Engine Battle 20251106.pgn

No:  B/W 1/2     W:B       1:2           Time        Value Moves Dep 1:2       1-2-Draws
   1 W 1    1.0:0.0        1.0:0.0       12:12:56 AM   +16.28    26 5.000 :6.000  1-0-0

--------------------------------------------------------------

Engine-Match Thursday, November 6, 2025 12:12:57 AM
 Blitz 10/1 

Pairing 2/28 :    RandomOpponent  -  C0BR4_v3.1

PGN-File: C:\Program Files (x86)\Arena\Tournaments\Engine Battle 20251106.pgn

No:  B/W 1/2     W:B       1:2           Time        Value Moves Dep 1:2       1-2-Draws
   1 B 2    1.0:0.0        0.0:1.0       12:13:16 AM  -299.97    22 0:4.000  0-1-0

--------------------------------------------------------------

Engine-Match Thursday, November 6, 2025 12:13:18 AM
 Blitz 10/1 

Pairing 3/28 :    SlowMate_v3.1  -  MaterialOpponent

PGN-File: C:\Program Files (x86)\Arena\Tournaments\Engine Battle 20251106.pgn

No:  B/W 1/2     W:B       1:2           Time        Value Moves Dep 1:2       1-2-Draws
   1 B 2    1.0:0.0        0.0:1.0       12:19:05 AM  -299.99    28 3.750 :6.000  0-1-0

--------------------------------------------------------------

Engine-Match Thursday, November 6, 2025 12:19:06 AM
 Blitz 10/1 

Pairing 4/28 :    VPR_v8.1  -  Stockfish 1%

PGN-File: C:\Program Files (x86)\Arena\Tournaments\Engine Battle 20251106.pgn

No:  B/W 1/2     W:B       1:2           Time        Value Moves Dep 1:2       1-2-Draws
   1 B 2    1.0:0.0        0.0:1.0       12:19:49 AM      -M1    19 6.000 :22.444  0-1-0

--------------------------------------------------------------

Engine-Match Thursday, November 6, 2025 12:19:51 AM
 Blitz 10/1 

Pairing 5/28 :    RandomOpponent  -  V7P3R_v14.0

PGN-File: C:\Program Files (x86)\Arena\Tournaments\Engine Battle 20251106.pgn

No:  B/W 1/2     W:B       1:2           Time        Value Moves Dep 1:2       1-2-Draws
   1 B 2    1.0:0.0        0.0:1.0       12:20:25 AM  -289.99     3 0:5.667  0-1-0

--------------------------------------------------------------

Engine-Match Thursday, November 6, 2025 12:20:26 AM
 Blitz 10/1 

Pairing 6/28 :    MaterialOpponent  -  VPR_v9.0

PGN-File: C:\Program Files (x86)\Arena\Tournaments\Engine Battle 20251106.pgn

No:  B/W 1/2     W:B       1:2           Time        Value Moves Dep 1:2       1-2-Draws
   1 W 1    1.0:0.0        1.0:0.0       12:22:39 AM   +10.83    15 6.000 :6.000  1-0-0

--------------------------------------------------------------

Engine-Match Thursday, November 6, 2025 12:22:40 AM
 Blitz 10/1 

Pairing 7/28 :    C0BR4_v3.1  -  VPR_v8.1

PGN-File: C:\Program Files (x86)\Arena\Tournaments\Engine Battle 20251106.pgn

No:  B/W 1/2     W:B       1:2           Time        Value Moves Dep 1:2       1-2-Draws
   1 = =    0.5:0.5        0.5:0.5       12:24:55 AM    +4.75    55 4.000 :6.000  0-0-1

--------------------------------------------------------------

Engine-Match Thursday, November 6, 2025 12:24:56 AM
 Blitz 10/1 

Pairing 8/28 :    Stockfish 1%  -  SlowMate_v3.1

PGN-File: C:\Program Files (x86)\Arena\Tournaments\Engine Battle 20251106.pgn

No:  B/W 1/2     W:B       1:2           Time        Value Moves Dep 1:2       1-2-Draws
   1 W 1    1.0:0.0        1.0:0.0       12:31:09 AM      +M1    35 16.750 :3.794  1-0-0

--------------------------------------------------------------

Engine-Match Thursday, November 6, 2025 12:31:10 AM
 Blitz 10/1 

Pairing 9/28 :    V7P3R_v14.0  -  MaterialOpponent

PGN-File: C:\Program Files (x86)\Arena\Tournaments\Engine Battle 20251106.pgn

No:  B/W 1/2     W:B       1:2           Time        Value Moves Dep 1:2       1-2-Draws
   1 = =    0.5:0.5        0.5:0.5       12:43:32 AM     0.00    58 4.295 :6.000  0-0-1

--------------------------------------------------------------

Engine-Match Thursday, November 6, 2025 12:43:34 AM
 Blitz 10/1 

Pairing 10/28 :    VPR_v8.1  -  RandomOpponent

PGN-File: C:\Program Files (x86)\Arena\Tournaments\Engine Battle 20251106.pgn

No:  B/W 1/2     W:B       1:2           Time        Value Moves Dep 1:2       1-2-Draws
   1 W 1    1.0:0.0        1.0:0.0       12:44:23 AM  +299.99    27 6.000 :0 1-0-0

--------------------------------------------------------------

Engine-Match Thursday, November 6, 2025 12:44:24 AM
 Blitz 10/1 

Pairing 11/28 :    VPR_v9.0  -  Stockfish 1%

PGN-File: C:\Program Files (x86)\Arena\Tournaments\Engine Battle 20251106.pgn

No:  B/W 1/2     W:B       1:2           Time        Value Moves Dep 1:2       1-2-Draws
   1 B 2    1.0:0.0        0.0:1.0       12:46:08 AM   -12.45    23 6.000 :17.524  0-1-0

--------------------------------------------------------------

Engine-Match Thursday, November 6, 2025 12:46:09 AM
 Blitz 10/1 

Pairing 12/28 :    SlowMate_v3.1  -  C0BR4_v3.1

PGN-File: C:\Program Files (x86)\Arena\Tournaments\Engine Battle 20251106.pgn

No:  B/W 1/2     W:B       1:2           Time        Value Moves Dep 1:2       1-2-Draws
   1 B 2    1.0:0.0        0.0:1.0       12:51:54 AM  -299.97    30 4.433 :4.000  0-1-0

--------------------------------------------------------------

Engine-Match Thursday, November 6, 2025 12:51:55 AM
 Blitz 10/1 

Pairing 13/28 :    VPR_v8.1  -  V7P3R_v14.0

PGN-File: C:\Program Files (x86)\Arena\Tournaments\Engine Battle 20251106.pgn

No:  B/W 1/2     W:B       1:2           Time        Value Moves Dep 1:2       1-2-Draws
   1 W 1    1.0:0.0        1.0:0.0       1:03:45 AM   +15.51    58 6.000 :4.286  1-0-0

--------------------------------------------------------------

Engine-Match Thursday, November 6, 2025 1:03:46 AM
 Blitz 10/1 

Pairing 14/28 :    Stockfish 1%  -  MaterialOpponent

PGN-File: C:\Program Files (x86)\Arena\Tournaments\Engine Battle 20251106.pgn

No:  B/W 1/2     W:B       1:2           Time        Value Moves Dep 1:2       1-2-Draws
   1 = =    0.5:0.5        0.5:0.5       1:07:55 AM    +4.00   146 17.182 :6.000  0-0-1

--------------------------------------------------------------

Engine-Match Thursday, November 6, 2025 1:07:57 AM
 Blitz 10/1 

Pairing 15/28 :    RandomOpponent  -  SlowMate_v3.1

PGN-File: C:\Program Files (x86)\Arena\Tournaments\Engine Battle 20251106.pgn

No:  B/W 1/2     W:B       1:2           Time        Value Moves Dep 1:2       1-2-Draws
   1 = =    0.5:0.5        0.5:0.5       1:14:47 AM  -200.00    40 0:3.750  0-0-1

--------------------------------------------------------------

Engine-Match Thursday, November 6, 2025 1:14:49 AM
 Blitz 10/1 

Pairing 16/28 :    C0BR4_v3.1  -  VPR_v9.0

PGN-File: C:\Program Files (x86)\Arena\Tournaments\Engine Battle 20251106.pgn

No:  B/W 1/2     W:B       1:2           Time        Value Moves Dep 1:2       1-2-Draws
   1 W 1    1.0:0.0        1.0:0.0       1:18:08 AM   +18.40    32 4.000 :6.000  1-0-0

--------------------------------------------------------------

Engine-Match Thursday, November 6, 2025 1:18:09 AM
 Blitz 10/1 

Pairing 17/28 :    V7P3R_v14.0  -  Stockfish 1%

PGN-File: C:\Program Files (x86)\Arena\Tournaments\Engine Battle 20251106.pgn

No:  B/W 1/2     W:B       1:2           Time        Value Moves Dep 1:2       1-2-Draws
   1 B 2    1.0:0.0        0.0:1.0       1:24:32 AM      -M1    26 4.947 :16.708  0-1-0

--------------------------------------------------------------

Engine-Match Thursday, November 6, 2025 1:24:33 AM
 Blitz 10/1 

Pairing 18/28 :    SlowMate_v3.1  -  VPR_v8.1

PGN-File: C:\Program Files (x86)\Arena\Tournaments\Engine Battle 20251106.pgn

No:  B/W 1/2     W:B       1:2           Time        Value Moves Dep 1:2       1-2-Draws
   1 = =    0.5:0.5        0.5:0.5       1:30:00 AM    +1.16    25 3.760 :6.000  0-0-1

--------------------------------------------------------------

Engine-Match Thursday, November 6, 2025 1:30:01 AM
 Blitz 10/1 

Pairing 19/28 :    MaterialOpponent  -  C0BR4_v3.1

PGN-File: C:\Program Files (x86)\Arena\Tournaments\Engine Battle 20251106.pgn

No:  B/W 1/2     W:B       1:2           Time        Value Moves Dep 1:2       1-2-Draws
   1 W 1    1.0:0.0        1.0:0.0       1:32:05 AM  +299.99    45 6.000 :3.977  1-0-0

--------------------------------------------------------------

Engine-Match Thursday, November 6, 2025 1:32:06 AM
 Blitz 10/1 

Pairing 20/28 :    VPR_v9.0  -  RandomOpponent

PGN-File: C:\Program Files (x86)\Arena\Tournaments\Engine Battle 20251106.pgn

No:  B/W 1/2     W:B       1:2           Time        Value Moves Dep 1:2       1-2-Draws
   1 W 1    1.0:0.0        1.0:0.0       1:32:59 AM  +299.99    16 6.000 :0 1-0-0

--------------------------------------------------------------

Engine-Match Thursday, November 6, 2025 1:33:10 AM
 Blitz 10/1 

Pairing 21/28 :    SlowMate_v3.1  -  V7P3R_v14.0

PGN-File: C:\Program Files (x86)\Arena\Tournaments\Engine Battle 20251106.pgn

No:  B/W 1/2     W:B       1:2           Time        Value Moves Dep 1:2       1-2-Draws
   1 B 2    1.0:0.0        0.0:1.0       1:48:34 AM     0.00    48 4.438 :5.444  0-1-0

--------------------------------------------------------------

Engine-Match Thursday, November 6, 2025 1:48:35 AM
 Blitz 10/1 

Pairing 22/28 :    C0BR4_v3.1  -  Stockfish 1%

PGN-File: C:\Program Files (x86)\Arena\Tournaments\Engine Battle 20251106.pgn

No:  B/W 1/2     W:B       1:2           Time        Value Moves Dep 1:2       1-2-Draws
   1 B 2    1.0:0.0        0.0:1.0       1:49:01 AM      -M1    21 3.947 :19.300  0-1-0

--------------------------------------------------------------

Engine-Match Thursday, November 6, 2025 1:49:02 AM
 Blitz 10/1 

Pairing 23/28 :    VPR_v8.1  -  VPR_v9.0

PGN-File: C:\Program Files (x86)\Arena\Tournaments\Engine Battle 20251106.pgn

No:  B/W 1/2     W:B       1:2           Time        Value Moves Dep 1:2       1-2-Draws
   1 W 1    1.0:0.0        1.0:0.0       1:52:33 AM   +17.42    21 6.000 :6.000  1-0-0

--------------------------------------------------------------

Engine-Match Thursday, November 6, 2025 1:52:35 AM
 Blitz 10/1 

Pairing 24/28 :    RandomOpponent  -  MaterialOpponent

PGN-File: C:\Program Files (x86)\Arena\Tournaments\Engine Battle 20251106.pgn

No:  B/W 1/2     W:B       1:2           Time        Value Moves Dep 1:2       1-2-Draws
   1 B 2    1.0:0.0        0.0:1.0       1:53:03 AM  -299.99    22 0:6.000  0-1-0

--------------------------------------------------------------

Engine-Match Thursday, November 6, 2025 1:53:05 AM
 Blitz 10/1 

Pairing 25/28 :    V7P3R_v14.0  -  C0BR4_v3.1

PGN-File: C:\Program Files (x86)\Arena\Tournaments\Engine Battle 20251106.pgn

No:  B/W 1/2     W:B       1:2           Time        Value Moves Dep 1:2       1-2-Draws
   1 B 2    1.0:0.0        0.0:1.0       2:01:25 AM  -299.97    42 5.042 :4.000  0-1-0

--------------------------------------------------------------

Engine-Match Thursday, November 6, 2025 2:01:26 AM
 Blitz 10/1 

Pairing 26/28 :    VPR_v9.0  -  SlowMate_v3.1

PGN-File: C:\Program Files (x86)\Arena\Tournaments\Engine Battle 20251106.pgn

No:  B/W 1/2     W:B       1:2           Time        Value Moves Dep 1:2       1-2-Draws
   1 W 1    1.0:0.0        1.0:0.0       2:09:03 AM   +10.06    27 6.000 :4.222  1-0-0

--------------------------------------------------------------

Engine-Match Thursday, November 6, 2025 2:09:04 AM
 Blitz 10/1 

Pairing 27/28 :    Stockfish 1%  -  RandomOpponent

PGN-File: C:\Program Files (x86)\Arena\Tournaments\Engine Battle 20251106.pgn

No:  B/W 1/2     W:B       1:2           Time        Value Moves Dep 1:2       1-2-Draws
   1 W 1    1.0:0.0        1.0:0.0       2:09:13 AM      +M1     7 34.429 :0 1-0-0

--------------------------------------------------------------

Engine-Match Thursday, November 6, 2025 2:09:14 AM
 Blitz 10/1 

Pairing 28/28 :    MaterialOpponent  -  VPR_v8.1

PGN-File: C:\Program Files (x86)\Arena\Tournaments\Engine Battle 20251106.pgn

No:  B/W 1/2     W:B       1:2           Time        Value Moves Dep 1:2       1-2-Draws
   1 = =    0.5:0.5        0.5:0.5       2:09:28 AM     0.00     7 6.000 :6.000  0-0-1

--------------------------------------------------------------

Engine-Match Thursday, November 6, 2025 2:09:30 AM
 Blitz 10/1 

Pairing 1/28 :    V7P3R_v14.0  -  VPR_v9.0

PGN-File: C:\Program Files (x86)\Arena\Tournaments\Engine Battle 20251106.pgn

No:  B/W 1/2     W:B       1:2           Time        Value Moves Dep 1:2       1-2-Draws
   2 = =    0.5:0.5        1.5:0.5       2:20:30 AM     0.00    60 4.792 :6.000  1-0-1

--------------------------------------------------------------

Engine-Match Thursday, November 6, 2025 2:20:31 AM
 Blitz 10/1 

Pairing 2/28 :    RandomOpponent  -  C0BR4_v3.1

PGN-File: C:\Program Files (x86)\Arena\Tournaments\Engine Battle 20251106.pgn

No:  B/W 1/2     W:B       1:2           Time        Value Moves Dep 1:2       1-2-Draws
   2 W 2    1.0:0.0        0.0:2.0       2:20:54 AM  +299.97    17 0:3.867  0-2-0

--------------------------------------------------------------

Engine-Match Thursday, November 6, 2025 2:20:56 AM
 Blitz 10/1 

Pairing 3/28 :    SlowMate_v3.1  -  MaterialOpponent

PGN-File: C:\Program Files (x86)\Arena\Tournaments\Engine Battle 20251106.pgn

No:  B/W 1/2     W:B       1:2           Time        Value Moves Dep 1:2       1-2-Draws
   2 = =    0.5:0.5        0.5:1.5       2:28:14 AM    -8.30    37 3.838 :6.000  0-1-1

--------------------------------------------------------------

Engine-Match Thursday, November 6, 2025 2:28:16 AM
 Blitz 10/1 

Pairing 4/28 :    VPR_v8.1  -  Stockfish 1%

PGN-File: C:\Program Files (x86)\Arena\Tournaments\Engine Battle 20251106.pgn

No:  B/W 1/2     W:B       1:2           Time        Value Moves Dep 1:2       1-2-Draws
   2 W 2    1.0:0.0        0.0:2.0       2:30:12 AM  +299.96    41 6.000 :16.217  0-2-0

--------------------------------------------------------------

Engine-Match Thursday, November 6, 2025 2:30:14 AM
 Blitz 10/1 

Pairing 5/28 :    RandomOpponent  -  V7P3R_v14.0

PGN-File: C:\Program Files (x86)\Arena\Tournaments\Engine Battle 20251106.pgn

No:  B/W 1/2     W:B       1:2           Time        Value Moves Dep 1:2       1-2-Draws
   2 W 2    1.0:0.0        0.0:2.0       2:36:57 AM  +289.98    23 0:4.727  0-2-0

--------------------------------------------------------------

Engine-Match Thursday, November 6, 2025 2:36:58 AM
 Blitz 10/1 

Pairing 6/28 :    MaterialOpponent  -  VPR_v9.0

PGN-File: C:\Program Files (x86)\Arena\Tournaments\Engine Battle 20251106.pgn

No:  B/W 1/2     W:B       1:2           Time        Value Moves Dep 1:2       1-2-Draws
   2 = =    0.5:0.5        1.5:0.5       2:40:08 AM    -3.25    21 6.000 :6.000  1-0-1

--------------------------------------------------------------

Engine-Match Thursday, November 6, 2025 2:40:10 AM
 Blitz 10/1 

Pairing 7/28 :    C0BR4_v3.1  -  VPR_v8.1

PGN-File: C:\Program Files (x86)\Arena\Tournaments\Engine Battle 20251106.pgn

No:  B/W 1/2     W:B       1:2           Time        Value Moves Dep 1:2       1-2-Draws
   2 = =    1.0:1.0        1.0:1.0       2:41:20 AM   -10.67    27 4.000 :6.000  0-0-2

--------------------------------------------------------------

Engine-Match Thursday, November 6, 2025 2:41:22 AM
 Blitz 10/1 

Pairing 8/28 :    Stockfish 1%  -  SlowMate_v3.1

PGN-File: C:\Program Files (x86)\Arena\Tournaments\Engine Battle 20251106.pgn

No:  B/W 1/2     W:B       1:2           Time        Value Moves Dep 1:2       1-2-Draws
   2 B 1    1.0:0.0        2.0:0.0       2:48:15 AM      -M1    40 17.455 :3.900  2-0-0

--------------------------------------------------------------

Engine-Match Thursday, November 6, 2025 2:48:16 AM
 Blitz 10/1 

Pairing 9/28 :    V7P3R_v14.0  -  MaterialOpponent

PGN-File: C:\Program Files (x86)\Arena\Tournaments\Engine Battle 20251106.pgn

No:  B/W 1/2     W:B       1:2           Time        Value Moves Dep 1:2       1-2-Draws
   2 W 2    1.5:0.5        0.5:1.5       2:58:54 AM   +19.20    66 4.613 :6.000  0-1-1

--------------------------------------------------------------

Engine-Match Thursday, November 6, 2025 2:58:56 AM
 Blitz 10/1 

Pairing 10/28 :    VPR_v8.1  -  RandomOpponent

PGN-File: C:\Program Files (x86)\Arena\Tournaments\Engine Battle 20251106.pgn

No:  B/W 1/2     W:B       1:2           Time        Value Moves Dep 1:2       1-2-Draws
   2 B 1    1.0:0.0        2.0:0.0       3:00:00 AM  -299.99    26 6.000 :0 2-0-0

--------------------------------------------------------------

Engine-Match Thursday, November 6, 2025 3:00:01 AM
 Blitz 10/1 

Pairing 11/28 :    VPR_v9.0  -  Stockfish 1%

PGN-File: C:\Program Files (x86)\Arena\Tournaments\Engine Battle 20251106.pgn

No:  B/W 1/2     W:B       1:2           Time        Value Moves Dep 1:2       1-2-Draws
   2 W 2    1.0:0.0        0.0:2.0       3:02:32 AM   +12.56    20 5.900 :17.300  0-2-0

--------------------------------------------------------------

Engine-Match Thursday, November 6, 2025 3:02:33 AM
 Blitz 10/1 

Pairing 12/28 :    SlowMate_v3.1  -  C0BR4_v3.1

PGN-File: C:\Program Files (x86)\Arena\Tournaments\Engine Battle 20251106.pgn

No:  B/W 1/2     W:B       1:2           Time        Value Moves Dep 1:2       1-2-Draws
   2 = =    0.5:0.5        0.5:1.5       3:07:16 AM    -3.29    25 4.500 :4.000  0-1-1

--------------------------------------------------------------

Engine-Match Thursday, November 6, 2025 3:07:23 AM
 Blitz 10/1 

Pairing 13/28 :    VPR_v8.1  -  V7P3R_v14.0

PGN-File: C:\Program Files (x86)\Arena\Tournaments\Engine Battle 20251106.pgn

No:  B/W 1/2     W:B       1:2           Time        Value Moves Dep 1:2       1-2-Draws
   2 = =    0.5:0.5        1.5:0.5       3:19:23 AM    -7.20    42 6.000 :4.387  1-0-1

--------------------------------------------------------------

Engine-Match Thursday, November 6, 2025 3:19:24 AM
 Blitz 10/1 

Pairing 14/28 :    Stockfish 1%  -  MaterialOpponent

PGN-File: C:\Program Files (x86)\Arena\Tournaments\Engine Battle 20251106.pgn

No:  B/W 1/2     W:B       1:2           Time        Value Moves Dep 1:2       1-2-Draws
   2 B 1    1.5:0.5        1.5:0.5       3:20:22 AM  -299.94    35 17.238 :6.000  1-0-1

--------------------------------------------------------------

Engine-Match Thursday, November 6, 2025 3:20:23 AM
 Blitz 10/1 

Pairing 15/28 :    RandomOpponent  -  SlowMate_v3.1

PGN-File: C:\Program Files (x86)\Arena\Tournaments\Engine Battle 20251106.pgn

No:  B/W 1/2     W:B       1:2           Time        Value Moves Dep 1:2       1-2-Draws
   2 = =    1.0:1.0        1.0:1.0       3:26:32 AM  +183.38    34 0:3.882  0-0-2

--------------------------------------------------------------

Engine-Match Thursday, November 6, 2025 3:26:33 AM
 Blitz 10/1 

Pairing 16/28 :    C0BR4_v3.1  -  VPR_v9.0

PGN-File: C:\Program Files (x86)\Arena\Tournaments\Engine Battle 20251106.pgn

No:  B/W 1/2     W:B       1:2           Time        Value Moves Dep 1:2       1-2-Draws
   2 = =    0.5:0.5        1.5:0.5       3:28:54 AM    -1.87    28 4.000 :6.000  1-0-1

--------------------------------------------------------------

Engine-Match Thursday, November 6, 2025 3:28:56 AM
 Blitz 10/1 

Pairing 17/28 :    V7P3R_v14.0  -  Stockfish 1%

PGN-File: C:\Program Files (x86)\Arena\Tournaments\Engine Battle 20251106.pgn

No:  B/W 1/2     W:B       1:2           Time        Value Moves Dep 1:2       1-2-Draws
   2 W 2    1.0:0.0        0.0:2.0       3:41:03 AM    +9.49   102 4.765 :16.609  0-2-0

--------------------------------------------------------------

Engine-Match Thursday, November 6, 2025 3:41:04 AM
 Blitz 10/1 

Pairing 18/28 :    SlowMate_v3.1  -  VPR_v8.1

PGN-File: C:\Program Files (x86)\Arena\Tournaments\Engine Battle 20251106.pgn

No:  B/W 1/2     W:B       1:2           Time        Value Moves Dep 1:2       1-2-Draws
   2 = =    1.0:1.0        1.0:1.0       3:50:39 AM    -1.90    52 3.656 :6.000  0-0-2

--------------------------------------------------------------

Engine-Match Thursday, November 6, 2025 3:50:41 AM
 Blitz 10/1 

Pairing 19/28 :    MaterialOpponent  -  C0BR4_v3.1

PGN-File: C:\Program Files (x86)\Arena\Tournaments\Engine Battle 20251106.pgn

No:  B/W 1/2     W:B       1:2           Time        Value Moves Dep 1:2       1-2-Draws
   2 = =    0.5:0.5        1.5:0.5       3:51:06 AM    -3.25    15 6.000 :4.000  1-0-1

--------------------------------------------------------------

Engine-Match Thursday, November 6, 2025 3:51:08 AM
 Blitz 10/1 

Pairing 20/28 :    VPR_v9.0  -  RandomOpponent

PGN-File: C:\Program Files (x86)\Arena\Tournaments\Engine Battle 20251106.pgn

No:  B/W 1/2     W:B       1:2           Time        Value Moves Dep 1:2       1-2-Draws
   2 B 1    1.0:0.0        2.0:0.0       3:52:58 AM  -299.99    20 6.000 :0 2-0-0

--------------------------------------------------------------

Engine-Match Thursday, November 6, 2025 3:52:59 AM
 Blitz 10/1 

Pairing 21/28 :    SlowMate_v3.1  -  V7P3R_v14.0

PGN-File: C:\Program Files (x86)\Arena\Tournaments\Engine Battle 20251106.pgn

No:  B/W 1/2     W:B       1:2           Time        Value Moves Dep 1:2       1-2-Draws
   2 = =    0.5:0.5        0.5:1.5       4:10:25 AM    -3.63    52 3.735 :4.667  0-1-1

--------------------------------------------------------------

Engine-Match Thursday, November 6, 2025 4:10:26 AM
 Blitz 10/1 

Pairing 22/28 :    C0BR4_v3.1  -  Stockfish 1%

PGN-File: C:\Program Files (x86)\Arena\Tournaments\Engine Battle 20251106.pgn

No:  B/W 1/2     W:B       1:2           Time        Value Moves Dep 1:2       1-2-Draws
   2 W 2    1.0:0.0        0.0:2.0       4:11:25 AM   +10.51    40 4.000 :17.286  0-2-0

--------------------------------------------------------------

Engine-Match Thursday, November 6, 2025 4:11:26 AM
 Blitz 10/1 

Pairing 23/28 :    VPR_v8.1  -  VPR_v9.0

PGN-File: C:\Program Files (x86)\Arena\Tournaments\Engine Battle 20251106.pgn

No:  B/W 1/2     W:B       1:2           Time        Value Moves Dep 1:2       1-2-Draws
   2 B 1    1.0:0.0        2.0:0.0       4:13:07 AM   -11.45    13 6.000 :6.000  2-0-0

--------------------------------------------------------------

Engine-Match Thursday, November 6, 2025 4:13:09 AM
 Blitz 10/1 

Pairing 24/28 :    RandomOpponent  -  MaterialOpponent

PGN-File: C:\Program Files (x86)\Arena\Tournaments\Engine Battle 20251106.pgn

No:  B/W 1/2     W:B       1:2           Time        Value Moves Dep 1:2       1-2-Draws
   2 W 2    1.0:0.0        0.0:2.0       4:13:36 AM  +299.99    22 0:6.000  0-2-0

--------------------------------------------------------------

Engine-Match Thursday, November 6, 2025 4:13:38 AM
 Blitz 10/1 

Pairing 25/28 :    V7P3R_v14.0  -  C0BR4_v3.1

PGN-File: C:\Program Files (x86)\Arena\Tournaments\Engine Battle 20251106.pgn

No:  B/W 1/2     W:B       1:2           Time        Value Moves Dep 1:2       1-2-Draws
   2 W 2    1.0:0.0        0.0:2.0       4:22:33 AM  +299.97    45 4.767 :4.000  0-2-0

--------------------------------------------------------------

Engine-Match Thursday, November 6, 2025 4:22:34 AM
 Blitz 10/1 

Pairing 26/28 :    VPR_v9.0  -  SlowMate_v3.1

PGN-File: C:\Program Files (x86)\Arena\Tournaments\Engine Battle 20251106.pgn

No:  B/W 1/2     W:B       1:2           Time        Value Moves Dep 1:2       1-2-Draws
   2 B 1    1.0:0.0        2.0:0.0       4:34:28 AM    -9.00    65 6.000 :4.133  2-0-0

--------------------------------------------------------------

Engine-Match Thursday, November 6, 2025 4:34:29 AM
 Blitz 10/1 

Pairing 27/28 :    Stockfish 1%  -  RandomOpponent

PGN-File: C:\Program Files (x86)\Arena\Tournaments\Engine Battle 20251106.pgn

No:  B/W 1/2     W:B       1:2           Time        Value Moves Dep 1:2       1-2-Draws
   2 B 1    1.0:0.0        2.0:0.0       4:34:41 AM      -M1    13 24.615 :0 2-0-0

--------------------------------------------------------------

Engine-Match Thursday, November 6, 2025 4:34:43 AM
 Blitz 10/1 

Pairing 28/28 :    MaterialOpponent  -  VPR_v8.1

PGN-File: C:\Program Files (x86)\Arena\Tournaments\Engine Battle 20251106.pgn

No:  B/W 1/2     W:B       1:2           Time        Value Moves Dep 1:2       1-2-Draws
   2 = =    1.0:1.0        1.0:1.0       4:34:57 AM     0.00     7 6.000 :6.000  0-0-2

--------------------------------------------------------------

Engine-Match Thursday, November 6, 2025 4:34:59 AM
 Blitz 10/1 

Pairing 1/28 :    V7P3R_v14.0  -  VPR_v9.0

PGN-File: C:\Program Files (x86)\Arena\Tournaments\Engine Battle 20251106.pgn

No:  B/W 1/2     W:B       1:2           Time        Value Moves Dep 1:2       1-2-Draws
   3 = =    1.0:1.0        2.0:1.0       4:49:03 AM     0.00    61 5.000 :6.000  1-0-2

--------------------------------------------------------------

Engine-Match Thursday, November 6, 2025 4:49:04 AM
 Blitz 10/1 

Pairing 2/28 :    RandomOpponent  -  C0BR4_v3.1

PGN-File: C:\Program Files (x86)\Arena\Tournaments\Engine Battle 20251106.pgn

No:  B/W 1/2     W:B       1:2           Time        Value Moves Dep 1:2       1-2-Draws
   3 B 2    1.0:0.0        0.0:3.0       4:49:16 AM  -299.97     9 0:3.714  0-3-0

--------------------------------------------------------------

Engine-Match Thursday, November 6, 2025 4:49:17 AM
 Blitz 10/1 

Pairing 3/28 :    SlowMate_v3.1  -  MaterialOpponent

PGN-File: C:\Program Files (x86)\Arena\Tournaments\Engine Battle 20251106.pgn

No:  B/W 1/2     W:B       1:2           Time        Value Moves Dep 1:2       1-2-Draws
   3 B 2    1.5:0.5        0.5:2.5       4:55:04 AM  -299.99    28 3.750 :6.000  0-2-1

--------------------------------------------------------------

Engine-Match Thursday, November 6, 2025 4:55:06 AM
 Blitz 10/1 

Pairing 4/28 :    VPR_v8.1  -  Stockfish 1%

PGN-File: C:\Program Files (x86)\Arena\Tournaments\Engine Battle 20251106.pgn

No:  B/W 1/2     W:B       1:2           Time        Value Moves Dep 1:2       1-2-Draws
   3 B 2    1.0:0.0        0.0:3.0       4:55:56 AM      -M1    21 6.000 :19.950  0-3-0

--------------------------------------------------------------

Engine-Match Thursday, November 6, 2025 4:56:03 AM
 Blitz 10/1 

Pairing 5/28 :    RandomOpponent  -  V7P3R_v14.0

PGN-File: C:\Program Files (x86)\Arena\Tournaments\Engine Battle 20251106.pgn

No:  B/W 1/2     W:B       1:2           Time        Value Moves Dep 1:2       1-2-Draws
   3 B 2    1.0:0.0        0.0:3.0       5:00:53 AM     0.00    25 0:5.067  0-3-0

--------------------------------------------------------------

Engine-Match Thursday, November 6, 2025 5:00:55 AM
 Blitz 10/1 

Pairing 6/28 :    MaterialOpponent  -  VPR_v9.0

PGN-File: C:\Program Files (x86)\Arena\Tournaments\Engine Battle 20251106.pgn

No:  B/W 1/2     W:B       1:2           Time        Value Moves Dep 1:2       1-2-Draws
   3 W 1    1.5:0.5        2.5:0.5       5:03:47 AM    +9.82    19 6.000 :6.000  2-0-1

--------------------------------------------------------------

Engine-Match Thursday, November 6, 2025 5:03:48 AM
 Blitz 10/1 

Pairing 7/28 :    C0BR4_v3.1  -  VPR_v8.1

PGN-File: C:\Program Files (x86)\Arena\Tournaments\Engine Battle 20251106.pgn

No:  B/W 1/2     W:B       1:2           Time        Value Moves Dep 1:2       1-2-Draws
   3 = =    1.5:1.5        1.5:1.5       5:06:32 AM    +4.18    40 4.000 :6.000  0-0-3

--------------------------------------------------------------

Engine-Match Thursday, November 6, 2025 5:06:33 AM
 Blitz 10/1 

Pairing 8/28 :    Stockfish 1%  -  SlowMate_v3.1

PGN-File: C:\Program Files (x86)\Arena\Tournaments\Engine Battle 20251106.pgn

No:  B/W 1/2     W:B       1:2           Time        Value Moves Dep 1:2       1-2-Draws
   3 W 1    1.0:0.0        3.0:0.0       5:15:59 AM      +M1    69 16.565 :3.328  3-0-0

--------------------------------------------------------------

Engine-Match Thursday, November 6, 2025 5:16:00 AM
 Blitz 10/1 

Pairing 9/28 :    V7P3R_v14.0  -  MaterialOpponent

PGN-File: C:\Program Files (x86)\Arena\Tournaments\Engine Battle 20251106.pgn

No:  B/W 1/2     W:B       1:2           Time        Value Moves Dep 1:2       1-2-Draws
   3 = =    1.0:1.0        1.0:2.0       5:29:02 AM    -8.08    76 3.667 :6.000  0-1-2

--------------------------------------------------------------

Engine-Match Thursday, November 6, 2025 5:29:03 AM
 Blitz 10/1 

Pairing 10/28 :    VPR_v8.1  -  RandomOpponent

PGN-File: C:\Program Files (x86)\Arena\Tournaments\Engine Battle 20251106.pgn

No:  B/W 1/2     W:B       1:2           Time        Value Moves Dep 1:2       1-2-Draws
   3 W 1    1.0:0.0        3.0:0.0       5:30:08 AM  +299.99    33 6.000 :0 3-0-0

--------------------------------------------------------------

Engine-Match Thursday, November 6, 2025 5:30:10 AM
 Blitz 10/1 

Pairing 11/28 :    VPR_v9.0  -  Stockfish 1%

PGN-File: C:\Program Files (x86)\Arena\Tournaments\Engine Battle 20251106.pgn

No:  B/W 1/2     W:B       1:2           Time        Value Moves Dep 1:2       1-2-Draws
   3 B 2    1.0:0.0        0.0:3.0       5:32:30 AM  -299.96    33 6.000 :17.182  0-3-0

--------------------------------------------------------------

Engine-Match Thursday, November 6, 2025 5:32:31 AM
 Blitz 10/1 

Pairing 12/28 :    SlowMate_v3.1  -  C0BR4_v3.1

PGN-File: C:\Program Files (x86)\Arena\Tournaments\Engine Battle 20251106.pgn

No:  B/W 1/2     W:B       1:2           Time        Value Moves Dep 1:2       1-2-Draws
   3 = =    1.0:1.0        1.0:2.0       5:39:41 AM    +3.54    42 4.316 :4.000  0-1-2

--------------------------------------------------------------

Engine-Match Thursday, November 6, 2025 5:39:43 AM
 Blitz 10/1 

Pairing 13/28 :    VPR_v8.1  -  V7P3R_v14.0

PGN-File: C:\Program Files (x86)\Arena\Tournaments\Engine Battle 20251106.pgn

No:  B/W 1/2     W:B       1:2           Time        Value Moves Dep 1:2       1-2-Draws
   3 = =    1.0:1.0        2.0:1.0       5:52:35 AM   +18.56    76 6.000 :4.297  1-0-2

--------------------------------------------------------------

Engine-Match Thursday, November 6, 2025 5:52:37 AM
 Blitz 10/1 

Pairing 14/28 :    Stockfish 1%  -  MaterialOpponent

PGN-File: C:\Program Files (x86)\Arena\Tournaments\Engine Battle 20251106.pgn

No:  B/W 1/2     W:B       1:2           Time        Value Moves Dep 1:2       1-2-Draws
   3 = =    1.0:1.0        2.0:1.0       5:57:15 AM    +6.25   226 17.238 :6.000  1-0-2

--------------------------------------------------------------

Engine-Match Thursday, November 6, 2025 5:57:17 AM
 Blitz 10/1 

Pairing 15/28 :    RandomOpponent  -  SlowMate_v3.1

PGN-File: C:\Program Files (x86)\Arena\Tournaments\Engine Battle 20251106.pgn

No:  B/W 1/2     W:B       1:2           Time        Value Moves Dep 1:2       1-2-Draws
   3 = =    1.5:1.5        1.5:1.5       6:02:55 AM  -200.00    30 0:3.833  0-0-3

--------------------------------------------------------------

Engine-Match Thursday, November 6, 2025 6:02:57 AM
 Blitz 10/1 

Pairing 16/28 :    C0BR4_v3.1  -  VPR_v9.0

PGN-File: C:\Program Files (x86)\Arena\Tournaments\Engine Battle 20251106.pgn

No:  B/W 1/2     W:B       1:2           Time        Value Moves Dep 1:2       1-2-Draws
   3 W 1    1.5:0.5        2.5:0.5       6:06:09 AM  +299.97    30 4.000 :6.000  2-0-1

--------------------------------------------------------------

Engine-Match Thursday, November 6, 2025 6:06:11 AM
 Blitz 10/1 

Pairing 17/28 :    V7P3R_v14.0  -  Stockfish 1%

PGN-File: C:\Program Files (x86)\Arena\Tournaments\Engine Battle 20251106.pgn

No:  B/W 1/2     W:B       1:2           Time        Value Moves Dep 1:2       1-2-Draws
   3 B 2    1.0:0.0        0.0:3.0       6:12:15 AM      -M1    26 4.947 :16.333  0-3-0

--------------------------------------------------------------

Engine-Match Thursday, November 6, 2025 6:12:16 AM
 Blitz 10/1 

Pairing 18/28 :    SlowMate_v3.1  -  VPR_v8.1

PGN-File: C:\Program Files (x86)\Arena\Tournaments\Engine Battle 20251106.pgn

No:  B/W 1/2     W:B       1:2           Time        Value Moves Dep 1:2       1-2-Draws
   3 = =    1.5:1.5        1.5:1.5       6:17:41 AM    +1.16    25 3.760 :6.000  0-0-3

--------------------------------------------------------------

Engine-Match Thursday, November 6, 2025 6:17:42 AM
 Blitz 10/1 

Pairing 19/28 :    MaterialOpponent  -  C0BR4_v3.1

PGN-File: C:\Program Files (x86)\Arena\Tournaments\Engine Battle 20251106.pgn

No:  B/W 1/2     W:B       1:2           Time        Value Moves Dep 1:2       1-2-Draws
   3 B 2    1.5:0.5        1.5:1.5       6:19:12 AM  -299.97    46 6.000 :4.000  1-1-1

--------------------------------------------------------------

Engine-Match Thursday, November 6, 2025 6:19:14 AM
 Blitz 10/1 

Pairing 20/28 :    VPR_v9.0  -  RandomOpponent

PGN-File: C:\Program Files (x86)\Arena\Tournaments\Engine Battle 20251106.pgn

No:  B/W 1/2     W:B       1:2           Time        Value Moves Dep 1:2       1-2-Draws
   3 W 1    1.0:0.0        3.0:0.0       6:20:59 AM  +299.99    26 6.000 :0 3-0-0

--------------------------------------------------------------

Engine-Match Thursday, November 6, 2025 6:21:01 AM
 Blitz 10/1 

Pairing 21/28 :    SlowMate_v3.1  -  V7P3R_v14.0

PGN-File: C:\Program Files (x86)\Arena\Tournaments\Engine Battle 20251106.pgn

No:  B/W 1/2     W:B       1:2           Time        Value Moves Dep 1:2       1-2-Draws
   3 = =    1.0:1.0        1.0:2.0       6:38:54 AM   -10.63    55 4.438 :5.444  0-1-2

--------------------------------------------------------------

Engine-Match Thursday, November 6, 2025 6:38:55 AM
 Blitz 10/1 

Pairing 22/28 :    C0BR4_v3.1  -  Stockfish 1%

PGN-File: C:\Program Files (x86)\Arena\Tournaments\Engine Battle 20251106.pgn

No:  B/W 1/2     W:B       1:2           Time        Value Moves Dep 1:2       1-2-Draws
   3 B 2    1.0:0.0        0.0:3.0       6:39:42 AM      -M1    41 3.974 :16.400  0-3-0

--------------------------------------------------------------

Engine-Match Thursday, November 6, 2025 6:39:44 AM
 Blitz 10/1 

Pairing 23/28 :    VPR_v8.1  -  VPR_v9.0

PGN-File: C:\Program Files (x86)\Arena\Tournaments\Engine Battle 20251106.pgn

No:  B/W 1/2     W:B       1:2           Time        Value Moves Dep 1:2       1-2-Draws
   3 W 1    1.0:0.0        3.0:0.0       6:43:13 AM   +11.77    24 6.000 :6.000  3-0-0

--------------------------------------------------------------

Engine-Match Thursday, November 6, 2025 6:43:15 AM
 Blitz 10/1 

Pairing 24/28 :    RandomOpponent  -  MaterialOpponent

PGN-File: C:\Program Files (x86)\Arena\Tournaments\Engine Battle 20251106.pgn

No:  B/W 1/2     W:B       1:2           Time        Value Moves Dep 1:2       1-2-Draws
   3 B 2    1.0:0.0        0.0:3.0       6:43:57 AM  -299.99    27 0:6.000  0-3-0

--------------------------------------------------------------

Engine-Match Thursday, November 6, 2025 6:44:12 AM
 Blitz 10/1 

Pairing 25/28 :    V7P3R_v14.0  -  C0BR4_v3.1

PGN-File: C:\Program Files (x86)\Arena\Tournaments\Engine Battle 20251106.pgn

No:  B/W 1/2     W:B       1:2           Time        Value Moves Dep 1:2       1-2-Draws
   3 W 1    1.0:0.0        1.0:2.0       6:52:58 AM    +9.26    64 5.179 :4.000  1-2-0

--------------------------------------------------------------

Engine-Match Thursday, November 6, 2025 6:53:00 AM
 Blitz 10/1 

Pairing 26/28 :    VPR_v9.0  -  SlowMate_v3.1

PGN-File: C:\Program Files (x86)\Arena\Tournaments\Engine Battle 20251106.pgn

No:  B/W 1/2     W:B       1:2           Time        Value Moves Dep 1:2       1-2-Draws
   3 W 1    1.0:0.0        3.0:0.0       7:00:32 AM   +10.06    27 6.000 :4.222  3-0-0

--------------------------------------------------------------

Engine-Match Thursday, November 6, 2025 7:00:33 AM
 Blitz 10/1 

Pairing 27/28 :    Stockfish 1%  -  RandomOpponent

PGN-File: C:\Program Files (x86)\Arena\Tournaments\Engine Battle 20251106.pgn

No:  B/W 1/2     W:B       1:2           Time        Value Moves Dep 1:2       1-2-Draws
   3 W 1    1.0:0.0        3.0:0.0       7:00:47 AM      +M1    15 23.133 :0 3-0-0

--------------------------------------------------------------

Engine-Match Thursday, November 6, 2025 7:00:48 AM
 Blitz 10/1 

Pairing 28/28 :    MaterialOpponent  -  VPR_v8.1

PGN-File: C:\Program Files (x86)\Arena\Tournaments\Engine Battle 20251106.pgn

No:  B/W 1/2     W:B       1:2           Time        Value Moves Dep 1:2       1-2-Draws
   3 = =    1.5:1.5        1.5:1.5       7:01:02 AM     0.00     7 6.000 :6.000  0-0-3

--------------------------------------------------------------

Engine-Match Thursday, November 6, 2025 7:01:04 AM
 Blitz 10/1 

Pairing 1/28 :    V7P3R_v14.0  -  VPR_v9.0

PGN-File: C:\Program Files (x86)\Arena\Tournaments\Engine Battle 20251106.pgn

No:  B/W 1/2     W:B       1:2           Time        Value Moves Dep 1:2       1-2-Draws
   4 B 1    2.0:1.0        3.0:1.0       7:10:03 AM  -299.94    26 4.737 :6.000  2-0-2

--------------------------------------------------------------

Engine-Match Thursday, November 6, 2025 7:10:05 AM
 Blitz 10/1 

Pairing 2/28 :    RandomOpponent  -  C0BR4_v3.1

PGN-File: C:\Program Files (x86)\Arena\Tournaments\Engine Battle 20251106.pgn

No:  B/W 1/2     W:B       1:2           Time        Value Moves Dep 1:2       1-2-Draws
   4 W 2    1.0:0.0        0.0:4.0       7:10:24 AM  +299.97    18 0:3.875  0-4-0

--------------------------------------------------------------

Engine-Match Thursday, November 6, 2025 7:10:25 AM
 Blitz 10/1 

Pairing 3/28 :    SlowMate_v3.1  -  MaterialOpponent

PGN-File: C:\Program Files (x86)\Arena\Tournaments\Engine Battle 20251106.pgn

No:  B/W 1/2     W:B       1:2           Time        Value Moves Dep 1:2       1-2-Draws
   4 = =    1.0:1.0        1.0:3.0       7:17:43 AM    -8.30    37 3.865 :6.000  0-2-2

--------------------------------------------------------------

Engine-Match Thursday, November 6, 2025 7:17:44 AM
 Blitz 10/1 

Pairing 4/28 :    VPR_v8.1  -  Stockfish 1%

PGN-File: C:\Program Files (x86)\Arena\Tournaments\Engine Battle 20251106.pgn

No:  B/W 1/2     W:B       1:2           Time        Value Moves Dep 1:2       1-2-Draws
   4 W 2    1.0:0.0        0.0:4.0       7:19:16 AM   +13.15    34 6.000 :16.478  0-4-0

--------------------------------------------------------------

Engine-Match Thursday, November 6, 2025 7:19:18 AM
 Blitz 10/1 

Pairing 5/28 :    RandomOpponent  -  V7P3R_v14.0

PGN-File: C:\Program Files (x86)\Arena\Tournaments\Engine Battle 20251106.pgn

No:  B/W 1/2     W:B       1:2           Time        Value Moves Dep 1:2       1-2-Draws
   4 W 2    1.0:0.0        0.0:4.0       7:25:42 AM     0.00    21 0:5.706  0-4-0

--------------------------------------------------------------

Engine-Match Thursday, November 6, 2025 7:25:43 AM
 Blitz 10/1 

Pairing 6/28 :    MaterialOpponent  -  VPR_v9.0

PGN-File: C:\Program Files (x86)\Arena\Tournaments\Engine Battle 20251106.pgn

No:  B/W 1/2     W:B       1:2           Time        Value Moves Dep 1:2       1-2-Draws
   4 B 1    1.5:0.5        3.5:0.5       7:28:49 AM   -11.77    20 6.000 :6.000  3-0-1

--------------------------------------------------------------

Engine-Match Thursday, November 6, 2025 7:28:50 AM
 Blitz 10/1 

Pairing 7/28 :    C0BR4_v3.1  -  VPR_v8.1

PGN-File: C:\Program Files (x86)\Arena\Tournaments\Engine Battle 20251106.pgn

No:  B/W 1/2     W:B       1:2           Time        Value Moves Dep 1:2       1-2-Draws
   4 = =    2.0:2.0        2.0:2.0       7:31:28 AM    -4.76    49 4.000 :6.000  0-0-4

--------------------------------------------------------------

Engine-Match Thursday, November 6, 2025 7:31:30 AM
 Blitz 10/1 

Pairing 8/28 :    Stockfish 1%  -  SlowMate_v3.1

PGN-File: C:\Program Files (x86)\Arena\Tournaments\Engine Battle 20251106.pgn

No:  B/W 1/2     W:B       1:2           Time        Value Moves Dep 1:2       1-2-Draws
   4 B 1    1.0:0.0        4.0:0.0       7:38:43 AM      -M1    43 17.591 :3.884  4-0-0

--------------------------------------------------------------

Engine-Match Thursday, November 6, 2025 7:38:44 AM
 Blitz 10/1 

Pairing 9/28 :    V7P3R_v14.0  -  MaterialOpponent

PGN-File: C:\Program Files (x86)\Arena\Tournaments\Engine Battle 20251106.pgn

No:  B/W 1/2     W:B       1:2           Time        Value Moves Dep 1:2       1-2-Draws
   4 W 2    2.0:1.0        1.0:3.0       7:49:16 AM   +19.20    66 4.613 :6.000  0-2-2

--------------------------------------------------------------

Engine-Match Thursday, November 6, 2025 7:49:18 AM
 Blitz 10/1 

Pairing 10/28 :    VPR_v8.1  -  RandomOpponent

PGN-File: C:\Program Files (x86)\Arena\Tournaments\Engine Battle 20251106.pgn

No:  B/W 1/2     W:B       1:2           Time        Value Moves Dep 1:2       1-2-Draws
   4 B 1    1.0:0.0        4.0:0.0       7:50:24 AM  -299.99    35 6.000 :0 4-0-0

--------------------------------------------------------------

Engine-Match Thursday, November 6, 2025 7:50:26 AM
 Blitz 10/1 

Pairing 11/28 :    VPR_v9.0  -  Stockfish 1%

PGN-File: C:\Program Files (x86)\Arena\Tournaments\Engine Battle 20251106.pgn

No:  B/W 1/2     W:B       1:2           Time        Value Moves Dep 1:2       1-2-Draws
   4 = =    0.5:0.5        0.5:3.5       7:56:12 AM     0.00   130 6.000 :17.091  0-3-1

--------------------------------------------------------------

Engine-Match Thursday, November 6, 2025 7:56:13 AM
 Blitz 10/1 

Pairing 12/28 :    SlowMate_v3.1  -  C0BR4_v3.1

PGN-File: C:\Program Files (x86)\Arena\Tournaments\Engine Battle 20251106.pgn

No:  B/W 1/2     W:B       1:2           Time        Value Moves Dep 1:2       1-2-Draws
   4 = =    1.5:1.5        1.5:2.5       8:00:55 AM    -3.29    25 4.500 :4.000  0-1-3

--------------------------------------------------------------

Engine-Match Thursday, November 6, 2025 8:00:56 AM
 Blitz 10/1 

Pairing 13/28 :    VPR_v8.1  -  V7P3R_v14.0

PGN-File: C:\Program Files (x86)\Arena\Tournaments\Engine Battle 20251106.pgn

No:  B/W 1/2     W:B       1:2           Time        Value Moves Dep 1:2       1-2-Draws
   4 = =    1.5:1.5        2.5:1.5       8:13:15 AM     0.00    52 6.000 :4.098  1-0-3

--------------------------------------------------------------

Engine-Match Thursday, November 6, 2025 8:13:17 AM
 Blitz 10/1 

Pairing 14/28 :    Stockfish 1%  -  MaterialOpponent

PGN-File: C:\Program Files (x86)\Arena\Tournaments\Engine Battle 20251106.pgn

No:  B/W 1/2     W:B       1:2           Time        Value Moves Dep 1:2       1-2-Draws
   4 B 1    2.0:1.0        3.0:1.0       8:14:15 AM      -M1    24 18.429 :6.000  2-0-2

--------------------------------------------------------------

Engine-Match Thursday, November 6, 2025 8:14:16 AM
 Blitz 10/1 

Pairing 15/28 :    RandomOpponent  -  SlowMate_v3.1

PGN-File: C:\Program Files (x86)\Arena\Tournaments\Engine Battle 20251106.pgn

No:  B/W 1/2     W:B       1:2           Time        Value Moves Dep 1:2       1-2-Draws
   4 W 2    2.5:1.5        1.5:2.5       8:19:51 AM  +191.62    30 0:4.333  0-1-3

--------------------------------------------------------------

Engine-Match Thursday, November 6, 2025 8:19:52 AM
 Blitz 10/1 

Pairing 16/28 :    C0BR4_v3.1  -  VPR_v9.0

PGN-File: C:\Program Files (x86)\Arena\Tournaments\Engine Battle 20251106.pgn

No:  B/W 1/2     W:B       1:2           Time        Value Moves Dep 1:2       1-2-Draws
   4 = =    1.0:1.0        3.0:1.0       8:22:08 AM    -3.80    30 4.000 :5.967  2-0-2

--------------------------------------------------------------

Engine-Match Thursday, November 6, 2025 8:22:15 AM
 Blitz 10/1 

Pairing 17/28 :    V7P3R_v14.0  -  Stockfish 1%

PGN-File: C:\Program Files (x86)\Arena\Tournaments\Engine Battle 20251106.pgn

No:  B/W 1/2     W:B       1:2           Time        Value Moves Dep 1:2       1-2-Draws
   4 W 2    1.0:0.0        0.0:4.0       8:27:45 AM    +9.37    20 5.267 :15.850  0-4-0

--------------------------------------------------------------

Engine-Match Thursday, November 6, 2025 8:27:47 AM
 Blitz 10/1 

Pairing 18/28 :    SlowMate_v3.1  -  VPR_v8.1

PGN-File: C:\Program Files (x86)\Arena\Tournaments\Engine Battle 20251106.pgn

No:  B/W 1/2     W:B       1:2           Time        Value Moves Dep 1:2       1-2-Draws
   4 = =    2.0:2.0        2.0:2.0       8:37:22 AM    -1.90    52 3.656 :6.000  0-0-4

--------------------------------------------------------------

Engine-Match Thursday, November 6, 2025 8:37:24 AM
 Blitz 10/1 

Pairing 19/28 :    MaterialOpponent  -  C0BR4_v3.1

PGN-File: C:\Program Files (x86)\Arena\Tournaments\Engine Battle 20251106.pgn

No:  B/W 1/2     W:B       1:2           Time        Value Moves Dep 1:2       1-2-Draws
   4 = =    1.0:1.0        2.0:2.0       8:38:03 AM    +2.27    27 6.000 :4.000  1-1-2

--------------------------------------------------------------

Engine-Match Thursday, November 6, 2025 8:38:04 AM
 Blitz 10/1 

Pairing 20/28 :    VPR_v9.0  -  RandomOpponent

PGN-File: C:\Program Files (x86)\Arena\Tournaments\Engine Battle 20251106.pgn

No:  B/W 1/2     W:B       1:2           Time        Value Moves Dep 1:2       1-2-Draws
   4 B 1    1.0:0.0        4.0:0.0       8:39:48 AM  -299.99    18 6.000 :0 4-0-0

--------------------------------------------------------------

Engine-Match Thursday, November 6, 2025 8:39:49 AM
 Blitz 10/1 

Pairing 21/28 :    SlowMate_v3.1  -  V7P3R_v14.0

PGN-File: C:\Program Files (x86)\Arena\Tournaments\Engine Battle 20251106.pgn

No:  B/W 1/2     W:B       1:2           Time        Value Moves Dep 1:2       1-2-Draws
   4 W 2    2.0:1.0        1.0:3.0       8:49:55 AM     0.00    21 3.700 :4.611  0-2-2

--------------------------------------------------------------

Engine-Match Thursday, November 6, 2025 8:49:57 AM
 Blitz 10/1 

Pairing 22/28 :    C0BR4_v3.1  -  Stockfish 1%

PGN-File: C:\Program Files (x86)\Arena\Tournaments\Engine Battle 20251106.pgn

No:  B/W 1/2     W:B       1:2           Time        Value Moves Dep 1:2       1-2-Draws
   4 W 2    1.0:0.0        0.0:4.0       8:50:20 AM      +M1    19 3.938 :22.105  0-4-0

--------------------------------------------------------------

Engine-Match Thursday, November 6, 2025 8:50:22 AM
 Blitz 10/1 

Pairing 23/28 :    VPR_v8.1  -  VPR_v9.0

PGN-File: C:\Program Files (x86)\Arena\Tournaments\Engine Battle 20251106.pgn

No:  B/W 1/2     W:B       1:2           Time        Value Moves Dep 1:2       1-2-Draws
   4 B 1    1.0:0.0        4.0:0.0       8:52:04 AM   -11.19    13 6.000 :6.000  4-0-0

--------------------------------------------------------------

Engine-Match Thursday, November 6, 2025 8:52:05 AM
 Blitz 10/1 

Pairing 24/28 :    RandomOpponent  -  MaterialOpponent

PGN-File: C:\Program Files (x86)\Arena\Tournaments\Engine Battle 20251106.pgn

No:  B/W 1/2     W:B       1:2           Time        Value Moves Dep 1:2       1-2-Draws
   4 W 2    1.0:0.0        0.0:4.0       8:52:35 AM  +299.99    29 0:6.000  0-4-0

--------------------------------------------------------------

Engine-Match Thursday, November 6, 2025 8:52:36 AM
 Blitz 10/1 

Pairing 25/28 :    V7P3R_v14.0  -  C0BR4_v3.1

PGN-File: C:\Program Files (x86)\Arena\Tournaments\Engine Battle 20251106.pgn

No:  B/W 1/2     W:B       1:2           Time        Value Moves Dep 1:2       1-2-Draws
   4 W 2    1.0:0.0        1.0:3.0       9:01:35 AM  +299.97    45 4.767 :4.000  1-3-0

--------------------------------------------------------------

Engine-Match Thursday, November 6, 2025 9:01:37 AM
 Blitz 10/1 

Pairing 26/28 :    VPR_v9.0  -  SlowMate_v3.1

PGN-File: C:\Program Files (x86)\Arena\Tournaments\Engine Battle 20251106.pgn

No:  B/W 1/2     W:B       1:2           Time        Value Moves Dep 1:2       1-2-Draws
   4 B 1    1.0:0.0        4.0:0.0       9:13:28 AM    -9.00    65 6.000 :4.133  4-0-0

--------------------------------------------------------------

Engine-Match Thursday, November 6, 2025 9:13:30 AM
 Blitz 10/1 

Pairing 27/28 :    Stockfish 1%  -  RandomOpponent

PGN-File: C:\Program Files (x86)\Arena\Tournaments\Engine Battle 20251106.pgn

No:  B/W 1/2     W:B       1:2           Time        Value Moves Dep 1:2       1-2-Draws
   4 B 1    1.0:0.0        4.0:0.0       9:13:43 AM      -M1    15 25.733 :0 4-0-0

--------------------------------------------------------------

Engine-Match Thursday, November 6, 2025 9:13:45 AM
 Blitz 10/1 

Pairing 28/28 :    MaterialOpponent  -  VPR_v8.1

PGN-File: C:\Program Files (x86)\Arena\Tournaments\Engine Battle 20251106.pgn

No:  B/W 1/2     W:B       1:2           Time        Value Moves Dep 1:2       1-2-Draws
   4 = =    2.0:2.0        2.0:2.0       9:13:59 AM     0.00     7 6.000 :6.000  0-0-4

--------------------------------------------------------------

Engine-Match Thursday, November 6, 2025 9:14:00 AM
 Blitz 10/1 

Pairing 1/28 :    V7P3R_v14.0  -  VPR_v9.0

PGN-File: C:\Program Files (x86)\Arena\Tournaments\Engine Battle 20251106.pgn

No:  B/W 1/2     W:B       1:2           Time        Value Moves Dep 1:2       1-2-Draws
   5 W 1    2.0:1.0        4.0:1.0       9:23:01 AM     0.00    22 4.895 :6.000  3-0-2

--------------------------------------------------------------

Engine-Match Thursday, November 6, 2025 9:23:02 AM
 Blitz 10/1 

Pairing 2/28 :    RandomOpponent  -  C0BR4_v3.1

PGN-File: C:\Program Files (x86)\Arena\Tournaments\Engine Battle 20251106.pgn

No:  B/W 1/2     W:B       1:2           Time        Value Moves Dep 1:2       1-2-Draws
   5 B 2    1.0:0.0        0.0:5.0       9:23:17 AM  -299.97    13 0:3.833  0-5-0

--------------------------------------------------------------

Engine-Match Thursday, November 6, 2025 9:23:18 AM
 Blitz 10/1 

Pairing 3/28 :    SlowMate_v3.1  -  MaterialOpponent

PGN-File: C:\Program Files (x86)\Arena\Tournaments\Engine Battle 20251106.pgn

No:  B/W 1/2     W:B       1:2           Time        Value Moves Dep 1:2       1-2-Draws
   5 B 2    2.0:1.0        1.0:4.0       9:29:04 AM  -299.99    28 3.750 :6.000  0-3-2

--------------------------------------------------------------

Engine-Match Thursday, November 6, 2025 9:29:06 AM
 Blitz 10/1 

Pairing 4/28 :    VPR_v8.1  -  Stockfish 1%

PGN-File: C:\Program Files (x86)\Arena\Tournaments\Engine Battle 20251106.pgn

No:  B/W 1/2     W:B       1:2           Time        Value Moves Dep 1:2       1-2-Draws
   5 B 2    1.0:0.0        0.0:5.0       9:29:48 AM      -M1    19 6.000 :23.824  0-5-0

--------------------------------------------------------------

Engine-Match Thursday, November 6, 2025 9:29:50 AM
 Blitz 10/1 

Pairing 5/28 :    RandomOpponent  -  V7P3R_v14.0

PGN-File: C:\Program Files (x86)\Arena\Tournaments\Engine Battle 20251106.pgn

No:  B/W 1/2     W:B       1:2           Time        Value Moves Dep 1:2       1-2-Draws
   5 B 2    1.0:0.0        0.0:5.0       9:33:50 AM  -289.98    16 0:5.000  0-5-0

--------------------------------------------------------------

Engine-Match Thursday, November 6, 2025 9:33:52 AM
 Blitz 10/1 

Pairing 6/28 :    MaterialOpponent  -  VPR_v9.0

PGN-File: C:\Program Files (x86)\Arena\Tournaments\Engine Battle 20251106.pgn

No:  B/W 1/2     W:B       1:2           Time        Value Moves Dep 1:2       1-2-Draws
   5 W 1    1.5:0.5        4.5:0.5       9:36:42 AM    +9.82    19 6.000 :6.000  4-0-1

--------------------------------------------------------------

Engine-Match Thursday, November 6, 2025 9:36:44 AM
 Blitz 10/1 

Pairing 7/28 :    C0BR4_v3.1  -  VPR_v8.1

PGN-File: C:\Program Files (x86)\Arena\Tournaments\Engine Battle 20251106.pgn

No:  B/W 1/2     W:B       1:2           Time        Value Moves Dep 1:2       1-2-Draws
   5 = =    2.5:2.5        2.5:2.5       9:38:58 AM    +4.75    55 4.000 :6.000  0-0-5

--------------------------------------------------------------

Engine-Match Thursday, November 6, 2025 9:39:00 AM
 Blitz 10/1 

Pairing 8/28 :    Stockfish 1%  -  SlowMate_v3.1

PGN-File: C:\Program Files (x86)\Arena\Tournaments\Engine Battle 20251106.pgn

No:  B/W 1/2     W:B       1:2           Time        Value Moves Dep 1:2       1-2-Draws
   5 W 1    1.0:0.0        5.0:0.0       9:43:38 AM      +M1    24 17.864 :4.174  5-0-0

--------------------------------------------------------------

Engine-Match Thursday, November 6, 2025 9:43:45 AM
 Blitz 10/1 

Pairing 9/28 :    V7P3R_v14.0  -  MaterialOpponent

PGN-File: C:\Program Files (x86)\Arena\Tournaments\Engine Battle 20251106.pgn

No:  B/W 1/2     W:B       1:2           Time        Value Moves Dep 1:2       1-2-Draws
   5 = =    1.5:1.5        1.5:3.5       9:56:24 AM    +3.48    50 3.844 :6.000  0-2-3

--------------------------------------------------------------

Engine-Match Thursday, November 6, 2025 9:56:25 AM
 Blitz 10/1 

Pairing 10/28 :    VPR_v8.1  -  RandomOpponent

PGN-File: C:\Program Files (x86)\Arena\Tournaments\Engine Battle 20251106.pgn

No:  B/W 1/2     W:B       1:2           Time        Value Moves Dep 1:2       1-2-Draws
   5 W 1    1.0:0.0        5.0:0.0       9:57:31 AM  +299.99    33 6.000 :0 5-0-0

--------------------------------------------------------------

Engine-Match Thursday, November 6, 2025 9:57:33 AM
 Blitz 10/1 

Pairing 11/28 :    VPR_v9.0  -  Stockfish 1%

PGN-File: C:\Program Files (x86)\Arena\Tournaments\Engine Battle 20251106.pgn

No:  B/W 1/2     W:B       1:2           Time        Value Moves Dep 1:2       1-2-Draws
   5 B 2    1.5:0.5        0.5:4.5       9:59:17 AM   -19.73    24 6.000 :17.227  0-4-1

--------------------------------------------------------------

Engine-Match Thursday, November 6, 2025 9:59:18 AM
 Blitz 10/1 

Pairing 12/28 :    SlowMate_v3.1  -  C0BR4_v3.1

PGN-File: C:\Program Files (x86)\Arena\Tournaments\Engine Battle 20251106.pgn

No:  B/W 1/2     W:B       1:2           Time        Value Moves Dep 1:2       1-2-Draws
   5 = =    2.0:2.0        2.0:3.0       10:07:57 AM    -0.16    61 3.963 :4.000  0-1-4

--------------------------------------------------------------

Engine-Match Thursday, November 6, 2025 10:07:58 AM
 Blitz 10/1 

Pairing 13/28 :    VPR_v8.1  -  V7P3R_v14.0

PGN-File: C:\Program Files (x86)\Arena\Tournaments\Engine Battle 20251106.pgn

No:  B/W 1/2     W:B       1:2           Time        Value Moves Dep 1:2       1-2-Draws
   5 = =    2.0:2.0        3.0:2.0       10:15:22 AM    -3.97    30 6.000 :4.421  1-0-4

--------------------------------------------------------------

Engine-Match Thursday, November 6, 2025 10:15:23 AM
 Blitz 10/1 

Pairing 14/28 :    Stockfish 1%  -  MaterialOpponent

PGN-File: C:\Program Files (x86)\Arena\Tournaments\Engine Battle 20251106.pgn

No:  B/W 1/2     W:B       1:2           Time        Value Moves Dep 1:2       1-2-Draws
   5 W 1    2.0:1.0        4.0:1.0       10:18:23 AM    +9.05   128 17.143 :6.000  3-0-2

--------------------------------------------------------------

Engine-Match Thursday, November 6, 2025 10:18:25 AM
 Blitz 10/1 

Pairing 15/28 :    RandomOpponent  -  SlowMate_v3.1

PGN-File: C:\Program Files (x86)\Arena\Tournaments\Engine Battle 20251106.pgn

No:  B/W 1/2     W:B       1:2           Time        Value Moves Dep 1:2       1-2-Draws
   5 B 2    2.5:1.5        1.5:3.5       10:24:02 AM  -187.14    30 0:3.533  0-2-3

--------------------------------------------------------------

Engine-Match Thursday, November 6, 2025 10:24:03 AM
 Blitz 10/1 

Pairing 16/28 :    C0BR4_v3.1  -  VPR_v9.0

PGN-File: C:\Program Files (x86)\Arena\Tournaments\Engine Battle 20251106.pgn

No:  B/W 1/2     W:B       1:2           Time        Value Moves Dep 1:2       1-2-Draws
   5 W 1    2.0:1.0        4.0:1.0       10:26:34 AM    +9.57    23 4.000 :6.000  3-0-2

--------------------------------------------------------------

Engine-Match Thursday, November 6, 2025 10:26:36 AM
 Blitz 10/1 

Pairing 17/28 :    V7P3R_v14.0  -  Stockfish 1%

PGN-File: C:\Program Files (x86)\Arena\Tournaments\Engine Battle 20251106.pgn

No:  B/W 1/2     W:B       1:2           Time        Value Moves Dep 1:2       1-2-Draws
   5 B 2    1.0:0.0        0.0:5.0       10:32:44 AM      -M1    35 4.842 :15.320  0-5-0

--------------------------------------------------------------

Engine-Match Thursday, November 6, 2025 10:32:45 AM
 Blitz 10/1 

Pairing 18/28 :    SlowMate_v3.1  -  VPR_v8.1

PGN-File: C:\Program Files (x86)\Arena\Tournaments\Engine Battle 20251106.pgn

No:  B/W 1/2     W:B       1:2           Time        Value Moves Dep 1:2       1-2-Draws
   5 = =    2.5:2.5        2.5:2.5       10:38:08 AM    +1.16    25 3.760 :6.000  0-0-5

--------------------------------------------------------------

Engine-Match Thursday, November 6, 2025 10:38:09 AM
 Blitz 10/1 

Pairing 19/28 :    MaterialOpponent  -  C0BR4_v3.1

PGN-File: C:\Program Files (x86)\Arena\Tournaments\Engine Battle 20251106.pgn

No:  B/W 1/2     W:B       1:2           Time        Value Moves Dep 1:2       1-2-Draws
   5 B 2    2.0:1.0        2.0:3.0       10:39:00 AM   -18.00    25 6.000 :4.000  1-2-2

--------------------------------------------------------------

Engine-Match Thursday, November 6, 2025 10:39:02 AM
 Blitz 10/1 

Pairing 20/28 :    VPR_v9.0  -  RandomOpponent

PGN-File: C:\Program Files (x86)\Arena\Tournaments\Engine Battle 20251106.pgn

No:  B/W 1/2     W:B       1:2           Time        Value Moves Dep 1:2       1-2-Draws
   5 = =    0.5:0.5        4.5:0.5       10:40:29 AM     0.00    41 6.000 :0 4-0-1

--------------------------------------------------------------

Engine-Match Thursday, November 6, 2025 10:40:30 AM
 Blitz 10/1 

Pairing 21/28 :    SlowMate_v3.1  -  V7P3R_v14.0

PGN-File: C:\Program Files (x86)\Arena\Tournaments\Engine Battle 20251106.pgn

No:  B/W 1/2     W:B       1:2           Time        Value Moves Dep 1:2       1-2-Draws
   5 = =    1.5:1.5        1.5:3.5       10:58:41 AM    +5.94    71 4.438 :5.444  0-2-3

--------------------------------------------------------------

Engine-Match Thursday, November 6, 2025 10:58:43 AM
 Blitz 10/1 

Pairing 22/28 :    C0BR4_v3.1  -  Stockfish 1%

PGN-File: C:\Program Files (x86)\Arena\Tournaments\Engine Battle 20251106.pgn

No:  B/W 1/2     W:B       1:2           Time        Value Moves Dep 1:2       1-2-Draws
   5 B 2    1.0:0.0        0.0:5.0       10:59:12 AM      -M1    24 4.000 :18.619  0-5-0

--------------------------------------------------------------

Engine-Match Thursday, November 6, 2025 10:59:13 AM
 Blitz 10/1 

Pairing 23/28 :    VPR_v8.1  -  VPR_v9.0

PGN-File: C:\Program Files (x86)\Arena\Tournaments\Engine Battle 20251106.pgn

No:  B/W 1/2     W:B       1:2           Time        Value Moves Dep 1:2       1-2-Draws
   5 W 1    1.0:0.0        5.0:0.0       11:01:17 AM   +10.83    15 6.000 :6.000  5-0-0

--------------------------------------------------------------

Engine-Match Thursday, November 6, 2025 11:01:18 AM
 Blitz 10/1 

Pairing 24/28 :    RandomOpponent  -  MaterialOpponent

PGN-File: C:\Program Files (x86)\Arena\Tournaments\Engine Battle 20251106.pgn

No:  B/W 1/2     W:B       1:2           Time        Value Moves Dep 1:2       1-2-Draws
   5 B 2    1.0:0.0        0.0:5.0       11:01:28 AM  -299.99     9 0:6.000  0-5-0

--------------------------------------------------------------

Engine-Match Thursday, November 6, 2025 11:01:29 AM
 Blitz 10/1 

Pairing 25/28 :    V7P3R_v14.0  -  C0BR4_v3.1

PGN-File: C:\Program Files (x86)\Arena\Tournaments\Engine Battle 20251106.pgn

No:  B/W 1/2     W:B       1:2           Time        Value Moves Dep 1:2       1-2-Draws
   5 W 1    1.0:0.0        2.0:3.0       11:09:51 AM     0.00    41 4.783 :4.000  2-3-0

--------------------------------------------------------------

Engine-Match Thursday, November 6, 2025 11:09:53 AM
 Blitz 10/1 

Pairing 26/28 :    VPR_v9.0  -  SlowMate_v3.1

PGN-File: C:\Program Files (x86)\Arena\Tournaments\Engine Battle 20251106.pgn

No:  B/W 1/2     W:B       1:2           Time        Value Moves Dep 1:2       1-2-Draws
   5 W 1    1.0:0.0        5.0:0.0       11:14:19 AM  +299.99    16 6.000 :4.333  5-0-0

--------------------------------------------------------------

Engine-Match Thursday, November 6, 2025 11:14:21 AM
 Blitz 10/1 

Pairing 27/28 :    Stockfish 1%  -  RandomOpponent

PGN-File: C:\Program Files (x86)\Arena\Tournaments\Engine Battle 20251106.pgn

No:  B/W 1/2     W:B       1:2           Time        Value Moves Dep 1:2       1-2-Draws
   5 W 1    1.0:0.0        5.0:0.0       11:14:34 AM      +M1    15 25.200 :0 5-0-0

--------------------------------------------------------------

Engine-Match Thursday, November 6, 2025 11:14:35 AM
 Blitz 10/1 

Pairing 28/28 :    MaterialOpponent  -  VPR_v8.1

PGN-File: C:\Program Files (x86)\Arena\Tournaments\Engine Battle 20251106.pgn

No:  B/W 1/2     W:B       1:2           Time        Value Moves Dep 1:2       1-2-Draws
   5 = =    2.5:2.5        2.5:2.5       11:14:49 AM     0.00     7 6.000 :6.000  0-0-5
