Engine-Match Thursday, November 6, 2025 5:30:58 PM
 Blitz 5/5 

Pairing 1/21 :    C0BR4_v3.1  -  SlowMate_v3.1

PGN-File: C:\Program Files (x86)\Arena\Tournaments\Engine Battle 20251106_2.pgn

No:  B/W 1/2     W:B       1:2           Time        Value Moves Dep 1:2       1-2-Draws
   1 W 1    1.0:0.0        1.0:0.0       5:33:47 PM  +299.97    16 3.867 :3.733  1-0-0

--------------------------------------------------------------

Engine-Match Thursday, November 6, 2025 5:33:48 PM
 Blitz 5/5 

Pairing 2/21 :    RandomOpponent  -  V7P3R_v14.0

PGN-File: C:\Program Files (x86)\Arena\Tournaments\Engine Battle 20251106_2.pgn

No:  B/W 1/2     W:B       1:2           Time        Value Moves Dep 1:2       1-2-Draws
   1 B 2    1.0:0.0        0.0:1.0       5:34:48 PM  -289.99     6 0:4.500  0-1-0

--------------------------------------------------------------

Engine-Match Thursday, November 6, 2025 5:34:49 PM
 Blitz 5/5 

Pairing 3/21 :    V7P3R_v14.1  -  MaterialOpponent

PGN-File: C:\Program Files (x86)\Arena\Tournaments\Engine Battle 20251106_2.pgn

No:  B/W 1/2     W:B       1:2           Time        Value Moves Dep 1:2       1-2-Draws
   1 = =    0.5:0.5        0.5:0.5       5:40:41 PM    -4.08    48 4.217 :6.000  0-0-1

--------------------------------------------------------------

Engine-Match Thursday, November 6, 2025 5:40:42 PM
 Blitz 5/5 

Pairing 4/21 :    Stockfish 1%  -  RandomOpponent

PGN-File: C:\Program Files (x86)\Arena\Tournaments\Engine Battle 20251106_2.pgn

No:  B/W 1/2     W:B       1:2           Time        Value Moves Dep 1:2       1-2-Draws
   1 W 1    1.0:0.0        1.0:0.0       5:41:00 PM      +M1     8 20.625 :0 1-0-0

--------------------------------------------------------------

Engine-Match Thursday, November 6, 2025 5:41:02 PM
 Blitz 5/5 

Pairing 5/21 :    MaterialOpponent  -  C0BR4_v3.1

PGN-File: C:\Program Files (x86)\Arena\Tournaments\Engine Battle 20251106_2.pgn

No:  B/W 1/2     W:B       1:2           Time        Value Moves Dep 1:2       1-2-Draws
   1 W 1    1.0:0.0        1.0:0.0       5:43:23 PM  +299.99    45 6.000 :3.977  1-0-0

--------------------------------------------------------------

Engine-Match Thursday, November 6, 2025 5:43:24 PM
 Blitz 5/5 

Pairing 6/21 :    V7P3R_v14.0  -  V7P3R_v14.1

PGN-File: C:\Program Files (x86)\Arena\Tournaments\Engine Battle 20251106_2.pgn

No:  B/W 1/2     W:B       1:2           Time        Value Moves Dep 1:2       1-2-Draws
   1 = =    0.5:0.5        0.5:0.5       5:52:27 PM   +15.68    57 5.118 :4.538  0-0-1

--------------------------------------------------------------

Engine-Match Thursday, November 6, 2025 5:52:28 PM
 Blitz 5/5 

Pairing 7/21 :    SlowMate_v3.1  -  MaterialOpponent

PGN-File: C:\Program Files (x86)\Arena\Tournaments\Engine Battle 20251106_2.pgn

No:  B/W 1/2     W:B       1:2           Time        Value Moves Dep 1:2       1-2-Draws
   1 = =    0.5:0.5        0.5:0.5       5:57:06 PM    +3.32    24 3.708 :6.000  0-0-1

--------------------------------------------------------------

Engine-Match Thursday, November 6, 2025 5:57:07 PM
 Blitz 5/5 

Pairing 8/21 :    V7P3R_v14.1  -  Stockfish 1%

PGN-File: C:\Program Files (x86)\Arena\Tournaments\Engine Battle 20251106_2.pgn

No:  B/W 1/2     W:B       1:2           Time        Value Moves Dep 1:2       1-2-Draws
   1 = =    0.5:0.5        0.5:0.5       6:03:34 PM     0.00    81 4.258 :16.167  0-0-1

--------------------------------------------------------------

Engine-Match Thursday, November 6, 2025 6:03:36 PM
 Blitz 5/5 

Pairing 9/21 :    C0BR4_v3.1  -  V7P3R_v14.0

PGN-File: C:\Program Files (x86)\Arena\Tournaments\Engine Battle 20251106_2.pgn

No:  B/W 1/2     W:B       1:2           Time        Value Moves Dep 1:2       1-2-Draws
   1 B 2    1.0:0.0        0.0:1.0       6:09:01 PM   -15.11    40 4.000 :4.563  0-1-0

--------------------------------------------------------------

Engine-Match Thursday, November 6, 2025 6:09:02 PM
 Blitz 5/5 

Pairing 10/21 :    RandomOpponent  -  V7P3R_v14.1

PGN-File: C:\Program Files (x86)\Arena\Tournaments\Engine Battle 20251106_2.pgn

No:  B/W 1/2     W:B       1:2           Time        Value Moves Dep 1:2       1-2-Draws
   1 B 2    1.0:0.0        0.0:1.0       6:10:29 PM     0.00    15 0:4.154  0-1-0

--------------------------------------------------------------

Engine-Match Thursday, November 6, 2025 6:10:30 PM
 Blitz 5/5 

Pairing 11/21 :    V7P3R_v14.0  -  SlowMate_v3.1

PGN-File: C:\Program Files (x86)\Arena\Tournaments\Engine Battle 20251106_2.pgn

No:  B/W 1/2     W:B       1:2           Time        Value Moves Dep 1:2       1-2-Draws
   1 = =    0.5:0.5        0.5:0.5       6:25:57 PM     0.00    56 4.222 :3.455  0-0-1

--------------------------------------------------------------

Engine-Match Thursday, November 6, 2025 6:25:59 PM
 Blitz 5/5 

Pairing 12/21 :    Stockfish 1%  -  C0BR4_v3.1

PGN-File: C:\Program Files (x86)\Arena\Tournaments\Engine Battle 20251106_2.pgn

No:  B/W 1/2     W:B       1:2           Time        Value Moves Dep 1:2       1-2-Draws
   1 = =    0.5:0.5        0.5:0.5       6:32:11 PM     0.00   149 15.000 :4.000  0-0-1

--------------------------------------------------------------

Engine-Match Thursday, November 6, 2025 6:32:12 PM
 Blitz 5/5 

Pairing 13/21 :    MaterialOpponent  -  V7P3R_v14.0

PGN-File: C:\Program Files (x86)\Arena\Tournaments\Engine Battle 20251106_2.pgn

No:  B/W 1/2     W:B       1:2           Time        Value Moves Dep 1:2       1-2-Draws
   1 W 1    1.0:0.0        1.0:0.0       6:36:37 PM  +299.99    25 6.000 :4.353  1-0-0

--------------------------------------------------------------

Engine-Match Thursday, November 6, 2025 6:36:39 PM
 Blitz 5/5 

Pairing 14/21 :    C0BR4_v3.1  -  RandomOpponent

PGN-File: C:\Program Files (x86)\Arena\Tournaments\Engine Battle 20251106_2.pgn

No:  B/W 1/2     W:B       1:2           Time        Value Moves Dep 1:2       1-2-Draws
   1 W 1    1.0:0.0        1.0:0.0       6:37:00 PM  +299.97    14 4.000 :0 1-0-0

--------------------------------------------------------------

Engine-Match Thursday, November 6, 2025 6:37:01 PM
 Blitz 5/5 

Pairing 15/21 :    SlowMate_v3.1  -  Stockfish 1%

PGN-File: C:\Program Files (x86)\Arena\Tournaments\Engine Battle 20251106_2.pgn

No:  B/W 1/2     W:B       1:2           Time        Value Moves Dep 1:2       1-2-Draws
   1 B 2    1.0:0.0        0.0:1.0       6:48:51 PM      -M1    89 3.628 :14.846  0-1-0

--------------------------------------------------------------

Engine-Match Thursday, November 6, 2025 6:48:52 PM
 Blitz 5/5 

Pairing 16/21 :    V7P3R_v14.1  -  C0BR4_v3.1

PGN-File: C:\Program Files (x86)\Arena\Tournaments\Engine Battle 20251106_2.pgn

No:  B/W 1/2     W:B       1:2           Time        Value Moves Dep 1:2       1-2-Draws
   1 = =    0.5:0.5        0.5:0.5       6:50:32 PM    -0.96    17 4.167 :4.000  0-0-1

--------------------------------------------------------------

Engine-Match Thursday, November 6, 2025 6:50:33 PM
 Blitz 5/5 

Pairing 17/21 :    Stockfish 1%  -  MaterialOpponent

PGN-File: C:\Program Files (x86)\Arena\Tournaments\Engine Battle 20251106_2.pgn

No:  B/W 1/2     W:B       1:2           Time        Value Moves Dep 1:2       1-2-Draws
   1 W 1    1.0:0.0        1.0:0.0       6:50:54 PM      +M1    11 22.556 :6.000  1-0-0

--------------------------------------------------------------

Engine-Match Thursday, November 6, 2025 6:50:55 PM
 Blitz 5/5 

Pairing 18/21 :    RandomOpponent  -  SlowMate_v3.1

PGN-File: C:\Program Files (x86)\Arena\Tournaments\Engine Battle 20251106_2.pgn

No:  B/W 1/2     W:B       1:2           Time        Value Moves Dep 1:2       1-2-Draws
   1 = =    0.5:0.5        0.5:0.5       6:55:48 PM  -200.00    30 0:4.167  0-0-1

--------------------------------------------------------------

Engine-Match Thursday, November 6, 2025 6:55:49 PM
 Blitz 5/5 

Pairing 19/21 :    V7P3R_v14.0  -  Stockfish 1%

PGN-File: C:\Program Files (x86)\Arena\Tournaments\Engine Battle 20251106_2.pgn

No:  B/W 1/2     W:B       1:2           Time        Value Moves Dep 1:2       1-2-Draws
   1 B 2    1.0:0.0        0.0:1.0       7:01:33 PM      -M1    33 4.269 :16.583  0-1-0

--------------------------------------------------------------

Engine-Match Thursday, November 6, 2025 7:01:35 PM
 Blitz 5/5 

Pairing 20/21 :    SlowMate_v3.1  -  V7P3R_v14.1

PGN-File: C:\Program Files (x86)\Arena\Tournaments\Engine Battle 20251106_2.pgn

No:  B/W 1/2     W:B       1:2           Time        Value Moves Dep 1:2       1-2-Draws
   1 = =    0.5:0.5        0.5:0.5       7:14:24 PM     0.00    56 4.146 :4.500  0-0-1

--------------------------------------------------------------

Engine-Match Thursday, November 6, 2025 7:14:35 PM
 Blitz 5/5 

Pairing 21/21 :    MaterialOpponent  -  RandomOpponent

PGN-File: C:\Program Files (x86)\Arena\Tournaments\Engine Battle 20251106_2.pgn

No:  B/W 1/2     W:B       1:2           Time        Value Moves Dep 1:2       1-2-Draws
   1 W 1    1.0:0.0        1.0:0.0       7:15:14 PM  +299.99    37 6.000 :0 1-0-0

--------------------------------------------------------------

Engine-Match Thursday, November 6, 2025 7:15:16 PM
 Blitz 5/5 

Pairing 1/21 :    C0BR4_v3.1  -  SlowMate_v3.1

PGN-File: C:\Program Files (x86)\Arena\Tournaments\Engine Battle 20251106_2.pgn

No:  B/W 1/2     W:B       1:2           Time        Value Moves Dep 1:2       1-2-Draws
   2 B 1    1.0:0.0        2.0:0.0       7:20:02 PM  -299.97    28 3.923 :4.321  2-0-0

--------------------------------------------------------------

Engine-Match Thursday, November 6, 2025 7:20:03 PM
 Blitz 5/5 

Pairing 2/21 :    RandomOpponent  -  V7P3R_v14.0

PGN-File: C:\Program Files (x86)\Arena\Tournaments\Engine Battle 20251106_2.pgn

No:  B/W 1/2     W:B       1:2           Time        Value Moves Dep 1:2       1-2-Draws
   2 W 2    1.0:0.0        0.0:2.0       7:21:03 PM     0.00     9 0:4.714  0-2-0

--------------------------------------------------------------

Engine-Match Thursday, November 6, 2025 7:21:05 PM
 Blitz 5/5 

Pairing 3/21 :    V7P3R_v14.1  -  MaterialOpponent

PGN-File: C:\Program Files (x86)\Arena\Tournaments\Engine Battle 20251106_2.pgn

No:  B/W 1/2     W:B       1:2           Time        Value Moves Dep 1:2       1-2-Draws
   2 W 2    1.5:0.5        0.5:1.5       7:25:54 PM  +299.99    34 4.261 :6.000  0-1-1

--------------------------------------------------------------

Engine-Match Thursday, November 6, 2025 7:25:55 PM
 Blitz 5/5 

Pairing 4/21 :    Stockfish 1%  -  RandomOpponent

PGN-File: C:\Program Files (x86)\Arena\Tournaments\Engine Battle 20251106_2.pgn

No:  B/W 1/2     W:B       1:2           Time        Value Moves Dep 1:2       1-2-Draws
   2 B 1    1.0:0.0        2.0:0.0       7:26:17 PM      -M1    16 17.643 :0 2-0-0

--------------------------------------------------------------

Engine-Match Thursday, November 6, 2025 7:26:18 PM
 Blitz 5/5 

Pairing 5/21 :    MaterialOpponent  -  C0BR4_v3.1

PGN-File: C:\Program Files (x86)\Arena\Tournaments\Engine Battle 20251106_2.pgn

No:  B/W 1/2     W:B       1:2           Time        Value Moves Dep 1:2       1-2-Draws
   2 = =    0.5:0.5        1.5:0.5       7:27:55 PM    +7.18    52 6.000 :4.000  1-0-1

--------------------------------------------------------------

Engine-Match Thursday, November 6, 2025 7:27:56 PM
 Blitz 5/5 

Pairing 6/21 :    V7P3R_v14.0  -  V7P3R_v14.1

PGN-File: C:\Program Files (x86)\Arena\Tournaments\Engine Battle 20251106_2.pgn

No:  B/W 1/2     W:B       1:2           Time        Value Moves Dep 1:2       1-2-Draws
   2 = =    1.0:1.0        1.0:1.0       7:37:40 PM    -0.08    57 4.313 :4.000  0-0-2

--------------------------------------------------------------

Engine-Match Thursday, November 6, 2025 7:37:41 PM
 Blitz 5/5 

Pairing 7/21 :    SlowMate_v3.1  -  MaterialOpponent

PGN-File: C:\Program Files (x86)\Arena\Tournaments\Engine Battle 20251106_2.pgn

No:  B/W 1/2     W:B       1:2           Time        Value Moves Dep 1:2       1-2-Draws
   2 = =    1.0:1.0        1.0:1.0       7:46:39 PM    +2.05    52 3.373 :6.000  0-0-2

--------------------------------------------------------------

Engine-Match Thursday, November 6, 2025 7:46:40 PM
 Blitz 5/5 

Pairing 8/21 :    V7P3R_v14.1  -  Stockfish 1%

PGN-File: C:\Program Files (x86)\Arena\Tournaments\Engine Battle 20251106_2.pgn

No:  B/W 1/2     W:B       1:2           Time        Value Moves Dep 1:2       1-2-Draws
   2 W 2    1.5:0.5        0.5:1.5       7:49:16 PM      +M1    25 4.444 :14.692  0-1-1

--------------------------------------------------------------

Engine-Match Thursday, November 6, 2025 7:49:17 PM
 Blitz 5/5 

Pairing 9/21 :    C0BR4_v3.1  -  V7P3R_v14.0

PGN-File: C:\Program Files (x86)\Arena\Tournaments\Engine Battle 20251106_2.pgn

No:  B/W 1/2     W:B       1:2           Time        Value Moves Dep 1:2       1-2-Draws
   2 = =    0.5:0.5        0.5:1.5       7:56:28 PM    +5.23    38 4.000 :4.586  0-1-1

--------------------------------------------------------------

Engine-Match Thursday, November 6, 2025 7:56:30 PM
 Blitz 5/5 

Pairing 10/21 :    RandomOpponent  -  V7P3R_v14.1

PGN-File: C:\Program Files (x86)\Arena\Tournaments\Engine Battle 20251106_2.pgn

No:  B/W 1/2     W:B       1:2           Time        Value Moves Dep 1:2       1-2-Draws
   2 W 2    1.0:0.0        0.0:2.0       7:57:17 PM     0.00     8 0:4.286  0-2-0

--------------------------------------------------------------

Engine-Match Thursday, November 6, 2025 7:57:19 PM
 Blitz 5/5 

Pairing 11/21 :    V7P3R_v14.0  -  SlowMate_v3.1

PGN-File: C:\Program Files (x86)\Arena\Tournaments\Engine Battle 20251106_2.pgn

No:  B/W 1/2     W:B       1:2           Time        Value Moves Dep 1:2       1-2-Draws
   2 = =    1.0:1.0        1.0:1.0       8:09:58 PM    +1.44    51 4.400 :4.250  0-0-2

--------------------------------------------------------------

Engine-Match Thursday, November 6, 2025 8:09:59 PM
 Blitz 5/5 

Pairing 12/21 :    Stockfish 1%  -  C0BR4_v3.1

PGN-File: C:\Program Files (x86)\Arena\Tournaments\Engine Battle 20251106_2.pgn

No:  B/W 1/2     W:B       1:2           Time        Value Moves Dep 1:2       1-2-Draws
   2 B 1    1.5:0.5        1.5:0.5       8:11:10 PM   -12.05    50 15.077 :4.000  1-0-1

--------------------------------------------------------------

Engine-Match Thursday, November 6, 2025 8:11:12 PM
 Blitz 5/5 

Pairing 13/21 :    MaterialOpponent  -  V7P3R_v14.0

PGN-File: C:\Program Files (x86)\Arena\Tournaments\Engine Battle 20251106_2.pgn

No:  B/W 1/2     W:B       1:2           Time        Value Moves Dep 1:2       1-2-Draws
   2 = =    0.5:0.5        1.5:0.5       8:18:06 PM    -1.25    41 6.000 :4.452  1-0-1

--------------------------------------------------------------

Engine-Match Thursday, November 6, 2025 8:18:07 PM
 Blitz 5/5 

Pairing 14/21 :    C0BR4_v3.1  -  RandomOpponent

PGN-File: C:\Program Files (x86)\Arena\Tournaments\Engine Battle 20251106_2.pgn

No:  B/W 1/2     W:B       1:2           Time        Value Moves Dep 1:2       1-2-Draws
   2 B 1    1.0:0.0        2.0:0.0       8:18:24 PM  -299.97     7 3.600 :0 2-0-0

--------------------------------------------------------------

Engine-Match Thursday, November 6, 2025 8:18:25 PM
 Blitz 5/5 

Pairing 15/21 :    SlowMate_v3.1  -  Stockfish 1%

PGN-File: C:\Program Files (x86)\Arena\Tournaments\Engine Battle 20251106_2.pgn

No:  B/W 1/2     W:B       1:2           Time        Value Moves Dep 1:2       1-2-Draws
   2 W 2    1.0:0.0        0.0:2.0       8:22:22 PM      +M1    24 4.000 :15.667  0-2-0

--------------------------------------------------------------

Engine-Match Thursday, November 6, 2025 8:22:23 PM
 Blitz 5/5 

Pairing 16/21 :    V7P3R_v14.1  -  C0BR4_v3.1

PGN-File: C:\Program Files (x86)\Arena\Tournaments\Engine Battle 20251106_2.pgn

No:  B/W 1/2     W:B       1:2           Time        Value Moves Dep 1:2       1-2-Draws
   2 B 1    1.5:0.5        1.5:0.5       8:27:10 PM   -13.74    53 4.318 :4.000  1-0-1

--------------------------------------------------------------

Engine-Match Thursday, November 6, 2025 8:27:11 PM
 Blitz 5/5 

Pairing 17/21 :    Stockfish 1%  -  MaterialOpponent

PGN-File: C:\Program Files (x86)\Arena\Tournaments\Engine Battle 20251106_2.pgn

No:  B/W 1/2     W:B       1:2           Time        Value Moves Dep 1:2       1-2-Draws
   2 B 1    1.0:0.0        2.0:0.0       8:27:34 PM      -M1    12 21.100 :6.000  2-0-0

--------------------------------------------------------------

Engine-Match Thursday, November 6, 2025 8:27:35 PM
 Blitz 5/5 

Pairing 18/21 :    RandomOpponent  -  SlowMate_v3.1

PGN-File: C:\Program Files (x86)\Arena\Tournaments\Engine Battle 20251106_2.pgn

No:  B/W 1/2     W:B       1:2           Time        Value Moves Dep 1:2       1-2-Draws
   2 W 2    1.5:0.5        0.5:1.5       8:34:10 PM  +122.70    43 0:3.953  0-1-1

--------------------------------------------------------------

Engine-Match Thursday, November 6, 2025 8:34:11 PM
 Blitz 5/5 

Pairing 19/21 :    V7P3R_v14.0  -  Stockfish 1%

PGN-File: C:\Program Files (x86)\Arena\Tournaments\Engine Battle 20251106_2.pgn

No:  B/W 1/2     W:B       1:2           Time        Value Moves Dep 1:2       1-2-Draws
   2 = =    0.5:0.5        0.5:1.5       8:43:57 PM     0.00    83 4.267 :14.769  0-1-1

--------------------------------------------------------------

Engine-Match Thursday, November 6, 2025 8:44:08 PM
 Blitz 5/5 

Pairing 20/21 :    SlowMate_v3.1  -  V7P3R_v14.1

PGN-File: C:\Program Files (x86)\Arena\Tournaments\Engine Battle 20251106_2.pgn

No:  B/W 1/2     W:B       1:2           Time        Value Moves Dep 1:2       1-2-Draws
   2 W 2    1.5:0.5        0.5:1.5       8:50:05 PM  +289.98    22 3.905 :4.133  0-1-1

--------------------------------------------------------------

Engine-Match Thursday, November 6, 2025 8:50:07 PM
 Blitz 5/5 

Pairing 21/21 :    MaterialOpponent  -  RandomOpponent

PGN-File: C:\Program Files (x86)\Arena\Tournaments\Engine Battle 20251106_2.pgn

No:  B/W 1/2     W:B       1:2           Time        Value Moves Dep 1:2       1-2-Draws
   2 B 1    1.0:0.0        2.0:0.0       8:50:56 PM  -299.99    35 6.000 :0 2-0-0

--------------------------------------------------------------

Engine-Match Thursday, November 6, 2025 8:50:58 PM
 Blitz 5/5 

Pairing 1/21 :    C0BR4_v3.1  -  SlowMate_v3.1

PGN-File: C:\Program Files (x86)\Arena\Tournaments\Engine Battle 20251106_2.pgn

No:  B/W 1/2     W:B       1:2           Time        Value Moves Dep 1:2       1-2-Draws
   3 W 1    1.0:0.0        3.0:0.0       8:53:14 PM  +299.97    12 4.000 :3.636  3-0-0

--------------------------------------------------------------

Engine-Match Thursday, November 6, 2025 8:53:15 PM
 Blitz 5/5 

Pairing 2/21 :    RandomOpponent  -  V7P3R_v14.0

PGN-File: C:\Program Files (x86)\Arena\Tournaments\Engine Battle 20251106_2.pgn

No:  B/W 1/2     W:B       1:2           Time        Value Moves Dep 1:2       1-2-Draws
   3 B 2    1.0:0.0        0.0:3.0       8:56:31 PM  -289.98    21 0:4.722  0-3-0

--------------------------------------------------------------

Engine-Match Thursday, November 6, 2025 8:56:33 PM
 Blitz 5/5 

Pairing 3/21 :    V7P3R_v14.1  -  MaterialOpponent

PGN-File: C:\Program Files (x86)\Arena\Tournaments\Engine Battle 20251106_2.pgn

No:  B/W 1/2     W:B       1:2           Time        Value Moves Dep 1:2       1-2-Draws
   3 B 2    1.5:0.5        0.5:2.5       9:05:04 PM   -21.74    85 4.245 :6.000  0-2-1

--------------------------------------------------------------

Engine-Match Thursday, November 6, 2025 9:05:06 PM
 Blitz 5/5 

Pairing 4/21 :    Stockfish 1%  -  RandomOpponent

PGN-File: C:\Program Files (x86)\Arena\Tournaments\Engine Battle 20251106_2.pgn

No:  B/W 1/2     W:B       1:2           Time        Value Moves Dep 1:2       1-2-Draws
   3 W 1    1.0:0.0        3.0:0.0       9:05:26 PM      +M1    12 22.667 :0 3-0-0

--------------------------------------------------------------

Engine-Match Thursday, November 6, 2025 9:05:28 PM
 Blitz 5/5 

Pairing 5/21 :    MaterialOpponent  -  C0BR4_v3.1

PGN-File: C:\Program Files (x86)\Arena\Tournaments\Engine Battle 20251106_2.pgn

No:  B/W 1/2     W:B       1:2           Time        Value Moves Dep 1:2       1-2-Draws
   3 W 1    1.5:0.5        2.5:0.5       9:07:46 PM  +299.99    45 6.000 :3.977  2-0-1

--------------------------------------------------------------

Engine-Match Thursday, November 6, 2025 9:07:47 PM
 Blitz 5/5 

Pairing 6/21 :    V7P3R_v14.0  -  V7P3R_v14.1

PGN-File: C:\Program Files (x86)\Arena\Tournaments\Engine Battle 20251106_2.pgn

No:  B/W 1/2     W:B       1:2           Time        Value Moves Dep 1:2       1-2-Draws
   3 = =    1.5:1.5        1.5:1.5       9:15:39 PM    +8.58    44 5.118 :4.538  0-0-3

--------------------------------------------------------------

Engine-Match Thursday, November 6, 2025 9:15:40 PM
 Blitz 5/5 

Pairing 7/21 :    SlowMate_v3.1  -  MaterialOpponent

PGN-File: C:\Program Files (x86)\Arena\Tournaments\Engine Battle 20251106_2.pgn

No:  B/W 1/2     W:B       1:2           Time        Value Moves Dep 1:2       1-2-Draws
   3 = =    1.5:1.5        1.5:1.5       9:20:20 PM    +3.32    24 3.708 :6.000  0-0-3

--------------------------------------------------------------

Engine-Match Thursday, November 6, 2025 9:20:21 PM
 Blitz 5/5 

Pairing 8/21 :    V7P3R_v14.1  -  Stockfish 1%

PGN-File: C:\Program Files (x86)\Arena\Tournaments\Engine Battle 20251106_2.pgn

No:  B/W 1/2     W:B       1:2           Time        Value Moves Dep 1:2       1-2-Draws
   3 B 2    1.5:0.5        0.5:2.5       9:23:28 PM      -M1    23 4.263 :16.100  0-2-1

--------------------------------------------------------------

Engine-Match Thursday, November 6, 2025 9:23:30 PM
 Blitz 5/5 

Pairing 9/21 :    C0BR4_v3.1  -  V7P3R_v14.0

PGN-File: C:\Program Files (x86)\Arena\Tournaments\Engine Battle 20251106_2.pgn

No:  B/W 1/2     W:B       1:2           Time        Value Moves Dep 1:2       1-2-Draws
   3 B 2    1.5:0.5        0.5:2.5       9:27:44 PM   -11.55    30 4.000 :4.444  0-2-1

--------------------------------------------------------------

Engine-Match Thursday, November 6, 2025 9:27:46 PM
 Blitz 5/5 

Pairing 10/21 :    RandomOpponent  -  V7P3R_v14.1

PGN-File: C:\Program Files (x86)\Arena\Tournaments\Engine Battle 20251106_2.pgn

No:  B/W 1/2     W:B       1:2           Time        Value Moves Dep 1:2       1-2-Draws
   3 B 2    1.0:0.0        0.0:3.0       9:29:03 PM  -289.98    11 0:4.500  0-3-0

--------------------------------------------------------------

Engine-Match Thursday, November 6, 2025 9:29:04 PM
 Blitz 5/5 

Pairing 11/21 :    V7P3R_v14.0  -  SlowMate_v3.1

PGN-File: C:\Program Files (x86)\Arena\Tournaments\Engine Battle 20251106_2.pgn

No:  B/W 1/2     W:B       1:2           Time        Value Moves Dep 1:2       1-2-Draws
   3 = =    1.5:1.5        1.5:1.5       9:40:59 PM    -0.60    39 4.500 :3.516  0-0-3

--------------------------------------------------------------

Engine-Match Thursday, November 6, 2025 9:41:01 PM
 Blitz 5/5 

Pairing 12/21 :    Stockfish 1%  -  C0BR4_v3.1

PGN-File: C:\Program Files (x86)\Arena\Tournaments\Engine Battle 20251106_2.pgn

No:  B/W 1/2     W:B       1:2           Time        Value Moves Dep 1:2       1-2-Draws
   3 W 1    1.5:0.5        2.5:0.5       9:41:55 PM    +9.10    70 15.850 :4.000  2-0-1

--------------------------------------------------------------

Engine-Match Thursday, November 6, 2025 9:41:57 PM
 Blitz 5/5 

Pairing 13/21 :    MaterialOpponent  -  V7P3R_v14.0

PGN-File: C:\Program Files (x86)\Arena\Tournaments\Engine Battle 20251106_2.pgn

No:  B/W 1/2     W:B       1:2           Time        Value Moves Dep 1:2       1-2-Draws
   3 W 1    1.5:0.5        2.5:0.5       9:45:57 PM  +299.99    25 6.000 :4.294  2-0-1

--------------------------------------------------------------

Engine-Match Thursday, November 6, 2025 9:45:59 PM
 Blitz 5/5 

Pairing 14/21 :    C0BR4_v3.1  -  RandomOpponent

PGN-File: C:\Program Files (x86)\Arena\Tournaments\Engine Battle 20251106_2.pgn

No:  B/W 1/2     W:B       1:2           Time        Value Moves Dep 1:2       1-2-Draws
   3 W 1    1.0:0.0        3.0:0.0       9:46:17 PM  +299.97    11 4.000 :0 3-0-0

--------------------------------------------------------------

Engine-Match Thursday, November 6, 2025 9:46:19 PM
 Blitz 5/5 

Pairing 15/21 :    SlowMate_v3.1  -  Stockfish 1%

PGN-File: C:\Program Files (x86)\Arena\Tournaments\Engine Battle 20251106_2.pgn

No:  B/W 1/2     W:B       1:2           Time        Value Moves Dep 1:2       1-2-Draws
   3 B 2    1.0:0.0        0.0:3.0       9:53:01 PM      -M1    43 3.488 :14.600  0-3-0

--------------------------------------------------------------

Engine-Match Thursday, November 6, 2025 9:53:02 PM
 Blitz 5/5 

Pairing 16/21 :    V7P3R_v14.1  -  C0BR4_v3.1

PGN-File: C:\Program Files (x86)\Arena\Tournaments\Engine Battle 20251106_2.pgn

No:  B/W 1/2     W:B       1:2           Time        Value Moves Dep 1:2       1-2-Draws
   3 = =    1.0:1.0        2.0:1.0       10:00:01 PM    -6.70    55 4.269 :4.000  1-0-2

--------------------------------------------------------------

Engine-Match Thursday, November 6, 2025 10:00:03 PM
 Blitz 5/5 

Pairing 17/21 :    Stockfish 1%  -  MaterialOpponent

PGN-File: C:\Program Files (x86)\Arena\Tournaments\Engine Battle 20251106_2.pgn

No:  B/W 1/2     W:B       1:2           Time        Value Moves Dep 1:2       1-2-Draws
   3 W 1    1.0:0.0        3.0:0.0       10:01:47 PM      +M1    26 17.250 :6.000  3-0-0

--------------------------------------------------------------

Engine-Match Thursday, November 6, 2025 10:01:48 PM
 Blitz 5/5 

Pairing 18/21 :    RandomOpponent  -  SlowMate_v3.1

PGN-File: C:\Program Files (x86)\Arena\Tournaments\Engine Battle 20251106_2.pgn

No:  B/W 1/2     W:B       1:2           Time        Value Moves Dep 1:2       1-2-Draws
   3 = =    1.0:1.0        1.0:2.0       10:07:10 PM  -200.00    34 0:4.176  0-1-2

--------------------------------------------------------------

Engine-Match Thursday, November 6, 2025 10:07:21 PM
 Blitz 5/5 

Pairing 19/21 :    V7P3R_v14.0  -  Stockfish 1%

PGN-File: C:\Program Files (x86)\Arena\Tournaments\Engine Battle 20251106_2.pgn

No:  B/W 1/2     W:B       1:2           Time        Value Moves Dep 1:2       1-2-Draws
   3 B 2    1.5:0.5        0.5:2.5       10:13:41 PM      -M1    43 4.333 :15.842  0-2-1

--------------------------------------------------------------

Engine-Match Thursday, November 6, 2025 10:13:42 PM
 Blitz 5/5 

Pairing 20/21 :    SlowMate_v3.1  -  V7P3R_v14.1

PGN-File: C:\Program Files (x86)\Arena\Tournaments\Engine Battle 20251106_2.pgn

No:  B/W 1/2     W:B       1:2           Time        Value Moves Dep 1:2       1-2-Draws
   3 = =    1.0:1.0        1.0:2.0       10:26:14 PM     0.00    53 4.122 :4.500  0-1-2

--------------------------------------------------------------

Engine-Match Thursday, November 6, 2025 10:26:15 PM
 Blitz 5/5 

Pairing 21/21 :    MaterialOpponent  -  RandomOpponent

PGN-File: C:\Program Files (x86)\Arena\Tournaments\Engine Battle 20251106_2.pgn

No:  B/W 1/2     W:B       1:2           Time        Value Moves Dep 1:2       1-2-Draws
   3 W 1    1.0:0.0        3.0:0.0       10:26:49 PM  +299.99    26 6.000 :0 3-0-0

--------------------------------------------------------------

Engine-Match Thursday, November 6, 2025 10:26:50 PM
 Blitz 5/5 

Pairing 1/21 :    C0BR4_v3.1  -  SlowMate_v3.1

PGN-File: C:\Program Files (x86)\Arena\Tournaments\Engine Battle 20251106_2.pgn

No:  B/W 1/2     W:B       1:2           Time        Value Moves Dep 1:2       1-2-Draws
   4 = =    0.5:0.5        3.5:0.5       10:35:06 PM    -3.68    51 4.000 :3.980  3-0-1

--------------------------------------------------------------

Engine-Match Thursday, November 6, 2025 10:35:08 PM
 Blitz 5/5 

Pairing 2/21 :    RandomOpponent  -  V7P3R_v14.0

PGN-File: C:\Program Files (x86)\Arena\Tournaments\Engine Battle 20251106_2.pgn

No:  B/W 1/2     W:B       1:2           Time        Value Moves Dep 1:2       1-2-Draws
   4 W 2    1.0:0.0        0.0:4.0       10:37:29 PM  +289.98    15 0:4.286  0-4-0

--------------------------------------------------------------

Engine-Match Thursday, November 6, 2025 10:37:31 PM
 Blitz 5/5 

Pairing 3/21 :    V7P3R_v14.1  -  MaterialOpponent

PGN-File: C:\Program Files (x86)\Arena\Tournaments\Engine Battle 20251106_2.pgn

No:  B/W 1/2     W:B       1:2           Time        Value Moves Dep 1:2       1-2-Draws
   4 W 2    1.5:0.5        0.5:3.5       10:42:51 PM   +28.30    51 4.136 :6.000  0-3-1

--------------------------------------------------------------

Engine-Match Thursday, November 6, 2025 10:42:52 PM
 Blitz 5/5 

Pairing 4/21 :    Stockfish 1%  -  RandomOpponent

PGN-File: C:\Program Files (x86)\Arena\Tournaments\Engine Battle 20251106_2.pgn

No:  B/W 1/2     W:B       1:2           Time        Value Moves Dep 1:2       1-2-Draws
   4 B 1    1.0:0.0        4.0:0.0       10:43:14 PM      -M1    14 17.154 :0 4-0-0

--------------------------------------------------------------

Engine-Match Thursday, November 6, 2025 10:43:15 PM
 Blitz 5/5 

Pairing 5/21 :    MaterialOpponent  -  C0BR4_v3.1

PGN-File: C:\Program Files (x86)\Arena\Tournaments\Engine Battle 20251106_2.pgn

No:  B/W 1/2     W:B       1:2           Time        Value Moves Dep 1:2       1-2-Draws
   4 W 2    1.5:0.5        2.5:1.5       10:45:22 PM  +299.94    40 6.000 :4.000  2-1-1

--------------------------------------------------------------

Engine-Match Thursday, November 6, 2025 10:45:23 PM
 Blitz 5/5 

Pairing 6/21 :    V7P3R_v14.0  -  V7P3R_v14.1

PGN-File: C:\Program Files (x86)\Arena\Tournaments\Engine Battle 20251106_2.pgn

No:  B/W 1/2     W:B       1:2           Time        Value Moves Dep 1:2       1-2-Draws
   4 = =    2.0:2.0        2.0:2.0       10:57:25 PM    +3.77    63 4.429 :4.200  0-0-4

--------------------------------------------------------------

Engine-Match Thursday, November 6, 2025 10:57:26 PM
 Blitz 5/5 

Pairing 7/21 :    SlowMate_v3.1  -  MaterialOpponent

PGN-File: C:\Program Files (x86)\Arena\Tournaments\Engine Battle 20251106_2.pgn

No:  B/W 1/2     W:B       1:2           Time        Value Moves Dep 1:2       1-2-Draws
   4 = =    2.0:2.0        2.0:2.0       11:06:19 PM    +2.05    52 3.412 :6.000  0-0-4

--------------------------------------------------------------

Engine-Match Thursday, November 6, 2025 11:06:20 PM
 Blitz 5/5 

Pairing 8/21 :    V7P3R_v14.1  -  Stockfish 1%

PGN-File: C:\Program Files (x86)\Arena\Tournaments\Engine Battle 20251106_2.pgn

No:  B/W 1/2     W:B       1:2           Time        Value Moves Dep 1:2       1-2-Draws
   4 W 2    1.5:0.5        0.5:3.5       11:09:42 PM      +M1    27 4.348 :16.438  0-3-1

--------------------------------------------------------------

Engine-Match Thursday, November 6, 2025 11:09:43 PM
 Blitz 5/5 

Pairing 9/21 :    C0BR4_v3.1  -  V7P3R_v14.0

PGN-File: C:\Program Files (x86)\Arena\Tournaments\Engine Battle 20251106_2.pgn

No:  B/W 1/2     W:B       1:2           Time        Value Moves Dep 1:2       1-2-Draws
   4 B 1    1.5:0.5        1.5:2.5       11:18:53 PM   -28.40    57 4.000 :4.424  1-2-1

--------------------------------------------------------------

Engine-Match Thursday, November 6, 2025 11:18:54 PM
 Blitz 5/5 

Pairing 10/21 :    RandomOpponent  -  V7P3R_v14.1

PGN-File: C:\Program Files (x86)\Arena\Tournaments\Engine Battle 20251106_2.pgn

No:  B/W 1/2     W:B       1:2           Time        Value Moves Dep 1:2       1-2-Draws
   4 W 2    1.0:0.0        0.0:4.0       11:22:10 PM  +289.98    22 0:4.450  0-4-0

--------------------------------------------------------------

Engine-Match Thursday, November 6, 2025 11:22:11 PM
 Blitz 5/5 

Pairing 11/21 :    V7P3R_v14.0  -  SlowMate_v3.1

PGN-File: C:\Program Files (x86)\Arena\Tournaments\Engine Battle 20251106_2.pgn

No:  B/W 1/2     W:B       1:2           Time        Value Moves Dep 1:2       1-2-Draws
   4 = =    2.0:2.0        2.0:2.0       11:40:44 PM     0.00    74 4.444 :4.036  0-0-4

--------------------------------------------------------------

Engine-Match Thursday, November 6, 2025 11:40:45 PM
 Blitz 5/5 

Pairing 12/21 :    Stockfish 1%  -  C0BR4_v3.1

PGN-File: C:\Program Files (x86)\Arena\Tournaments\Engine Battle 20251106_2.pgn

No:  B/W 1/2     W:B       1:2           Time        Value Moves Dep 1:2       1-2-Draws
   4 B 1    1.5:0.5        3.5:0.5       11:42:00 PM      -M1    50 16.077 :3.979  3-0-1

--------------------------------------------------------------

Engine-Match Thursday, November 6, 2025 11:42:01 PM
 Blitz 5/5 

Pairing 13/21 :    MaterialOpponent  -  V7P3R_v14.0

PGN-File: C:\Program Files (x86)\Arena\Tournaments\Engine Battle 20251106_2.pgn

No:  B/W 1/2     W:B       1:2           Time        Value Moves Dep 1:2       1-2-Draws
   4 = =    1.0:1.0        3.0:1.0       11:47:07 PM     0.00    21 6.000 :4.438  2-0-2

--------------------------------------------------------------

Engine-Match Thursday, November 6, 2025 11:47:08 PM
 Blitz 5/5 

Pairing 14/21 :    C0BR4_v3.1  -  RandomOpponent

PGN-File: C:\Program Files (x86)\Arena\Tournaments\Engine Battle 20251106_2.pgn

No:  B/W 1/2     W:B       1:2           Time        Value Moves Dep 1:2       1-2-Draws
   4 B 1    1.0:0.0        4.0:0.0       11:47:26 PM  -299.97     8 4.000 :0 4-0-0

--------------------------------------------------------------

Engine-Match Thursday, November 6, 2025 11:47:27 PM
 Blitz 5/5 

Pairing 15/21 :    SlowMate_v3.1  -  Stockfish 1%

PGN-File: C:\Program Files (x86)\Arena\Tournaments\Engine Battle 20251106_2.pgn

No:  B/W 1/2     W:B       1:2           Time        Value Moves Dep 1:2       1-2-Draws
   4 W 2    1.0:0.0        0.0:4.0       11:54:09 PM      +M1    44 3.667 :15.533  0-4-0

--------------------------------------------------------------

Engine-Match Thursday, November 6, 2025 11:54:10 PM
 Blitz 5/5 

Pairing 16/21 :    V7P3R_v14.1  -  C0BR4_v3.1

PGN-File: C:\Program Files (x86)\Arena\Tournaments\Engine Battle 20251106_2.pgn

No:  B/W 1/2     W:B       1:2           Time        Value Moves Dep 1:2       1-2-Draws
   4 B 1    2.0:1.0        3.0:1.0       12:00:05 AM     0.00    48 4.375 :4.000  2-0-2

--------------------------------------------------------------

Engine-Match Friday, November 7, 2025 12:00:06 AM
 Blitz 5/5 

Pairing 17/21 :    Stockfish 1%  -  MaterialOpponent

PGN-File: C:\Program Files (x86)\Arena\Tournaments\Engine Battle 20251106_2.pgn

No:  B/W 1/2     W:B       1:2           Time        Value Moves Dep 1:2       1-2-Draws
   4 B 1    1.0:0.0        4.0:0.0       12:01:37 AM  -299.96    37 17.000 :6.000  4-0-0

--------------------------------------------------------------

Engine-Match Friday, November 7, 2025 12:01:48 AM
 Blitz 5/5 

Pairing 18/21 :    RandomOpponent  -  SlowMate_v3.1

PGN-File: C:\Program Files (x86)\Arena\Tournaments\Engine Battle 20251106_2.pgn

No:  B/W 1/2     W:B       1:2           Time        Value Moves Dep 1:2       1-2-Draws
   4 = =    1.5:1.5        1.5:2.5       12:07:45 AM   +44.16    39 0:3.897  0-1-3

--------------------------------------------------------------

Engine-Match Friday, November 7, 2025 12:07:46 AM
 Blitz 5/5 

Pairing 19/21 :    V7P3R_v14.0  -  Stockfish 1%

PGN-File: C:\Program Files (x86)\Arena\Tournaments\Engine Battle 20251106_2.pgn

No:  B/W 1/2     W:B       1:2           Time        Value Moves Dep 1:2       1-2-Draws
   4 W 2    1.5:0.5        0.5:3.5       12:13:43 AM   +18.51    33 4.857 :14.095  0-3-1

--------------------------------------------------------------

Engine-Match Friday, November 7, 2025 12:13:45 AM
 Blitz 5/5 

Pairing 20/21 :    SlowMate_v3.1  -  V7P3R_v14.1

PGN-File: C:\Program Files (x86)\Arena\Tournaments\Engine Battle 20251106_2.pgn

No:  B/W 1/2     W:B       1:2           Time        Value Moves Dep 1:2       1-2-Draws
   4 = =    1.5:1.5        1.5:2.5       12:31:24 AM    -3.90    74 3.731 :3.905  0-1-3

--------------------------------------------------------------

Engine-Match Friday, November 7, 2025 12:31:25 AM
 Blitz 5/5 

Pairing 21/21 :    MaterialOpponent  -  RandomOpponent

PGN-File: C:\Program Files (x86)\Arena\Tournaments\Engine Battle 20251106_2.pgn

No:  B/W 1/2     W:B       1:2           Time        Value Moves Dep 1:2       1-2-Draws
   4 B 1    1.0:0.0        4.0:0.0       12:31:51 AM  -299.99    16 6.000 :0 4-0-0

--------------------------------------------------------------

Engine-Match Friday, November 7, 2025 12:31:53 AM
 Blitz 5/5 

Pairing 1/21 :    C0BR4_v3.1  -  SlowMate_v3.1

PGN-File: C:\Program Files (x86)\Arena\Tournaments\Engine Battle 20251106_2.pgn

No:  B/W 1/2     W:B       1:2           Time        Value Moves Dep 1:2       1-2-Draws
   5 = =    1.0:1.0        4.0:1.0       12:34:49 AM    +2.49    17 4.000 :4.813  3-0-2

--------------------------------------------------------------

Engine-Match Friday, November 7, 2025 12:34:50 AM
 Blitz 5/5 

Pairing 2/21 :    RandomOpponent  -  V7P3R_v14.0

PGN-File: C:\Program Files (x86)\Arena\Tournaments\Engine Battle 20251106_2.pgn

No:  B/W 1/2     W:B       1:2           Time        Value Moves Dep 1:2       1-2-Draws
   5 B 2    1.0:0.0        0.0:5.0       12:37:57 AM  -289.98    20 0:5.176  0-5-0

--------------------------------------------------------------

Engine-Match Friday, November 7, 2025 12:37:58 AM
 Blitz 5/5 

Pairing 3/21 :    V7P3R_v14.1  -  MaterialOpponent

PGN-File: C:\Program Files (x86)\Arena\Tournaments\Engine Battle 20251106_2.pgn

No:  B/W 1/2     W:B       1:2           Time        Value Moves Dep 1:2       1-2-Draws
   5 = =    1.0:1.0        1.0:4.0       12:46:49 AM     0.00    72 4.250 :6.000  0-3-2

--------------------------------------------------------------

Engine-Match Friday, November 7, 2025 12:46:50 AM
 Blitz 5/5 

Pairing 4/21 :    Stockfish 1%  -  RandomOpponent

PGN-File: C:\Program Files (x86)\Arena\Tournaments\Engine Battle 20251106_2.pgn

No:  B/W 1/2     W:B       1:2           Time        Value Moves Dep 1:2       1-2-Draws
   5 W 1    1.0:0.0        5.0:0.0       12:47:13 AM      +M1    18 18.800 :0 5-0-0

--------------------------------------------------------------

Engine-Match Friday, November 7, 2025 12:47:15 AM
 Blitz 5/5 

Pairing 5/21 :    MaterialOpponent  -  C0BR4_v3.1

PGN-File: C:\Program Files (x86)\Arena\Tournaments\Engine Battle 20251106_2.pgn

No:  B/W 1/2     W:B       1:2           Time        Value Moves Dep 1:2       1-2-Draws
   5 = =    1.0:1.0        3.0:2.0       12:48:42 AM    +2.80    60 6.000 :4.000  2-1-2

--------------------------------------------------------------

Engine-Match Friday, November 7, 2025 12:48:44 AM
 Blitz 5/5 

Pairing 6/21 :    V7P3R_v14.0  -  V7P3R_v14.1

PGN-File: C:\Program Files (x86)\Arena\Tournaments\Engine Battle 20251106_2.pgn

No:  B/W 1/2     W:B       1:2           Time        Value Moves Dep 1:2       1-2-Draws
   5 W 1    3.0:2.0        3.0:2.0       12:59:30 AM     0.00    68 5.063 :4.692  1-0-4

--------------------------------------------------------------

Engine-Match Friday, November 7, 2025 12:59:32 AM
 Blitz 5/5 

Pairing 7/21 :    SlowMate_v3.1  -  MaterialOpponent

PGN-File: C:\Program Files (x86)\Arena\Tournaments\Engine Battle 20251106_2.pgn

No:  B/W 1/2     W:B       1:2           Time        Value Moves Dep 1:2       1-2-Draws
   5 = =    2.5:2.5        2.5:2.5       1:04:13 AM    +3.32    24 3.667 :6.000  0-0-5

--------------------------------------------------------------

Engine-Match Friday, November 7, 2025 1:04:14 AM
 Blitz 5/5 

Pairing 8/21 :    V7P3R_v14.1  -  Stockfish 1%

PGN-File: C:\Program Files (x86)\Arena\Tournaments\Engine Battle 20251106_2.pgn

No:  B/W 1/2     W:B       1:2           Time        Value Moves Dep 1:2       1-2-Draws
   5 B 2    1.5:0.5        0.5:4.5       1:09:19 AM      -M1    47 4.172 :15.318  0-4-1

--------------------------------------------------------------

Engine-Match Friday, November 7, 2025 1:09:20 AM
 Blitz 5/5 

Pairing 9/21 :    C0BR4_v3.1  -  V7P3R_v14.0

PGN-File: C:\Program Files (x86)\Arena\Tournaments\Engine Battle 20251106_2.pgn

No:  B/W 1/2     W:B       1:2           Time        Value Moves Dep 1:2       1-2-Draws
   5 W 1    1.5:0.5        2.5:2.5       1:13:39 AM  +299.97    29 4.000 :4.667  2-2-1

--------------------------------------------------------------

Engine-Match Friday, November 7, 2025 1:13:40 AM
 Blitz 5/5 

Pairing 10/21 :    RandomOpponent  -  V7P3R_v14.1

PGN-File: C:\Program Files (x86)\Arena\Tournaments\Engine Battle 20251106_2.pgn

No:  B/W 1/2     W:B       1:2           Time        Value Moves Dep 1:2       1-2-Draws
   5 B 2    1.0:0.0        0.0:5.0       1:15:40 AM  -289.98    16 0:4.385  0-5-0

--------------------------------------------------------------

Engine-Match Friday, November 7, 2025 1:15:41 AM
 Blitz 5/5 

Pairing 11/21 :    V7P3R_v14.0  -  SlowMate_v3.1

PGN-File: C:\Program Files (x86)\Arena\Tournaments\Engine Battle 20251106_2.pgn

No:  B/W 1/2     W:B       1:2           Time        Value Moves Dep 1:2       1-2-Draws
   5 W 1    3.0:2.0        3.0:2.0       1:28:32 AM   +12.34    48 4.235 :3.565  1-0-4

--------------------------------------------------------------

Engine-Match Friday, November 7, 2025 1:28:34 AM
 Blitz 5/5 

Pairing 12/21 :    Stockfish 1%  -  C0BR4_v3.1

PGN-File: C:\Program Files (x86)\Arena\Tournaments\Engine Battle 20251106_2.pgn

No:  B/W 1/2     W:B       1:2           Time        Value Moves Dep 1:2       1-2-Draws
   5 W 1    1.5:0.5        4.5:0.5       1:29:59 AM   +14.45   111 15.320 :4.000  4-0-1

--------------------------------------------------------------

Engine-Match Friday, November 7, 2025 1:30:00 AM
 Blitz 5/5 

Pairing 13/21 :    MaterialOpponent  -  V7P3R_v14.0

PGN-File: C:\Program Files (x86)\Arena\Tournaments\Engine Battle 20251106_2.pgn

No:  B/W 1/2     W:B       1:2           Time        Value Moves Dep 1:2       1-2-Draws
   5 W 1    2.0:1.0        4.0:1.0       1:34:07 AM  +299.99    25 6.000 :4.294  3-0-2

--------------------------------------------------------------

Engine-Match Friday, November 7, 2025 1:34:08 AM
 Blitz 5/5 

Pairing 14/21 :    C0BR4_v3.1  -  RandomOpponent

PGN-File: C:\Program Files (x86)\Arena\Tournaments\Engine Battle 20251106_2.pgn

No:  B/W 1/2     W:B       1:2           Time        Value Moves Dep 1:2       1-2-Draws
   5 W 1    1.0:0.0        5.0:0.0       1:34:30 AM  +299.97    16 3.857 :0 5-0-0

--------------------------------------------------------------

Engine-Match Friday, November 7, 2025 1:34:32 AM
 Blitz 5/5 

Pairing 15/21 :    SlowMate_v3.1  -  Stockfish 1%

PGN-File: C:\Program Files (x86)\Arena\Tournaments\Engine Battle 20251106_2.pgn

No:  B/W 1/2     W:B       1:2           Time        Value Moves Dep 1:2       1-2-Draws
   5 B 2    1.0:0.0        0.0:5.0       1:40:50 AM      -M1    40 3.889 :16.227  0-5-0

--------------------------------------------------------------

Engine-Match Friday, November 7, 2025 1:40:52 AM
 Blitz 5/5 

Pairing 16/21 :    V7P3R_v14.1  -  C0BR4_v3.1

PGN-File: C:\Program Files (x86)\Arena\Tournaments\Engine Battle 20251106_2.pgn

No:  B/W 1/2     W:B       1:2           Time        Value Moves Dep 1:2       1-2-Draws
   5 B 2    2.0:1.0        3.0:2.0       1:46:00 AM    -9.78    70 4.273 :4.000  2-1-2

--------------------------------------------------------------

Engine-Match Friday, November 7, 2025 1:46:11 AM
 Blitz 5/5 

Pairing 17/21 :    Stockfish 1%  -  MaterialOpponent

PGN-File: C:\Program Files (x86)\Arena\Tournaments\Engine Battle 20251106_2.pgn

No:  B/W 1/2     W:B       1:2           Time        Value Moves Dep 1:2       1-2-Draws
   5 W 1    1.0:0.0        5.0:0.0       1:46:27 AM      +M1    11 29.667 :6.000  5-0-0

--------------------------------------------------------------

Engine-Match Friday, November 7, 2025 1:46:29 AM
 Blitz 5/5 

Pairing 18/21 :    RandomOpponent  -  SlowMate_v3.1

PGN-File: C:\Program Files (x86)\Arena\Tournaments\Engine Battle 20251106_2.pgn

No:  B/W 1/2     W:B       1:2           Time        Value Moves Dep 1:2       1-2-Draws
   5 = =    2.0:2.0        2.0:3.0       1:51:38 AM  -200.00    32 0:3.563  0-1-4

--------------------------------------------------------------

Engine-Match Friday, November 7, 2025 1:51:39 AM
 Blitz 5/5 

Pairing 19/21 :    V7P3R_v14.0  -  Stockfish 1%

PGN-File: C:\Program Files (x86)\Arena\Tournaments\Engine Battle 20251106_2.pgn

No:  B/W 1/2     W:B       1:2           Time        Value Moves Dep 1:2       1-2-Draws
   5 B 2    1.5:0.5        0.5:4.5       1:56:56 AM  -289.96    32 4.955 :16.579  0-4-1

--------------------------------------------------------------

Engine-Match Friday, November 7, 2025 1:56:58 AM
 Blitz 5/5 

Pairing 20/21 :    SlowMate_v3.1  -  V7P3R_v14.1

PGN-File: C:\Program Files (x86)\Arena\Tournaments\Engine Battle 20251106_2.pgn

No:  B/W 1/2     W:B       1:2           Time        Value Moves Dep 1:2       1-2-Draws
   5 = =    2.0:2.0        2.0:3.0       2:09:46 AM    +4.37    63 4.367 :4.444  0-1-4

--------------------------------------------------------------

Engine-Match Friday, November 7, 2025 2:09:48 AM
 Blitz 5/5 

Pairing 21/21 :    MaterialOpponent  -  RandomOpponent

PGN-File: C:\Program Files (x86)\Arena\Tournaments\Engine Battle 20251106_2.pgn

No:  B/W 1/2     W:B       1:2           Time        Value Moves Dep 1:2       1-2-Draws
   5 W 1    1.0:0.0        5.0:0.0       2:10:41 AM  +299.99    31 6.000 :0 5-0-0

--------------------------------------------------------------

Engine-Match Friday, November 7, 2025 2:10:42 AM
 Blitz 5/5 

Pairing 1/21 :    C0BR4_v3.1  -  SlowMate_v3.1

PGN-File: C:\Program Files (x86)\Arena\Tournaments\Engine Battle 20251106_2.pgn

No:  B/W 1/2     W:B       1:2           Time        Value Moves Dep 1:2       1-2-Draws
   6 B 1    2.0:1.0        5.0:1.0       2:14:17 AM  -299.97    20 3.889 :4.100  4-0-2

--------------------------------------------------------------

Engine-Match Friday, November 7, 2025 2:14:18 AM
 Blitz 5/5 

Pairing 2/21 :    RandomOpponent  -  V7P3R_v14.0

PGN-File: C:\Program Files (x86)\Arena\Tournaments\Engine Battle 20251106_2.pgn

No:  B/W 1/2     W:B       1:2           Time        Value Moves Dep 1:2       1-2-Draws
   6 W 2    1.0:0.0        0.0:6.0       2:16:11 AM  +289.98    14 0:4.818  0-6-0

--------------------------------------------------------------

Engine-Match Friday, November 7, 2025 2:16:12 AM
 Blitz 5/5 

Pairing 3/21 :    V7P3R_v14.1  -  MaterialOpponent

PGN-File: C:\Program Files (x86)\Arena\Tournaments\Engine Battle 20251106_2.pgn

No:  B/W 1/2     W:B       1:2           Time        Value Moves Dep 1:2       1-2-Draws
   6 W 2    2.0:1.0        1.0:5.0       2:21:04 AM  +299.99    34 4.261 :6.000  0-4-2

--------------------------------------------------------------

Engine-Match Friday, November 7, 2025 2:21:05 AM
 Blitz 5/5 

Pairing 4/21 :    Stockfish 1%  -  RandomOpponent

PGN-File: C:\Program Files (x86)\Arena\Tournaments\Engine Battle 20251106_2.pgn

No:  B/W 1/2     W:B       1:2           Time        Value Moves Dep 1:2       1-2-Draws
   6 B 1    1.0:0.0        6.0:0.0       2:21:25 AM      -M1    10 23.000 :0 6-0-0

--------------------------------------------------------------

Engine-Match Friday, November 7, 2025 2:21:26 AM
 Blitz 5/5 

Pairing 5/21 :    MaterialOpponent  -  C0BR4_v3.1

PGN-File: C:\Program Files (x86)\Arena\Tournaments\Engine Battle 20251106_2.pgn

No:  B/W 1/2     W:B       1:2           Time        Value Moves Dep 1:2       1-2-Draws
   6 = =    1.5:1.5        3.5:2.5       2:23:30 AM    +0.73    40 6.000 :4.000  2-1-3

--------------------------------------------------------------

Engine-Match Friday, November 7, 2025 2:23:31 AM
 Blitz 5/5 

Pairing 6/21 :    V7P3R_v14.0  -  V7P3R_v14.1

PGN-File: C:\Program Files (x86)\Arena\Tournaments\Engine Battle 20251106_2.pgn

No:  B/W 1/2     W:B       1:2           Time        Value Moves Dep 1:2       1-2-Draws
   6 B 1    3.0:2.0        4.0:2.0       2:35:57 AM     0.00    63 4.300 :4.182  2-0-4

--------------------------------------------------------------

Engine-Match Friday, November 7, 2025 2:35:58 AM
 Blitz 5/5 

Pairing 7/21 :    SlowMate_v3.1  -  MaterialOpponent

PGN-File: C:\Program Files (x86)\Arena\Tournaments\Engine Battle 20251106_2.pgn

No:  B/W 1/2     W:B       1:2           Time        Value Moves Dep 1:2       1-2-Draws
   6 = =    3.0:3.0        3.0:3.0       2:40:56 AM    -4.69    26 3.538 :6.000  0-0-6

--------------------------------------------------------------

Engine-Match Friday, November 7, 2025 2:40:57 AM
 Blitz 5/5 

Pairing 8/21 :    V7P3R_v14.1  -  Stockfish 1%

PGN-File: C:\Program Files (x86)\Arena\Tournaments\Engine Battle 20251106_2.pgn

No:  B/W 1/2     W:B       1:2           Time        Value Moves Dep 1:2       1-2-Draws
   6 W 2    1.5:0.5        0.5:5.5       2:43:49 AM      +M1    20 4.188 :15.438  0-5-1

--------------------------------------------------------------

Engine-Match Friday, November 7, 2025 2:43:50 AM
 Blitz 5/5 

Pairing 9/21 :    C0BR4_v3.1  -  V7P3R_v14.0

PGN-File: C:\Program Files (x86)\Arena\Tournaments\Engine Battle 20251106_2.pgn

No:  B/W 1/2     W:B       1:2           Time        Value Moves Dep 1:2       1-2-Draws
   6 B 1    1.5:0.5        3.5:2.5       2:49:34 AM   -11.07    37 4.000 :4.583  3-2-1

--------------------------------------------------------------

Engine-Match Friday, November 7, 2025 2:49:36 AM
 Blitz 5/5 

Pairing 10/21 :    RandomOpponent  -  V7P3R_v14.1

PGN-File: C:\Program Files (x86)\Arena\Tournaments\Engine Battle 20251106_2.pgn

No:  B/W 1/2     W:B       1:2           Time        Value Moves Dep 1:2       1-2-Draws
   6 W 2    1.0:0.0        0.0:6.0       2:50:39 AM  +289.98    10 0:4.300  0-6-0

--------------------------------------------------------------

Engine-Match Friday, November 7, 2025 2:50:40 AM
 Blitz 5/5 

Pairing 11/21 :    V7P3R_v14.0  -  SlowMate_v3.1

PGN-File: C:\Program Files (x86)\Arena\Tournaments\Engine Battle 20251106_2.pgn

No:  B/W 1/2     W:B       1:2           Time        Value Moves Dep 1:2       1-2-Draws
   6 W 2    3.0:2.0        3.0:3.0       3:01:44 AM  +289.96    39 4.778 :3.872  1-1-4

--------------------------------------------------------------

Engine-Match Friday, November 7, 2025 3:01:46 AM
 Blitz 5/5 

Pairing 12/21 :    Stockfish 1%  -  C0BR4_v3.1

PGN-File: C:\Program Files (x86)\Arena\Tournaments\Engine Battle 20251106_2.pgn

No:  B/W 1/2     W:B       1:2           Time        Value Moves Dep 1:2       1-2-Draws
   6 B 1    1.5:0.5        5.5:0.5       3:02:31 AM      -M1    37 15.353 :4.000  5-0-1

--------------------------------------------------------------

Engine-Match Friday, November 7, 2025 3:02:32 AM
 Blitz 5/5 

Pairing 13/21 :    MaterialOpponent  -  V7P3R_v14.0

PGN-File: C:\Program Files (x86)\Arena\Tournaments\Engine Battle 20251106_2.pgn

No:  B/W 1/2     W:B       1:2           Time        Value Moves Dep 1:2       1-2-Draws
   6 W 2    2.0:1.0        4.0:2.0       3:09:03 AM   +10.20    37 6.000 :4.667  3-1-2

--------------------------------------------------------------

Engine-Match Friday, November 7, 2025 3:09:04 AM
 Blitz 5/5 

Pairing 14/21 :    C0BR4_v3.1  -  RandomOpponent

PGN-File: C:\Program Files (x86)\Arena\Tournaments\Engine Battle 20251106_2.pgn

No:  B/W 1/2     W:B       1:2           Time        Value Moves Dep 1:2       1-2-Draws
   6 B 1    1.0:0.0        6.0:0.0       3:09:30 AM  -299.97    18 3.875 :0 6-0-0

--------------------------------------------------------------

Engine-Match Friday, November 7, 2025 3:09:31 AM
 Blitz 5/5 

Pairing 15/21 :    SlowMate_v3.1  -  Stockfish 1%

PGN-File: C:\Program Files (x86)\Arena\Tournaments\Engine Battle 20251106_2.pgn

No:  B/W 1/2     W:B       1:2           Time        Value Moves Dep 1:2       1-2-Draws
   6 W 2    1.0:0.0        0.0:6.0       3:14:47 AM      +M1    33 3.700 :15.786  0-6-0

--------------------------------------------------------------

Engine-Match Friday, November 7, 2025 3:14:55 AM
 Blitz 5/5 

Pairing 16/21 :    V7P3R_v14.1  -  C0BR4_v3.1

PGN-File: C:\Program Files (x86)\Arena\Tournaments\Engine Battle 20251106_2.pgn

No:  B/W 1/2     W:B       1:2           Time        Value Moves Dep 1:2       1-2-Draws
   6 B 1    2.0:1.0        4.0:2.0       3:20:31 AM     0.00    48 4.375 :4.000  3-1-2

--------------------------------------------------------------

Engine-Match Friday, November 7, 2025 3:20:32 AM
 Blitz 5/5 

Pairing 17/21 :    Stockfish 1%  -  MaterialOpponent

PGN-File: C:\Program Files (x86)\Arena\Tournaments\Engine Battle 20251106_2.pgn

No:  B/W 1/2     W:B       1:2           Time        Value Moves Dep 1:2       1-2-Draws
   6 B 1    1.0:0.0        6.0:0.0       3:21:24 AM      -M1    25 17.000 :6.000  6-0-0

--------------------------------------------------------------

Engine-Match Friday, November 7, 2025 3:21:25 AM
 Blitz 5/5 

Pairing 18/21 :    RandomOpponent  -  SlowMate_v3.1

PGN-File: C:\Program Files (x86)\Arena\Tournaments\Engine Battle 20251106_2.pgn

No:  B/W 1/2     W:B       1:2           Time        Value Moves Dep 1:2       1-2-Draws
   6 W 2    3.0:2.0        2.0:4.0       3:25:39 AM   +56.69    25 0:3.720  0-2-4

--------------------------------------------------------------

Engine-Match Friday, November 7, 2025 3:25:40 AM
 Blitz 5/5 

Pairing 19/21 :    V7P3R_v14.0  -  Stockfish 1%

PGN-File: C:\Program Files (x86)\Arena\Tournaments\Engine Battle 20251106_2.pgn

No:  B/W 1/2     W:B       1:2           Time        Value Moves Dep 1:2       1-2-Draws
   6 W 2    1.5:0.5        0.5:5.5       3:30:16 AM      +M1    30 4.579 :15.500  0-5-1

--------------------------------------------------------------

Engine-Match Friday, November 7, 2025 3:30:18 AM
 Blitz 5/5 

Pairing 20/21 :    SlowMate_v3.1  -  V7P3R_v14.1

PGN-File: C:\Program Files (x86)\Arena\Tournaments\Engine Battle 20251106_2.pgn

No:  B/W 1/2     W:B       1:2           Time        Value Moves Dep 1:2       1-2-Draws
   6 W 2    3.0:2.0        2.0:4.0       3:38:36 AM   +16.10    31 3.871 :4.136  0-2-4

--------------------------------------------------------------

Engine-Match Friday, November 7, 2025 3:38:37 AM
 Blitz 5/5 

Pairing 21/21 :    MaterialOpponent  -  RandomOpponent

PGN-File: C:\Program Files (x86)\Arena\Tournaments\Engine Battle 20251106_2.pgn

No:  B/W 1/2     W:B       1:2           Time        Value Moves Dep 1:2       1-2-Draws
   6 B 1    1.0:0.0        6.0:0.0       3:39:28 AM  -299.99    30 6.000 :0 6-0-0

--------------------------------------------------------------

Engine-Match Friday, November 7, 2025 3:39:29 AM
 Blitz 5/5 

Pairing 1/21 :    C0BR4_v3.1  -  SlowMate_v3.1

PGN-File: C:\Program Files (x86)\Arena\Tournaments\Engine Battle 20251106_2.pgn

No:  B/W 1/2     W:B       1:2           Time        Value Moves Dep 1:2       1-2-Draws
   7 = =    1.5:1.5        5.5:1.5       3:44:35 AM    -7.27    31 4.000 :4.100  4-0-3

--------------------------------------------------------------

Engine-Match Friday, November 7, 2025 3:44:37 AM
 Blitz 5/5 

Pairing 2/21 :    RandomOpponent  -  V7P3R_v14.0

PGN-File: C:\Program Files (x86)\Arena\Tournaments\Engine Battle 20251106_2.pgn

No:  B/W 1/2     W:B       1:2           Time        Value Moves Dep 1:2       1-2-Draws
   7 B 2    1.0:0.0        0.0:7.0       3:48:00 AM  -289.98    22 0:4.650  0-7-0

--------------------------------------------------------------

Engine-Match Friday, November 7, 2025 3:48:01 AM
 Blitz 5/5 

Pairing 3/21 :    V7P3R_v14.1  -  MaterialOpponent

PGN-File: C:\Program Files (x86)\Arena\Tournaments\Engine Battle 20251106_2.pgn

No:  B/W 1/2     W:B       1:2           Time        Value Moves Dep 1:2       1-2-Draws
   7 = =    1.5:1.5        1.5:5.5       3:56:49 AM     0.00    72 4.225 :6.000  0-4-3

--------------------------------------------------------------

Engine-Match Friday, November 7, 2025 3:56:50 AM
 Blitz 5/5 

Pairing 4/21 :    Stockfish 1%  -  RandomOpponent

PGN-File: C:\Program Files (x86)\Arena\Tournaments\Engine Battle 20251106_2.pgn

No:  B/W 1/2     W:B       1:2           Time        Value Moves Dep 1:2       1-2-Draws
   7 W 1    1.0:0.0        7.0:0.0       3:57:13 AM      +M1    14 16.545 :0 7-0-0

--------------------------------------------------------------

Engine-Match Friday, November 7, 2025 3:57:14 AM
 Blitz 5/5 

Pairing 5/21 :    MaterialOpponent  -  C0BR4_v3.1

PGN-File: C:\Program Files (x86)\Arena\Tournaments\Engine Battle 20251106_2.pgn

No:  B/W 1/2     W:B       1:2           Time        Value Moves Dep 1:2       1-2-Draws
   7 = =    2.0:2.0        4.0:3.0       3:58:08 AM    -2.05    17 6.000 :4.000  2-1-4

--------------------------------------------------------------

Engine-Match Friday, November 7, 2025 3:58:10 AM
 Blitz 5/5 

Pairing 6/21 :    V7P3R_v14.0  -  V7P3R_v14.1

PGN-File: C:\Program Files (x86)\Arena\Tournaments\Engine Battle 20251106_2.pgn

No:  B/W 1/2     W:B       1:2           Time        Value Moves Dep 1:2       1-2-Draws
   7 = =    2.5:2.5        4.5:2.5       4:05:56 AM    +8.58    44 5.118 :4.538  2-0-5

--------------------------------------------------------------

Engine-Match Friday, November 7, 2025 4:05:58 AM
 Blitz 5/5 

Pairing 7/21 :    SlowMate_v3.1  -  MaterialOpponent

PGN-File: C:\Program Files (x86)\Arena\Tournaments\Engine Battle 20251106_2.pgn

No:  B/W 1/2     W:B       1:2           Time        Value Moves Dep 1:2       1-2-Draws
   7 = =    3.5:3.5        3.5:3.5       4:10:40 AM    +3.32    24 3.708 :6.000  0-0-7

--------------------------------------------------------------

Engine-Match Friday, November 7, 2025 4:10:41 AM
 Blitz 5/5 

Pairing 8/21 :    V7P3R_v14.1  -  Stockfish 1%

PGN-File: C:\Program Files (x86)\Arena\Tournaments\Engine Battle 20251106_2.pgn

No:  B/W 1/2     W:B       1:2           Time        Value Moves Dep 1:2       1-2-Draws
   7 B 2    1.5:0.5        0.5:6.5       4:14:33 AM      -M1    26 4.000 :16.357  0-6-1

--------------------------------------------------------------

Engine-Match Friday, November 7, 2025 4:14:34 AM
 Blitz 5/5 

Pairing 9/21 :    C0BR4_v3.1  -  V7P3R_v14.0

PGN-File: C:\Program Files (x86)\Arena\Tournaments\Engine Battle 20251106_2.pgn

No:  B/W 1/2     W:B       1:2           Time        Value Moves Dep 1:2       1-2-Draws
   7 B 2    1.5:0.5        3.5:3.5       4:21:19 AM     0.00    50 4.000 :4.630  3-3-1

--------------------------------------------------------------

Engine-Match Friday, November 7, 2025 4:21:20 AM
 Blitz 5/5 

Pairing 10/21 :    RandomOpponent  -  V7P3R_v14.1

PGN-File: C:\Program Files (x86)\Arena\Tournaments\Engine Battle 20251106_2.pgn

No:  B/W 1/2     W:B       1:2           Time        Value Moves Dep 1:2       1-2-Draws
   7 B 2    1.0:0.0        0.0:7.0       4:23:28 AM  -289.99    17 0:5.077  0-7-0

--------------------------------------------------------------

Engine-Match Friday, November 7, 2025 4:23:30 AM
 Blitz 5/5 

Pairing 11/21 :    V7P3R_v14.0  -  SlowMate_v3.1

PGN-File: C:\Program Files (x86)\Arena\Tournaments\Engine Battle 20251106_2.pgn

No:  B/W 1/2     W:B       1:2           Time        Value Moves Dep 1:2       1-2-Draws
   7 W 1    3.0:2.0        4.0:3.0       4:38:53 AM  +289.99    63 4.421 :3.500  2-1-4

--------------------------------------------------------------

Engine-Match Friday, November 7, 2025 4:38:54 AM
 Blitz 5/5 

Pairing 12/21 :    Stockfish 1%  -  C0BR4_v3.1

PGN-File: C:\Program Files (x86)\Arena\Tournaments\Engine Battle 20251106_2.pgn

No:  B/W 1/2     W:B       1:2           Time        Value Moves Dep 1:2       1-2-Draws
   7 W 1    1.5:0.5        6.5:0.5       4:39:27 AM   +12.14    30 15.692 :4.000  6-0-1

--------------------------------------------------------------

Engine-Match Friday, November 7, 2025 4:39:28 AM
 Blitz 5/5 

Pairing 13/21 :    MaterialOpponent  -  V7P3R_v14.0

PGN-File: C:\Program Files (x86)\Arena\Tournaments\Engine Battle 20251106_2.pgn

No:  B/W 1/2     W:B       1:2           Time        Value Moves Dep 1:2       1-2-Draws
   7 W 1    2.0:1.0        5.0:2.0       4:43:49 AM  +299.99    25 6.000 :4.353  4-1-2

--------------------------------------------------------------

Engine-Match Friday, November 7, 2025 4:43:50 AM
 Blitz 5/5 

Pairing 14/21 :    C0BR4_v3.1  -  RandomOpponent

PGN-File: C:\Program Files (x86)\Arena\Tournaments\Engine Battle 20251106_2.pgn

No:  B/W 1/2     W:B       1:2           Time        Value Moves Dep 1:2       1-2-Draws
   7 W 1    1.0:0.0        7.0:0.0       4:44:15 AM  +299.97    19 4.000 :0 7-0-0

--------------------------------------------------------------

Engine-Match Friday, November 7, 2025 4:44:26 AM
 Blitz 5/5 

Pairing 15/21 :    SlowMate_v3.1  -  Stockfish 1%

PGN-File: C:\Program Files (x86)\Arena\Tournaments\Engine Battle 20251106_2.pgn

No:  B/W 1/2     W:B       1:2           Time        Value Moves Dep 1:2       1-2-Draws
   7 B 2    1.0:0.0        0.0:7.0       4:55:07 AM      -M1    79 3.582 :13.722  0-7-0

--------------------------------------------------------------

Engine-Match Friday, November 7, 2025 4:55:09 AM
 Blitz 5/5 

Pairing 16/21 :    V7P3R_v14.1  -  C0BR4_v3.1

PGN-File: C:\Program Files (x86)\Arena\Tournaments\Engine Battle 20251106_2.pgn

No:  B/W 1/2     W:B       1:2           Time        Value Moves Dep 1:2       1-2-Draws
   7 B 2    2.0:1.0        4.0:3.0       4:57:56 AM  -299.97    34 4.417 :4.000  3-2-2

--------------------------------------------------------------

Engine-Match Friday, November 7, 2025 4:57:57 AM
 Blitz 5/5 

Pairing 17/21 :    Stockfish 1%  -  MaterialOpponent

PGN-File: C:\Program Files (x86)\Arena\Tournaments\Engine Battle 20251106_2.pgn

No:  B/W 1/2     W:B       1:2           Time        Value Moves Dep 1:2       1-2-Draws
   7 W 1    1.0:0.0        7.0:0.0       4:58:25 AM  +299.98    15 24.125 :6.000  7-0-0

--------------------------------------------------------------

Engine-Match Friday, November 7, 2025 4:58:26 AM
 Blitz 5/5 

Pairing 18/21 :    RandomOpponent  -  SlowMate_v3.1

PGN-File: C:\Program Files (x86)\Arena\Tournaments\Engine Battle 20251106_2.pgn

No:  B/W 1/2     W:B       1:2           Time        Value Moves Dep 1:2       1-2-Draws
   7 = =    2.5:2.5        2.5:4.5       5:03:21 AM  -200.00    30 0:4.000  0-2-5

--------------------------------------------------------------

Engine-Match Friday, November 7, 2025 5:03:22 AM
 Blitz 5/5 

Pairing 19/21 :    V7P3R_v14.0  -  Stockfish 1%

PGN-File: C:\Program Files (x86)\Arena\Tournaments\Engine Battle 20251106_2.pgn

No:  B/W 1/2     W:B       1:2           Time        Value Moves Dep 1:2       1-2-Draws
   7 B 2    1.5:0.5        0.5:6.5       5:07:02 AM      -M1    21 4.533 :15.077  0-6-1

--------------------------------------------------------------

Engine-Match Friday, November 7, 2025 5:07:04 AM
 Blitz 5/5 

Pairing 20/21 :    SlowMate_v3.1  -  V7P3R_v14.1

PGN-File: C:\Program Files (x86)\Arena\Tournaments\Engine Battle 20251106_2.pgn

No:  B/W 1/2     W:B       1:2           Time        Value Moves Dep 1:2       1-2-Draws
   7 = =    2.5:2.5        2.5:4.5       5:19:51 AM    +4.37    63 4.367 :4.444  0-2-5

--------------------------------------------------------------

Engine-Match Friday, November 7, 2025 5:19:53 AM
 Blitz 5/5 

Pairing 21/21 :    MaterialOpponent  -  RandomOpponent

PGN-File: C:\Program Files (x86)\Arena\Tournaments\Engine Battle 20251106_2.pgn

No:  B/W 1/2     W:B       1:2           Time        Value Moves Dep 1:2       1-2-Draws
   7 W 1    1.0:0.0        7.0:0.0       5:20:39 AM  +299.99    36 6.000 :0 7-0-0

--------------------------------------------------------------

Engine-Match Friday, November 7, 2025 5:20:40 AM
 Blitz 5/5 

Pairing 1/21 :    C0BR4_v3.1  -  SlowMate_v3.1

PGN-File: C:\Program Files (x86)\Arena\Tournaments\Engine Battle 20251106_2.pgn

No:  B/W 1/2     W:B       1:2           Time        Value Moves Dep 1:2       1-2-Draws
   8 = =    2.0:2.0        6.0:2.0       5:25:23 AM    -3.08    26 4.000 :3.846  4-0-4

--------------------------------------------------------------

Engine-Match Friday, November 7, 2025 5:25:25 AM
 Blitz 5/5 

Pairing 2/21 :    RandomOpponent  -  V7P3R_v14.0

PGN-File: C:\Program Files (x86)\Arena\Tournaments\Engine Battle 20251106_2.pgn

No:  B/W 1/2     W:B       1:2           Time        Value Moves Dep 1:2       1-2-Draws
   8 W 2    1.0:0.0        0.0:8.0       5:28:14 AM  +289.98    18 0:4.625  0-8-0

--------------------------------------------------------------

Engine-Match Friday, November 7, 2025 5:28:15 AM
 Blitz 5/5 

Pairing 3/21 :    V7P3R_v14.1  -  MaterialOpponent

PGN-File: C:\Program Files (x86)\Arena\Tournaments\Engine Battle 20251106_2.pgn

No:  B/W 1/2     W:B       1:2           Time        Value Moves Dep 1:2       1-2-Draws
   8 W 2    2.5:1.5        1.5:6.5       5:33:33 AM   +28.30    51 4.136 :6.000  0-5-3

--------------------------------------------------------------

Engine-Match Friday, November 7, 2025 5:33:34 AM
 Blitz 5/5 

Pairing 4/21 :    Stockfish 1%  -  RandomOpponent

PGN-File: C:\Program Files (x86)\Arena\Tournaments\Engine Battle 20251106_2.pgn

No:  B/W 1/2     W:B       1:2           Time        Value Moves Dep 1:2       1-2-Draws
   8 B 1    1.0:0.0        8.0:0.0       5:33:58 AM      -M1    16 16.727 :0 8-0-0

--------------------------------------------------------------

Engine-Match Friday, November 7, 2025 5:33:59 AM
 Blitz 5/5 

Pairing 5/21 :    MaterialOpponent  -  C0BR4_v3.1

PGN-File: C:\Program Files (x86)\Arena\Tournaments\Engine Battle 20251106_2.pgn

No:  B/W 1/2     W:B       1:2           Time        Value Moves Dep 1:2       1-2-Draws
   8 = =    2.5:2.5        4.5:3.5       5:34:31 AM    -3.25    15 6.000 :4.000  2-1-5

--------------------------------------------------------------

Engine-Match Friday, November 7, 2025 5:34:32 AM
 Blitz 5/5 

Pairing 6/21 :    V7P3R_v14.0  -  V7P3R_v14.1

PGN-File: C:\Program Files (x86)\Arena\Tournaments\Engine Battle 20251106_2.pgn

No:  B/W 1/2     W:B       1:2           Time        Value Moves Dep 1:2       1-2-Draws
   8 = =    3.0:3.0        5.0:3.0       5:44:19 AM     0.00    62 4.313 :4.000  2-0-6

--------------------------------------------------------------

Engine-Match Friday, November 7, 2025 5:44:20 AM
 Blitz 5/5 

Pairing 7/21 :    SlowMate_v3.1  -  MaterialOpponent

PGN-File: C:\Program Files (x86)\Arena\Tournaments\Engine Battle 20251106_2.pgn

No:  B/W 1/2     W:B       1:2           Time        Value Moves Dep 1:2       1-2-Draws
   8 = =    4.0:4.0        4.0:4.0       5:49:20 AM    -4.69    26 3.538 :6.000  0-0-8

--------------------------------------------------------------

Engine-Match Friday, November 7, 2025 5:49:22 AM
 Blitz 5/5 

Pairing 8/21 :    V7P3R_v14.1  -  Stockfish 1%

PGN-File: C:\Program Files (x86)\Arena\Tournaments\Engine Battle 20251106_2.pgn

No:  B/W 1/2     W:B       1:2           Time        Value Moves Dep 1:2       1-2-Draws
   8 W 2    1.5:0.5        0.5:7.5       5:53:03 AM   +15.18    30 4.647 :15.154  0-7-1

--------------------------------------------------------------

Engine-Match Friday, November 7, 2025 5:53:04 AM
 Blitz 5/5 

Pairing 9/21 :    C0BR4_v3.1  -  V7P3R_v14.0

PGN-File: C:\Program Files (x86)\Arena\Tournaments\Engine Battle 20251106_2.pgn

No:  B/W 1/2     W:B       1:2           Time        Value Moves Dep 1:2       1-2-Draws
   8 B 1    1.5:0.5        4.5:3.5       5:59:50 AM   -14.43    60 4.000 :4.500  4-3-1

--------------------------------------------------------------

Engine-Match Friday, November 7, 2025 5:59:51 AM
 Blitz 5/5 

Pairing 10/21 :    RandomOpponent  -  V7P3R_v14.1

PGN-File: C:\Program Files (x86)\Arena\Tournaments\Engine Battle 20251106_2.pgn

No:  B/W 1/2     W:B       1:2           Time        Value Moves Dep 1:2       1-2-Draws
   8 W 2    1.0:0.0        0.0:8.0       6:02:22 AM  +289.98    25 0:4.381  0-8-0

--------------------------------------------------------------

Engine-Match Friday, November 7, 2025 6:02:23 AM
 Blitz 5/5 

Pairing 11/21 :    V7P3R_v14.0  -  SlowMate_v3.1

PGN-File: C:\Program Files (x86)\Arena\Tournaments\Engine Battle 20251106_2.pgn

No:  B/W 1/2     W:B       1:2           Time        Value Moves Dep 1:2       1-2-Draws
   8 = =    2.5:2.5        4.5:3.5       6:18:30 AM    +5.19    60 4.444 :4.036  2-1-5

--------------------------------------------------------------

Engine-Match Friday, November 7, 2025 6:18:31 AM
 Blitz 5/5 

Pairing 12/21 :    Stockfish 1%  -  C0BR4_v3.1

PGN-File: C:\Program Files (x86)\Arena\Tournaments\Engine Battle 20251106_2.pgn

No:  B/W 1/2     W:B       1:2           Time        Value Moves Dep 1:2       1-2-Draws
   8 B 1    1.5:0.5        7.5:0.5       6:18:53 AM      -M1    16 16.417 :3.933  7-0-1

--------------------------------------------------------------

Engine-Match Friday, November 7, 2025 6:18:55 AM
 Blitz 5/5 

Pairing 13/21 :    MaterialOpponent  -  V7P3R_v14.0

PGN-File: C:\Program Files (x86)\Arena\Tournaments\Engine Battle 20251106_2.pgn

No:  B/W 1/2     W:B       1:2           Time        Value Moves Dep 1:2       1-2-Draws
   8 = =    1.5:1.5        5.5:2.5       6:28:46 AM     0.00    69 6.000 :4.581  4-1-3

--------------------------------------------------------------

Engine-Match Friday, November 7, 2025 6:29:02 AM
 Blitz 5/5 

Pairing 14/21 :    C0BR4_v3.1  -  RandomOpponent

PGN-File: C:\Program Files (x86)\Arena\Tournaments\Engine Battle 20251106_2.pgn

No:  B/W 1/2     W:B       1:2           Time        Value Moves Dep 1:2       1-2-Draws
   8 B 1    1.0:0.0        8.0:0.0       6:29:13 AM  -299.97    18 3.875 :0 8-0-0

--------------------------------------------------------------

Engine-Match Friday, November 7, 2025 6:29:15 AM
 Blitz 5/5 

Pairing 15/21 :    SlowMate_v3.1  -  Stockfish 1%

PGN-File: C:\Program Files (x86)\Arena\Tournaments\Engine Battle 20251106_2.pgn

No:  B/W 1/2     W:B       1:2           Time        Value Moves Dep 1:2       1-2-Draws
   8 W 2    1.0:0.0        0.0:8.0       6:36:51 AM      +M1    52 3.700 :16.000  0-8-0

--------------------------------------------------------------

Engine-Match Friday, November 7, 2025 6:36:52 AM
 Blitz 5/5 

Pairing 16/21 :    V7P3R_v14.1  -  C0BR4_v3.1

PGN-File: C:\Program Files (x86)\Arena\Tournaments\Engine Battle 20251106_2.pgn

No:  B/W 1/2     W:B       1:2           Time        Value Moves Dep 1:2       1-2-Draws
   8 B 1    2.0:1.0        5.0:3.0       6:40:06 AM    -9.00    34 4.294 :4.000  4-2-2

--------------------------------------------------------------

Engine-Match Friday, November 7, 2025 6:40:08 AM
 Blitz 5/5 

Pairing 17/21 :    Stockfish 1%  -  MaterialOpponent

PGN-File: C:\Program Files (x86)\Arena\Tournaments\Engine Battle 20251106_2.pgn

No:  B/W 1/2     W:B       1:2           Time        Value Moves Dep 1:2       1-2-Draws
   8 B 1    1.0:0.0        8.0:0.0       6:41:37 AM    -9.35    41 16.357 :6.000  8-0-0

--------------------------------------------------------------

Engine-Match Friday, November 7, 2025 6:41:38 AM
 Blitz 5/5 

Pairing 18/21 :    RandomOpponent  -  SlowMate_v3.1

PGN-File: C:\Program Files (x86)\Arena\Tournaments\Engine Battle 20251106_2.pgn

No:  B/W 1/2     W:B       1:2           Time        Value Moves Dep 1:2       1-2-Draws
   8 W 2    3.5:2.5        2.5:5.5       6:45:50 AM   +63.11    25 0:4.000  0-3-5

--------------------------------------------------------------

Engine-Match Friday, November 7, 2025 6:45:52 AM
 Blitz 5/5 

Pairing 19/21 :    V7P3R_v14.0  -  Stockfish 1%

PGN-File: C:\Program Files (x86)\Arena\Tournaments\Engine Battle 20251106_2.pgn

No:  B/W 1/2     W:B       1:2           Time        Value Moves Dep 1:2       1-2-Draws
   8 W 2    1.5:0.5        0.5:7.5       6:47:44 AM      +M1    16 4.400 :15.154  0-7-1

--------------------------------------------------------------

Engine-Match Friday, November 7, 2025 6:47:45 AM
 Blitz 5/5 

Pairing 20/21 :    SlowMate_v3.1  -  V7P3R_v14.1

PGN-File: C:\Program Files (x86)\Arena\Tournaments\Engine Battle 20251106_2.pgn

No:  B/W 1/2     W:B       1:2           Time        Value Moves Dep 1:2       1-2-Draws
   8 W 2    3.5:2.5        2.5:5.5       6:56:03 AM   +16.10    31 3.871 :4.136  0-3-5

--------------------------------------------------------------

Engine-Match Friday, November 7, 2025 6:56:05 AM
 Blitz 5/5 

Pairing 21/21 :    MaterialOpponent  -  RandomOpponent

PGN-File: C:\Program Files (x86)\Arena\Tournaments\Engine Battle 20251106_2.pgn

No:  B/W 1/2     W:B       1:2           Time        Value Moves Dep 1:2       1-2-Draws
   8 B 1    1.0:0.0        8.0:0.0       6:56:43 AM  -299.99    23 6.000 :0 8-0-0

--------------------------------------------------------------

Engine-Match Friday, November 7, 2025 6:56:44 AM
 Blitz 5/5 

Pairing 1/21 :    C0BR4_v3.1  -  SlowMate_v3.1

PGN-File: C:\Program Files (x86)\Arena\Tournaments\Engine Battle 20251106_2.pgn

No:  B/W 1/2     W:B       1:2           Time        Value Moves Dep 1:2       1-2-Draws
   9 B 2    3.0:2.0        6.0:3.0       7:00:28 AM   -12.31    21 4.000 :4.200  4-1-4

--------------------------------------------------------------

Engine-Match Friday, November 7, 2025 7:00:29 AM
 Blitz 5/5 

Pairing 2/21 :    RandomOpponent  -  V7P3R_v14.0

PGN-File: C:\Program Files (x86)\Arena\Tournaments\Engine Battle 20251106_2.pgn

No:  B/W 1/2     W:B       1:2           Time        Value Moves Dep 1:2       1-2-Draws
   9 B 2    1.0:0.0        0.0:9.0       7:03:54 AM     0.00    23 0:4.944  0-9-0

--------------------------------------------------------------

Engine-Match Friday, November 7, 2025 7:03:55 AM
 Blitz 5/5 

Pairing 3/21 :    V7P3R_v14.1  -  MaterialOpponent

PGN-File: C:\Program Files (x86)\Arena\Tournaments\Engine Battle 20251106_2.pgn

No:  B/W 1/2     W:B       1:2           Time        Value Moves Dep 1:2       1-2-Draws
   9 W 1    2.5:1.5        2.5:6.5       7:12:45 AM  +299.96    76 4.310 :6.000  1-5-3

--------------------------------------------------------------

Engine-Match Friday, November 7, 2025 7:12:47 AM
 Blitz 5/5 

Pairing 4/21 :    Stockfish 1%  -  RandomOpponent

PGN-File: C:\Program Files (x86)\Arena\Tournaments\Engine Battle 20251106_2.pgn

No:  B/W 1/2     W:B       1:2           Time        Value Moves Dep 1:2       1-2-Draws
   9 W 1    1.0:0.0        9.0:0.0       7:13:05 AM      +M1     5 27.800 :0 9-0-0

--------------------------------------------------------------

Engine-Match Friday, November 7, 2025 7:13:06 AM
 Blitz 5/5 

Pairing 5/21 :    MaterialOpponent  -  C0BR4_v3.1

PGN-File: C:\Program Files (x86)\Arena\Tournaments\Engine Battle 20251106_2.pgn

No:  B/W 1/2     W:B       1:2           Time        Value Moves Dep 1:2       1-2-Draws
   9 W 1    3.5:2.5        5.5:3.5       7:15:17 AM  +299.99    45 6.000 :3.977  3-1-5

--------------------------------------------------------------

Engine-Match Friday, November 7, 2025 7:15:18 AM
 Blitz 5/5 

Pairing 6/21 :    V7P3R_v14.0  -  V7P3R_v14.1

PGN-File: C:\Program Files (x86)\Arena\Tournaments\Engine Battle 20251106_2.pgn

No:  B/W 1/2     W:B       1:2           Time        Value Moves Dep 1:2       1-2-Draws
   9 W 1    4.0:3.0        6.0:3.0       7:25:56 AM  +289.99    69 5.063 :4.615  3-0-6

--------------------------------------------------------------

Engine-Match Friday, November 7, 2025 7:25:57 AM
 Blitz 5/5 

Pairing 7/21 :    SlowMate_v3.1  -  MaterialOpponent

PGN-File: C:\Program Files (x86)\Arena\Tournaments\Engine Battle 20251106_2.pgn

No:  B/W 1/2     W:B       1:2           Time        Value Moves Dep 1:2       1-2-Draws
   9 = =    4.5:4.5        4.5:4.5       7:30:38 AM    +3.32    24 3.708 :6.000  0-0-9

--------------------------------------------------------------

Engine-Match Friday, November 7, 2025 7:30:39 AM
 Blitz 5/5 

Pairing 8/21 :    V7P3R_v14.1  -  Stockfish 1%

PGN-File: C:\Program Files (x86)\Arena\Tournaments\Engine Battle 20251106_2.pgn

No:  B/W 1/2     W:B       1:2           Time        Value Moves Dep 1:2       1-2-Draws
   9 B 2    1.5:0.5        0.5:8.5       7:35:53 AM      -M1    43 4.257 :14.267  0-8-1

--------------------------------------------------------------

Engine-Match Friday, November 7, 2025 7:35:54 AM
 Blitz 5/5 

Pairing 9/21 :    C0BR4_v3.1  -  V7P3R_v14.0

PGN-File: C:\Program Files (x86)\Arena\Tournaments\Engine Battle 20251106_2.pgn

No:  B/W 1/2     W:B       1:2           Time        Value Moves Dep 1:2       1-2-Draws
   9 B 2    1.5:0.5        4.5:4.5       7:40:13 AM   -11.55    30 4.000 :4.421  4-4-1

--------------------------------------------------------------

Engine-Match Friday, November 7, 2025 7:40:14 AM
 Blitz 5/5 

Pairing 10/21 :    RandomOpponent  -  V7P3R_v14.1

PGN-File: C:\Program Files (x86)\Arena\Tournaments\Engine Battle 20251106_2.pgn

No:  B/W 1/2     W:B       1:2           Time        Value Moves Dep 1:2       1-2-Draws
   9 B 2    1.0:0.0        0.0:9.0       7:42:38 AM  -289.99    18 0:4.778  0-9-0

--------------------------------------------------------------

Engine-Match Friday, November 7, 2025 7:42:39 AM
 Blitz 5/5 

Pairing 11/21 :    V7P3R_v14.0  -  SlowMate_v3.1

PGN-File: C:\Program Files (x86)\Arena\Tournaments\Engine Battle 20251106_2.pgn

No:  B/W 1/2     W:B       1:2           Time        Value Moves Dep 1:2       1-2-Draws
   9 W 1    3.5:2.5        5.5:3.5       7:55:43 AM    +9.39    53 4.429 :3.563  3-1-5

--------------------------------------------------------------

Engine-Match Friday, November 7, 2025 7:55:44 AM
 Blitz 5/5 

Pairing 12/21 :    Stockfish 1%  -  C0BR4_v3.1

PGN-File: C:\Program Files (x86)\Arena\Tournaments\Engine Battle 20251106_2.pgn

No:  B/W 1/2     W:B       1:2           Time        Value Moves Dep 1:2       1-2-Draws
   9 W 1    1.5:0.5        8.5:0.5       7:57:06 AM   +12.63   102 16.143 :4.000  8-0-1

--------------------------------------------------------------

Engine-Match Friday, November 7, 2025 7:57:14 AM
 Blitz 5/5 

Pairing 13/21 :    MaterialOpponent  -  V7P3R_v14.0

PGN-File: C:\Program Files (x86)\Arena\Tournaments\Engine Battle 20251106_2.pgn

No:  B/W 1/2     W:B       1:2           Time        Value Moves Dep 1:2       1-2-Draws
   9 W 1    2.5:1.5        6.5:2.5       8:01:26 AM  +299.99    25 6.000 :4.353  5-1-3

--------------------------------------------------------------

Engine-Match Friday, November 7, 2025 8:01:28 AM
 Blitz 5/5 

Pairing 14/21 :    C0BR4_v3.1  -  RandomOpponent

PGN-File: C:\Program Files (x86)\Arena\Tournaments\Engine Battle 20251106_2.pgn

No:  B/W 1/2     W:B       1:2           Time        Value Moves Dep 1:2       1-2-Draws
   9 W 1    1.0:0.0        9.0:0.0       8:01:51 AM  +299.97    16 3.867 :0 9-0-0

--------------------------------------------------------------

Engine-Match Friday, November 7, 2025 8:01:52 AM
 Blitz 5/5 

Pairing 15/21 :    SlowMate_v3.1  -  Stockfish 1%

PGN-File: C:\Program Files (x86)\Arena\Tournaments\Engine Battle 20251106_2.pgn

No:  B/W 1/2     W:B       1:2           Time        Value Moves Dep 1:2       1-2-Draws
   9 B 2    1.0:0.0        0.0:9.0       8:12:39 AM      -M1    79 4.000 :16.071  0-9-0

--------------------------------------------------------------

Engine-Match Friday, November 7, 2025 8:12:41 AM
 Blitz 5/5 

Pairing 16/21 :    V7P3R_v14.1  -  C0BR4_v3.1

PGN-File: C:\Program Files (x86)\Arena\Tournaments\Engine Battle 20251106_2.pgn

No:  B/W 1/2     W:B       1:2           Time        Value Moves Dep 1:2       1-2-Draws
   9 B 2    2.0:1.0        5.0:4.0       8:15:23 AM  -299.97    34 4.417 :4.000  4-3-2

--------------------------------------------------------------

Engine-Match Friday, November 7, 2025 8:15:24 AM
 Blitz 5/5 

Pairing 17/21 :    Stockfish 1%  -  MaterialOpponent

PGN-File: C:\Program Files (x86)\Arena\Tournaments\Engine Battle 20251106_2.pgn

No:  B/W 1/2     W:B       1:2           Time        Value Moves Dep 1:2       1-2-Draws
   9 W 1    1.0:0.0        9.0:0.0       8:17:19 AM   +11.85    58 16.462 :6.000  9-0-0

--------------------------------------------------------------

Engine-Match Friday, November 7, 2025 8:17:20 AM
 Blitz 5/5 

Pairing 18/21 :    RandomOpponent  -  SlowMate_v3.1

PGN-File: C:\Program Files (x86)\Arena\Tournaments\Engine Battle 20251106_2.pgn

No:  B/W 1/2     W:B       1:2           Time        Value Moves Dep 1:2       1-2-Draws
   9 B 2    3.5:2.5        2.5:6.5       8:18:34 AM  -162.90     6 0:3.833  0-4-5

--------------------------------------------------------------

Engine-Match Friday, November 7, 2025 8:18:36 AM
 Blitz 5/5 

Pairing 19/21 :    V7P3R_v14.0  -  Stockfish 1%

PGN-File: C:\Program Files (x86)\Arena\Tournaments\Engine Battle 20251106_2.pgn

No:  B/W 1/2     W:B       1:2           Time        Value Moves Dep 1:2       1-2-Draws
   9 B 2    1.5:0.5        0.5:8.5       8:26:11 AM   -11.98    55 4.931 :13.813  0-8-1

--------------------------------------------------------------

Engine-Match Friday, November 7, 2025 8:26:13 AM
 Blitz 5/5 

Pairing 20/21 :    SlowMate_v3.1  -  V7P3R_v14.1

PGN-File: C:\Program Files (x86)\Arena\Tournaments\Engine Battle 20251106_2.pgn

No:  B/W 1/2     W:B       1:2           Time        Value Moves Dep 1:2       1-2-Draws
   9 B 2    3.5:2.5        2.5:6.5       8:40:04 AM  -200.00    68 4.231 :4.333  0-4-5

--------------------------------------------------------------

Engine-Match Friday, November 7, 2025 8:40:05 AM
 Blitz 5/5 

Pairing 21/21 :    MaterialOpponent  -  RandomOpponent

PGN-File: C:\Program Files (x86)\Arena\Tournaments\Engine Battle 20251106_2.pgn

No:  B/W 1/2     W:B       1:2           Time        Value Moves Dep 1:2       1-2-Draws
   9 W 1    1.0:0.0        9.0:0.0       8:40:49 AM  +299.99    25 6.000 :0 9-0-0

--------------------------------------------------------------

Engine-Match Friday, November 7, 2025 8:40:51 AM
 Blitz 5/5 

Pairing 1/21 :    C0BR4_v3.1  -  SlowMate_v3.1

PGN-File: C:\Program Files (x86)\Arena\Tournaments\Engine Battle 20251106_2.pgn

No:  B/W 1/2     W:B       1:2           Time        Value Moves Dep 1:2       1-2-Draws
  10 = =    2.5:2.5        6.5:3.5       8:48:38 AM    +2.68    50 4.000 :4.263  4-1-5

--------------------------------------------------------------

Engine-Match Friday, November 7, 2025 8:48:39 AM
 Blitz 5/5 

Pairing 2/21 :    RandomOpponent  -  V7P3R_v14.0

PGN-File: C:\Program Files (x86)\Arena\Tournaments\Engine Battle 20251106_2.pgn

No:  B/W 1/2     W:B       1:2           Time        Value Moves Dep 1:2       1-2-Draws
  10 W 2    1.0:0.0        0.0:10.0      8:51:57 AM  +289.98    20 0:4.833  0-10-0

--------------------------------------------------------------

Engine-Match Friday, November 7, 2025 8:51:58 AM
 Blitz 5/5 

Pairing 3/21 :    V7P3R_v14.1  -  MaterialOpponent

PGN-File: C:\Program Files (x86)\Arena\Tournaments\Engine Battle 20251106_2.pgn

No:  B/W 1/2     W:B       1:2           Time        Value Moves Dep 1:2       1-2-Draws
  10 W 2    2.5:1.5        2.5:7.5       8:56:51 AM  +299.99    38 4.192 :6.000  1-6-3

--------------------------------------------------------------

Engine-Match Friday, November 7, 2025 8:56:52 AM
 Blitz 5/5 

Pairing 4/21 :    Stockfish 1%  -  RandomOpponent

PGN-File: C:\Program Files (x86)\Arena\Tournaments\Engine Battle 20251106_2.pgn

No:  B/W 1/2     W:B       1:2           Time        Value Moves Dep 1:2       1-2-Draws
  10 B 1    1.0:0.0        10.0:0.0      8:57:29 AM      -M1    47 18.538 :0 10-0-0

--------------------------------------------------------------

Engine-Match Friday, November 7, 2025 8:57:30 AM
 Blitz 5/5 

Pairing 5/21 :    MaterialOpponent  -  C0BR4_v3.1

PGN-File: C:\Program Files (x86)\Arena\Tournaments\Engine Battle 20251106_2.pgn

No:  B/W 1/2     W:B       1:2           Time        Value Moves Dep 1:2       1-2-Draws
  10 = =    3.0:3.0        6.0:4.0       8:59:06 AM    +7.18    52 6.000 :4.000  3-1-6

--------------------------------------------------------------

Engine-Match Friday, November 7, 2025 8:59:07 AM
 Blitz 5/5 

Pairing 6/21 :    V7P3R_v14.0  -  V7P3R_v14.1

PGN-File: C:\Program Files (x86)\Arena\Tournaments\Engine Battle 20251106_2.pgn

No:  B/W 1/2     W:B       1:2           Time        Value Moves Dep 1:2       1-2-Draws
  10 = =    3.5:3.5        6.5:3.5       9:08:49 AM     0.00    58 4.571 :4.200  3-0-7

--------------------------------------------------------------

Engine-Match Friday, November 7, 2025 9:08:51 AM
 Blitz 5/5 

Pairing 7/21 :    SlowMate_v3.1  -  MaterialOpponent

PGN-File: C:\Program Files (x86)\Arena\Tournaments\Engine Battle 20251106_2.pgn

No:  B/W 1/2     W:B       1:2           Time        Value Moves Dep 1:2       1-2-Draws
  10 = =    5.0:5.0        5.0:5.0       9:13:50 AM    -4.69    26 3.538 :6.000  0-0-10

--------------------------------------------------------------

Engine-Match Friday, November 7, 2025 9:13:51 AM
 Blitz 5/5 

Pairing 8/21 :    V7P3R_v14.1  -  Stockfish 1%

PGN-File: C:\Program Files (x86)\Arena\Tournaments\Engine Battle 20251106_2.pgn

No:  B/W 1/2     W:B       1:2           Time        Value Moves Dep 1:2       1-2-Draws
  10 W 2    1.5:0.5        0.5:9.5       9:15:28 AM      +M1    19 4.231 :15.154  0-9-1

--------------------------------------------------------------

Engine-Match Friday, November 7, 2025 9:15:30 AM
 Blitz 5/5 

Pairing 9/21 :    C0BR4_v3.1  -  V7P3R_v14.0

PGN-File: C:\Program Files (x86)\Arena\Tournaments\Engine Battle 20251106_2.pgn

No:  B/W 1/2     W:B       1:2           Time        Value Moves Dep 1:2       1-2-Draws
  10 = =    1.0:1.0        5.0:5.0       9:21:53 AM    +4.42    40 4.000 :4.600  4-4-2

--------------------------------------------------------------

Engine-Match Friday, November 7, 2025 9:21:55 AM
 Blitz 5/5 

Pairing 10/21 :    RandomOpponent  -  V7P3R_v14.1

PGN-File: C:\Program Files (x86)\Arena\Tournaments\Engine Battle 20251106_2.pgn

No:  B/W 1/2     W:B       1:2           Time        Value Moves Dep 1:2       1-2-Draws
  10 W 2    1.0:0.0        0.0:10.0      9:22:37 AM     0.00     8 0:4.286  0-10-0

--------------------------------------------------------------

Engine-Match Friday, November 7, 2025 9:22:38 AM
 Blitz 5/5 

Pairing 11/21 :    V7P3R_v14.0  -  SlowMate_v3.1

PGN-File: C:\Program Files (x86)\Arena\Tournaments\Engine Battle 20251106_2.pgn

No:  B/W 1/2     W:B       1:2           Time        Value Moves Dep 1:2       1-2-Draws
  10 B 1    3.5:2.5        6.5:3.5       9:31:34 AM  -289.99    29 4.286 :3.731  4-1-5

--------------------------------------------------------------

Engine-Match Friday, November 7, 2025 9:31:45 AM
 Blitz 5/5 

Pairing 12/21 :    Stockfish 1%  -  C0BR4_v3.1

PGN-File: C:\Program Files (x86)\Arena\Tournaments\Engine Battle 20251106_2.pgn

No:  B/W 1/2     W:B       1:2           Time        Value Moves Dep 1:2       1-2-Draws
  10 B 1    1.5:0.5        9.5:0.5       9:32:22 AM      -M1    47 15.381 :4.000  9-0-1

--------------------------------------------------------------

Engine-Match Friday, November 7, 2025 9:32:23 AM
 Blitz 5/5 

Pairing 13/21 :    MaterialOpponent  -  V7P3R_v14.0

PGN-File: C:\Program Files (x86)\Arena\Tournaments\Engine Battle 20251106_2.pgn

No:  B/W 1/2     W:B       1:2           Time        Value Moves Dep 1:2       1-2-Draws
  10 B 1    2.5:1.5        7.5:2.5       9:41:23 AM   -32.20    68 6.000 :4.233  6-1-3

--------------------------------------------------------------

Engine-Match Friday, November 7, 2025 9:41:24 AM
 Blitz 5/5 

Pairing 14/21 :    C0BR4_v3.1  -  RandomOpponent

PGN-File: C:\Program Files (x86)\Arena\Tournaments\Engine Battle 20251106_2.pgn

No:  B/W 1/2     W:B       1:2           Time        Value Moves Dep 1:2       1-2-Draws
  10 B 1    1.0:0.0        10.0:0.0      9:41:49 AM  -299.97    20 3.895 :0 10-0-0

--------------------------------------------------------------

Engine-Match Friday, November 7, 2025 9:41:50 AM
 Blitz 5/5 

Pairing 15/21 :    SlowMate_v3.1  -  Stockfish 1%

PGN-File: C:\Program Files (x86)\Arena\Tournaments\Engine Battle 20251106_2.pgn

No:  B/W 1/2     W:B       1:2           Time        Value Moves Dep 1:2       1-2-Draws
  10 W 2    1.0:0.0        0.0:10.0      9:46:55 AM      +M1    32 3.935 :16.222  0-10-0

--------------------------------------------------------------

Engine-Match Friday, November 7, 2025 9:46:56 AM
 Blitz 5/5 

Pairing 16/21 :    V7P3R_v14.1  -  C0BR4_v3.1

PGN-File: C:\Program Files (x86)\Arena\Tournaments\Engine Battle 20251106_2.pgn

No:  B/W 1/2     W:B       1:2           Time        Value Moves Dep 1:2       1-2-Draws
  10 B 1    2.0:1.0        6.0:4.0       9:51:24 AM     0.00    60 4.350 :4.000  5-3-2

--------------------------------------------------------------

Engine-Match Friday, November 7, 2025 9:51:25 AM
 Blitz 5/5 

Pairing 17/21 :    Stockfish 1%  -  MaterialOpponent

PGN-File: C:\Program Files (x86)\Arena\Tournaments\Engine Battle 20251106_2.pgn

No:  B/W 1/2     W:B       1:2           Time        Value Moves Dep 1:2       1-2-Draws
  10 B 1    1.0:0.0        10.0:0.0      9:52:11 AM   -13.50    27 15.563 :6.000  10-0-0

--------------------------------------------------------------

Engine-Match Friday, November 7, 2025 9:52:12 AM
 Blitz 5/5 

Pairing 18/21 :    RandomOpponent  -  SlowMate_v3.1

PGN-File: C:\Program Files (x86)\Arena\Tournaments\Engine Battle 20251106_2.pgn

No:  B/W 1/2     W:B       1:2           Time        Value Moves Dep 1:2       1-2-Draws
  10 W 2    3.5:2.5        2.5:7.5       9:56:32 AM  +190.41    26 0:4.115  0-5-5

--------------------------------------------------------------

Engine-Match Friday, November 7, 2025 9:56:33 AM
 Blitz 5/5 

Pairing 19/21 :    V7P3R_v14.0  -  Stockfish 1%

PGN-File: C:\Program Files (x86)\Arena\Tournaments\Engine Battle 20251106_2.pgn

No:  B/W 1/2     W:B       1:2           Time        Value Moves Dep 1:2       1-2-Draws
  10 W 2    1.5:0.5        0.5:9.5       10:04:09 AM      +M1    52 4.364 :16.176  0-9-1

--------------------------------------------------------------

Engine-Match Friday, November 7, 2025 10:04:10 AM
 Blitz 5/5 

Pairing 20/21 :    SlowMate_v3.1  -  V7P3R_v14.1

PGN-File: C:\Program Files (x86)\Arena\Tournaments\Engine Battle 20251106_2.pgn

No:  B/W 1/2     W:B       1:2           Time        Value Moves Dep 1:2       1-2-Draws
  10 W 2    3.5:2.5        2.5:7.5       10:12:33 AM   +16.10    31 3.871 :4.136  0-5-5

--------------------------------------------------------------

Engine-Match Friday, November 7, 2025 10:12:34 AM
 Blitz 5/5 

Pairing 21/21 :    MaterialOpponent  -  RandomOpponent

PGN-File: C:\Program Files (x86)\Arena\Tournaments\Engine Battle 20251106_2.pgn

No:  B/W 1/2     W:B       1:2           Time        Value Moves Dep 1:2       1-2-Draws
  10 B 1    1.0:0.0        10.0:0.0      10:13:21 AM  -299.99    26 6.000 :0 10-0-0
