Engine-Match Friday, November 7, 2025 11:40:48 PM
 Blitz 2/1 

Pairing 1/21 :    V7P3R_v14.3  -  MaterialOpponent

PGN-File: C:\Program Files (x86)\Arena\Tournaments\Engine Battle 20251107_3.pgn

No:  B/W 1/2     W:B       1:2           Time        Value Moves Dep 1:2       1-2-Draws
   1 = =    0.5:0.5        0.5:0.5       11:41:20 PM     0.00    13 4.222 :6.000  0-0-1

--------------------------------------------------------------

Engine-Match Friday, November 7, 2025 11:41:21 PM
 Blitz 2/1 

Pairing 2/21 :    RandomOpponent  -  V7P3R_v14.2

PGN-File: C:\Program Files (x86)\Arena\Tournaments\Engine Battle 20251107_3.pgn

No:  B/W 1/2     W:B       1:2           Time        Value Moves Dep 1:2       1-2-Draws
   1 B 2    1.0:0.0        0.0:1.0       11:42:31 PM  -289.98    13 0:3.769  0-1-0

--------------------------------------------------------------

Engine-Match Friday, November 7, 2025 11:42:32 PM
 Blitz 2/1 

Pairing 3/21 :    V7P3R_v14.0  -  Stockfish 1%

PGN-File: C:\Program Files (x86)\Arena\Tournaments\Engine Battle 20251107_3.pgn

No:  B/W 1/2     W:B       1:2           Time        Value Moves Dep 1:2       1-2-Draws
   1 B 2    1.0:0.0        0.0:1.0       11:46:36 PM   -17.96   109 4.105 :10.250  0-1-0

--------------------------------------------------------------

Engine-Match Friday, November 7, 2025 11:46:37 PM
 Blitz 2/1 

Pairing 4/21 :    C0BR4_v3.1  -  RandomOpponent

PGN-File: C:\Program Files (x86)\Arena\Tournaments\Engine Battle 20251107_3.pgn

No:  B/W 1/2     W:B       1:2           Time        Value Moves Dep 1:2       1-2-Draws
   1 W 1    1.0:0.0        1.0:0.0       11:47:02 PM  +299.97    24 3.909 :0 1-0-0

--------------------------------------------------------------

Engine-Match Friday, November 7, 2025 11:47:03 PM
 Blitz 2/1 

Pairing 5/21 :    Stockfish 1%  -  V7P3R_v14.3

PGN-File: C:\Program Files (x86)\Arena\Tournaments\Engine Battle 20251107_3.pgn

No:  B/W 1/2     W:B       1:2           Time        Value Moves Dep 1:2       1-2-Draws
   1 W 1    1.0:0.0        1.0:0.0       11:48:07 PM      +M1    24 10.875 :4.000  1-0-0

--------------------------------------------------------------

Engine-Match Friday, November 7, 2025 11:48:08 PM
 Blitz 2/1 

Pairing 6/21 :    V7P3R_v14.2  -  V7P3R_v14.0

PGN-File: C:\Program Files (x86)\Arena\Tournaments\Engine Battle 20251107_3.pgn

No:  B/W 1/2     W:B       1:2           Time        Value Moves Dep 1:2       1-2-Draws
   1 W 1    1.0:0.0        1.0:0.0       11:53:02 PM  +289.98    62 3.444 :3.625  1-0-0

--------------------------------------------------------------

Engine-Match Friday, November 7, 2025 11:53:03 PM
 Blitz 2/1 

Pairing 7/21 :    MaterialOpponent  -  Stockfish 1%

PGN-File: C:\Program Files (x86)\Arena\Tournaments\Engine Battle 20251107_3.pgn

No:  B/W 1/2     W:B       1:2           Time        Value Moves Dep 1:2       1-2-Draws
   1 B 2    1.0:0.0        0.0:1.0       11:53:54 PM  -299.94    31 6.000 :12.400  0-1-0

--------------------------------------------------------------

Engine-Match Friday, November 7, 2025 11:53:56 PM
 Blitz 2/1 

Pairing 8/21 :    V7P3R_v14.0  -  C0BR4_v3.1

PGN-File: C:\Program Files (x86)\Arena\Tournaments\Engine Battle 20251107_3.pgn

No:  B/W 1/2     W:B       1:2           Time        Value Moves Dep 1:2       1-2-Draws
   1 B 2    1.0:0.0        0.0:1.0       11:55:31 PM  -299.97    21 3.882 :3.895  0-1-0

--------------------------------------------------------------

Engine-Match Friday, November 7, 2025 11:55:32 PM
 Blitz 2/1 

Pairing 9/21 :    V7P3R_v14.3  -  V7P3R_v14.2

PGN-File: C:\Program Files (x86)\Arena\Tournaments\Engine Battle 20251107_3.pgn

No:  B/W 1/2     W:B       1:2           Time        Value Moves Dep 1:2       1-2-Draws
   1 W 1    1.0:0.0        1.0:0.0       11:59:47 PM     0.00    74 3.833 :3.500  1-0-0

--------------------------------------------------------------

Engine-Match Friday, November 7, 2025 11:59:49 PM
 Blitz 2/1 

Pairing 10/21 :    RandomOpponent  -  V7P3R_v14.0

PGN-File: C:\Program Files (x86)\Arena\Tournaments\Engine Battle 20251107_3.pgn

No:  B/W 1/2     W:B       1:2           Time        Value Moves Dep 1:2       1-2-Draws
   1 B 2    1.0:0.0        0.0:1.0       12:01:18 AM     0.00    19 0:4.200  0-1-0

--------------------------------------------------------------

Engine-Match Saturday, November 8, 2025 12:01:19 AM
 Blitz 2/1 

Pairing 11/21 :    V7P3R_v14.2  -  MaterialOpponent

PGN-File: C:\Program Files (x86)\Arena\Tournaments\Engine Battle 20251107_3.pgn

No:  B/W 1/2     W:B       1:2           Time        Value Moves Dep 1:2       1-2-Draws
   1 = =    0.5:0.5        0.5:0.5       12:05:13 AM    -1.00    57 3.551 :6.000  0-0-1

--------------------------------------------------------------

Engine-Match Saturday, November 8, 2025 12:05:14 AM
 Blitz 2/1 

Pairing 12/21 :    C0BR4_v3.1  -  V7P3R_v14.3

PGN-File: C:\Program Files (x86)\Arena\Tournaments\Engine Battle 20251107_3.pgn

No:  B/W 1/2     W:B       1:2           Time        Value Moves Dep 1:2       1-2-Draws
   1 = =    0.5:0.5        0.5:0.5       12:06:51 AM    -1.02    22 4.000 :4.063  0-0-1

--------------------------------------------------------------

Engine-Match Saturday, November 8, 2025 12:06:52 AM
 Blitz 2/1 

Pairing 13/21 :    Stockfish 1%  -  V7P3R_v14.2

PGN-File: C:\Program Files (x86)\Arena\Tournaments\Engine Battle 20251107_3.pgn

No:  B/W 1/2     W:B       1:2           Time        Value Moves Dep 1:2       1-2-Draws
   1 W 1    1.0:0.0        1.0:0.0       12:07:52 AM      +M1    21 11.857 :3.733  1-0-0

--------------------------------------------------------------

Engine-Match Saturday, November 8, 2025 12:07:54 AM
 Blitz 2/1 

Pairing 14/21 :    V7P3R_v14.3  -  RandomOpponent

PGN-File: C:\Program Files (x86)\Arena\Tournaments\Engine Battle 20251107_3.pgn

No:  B/W 1/2     W:B       1:2           Time        Value Moves Dep 1:2       1-2-Draws
   1 W 1    1.0:0.0        1.0:0.0       12:08:30 AM  +289.98    13 4.231 :0 1-0-0

--------------------------------------------------------------

Engine-Match Saturday, November 8, 2025 12:08:31 AM
 Blitz 2/1 

Pairing 15/21 :    MaterialOpponent  -  C0BR4_v3.1

PGN-File: C:\Program Files (x86)\Arena\Tournaments\Engine Battle 20251107_3.pgn

No:  B/W 1/2     W:B       1:2           Time        Value Moves Dep 1:2       1-2-Draws
   1 W 1    1.0:0.0        1.0:0.0       12:10:48 AM  +299.99    45 6.000 :3.977  1-0-0

--------------------------------------------------------------

Engine-Match Saturday, November 8, 2025 12:10:49 AM
 Blitz 2/1 

Pairing 16/21 :    V7P3R_v14.0  -  V7P3R_v14.3

PGN-File: C:\Program Files (x86)\Arena\Tournaments\Engine Battle 20251107_3.pgn

No:  B/W 1/2     W:B       1:2           Time        Value Moves Dep 1:2       1-2-Draws
   1 B 2    1.0:0.0        0.0:1.0       12:16:29 AM     0.00    85 4.550 :4.182  0-1-0

--------------------------------------------------------------

Engine-Match Saturday, November 8, 2025 12:16:30 AM
 Blitz 2/1 

Pairing 17/21 :    C0BR4_v3.1  -  Stockfish 1%

PGN-File: C:\Program Files (x86)\Arena\Tournaments\Engine Battle 20251107_3.pgn

No:  B/W 1/2     W:B       1:2           Time        Value Moves Dep 1:2       1-2-Draws
   1 B 2    1.0:0.0        0.0:1.0       12:17:07 AM    -9.42    34 4.000 :11.000  0-1-0

--------------------------------------------------------------

Engine-Match Saturday, November 8, 2025 12:17:08 AM
 Blitz 2/1 

Pairing 18/21 :    RandomOpponent  -  MaterialOpponent

PGN-File: C:\Program Files (x86)\Arena\Tournaments\Engine Battle 20251107_3.pgn

No:  B/W 1/2     W:B       1:2           Time        Value Moves Dep 1:2       1-2-Draws
   1 B 2    1.0:0.0        0.0:1.0       12:17:44 AM  -299.99    32 0:6.000  0-1-0

--------------------------------------------------------------

Engine-Match Saturday, November 8, 2025 12:17:45 AM
 Blitz 2/1 

Pairing 19/21 :    V7P3R_v14.2  -  C0BR4_v3.1

PGN-File: C:\Program Files (x86)\Arena\Tournaments\Engine Battle 20251107_3.pgn

No:  B/W 1/2     W:B       1:2           Time        Value Moves Dep 1:2       1-2-Draws
   1 W 1    1.0:0.0        1.0:0.0       12:20:10 AM   +11.54    48 3.842 :4.000  1-0-0

--------------------------------------------------------------

Engine-Match Saturday, November 8, 2025 12:20:11 AM
 Blitz 2/1 

Pairing 20/21 :    MaterialOpponent  -  V7P3R_v14.0

PGN-File: C:\Program Files (x86)\Arena\Tournaments\Engine Battle 20251107_3.pgn

No:  B/W 1/2     W:B       1:2           Time        Value Moves Dep 1:2       1-2-Draws
   1 = =    0.5:0.5        0.5:0.5       12:22:46 AM    +1.00    28 6.000 :3.810  0-0-1

--------------------------------------------------------------

Engine-Match Saturday, November 8, 2025 12:23:01 AM
 Blitz 2/1 

Pairing 21/21 :    Stockfish 1%  -  RandomOpponent

PGN-File: C:\Program Files (x86)\Arena\Tournaments\Engine Battle 20251107_3.pgn

No:  B/W 1/2     W:B       1:2           Time        Value Moves Dep 1:2       1-2-Draws
   1 W 1    1.0:0.0        1.0:0.0       12:23:14 AM      +M1    29 12.250 :0 1-0-0

--------------------------------------------------------------

Engine-Match Saturday, November 8, 2025 12:23:16 AM
 Blitz 2/1 

Pairing 1/21 :    V7P3R_v14.3  -  MaterialOpponent

PGN-File: C:\Program Files (x86)\Arena\Tournaments\Engine Battle 20251107_3.pgn

No:  B/W 1/2     W:B       1:2           Time        Value Moves Dep 1:2       1-2-Draws
   2 W 2    1.5:0.5        0.5:1.5       12:27:56 AM  +299.99    92 3.660 :6.000  0-1-1

--------------------------------------------------------------

Engine-Match Saturday, November 8, 2025 12:27:58 AM
 Blitz 2/1 

Pairing 2/21 :    RandomOpponent  -  V7P3R_v14.2

PGN-File: C:\Program Files (x86)\Arena\Tournaments\Engine Battle 20251107_3.pgn

No:  B/W 1/2     W:B       1:2           Time        Value Moves Dep 1:2       1-2-Draws
   2 W 2    1.0:0.0        0.0:2.0       12:29:19 AM     0.00    20 0:3.842  0-2-0

--------------------------------------------------------------

Engine-Match Saturday, November 8, 2025 12:29:20 AM
 Blitz 2/1 

Pairing 3/21 :    V7P3R_v14.0  -  Stockfish 1%

PGN-File: C:\Program Files (x86)\Arena\Tournaments\Engine Battle 20251107_3.pgn

No:  B/W 1/2     W:B       1:2           Time        Value Moves Dep 1:2       1-2-Draws
   2 W 2    1.0:0.0        0.0:2.0       12:31:14 AM   +10.32    25 4.385 :11.857  0-2-0

--------------------------------------------------------------

Engine-Match Saturday, November 8, 2025 12:31:16 AM
 Blitz 2/1 

Pairing 4/21 :    C0BR4_v3.1  -  RandomOpponent

PGN-File: C:\Program Files (x86)\Arena\Tournaments\Engine Battle 20251107_3.pgn

No:  B/W 1/2     W:B       1:2           Time        Value Moves Dep 1:2       1-2-Draws
   2 B 1    1.0:0.0        2.0:0.0       12:31:39 AM  -299.97    22 4.000 :0 2-0-0

--------------------------------------------------------------

Engine-Match Saturday, November 8, 2025 12:31:40 AM
 Blitz 2/1 

Pairing 5/21 :    Stockfish 1%  -  V7P3R_v14.3

PGN-File: C:\Program Files (x86)\Arena\Tournaments\Engine Battle 20251107_3.pgn

No:  B/W 1/2     W:B       1:2           Time        Value Moves Dep 1:2       1-2-Draws
   2 B 1    1.0:0.0        2.0:0.0       12:33:24 AM      -M1    29 11.500 :3.750  2-0-0

--------------------------------------------------------------

Engine-Match Saturday, November 8, 2025 12:33:25 AM
 Blitz 2/1 

Pairing 6/21 :    V7P3R_v14.2  -  V7P3R_v14.0

PGN-File: C:\Program Files (x86)\Arena\Tournaments\Engine Battle 20251107_3.pgn

No:  B/W 1/2     W:B       1:2           Time        Value Moves Dep 1:2       1-2-Draws
   2 W 2    1.0:0.0        1.0:1.0       12:37:40 AM     0.00    63 3.792 :4.040  1-1-0

--------------------------------------------------------------

Engine-Match Saturday, November 8, 2025 12:37:42 AM
 Blitz 2/1 

Pairing 7/21 :    MaterialOpponent  -  Stockfish 1%

PGN-File: C:\Program Files (x86)\Arena\Tournaments\Engine Battle 20251107_3.pgn

No:  B/W 1/2     W:B       1:2           Time        Value Moves Dep 1:2       1-2-Draws
   2 = =    0.5:0.5        0.5:1.5       12:41:15 AM     0.00   191 6.000 :13.167  0-1-1

--------------------------------------------------------------

Engine-Match Saturday, November 8, 2025 12:41:16 AM
 Blitz 2/1 

Pairing 8/21 :    V7P3R_v14.0  -  C0BR4_v3.1

PGN-File: C:\Program Files (x86)\Arena\Tournaments\Engine Battle 20251107_3.pgn

No:  B/W 1/2     W:B       1:2           Time        Value Moves Dep 1:2       1-2-Draws
   2 W 2    1.0:0.0        0.0:2.0       12:43:58 AM    +9.21    41 4.150 :4.000  0-2-0

--------------------------------------------------------------

Engine-Match Saturday, November 8, 2025 12:44:00 AM
 Blitz 2/1 

Pairing 9/21 :    V7P3R_v14.3  -  V7P3R_v14.2

PGN-File: C:\Program Files (x86)\Arena\Tournaments\Engine Battle 20251107_3.pgn

No:  B/W 1/2     W:B       1:2           Time        Value Moves Dep 1:2       1-2-Draws
   2 B 1    1.0:0.0        2.0:0.0       12:47:30 AM  -289.98    57 4.000 :3.692  2-0-0

--------------------------------------------------------------

Engine-Match Saturday, November 8, 2025 12:47:32 AM
 Blitz 2/1 

Pairing 10/21 :    RandomOpponent  -  V7P3R_v14.0

PGN-File: C:\Program Files (x86)\Arena\Tournaments\Engine Battle 20251107_3.pgn

No:  B/W 1/2     W:B       1:2           Time        Value Moves Dep 1:2       1-2-Draws
   2 W 2    1.0:0.0        0.0:2.0       12:48:17 AM     0.00     8 0:4.143  0-2-0

--------------------------------------------------------------

Engine-Match Saturday, November 8, 2025 12:48:18 AM
 Blitz 2/1 

Pairing 11/21 :    V7P3R_v14.2  -  MaterialOpponent

PGN-File: C:\Program Files (x86)\Arena\Tournaments\Engine Battle 20251107_3.pgn

No:  B/W 1/2     W:B       1:2           Time        Value Moves Dep 1:2       1-2-Draws
   2 W 2    1.5:0.5        0.5:1.5       12:51:23 AM  +299.99    47 3.759 :6.000  0-1-1

--------------------------------------------------------------

Engine-Match Saturday, November 8, 2025 12:51:24 AM
 Blitz 2/1 

Pairing 12/21 :    C0BR4_v3.1  -  V7P3R_v14.3

PGN-File: C:\Program Files (x86)\Arena\Tournaments\Engine Battle 20251107_3.pgn

No:  B/W 1/2     W:B       1:2           Time        Value Moves Dep 1:2       1-2-Draws
   2 W 2    1.5:0.5        0.5:1.5       12:52:55 AM     0.00    29 3.963 :3.955  0-1-1

--------------------------------------------------------------

Engine-Match Saturday, November 8, 2025 12:52:56 AM
 Blitz 2/1 

Pairing 13/21 :    Stockfish 1%  -  V7P3R_v14.2

PGN-File: C:\Program Files (x86)\Arena\Tournaments\Engine Battle 20251107_3.pgn

No:  B/W 1/2     W:B       1:2           Time        Value Moves Dep 1:2       1-2-Draws
   2 B 1    1.0:0.0        2.0:0.0       12:54:19 AM      -M1    25 11.571 :3.700  2-0-0

--------------------------------------------------------------

Engine-Match Saturday, November 8, 2025 12:54:20 AM
 Blitz 2/1 

Pairing 14/21 :    V7P3R_v14.3  -  RandomOpponent

PGN-File: C:\Program Files (x86)\Arena\Tournaments\Engine Battle 20251107_3.pgn

No:  B/W 1/2     W:B       1:2           Time        Value Moves Dep 1:2       1-2-Draws
   2 B 1    1.0:0.0        2.0:0.0       12:54:57 AM  -289.97    13 3.750 :0 2-0-0

--------------------------------------------------------------

Engine-Match Saturday, November 8, 2025 12:54:58 AM
 Blitz 2/1 

Pairing 15/21 :    MaterialOpponent  -  C0BR4_v3.1

PGN-File: C:\Program Files (x86)\Arena\Tournaments\Engine Battle 20251107_3.pgn

No:  B/W 1/2     W:B       1:2           Time        Value Moves Dep 1:2       1-2-Draws
   2 = =    0.5:0.5        1.5:0.5       12:55:35 AM    -3.25    15 6.000 :4.000  1-0-1

--------------------------------------------------------------

Engine-Match Saturday, November 8, 2025 12:55:36 AM
 Blitz 2/1 

Pairing 16/21 :    V7P3R_v14.0  -  V7P3R_v14.3

PGN-File: C:\Program Files (x86)\Arena\Tournaments\Engine Battle 20251107_3.pgn

No:  B/W 1/2     W:B       1:2           Time        Value Moves Dep 1:2       1-2-Draws
   2 B 1    1.0:0.0        1.0:1.0       12:59:54 AM     0.00    60 4.300 :4.120  1-1-0

--------------------------------------------------------------

Engine-Match Saturday, November 8, 2025 12:59:56 AM
 Blitz 2/1 

Pairing 17/21 :    C0BR4_v3.1  -  Stockfish 1%

PGN-File: C:\Program Files (x86)\Arena\Tournaments\Engine Battle 20251107_3.pgn

No:  B/W 1/2     W:B       1:2           Time        Value Moves Dep 1:2       1-2-Draws
   2 = =    0.5:0.5        0.5:1.5       1:02:10 AM    +4.83   179 4.000 :11.000  0-1-1

--------------------------------------------------------------

Engine-Match Saturday, November 8, 2025 1:02:12 AM
 Blitz 2/1 

Pairing 18/21 :    RandomOpponent  -  MaterialOpponent

PGN-File: C:\Program Files (x86)\Arena\Tournaments\Engine Battle 20251107_3.pgn

No:  B/W 1/2     W:B       1:2           Time        Value Moves Dep 1:2       1-2-Draws
   2 W 2    1.0:0.0        0.0:2.0       1:03:07 AM  +299.99    29 0:6.000  0-2-0

--------------------------------------------------------------

Engine-Match Saturday, November 8, 2025 1:03:08 AM
 Blitz 2/1 

Pairing 19/21 :    V7P3R_v14.2  -  C0BR4_v3.1

PGN-File: C:\Program Files (x86)\Arena\Tournaments\Engine Battle 20251107_3.pgn

No:  B/W 1/2     W:B       1:2           Time        Value Moves Dep 1:2       1-2-Draws
   2 W 2    1.0:0.0        1.0:1.0       1:04:27 AM  +299.97    24 3.500 :3.909  1-1-0

--------------------------------------------------------------

Engine-Match Saturday, November 8, 2025 1:04:38 AM
 Blitz 2/1 

Pairing 20/21 :    MaterialOpponent  -  V7P3R_v14.0

PGN-File: C:\Program Files (x86)\Arena\Tournaments\Engine Battle 20251107_3.pgn

No:  B/W 1/2     W:B       1:2           Time        Value Moves Dep 1:2       1-2-Draws
   2 B 1    1.5:0.5        1.5:0.5       1:09:00 AM  -299.99    73 6.000 :4.071  1-0-1

--------------------------------------------------------------

Engine-Match Saturday, November 8, 2025 1:09:01 AM
 Blitz 2/1 

Pairing 21/21 :    Stockfish 1%  -  RandomOpponent

PGN-File: C:\Program Files (x86)\Arena\Tournaments\Engine Battle 20251107_3.pgn

No:  B/W 1/2     W:B       1:2           Time        Value Moves Dep 1:2       1-2-Draws
   2 B 1    1.0:0.0        2.0:0.0       1:09:19 AM      -M1    11 12.429 :0 2-0-0

--------------------------------------------------------------

Engine-Match Saturday, November 8, 2025 1:09:20 AM
 Blitz 2/1 

Pairing 1/21 :    V7P3R_v14.3  -  MaterialOpponent

PGN-File: C:\Program Files (x86)\Arena\Tournaments\Engine Battle 20251107_3.pgn

No:  B/W 1/2     W:B       1:2           Time        Value Moves Dep 1:2       1-2-Draws
   3 = =    1.0:1.0        1.0:2.0       1:10:00 AM     0.00    13 4.222 :6.000  0-1-2

--------------------------------------------------------------

Engine-Match Saturday, November 8, 2025 1:10:01 AM
 Blitz 2/1 

Pairing 2/21 :    RandomOpponent  -  V7P3R_v14.2

PGN-File: C:\Program Files (x86)\Arena\Tournaments\Engine Battle 20251107_3.pgn

No:  B/W 1/2     W:B       1:2           Time        Value Moves Dep 1:2       1-2-Draws
   3 B 2    1.0:0.0        0.0:3.0       1:10:28 AM  -289.98     7 0:4.167  0-3-0

--------------------------------------------------------------

Engine-Match Saturday, November 8, 2025 1:10:29 AM
 Blitz 2/1 

Pairing 3/21 :    V7P3R_v14.0  -  Stockfish 1%

PGN-File: C:\Program Files (x86)\Arena\Tournaments\Engine Battle 20251107_3.pgn

No:  B/W 1/2     W:B       1:2           Time        Value Moves Dep 1:2       1-2-Draws
   3 B 2    1.0:0.0        0.0:3.0       1:13:02 AM      -M1    42 3.733 :10.900  0-3-0

--------------------------------------------------------------

Engine-Match Saturday, November 8, 2025 1:13:03 AM
 Blitz 2/1 

Pairing 4/21 :    C0BR4_v3.1  -  RandomOpponent

PGN-File: C:\Program Files (x86)\Arena\Tournaments\Engine Battle 20251107_3.pgn

No:  B/W 1/2     W:B       1:2           Time        Value Moves Dep 1:2       1-2-Draws
   3 W 1    1.0:0.0        3.0:0.0       1:13:15 AM  +299.97     6 3.500 :0 3-0-0

--------------------------------------------------------------

Engine-Match Saturday, November 8, 2025 1:13:16 AM
 Blitz 2/1 

Pairing 5/21 :    Stockfish 1%  -  V7P3R_v14.3

PGN-File: C:\Program Files (x86)\Arena\Tournaments\Engine Battle 20251107_3.pgn

No:  B/W 1/2     W:B       1:2           Time        Value Moves Dep 1:2       1-2-Draws
   3 W 1    1.0:0.0        3.0:0.0       1:14:43 AM      +M1    20 10.750 :3.765  3-0-0

--------------------------------------------------------------

Engine-Match Saturday, November 8, 2025 1:14:44 AM
 Blitz 2/1 

Pairing 6/21 :    V7P3R_v14.2  -  V7P3R_v14.0

PGN-File: C:\Program Files (x86)\Arena\Tournaments\Engine Battle 20251107_3.pgn

No:  B/W 1/2     W:B       1:2           Time        Value Moves Dep 1:2       1-2-Draws
   3 W 1    1.0:0.0        2.0:1.0       1:19:04 AM  +289.98    46 3.567 :3.708  2-1-0

--------------------------------------------------------------

Engine-Match Saturday, November 8, 2025 1:19:05 AM
 Blitz 2/1 

Pairing 7/21 :    MaterialOpponent  -  Stockfish 1%

PGN-File: C:\Program Files (x86)\Arena\Tournaments\Engine Battle 20251107_3.pgn

No:  B/W 1/2     W:B       1:2           Time        Value Moves Dep 1:2       1-2-Draws
   3 W 1    1.5:0.5        1.5:1.5       1:20:23 AM  +299.99    29 6.000 :11.625  1-1-1

--------------------------------------------------------------

Engine-Match Saturday, November 8, 2025 1:20:25 AM
 Blitz 2/1 

Pairing 8/21 :    V7P3R_v14.0  -  C0BR4_v3.1

PGN-File: C:\Program Files (x86)\Arena\Tournaments\Engine Battle 20251107_3.pgn

No:  B/W 1/2     W:B       1:2           Time        Value Moves Dep 1:2       1-2-Draws
   3 W 1    1.0:0.0        1.0:2.0       1:21:28 AM   +11.43    15 4.091 :4.000  1-2-0

--------------------------------------------------------------

Engine-Match Saturday, November 8, 2025 1:21:29 AM
 Blitz 2/1 

Pairing 9/21 :    V7P3R_v14.3  -  V7P3R_v14.2

PGN-File: C:\Program Files (x86)\Arena\Tournaments\Engine Battle 20251107_3.pgn

No:  B/W 1/2     W:B       1:2           Time        Value Moves Dep 1:2       1-2-Draws
   3 W 1    1.0:0.0        3.0:0.0       1:24:32 AM   +23.97    37 4.120 :3.880  3-0-0

--------------------------------------------------------------

Engine-Match Saturday, November 8, 2025 1:24:33 AM
 Blitz 2/1 

Pairing 10/21 :    RandomOpponent  -  V7P3R_v14.0

PGN-File: C:\Program Files (x86)\Arena\Tournaments\Engine Battle 20251107_3.pgn

No:  B/W 1/2     W:B       1:2           Time        Value Moves Dep 1:2       1-2-Draws
   3 B 2    1.0:0.0        0.0:3.0       1:25:52 AM  -289.98    12 0:4.250  0-3-0

--------------------------------------------------------------

Engine-Match Saturday, November 8, 2025 1:25:53 AM
 Blitz 2/1 

Pairing 11/21 :    V7P3R_v14.2  -  MaterialOpponent

PGN-File: C:\Program Files (x86)\Arena\Tournaments\Engine Battle 20251107_3.pgn

No:  B/W 1/2     W:B       1:2           Time        Value Moves Dep 1:2       1-2-Draws
   3 B 2    1.5:0.5        0.5:2.5       1:29:43 AM   -16.33    53 3.396 :6.000  0-2-1

--------------------------------------------------------------

Engine-Match Saturday, November 8, 2025 1:29:44 AM
 Blitz 2/1 

Pairing 12/21 :    C0BR4_v3.1  -  V7P3R_v14.3

PGN-File: C:\Program Files (x86)\Arena\Tournaments\Engine Battle 20251107_3.pgn

No:  B/W 1/2     W:B       1:2           Time        Value Moves Dep 1:2       1-2-Draws
   3 W 1    1.5:0.5        1.5:1.5       1:31:04 AM  +299.97    23 4.000 :3.882  1-1-1

--------------------------------------------------------------

Engine-Match Saturday, November 8, 2025 1:31:06 AM
 Blitz 2/1 

Pairing 13/21 :    Stockfish 1%  -  V7P3R_v14.2

PGN-File: C:\Program Files (x86)\Arena\Tournaments\Engine Battle 20251107_3.pgn

No:  B/W 1/2     W:B       1:2           Time        Value Moves Dep 1:2       1-2-Draws
   3 W 1    1.0:0.0        3.0:0.0       1:31:46 AM      +M1    16 10.500 :3.538  3-0-0

--------------------------------------------------------------

Engine-Match Saturday, November 8, 2025 1:31:48 AM
 Blitz 2/1 

Pairing 14/21 :    V7P3R_v14.3  -  RandomOpponent

PGN-File: C:\Program Files (x86)\Arena\Tournaments\Engine Battle 20251107_3.pgn

No:  B/W 1/2     W:B       1:2           Time        Value Moves Dep 1:2       1-2-Draws
   3 W 1    1.0:0.0        3.0:0.0       1:32:08 AM     0.00    10 3.875 :0 3-0-0

--------------------------------------------------------------

Engine-Match Saturday, November 8, 2025 1:32:10 AM
 Blitz 2/1 

Pairing 15/21 :    MaterialOpponent  -  C0BR4_v3.1

PGN-File: C:\Program Files (x86)\Arena\Tournaments\Engine Battle 20251107_3.pgn

No:  B/W 1/2     W:B       1:2           Time        Value Moves Dep 1:2       1-2-Draws
   3 = =    1.0:1.0        2.0:1.0       1:33:49 AM    -5.55    34 6.000 :4.000  1-0-2

--------------------------------------------------------------

Engine-Match Saturday, November 8, 2025 1:33:50 AM
 Blitz 2/1 

Pairing 16/21 :    V7P3R_v14.0  -  V7P3R_v14.3

PGN-File: C:\Program Files (x86)\Arena\Tournaments\Engine Battle 20251107_3.pgn

No:  B/W 1/2     W:B       1:2           Time        Value Moves Dep 1:2       1-2-Draws
   3 = =    0.5:0.5        1.5:1.5       1:37:48 AM    +7.06    59 4.526 :4.190  1-1-1

--------------------------------------------------------------

Engine-Match Saturday, November 8, 2025 1:37:49 AM
 Blitz 2/1 

Pairing 17/21 :    C0BR4_v3.1  -  Stockfish 1%

PGN-File: C:\Program Files (x86)\Arena\Tournaments\Engine Battle 20251107_3.pgn

No:  B/W 1/2     W:B       1:2           Time        Value Moves Dep 1:2       1-2-Draws
   3 = =    1.0:1.0        1.0:2.0       1:38:34 AM     0.00    50 4.000 :10.750  0-1-2

--------------------------------------------------------------

Engine-Match Saturday, November 8, 2025 1:38:35 AM
 Blitz 2/1 

Pairing 18/21 :    RandomOpponent  -  MaterialOpponent

PGN-File: C:\Program Files (x86)\Arena\Tournaments\Engine Battle 20251107_3.pgn

No:  B/W 1/2     W:B       1:2           Time        Value Moves Dep 1:2       1-2-Draws
   3 B 2    1.0:0.0        0.0:3.0       1:39:13 AM  -299.99    26 0:6.000  0-3-0

--------------------------------------------------------------

Engine-Match Saturday, November 8, 2025 1:39:29 AM
 Blitz 2/1 

Pairing 19/21 :    V7P3R_v14.2  -  C0BR4_v3.1

PGN-File: C:\Program Files (x86)\Arena\Tournaments\Engine Battle 20251107_3.pgn

No:  B/W 1/2     W:B       1:2           Time        Value Moves Dep 1:2       1-2-Draws
   3 = =    0.5:0.5        1.5:1.5       1:40:20 AM   +10.31    21 4.000 :4.000  1-1-1

--------------------------------------------------------------

Engine-Match Saturday, November 8, 2025 1:40:21 AM
 Blitz 2/1 

Pairing 20/21 :    MaterialOpponent  -  V7P3R_v14.0

PGN-File: C:\Program Files (x86)\Arena\Tournaments\Engine Battle 20251107_3.pgn

No:  B/W 1/2     W:B       1:2           Time        Value Moves Dep 1:2       1-2-Draws
   3 W 1    1.5:0.5        2.5:0.5       1:45:11 AM  +299.99    75 6.000 :3.514  2-0-1

--------------------------------------------------------------

Engine-Match Saturday, November 8, 2025 1:45:12 AM
 Blitz 2/1 

Pairing 21/21 :    Stockfish 1%  -  RandomOpponent

PGN-File: C:\Program Files (x86)\Arena\Tournaments\Engine Battle 20251107_3.pgn

No:  B/W 1/2     W:B       1:2           Time        Value Moves Dep 1:2       1-2-Draws
   3 W 1    1.0:0.0        3.0:0.0       1:45:32 AM      +M1    16 12.667 :0 3-0-0
