Engine-Match Sunday, November 2, 2025 3:39:12 AM
 Blitz 10/1 

Pairing 1/15 :    C0BR4_v3.1  -  Random_Opponent

PGN-File: C:\Program Files (x86)\Arena\Tournaments\Engine Battle 20251102_2.pgn

No:  B/W 1/2     W:B       1:2           Time        Value Moves Dep 1:2       1-2-Draws
   1 W 1    1.0:0.0        1.0:0.0       3:39:20 AM  +299.97    12 3.818 :0 1-0-0

--------------------------------------------------------------

Engine-Match Sunday, November 2, 2025 3:39:21 AM
 Blitz 10/1 

Pairing 2/15 :    MaterialOpponent  -  V7P3R_v14.9

PGN-File: C:\Program Files (x86)\Arena\Tournaments\Engine Battle 20251102_2.pgn

No:  B/W 1/2     W:B       1:2           Time        Value Moves Dep 1:2       1-2-Draws
   1 W 1    1.0:0.0        1.0:0.0       3:48:37 AM  +299.99    77 6.000 :4.200  1-0-0

--------------------------------------------------------------

Engine-Match Sunday, November 2, 2025 3:48:39 AM
 Blitz 10/1 

Pairing 3/15 :    SlowMate_v3.1  -  Stockfish 1%

PGN-File: C:\Program Files (x86)\Arena\Tournaments\Engine Battle 20251102_2.pgn

No:  B/W 1/2     W:B       1:2           Time        Value Moves Dep 1:2       1-2-Draws
   1 B 2    1.0:0.0        0.0:1.0       3:53:37 AM      -M1    24 4.000 :18.217  0-1-0

--------------------------------------------------------------

Engine-Match Sunday, November 2, 2025 3:53:38 AM
 Blitz 10/1 

Pairing 4/15 :    MaterialOpponent  -  C0BR4_v3.1

PGN-File: C:\Program Files (x86)\Arena\Tournaments\Engine Battle 20251102_2.pgn

No:  B/W 1/2     W:B       1:2           Time        Value Moves Dep 1:2       1-2-Draws
   1 = =    0.5:0.5        0.5:0.5       3:55:04 AM    +2.80    60 6.000 :4.000  0-0-1

--------------------------------------------------------------

Engine-Match Sunday, November 2, 2025 3:55:05 AM
 Blitz 10/1 

Pairing 5/15 :    Stockfish 1%  -  Random_Opponent

PGN-File: C:\Program Files (x86)\Arena\Tournaments\Engine Battle 20251102_2.pgn

No:  B/W 1/2     W:B       1:2           Time        Value Moves Dep 1:2       1-2-Draws
   1 W 1    1.0:0.0        1.0:0.0       3:55:18 AM      +M1     8 24.750 :0 1-0-0

--------------------------------------------------------------

Engine-Match Sunday, November 2, 2025 3:55:19 AM
 Blitz 10/1 

Pairing 6/15 :    V7P3R_v14.9  -  SlowMate_v3.1

PGN-File: C:\Program Files (x86)\Arena\Tournaments\Engine Battle 20251102_2.pgn

No:  B/W 1/2     W:B       1:2           Time        Value Moves Dep 1:2       1-2-Draws
   1 W 1    1.0:0.0        1.0:0.0       4:00:01 AM  +289.99    18 3.929 :3.882  1-0-0

--------------------------------------------------------------

Engine-Match Sunday, November 2, 2025 4:00:02 AM
 Blitz 10/1 

Pairing 7/15 :    C0BR4_v3.1  -  Stockfish 1%

PGN-File: C:\Program Files (x86)\Arena\Tournaments\Engine Battle 20251102_2.pgn

No:  B/W 1/2     W:B       1:2           Time        Value Moves Dep 1:2       1-2-Draws
   1 B 2    1.0:0.0        0.0:1.0       4:00:30 AM      -M1    25 3.957 :17.458  0-1-0

--------------------------------------------------------------

Engine-Match Sunday, November 2, 2025 4:00:31 AM
 Blitz 10/1 

Pairing 8/15 :    SlowMate_v3.1  -  MaterialOpponent

PGN-File: C:\Program Files (x86)\Arena\Tournaments\Engine Battle 20251102_2.pgn

No:  B/W 1/2     W:B       1:2           Time        Value Moves Dep 1:2       1-2-Draws
   1 B 2    1.0:0.0        0.0:1.0       4:06:17 AM  -299.99    28 3.750 :6.000  0-1-0

--------------------------------------------------------------

Engine-Match Sunday, November 2, 2025 4:06:18 AM
 Blitz 10/1 

Pairing 9/15 :    Random_Opponent  -  V7P3R_v14.9

PGN-File: C:\Program Files (x86)\Arena\Tournaments\Engine Battle 20251102_2.pgn

No:  B/W 1/2     W:B       1:2           Time        Value Moves Dep 1:2       1-2-Draws
   1 B 2    1.0:0.0        0.0:1.0       4:08:57 AM  -289.97    19 0:4.056  0-1-0

--------------------------------------------------------------

Engine-Match Sunday, November 2, 2025 4:08:59 AM
 Blitz 10/1 

Pairing 10/15 :    SlowMate_v3.1  -  C0BR4_v3.1

PGN-File: C:\Program Files (x86)\Arena\Tournaments\Engine Battle 20251102_2.pgn

No:  B/W 1/2     W:B       1:2           Time        Value Moves Dep 1:2       1-2-Draws
   1 = =    0.5:0.5        0.5:0.5       4:16:14 AM    +3.54    42 4.263 :4.000  0-0-1

--------------------------------------------------------------

Engine-Match Sunday, November 2, 2025 4:16:15 AM
 Blitz 10/1 

Pairing 11/15 :    V7P3R_v14.9  -  Stockfish 1%

PGN-File: C:\Program Files (x86)\Arena\Tournaments\Engine Battle 20251102_2.pgn

No:  B/W 1/2     W:B       1:2           Time        Value Moves Dep 1:2       1-2-Draws
   1 B 2    1.0:0.0        0.0:1.0       4:18:00 AM   -24.46    19 3.813 :17.667  0-1-0

--------------------------------------------------------------

Engine-Match Sunday, November 2, 2025 4:18:02 AM
 Blitz 10/1 

Pairing 12/15 :    MaterialOpponent  -  Random_Opponent

PGN-File: C:\Program Files (x86)\Arena\Tournaments\Engine Battle 20251102_2.pgn

No:  B/W 1/2     W:B       1:2           Time        Value Moves Dep 1:2       1-2-Draws
   1 W 1    1.0:0.0        1.0:0.0       4:18:51 AM  +299.99    27 6.000 :0 1-0-0

--------------------------------------------------------------

Engine-Match Sunday, November 2, 2025 4:18:53 AM
 Blitz 10/1 

Pairing 13/15 :    C0BR4_v3.1  -  V7P3R_v14.9

PGN-File: C:\Program Files (x86)\Arena\Tournaments\Engine Battle 20251102_2.pgn

No:  B/W 1/2     W:B       1:2           Time        Value Moves Dep 1:2       1-2-Draws
   1 W 1    1.0:0.0        1.0:0.0       4:20:46 AM  +299.97    26 4.000 :3.857  1-0-0

--------------------------------------------------------------

Engine-Match Sunday, November 2, 2025 4:20:47 AM
 Blitz 10/1 

Pairing 14/15 :    Random_Opponent  -  SlowMate_v3.1

PGN-File: C:\Program Files (x86)\Arena\Tournaments\Engine Battle 20251102_2.pgn

No:  B/W 1/2     W:B       1:2           Time        Value Moves Dep 1:2       1-2-Draws
   1 = =    0.5:0.5        0.5:0.5       4:25:16 AM  -200.00    22 0:3.864  0-0-1

--------------------------------------------------------------

Engine-Match Sunday, November 2, 2025 4:25:17 AM
 Blitz 10/1 

Pairing 15/15 :    Stockfish 1%  -  MaterialOpponent

PGN-File: C:\Program Files (x86)\Arena\Tournaments\Engine Battle 20251102_2.pgn

No:  B/W 1/2     W:B       1:2           Time        Value Moves Dep 1:2       1-2-Draws
   1 W 1    1.0:0.0        1.0:0.0       4:25:36 AM      +M1    11 35.364 :6.000  1-0-0

--------------------------------------------------------------

Engine-Match Sunday, November 2, 2025 4:25:37 AM
 Blitz 10/1 

Pairing 1/15 :    C0BR4_v3.1  -  Random_Opponent

PGN-File: C:\Program Files (x86)\Arena\Tournaments\Engine Battle 20251102_2.pgn

No:  B/W 1/2     W:B       1:2           Time        Value Moves Dep 1:2       1-2-Draws
   2 B 1    1.0:0.0        2.0:0.0       4:25:55 AM  -299.97    18 3.882 :0 2-0-0

--------------------------------------------------------------

Engine-Match Sunday, November 2, 2025 4:25:56 AM
 Blitz 10/1 

Pairing 2/15 :    MaterialOpponent  -  V7P3R_v14.9

PGN-File: C:\Program Files (x86)\Arena\Tournaments\Engine Battle 20251102_2.pgn

No:  B/W 1/2     W:B       1:2           Time        Value Moves Dep 1:2       1-2-Draws
   2 = =    0.5:0.5        1.5:0.5       4:28:16 AM    -1.25    25 6.000 :3.684  1-0-1

--------------------------------------------------------------

Engine-Match Sunday, November 2, 2025 4:28:17 AM
 Blitz 10/1 

Pairing 3/15 :    SlowMate_v3.1  -  Stockfish 1%

PGN-File: C:\Program Files (x86)\Arena\Tournaments\Engine Battle 20251102_2.pgn

No:  B/W 1/2     W:B       1:2           Time        Value Moves Dep 1:2       1-2-Draws
   2 W 2    1.0:0.0        0.0:2.0       4:33:41 AM      +M1    28 3.704 :16.560  0-2-0

--------------------------------------------------------------

Engine-Match Sunday, November 2, 2025 4:33:42 AM
 Blitz 10/1 

Pairing 4/15 :    MaterialOpponent  -  C0BR4_v3.1

PGN-File: C:\Program Files (x86)\Arena\Tournaments\Engine Battle 20251102_2.pgn

No:  B/W 1/2     W:B       1:2           Time        Value Moves Dep 1:2       1-2-Draws
   2 = =    1.0:1.0        1.0:1.0       4:35:47 AM    +0.73    40 6.000 :4.000  0-0-2

--------------------------------------------------------------

Engine-Match Sunday, November 2, 2025 4:35:48 AM
 Blitz 10/1 

Pairing 5/15 :    Stockfish 1%  -  Random_Opponent

PGN-File: C:\Program Files (x86)\Arena\Tournaments\Engine Battle 20251102_2.pgn

No:  B/W 1/2     W:B       1:2           Time        Value Moves Dep 1:2       1-2-Draws
   2 B 1    1.0:0.0        2.0:0.0       4:36:08 AM      -M1    20 20.842 :0 2-0-0

--------------------------------------------------------------

Engine-Match Sunday, November 2, 2025 4:36:16 AM
 Blitz 10/1 

Pairing 6/15 :    V7P3R_v14.9  -  SlowMate_v3.1

PGN-File: C:\Program Files (x86)\Arena\Tournaments\Engine Battle 20251102_2.pgn

No:  B/W 1/2     W:B       1:2           Time        Value Moves Dep 1:2       1-2-Draws
   2 B 1    1.0:0.0        2.0:0.0       4:41:02 AM  -289.99    17 3.929 :4.294  2-0-0

--------------------------------------------------------------

Engine-Match Sunday, November 2, 2025 4:41:03 AM
 Blitz 10/1 

Pairing 7/15 :    C0BR4_v3.1  -  Stockfish 1%

PGN-File: C:\Program Files (x86)\Arena\Tournaments\Engine Battle 20251102_2.pgn

No:  B/W 1/2     W:B       1:2           Time        Value Moves Dep 1:2       1-2-Draws
   2 W 2    1.0:0.0        0.0:2.0       4:41:27 AM      +M1    24 3.952 :18.364  0-2-0

--------------------------------------------------------------

Engine-Match Sunday, November 2, 2025 4:41:29 AM
 Blitz 10/1 

Pairing 8/15 :    SlowMate_v3.1  -  MaterialOpponent

PGN-File: C:\Program Files (x86)\Arena\Tournaments\Engine Battle 20251102_2.pgn

No:  B/W 1/2     W:B       1:2           Time        Value Moves Dep 1:2       1-2-Draws
   2 = =    0.5:0.5        0.5:1.5       4:48:58 AM    -3.40    38 3.595 :6.000  0-1-1

--------------------------------------------------------------

Engine-Match Sunday, November 2, 2025 4:48:59 AM
 Blitz 10/1 

Pairing 9/15 :    Random_Opponent  -  V7P3R_v14.9

PGN-File: C:\Program Files (x86)\Arena\Tournaments\Engine Battle 20251102_2.pgn

No:  B/W 1/2     W:B       1:2           Time        Value Moves Dep 1:2       1-2-Draws
   2 W 2    1.0:0.0        0.0:2.0       4:49:23 AM  +289.97     9 0:3.222  0-2-0

--------------------------------------------------------------

Engine-Match Sunday, November 2, 2025 4:49:24 AM
 Blitz 10/1 

Pairing 10/15 :    SlowMate_v3.1  -  C0BR4_v3.1

PGN-File: C:\Program Files (x86)\Arena\Tournaments\Engine Battle 20251102_2.pgn

No:  B/W 1/2     W:B       1:2           Time        Value Moves Dep 1:2       1-2-Draws
   2 W 2    1.5:0.5        0.5:1.5       4:52:46 AM  +299.97    16 3.733 :3.867  0-1-1

--------------------------------------------------------------

Engine-Match Sunday, November 2, 2025 4:52:47 AM
 Blitz 10/1 

Pairing 11/15 :    V7P3R_v14.9  -  Stockfish 1%

PGN-File: C:\Program Files (x86)\Arena\Tournaments\Engine Battle 20251102_2.pgn

No:  B/W 1/2     W:B       1:2           Time        Value Moves Dep 1:2       1-2-Draws
   2 W 2    1.0:0.0        0.0:2.0       4:56:15 AM   +39.52    38 4.056 :17.143  0-2-0

--------------------------------------------------------------

Engine-Match Sunday, November 2, 2025 4:56:17 AM
 Blitz 10/1 

Pairing 12/15 :    MaterialOpponent  -  Random_Opponent

PGN-File: C:\Program Files (x86)\Arena\Tournaments\Engine Battle 20251102_2.pgn

No:  B/W 1/2     W:B       1:2           Time        Value Moves Dep 1:2       1-2-Draws
   2 B 1    1.0:0.0        2.0:0.0       4:57:08 AM  -299.99    26 6.000 :0 2-0-0

--------------------------------------------------------------

Engine-Match Sunday, November 2, 2025 4:57:09 AM
 Blitz 10/1 

Pairing 13/15 :    C0BR4_v3.1  -  V7P3R_v14.9

PGN-File: C:\Program Files (x86)\Arena\Tournaments\Engine Battle 20251102_2.pgn

No:  B/W 1/2     W:B       1:2           Time        Value Moves Dep 1:2       1-2-Draws
   2 W 2    1.0:0.0        1.0:1.0       5:01:34 AM   +13.13    47 4.000 :3.886  1-1-0

--------------------------------------------------------------

Engine-Match Sunday, November 2, 2025 5:01:35 AM
 Blitz 10/1 

Pairing 14/15 :    Random_Opponent  -  SlowMate_v3.1

PGN-File: C:\Program Files (x86)\Arena\Tournaments\Engine Battle 20251102_2.pgn

No:  B/W 1/2     W:B       1:2           Time        Value Moves Dep 1:2       1-2-Draws
   2 W 2    1.5:0.5        0.5:1.5       5:06:22 AM  +182.28    24 0:3.917  0-1-1

--------------------------------------------------------------

Engine-Match Sunday, November 2, 2025 5:06:23 AM
 Blitz 10/1 

Pairing 15/15 :    Stockfish 1%  -  MaterialOpponent

PGN-File: C:\Program Files (x86)\Arena\Tournaments\Engine Battle 20251102_2.pgn

No:  B/W 1/2     W:B       1:2           Time        Value Moves Dep 1:2       1-2-Draws
   2 B 1    1.0:0.0        2.0:0.0       5:07:02 AM      -M1    21 20.900 :6.000  2-0-0

--------------------------------------------------------------

Engine-Match Sunday, November 2, 2025 5:07:03 AM
 Blitz 10/1 

Pairing 1/15 :    C0BR4_v3.1  -  Random_Opponent

PGN-File: C:\Program Files (x86)\Arena\Tournaments\Engine Battle 20251102_2.pgn

No:  B/W 1/2     W:B       1:2           Time        Value Moves Dep 1:2       1-2-Draws
   3 W 1    1.0:0.0        3.0:0.0       5:07:13 AM  +299.97     6 3.500 :0 3-0-0

--------------------------------------------------------------

Engine-Match Sunday, November 2, 2025 5:07:15 AM
 Blitz 10/1 

Pairing 2/15 :    MaterialOpponent  -  V7P3R_v14.9

PGN-File: C:\Program Files (x86)\Arena\Tournaments\Engine Battle 20251102_2.pgn

No:  B/W 1/2     W:B       1:2           Time        Value Moves Dep 1:2       1-2-Draws
   3 W 1    1.5:0.5        2.5:0.5       5:16:25 AM  +299.99    77 6.000 :4.200  2-0-1

--------------------------------------------------------------

Engine-Match Sunday, November 2, 2025 5:16:27 AM
 Blitz 10/1 

Pairing 3/15 :    SlowMate_v3.1  -  Stockfish 1%

PGN-File: C:\Program Files (x86)\Arena\Tournaments\Engine Battle 20251102_2.pgn

No:  B/W 1/2     W:B       1:2           Time        Value Moves Dep 1:2       1-2-Draws
   3 B 2    1.0:0.0        0.0:3.0       5:21:32 AM      -M1    25 3.680 :17.333  0-3-0

--------------------------------------------------------------

Engine-Match Sunday, November 2, 2025 5:21:33 AM
 Blitz 10/1 

Pairing 4/15 :    MaterialOpponent  -  C0BR4_v3.1

PGN-File: C:\Program Files (x86)\Arena\Tournaments\Engine Battle 20251102_2.pgn

No:  B/W 1/2     W:B       1:2           Time        Value Moves Dep 1:2       1-2-Draws
   3 = =    1.5:1.5        1.5:1.5       5:22:58 AM    +2.80    60 6.000 :4.000  0-0-3

--------------------------------------------------------------

Engine-Match Sunday, November 2, 2025 5:22:59 AM
 Blitz 10/1 

Pairing 5/15 :    Stockfish 1%  -  Random_Opponent

PGN-File: C:\Program Files (x86)\Arena\Tournaments\Engine Battle 20251102_2.pgn

No:  B/W 1/2     W:B       1:2           Time        Value Moves Dep 1:2       1-2-Draws
   3 W 1    1.0:0.0        3.0:0.0       5:23:19 AM      +M1    17 24.813 :0 3-0-0

--------------------------------------------------------------

Engine-Match Sunday, November 2, 2025 5:23:20 AM
 Blitz 10/1 

Pairing 6/15 :    V7P3R_v14.9  -  SlowMate_v3.1

PGN-File: C:\Program Files (x86)\Arena\Tournaments\Engine Battle 20251102_2.pgn

No:  B/W 1/2     W:B       1:2           Time        Value Moves Dep 1:2       1-2-Draws
   3 W 1    1.0:0.0        3.0:0.0       5:35:43 AM   +13.48    53 3.971 :3.622  3-0-0

--------------------------------------------------------------

Engine-Match Sunday, November 2, 2025 5:35:44 AM
 Blitz 10/1 

Pairing 7/15 :    C0BR4_v3.1  -  Stockfish 1%

PGN-File: C:\Program Files (x86)\Arena\Tournaments\Engine Battle 20251102_2.pgn

No:  B/W 1/2     W:B       1:2           Time        Value Moves Dep 1:2       1-2-Draws
   3 B 2    1.0:0.0        0.0:3.0       5:36:09 AM      -M1    20 3.944 :20.600  0-3-0

--------------------------------------------------------------

Engine-Match Sunday, November 2, 2025 5:36:11 AM
 Blitz 10/1 

Pairing 8/15 :    SlowMate_v3.1  -  MaterialOpponent

PGN-File: C:\Program Files (x86)\Arena\Tournaments\Engine Battle 20251102_2.pgn

No:  B/W 1/2     W:B       1:2           Time        Value Moves Dep 1:2       1-2-Draws
   3 B 2    1.5:0.5        0.5:2.5       5:41:55 AM  -299.99    28 3.750 :6.000  0-2-1

--------------------------------------------------------------

Engine-Match Sunday, November 2, 2025 5:41:56 AM
 Blitz 10/1 

Pairing 9/15 :    Random_Opponent  -  V7P3R_v14.9

PGN-File: C:\Program Files (x86)\Arena\Tournaments\Engine Battle 20251102_2.pgn

No:  B/W 1/2     W:B       1:2           Time        Value Moves Dep 1:2       1-2-Draws
   3 B 2    1.0:0.0        0.0:3.0       5:46:45 AM  -289.98    22 0:4.200  0-3-0

--------------------------------------------------------------

Engine-Match Sunday, November 2, 2025 5:46:47 AM
 Blitz 10/1 

Pairing 10/15 :    SlowMate_v3.1  -  C0BR4_v3.1

PGN-File: C:\Program Files (x86)\Arena\Tournaments\Engine Battle 20251102_2.pgn

No:  B/W 1/2     W:B       1:2           Time        Value Moves Dep 1:2       1-2-Draws
   3 B 2    1.5:0.5        0.5:2.5       5:53:33 AM  -299.97    37 4.379 :4.000  0-2-1

--------------------------------------------------------------

Engine-Match Sunday, November 2, 2025 5:53:41 AM
 Blitz 10/1 

Pairing 11/15 :    V7P3R_v14.9  -  Stockfish 1%

PGN-File: C:\Program Files (x86)\Arena\Tournaments\Engine Battle 20251102_2.pgn

No:  B/W 1/2     W:B       1:2           Time        Value Moves Dep 1:2       1-2-Draws
   3 B 2    1.0:0.0        0.0:3.0       5:55:14 AM      -M1    22 3.765 :20.750  0-3-0

--------------------------------------------------------------

Engine-Match Sunday, November 2, 2025 5:55:15 AM
 Blitz 10/1 

Pairing 12/15 :    MaterialOpponent  -  Random_Opponent

PGN-File: C:\Program Files (x86)\Arena\Tournaments\Engine Battle 20251102_2.pgn

No:  B/W 1/2     W:B       1:2           Time        Value Moves Dep 1:2       1-2-Draws
   3 W 1    1.0:0.0        3.0:0.0       5:56:09 AM  +299.99    31 6.000 :0 3-0-0

--------------------------------------------------------------

Engine-Match Sunday, November 2, 2025 5:56:11 AM
 Blitz 10/1 

Pairing 13/15 :    C0BR4_v3.1  -  V7P3R_v14.9

PGN-File: C:\Program Files (x86)\Arena\Tournaments\Engine Battle 20251102_2.pgn

No:  B/W 1/2     W:B       1:2           Time        Value Moves Dep 1:2       1-2-Draws
   3 W 1    1.0:0.0        2.0:1.0       5:57:04 AM  +299.97    17 3.875 :3.417  2-1-0

--------------------------------------------------------------

Engine-Match Sunday, November 2, 2025 5:57:05 AM
 Blitz 10/1 

Pairing 14/15 :    Random_Opponent  -  SlowMate_v3.1

PGN-File: C:\Program Files (x86)\Arena\Tournaments\Engine Battle 20251102_2.pgn

No:  B/W 1/2     W:B       1:2           Time        Value Moves Dep 1:2       1-2-Draws
   3 = =    1.0:1.0        1.0:2.0       6:04:25 AM  -200.00    45 0:4.000  0-1-2

--------------------------------------------------------------

Engine-Match Sunday, November 2, 2025 6:04:27 AM
 Blitz 10/1 

Pairing 15/15 :    Stockfish 1%  -  MaterialOpponent

PGN-File: C:\Program Files (x86)\Arena\Tournaments\Engine Battle 20251102_2.pgn

No:  B/W 1/2     W:B       1:2           Time        Value Moves Dep 1:2       1-2-Draws
   3 W 1    1.0:0.0        3.0:0.0       6:05:10 AM      +M1    17 23.176 :6.000  3-0-0
