Engine-Match Wednesday, November 26, 2025 10:39:26 AM
 Blitz 30/1 

Pairing 1/21 :    C0BR4_v3.2  -  Stockfish 1%

PGN-File: C:\Program Files (x86)\Arena\Tournaments\Engine Battle 20251126.pgn

No:  B/W 1/2     W:B       1:2           Time        Value Moves Dep 1:2       1-2-Draws
   1 B 2    1.0:0.0        0.0:1.0       10:40:21 AM      -M1    40 3.974 :21.872  0-1-0

--------------------------------------------------------------

Engine-Match Wednesday, November 26, 2025 10:40:23 AM
 Blitz 30/1 

Pairing 2/21 :    SlowMate_v3.1  -  MaterialOpponent_v2.0

PGN-File: C:\Program Files (x86)\Arena\Tournaments\Engine Battle 20251126.pgn

No:  B/W 1/2     W:B       1:2           Time        Value Moves Dep 1:2       1-2-Draws
   1 = =    0.5:0.5        0.5:0.5       11:05:29 AM    +4.35    33 4.485 :9.727  0-0-1

--------------------------------------------------------------

Engine-Match Wednesday, November 26, 2025 11:05:31 AM
 Blitz 30/1 

Pairing 3/21 :    CoverageOpponent_v2.0  -  PositionalOpponent_v2.0

PGN-File: C:\Program Files (x86)\Arena\Tournaments\Engine Battle 20251126.pgn

No:  B/W 1/2     W:B       1:2           Time        Value Moves Dep 1:2       1-2-Draws
   1 B 2    1.0:0.0        0.0:1.0       11:15:04 AM  -299.99    14 7.786 :8.000  0-1-0

--------------------------------------------------------------

Engine-Match Wednesday, November 26, 2025 11:15:05 AM
 Blitz 30/1 

Pairing 4/21 :    V7P3R_v17.1  -  SlowMate_v3.1

PGN-File: C:\Program Files (x86)\Arena\Tournaments\Engine Battle 20251126.pgn

No:  B/W 1/2     W:B       1:2           Time        Value Moves Dep 1:2       1-2-Draws
   1 W 1    1.0:0.0        1.0:0.0       11:35:42 AM  +289.99    23 5.364 :4.682  1-0-0

--------------------------------------------------------------

Engine-Match Wednesday, November 26, 2025 11:35:43 AM
 Blitz 30/1 

Pairing 5/21 :    PositionalOpponent_v2.0  -  C0BR4_v3.2

PGN-File: C:\Program Files (x86)\Arena\Tournaments\Engine Battle 20251126.pgn

No:  B/W 1/2     W:B       1:2           Time        Value Moves Dep 1:2       1-2-Draws
   1 B 2    1.0:0.0        0.0:1.0       11:41:15 AM   -14.10    16 7.625 :4.000  0-1-0

--------------------------------------------------------------

Engine-Match Wednesday, November 26, 2025 11:41:16 AM
 Blitz 30/1 

Pairing 6/21 :    MaterialOpponent_v2.0  -  CoverageOpponent_v2.0

PGN-File: C:\Program Files (x86)\Arena\Tournaments\Engine Battle 20251126.pgn

No:  B/W 1/2     W:B       1:2           Time        Value Moves Dep 1:2       1-2-Draws
   1 W 1    1.0:0.0        1.0:0.0       12:01:31 PM  +299.98    44 9.800 :7.571  1-0-0

--------------------------------------------------------------

Engine-Match Wednesday, November 26, 2025 12:01:32 PM
 Blitz 30/1 

Pairing 7/21 :    Stockfish 1%  -  PositionalOpponent_v2.0

PGN-File: C:\Program Files (x86)\Arena\Tournaments\Engine Battle 20251126.pgn

No:  B/W 1/2     W:B       1:2           Time        Value Moves Dep 1:2       1-2-Draws
   1 W 1    1.0:0.0        1.0:0.0       12:05:13 PM      +M1    11 31.636 :7.700  1-0-0

--------------------------------------------------------------

Engine-Match Wednesday, November 26, 2025 12:05:14 PM
 Blitz 30/1 

Pairing 8/21 :    CoverageOpponent_v2.0  -  V7P3R_v17.1

PGN-File: C:\Program Files (x86)\Arena\Tournaments\Engine Battle 20251126.pgn

No:  B/W 1/2     W:B       1:2           Time        Value Moves Dep 1:2       1-2-Draws
   1 B 2    1.0:0.0        0.0:1.0       12:12:17 PM  -289.99     9 7.667 :5.333  0-1-0

--------------------------------------------------------------

Engine-Match Wednesday, November 26, 2025 12:12:19 PM
 Blitz 30/1 

Pairing 9/21 :    C0BR4_v3.2  -  MaterialOpponent_v2.0

PGN-File: C:\Program Files (x86)\Arena\Tournaments\Engine Battle 20251126.pgn

No:  B/W 1/2     W:B       1:2           Time        Value Moves Dep 1:2       1-2-Draws
   1 W 1    1.0:0.0        1.0:0.0       12:16:43 PM  +299.97    14 4.000 :9.846  1-0-0

--------------------------------------------------------------

Engine-Match Wednesday, November 26, 2025 12:16:44 PM
 Blitz 30/1 

Pairing 10/21 :    SlowMate_v3.1  -  CoverageOpponent_v2.0

PGN-File: C:\Program Files (x86)\Arena\Tournaments\Engine Battle 20251126.pgn

No:  B/W 1/2     W:B       1:2           Time        Value Moves Dep 1:2       1-2-Draws
   1 W 1    1.0:0.0        1.0:0.0       12:50:13 PM  +299.98    43 4.442 :8.767  1-0-0

--------------------------------------------------------------

Engine-Match Wednesday, November 26, 2025 12:50:15 PM
 Blitz 30/1 

Pairing 11/21 :    MaterialOpponent_v2.0  -  Stockfish 1%

PGN-File: C:\Program Files (x86)\Arena\Tournaments\Engine Battle 20251126.pgn

No:  B/W 1/2     W:B       1:2           Time        Value Moves Dep 1:2       1-2-Draws
   1 B 2    1.0:0.0        0.0:1.0       12:54:51 PM   -18.40    14 9.643 :20.615  0-1-0

--------------------------------------------------------------

Engine-Match Wednesday, November 26, 2025 12:54:52 PM
 Blitz 30/1 

Pairing 12/21 :    V7P3R_v17.1  -  C0BR4_v3.2

PGN-File: C:\Program Files (x86)\Arena\Tournaments\Engine Battle 20251126.pgn

No:  B/W 1/2     W:B       1:2           Time        Value Moves Dep 1:2       1-2-Draws
   1 = =    0.5:0.5        0.5:0.5       1:06:46 PM    -1.48    51 5.462 :4.000  0-0-1

--------------------------------------------------------------

Engine-Match Wednesday, November 26, 2025 1:06:47 PM
 Blitz 30/1 

Pairing 13/21 :    PositionalOpponent_v2.0  -  MaterialOpponent_v2.0

PGN-File: C:\Program Files (x86)\Arena\Tournaments\Engine Battle 20251126.pgn

No:  B/W 1/2     W:B       1:2           Time        Value Moves Dep 1:2       1-2-Draws
   1 B 2    1.0:0.0        0.0:1.0       1:19:23 PM   -15.30    20 8.350 :9.947  0-1-0

--------------------------------------------------------------

Engine-Match Wednesday, November 26, 2025 1:19:24 PM
 Blitz 30/1 

Pairing 14/21 :    C0BR4_v3.2  -  SlowMate_v3.1

PGN-File: C:\Program Files (x86)\Arena\Tournaments\Engine Battle 20251126.pgn

No:  B/W 1/2     W:B       1:2           Time        Value Moves Dep 1:2       1-2-Draws
   1 W 1    1.0:0.0        1.0:0.0       1:35:25 PM  +299.97    32 4.000 :4.677  1-0-0

--------------------------------------------------------------

Engine-Match Wednesday, November 26, 2025 1:35:26 PM
 Blitz 30/1 

Pairing 15/21 :    Stockfish 1%  -  V7P3R_v17.1

PGN-File: C:\Program Files (x86)\Arena\Tournaments\Engine Battle 20251126.pgn

No:  B/W 1/2     W:B       1:2           Time        Value Moves Dep 1:2       1-2-Draws
   1 W 1    1.0:0.0        1.0:0.0       1:41:52 PM      +M1    25 28.840 :5.571  1-0-0

--------------------------------------------------------------

Engine-Match Wednesday, November 26, 2025 1:41:54 PM
 Blitz 30/1 

Pairing 16/21 :    CoverageOpponent_v2.0  -  C0BR4_v3.2

PGN-File: C:\Program Files (x86)\Arena\Tournaments\Engine Battle 20251126.pgn

No:  B/W 1/2     W:B       1:2           Time        Value Moves Dep 1:2       1-2-Draws
   1 B 2    1.0:0.0        0.0:1.0       1:49:08 PM  -299.97    21 7.714 :4.000  0-1-0

--------------------------------------------------------------

Engine-Match Wednesday, November 26, 2025 1:49:09 PM
 Blitz 30/1 

Pairing 17/21 :    V7P3R_v17.1  -  PositionalOpponent_v2.0

PGN-File: C:\Program Files (x86)\Arena\Tournaments\Engine Battle 20251126.pgn

No:  B/W 1/2     W:B       1:2           Time        Value Moves Dep 1:2       1-2-Draws
   1 W 1    1.0:0.0        1.0:0.0       1:55:30 PM  +289.99    11 6.000 :8.100  1-0-0

--------------------------------------------------------------

Engine-Match Wednesday, November 26, 2025 1:55:31 PM
 Blitz 30/1 

Pairing 18/21 :    SlowMate_v3.1  -  Stockfish 1%

PGN-File: C:\Program Files (x86)\Arena\Tournaments\Engine Battle 20251126.pgn

No:  B/W 1/2     W:B       1:2           Time        Value Moves Dep 1:2       1-2-Draws
   1 B 2    1.0:0.0        0.0:1.0       2:05:32 PM      -M1    17 4.529 :30.471  0-1-0

--------------------------------------------------------------

Engine-Match Wednesday, November 26, 2025 2:05:33 PM
 Blitz 30/1 

Pairing 19/21 :    MaterialOpponent_v2.0  -  V7P3R_v17.1

PGN-File: C:\Program Files (x86)\Arena\Tournaments\Engine Battle 20251126.pgn

No:  B/W 1/2     W:B       1:2           Time        Value Moves Dep 1:2       1-2-Draws
   1 B 2    1.0:0.0        0.0:1.0       2:22:10 PM  -289.99    21 9.095 :5.333  0-1-0

--------------------------------------------------------------

Engine-Match Wednesday, November 26, 2025 2:22:11 PM
 Blitz 30/1 

Pairing 20/21 :    Stockfish 1%  -  CoverageOpponent_v2.0

PGN-File: C:\Program Files (x86)\Arena\Tournaments\Engine Battle 20251126.pgn

No:  B/W 1/2     W:B       1:2           Time        Value Moves Dep 1:2       1-2-Draws
   1 W 1    1.0:0.0        1.0:0.0       2:27:53 PM      +M1    17 28.647 :8.250  1-0-0

--------------------------------------------------------------

Engine-Match Wednesday, November 26, 2025 2:28:03 PM
 Blitz 30/1 

Pairing 21/21 :    PositionalOpponent_v2.0  -  SlowMate_v3.1

PGN-File: C:\Program Files (x86)\Arena\Tournaments\Engine Battle 20251126.pgn

No:  B/W 1/2     W:B       1:2           Time        Value Moves Dep 1:2       1-2-Draws
   1 B 2    1.0:0.0        0.0:1.0       2:47:46 PM   -16.70    23 8.524 :5.300  0-1-0

--------------------------------------------------------------

Engine-Match Wednesday, November 26, 2025 2:47:48 PM
 Blitz 30/1 

Pairing 1/21 :    C0BR4_v3.2  -  Stockfish 1%

PGN-File: C:\Program Files (x86)\Arena\Tournaments\Engine Battle 20251126.pgn

No:  B/W 1/2     W:B       1:2           Time        Value Moves Dep 1:2       1-2-Draws
   2 W 2    1.0:0.0        0.0:2.0       2:48:22 PM   +15.09    29 4.000 :19.526  0-2-0

--------------------------------------------------------------

Engine-Match Wednesday, November 26, 2025 2:48:24 PM
 Blitz 30/1 

Pairing 2/21 :    SlowMate_v3.1  -  MaterialOpponent_v2.0

PGN-File: C:\Program Files (x86)\Arena\Tournaments\Engine Battle 20251126.pgn

No:  B/W 1/2     W:B       1:2           Time        Value Moves Dep 1:2       1-2-Draws
   2 B 1    1.5:0.5        1.5:0.5       3:01:17 PM   -14.40    15 4.500 :9.333  1-0-1

--------------------------------------------------------------

Engine-Match Wednesday, November 26, 2025 3:01:19 PM
 Blitz 30/1 

Pairing 3/21 :    CoverageOpponent_v2.0  -  PositionalOpponent_v2.0

PGN-File: C:\Program Files (x86)\Arena\Tournaments\Engine Battle 20251126.pgn

No:  B/W 1/2     W:B       1:2           Time        Value Moves Dep 1:2       1-2-Draws
   2 W 2    1.0:0.0        0.0:2.0       3:12:33 PM  +299.99    17 7.750 :8.000  0-2-0

--------------------------------------------------------------

Engine-Match Wednesday, November 26, 2025 3:12:34 PM
 Blitz 30/1 

Pairing 4/21 :    V7P3R_v17.1  -  SlowMate_v3.1

PGN-File: C:\Program Files (x86)\Arena\Tournaments\Engine Battle 20251126.pgn

No:  B/W 1/2     W:B       1:2           Time        Value Moves Dep 1:2       1-2-Draws
   2 B 1    1.0:0.0        2.0:0.0       3:29:01 PM  -289.99    17 5.471 :4.706  2-0-0

--------------------------------------------------------------

Engine-Match Wednesday, November 26, 2025 3:29:03 PM
 Blitz 30/1 

Pairing 5/21 :    PositionalOpponent_v2.0  -  C0BR4_v3.2

PGN-File: C:\Program Files (x86)\Arena\Tournaments\Engine Battle 20251126.pgn

No:  B/W 1/2     W:B       1:2           Time        Value Moves Dep 1:2       1-2-Draws
   2 W 2    1.0:0.0        0.0:2.0       3:32:52 PM   +20.10    11 8.000 :4.000  0-2-0

--------------------------------------------------------------

Engine-Match Wednesday, November 26, 2025 3:32:53 PM
 Blitz 30/1 

Pairing 6/21 :    MaterialOpponent_v2.0  -  CoverageOpponent_v2.0

PGN-File: C:\Program Files (x86)\Arena\Tournaments\Engine Battle 20251126.pgn

No:  B/W 1/2     W:B       1:2           Time        Value Moves Dep 1:2       1-2-Draws
   2 B 1    1.0:0.0        2.0:0.0       4:00:34 PM  -299.99    44 9.786 :7.034  2-0-0

--------------------------------------------------------------

Engine-Match Wednesday, November 26, 2025 4:00:36 PM
 Blitz 30/1 

Pairing 7/21 :    Stockfish 1%  -  PositionalOpponent_v2.0

PGN-File: C:\Program Files (x86)\Arena\Tournaments\Engine Battle 20251126.pgn

No:  B/W 1/2     W:B       1:2           Time        Value Moves Dep 1:2       1-2-Draws
   2 B 1    1.0:0.0        2.0:0.0       4:04:58 PM      -M1    12 25.750 :7.833  2-0-0

--------------------------------------------------------------

Engine-Match Wednesday, November 26, 2025 4:05:00 PM
 Blitz 30/1 

Pairing 8/21 :    CoverageOpponent_v2.0  -  V7P3R_v17.1

PGN-File: C:\Program Files (x86)\Arena\Tournaments\Engine Battle 20251126.pgn

No:  B/W 1/2     W:B       1:2           Time        Value Moves Dep 1:2       1-2-Draws
   2 W 2    1.0:0.0        0.0:2.0       4:10:42 PM  +289.99    13 8.417 :6.000  0-2-0

--------------------------------------------------------------

Engine-Match Wednesday, November 26, 2025 4:10:43 PM
 Blitz 30/1 

Pairing 9/21 :    C0BR4_v3.2  -  MaterialOpponent_v2.0

PGN-File: C:\Program Files (x86)\Arena\Tournaments\Engine Battle 20251126.pgn

No:  B/W 1/2     W:B       1:2           Time        Value Moves Dep 1:2       1-2-Draws
   2 B 1    1.0:0.0        2.0:0.0       4:14:30 PM  -299.97    12 3.818 :9.750  2-0-0

--------------------------------------------------------------

Engine-Match Wednesday, November 26, 2025 4:14:31 PM
 Blitz 30/1 

Pairing 10/21 :    SlowMate_v3.1  -  CoverageOpponent_v2.0

PGN-File: C:\Program Files (x86)\Arena\Tournaments\Engine Battle 20251126.pgn

No:  B/W 1/2     W:B       1:2           Time        Value Moves Dep 1:2       1-2-Draws
   2 B 1    1.0:0.0        2.0:0.0       4:37:51 PM  -299.96    29 4.720 :8.269  2-0-0

--------------------------------------------------------------

Engine-Match Wednesday, November 26, 2025 4:37:53 PM
 Blitz 30/1 

Pairing 11/21 :    MaterialOpponent_v2.0  -  Stockfish 1%

PGN-File: C:\Program Files (x86)\Arena\Tournaments\Engine Battle 20251126.pgn

No:  B/W 1/2     W:B       1:2           Time        Value Moves Dep 1:2       1-2-Draws
   2 W 2    1.0:0.0        0.0:2.0       4:42:29 PM      +M1    14 9.308 :24.429  0-2-0

--------------------------------------------------------------

Engine-Match Wednesday, November 26, 2025 4:42:30 PM
 Blitz 30/1 

Pairing 12/21 :    V7P3R_v17.1  -  C0BR4_v3.2

PGN-File: C:\Program Files (x86)\Arena\Tournaments\Engine Battle 20251126.pgn

No:  B/W 1/2     W:B       1:2           Time        Value Moves Dep 1:2       1-2-Draws
   2 B 1    1.5:0.5        1.5:0.5       4:51:53 PM  -289.99    28 5.269 :4.000  1-0-1

--------------------------------------------------------------

Engine-Match Wednesday, November 26, 2025 4:51:55 PM
 Blitz 30/1 

Pairing 13/21 :    PositionalOpponent_v2.0  -  MaterialOpponent_v2.0

PGN-File: C:\Program Files (x86)\Arena\Tournaments\Engine Battle 20251126.pgn

No:  B/W 1/2     W:B       1:2           Time        Value Moves Dep 1:2       1-2-Draws
   2 W 2    1.0:0.0        0.0:2.0       5:09:15 PM  +299.99    31 7.957 :9.957  0-2-0

--------------------------------------------------------------

Engine-Match Wednesday, November 26, 2025 5:09:17 PM
 Blitz 30/1 

Pairing 14/21 :    C0BR4_v3.2  -  SlowMate_v3.1

PGN-File: C:\Program Files (x86)\Arena\Tournaments\Engine Battle 20251126.pgn

No:  B/W 1/2     W:B       1:2           Time        Value Moves Dep 1:2       1-2-Draws
   2 B 1    1.0:0.0        2.0:0.0       5:33:16 PM  -299.97    61 4.000 :4.970  2-0-0

--------------------------------------------------------------

Engine-Match Wednesday, November 26, 2025 5:33:17 PM
 Blitz 30/1 

Pairing 15/21 :    Stockfish 1%  -  V7P3R_v17.1

PGN-File: C:\Program Files (x86)\Arena\Tournaments\Engine Battle 20251126.pgn

No:  B/W 1/2     W:B       1:2           Time        Value Moves Dep 1:2       1-2-Draws
   2 B 1    1.0:0.0        2.0:0.0       5:44:22 PM      -M1    34 24.765 :5.188  2-0-0

--------------------------------------------------------------

Engine-Match Wednesday, November 26, 2025 5:44:23 PM
 Blitz 30/1 

Pairing 16/21 :    CoverageOpponent_v2.0  -  C0BR4_v3.2

PGN-File: C:\Program Files (x86)\Arena\Tournaments\Engine Battle 20251126.pgn

No:  B/W 1/2     W:B       1:2           Time        Value Moves Dep 1:2       1-2-Draws
   2 W 2    1.0:0.0        0.0:2.0       5:51:43 PM  +299.97    22 7.571 :3.900  0-2-0

--------------------------------------------------------------

Engine-Match Wednesday, November 26, 2025 5:51:45 PM
 Blitz 30/1 

Pairing 17/21 :    V7P3R_v17.1  -  PositionalOpponent_v2.0

PGN-File: C:\Program Files (x86)\Arena\Tournaments\Engine Battle 20251126.pgn

No:  B/W 1/2     W:B       1:2           Time        Value Moves Dep 1:2       1-2-Draws
   2 B 1    1.0:0.0        2.0:0.0       6:00:55 PM   -16.90    15 5.429 :7.400  2-0-0

--------------------------------------------------------------

Engine-Match Wednesday, November 26, 2025 6:00:56 PM
 Blitz 30/1 

Pairing 18/21 :    SlowMate_v3.1  -  Stockfish 1%

PGN-File: C:\Program Files (x86)\Arena\Tournaments\Engine Battle 20251126.pgn

No:  B/W 1/2     W:B       1:2           Time        Value Moves Dep 1:2       1-2-Draws
   2 W 2    1.0:0.0        0.0:2.0       6:13:29 PM      +M1    23 4.773 :25.522  0-2-0

--------------------------------------------------------------

Engine-Match Wednesday, November 26, 2025 6:13:31 PM
 Blitz 30/1 

Pairing 19/21 :    MaterialOpponent_v2.0  -  V7P3R_v17.1

PGN-File: C:\Program Files (x86)\Arena\Tournaments\Engine Battle 20251126.pgn

No:  B/W 1/2     W:B       1:2           Time        Value Moves Dep 1:2       1-2-Draws
   2 W 2    1.0:0.0        0.0:2.0       6:30:03 PM   +11.85    24 9.042 :5.000  0-2-0

--------------------------------------------------------------

Engine-Match Wednesday, November 26, 2025 6:30:14 PM
 Blitz 30/1 

Pairing 20/21 :    Stockfish 1%  -  CoverageOpponent_v2.0

PGN-File: C:\Program Files (x86)\Arena\Tournaments\Engine Battle 20251126.pgn

No:  B/W 1/2     W:B       1:2           Time        Value Moves Dep 1:2       1-2-Draws
   2 B 1    1.0:0.0        2.0:0.0       6:34:48 PM      -M1    13 24.385 :7.538  2-0-0

--------------------------------------------------------------

Engine-Match Wednesday, November 26, 2025 6:34:49 PM
 Blitz 30/1 

Pairing 21/21 :    PositionalOpponent_v2.0  -  SlowMate_v3.1

PGN-File: C:\Program Files (x86)\Arena\Tournaments\Engine Battle 20251126.pgn

No:  B/W 1/2     W:B       1:2           Time        Value Moves Dep 1:2       1-2-Draws
   2 W 2    1.0:0.0        0.0:2.0       6:44:02 PM  +103.31    10 7.667 :4.500  0-2-0
