Engine-Match Friday, November 7, 2025 2:03:53 AM
 Blitz 1/1 

Pairing 1/21 :    C0BR4_v3.1  -  SlowMate_v3.1

PGN-File: C:\Program Files (x86)\Arena\Tournaments\Engine Battle 20251107.pgn

No:  B/W 1/2     W:B       1:2           Time        Value Moves Dep 1:2       1-2-Draws
   1 = =    0.5:0.5        0.5:0.5       2:06:10 AM    -4.32    60 4.000 :3.103  0-0-1

--------------------------------------------------------------

Engine-Match Friday, November 7, 2025 2:06:12 AM
 Blitz 1/1 

Pairing 2/21 :    RandomOpponent  -  V7P3R_v14.0

PGN-File: C:\Program Files (x86)\Arena\Tournaments\Engine Battle 20251107.pgn

No:  B/W 1/2     W:B       1:2           Time        Value Moves Dep 1:2       1-2-Draws
   1 B 2    1.0:0.0        0.0:1.0       2:07:00 AM  -289.97    21 0:3.833  0-1-0

--------------------------------------------------------------

Engine-Match Friday, November 7, 2025 2:07:01 AM
 Blitz 1/1 

Pairing 3/21 :    V7P3R_v14.1  -  MaterialOpponent

PGN-File: C:\Program Files (x86)\Arena\Tournaments\Engine Battle 20251107.pgn

No:  B/W 1/2     W:B       1:2           Time        Value Moves Dep 1:2       1-2-Draws
   1 = =    0.5:0.5        0.5:0.5       2:08:51 AM    +3.46    30 2.933 :6.000  0-0-1

--------------------------------------------------------------

Engine-Match Friday, November 7, 2025 2:08:52 AM
 Blitz 1/1 

Pairing 4/21 :    Stockfish 1%  -  RandomOpponent

PGN-File: C:\Program Files (x86)\Arena\Tournaments\Engine Battle 20251107.pgn

No:  B/W 1/2     W:B       1:2           Time        Value Moves Dep 1:2       1-2-Draws
   1 W 1    1.0:0.0        1.0:0.0       2:09:13 AM      +M1    22 7.750 :0 1-0-0

--------------------------------------------------------------

Engine-Match Friday, November 7, 2025 2:09:14 AM
 Blitz 1/1 

Pairing 5/21 :    MaterialOpponent  -  C0BR4_v3.1

PGN-File: C:\Program Files (x86)\Arena\Tournaments\Engine Battle 20251107.pgn

No:  B/W 1/2     W:B       1:2           Time        Value Moves Dep 1:2       1-2-Draws
   1 = =    0.5:0.5        0.5:0.5       2:10:22 AM    -0.87    45 6.000 :4.000  0-0-1

--------------------------------------------------------------

Engine-Match Friday, November 7, 2025 2:10:24 AM
 Blitz 1/1 

Pairing 6/21 :    V7P3R_v14.0  -  V7P3R_v14.1

PGN-File: C:\Program Files (x86)\Arena\Tournaments\Engine Battle 20251107.pgn

No:  B/W 1/2     W:B       1:2           Time        Value Moves Dep 1:2       1-2-Draws
   1 W 1    1.0:0.0        1.0:0.0       2:13:13 AM     0.00    46 3.567 :3.308  1-0-0

--------------------------------------------------------------

Engine-Match Friday, November 7, 2025 2:13:15 AM
 Blitz 1/1 

Pairing 7/21 :    SlowMate_v3.1  -  MaterialOpponent

PGN-File: C:\Program Files (x86)\Arena\Tournaments\Engine Battle 20251107.pgn

No:  B/W 1/2     W:B       1:2           Time        Value Moves Dep 1:2       1-2-Draws
   1 B 2    1.0:0.0        0.0:1.0       2:15:08 AM  -143.30    33 2.920 :6.000  0-1-0

--------------------------------------------------------------

Engine-Match Friday, November 7, 2025 2:15:09 AM
 Blitz 1/1 

Pairing 8/21 :    V7P3R_v14.1  -  Stockfish 1%

PGN-File: C:\Program Files (x86)\Arena\Tournaments\Engine Battle 20251107.pgn

No:  B/W 1/2     W:B       1:2           Time        Value Moves Dep 1:2       1-2-Draws
   1 B 2    1.0:0.0        0.0:1.0       2:15:48 AM      -M1    19 2.833 :7.333  0-1-0

--------------------------------------------------------------

Engine-Match Friday, November 7, 2025 2:15:49 AM
 Blitz 1/1 

Pairing 9/21 :    C0BR4_v3.1  -  V7P3R_v14.0

PGN-File: C:\Program Files (x86)\Arena\Tournaments\Engine Battle 20251107.pgn

No:  B/W 1/2     W:B       1:2           Time        Value Moves Dep 1:2       1-2-Draws
   1 W 1    1.0:0.0        1.0:0.0       2:18:02 AM   +10.99    47 4.000 :3.370  1-0-0

--------------------------------------------------------------

Engine-Match Friday, November 7, 2025 2:18:04 AM
 Blitz 1/1 

Pairing 10/21 :    RandomOpponent  -  V7P3R_v14.1

PGN-File: C:\Program Files (x86)\Arena\Tournaments\Engine Battle 20251107.pgn

No:  B/W 1/2     W:B       1:2           Time        Value Moves Dep 1:2       1-2-Draws
   1 B 2    1.0:0.0        0.0:1.0       2:18:23 AM  -289.97    10 0:3.100  0-1-0

--------------------------------------------------------------

Engine-Match Friday, November 7, 2025 2:18:25 AM
 Blitz 1/1 

Pairing 11/21 :    V7P3R_v14.0  -  SlowMate_v3.1

PGN-File: C:\Program Files (x86)\Arena\Tournaments\Engine Battle 20251107.pgn

No:  B/W 1/2     W:B       1:2           Time        Value Moves Dep 1:2       1-2-Draws
   1 W 1    1.0:0.0        1.0:0.0       2:20:35 AM     0.00    27 3.455 :2.808  1-0-0

--------------------------------------------------------------

Engine-Match Friday, November 7, 2025 2:20:37 AM
 Blitz 1/1 

Pairing 12/21 :    Stockfish 1%  -  C0BR4_v3.1

PGN-File: C:\Program Files (x86)\Arena\Tournaments\Engine Battle 20251107.pgn

No:  B/W 1/2     W:B       1:2           Time        Value Moves Dep 1:2       1-2-Draws
   1 W 1    1.0:0.0        1.0:0.0       2:21:06 AM      +M1    32 6.000 :4.000  1-0-0

--------------------------------------------------------------

Engine-Match Friday, November 7, 2025 2:21:07 AM
 Blitz 1/1 

Pairing 13/21 :    MaterialOpponent  -  V7P3R_v14.0

PGN-File: C:\Program Files (x86)\Arena\Tournaments\Engine Battle 20251107.pgn

No:  B/W 1/2     W:B       1:2           Time        Value Moves Dep 1:2       1-2-Draws
   1 W 1    1.0:0.0        1.0:0.0       2:23:10 AM   +20.14    33 6.000 :3.462  1-0-0

--------------------------------------------------------------

Engine-Match Friday, November 7, 2025 2:23:11 AM
 Blitz 1/1 

Pairing 14/21 :    C0BR4_v3.1  -  RandomOpponent

PGN-File: C:\Program Files (x86)\Arena\Tournaments\Engine Battle 20251107.pgn

No:  B/W 1/2     W:B       1:2           Time        Value Moves Dep 1:2       1-2-Draws
   1 W 1    1.0:0.0        1.0:0.0       2:23:31 AM  +299.97    12 4.000 :0 1-0-0

--------------------------------------------------------------

Engine-Match Friday, November 7, 2025 2:23:32 AM
 Blitz 1/1 

Pairing 15/21 :    SlowMate_v3.1  -  Stockfish 1%

PGN-File: C:\Program Files (x86)\Arena\Tournaments\Engine Battle 20251107.pgn

No:  B/W 1/2     W:B       1:2           Time        Value Moves Dep 1:2       1-2-Draws
   1 B 2    1.0:0.0        0.0:1.0       2:26:39 AM      -M1    97 2.794 :7.333  0-1-0

--------------------------------------------------------------

Engine-Match Friday, November 7, 2025 2:26:40 AM
 Blitz 1/1 

Pairing 16/21 :    V7P3R_v14.1  -  C0BR4_v3.1

PGN-File: C:\Program Files (x86)\Arena\Tournaments\Engine Battle 20251107.pgn

No:  B/W 1/2     W:B       1:2           Time        Value Moves Dep 1:2       1-2-Draws
   1 W 1    1.0:0.0        1.0:0.0       2:29:02 AM    +9.59    80 3.300 :4.000  1-0-0

--------------------------------------------------------------

Engine-Match Friday, November 7, 2025 2:29:04 AM
 Blitz 1/1 

Pairing 17/21 :    Stockfish 1%  -  MaterialOpponent

PGN-File: C:\Program Files (x86)\Arena\Tournaments\Engine Battle 20251107.pgn

No:  B/W 1/2     W:B       1:2           Time        Value Moves Dep 1:2       1-2-Draws
   1 W 1    1.0:0.0        1.0:0.0       2:30:27 AM    +9.00    37 6.667 :6.000  1-0-0

--------------------------------------------------------------

Engine-Match Friday, November 7, 2025 2:30:28 AM
 Blitz 1/1 

Pairing 18/21 :    RandomOpponent  -  SlowMate_v3.1

PGN-File: C:\Program Files (x86)\Arena\Tournaments\Engine Battle 20251107.pgn

No:  B/W 1/2     W:B       1:2           Time        Value Moves Dep 1:2       1-2-Draws
   1 B 2    1.0:0.0        0.0:1.0       2:31:26 AM  -188.69    21 0:3.286  0-1-0

--------------------------------------------------------------

Engine-Match Friday, November 7, 2025 2:31:27 AM
 Blitz 1/1 

Pairing 19/21 :    V7P3R_v14.0  -  Stockfish 1%

PGN-File: C:\Program Files (x86)\Arena\Tournaments\Engine Battle 20251107.pgn

No:  B/W 1/2     W:B       1:2           Time        Value Moves Dep 1:2       1-2-Draws
   1 B 2    1.0:0.0        0.0:1.0       2:34:12 AM   -23.74   104 3.467 :7.333  0-1-0

--------------------------------------------------------------

Engine-Match Friday, November 7, 2025 2:34:14 AM
 Blitz 1/1 

Pairing 20/21 :    SlowMate_v3.1  -  V7P3R_v14.1

PGN-File: C:\Program Files (x86)\Arena\Tournaments\Engine Battle 20251107.pgn

No:  B/W 1/2     W:B       1:2           Time        Value Moves Dep 1:2       1-2-Draws
   1 B 2    1.0:0.0        0.0:1.0       2:36:48 AM   -10.38    43 3.057 :3.276  0-1-0

--------------------------------------------------------------

Engine-Match Friday, November 7, 2025 2:36:59 AM
 Blitz 1/1 

Pairing 21/21 :    MaterialOpponent  -  RandomOpponent

PGN-File: C:\Program Files (x86)\Arena\Tournaments\Engine Battle 20251107.pgn

No:  B/W 1/2     W:B       1:2           Time        Value Moves Dep 1:2       1-2-Draws
   1 W 1    1.0:0.0        1.0:0.0       2:37:41 AM  +299.99    20 6.000 :0 1-0-0

--------------------------------------------------------------

Engine-Match Friday, November 7, 2025 2:37:42 AM
 Blitz 1/1 

Pairing 1/21 :    C0BR4_v3.1  -  SlowMate_v3.1

PGN-File: C:\Program Files (x86)\Arena\Tournaments\Engine Battle 20251107.pgn

No:  B/W 1/2     W:B       1:2           Time        Value Moves Dep 1:2       1-2-Draws
   2 W 2    1.5:0.5        0.5:1.5       2:38:44 AM  +156.73    19 3.941 :3.053  0-1-1

--------------------------------------------------------------

Engine-Match Friday, November 7, 2025 2:38:45 AM
 Blitz 1/1 

Pairing 2/21 :    RandomOpponent  -  V7P3R_v14.0

PGN-File: C:\Program Files (x86)\Arena\Tournaments\Engine Battle 20251107.pgn

No:  B/W 1/2     W:B       1:2           Time        Value Moves Dep 1:2       1-2-Draws
   2 W 2    1.0:0.0        0.0:2.0       2:39:43 AM     0.00    26 0:3.905  0-2-0

--------------------------------------------------------------

Engine-Match Friday, November 7, 2025 2:39:45 AM
 Blitz 1/1 

Pairing 3/21 :    V7P3R_v14.1  -  MaterialOpponent

PGN-File: C:\Program Files (x86)\Arena\Tournaments\Engine Battle 20251107.pgn

No:  B/W 1/2     W:B       1:2           Time        Value Moves Dep 1:2       1-2-Draws
   2 B 1    1.5:0.5        1.5:0.5       2:42:07 AM  -299.94    44 3.000 :6.000  1-0-1

--------------------------------------------------------------

Engine-Match Friday, November 7, 2025 2:42:09 AM
 Blitz 1/1 

Pairing 4/21 :    Stockfish 1%  -  RandomOpponent

PGN-File: C:\Program Files (x86)\Arena\Tournaments\Engine Battle 20251107.pgn

No:  B/W 1/2     W:B       1:2           Time        Value Moves Dep 1:2       1-2-Draws
   2 B 1    1.0:0.0        2.0:0.0       2:42:32 AM      -M1    28 6.500 :0 2-0-0

--------------------------------------------------------------

Engine-Match Friday, November 7, 2025 2:42:33 AM
 Blitz 1/1 

Pairing 5/21 :    MaterialOpponent  -  C0BR4_v3.1

PGN-File: C:\Program Files (x86)\Arena\Tournaments\Engine Battle 20251107.pgn

No:  B/W 1/2     W:B       1:2           Time        Value Moves Dep 1:2       1-2-Draws
   2 = =    1.0:1.0        1.0:1.0       2:44:11 AM    +7.18    52 6.000 :4.000  0-0-2

--------------------------------------------------------------

Engine-Match Friday, November 7, 2025 2:44:12 AM
 Blitz 1/1 

Pairing 6/21 :    V7P3R_v14.0  -  V7P3R_v14.1

PGN-File: C:\Program Files (x86)\Arena\Tournaments\Engine Battle 20251107.pgn

No:  B/W 1/2     W:B       1:2           Time        Value Moves Dep 1:2       1-2-Draws
   2 W 2    1.0:0.0        1.0:1.0       2:47:24 AM  +289.98    71 3.250 :3.167  1-1-0

--------------------------------------------------------------

Engine-Match Friday, November 7, 2025 2:47:25 AM
 Blitz 1/1 

Pairing 7/21 :    SlowMate_v3.1  -  MaterialOpponent

PGN-File: C:\Program Files (x86)\Arena\Tournaments\Engine Battle 20251107.pgn

No:  B/W 1/2     W:B       1:2           Time        Value Moves Dep 1:2       1-2-Draws
   2 = =    0.5:0.5        0.5:1.5       2:48:24 AM    -3.77    14 2.643 :6.000  0-1-1

--------------------------------------------------------------

Engine-Match Friday, November 7, 2025 2:48:25 AM
 Blitz 1/1 

Pairing 8/21 :    V7P3R_v14.1  -  Stockfish 1%

PGN-File: C:\Program Files (x86)\Arena\Tournaments\Engine Battle 20251107.pgn

No:  B/W 1/2     W:B       1:2           Time        Value Moves Dep 1:2       1-2-Draws
   2 W 2    1.0:0.0        0.0:2.0       2:49:03 AM      +M1    19 2.889 :5.750  0-2-0

--------------------------------------------------------------

Engine-Match Friday, November 7, 2025 2:49:05 AM
 Blitz 1/1 

Pairing 9/21 :    C0BR4_v3.1  -  V7P3R_v14.0

PGN-File: C:\Program Files (x86)\Arena\Tournaments\Engine Battle 20251107.pgn

No:  B/W 1/2     W:B       1:2           Time        Value Moves Dep 1:2       1-2-Draws
   2 B 1    1.0:0.0        2.0:0.0       2:50:38 AM  -299.97    33 4.000 :3.478  2-0-0

--------------------------------------------------------------

Engine-Match Friday, November 7, 2025 2:50:39 AM
 Blitz 1/1 

Pairing 10/21 :    RandomOpponent  -  V7P3R_v14.1

PGN-File: C:\Program Files (x86)\Arena\Tournaments\Engine Battle 20251107.pgn

No:  B/W 1/2     W:B       1:2           Time        Value Moves Dep 1:2       1-2-Draws
   2 W 2    1.0:0.0        0.0:2.0       2:51:31 AM     0.00    27 0:3.522  0-2-0

--------------------------------------------------------------

Engine-Match Friday, November 7, 2025 2:51:32 AM
 Blitz 1/1 

Pairing 11/21 :    V7P3R_v14.0  -  SlowMate_v3.1

PGN-File: C:\Program Files (x86)\Arena\Tournaments\Engine Battle 20251107.pgn

No:  B/W 1/2     W:B       1:2           Time        Value Moves Dep 1:2       1-2-Draws
   2 B 1    1.0:0.0        2.0:0.0       2:53:36 AM     0.00    27 3.778 :3.370  2-0-0

--------------------------------------------------------------

Engine-Match Friday, November 7, 2025 2:53:37 AM
 Blitz 1/1 

Pairing 12/21 :    Stockfish 1%  -  C0BR4_v3.1

PGN-File: C:\Program Files (x86)\Arena\Tournaments\Engine Battle 20251107.pgn

No:  B/W 1/2     W:B       1:2           Time        Value Moves Dep 1:2       1-2-Draws
   2 B 1    1.0:0.0        2.0:0.0       2:54:22 AM      -M1    35 8.000 :3.970  2-0-0

--------------------------------------------------------------

Engine-Match Friday, November 7, 2025 2:54:23 AM
 Blitz 1/1 

Pairing 13/21 :    MaterialOpponent  -  V7P3R_v14.0

PGN-File: C:\Program Files (x86)\Arena\Tournaments\Engine Battle 20251107.pgn

No:  B/W 1/2     W:B       1:2           Time        Value Moves Dep 1:2       1-2-Draws
   2 B 1    1.0:0.0        2.0:0.0       2:58:53 AM   -29.85    90 6.000 :3.157  2-0-0

--------------------------------------------------------------

Engine-Match Friday, November 7, 2025 2:58:54 AM
 Blitz 1/1 

Pairing 14/21 :    C0BR4_v3.1  -  RandomOpponent

PGN-File: C:\Program Files (x86)\Arena\Tournaments\Engine Battle 20251107.pgn

No:  B/W 1/2     W:B       1:2           Time        Value Moves Dep 1:2       1-2-Draws
   2 B 1    1.0:0.0        2.0:0.0       2:59:15 AM  -299.97    17 3.875 :0 2-0-0

--------------------------------------------------------------

Engine-Match Friday, November 7, 2025 2:59:16 AM
 Blitz 1/1 

Pairing 15/21 :    SlowMate_v3.1  -  Stockfish 1%

PGN-File: C:\Program Files (x86)\Arena\Tournaments\Engine Battle 20251107.pgn

No:  B/W 1/2     W:B       1:2           Time        Value Moves Dep 1:2       1-2-Draws
   2 W 2    1.0:0.0        0.0:2.0       3:00:32 AM      +M1    31 2.867 :6.333  0-2-0

--------------------------------------------------------------

Engine-Match Friday, November 7, 2025 3:00:34 AM
 Blitz 1/1 

Pairing 16/21 :    V7P3R_v14.1  -  C0BR4_v3.1

PGN-File: C:\Program Files (x86)\Arena\Tournaments\Engine Battle 20251107.pgn

No:  B/W 1/2     W:B       1:2           Time        Value Moves Dep 1:2       1-2-Draws
   2 = =    0.5:0.5        1.5:0.5       3:02:05 AM     0.00    52 3.500 :4.000  1-0-1

--------------------------------------------------------------

Engine-Match Friday, November 7, 2025 3:02:06 AM
 Blitz 1/1 

Pairing 17/21 :    Stockfish 1%  -  MaterialOpponent

PGN-File: C:\Program Files (x86)\Arena\Tournaments\Engine Battle 20251107.pgn

No:  B/W 1/2     W:B       1:2           Time        Value Moves Dep 1:2       1-2-Draws
   2 B 1    1.0:0.0        2.0:0.0       3:03:55 AM   -14.95    84 6.000 :6.000  2-0-0

--------------------------------------------------------------

Engine-Match Friday, November 7, 2025 3:03:56 AM
 Blitz 1/1 

Pairing 18/21 :    RandomOpponent  -  SlowMate_v3.1

PGN-File: C:\Program Files (x86)\Arena\Tournaments\Engine Battle 20251107.pgn

No:  B/W 1/2     W:B       1:2           Time        Value Moves Dep 1:2       1-2-Draws
   2 W 2    1.0:0.0        0.0:2.0       3:05:22 AM  +172.62    36 0:3.111  0-2-0

--------------------------------------------------------------

Engine-Match Friday, November 7, 2025 3:05:23 AM
 Blitz 1/1 

Pairing 19/21 :    V7P3R_v14.0  -  Stockfish 1%

PGN-File: C:\Program Files (x86)\Arena\Tournaments\Engine Battle 20251107.pgn

No:  B/W 1/2     W:B       1:2           Time        Value Moves Dep 1:2       1-2-Draws
   2 W 2    1.0:0.0        0.0:2.0       3:07:03 AM      +M1    40 3.500 :5.500  0-2-0

--------------------------------------------------------------

Engine-Match Friday, November 7, 2025 3:07:15 AM
 Blitz 1/1 

Pairing 20/21 :    SlowMate_v3.1  -  V7P3R_v14.1

PGN-File: C:\Program Files (x86)\Arena\Tournaments\Engine Battle 20251107.pgn

No:  B/W 1/2     W:B       1:2           Time        Value Moves Dep 1:2       1-2-Draws
   2 W 2    1.0:0.0        0.0:2.0       3:10:24 AM   +11.38    59 3.136 :3.316  0-2-0

--------------------------------------------------------------

Engine-Match Friday, November 7, 2025 3:10:26 AM
 Blitz 1/1 

Pairing 21/21 :    MaterialOpponent  -  RandomOpponent

PGN-File: C:\Program Files (x86)\Arena\Tournaments\Engine Battle 20251107.pgn

No:  B/W 1/2     W:B       1:2           Time        Value Moves Dep 1:2       1-2-Draws
   2 B 1    1.0:0.0        2.0:0.0       3:10:50 AM  -299.99    18 6.000 :0 2-0-0

--------------------------------------------------------------

Engine-Match Friday, November 7, 2025 3:10:52 AM
 Blitz 1/1 

Pairing 1/21 :    C0BR4_v3.1  -  SlowMate_v3.1

PGN-File: C:\Program Files (x86)\Arena\Tournaments\Engine Battle 20251107.pgn

No:  B/W 1/2     W:B       1:2           Time        Value Moves Dep 1:2       1-2-Draws
   3 W 1    1.5:0.5        1.5:1.5       3:12:18 AM  +299.97    27 4.000 :2.962  1-1-1

--------------------------------------------------------------

Engine-Match Friday, November 7, 2025 3:12:19 AM
 Blitz 1/1 

Pairing 2/21 :    RandomOpponent  -  V7P3R_v14.0

PGN-File: C:\Program Files (x86)\Arena\Tournaments\Engine Battle 20251107.pgn

No:  B/W 1/2     W:B       1:2           Time        Value Moves Dep 1:2       1-2-Draws
   3 B 2    1.0:0.0        0.0:3.0       3:13:29 AM  -289.97    28 0:3.727  0-3-0

--------------------------------------------------------------

Engine-Match Friday, November 7, 2025 3:13:30 AM
 Blitz 1/1 

Pairing 3/21 :    V7P3R_v14.1  -  MaterialOpponent

PGN-File: C:\Program Files (x86)\Arena\Tournaments\Engine Battle 20251107.pgn

No:  B/W 1/2     W:B       1:2           Time        Value Moves Dep 1:2       1-2-Draws
   3 = =    1.0:1.0        2.0:1.0       3:15:51 AM    +3.58    36 2.861 :6.000  1-0-2

--------------------------------------------------------------

Engine-Match Friday, November 7, 2025 3:15:53 AM
 Blitz 1/1 

Pairing 4/21 :    Stockfish 1%  -  RandomOpponent

PGN-File: C:\Program Files (x86)\Arena\Tournaments\Engine Battle 20251107.pgn

No:  B/W 1/2     W:B       1:2           Time        Value Moves Dep 1:2       1-2-Draws
   3 W 1    1.0:0.0        3.0:0.0       3:16:09 AM      +M1     7 6.500 :0 3-0-0

--------------------------------------------------------------

Engine-Match Friday, November 7, 2025 3:16:11 AM
 Blitz 1/1 

Pairing 5/21 :    MaterialOpponent  -  C0BR4_v3.1

PGN-File: C:\Program Files (x86)\Arena\Tournaments\Engine Battle 20251107.pgn

No:  B/W 1/2     W:B       1:2           Time        Value Moves Dep 1:2       1-2-Draws
   3 = =    1.5:1.5        1.5:1.5       3:17:01 AM   -10.67    27 6.000 :4.000  0-0-3

--------------------------------------------------------------

Engine-Match Friday, November 7, 2025 3:17:03 AM
 Blitz 1/1 

Pairing 6/21 :    V7P3R_v14.0  -  V7P3R_v14.1

PGN-File: C:\Program Files (x86)\Arena\Tournaments\Engine Battle 20251107.pgn

No:  B/W 1/2     W:B       1:2           Time        Value Moves Dep 1:2       1-2-Draws
   3 W 1    1.0:0.0        2.0:1.0       3:18:49 AM  +289.96    26 3.611 :3.182  2-1-0

--------------------------------------------------------------

Engine-Match Friday, November 7, 2025 3:18:50 AM
 Blitz 1/1 

Pairing 7/21 :    SlowMate_v3.1  -  MaterialOpponent

PGN-File: C:\Program Files (x86)\Arena\Tournaments\Engine Battle 20251107.pgn

No:  B/W 1/2     W:B       1:2           Time        Value Moves Dep 1:2       1-2-Draws
   3 B 2    1.5:0.5        0.5:2.5       3:20:46 AM  -143.30    33 2.960 :6.000  0-2-1

--------------------------------------------------------------

Engine-Match Friday, November 7, 2025 3:20:47 AM
 Blitz 1/1 

Pairing 8/21 :    V7P3R_v14.1  -  Stockfish 1%

PGN-File: C:\Program Files (x86)\Arena\Tournaments\Engine Battle 20251107.pgn

No:  B/W 1/2     W:B       1:2           Time        Value Moves Dep 1:2       1-2-Draws
   3 B 2    1.0:0.0        0.0:3.0       3:21:27 AM      -M1    20 2.789 :5.000  0-3-0

--------------------------------------------------------------

Engine-Match Friday, November 7, 2025 3:21:29 AM
 Blitz 1/1 

Pairing 9/21 :    C0BR4_v3.1  -  V7P3R_v14.0

PGN-File: C:\Program Files (x86)\Arena\Tournaments\Engine Battle 20251107.pgn

No:  B/W 1/2     W:B       1:2           Time        Value Moves Dep 1:2       1-2-Draws
   3 W 1    1.0:0.0        3.0:0.0       3:23:45 AM   +14.25    52 4.000 :3.357  3-0-0

--------------------------------------------------------------

Engine-Match Friday, November 7, 2025 3:23:47 AM
 Blitz 1/1 

Pairing 10/21 :    RandomOpponent  -  V7P3R_v14.1

PGN-File: C:\Program Files (x86)\Arena\Tournaments\Engine Battle 20251107.pgn

No:  B/W 1/2     W:B       1:2           Time        Value Moves Dep 1:2       1-2-Draws
   3 B 2    1.0:0.0        0.0:3.0       3:24:39 AM  -289.98    20 0:3.889  0-3-0

--------------------------------------------------------------

Engine-Match Friday, November 7, 2025 3:24:41 AM
 Blitz 1/1 

Pairing 11/21 :    V7P3R_v14.0  -  SlowMate_v3.1

PGN-File: C:\Program Files (x86)\Arena\Tournaments\Engine Battle 20251107.pgn

No:  B/W 1/2     W:B       1:2           Time        Value Moves Dep 1:2       1-2-Draws
   3 W 1    1.0:0.0        3.0:0.0       3:27:04 AM   +14.04    30 3.458 :2.800  3-0-0

--------------------------------------------------------------

Engine-Match Friday, November 7, 2025 3:27:06 AM
 Blitz 1/1 

Pairing 12/21 :    Stockfish 1%  -  C0BR4_v3.1

PGN-File: C:\Program Files (x86)\Arena\Tournaments\Engine Battle 20251107.pgn

No:  B/W 1/2     W:B       1:2           Time        Value Moves Dep 1:2       1-2-Draws
   3 = =    0.5:0.5        2.5:0.5       3:28:00 AM    +9.80    74 7.000 :4.000  2-0-1

--------------------------------------------------------------

Engine-Match Friday, November 7, 2025 3:28:01 AM
 Blitz 1/1 

Pairing 13/21 :    MaterialOpponent  -  V7P3R_v14.0

PGN-File: C:\Program Files (x86)\Arena\Tournaments\Engine Battle 20251107.pgn

No:  B/W 1/2     W:B       1:2           Time        Value Moves Dep 1:2       1-2-Draws
   3 W 1    1.0:0.0        3.0:0.0       3:29:57 AM   +13.62    28 6.000 :3.360  3-0-0

--------------------------------------------------------------

Engine-Match Friday, November 7, 2025 3:29:58 AM
 Blitz 1/1 

Pairing 14/21 :    C0BR4_v3.1  -  RandomOpponent

PGN-File: C:\Program Files (x86)\Arena\Tournaments\Engine Battle 20251107.pgn

No:  B/W 1/2     W:B       1:2           Time        Value Moves Dep 1:2       1-2-Draws
   3 W 1    1.0:0.0        3.0:0.0       3:30:15 AM  +299.97     6 3.600 :0 3-0-0

--------------------------------------------------------------

Engine-Match Friday, November 7, 2025 3:30:17 AM
 Blitz 1/1 

Pairing 15/21 :    SlowMate_v3.1  -  Stockfish 1%

PGN-File: C:\Program Files (x86)\Arena\Tournaments\Engine Battle 20251107.pgn

No:  B/W 1/2     W:B       1:2           Time        Value Moves Dep 1:2       1-2-Draws
   3 B 2    1.0:0.0        0.0:3.0       3:31:15 AM      -M1    21 2.619 :6.667  0-3-0

--------------------------------------------------------------

Engine-Match Friday, November 7, 2025 3:31:16 AM
 Blitz 1/1 

Pairing 16/21 :    V7P3R_v14.1  -  C0BR4_v3.1

PGN-File: C:\Program Files (x86)\Arena\Tournaments\Engine Battle 20251107.pgn

No:  B/W 1/2     W:B       1:2           Time        Value Moves Dep 1:2       1-2-Draws
   3 B 2    1.5:0.5        1.5:1.5       3:32:45 AM  -299.97    46 3.282 :4.000  1-1-1

--------------------------------------------------------------

Engine-Match Friday, November 7, 2025 3:32:46 AM
 Blitz 1/1 

Pairing 17/21 :    Stockfish 1%  -  MaterialOpponent

PGN-File: C:\Program Files (x86)\Arena\Tournaments\Engine Battle 20251107.pgn

No:  B/W 1/2     W:B       1:2           Time        Value Moves Dep 1:2       1-2-Draws
   3 W 1    1.0:0.0        3.0:0.0       3:34:38 AM   +13.15    48 8.000 :6.000  3-0-0

--------------------------------------------------------------

Engine-Match Friday, November 7, 2025 3:34:40 AM
 Blitz 1/1 

Pairing 18/21 :    RandomOpponent  -  SlowMate_v3.1

PGN-File: C:\Program Files (x86)\Arena\Tournaments\Engine Battle 20251107.pgn

No:  B/W 1/2     W:B       1:2           Time        Value Moves Dep 1:2       1-2-Draws
   3 = =    0.5:0.5        0.5:2.5       3:36:11 AM  -200.00    38 0:2.947  0-2-1

--------------------------------------------------------------

Engine-Match Friday, November 7, 2025 3:36:23 AM
 Blitz 1/1 

Pairing 19/21 :    V7P3R_v14.0  -  Stockfish 1%

PGN-File: C:\Program Files (x86)\Arena\Tournaments\Engine Battle 20251107.pgn

No:  B/W 1/2     W:B       1:2           Time        Value Moves Dep 1:2       1-2-Draws
   3 B 2    1.0:0.0        0.0:3.0       3:37:04 AM      -M1    20 3.769 :6.000  0-3-0

--------------------------------------------------------------

Engine-Match Friday, November 7, 2025 3:37:06 AM
 Blitz 1/1 

Pairing 20/21 :    SlowMate_v3.1  -  V7P3R_v14.1

PGN-File: C:\Program Files (x86)\Arena\Tournaments\Engine Battle 20251107.pgn

No:  B/W 1/2     W:B       1:2           Time        Value Moves Dep 1:2       1-2-Draws
   3 B 2    1.0:0.0        0.0:3.0       3:39:55 AM   -12.02    47 3.121 :3.370  0-3-0

--------------------------------------------------------------

Engine-Match Friday, November 7, 2025 3:39:57 AM
 Blitz 1/1 

Pairing 21/21 :    MaterialOpponent  -  RandomOpponent

PGN-File: C:\Program Files (x86)\Arena\Tournaments\Engine Battle 20251107.pgn

No:  B/W 1/2     W:B       1:2           Time        Value Moves Dep 1:2       1-2-Draws
   3 W 1    1.0:0.0        3.0:0.0       3:40:17 AM  +299.99    12 6.000 :0 3-0-0

--------------------------------------------------------------

Engine-Match Friday, November 7, 2025 3:40:18 AM
 Blitz 1/1 

Pairing 1/21 :    C0BR4_v3.1  -  SlowMate_v3.1

PGN-File: C:\Program Files (x86)\Arena\Tournaments\Engine Battle 20251107.pgn

No:  B/W 1/2     W:B       1:2           Time        Value Moves Dep 1:2       1-2-Draws
   4 B 1    1.5:0.5        2.5:1.5       3:42:07 AM  -299.97    35 4.000 :2.800  2-1-1

--------------------------------------------------------------

Engine-Match Friday, November 7, 2025 3:42:08 AM
 Blitz 1/1 

Pairing 2/21 :    RandomOpponent  -  V7P3R_v14.0

PGN-File: C:\Program Files (x86)\Arena\Tournaments\Engine Battle 20251107.pgn

No:  B/W 1/2     W:B       1:2           Time        Value Moves Dep 1:2       1-2-Draws
   4 W 2    1.0:0.0        0.0:4.0       3:42:43 AM  +289.97    13 0:3.462  0-4-0

--------------------------------------------------------------

Engine-Match Friday, November 7, 2025 3:42:44 AM
 Blitz 1/1 

Pairing 3/21 :    V7P3R_v14.1  -  MaterialOpponent

PGN-File: C:\Program Files (x86)\Arena\Tournaments\Engine Battle 20251107.pgn

No:  B/W 1/2     W:B       1:2           Time        Value Moves Dep 1:2       1-2-Draws
   4 B 1    2.0:1.0        3.0:1.0       3:45:08 AM  -299.94    44 3.000 :6.000  2-0-2

--------------------------------------------------------------

Engine-Match Friday, November 7, 2025 3:45:10 AM
 Blitz 1/1 

Pairing 4/21 :    Stockfish 1%  -  RandomOpponent

PGN-File: C:\Program Files (x86)\Arena\Tournaments\Engine Battle 20251107.pgn

No:  B/W 1/2     W:B       1:2           Time        Value Moves Dep 1:2       1-2-Draws
   4 B 1    1.0:0.0        4.0:0.0       3:45:34 AM      -M1    26 6.333 :0 4-0-0

--------------------------------------------------------------

Engine-Match Friday, November 7, 2025 3:45:35 AM
 Blitz 1/1 

Pairing 5/21 :    MaterialOpponent  -  C0BR4_v3.1

PGN-File: C:\Program Files (x86)\Arena\Tournaments\Engine Battle 20251107.pgn

No:  B/W 1/2     W:B       1:2           Time        Value Moves Dep 1:2       1-2-Draws
   4 = =    2.0:2.0        2.0:2.0       3:46:21 AM    +2.27    27 6.000 :4.000  0-0-4

--------------------------------------------------------------

Engine-Match Friday, November 7, 2025 3:46:22 AM
 Blitz 1/1 

Pairing 6/21 :    V7P3R_v14.0  -  V7P3R_v14.1

PGN-File: C:\Program Files (x86)\Arena\Tournaments\Engine Battle 20251107.pgn

No:  B/W 1/2     W:B       1:2           Time        Value Moves Dep 1:2       1-2-Draws
   4 W 2    1.0:0.0        2.0:2.0       3:49:33 AM  +289.97    65 3.261 :3.200  2-2-0

--------------------------------------------------------------

Engine-Match Friday, November 7, 2025 3:49:35 AM
 Blitz 1/1 

Pairing 7/21 :    SlowMate_v3.1  -  MaterialOpponent

PGN-File: C:\Program Files (x86)\Arena\Tournaments\Engine Battle 20251107.pgn

No:  B/W 1/2     W:B       1:2           Time        Value Moves Dep 1:2       1-2-Draws
   4 = =    1.0:1.0        1.0:3.0       3:50:35 AM    -3.77    14 2.643 :6.000  0-2-2

--------------------------------------------------------------

Engine-Match Friday, November 7, 2025 3:50:36 AM
 Blitz 1/1 

Pairing 8/21 :    V7P3R_v14.1  -  Stockfish 1%

PGN-File: C:\Program Files (x86)\Arena\Tournaments\Engine Battle 20251107.pgn

No:  B/W 1/2     W:B       1:2           Time        Value Moves Dep 1:2       1-2-Draws
   4 W 2    1.0:0.0        0.0:4.0       3:51:46 AM      +M1    34 3.393 :6.667  0-4-0

--------------------------------------------------------------

Engine-Match Friday, November 7, 2025 3:51:47 AM
 Blitz 1/1 

Pairing 9/21 :    C0BR4_v3.1  -  V7P3R_v14.0

PGN-File: C:\Program Files (x86)\Arena\Tournaments\Engine Battle 20251107.pgn

No:  B/W 1/2     W:B       1:2           Time        Value Moves Dep 1:2       1-2-Draws
   4 W 2    1.0:0.0        3.0:1.0       3:53:41 AM   +15.19    41 4.000 :3.542  3-1-0

--------------------------------------------------------------

Engine-Match Friday, November 7, 2025 3:53:42 AM
 Blitz 1/1 

Pairing 10/21 :    RandomOpponent  -  V7P3R_v14.1

PGN-File: C:\Program Files (x86)\Arena\Tournaments\Engine Battle 20251107.pgn

No:  B/W 1/2     W:B       1:2           Time        Value Moves Dep 1:2       1-2-Draws
   4 W 2    1.0:0.0        0.0:4.0       3:54:37 AM     0.00    29 0:3.600  0-4-0

--------------------------------------------------------------

Engine-Match Friday, November 7, 2025 3:54:38 AM
 Blitz 1/1 

Pairing 11/21 :    V7P3R_v14.0  -  SlowMate_v3.1

PGN-File: C:\Program Files (x86)\Arena\Tournaments\Engine Battle 20251107.pgn

No:  B/W 1/2     W:B       1:2           Time        Value Moves Dep 1:2       1-2-Draws
   4 B 1    1.0:0.0        4.0:0.0       3:56:42 AM     0.00    27 3.778 :3.370  4-0-0

--------------------------------------------------------------

Engine-Match Friday, November 7, 2025 3:56:44 AM
 Blitz 1/1 

Pairing 12/21 :    Stockfish 1%  -  C0BR4_v3.1

PGN-File: C:\Program Files (x86)\Arena\Tournaments\Engine Battle 20251107.pgn

No:  B/W 1/2     W:B       1:2           Time        Value Moves Dep 1:2       1-2-Draws
   4 B 1    1.5:0.5        3.5:0.5       3:57:21 AM      -M1    45 6.000 :4.000  3-0-1

--------------------------------------------------------------

Engine-Match Friday, November 7, 2025 3:57:22 AM
 Blitz 1/1 

Pairing 13/21 :    MaterialOpponent  -  V7P3R_v14.0

PGN-File: C:\Program Files (x86)\Arena\Tournaments\Engine Battle 20251107.pgn

No:  B/W 1/2     W:B       1:2           Time        Value Moves Dep 1:2       1-2-Draws
   4 = =    0.5:0.5        3.5:0.5       4:01:27 AM    -4.90    77 6.000 :3.137  3-0-1

--------------------------------------------------------------

Engine-Match Friday, November 7, 2025 4:01:28 AM
 Blitz 1/1 

Pairing 14/21 :    C0BR4_v3.1  -  RandomOpponent

PGN-File: C:\Program Files (x86)\Arena\Tournaments\Engine Battle 20251107.pgn

No:  B/W 1/2     W:B       1:2           Time        Value Moves Dep 1:2       1-2-Draws
   4 B 1    1.0:0.0        4.0:0.0       4:01:49 AM  -299.97    11 3.800 :0 4-0-0

--------------------------------------------------------------

Engine-Match Friday, November 7, 2025 4:01:51 AM
 Blitz 1/1 

Pairing 15/21 :    SlowMate_v3.1  -  Stockfish 1%

PGN-File: C:\Program Files (x86)\Arena\Tournaments\Engine Battle 20251107.pgn

No:  B/W 1/2     W:B       1:2           Time        Value Moves Dep 1:2       1-2-Draws
   4 W 2    1.0:0.0        0.0:4.0       4:02:50 AM      +M1    22 2.905 :6.333  0-4-0

--------------------------------------------------------------

Engine-Match Friday, November 7, 2025 4:02:51 AM
 Blitz 1/1 

Pairing 16/21 :    V7P3R_v14.1  -  C0BR4_v3.1

PGN-File: C:\Program Files (x86)\Arena\Tournaments\Engine Battle 20251107.pgn

No:  B/W 1/2     W:B       1:2           Time        Value Moves Dep 1:2       1-2-Draws
   4 W 2    1.5:0.5        1.5:2.5       4:03:54 AM   +42.58    28 3.333 :4.000  1-2-1

--------------------------------------------------------------

Engine-Match Friday, November 7, 2025 4:03:55 AM
 Blitz 1/1 

Pairing 17/21 :    Stockfish 1%  -  MaterialOpponent

PGN-File: C:\Program Files (x86)\Arena\Tournaments\Engine Battle 20251107.pgn

No:  B/W 1/2     W:B       1:2           Time        Value Moves Dep 1:2       1-2-Draws
   4 B 1    1.0:0.0        4.0:0.0       4:04:40 AM      -M1    21 7.000 :6.000  4-0-0

--------------------------------------------------------------

Engine-Match Friday, November 7, 2025 4:04:52 AM
 Blitz 1/1 

Pairing 18/21 :    RandomOpponent  -  SlowMate_v3.1

PGN-File: C:\Program Files (x86)\Arena\Tournaments\Engine Battle 20251107.pgn

No:  B/W 1/2     W:B       1:2           Time        Value Moves Dep 1:2       1-2-Draws
   4 W 2    1.5:0.5        0.5:3.5       4:05:52 AM  +148.94    25 0:2.720  0-3-1

--------------------------------------------------------------

Engine-Match Friday, November 7, 2025 4:05:53 AM
 Blitz 1/1 

Pairing 19/21 :    V7P3R_v14.0  -  Stockfish 1%

PGN-File: C:\Program Files (x86)\Arena\Tournaments\Engine Battle 20251107.pgn

No:  B/W 1/2     W:B       1:2           Time        Value Moves Dep 1:2       1-2-Draws
   4 W 2    1.0:0.0        0.0:4.0       4:07:11 AM      +M1    30 3.720 :6.500  0-4-0

--------------------------------------------------------------

Engine-Match Friday, November 7, 2025 4:07:12 AM
 Blitz 1/1 

Pairing 20/21 :    SlowMate_v3.1  -  V7P3R_v14.1

PGN-File: C:\Program Files (x86)\Arena\Tournaments\Engine Battle 20251107.pgn

No:  B/W 1/2     W:B       1:2           Time        Value Moves Dep 1:2       1-2-Draws
   4 = =    0.5:0.5        0.5:3.5       4:10:06 AM    +2.57    46 3.182 :3.368  0-3-1

--------------------------------------------------------------

Engine-Match Friday, November 7, 2025 4:10:08 AM
 Blitz 1/1 

Pairing 21/21 :    MaterialOpponent  -  RandomOpponent

PGN-File: C:\Program Files (x86)\Arena\Tournaments\Engine Battle 20251107.pgn

No:  B/W 1/2     W:B       1:2           Time        Value Moves Dep 1:2       1-2-Draws
   4 B 1    1.0:0.0        4.0:0.0       4:10:37 AM  -299.99    19 6.000 :0 4-0-0

--------------------------------------------------------------

Engine-Match Friday, November 7, 2025 4:10:38 AM
 Blitz 1/1 

Pairing 1/21 :    C0BR4_v3.1  -  SlowMate_v3.1

PGN-File: C:\Program Files (x86)\Arena\Tournaments\Engine Battle 20251107.pgn

No:  B/W 1/2     W:B       1:2           Time        Value Moves Dep 1:2       1-2-Draws
   5 W 1    1.5:0.5        3.5:1.5       4:12:05 AM  +299.97    27 4.000 :2.962  3-1-1

--------------------------------------------------------------

Engine-Match Friday, November 7, 2025 4:12:06 AM
 Blitz 1/1 

Pairing 2/21 :    RandomOpponent  -  V7P3R_v14.0

PGN-File: C:\Program Files (x86)\Arena\Tournaments\Engine Battle 20251107.pgn

No:  B/W 1/2     W:B       1:2           Time        Value Moves Dep 1:2       1-2-Draws
   5 B 2    1.0:0.0        0.0:5.0       4:13:25 AM     0.00    36 0:4.000  0-5-0

--------------------------------------------------------------

Engine-Match Friday, November 7, 2025 4:13:27 AM
 Blitz 1/1 

Pairing 3/21 :    V7P3R_v14.1  -  MaterialOpponent

PGN-File: C:\Program Files (x86)\Arena\Tournaments\Engine Battle 20251107.pgn

No:  B/W 1/2     W:B       1:2           Time        Value Moves Dep 1:2       1-2-Draws
   5 = =    1.5:1.5        3.5:1.5       4:15:19 AM    +3.46    30 2.933 :6.000  2-0-3

--------------------------------------------------------------

Engine-Match Friday, November 7, 2025 4:15:20 AM
 Blitz 1/1 

Pairing 4/21 :    Stockfish 1%  -  RandomOpponent

PGN-File: C:\Program Files (x86)\Arena\Tournaments\Engine Battle 20251107.pgn

No:  B/W 1/2     W:B       1:2           Time        Value Moves Dep 1:2       1-2-Draws
   5 W 1    1.0:0.0        5.0:0.0       4:15:38 AM      +M1     9 9.000 :0 5-0-0

--------------------------------------------------------------

Engine-Match Friday, November 7, 2025 4:15:39 AM
 Blitz 1/1 

Pairing 5/21 :    MaterialOpponent  -  C0BR4_v3.1

PGN-File: C:\Program Files (x86)\Arena\Tournaments\Engine Battle 20251107.pgn

No:  B/W 1/2     W:B       1:2           Time        Value Moves Dep 1:2       1-2-Draws
   5 = =    2.5:2.5        2.5:2.5       4:17:20 AM    -2.93    43 6.000 :4.000  0-0-5

--------------------------------------------------------------

Engine-Match Friday, November 7, 2025 4:17:21 AM
 Blitz 1/1 

Pairing 6/21 :    V7P3R_v14.0  -  V7P3R_v14.1

PGN-File: C:\Program Files (x86)\Arena\Tournaments\Engine Battle 20251107.pgn

No:  B/W 1/2     W:B       1:2           Time        Value Moves Dep 1:2       1-2-Draws
   5 = =    0.5:0.5        2.5:2.5       4:20:35 AM    +4.40    61 3.625 :3.290  2-2-1

--------------------------------------------------------------

Engine-Match Friday, November 7, 2025 4:20:36 AM
 Blitz 1/1 

Pairing 7/21 :    SlowMate_v3.1  -  MaterialOpponent

PGN-File: C:\Program Files (x86)\Arena\Tournaments\Engine Battle 20251107.pgn

No:  B/W 1/2     W:B       1:2           Time        Value Moves Dep 1:2       1-2-Draws
   5 B 2    2.0:1.0        1.0:4.0       4:22:31 AM  -143.30    33 2.880 :6.000  0-3-2

--------------------------------------------------------------

Engine-Match Friday, November 7, 2025 4:22:33 AM
 Blitz 1/1 

Pairing 8/21 :    V7P3R_v14.1  -  Stockfish 1%

PGN-File: C:\Program Files (x86)\Arena\Tournaments\Engine Battle 20251107.pgn

No:  B/W 1/2     W:B       1:2           Time        Value Moves Dep 1:2       1-2-Draws
   5 B 2    1.0:0.0        0.0:5.0       4:23:12 AM      -M1    19 2.833 :6.000  0-5-0

--------------------------------------------------------------

Engine-Match Friday, November 7, 2025 4:23:14 AM
 Blitz 1/1 

Pairing 9/21 :    C0BR4_v3.1  -  V7P3R_v14.0

PGN-File: C:\Program Files (x86)\Arena\Tournaments\Engine Battle 20251107.pgn

No:  B/W 1/2     W:B       1:2           Time        Value Moves Dep 1:2       1-2-Draws
   5 W 1    1.0:0.0        4.0:1.0       4:25:31 AM   +14.56    52 4.000 :3.357  4-1-0

--------------------------------------------------------------

Engine-Match Friday, November 7, 2025 4:25:33 AM
 Blitz 1/1 

Pairing 10/21 :    RandomOpponent  -  V7P3R_v14.1

PGN-File: C:\Program Files (x86)\Arena\Tournaments\Engine Battle 20251107.pgn

No:  B/W 1/2     W:B       1:2           Time        Value Moves Dep 1:2       1-2-Draws
   5 B 2    1.0:0.0        0.0:5.0       4:25:48 AM  -289.96     8 0:3.000  0-5-0

--------------------------------------------------------------

Engine-Match Friday, November 7, 2025 4:25:50 AM
 Blitz 1/1 

Pairing 11/21 :    V7P3R_v14.0  -  SlowMate_v3.1

PGN-File: C:\Program Files (x86)\Arena\Tournaments\Engine Battle 20251107.pgn

No:  B/W 1/2     W:B       1:2           Time        Value Moves Dep 1:2       1-2-Draws
   5 W 1    1.0:0.0        5.0:0.0       4:27:29 AM  +289.98    19 3.438 :2.833  5-0-0

--------------------------------------------------------------

Engine-Match Friday, November 7, 2025 4:27:30 AM
 Blitz 1/1 

Pairing 12/21 :    Stockfish 1%  -  C0BR4_v3.1

PGN-File: C:\Program Files (x86)\Arena\Tournaments\Engine Battle 20251107.pgn

No:  B/W 1/2     W:B       1:2           Time        Value Moves Dep 1:2       1-2-Draws
   5 = =    1.0:1.0        4.0:1.0       4:28:14 AM     0.00    62 7.000 :4.000  3-0-2

--------------------------------------------------------------

Engine-Match Friday, November 7, 2025 4:28:15 AM
 Blitz 1/1 

Pairing 13/21 :    MaterialOpponent  -  V7P3R_v14.0

PGN-File: C:\Program Files (x86)\Arena\Tournaments\Engine Battle 20251107.pgn

No:  B/W 1/2     W:B       1:2           Time        Value Moves Dep 1:2       1-2-Draws
   5 W 1    1.5:0.5        4.5:0.5       4:30:09 AM   +16.12    28 6.000 :3.360  4-0-1

--------------------------------------------------------------

Engine-Match Friday, November 7, 2025 4:30:11 AM
 Blitz 1/1 

Pairing 14/21 :    C0BR4_v3.1  -  RandomOpponent

PGN-File: C:\Program Files (x86)\Arena\Tournaments\Engine Battle 20251107.pgn

No:  B/W 1/2     W:B       1:2           Time        Value Moves Dep 1:2       1-2-Draws
   5 W 1    1.0:0.0        5.0:0.0       4:30:27 AM  +299.97     5 3.500 :0 5-0-0

--------------------------------------------------------------

Engine-Match Friday, November 7, 2025 4:30:29 AM
 Blitz 1/1 

Pairing 15/21 :    SlowMate_v3.1  -  Stockfish 1%

PGN-File: C:\Program Files (x86)\Arena\Tournaments\Engine Battle 20251107.pgn

No:  B/W 1/2     W:B       1:2           Time        Value Moves Dep 1:2       1-2-Draws
   5 B 2    1.0:0.0        0.0:5.0       4:32:03 AM   -11.75    39 2.972 :6.500  0-5-0

--------------------------------------------------------------

Engine-Match Friday, November 7, 2025 4:32:04 AM
 Blitz 1/1 

Pairing 16/21 :    V7P3R_v14.1  -  C0BR4_v3.1

PGN-File: C:\Program Files (x86)\Arena\Tournaments\Engine Battle 20251107.pgn

No:  B/W 1/2     W:B       1:2           Time        Value Moves Dep 1:2       1-2-Draws
   5 = =    1.0:1.0        2.0:3.0       4:33:25 AM    -0.95    37 3.316 :4.000  1-2-2

--------------------------------------------------------------

Engine-Match Friday, November 7, 2025 4:33:36 AM
 Blitz 1/1 

Pairing 17/21 :    Stockfish 1%  -  MaterialOpponent

PGN-File: C:\Program Files (x86)\Arena\Tournaments\Engine Battle 20251107.pgn

No:  B/W 1/2     W:B       1:2           Time        Value Moves Dep 1:2       1-2-Draws
   5 W 1    1.0:0.0        5.0:0.0       4:34:52 AM      +M1    27 8.000 :6.000  5-0-0

--------------------------------------------------------------

Engine-Match Friday, November 7, 2025 4:34:53 AM
 Blitz 1/1 

Pairing 18/21 :    RandomOpponent  -  SlowMate_v3.1

PGN-File: C:\Program Files (x86)\Arena\Tournaments\Engine Battle 20251107.pgn

No:  B/W 1/2     W:B       1:2           Time        Value Moves Dep 1:2       1-2-Draws
   5 = =    1.0:1.0        1.0:4.0       4:35:56 AM   -27.08    23 0:2.826  0-3-2

--------------------------------------------------------------

Engine-Match Friday, November 7, 2025 4:35:58 AM
 Blitz 1/1 

Pairing 19/21 :    V7P3R_v14.0  -  Stockfish 1%

PGN-File: C:\Program Files (x86)\Arena\Tournaments\Engine Battle 20251107.pgn

No:  B/W 1/2     W:B       1:2           Time        Value Moves Dep 1:2       1-2-Draws
   5 B 2    1.0:0.0        0.0:5.0       4:38:18 AM   -18.29    65 3.449 :7.000  0-5-0

--------------------------------------------------------------

Engine-Match Friday, November 7, 2025 4:38:19 AM
 Blitz 1/1 

Pairing 20/21 :    SlowMate_v3.1  -  V7P3R_v14.1

PGN-File: C:\Program Files (x86)\Arena\Tournaments\Engine Battle 20251107.pgn

No:  B/W 1/2     W:B       1:2           Time        Value Moves Dep 1:2       1-2-Draws
   5 B 2    1.5:0.5        0.5:4.5       4:41:08 AM   -12.02    47 3.152 :3.370  0-4-1

--------------------------------------------------------------

Engine-Match Friday, November 7, 2025 4:41:10 AM
 Blitz 1/1 

Pairing 21/21 :    MaterialOpponent  -  RandomOpponent

PGN-File: C:\Program Files (x86)\Arena\Tournaments\Engine Battle 20251107.pgn

No:  B/W 1/2     W:B       1:2           Time        Value Moves Dep 1:2       1-2-Draws
   5 W 1    1.0:0.0        5.0:0.0       4:42:01 AM  +299.99    39 6.000 :0 5-0-0

--------------------------------------------------------------

Engine-Match Friday, November 7, 2025 4:42:03 AM
 Blitz 1/1 

Pairing 1/21 :    C0BR4_v3.1  -  SlowMate_v3.1

PGN-File: C:\Program Files (x86)\Arena\Tournaments\Engine Battle 20251107.pgn

No:  B/W 1/2     W:B       1:2           Time        Value Moves Dep 1:2       1-2-Draws
   6 W 2    1.5:0.5        3.5:2.5       4:43:06 AM  +156.95    19 3.941 :3.105  3-2-1

--------------------------------------------------------------

Engine-Match Friday, November 7, 2025 4:43:07 AM
 Blitz 1/1 

Pairing 2/21 :    RandomOpponent  -  V7P3R_v14.0

PGN-File: C:\Program Files (x86)\Arena\Tournaments\Engine Battle 20251107.pgn

No:  B/W 1/2     W:B       1:2           Time        Value Moves Dep 1:2       1-2-Draws
   6 W 2    1.0:0.0        0.0:6.0       4:43:29 AM     0.00     8 0:3.714  0-6-0

--------------------------------------------------------------

Engine-Match Friday, November 7, 2025 4:43:30 AM
 Blitz 1/1 

Pairing 3/21 :    V7P3R_v14.1  -  MaterialOpponent

PGN-File: C:\Program Files (x86)\Arena\Tournaments\Engine Battle 20251107.pgn

No:  B/W 1/2     W:B       1:2           Time        Value Moves Dep 1:2       1-2-Draws
   6 W 2    2.5:1.5        3.5:2.5       4:46:19 AM   +11.76    56 3.178 :6.000  2-1-3

--------------------------------------------------------------

Engine-Match Friday, November 7, 2025 4:46:20 AM
 Blitz 1/1 

Pairing 4/21 :    Stockfish 1%  -  RandomOpponent

PGN-File: C:\Program Files (x86)\Arena\Tournaments\Engine Battle 20251107.pgn

No:  B/W 1/2     W:B       1:2           Time        Value Moves Dep 1:2       1-2-Draws
   6 B 1    1.0:0.0        6.0:0.0       4:46:48 AM      -M1    37 6.500 :0 6-0-0

--------------------------------------------------------------

Engine-Match Friday, November 7, 2025 4:46:50 AM
 Blitz 1/1 

Pairing 5/21 :    MaterialOpponent  -  C0BR4_v3.1

PGN-File: C:\Program Files (x86)\Arena\Tournaments\Engine Battle 20251107.pgn

No:  B/W 1/2     W:B       1:2           Time        Value Moves Dep 1:2       1-2-Draws
   6 = =    3.0:3.0        3.0:3.0       4:47:21 AM    -3.25    15 6.000 :4.000  0-0-6

--------------------------------------------------------------

Engine-Match Friday, November 7, 2025 4:47:22 AM
 Blitz 1/1 

Pairing 6/21 :    V7P3R_v14.0  -  V7P3R_v14.1

PGN-File: C:\Program Files (x86)\Arena\Tournaments\Engine Battle 20251107.pgn

No:  B/W 1/2     W:B       1:2           Time        Value Moves Dep 1:2       1-2-Draws
   6 W 2    1.5:0.5        2.5:3.5       4:51:31 AM     0.00    90 3.261 :3.174  2-3-1

--------------------------------------------------------------

Engine-Match Friday, November 7, 2025 4:51:33 AM
 Blitz 1/1 

Pairing 7/21 :    SlowMate_v3.1  -  MaterialOpponent

PGN-File: C:\Program Files (x86)\Arena\Tournaments\Engine Battle 20251107.pgn

No:  B/W 1/2     W:B       1:2           Time        Value Moves Dep 1:2       1-2-Draws
   6 = =    1.5:1.5        1.5:4.5       4:53:43 AM    -1.80    33 2.656 :6.000  0-3-3

--------------------------------------------------------------

Engine-Match Friday, November 7, 2025 4:53:45 AM
 Blitz 1/1 

Pairing 8/21 :    V7P3R_v14.1  -  Stockfish 1%

PGN-File: C:\Program Files (x86)\Arena\Tournaments\Engine Battle 20251107.pgn

No:  B/W 1/2     W:B       1:2           Time        Value Moves Dep 1:2       1-2-Draws
   6 W 2    1.0:0.0        0.0:6.0       4:54:20 AM      +M1    16 3.071 :8.000  0-6-0

--------------------------------------------------------------

Engine-Match Friday, November 7, 2025 4:54:21 AM
 Blitz 1/1 

Pairing 9/21 :    C0BR4_v3.1  -  V7P3R_v14.0

PGN-File: C:\Program Files (x86)\Arena\Tournaments\Engine Battle 20251107.pgn

No:  B/W 1/2     W:B       1:2           Time        Value Moves Dep 1:2       1-2-Draws
   6 = =    0.5:0.5        4.5:1.5       4:57:04 AM    +2.34    72 4.000 :3.571  4-1-1

--------------------------------------------------------------

Engine-Match Friday, November 7, 2025 4:57:06 AM
 Blitz 1/1 

Pairing 10/21 :    RandomOpponent  -  V7P3R_v14.1

PGN-File: C:\Program Files (x86)\Arena\Tournaments\Engine Battle 20251107.pgn

No:  B/W 1/2     W:B       1:2           Time        Value Moves Dep 1:2       1-2-Draws
   6 W 2    1.0:0.0        0.0:6.0       4:57:44 AM     0.00    18 0:3.412  0-6-0

--------------------------------------------------------------

Engine-Match Friday, November 7, 2025 4:57:45 AM
 Blitz 1/1 

Pairing 11/21 :    V7P3R_v14.0  -  SlowMate_v3.1

PGN-File: C:\Program Files (x86)\Arena\Tournaments\Engine Battle 20251107.pgn

No:  B/W 1/2     W:B       1:2           Time        Value Moves Dep 1:2       1-2-Draws
   6 B 1    1.0:0.0        6.0:0.0       4:59:39 AM     0.00    23 3.250 :3.000  6-0-0

--------------------------------------------------------------

Engine-Match Friday, November 7, 2025 4:59:40 AM
 Blitz 1/1 

Pairing 12/21 :    Stockfish 1%  -  C0BR4_v3.1

PGN-File: C:\Program Files (x86)\Arena\Tournaments\Engine Battle 20251107.pgn

No:  B/W 1/2     W:B       1:2           Time        Value Moves Dep 1:2       1-2-Draws
   6 B 1    2.0:1.0        5.0:1.0       5:02:11 AM    -9.13   198 7.000 :4.000  4-0-2

--------------------------------------------------------------

Engine-Match Friday, November 7, 2025 5:02:12 AM
 Blitz 1/1 

Pairing 13/21 :    MaterialOpponent  -  V7P3R_v14.0

PGN-File: C:\Program Files (x86)\Arena\Tournaments\Engine Battle 20251107.pgn

No:  B/W 1/2     W:B       1:2           Time        Value Moves Dep 1:2       1-2-Draws
   6 B 1    1.5:0.5        5.5:0.5       5:06:42 AM   -29.79    86 6.000 :3.157  5-0-1

--------------------------------------------------------------

Engine-Match Friday, November 7, 2025 5:06:43 AM
 Blitz 1/1 

Pairing 14/21 :    C0BR4_v3.1  -  RandomOpponent

PGN-File: C:\Program Files (x86)\Arena\Tournaments\Engine Battle 20251107.pgn

No:  B/W 1/2     W:B       1:2           Time        Value Moves Dep 1:2       1-2-Draws
   6 B 1    1.0:0.0        6.0:0.0       5:07:03 AM  -299.97     9 3.714 :0 6-0-0

--------------------------------------------------------------

Engine-Match Friday, November 7, 2025 5:07:04 AM
 Blitz 1/1 

Pairing 15/21 :    SlowMate_v3.1  -  Stockfish 1%

PGN-File: C:\Program Files (x86)\Arena\Tournaments\Engine Battle 20251107.pgn

No:  B/W 1/2     W:B       1:2           Time        Value Moves Dep 1:2       1-2-Draws
   6 W 2    1.0:0.0        0.0:6.0       5:08:01 AM      +M1    21 2.900 :6.667  0-6-0

--------------------------------------------------------------

Engine-Match Friday, November 7, 2025 5:08:08 AM
 Blitz 1/1 

Pairing 16/21 :    V7P3R_v14.1  -  C0BR4_v3.1

PGN-File: C:\Program Files (x86)\Arena\Tournaments\Engine Battle 20251107.pgn

No:  B/W 1/2     W:B       1:2           Time        Value Moves Dep 1:2       1-2-Draws
   6 W 2    2.0:1.0        2.0:4.0       5:09:10 AM   +42.58    28 3.333 :4.000  1-3-2

--------------------------------------------------------------

Engine-Match Friday, November 7, 2025 5:09:12 AM
 Blitz 1/1 

Pairing 17/21 :    Stockfish 1%  -  MaterialOpponent

PGN-File: C:\Program Files (x86)\Arena\Tournaments\Engine Battle 20251107.pgn

No:  B/W 1/2     W:B       1:2           Time        Value Moves Dep 1:2       1-2-Draws
   6 = =    0.5:0.5        5.5:0.5       5:11:20 AM    +0.80    92 8.000 :6.000  5-0-1

--------------------------------------------------------------

Engine-Match Friday, November 7, 2025 5:11:21 AM
 Blitz 1/1 

Pairing 18/21 :    RandomOpponent  -  SlowMate_v3.1

PGN-File: C:\Program Files (x86)\Arena\Tournaments\Engine Battle 20251107.pgn

No:  B/W 1/2     W:B       1:2           Time        Value Moves Dep 1:2       1-2-Draws
   6 W 2    2.0:1.0        1.0:5.0       5:12:39 AM  +164.93    31 0:3.194  0-4-2

--------------------------------------------------------------

Engine-Match Friday, November 7, 2025 5:12:40 AM
 Blitz 1/1 

Pairing 19/21 :    V7P3R_v14.0  -  Stockfish 1%

PGN-File: C:\Program Files (x86)\Arena\Tournaments\Engine Battle 20251107.pgn

No:  B/W 1/2     W:B       1:2           Time        Value Moves Dep 1:2       1-2-Draws
   6 W 2    1.0:0.0        0.0:6.0       5:13:59 AM      +M1    30 3.720 :6.500  0-6-0

--------------------------------------------------------------

Engine-Match Friday, November 7, 2025 5:14:01 AM
 Blitz 1/1 

Pairing 20/21 :    SlowMate_v3.1  -  V7P3R_v14.1

PGN-File: C:\Program Files (x86)\Arena\Tournaments\Engine Battle 20251107.pgn

No:  B/W 1/2     W:B       1:2           Time        Value Moves Dep 1:2       1-2-Draws
   6 W 2    1.5:0.5        0.5:5.5       5:17:17 AM   +11.38    59 3.182 :3.368  0-5-1

--------------------------------------------------------------

Engine-Match Friday, November 7, 2025 5:17:18 AM
 Blitz 1/1 

Pairing 21/21 :    MaterialOpponent  -  RandomOpponent

PGN-File: C:\Program Files (x86)\Arena\Tournaments\Engine Battle 20251107.pgn

No:  B/W 1/2     W:B       1:2           Time        Value Moves Dep 1:2       1-2-Draws
   6 B 1    1.0:0.0        6.0:0.0       5:18:08 AM  -299.99    39 6.000 :0 6-0-0

--------------------------------------------------------------

Engine-Match Friday, November 7, 2025 5:18:10 AM
 Blitz 1/1 

Pairing 1/21 :    C0BR4_v3.1  -  SlowMate_v3.1

PGN-File: C:\Program Files (x86)\Arena\Tournaments\Engine Battle 20251107.pgn

No:  B/W 1/2     W:B       1:2           Time        Value Moves Dep 1:2       1-2-Draws
   7 W 1    1.5:0.5        4.5:2.5       5:19:00 AM  +299.97    13 4.000 :3.083  4-2-1

--------------------------------------------------------------

Engine-Match Friday, November 7, 2025 5:19:01 AM
 Blitz 1/1 

Pairing 2/21 :    RandomOpponent  -  V7P3R_v14.0

PGN-File: C:\Program Files (x86)\Arena\Tournaments\Engine Battle 20251107.pgn

No:  B/W 1/2     W:B       1:2           Time        Value Moves Dep 1:2       1-2-Draws
   7 B 2    1.0:0.0        0.0:7.0       5:19:57 AM     0.00    25 0:3.722  0-7-0

--------------------------------------------------------------

Engine-Match Friday, November 7, 2025 5:19:58 AM
 Blitz 1/1 

Pairing 3/21 :    V7P3R_v14.1  -  MaterialOpponent

PGN-File: C:\Program Files (x86)\Arena\Tournaments\Engine Battle 20251107.pgn

No:  B/W 1/2     W:B       1:2           Time        Value Moves Dep 1:2       1-2-Draws
   7 = =    2.0:2.0        4.0:3.0       5:21:54 AM    +3.50    27 3.000 :6.000  2-1-4

--------------------------------------------------------------

Engine-Match Friday, November 7, 2025 5:21:55 AM
 Blitz 1/1 

Pairing 4/21 :    Stockfish 1%  -  RandomOpponent

PGN-File: C:\Program Files (x86)\Arena\Tournaments\Engine Battle 20251107.pgn

No:  B/W 1/2     W:B       1:2           Time        Value Moves Dep 1:2       1-2-Draws
   7 W 1    1.0:0.0        7.0:0.0       5:22:16 AM      +M1    17 4.667 :0 7-0-0

--------------------------------------------------------------

Engine-Match Friday, November 7, 2025 5:22:17 AM
 Blitz 1/1 

Pairing 5/21 :    MaterialOpponent  -  C0BR4_v3.1

PGN-File: C:\Program Files (x86)\Arena\Tournaments\Engine Battle 20251107.pgn

No:  B/W 1/2     W:B       1:2           Time        Value Moves Dep 1:2       1-2-Draws
   7 B 2    4.0:3.0        3.0:4.0       5:23:08 AM  -299.97    21 6.000 :3.895  0-1-6

--------------------------------------------------------------

Engine-Match Friday, November 7, 2025 5:23:10 AM
 Blitz 1/1 

Pairing 6/21 :    V7P3R_v14.0  -  V7P3R_v14.1

PGN-File: C:\Program Files (x86)\Arena\Tournaments\Engine Battle 20251107.pgn

No:  B/W 1/2     W:B       1:2           Time        Value Moves Dep 1:2       1-2-Draws
   7 W 1    1.5:0.5        3.5:3.5       5:26:46 AM     0.00    84 3.567 :3.135  3-3-1

--------------------------------------------------------------

Engine-Match Friday, November 7, 2025 5:26:47 AM
 Blitz 1/1 

Pairing 7/21 :    SlowMate_v3.1  -  MaterialOpponent

PGN-File: C:\Program Files (x86)\Arena\Tournaments\Engine Battle 20251107.pgn

No:  B/W 1/2     W:B       1:2           Time        Value Moves Dep 1:2       1-2-Draws
   7 B 2    2.5:1.5        1.5:5.5       5:28:43 AM  -143.30    33 2.880 :6.000  0-4-3

--------------------------------------------------------------

Engine-Match Friday, November 7, 2025 5:28:45 AM
 Blitz 1/1 

Pairing 8/21 :    V7P3R_v14.1  -  Stockfish 1%

PGN-File: C:\Program Files (x86)\Arena\Tournaments\Engine Battle 20251107.pgn

No:  B/W 1/2     W:B       1:2           Time        Value Moves Dep 1:2       1-2-Draws
   7 B 2    1.0:0.0        0.0:7.0       5:30:05 AM      -M1    45 3.240 :6.500  0-7-0

--------------------------------------------------------------

Engine-Match Friday, November 7, 2025 5:30:06 AM
 Blitz 1/1 

Pairing 9/21 :    C0BR4_v3.1  -  V7P3R_v14.0

PGN-File: C:\Program Files (x86)\Arena\Tournaments\Engine Battle 20251107.pgn

No:  B/W 1/2     W:B       1:2           Time        Value Moves Dep 1:2       1-2-Draws
   7 = =    1.0:1.0        5.0:2.0       5:32:05 AM    -8.41    49 4.000 :3.750  4-1-2

--------------------------------------------------------------

Engine-Match Friday, November 7, 2025 5:32:06 AM
 Blitz 1/1 

Pairing 10/21 :    RandomOpponent  -  V7P3R_v14.1

PGN-File: C:\Program Files (x86)\Arena\Tournaments\Engine Battle 20251107.pgn

No:  B/W 1/2     W:B       1:2           Time        Value Moves Dep 1:2       1-2-Draws
   7 B 2    1.0:0.0        0.0:7.0       5:32:22 AM  -289.96     7 0:3.000  0-7-0

--------------------------------------------------------------

Engine-Match Friday, November 7, 2025 5:32:24 AM
 Blitz 1/1 

Pairing 11/21 :    V7P3R_v14.0  -  SlowMate_v3.1

PGN-File: C:\Program Files (x86)\Arena\Tournaments\Engine Battle 20251107.pgn

No:  B/W 1/2     W:B       1:2           Time        Value Moves Dep 1:2       1-2-Draws
   7 W 1    1.0:0.0        7.0:0.0       5:34:35 AM     0.00    27 3.455 :2.808  7-0-0

--------------------------------------------------------------

Engine-Match Friday, November 7, 2025 5:34:37 AM
 Blitz 1/1 

Pairing 12/21 :    Stockfish 1%  -  C0BR4_v3.1

PGN-File: C:\Program Files (x86)\Arena\Tournaments\Engine Battle 20251107.pgn

No:  B/W 1/2     W:B       1:2           Time        Value Moves Dep 1:2       1-2-Draws
   7 W 1    2.0:1.0        6.0:1.0       5:35:17 AM   +18.88    56 7.000 :4.000  5-0-2

--------------------------------------------------------------

Engine-Match Friday, November 7, 2025 5:35:18 AM
 Blitz 1/1 

Pairing 13/21 :    MaterialOpponent  -  V7P3R_v14.0

PGN-File: C:\Program Files (x86)\Arena\Tournaments\Engine Battle 20251107.pgn

No:  B/W 1/2     W:B       1:2           Time        Value Moves Dep 1:2       1-2-Draws
   7 W 1    1.5:0.5        6.5:0.5       5:37:18 AM   +12.83    30 6.000 :3.333  6-0-1

--------------------------------------------------------------

Engine-Match Friday, November 7, 2025 5:37:20 AM
 Blitz 1/1 

Pairing 14/21 :    C0BR4_v3.1  -  RandomOpponent

PGN-File: C:\Program Files (x86)\Arena\Tournaments\Engine Battle 20251107.pgn

No:  B/W 1/2     W:B       1:2           Time        Value Moves Dep 1:2       1-2-Draws
   7 W 1    1.0:0.0        7.0:0.0       5:37:50 AM  +299.97    27 4.000 :0 7-0-0

--------------------------------------------------------------

Engine-Match Friday, November 7, 2025 5:38:01 AM
 Blitz 1/1 

Pairing 15/21 :    SlowMate_v3.1  -  Stockfish 1%

PGN-File: C:\Program Files (x86)\Arena\Tournaments\Engine Battle 20251107.pgn

No:  B/W 1/2     W:B       1:2           Time        Value Moves Dep 1:2       1-2-Draws
   7 B 2    1.0:0.0        0.0:7.0       5:39:40 AM      -M1    45 2.822 :7.333  0-7-0

--------------------------------------------------------------

Engine-Match Friday, November 7, 2025 5:39:42 AM
 Blitz 1/1 

Pairing 16/21 :    V7P3R_v14.1  -  C0BR4_v3.1

PGN-File: C:\Program Files (x86)\Arena\Tournaments\Engine Battle 20251107.pgn

No:  B/W 1/2     W:B       1:2           Time        Value Moves Dep 1:2       1-2-Draws
   7 = =    1.5:1.5        2.5:4.5       5:41:01 AM    -0.95    37 3.368 :4.000  1-3-3

--------------------------------------------------------------

Engine-Match Friday, November 7, 2025 5:41:02 AM
 Blitz 1/1 

Pairing 17/21 :    Stockfish 1%  -  MaterialOpponent

PGN-File: C:\Program Files (x86)\Arena\Tournaments\Engine Battle 20251107.pgn

No:  B/W 1/2     W:B       1:2           Time        Value Moves Dep 1:2       1-2-Draws
   7 = =    1.0:1.0        6.0:1.0       5:43:49 AM     0.00   193 6.000 :6.000  5-0-2

--------------------------------------------------------------

Engine-Match Friday, November 7, 2025 5:43:50 AM
 Blitz 1/1 

Pairing 18/21 :    RandomOpponent  -  SlowMate_v3.1

PGN-File: C:\Program Files (x86)\Arena\Tournaments\Engine Battle 20251107.pgn

No:  B/W 1/2     W:B       1:2           Time        Value Moves Dep 1:2       1-2-Draws
   7 = =    1.5:1.5        1.5:5.5       5:45:34 AM  -200.00    45 0:3.022  0-4-3

--------------------------------------------------------------

Engine-Match Friday, November 7, 2025 5:45:35 AM
 Blitz 1/1 

Pairing 19/21 :    V7P3R_v14.0  -  Stockfish 1%

PGN-File: C:\Program Files (x86)\Arena\Tournaments\Engine Battle 20251107.pgn

No:  B/W 1/2     W:B       1:2           Time        Value Moves Dep 1:2       1-2-Draws
   7 B 2    1.0:0.0        0.0:7.0       5:47:15 AM   -16.73    40 3.652 :6.667  0-7-0

--------------------------------------------------------------

Engine-Match Friday, November 7, 2025 5:47:16 AM
 Blitz 1/1 

Pairing 20/21 :    SlowMate_v3.1  -  V7P3R_v14.1

PGN-File: C:\Program Files (x86)\Arena\Tournaments\Engine Battle 20251107.pgn

No:  B/W 1/2     W:B       1:2           Time        Value Moves Dep 1:2       1-2-Draws
   7 B 2    1.5:0.5        0.5:6.5       5:50:05 AM   -12.02    47 3.152 :3.407  0-6-1

--------------------------------------------------------------

Engine-Match Friday, November 7, 2025 5:50:06 AM
 Blitz 1/1 

Pairing 21/21 :    MaterialOpponent  -  RandomOpponent

PGN-File: C:\Program Files (x86)\Arena\Tournaments\Engine Battle 20251107.pgn

No:  B/W 1/2     W:B       1:2           Time        Value Moves Dep 1:2       1-2-Draws
   7 W 1    1.0:0.0        7.0:0.0       5:51:00 AM  +299.99    40 6.000 :0 7-0-0

--------------------------------------------------------------

Engine-Match Friday, November 7, 2025 5:51:02 AM
 Blitz 1/1 

Pairing 1/21 :    C0BR4_v3.1  -  SlowMate_v3.1

PGN-File: C:\Program Files (x86)\Arena\Tournaments\Engine Battle 20251107.pgn

No:  B/W 1/2     W:B       1:2           Time        Value Moves Dep 1:2       1-2-Draws
   8 = =    1.0:1.0        5.0:3.0       5:52:49 AM    -5.10    35 4.000 :3.000  4-2-2

--------------------------------------------------------------

Engine-Match Friday, November 7, 2025 5:52:51 AM
 Blitz 1/1 

Pairing 2/21 :    RandomOpponent  -  V7P3R_v14.0

PGN-File: C:\Program Files (x86)\Arena\Tournaments\Engine Battle 20251107.pgn

No:  B/W 1/2     W:B       1:2           Time        Value Moves Dep 1:2       1-2-Draws
   8 W 2    1.0:0.0        0.0:8.0       5:54:05 AM  +289.96    31 0:3.667  0-8-0

--------------------------------------------------------------

Engine-Match Friday, November 7, 2025 5:54:07 AM
 Blitz 1/1 

Pairing 3/21 :    V7P3R_v14.1  -  MaterialOpponent

PGN-File: C:\Program Files (x86)\Arena\Tournaments\Engine Battle 20251107.pgn

No:  B/W 1/2     W:B       1:2           Time        Value Moves Dep 1:2       1-2-Draws
   8 B 1    3.0:2.0        5.0:3.0       5:56:33 AM  -299.94    44 3.023 :6.000  3-1-4

--------------------------------------------------------------

Engine-Match Friday, November 7, 2025 5:56:34 AM
 Blitz 1/1 

Pairing 4/21 :    Stockfish 1%  -  RandomOpponent

PGN-File: C:\Program Files (x86)\Arena\Tournaments\Engine Battle 20251107.pgn

No:  B/W 1/2     W:B       1:2           Time        Value Moves Dep 1:2       1-2-Draws
   8 B 1    1.0:0.0        8.0:0.0       5:57:10 AM      -M1    57 7.000 :0 8-0-0

--------------------------------------------------------------

Engine-Match Friday, November 7, 2025 5:57:11 AM
 Blitz 1/1 

Pairing 5/21 :    MaterialOpponent  -  C0BR4_v3.1

PGN-File: C:\Program Files (x86)\Arena\Tournaments\Engine Battle 20251107.pgn

No:  B/W 1/2     W:B       1:2           Time        Value Moves Dep 1:2       1-2-Draws
   8 = =    3.5:3.5        3.5:4.5       5:57:43 AM    -3.25    15 6.000 :4.000  0-1-7

--------------------------------------------------------------

Engine-Match Friday, November 7, 2025 5:57:44 AM
 Blitz 1/1 

Pairing 6/21 :    V7P3R_v14.0  -  V7P3R_v14.1

PGN-File: C:\Program Files (x86)\Arena\Tournaments\Engine Battle 20251107.pgn

No:  B/W 1/2     W:B       1:2           Time        Value Moves Dep 1:2       1-2-Draws
   8 = =    1.0:1.0        4.0:4.0       6:00:36 AM    +0.85    55 3.250 :3.125  3-3-2

--------------------------------------------------------------

Engine-Match Friday, November 7, 2025 6:00:37 AM
 Blitz 1/1 

Pairing 7/21 :    SlowMate_v3.1  -  MaterialOpponent

PGN-File: C:\Program Files (x86)\Arena\Tournaments\Engine Battle 20251107.pgn

No:  B/W 1/2     W:B       1:2           Time        Value Moves Dep 1:2       1-2-Draws
   8 = =    2.0:2.0        2.0:6.0       6:01:37 AM    -3.77    14 2.643 :6.000  0-4-4

--------------------------------------------------------------

Engine-Match Friday, November 7, 2025 6:01:39 AM
 Blitz 1/1 

Pairing 8/21 :    V7P3R_v14.1  -  Stockfish 1%

PGN-File: C:\Program Files (x86)\Arena\Tournaments\Engine Battle 20251107.pgn

No:  B/W 1/2     W:B       1:2           Time        Value Moves Dep 1:2       1-2-Draws
   8 W 2    1.0:0.0        0.0:8.0       6:02:35 AM      +M1    25 3.136 :7.000  0-8-0

--------------------------------------------------------------

Engine-Match Friday, November 7, 2025 6:02:36 AM
 Blitz 1/1 

Pairing 9/21 :    C0BR4_v3.1  -  V7P3R_v14.0

PGN-File: C:\Program Files (x86)\Arena\Tournaments\Engine Battle 20251107.pgn

No:  B/W 1/2     W:B       1:2           Time        Value Moves Dep 1:2       1-2-Draws
   8 = =    1.5:1.5        5.5:2.5       6:03:40 AM    -1.98    25 4.000 :3.813  4-1-3

--------------------------------------------------------------

Engine-Match Friday, November 7, 2025 6:03:41 AM
 Blitz 1/1 

Pairing 10/21 :    RandomOpponent  -  V7P3R_v14.1

PGN-File: C:\Program Files (x86)\Arena\Tournaments\Engine Battle 20251107.pgn

No:  B/W 1/2     W:B       1:2           Time        Value Moves Dep 1:2       1-2-Draws
   8 = =    0.5:0.5        0.5:7.5       6:04:14 AM     0.00    17 0:3.267  0-7-1

--------------------------------------------------------------

Engine-Match Friday, November 7, 2025 6:04:15 AM
 Blitz 1/1 

Pairing 11/21 :    V7P3R_v14.0  -  SlowMate_v3.1

PGN-File: C:\Program Files (x86)\Arena\Tournaments\Engine Battle 20251107.pgn

No:  B/W 1/2     W:B       1:2           Time        Value Moves Dep 1:2       1-2-Draws
   8 B 1    1.0:0.0        8.0:0.0       6:06:21 AM     0.00    27 3.778 :3.407  8-0-0

--------------------------------------------------------------

Engine-Match Friday, November 7, 2025 6:06:22 AM
 Blitz 1/1 

Pairing 12/21 :    Stockfish 1%  -  C0BR4_v3.1

PGN-File: C:\Program Files (x86)\Arena\Tournaments\Engine Battle 20251107.pgn

No:  B/W 1/2     W:B       1:2           Time        Value Moves Dep 1:2       1-2-Draws
   8 B 1    2.0:1.0        7.0:1.0       6:06:49 AM      -M1    26 7.000 :3.958  6-0-2

--------------------------------------------------------------

Engine-Match Friday, November 7, 2025 6:06:50 AM
 Blitz 1/1 

Pairing 13/21 :    MaterialOpponent  -  V7P3R_v14.0

PGN-File: C:\Program Files (x86)\Arena\Tournaments\Engine Battle 20251107.pgn

No:  B/W 1/2     W:B       1:2           Time        Value Moves Dep 1:2       1-2-Draws
   8 = =    1.0:1.0        7.0:1.0       6:10:45 AM     0.00    65 6.000 :3.137  6-0-2

--------------------------------------------------------------

Engine-Match Friday, November 7, 2025 6:11:01 AM
 Blitz 1/1 

Pairing 14/21 :    C0BR4_v3.1  -  RandomOpponent

PGN-File: C:\Program Files (x86)\Arena\Tournaments\Engine Battle 20251107.pgn

No:  B/W 1/2     W:B       1:2           Time        Value Moves Dep 1:2       1-2-Draws
   8 B 1    1.0:0.0        8.0:0.0       6:11:14 AM  -299.97    17 3.867 :0 8-0-0

--------------------------------------------------------------

Engine-Match Friday, November 7, 2025 6:11:16 AM
 Blitz 1/1 

Pairing 15/21 :    SlowMate_v3.1  -  Stockfish 1%

PGN-File: C:\Program Files (x86)\Arena\Tournaments\Engine Battle 20251107.pgn

No:  B/W 1/2     W:B       1:2           Time        Value Moves Dep 1:2       1-2-Draws
   8 W 2    1.0:0.0        0.0:8.0       6:15:38 AM    +9.37   147 2.667 :7.000  0-8-0

--------------------------------------------------------------

Engine-Match Friday, November 7, 2025 6:15:39 AM
 Blitz 1/1 

Pairing 16/21 :    V7P3R_v14.1  -  C0BR4_v3.1

PGN-File: C:\Program Files (x86)\Arena\Tournaments\Engine Battle 20251107.pgn

No:  B/W 1/2     W:B       1:2           Time        Value Moves Dep 1:2       1-2-Draws
   8 W 2    2.5:1.5        2.5:5.5       6:16:39 AM   +42.58    28 3.292 :4.000  1-4-3

--------------------------------------------------------------

Engine-Match Friday, November 7, 2025 6:16:40 AM
 Blitz 1/1 

Pairing 17/21 :    Stockfish 1%  -  MaterialOpponent

PGN-File: C:\Program Files (x86)\Arena\Tournaments\Engine Battle 20251107.pgn

No:  B/W 1/2     W:B       1:2           Time        Value Moves Dep 1:2       1-2-Draws
   8 W 2    2.0:1.0        6.0:2.0       6:18:09 AM  +299.99    48 7.000 :6.000  5-1-2

--------------------------------------------------------------

Engine-Match Friday, November 7, 2025 6:18:10 AM
 Blitz 1/1 

Pairing 18/21 :    RandomOpponent  -  SlowMate_v3.1

PGN-File: C:\Program Files (x86)\Arena\Tournaments\Engine Battle 20251107.pgn

No:  B/W 1/2     W:B       1:2           Time        Value Moves Dep 1:2       1-2-Draws
   8 W 2    2.5:1.5        1.5:6.5       6:20:00 AM  +197.06    48 0:3.063  0-5-3

--------------------------------------------------------------

Engine-Match Friday, November 7, 2025 6:20:01 AM
 Blitz 1/1 

Pairing 19/21 :    V7P3R_v14.0  -  Stockfish 1%

PGN-File: C:\Program Files (x86)\Arena\Tournaments\Engine Battle 20251107.pgn

No:  B/W 1/2     W:B       1:2           Time        Value Moves Dep 1:2       1-2-Draws
   8 = =    0.5:0.5        0.5:7.5       6:21:11 AM   -18.20    27 3.762 :5.500  0-7-1

--------------------------------------------------------------

Engine-Match Friday, November 7, 2025 6:21:12 AM
 Blitz 1/1 

Pairing 20/21 :    SlowMate_v3.1  -  V7P3R_v14.1

PGN-File: C:\Program Files (x86)\Arena\Tournaments\Engine Battle 20251107.pgn

No:  B/W 1/2     W:B       1:2           Time        Value Moves Dep 1:2       1-2-Draws
   8 W 2    1.5:0.5        0.5:7.5       6:24:39 AM  +289.99    63 3.182 :3.368  0-7-1

--------------------------------------------------------------

Engine-Match Friday, November 7, 2025 6:24:41 AM
 Blitz 1/1 

Pairing 21/21 :    MaterialOpponent  -  RandomOpponent

PGN-File: C:\Program Files (x86)\Arena\Tournaments\Engine Battle 20251107.pgn

No:  B/W 1/2     W:B       1:2           Time        Value Moves Dep 1:2       1-2-Draws
   8 B 1    1.0:0.0        8.0:0.0       6:25:22 AM  -299.99    21 6.000 :0 8-0-0

--------------------------------------------------------------

Engine-Match Friday, November 7, 2025 6:25:23 AM
 Blitz 1/1 

Pairing 1/21 :    C0BR4_v3.1  -  SlowMate_v3.1

PGN-File: C:\Program Files (x86)\Arena\Tournaments\Engine Battle 20251107.pgn

No:  B/W 1/2     W:B       1:2           Time        Value Moves Dep 1:2       1-2-Draws
   9 W 1    2.0:1.0        6.0:3.0       6:26:27 AM  +299.97    18 4.000 :3.059  5-2-2

--------------------------------------------------------------

Engine-Match Friday, November 7, 2025 6:26:29 AM
 Blitz 1/1 

Pairing 2/21 :    RandomOpponent  -  V7P3R_v14.0

PGN-File: C:\Program Files (x86)\Arena\Tournaments\Engine Battle 20251107.pgn

No:  B/W 1/2     W:B       1:2           Time        Value Moves Dep 1:2       1-2-Draws
   9 B 2    1.0:0.0        0.0:9.0       6:26:59 AM  -289.97    14 0:3.667  0-9-0

--------------------------------------------------------------

Engine-Match Friday, November 7, 2025 6:27:00 AM
 Blitz 1/1 

Pairing 3/21 :    V7P3R_v14.1  -  MaterialOpponent

PGN-File: C:\Program Files (x86)\Arena\Tournaments\Engine Battle 20251107.pgn

No:  B/W 1/2     W:B       1:2           Time        Value Moves Dep 1:2       1-2-Draws
   9 = =    2.5:2.5        5.5:3.5       6:30:12 AM    -2.30    47 2.851 :6.000  3-1-5

--------------------------------------------------------------

Engine-Match Friday, November 7, 2025 6:30:14 AM
 Blitz 1/1 

Pairing 4/21 :    Stockfish 1%  -  RandomOpponent

PGN-File: C:\Program Files (x86)\Arena\Tournaments\Engine Battle 20251107.pgn

No:  B/W 1/2     W:B       1:2           Time        Value Moves Dep 1:2       1-2-Draws
   9 W 1    1.0:0.0        9.0:0.0       6:30:44 AM      +M1    43 6.000 :0 9-0-0

--------------------------------------------------------------

Engine-Match Friday, November 7, 2025 6:30:45 AM
 Blitz 1/1 

Pairing 5/21 :    MaterialOpponent  -  C0BR4_v3.1

PGN-File: C:\Program Files (x86)\Arena\Tournaments\Engine Battle 20251107.pgn

No:  B/W 1/2     W:B       1:2           Time        Value Moves Dep 1:2       1-2-Draws
   9 B 2    4.5:3.5        3.5:5.5       6:31:39 AM  -299.97    26 6.000 :3.917  0-2-7

--------------------------------------------------------------

Engine-Match Friday, November 7, 2025 6:31:41 AM
 Blitz 1/1 

Pairing 6/21 :    V7P3R_v14.0  -  V7P3R_v14.1

PGN-File: C:\Program Files (x86)\Arena\Tournaments\Engine Battle 20251107.pgn

No:  B/W 1/2     W:B       1:2           Time        Value Moves Dep 1:2       1-2-Draws
   9 B 2    2.0:1.0        4.0:5.0       6:34:41 AM     0.00    49 3.467 :3.079  3-4-2

--------------------------------------------------------------

Engine-Match Friday, November 7, 2025 6:34:42 AM
 Blitz 1/1 

Pairing 7/21 :    SlowMate_v3.1  -  MaterialOpponent

PGN-File: C:\Program Files (x86)\Arena\Tournaments\Engine Battle 20251107.pgn

No:  B/W 1/2     W:B       1:2           Time        Value Moves Dep 1:2       1-2-Draws
   9 B 2    3.0:2.0        2.0:7.0       6:36:38 AM  -143.30    33 2.880 :6.000  0-5-4

--------------------------------------------------------------

Engine-Match Friday, November 7, 2025 6:36:39 AM
 Blitz 1/1 

Pairing 8/21 :    V7P3R_v14.1  -  Stockfish 1%

PGN-File: C:\Program Files (x86)\Arena\Tournaments\Engine Battle 20251107.pgn

No:  B/W 1/2     W:B       1:2           Time        Value Moves Dep 1:2       1-2-Draws
   9 B 2    1.0:0.0        0.0:9.0       6:37:19 AM      -M1    19 2.833 :4.500  0-9-0

--------------------------------------------------------------

Engine-Match Friday, November 7, 2025 6:37:20 AM
 Blitz 1/1 

Pairing 9/21 :    C0BR4_v3.1  -  V7P3R_v14.0

PGN-File: C:\Program Files (x86)\Arena\Tournaments\Engine Battle 20251107.pgn

No:  B/W 1/2     W:B       1:2           Time        Value Moves Dep 1:2       1-2-Draws
   9 = =    2.0:2.0        6.0:3.0       6:39:19 AM    -8.41    49 4.000 :3.750  4-1-4

--------------------------------------------------------------

Engine-Match Friday, November 7, 2025 6:39:20 AM
 Blitz 1/1 

Pairing 10/21 :    RandomOpponent  -  V7P3R_v14.1

PGN-File: C:\Program Files (x86)\Arena\Tournaments\Engine Battle 20251107.pgn

No:  B/W 1/2     W:B       1:2           Time        Value Moves Dep 1:2       1-2-Draws
   9 B 2    1.5:0.5        0.5:8.5       6:40:05 AM  -289.97    19 0:3.471  0-8-1

--------------------------------------------------------------

Engine-Match Friday, November 7, 2025 6:40:07 AM
 Blitz 1/1 

Pairing 11/21 :    V7P3R_v14.0  -  SlowMate_v3.1

PGN-File: C:\Program Files (x86)\Arena\Tournaments\Engine Battle 20251107.pgn

No:  B/W 1/2     W:B       1:2           Time        Value Moves Dep 1:2       1-2-Draws
   9 W 1    1.0:0.0        9.0:0.0       6:42:17 AM     0.00    27 3.455 :2.808  9-0-0

--------------------------------------------------------------

Engine-Match Friday, November 7, 2025 6:42:18 AM
 Blitz 1/1 

Pairing 12/21 :    Stockfish 1%  -  C0BR4_v3.1

PGN-File: C:\Program Files (x86)\Arena\Tournaments\Engine Battle 20251107.pgn

No:  B/W 1/2     W:B       1:2           Time        Value Moves Dep 1:2       1-2-Draws
   9 = =    1.5:1.5        7.5:1.5       6:44:16 AM    +2.04   161 6.333 :4.000  6-0-3

--------------------------------------------------------------

Engine-Match Friday, November 7, 2025 6:44:23 AM
 Blitz 1/1 

Pairing 13/21 :    MaterialOpponent  -  V7P3R_v14.0

PGN-File: C:\Program Files (x86)\Arena\Tournaments\Engine Battle 20251107.pgn

No:  B/W 1/2     W:B       1:2           Time        Value Moves Dep 1:2       1-2-Draws
   9 W 1    2.0:1.0        8.0:1.0       6:46:26 AM   +11.08    32 6.000 :3.500  7-0-2

--------------------------------------------------------------

Engine-Match Friday, November 7, 2025 6:46:27 AM
 Blitz 1/1 

Pairing 14/21 :    C0BR4_v3.1  -  RandomOpponent

PGN-File: C:\Program Files (x86)\Arena\Tournaments\Engine Battle 20251107.pgn

No:  B/W 1/2     W:B       1:2           Time        Value Moves Dep 1:2       1-2-Draws
   9 W 1    1.0:0.0        9.0:0.0       6:46:49 AM  +299.97    14 4.000 :0 9-0-0

--------------------------------------------------------------

Engine-Match Friday, November 7, 2025 6:46:50 AM
 Blitz 1/1 

Pairing 15/21 :    SlowMate_v3.1  -  Stockfish 1%

PGN-File: C:\Program Files (x86)\Arena\Tournaments\Engine Battle 20251107.pgn

No:  B/W 1/2     W:B       1:2           Time        Value Moves Dep 1:2       1-2-Draws
   9 B 2    1.0:0.0        0.0:9.0       6:48:01 AM      -M1    27 2.963 :6.500  0-9-0

--------------------------------------------------------------

Engine-Match Friday, November 7, 2025 6:48:03 AM
 Blitz 1/1 

Pairing 16/21 :    V7P3R_v14.1  -  C0BR4_v3.1

PGN-File: C:\Program Files (x86)\Arena\Tournaments\Engine Battle 20251107.pgn

No:  B/W 1/2     W:B       1:2           Time        Value Moves Dep 1:2       1-2-Draws
   9 B 2    2.5:1.5        2.5:6.5       6:49:32 AM   -16.53    38 3.042 :4.000  1-5-3

--------------------------------------------------------------

Engine-Match Friday, November 7, 2025 6:49:33 AM
 Blitz 1/1 

Pairing 17/21 :    Stockfish 1%  -  MaterialOpponent

PGN-File: C:\Program Files (x86)\Arena\Tournaments\Engine Battle 20251107.pgn

No:  B/W 1/2     W:B       1:2           Time        Value Moves Dep 1:2       1-2-Draws
   9 = =    1.5:1.5        6.5:2.5       6:52:12 AM     0.00   115 6.500 :6.000  5-1-3

--------------------------------------------------------------

Engine-Match Friday, November 7, 2025 6:52:13 AM
 Blitz 1/1 

Pairing 18/21 :    RandomOpponent  -  SlowMate_v3.1

PGN-File: C:\Program Files (x86)\Arena\Tournaments\Engine Battle 20251107.pgn

No:  B/W 1/2     W:B       1:2           Time        Value Moves Dep 1:2       1-2-Draws
   9 = =    2.0:2.0        2.0:7.0       6:53:44 AM     0.00    39 0:2.967  0-5-4

--------------------------------------------------------------

Engine-Match Friday, November 7, 2025 6:53:46 AM
 Blitz 1/1 

Pairing 19/21 :    V7P3R_v14.0  -  Stockfish 1%

PGN-File: C:\Program Files (x86)\Arena\Tournaments\Engine Battle 20251107.pgn

No:  B/W 1/2     W:B       1:2           Time        Value Moves Dep 1:2       1-2-Draws
   9 = =    1.0:1.0        1.0:8.0       6:56:47 AM     0.00    97 3.189 :6.667  0-7-2

--------------------------------------------------------------

Engine-Match Friday, November 7, 2025 6:56:49 AM
 Blitz 1/1 

Pairing 20/21 :    SlowMate_v3.1  -  V7P3R_v14.1

PGN-File: C:\Program Files (x86)\Arena\Tournaments\Engine Battle 20251107.pgn

No:  B/W 1/2     W:B       1:2           Time        Value Moves Dep 1:2       1-2-Draws
   9 = =    1.0:1.0        1.0:8.0       6:59:20 AM   -19.48    40 3.152 :3.407  0-7-2

--------------------------------------------------------------

Engine-Match Friday, November 7, 2025 6:59:22 AM
 Blitz 1/1 

Pairing 21/21 :    MaterialOpponent  -  RandomOpponent

PGN-File: C:\Program Files (x86)\Arena\Tournaments\Engine Battle 20251107.pgn

No:  B/W 1/2     W:B       1:2           Time        Value Moves Dep 1:2       1-2-Draws
   9 W 1    1.0:0.0        9.0:0.0       6:59:59 AM  +299.99    24 6.000 :0 9-0-0

--------------------------------------------------------------

Engine-Match Friday, November 7, 2025 7:00:00 AM
 Blitz 1/1 

Pairing 1/21 :    C0BR4_v3.1  -  SlowMate_v3.1

PGN-File: C:\Program Files (x86)\Arena\Tournaments\Engine Battle 20251107.pgn

No:  B/W 1/2     W:B       1:2           Time        Value Moves Dep 1:2       1-2-Draws
  10 B 1    2.0:1.0        7.0:3.0       7:01:56 AM  -299.97    38 4.000 :2.974  6-2-2

--------------------------------------------------------------

Engine-Match Friday, November 7, 2025 7:01:58 AM
 Blitz 1/1 

Pairing 2/21 :    RandomOpponent  -  V7P3R_v14.0

PGN-File: C:\Program Files (x86)\Arena\Tournaments\Engine Battle 20251107.pgn

No:  B/W 1/2     W:B       1:2           Time        Value Moves Dep 1:2       1-2-Draws
  10 W 2    1.0:0.0        0.0:10.0      7:02:42 AM  +289.97    19 0:3.875  0-10-0

--------------------------------------------------------------

Engine-Match Friday, November 7, 2025 7:02:44 AM
 Blitz 1/1 

Pairing 3/21 :    V7P3R_v14.1  -  MaterialOpponent

PGN-File: C:\Program Files (x86)\Arena\Tournaments\Engine Battle 20251107.pgn

No:  B/W 1/2     W:B       1:2           Time        Value Moves Dep 1:2       1-2-Draws
  10 B 1    3.5:2.5        6.5:3.5       7:05:09 AM  -299.94    44 3.023 :6.000  4-1-5

--------------------------------------------------------------

Engine-Match Friday, November 7, 2025 7:05:10 AM
 Blitz 1/1 

Pairing 4/21 :    Stockfish 1%  -  RandomOpponent

PGN-File: C:\Program Files (x86)\Arena\Tournaments\Engine Battle 20251107.pgn

No:  B/W 1/2     W:B       1:2           Time        Value Moves Dep 1:2       1-2-Draws
  10 B 1    1.0:0.0        10.0:0.0      7:05:26 AM      -M1     4 0:0 10-0-0

--------------------------------------------------------------

Engine-Match Friday, November 7, 2025 7:05:28 AM
 Blitz 1/1 

Pairing 5/21 :    MaterialOpponent  -  C0BR4_v3.1

PGN-File: C:\Program Files (x86)\Arena\Tournaments\Engine Battle 20251107.pgn

No:  B/W 1/2     W:B       1:2           Time        Value Moves Dep 1:2       1-2-Draws
  10 = =    4.0:4.0        4.0:6.0       7:07:06 AM    +7.18    52 6.000 :4.000  0-2-8

--------------------------------------------------------------

Engine-Match Friday, November 7, 2025 7:07:07 AM
 Blitz 1/1 

Pairing 6/21 :    V7P3R_v14.0  -  V7P3R_v14.1

PGN-File: C:\Program Files (x86)\Arena\Tournaments\Engine Battle 20251107.pgn

No:  B/W 1/2     W:B       1:2           Time        Value Moves Dep 1:2       1-2-Draws
  10 = =    1.5:1.5        4.5:5.5       7:09:57 AM    +0.85    55 3.250 :3.167  3-4-3

--------------------------------------------------------------

Engine-Match Friday, November 7, 2025 7:09:58 AM
 Blitz 1/1 

Pairing 7/21 :    SlowMate_v3.1  -  MaterialOpponent

PGN-File: C:\Program Files (x86)\Arena\Tournaments\Engine Battle 20251107.pgn

No:  B/W 1/2     W:B       1:2           Time        Value Moves Dep 1:2       1-2-Draws
  10 = =    2.5:2.5        2.5:7.5       7:10:58 AM    -3.77    14 2.643 :6.000  0-5-5

--------------------------------------------------------------

Engine-Match Friday, November 7, 2025 7:11:00 AM
 Blitz 1/1 

Pairing 8/21 :    V7P3R_v14.1  -  Stockfish 1%

PGN-File: C:\Program Files (x86)\Arena\Tournaments\Engine Battle 20251107.pgn

No:  B/W 1/2     W:B       1:2           Time        Value Moves Dep 1:2       1-2-Draws
  10 W 2    1.0:0.0        0.0:10.0      7:12:07 AM      +M1    35 3.370 :7.500  0-10-0

--------------------------------------------------------------

Engine-Match Friday, November 7, 2025 7:12:09 AM
 Blitz 1/1 

Pairing 9/21 :    C0BR4_v3.1  -  V7P3R_v14.0

PGN-File: C:\Program Files (x86)\Arena\Tournaments\Engine Battle 20251107.pgn

No:  B/W 1/2     W:B       1:2           Time        Value Moves Dep 1:2       1-2-Draws
  10 = =    2.5:2.5        6.5:3.5       7:14:50 AM    +2.34    72 4.000 :3.571  4-1-5

--------------------------------------------------------------

Engine-Match Friday, November 7, 2025 7:14:51 AM
 Blitz 1/1 

Pairing 10/21 :    RandomOpponent  -  V7P3R_v14.1

PGN-File: C:\Program Files (x86)\Arena\Tournaments\Engine Battle 20251107.pgn

No:  B/W 1/2     W:B       1:2           Time        Value Moves Dep 1:2       1-2-Draws
  10 W 2    1.5:0.5        0.5:9.5       7:15:50 AM  +289.96    23 0:3.150  0-9-1

--------------------------------------------------------------

Engine-Match Friday, November 7, 2025 7:15:52 AM
 Blitz 1/1 

Pairing 11/21 :    V7P3R_v14.0  -  SlowMate_v3.1

PGN-File: C:\Program Files (x86)\Arena\Tournaments\Engine Battle 20251107.pgn

No:  B/W 1/2     W:B       1:2           Time        Value Moves Dep 1:2       1-2-Draws
  10 B 1    1.0:0.0        10.0:0.0      7:17:57 AM     0.00    27 3.778 :3.407  10-0-0

--------------------------------------------------------------

Engine-Match Friday, November 7, 2025 7:18:08 AM
 Blitz 1/1 

Pairing 12/21 :    Stockfish 1%  -  C0BR4_v3.1

PGN-File: C:\Program Files (x86)\Arena\Tournaments\Engine Battle 20251107.pgn

No:  B/W 1/2     W:B       1:2           Time        Value Moves Dep 1:2       1-2-Draws
  10 = =    2.0:2.0        8.0:2.0       7:20:11 AM    -4.13   173 6.667 :4.000  6-0-4

--------------------------------------------------------------

Engine-Match Friday, November 7, 2025 7:20:12 AM
 Blitz 1/1 

Pairing 13/21 :    MaterialOpponent  -  V7P3R_v14.0

PGN-File: C:\Program Files (x86)\Arena\Tournaments\Engine Battle 20251107.pgn

No:  B/W 1/2     W:B       1:2           Time        Value Moves Dep 1:2       1-2-Draws
  10 = =    1.5:1.5        8.5:1.5       7:23:26 AM    +3.71    44 6.000 :2.953  7-0-3

--------------------------------------------------------------

Engine-Match Friday, November 7, 2025 7:23:27 AM
 Blitz 1/1 

Pairing 14/21 :    C0BR4_v3.1  -  RandomOpponent

PGN-File: C:\Program Files (x86)\Arena\Tournaments\Engine Battle 20251107.pgn

No:  B/W 1/2     W:B       1:2           Time        Value Moves Dep 1:2       1-2-Draws
  10 B 1    1.0:0.0        10.0:0.0      7:23:49 AM  -299.97    12 4.000 :0 10-0-0

--------------------------------------------------------------

Engine-Match Friday, November 7, 2025 7:23:50 AM
 Blitz 1/1 

Pairing 15/21 :    SlowMate_v3.1  -  Stockfish 1%

PGN-File: C:\Program Files (x86)\Arena\Tournaments\Engine Battle 20251107.pgn

No:  B/W 1/2     W:B       1:2           Time        Value Moves Dep 1:2       1-2-Draws
  10 W 2    1.0:0.0        0.0:10.0      7:25:08 AM      +M1    31 2.733 :5.750  0-10-0

--------------------------------------------------------------

Engine-Match Friday, November 7, 2025 7:25:09 AM
 Blitz 1/1 

Pairing 16/21 :    V7P3R_v14.1  -  C0BR4_v3.1

PGN-File: C:\Program Files (x86)\Arena\Tournaments\Engine Battle 20251107.pgn

No:  B/W 1/2     W:B       1:2           Time        Value Moves Dep 1:2       1-2-Draws
  10 = =    2.0:2.0        3.0:7.0       7:26:08 AM    -0.34    25 3.300 :4.000  1-5-4

--------------------------------------------------------------

Engine-Match Friday, November 7, 2025 7:26:09 AM
 Blitz 1/1 

Pairing 17/21 :    Stockfish 1%  -  MaterialOpponent

PGN-File: C:\Program Files (x86)\Arena\Tournaments\Engine Battle 20251107.pgn

No:  B/W 1/2     W:B       1:2           Time        Value Moves Dep 1:2       1-2-Draws
  10 = =    2.0:2.0        7.0:3.0       7:30:19 AM    -5.51   250 8.000 :6.000  5-1-4

--------------------------------------------------------------

Engine-Match Friday, November 7, 2025 7:30:21 AM
 Blitz 1/1 

Pairing 18/21 :    RandomOpponent  -  SlowMate_v3.1

PGN-File: C:\Program Files (x86)\Arena\Tournaments\Engine Battle 20251107.pgn

No:  B/W 1/2     W:B       1:2           Time        Value Moves Dep 1:2       1-2-Draws
  10 W 2    3.0:2.0        2.0:8.0       7:31:20 AM  +190.79    22 0:2.955  0-6-4

--------------------------------------------------------------

Engine-Match Friday, November 7, 2025 7:31:22 AM
 Blitz 1/1 

Pairing 19/21 :    V7P3R_v14.0  -  Stockfish 1%

PGN-File: C:\Program Files (x86)\Arena\Tournaments\Engine Battle 20251107.pgn

No:  B/W 1/2     W:B       1:2           Time        Value Moves Dep 1:2       1-2-Draws
  10 W 2    2.0:1.0        1.0:9.0       7:34:15 AM   +23.96    93 3.132 :6.667  0-8-2

--------------------------------------------------------------

Engine-Match Friday, November 7, 2025 7:34:16 AM
 Blitz 1/1 

Pairing 20/21 :    SlowMate_v3.1  -  V7P3R_v14.1

PGN-File: C:\Program Files (x86)\Arena\Tournaments\Engine Battle 20251107.pgn

No:  B/W 1/2     W:B       1:2           Time        Value Moves Dep 1:2       1-2-Draws
  10 = =    1.5:1.5        1.5:8.5       7:36:42 AM    +1.23    36 2.829 :3.333  0-7-3

--------------------------------------------------------------

Engine-Match Friday, November 7, 2025 7:36:44 AM
 Blitz 1/1 

Pairing 21/21 :    MaterialOpponent  -  RandomOpponent

PGN-File: C:\Program Files (x86)\Arena\Tournaments\Engine Battle 20251107.pgn

No:  B/W 1/2     W:B       1:2           Time        Value Moves Dep 1:2       1-2-Draws
  10 B 1    1.0:0.0        10.0:0.0      7:37:23 AM  -299.99    23 6.000 :0 10-0-0
