Engine-Match Wednesday, November 26, 2025 10:27:14 PM
 Blitz 10/5 

Pairing 1/5 :    V7P3R_v17.4  -  V7P3R_v17.3

PGN-File: C:\Program Files (x86)\Arena\Tournaments\Engine Battle 20251126_4.pgn

No:  B/W 1/2     W:B       1:2           Time        Value Moves Dep 1:2       1-2-Draws
   1 W 1    1.0:0.0        1.0:0.0       10:38:56 PM  +289.96    65 5.147 :5.000  1-0-0

--------------------------------------------------------------

Engine-Match Wednesday, November 26, 2025 10:38:57 PM
 Blitz 10/5 

Pairing 2/5 :    V7P3R_v17.4  -  Stockfish 1%

PGN-File: C:\Program Files (x86)\Arena\Tournaments\Engine Battle 20251126_4.pgn

No:  B/W 1/2     W:B       1:2           Time        Value Moves Dep 1:2       1-2-Draws
   1 B 2    1.0:0.0        0.0:1.0       10:43:10 PM      -M1    23 5.143 :22.524  0-1-0

--------------------------------------------------------------

Engine-Match Wednesday, November 26, 2025 10:43:12 PM
 Blitz 10/5 

Pairing 3/5 :    V7P3R_v17.4  -  C0BR4_v3.2

PGN-File: C:\Program Files (x86)\Arena\Tournaments\Engine Battle 20251126_4.pgn

No:  B/W 1/2     W:B       1:2           Time        Value Moves Dep 1:2       1-2-Draws
   1 W 1    1.0:0.0        1.0:0.0       10:47:58 PM  +289.99    28 4.760 :4.000  1-0-0

--------------------------------------------------------------

Engine-Match Wednesday, November 26, 2025 10:47:59 PM
 Blitz 10/5 

Pairing 4/5 :    V7P3R_v17.4  -  SlowMate_v3.1

PGN-File: C:\Program Files (x86)\Arena\Tournaments\Engine Battle 20251126_4.pgn

No:  B/W 1/2     W:B       1:2           Time        Value Moves Dep 1:2       1-2-Draws
   1 W 1    1.0:0.0        1.0:0.0       11:01:24 PM  +289.99    37 4.655 :3.967  1-0-0

--------------------------------------------------------------

Engine-Match Wednesday, November 26, 2025 11:01:25 PM
 Blitz 10/5 

Pairing 5/5 :    V7P3R_v17.4  -  PositionalOpponent_v2.0

PGN-File: C:\Program Files (x86)\Arena\Tournaments\Engine Battle 20251126_4.pgn

No:  B/W 1/2     W:B       1:2           Time        Value Moves Dep 1:2       1-2-Draws
   1 W 1    1.0:0.0        1.0:0.0       11:07:24 PM  +289.99    21 4.842 :7.450  1-0-0

--------------------------------------------------------------

Engine-Match Wednesday, November 26, 2025 11:07:26 PM
 Blitz 10/5 

Pairing 1/5 :    V7P3R_v17.4  -  V7P3R_v17.3

PGN-File: C:\Program Files (x86)\Arena\Tournaments\Engine Battle 20251126_4.pgn

No:  B/W 1/2     W:B       1:2           Time        Value Moves Dep 1:2       1-2-Draws
   2 W 2    1.0:0.0        1.0:1.0       11:22:06 PM    +9.28    65 4.275 :4.195  1-1-0

--------------------------------------------------------------

Engine-Match Wednesday, November 26, 2025 11:22:07 PM
 Blitz 10/5 

Pairing 2/5 :    V7P3R_v17.4  -  Stockfish 1%

PGN-File: C:\Program Files (x86)\Arena\Tournaments\Engine Battle 20251126_4.pgn

No:  B/W 1/2     W:B       1:2           Time        Value Moves Dep 1:2       1-2-Draws
   2 W 2    1.0:0.0        0.0:2.0       11:25:14 PM      +M1    21 5.067 :22.905  0-2-0

--------------------------------------------------------------

Engine-Match Wednesday, November 26, 2025 11:25:16 PM
 Blitz 10/5 

Pairing 3/5 :    V7P3R_v17.4  -  C0BR4_v3.2

PGN-File: C:\Program Files (x86)\Arena\Tournaments\Engine Battle 20251126_4.pgn

No:  B/W 1/2     W:B       1:2           Time        Value Moves Dep 1:2       1-2-Draws
   2 B 1    1.0:0.0        2.0:0.0       11:30:19 PM   -12.54    39 4.867 :4.000  2-0-0

--------------------------------------------------------------

Engine-Match Wednesday, November 26, 2025 11:30:21 PM
 Blitz 10/5 

Pairing 4/5 :    V7P3R_v17.4  -  SlowMate_v3.1

PGN-File: C:\Program Files (x86)\Arena\Tournaments\Engine Battle 20251126_4.pgn

No:  B/W 1/2     W:B       1:2           Time        Value Moves Dep 1:2       1-2-Draws
   2 B 1    1.0:0.0        2.0:0.0       11:39:48 PM  -289.98    22 4.909 :4.455  2-0-0

--------------------------------------------------------------

Engine-Match Wednesday, November 26, 2025 11:39:50 PM
 Blitz 10/5 

Pairing 5/5 :    V7P3R_v17.4  -  PositionalOpponent_v2.0

PGN-File: C:\Program Files (x86)\Arena\Tournaments\Engine Battle 20251126_4.pgn

No:  B/W 1/2     W:B       1:2           Time        Value Moves Dep 1:2       1-2-Draws
   2 B 1    1.0:0.0        2.0:0.0       11:43:44 PM   -18.50    15 5.000 :7.667  2-0-0
