Engine-Match Wednesday, November 5, 2025 4:16:55 PM
 Blitz 2/1 

Pairing 1/21 :    C0BR4_v3.1  -  V7P3R_v10.8

PGN-File: C:\Program Files (x86)\Arena\Tournaments\Engine Battle 20251105.pgn

No:  B/W 1/2     W:B       1:2           Time        Value Moves Dep 1:2       1-2-Draws
   1 W 1    1.0:0.0        1.0:0.0       4:20:13 PM   +12.39    56 4.000 :3.156  1-0-0

--------------------------------------------------------------

Engine-Match Wednesday, November 5, 2025 4:20:15 PM
 Blitz 2/1 

Pairing 2/21 :    C0BR4_v2.9  -  SlowMate_v3.1

PGN-File: C:\Program Files (x86)\Arena\Tournaments\Engine Battle 20251105.pgn

No:  B/W 1/2     W:B       1:2           Time        Value Moves Dep 1:2       1-2-Draws
   1 = =    0.5:0.5        0.5:0.5       4:22:10 PM    -1.14    30 4.000 :3.241  0-0-1

--------------------------------------------------------------

Engine-Match Wednesday, November 5, 2025 4:22:12 PM
 Blitz 2/1 

Pairing 3/21 :    Stockfish 1%  -  VPR_v8.1

PGN-File: C:\Program Files (x86)\Arena\Tournaments\Engine Battle 20251105.pgn

No:  B/W 1/2     W:B       1:2           Time        Value Moves Dep 1:2       1-2-Draws
   1 W 1    1.0:0.0        1.0:0.0       4:23:42 PM   +11.15    36 10.600 :6.000  1-0-0

--------------------------------------------------------------

Engine-Match Wednesday, November 5, 2025 4:23:43 PM
 Blitz 2/1 

Pairing 4/21 :    V7P3R_v12.6  -  C0BR4_v2.9

PGN-File: C:\Program Files (x86)\Arena\Tournaments\Engine Battle 20251105.pgn

No:  B/W 1/2     W:B       1:2           Time        Value Moves Dep 1:2       1-2-Draws
   1 W 1    1.0:0.0        1.0:0.0       4:26:35 PM  +299.97    46 3.538 :4.000  1-0-0

--------------------------------------------------------------

Engine-Match Wednesday, November 5, 2025 4:26:36 PM
 Blitz 2/1 

Pairing 5/21 :    VPR_v8.1  -  C0BR4_v3.1

PGN-File: C:\Program Files (x86)\Arena\Tournaments\Engine Battle 20251105.pgn

No:  B/W 1/2     W:B       1:2           Time        Value Moves Dep 1:2       1-2-Draws
   1 B 2    1.0:0.0        0.0:1.0       4:27:26 PM  -299.97    19 6.000 :3.882  0-1-0

--------------------------------------------------------------

Engine-Match Wednesday, November 5, 2025 4:27:27 PM
 Blitz 2/1 

Pairing 6/21 :    SlowMate_v3.1  -  Stockfish 1%

PGN-File: C:\Program Files (x86)\Arena\Tournaments\Engine Battle 20251105.pgn

No:  B/W 1/2     W:B       1:2           Time        Value Moves Dep 1:2       1-2-Draws
   1 * *     0.0:0.0        0.0:0.0       4:30:30 PM    -5.26    66 2.793 :10.800  0-0-0

--------------------------------------------------------------

Engine-Match Wednesday, November 5, 2025 4:32:33 PM
 Blitz 2/1 

Pairing 1/66 :    C0BR4_v3.1  -  RandomOpponent

PGN-File: C:\Program Files (x86)\Arena\Tournaments\Engine Battle 20251105.pgn

No:  B/W 1/2     W:B       1:2           Time        Value Moves Dep 1:2       1-2-Draws
   1 W 1    1.0:0.0        1.0:0.0       4:32:53 PM  +299.97    24 3.909 :0 1-0-0

--------------------------------------------------------------

Engine-Match Wednesday, November 5, 2025 4:32:54 PM
 Blitz 2/1 

Pairing 2/66 :    PositionalOpponent  -  SlowMate_v3.1

PGN-File: C:\Program Files (x86)\Arena\Tournaments\Engine Battle 20251105.pgn

No:  B/W 1/2     W:B       1:2           Time        Value Moves Dep 1:2       1-2-Draws
   1 B 2    1.0:0.0        0.0:1.0       4:34:17 PM  -299.96    10 6.000 :3.222  0-1-0

--------------------------------------------------------------

Engine-Match Wednesday, November 5, 2025 4:34:18 PM
 Blitz 2/1 

Pairing 3/66 :    Stockfish 1%  -  MaterialOpponent

PGN-File: C:\Program Files (x86)\Arena\Tournaments\Engine Battle 20251105.pgn

No:  B/W 1/2     W:B       1:2           Time        Value Moves Dep 1:2       1-2-Draws
   1 W 1    1.0:0.0        1.0:0.0       4:35:52 PM      +M1    31 11.429 :6.000  1-0-0

--------------------------------------------------------------

Engine-Match Wednesday, November 5, 2025 4:35:54 PM
 Blitz 2/1 

Pairing 4/66 :    CoverageOpponent  -  VPR_v8.1

PGN-File: C:\Program Files (x86)\Arena\Tournaments\Engine Battle 20251105.pgn

No:  B/W 1/2     W:B       1:2           Time        Value Moves Dep 1:2       1-2-Draws
   1 B 2    1.0:0.0        0.0:1.0       4:39:17 PM  -299.99    33 5.630 :6.000  0-1-0

--------------------------------------------------------------

Engine-Match Wednesday, November 5, 2025 4:39:18 PM
 Blitz 2/1 

Pairing 5/66 :    C0BR4_v2.9  -  CaptureOpponent

PGN-File: C:\Program Files (x86)\Arena\Tournaments\Engine Battle 20251105.pgn

No:  B/W 1/2     W:B       1:2           Time        Value Moves Dep 1:2       1-2-Draws
   1 W 1    1.0:0.0        1.0:0.0       4:40:49 PM  +299.97    14 3.833 :4.923  1-0-0

--------------------------------------------------------------

Engine-Match Wednesday, November 5, 2025 4:40:50 PM
 Blitz 2/1 

Pairing 6/66 :    V7P3R_v12.6  -  V7P3R_v10.8

PGN-File: C:\Program Files (x86)\Arena\Tournaments\Engine Battle 20251105.pgn

No:  B/W 1/2     W:B       1:2           Time        Value Moves Dep 1:2       1-2-Draws
   1 W 1    1.0:0.0        1.0:0.0       4:45:58 PM     0.00    69 3.433 :3.098  1-0-0

--------------------------------------------------------------

Engine-Match Wednesday, November 5, 2025 4:46:00 PM
 Blitz 2/1 

Pairing 7/66 :    PositionalOpponent  -  C0BR4_v3.1

PGN-File: C:\Program Files (x86)\Arena\Tournaments\Engine Battle 20251105.pgn

No:  B/W 1/2     W:B       1:2           Time        Value Moves Dep 1:2       1-2-Draws
   1 B 2    1.0:0.0        0.0:1.0       4:47:07 PM   -12.50    15 6.000 :4.000  0-1-0

--------------------------------------------------------------

Engine-Match Wednesday, November 5, 2025 4:47:08 PM
 Blitz 2/1 

Pairing 8/66 :    MaterialOpponent  -  RandomOpponent

PGN-File: C:\Program Files (x86)\Arena\Tournaments\Engine Battle 20251105.pgn

No:  B/W 1/2     W:B       1:2           Time        Value Moves Dep 1:2       1-2-Draws
   1 W 1    1.0:0.0        1.0:0.0       4:48:06 PM  +299.99    45 6.000 :0 1-0-0

--------------------------------------------------------------

Engine-Match Wednesday, November 5, 2025 4:48:08 PM
 Blitz 2/1 

Pairing 9/66 :    SlowMate_v3.1  -  CoverageOpponent

PGN-File: C:\Program Files (x86)\Arena\Tournaments\Engine Battle 20251105.pgn

No:  B/W 1/2     W:B       1:2           Time        Value Moves Dep 1:2       1-2-Draws
   1 W 1    1.0:0.0        1.0:0.0       4:52:20 PM  +191.85    37 3.154 :5.885  1-0-0

--------------------------------------------------------------

Engine-Match Wednesday, November 5, 2025 4:52:22 PM
 Blitz 2/1 

Pairing 10/66 :    CaptureOpponent  -  Stockfish 1%

PGN-File: C:\Program Files (x86)\Arena\Tournaments\Engine Battle 20251105.pgn

No:  B/W 1/2     W:B       1:2           Time        Value Moves Dep 1:2       1-2-Draws
   1 B 2    1.0:0.0        0.0:1.0       4:53:50 PM      -M1    14 4.929 :14.000  0-1-0

--------------------------------------------------------------

Engine-Match Wednesday, November 5, 2025 4:53:51 PM
 Blitz 2/1 

Pairing 11/66 :    VPR_v8.1  -  V7P3R_v12.6

PGN-File: C:\Program Files (x86)\Arena\Tournaments\Engine Battle 20251105.pgn

No:  B/W 1/2     W:B       1:2           Time        Value Moves Dep 1:2       1-2-Draws
   1 = =    0.5:0.5        0.5:0.5       4:58:07 PM    +4.90    56 6.000 :3.462  0-0-1

--------------------------------------------------------------

Engine-Match Wednesday, November 5, 2025 4:58:08 PM
 Blitz 2/1 

Pairing 12/66 :    V7P3R_v10.8  -  C0BR4_v2.9

PGN-File: C:\Program Files (x86)\Arena\Tournaments\Engine Battle 20251105.pgn

No:  B/W 1/2     W:B       1:2           Time        Value Moves Dep 1:2       1-2-Draws
   1 B 2    1.0:0.0        0.0:1.0       4:59:09 PM  -299.97    14 3.545 :4.000  0-1-0

--------------------------------------------------------------

Engine-Match Wednesday, November 5, 2025 4:59:10 PM
 Blitz 2/1 

Pairing 13/66 :    C0BR4_v3.1  -  MaterialOpponent

PGN-File: C:\Program Files (x86)\Arena\Tournaments\Engine Battle 20251105.pgn

No:  B/W 1/2     W:B       1:2           Time        Value Moves Dep 1:2       1-2-Draws
   1 = =    0.5:0.5        0.5:0.5       4:59:39 PM    -3.25    15 4.000 :6.000  0-0-1

--------------------------------------------------------------

Engine-Match Wednesday, November 5, 2025 4:59:40 PM
 Blitz 2/1 

Pairing 14/66 :    CoverageOpponent  -  PositionalOpponent

PGN-File: C:\Program Files (x86)\Arena\Tournaments\Engine Battle 20251105.pgn

No:  B/W 1/2     W:B       1:2           Time        Value Moves Dep 1:2       1-2-Draws
   1 B 2    1.0:0.0        0.0:1.0       5:04:41 PM  -299.99    46 5.783 :6.000  0-1-0

--------------------------------------------------------------

Engine-Match Wednesday, November 5, 2025 5:04:42 PM
 Blitz 2/1 

Pairing 15/66 :    RandomOpponent  -  CaptureOpponent

PGN-File: C:\Program Files (x86)\Arena\Tournaments\Engine Battle 20251105.pgn

No:  B/W 1/2     W:B       1:2           Time        Value Moves Dep 1:2       1-2-Draws
   1 B 2    1.0:0.0        0.0:1.0       5:06:25 PM  -299.99    17 0:5.765  0-1-0

--------------------------------------------------------------

Engine-Match Wednesday, November 5, 2025 5:06:26 PM
 Blitz 2/1 

Pairing 16/66 :    V7P3R_v12.6  -  SlowMate_v3.1

PGN-File: C:\Program Files (x86)\Arena\Tournaments\Engine Battle 20251105.pgn

No:  B/W 1/2     W:B       1:2           Time        Value Moves Dep 1:2       1-2-Draws
   1 W 1    1.0:0.0        1.0:0.0       5:11:19 PM   +10.17    50 3.500 :3.250  1-0-0

--------------------------------------------------------------

Engine-Match Wednesday, November 5, 2025 5:11:21 PM
 Blitz 2/1 

Pairing 17/66 :    Stockfish 1%  -  V7P3R_v10.8

PGN-File: C:\Program Files (x86)\Arena\Tournaments\Engine Battle 20251105.pgn

No:  B/W 1/2     W:B       1:2           Time        Value Moves Dep 1:2       1-2-Draws
   1 W 1    1.0:0.0        1.0:0.0       5:13:46 PM      +M1    48 11.600 :3.024  1-0-0

--------------------------------------------------------------

Engine-Match Wednesday, November 5, 2025 5:13:48 PM
 Blitz 2/1 

Pairing 18/66 :    C0BR4_v2.9  -  VPR_v8.1

PGN-File: C:\Program Files (x86)\Arena\Tournaments\Engine Battle 20251105.pgn

No:  B/W 1/2     W:B       1:2           Time        Value Moves Dep 1:2       1-2-Draws
   1 W 1    1.0:0.0        1.0:0.0       5:15:15 PM   +14.30    30 4.000 :6.000  1-0-0

--------------------------------------------------------------

Engine-Match Wednesday, November 5, 2025 5:15:16 PM
 Blitz 2/1 

Pairing 19/66 :    CoverageOpponent  -  C0BR4_v3.1

PGN-File: C:\Program Files (x86)\Arena\Tournaments\Engine Battle 20251105.pgn

No:  B/W 1/2     W:B       1:2           Time        Value Moves Dep 1:2       1-2-Draws
   1 B 2    1.0:0.0        0.0:1.0       5:17:33 PM  -299.97    31 6.000 :4.000  0-1-0

--------------------------------------------------------------

Engine-Match Wednesday, November 5, 2025 5:17:34 PM
 Blitz 2/1 

Pairing 20/66 :    CaptureOpponent  -  MaterialOpponent

PGN-File: C:\Program Files (x86)\Arena\Tournaments\Engine Battle 20251105.pgn

No:  B/W 1/2     W:B       1:2           Time        Value Moves Dep 1:2       1-2-Draws
   1 B 2    1.0:0.0        0.0:1.0       5:18:55 PM  -299.99    11 6.000 :6.000  0-1-0

--------------------------------------------------------------

Engine-Match Wednesday, November 5, 2025 5:19:10 PM
 Blitz 2/1 

Pairing 21/66 :    PositionalOpponent  -  V7P3R_v12.6

PGN-File: C:\Program Files (x86)\Arena\Tournaments\Engine Battle 20251105.pgn

No:  B/W 1/2     W:B       1:2           Time        Value Moves Dep 1:2       1-2-Draws
   1 B 2    1.0:0.0        0.0:1.0       5:20:41 PM   -11.10    10 6.000 :3.625  0-1-0

--------------------------------------------------------------

Engine-Match Wednesday, November 5, 2025 5:20:43 PM
 Blitz 2/1 

Pairing 22/66 :    V7P3R_v10.8  -  RandomOpponent

PGN-File: C:\Program Files (x86)\Arena\Tournaments\Engine Battle 20251105.pgn

No:  B/W 1/2     W:B       1:2           Time        Value Moves Dep 1:2       1-2-Draws
   1 W 1    1.0:0.0        1.0:0.0       5:21:43 PM     0.00    16 3.333 :0 1-0-0

--------------------------------------------------------------

Engine-Match Wednesday, November 5, 2025 5:21:44 PM
 Blitz 2/1 

Pairing 25/66 :    C0BR4_v3.1  -  CaptureOpponent

PGN-File: C:\Program Files (x86)\Arena\Tournaments\Engine Battle 20251105.pgn

No:  B/W 1/2     W:B       1:2           Time        Value Moves Dep 1:2       1-2-Draws
   1 W 1    1.0:0.0        1.0:0.0       5:23:00 PM    +9.90    11 4.000 :5.727  1-0-0

--------------------------------------------------------------

Engine-Match Wednesday, November 5, 2025 5:23:01 PM
 Blitz 2/1 

Pairing 26/66 :    V7P3R_v12.6  -  CoverageOpponent

PGN-File: C:\Program Files (x86)\Arena\Tournaments\Engine Battle 20251105.pgn

No:  B/W 1/2     W:B       1:2           Time        Value Moves Dep 1:2       1-2-Draws
   1 W 1    1.0:0.0        1.0:0.0       5:27:10 PM  +289.97    28 3.630 :6.000  1-0-0

--------------------------------------------------------------

Engine-Match Wednesday, November 5, 2025 5:27:11 PM
 Blitz 2/1 

Pairing 27/66 :    MaterialOpponent  -  V7P3R_v10.8

PGN-File: C:\Program Files (x86)\Arena\Tournaments\Engine Battle 20251105.pgn

No:  B/W 1/2     W:B       1:2           Time        Value Moves Dep 1:2       1-2-Draws
   1 B 2    1.0:0.0        0.0:1.0       5:31:22 PM  -299.96    76 6.000 :3.200  0-1-0

--------------------------------------------------------------

Engine-Match Wednesday, November 5, 2025 5:31:23 PM
 Blitz 2/1 

Pairing 28/66 :    C0BR4_v2.9  -  PositionalOpponent

PGN-File: C:\Program Files (x86)\Arena\Tournaments\Engine Battle 20251105.pgn

No:  B/W 1/2     W:B       1:2           Time        Value Moves Dep 1:2       1-2-Draws
   1 W 1    1.0:0.0        1.0:0.0       5:32:43 PM  +299.97    16 3.857 :6.000  1-0-0

--------------------------------------------------------------

Engine-Match Wednesday, November 5, 2025 5:32:44 PM
 Blitz 2/1 

Pairing 29/66 :    RandomOpponent  -  VPR_v8.1

PGN-File: C:\Program Files (x86)\Arena\Tournaments\Engine Battle 20251105.pgn

No:  B/W 1/2     W:B       1:2           Time        Value Moves Dep 1:2       1-2-Draws
   1 B 2    1.0:0.0        0.0:1.0       5:33:36 PM  -299.99    26 0:6.000  0-1-0

--------------------------------------------------------------

Engine-Match Wednesday, November 5, 2025 5:33:37 PM
 Blitz 2/1 

Pairing 30/66 :    Stockfish 1%  -  SlowMate_v3.1

PGN-File: C:\Program Files (x86)\Arena\Tournaments\Engine Battle 20251105.pgn

No:  B/W 1/2     W:B       1:2           Time        Value Moves Dep 1:2       1-2-Draws
   1 W 1    1.0:0.0        1.0:0.0       5:34:28 PM      +M1    12 11.375 :3.364  1-0-0

--------------------------------------------------------------

Engine-Match Wednesday, November 5, 2025 5:34:29 PM
 Blitz 2/1 

Pairing 31/66 :    V7P3R_v12.6  -  C0BR4_v3.1

PGN-File: C:\Program Files (x86)\Arena\Tournaments\Engine Battle 20251105.pgn

No:  B/W 1/2     W:B       1:2           Time        Value Moves Dep 1:2       1-2-Draws
   1 * *     0.0:0.0        0.0:0.0       5:35:28 PM    +3.28    13 3.667 :4.000  0-0-0

--------------------------------------------------------------

Engine-Match Wednesday, November 5, 2025 5:35:34 PM
 Blitz 2/1 

Pairing 7/78 :    V7P3R_v14.0  -  PositionalOpponent

PGN-File: C:\Program Files (x86)\Arena\Tournaments\Engine Battle 20251105.pgn

No:  B/W 1/2     W:B       1:2           Time        Value Moves Dep 1:2       1-2-Draws
   1 * *     0.0:0.0        0.0:0.0       5:36:12 PM    -1.10     3 4.333 :6.000  0-0-0

--------------------------------------------------------------

Engine-Match Wednesday, November 5, 2025 5:36:30 PM
 Blitz 2/1 

Pairing 1/12 :    V7P3R_v14.0  -  C0BR4_v3.1

PGN-File: C:\Program Files (x86)\Arena\Tournaments\Engine Battle 20251105.pgn

No:  B/W 1/2     W:B       1:2           Time        Value Moves Dep 1:2       1-2-Draws
   1 = =    0.5:0.5        0.5:0.5       5:37:45 PM    +3.88    18 4.333 :4.000  0-0-1

--------------------------------------------------------------

Engine-Match Wednesday, November 5, 2025 5:37:46 PM
 Blitz 2/1 

Pairing 2/12 :    V7P3R_v14.0  -  SlowMate_v3.1

PGN-File: C:\Program Files (x86)\Arena\Tournaments\Engine Battle 20251105.pgn

No:  B/W 1/2     W:B       1:2           Time        Value Moves Dep 1:2       1-2-Draws
   1 W 1    1.0:0.0        1.0:0.0       5:42:21 PM   +19.26    48 3.950 :3.174  1-0-0

--------------------------------------------------------------

Engine-Match Wednesday, November 5, 2025 5:42:22 PM
 Blitz 2/1 

Pairing 3/12 :    V7P3R_v14.0  -  Stockfish 1%

PGN-File: C:\Program Files (x86)\Arena\Tournaments\Engine Battle 20251105.pgn

No:  B/W 1/2     W:B       1:2           Time        Value Moves Dep 1:2       1-2-Draws
   1 B 2    1.0:0.0        0.0:1.0       5:44:41 PM    -9.52    39 3.793 :11.000  0-1-0

--------------------------------------------------------------

Engine-Match Wednesday, November 5, 2025 5:44:42 PM
 Blitz 2/1 

Pairing 4/12 :    V7P3R_v14.0  -  VPR_v8.1

PGN-File: C:\Program Files (x86)\Arena\Tournaments\Engine Battle 20251105.pgn

No:  B/W 1/2     W:B       1:2           Time        Value Moves Dep 1:2       1-2-Draws
   1 = =    0.5:0.5        0.5:0.5       5:48:52 PM    +3.94    45 3.333 :6.000  0-0-1

--------------------------------------------------------------

Engine-Match Wednesday, November 5, 2025 5:48:53 PM
 Blitz 2/1 

Pairing 5/12 :    V7P3R_v14.0  -  C0BR4_v2.9

PGN-File: C:\Program Files (x86)\Arena\Tournaments\Engine Battle 20251105.pgn

No:  B/W 1/2     W:B       1:2           Time        Value Moves Dep 1:2       1-2-Draws
   1 = =    0.5:0.5        0.5:0.5       5:51:29 PM     0.00    48 4.063 :4.000  0-0-1

--------------------------------------------------------------

Engine-Match Wednesday, November 5, 2025 5:51:30 PM
 Blitz 2/1 

Pairing 6/12 :    V7P3R_v14.0  -  V7P3R_v10.8

PGN-File: C:\Program Files (x86)\Arena\Tournaments\Engine Battle 20251105.pgn

No:  B/W 1/2     W:B       1:2           Time        Value Moves Dep 1:2       1-2-Draws
   1 W 1    1.0:0.0        1.0:0.0       5:55:27 PM     0.00    52 4.063 :3.300  1-0-0

--------------------------------------------------------------

Engine-Match Wednesday, November 5, 2025 5:55:28 PM
 Blitz 2/1 

Pairing 7/12 :    V7P3R_v14.0  -  V7P3R_v12.6

PGN-File: C:\Program Files (x86)\Arena\Tournaments\Engine Battle 20251105.pgn

No:  B/W 1/2     W:B       1:2           Time        Value Moves Dep 1:2       1-2-Draws
   1 = =    0.5:0.5        0.5:0.5       5:58:36 PM     0.00    29 4.167 :3.600  0-0-1

--------------------------------------------------------------

Engine-Match Wednesday, November 5, 2025 5:58:37 PM
 Blitz 2/1 

Pairing 8/12 :    V7P3R_v14.0  -  CaptureOpponent

PGN-File: C:\Program Files (x86)\Arena\Tournaments\Engine Battle 20251105.pgn

No:  B/W 1/2     W:B       1:2           Time        Value Moves Dep 1:2       1-2-Draws
   1 W 1    1.0:0.0        1.0:0.0       6:01:43 PM  +289.97    20 3.684 :5.000  1-0-0

--------------------------------------------------------------

Engine-Match Wednesday, November 5, 2025 6:01:45 PM
 Blitz 2/1 

Pairing 9/12 :    V7P3R_v14.0  -  CoverageOpponent

PGN-File: C:\Program Files (x86)\Arena\Tournaments\Engine Battle 20251105.pgn

No:  B/W 1/2     W:B       1:2           Time        Value Moves Dep 1:2       1-2-Draws
   1 W 1    1.0:0.0        1.0:0.0       6:05:20 PM  +289.97    26 4.045 :5.960  1-0-0

--------------------------------------------------------------

Engine-Match Wednesday, November 5, 2025 6:05:21 PM
 Blitz 2/1 

Pairing 10/12 :    V7P3R_v14.0  -  MaterialOpponent

PGN-File: C:\Program Files (x86)\Arena\Tournaments\Engine Battle 20251105.pgn

No:  B/W 1/2     W:B       1:2           Time        Value Moves Dep 1:2       1-2-Draws
   1 W 1    1.0:0.0        1.0:0.0       6:08:35 PM   +15.15    45 4.077 :6.000  1-0-0

--------------------------------------------------------------

Engine-Match Wednesday, November 5, 2025 6:08:37 PM
 Blitz 2/1 

Pairing 11/12 :    V7P3R_v14.0  -  PositionalOpponent

PGN-File: C:\Program Files (x86)\Arena\Tournaments\Engine Battle 20251105.pgn

No:  B/W 1/2     W:B       1:2           Time        Value Moves Dep 1:2       1-2-Draws
   1 W 1    1.0:0.0        1.0:0.0       6:10:15 PM   +16.30    10 4.375 :6.000  1-0-0

--------------------------------------------------------------

Engine-Match Wednesday, November 5, 2025 6:10:16 PM
 Blitz 2/1 

Pairing 12/12 :    V7P3R_v14.0  -  RandomOpponent

PGN-File: C:\Program Files (x86)\Arena\Tournaments\Engine Battle 20251105.pgn

No:  B/W 1/2     W:B       1:2           Time        Value Moves Dep 1:2       1-2-Draws
   1 W 1    1.0:0.0        1.0:0.0       6:10:58 PM  +289.99     8 4.571 :0 1-0-0

--------------------------------------------------------------

Engine-Match Wednesday, November 5, 2025 6:10:59 PM
 Blitz 2/1 

Pairing 1/12 :    V7P3R_v14.0  -  C0BR4_v3.1

PGN-File: C:\Program Files (x86)\Arena\Tournaments\Engine Battle 20251105.pgn

No:  B/W 1/2     W:B       1:2           Time        Value Moves Dep 1:2       1-2-Draws
   2 W 2    1.5:0.5        0.5:1.5       6:13:34 PM   +11.35    42 4.167 :4.000  0-1-1

--------------------------------------------------------------

Engine-Match Wednesday, November 5, 2025 6:13:35 PM
 Blitz 2/1 

Pairing 2/12 :    V7P3R_v14.0  -  SlowMate_v3.1

PGN-File: C:\Program Files (x86)\Arena\Tournaments\Engine Battle 20251105.pgn

No:  B/W 1/2     W:B       1:2           Time        Value Moves Dep 1:2       1-2-Draws
   2 = =    0.5:0.5        1.5:0.5       6:19:24 PM    +2.32    72 3.867 :3.208  1-0-1

--------------------------------------------------------------

Engine-Match Wednesday, November 5, 2025 6:19:25 PM
 Blitz 2/1 

Pairing 3/12 :    V7P3R_v14.0  -  Stockfish 1%

PGN-File: C:\Program Files (x86)\Arena\Tournaments\Engine Battle 20251105.pgn

No:  B/W 1/2     W:B       1:2           Time        Value Moves Dep 1:2       1-2-Draws
   2 B 1    1.0:0.0        1.0:1.0       6:21:13 PM  -289.98    27 4.250 :11.714  1-1-0

--------------------------------------------------------------

Engine-Match Wednesday, November 5, 2025 6:21:14 PM
 Blitz 2/1 

Pairing 4/12 :    V7P3R_v14.0  -  VPR_v8.1

PGN-File: C:\Program Files (x86)\Arena\Tournaments\Engine Battle 20251105.pgn

No:  B/W 1/2     W:B       1:2           Time        Value Moves Dep 1:2       1-2-Draws
   2 = =    1.0:1.0        1.0:1.0       6:23:17 PM    +1.00    24 3.882 :6.000  0-0-2

--------------------------------------------------------------

Engine-Match Wednesday, November 5, 2025 6:23:18 PM
 Blitz 2/1 

Pairing 5/12 :    V7P3R_v14.0  -  C0BR4_v2.9

PGN-File: C:\Program Files (x86)\Arena\Tournaments\Engine Battle 20251105.pgn

No:  B/W 1/2     W:B       1:2           Time        Value Moves Dep 1:2       1-2-Draws
   2 W 2    1.5:0.5        0.5:1.5       6:24:30 PM  +299.97    21 4.071 :4.000  0-1-1

--------------------------------------------------------------

Engine-Match Wednesday, November 5, 2025 6:24:32 PM
 Blitz 2/1 

Pairing 6/12 :    V7P3R_v14.0  -  V7P3R_v10.8

PGN-File: C:\Program Files (x86)\Arena\Tournaments\Engine Battle 20251105.pgn

No:  B/W 1/2     W:B       1:2           Time        Value Moves Dep 1:2       1-2-Draws
   2 = =    0.5:0.5        1.5:0.5       6:28:29 PM     0.00    56 4.158 :3.391  1-0-1

--------------------------------------------------------------

Engine-Match Wednesday, November 5, 2025 6:28:31 PM
 Blitz 2/1 

Pairing 7/12 :    V7P3R_v14.0  -  V7P3R_v12.6

PGN-File: C:\Program Files (x86)\Arena\Tournaments\Engine Battle 20251105.pgn

No:  B/W 1/2     W:B       1:2           Time        Value Moves Dep 1:2       1-2-Draws
   2 = =    1.0:1.0        1.0:1.0       6:34:06 PM   -12.75    64 4.167 :3.828  0-0-2

--------------------------------------------------------------

Engine-Match Wednesday, November 5, 2025 6:34:07 PM
 Blitz 2/1 

Pairing 8/12 :    V7P3R_v14.0  -  CaptureOpponent

PGN-File: C:\Program Files (x86)\Arena\Tournaments\Engine Battle 20251105.pgn

No:  B/W 1/2     W:B       1:2           Time        Value Moves Dep 1:2       1-2-Draws
   2 B 1    1.0:0.0        2.0:0.0       6:37:19 PM     0.00    21 4.500 :5.857  2-0-0

--------------------------------------------------------------

Engine-Match Wednesday, November 5, 2025 6:37:34 PM
 Blitz 2/1 

Pairing 9/12 :    V7P3R_v14.0  -  CoverageOpponent

PGN-File: C:\Program Files (x86)\Arena\Tournaments\Engine Battle 20251105.pgn

No:  B/W 1/2     W:B       1:2           Time        Value Moves Dep 1:2       1-2-Draws
   2 B 1    1.0:0.0        2.0:0.0       6:41:17 PM  -299.96    33 3.882 :5.950  2-0-0

--------------------------------------------------------------

Engine-Match Wednesday, November 5, 2025 6:41:18 PM
 Blitz 2/1 

Pairing 10/12 :    V7P3R_v14.0  -  MaterialOpponent

PGN-File: C:\Program Files (x86)\Arena\Tournaments\Engine Battle 20251105.pgn

No:  B/W 1/2     W:B       1:2           Time        Value Moves Dep 1:2       1-2-Draws
   2 W 2    1.0:0.0        1.0:1.0       6:45:02 PM  +299.99    44 3.528 :6.000  1-1-0

--------------------------------------------------------------

Engine-Match Wednesday, November 5, 2025 6:45:04 PM
 Blitz 2/1 

Pairing 11/12 :    V7P3R_v14.0  -  PositionalOpponent

PGN-File: C:\Program Files (x86)\Arena\Tournaments\Engine Battle 20251105.pgn

No:  B/W 1/2     W:B       1:2           Time        Value Moves Dep 1:2       1-2-Draws
   2 B 1    1.0:0.0        2.0:0.0       6:47:01 PM  -299.98    14 4.000 :6.000  2-0-0

--------------------------------------------------------------

Engine-Match Wednesday, November 5, 2025 6:47:02 PM
 Blitz 2/1 

Pairing 12/12 :    V7P3R_v14.0  -  RandomOpponent

PGN-File: C:\Program Files (x86)\Arena\Tournaments\Engine Battle 20251105.pgn

No:  B/W 1/2     W:B       1:2           Time        Value Moves Dep 1:2       1-2-Draws
   2 B 1    1.0:0.0        2.0:0.0       6:48:32 PM     0.00    20 3.833 :0 2-0-0

--------------------------------------------------------------

Engine-Match Wednesday, November 5, 2025 6:48:34 PM
 Blitz 2/1 

Pairing 1/12 :    V7P3R_v14.0  -  C0BR4_v3.1

PGN-File: C:\Program Files (x86)\Arena\Tournaments\Engine Battle 20251105.pgn

No:  B/W 1/2     W:B       1:2           Time        Value Moves Dep 1:2       1-2-Draws
   3 = =    1.0:1.0        1.0:2.0       6:49:49 PM    +3.88    18 4.333 :4.000  0-1-2

--------------------------------------------------------------

Engine-Match Wednesday, November 5, 2025 6:49:51 PM
 Blitz 2/1 

Pairing 2/12 :    V7P3R_v14.0  -  SlowMate_v3.1

PGN-File: C:\Program Files (x86)\Arena\Tournaments\Engine Battle 20251105.pgn

No:  B/W 1/2     W:B       1:2           Time        Value Moves Dep 1:2       1-2-Draws
   3 W 1    1.5:0.5        2.5:0.5       6:54:41 PM   +18.84    53 3.944 :3.143  2-0-1

--------------------------------------------------------------

Engine-Match Wednesday, November 5, 2025 6:54:42 PM
 Blitz 2/1 

Pairing 3/12 :    V7P3R_v14.0  -  Stockfish 1%

PGN-File: C:\Program Files (x86)\Arena\Tournaments\Engine Battle 20251105.pgn

No:  B/W 1/2     W:B       1:2           Time        Value Moves Dep 1:2       1-2-Draws
   3 B 2    1.0:0.0        1.0:2.0       6:56:01 PM      -M1    18 3.813 :9.667  1-2-0

--------------------------------------------------------------

Engine-Match Wednesday, November 5, 2025 6:56:03 PM
 Blitz 2/1 

Pairing 4/12 :    V7P3R_v14.0  -  VPR_v8.1

PGN-File: C:\Program Files (x86)\Arena\Tournaments\Engine Battle 20251105.pgn

No:  B/W 1/2     W:B       1:2           Time        Value Moves Dep 1:2       1-2-Draws
   3 W 1    2.0:1.0        2.0:1.0       6:58:01 PM   +12.90    23 4.000 :6.000  1-0-2

--------------------------------------------------------------

Engine-Match Wednesday, November 5, 2025 6:58:02 PM
 Blitz 2/1 

Pairing 5/12 :    V7P3R_v14.0  -  C0BR4_v2.9

PGN-File: C:\Program Files (x86)\Arena\Tournaments\Engine Battle 20251105.pgn

No:  B/W 1/2     W:B       1:2           Time        Value Moves Dep 1:2       1-2-Draws
   3 = =    1.0:1.0        1.0:2.0       7:00:44 PM    -0.80    47 4.000 :4.000  0-1-2

--------------------------------------------------------------

Engine-Match Wednesday, November 5, 2025 7:00:45 PM
 Blitz 2/1 

Pairing 6/12 :    V7P3R_v14.0  -  V7P3R_v10.8

PGN-File: C:\Program Files (x86)\Arena\Tournaments\Engine Battle 20251105.pgn

No:  B/W 1/2     W:B       1:2           Time        Value Moves Dep 1:2       1-2-Draws
   3 = =    1.0:1.0        2.0:1.0       7:05:31 PM   +10.09    70 4.063 :3.250  1-0-2

--------------------------------------------------------------

Engine-Match Wednesday, November 5, 2025 7:05:33 PM
 Blitz 2/1 

Pairing 7/12 :    V7P3R_v14.0  -  V7P3R_v12.6

PGN-File: C:\Program Files (x86)\Arena\Tournaments\Engine Battle 20251105.pgn

No:  B/W 1/2     W:B       1:2           Time        Value Moves Dep 1:2       1-2-Draws
   3 B 2    2.0:1.0        1.0:2.0       7:10:04 PM     0.00    55 3.909 :3.364  0-1-2

--------------------------------------------------------------

Engine-Match Wednesday, November 5, 2025 7:10:05 PM
 Blitz 2/1 

Pairing 8/12 :    V7P3R_v14.0  -  CaptureOpponent

PGN-File: C:\Program Files (x86)\Arena\Tournaments\Engine Battle 20251105.pgn

No:  B/W 1/2     W:B       1:2           Time        Value Moves Dep 1:2       1-2-Draws
   3 W 1    1.0:0.0        3.0:0.0       7:12:25 PM     0.00    16 4.231 :5.333  3-0-0

--------------------------------------------------------------

Engine-Match Wednesday, November 5, 2025 7:12:26 PM
 Blitz 2/1 

Pairing 9/12 :    V7P3R_v14.0  -  CoverageOpponent

PGN-File: C:\Program Files (x86)\Arena\Tournaments\Engine Battle 20251105.pgn

No:  B/W 1/2     W:B       1:2           Time        Value Moves Dep 1:2       1-2-Draws
   3 W 1    1.0:0.0        3.0:0.0       7:14:52 PM  +289.97    14 4.000 :6.000  3-0-0

--------------------------------------------------------------

Engine-Match Wednesday, November 5, 2025 7:14:53 PM
 Blitz 2/1 

Pairing 10/12 :    V7P3R_v14.0  -  MaterialOpponent

PGN-File: C:\Program Files (x86)\Arena\Tournaments\Engine Battle 20251105.pgn

No:  B/W 1/2     W:B       1:2           Time        Value Moves Dep 1:2       1-2-Draws
   3 W 1    1.0:0.0        2.0:1.0       7:19:10 PM   +16.20    80 4.074 :6.000  2-1-0

--------------------------------------------------------------

Engine-Match Wednesday, November 5, 2025 7:19:12 PM
 Blitz 2/1 

Pairing 11/12 :    V7P3R_v14.0  -  PositionalOpponent

PGN-File: C:\Program Files (x86)\Arena\Tournaments\Engine Battle 20251105.pgn

No:  B/W 1/2     W:B       1:2           Time        Value Moves Dep 1:2       1-2-Draws
   3 W 1    1.0:0.0        3.0:0.0       7:20:51 PM   +13.40    11 4.571 :6.000  3-0-0

--------------------------------------------------------------

Engine-Match Wednesday, November 5, 2025 7:20:53 PM
 Blitz 2/1 

Pairing 12/12 :    V7P3R_v14.0  -  RandomOpponent

PGN-File: C:\Program Files (x86)\Arena\Tournaments\Engine Battle 20251105.pgn

No:  B/W 1/2     W:B       1:2           Time        Value Moves Dep 1:2       1-2-Draws
   3 W 1    1.0:0.0        3.0:0.0       7:22:42 PM  +289.97    23 4.211 :0 3-0-0

--------------------------------------------------------------

Engine-Match Wednesday, November 5, 2025 7:22:43 PM
 Blitz 2/1 

Pairing 1/12 :    V7P3R_v14.0  -  C0BR4_v3.1

PGN-File: C:\Program Files (x86)\Arena\Tournaments\Engine Battle 20251105.pgn

No:  B/W 1/2     W:B       1:2           Time        Value Moves Dep 1:2       1-2-Draws
   4 B 1    2.0:1.0        2.0:2.0       7:24:37 PM   -10.52    25 4.059 :4.000  1-1-2

--------------------------------------------------------------

Engine-Match Wednesday, November 5, 2025 7:24:38 PM
 Blitz 2/1 

Pairing 2/12 :    V7P3R_v14.0  -  SlowMate_v3.1

PGN-File: C:\Program Files (x86)\Arena\Tournaments\Engine Battle 20251105.pgn

No:  B/W 1/2     W:B       1:2           Time        Value Moves Dep 1:2       1-2-Draws
   4 = =    1.0:1.0        3.0:1.0       7:30:24 PM    +2.32    72 3.867 :3.208  2-0-2

--------------------------------------------------------------

Engine-Match Wednesday, November 5, 2025 7:30:25 PM
 Blitz 2/1 

Pairing 3/12 :    V7P3R_v14.0  -  Stockfish 1%

PGN-File: C:\Program Files (x86)\Arena\Tournaments\Engine Battle 20251105.pgn

No:  B/W 1/2     W:B       1:2           Time        Value Moves Dep 1:2       1-2-Draws
   4 W 2    1.0:0.0        1.0:3.0       7:32:07 PM   +10.32    25 4.385 :11.667  1-3-0

--------------------------------------------------------------

Engine-Match Wednesday, November 5, 2025 7:32:09 PM
 Blitz 2/1 

Pairing 4/12 :    V7P3R_v14.0  -  VPR_v8.1

PGN-File: C:\Program Files (x86)\Arena\Tournaments\Engine Battle 20251105.pgn

No:  B/W 1/2     W:B       1:2           Time        Value Moves Dep 1:2       1-2-Draws
   4 = =    1.5:1.5        2.5:1.5       7:34:18 PM    +1.00    24 3.882 :6.000  1-0-3

--------------------------------------------------------------

Engine-Match Wednesday, November 5, 2025 7:34:30 PM
 Blitz 2/1 

Pairing 5/12 :    V7P3R_v14.0  -  C0BR4_v2.9

PGN-File: C:\Program Files (x86)\Arena\Tournaments\Engine Battle 20251105.pgn

No:  B/W 1/2     W:B       1:2           Time        Value Moves Dep 1:2       1-2-Draws
   4 B 1    2.0:1.0        2.0:2.0       7:36:36 PM   -12.11    39 4.222 :4.000  1-1-2

--------------------------------------------------------------

Engine-Match Wednesday, November 5, 2025 7:36:37 PM
 Blitz 2/1 

Pairing 6/12 :    V7P3R_v14.0  -  V7P3R_v10.8

PGN-File: C:\Program Files (x86)\Arena\Tournaments\Engine Battle 20251105.pgn

No:  B/W 1/2     W:B       1:2           Time        Value Moves Dep 1:2       1-2-Draws
   4 W 2    2.0:1.0        2.0:2.0       7:40:35 PM   +24.40    45 4.105 :3.333  1-1-2

--------------------------------------------------------------

Engine-Match Wednesday, November 5, 2025 7:40:37 PM
 Blitz 2/1 

Pairing 7/12 :    V7P3R_v14.0  -  V7P3R_v12.6

PGN-File: C:\Program Files (x86)\Arena\Tournaments\Engine Battle 20251105.pgn

No:  B/W 1/2     W:B       1:2           Time        Value Moves Dep 1:2       1-2-Draws
   4 = =    1.5:1.5        1.5:2.5       7:46:38 PM     0.00    84 4.053 :3.818  0-1-3

--------------------------------------------------------------

Engine-Match Wednesday, November 5, 2025 7:46:39 PM
 Blitz 2/1 

Pairing 8/12 :    V7P3R_v14.0  -  CaptureOpponent

PGN-File: C:\Program Files (x86)\Arena\Tournaments\Engine Battle 20251105.pgn

No:  B/W 1/2     W:B       1:2           Time        Value Moves Dep 1:2       1-2-Draws
   4 B 1    1.0:0.0        4.0:0.0       7:50:11 PM  -289.98    25 4.364 :6.188  4-0-0

--------------------------------------------------------------

Engine-Match Wednesday, November 5, 2025 7:50:12 PM
 Blitz 2/1 

Pairing 9/12 :    V7P3R_v14.0  -  CoverageOpponent

PGN-File: C:\Program Files (x86)\Arena\Tournaments\Engine Battle 20251105.pgn

No:  B/W 1/2     W:B       1:2           Time        Value Moves Dep 1:2       1-2-Draws
   4 B 1    1.0:0.0        4.0:0.0       7:54:33 PM  -289.97    34 3.786 :5.941  4-0-0

--------------------------------------------------------------

Engine-Match Wednesday, November 5, 2025 7:54:34 PM
 Blitz 2/1 

Pairing 10/12 :    V7P3R_v14.0  -  MaterialOpponent

PGN-File: C:\Program Files (x86)\Arena\Tournaments\Engine Battle 20251105.pgn

No:  B/W 1/2     W:B       1:2           Time        Value Moves Dep 1:2       1-2-Draws
   4 = =    0.5:0.5        2.5:1.5       7:57:11 PM    +1.00    28 3.810 :6.000  2-1-1

--------------------------------------------------------------

Engine-Match Wednesday, November 5, 2025 7:57:12 PM
 Blitz 2/1 

Pairing 11/12 :    V7P3R_v14.0  -  PositionalOpponent

PGN-File: C:\Program Files (x86)\Arena\Tournaments\Engine Battle 20251105.pgn

No:  B/W 1/2     W:B       1:2           Time        Value Moves Dep 1:2       1-2-Draws
   4 B 1    1.0:0.0        4.0:0.0       7:59:12 PM  -299.98    14 4.000 :6.000  4-0-0

--------------------------------------------------------------

Engine-Match Wednesday, November 5, 2025 7:59:13 PM
 Blitz 2/1 

Pairing 12/12 :    V7P3R_v14.0  -  RandomOpponent

PGN-File: C:\Program Files (x86)\Arena\Tournaments\Engine Battle 20251105.pgn

No:  B/W 1/2     W:B       1:2           Time        Value Moves Dep 1:2       1-2-Draws
   4 B 1    1.0:0.0        4.0:0.0       8:01:07 PM  -289.97    27 4.167 :0 4-0-0

--------------------------------------------------------------

Engine-Match Wednesday, November 5, 2025 8:01:08 PM
 Blitz 2/1 

Pairing 1/12 :    V7P3R_v14.0  -  C0BR4_v3.1

PGN-File: C:\Program Files (x86)\Arena\Tournaments\Engine Battle 20251105.pgn

No:  B/W 1/2     W:B       1:2           Time        Value Moves Dep 1:2       1-2-Draws
   5 W 1    2.0:1.0        3.0:2.0       8:02:11 PM   +11.43    15 4.091 :4.000  2-1-2

--------------------------------------------------------------

Engine-Match Wednesday, November 5, 2025 8:02:12 PM
 Blitz 2/1 

Pairing 2/12 :    V7P3R_v14.0  -  SlowMate_v3.1

PGN-File: C:\Program Files (x86)\Arena\Tournaments\Engine Battle 20251105.pgn

No:  B/W 1/2     W:B       1:2           Time        Value Moves Dep 1:2       1-2-Draws
   5 W 1    2.0:1.0        4.0:1.0       8:07:05 PM   +18.84    53 3.944 :3.143  3-0-2

--------------------------------------------------------------

Engine-Match Wednesday, November 5, 2025 8:07:07 PM
 Blitz 2/1 

Pairing 3/12 :    V7P3R_v14.0  -  Stockfish 1%

PGN-File: C:\Program Files (x86)\Arena\Tournaments\Engine Battle 20251105.pgn

No:  B/W 1/2     W:B       1:2           Time        Value Moves Dep 1:2       1-2-Draws
   5 B 2    1.0:0.0        1.0:4.0       8:09:19 PM      -M1    36 4.320 :10.125  1-4-0

--------------------------------------------------------------

Engine-Match Wednesday, November 5, 2025 8:09:21 PM
 Blitz 2/1 

Pairing 4/12 :    V7P3R_v14.0  -  VPR_v8.1

PGN-File: C:\Program Files (x86)\Arena\Tournaments\Engine Battle 20251105.pgn

No:  B/W 1/2     W:B       1:2           Time        Value Moves Dep 1:2       1-2-Draws
   5 W 1    2.5:1.5        3.5:1.5       8:11:21 PM  +289.98    22 4.000 :6.000  2-0-3

--------------------------------------------------------------

Engine-Match Wednesday, November 5, 2025 8:11:23 PM
 Blitz 2/1 

Pairing 5/12 :    V7P3R_v14.0  -  C0BR4_v2.9

PGN-File: C:\Program Files (x86)\Arena\Tournaments\Engine Battle 20251105.pgn

No:  B/W 1/2     W:B       1:2           Time        Value Moves Dep 1:2       1-2-Draws
   5 = =    1.5:1.5        2.5:2.5       8:14:26 PM     0.00    61 4.156 :4.000  1-1-3

--------------------------------------------------------------

Engine-Match Wednesday, November 5, 2025 8:14:28 PM
 Blitz 2/1 

Pairing 6/12 :    V7P3R_v14.0  -  V7P3R_v10.8

PGN-File: C:\Program Files (x86)\Arena\Tournaments\Engine Battle 20251105.pgn

No:  B/W 1/2     W:B       1:2           Time        Value Moves Dep 1:2       1-2-Draws
   5 W 1    2.0:1.0        3.0:2.0       8:18:30 PM     0.00    52 4.063 :3.250  2-1-2

--------------------------------------------------------------

Engine-Match Wednesday, November 5, 2025 8:18:32 PM
 Blitz 2/1 

Pairing 7/12 :    V7P3R_v14.0  -  V7P3R_v12.6

PGN-File: C:\Program Files (x86)\Arena\Tournaments\Engine Battle 20251105.pgn

No:  B/W 1/2     W:B       1:2           Time        Value Moves Dep 1:2       1-2-Draws
   5 B 2    2.5:1.5        1.5:3.5       8:22:36 PM     0.00    53 4.000 :3.364  0-2-3

--------------------------------------------------------------

Engine-Match Wednesday, November 5, 2025 8:22:38 PM
 Blitz 2/1 

Pairing 8/12 :    V7P3R_v14.0  -  CaptureOpponent

PGN-File: C:\Program Files (x86)\Arena\Tournaments\Engine Battle 20251105.pgn

No:  B/W 1/2     W:B       1:2           Time        Value Moves Dep 1:2       1-2-Draws
   5 W 1    1.0:0.0        5.0:0.0       8:26:40 PM   +12.50    25 3.864 :5.640  5-0-0

--------------------------------------------------------------

Engine-Match Wednesday, November 5, 2025 8:26:41 PM
 Blitz 2/1 

Pairing 9/12 :    V7P3R_v14.0  -  CoverageOpponent

PGN-File: C:\Program Files (x86)\Arena\Tournaments\Engine Battle 20251105.pgn

No:  B/W 1/2     W:B       1:2           Time        Value Moves Dep 1:2       1-2-Draws
   5 W 1    1.0:0.0        5.0:0.0       8:31:13 PM  +299.98    41 4.032 :6.000  5-0-0

--------------------------------------------------------------

Engine-Match Wednesday, November 5, 2025 8:31:14 PM
 Blitz 2/1 

Pairing 10/12 :    V7P3R_v14.0  -  MaterialOpponent

PGN-File: C:\Program Files (x86)\Arena\Tournaments\Engine Battle 20251105.pgn

No:  B/W 1/2     W:B       1:2           Time        Value Moves Dep 1:2       1-2-Draws
   5 = =    1.0:1.0        3.0:2.0       8:34:19 PM     0.00    37 3.897 :6.000  2-1-2

--------------------------------------------------------------

Engine-Match Wednesday, November 5, 2025 8:34:20 PM
 Blitz 2/1 

Pairing 11/12 :    V7P3R_v14.0  -  PositionalOpponent

PGN-File: C:\Program Files (x86)\Arena\Tournaments\Engine Battle 20251105.pgn

No:  B/W 1/2     W:B       1:2           Time        Value Moves Dep 1:2       1-2-Draws
   5 W 1    1.0:0.0        5.0:0.0       8:36:12 PM   +14.30    10 4.375 :6.000  5-0-0

--------------------------------------------------------------

Engine-Match Wednesday, November 5, 2025 8:36:13 PM
 Blitz 2/1 

Pairing 12/12 :    V7P3R_v14.0  -  RandomOpponent

PGN-File: C:\Program Files (x86)\Arena\Tournaments\Engine Battle 20251105.pgn

No:  B/W 1/2     W:B       1:2           Time        Value Moves Dep 1:2       1-2-Draws
   5 W 1    1.0:0.0        5.0:0.0       8:36:38 PM  +289.97     5 4.200 :0 5-0-0

--------------------------------------------------------------

Engine-Match Wednesday, November 5, 2025 8:36:53 PM
 Blitz 2/1 

Pairing 1/12 :    V7P3R_v14.0  -  C0BR4_v3.1

PGN-File: C:\Program Files (x86)\Arena\Tournaments\Engine Battle 20251105.pgn

No:  B/W 1/2     W:B       1:2           Time        Value Moves Dep 1:2       1-2-Draws
   6 W 2    2.0:1.0        3.0:3.0       8:39:29 PM    +9.21    41 4.100 :4.000  2-2-2

--------------------------------------------------------------

Engine-Match Wednesday, November 5, 2025 8:39:30 PM
 Blitz 2/1 

Pairing 2/12 :    V7P3R_v14.0  -  SlowMate_v3.1

PGN-File: C:\Program Files (x86)\Arena\Tournaments\Engine Battle 20251105.pgn

No:  B/W 1/2     W:B       1:2           Time        Value Moves Dep 1:2       1-2-Draws
   6 = =    1.5:1.5        4.5:1.5       8:44:40 PM   -10.45    67 3.867 :3.208  3-0-3

--------------------------------------------------------------

Engine-Match Wednesday, November 5, 2025 8:44:41 PM
 Blitz 2/1 

Pairing 3/12 :    V7P3R_v14.0  -  Stockfish 1%

PGN-File: C:\Program Files (x86)\Arena\Tournaments\Engine Battle 20251105.pgn

No:  B/W 1/2     W:B       1:2           Time        Value Moves Dep 1:2       1-2-Draws
   6 W 2    1.0:0.0        1.0:5.0       8:46:20 PM      +M1    28 4.211 :10.889  1-5-0

--------------------------------------------------------------

Engine-Match Wednesday, November 5, 2025 8:46:22 PM
 Blitz 2/1 

Pairing 4/12 :    V7P3R_v14.0  -  VPR_v8.1

PGN-File: C:\Program Files (x86)\Arena\Tournaments\Engine Battle 20251105.pgn

No:  B/W 1/2     W:B       1:2           Time        Value Moves Dep 1:2       1-2-Draws
   6 = =    2.0:2.0        4.0:2.0       8:48:31 PM    +1.00    24 3.882 :6.000  2-0-4

--------------------------------------------------------------

Engine-Match Wednesday, November 5, 2025 8:48:32 PM
 Blitz 2/1 

Pairing 5/12 :    V7P3R_v14.0  -  C0BR4_v2.9

PGN-File: C:\Program Files (x86)\Arena\Tournaments\Engine Battle 20251105.pgn

No:  B/W 1/2     W:B       1:2           Time        Value Moves Dep 1:2       1-2-Draws
   6 B 1    2.5:1.5        3.5:2.5       8:50:25 PM   -10.52    25 4.059 :4.000  2-1-3

--------------------------------------------------------------

Engine-Match Wednesday, November 5, 2025 8:50:26 PM
 Blitz 2/1 

Pairing 6/12 :    V7P3R_v14.0  -  V7P3R_v10.8

PGN-File: C:\Program Files (x86)\Arena\Tournaments\Engine Battle 20251105.pgn

No:  B/W 1/2     W:B       1:2           Time        Value Moves Dep 1:2       1-2-Draws
   6 W 2    2.0:1.0        3.0:3.0       8:54:24 PM   +24.40    45 4.105 :3.333  2-2-2

--------------------------------------------------------------

Engine-Match Wednesday, November 5, 2025 8:54:25 PM
 Blitz 2/1 

Pairing 7/12 :    V7P3R_v14.0  -  V7P3R_v12.6

PGN-File: C:\Program Files (x86)\Arena\Tournaments\Engine Battle 20251105.pgn

No:  B/W 1/2     W:B       1:2           Time        Value Moves Dep 1:2       1-2-Draws
   6 B 1    2.5:1.5        2.5:3.5       8:57:39 PM    -9.31    26 3.875 :3.471  1-2-3

--------------------------------------------------------------

Engine-Match Wednesday, November 5, 2025 8:57:41 PM
 Blitz 2/1 

Pairing 8/12 :    V7P3R_v14.0  -  CaptureOpponent

PGN-File: C:\Program Files (x86)\Arena\Tournaments\Engine Battle 20251105.pgn

No:  B/W 1/2     W:B       1:2           Time        Value Moves Dep 1:2       1-2-Draws
   6 B 1    1.0:0.0        6.0:0.0       9:00:07 PM     0.00    17 4.214 :5.941  6-0-0

--------------------------------------------------------------

Engine-Match Wednesday, November 5, 2025 9:00:08 PM
 Blitz 2/1 

Pairing 9/12 :    V7P3R_v14.0  -  CoverageOpponent

PGN-File: C:\Program Files (x86)\Arena\Tournaments\Engine Battle 20251105.pgn

No:  B/W 1/2     W:B       1:2           Time        Value Moves Dep 1:2       1-2-Draws
   6 B 1    1.0:0.0        6.0:0.0       9:04:50 PM  -289.96    37 3.806 :5.892  6-0-0

--------------------------------------------------------------

Engine-Match Wednesday, November 5, 2025 9:04:51 PM
 Blitz 2/1 

Pairing 10/12 :    V7P3R_v14.0  -  MaterialOpponent

PGN-File: C:\Program Files (x86)\Arena\Tournaments\Engine Battle 20251105.pgn

No:  B/W 1/2     W:B       1:2           Time        Value Moves Dep 1:2       1-2-Draws
   6 = =    1.5:1.5        3.5:2.5       9:07:24 PM    +1.00    28 3.810 :6.000  2-1-3

--------------------------------------------------------------

Engine-Match Wednesday, November 5, 2025 9:07:25 PM
 Blitz 2/1 

Pairing 11/12 :    V7P3R_v14.0  -  PositionalOpponent

PGN-File: C:\Program Files (x86)\Arena\Tournaments\Engine Battle 20251105.pgn

No:  B/W 1/2     W:B       1:2           Time        Value Moves Dep 1:2       1-2-Draws
   6 B 1    1.0:0.0        6.0:0.0       9:09:21 PM   -11.00    14 4.200 :6.000  6-0-0

--------------------------------------------------------------

Engine-Match Wednesday, November 5, 2025 9:09:23 PM
 Blitz 2/1 

Pairing 12/12 :    V7P3R_v14.0  -  RandomOpponent

PGN-File: C:\Program Files (x86)\Arena\Tournaments\Engine Battle 20251105.pgn

No:  B/W 1/2     W:B       1:2           Time        Value Moves Dep 1:2       1-2-Draws
   6 B 1    1.0:0.0        6.0:0.0       9:10:47 PM  -289.98    22 4.294 :0 6-0-0

--------------------------------------------------------------

Engine-Match Wednesday, November 5, 2025 9:10:48 PM
 Blitz 2/1 

Pairing 1/12 :    V7P3R_v14.0  -  C0BR4_v3.1

PGN-File: C:\Program Files (x86)\Arena\Tournaments\Engine Battle 20251105.pgn

No:  B/W 1/2     W:B       1:2           Time        Value Moves Dep 1:2       1-2-Draws
   7 B 2    2.0:1.0        3.0:4.0       9:11:53 PM  -299.97    14 4.091 :3.833  2-3-2

--------------------------------------------------------------

Engine-Match Wednesday, November 5, 2025 9:11:55 PM
 Blitz 2/1 

Pairing 2/12 :    V7P3R_v14.0  -  SlowMate_v3.1

PGN-File: C:\Program Files (x86)\Arena\Tournaments\Engine Battle 20251105.pgn

No:  B/W 1/2     W:B       1:2           Time        Value Moves Dep 1:2       1-2-Draws
   7 W 1    2.5:1.5        5.5:1.5       9:16:35 PM   +19.26    50 3.950 :3.174  4-0-3

--------------------------------------------------------------

Engine-Match Wednesday, November 5, 2025 9:16:36 PM
 Blitz 2/1 

Pairing 3/12 :    V7P3R_v14.0  -  Stockfish 1%

PGN-File: C:\Program Files (x86)\Arena\Tournaments\Engine Battle 20251105.pgn

No:  B/W 1/2     W:B       1:2           Time        Value Moves Dep 1:2       1-2-Draws
   7 B 2    1.0:0.0        1.0:6.0       9:18:36 PM   -18.66    30 3.960 :10.250  1-6-0

--------------------------------------------------------------

Engine-Match Wednesday, November 5, 2025 9:18:37 PM
 Blitz 2/1 

Pairing 4/12 :    V7P3R_v14.0  -  VPR_v8.1

PGN-File: C:\Program Files (x86)\Arena\Tournaments\Engine Battle 20251105.pgn

No:  B/W 1/2     W:B       1:2           Time        Value Moves Dep 1:2       1-2-Draws
   7 W 1    3.0:2.0        5.0:2.0       9:20:41 PM   +10.15    22 3.938 :6.000  3-0-4

--------------------------------------------------------------

Engine-Match Wednesday, November 5, 2025 9:20:42 PM
 Blitz 2/1 

Pairing 5/12 :    V7P3R_v14.0  -  C0BR4_v2.9

PGN-File: C:\Program Files (x86)\Arena\Tournaments\Engine Battle 20251105.pgn

No:  B/W 1/2     W:B       1:2           Time        Value Moves Dep 1:2       1-2-Draws
   7 = =    2.0:2.0        4.0:3.0       9:23:44 PM     0.00    61 4.121 :4.000  2-1-4

--------------------------------------------------------------

Engine-Match Wednesday, November 5, 2025 9:23:46 PM
 Blitz 2/1 

Pairing 6/12 :    V7P3R_v14.0  -  V7P3R_v10.8

PGN-File: C:\Program Files (x86)\Arena\Tournaments\Engine Battle 20251105.pgn

No:  B/W 1/2     W:B       1:2           Time        Value Moves Dep 1:2       1-2-Draws
   7 W 1    2.0:1.0        4.0:3.0       9:27:47 PM     0.00    52 4.063 :3.300  3-2-2

--------------------------------------------------------------

Engine-Match Wednesday, November 5, 2025 9:27:48 PM
 Blitz 2/1 

Pairing 7/12 :    V7P3R_v14.0  -  V7P3R_v12.6

PGN-File: C:\Program Files (x86)\Arena\Tournaments\Engine Battle 20251105.pgn

No:  B/W 1/2     W:B       1:2           Time        Value Moves Dep 1:2       1-2-Draws
   7 B 2    2.5:1.5        2.5:4.5       9:32:46 PM     0.00    71 4.000 :3.364  1-3-3

--------------------------------------------------------------

Engine-Match Wednesday, November 5, 2025 9:32:48 PM
 Blitz 2/1 

Pairing 8/12 :    V7P3R_v14.0  -  CaptureOpponent

PGN-File: C:\Program Files (x86)\Arena\Tournaments\Engine Battle 20251105.pgn

No:  B/W 1/2     W:B       1:2           Time        Value Moves Dep 1:2       1-2-Draws
   7 W 1    1.0:0.0        7.0:0.0       9:35:56 PM   +19.60    20 3.889 :5.100  7-0-0

--------------------------------------------------------------

Engine-Match Wednesday, November 5, 2025 9:36:12 PM
 Blitz 2/1 

Pairing 9/12 :    V7P3R_v14.0  -  CoverageOpponent

PGN-File: C:\Program Files (x86)\Arena\Tournaments\Engine Battle 20251105.pgn

No:  B/W 1/2     W:B       1:2           Time        Value Moves Dep 1:2       1-2-Draws
   7 W 1    1.0:0.0        7.0:0.0       9:39:23 PM     0.00    24 3.857 :5.913  7-0-0

--------------------------------------------------------------

Engine-Match Wednesday, November 5, 2025 9:39:24 PM
 Blitz 2/1 

Pairing 10/12 :    V7P3R_v14.0  -  MaterialOpponent

PGN-File: C:\Program Files (x86)\Arena\Tournaments\Engine Battle 20251105.pgn

No:  B/W 1/2     W:B       1:2           Time        Value Moves Dep 1:2       1-2-Draws
   7 W 1    2.5:1.5        4.5:2.5       9:42:41 PM   +15.15    45 4.077 :6.000  3-1-3

--------------------------------------------------------------

Engine-Match Wednesday, November 5, 2025 9:42:42 PM
 Blitz 2/1 

Pairing 11/12 :    V7P3R_v14.0  -  PositionalOpponent

PGN-File: C:\Program Files (x86)\Arena\Tournaments\Engine Battle 20251105.pgn

No:  B/W 1/2     W:B       1:2           Time        Value Moves Dep 1:2       1-2-Draws
   7 W 1    1.0:0.0        7.0:0.0       9:44:19 PM   +12.30    11 4.375 :6.000  7-0-0

--------------------------------------------------------------

Engine-Match Wednesday, November 5, 2025 9:44:21 PM
 Blitz 2/1 

Pairing 12/12 :    V7P3R_v14.0  -  RandomOpponent

PGN-File: C:\Program Files (x86)\Arena\Tournaments\Engine Battle 20251105.pgn

No:  B/W 1/2     W:B       1:2           Time        Value Moves Dep 1:2       1-2-Draws
   7 W 1    1.0:0.0        7.0:0.0       9:45:48 PM     0.00    21 4.353 :0 7-0-0

--------------------------------------------------------------

Engine-Match Wednesday, November 5, 2025 9:45:49 PM
 Blitz 2/1 

Pairing 1/12 :    V7P3R_v14.0  -  C0BR4_v3.1

PGN-File: C:\Program Files (x86)\Arena\Tournaments\Engine Battle 20251105.pgn

No:  B/W 1/2     W:B       1:2           Time        Value Moves Dep 1:2       1-2-Draws
   8 B 1    2.0:1.0        4.0:4.0       9:49:00 PM   -16.09    58 3.524 :4.000  3-3-2

--------------------------------------------------------------

Engine-Match Wednesday, November 5, 2025 9:49:01 PM
 Blitz 2/1 

Pairing 2/12 :    V7P3R_v14.0  -  SlowMate_v3.1

PGN-File: C:\Program Files (x86)\Arena\Tournaments\Engine Battle 20251105.pgn

No:  B/W 1/2     W:B       1:2           Time        Value Moves Dep 1:2       1-2-Draws
   8 = =    2.0:2.0        6.0:2.0       9:53:44 PM    +2.36    58 3.933 :3.208  4-0-4

--------------------------------------------------------------

Engine-Match Wednesday, November 5, 2025 9:53:45 PM
 Blitz 2/1 

Pairing 3/12 :    V7P3R_v14.0  -  Stockfish 1%

PGN-File: C:\Program Files (x86)\Arena\Tournaments\Engine Battle 20251105.pgn

No:  B/W 1/2     W:B       1:2           Time        Value Moves Dep 1:2       1-2-Draws
   8 W 2    1.0:0.0        1.0:7.0       9:55:40 PM      +M1    31 3.917 :11.444  1-7-0

--------------------------------------------------------------

Engine-Match Wednesday, November 5, 2025 9:55:41 PM
 Blitz 2/1 

Pairing 4/12 :    V7P3R_v14.0  -  VPR_v8.1

PGN-File: C:\Program Files (x86)\Arena\Tournaments\Engine Battle 20251105.pgn

No:  B/W 1/2     W:B       1:2           Time        Value Moves Dep 1:2       1-2-Draws
   8 = =    2.5:2.5        5.5:2.5       9:57:47 PM    +1.00    24 3.882 :6.000  3-0-5

--------------------------------------------------------------

Engine-Match Wednesday, November 5, 2025 9:57:49 PM
 Blitz 2/1 

Pairing 5/12 :    V7P3R_v14.0  -  C0BR4_v2.9

PGN-File: C:\Program Files (x86)\Arena\Tournaments\Engine Battle 20251105.pgn

No:  B/W 1/2     W:B       1:2           Time        Value Moves Dep 1:2       1-2-Draws
   8 W 2    3.0:2.0        4.0:4.0       9:59:58 PM  +299.97    38 4.333 :4.000  2-2-4

--------------------------------------------------------------

Engine-Match Wednesday, November 5, 2025 9:59:59 PM
 Blitz 2/1 

Pairing 6/12 :    V7P3R_v14.0  -  V7P3R_v10.8

PGN-File: C:\Program Files (x86)\Arena\Tournaments\Engine Battle 20251105.pgn

No:  B/W 1/2     W:B       1:2           Time        Value Moves Dep 1:2       1-2-Draws
   8 W 2    2.0:1.0        4.0:4.0       10:03:53 PM   +24.40    45 4.105 :3.333  3-3-2

--------------------------------------------------------------

Engine-Match Wednesday, November 5, 2025 10:03:54 PM
 Blitz 2/1 

Pairing 7/12 :    V7P3R_v14.0  -  V7P3R_v12.6

PGN-File: C:\Program Files (x86)\Arena\Tournaments\Engine Battle 20251105.pgn

No:  B/W 1/2     W:B       1:2           Time        Value Moves Dep 1:2       1-2-Draws
   8 B 1    2.5:1.5        3.5:4.5       10:07:55 PM   -12.10    33 4.143 :3.786  2-3-3

--------------------------------------------------------------

Engine-Match Wednesday, November 5, 2025 10:07:56 PM
 Blitz 2/1 

Pairing 8/12 :    V7P3R_v14.0  -  CaptureOpponent

PGN-File: C:\Program Files (x86)\Arena\Tournaments\Engine Battle 20251105.pgn

No:  B/W 1/2     W:B       1:2           Time        Value Moves Dep 1:2       1-2-Draws
   8 B 1    1.0:0.0        8.0:0.0       10:10:43 PM  -289.97    18 4.294 :5.944  8-0-0

--------------------------------------------------------------

Engine-Match Wednesday, November 5, 2025 10:10:45 PM
 Blitz 2/1 

Pairing 9/12 :    V7P3R_v14.0  -  CoverageOpponent

PGN-File: C:\Program Files (x86)\Arena\Tournaments\Engine Battle 20251105.pgn

No:  B/W 1/2     W:B       1:2           Time        Value Moves Dep 1:2       1-2-Draws
   8 B 1    1.0:0.0        8.0:0.0       10:15:06 PM  -299.94    36 4.048 :5.880  8-0-0

--------------------------------------------------------------

Engine-Match Wednesday, November 5, 2025 10:15:07 PM
 Blitz 2/1 

Pairing 10/12 :    V7P3R_v14.0  -  MaterialOpponent

PGN-File: C:\Program Files (x86)\Arena\Tournaments\Engine Battle 20251105.pgn

No:  B/W 1/2     W:B       1:2           Time        Value Moves Dep 1:2       1-2-Draws
   8 = =    2.0:2.0        5.0:3.0       10:17:39 PM    +1.00    28 3.810 :6.000  3-1-4

--------------------------------------------------------------

Engine-Match Wednesday, November 5, 2025 10:17:41 PM
 Blitz 2/1 

Pairing 11/12 :    V7P3R_v14.0  -  PositionalOpponent

PGN-File: C:\Program Files (x86)\Arena\Tournaments\Engine Battle 20251105.pgn

No:  B/W 1/2     W:B       1:2           Time        Value Moves Dep 1:2       1-2-Draws
   8 B 1    1.0:0.0        8.0:0.0       10:19:38 PM  -299.98    14 4.000 :6.000  8-0-0

--------------------------------------------------------------

Engine-Match Wednesday, November 5, 2025 10:19:40 PM
 Blitz 2/1 

Pairing 12/12 :    V7P3R_v14.0  -  RandomOpponent

PGN-File: C:\Program Files (x86)\Arena\Tournaments\Engine Battle 20251105.pgn

No:  B/W 1/2     W:B       1:2           Time        Value Moves Dep 1:2       1-2-Draws
   8 B 1    1.0:0.0        8.0:0.0       10:20:17 PM  -289.98     8 4.125 :0 8-0-0

--------------------------------------------------------------

Engine-Match Wednesday, November 5, 2025 10:20:19 PM
 Blitz 2/1 

Pairing 1/12 :    V7P3R_v14.0  -  C0BR4_v3.1

PGN-File: C:\Program Files (x86)\Arena\Tournaments\Engine Battle 20251105.pgn

No:  B/W 1/2     W:B       1:2           Time        Value Moves Dep 1:2       1-2-Draws
   9 B 2    2.0:1.0        4.0:5.0       10:21:26 PM  -299.97    14 4.091 :3.833  3-4-2

--------------------------------------------------------------

Engine-Match Wednesday, November 5, 2025 10:21:27 PM
 Blitz 2/1 

Pairing 2/12 :    V7P3R_v14.0  -  SlowMate_v3.1

PGN-File: C:\Program Files (x86)\Arena\Tournaments\Engine Battle 20251105.pgn

No:  B/W 1/2     W:B       1:2           Time        Value Moves Dep 1:2       1-2-Draws
   9 W 1    3.0:2.0        7.0:2.0       10:26:02 PM   +19.26    48 3.950 :3.174  5-0-4

--------------------------------------------------------------

Engine-Match Wednesday, November 5, 2025 10:26:03 PM
 Blitz 2/1 

Pairing 3/12 :    V7P3R_v14.0  -  Stockfish 1%

PGN-File: C:\Program Files (x86)\Arena\Tournaments\Engine Battle 20251105.pgn

No:  B/W 1/2     W:B       1:2           Time        Value Moves Dep 1:2       1-2-Draws
   9 B 2    1.0:0.0        1.0:8.0       10:27:38 PM      -M1    23 3.944 :11.125  1-8-0

--------------------------------------------------------------

Engine-Match Wednesday, November 5, 2025 10:27:40 PM
 Blitz 2/1 

Pairing 4/12 :    V7P3R_v14.0  -  VPR_v8.1

PGN-File: C:\Program Files (x86)\Arena\Tournaments\Engine Battle 20251105.pgn

No:  B/W 1/2     W:B       1:2           Time        Value Moves Dep 1:2       1-2-Draws
   9 W 1    3.5:2.5        6.5:2.5       10:29:38 PM   +12.90    23 4.000 :6.000  4-0-5

--------------------------------------------------------------

Engine-Match Wednesday, November 5, 2025 10:29:50 PM
 Blitz 2/1 

Pairing 5/12 :    V7P3R_v14.0  -  C0BR4_v2.9

PGN-File: C:\Program Files (x86)\Arena\Tournaments\Engine Battle 20251105.pgn

No:  B/W 1/2     W:B       1:2           Time        Value Moves Dep 1:2       1-2-Draws
   9 = =    2.5:2.5        4.5:4.5       10:32:27 PM     0.00    48 4.063 :4.000  2-2-5

--------------------------------------------------------------

Engine-Match Wednesday, November 5, 2025 10:32:28 PM
 Blitz 2/1 

Pairing 6/12 :    V7P3R_v14.0  -  V7P3R_v10.8

PGN-File: C:\Program Files (x86)\Arena\Tournaments\Engine Battle 20251105.pgn

No:  B/W 1/2     W:B       1:2           Time        Value Moves Dep 1:2       1-2-Draws
   9 W 1    2.0:1.0        5.0:4.0       10:36:27 PM     0.00    52 4.063 :3.250  4-3-2

--------------------------------------------------------------

Engine-Match Wednesday, November 5, 2025 10:36:29 PM
 Blitz 2/1 

Pairing 7/12 :    V7P3R_v14.0  -  V7P3R_v12.6

PGN-File: C:\Program Files (x86)\Arena\Tournaments\Engine Battle 20251105.pgn

No:  B/W 1/2     W:B       1:2           Time        Value Moves Dep 1:2       1-2-Draws
   9 = =    2.0:2.0        4.0:5.0       10:40:15 PM    -0.74    39 4.000 :3.364  2-3-4

--------------------------------------------------------------

Engine-Match Wednesday, November 5, 2025 10:40:16 PM
 Blitz 2/1 

Pairing 8/12 :    V7P3R_v14.0  -  CaptureOpponent

PGN-File: C:\Program Files (x86)\Arena\Tournaments\Engine Battle 20251105.pgn

No:  B/W 1/2     W:B       1:2           Time        Value Moves Dep 1:2       1-2-Draws
   9 W 1    1.0:0.0        9.0:0.0       10:43:44 PM  +289.98    24 3.783 :5.000  9-0-0

--------------------------------------------------------------

Engine-Match Wednesday, November 5, 2025 10:43:45 PM
 Blitz 2/1 

Pairing 9/12 :    V7P3R_v14.0  -  CoverageOpponent

PGN-File: C:\Program Files (x86)\Arena\Tournaments\Engine Battle 20251105.pgn

No:  B/W 1/2     W:B       1:2           Time        Value Moves Dep 1:2       1-2-Draws
   9 W 1    1.0:0.0        9.0:0.0       10:45:53 PM  +289.97    15 4.000 :6.000  9-0-0

--------------------------------------------------------------

Engine-Match Wednesday, November 5, 2025 10:45:54 PM
 Blitz 2/1 

Pairing 10/12 :    V7P3R_v14.0  -  MaterialOpponent

PGN-File: C:\Program Files (x86)\Arena\Tournaments\Engine Battle 20251105.pgn

No:  B/W 1/2     W:B       1:2           Time        Value Moves Dep 1:2       1-2-Draws
   9 W 1    3.0:2.0        6.0:3.0       10:49:18 PM   +15.15    45 4.077 :6.000  4-1-4

--------------------------------------------------------------

Engine-Match Wednesday, November 5, 2025 10:49:19 PM
 Blitz 2/1 

Pairing 11/12 :    V7P3R_v14.0  -  PositionalOpponent

PGN-File: C:\Program Files (x86)\Arena\Tournaments\Engine Battle 20251105.pgn

No:  B/W 1/2     W:B       1:2           Time        Value Moves Dep 1:2       1-2-Draws
   9 W 1    1.0:0.0        9.0:0.0       10:50:58 PM   +12.30    11 4.375 :6.000  9-0-0

--------------------------------------------------------------

Engine-Match Wednesday, November 5, 2025 10:50:59 PM
 Blitz 2/1 

Pairing 12/12 :    V7P3R_v14.0  -  RandomOpponent

PGN-File: C:\Program Files (x86)\Arena\Tournaments\Engine Battle 20251105.pgn

No:  B/W 1/2     W:B       1:2           Time        Value Moves Dep 1:2       1-2-Draws
   9 W 1    1.0:0.0        9.0:0.0       10:51:46 PM  +289.97    11 4.273 :0 9-0-0

--------------------------------------------------------------

Engine-Match Wednesday, November 5, 2025 10:51:47 PM
 Blitz 2/1 

Pairing 1/12 :    V7P3R_v14.0  -  C0BR4_v3.1

PGN-File: C:\Program Files (x86)\Arena\Tournaments\Engine Battle 20251105.pgn

No:  B/W 1/2     W:B       1:2           Time        Value Moves Dep 1:2       1-2-Draws
  10 W 2    2.0:1.0        4.0:6.0       10:54:22 PM   +15.07    43 4.111 :4.000  3-5-2

--------------------------------------------------------------

Engine-Match Wednesday, November 5, 2025 10:54:24 PM
 Blitz 2/1 

Pairing 2/12 :    V7P3R_v14.0  -  SlowMate_v3.1

PGN-File: C:\Program Files (x86)\Arena\Tournaments\Engine Battle 20251105.pgn

No:  B/W 1/2     W:B       1:2           Time        Value Moves Dep 1:2       1-2-Draws
  10 = =    2.5:2.5        7.5:2.5       10:58:47 PM    +4.59    45 3.933 :3.208  5-0-5

--------------------------------------------------------------

Engine-Match Wednesday, November 5, 2025 10:58:48 PM
 Blitz 2/1 

Pairing 3/12 :    V7P3R_v14.0  -  Stockfish 1%

PGN-File: C:\Program Files (x86)\Arena\Tournaments\Engine Battle 20251105.pgn

No:  B/W 1/2     W:B       1:2           Time        Value Moves Dep 1:2       1-2-Draws
  10 W 2    1.0:0.0        1.0:9.0       11:02:06 PM   +21.00    71 3.629 :11.000  1-9-0

--------------------------------------------------------------

Engine-Match Wednesday, November 5, 2025 11:02:08 PM
 Blitz 2/1 

Pairing 4/12 :    V7P3R_v14.0  -  VPR_v8.1

PGN-File: C:\Program Files (x86)\Arena\Tournaments\Engine Battle 20251105.pgn

No:  B/W 1/2     W:B       1:2           Time        Value Moves Dep 1:2       1-2-Draws
  10 = =    3.0:3.0        7.0:3.0       11:04:15 PM    +1.00    24 3.882 :6.000  4-0-6

--------------------------------------------------------------

Engine-Match Wednesday, November 5, 2025 11:04:17 PM
 Blitz 2/1 

Pairing 5/12 :    V7P3R_v14.0  -  C0BR4_v2.9

PGN-File: C:\Program Files (x86)\Arena\Tournaments\Engine Battle 20251105.pgn

No:  B/W 1/2     W:B       1:2           Time        Value Moves Dep 1:2       1-2-Draws
  10 = =    3.0:3.0        5.0:5.0       11:06:24 PM     0.00    40 4.167 :4.000  2-2-6

--------------------------------------------------------------

Engine-Match Wednesday, November 5, 2025 11:06:26 PM
 Blitz 2/1 

Pairing 6/12 :    V7P3R_v14.0  -  V7P3R_v10.8

PGN-File: C:\Program Files (x86)\Arena\Tournaments\Engine Battle 20251105.pgn

No:  B/W 1/2     W:B       1:2           Time        Value Moves Dep 1:2       1-2-Draws
  10 = =    1.5:1.5        5.5:4.5       11:10:15 PM    +2.06    47 4.158 :3.391  4-3-3

--------------------------------------------------------------

Engine-Match Wednesday, November 5, 2025 11:10:17 PM
 Blitz 2/1 

Pairing 7/12 :    V7P3R_v14.0  -  V7P3R_v12.6

PGN-File: C:\Program Files (x86)\Arena\Tournaments\Engine Battle 20251105.pgn

No:  B/W 1/2     W:B       1:2           Time        Value Moves Dep 1:2       1-2-Draws
  10 B 1    3.0:2.0        5.0:5.0       11:12:55 PM    -9.86    20 3.923 :3.353  3-3-4

--------------------------------------------------------------

Engine-Match Wednesday, November 5, 2025 11:12:57 PM
 Blitz 2/1 

Pairing 8/12 :    V7P3R_v14.0  -  CaptureOpponent

PGN-File: C:\Program Files (x86)\Arena\Tournaments\Engine Battle 20251105.pgn

No:  B/W 1/2     W:B       1:2           Time        Value Moves Dep 1:2       1-2-Draws
  10 B 1    1.0:0.0        10.0:0.0      11:15:45 PM     0.00    18 4.545 :6.000  10-0-0

--------------------------------------------------------------

Engine-Match Wednesday, November 5, 2025 11:15:46 PM
 Blitz 2/1 

Pairing 9/12 :    V7P3R_v14.0  -  CoverageOpponent

PGN-File: C:\Program Files (x86)\Arena\Tournaments\Engine Battle 20251105.pgn

No:  B/W 1/2     W:B       1:2           Time        Value Moves Dep 1:2       1-2-Draws
  10 B 1    1.0:0.0        10.0:0.0      11:20:03 PM     0.00    32 3.741 :6.000  10-0-0

--------------------------------------------------------------

Engine-Match Wednesday, November 5, 2025 11:20:04 PM
 Blitz 2/1 

Pairing 10/12 :    V7P3R_v14.0  -  MaterialOpponent

PGN-File: C:\Program Files (x86)\Arena\Tournaments\Engine Battle 20251105.pgn

No:  B/W 1/2     W:B       1:2           Time        Value Moves Dep 1:2       1-2-Draws
  10 = =    2.5:2.5        6.5:3.5       11:22:40 PM    +1.00    28 3.810 :6.000  4-1-5

--------------------------------------------------------------

Engine-Match Wednesday, November 5, 2025 11:22:42 PM
 Blitz 2/1 

Pairing 11/12 :    V7P3R_v14.0  -  PositionalOpponent

PGN-File: C:\Program Files (x86)\Arena\Tournaments\Engine Battle 20251105.pgn

No:  B/W 1/2     W:B       1:2           Time        Value Moves Dep 1:2       1-2-Draws
  10 B 1    1.0:0.0        10.0:0.0      11:24:42 PM  -299.98    14 4.000 :6.000  10-0-0

--------------------------------------------------------------

Engine-Match Wednesday, November 5, 2025 11:24:43 PM
 Blitz 2/1 

Pairing 12/12 :    V7P3R_v14.0  -  RandomOpponent

PGN-File: C:\Program Files (x86)\Arena\Tournaments\Engine Battle 20251105.pgn

No:  B/W 1/2     W:B       1:2           Time        Value Moves Dep 1:2       1-2-Draws
  10 B 1    1.0:0.0        10.0:0.0      11:25:40 PM  -289.97    11 3.909 :0 10-0-0
