Engine-Match Wednesday, November 26, 2025 5:21:53 PM
 Blitz 5/5 

Pairing 1/15 :    MaterialOpponent_v2.0  -  V7P3R_v17.3

PGN-File: C:\Program Files (x86)\Arena\Tournaments\Engine Battle 20251126_2.pgn

No:  B/W 1/2     W:B       1:2           Time        Value Moves Dep 1:2       1-2-Draws
   1 B 2    1.0:0.0        0.0:1.0       5:24:11 PM  -289.99    11 9.545 :4.455  0-1-0

--------------------------------------------------------------

Engine-Match Wednesday, November 26, 2025 5:24:13 PM
 Blitz 5/5 

Pairing 2/15 :    V7P3R_v17.1  -  CoverageOpponent_v2.0

PGN-File: C:\Program Files (x86)\Arena\Tournaments\Engine Battle 20251126_2.pgn

No:  B/W 1/2     W:B       1:2           Time        Value Moves Dep 1:2       1-2-Draws
   1 W 1    1.0:0.0        1.0:0.0       5:27:50 PM  +289.98    16 4.143 :6.533  1-0-0

--------------------------------------------------------------

Engine-Match Wednesday, November 26, 2025 5:27:52 PM
 Blitz 5/5 

Pairing 3/15 :    PositionalOpponent_v2.0  -  Stockfish 1%

PGN-File: C:\Program Files (x86)\Arena\Tournaments\Engine Battle 20251126_2.pgn

No:  B/W 1/2     W:B       1:2           Time        Value Moves Dep 1:2       1-2-Draws
   1 B 2    1.0:0.0        0.0:1.0       5:29:46 PM      -M1    10 7.300 :23.500  0-1-0

--------------------------------------------------------------

Engine-Match Wednesday, November 26, 2025 5:29:47 PM
 Blitz 5/5 

Pairing 4/15 :    V7P3R_v17.1  -  MaterialOpponent_v2.0

PGN-File: C:\Program Files (x86)\Arena\Tournaments\Engine Battle 20251126_2.pgn

No:  B/W 1/2     W:B       1:2           Time        Value Moves Dep 1:2       1-2-Draws
   1 W 1    1.0:0.0        1.0:0.0       5:32:50 PM  +289.99    15 4.167 :9.154  1-0-0

--------------------------------------------------------------

Engine-Match Wednesday, November 26, 2025 5:32:52 PM
 Blitz 5/5 

Pairing 5/15 :    Stockfish 1%  -  V7P3R_v17.3

PGN-File: C:\Program Files (x86)\Arena\Tournaments\Engine Battle 20251126_2.pgn

No:  B/W 1/2     W:B       1:2           Time        Value Moves Dep 1:2       1-2-Draws
   1 W 1    1.0:0.0        1.0:0.0       5:36:39 PM   +12.80    59 14.545 :4.027  1-0-0

--------------------------------------------------------------

Engine-Match Wednesday, November 26, 2025 5:36:40 PM
 Blitz 5/5 

Pairing 6/15 :    CoverageOpponent_v2.0  -  PositionalOpponent_v2.0

PGN-File: C:\Program Files (x86)\Arena\Tournaments\Engine Battle 20251126_2.pgn

No:  B/W 1/2     W:B       1:2           Time        Value Moves Dep 1:2       1-2-Draws
   1 W 1    1.0:0.0        1.0:0.0       5:47:45 PM  +299.99    33 6.556 :7.222  1-0-0

--------------------------------------------------------------

Engine-Match Wednesday, November 26, 2025 5:47:46 PM
 Blitz 5/5 

Pairing 7/15 :    MaterialOpponent_v2.0  -  Stockfish 1%

PGN-File: C:\Program Files (x86)\Arena\Tournaments\Engine Battle 20251126_2.pgn

No:  B/W 1/2     W:B       1:2           Time        Value Moves Dep 1:2       1-2-Draws
   1 B 2    1.0:0.0        0.0:1.0       5:50:36 PM      -M1    15 8.733 :20.615  0-1-0

--------------------------------------------------------------

Engine-Match Wednesday, November 26, 2025 5:50:37 PM
 Blitz 5/5 

Pairing 8/15 :    PositionalOpponent_v2.0  -  V7P3R_v17.1

PGN-File: C:\Program Files (x86)\Arena\Tournaments\Engine Battle 20251126_2.pgn

No:  B/W 1/2     W:B       1:2           Time        Value Moves Dep 1:2       1-2-Draws
   1 B 2    1.0:0.0        0.0:1.0       5:53:52 PM   -14.90    14 6.929 :4.167  0-1-0

--------------------------------------------------------------

Engine-Match Wednesday, November 26, 2025 5:53:53 PM
 Blitz 5/5 

Pairing 9/15 :    V7P3R_v17.3  -  CoverageOpponent_v2.0

PGN-File: C:\Program Files (x86)\Arena\Tournaments\Engine Battle 20251126_2.pgn

No:  B/W 1/2     W:B       1:2           Time        Value Moves Dep 1:2       1-2-Draws
   1 W 1    1.0:0.0        1.0:0.0       5:57:18 PM  +289.98    16 4.571 :7.400  1-0-0

--------------------------------------------------------------

Engine-Match Wednesday, November 26, 2025 5:57:19 PM
 Blitz 5/5 

Pairing 10/15 :    PositionalOpponent_v2.0  -  MaterialOpponent_v2.0

PGN-File: C:\Program Files (x86)\Arena\Tournaments\Engine Battle 20251126_2.pgn

No:  B/W 1/2     W:B       1:2           Time        Value Moves Dep 1:2       1-2-Draws
   1 B 2    1.0:0.0        0.0:1.0       6:02:43 PM    -9.50    16 7.364 :9.500  0-1-0

--------------------------------------------------------------

Engine-Match Wednesday, November 26, 2025 6:02:45 PM
 Blitz 5/5 

Pairing 11/15 :    CoverageOpponent_v2.0  -  Stockfish 1%

PGN-File: C:\Program Files (x86)\Arena\Tournaments\Engine Battle 20251126_2.pgn

No:  B/W 1/2     W:B       1:2           Time        Value Moves Dep 1:2       1-2-Draws
   1 B 2    1.0:0.0        0.0:1.0       6:05:17 PM      -M1    13 6.385 :20.538  0-1-0

--------------------------------------------------------------

Engine-Match Wednesday, November 26, 2025 6:05:18 PM
 Blitz 5/5 

Pairing 12/15 :    V7P3R_v17.1  -  V7P3R_v17.3

PGN-File: C:\Program Files (x86)\Arena\Tournaments\Engine Battle 20251126_2.pgn

No:  B/W 1/2     W:B       1:2           Time        Value Moves Dep 1:2       1-2-Draws
   1 B 2    1.0:0.0        0.0:1.0       6:11:18 PM  -289.98    45 3.850 :3.875  0-1-0

--------------------------------------------------------------

Engine-Match Wednesday, November 26, 2025 6:11:20 PM
 Blitz 5/5 

Pairing 13/15 :    MaterialOpponent_v2.0  -  CoverageOpponent_v2.0

PGN-File: C:\Program Files (x86)\Arena\Tournaments\Engine Battle 20251126_2.pgn

No:  B/W 1/2     W:B       1:2           Time        Value Moves Dep 1:2       1-2-Draws
   1 W 1    1.0:0.0        1.0:0.0       6:27:53 PM  +299.99    52 8.879 :6.469  1-0-0

--------------------------------------------------------------

Engine-Match Wednesday, November 26, 2025 6:27:54 PM
 Blitz 5/5 

Pairing 14/15 :    V7P3R_v17.3  -  PositionalOpponent_v2.0

PGN-File: C:\Program Files (x86)\Arena\Tournaments\Engine Battle 20251126_2.pgn

No:  B/W 1/2     W:B       1:2           Time        Value Moves Dep 1:2       1-2-Draws
   1 W 1    1.0:0.0        1.0:0.0       6:31:52 PM  +289.98    18 4.176 :7.353  1-0-0

--------------------------------------------------------------

Engine-Match Wednesday, November 26, 2025 6:31:54 PM
 Blitz 5/5 

Pairing 15/15 :    Stockfish 1%  -  V7P3R_v17.1

PGN-File: C:\Program Files (x86)\Arena\Tournaments\Engine Battle 20251126_2.pgn

No:  B/W 1/2     W:B       1:2           Time        Value Moves Dep 1:2       1-2-Draws
   1 W 1    1.0:0.0        1.0:0.0       6:33:00 PM      +M1    20 15.529 :4.063  1-0-0

--------------------------------------------------------------

Engine-Match Wednesday, November 26, 2025 6:33:02 PM
 Blitz 5/5 

Pairing 1/15 :    MaterialOpponent_v2.0  -  V7P3R_v17.3

PGN-File: C:\Program Files (x86)\Arena\Tournaments\Engine Battle 20251126_2.pgn

No:  B/W 1/2     W:B       1:2           Time        Value Moves Dep 1:2       1-2-Draws
   2 W 2    1.0:0.0        0.0:2.0       6:36:48 PM  +289.98    18 8.824 :4.118  0-2-0

--------------------------------------------------------------

Engine-Match Wednesday, November 26, 2025 6:36:49 PM
 Blitz 5/5 

Pairing 2/15 :    V7P3R_v17.1  -  CoverageOpponent_v2.0

PGN-File: C:\Program Files (x86)\Arena\Tournaments\Engine Battle 20251126_2.pgn

No:  B/W 1/2     W:B       1:2           Time        Value Moves Dep 1:2       1-2-Draws
   2 B 1    1.0:0.0        2.0:0.0       6:43:06 PM  -289.97    26 4.115 :6.923  2-0-0

--------------------------------------------------------------

Engine-Match Wednesday, November 26, 2025 6:43:08 PM
 Blitz 5/5 

Pairing 3/15 :    PositionalOpponent_v2.0  -  Stockfish 1%

PGN-File: C:\Program Files (x86)\Arena\Tournaments\Engine Battle 20251126_2.pgn

No:  B/W 1/2     W:B       1:2           Time        Value Moves Dep 1:2       1-2-Draws
   2 W 2    1.0:0.0        0.0:2.0       6:45:14 PM      +M1    12 7.091 :24.000  0-2-0

--------------------------------------------------------------

Engine-Match Wednesday, November 26, 2025 6:45:15 PM
 Blitz 5/5 

Pairing 4/15 :    V7P3R_v17.1  -  MaterialOpponent_v2.0

PGN-File: C:\Program Files (x86)\Arena\Tournaments\Engine Battle 20251126_2.pgn

No:  B/W 1/2     W:B       1:2           Time        Value Moves Dep 1:2       1-2-Draws
   2 B 1    1.0:0.0        2.0:0.0       6:48:26 PM  -289.98    14 3.714 :8.929  2-0-0

--------------------------------------------------------------

Engine-Match Wednesday, November 26, 2025 6:48:28 PM
 Blitz 5/5 

Pairing 5/15 :    Stockfish 1%  -  V7P3R_v17.3

PGN-File: C:\Program Files (x86)\Arena\Tournaments\Engine Battle 20251126_2.pgn

No:  B/W 1/2     W:B       1:2           Time        Value Moves Dep 1:2       1-2-Draws
   2 B 1    1.0:0.0        2.0:0.0       6:50:01 PM      -M1    24 14.368 :4.316  2-0-0

--------------------------------------------------------------

Engine-Match Wednesday, November 26, 2025 6:50:08 PM
 Blitz 5/5 

Pairing 6/15 :    CoverageOpponent_v2.0  -  PositionalOpponent_v2.0

PGN-File: C:\Program Files (x86)\Arena\Tournaments\Engine Battle 20251126_2.pgn

No:  B/W 1/2     W:B       1:2           Time        Value Moves Dep 1:2       1-2-Draws
   2 W 2    1.0:0.0        1.0:1.0       6:57:40 PM  +299.99    23 6.600 :6.750  1-1-0

--------------------------------------------------------------

Engine-Match Wednesday, November 26, 2025 6:57:41 PM
 Blitz 5/5 

Pairing 7/15 :    MaterialOpponent_v2.0  -  Stockfish 1%

PGN-File: C:\Program Files (x86)\Arena\Tournaments\Engine Battle 20251126_2.pgn

No:  B/W 1/2     W:B       1:2           Time        Value Moves Dep 1:2       1-2-Draws
   2 W 2    1.0:0.0        0.0:2.0       7:01:46 PM      +M1    23 8.500 :16.938  0-2-0

--------------------------------------------------------------

Engine-Match Wednesday, November 26, 2025 7:01:47 PM
 Blitz 5/5 

Pairing 8/15 :    PositionalOpponent_v2.0  -  V7P3R_v17.1

PGN-File: C:\Program Files (x86)\Arena\Tournaments\Engine Battle 20251126_2.pgn

No:  B/W 1/2     W:B       1:2           Time        Value Moves Dep 1:2       1-2-Draws
   2 W 2    1.0:0.0        0.0:2.0       7:04:17 PM   +12.20    11 7.364 :4.300  0-2-0

--------------------------------------------------------------

Engine-Match Wednesday, November 26, 2025 7:04:18 PM
 Blitz 5/5 

Pairing 9/15 :    V7P3R_v17.3  -  CoverageOpponent_v2.0

PGN-File: C:\Program Files (x86)\Arena\Tournaments\Engine Battle 20251126_2.pgn

No:  B/W 1/2     W:B       1:2           Time        Value Moves Dep 1:2       1-2-Draws
   2 B 1    1.0:0.0        2.0:0.0       7:06:30 PM  -289.98     9 4.111 :6.778  2-0-0

--------------------------------------------------------------

Engine-Match Wednesday, November 26, 2025 7:06:31 PM
 Blitz 5/5 

Pairing 10/15 :    PositionalOpponent_v2.0  -  MaterialOpponent_v2.0

PGN-File: C:\Program Files (x86)\Arena\Tournaments\Engine Battle 20251126_2.pgn

No:  B/W 1/2     W:B       1:2           Time        Value Moves Dep 1:2       1-2-Draws
   2 W 2    1.0:0.0        0.0:2.0       7:14:03 PM  +299.99    23 7.444 :9.500  0-2-0

--------------------------------------------------------------

Engine-Match Wednesday, November 26, 2025 7:14:05 PM
 Blitz 5/5 

Pairing 11/15 :    CoverageOpponent_v2.0  -  Stockfish 1%

PGN-File: C:\Program Files (x86)\Arena\Tournaments\Engine Battle 20251126_2.pgn

No:  B/W 1/2     W:B       1:2           Time        Value Moves Dep 1:2       1-2-Draws
   2 W 2    1.0:0.0        0.0:2.0       7:16:15 PM      +M1    12 7.091 :22.000  0-2-0

--------------------------------------------------------------

Engine-Match Wednesday, November 26, 2025 7:16:16 PM
 Blitz 5/5 

Pairing 12/15 :    V7P3R_v17.1  -  V7P3R_v17.3

PGN-File: C:\Program Files (x86)\Arena\Tournaments\Engine Battle 20251126_2.pgn

No:  B/W 1/2     W:B       1:2           Time        Value Moves Dep 1:2       1-2-Draws
   2 = =    0.5:0.5        0.5:1.5       7:22:18 PM    -1.18    50 4.462 :4.571  0-1-1

--------------------------------------------------------------

Engine-Match Wednesday, November 26, 2025 7:22:19 PM
 Blitz 5/5 

Pairing 13/15 :    MaterialOpponent_v2.0  -  CoverageOpponent_v2.0

PGN-File: C:\Program Files (x86)\Arena\Tournaments\Engine Battle 20251126_2.pgn

No:  B/W 1/2     W:B       1:2           Time        Value Moves Dep 1:2       1-2-Draws
   2 B 1    1.0:0.0        2.0:0.0       7:31:44 PM  -299.99    28 9.071 :7.000  2-0-0

--------------------------------------------------------------

Engine-Match Wednesday, November 26, 2025 7:31:46 PM
 Blitz 5/5 

Pairing 14/15 :    V7P3R_v17.3  -  PositionalOpponent_v2.0

PGN-File: C:\Program Files (x86)\Arena\Tournaments\Engine Battle 20251126_2.pgn

No:  B/W 1/2     W:B       1:2           Time        Value Moves Dep 1:2       1-2-Draws
   2 B 1    1.0:0.0        2.0:0.0       7:34:56 PM  -289.98    13 4.308 :7.000  2-0-0

--------------------------------------------------------------

Engine-Match Wednesday, November 26, 2025 7:34:57 PM
 Blitz 5/5 

Pairing 15/15 :    Stockfish 1%  -  V7P3R_v17.1

PGN-File: C:\Program Files (x86)\Arena\Tournaments\Engine Battle 20251126_2.pgn

No:  B/W 1/2     W:B       1:2           Time        Value Moves Dep 1:2       1-2-Draws
   2 B 1    1.0:0.0        2.0:0.0       7:36:01 PM      -M1    17 19.357 :4.333  2-0-0
