Engine-Match Saturday, November 22, 2025 2:35:18 PM
 Blitz 1/1 

Pairing 1/10 :    V7P3R_v17.1  -  Stockfish 1%

PGN-File: C:\Program Files (x86)\Arena\Tournaments\Engine Battle 20251122.pgn

No:  B/W 1/2     W:B       1:2           Time        Value Moves Dep 1:2       1-2-Draws
   1 = =    0.5:0.5        0.5:0.5       2:37:07 PM     0.00    57 4.000 :8.800  0-0-1

--------------------------------------------------------------

Engine-Match Saturday, November 22, 2025 2:37:08 PM
 Blitz 1/1 

Pairing 2/10 :    SlowMate_v3.1  -  C0BR4_v3.2

PGN-File: C:\Program Files (x86)\Arena\Tournaments\Engine Battle 20251122.pgn

No:  B/W 1/2     W:B       1:2           Time        Value Moves Dep 1:2       1-2-Draws
   1 B 2    1.0:0.0        0.0:1.0       2:39:20 PM   -11.98    55 2.607 :4.000  0-1-0

--------------------------------------------------------------

Engine-Match Saturday, November 22, 2025 2:39:21 PM
 Blitz 1/1 

Pairing 3/10 :    V7P3R_v17.2  -  SlowMate_v3.1

PGN-File: C:\Program Files (x86)\Arena\Tournaments\Engine Battle 20251122.pgn

No:  B/W 1/2     W:B       1:2           Time        Value Moves Dep 1:2       1-2-Draws
   1 W 1    1.0:0.0        1.0:0.0       2:41:14 PM  +178.67    30 3.536 :2.967  1-0-0

--------------------------------------------------------------

Engine-Match Saturday, November 22, 2025 2:41:15 PM
 Blitz 1/1 

Pairing 4/10 :    C0BR4_v3.2  -  V7P3R_v17.1

PGN-File: C:\Program Files (x86)\Arena\Tournaments\Engine Battle 20251122.pgn

No:  B/W 1/2     W:B       1:2           Time        Value Moves Dep 1:2       1-2-Draws
   1 = =    0.5:0.5        0.5:0.5       2:43:12 PM    +8.67    55 4.000 :4.000  0-0-1

--------------------------------------------------------------

Engine-Match Saturday, November 22, 2025 2:43:13 PM
 Blitz 1/1 

Pairing 5/10 :    Stockfish 1%  -  C0BR4_v3.2

PGN-File: C:\Program Files (x86)\Arena\Tournaments\Engine Battle 20251122.pgn

No:  B/W 1/2     W:B       1:2           Time        Value Moves Dep 1:2       1-2-Draws
   1 W 1    1.0:0.0        1.0:0.0       2:43:34 PM      +M1    34 9.667 :4.000  1-0-0

--------------------------------------------------------------

Engine-Match Saturday, November 22, 2025 2:43:35 PM
 Blitz 1/1 

Pairing 6/10 :    V7P3R_v17.1  -  V7P3R_v17.2

PGN-File: C:\Program Files (x86)\Arena\Tournaments\Engine Battle 20251122.pgn

No:  B/W 1/2     W:B       1:2           Time        Value Moves Dep 1:2       1-2-Draws
   1 = =    0.5:0.5        0.5:0.5       2:46:31 PM    -0.80    43 3.316 :3.297  0-0-1

--------------------------------------------------------------

Engine-Match Saturday, November 22, 2025 2:46:32 PM
 Blitz 1/1 

Pairing 7/10 :    SlowMate_v3.1  -  V7P3R_v17.1

PGN-File: C:\Program Files (x86)\Arena\Tournaments\Engine Battle 20251122.pgn

No:  B/W 1/2     W:B       1:2           Time        Value Moves Dep 1:2       1-2-Draws
   1 B 2    1.0:0.0        0.0:1.0       2:48:50 PM  -289.97    31 2.828 :3.393  0-1-0

--------------------------------------------------------------

Engine-Match Saturday, November 22, 2025 2:48:51 PM
 Blitz 1/1 

Pairing 8/10 :    V7P3R_v17.2  -  Stockfish 1%

PGN-File: C:\Program Files (x86)\Arena\Tournaments\Engine Battle 20251122.pgn

No:  B/W 1/2     W:B       1:2           Time        Value Moves Dep 1:2       1-2-Draws
   1 = =    0.5:0.5        0.5:0.5       2:50:02 PM    +5.28    32 4.176 :6.400  0-0-1

--------------------------------------------------------------

Engine-Match Saturday, November 22, 2025 2:50:03 PM
 Blitz 1/1 

Pairing 9/10 :    C0BR4_v3.2  -  V7P3R_v17.2

PGN-File: C:\Program Files (x86)\Arena\Tournaments\Engine Battle 20251122.pgn

No:  B/W 1/2     W:B       1:2           Time        Value Moves Dep 1:2       1-2-Draws
   1 = =    0.5:0.5        0.5:0.5       2:51:31 PM    -0.38    39 4.000 :3.923  0-0-1

--------------------------------------------------------------

Engine-Match Saturday, November 22, 2025 2:51:32 PM
 Blitz 1/1 

Pairing 10/10 :    Stockfish 1%  -  SlowMate_v3.1

PGN-File: C:\Program Files (x86)\Arena\Tournaments\Engine Battle 20251122.pgn

No:  B/W 1/2     W:B       1:2           Time        Value Moves Dep 1:2       1-2-Draws
   1 = =    0.5:0.5        0.5:0.5       2:54:24 PM   -13.10    91 8.250 :3.313  0-0-1

--------------------------------------------------------------

Engine-Match Saturday, November 22, 2025 2:54:25 PM
 Blitz 1/1 

Pairing 1/10 :    V7P3R_v17.1  -  Stockfish 1%

PGN-File: C:\Program Files (x86)\Arena\Tournaments\Engine Battle 20251122.pgn

No:  B/W 1/2     W:B       1:2           Time        Value Moves Dep 1:2       1-2-Draws
   2 W 2    1.5:0.5        0.5:1.5       2:55:46 PM      +M1    31 3.963 :8.000  0-1-1

--------------------------------------------------------------

Engine-Match Saturday, November 22, 2025 2:55:48 PM
 Blitz 1/1 

Pairing 2/10 :    SlowMate_v3.1  -  C0BR4_v3.2

PGN-File: C:\Program Files (x86)\Arena\Tournaments\Engine Battle 20251122.pgn

No:  B/W 1/2     W:B       1:2           Time        Value Moves Dep 1:2       1-2-Draws
   2 = =    0.5:0.5        0.5:1.5       2:56:20 PM   +11.31    12 3.545 :4.000  0-1-1

--------------------------------------------------------------

Engine-Match Saturday, November 22, 2025 2:56:21 PM
 Blitz 1/1 

Pairing 3/10 :    V7P3R_v17.2  -  SlowMate_v3.1

PGN-File: C:\Program Files (x86)\Arena\Tournaments\Engine Battle 20251122.pgn

No:  B/W 1/2     W:B       1:2           Time        Value Moves Dep 1:2       1-2-Draws
   2 B 1    1.0:0.0        2.0:0.0       2:58:11 PM   -17.51    29 3.286 :2.828  2-0-0

--------------------------------------------------------------

Engine-Match Saturday, November 22, 2025 2:58:13 PM
 Blitz 1/1 

Pairing 4/10 :    C0BR4_v3.2  -  V7P3R_v17.1

PGN-File: C:\Program Files (x86)\Arena\Tournaments\Engine Battle 20251122.pgn

No:  B/W 1/2     W:B       1:2           Time        Value Moves Dep 1:2       1-2-Draws
   2 B 1    1.5:0.5        1.5:0.5       3:00:18 PM   -15.34    49 4.000 :3.556  1-0-1

--------------------------------------------------------------

Engine-Match Saturday, November 22, 2025 3:00:19 PM
 Blitz 1/1 

Pairing 5/10 :    Stockfish 1%  -  C0BR4_v3.2

PGN-File: C:\Program Files (x86)\Arena\Tournaments\Engine Battle 20251122.pgn

No:  B/W 1/2     W:B       1:2           Time        Value Moves Dep 1:2       1-2-Draws
   2 B 1    1.0:0.0        2.0:0.0       3:00:51 PM   -10.68    40 6.600 :4.000  2-0-0

--------------------------------------------------------------

Engine-Match Saturday, November 22, 2025 3:00:52 PM
 Blitz 1/1 

Pairing 6/10 :    V7P3R_v17.1  -  V7P3R_v17.2

PGN-File: C:\Program Files (x86)\Arena\Tournaments\Engine Battle 20251122.pgn

No:  B/W 1/2     W:B       1:2           Time        Value Moves Dep 1:2       1-2-Draws
   2 = =    1.0:1.0        1.0:1.0       3:02:38 PM    +0.90    30 3.125 :3.000  0-0-2

--------------------------------------------------------------

Engine-Match Saturday, November 22, 2025 3:02:39 PM
 Blitz 1/1 

Pairing 7/10 :    SlowMate_v3.1  -  V7P3R_v17.1

PGN-File: C:\Program Files (x86)\Arena\Tournaments\Engine Battle 20251122.pgn

No:  B/W 1/2     W:B       1:2           Time        Value Moves Dep 1:2       1-2-Draws
   2 W 2    1.0:0.0        0.0:2.0       3:04:51 PM   +11.49    32 2.778 :3.640  0-2-0

--------------------------------------------------------------

Engine-Match Saturday, November 22, 2025 3:04:53 PM
 Blitz 1/1 

Pairing 8/10 :    V7P3R_v17.2  -  Stockfish 1%

PGN-File: C:\Program Files (x86)\Arena\Tournaments\Engine Battle 20251122.pgn

No:  B/W 1/2     W:B       1:2           Time        Value Moves Dep 1:2       1-2-Draws
   2 B 1    1.5:0.5        1.5:0.5       3:05:55 PM  -289.98    30 3.500 :6.833  1-0-1

--------------------------------------------------------------

Engine-Match Saturday, November 22, 2025 3:05:56 PM
 Blitz 1/1 

Pairing 9/10 :    C0BR4_v3.2  -  V7P3R_v17.2

PGN-File: C:\Program Files (x86)\Arena\Tournaments\Engine Battle 20251122.pgn

No:  B/W 1/2     W:B       1:2           Time        Value Moves Dep 1:2       1-2-Draws
   2 W 2    1.5:0.5        0.5:1.5       3:07:45 PM  +289.98    44 4.000 :3.656  0-1-1

--------------------------------------------------------------

Engine-Match Saturday, November 22, 2025 3:07:47 PM
 Blitz 1/1 

Pairing 10/10 :    Stockfish 1%  -  SlowMate_v3.1

PGN-File: C:\Program Files (x86)\Arena\Tournaments\Engine Battle 20251122.pgn

No:  B/W 1/2     W:B       1:2           Time        Value Moves Dep 1:2       1-2-Draws
   2 B 1    1.5:0.5        1.5:0.5       3:08:44 PM      -M1    23 7.000 :2.739  1-0-1

--------------------------------------------------------------

Engine-Match Saturday, November 22, 2025 3:08:51 PM
 Blitz 1/1 

Pairing 1/10 :    V7P3R_v17.1  -  Stockfish 1%

PGN-File: C:\Program Files (x86)\Arena\Tournaments\Engine Battle 20251122.pgn

No:  B/W 1/2     W:B       1:2           Time        Value Moves Dep 1:2       1-2-Draws
   3 = =    1.0:1.0        1.0:2.0       3:11:50 PM     0.00   118 3.833 :7.500  0-1-2

--------------------------------------------------------------

Engine-Match Saturday, November 22, 2025 3:11:51 PM
 Blitz 1/1 

Pairing 2/10 :    SlowMate_v3.1  -  C0BR4_v3.2

PGN-File: C:\Program Files (x86)\Arena\Tournaments\Engine Battle 20251122.pgn

No:  B/W 1/2     W:B       1:2           Time        Value Moves Dep 1:2       1-2-Draws
   3 B 2    1.5:0.5        0.5:2.5       3:13:34 PM  -299.97    38 2.974 :4.000  0-2-1

--------------------------------------------------------------

Engine-Match Saturday, November 22, 2025 3:13:36 PM
 Blitz 1/1 

Pairing 3/10 :    V7P3R_v17.2  -  SlowMate_v3.1

PGN-File: C:\Program Files (x86)\Arena\Tournaments\Engine Battle 20251122.pgn

No:  B/W 1/2     W:B       1:2           Time        Value Moves Dep 1:2       1-2-Draws
   3 W 1    1.0:0.0        3.0:0.0       3:15:33 PM  +178.67    30 3.464 :2.900  3-0-0

--------------------------------------------------------------

Engine-Match Saturday, November 22, 2025 3:15:34 PM
 Blitz 1/1 

Pairing 4/10 :    C0BR4_v3.2  -  V7P3R_v17.1

PGN-File: C:\Program Files (x86)\Arena\Tournaments\Engine Battle 20251122.pgn

No:  B/W 1/2     W:B       1:2           Time        Value Moves Dep 1:2       1-2-Draws
   3 W 1    1.5:0.5        2.5:0.5       3:16:55 PM   +10.56    28 4.000 :3.815  2-0-1

--------------------------------------------------------------

Engine-Match Saturday, November 22, 2025 3:16:56 PM
 Blitz 1/1 

Pairing 5/10 :    Stockfish 1%  -  C0BR4_v3.2

PGN-File: C:\Program Files (x86)\Arena\Tournaments\Engine Battle 20251122.pgn

No:  B/W 1/2     W:B       1:2           Time        Value Moves Dep 1:2       1-2-Draws
   3 W 1    1.0:0.0        3.0:0.0       3:17:39 PM      +M1    53 8.600 :4.000  3-0-0

--------------------------------------------------------------

Engine-Match Saturday, November 22, 2025 3:17:40 PM
 Blitz 1/1 

Pairing 6/10 :    V7P3R_v17.1  -  V7P3R_v17.2

PGN-File: C:\Program Files (x86)\Arena\Tournaments\Engine Battle 20251122.pgn

No:  B/W 1/2     W:B       1:2           Time        Value Moves Dep 1:2       1-2-Draws
   3 W 1    2.0:1.0        2.0:1.0       3:20:58 PM  +289.99    56 3.163 :3.256  1-0-2

--------------------------------------------------------------

Engine-Match Saturday, November 22, 2025 3:20:59 PM
 Blitz 1/1 

Pairing 7/10 :    SlowMate_v3.1  -  V7P3R_v17.1

PGN-File: C:\Program Files (x86)\Arena\Tournaments\Engine Battle 20251122.pgn

No:  B/W 1/2     W:B       1:2           Time        Value Moves Dep 1:2       1-2-Draws
   3 B 2    1.0:0.0        0.0:3.0       3:23:21 PM  -200.00    34 2.706 :3.303  0-3-0

--------------------------------------------------------------

Engine-Match Saturday, November 22, 2025 3:23:23 PM
 Blitz 1/1 

Pairing 8/10 :    V7P3R_v17.2  -  Stockfish 1%

PGN-File: C:\Program Files (x86)\Arena\Tournaments\Engine Battle 20251122.pgn

No:  B/W 1/2     W:B       1:2           Time        Value Moves Dep 1:2       1-2-Draws
   3 B 2    1.5:0.5        1.5:1.5       3:26:25 PM     0.00    87 3.818 :7.500  1-1-1

--------------------------------------------------------------

Engine-Match Saturday, November 22, 2025 3:26:26 PM
 Blitz 1/1 

Pairing 9/10 :    C0BR4_v3.2  -  V7P3R_v17.2

PGN-File: C:\Program Files (x86)\Arena\Tournaments\Engine Battle 20251122.pgn

No:  B/W 1/2     W:B       1:2           Time        Value Moves Dep 1:2       1-2-Draws
   3 B 2    1.5:0.5        0.5:2.5       3:28:13 PM  -289.98    43 4.000 :4.000  0-2-1

--------------------------------------------------------------

Engine-Match Saturday, November 22, 2025 3:28:14 PM
 Blitz 1/1 

Pairing 10/10 :    Stockfish 1%  -  SlowMate_v3.1

PGN-File: C:\Program Files (x86)\Arena\Tournaments\Engine Battle 20251122.pgn

No:  B/W 1/2     W:B       1:2           Time        Value Moves Dep 1:2       1-2-Draws
   3 W 1    1.5:0.5        2.5:0.5       3:30:41 PM      +M1    75 7.000 :3.094  2-0-1

--------------------------------------------------------------

Engine-Match Saturday, November 22, 2025 3:30:42 PM
 Blitz 1/1 

Pairing 1/10 :    V7P3R_v17.1  -  Stockfish 1%

PGN-File: C:\Program Files (x86)\Arena\Tournaments\Engine Battle 20251122.pgn

No:  B/W 1/2     W:B       1:2           Time        Value Moves Dep 1:2       1-2-Draws
   4 = =    1.5:1.5        1.5:2.5       3:32:36 PM    -4.48    66 4.088 :7.000  0-1-3

--------------------------------------------------------------

Engine-Match Saturday, November 22, 2025 3:32:37 PM
 Blitz 1/1 

Pairing 2/10 :    SlowMate_v3.1  -  C0BR4_v3.2

PGN-File: C:\Program Files (x86)\Arena\Tournaments\Engine Battle 20251122.pgn

No:  B/W 1/2     W:B       1:2           Time        Value Moves Dep 1:2       1-2-Draws
   4 W 2    1.5:0.5        0.5:3.5       3:33:28 PM  +299.97    18 3.059 :4.000  0-3-1

--------------------------------------------------------------

Engine-Match Saturday, November 22, 2025 3:33:30 PM
 Blitz 1/1 

Pairing 3/10 :    V7P3R_v17.2  -  SlowMate_v3.1

PGN-File: C:\Program Files (x86)\Arena\Tournaments\Engine Battle 20251122.pgn

No:  B/W 1/2     W:B       1:2           Time        Value Moves Dep 1:2       1-2-Draws
   4 B 1    1.0:0.0        4.0:0.0       3:35:19 PM   -17.51    29 3.286 :2.828  4-0-0

--------------------------------------------------------------

Engine-Match Saturday, November 22, 2025 3:35:21 PM
 Blitz 1/1 

Pairing 4/10 :    C0BR4_v3.2  -  V7P3R_v17.1

PGN-File: C:\Program Files (x86)\Arena\Tournaments\Engine Battle 20251122.pgn

No:  B/W 1/2     W:B       1:2           Time        Value Moves Dep 1:2       1-2-Draws
   4 B 1    1.5:0.5        3.5:0.5       3:37:32 PM   -15.34    49 4.000 :3.511  3-0-1

--------------------------------------------------------------

Engine-Match Saturday, November 22, 2025 3:37:33 PM
 Blitz 1/1 

Pairing 5/10 :    Stockfish 1%  -  C0BR4_v3.2

PGN-File: C:\Program Files (x86)\Arena\Tournaments\Engine Battle 20251122.pgn

No:  B/W 1/2     W:B       1:2           Time        Value Moves Dep 1:2       1-2-Draws
   4 = =    0.5:0.5        3.5:0.5       3:39:29 PM     0.00   170 7.667 :4.000  3-0-1

--------------------------------------------------------------

Engine-Match Saturday, November 22, 2025 3:39:30 PM
 Blitz 1/1 

Pairing 6/10 :    V7P3R_v17.1  -  V7P3R_v17.2

PGN-File: C:\Program Files (x86)\Arena\Tournaments\Engine Battle 20251122.pgn

No:  B/W 1/2     W:B       1:2           Time        Value Moves Dep 1:2       1-2-Draws
   4 = =    1.5:1.5        2.5:1.5       3:41:26 PM    +0.84    31 3.115 :2.962  1-0-3

--------------------------------------------------------------

Engine-Match Saturday, November 22, 2025 3:41:27 PM
 Blitz 1/1 

Pairing 7/10 :    SlowMate_v3.1  -  V7P3R_v17.1

PGN-File: C:\Program Files (x86)\Arena\Tournaments\Engine Battle 20251122.pgn

No:  B/W 1/2     W:B       1:2           Time        Value Moves Dep 1:2       1-2-Draws
   4 W 2    1.0:0.0        0.0:4.0       3:43:33 PM  +289.97    31 2.733 :3.448  0-4-0

--------------------------------------------------------------

Engine-Match Saturday, November 22, 2025 3:43:35 PM
 Blitz 1/1 

Pairing 8/10 :    V7P3R_v17.2  -  Stockfish 1%

PGN-File: C:\Program Files (x86)\Arena\Tournaments\Engine Battle 20251122.pgn

No:  B/W 1/2     W:B       1:2           Time        Value Moves Dep 1:2       1-2-Draws
   4 W 2    1.5:0.5        1.5:2.5       3:46:01 PM   +13.00    78 3.600 :6.500  1-2-1

--------------------------------------------------------------

Engine-Match Saturday, November 22, 2025 3:46:02 PM
 Blitz 1/1 

Pairing 9/10 :    C0BR4_v3.2  -  V7P3R_v17.2

PGN-File: C:\Program Files (x86)\Arena\Tournaments\Engine Battle 20251122.pgn

No:  B/W 1/2     W:B       1:2           Time        Value Moves Dep 1:2       1-2-Draws
   4 = =    1.0:1.0        1.0:3.0       3:47:49 PM    +5.47    42 4.000 :3.586  0-2-2

--------------------------------------------------------------

Engine-Match Saturday, November 22, 2025 3:47:51 PM
 Blitz 1/1 

Pairing 10/10 :    Stockfish 1%  -  SlowMate_v3.1

PGN-File: C:\Program Files (x86)\Arena\Tournaments\Engine Battle 20251122.pgn

No:  B/W 1/2     W:B       1:2           Time        Value Moves Dep 1:2       1-2-Draws
   4 B 1    1.5:0.5        3.5:0.5       3:50:53 PM    -9.12    98 7.714 :3.037  3-0-1

--------------------------------------------------------------

Engine-Match Saturday, November 22, 2025 3:51:00 PM
 Blitz 1/1 

Pairing 1/10 :    V7P3R_v17.1  -  Stockfish 1%

PGN-File: C:\Program Files (x86)\Arena\Tournaments\Engine Battle 20251122.pgn

No:  B/W 1/2     W:B       1:2           Time        Value Moves Dep 1:2       1-2-Draws
   5 W 1    2.5:1.5        2.5:2.5       3:52:00 PM  +289.98    28 3.750 :8.500  1-1-3

--------------------------------------------------------------

Engine-Match Saturday, November 22, 2025 3:52:01 PM
 Blitz 1/1 

Pairing 2/10 :    SlowMate_v3.1  -  C0BR4_v3.2

PGN-File: C:\Program Files (x86)\Arena\Tournaments\Engine Battle 20251122.pgn

No:  B/W 1/2     W:B       1:2           Time        Value Moves Dep 1:2       1-2-Draws
   5 B 2    1.5:0.5        0.5:4.5       3:53:35 PM  -299.97    37 2.800 :4.000  0-4-1

--------------------------------------------------------------

Engine-Match Saturday, November 22, 2025 3:53:37 PM
 Blitz 1/1 

Pairing 3/10 :    V7P3R_v17.2  -  SlowMate_v3.1

PGN-File: C:\Program Files (x86)\Arena\Tournaments\Engine Battle 20251122.pgn

No:  B/W 1/2     W:B       1:2           Time        Value Moves Dep 1:2       1-2-Draws
   5 W 1    1.0:0.0        5.0:0.0       3:55:30 PM    +9.55    27 3.560 :2.704  5-0-0

--------------------------------------------------------------

Engine-Match Saturday, November 22, 2025 3:55:32 PM
 Blitz 1/1 

Pairing 4/10 :    C0BR4_v3.2  -  V7P3R_v17.1

PGN-File: C:\Program Files (x86)\Arena\Tournaments\Engine Battle 20251122.pgn

No:  B/W 1/2     W:B       1:2           Time        Value Moves Dep 1:2       1-2-Draws
   5 = =    1.0:1.0        4.0:1.0       3:57:07 PM    +2.13    45 4.000 :3.765  3-0-2

--------------------------------------------------------------

Engine-Match Saturday, November 22, 2025 3:57:09 PM
 Blitz 1/1 

Pairing 5/10 :    Stockfish 1%  -  C0BR4_v3.2

PGN-File: C:\Program Files (x86)\Arena\Tournaments\Engine Battle 20251122.pgn

No:  B/W 1/2     W:B       1:2           Time        Value Moves Dep 1:2       1-2-Draws
   5 W 1    1.5:0.5        4.5:0.5       3:57:35 PM      +M1    40 8.600 :4.000  4-0-1

--------------------------------------------------------------

Engine-Match Saturday, November 22, 2025 3:57:37 PM
 Blitz 1/1 

Pairing 6/10 :    V7P3R_v17.1  -  V7P3R_v17.2

PGN-File: C:\Program Files (x86)\Arena\Tournaments\Engine Battle 20251122.pgn

No:  B/W 1/2     W:B       1:2           Time        Value Moves Dep 1:2       1-2-Draws
   5 = =    2.0:2.0        3.0:2.0       3:59:31 PM    +0.84    27 3.227 :3.045  1-0-4

--------------------------------------------------------------

Engine-Match Saturday, November 22, 2025 3:59:33 PM
 Blitz 1/1 

Pairing 7/10 :    SlowMate_v3.1  -  V7P3R_v17.1

PGN-File: C:\Program Files (x86)\Arena\Tournaments\Engine Battle 20251122.pgn

No:  B/W 1/2     W:B       1:2           Time        Value Moves Dep 1:2       1-2-Draws
   5 B 2    1.0:0.0        0.0:5.0       4:01:33 PM   -13.03    26 2.769 :3.560  0-5-0

--------------------------------------------------------------

Engine-Match Saturday, November 22, 2025 4:01:34 PM
 Blitz 1/1 

Pairing 8/10 :    V7P3R_v17.2  -  Stockfish 1%

PGN-File: C:\Program Files (x86)\Arena\Tournaments\Engine Battle 20251122.pgn

No:  B/W 1/2     W:B       1:2           Time        Value Moves Dep 1:2       1-2-Draws
   5 W 1    1.5:0.5        2.5:2.5       4:03:14 PM  +289.99    44 3.909 :7.500  2-2-1

--------------------------------------------------------------

Engine-Match Saturday, November 22, 2025 4:03:16 PM
 Blitz 1/1 

Pairing 9/10 :    C0BR4_v3.2  -  V7P3R_v17.2

PGN-File: C:\Program Files (x86)\Arena\Tournaments\Engine Battle 20251122.pgn

No:  B/W 1/2     W:B       1:2           Time        Value Moves Dep 1:2       1-2-Draws
   5 = =    1.5:1.5        1.5:3.5       4:04:34 PM    +1.27    33 4.000 :3.722  0-2-3

--------------------------------------------------------------

Engine-Match Saturday, November 22, 2025 4:04:35 PM
 Blitz 1/1 

Pairing 10/10 :    Stockfish 1%  -  SlowMate_v3.1

PGN-File: C:\Program Files (x86)\Arena\Tournaments\Engine Battle 20251122.pgn

No:  B/W 1/2     W:B       1:2           Time        Value Moves Dep 1:2       1-2-Draws
   5 W 1    1.5:0.5        4.5:0.5       4:07:07 PM   +14.43    78 8.250 :3.132  4-0-1

--------------------------------------------------------------

Engine-Match Saturday, November 22, 2025 4:07:09 PM
 Blitz 1/1 

Pairing 1/10 :    V7P3R_v17.1  -  Stockfish 1%

PGN-File: C:\Program Files (x86)\Arena\Tournaments\Engine Battle 20251122.pgn

No:  B/W 1/2     W:B       1:2           Time        Value Moves Dep 1:2       1-2-Draws
   6 B 1    2.5:1.5        3.5:2.5       4:08:35 PM  -289.99    42 3.875 :7.500  2-1-3

--------------------------------------------------------------

Engine-Match Saturday, November 22, 2025 4:08:36 PM
 Blitz 1/1 

Pairing 2/10 :    SlowMate_v3.1  -  C0BR4_v3.2

PGN-File: C:\Program Files (x86)\Arena\Tournaments\Engine Battle 20251122.pgn

No:  B/W 1/2     W:B       1:2           Time        Value Moves Dep 1:2       1-2-Draws
   6 W 2    1.5:0.5        0.5:5.5       4:09:25 PM  +299.97    17 3.000 :3.867  0-5-1

--------------------------------------------------------------

Engine-Match Saturday, November 22, 2025 4:09:26 PM
 Blitz 1/1 

Pairing 3/10 :    V7P3R_v17.2  -  SlowMate_v3.1

PGN-File: C:\Program Files (x86)\Arena\Tournaments\Engine Battle 20251122.pgn

No:  B/W 1/2     W:B       1:2           Time        Value Moves Dep 1:2       1-2-Draws
   6 B 1    1.0:0.0        6.0:0.0       4:11:28 PM   -13.86    29 3.393 :2.759  6-0-0

--------------------------------------------------------------

Engine-Match Saturday, November 22, 2025 4:11:29 PM
 Blitz 1/1 

Pairing 4/10 :    C0BR4_v3.2  -  V7P3R_v17.1

PGN-File: C:\Program Files (x86)\Arena\Tournaments\Engine Battle 20251122.pgn

No:  B/W 1/2     W:B       1:2           Time        Value Moves Dep 1:2       1-2-Draws
   6 W 2    2.0:1.0        4.0:2.0       4:13:26 PM   +11.17    51 4.000 :3.676  3-1-2

--------------------------------------------------------------

Engine-Match Saturday, November 22, 2025 4:13:28 PM
 Blitz 1/1 

Pairing 5/10 :    Stockfish 1%  -  C0BR4_v3.2

PGN-File: C:\Program Files (x86)\Arena\Tournaments\Engine Battle 20251122.pgn

No:  B/W 1/2     W:B       1:2           Time        Value Moves Dep 1:2       1-2-Draws
   6 B 1    1.5:0.5        5.5:0.5       4:14:27 PM      -M1    96 7.000 :4.000  5-0-1

--------------------------------------------------------------

Engine-Match Saturday, November 22, 2025 4:14:28 PM
 Blitz 1/1 

Pairing 6/10 :    V7P3R_v17.1  -  V7P3R_v17.2

PGN-File: C:\Program Files (x86)\Arena\Tournaments\Engine Battle 20251122.pgn

No:  B/W 1/2     W:B       1:2           Time        Value Moves Dep 1:2       1-2-Draws
   6 = =    2.5:2.5        3.5:2.5       4:16:08 PM    +0.90    30 3.125 :3.000  1-0-5

--------------------------------------------------------------

Engine-Match Saturday, November 22, 2025 4:16:09 PM
 Blitz 1/1 

Pairing 7/10 :    SlowMate_v3.1  -  V7P3R_v17.1

PGN-File: C:\Program Files (x86)\Arena\Tournaments\Engine Battle 20251122.pgn

No:  B/W 1/2     W:B       1:2           Time        Value Moves Dep 1:2       1-2-Draws
   6 W 2    1.0:0.0        0.0:6.0       4:18:18 PM  +289.97    31 2.900 :3.724  0-6-0

--------------------------------------------------------------

Engine-Match Saturday, November 22, 2025 4:18:19 PM
 Blitz 1/1 

Pairing 8/10 :    V7P3R_v17.2  -  Stockfish 1%

PGN-File: C:\Program Files (x86)\Arena\Tournaments\Engine Battle 20251122.pgn

No:  B/W 1/2     W:B       1:2           Time        Value Moves Dep 1:2       1-2-Draws
   6 B 1    1.5:0.5        3.5:2.5       4:19:37 PM  -289.98    28 4.154 :7.000  3-2-1

--------------------------------------------------------------

Engine-Match Saturday, November 22, 2025 4:19:38 PM
 Blitz 1/1 

Pairing 9/10 :    C0BR4_v3.2  -  V7P3R_v17.2

PGN-File: C:\Program Files (x86)\Arena\Tournaments\Engine Battle 20251122.pgn

No:  B/W 1/2     W:B       1:2           Time        Value Moves Dep 1:2       1-2-Draws
   6 W 2    2.5:1.5        1.5:4.5       4:21:43 PM   +20.32    49 4.000 :3.657  0-3-3

--------------------------------------------------------------

Engine-Match Saturday, November 22, 2025 4:21:44 PM
 Blitz 1/1 

Pairing 10/10 :    Stockfish 1%  -  SlowMate_v3.1

PGN-File: C:\Program Files (x86)\Arena\Tournaments\Engine Battle 20251122.pgn

No:  B/W 1/2     W:B       1:2           Time        Value Moves Dep 1:2       1-2-Draws
   6 W 2    1.5:0.5        4.5:1.5       4:23:20 PM  +147.55    44 7.000 :2.886  4-1-1

--------------------------------------------------------------

Engine-Match Saturday, November 22, 2025 4:23:27 PM
 Blitz 1/1 

Pairing 1/10 :    V7P3R_v17.1  -  Stockfish 1%

PGN-File: C:\Program Files (x86)\Arena\Tournaments\Engine Battle 20251122.pgn

No:  B/W 1/2     W:B       1:2           Time        Value Moves Dep 1:2       1-2-Draws
   7 B 2    2.5:1.5        3.5:3.5       4:24:26 PM      -M1    27 3.870 :7.333  2-2-3

--------------------------------------------------------------

Engine-Match Saturday, November 22, 2025 4:24:27 PM
 Blitz 1/1 

Pairing 2/10 :    SlowMate_v3.1  -  C0BR4_v3.2

PGN-File: C:\Program Files (x86)\Arena\Tournaments\Engine Battle 20251122.pgn

No:  B/W 1/2     W:B       1:2           Time        Value Moves Dep 1:2       1-2-Draws
   7 = =    1.0:1.0        1.0:6.0       4:26:46 PM    -8.35    57 2.959 :4.000  0-5-2

--------------------------------------------------------------

Engine-Match Saturday, November 22, 2025 4:26:47 PM
 Blitz 1/1 

Pairing 3/10 :    V7P3R_v17.2  -  SlowMate_v3.1

PGN-File: C:\Program Files (x86)\Arena\Tournaments\Engine Battle 20251122.pgn

No:  B/W 1/2     W:B       1:2           Time        Value Moves Dep 1:2       1-2-Draws
   7 W 1    1.0:0.0        7.0:0.0       4:28:39 PM  +178.67    30 3.536 :2.967  7-0-0

--------------------------------------------------------------

Engine-Match Saturday, November 22, 2025 4:28:40 PM
 Blitz 1/1 

Pairing 4/10 :    C0BR4_v3.2  -  V7P3R_v17.1

PGN-File: C:\Program Files (x86)\Arena\Tournaments\Engine Battle 20251122.pgn

No:  B/W 1/2     W:B       1:2           Time        Value Moves Dep 1:2       1-2-Draws
   7 B 2    2.0:1.0        4.0:3.0       4:30:26 PM  -289.98    45 4.000 :4.256  3-2-2

--------------------------------------------------------------

Engine-Match Saturday, November 22, 2025 4:30:27 PM
 Blitz 1/1 

Pairing 5/10 :    Stockfish 1%  -  C0BR4_v3.2

PGN-File: C:\Program Files (x86)\Arena\Tournaments\Engine Battle 20251122.pgn

No:  B/W 1/2     W:B       1:2           Time        Value Moves Dep 1:2       1-2-Draws
   7 W 1    1.5:0.5        6.5:0.5       4:31:18 PM   +11.03    87 7.000 :4.000  6-0-1

--------------------------------------------------------------

Engine-Match Saturday, November 22, 2025 4:31:19 PM
 Blitz 1/1 

Pairing 6/10 :    V7P3R_v17.1  -  V7P3R_v17.2

PGN-File: C:\Program Files (x86)\Arena\Tournaments\Engine Battle 20251122.pgn

No:  B/W 1/2     W:B       1:2           Time        Value Moves Dep 1:2       1-2-Draws
   7 = =    3.0:3.0        4.0:3.0       4:34:32 PM    -0.58    47 3.310 :3.238  1-0-6

--------------------------------------------------------------

Engine-Match Saturday, November 22, 2025 4:34:33 PM
 Blitz 1/1 

Pairing 7/10 :    SlowMate_v3.1  -  V7P3R_v17.1

PGN-File: C:\Program Files (x86)\Arena\Tournaments\Engine Battle 20251122.pgn

No:  B/W 1/2     W:B       1:2           Time        Value Moves Dep 1:2       1-2-Draws
   7 B 2    1.0:0.0        0.0:7.0       4:37:49 PM   -13.01    54 2.889 :3.321  0-7-0

--------------------------------------------------------------

Engine-Match Saturday, November 22, 2025 4:37:51 PM
 Blitz 1/1 

Pairing 8/10 :    V7P3R_v17.2  -  Stockfish 1%

PGN-File: C:\Program Files (x86)\Arena\Tournaments\Engine Battle 20251122.pgn

No:  B/W 1/2     W:B       1:2           Time        Value Moves Dep 1:2       1-2-Draws
   7 = =    1.0:1.0        4.0:3.0       4:39:48 PM    -5.53    66 3.059 :7.333  3-2-2

--------------------------------------------------------------

Engine-Match Saturday, November 22, 2025 4:39:49 PM
 Blitz 1/1 

Pairing 9/10 :    C0BR4_v3.2  -  V7P3R_v17.2

PGN-File: C:\Program Files (x86)\Arena\Tournaments\Engine Battle 20251122.pgn

No:  B/W 1/2     W:B       1:2           Time        Value Moves Dep 1:2       1-2-Draws
   7 W 1    2.5:1.5        2.5:4.5       4:41:20 PM  +299.97    39 4.000 :3.919  1-3-3

--------------------------------------------------------------

Engine-Match Saturday, November 22, 2025 4:41:21 PM
 Blitz 1/1 

Pairing 10/10 :    Stockfish 1%  -  SlowMate_v3.1

PGN-File: C:\Program Files (x86)\Arena\Tournaments\Engine Battle 20251122.pgn

No:  B/W 1/2     W:B       1:2           Time        Value Moves Dep 1:2       1-2-Draws
   7 W 1    1.5:0.5        5.5:1.5       4:42:52 PM  +197.05    41 7.600 :2.750  5-1-1

--------------------------------------------------------------

Engine-Match Saturday, November 22, 2025 4:42:54 PM
 Blitz 1/1 

Pairing 1/10 :    V7P3R_v17.1  -  Stockfish 1%

PGN-File: C:\Program Files (x86)\Arena\Tournaments\Engine Battle 20251122.pgn

No:  B/W 1/2     W:B       1:2           Time        Value Moves Dep 1:2       1-2-Draws
   8 B 1    2.5:1.5        4.5:3.5       4:44:41 PM  -289.98    54 3.735 :6.250  3-2-3

--------------------------------------------------------------

Engine-Match Saturday, November 22, 2025 4:44:43 PM
 Blitz 1/1 

Pairing 2/10 :    SlowMate_v3.1  -  C0BR4_v3.2

PGN-File: C:\Program Files (x86)\Arena\Tournaments\Engine Battle 20251122.pgn

No:  B/W 1/2     W:B       1:2           Time        Value Moves Dep 1:2       1-2-Draws
   8 = =    1.5:1.5        1.5:6.5       4:45:58 PM    -2.33    29 3.069 :4.000  0-5-3

--------------------------------------------------------------

Engine-Match Saturday, November 22, 2025 4:45:59 PM
 Blitz 1/1 

Pairing 3/10 :    V7P3R_v17.2  -  SlowMate_v3.1

PGN-File: C:\Program Files (x86)\Arena\Tournaments\Engine Battle 20251122.pgn

No:  B/W 1/2     W:B       1:2           Time        Value Moves Dep 1:2       1-2-Draws
   8 B 1    1.0:0.0        8.0:0.0       4:48:01 PM   -13.86    29 3.393 :2.759  8-0-0

--------------------------------------------------------------

Engine-Match Saturday, November 22, 2025 4:48:02 PM
 Blitz 1/1 

Pairing 4/10 :    C0BR4_v3.2  -  V7P3R_v17.1

PGN-File: C:\Program Files (x86)\Arena\Tournaments\Engine Battle 20251122.pgn

No:  B/W 1/2     W:B       1:2           Time        Value Moves Dep 1:2       1-2-Draws
   8 B 1    2.0:1.0        5.0:3.0       4:50:04 PM   -15.34    49 4.000 :3.578  4-2-2

--------------------------------------------------------------

Engine-Match Saturday, November 22, 2025 4:50:05 PM
 Blitz 1/1 

Pairing 5/10 :    Stockfish 1%  -  C0BR4_v3.2

PGN-File: C:\Program Files (x86)\Arena\Tournaments\Engine Battle 20251122.pgn

No:  B/W 1/2     W:B       1:2           Time        Value Moves Dep 1:2       1-2-Draws
   8 = =    1.0:1.0        7.0:1.0       4:51:23 PM    +0.61   127 7.333 :4.000  6-0-2

--------------------------------------------------------------

Engine-Match Saturday, November 22, 2025 4:51:24 PM
 Blitz 1/1 

Pairing 6/10 :    V7P3R_v17.1  -  V7P3R_v17.2

PGN-File: C:\Program Files (x86)\Arena\Tournaments\Engine Battle 20251122.pgn

No:  B/W 1/2     W:B       1:2           Time        Value Moves Dep 1:2       1-2-Draws
   8 = =    3.5:3.5        4.5:3.5       4:53:04 PM    +0.90    30 3.125 :3.000  1-0-7

--------------------------------------------------------------

Engine-Match Saturday, November 22, 2025 4:53:05 PM
 Blitz 1/1 

Pairing 7/10 :    SlowMate_v3.1  -  V7P3R_v17.1

PGN-File: C:\Program Files (x86)\Arena\Tournaments\Engine Battle 20251122.pgn

No:  B/W 1/2     W:B       1:2           Time        Value Moves Dep 1:2       1-2-Draws
   8 W 2    1.0:0.0        0.0:8.0       4:55:10 PM  +178.67    30 2.967 :3.679  0-8-0

--------------------------------------------------------------

Engine-Match Saturday, November 22, 2025 4:55:11 PM
 Blitz 1/1 

Pairing 8/10 :    V7P3R_v17.2  -  Stockfish 1%

PGN-File: C:\Program Files (x86)\Arena\Tournaments\Engine Battle 20251122.pgn

No:  B/W 1/2     W:B       1:2           Time        Value Moves Dep 1:2       1-2-Draws
   8 W 2    2.0:1.0        4.0:4.0       4:57:01 PM      +M1    59 3.513 :7.600  3-3-2

--------------------------------------------------------------

Engine-Match Saturday, November 22, 2025 4:57:02 PM
 Blitz 1/1 

Pairing 9/10 :    C0BR4_v3.2  -  V7P3R_v17.2

PGN-File: C:\Program Files (x86)\Arena\Tournaments\Engine Battle 20251122.pgn

No:  B/W 1/2     W:B       1:2           Time        Value Moves Dep 1:2       1-2-Draws
   8 = =    2.0:2.0        3.0:5.0       4:59:18 PM    -4.62    50 4.000 :3.980  1-3-4

--------------------------------------------------------------

Engine-Match Saturday, November 22, 2025 4:59:19 PM
 Blitz 1/1 

Pairing 10/10 :    Stockfish 1%  -  SlowMate_v3.1

PGN-File: C:\Program Files (x86)\Arena\Tournaments\Engine Battle 20251122.pgn

No:  B/W 1/2     W:B       1:2           Time        Value Moves Dep 1:2       1-2-Draws
   8 B 1    1.5:0.5        6.5:1.5       5:01:37 PM      -M1    68 7.750 :2.441  6-1-1

--------------------------------------------------------------

Engine-Match Saturday, November 22, 2025 5:01:44 PM
 Blitz 1/1 

Pairing 1/10 :    V7P3R_v17.1  -  Stockfish 1%

PGN-File: C:\Program Files (x86)\Arena\Tournaments\Engine Battle 20251122.pgn

No:  B/W 1/2     W:B       1:2           Time        Value Moves Dep 1:2       1-2-Draws
   9 B 2    2.5:1.5        4.5:4.5       5:02:30 PM      -M1    22 4.000 :6.750  3-3-3

--------------------------------------------------------------

Engine-Match Saturday, November 22, 2025 5:02:31 PM
 Blitz 1/1 

Pairing 2/10 :    SlowMate_v3.1  -  C0BR4_v3.2

PGN-File: C:\Program Files (x86)\Arena\Tournaments\Engine Battle 20251122.pgn

No:  B/W 1/2     W:B       1:2           Time        Value Moves Dep 1:2       1-2-Draws
   9 W 1    2.5:1.5        2.5:6.5       5:03:26 PM  +156.95    19 3.105 :3.941  1-5-3

--------------------------------------------------------------

Engine-Match Saturday, November 22, 2025 5:03:27 PM
 Blitz 1/1 

Pairing 3/10 :    V7P3R_v17.2  -  SlowMate_v3.1

PGN-File: C:\Program Files (x86)\Arena\Tournaments\Engine Battle 20251122.pgn

No:  B/W 1/2     W:B       1:2           Time        Value Moves Dep 1:2       1-2-Draws
   9 W 1    1.0:0.0        9.0:0.0       5:05:20 PM  +178.67    30 3.536 :2.933  9-0-0

--------------------------------------------------------------

Engine-Match Saturday, November 22, 2025 5:05:21 PM
 Blitz 1/1 

Pairing 4/10 :    C0BR4_v3.2  -  V7P3R_v17.1

PGN-File: C:\Program Files (x86)\Arena\Tournaments\Engine Battle 20251122.pgn

No:  B/W 1/2     W:B       1:2           Time        Value Moves Dep 1:2       1-2-Draws
   9 B 2    2.0:1.0        5.0:4.0       5:08:12 PM  -299.97    59 4.000 :3.582  4-3-2

--------------------------------------------------------------

Engine-Match Saturday, November 22, 2025 5:08:13 PM
 Blitz 1/1 

Pairing 5/10 :    Stockfish 1%  -  C0BR4_v3.2

PGN-File: C:\Program Files (x86)\Arena\Tournaments\Engine Battle 20251122.pgn

No:  B/W 1/2     W:B       1:2           Time        Value Moves Dep 1:2       1-2-Draws
   9 W 1    2.0:1.0        8.0:1.0       5:11:49 PM     0.00   108 0:4.000  7-0-2

--------------------------------------------------------------

Engine-Match Saturday, November 22, 2025 5:11:50 PM
 Blitz 1/1 

Pairing 6/10 :    V7P3R_v17.1  -  V7P3R_v17.2

PGN-File: C:\Program Files (x86)\Arena\Tournaments\Engine Battle 20251122.pgn

No:  B/W 1/2     W:B       1:2           Time        Value Moves Dep 1:2       1-2-Draws
   9 W 1    4.5:3.5        5.5:3.5       5:15:45 PM   +15.94    73 3.140 :3.233  2-0-7

--------------------------------------------------------------

Engine-Match Saturday, November 22, 2025 5:15:46 PM
 Blitz 1/1 

Pairing 7/10 :    SlowMate_v3.1  -  V7P3R_v17.1

PGN-File: C:\Program Files (x86)\Arena\Tournaments\Engine Battle 20251122.pgn

No:  B/W 1/2     W:B       1:2           Time        Value Moves Dep 1:2       1-2-Draws
   9 B 2    1.0:0.0        0.0:9.0       5:18:12 PM  -289.97    34 2.794 :3.353  0-9-0

--------------------------------------------------------------

Engine-Match Saturday, November 22, 2025 5:18:14 PM
 Blitz 1/1 

Pairing 8/10 :    V7P3R_v17.2  -  Stockfish 1%

PGN-File: C:\Program Files (x86)\Arena\Tournaments\Engine Battle 20251122.pgn

No:  B/W 1/2     W:B       1:2           Time        Value Moves Dep 1:2       1-2-Draws
   9 W 1    2.0:1.0        5.0:4.0       5:19:35 PM  +289.98    37 3.514 :0 4-3-2

--------------------------------------------------------------

Engine-Match Saturday, November 22, 2025 5:19:36 PM
 Blitz 1/1 

Pairing 9/10 :    C0BR4_v3.2  -  V7P3R_v17.2

PGN-File: C:\Program Files (x86)\Arena\Tournaments\Engine Battle 20251122.pgn

No:  B/W 1/2     W:B       1:2           Time        Value Moves Dep 1:2       1-2-Draws
   9 B 2    3.0:2.0        3.0:6.0       5:21:40 PM  -289.98    43 4.000 :4.000  1-4-4

--------------------------------------------------------------

Engine-Match Saturday, November 22, 2025 5:21:42 PM
 Blitz 1/1 

Pairing 10/10 :    Stockfish 1%  -  SlowMate_v3.1

PGN-File: C:\Program Files (x86)\Arena\Tournaments\Engine Battle 20251122.pgn

No:  B/W 1/2     W:B       1:2           Time        Value Moves Dep 1:2       1-2-Draws
   9 W 1    1.5:0.5        7.5:1.5       5:22:43 PM      +M1    26 0:2.680  7-1-1

--------------------------------------------------------------

Engine-Match Saturday, November 22, 2025 5:22:44 PM
 Blitz 1/1 

Pairing 1/10 :    V7P3R_v17.1  -  Stockfish 1%

PGN-File: C:\Program Files (x86)\Arena\Tournaments\Engine Battle 20251122.pgn

No:  B/W 1/2     W:B       1:2           Time        Value Moves Dep 1:2       1-2-Draws
  10 W 2    2.5:1.5        4.5:5.5       5:24:50 PM   +10.06    75 4.212 :7.000  3-4-3

--------------------------------------------------------------

Engine-Match Saturday, November 22, 2025 5:24:51 PM
 Blitz 1/1 

Pairing 2/10 :    SlowMate_v3.1  -  C0BR4_v3.2

PGN-File: C:\Program Files (x86)\Arena\Tournaments\Engine Battle 20251122.pgn

No:  B/W 1/2     W:B       1:2           Time        Value Moves Dep 1:2       1-2-Draws
  10 W 2    2.5:1.5        2.5:7.5       5:25:45 PM  +299.97    18 3.059 :4.000  1-6-3

--------------------------------------------------------------

Engine-Match Saturday, November 22, 2025 5:25:46 PM
 Blitz 1/1 

Pairing 3/10 :    V7P3R_v17.2  -  SlowMate_v3.1

PGN-File: C:\Program Files (x86)\Arena\Tournaments\Engine Battle 20251122.pgn

No:  B/W 1/2     W:B       1:2           Time        Value Moves Dep 1:2       1-2-Draws
  10 B 1    1.0:0.0        10.0:0.0      5:27:30 PM   -12.60    26 3.333 :2.818  10-0-0

--------------------------------------------------------------

Engine-Match Saturday, November 22, 2025 5:27:32 PM
 Blitz 1/1 

Pairing 4/10 :    C0BR4_v3.2  -  V7P3R_v17.1

PGN-File: C:\Program Files (x86)\Arena\Tournaments\Engine Battle 20251122.pgn

No:  B/W 1/2     W:B       1:2           Time        Value Moves Dep 1:2       1-2-Draws
  10 W 2    2.0:1.0        5.0:5.0       5:28:48 PM   +13.26    28 4.000 :3.760  4-4-2

--------------------------------------------------------------

Engine-Match Saturday, November 22, 2025 5:28:49 PM
 Blitz 1/1 

Pairing 5/10 :    Stockfish 1%  -  C0BR4_v3.2

PGN-File: C:\Program Files (x86)\Arena\Tournaments\Engine Battle 20251122.pgn

No:  B/W 1/2     W:B       1:2           Time        Value Moves Dep 1:2       1-2-Draws
  10 = =    1.5:1.5        8.5:1.5       5:29:34 PM     0.00    45 5.500 :4.000  7-0-3

--------------------------------------------------------------

Engine-Match Saturday, November 22, 2025 5:29:35 PM
 Blitz 1/1 

Pairing 6/10 :    V7P3R_v17.1  -  V7P3R_v17.2

PGN-File: C:\Program Files (x86)\Arena\Tournaments\Engine Battle 20251122.pgn

No:  B/W 1/2     W:B       1:2           Time        Value Moves Dep 1:2       1-2-Draws
  10 = =    4.0:4.0        6.0:4.0       5:31:29 PM    +0.84    31 3.115 :2.962  2-0-8

--------------------------------------------------------------

Engine-Match Saturday, November 22, 2025 5:31:31 PM
 Blitz 1/1 

Pairing 7/10 :    SlowMate_v3.1  -  V7P3R_v17.1

PGN-File: C:\Program Files (x86)\Arena\Tournaments\Engine Battle 20251122.pgn

No:  B/W 1/2     W:B       1:2           Time        Value Moves Dep 1:2       1-2-Draws
  10 W 2    1.0:0.0        0.0:10.0      5:33:42 PM   +11.49    32 2.741 :3.600  0-10-0

--------------------------------------------------------------

Engine-Match Saturday, November 22, 2025 5:33:44 PM
 Blitz 1/1 

Pairing 8/10 :    V7P3R_v17.2  -  Stockfish 1%

PGN-File: C:\Program Files (x86)\Arena\Tournaments\Engine Battle 20251122.pgn

No:  B/W 1/2     W:B       1:2           Time        Value Moves Dep 1:2       1-2-Draws
  10 B 1    2.0:1.0        6.0:4.0       5:35:17 PM  -289.98    45 3.792 :4.500  5-3-2

--------------------------------------------------------------

Engine-Match Saturday, November 22, 2025 5:35:19 PM
 Blitz 1/1 

Pairing 9/10 :    C0BR4_v3.2  -  V7P3R_v17.2

PGN-File: C:\Program Files (x86)\Arena\Tournaments\Engine Battle 20251122.pgn

No:  B/W 1/2     W:B       1:2           Time        Value Moves Dep 1:2       1-2-Draws
  10 W 2    3.0:2.0        3.0:7.0       5:36:27 PM   +13.86    31 4.000 :4.167  1-5-4

--------------------------------------------------------------

Engine-Match Saturday, November 22, 2025 5:36:28 PM
 Blitz 1/1 

Pairing 10/10 :    Stockfish 1%  -  SlowMate_v3.1

PGN-File: C:\Program Files (x86)\Arena\Tournaments\Engine Battle 20251122.pgn

No:  B/W 1/2     W:B       1:2           Time        Value Moves Dep 1:2       1-2-Draws
  10 B 1    1.5:0.5        8.5:1.5       5:39:28 PM   -14.48    94 7.500 :2.519  8-1-1
