Engine-Match Thursday, November 20, 2025 4:21:18 PM
 Blitz 1/1 

Pairing 1/45 :    V7P3R_v16.2  -  V7P3R_v14.1

PGN-File: C:\Program Files (x86)\Arena\Tournaments\Engine Battle 20251120_2.pgn

No:  B/W 1/2     W:B       1:2           Time        Value Moves Dep 1:2       1-2-Draws
   1 B 2    1.0:0.0        0.0:1.0       4:22:44 PM   -15.86    15 5.538 :3.231  0-1-0

--------------------------------------------------------------

Engine-Match Thursday, November 20, 2025 4:22:45 PM
 Blitz 1/1 

Pairing 2/45 :    Stockfish 1%  -  C0BR4_v3.2

PGN-File: C:\Program Files (x86)\Arena\Tournaments\Engine Battle 20251120_2.pgn

No:  B/W 1/2     W:B       1:2           Time        Value Moves Dep 1:2       1-2-Draws
   1 W 1    1.0:0.0        1.0:0.0       4:23:11 PM      +M1    33 6.667 :4.000  1-0-0

--------------------------------------------------------------

Engine-Match Thursday, November 20, 2025 4:23:12 PM
 Blitz 1/1 

Pairing 3/45 :    CaptureOpponent_v3.0  -  SlowMate_v3.1

PGN-File: C:\Program Files (x86)\Arena\Tournaments\Engine Battle 20251120_2.pgn

No:  B/W 1/2     W:B       1:2           Time        Value Moves Dep 1:2       1-2-Draws
   1 B 2    1.0:0.0        0.0:1.0       4:23:41 PM  -139.47    10 2.000 :3.400  0-1-0

--------------------------------------------------------------

Engine-Match Thursday, November 20, 2025 4:23:43 PM
 Blitz 1/1 

Pairing 4/45 :    RandomOpponent  -  CoverageOpponent_v2.0

PGN-File: C:\Program Files (x86)\Arena\Tournaments\Engine Battle 20251120_2.pgn

No:  B/W 1/2     W:B       1:2           Time        Value Moves Dep 1:2       1-2-Draws
   1 B 2    1.0:0.0        0.0:1.0       4:25:06 PM  -299.99    19 0:5.526  0-1-0

--------------------------------------------------------------

Engine-Match Thursday, November 20, 2025 4:25:07 PM
 Blitz 1/1 

Pairing 5/45 :    MaterialOpponent_v2.0  -  PositionalOpponent_v2.0

PGN-File: C:\Program Files (x86)\Arena\Tournaments\Engine Battle 20251120_2.pgn

No:  B/W 1/2     W:B       1:2           Time        Value Moves Dep 1:2       1-2-Draws
   1 W 1    1.0:0.0        1.0:0.0       4:27:14 PM   +11.90    13 8.846 :6.538  1-0-0

--------------------------------------------------------------

Engine-Match Thursday, November 20, 2025 4:27:16 PM
 Blitz 1/1 

Pairing 6/45 :    Stockfish 1%  -  V7P3R_v16.2

PGN-File: C:\Program Files (x86)\Arena\Tournaments\Engine Battle 20251120_2.pgn

No:  B/W 1/2     W:B       1:2           Time        Value Moves Dep 1:2       1-2-Draws
   1 W 1    1.0:0.0        1.0:0.0       4:29:05 PM    +9.00    29 8.000 :5.565  1-0-0

--------------------------------------------------------------

Engine-Match Thursday, November 20, 2025 4:29:06 PM
 Blitz 1/1 

Pairing 7/45 :    SlowMate_v3.1  -  V7P3R_v14.1

PGN-File: C:\Program Files (x86)\Arena\Tournaments\Engine Battle 20251120_2.pgn

No:  B/W 1/2     W:B       1:2           Time        Value Moves Dep 1:2       1-2-Draws
   1 B 2    1.0:0.0        0.0:1.0       4:31:46 PM   -12.02    47 3.152 :3.370  0-1-0

--------------------------------------------------------------

Engine-Match Thursday, November 20, 2025 4:31:48 PM
 Blitz 1/1 

Pairing 8/45 :    C0BR4_v3.2  -  RandomOpponent

PGN-File: C:\Program Files (x86)\Arena\Tournaments\Engine Battle 20251120_2.pgn

No:  B/W 1/2     W:B       1:2           Time        Value Moves Dep 1:2       1-2-Draws
   1 W 1    1.0:0.0        1.0:0.0       4:32:07 PM  +299.97    17 3.867 :0 1-0-0

--------------------------------------------------------------

Engine-Match Thursday, November 20, 2025 4:32:08 PM
 Blitz 1/1 

Pairing 9/45 :    PositionalOpponent_v2.0  -  CaptureOpponent_v3.0

PGN-File: C:\Program Files (x86)\Arena\Tournaments\Engine Battle 20251120_2.pgn

No:  B/W 1/2     W:B       1:2           Time        Value Moves Dep 1:2       1-2-Draws
   1 B 2    1.0:0.0        0.0:1.0       4:34:05 PM    -9.50    44 6.176 :2.000  0-1-0

--------------------------------------------------------------

Engine-Match Thursday, November 20, 2025 4:34:06 PM
 Blitz 1/1 

Pairing 10/45 :    CoverageOpponent_v2.0  -  MaterialOpponent_v2.0

PGN-File: C:\Program Files (x86)\Arena\Tournaments\Engine Battle 20251120_2.pgn

No:  B/W 1/2     W:B       1:2           Time        Value Moves Dep 1:2       1-2-Draws
   1 B 2    1.0:0.0        0.0:1.0       4:37:09 PM  -299.99    26 6.143 :8.450  0-1-0

--------------------------------------------------------------

Engine-Match Thursday, November 20, 2025 4:37:10 PM
 Blitz 1/1 

Pairing 11/45 :    V7P3R_v16.2  -  SlowMate_v3.1

PGN-File: C:\Program Files (x86)\Arena\Tournaments\Engine Battle 20251120_2.pgn

No:  B/W 1/2     W:B       1:2           Time        Value Moves Dep 1:2       1-2-Draws
   1 B 2    1.0:0.0        0.0:1.0       4:38:39 PM   -11.86    12 5.700 :3.273  0-1-0

--------------------------------------------------------------

Engine-Match Thursday, November 20, 2025 4:38:41 PM
 Blitz 1/1 

Pairing 12/45 :    RandomOpponent  -  Stockfish 1%

PGN-File: C:\Program Files (x86)\Arena\Tournaments\Engine Battle 20251120_2.pgn

No:  B/W 1/2     W:B       1:2           Time        Value Moves Dep 1:2       1-2-Draws
   1 B 2    1.0:0.0        0.0:1.0       4:39:10 PM      -M1    74 0:9.333  0-1-0

--------------------------------------------------------------

Engine-Match Thursday, November 20, 2025 4:39:11 PM
 Blitz 1/1 

Pairing 13/45 :    V7P3R_v14.1  -  PositionalOpponent_v2.0

PGN-File: C:\Program Files (x86)\Arena\Tournaments\Engine Battle 20251120_2.pgn

No:  B/W 1/2     W:B       1:2           Time        Value Moves Dep 1:2       1-2-Draws
   1 W 1    1.0:0.0        1.0:0.0       4:40:26 PM   +14.00    12 3.200 :6.583  1-0-0

--------------------------------------------------------------

Engine-Match Thursday, November 20, 2025 4:40:27 PM
 Blitz 1/1 

Pairing 14/45 :    MaterialOpponent_v2.0  -  C0BR4_v3.2

PGN-File: C:\Program Files (x86)\Arena\Tournaments\Engine Battle 20251120_2.pgn

No:  B/W 1/2     W:B       1:2           Time        Value Moves Dep 1:2       1-2-Draws
   1 B 2    1.0:0.0        0.0:1.0       4:42:15 PM   -17.20    27 8.190 :4.000  0-1-0

--------------------------------------------------------------

Engine-Match Thursday, November 20, 2025 4:42:17 PM
 Blitz 1/1 

Pairing 15/45 :    CaptureOpponent_v3.0  -  CoverageOpponent_v2.0

PGN-File: C:\Program Files (x86)\Arena\Tournaments\Engine Battle 20251120_2.pgn

No:  B/W 1/2     W:B       1:2           Time        Value Moves Dep 1:2       1-2-Draws
   1 = =    0.5:0.5        0.5:0.5       4:44:33 PM    +0.37    53 2.000 :6.083  0-0-1

--------------------------------------------------------------

Engine-Match Thursday, November 20, 2025 4:44:48 PM
 Blitz 1/1 

Pairing 16/45 :    RandomOpponent  -  V7P3R_v16.2

PGN-File: C:\Program Files (x86)\Arena\Tournaments\Engine Battle 20251120_2.pgn

No:  B/W 1/2     W:B       1:2           Time        Value Moves Dep 1:2       1-2-Draws
   1 B 2    1.0:0.0        0.0:1.0       4:46:27 PM  -299.99    31 0:5.818  0-1-0

--------------------------------------------------------------

Engine-Match Thursday, November 20, 2025 4:46:28 PM
 Blitz 1/1 

Pairing 18/45 :    Stockfish 1%  -  MaterialOpponent_v2.0

PGN-File: C:\Program Files (x86)\Arena\Tournaments\Engine Battle 20251120_2.pgn

No:  B/W 1/2     W:B       1:2           Time        Value Moves Dep 1:2       1-2-Draws
   1 W 1    1.0:0.0        1.0:0.0       4:47:42 PM   +10.00    15 8.667 :8.200  1-0-0

--------------------------------------------------------------

Engine-Match Thursday, November 20, 2025 4:47:43 PM
 Blitz 1/1 

Pairing 19/45 :    CoverageOpponent_v2.0  -  V7P3R_v14.1

PGN-File: C:\Program Files (x86)\Arena\Tournaments\Engine Battle 20251120_2.pgn

No:  B/W 1/2     W:B       1:2           Time        Value Moves Dep 1:2       1-2-Draws
   1 B 2    1.0:0.0        0.0:1.0       4:50:07 PM  -289.97    29 6.632 :3.278  0-1-0

--------------------------------------------------------------

Engine-Match Thursday, November 20, 2025 4:50:09 PM
 Blitz 1/1 

Pairing 20/45 :    C0BR4_v3.2  -  CaptureOpponent_v3.0

PGN-File: C:\Program Files (x86)\Arena\Tournaments\Engine Battle 20251120_2.pgn

No:  B/W 1/2     W:B       1:2           Time        Value Moves Dep 1:2       1-2-Draws
   1 W 1    1.0:0.0        1.0:0.0       4:50:26 PM    +M500     5 4.000 :2.000  1-0-0

--------------------------------------------------------------

Engine-Match Thursday, November 20, 2025 4:50:27 PM
 Blitz 1/1 

Pairing 21/45 :    V7P3R_v16.2  -  PositionalOpponent_v2.0

PGN-File: C:\Program Files (x86)\Arena\Tournaments\Engine Battle 20251120_2.pgn

No:  B/W 1/2     W:B       1:2           Time        Value Moves Dep 1:2       1-2-Draws
   1 W 1    1.0:0.0        1.0:0.0       4:53:02 PM   +13.20    20 6.769 :6.538  1-0-0

--------------------------------------------------------------

Engine-Match Thursday, November 20, 2025 4:53:03 PM
 Blitz 1/1 

Pairing 22/45 :    MaterialOpponent_v2.0  -  RandomOpponent

PGN-File: C:\Program Files (x86)\Arena\Tournaments\Engine Battle 20251120_2.pgn

No:  B/W 1/2     W:B       1:2           Time        Value Moves Dep 1:2       1-2-Draws
   1 = =    0.5:0.5        0.5:0.5       4:54:55 PM   +37.70    36 8.028 :0 0-0-1

--------------------------------------------------------------

Engine-Match Thursday, November 20, 2025 4:54:57 PM
 Blitz 1/1 

Pairing 23/45 :    SlowMate_v3.1  -  CoverageOpponent_v2.0

PGN-File: C:\Program Files (x86)\Arena\Tournaments\Engine Battle 20251120_2.pgn

No:  B/W 1/2     W:B       1:2           Time        Value Moves Dep 1:2       1-2-Draws
   1 * *     0.0:0.0        0.0:0.0       4:57:58 PM  +299.98    35 3.042 :6.292  0-0-0
