Engine-Match Friday, November 7, 2025 8:03:13 PM
 Blitz 2/1 

Pairing 1/15 :    V7P3R_v14.2  -  C0BR4_v3.1

PGN-File: C:\Program Files (x86)\Arena\Tournaments\Engine Battle 20251107_2.pgn

No:  B/W 1/2     W:B       1:2           Time        Value Moves Dep 1:2       1-2-Draws
   1 B 2    1.0:0.0        0.0:1.0       8:05:35 PM  -299.97    50 3.525 :4.000  0-1-0

--------------------------------------------------------------

Engine-Match Friday, November 7, 2025 8:05:37 PM
 Blitz 2/1 

Pairing 2/15 :    Stockfish 1%  -  V7P3R_v14.1

PGN-File: C:\Program Files (x86)\Arena\Tournaments\Engine Battle 20251107_2.pgn

No:  B/W 1/2     W:B       1:2           Time        Value Moves Dep 1:2       1-2-Draws
   1 W 1    1.0:0.0        1.0:0.0       8:06:45 PM   +10.48    26 11.111 :3.950  1-0-0

--------------------------------------------------------------

Engine-Match Friday, November 7, 2025 8:06:46 PM
 Blitz 2/1 

Pairing 3/15 :    MaterialOpponent  -  RandomOpponent

PGN-File: C:\Program Files (x86)\Arena\Tournaments\Engine Battle 20251107_2.pgn

No:  B/W 1/2     W:B       1:2           Time        Value Moves Dep 1:2       1-2-Draws
   1 W 1    1.0:0.0        1.0:0.0       8:07:25 PM  +299.99    32 6.000 :0 1-0-0

--------------------------------------------------------------

Engine-Match Friday, November 7, 2025 8:07:27 PM
 Blitz 2/1 

Pairing 4/15 :    Stockfish 1%  -  V7P3R_v14.2

PGN-File: C:\Program Files (x86)\Arena\Tournaments\Engine Battle 20251107_2.pgn

No:  B/W 1/2     W:B       1:2           Time        Value Moves Dep 1:2       1-2-Draws
   1 B 2    1.0:0.0        0.0:1.0       8:09:10 PM     0.00    34 11.429 :3.667  0-1-0

--------------------------------------------------------------

Engine-Match Friday, November 7, 2025 8:09:11 PM
 Blitz 2/1 

Pairing 5/15 :    RandomOpponent  -  C0BR4_v3.1

PGN-File: C:\Program Files (x86)\Arena\Tournaments\Engine Battle 20251107_2.pgn

No:  B/W 1/2     W:B       1:2           Time        Value Moves Dep 1:2       1-2-Draws
   1 B 2    1.0:0.0        0.0:1.0       8:09:22 PM  -299.97     6 0:3.600  0-1-0

--------------------------------------------------------------

Engine-Match Friday, November 7, 2025 8:09:23 PM
 Blitz 2/1 

Pairing 6/15 :    V7P3R_v14.1  -  MaterialOpponent

PGN-File: C:\Program Files (x86)\Arena\Tournaments\Engine Battle 20251107_2.pgn

No:  B/W 1/2     W:B       1:2           Time        Value Moves Dep 1:2       1-2-Draws
   1 = =    0.5:0.5        0.5:0.5       8:14:43 PM    -1.05   101 3.132 :6.000  0-0-1

--------------------------------------------------------------

Engine-Match Friday, November 7, 2025 8:14:45 PM
 Blitz 2/1 

Pairing 7/15 :    V7P3R_v14.2  -  RandomOpponent

PGN-File: C:\Program Files (x86)\Arena\Tournaments\Engine Battle 20251107_2.pgn

No:  B/W 1/2     W:B       1:2           Time        Value Moves Dep 1:2       1-2-Draws
   1 W 1    1.0:0.0        1.0:0.0       8:15:49 PM  +289.97    20 3.765 :0 1-0-0

--------------------------------------------------------------

Engine-Match Friday, November 7, 2025 8:15:50 PM
 Blitz 2/1 

Pairing 8/15 :    MaterialOpponent  -  Stockfish 1%

PGN-File: C:\Program Files (x86)\Arena\Tournaments\Engine Battle 20251107_2.pgn

No:  B/W 1/2     W:B       1:2           Time        Value Moves Dep 1:2       1-2-Draws
   1 B 2    1.0:0.0        0.0:1.0       8:17:55 PM   -14.10    59 6.000 :12.167  0-1-0

--------------------------------------------------------------

Engine-Match Friday, November 7, 2025 8:17:56 PM
 Blitz 2/1 

Pairing 9/15 :    C0BR4_v3.1  -  V7P3R_v14.1

PGN-File: C:\Program Files (x86)\Arena\Tournaments\Engine Battle 20251107_2.pgn

No:  B/W 1/2     W:B       1:2           Time        Value Moves Dep 1:2       1-2-Draws
   1 = =    0.5:0.5        0.5:0.5       8:20:04 PM    +1.42    42 4.000 :3.667  0-0-1

--------------------------------------------------------------

Engine-Match Friday, November 7, 2025 8:20:05 PM
 Blitz 2/1 

Pairing 10/15 :    MaterialOpponent  -  V7P3R_v14.2

PGN-File: C:\Program Files (x86)\Arena\Tournaments\Engine Battle 20251107_2.pgn

No:  B/W 1/2     W:B       1:2           Time        Value Moves Dep 1:2       1-2-Draws
   1 W 1    1.0:0.0        1.0:0.0       8:23:01 PM  +299.99    47 6.000 :3.724  1-0-0

--------------------------------------------------------------

Engine-Match Friday, November 7, 2025 8:23:03 PM
 Blitz 2/1 

Pairing 11/15 :    V7P3R_v14.1  -  RandomOpponent

PGN-File: C:\Program Files (x86)\Arena\Tournaments\Engine Battle 20251107_2.pgn

No:  B/W 1/2     W:B       1:2           Time        Value Moves Dep 1:2       1-2-Draws
   1 W 1    1.0:0.0        1.0:0.0       8:24:35 PM     0.00    26 3.833 :0 1-0-0

--------------------------------------------------------------

Engine-Match Friday, November 7, 2025 8:24:36 PM
 Blitz 2/1 

Pairing 12/15 :    Stockfish 1%  -  C0BR4_v3.1

PGN-File: C:\Program Files (x86)\Arena\Tournaments\Engine Battle 20251107_2.pgn

No:  B/W 1/2     W:B       1:2           Time        Value Moves Dep 1:2       1-2-Draws
   1 W 1    1.0:0.0        1.0:0.0       8:25:18 PM   +10.23    47 11.375 :4.000  1-0-0

--------------------------------------------------------------

Engine-Match Friday, November 7, 2025 8:25:19 PM
 Blitz 2/1 

Pairing 13/15 :    V7P3R_v14.2  -  V7P3R_v14.1

PGN-File: C:\Program Files (x86)\Arena\Tournaments\Engine Battle 20251107_2.pgn

No:  B/W 1/2     W:B       1:2           Time        Value Moves Dep 1:2       1-2-Draws
   1 B 2    1.0:0.0        0.0:1.0       8:28:42 PM   -17.45    39 3.242 :3.143  0-1-0

--------------------------------------------------------------

Engine-Match Friday, November 7, 2025 8:28:44 PM
 Blitz 2/1 

Pairing 14/15 :    C0BR4_v3.1  -  MaterialOpponent

PGN-File: C:\Program Files (x86)\Arena\Tournaments\Engine Battle 20251107_2.pgn

No:  B/W 1/2     W:B       1:2           Time        Value Moves Dep 1:2       1-2-Draws
   1 = =    0.5:0.5        0.5:0.5       8:30:30 PM    +7.18    52 4.000 :6.000  0-0-1

--------------------------------------------------------------

Engine-Match Friday, November 7, 2025 8:30:31 PM
 Blitz 2/1 

Pairing 15/15 :    RandomOpponent  -  Stockfish 1%

PGN-File: C:\Program Files (x86)\Arena\Tournaments\Engine Battle 20251107_2.pgn

No:  B/W 1/2     W:B       1:2           Time        Value Moves Dep 1:2       1-2-Draws
   1 B 2    1.0:0.0        0.0:1.0       8:30:44 PM      -M1    13 0:12.333  0-1-0

--------------------------------------------------------------

Engine-Match Friday, November 7, 2025 8:30:46 PM
 Blitz 2/1 

Pairing 1/15 :    V7P3R_v14.2  -  C0BR4_v3.1

PGN-File: C:\Program Files (x86)\Arena\Tournaments\Engine Battle 20251107_2.pgn

No:  B/W 1/2     W:B       1:2           Time        Value Moves Dep 1:2       1-2-Draws
   2 B 1    1.0:0.0        1.0:1.0       8:33:08 PM   -21.97    58 3.895 :4.000  1-1-0

--------------------------------------------------------------

Engine-Match Friday, November 7, 2025 8:33:09 PM
 Blitz 2/1 

Pairing 2/15 :    Stockfish 1%  -  V7P3R_v14.1

PGN-File: C:\Program Files (x86)\Arena\Tournaments\Engine Battle 20251107_2.pgn

No:  B/W 1/2     W:B       1:2           Time        Value Moves Dep 1:2       1-2-Draws
   2 W 2    1.0:0.0        1.0:1.0       8:34:52 PM     0.00    35 11.455 :3.481  1-1-0

--------------------------------------------------------------

Engine-Match Friday, November 7, 2025 8:34:53 PM
 Blitz 2/1 

Pairing 3/15 :    MaterialOpponent  -  RandomOpponent

PGN-File: C:\Program Files (x86)\Arena\Tournaments\Engine Battle 20251107_2.pgn

No:  B/W 1/2     W:B       1:2           Time        Value Moves Dep 1:2       1-2-Draws
   2 B 1    1.0:0.0        2.0:0.0       8:35:45 PM  -299.99    32 6.000 :0 2-0-0

--------------------------------------------------------------

Engine-Match Friday, November 7, 2025 8:35:47 PM
 Blitz 2/1 

Pairing 4/15 :    Stockfish 1%  -  V7P3R_v14.2

PGN-File: C:\Program Files (x86)\Arena\Tournaments\Engine Battle 20251107_2.pgn

No:  B/W 1/2     W:B       1:2           Time        Value Moves Dep 1:2       1-2-Draws
   2 B 1    1.0:0.0        1.0:1.0       8:37:06 PM      -M1    26 10.889 :3.435  1-1-0

--------------------------------------------------------------

Engine-Match Friday, November 7, 2025 8:37:07 PM
 Blitz 2/1 

Pairing 5/15 :    RandomOpponent  -  C0BR4_v3.1

PGN-File: C:\Program Files (x86)\Arena\Tournaments\Engine Battle 20251107_2.pgn

No:  B/W 1/2     W:B       1:2           Time        Value Moves Dep 1:2       1-2-Draws
   2 W 2    1.0:0.0        0.0:2.0       8:37:17 PM  +299.97     5 0:4.000  0-2-0

--------------------------------------------------------------

Engine-Match Friday, November 7, 2025 8:37:27 PM
 Blitz 2/1 

Pairing 6/15 :    V7P3R_v14.1  -  MaterialOpponent

PGN-File: C:\Program Files (x86)\Arena\Tournaments\Engine Battle 20251107_2.pgn

No:  B/W 1/2     W:B       1:2           Time        Value Moves Dep 1:2       1-2-Draws
   2 W 2    1.5:0.5        0.5:1.5       8:40:35 PM   +17.32    67 3.852 :6.000  0-1-1

--------------------------------------------------------------

Engine-Match Friday, November 7, 2025 8:40:37 PM
 Blitz 2/1 

Pairing 7/15 :    V7P3R_v14.2  -  RandomOpponent

PGN-File: C:\Program Files (x86)\Arena\Tournaments\Engine Battle 20251107_2.pgn

No:  B/W 1/2     W:B       1:2           Time        Value Moves Dep 1:2       1-2-Draws
   2 B 1    1.0:0.0        2.0:0.0       8:41:19 PM  -289.97    13 3.833 :0 2-0-0

--------------------------------------------------------------

Engine-Match Friday, November 7, 2025 8:41:20 PM
 Blitz 2/1 

Pairing 8/15 :    MaterialOpponent  -  Stockfish 1%

PGN-File: C:\Program Files (x86)\Arena\Tournaments\Engine Battle 20251107_2.pgn

No:  B/W 1/2     W:B       1:2           Time        Value Moves Dep 1:2       1-2-Draws
   2 W 2    1.0:0.0        0.0:2.0       8:43:50 PM   +12.00    66 6.000 :12.667  0-2-0

--------------------------------------------------------------

Engine-Match Friday, November 7, 2025 8:43:51 PM
 Blitz 2/1 

Pairing 9/15 :    C0BR4_v3.1  -  V7P3R_v14.1

PGN-File: C:\Program Files (x86)\Arena\Tournaments\Engine Battle 20251107_2.pgn

No:  B/W 1/2     W:B       1:2           Time        Value Moves Dep 1:2       1-2-Draws
   2 = =    1.0:1.0        1.0:1.0       8:45:45 PM    -5.20    45 4.000 :3.647  0-0-2

--------------------------------------------------------------

Engine-Match Friday, November 7, 2025 8:45:46 PM
 Blitz 2/1 

Pairing 10/15 :    MaterialOpponent  -  V7P3R_v14.2

PGN-File: C:\Program Files (x86)\Arena\Tournaments\Engine Battle 20251107_2.pgn

No:  B/W 1/2     W:B       1:2           Time        Value Moves Dep 1:2       1-2-Draws
   2 = =    0.5:0.5        1.5:0.5       8:49:29 PM   -13.30    72 6.000 :3.500  1-0-1

--------------------------------------------------------------

Engine-Match Friday, November 7, 2025 8:49:30 PM
 Blitz 2/1 

Pairing 11/15 :    V7P3R_v14.1  -  RandomOpponent

PGN-File: C:\Program Files (x86)\Arena\Tournaments\Engine Battle 20251107_2.pgn

No:  B/W 1/2     W:B       1:2           Time        Value Moves Dep 1:2       1-2-Draws
   2 B 1    1.0:0.0        2.0:0.0       8:50:50 PM     0.00    20 3.684 :0 2-0-0

--------------------------------------------------------------

Engine-Match Friday, November 7, 2025 8:50:52 PM
 Blitz 2/1 

Pairing 12/15 :    Stockfish 1%  -  C0BR4_v3.1

PGN-File: C:\Program Files (x86)\Arena\Tournaments\Engine Battle 20251107_2.pgn

No:  B/W 1/2     W:B       1:2           Time        Value Moves Dep 1:2       1-2-Draws
   2 B 1    1.0:0.0        2.0:0.0       8:51:43 PM      -M1    62 10.556 :4.000  2-0-0

--------------------------------------------------------------

Engine-Match Friday, November 7, 2025 8:51:44 PM
 Blitz 2/1 

Pairing 13/15 :    V7P3R_v14.2  -  V7P3R_v14.1

PGN-File: C:\Program Files (x86)\Arena\Tournaments\Engine Battle 20251107_2.pgn

No:  B/W 1/2     W:B       1:2           Time        Value Moves Dep 1:2       1-2-Draws
   2 W 2    1.0:0.0        0.0:2.0       8:53:43 PM     0.00    33 4.056 :3.773  0-2-0

--------------------------------------------------------------

Engine-Match Friday, November 7, 2025 8:53:45 PM
 Blitz 2/1 

Pairing 14/15 :    C0BR4_v3.1  -  MaterialOpponent

PGN-File: C:\Program Files (x86)\Arena\Tournaments\Engine Battle 20251107_2.pgn

No:  B/W 1/2     W:B       1:2           Time        Value Moves Dep 1:2       1-2-Draws
   2 = =    1.0:1.0        1.0:1.0       8:55:00 PM    -0.87    45 4.000 :6.000  0-0-2

--------------------------------------------------------------

Engine-Match Friday, November 7, 2025 8:55:01 PM
 Blitz 2/1 

Pairing 15/15 :    RandomOpponent  -  Stockfish 1%

PGN-File: C:\Program Files (x86)\Arena\Tournaments\Engine Battle 20251107_2.pgn

No:  B/W 1/2     W:B       1:2           Time        Value Moves Dep 1:2       1-2-Draws
   2 W 2    1.0:0.0        0.0:2.0       8:55:24 PM      +M1    40 0:12.000  0-2-0

--------------------------------------------------------------

Engine-Match Friday, November 7, 2025 8:55:25 PM
 Blitz 2/1 

Pairing 1/15 :    V7P3R_v14.2  -  C0BR4_v3.1

PGN-File: C:\Program Files (x86)\Arena\Tournaments\Engine Battle 20251107_2.pgn

No:  B/W 1/2     W:B       1:2           Time        Value Moves Dep 1:2       1-2-Draws
   3 B 2    1.0:0.0        1.0:2.0       8:57:30 PM   -23.30    48 3.963 :4.000  1-2-0

--------------------------------------------------------------

Engine-Match Friday, November 7, 2025 8:57:31 PM
 Blitz 2/1 

Pairing 2/15 :    Stockfish 1%  -  V7P3R_v14.1

PGN-File: C:\Program Files (x86)\Arena\Tournaments\Engine Battle 20251107_2.pgn

No:  B/W 1/2     W:B       1:2           Time        Value Moves Dep 1:2       1-2-Draws
   3 B 2    1.0:0.0        1.0:2.0       8:59:18 PM  -289.97    35 9.778 :3.464  1-2-0

--------------------------------------------------------------

Engine-Match Friday, November 7, 2025 8:59:19 PM
 Blitz 2/1 

Pairing 3/15 :    MaterialOpponent  -  RandomOpponent

PGN-File: C:\Program Files (x86)\Arena\Tournaments\Engine Battle 20251107_2.pgn

No:  B/W 1/2     W:B       1:2           Time        Value Moves Dep 1:2       1-2-Draws
   3 W 1    1.0:0.0        3.0:0.0       8:59:57 PM  +299.99    19 6.000 :0 3-0-0

--------------------------------------------------------------

Engine-Match Friday, November 7, 2025 8:59:59 PM
 Blitz 2/1 

Pairing 4/15 :    Stockfish 1%  -  V7P3R_v14.2

PGN-File: C:\Program Files (x86)\Arena\Tournaments\Engine Battle 20251107_2.pgn

No:  B/W 1/2     W:B       1:2           Time        Value Moves Dep 1:2       1-2-Draws
   3 W 1    1.0:0.0        2.0:1.0       9:01:24 PM      +M1    25 11.714 :3.600  2-1-0

--------------------------------------------------------------

Engine-Match Friday, November 7, 2025 9:01:25 PM
 Blitz 2/1 

Pairing 5/15 :    RandomOpponent  -  C0BR4_v3.1

PGN-File: C:\Program Files (x86)\Arena\Tournaments\Engine Battle 20251107_2.pgn

No:  B/W 1/2     W:B       1:2           Time        Value Moves Dep 1:2       1-2-Draws
   3 B 2    1.0:0.0        0.0:3.0       9:01:49 PM  -299.97    23 0:4.000  0-3-0

--------------------------------------------------------------

Engine-Match Friday, November 7, 2025 9:01:50 PM
 Blitz 2/1 

Pairing 6/15 :    V7P3R_v14.1  -  MaterialOpponent

PGN-File: C:\Program Files (x86)\Arena\Tournaments\Engine Battle 20251107_2.pgn

No:  B/W 1/2     W:B       1:2           Time        Value Moves Dep 1:2       1-2-Draws
   3 * *     0.5:0.5        0.5:1.5       9:05:46 PM    -4.27    52 3.100 :6.000  0-1-1

--------------------------------------------------------------

Engine-Match Friday, November 7, 2025 9:06:18 PM
 Blitz 2/1 

Pairing 4/21 :    V7P3R_v14.0  -  Stockfish 1%

PGN-File: C:\Program Files (x86)\Arena\Tournaments\Engine Battle 20251107_2.pgn

No:  B/W 1/2     W:B       1:2           Time        Value Moves Dep 1:2       1-2-Draws
   1 W 1    1.0:0.0        1.0:0.0       9:10:25 PM     0.00   100 3.537 :10.500  1-0-0

--------------------------------------------------------------

Engine-Match Friday, November 7, 2025 9:10:26 PM
 Blitz 2/1 

Pairing 8/21 :    MaterialOpponent  -  V7P3R_v14.0

PGN-File: C:\Program Files (x86)\Arena\Tournaments\Engine Battle 20251107_2.pgn

No:  B/W 1/2     W:B       1:2           Time        Value Moves Dep 1:2       1-2-Draws
   1 * *     0.0:0.0        0.0:0.0       9:13:53 PM    -4.16    40 6.000 :3.529  0-0-0

--------------------------------------------------------------

Engine-Match Friday, November 7, 2025 9:14:45 PM
 Blitz 2/1 

Pairing 8/21 :    MaterialOpponent  -  V7P3R_v14.0

PGN-File: C:\Program Files (x86)\Arena\Tournaments\Engine Battle 20251107_2.pgn

No:  B/W 1/2     W:B       1:2           Time        Value Moves Dep 1:2       1-2-Draws
   1 W 1    1.0:0.0        1.0:0.0       9:16:49 PM     0.00     1 6.000 :0 1-0-0

--------------------------------------------------------------

Engine-Match Friday, November 7, 2025 9:16:50 PM
 Blitz 2/1 

Pairing 12/21 :    V7P3R_v14.0  -  V7P3R_v14.2

PGN-File: C:\Program Files (x86)\Arena\Tournaments\Engine Battle 20251107_2.pgn

No:  B/W 1/2     W:B       1:2           Time        Value Moves Dep 1:2       1-2-Draws
   1 B 2    1.0:0.0        0.0:1.0       9:19:50 PM     0.00    26 3.762 :3.550  0-1-0

--------------------------------------------------------------

Engine-Match Friday, November 7, 2025 9:19:52 PM
 Blitz 2/1 

Pairing 15/21 :    C0BR4_v3.1  -  V7P3R_v14.0

PGN-File: C:\Program Files (x86)\Arena\Tournaments\Engine Battle 20251107_2.pgn

No:  B/W 1/2     W:B       1:2           Time        Value Moves Dep 1:2       1-2-Draws
   1 = =    0.5:0.5        0.5:0.5       9:22:31 PM     0.00    40 4.000 :4.167  0-0-1

--------------------------------------------------------------

Engine-Match Friday, November 7, 2025 9:22:32 PM
 Blitz 2/1 

Pairing 17/21 :    V7P3R_v14.0  -  RandomOpponent

PGN-File: C:\Program Files (x86)\Arena\Tournaments\Engine Battle 20251107_2.pgn

No:  B/W 1/2     W:B       1:2           Time        Value Moves Dep 1:2       1-2-Draws
   1 W 1    1.0:0.0        1.0:0.0       9:24:06 PM  +289.97    20 4.053 :0 1-0-0

--------------------------------------------------------------

Engine-Match Friday, November 7, 2025 9:24:07 PM
 Blitz 2/1 

Pairing 19/21 :    V7P3R_v14.1  -  V7P3R_v14.0

PGN-File: C:\Program Files (x86)\Arena\Tournaments\Engine Battle 20251107_2.pgn

No:  B/W 1/2     W:B       1:2           Time        Value Moves Dep 1:2       1-2-Draws
   1 W 1    1.0:0.0        1.0:0.0       9:28:27 PM     0.00    49 3.375 :3.781  1-0-0

--------------------------------------------------------------

Engine-Match Friday, November 7, 2025 9:28:29 PM
 Blitz 2/1 

Pairing 4/21 :    V7P3R_v14.0  -  Stockfish 1%

PGN-File: C:\Program Files (x86)\Arena\Tournaments\Engine Battle 20251107_2.pgn

No:  B/W 1/2     W:B       1:2           Time        Value Moves Dep 1:2       1-2-Draws
   2 W 2    1.0:0.0        1.0:1.0       9:30:26 PM   +10.32    25 4.385 :10.667  1-1-0

--------------------------------------------------------------

Engine-Match Friday, November 7, 2025 9:30:27 PM
 Blitz 2/1 

Pairing 8/21 :    MaterialOpponent  -  V7P3R_v14.0

PGN-File: C:\Program Files (x86)\Arena\Tournaments\Engine Battle 20251107_2.pgn

No:  B/W 1/2     W:B       1:2           Time        Value Moves Dep 1:2       1-2-Draws
   2 W 2    1.0:0.0        1.0:1.0       9:33:47 PM   +15.15    45 6.000 :4.077  1-1-0

--------------------------------------------------------------

Engine-Match Friday, November 7, 2025 9:33:48 PM
 Blitz 2/1 

Pairing 12/21 :    V7P3R_v14.0  -  V7P3R_v14.2

PGN-File: C:\Program Files (x86)\Arena\Tournaments\Engine Battle 20251107_2.pgn

No:  B/W 1/2     W:B       1:2           Time        Value Moves Dep 1:2       1-2-Draws
   2 W 2    1.0:0.0        0.0:2.0       9:38:58 PM     0.00    62 3.605 :3.333  0-2-0

--------------------------------------------------------------

Engine-Match Friday, November 7, 2025 9:38:59 PM
 Blitz 2/1 

Pairing 15/21 :    C0BR4_v3.1  -  V7P3R_v14.0

PGN-File: C:\Program Files (x86)\Arena\Tournaments\Engine Battle 20251107_2.pgn

No:  B/W 1/2     W:B       1:2           Time        Value Moves Dep 1:2       1-2-Draws
   2 B 1    1.5:0.5        1.5:0.5       9:42:02 PM   -20.86    52 4.000 :4.467  1-0-1

--------------------------------------------------------------

Engine-Match Friday, November 7, 2025 9:42:04 PM
 Blitz 2/1 

Pairing 17/21 :    V7P3R_v14.0  -  RandomOpponent

PGN-File: C:\Program Files (x86)\Arena\Tournaments\Engine Battle 20251107_2.pgn

No:  B/W 1/2     W:B       1:2           Time        Value Moves Dep 1:2       1-2-Draws
   2 B 1    1.0:0.0        2.0:0.0       9:44:16 PM     0.00    32 4.238 :0 2-0-0

--------------------------------------------------------------

Engine-Match Friday, November 7, 2025 9:44:17 PM
 Blitz 2/1 

Pairing 19/21 :    V7P3R_v14.1  -  V7P3R_v14.0

PGN-File: C:\Program Files (x86)\Arena\Tournaments\Engine Battle 20251107_2.pgn

No:  B/W 1/2     W:B       1:2           Time        Value Moves Dep 1:2       1-2-Draws
   2 B 1    1.0:0.0        2.0:0.0       9:49:35 PM     0.00    88 3.813 :4.214  2-0-0

--------------------------------------------------------------

Engine-Match Friday, November 7, 2025 9:49:37 PM
 Blitz 2/1 

Pairing 4/21 :    V7P3R_v14.0  -  Stockfish 1%

PGN-File: C:\Program Files (x86)\Arena\Tournaments\Engine Battle 20251107_2.pgn

No:  B/W 1/2     W:B       1:2           Time        Value Moves Dep 1:2       1-2-Draws
   3 B 2    1.0:0.0        1.0:2.0       9:51:54 PM      -M1    34 3.926 :10.667  1-2-0

--------------------------------------------------------------

Engine-Match Friday, November 7, 2025 9:51:55 PM
 Blitz 2/1 

Pairing 5/21 :    RandomOpponent  -  V7P3R_v14.2

PGN-File: C:\Program Files (x86)\Arena\Tournaments\Engine Battle 20251107_2.pgn

No:  B/W 1/2     W:B       1:2           Time        Value Moves Dep 1:2       1-2-Draws
   3 B 2    1.0:0.0        0.0:3.0       9:52:18 PM  -289.98     9 0:3.750  0-3-0

--------------------------------------------------------------

Engine-Match Friday, November 7, 2025 9:52:20 PM
 Blitz 2/1 

Pairing 6/21 :    V7P3R_v14.1  -  MaterialOpponent

PGN-File: C:\Program Files (x86)\Arena\Tournaments\Engine Battle 20251107_2.pgn

No:  B/W 1/2     W:B       1:2           Time        Value Moves Dep 1:2       1-2-Draws
   3 B 2    1.5:0.5        0.5:2.5       9:57:40 PM   -21.32    87 3.118 :6.000  0-2-1

--------------------------------------------------------------

Engine-Match Friday, November 7, 2025 9:57:41 PM
 Blitz 2/1 

Pairing 8/21 :    MaterialOpponent  -  V7P3R_v14.0

PGN-File: C:\Program Files (x86)\Arena\Tournaments\Engine Battle 20251107_2.pgn

No:  B/W 1/2     W:B       1:2           Time        Value Moves Dep 1:2       1-2-Draws
   3 W 1    1.0:0.0        2.0:1.0       10:01:01 PM  +299.99    39 6.000 :3.690  2-1-0

--------------------------------------------------------------

Engine-Match Friday, November 7, 2025 10:01:02 PM
 Blitz 2/1 

Pairing 9/21 :    V7P3R_v14.2  -  V7P3R_v14.1

PGN-File: C:\Program Files (x86)\Arena\Tournaments\Engine Battle 20251107_2.pgn

No:  B/W 1/2     W:B       1:2           Time        Value Moves Dep 1:2       1-2-Draws
   3 B 2    1.0:0.0        0.0:3.0       10:06:05 PM    -9.68    69 3.167 :3.190  0-3-0

--------------------------------------------------------------

Engine-Match Friday, November 7, 2025 10:06:07 PM
 Blitz 2/1 

Pairing 10/21 :    Stockfish 1%  -  MaterialOpponent

PGN-File: C:\Program Files (x86)\Arena\Tournaments\Engine Battle 20251107_2.pgn

No:  B/W 1/2     W:B       1:2           Time        Value Moves Dep 1:2       1-2-Draws
   3 W 1    1.0:0.0        3.0:0.0       10:07:45 PM   +13.00    31 12.333 :6.000  3-0-0

--------------------------------------------------------------

Engine-Match Friday, November 7, 2025 10:07:46 PM
 Blitz 2/1 

Pairing 11/21 :    V7P3R_v14.1  -  C0BR4_v3.1

PGN-File: C:\Program Files (x86)\Arena\Tournaments\Engine Battle 20251107_2.pgn

No:  B/W 1/2     W:B       1:2           Time        Value Moves Dep 1:2       1-2-Draws
   3 W 1    2.0:1.0        2.0:1.0       10:09:26 PM  +289.97    37 3.647 :4.000  1-0-2

--------------------------------------------------------------

Engine-Match Friday, November 7, 2025 10:09:27 PM
 Blitz 2/1 

Pairing 12/21 :    V7P3R_v14.0  -  V7P3R_v14.2

PGN-File: C:\Program Files (x86)\Arena\Tournaments\Engine Battle 20251107_2.pgn

No:  B/W 1/2     W:B       1:2           Time        Value Moves Dep 1:2       1-2-Draws
   3 B 2    1.0:0.0        0.0:3.0       10:13:17 PM  -289.98    37 3.759 :3.469  0-3-0

--------------------------------------------------------------

Engine-Match Friday, November 7, 2025 10:13:18 PM
 Blitz 2/1 

Pairing 13/21 :    RandomOpponent  -  V7P3R_v14.1

PGN-File: C:\Program Files (x86)\Arena\Tournaments\Engine Battle 20251107_2.pgn

No:  B/W 1/2     W:B       1:2           Time        Value Moves Dep 1:2       1-2-Draws
   3 B 2    1.0:0.0        0.0:3.0       10:13:58 PM  -289.97    11 0:3.545  0-3-0

--------------------------------------------------------------

Engine-Match Friday, November 7, 2025 10:14:13 PM
 Blitz 2/1 

Pairing 15/21 :    C0BR4_v3.1  -  V7P3R_v14.0

PGN-File: C:\Program Files (x86)\Arena\Tournaments\Engine Battle 20251107_2.pgn

No:  B/W 1/2     W:B       1:2           Time        Value Moves Dep 1:2       1-2-Draws
   3 B 2    1.5:0.5        1.5:1.5       10:16:04 PM   -10.52    25 4.000 :4.059  1-1-1

--------------------------------------------------------------

Engine-Match Friday, November 7, 2025 10:16:05 PM
 Blitz 2/1 

Pairing 16/21 :    MaterialOpponent  -  V7P3R_v14.2

PGN-File: C:\Program Files (x86)\Arena\Tournaments\Engine Battle 20251107_2.pgn

No:  B/W 1/2     W:B       1:2           Time        Value Moves Dep 1:2       1-2-Draws
   3 W 1    1.5:0.5        2.5:0.5       10:18:59 PM  +299.99    47 6.000 :3.759  2-0-1

--------------------------------------------------------------

Engine-Match Friday, November 7, 2025 10:19:00 PM
 Blitz 2/1 

Pairing 17/21 :    V7P3R_v14.0  -  RandomOpponent

PGN-File: C:\Program Files (x86)\Arena\Tournaments\Engine Battle 20251107_2.pgn

No:  B/W 1/2     W:B       1:2           Time        Value Moves Dep 1:2       1-2-Draws
   3 W 1    1.0:0.0        3.0:0.0       10:20:30 PM  +289.97    19 4.471 :0 3-0-0

--------------------------------------------------------------

Engine-Match Friday, November 7, 2025 10:20:31 PM
 Blitz 2/1 

Pairing 18/21 :    Stockfish 1%  -  C0BR4_v3.1

PGN-File: C:\Program Files (x86)\Arena\Tournaments\Engine Battle 20251107_2.pgn

No:  B/W 1/2     W:B       1:2           Time        Value Moves Dep 1:2       1-2-Draws
   3 B 2    1.0:0.0        2.0:1.0       10:21:01 PM  -299.97    29 12.000 :4.000  2-1-0

--------------------------------------------------------------

Engine-Match Friday, November 7, 2025 10:21:03 PM
 Blitz 2/1 

Pairing 19/21 :    V7P3R_v14.1  -  V7P3R_v14.0

PGN-File: C:\Program Files (x86)\Arena\Tournaments\Engine Battle 20251107_2.pgn

No:  B/W 1/2     W:B       1:2           Time        Value Moves Dep 1:2       1-2-Draws
   3 B 2    1.0:0.0        2.0:1.0       10:25:55 PM  -289.98    82 3.545 :3.789  2-1-0

--------------------------------------------------------------

Engine-Match Friday, November 7, 2025 10:25:56 PM
 Blitz 2/1 

Pairing 20/21 :    C0BR4_v3.1  -  MaterialOpponent

PGN-File: C:\Program Files (x86)\Arena\Tournaments\Engine Battle 20251107_2.pgn

No:  B/W 1/2     W:B       1:2           Time        Value Moves Dep 1:2       1-2-Draws
   3 = =    1.5:1.5        1.5:1.5       10:26:32 PM    -3.25    15 4.000 :6.000  0-0-3

--------------------------------------------------------------

Engine-Match Friday, November 7, 2025 10:26:34 PM
 Blitz 2/1 

Pairing 21/21 :    RandomOpponent  -  Stockfish 1%

PGN-File: C:\Program Files (x86)\Arena\Tournaments\Engine Battle 20251107_2.pgn

No:  B/W 1/2     W:B       1:2           Time        Value Moves Dep 1:2       1-2-Draws
   3 B 2    1.0:0.0        0.0:3.0       10:26:54 PM      -M1    32 0:12.286  0-3-0
