Engine-Match Friday, November 21, 2025 10:35:18 AM
 Blitz 15/5 

Pairing 1/55 :    C0BR4_v3.2  -  CaptureOpponent_v3.0

PGN-File: C:\Program Files (x86)\Arena\Tournaments\Engine Battle 20251121.pgn

No:  B/W 1/2     W:B       1:2           Time        Value Moves Dep 1:2       1-2-Draws
   1 W 1    1.0:0.0        1.0:0.0       10:35:26 AM  +299.97    12 3.800 :2.000  1-0-0

--------------------------------------------------------------

Engine-Match Friday, November 21, 2025 10:35:28 AM
 Blitz 15/5 

Pairing 2/55 :    CoverageOpponent_v2.0  -  SlowMate_v3.1

PGN-File: C:\Program Files (x86)\Arena\Tournaments\Engine Battle 20251121.pgn

No:  B/W 1/2     W:B       1:2           Time        Value Moves Dep 1:2       1-2-Draws
   1 = =    0.5:0.5        0.5:0.5       11:01:52 AM    -0.40    54 7.733 :4.600  0-0-1

--------------------------------------------------------------

Engine-Match Friday, November 21, 2025 11:01:53 AM
 Blitz 15/5 

Pairing 3/55 :    SlowMate_v3.2  -  PositionalOpponent_v2.0

PGN-File: C:\Program Files (x86)\Arena\Tournaments\Engine Battle 20251121.pgn

No:  B/W 1/2     W:B       1:2           Time        Value Moves Dep 1:2       1-2-Draws
   1 B 2    1.0:0.0        0.0:1.0       11:09:03 AM  -299.99    20 0:7.833  0-1-0

--------------------------------------------------------------

Engine-Match Friday, November 21, 2025 11:09:05 AM
 Blitz 15/5 

Pairing 4/55 :    MaterialOpponent_v2.0  -  Stockfish 1%

PGN-File: C:\Program Files (x86)\Arena\Tournaments\Engine Battle 20251121.pgn

No:  B/W 1/2     W:B       1:2           Time        Value Moves Dep 1:2       1-2-Draws
   1 B 2    1.0:0.0        0.0:1.0       11:14:57 AM      -M1    18 9.444 :23.111  0-1-0

--------------------------------------------------------------

Engine-Match Friday, November 21, 2025 11:14:59 AM
 Blitz 15/5 

Pairing 5/55 :    V7P3R_v17.0  -  V7P3R_v17.1

PGN-File: C:\Program Files (x86)\Arena\Tournaments\Engine Battle 20251121.pgn

No:  B/W 1/2     W:B       1:2           Time        Value Moves Dep 1:2       1-2-Draws
   1 = =    0.5:0.5        0.5:0.5       11:30:01 AM     0.00    30 5.235 :5.379  0-0-1

--------------------------------------------------------------

Engine-Match Friday, November 21, 2025 11:30:03 AM
 Blitz 15/5 

Pairing 6/55 :    RandomOpponent  -  CoverageOpponent_v2.0

PGN-File: C:\Program Files (x86)\Arena\Tournaments\Engine Battle 20251121.pgn

No:  B/W 1/2     W:B       1:2           Time        Value Moves Dep 1:2       1-2-Draws
   1 B 2    1.0:0.0        0.0:1.0       11:37:03 AM  -299.99    21 0:7.571  0-1-0

--------------------------------------------------------------

Engine-Match Friday, November 21, 2025 11:37:04 AM
 Blitz 15/5 

Pairing 7/55 :    PositionalOpponent_v2.0  -  C0BR4_v3.2

PGN-File: C:\Program Files (x86)\Arena\Tournaments\Engine Battle 20251121.pgn

No:  B/W 1/2     W:B       1:2           Time        Value Moves Dep 1:2       1-2-Draws
   1 B 2    1.0:0.0        0.0:1.0       11:41:55 AM   -17.50    14 7.929 :4.000  0-1-0

--------------------------------------------------------------

Engine-Match Friday, November 21, 2025 11:41:56 AM
 Blitz 15/5 

Pairing 8/55 :    SlowMate_v3.1  -  MaterialOpponent_v2.0

PGN-File: C:\Program Files (x86)\Arena\Tournaments\Engine Battle 20251121.pgn

No:  B/W 1/2     W:B       1:2           Time        Value Moves Dep 1:2       1-2-Draws
   1 = =    0.5:0.5        0.5:0.5       11:53:09 AM    +5.42    19 4.263 :9.944  0-0-1

--------------------------------------------------------------

Engine-Match Friday, November 21, 2025 11:53:11 AM
 Blitz 15/5 

Pairing 9/55 :    V7P3R_v17.1  -  SlowMate_v3.2

PGN-File: C:\Program Files (x86)\Arena\Tournaments\Engine Battle 20251121.pgn

No:  B/W 1/2     W:B       1:2           Time        Value Moves Dep 1:2       1-2-Draws
   1 W 1    1.0:0.0        1.0:0.0       11:55:55 AM  +289.99     8 5.714 :0 1-0-0

--------------------------------------------------------------

Engine-Match Friday, November 21, 2025 11:55:56 AM
 Blitz 15/5 

Pairing 10/55 :    Stockfish 1%  -  V7P3R_v17.0

PGN-File: C:\Program Files (x86)\Arena\Tournaments\Engine Battle 20251121.pgn

No:  B/W 1/2     W:B       1:2           Time        Value Moves Dep 1:2       1-2-Draws
   1 W 1    1.0:0.0        1.0:0.0       12:02:30 PM      +M1    26 21.308 :5.150  1-0-0

--------------------------------------------------------------

Engine-Match Friday, November 21, 2025 12:02:31 PM
 Blitz 15/5 

Pairing 11/55 :    CaptureOpponent_v3.0  -  PositionalOpponent_v2.0

PGN-File: C:\Program Files (x86)\Arena\Tournaments\Engine Battle 20251121.pgn

No:  B/W 1/2     W:B       1:2           Time        Value Moves Dep 1:2       1-2-Draws
   1 B 2    1.0:0.0        0.0:1.0       12:10:24 PM  -299.99    26 2.000 :8.000  0-1-0

--------------------------------------------------------------

Engine-Match Friday, November 21, 2025 12:10:25 PM
 Blitz 15/5 

Pairing 12/55 :    MaterialOpponent_v2.0  -  RandomOpponent

PGN-File: C:\Program Files (x86)\Arena\Tournaments\Engine Battle 20251121.pgn

No:  B/W 1/2     W:B       1:2           Time        Value Moves Dep 1:2       1-2-Draws
   1 W 1    1.0:0.0        1.0:0.0       12:15:50 PM  +299.99    18 9.778 :0 1-0-0

--------------------------------------------------------------

Engine-Match Friday, November 21, 2025 12:15:52 PM
 Blitz 15/5 

Pairing 13/55 :    C0BR4_v3.2  -  V7P3R_v17.1

PGN-File: C:\Program Files (x86)\Arena\Tournaments\Engine Battle 20251121.pgn

No:  B/W 1/2     W:B       1:2           Time        Value Moves Dep 1:2       1-2-Draws
   1 W 1    1.0:0.0        1.0:0.0       12:27:53 PM  +299.97    48 4.000 :5.263  1-0-0

--------------------------------------------------------------

Engine-Match Friday, November 21, 2025 12:27:54 PM
 Blitz 15/5 

Pairing 14/55 :    V7P3R_v17.0  -  SlowMate_v3.1

PGN-File: C:\Program Files (x86)\Arena\Tournaments\Engine Battle 20251121.pgn

No:  B/W 1/2     W:B       1:2           Time        Value Moves Dep 1:2       1-2-Draws
   1 W 1    1.0:0.0        1.0:0.0       12:38:02 PM  +289.99    18 5.417 :4.412  1-0-0

--------------------------------------------------------------

Engine-Match Friday, November 21, 2025 12:38:03 PM
 Blitz 15/5 

Pairing 15/55 :    SlowMate_v3.2  -  Stockfish 1%

PGN-File: C:\Program Files (x86)\Arena\Tournaments\Engine Battle 20251121.pgn

No:  B/W 1/2     W:B       1:2           Time        Value Moves Dep 1:2       1-2-Draws
   1 B 2    1.0:0.0        0.0:1.0       12:38:40 PM      -M1    11 0:25.364  0-1-0

--------------------------------------------------------------

Engine-Match Friday, November 21, 2025 12:38:42 PM
 Blitz 15/5 

Pairing 16/55 :    CoverageOpponent_v2.0  -  MaterialOpponent_v2.0

PGN-File: C:\Program Files (x86)\Arena\Tournaments\Engine Battle 20251121.pgn

No:  B/W 1/2     W:B       1:2           Time        Value Moves Dep 1:2       1-2-Draws
   1 B 2    1.0:0.0        0.0:1.0       12:55:32 PM  -299.99    32 7.455 :9.524  0-1-0

--------------------------------------------------------------

Engine-Match Friday, November 21, 2025 12:55:34 PM
 Blitz 15/5 

Pairing 17/55 :    V7P3R_v17.1  -  CaptureOpponent_v3.0

PGN-File: C:\Program Files (x86)\Arena\Tournaments\Engine Battle 20251121.pgn

No:  B/W 1/2     W:B       1:2           Time        Value Moves Dep 1:2       1-2-Draws
   1 W 1    1.0:0.0        1.0:0.0       12:59:56 PM  +289.99    15 5.571 :2.000  1-0-0

--------------------------------------------------------------

Engine-Match Friday, November 21, 2025 12:59:58 PM
 Blitz 15/5 

Pairing 18/55 :    RandomOpponent  -  V7P3R_v17.0

PGN-File: C:\Program Files (x86)\Arena\Tournaments\Engine Battle 20251121.pgn

No:  B/W 1/2     W:B       1:2           Time        Value Moves Dep 1:2       1-2-Draws
   1 B 2    1.0:0.0        0.0:1.0       1:04:43 PM  -289.99    13 0:5.462  0-1-0

--------------------------------------------------------------

Engine-Match Friday, November 21, 2025 1:04:44 PM
 Blitz 15/5 

Pairing 19/55 :    Stockfish 1%  -  C0BR4_v3.2

PGN-File: C:\Program Files (x86)\Arena\Tournaments\Engine Battle 20251121.pgn

No:  B/W 1/2     W:B       1:2           Time        Value Moves Dep 1:2       1-2-Draws
   1 W 1    1.0:0.0        1.0:0.0       1:05:21 PM   +22.13    25 19.625 :4.000  1-0-0

--------------------------------------------------------------

Engine-Match Friday, November 21, 2025 1:05:22 PM
 Blitz 15/5 

Pairing 20/55 :    SlowMate_v3.1  -  SlowMate_v3.2

PGN-File: C:\Program Files (x86)\Arena\Tournaments\Engine Battle 20251121.pgn

No:  B/W 1/2     W:B       1:2           Time        Value Moves Dep 1:2       1-2-Draws
   1 W 1    1.0:0.0        1.0:0.0       1:15:07 PM  +150.18    30 4.133 :0 1-0-0

--------------------------------------------------------------

Engine-Match Friday, November 21, 2025 1:15:14 PM
 Blitz 15/5 

Pairing 21/55 :    PositionalOpponent_v2.0  -  V7P3R_v17.1

PGN-File: C:\Program Files (x86)\Arena\Tournaments\Engine Battle 20251121.pgn

No:  B/W 1/2     W:B       1:2           Time        Value Moves Dep 1:2       1-2-Draws
   1 B 2    1.0:0.0        0.0:1.0       1:22:27 PM   -18.10    13 7.846 :5.400  0-1-0

--------------------------------------------------------------

Engine-Match Friday, November 21, 2025 1:22:29 PM
 Blitz 15/5 

Pairing 22/55 :    V7P3R_v17.0  -  CoverageOpponent_v2.0

PGN-File: C:\Program Files (x86)\Arena\Tournaments\Engine Battle 20251121.pgn

No:  B/W 1/2     W:B       1:2           Time        Value Moves Dep 1:2       1-2-Draws
   1 W 1    1.0:0.0        1.0:0.0       1:30:32 PM     0.00    14 5.091 :7.462  1-0-0

--------------------------------------------------------------

Engine-Match Friday, November 21, 2025 1:30:33 PM
 Blitz 15/5 

Pairing 23/55 :    CaptureOpponent_v3.0  -  Stockfish 1%

PGN-File: C:\Program Files (x86)\Arena\Tournaments\Engine Battle 20251121.pgn

No:  B/W 1/2     W:B       1:2           Time        Value Moves Dep 1:2       1-2-Draws
   1 B 2    1.0:0.0        0.0:1.0       1:30:56 PM      -M1    18 2.000 :27.500  0-1-0

--------------------------------------------------------------

Engine-Match Friday, November 21, 2025 1:30:58 PM
 Blitz 15/5 

Pairing 24/55 :    SlowMate_v3.2  -  RandomOpponent

PGN-File: C:\Program Files (x86)\Arena\Tournaments\Engine Battle 20251121.pgn

No:  B/W 1/2     W:B       1:2           Time        Value Moves Dep 1:2       1-2-Draws
   1 = =    0.5:0.5        0.5:0.5       1:33:01 PM     0.00   250 0:0 0-0-1

--------------------------------------------------------------

Engine-Match Friday, November 21, 2025 1:33:02 PM
 Blitz 15/5 

Pairing 25/55 :    C0BR4_v3.2  -  SlowMate_v3.1

PGN-File: C:\Program Files (x86)\Arena\Tournaments\Engine Battle 20251121.pgn

No:  B/W 1/2     W:B       1:2           Time        Value Moves Dep 1:2       1-2-Draws
   1 = =    0.5:0.5        0.5:0.5       1:47:31 PM    -4.86    51 4.000 :4.840  0-0-1

--------------------------------------------------------------

Engine-Match Friday, November 21, 2025 1:47:32 PM
 Blitz 15/5 

Pairing 26/55 :    MaterialOpponent_v2.0  -  V7P3R_v17.0

PGN-File: C:\Program Files (x86)\Arena\Tournaments\Engine Battle 20251121.pgn

No:  B/W 1/2     W:B       1:2           Time        Value Moves Dep 1:2       1-2-Draws
   1 B 2    1.0:0.0        0.0:1.0       2:05:14 PM   -26.25    22 9.636 :5.526  0-1-0

--------------------------------------------------------------

Engine-Match Friday, November 21, 2025 2:05:15 PM
 Blitz 15/5 

Pairing 27/55 :    Stockfish 1%  -  PositionalOpponent_v2.0

PGN-File: C:\Program Files (x86)\Arena\Tournaments\Engine Battle 20251121.pgn

No:  B/W 1/2     W:B       1:2           Time        Value Moves Dep 1:2       1-2-Draws
   1 W 1    1.0:0.0        1.0:0.0       2:08:50 PM      +M1    11 23.182 :7.400  1-0-0

--------------------------------------------------------------

Engine-Match Friday, November 21, 2025 2:08:52 PM
 Blitz 15/5 

Pairing 28/55 :    CoverageOpponent_v2.0  -  SlowMate_v3.2

PGN-File: C:\Program Files (x86)\Arena\Tournaments\Engine Battle 20251121.pgn

No:  B/W 1/2     W:B       1:2           Time        Value Moves Dep 1:2       1-2-Draws
   1 W 1    1.0:0.0        1.0:0.0       2:16:20 PM  +299.99    23 7.304 :0 1-0-0

--------------------------------------------------------------

Engine-Match Friday, November 21, 2025 2:16:21 PM
 Blitz 15/5 

Pairing 29/55 :    SlowMate_v3.1  -  CaptureOpponent_v3.0

PGN-File: C:\Program Files (x86)\Arena\Tournaments\Engine Battle 20251121.pgn

No:  B/W 1/2     W:B       1:2           Time        Value Moves Dep 1:2       1-2-Draws
   1 W 1    1.0:0.0        1.0:0.0       2:18:29 PM   +74.11     5 4.800 :2.000  1-0-0

--------------------------------------------------------------

Engine-Match Friday, November 21, 2025 2:18:30 PM
 Blitz 15/5 

Pairing 30/55 :    RandomOpponent  -  C0BR4_v3.2

PGN-File: C:\Program Files (x86)\Arena\Tournaments\Engine Battle 20251121.pgn

No:  B/W 1/2     W:B       1:2           Time        Value Moves Dep 1:2       1-2-Draws
   1 B 2    1.0:0.0        0.0:1.0       2:18:47 PM  -299.97    21 0:3.900  0-1-0

--------------------------------------------------------------

Engine-Match Friday, November 21, 2025 2:18:49 PM
 Blitz 15/5 

Pairing 31/55 :    V7P3R_v17.1  -  Stockfish 1%

PGN-File: C:\Program Files (x86)\Arena\Tournaments\Engine Battle 20251121.pgn

No:  B/W 1/2     W:B       1:2           Time        Value Moves Dep 1:2       1-2-Draws
   1 B 2    1.0:0.0        0.0:1.0       2:25:49 PM   -10.82    42 5.278 :17.684  0-1-0

--------------------------------------------------------------

Engine-Match Friday, November 21, 2025 2:25:50 PM
 Blitz 15/5 

Pairing 32/55 :    SlowMate_v3.2  -  MaterialOpponent_v2.0

PGN-File: C:\Program Files (x86)\Arena\Tournaments\Engine Battle 20251121.pgn

No:  B/W 1/2     W:B       1:2           Time        Value Moves Dep 1:2       1-2-Draws
   1 B 2    1.0:0.0        0.0:1.0       2:33:43 PM  -299.99    26 0:9.654  0-1-0

--------------------------------------------------------------

Engine-Match Friday, November 21, 2025 2:33:45 PM
 Blitz 15/5 

Pairing 33/55 :    PositionalOpponent_v2.0  -  SlowMate_v3.1

PGN-File: C:\Program Files (x86)\Arena\Tournaments\Engine Battle 20251121.pgn

No:  B/W 1/2     W:B       1:2           Time        Value Moves Dep 1:2       1-2-Draws
   1 B 2    1.0:0.0        0.0:1.0       2:42:40 PM   -15.00    13 7.846 :4.667  0-1-0

--------------------------------------------------------------

Engine-Match Friday, November 21, 2025 2:42:41 PM
 Blitz 15/5 

Pairing 34/55 :    C0BR4_v3.2  -  CoverageOpponent_v2.0

PGN-File: C:\Program Files (x86)\Arena\Tournaments\Engine Battle 20251121.pgn

No:  B/W 1/2     W:B       1:2           Time        Value Moves Dep 1:2       1-2-Draws
   1 W 1    1.0:0.0        1.0:0.0       2:47:16 PM  +299.97    14 4.000 :8.077  1-0-0

--------------------------------------------------------------

Engine-Match Friday, November 21, 2025 2:47:18 PM
 Blitz 15/5 

Pairing 35/55 :    CaptureOpponent_v3.0  -  RandomOpponent

PGN-File: C:\Program Files (x86)\Arena\Tournaments\Engine Battle 20251121.pgn

No:  B/W 1/2     W:B       1:2           Time        Value Moves Dep 1:2       1-2-Draws
   1 = =    0.5:0.5        0.5:0.5       2:47:44 PM     0.00    52 2.000 :0 0-0-1

--------------------------------------------------------------

Engine-Match Friday, November 21, 2025 2:47:45 PM
 Blitz 15/5 

Pairing 36/55 :    V7P3R_v17.0  -  SlowMate_v3.2

PGN-File: C:\Program Files (x86)\Arena\Tournaments\Engine Battle 20251121.pgn

No:  B/W 1/2     W:B       1:2           Time        Value Moves Dep 1:2       1-2-Draws
   1 W 1    1.0:0.0        1.0:0.0       2:50:29 PM  +289.99     8 5.857 :0 1-0-0

--------------------------------------------------------------

Engine-Match Friday, November 21, 2025 2:50:30 PM
 Blitz 15/5 

Pairing 37/55 :    SlowMate_v3.1  -  V7P3R_v17.1

PGN-File: C:\Program Files (x86)\Arena\Tournaments\Engine Battle 20251121.pgn

No:  B/W 1/2     W:B       1:2           Time        Value Moves Dep 1:2       1-2-Draws
   1 B 2    1.0:0.0        0.0:1.0       3:14:04 PM   -17.15    42 4.318 :5.619  0-1-0

--------------------------------------------------------------

Engine-Match Friday, November 21, 2025 3:14:05 PM
 Blitz 15/5 

Pairing 38/55 :    MaterialOpponent_v2.0  -  C0BR4_v3.2

PGN-File: C:\Program Files (x86)\Arena\Tournaments\Engine Battle 20251121.pgn

No:  B/W 1/2     W:B       1:2           Time        Value Moves Dep 1:2       1-2-Draws
   1 B 2    1.0:0.0        0.0:1.0       3:23:20 PM   -13.10    40 9.917 :4.000  0-1-0

--------------------------------------------------------------

Engine-Match Friday, November 21, 2025 3:23:22 PM
 Blitz 15/5 

Pairing 39/55 :    RandomOpponent  -  PositionalOpponent_v2.0

PGN-File: C:\Program Files (x86)\Arena\Tournaments\Engine Battle 20251121.pgn

No:  B/W 1/2     W:B       1:2           Time        Value Moves Dep 1:2       1-2-Draws
   1 B 2    1.0:0.0        0.0:1.0       3:28:34 PM  -299.99    15 0:7.400  0-1-0

--------------------------------------------------------------

Engine-Match Friday, November 21, 2025 3:28:36 PM
 Blitz 15/5 

Pairing 40/55 :    CoverageOpponent_v2.0  -  CaptureOpponent_v3.0

PGN-File: C:\Program Files (x86)\Arena\Tournaments\Engine Battle 20251121.pgn

No:  B/W 1/2     W:B       1:2           Time        Value Moves Dep 1:2       1-2-Draws
   1 W 1    1.0:0.0        1.0:0.0       3:41:30 PM  +299.99    56 7.625 :2.000  1-0-0

--------------------------------------------------------------

Engine-Match Friday, November 21, 2025 3:41:44 PM
 Blitz 15/5 

Pairing 41/55 :    Stockfish 1%  -  SlowMate_v3.1

PGN-File: C:\Program Files (x86)\Arena\Tournaments\Engine Battle 20251121.pgn

No:  B/W 1/2     W:B       1:2           Time        Value Moves Dep 1:2       1-2-Draws
   1 W 1    1.0:0.0        1.0:0.0       3:49:46 PM      +M1    24 26.208 :3.826  1-0-0

--------------------------------------------------------------

Engine-Match Friday, November 21, 2025 3:49:48 PM
 Blitz 15/5 

Pairing 42/55 :    C0BR4_v3.2  -  V7P3R_v17.0

PGN-File: C:\Program Files (x86)\Arena\Tournaments\Engine Battle 20251121.pgn

No:  B/W 1/2     W:B       1:2           Time        Value Moves Dep 1:2       1-2-Draws
   1 W 1    1.0:0.0        1.0:0.0       3:58:30 PM   +16.22    75 4.000 :5.304  1-0-0

--------------------------------------------------------------

Engine-Match Friday, November 21, 2025 3:58:31 PM
 Blitz 15/5 

Pairing 43/55 :    V7P3R_v17.1  -  RandomOpponent

PGN-File: C:\Program Files (x86)\Arena\Tournaments\Engine Battle 20251121.pgn

No:  B/W 1/2     W:B       1:2           Time        Value Moves Dep 1:2       1-2-Draws
   1 W 1    1.0:0.0        1.0:0.0       4:02:42 PM  +289.99    11 5.800 :0 1-0-0

--------------------------------------------------------------

Engine-Match Friday, November 21, 2025 4:02:43 PM
 Blitz 15/5 

Pairing 44/55 :    CaptureOpponent_v3.0  -  MaterialOpponent_v2.0

PGN-File: C:\Program Files (x86)\Arena\Tournaments\Engine Battle 20251121.pgn

No:  B/W 1/2     W:B       1:2           Time        Value Moves Dep 1:2       1-2-Draws
   1 B 2    1.0:0.0        0.0:1.0       4:12:47 PM  -299.99    47 2.000 :9.929  0-1-0

--------------------------------------------------------------

Engine-Match Friday, November 21, 2025 4:12:49 PM
 Blitz 15/5 

Pairing 45/55 :    PositionalOpponent_v2.0  -  CoverageOpponent_v2.0

PGN-File: C:\Program Files (x86)\Arena\Tournaments\Engine Battle 20251121.pgn

No:  B/W 1/2     W:B       1:2           Time        Value Moves Dep 1:2       1-2-Draws
   1 W 1    1.0:0.0        1.0:0.0       4:21:27 PM  +299.99    13 8.231 :7.583  1-0-0

--------------------------------------------------------------

Engine-Match Friday, November 21, 2025 4:21:28 PM
 Blitz 15/5 

Pairing 46/55 :    SlowMate_v3.2  -  C0BR4_v3.2

PGN-File: C:\Program Files (x86)\Arena\Tournaments\Engine Battle 20251121.pgn

No:  B/W 1/2     W:B       1:2           Time        Value Moves Dep 1:2       1-2-Draws
   1 B 2    1.0:0.0        0.0:1.0       4:22:17 PM  -299.97    19 0:4.000  0-1-0

--------------------------------------------------------------

Engine-Match Friday, November 21, 2025 4:22:18 PM
 Blitz 15/5 

Pairing 47/55 :    RandomOpponent  -  Stockfish 1%

PGN-File: C:\Program Files (x86)\Arena\Tournaments\Engine Battle 20251121.pgn

No:  B/W 1/2     W:B       1:2           Time        Value Moves Dep 1:2       1-2-Draws
   1 B 2    1.0:0.0        0.0:1.0       4:22:37 PM      -M1    20 0:24.550  0-1-0

--------------------------------------------------------------

Engine-Match Friday, November 21, 2025 4:22:39 PM
 Blitz 15/5 

Pairing 48/55 :    V7P3R_v17.0  -  CaptureOpponent_v3.0

PGN-File: C:\Program Files (x86)\Arena\Tournaments\Engine Battle 20251121.pgn

No:  B/W 1/2     W:B       1:2           Time        Value Moves Dep 1:2       1-2-Draws
   1 W 1    1.0:0.0        1.0:0.0       4:26:06 PM     0.00    15 5.750 :2.000  1-0-0

--------------------------------------------------------------

Engine-Match Friday, November 21, 2025 4:26:08 PM
 Blitz 15/5 

Pairing 49/55 :    CoverageOpponent_v2.0  -  V7P3R_v17.1

PGN-File: C:\Program Files (x86)\Arena\Tournaments\Engine Battle 20251121.pgn

No:  B/W 1/2     W:B       1:2           Time        Value Moves Dep 1:2       1-2-Draws
   1 B 2    1.0:0.0        0.0:1.0       4:34:43 PM  -289.99    13 7.615 :5.154  0-1-0

--------------------------------------------------------------

Engine-Match Friday, November 21, 2025 4:34:45 PM
 Blitz 15/5 

Pairing 50/55 :    MaterialOpponent_v2.0  -  PositionalOpponent_v2.0

PGN-File: C:\Program Files (x86)\Arena\Tournaments\Engine Battle 20251121.pgn

No:  B/W 1/2     W:B       1:2           Time        Value Moves Dep 1:2       1-2-Draws
   1 W 1    1.0:0.0        1.0:0.0       4:46:06 PM   +16.70    22 10.000 :8.105  1-0-0

--------------------------------------------------------------

Engine-Match Friday, November 21, 2025 4:46:07 PM
 Blitz 15/5 

Pairing 51/55 :    SlowMate_v3.1  -  RandomOpponent

PGN-File: C:\Program Files (x86)\Arena\Tournaments\Engine Battle 20251121.pgn

No:  B/W 1/2     W:B       1:2           Time        Value Moves Dep 1:2       1-2-Draws
   1 W 1    1.0:0.0        1.0:0.0       4:52:02 PM   +94.10    16 4.750 :0 1-0-0

--------------------------------------------------------------

Engine-Match Friday, November 21, 2025 4:52:03 PM
 Blitz 15/5 

Pairing 52/55 :    CaptureOpponent_v3.0  -  SlowMate_v3.2

PGN-File: C:\Program Files (x86)\Arena\Tournaments\Engine Battle 20251121.pgn

No:  B/W 1/2     W:B       1:2           Time        Value Moves Dep 1:2       1-2-Draws
   1 = =    0.5:0.5        0.5:0.5       4:52:26 PM     0.00    30 2.000 :0 0-0-1

--------------------------------------------------------------

Engine-Match Friday, November 21, 2025 4:52:27 PM
 Blitz 15/5 

Pairing 53/55 :    Stockfish 1%  -  CoverageOpponent_v2.0

PGN-File: C:\Program Files (x86)\Arena\Tournaments\Engine Battle 20251121.pgn

No:  B/W 1/2     W:B       1:2           Time        Value Moves Dep 1:2       1-2-Draws
   1 W 1    1.0:0.0        1.0:0.0       4:56:26 PM      +M1    12 33.250 :7.909  1-0-0

--------------------------------------------------------------

Engine-Match Friday, November 21, 2025 4:56:27 PM
 Blitz 15/5 

Pairing 54/55 :    PositionalOpponent_v2.0  -  V7P3R_v17.0

PGN-File: C:\Program Files (x86)\Arena\Tournaments\Engine Battle 20251121.pgn

No:  B/W 1/2     W:B       1:2           Time        Value Moves Dep 1:2       1-2-Draws
   1 B 2    1.0:0.0        0.0:1.0       5:04:06 PM   -11.90    13 7.769 :5.600  0-1-0

--------------------------------------------------------------

Engine-Match Friday, November 21, 2025 5:04:07 PM
 Blitz 15/5 

Pairing 55/55 :    V7P3R_v17.1  -  MaterialOpponent_v2.0

PGN-File: C:\Program Files (x86)\Arena\Tournaments\Engine Battle 20251121.pgn

No:  B/W 1/2     W:B       1:2           Time        Value Moves Dep 1:2       1-2-Draws
   1 W 1    1.0:0.0        1.0:0.0       5:14:46 PM  +289.99    15 5.500 :9.857  1-0-0

--------------------------------------------------------------

Engine-Match Friday, November 21, 2025 5:14:47 PM
 Blitz 15/5 

Pairing 1/55 :    C0BR4_v3.2  -  CaptureOpponent_v3.0

PGN-File: C:\Program Files (x86)\Arena\Tournaments\Engine Battle 20251121.pgn

No:  B/W 1/2     W:B       1:2           Time        Value Moves Dep 1:2       1-2-Draws
   2 B 1    1.0:0.0        2.0:0.0       5:15:00 PM  -299.97     9 4.000 :2.000  2-0-0

--------------------------------------------------------------

Engine-Match Friday, November 21, 2025 5:15:02 PM
 Blitz 15/5 

Pairing 2/55 :    CoverageOpponent_v2.0  -  SlowMate_v3.1

PGN-File: C:\Program Files (x86)\Arena\Tournaments\Engine Battle 20251121.pgn

No:  B/W 1/2     W:B       1:2           Time        Value Moves Dep 1:2       1-2-Draws
   2 = =    1.0:1.0        1.0:1.0       5:34:39 PM   +15.84    35 8.143 :4.571  0-0-2

--------------------------------------------------------------

Engine-Match Friday, November 21, 2025 5:34:40 PM
 Blitz 15/5 

Pairing 3/55 :    SlowMate_v3.2  -  PositionalOpponent_v2.0

PGN-File: C:\Program Files (x86)\Arena\Tournaments\Engine Battle 20251121.pgn

No:  B/W 1/2     W:B       1:2           Time        Value Moves Dep 1:2       1-2-Draws
   2 W 2    1.0:0.0        0.0:2.0       5:40:48 PM  +299.99    18 0:7.833  0-2-0

--------------------------------------------------------------

Engine-Match Friday, November 21, 2025 5:40:49 PM
 Blitz 15/5 

Pairing 4/55 :    MaterialOpponent_v2.0  -  Stockfish 1%

PGN-File: C:\Program Files (x86)\Arena\Tournaments\Engine Battle 20251121.pgn

No:  B/W 1/2     W:B       1:2           Time        Value Moves Dep 1:2       1-2-Draws
   2 W 2    1.0:0.0        0.0:2.0       5:45:31 PM      +M1    15 9.571 :26.800  0-2-0

--------------------------------------------------------------

Engine-Match Friday, November 21, 2025 5:45:32 PM
 Blitz 15/5 

Pairing 5/55 :    V7P3R_v17.0  -  V7P3R_v17.1

PGN-File: C:\Program Files (x86)\Arena\Tournaments\Engine Battle 20251121.pgn

No:  B/W 1/2     W:B       1:2           Time        Value Moves Dep 1:2       1-2-Draws
   2 W 2    1.5:0.5        0.5:1.5       6:03:38 PM  +289.99    42 5.000 :5.000  0-1-1

--------------------------------------------------------------

Engine-Match Friday, November 21, 2025 6:03:45 PM
 Blitz 15/5 

Pairing 6/55 :    RandomOpponent  -  CoverageOpponent_v2.0

PGN-File: C:\Program Files (x86)\Arena\Tournaments\Engine Battle 20251121.pgn

No:  B/W 1/2     W:B       1:2           Time        Value Moves Dep 1:2       1-2-Draws
   2 W 2    1.0:0.0        0.0:2.0       6:14:01 PM  +299.99    40 0:7.382  0-2-0

--------------------------------------------------------------

Engine-Match Friday, November 21, 2025 6:14:02 PM
 Blitz 15/5 

Pairing 7/55 :    PositionalOpponent_v2.0  -  C0BR4_v3.2

PGN-File: C:\Program Files (x86)\Arena\Tournaments\Engine Battle 20251121.pgn

No:  B/W 1/2     W:B       1:2           Time        Value Moves Dep 1:2       1-2-Draws
   2 W 2    1.0:0.0        0.0:2.0       6:18:44 PM   +16.40    13 7.538 :4.000  0-2-0

--------------------------------------------------------------

Engine-Match Friday, November 21, 2025 6:18:46 PM
 Blitz 15/5 

Pairing 8/55 :    SlowMate_v3.1  -  MaterialOpponent_v2.0

PGN-File: C:\Program Files (x86)\Arena\Tournaments\Engine Battle 20251121.pgn

No:  B/W 1/2     W:B       1:2           Time        Value Moves Dep 1:2       1-2-Draws
   2 B 1    1.5:0.5        1.5:0.5       6:28:38 PM   -17.15    15 4.714 :9.400  1-0-1

--------------------------------------------------------------

Engine-Match Friday, November 21, 2025 6:28:39 PM
 Blitz 15/5 

Pairing 9/55 :    V7P3R_v17.1  -  SlowMate_v3.2

PGN-File: C:\Program Files (x86)\Arena\Tournaments\Engine Battle 20251121.pgn

No:  B/W 1/2     W:B       1:2           Time        Value Moves Dep 1:2       1-2-Draws
   2 B 1    1.0:0.0        2.0:0.0       6:36:10 PM  -289.99    16 5.625 :0 2-0-0

--------------------------------------------------------------

Engine-Match Friday, November 21, 2025 6:36:11 PM
 Blitz 15/5 

Pairing 10/55 :    Stockfish 1%  -  V7P3R_v17.0

PGN-File: C:\Program Files (x86)\Arena\Tournaments\Engine Battle 20251121.pgn

No:  B/W 1/2     W:B       1:2           Time        Value Moves Dep 1:2       1-2-Draws
   2 B 1    1.0:0.0        2.0:0.0       6:44:50 PM   -11.70    40 18.680 :5.423  2-0-0

--------------------------------------------------------------

Engine-Match Friday, November 21, 2025 6:44:51 PM
 Blitz 15/5 

Pairing 11/55 :    CaptureOpponent_v3.0  -  PositionalOpponent_v2.0

PGN-File: C:\Program Files (x86)\Arena\Tournaments\Engine Battle 20251121.pgn

No:  B/W 1/2     W:B       1:2           Time        Value Moves Dep 1:2       1-2-Draws
   2 W 2    1.0:0.0        0.0:2.0       6:53:05 PM  +299.99    28 2.000 :7.941  0-2-0

--------------------------------------------------------------

Engine-Match Friday, November 21, 2025 6:53:06 PM
 Blitz 15/5 

Pairing 12/55 :    MaterialOpponent_v2.0  -  RandomOpponent

PGN-File: C:\Program Files (x86)\Arena\Tournaments\Engine Battle 20251121.pgn

No:  B/W 1/2     W:B       1:2           Time        Value Moves Dep 1:2       1-2-Draws
   2 B 1    1.0:0.0        2.0:0.0       7:00:55 PM  -299.99    26 9.577 :0 2-0-0

--------------------------------------------------------------

Engine-Match Friday, November 21, 2025 7:00:56 PM
 Blitz 15/5 

Pairing 13/55 :    C0BR4_v3.2  -  V7P3R_v17.1

PGN-File: C:\Program Files (x86)\Arena\Tournaments\Engine Battle 20251121.pgn

No:  B/W 1/2     W:B       1:2           Time        Value Moves Dep 1:2       1-2-Draws
   2 W 2    1.0:0.0        1.0:1.0       7:05:44 PM  +289.99    18 3.933 :5.938  1-1-0

--------------------------------------------------------------

Engine-Match Friday, November 21, 2025 7:05:46 PM
 Blitz 15/5 

Pairing 14/55 :    V7P3R_v17.0  -  SlowMate_v3.1

PGN-File: C:\Program Files (x86)\Arena\Tournaments\Engine Battle 20251121.pgn

No:  B/W 1/2     W:B       1:2           Time        Value Moves Dep 1:2       1-2-Draws
   2 B 1    1.0:0.0        2.0:0.0       7:22:56 PM     0.00    40 5.571 :4.409  2-0-0

--------------------------------------------------------------

Engine-Match Friday, November 21, 2025 7:22:58 PM
 Blitz 15/5 

Pairing 15/55 :    SlowMate_v3.2  -  Stockfish 1%

PGN-File: C:\Program Files (x86)\Arena\Tournaments\Engine Battle 20251121.pgn

No:  B/W 1/2     W:B       1:2           Time        Value Moves Dep 1:2       1-2-Draws
   2 W 2    1.0:0.0        0.0:2.0       7:23:19 PM      +M1    18 0:25.556  0-2-0

--------------------------------------------------------------

Engine-Match Friday, November 21, 2025 7:23:20 PM
 Blitz 15/5 

Pairing 16/55 :    CoverageOpponent_v2.0  -  MaterialOpponent_v2.0

PGN-File: C:\Program Files (x86)\Arena\Tournaments\Engine Battle 20251121.pgn

No:  B/W 1/2     W:B       1:2           Time        Value Moves Dep 1:2       1-2-Draws
   2 W 2    1.0:0.0        0.0:2.0       7:45:20 PM  +299.99    51 7.267 :10.000  0-2-0

--------------------------------------------------------------

Engine-Match Friday, November 21, 2025 7:45:21 PM
 Blitz 15/5 

Pairing 17/55 :    V7P3R_v17.1  -  CaptureOpponent_v3.0

PGN-File: C:\Program Files (x86)\Arena\Tournaments\Engine Battle 20251121.pgn

No:  B/W 1/2     W:B       1:2           Time        Value Moves Dep 1:2       1-2-Draws
   2 B 1    1.0:0.0        2.0:0.0       7:49:46 PM  -289.99    14 5.714 :2.000  2-0-0

--------------------------------------------------------------

Engine-Match Friday, November 21, 2025 7:49:47 PM
 Blitz 15/5 

Pairing 18/55 :    RandomOpponent  -  V7P3R_v17.0

PGN-File: C:\Program Files (x86)\Arena\Tournaments\Engine Battle 20251121.pgn

No:  B/W 1/2     W:B       1:2           Time        Value Moves Dep 1:2       1-2-Draws
   2 W 2    1.0:0.0        0.0:2.0       7:54:07 PM  +289.99    17 0:5.533  0-2-0

--------------------------------------------------------------

Engine-Match Friday, November 21, 2025 7:54:08 PM
 Blitz 15/5 

Pairing 19/55 :    Stockfish 1%  -  C0BR4_v3.2

PGN-File: C:\Program Files (x86)\Arena\Tournaments\Engine Battle 20251121.pgn

No:  B/W 1/2     W:B       1:2           Time        Value Moves Dep 1:2       1-2-Draws
   2 B 1    1.0:0.0        2.0:0.0       7:54:31 PM      -M1    13 25.231 :3.917  2-0-0

--------------------------------------------------------------

Engine-Match Friday, November 21, 2025 7:54:32 PM
 Blitz 15/5 

Pairing 20/55 :    SlowMate_v3.1  -  SlowMate_v3.2

PGN-File: C:\Program Files (x86)\Arena\Tournaments\Engine Battle 20251121.pgn

No:  B/W 1/2     W:B       1:2           Time        Value Moves Dep 1:2       1-2-Draws
   2 = =    0.5:0.5        1.5:0.5       8:00:35 PM  -200.00    16 5.188 :0 1-0-1

--------------------------------------------------------------

Engine-Match Friday, November 21, 2025 8:00:37 PM
 Blitz 15/5 

Pairing 21/55 :    PositionalOpponent_v2.0  -  V7P3R_v17.1

PGN-File: C:\Program Files (x86)\Arena\Tournaments\Engine Battle 20251121.pgn

No:  B/W 1/2     W:B       1:2           Time        Value Moves Dep 1:2       1-2-Draws
   2 W 2    1.0:0.0        0.0:2.0       8:09:00 PM   +13.30    14 7.786 :5.462  0-2-0

--------------------------------------------------------------

Engine-Match Friday, November 21, 2025 8:09:01 PM
 Blitz 15/5 

Pairing 22/55 :    V7P3R_v17.0  -  CoverageOpponent_v2.0

PGN-File: C:\Program Files (x86)\Arena\Tournaments\Engine Battle 20251121.pgn

No:  B/W 1/2     W:B       1:2           Time        Value Moves Dep 1:2       1-2-Draws
   2 B 1    1.0:0.0        2.0:0.0       8:14:47 PM  -289.99     9 5.250 :7.667  2-0-0

--------------------------------------------------------------

Engine-Match Friday, November 21, 2025 8:14:49 PM
 Blitz 15/5 

Pairing 23/55 :    CaptureOpponent_v3.0  -  Stockfish 1%

PGN-File: C:\Program Files (x86)\Arena\Tournaments\Engine Battle 20251121.pgn

No:  B/W 1/2     W:B       1:2           Time        Value Moves Dep 1:2       1-2-Draws
   2 W 2    1.0:0.0        0.0:2.0       8:15:00 PM    +M500     5 2.000 :19.200  0-2-0

--------------------------------------------------------------

Engine-Match Friday, November 21, 2025 8:15:02 PM
 Blitz 15/5 

Pairing 24/55 :    SlowMate_v3.2  -  RandomOpponent

PGN-File: C:\Program Files (x86)\Arena\Tournaments\Engine Battle 20251121.pgn

No:  B/W 1/2     W:B       1:2           Time        Value Moves Dep 1:2       1-2-Draws
   2 = =    1.0:1.0        1.0:1.0       8:16:27 PM     0.00   201 0:0 0-0-2

--------------------------------------------------------------

Engine-Match Friday, November 21, 2025 8:16:28 PM
 Blitz 15/5 

Pairing 25/55 :    C0BR4_v3.2  -  SlowMate_v3.1

PGN-File: C:\Program Files (x86)\Arena\Tournaments\Engine Battle 20251121.pgn

No:  B/W 1/2     W:B       1:2           Time        Value Moves Dep 1:2       1-2-Draws
   2 B 1    1.5:0.5        1.5:0.5       8:24:25 PM  -299.97    21 3.895 :4.000  1-0-1

--------------------------------------------------------------

Engine-Match Friday, November 21, 2025 8:24:32 PM
 Blitz 15/5 

Pairing 26/55 :    MaterialOpponent_v2.0  -  V7P3R_v17.0

PGN-File: C:\Program Files (x86)\Arena\Tournaments\Engine Battle 20251121.pgn

No:  B/W 1/2     W:B       1:2           Time        Value Moves Dep 1:2       1-2-Draws
   2 W 2    1.0:0.0        0.0:2.0       8:38:32 PM  +289.99    19 9.722 :5.556  0-2-0

--------------------------------------------------------------

Engine-Match Friday, November 21, 2025 8:38:33 PM
 Blitz 15/5 

Pairing 27/55 :    Stockfish 1%  -  PositionalOpponent_v2.0

PGN-File: C:\Program Files (x86)\Arena\Tournaments\Engine Battle 20251121.pgn

No:  B/W 1/2     W:B       1:2           Time        Value Moves Dep 1:2       1-2-Draws
   2 B 1    1.0:0.0        2.0:0.0       8:43:53 PM      -M1    15 26.533 :7.933  2-0-0

--------------------------------------------------------------

Engine-Match Friday, November 21, 2025 8:43:54 PM
 Blitz 15/5 

Pairing 28/55 :    CoverageOpponent_v2.0  -  SlowMate_v3.2

PGN-File: C:\Program Files (x86)\Arena\Tournaments\Engine Battle 20251121.pgn

No:  B/W 1/2     W:B       1:2           Time        Value Moves Dep 1:2       1-2-Draws
   2 B 1    1.0:0.0        2.0:0.0       8:50:51 PM  -299.99    19 7.556 :0 2-0-0

--------------------------------------------------------------

Engine-Match Friday, November 21, 2025 8:50:52 PM
 Blitz 15/5 

Pairing 29/55 :    SlowMate_v3.1  -  CaptureOpponent_v3.0

PGN-File: C:\Program Files (x86)\Arena\Tournaments\Engine Battle 20251121.pgn

No:  B/W 1/2     W:B       1:2           Time        Value Moves Dep 1:2       1-2-Draws
   2 = =    0.5:0.5        1.5:0.5       9:04:08 PM  -200.00    46 4.577 :2.000  1-0-1

--------------------------------------------------------------

Engine-Match Friday, November 21, 2025 9:04:09 PM
 Blitz 15/5 

Pairing 30/55 :    RandomOpponent  -  C0BR4_v3.2

PGN-File: C:\Program Files (x86)\Arena\Tournaments\Engine Battle 20251121.pgn

No:  B/W 1/2     W:B       1:2           Time        Value Moves Dep 1:2       1-2-Draws
   2 W 2    1.0:0.0        0.0:2.0       9:04:31 PM  +299.97    20 0:4.000  0-2-0

--------------------------------------------------------------

Engine-Match Friday, November 21, 2025 9:04:32 PM
 Blitz 15/5 

Pairing 31/55 :    V7P3R_v17.1  -  Stockfish 1%

PGN-File: C:\Program Files (x86)\Arena\Tournaments\Engine Battle 20251121.pgn

No:  B/W 1/2     W:B       1:2           Time        Value Moves Dep 1:2       1-2-Draws
   2 W 2    1.0:0.0        0.0:2.0       9:07:52 PM      +M1    16 5.250 :32.250  0-2-0

--------------------------------------------------------------

Engine-Match Friday, November 21, 2025 9:07:53 PM
 Blitz 15/5 

Pairing 32/55 :    SlowMate_v3.2  -  MaterialOpponent_v2.0

PGN-File: C:\Program Files (x86)\Arena\Tournaments\Engine Battle 20251121.pgn

No:  B/W 1/2     W:B       1:2           Time        Value Moves Dep 1:2       1-2-Draws
   2 W 2    1.0:0.0        0.0:2.0       9:16:15 PM  +299.99    31 0:9.871  0-2-0

--------------------------------------------------------------

Engine-Match Friday, November 21, 2025 9:16:16 PM
 Blitz 15/5 

Pairing 33/55 :    PositionalOpponent_v2.0  -  SlowMate_v3.1

PGN-File: C:\Program Files (x86)\Arena\Tournaments\Engine Battle 20251121.pgn

No:  B/W 1/2     W:B       1:2           Time        Value Moves Dep 1:2       1-2-Draws
   2 W 2    1.0:0.0        0.0:2.0       9:26:48 PM   +13.00    15 8.267 :4.733  0-2-0

--------------------------------------------------------------

Engine-Match Friday, November 21, 2025 9:26:50 PM
 Blitz 15/5 

Pairing 34/55 :    C0BR4_v3.2  -  CoverageOpponent_v2.0

PGN-File: C:\Program Files (x86)\Arena\Tournaments\Engine Battle 20251121.pgn

No:  B/W 1/2     W:B       1:2           Time        Value Moves Dep 1:2       1-2-Draws
   2 B 1    1.0:0.0        2.0:0.0       9:34:43 PM  -299.97    25 4.000 :7.727  2-0-0

--------------------------------------------------------------

Engine-Match Friday, November 21, 2025 9:34:45 PM
 Blitz 15/5 

Pairing 35/55 :    CaptureOpponent_v3.0  -  RandomOpponent

PGN-File: C:\Program Files (x86)\Arena\Tournaments\Engine Battle 20251121.pgn

No:  B/W 1/2     W:B       1:2           Time        Value Moves Dep 1:2       1-2-Draws
   2 = =    1.0:1.0        1.0:1.0       9:35:11 PM    -M500    51 2.000 :0 0-0-2

--------------------------------------------------------------

Engine-Match Friday, November 21, 2025 9:35:12 PM
 Blitz 15/5 

Pairing 36/55 :    V7P3R_v17.0  -  SlowMate_v3.2

PGN-File: C:\Program Files (x86)\Arena\Tournaments\Engine Battle 20251121.pgn

No:  B/W 1/2     W:B       1:2           Time        Value Moves Dep 1:2       1-2-Draws
   2 B 1    1.0:0.0        2.0:0.0       9:40:06 PM     0.00    15 5.429 :0 2-0-0

--------------------------------------------------------------

Engine-Match Friday, November 21, 2025 9:40:07 PM
 Blitz 15/5 

Pairing 37/55 :    SlowMate_v3.1  -  V7P3R_v17.1

PGN-File: C:\Program Files (x86)\Arena\Tournaments\Engine Battle 20251121.pgn

No:  B/W 1/2     W:B       1:2           Time        Value Moves Dep 1:2       1-2-Draws
   2 * *     0.0:0.0        0.0:1.0       9:48:16 PM    -1.00    13 4.286 :4.750  0-1-0

--------------------------------------------------------------

Engine-Match Friday, November 21, 2025 9:49:01 PM
 Blitz 15/5 

Pairing 6/55 :    V7P3R_v17.2  -  CaptureOpponent_v3.0

PGN-File: C:\Program Files (x86)\Arena\Tournaments\Engine Battle 20251121.pgn

No:  B/W 1/2     W:B       1:2           Time        Value Moves Dep 1:2       1-2-Draws
   1 W 1    1.0:0.0        1.0:0.0       9:51:56 PM  +289.99    15 5.214 :2.000  1-0-0

--------------------------------------------------------------

Engine-Match Friday, November 21, 2025 9:51:57 PM
 Blitz 15/5 

Pairing 12/55 :    PositionalOpponent_v2.0  -  V7P3R_v17.2

PGN-File: C:\Program Files (x86)\Arena\Tournaments\Engine Battle 20251121.pgn

No:  B/W 1/2     W:B       1:2           Time        Value Moves Dep 1:2       1-2-Draws
   1 B 2    1.0:0.0        0.0:1.0       9:58:34 PM   -15.80    12 7.583 :5.111  0-1-0

--------------------------------------------------------------

Engine-Match Friday, November 21, 2025 9:58:35 PM
 Blitz 15/5 

Pairing 18/55 :    V7P3R_v17.2  -  V7P3R_v17.1

PGN-File: C:\Program Files (x86)\Arena\Tournaments\Engine Battle 20251121.pgn

No:  B/W 1/2     W:B       1:2           Time        Value Moves Dep 1:2       1-2-Draws
   1 * *     0.0:0.0        0.0:0.0       10:15:35 PM    -2.52    28 4.625 :4.909  0-0-0
