Engine-Match Saturday, November 1, 2025 6:10:07 PM
 Blitz 3/2 

Pairing 1/21 :    C0BR4_v2.9  -  V7P3R_v14.9

PGN-File: C:\Program Files (x86)\Arena\Tournaments\Engine Battle 20251101.pgn

No:  B/W 1/2     W:B       1:2           Time        Value Moves Dep 1:2       1-2-Draws
   1 W 1    1.0:0.0        1.0:0.0       6:11:39 PM  +299.97    27 4.000 :3.700  1-0-0

--------------------------------------------------------------

Engine-Match Saturday, November 1, 2025 6:11:40 PM
 Blitz 3/2 

Pairing 2/21 :    V7P3R_v14.0  -  Random_Opponent

PGN-File: C:\Program Files (x86)\Arena\Tournaments\Engine Battle 20251101.pgn

No:  B/W 1/2     W:B       1:2           Time        Value Moves Dep 1:2       1-2-Draws
   1 W 1    1.0:0.0        1.0:0.0       6:12:28 PM  +289.98     9 4.333 :0 1-0-0

--------------------------------------------------------------

Engine-Match Saturday, November 1, 2025 6:12:29 PM
 Blitz 3/2 

Pairing 3/21 :    SlowMate_v3.1  -  Stockfish 1%

PGN-File: C:\Program Files (x86)\Arena\Tournaments\Engine Battle 20251101.pgn

No:  B/W 1/2     W:B       1:2           Time        Value Moves Dep 1:2       1-2-Draws
   1 B 2    1.0:0.0        0.0:1.0       6:15:20 PM      -M1    32 3.094 :12.000  0-1-0

--------------------------------------------------------------

Engine-Match Saturday, November 1, 2025 6:15:22 PM
 Blitz 3/2 

Pairing 4/21 :    V7P3R_v12.6  -  V7P3R_v14.0

PGN-File: C:\Program Files (x86)\Arena\Tournaments\Engine Battle 20251101.pgn

No:  B/W 1/2     W:B       1:2           Time        Value Moves Dep 1:2       1-2-Draws
   1 W 1    1.0:0.0        1.0:0.0       6:18:33 PM  +289.97    15 3.615 :4.222  1-0-0

--------------------------------------------------------------

Engine-Match Saturday, November 1, 2025 6:18:34 PM
 Blitz 3/2 

Pairing 5/21 :    Stockfish 1%  -  C0BR4_v2.9

PGN-File: C:\Program Files (x86)\Arena\Tournaments\Engine Battle 20251101.pgn

No:  B/W 1/2     W:B       1:2           Time        Value Moves Dep 1:2       1-2-Draws
   1 W 1    1.0:0.0        1.0:0.0       6:22:00 PM    +9.20   104 14.429 :4.000  1-0-0

--------------------------------------------------------------

Engine-Match Saturday, November 1, 2025 6:22:01 PM
 Blitz 3/2 

Pairing 6/21 :    Random_Opponent  -  SlowMate_v3.1

PGN-File: C:\Program Files (x86)\Arena\Tournaments\Engine Battle 20251101.pgn

No:  B/W 1/2     W:B       1:2           Time        Value Moves Dep 1:2       1-2-Draws
   1 B 2    1.0:0.0        0.0:1.0       6:24:03 PM  -106.69    23 0:3.783  0-1-0

--------------------------------------------------------------

Engine-Match Saturday, November 1, 2025 6:24:05 PM
 Blitz 3/2 

Pairing 7/21 :    V7P3R_v14.9  -  Stockfish 1%

PGN-File: C:\Program Files (x86)\Arena\Tournaments\Engine Battle 20251101.pgn

No:  B/W 1/2     W:B       1:2           Time        Value Moves Dep 1:2       1-2-Draws
   1 B 2    1.0:0.0        0.0:1.0       6:25:39 PM      -M1    24 3.500 :13.571  0-1-0

--------------------------------------------------------------

Engine-Match Saturday, November 1, 2025 6:25:40 PM
 Blitz 3/2 

Pairing 8/21 :    SlowMate_v3.1  -  V7P3R_v12.6

PGN-File: C:\Program Files (x86)\Arena\Tournaments\Engine Battle 20251101.pgn

No:  B/W 1/2     W:B       1:2           Time        Value Moves Dep 1:2       1-2-Draws
   1 B 2    1.0:0.0        0.0:1.0       6:30:22 PM     0.00    27 3.259 :3.455  0-1-0

--------------------------------------------------------------

Engine-Match Saturday, November 1, 2025 6:30:23 PM
 Blitz 3/2 

Pairing 9/21 :    C0BR4_v2.9  -  Random_Opponent

PGN-File: C:\Program Files (x86)\Arena\Tournaments\Engine Battle 20251101.pgn

No:  B/W 1/2     W:B       1:2           Time        Value Moves Dep 1:2       1-2-Draws
   1 W 1    1.0:0.0        1.0:0.0       6:30:35 PM  +299.97    16 4.000 :0 1-0-0

--------------------------------------------------------------

Engine-Match Saturday, November 1, 2025 6:30:37 PM
 Blitz 3/2 

Pairing 10/21 :    V7P3R_v14.0  -  SlowMate_v3.1

PGN-File: C:\Program Files (x86)\Arena\Tournaments\Engine Battle 20251101.pgn

No:  B/W 1/2     W:B       1:2           Time        Value Moves Dep 1:2       1-2-Draws
   1 = =    0.5:0.5        0.5:0.5       6:38:57 PM     0.00    60 4.000 :3.400  0-0-1

--------------------------------------------------------------

Engine-Match Saturday, November 1, 2025 6:38:59 PM
 Blitz 3/2 

Pairing 11/21 :    Random_Opponent  -  V7P3R_v14.9

PGN-File: C:\Program Files (x86)\Arena\Tournaments\Engine Battle 20251101.pgn

No:  B/W 1/2     W:B       1:2           Time        Value Moves Dep 1:2       1-2-Draws
   1 B 2    1.0:0.0        0.0:1.0       6:40:19 PM  -289.97    17 0:3.625  0-1-0

--------------------------------------------------------------

Engine-Match Saturday, November 1, 2025 6:40:21 PM
 Blitz 3/2 

Pairing 12/21 :    V7P3R_v12.6  -  C0BR4_v2.9

PGN-File: C:\Program Files (x86)\Arena\Tournaments\Engine Battle 20251101.pgn

No:  B/W 1/2     W:B       1:2           Time        Value Moves Dep 1:2       1-2-Draws
   1 W 1    1.0:0.0        1.0:0.0       6:43:41 PM     0.00    32 3.696 :4.000  1-0-0

--------------------------------------------------------------

Engine-Match Saturday, November 1, 2025 6:43:42 PM
 Blitz 3/2 

Pairing 13/21 :    Stockfish 1%  -  Random_Opponent

PGN-File: C:\Program Files (x86)\Arena\Tournaments\Engine Battle 20251101.pgn

No:  B/W 1/2     W:B       1:2           Time        Value Moves Dep 1:2       1-2-Draws
   1 W 1    1.0:0.0        1.0:0.0       6:43:53 PM      +M1    19 14.444 :0 1-0-0

--------------------------------------------------------------

Engine-Match Saturday, November 1, 2025 6:43:55 PM
 Blitz 3/2 

Pairing 14/21 :    C0BR4_v2.9  -  V7P3R_v14.0

PGN-File: C:\Program Files (x86)\Arena\Tournaments\Engine Battle 20251101.pgn

No:  B/W 1/2     W:B       1:2           Time        Value Moves Dep 1:2       1-2-Draws
   1 = =    0.5:0.5        0.5:0.5       6:47:02 PM    +4.01    33 4.000 :4.235  0-0-1

--------------------------------------------------------------

Engine-Match Saturday, November 1, 2025 6:47:03 PM
 Blitz 3/2 

Pairing 15/21 :    V7P3R_v14.9  -  V7P3R_v12.6

PGN-File: C:\Program Files (x86)\Arena\Tournaments\Engine Battle 20251101.pgn

No:  B/W 1/2     W:B       1:2           Time        Value Moves Dep 1:2       1-2-Draws
   1 B 2    1.0:0.0        0.0:1.0       6:55:12 PM     0.00    69 3.694 :3.459  0-1-0

--------------------------------------------------------------

Engine-Match Saturday, November 1, 2025 6:55:14 PM
 Blitz 3/2 

Pairing 16/21 :    SlowMate_v3.1  -  C0BR4_v2.9

PGN-File: C:\Program Files (x86)\Arena\Tournaments\Engine Battle 20251101.pgn

No:  B/W 1/2     W:B       1:2           Time        Value Moves Dep 1:2       1-2-Draws
   1 W 1    1.0:0.0        1.0:0.0       6:58:58 PM   +12.08    40 3.379 :4.000  1-0-0

--------------------------------------------------------------

Engine-Match Saturday, November 1, 2025 6:58:59 PM
 Blitz 3/2 

Pairing 17/21 :    V7P3R_v12.6  -  Stockfish 1%

PGN-File: C:\Program Files (x86)\Arena\Tournaments\Engine Battle 20251101.pgn

No:  B/W 1/2     W:B       1:2           Time        Value Moves Dep 1:2       1-2-Draws
   1 B 2    1.0:0.0        0.0:1.0       7:03:38 PM   -18.37    64 3.962 :12.615  0-1-0

--------------------------------------------------------------

Engine-Match Saturday, November 1, 2025 7:03:39 PM
 Blitz 3/2 

Pairing 18/21 :    V7P3R_v14.0  -  V7P3R_v14.9

PGN-File: C:\Program Files (x86)\Arena\Tournaments\Engine Battle 20251101.pgn

No:  B/W 1/2     W:B       1:2           Time        Value Moves Dep 1:2       1-2-Draws
   1 B 2    1.0:0.0        0.0:1.0       7:09:37 PM   -14.07    50 4.235 :3.458  0-1-0

--------------------------------------------------------------

Engine-Match Saturday, November 1, 2025 7:09:39 PM
 Blitz 3/2 

Pairing 19/21 :    Random_Opponent  -  V7P3R_v12.6

PGN-File: C:\Program Files (x86)\Arena\Tournaments\Engine Battle 20251101.pgn

No:  B/W 1/2     W:B       1:2           Time        Value Moves Dep 1:2       1-2-Draws
   1 B 2    1.0:0.0        0.0:1.0       7:11:46 PM  -289.97    17 0:4.133  0-1-0

--------------------------------------------------------------

Engine-Match Saturday, November 1, 2025 7:11:47 PM
 Blitz 3/2 

Pairing 20/21 :    V7P3R_v14.9  -  SlowMate_v3.1

PGN-File: C:\Program Files (x86)\Arena\Tournaments\Engine Battle 20251101.pgn

No:  B/W 1/2     W:B       1:2           Time        Value Moves Dep 1:2       1-2-Draws
   1 W 1    1.0:0.0        1.0:0.0       7:20:42 PM   +13.24    75 3.462 :3.161  1-0-0

--------------------------------------------------------------

Engine-Match Saturday, November 1, 2025 7:20:53 PM
 Blitz 3/2 

Pairing 21/21 :    Stockfish 1%  -  V7P3R_v14.0

PGN-File: C:\Program Files (x86)\Arena\Tournaments\Engine Battle 20251101.pgn

No:  B/W 1/2     W:B       1:2           Time        Value Moves Dep 1:2       1-2-Draws
   1 W 1    1.0:0.0        1.0:0.0       7:23:03 PM      +M1    26 11.833 :4.222  1-0-0

--------------------------------------------------------------

Engine-Match Saturday, November 1, 2025 7:23:04 PM
 Blitz 3/2 

Pairing 1/21 :    C0BR4_v2.9  -  V7P3R_v14.9

PGN-File: C:\Program Files (x86)\Arena\Tournaments\Engine Battle 20251101.pgn

No:  B/W 1/2     W:B       1:2           Time        Value Moves Dep 1:2       1-2-Draws
   2 W 2    1.0:0.0        1.0:1.0       7:25:12 PM   +11.21    36 4.000 :3.917  1-1-0

--------------------------------------------------------------

Engine-Match Saturday, November 1, 2025 7:25:14 PM
 Blitz 3/2 

Pairing 2/21 :    V7P3R_v14.0  -  Random_Opponent

PGN-File: C:\Program Files (x86)\Arena\Tournaments\Engine Battle 20251101.pgn

No:  B/W 1/2     W:B       1:2           Time        Value Moves Dep 1:2       1-2-Draws
   2 B 1    1.0:0.0        2.0:0.0       7:25:51 PM     0.00     7 4.600 :0 2-0-0

--------------------------------------------------------------

Engine-Match Saturday, November 1, 2025 7:25:52 PM
 Blitz 3/2 

Pairing 3/21 :    SlowMate_v3.1  -  Stockfish 1%

PGN-File: C:\Program Files (x86)\Arena\Tournaments\Engine Battle 20251101.pgn

No:  B/W 1/2     W:B       1:2           Time        Value Moves Dep 1:2       1-2-Draws
   2 W 2    1.0:0.0        0.0:2.0       7:27:29 PM      +M1    17 3.438 :12.909  0-2-0

--------------------------------------------------------------

Engine-Match Saturday, November 1, 2025 7:27:30 PM
 Blitz 3/2 

Pairing 4/21 :    V7P3R_v12.6  -  V7P3R_v14.0

PGN-File: C:\Program Files (x86)\Arena\Tournaments\Engine Battle 20251101.pgn

No:  B/W 1/2     W:B       1:2           Time        Value Moves Dep 1:2       1-2-Draws
   2 = =    0.5:0.5        1.5:0.5       7:34:26 PM    +0.10    54 3.737 :4.111  1-0-1

--------------------------------------------------------------

Engine-Match Saturday, November 1, 2025 7:34:27 PM
 Blitz 3/2 

Pairing 5/21 :    Stockfish 1%  -  C0BR4_v2.9

PGN-File: C:\Program Files (x86)\Arena\Tournaments\Engine Battle 20251101.pgn

No:  B/W 1/2     W:B       1:2           Time        Value Moves Dep 1:2       1-2-Draws
   2 B 1    1.0:0.0        2.0:0.0       7:35:07 PM      -M1    45 12.900 :4.000  2-0-0

--------------------------------------------------------------

Engine-Match Saturday, November 1, 2025 7:35:08 PM
 Blitz 3/2 

Pairing 6/21 :    Random_Opponent  -  SlowMate_v3.1

PGN-File: C:\Program Files (x86)\Arena\Tournaments\Engine Battle 20251101.pgn

No:  B/W 1/2     W:B       1:2           Time        Value Moves Dep 1:2       1-2-Draws
   2 W 2    1.0:0.0        0.0:2.0       7:36:52 PM  +159.63    19 0:3.368  0-2-0

--------------------------------------------------------------

Engine-Match Saturday, November 1, 2025 7:36:54 PM
 Blitz 3/2 

Pairing 7/21 :    V7P3R_v14.9  -  Stockfish 1%

PGN-File: C:\Program Files (x86)\Arena\Tournaments\Engine Battle 20251101.pgn

No:  B/W 1/2     W:B       1:2           Time        Value Moves Dep 1:2       1-2-Draws
   2 W 2    1.0:0.0        0.0:2.0       7:39:41 PM   +23.12    41 3.769 :12.500  0-2-0

--------------------------------------------------------------

Engine-Match Saturday, November 1, 2025 7:39:42 PM
 Blitz 3/2 

Pairing 8/21 :    SlowMate_v3.1  -  V7P3R_v12.6

PGN-File: C:\Program Files (x86)\Arena\Tournaments\Engine Battle 20251101.pgn

No:  B/W 1/2     W:B       1:2           Time        Value Moves Dep 1:2       1-2-Draws
   2 = =    0.5:0.5        0.5:1.5       7:47:43 PM   -13.10    55 3.480 :4.000  0-1-1

--------------------------------------------------------------

Engine-Match Saturday, November 1, 2025 7:47:45 PM
 Blitz 3/2 

Pairing 9/21 :    C0BR4_v2.9  -  Random_Opponent

PGN-File: C:\Program Files (x86)\Arena\Tournaments\Engine Battle 20251101.pgn

No:  B/W 1/2     W:B       1:2           Time        Value Moves Dep 1:2       1-2-Draws
   2 B 1    1.0:0.0        2.0:0.0       7:48:05 PM  -299.97    34 4.000 :0 2-0-0

--------------------------------------------------------------

Engine-Match Saturday, November 1, 2025 7:48:06 PM
 Blitz 3/2 

Pairing 10/21 :    V7P3R_v14.0  -  SlowMate_v3.1

PGN-File: C:\Program Files (x86)\Arena\Tournaments\Engine Battle 20251101.pgn

No:  B/W 1/2     W:B       1:2           Time        Value Moves Dep 1:2       1-2-Draws
   2 B 1    1.5:0.5        1.5:0.5       7:57:02 PM   -18.08    74 4.250 :3.920  1-0-1

--------------------------------------------------------------

Engine-Match Saturday, November 1, 2025 7:57:03 PM
 Blitz 3/2 

Pairing 11/21 :    Random_Opponent  -  V7P3R_v14.9

PGN-File: C:\Program Files (x86)\Arena\Tournaments\Engine Battle 20251101.pgn

No:  B/W 1/2     W:B       1:2           Time        Value Moves Dep 1:2       1-2-Draws
   2 W 2    1.0:0.0        0.0:2.0       7:57:51 PM  +289.97    13 0:3.333  0-2-0

--------------------------------------------------------------

Engine-Match Saturday, November 1, 2025 7:57:52 PM
 Blitz 3/2 

Pairing 12/21 :    V7P3R_v12.6  -  C0BR4_v2.9

PGN-File: C:\Program Files (x86)\Arena\Tournaments\Engine Battle 20251101.pgn

No:  B/W 1/2     W:B       1:2           Time        Value Moves Dep 1:2       1-2-Draws
   2 = =    0.5:0.5        1.5:0.5       8:00:48 PM     0.00    34 4.227 :4.000  1-0-1

--------------------------------------------------------------

Engine-Match Saturday, November 1, 2025 8:00:49 PM
 Blitz 3/2 

Pairing 13/21 :    Stockfish 1%  -  Random_Opponent

PGN-File: C:\Program Files (x86)\Arena\Tournaments\Engine Battle 20251101.pgn

No:  B/W 1/2     W:B       1:2           Time        Value Moves Dep 1:2       1-2-Draws
   2 B 1    1.0:0.0        2.0:0.0       8:00:57 PM      -M1    11 17.300 :0 2-0-0

--------------------------------------------------------------

Engine-Match Saturday, November 1, 2025 8:00:59 PM
 Blitz 3/2 

Pairing 14/21 :    C0BR4_v2.9  -  V7P3R_v14.0

PGN-File: C:\Program Files (x86)\Arena\Tournaments\Engine Battle 20251101.pgn

No:  B/W 1/2     W:B       1:2           Time        Value Moves Dep 1:2       1-2-Draws
   2 = =    1.0:1.0        1.0:1.0       8:05:42 PM   -14.30    65 4.000 :3.879  0-0-2

--------------------------------------------------------------

Engine-Match Saturday, November 1, 2025 8:05:44 PM
 Blitz 3/2 

Pairing 15/21 :    V7P3R_v14.9  -  V7P3R_v12.6

PGN-File: C:\Program Files (x86)\Arena\Tournaments\Engine Battle 20251101.pgn

No:  B/W 1/2     W:B       1:2           Time        Value Moves Dep 1:2       1-2-Draws
   2 = =    0.5:0.5        0.5:1.5       8:12:56 PM    -4.91    62 3.818 :4.111  0-1-1

--------------------------------------------------------------

Engine-Match Saturday, November 1, 2025 8:12:57 PM
 Blitz 3/2 

Pairing 16/21 :    SlowMate_v3.1  -  C0BR4_v2.9

PGN-File: C:\Program Files (x86)\Arena\Tournaments\Engine Battle 20251101.pgn

No:  B/W 1/2     W:B       1:2           Time        Value Moves Dep 1:2       1-2-Draws
   2 W 2    1.0:0.0        1.0:1.0       8:14:53 PM   +78.30    18 3.500 :4.000  1-1-0

--------------------------------------------------------------

Engine-Match Saturday, November 1, 2025 8:14:54 PM
 Blitz 3/2 

Pairing 17/21 :    V7P3R_v12.6  -  Stockfish 1%

PGN-File: C:\Program Files (x86)\Arena\Tournaments\Engine Battle 20251101.pgn

No:  B/W 1/2     W:B       1:2           Time        Value Moves Dep 1:2       1-2-Draws
   2 W 2    1.0:0.0        0.0:2.0       8:16:16 PM   +10.71    12 3.889 :14.000  0-2-0

--------------------------------------------------------------

Engine-Match Saturday, November 1, 2025 8:16:18 PM
 Blitz 3/2 

Pairing 18/21 :    V7P3R_v14.0  -  V7P3R_v14.9

PGN-File: C:\Program Files (x86)\Arena\Tournaments\Engine Battle 20251101.pgn

No:  B/W 1/2     W:B       1:2           Time        Value Moves Dep 1:2       1-2-Draws
   2 W 2    1.0:0.0        0.0:2.0       8:21:00 PM   +12.09    30 3.957 :3.667  0-2-0

--------------------------------------------------------------

Engine-Match Saturday, November 1, 2025 8:21:01 PM
 Blitz 3/2 

Pairing 19/21 :    Random_Opponent  -  V7P3R_v12.6

PGN-File: C:\Program Files (x86)\Arena\Tournaments\Engine Battle 20251101.pgn

No:  B/W 1/2     W:B       1:2           Time        Value Moves Dep 1:2       1-2-Draws
   2 W 2    1.0:0.0        0.0:2.0       8:23:19 PM  +289.97    19 0:3.706  0-2-0

--------------------------------------------------------------

Engine-Match Saturday, November 1, 2025 8:23:28 PM
 Blitz 3/2 

Pairing 20/21 :    V7P3R_v14.9  -  SlowMate_v3.1

PGN-File: C:\Program Files (x86)\Arena\Tournaments\Engine Battle 20251101.pgn

No:  B/W 1/2     W:B       1:2           Time        Value Moves Dep 1:2       1-2-Draws
   2 = =    0.5:0.5        1.5:0.5       8:30:57 PM    +2.80    62 3.563 :3.500  1-0-1

--------------------------------------------------------------

Engine-Match Saturday, November 1, 2025 8:30:59 PM
 Blitz 3/2 

Pairing 21/21 :    Stockfish 1%  -  V7P3R_v14.0

PGN-File: C:\Program Files (x86)\Arena\Tournaments\Engine Battle 20251101.pgn

No:  B/W 1/2     W:B       1:2           Time        Value Moves Dep 1:2       1-2-Draws
   2 B 1    1.0:0.0        2.0:0.0       8:34:42 PM   -13.80    89 12.091 :4.267  2-0-0

--------------------------------------------------------------

Engine-Match Saturday, November 1, 2025 8:34:44 PM
 Blitz 3/2 

Pairing 1/21 :    C0BR4_v2.9  -  V7P3R_v14.9

PGN-File: C:\Program Files (x86)\Arena\Tournaments\Engine Battle 20251101.pgn

No:  B/W 1/2     W:B       1:2           Time        Value Moves Dep 1:2       1-2-Draws
   3 W 1    1.0:0.0        2.0:1.0       8:36:16 PM  +299.97    27 4.000 :3.700  2-1-0

--------------------------------------------------------------

Engine-Match Saturday, November 1, 2025 8:36:17 PM
 Blitz 3/2 

Pairing 2/21 :    V7P3R_v14.0  -  Random_Opponent

PGN-File: C:\Program Files (x86)\Arena\Tournaments\Engine Battle 20251101.pgn

No:  B/W 1/2     W:B       1:2           Time        Value Moves Dep 1:2       1-2-Draws
   3 W 1    1.0:0.0        3.0:0.0       8:37:17 PM     0.00    11 4.300 :0 3-0-0

--------------------------------------------------------------

Engine-Match Saturday, November 1, 2025 8:37:18 PM
 Blitz 3/2 

Pairing 3/21 :    SlowMate_v3.1  -  Stockfish 1%

PGN-File: C:\Program Files (x86)\Arena\Tournaments\Engine Battle 20251101.pgn

No:  B/W 1/2     W:B       1:2           Time        Value Moves Dep 1:2       1-2-Draws
   3 B 2    1.0:0.0        0.0:3.0       8:40:31 PM   -10.48    38 3.029 :12.700  0-3-0

--------------------------------------------------------------

Engine-Match Saturday, November 1, 2025 8:40:32 PM
 Blitz 3/2 

Pairing 4/21 :    V7P3R_v12.6  -  V7P3R_v14.0

PGN-File: C:\Program Files (x86)\Arena\Tournaments\Engine Battle 20251101.pgn

No:  B/W 1/2     W:B       1:2           Time        Value Moves Dep 1:2       1-2-Draws
   3 W 1    1.5:0.5        2.5:0.5       8:49:00 PM     0.00    69 4.222 :4.667  2-0-1

--------------------------------------------------------------

Engine-Match Saturday, November 1, 2025 8:49:02 PM
 Blitz 3/2 

Pairing 5/21 :    Stockfish 1%  -  C0BR4_v2.9

PGN-File: C:\Program Files (x86)\Arena\Tournaments\Engine Battle 20251101.pgn

No:  B/W 1/2     W:B       1:2           Time        Value Moves Dep 1:2       1-2-Draws
   3 = =    0.5:0.5        2.5:0.5       8:51:51 PM    +4.99   220 11.667 :4.000  2-0-1

--------------------------------------------------------------

Engine-Match Saturday, November 1, 2025 8:51:52 PM
 Blitz 3/2 

Pairing 6/21 :    Random_Opponent  -  SlowMate_v3.1

PGN-File: C:\Program Files (x86)\Arena\Tournaments\Engine Battle 20251101.pgn

No:  B/W 1/2     W:B       1:2           Time        Value Moves Dep 1:2       1-2-Draws
   3 = =    0.5:0.5        0.5:2.5       8:54:45 PM  -200.00    35 0:3.957  0-2-1

--------------------------------------------------------------

Engine-Match Saturday, November 1, 2025 8:54:46 PM
 Blitz 3/2 

Pairing 7/21 :    V7P3R_v14.9  -  Stockfish 1%

PGN-File: C:\Program Files (x86)\Arena\Tournaments\Engine Battle 20251101.pgn

No:  B/W 1/2     W:B       1:2           Time        Value Moves Dep 1:2       1-2-Draws
   3 B 2    1.0:0.0        0.0:3.0       8:55:10 PM   -11.88    10 3.222 :14.889  0-3-0

--------------------------------------------------------------

Engine-Match Saturday, November 1, 2025 8:55:11 PM
 Blitz 3/2 

Pairing 8/21 :    SlowMate_v3.1  -  V7P3R_v12.6

PGN-File: C:\Program Files (x86)\Arena\Tournaments\Engine Battle 20251101.pgn

No:  B/W 1/2     W:B       1:2           Time        Value Moves Dep 1:2       1-2-Draws
   3 B 2    1.5:0.5        0.5:2.5       9:01:43 PM   -10.66    38 3.161 :3.440  0-2-1

--------------------------------------------------------------

Engine-Match Saturday, November 1, 2025 9:01:44 PM
 Blitz 3/2 

Pairing 9/21 :    C0BR4_v2.9  -  Random_Opponent

PGN-File: C:\Program Files (x86)\Arena\Tournaments\Engine Battle 20251101.pgn

No:  B/W 1/2     W:B       1:2           Time        Value Moves Dep 1:2       1-2-Draws
   3 W 1    1.0:0.0        3.0:0.0       9:01:55 PM  +299.97    15 3.846 :0 3-0-0

--------------------------------------------------------------

Engine-Match Saturday, November 1, 2025 9:01:56 PM
 Blitz 3/2 

Pairing 10/21 :    V7P3R_v14.0  -  SlowMate_v3.1

PGN-File: C:\Program Files (x86)\Arena\Tournaments\Engine Battle 20251101.pgn

No:  B/W 1/2     W:B       1:2           Time        Value Moves Dep 1:2       1-2-Draws
   3 W 1    1.5:0.5        2.5:0.5       9:09:47 PM    +9.63    52 3.862 :3.378  2-0-1

--------------------------------------------------------------

Engine-Match Saturday, November 1, 2025 9:09:48 PM
 Blitz 3/2 

Pairing 11/21 :    Random_Opponent  -  V7P3R_v14.9

PGN-File: C:\Program Files (x86)\Arena\Tournaments\Engine Battle 20251101.pgn

No:  B/W 1/2     W:B       1:2           Time        Value Moves Dep 1:2       1-2-Draws
   3 B 2    1.0:0.0        0.0:3.0       9:11:30 PM  -289.97    21 0:3.944  0-3-0

--------------------------------------------------------------

Engine-Match Saturday, November 1, 2025 9:11:32 PM
 Blitz 3/2 

Pairing 12/21 :    V7P3R_v12.6  -  C0BR4_v2.9

PGN-File: C:\Program Files (x86)\Arena\Tournaments\Engine Battle 20251101.pgn

No:  B/W 1/2     W:B       1:2           Time        Value Moves Dep 1:2       1-2-Draws
   3 = =    1.0:1.0        2.0:1.0       9:16:11 PM    -1.34    71 4.048 :4.000  1-0-2

--------------------------------------------------------------

Engine-Match Saturday, November 1, 2025 9:16:12 PM
 Blitz 3/2 

Pairing 13/21 :    Stockfish 1%  -  Random_Opponent

PGN-File: C:\Program Files (x86)\Arena\Tournaments\Engine Battle 20251101.pgn

No:  B/W 1/2     W:B       1:2           Time        Value Moves Dep 1:2       1-2-Draws
   3 W 1    1.0:0.0        3.0:0.0       9:16:23 PM      +M1    17 14.333 :0 3-0-0

--------------------------------------------------------------

Engine-Match Saturday, November 1, 2025 9:16:24 PM
 Blitz 3/2 

Pairing 14/21 :    C0BR4_v2.9  -  V7P3R_v14.0

PGN-File: C:\Program Files (x86)\Arena\Tournaments\Engine Battle 20251101.pgn

No:  B/W 1/2     W:B       1:2           Time        Value Moves Dep 1:2       1-2-Draws
   3 = =    1.5:1.5        1.5:1.5       9:19:29 PM    +4.01    33 4.000 :4.235  0-0-3

--------------------------------------------------------------

Engine-Match Saturday, November 1, 2025 9:19:30 PM
 Blitz 3/2 

Pairing 15/21 :    V7P3R_v14.9  -  V7P3R_v12.6

PGN-File: C:\Program Files (x86)\Arena\Tournaments\Engine Battle 20251101.pgn

No:  B/W 1/2     W:B       1:2           Time        Value Moves Dep 1:2       1-2-Draws
   3 B 2    1.5:0.5        0.5:2.5       9:27:51 PM     0.00    75 3.778 :3.750  0-2-1

--------------------------------------------------------------

Engine-Match Saturday, November 1, 2025 9:27:53 PM
 Blitz 3/2 

Pairing 16/21 :    SlowMate_v3.1  -  C0BR4_v2.9

PGN-File: C:\Program Files (x86)\Arena\Tournaments\Engine Battle 20251101.pgn

No:  B/W 1/2     W:B       1:2           Time        Value Moves Dep 1:2       1-2-Draws
   3 = =    0.5:0.5        1.5:1.5       9:31:36 PM    -0.59    37 3.162 :4.000  1-1-1

--------------------------------------------------------------

Engine-Match Saturday, November 1, 2025 9:31:37 PM
 Blitz 3/2 

Pairing 17/21 :    V7P3R_v12.6  -  Stockfish 1%

PGN-File: C:\Program Files (x86)\Arena\Tournaments\Engine Battle 20251101.pgn

No:  B/W 1/2     W:B       1:2           Time        Value Moves Dep 1:2       1-2-Draws
   3 W 1    1.0:0.0        1.0:2.0       9:35:28 PM     0.00    45 3.842 :11.769  1-2-0

--------------------------------------------------------------

Engine-Match Saturday, November 1, 2025 9:35:29 PM
 Blitz 3/2 

Pairing 18/21 :    V7P3R_v14.0  -  V7P3R_v14.9

PGN-File: C:\Program Files (x86)\Arena\Tournaments\Engine Battle 20251101.pgn

No:  B/W 1/2     W:B       1:2           Time        Value Moves Dep 1:2       1-2-Draws
   3 W 1    1.0:0.0        1.0:2.0       9:41:13 PM  +289.96    42 4.278 :3.476  1-2-0

--------------------------------------------------------------

Engine-Match Saturday, November 1, 2025 9:41:28 PM
 Blitz 3/2 

Pairing 19/21 :    Random_Opponent  -  V7P3R_v12.6

PGN-File: C:\Program Files (x86)\Arena\Tournaments\Engine Battle 20251101.pgn

No:  B/W 1/2     W:B       1:2           Time        Value Moves Dep 1:2       1-2-Draws
   3 B 2    1.0:0.0        0.0:3.0       9:43:21 PM  -289.97    14 0:4.000  0-3-0

--------------------------------------------------------------

Engine-Match Saturday, November 1, 2025 9:43:23 PM
 Blitz 3/2 

Pairing 20/21 :    V7P3R_v14.9  -  SlowMate_v3.1

PGN-File: C:\Program Files (x86)\Arena\Tournaments\Engine Battle 20251101.pgn

No:  B/W 1/2     W:B       1:2           Time        Value Moves Dep 1:2       1-2-Draws
   3 W 1    1.5:0.5        2.5:0.5       9:50:05 PM  +289.99    53 3.556 :3.364  2-0-1

--------------------------------------------------------------

Engine-Match Saturday, November 1, 2025 9:50:06 PM
 Blitz 3/2 

Pairing 21/21 :    Stockfish 1%  -  V7P3R_v14.0

PGN-File: C:\Program Files (x86)\Arena\Tournaments\Engine Battle 20251101.pgn

No:  B/W 1/2     W:B       1:2           Time        Value Moves Dep 1:2       1-2-Draws
   3 W 1    1.0:0.0        3.0:0.0       9:52:10 PM      +M1    20 12.200 :4.250  3-0-0

--------------------------------------------------------------

Engine-Match Saturday, November 1, 2025 9:52:11 PM
 Blitz 3/2 

Pairing 1/21 :    C0BR4_v2.9  -  V7P3R_v14.9

PGN-File: C:\Program Files (x86)\Arena\Tournaments\Engine Battle 20251101.pgn

No:  B/W 1/2     W:B       1:2           Time        Value Moves Dep 1:2       1-2-Draws
   4 W 2    1.0:0.0        2.0:2.0       9:54:19 PM   +11.21    36 4.000 :3.917  2-2-0

--------------------------------------------------------------

Engine-Match Saturday, November 1, 2025 9:54:20 PM
 Blitz 3/2 

Pairing 2/21 :    V7P3R_v14.0  -  Random_Opponent

PGN-File: C:\Program Files (x86)\Arena\Tournaments\Engine Battle 20251101.pgn

No:  B/W 1/2     W:B       1:2           Time        Value Moves Dep 1:2       1-2-Draws
   4 = =    0.5:0.5        3.5:0.5       9:55:22 PM     0.00    12 4.571 :0 3-0-1

--------------------------------------------------------------

Engine-Match Saturday, November 1, 2025 9:55:23 PM
 Blitz 3/2 

Pairing 3/21 :    SlowMate_v3.1  -  Stockfish 1%

PGN-File: C:\Program Files (x86)\Arena\Tournaments\Engine Battle 20251101.pgn

No:  B/W 1/2     W:B       1:2           Time        Value Moves Dep 1:2       1-2-Draws
   4 = =    0.5:0.5        0.5:3.5       10:00:06 PM   -15.38    64 3.500 :13.091  0-3-1

--------------------------------------------------------------

Engine-Match Saturday, November 1, 2025 10:00:07 PM
 Blitz 3/2 

Pairing 4/21 :    V7P3R_v12.6  -  V7P3R_v14.0

PGN-File: C:\Program Files (x86)\Arena\Tournaments\Engine Battle 20251101.pgn

No:  B/W 1/2     W:B       1:2           Time        Value Moves Dep 1:2       1-2-Draws
   4 = =    1.0:1.0        3.0:1.0       10:07:06 PM    +3.68    54 3.600 :4.063  2-0-2

--------------------------------------------------------------

Engine-Match Saturday, November 1, 2025 10:07:07 PM
 Blitz 3/2 

Pairing 5/21 :    Stockfish 1%  -  C0BR4_v2.9

PGN-File: C:\Program Files (x86)\Arena\Tournaments\Engine Battle 20251101.pgn

No:  B/W 1/2     W:B       1:2           Time        Value Moves Dep 1:2       1-2-Draws
   4 B 1    1.5:0.5        3.5:0.5       10:07:28 PM   -18.17    23 12.900 :4.000  3-0-1

--------------------------------------------------------------

Engine-Match Saturday, November 1, 2025 10:07:29 PM
 Blitz 3/2 

Pairing 6/21 :    Random_Opponent  -  SlowMate_v3.1

PGN-File: C:\Program Files (x86)\Arena\Tournaments\Engine Battle 20251101.pgn

No:  B/W 1/2     W:B       1:2           Time        Value Moves Dep 1:2       1-2-Draws
   4 W 2    1.5:0.5        0.5:3.5       10:09:32 PM  +175.76    23 0:3.130  0-3-1

--------------------------------------------------------------

Engine-Match Saturday, November 1, 2025 10:09:33 PM
 Blitz 3/2 

Pairing 7/21 :    V7P3R_v14.9  -  Stockfish 1%

PGN-File: C:\Program Files (x86)\Arena\Tournaments\Engine Battle 20251101.pgn

No:  B/W 1/2     W:B       1:2           Time        Value Moves Dep 1:2       1-2-Draws
   4 W 2    1.0:0.0        0.0:4.0       10:10:48 PM   +12.00    19 3.647 :14.100  0-4-0

--------------------------------------------------------------

Engine-Match Saturday, November 1, 2025 10:10:50 PM
 Blitz 3/2 

Pairing 8/21 :    SlowMate_v3.1  -  V7P3R_v12.6

PGN-File: C:\Program Files (x86)\Arena\Tournaments\Engine Battle 20251101.pgn

No:  B/W 1/2     W:B       1:2           Time        Value Moves Dep 1:2       1-2-Draws
   4 = =    1.0:1.0        1.0:3.0       10:21:19 PM     0.00    82 3.500 :4.000  0-2-2

--------------------------------------------------------------

Engine-Match Saturday, November 1, 2025 10:21:20 PM
 Blitz 3/2 

Pairing 9/21 :    C0BR4_v2.9  -  Random_Opponent

PGN-File: C:\Program Files (x86)\Arena\Tournaments\Engine Battle 20251101.pgn

No:  B/W 1/2     W:B       1:2           Time        Value Moves Dep 1:2       1-2-Draws
   4 B 1    1.0:0.0        4.0:0.0       10:21:38 PM  -299.97    24 3.909 :0 4-0-0

--------------------------------------------------------------

Engine-Match Saturday, November 1, 2025 10:21:39 PM
 Blitz 3/2 

Pairing 10/21 :    V7P3R_v14.0  -  SlowMate_v3.1

PGN-File: C:\Program Files (x86)\Arena\Tournaments\Engine Battle 20251101.pgn

No:  B/W 1/2     W:B       1:2           Time        Value Moves Dep 1:2       1-2-Draws
   4 = =    1.0:1.0        3.0:1.0       10:32:57 PM     0.00    94 4.200 :3.550  2-0-2

--------------------------------------------------------------

Engine-Match Saturday, November 1, 2025 10:32:58 PM
 Blitz 3/2 

Pairing 11/21 :    Random_Opponent  -  V7P3R_v14.9

PGN-File: C:\Program Files (x86)\Arena\Tournaments\Engine Battle 20251101.pgn

No:  B/W 1/2     W:B       1:2           Time        Value Moves Dep 1:2       1-2-Draws
   4 W 2    1.0:0.0        0.0:4.0       10:33:16 PM  +289.96     7 0:3.000  0-4-0

--------------------------------------------------------------

Engine-Match Saturday, November 1, 2025 10:33:17 PM
 Blitz 3/2 

Pairing 12/21 :    V7P3R_v12.6  -  C0BR4_v2.9

PGN-File: C:\Program Files (x86)\Arena\Tournaments\Engine Battle 20251101.pgn

No:  B/W 1/2     W:B       1:2           Time        Value Moves Dep 1:2       1-2-Draws
   4 = =    1.5:1.5        2.5:1.5       10:35:57 PM    +5.61    25 4.063 :4.000  1-0-3

--------------------------------------------------------------

Engine-Match Saturday, November 1, 2025 10:35:58 PM
 Blitz 3/2 

Pairing 13/21 :    Stockfish 1%  -  Random_Opponent

PGN-File: C:\Program Files (x86)\Arena\Tournaments\Engine Battle 20251101.pgn

No:  B/W 1/2     W:B       1:2           Time        Value Moves Dep 1:2       1-2-Draws
   4 B 1    1.0:0.0        4.0:0.0       10:36:08 PM      -M1    16 13.400 :0 4-0-0

--------------------------------------------------------------

Engine-Match Saturday, November 1, 2025 10:36:09 PM
 Blitz 3/2 

Pairing 14/21 :    C0BR4_v2.9  -  V7P3R_v14.0

PGN-File: C:\Program Files (x86)\Arena\Tournaments\Engine Battle 20251101.pgn

No:  B/W 1/2     W:B       1:2           Time        Value Moves Dep 1:2       1-2-Draws
   4 W 2    2.5:1.5        1.5:2.5       10:40:42 PM     0.00    57 4.000 :3.857  0-1-3

--------------------------------------------------------------

Engine-Match Saturday, November 1, 2025 10:40:43 PM
 Blitz 3/2 

Pairing 15/21 :    V7P3R_v14.9  -  V7P3R_v12.6

PGN-File: C:\Program Files (x86)\Arena\Tournaments\Engine Battle 20251101.pgn

No:  B/W 1/2     W:B       1:2           Time        Value Moves Dep 1:2       1-2-Draws
   4 = =    1.0:1.0        1.0:3.0       10:47:46 PM     0.00    60 3.810 :4.167  0-2-2

--------------------------------------------------------------

Engine-Match Saturday, November 1, 2025 10:47:47 PM
 Blitz 3/2 

Pairing 16/21 :    SlowMate_v3.1  -  C0BR4_v2.9

PGN-File: C:\Program Files (x86)\Arena\Tournaments\Engine Battle 20251101.pgn

No:  B/W 1/2     W:B       1:2           Time        Value Moves Dep 1:2       1-2-Draws
   4 W 2    1.5:0.5        1.5:2.5       10:50:56 PM  +299.97    31 3.267 :3.931  1-2-1

--------------------------------------------------------------

Engine-Match Saturday, November 1, 2025 10:50:58 PM
 Blitz 3/2 

Pairing 17/21 :    V7P3R_v12.6  -  Stockfish 1%

PGN-File: C:\Program Files (x86)\Arena\Tournaments\Engine Battle 20251101.pgn

No:  B/W 1/2     W:B       1:2           Time        Value Moves Dep 1:2       1-2-Draws
   4 W 2    1.0:0.0        1.0:3.0       10:52:16 PM   +11.77    12 3.889 :14.222  1-3-0

--------------------------------------------------------------

Engine-Match Saturday, November 1, 2025 10:52:23 PM
 Blitz 3/2 

Pairing 18/21 :    V7P3R_v14.0  -  V7P3R_v14.9

PGN-File: C:\Program Files (x86)\Arena\Tournaments\Engine Battle 20251101.pgn

No:  B/W 1/2     W:B       1:2           Time        Value Moves Dep 1:2       1-2-Draws
   4 W 2    1.0:0.0        1.0:3.0       10:58:31 PM     0.00    39 3.935 :3.700  1-3-0

--------------------------------------------------------------

Engine-Match Saturday, November 1, 2025 10:58:32 PM
 Blitz 3/2 

Pairing 19/21 :    Random_Opponent  -  V7P3R_v12.6

PGN-File: C:\Program Files (x86)\Arena\Tournaments\Engine Battle 20251101.pgn

No:  B/W 1/2     W:B       1:2           Time        Value Moves Dep 1:2       1-2-Draws
   4 W 2    1.0:0.0        0.0:4.0       11:01:12 PM  +289.97    26 0:4.048  0-4-0

--------------------------------------------------------------

Engine-Match Saturday, November 1, 2025 11:01:13 PM
 Blitz 3/2 

Pairing 20/21 :    V7P3R_v14.9  -  SlowMate_v3.1

PGN-File: C:\Program Files (x86)\Arena\Tournaments\Engine Battle 20251101.pgn

No:  B/W 1/2     W:B       1:2           Time        Value Moves Dep 1:2       1-2-Draws
   4 B 1    1.5:0.5        3.5:0.5       11:12:17 PM  -200.00    91 3.471 :3.474  3-0-1

--------------------------------------------------------------

Engine-Match Saturday, November 1, 2025 11:12:19 PM
 Blitz 3/2 

Pairing 21/21 :    Stockfish 1%  -  V7P3R_v14.0

PGN-File: C:\Program Files (x86)\Arena\Tournaments\Engine Battle 20251101.pgn

No:  B/W 1/2     W:B       1:2           Time        Value Moves Dep 1:2       1-2-Draws
   4 B 1    1.0:0.0        4.0:0.0       11:15:12 PM      -M1    28 12.727 :4.125  4-0-0

--------------------------------------------------------------

Engine-Match Saturday, November 1, 2025 11:15:13 PM
 Blitz 3/2 

Pairing 1/21 :    C0BR4_v2.9  -  V7P3R_v14.9

PGN-File: C:\Program Files (x86)\Arena\Tournaments\Engine Battle 20251101.pgn

No:  B/W 1/2     W:B       1:2           Time        Value Moves Dep 1:2       1-2-Draws
   5 W 1    1.0:0.0        3.0:2.0       11:16:53 PM   +32.54    29 4.000 :3.824  3-2-0

--------------------------------------------------------------

Engine-Match Saturday, November 1, 2025 11:16:54 PM
 Blitz 3/2 

Pairing 2/21 :    V7P3R_v14.0  -  Random_Opponent

PGN-File: C:\Program Files (x86)\Arena\Tournaments\Engine Battle 20251101.pgn

No:  B/W 1/2     W:B       1:2           Time        Value Moves Dep 1:2       1-2-Draws
   5 W 1    1.5:0.5        4.5:0.5       11:18:05 PM     0.00    12 4.375 :0 4-0-1

--------------------------------------------------------------

Engine-Match Saturday, November 1, 2025 11:18:06 PM
 Blitz 3/2 

Pairing 3/21 :    SlowMate_v3.1  -  Stockfish 1%

PGN-File: C:\Program Files (x86)\Arena\Tournaments\Engine Battle 20251101.pgn

No:  B/W 1/2     W:B       1:2           Time        Value Moves Dep 1:2       1-2-Draws
   5 B 2    1.5:0.5        0.5:4.5       11:27:39 PM    -9.68   172 3.315 :12.500  0-4-1

--------------------------------------------------------------

Engine-Match Saturday, November 1, 2025 11:27:40 PM
 Blitz 3/2 

Pairing 4/21 :    V7P3R_v12.6  -  V7P3R_v14.0

PGN-File: C:\Program Files (x86)\Arena\Tournaments\Engine Battle 20251101.pgn

No:  B/W 1/2     W:B       1:2           Time        Value Moves Dep 1:2       1-2-Draws
   5 W 1    2.0:1.0        4.0:1.0       11:32:54 PM     0.00    34 4.000 :4.286  3-0-2

--------------------------------------------------------------

Engine-Match Saturday, November 1, 2025 11:32:56 PM
 Blitz 3/2 

Pairing 5/21 :    Stockfish 1%  -  C0BR4_v2.9

PGN-File: C:\Program Files (x86)\Arena\Tournaments\Engine Battle 20251101.pgn

No:  B/W 1/2     W:B       1:2           Time        Value Moves Dep 1:2       1-2-Draws
   5 W 1    1.5:0.5        4.5:0.5       11:33:35 PM      +M1    53 14.000 :4.000  4-0-1

--------------------------------------------------------------

Engine-Match Saturday, November 1, 2025 11:33:36 PM
 Blitz 3/2 

Pairing 6/21 :    Random_Opponent  -  SlowMate_v3.1

PGN-File: C:\Program Files (x86)\Arena\Tournaments\Engine Battle 20251101.pgn

No:  B/W 1/2     W:B       1:2           Time        Value Moves Dep 1:2       1-2-Draws
   5 = =    1.0:1.0        1.0:4.0       11:35:26 PM  -200.00    20 0:3.700  0-3-2

--------------------------------------------------------------

Engine-Match Saturday, November 1, 2025 11:35:27 PM
 Blitz 3/2 

Pairing 7/21 :    V7P3R_v14.9  -  Stockfish 1%

PGN-File: C:\Program Files (x86)\Arena\Tournaments\Engine Battle 20251101.pgn

No:  B/W 1/2     W:B       1:2           Time        Value Moves Dep 1:2       1-2-Draws
   5 B 2    1.0:0.0        0.0:5.0       11:36:56 PM      -M1    25 3.444 :13.600  0-5-0

--------------------------------------------------------------

Engine-Match Saturday, November 1, 2025 11:36:57 PM
 Blitz 3/2 

Pairing 8/21 :    SlowMate_v3.1  -  V7P3R_v12.6

PGN-File: C:\Program Files (x86)\Arena\Tournaments\Engine Battle 20251101.pgn

No:  B/W 1/2     W:B       1:2           Time        Value Moves Dep 1:2       1-2-Draws
   5 B 2    2.0:1.0        1.0:4.0       11:41:46 PM     0.00    27 3.259 :3.524  0-3-2

--------------------------------------------------------------

Engine-Match Saturday, November 1, 2025 11:41:48 PM
 Blitz 3/2 

Pairing 9/21 :    C0BR4_v2.9  -  Random_Opponent

PGN-File: C:\Program Files (x86)\Arena\Tournaments\Engine Battle 20251101.pgn

No:  B/W 1/2     W:B       1:2           Time        Value Moves Dep 1:2       1-2-Draws
   5 W 1    1.0:0.0        5.0:0.0       11:41:55 PM  +299.97     9 3.714 :0 5-0-0

--------------------------------------------------------------

Engine-Match Saturday, November 1, 2025 11:41:56 PM
 Blitz 3/2 

Pairing 10/21 :    V7P3R_v14.0  -  SlowMate_v3.1

PGN-File: C:\Program Files (x86)\Arena\Tournaments\Engine Battle 20251101.pgn

No:  B/W 1/2     W:B       1:2           Time        Value Moves Dep 1:2       1-2-Draws
   5 = =    1.5:1.5        3.5:1.5       11:49:09 PM    -1.50    47 3.952 :3.192  2-0-3

--------------------------------------------------------------

Engine-Match Saturday, November 1, 2025 11:49:10 PM
 Blitz 3/2 

Pairing 11/21 :    Random_Opponent  -  V7P3R_v14.9

PGN-File: C:\Program Files (x86)\Arena\Tournaments\Engine Battle 20251101.pgn

No:  B/W 1/2     W:B       1:2           Time        Value Moves Dep 1:2       1-2-Draws
   5 B 2    1.0:0.0        0.0:5.0       11:49:39 PM  -289.97    12 0:3.455  0-5-0

--------------------------------------------------------------

Engine-Match Saturday, November 1, 2025 11:49:41 PM
 Blitz 3/2 

Pairing 12/21 :    V7P3R_v12.6  -  C0BR4_v2.9

PGN-File: C:\Program Files (x86)\Arena\Tournaments\Engine Battle 20251101.pgn

No:  B/W 1/2     W:B       1:2           Time        Value Moves Dep 1:2       1-2-Draws
   5 W 1    2.5:1.5        3.5:1.5       11:53:13 PM     0.00    34 4.182 :4.000  2-0-3

--------------------------------------------------------------

Engine-Match Saturday, November 1, 2025 11:53:14 PM
 Blitz 3/2 

Pairing 13/21 :    Stockfish 1%  -  Random_Opponent

PGN-File: C:\Program Files (x86)\Arena\Tournaments\Engine Battle 20251101.pgn

No:  B/W 1/2     W:B       1:2           Time        Value Moves Dep 1:2       1-2-Draws
   5 W 1    1.0:0.0        5.0:0.0       11:53:33 PM      +M1    42 14.889 :0 5-0-0

--------------------------------------------------------------

Engine-Match Saturday, November 1, 2025 11:53:34 PM
 Blitz 3/2 

Pairing 14/21 :    C0BR4_v2.9  -  V7P3R_v14.0

PGN-File: C:\Program Files (x86)\Arena\Tournaments\Engine Battle 20251101.pgn

No:  B/W 1/2     W:B       1:2           Time        Value Moves Dep 1:2       1-2-Draws
   5 B 2    2.5:1.5        1.5:3.5       11:57:36 PM   -13.74    53 4.000 :4.364  0-2-3

--------------------------------------------------------------

Engine-Match Saturday, November 1, 2025 11:57:37 PM
 Blitz 3/2 

Pairing 15/21 :    V7P3R_v14.9  -  V7P3R_v12.6

PGN-File: C:\Program Files (x86)\Arena\Tournaments\Engine Battle 20251101.pgn

No:  B/W 1/2     W:B       1:2           Time        Value Moves Dep 1:2       1-2-Draws
   5 W 1    2.0:1.0        2.0:3.0       12:04:59 AM     0.00    67 3.571 :3.810  1-2-2

--------------------------------------------------------------

Engine-Match Sunday, November 2, 2025 12:05:00 AM
 Blitz 3/2 

Pairing 16/21 :    SlowMate_v3.1  -  C0BR4_v2.9

PGN-File: C:\Program Files (x86)\Arena\Tournaments\Engine Battle 20251101.pgn

No:  B/W 1/2     W:B       1:2           Time        Value Moves Dep 1:2       1-2-Draws
   5 B 2    1.5:0.5        1.5:3.5       12:07:22 AM  -299.97    24 3.167 :3.913  1-3-1

--------------------------------------------------------------

Engine-Match Sunday, November 2, 2025 12:07:30 AM
 Blitz 3/2 

Pairing 17/21 :    V7P3R_v12.6  -  Stockfish 1%

PGN-File: C:\Program Files (x86)\Arena\Tournaments\Engine Battle 20251101.pgn

No:  B/W 1/2     W:B       1:2           Time        Value Moves Dep 1:2       1-2-Draws
   5 B 2    1.0:0.0        1.0:4.0       12:10:18 AM      -M1    31 3.769 :12.909  1-4-0

--------------------------------------------------------------

Engine-Match Sunday, November 2, 2025 12:10:20 AM
 Blitz 3/2 

Pairing 18/21 :    V7P3R_v14.0  -  V7P3R_v14.9

PGN-File: C:\Program Files (x86)\Arena\Tournaments\Engine Battle 20251101.pgn

No:  B/W 1/2     W:B       1:2           Time        Value Moves Dep 1:2       1-2-Draws
   5 W 1    1.0:0.0        2.0:3.0       12:16:29 AM   +12.74    46 4.278 :3.524  2-3-0

--------------------------------------------------------------

Engine-Match Sunday, November 2, 2025 12:16:30 AM
 Blitz 3/2 

Pairing 19/21 :    Random_Opponent  -  V7P3R_v12.6

PGN-File: C:\Program Files (x86)\Arena\Tournaments\Engine Battle 20251101.pgn

No:  B/W 1/2     W:B       1:2           Time        Value Moves Dep 1:2       1-2-Draws
   5 B 2    1.0:0.0        0.0:5.0       12:18:50 AM  -289.98    18 0:4.056  0-5-0

--------------------------------------------------------------

Engine-Match Sunday, November 2, 2025 12:18:52 AM
 Blitz 3/2 

Pairing 20/21 :    V7P3R_v14.9  -  SlowMate_v3.1

PGN-File: C:\Program Files (x86)\Arena\Tournaments\Engine Battle 20251101.pgn

No:  B/W 1/2     W:B       1:2           Time        Value Moves Dep 1:2       1-2-Draws
   5 B 2    1.5:0.5        3.5:1.5       12:24:25 AM   -17.06    43 3.591 :3.458  3-1-1

--------------------------------------------------------------

Engine-Match Sunday, November 2, 2025 12:24:26 AM
 Blitz 3/2 

Pairing 21/21 :    Stockfish 1%  -  V7P3R_v14.0

PGN-File: C:\Program Files (x86)\Arena\Tournaments\Engine Battle 20251101.pgn

No:  B/W 1/2     W:B       1:2           Time        Value Moves Dep 1:2       1-2-Draws
   5 W 1    1.0:0.0        5.0:0.0       12:29:00 AM   +12.65    63 12.231 :4.023  5-0-0

--------------------------------------------------------------

Engine-Match Sunday, November 2, 2025 12:29:02 AM
 Blitz 3/2 

Pairing 1/21 :    C0BR4_v2.9  -  V7P3R_v14.9

PGN-File: C:\Program Files (x86)\Arena\Tournaments\Engine Battle 20251101.pgn

No:  B/W 1/2     W:B       1:2           Time        Value Moves Dep 1:2       1-2-Draws
   6 B 1    1.0:0.0        4.0:2.0       12:31:03 AM   -17.58    34 4.000 :3.815  4-2-0

--------------------------------------------------------------

Engine-Match Sunday, November 2, 2025 12:31:05 AM
 Blitz 3/2 

Pairing 2/21 :    V7P3R_v14.0  -  Random_Opponent

PGN-File: C:\Program Files (x86)\Arena\Tournaments\Engine Battle 20251101.pgn

No:  B/W 1/2     W:B       1:2           Time        Value Moves Dep 1:2       1-2-Draws
   6 B 1    1.5:0.5        5.5:0.5       12:31:54 AM  -289.98     7 4.714 :0 5-0-1

--------------------------------------------------------------

Engine-Match Sunday, November 2, 2025 12:31:55 AM
 Blitz 3/2 

Pairing 3/21 :    SlowMate_v3.1  -  Stockfish 1%

PGN-File: C:\Program Files (x86)\Arena\Tournaments\Engine Battle 20251101.pgn

No:  B/W 1/2     W:B       1:2           Time        Value Moves Dep 1:2       1-2-Draws
   6 W 2    1.5:0.5        0.5:5.5       12:37:19 AM      +M1    78 3.347 :13.000  0-5-1

--------------------------------------------------------------

Engine-Match Sunday, November 2, 2025 12:37:20 AM
 Blitz 3/2 

Pairing 4/21 :    V7P3R_v12.6  -  V7P3R_v14.0

PGN-File: C:\Program Files (x86)\Arena\Tournaments\Engine Battle 20251101.pgn

No:  B/W 1/2     W:B       1:2           Time        Value Moves Dep 1:2       1-2-Draws
   6 = =    1.5:1.5        4.5:1.5       12:45:08 AM     0.00    70 3.700 :4.111  3-0-3

--------------------------------------------------------------

Engine-Match Sunday, November 2, 2025 12:45:09 AM
 Blitz 3/2 

Pairing 5/21 :    Stockfish 1%  -  C0BR4_v2.9

PGN-File: C:\Program Files (x86)\Arena\Tournaments\Engine Battle 20251101.pgn

No:  B/W 1/2     W:B       1:2           Time        Value Moves Dep 1:2       1-2-Draws
   6 B 1    1.5:0.5        5.5:0.5       12:46:35 AM      -M1   123 13.100 :4.000  5-0-1

--------------------------------------------------------------

Engine-Match Sunday, November 2, 2025 12:46:36 AM
 Blitz 3/2 

Pairing 6/21 :    Random_Opponent  -  SlowMate_v3.1

PGN-File: C:\Program Files (x86)\Arena\Tournaments\Engine Battle 20251101.pgn

No:  B/W 1/2     W:B       1:2           Time        Value Moves Dep 1:2       1-2-Draws
   6 = =    1.5:1.5        1.5:4.5       12:49:01 AM  +172.43    28 0:3.536  0-3-3

--------------------------------------------------------------

Engine-Match Sunday, November 2, 2025 12:49:03 AM
 Blitz 3/2 

Pairing 7/21 :    V7P3R_v14.9  -  Stockfish 1%

PGN-File: C:\Program Files (x86)\Arena\Tournaments\Engine Battle 20251101.pgn

No:  B/W 1/2     W:B       1:2           Time        Value Moves Dep 1:2       1-2-Draws
   6 W 2    1.0:0.0        0.0:6.0       12:49:32 AM      +M1    13 3.500 :13.500  0-6-0

--------------------------------------------------------------

Engine-Match Sunday, November 2, 2025 12:49:33 AM
 Blitz 3/2 

Pairing 8/21 :    SlowMate_v3.1  -  V7P3R_v12.6

PGN-File: C:\Program Files (x86)\Arena\Tournaments\Engine Battle 20251101.pgn

No:  B/W 1/2     W:B       1:2           Time        Value Moves Dep 1:2       1-2-Draws
   6 = =    1.5:1.5        1.5:4.5       12:57:21 AM    +0.25    55 3.800 :4.000  0-3-3

--------------------------------------------------------------

Engine-Match Sunday, November 2, 2025 12:57:22 AM
 Blitz 3/2 

Pairing 9/21 :    C0BR4_v2.9  -  Random_Opponent

PGN-File: C:\Program Files (x86)\Arena\Tournaments\Engine Battle 20251101.pgn

No:  B/W 1/2     W:B       1:2           Time        Value Moves Dep 1:2       1-2-Draws
   6 B 1    1.0:0.0        6.0:0.0       12:57:38 AM  -299.97    24 4.000 :0 6-0-0

--------------------------------------------------------------

Engine-Match Sunday, November 2, 2025 12:57:39 AM
 Blitz 3/2 

Pairing 10/21 :    V7P3R_v14.0  -  SlowMate_v3.1

PGN-File: C:\Program Files (x86)\Arena\Tournaments\Engine Battle 20251101.pgn

No:  B/W 1/2     W:B       1:2           Time        Value Moves Dep 1:2       1-2-Draws
   6 = =    2.0:2.0        4.0:2.0       1:04:40 AM    +3.63    53 4.478 :3.946  2-0-4

--------------------------------------------------------------

Engine-Match Sunday, November 2, 2025 1:04:41 AM
 Blitz 3/2 

Pairing 11/21 :    Random_Opponent  -  V7P3R_v14.9

PGN-File: C:\Program Files (x86)\Arena\Tournaments\Engine Battle 20251101.pgn

No:  B/W 1/2     W:B       1:2           Time        Value Moves Dep 1:2       1-2-Draws
   6 W 2    1.0:0.0        0.0:6.0       1:06:05 AM  +289.97    18 0:3.556  0-6-0

--------------------------------------------------------------

Engine-Match Sunday, November 2, 2025 1:06:06 AM
 Blitz 3/2 

Pairing 12/21 :    V7P3R_v12.6  -  C0BR4_v2.9

PGN-File: C:\Program Files (x86)\Arena\Tournaments\Engine Battle 20251101.pgn

No:  B/W 1/2     W:B       1:2           Time        Value Moves Dep 1:2       1-2-Draws
   6 W 2    2.5:1.5        3.5:2.5       1:09:27 AM  +299.97    31 3.720 :4.000  2-1-3

--------------------------------------------------------------

Engine-Match Sunday, November 2, 2025 1:09:28 AM
 Blitz 3/2 

Pairing 13/21 :    Stockfish 1%  -  Random_Opponent

PGN-File: C:\Program Files (x86)\Arena\Tournaments\Engine Battle 20251101.pgn

No:  B/W 1/2     W:B       1:2           Time        Value Moves Dep 1:2       1-2-Draws
   6 B 1    1.0:0.0        6.0:0.0       1:10:16 AM      -M1   122 16.375 :0 6-0-0

--------------------------------------------------------------

Engine-Match Sunday, November 2, 2025 1:10:17 AM
 Blitz 3/2 

Pairing 14/21 :    C0BR4_v2.9  -  V7P3R_v14.0

PGN-File: C:\Program Files (x86)\Arena\Tournaments\Engine Battle 20251101.pgn

No:  B/W 1/2     W:B       1:2           Time        Value Moves Dep 1:2       1-2-Draws
   6 = =    2.0:2.0        2.0:4.0       1:13:23 AM    -2.40    38 4.000 :4.313  0-2-4

--------------------------------------------------------------

Engine-Match Sunday, November 2, 2025 1:13:24 AM
 Blitz 3/2 

Pairing 15/21 :    V7P3R_v14.9  -  V7P3R_v12.6

PGN-File: C:\Program Files (x86)\Arena\Tournaments\Engine Battle 20251101.pgn

No:  B/W 1/2     W:B       1:2           Time        Value Moves Dep 1:2       1-2-Draws
   6 = =    1.5:1.5        2.5:3.5       1:20:25 AM     0.00    60 3.810 :4.167  1-2-3

--------------------------------------------------------------

Engine-Match Sunday, November 2, 2025 1:20:36 AM
 Blitz 3/2 

Pairing 16/21 :    SlowMate_v3.1  -  C0BR4_v2.9

PGN-File: C:\Program Files (x86)\Arena\Tournaments\Engine Battle 20251101.pgn

No:  B/W 1/2     W:B       1:2           Time        Value Moves Dep 1:2       1-2-Draws
   6 B 1    1.5:0.5        2.5:3.5       1:23:25 AM  -106.44    32 3.467 :4.000  2-3-1

--------------------------------------------------------------

Engine-Match Sunday, November 2, 2025 1:23:26 AM
 Blitz 3/2 

Pairing 17/21 :    V7P3R_v12.6  -  Stockfish 1%

PGN-File: C:\Program Files (x86)\Arena\Tournaments\Engine Battle 20251101.pgn

No:  B/W 1/2     W:B       1:2           Time        Value Moves Dep 1:2       1-2-Draws
   6 W 2    1.0:0.0        1.0:5.0       1:24:34 AM   +10.47    12 3.889 :14.778  1-5-0

--------------------------------------------------------------

Engine-Match Sunday, November 2, 2025 1:24:35 AM
 Blitz 3/2 

Pairing 18/21 :    V7P3R_v14.0  -  V7P3R_v14.9

PGN-File: C:\Program Files (x86)\Arena\Tournaments\Engine Battle 20251101.pgn

No:  B/W 1/2     W:B       1:2           Time        Value Moves Dep 1:2       1-2-Draws
   6 = =    0.5:0.5        2.5:3.5       1:29:35 AM     0.00    40 4.143 :3.720  2-3-1

--------------------------------------------------------------

Engine-Match Sunday, November 2, 2025 1:29:37 AM
 Blitz 3/2 

Pairing 19/21 :    Random_Opponent  -  V7P3R_v12.6

PGN-File: C:\Program Files (x86)\Arena\Tournaments\Engine Battle 20251101.pgn

No:  B/W 1/2     W:B       1:2           Time        Value Moves Dep 1:2       1-2-Draws
   6 W 2    1.0:0.0        0.0:6.0       1:31:12 AM  +289.98    10 0:4.100  0-6-0

--------------------------------------------------------------

Engine-Match Sunday, November 2, 2025 1:31:13 AM
 Blitz 3/2 

Pairing 20/21 :    V7P3R_v14.9  -  SlowMate_v3.1

PGN-File: C:\Program Files (x86)\Arena\Tournaments\Engine Battle 20251101.pgn

No:  B/W 1/2     W:B       1:2           Time        Value Moves Dep 1:2       1-2-Draws
   6 W 2    1.5:0.5        3.5:2.5       1:39:11 AM   +19.40    66 3.563 :3.556  3-2-1

--------------------------------------------------------------

Engine-Match Sunday, November 2, 2025 1:39:12 AM
 Blitz 3/2 

Pairing 21/21 :    Stockfish 1%  -  V7P3R_v14.0

PGN-File: C:\Program Files (x86)\Arena\Tournaments\Engine Battle 20251101.pgn

No:  B/W 1/2     W:B       1:2           Time        Value Moves Dep 1:2       1-2-Draws
   6 B 1    1.0:0.0        6.0:0.0       1:44:04 AM   -15.24    63 12.250 :4.095  6-0-0

--------------------------------------------------------------

Engine-Match Sunday, November 2, 2025 1:44:05 AM
 Blitz 3/2 

Pairing 1/21 :    C0BR4_v2.9  -  V7P3R_v14.9

PGN-File: C:\Program Files (x86)\Arena\Tournaments\Engine Battle 20251101.pgn

No:  B/W 1/2     W:B       1:2           Time        Value Moves Dep 1:2       1-2-Draws
   7 W 1    1.0:0.0        5.0:2.0       1:46:16 AM  +299.97    29 4.000 :3.600  5-2-0

--------------------------------------------------------------

Engine-Match Sunday, November 2, 2025 1:46:18 AM
 Blitz 3/2 

Pairing 2/21 :    V7P3R_v14.0  -  Random_Opponent

PGN-File: C:\Program Files (x86)\Arena\Tournaments\Engine Battle 20251101.pgn

No:  B/W 1/2     W:B       1:2           Time        Value Moves Dep 1:2       1-2-Draws
   7 W 1    1.5:0.5        6.5:0.5       1:49:21 AM  +289.97    27 4.417 :0 6-0-1

--------------------------------------------------------------

Engine-Match Sunday, November 2, 2025 1:49:22 AM
 Blitz 3/2 

Pairing 3/21 :    SlowMate_v3.1  -  Stockfish 1%

PGN-File: C:\Program Files (x86)\Arena\Tournaments\Engine Battle 20251101.pgn

No:  B/W 1/2     W:B       1:2           Time        Value Moves Dep 1:2       1-2-Draws
   7 = =    1.0:1.0        1.0:6.0       1:02:03 AM    -3.19   250 2.950 :12.167  0-5-2

--------------------------------------------------------------

Engine-Match Sunday, November 2, 2025 1:02:04 AM
 Blitz 3/2 

Pairing 4/21 :    V7P3R_v12.6  -  V7P3R_v14.0

PGN-File: C:\Program Files (x86)\Arena\Tournaments\Engine Battle 20251101.pgn

No:  B/W 1/2     W:B       1:2           Time        Value Moves Dep 1:2       1-2-Draws
   7 W 1    2.5:1.5        5.5:1.5       1:05:13 AM  +289.97    15 3.615 :4.222  4-0-3

--------------------------------------------------------------

Engine-Match Sunday, November 2, 2025 1:05:15 AM
 Blitz 3/2 

Pairing 5/21 :    Stockfish 1%  -  C0BR4_v2.9

PGN-File: C:\Program Files (x86)\Arena\Tournaments\Engine Battle 20251101.pgn

No:  B/W 1/2     W:B       1:2           Time        Value Moves Dep 1:2       1-2-Draws
   7 = =    1.0:1.0        6.0:1.0       1:07:08 AM     0.00   152 13.091 :4.000  5-0-2

--------------------------------------------------------------

Engine-Match Sunday, November 2, 2025 1:07:09 AM
 Blitz 3/2 

Pairing 6/21 :    Random_Opponent  -  SlowMate_v3.1

PGN-File: C:\Program Files (x86)\Arena\Tournaments\Engine Battle 20251101.pgn

No:  B/W 1/2     W:B       1:2           Time        Value Moves Dep 1:2       1-2-Draws
   7 = =    2.0:2.0        2.0:5.0       1:09:40 AM     0.00    30 0:3.655  0-3-4

--------------------------------------------------------------

Engine-Match Sunday, November 2, 2025 1:09:41 AM
 Blitz 3/2 

Pairing 7/21 :    V7P3R_v14.9  -  Stockfish 1%

PGN-File: C:\Program Files (x86)\Arena\Tournaments\Engine Battle 20251101.pgn

No:  B/W 1/2     W:B       1:2           Time        Value Moves Dep 1:2       1-2-Draws
   7 B 2    1.0:0.0        0.0:7.0       1:11:50 AM      -M1    31 3.731 :14.000  0-7-0

--------------------------------------------------------------

Engine-Match Sunday, November 2, 2025 1:11:51 AM
 Blitz 3/2 

Pairing 8/21 :    SlowMate_v3.1  -  V7P3R_v12.6

PGN-File: C:\Program Files (x86)\Arena\Tournaments\Engine Battle 20251101.pgn

No:  B/W 1/2     W:B       1:2           Time        Value Moves Dep 1:2       1-2-Draws
   7 B 2    2.5:1.5        1.5:5.5       1:17:20 AM  -289.97    29 3.207 :3.500  0-4-3

--------------------------------------------------------------

Engine-Match Sunday, November 2, 2025 1:17:22 AM
 Blitz 3/2 

Pairing 9/21 :    C0BR4_v2.9  -  Random_Opponent

PGN-File: C:\Program Files (x86)\Arena\Tournaments\Engine Battle 20251101.pgn

No:  B/W 1/2     W:B       1:2           Time        Value Moves Dep 1:2       1-2-Draws
   7 W 1    1.0:0.0        7.0:0.0       1:17:35 AM  +299.97    23 4.000 :0 7-0-0

--------------------------------------------------------------

Engine-Match Sunday, November 2, 2025 1:17:37 AM
 Blitz 3/2 

Pairing 10/21 :    V7P3R_v14.0  -  SlowMate_v3.1

PGN-File: C:\Program Files (x86)\Arena\Tournaments\Engine Battle 20251101.pgn

No:  B/W 1/2     W:B       1:2           Time        Value Moves Dep 1:2       1-2-Draws
   7 W 1    3.0:2.0        5.0:2.0       1:26:23 AM   +17.99    62 4.000 :3.231  3-0-4

--------------------------------------------------------------

Engine-Match Sunday, November 2, 2025 1:26:24 AM
 Blitz 3/2 

Pairing 11/21 :    Random_Opponent  -  V7P3R_v14.9

PGN-File: C:\Program Files (x86)\Arena\Tournaments\Engine Battle 20251101.pgn

No:  B/W 1/2     W:B       1:2           Time        Value Moves Dep 1:2       1-2-Draws
   7 B 2    1.0:0.0        0.0:7.0       1:27:31 AM     0.00    18 0:3.438  0-7-0

--------------------------------------------------------------

Engine-Match Sunday, November 2, 2025 1:27:32 AM
 Blitz 3/2 

Pairing 12/21 :    V7P3R_v12.6  -  C0BR4_v2.9

PGN-File: C:\Program Files (x86)\Arena\Tournaments\Engine Battle 20251101.pgn

No:  B/W 1/2     W:B       1:2           Time        Value Moves Dep 1:2       1-2-Draws
   7 = =    2.0:2.0        4.0:3.0       1:30:20 AM    -4.93    33 4.429 :4.000  2-1-4

--------------------------------------------------------------

Engine-Match Sunday, November 2, 2025 1:30:21 AM
 Blitz 3/2 

Pairing 13/21 :    Stockfish 1%  -  Random_Opponent

PGN-File: C:\Program Files (x86)\Arena\Tournaments\Engine Battle 20251101.pgn

No:  B/W 1/2     W:B       1:2           Time        Value Moves Dep 1:2       1-2-Draws
   7 W 1    1.0:0.0        7.0:0.0       1:30:40 AM      +M1    41 14.100 :0 7-0-0

--------------------------------------------------------------

Engine-Match Sunday, November 2, 2025 1:30:42 AM
 Blitz 3/2 

Pairing 14/21 :    C0BR4_v2.9  -  V7P3R_v14.0

PGN-File: C:\Program Files (x86)\Arena\Tournaments\Engine Battle 20251101.pgn

No:  B/W 1/2     W:B       1:2           Time        Value Moves Dep 1:2       1-2-Draws
   7 B 2    3.0:2.0        2.0:5.0       1:35:09 AM     0.00    54 4.000 :4.286  0-3-4

--------------------------------------------------------------

Engine-Match Sunday, November 2, 2025 1:35:20 AM
 Blitz 3/2 

Pairing 15/21 :    V7P3R_v14.9  -  V7P3R_v12.6

PGN-File: C:\Program Files (x86)\Arena\Tournaments\Engine Battle 20251101.pgn

No:  B/W 1/2     W:B       1:2           Time        Value Moves Dep 1:2       1-2-Draws
   7 B 2    2.5:1.5        2.5:4.5       1:42:31 AM     0.00    60 3.759 :3.958  1-3-3

--------------------------------------------------------------

Engine-Match Sunday, November 2, 2025 1:42:32 AM
 Blitz 3/2 

Pairing 16/21 :    SlowMate_v3.1  -  C0BR4_v2.9

PGN-File: C:\Program Files (x86)\Arena\Tournaments\Engine Battle 20251101.pgn

No:  B/W 1/2     W:B       1:2           Time        Value Moves Dep 1:2       1-2-Draws
   7 = =    1.0:1.0        3.0:4.0       1:46:55 AM    +1.17    54 3.897 :4.000  2-3-2

--------------------------------------------------------------

Engine-Match Sunday, November 2, 2025 1:46:56 AM
 Blitz 3/2 

Pairing 17/21 :    V7P3R_v12.6  -  Stockfish 1%

PGN-File: C:\Program Files (x86)\Arena\Tournaments\Engine Battle 20251101.pgn

No:  B/W 1/2     W:B       1:2           Time        Value Moves Dep 1:2       1-2-Draws
   7 B 2    1.0:0.0        1.0:6.0       1:48:49 AM      -M1    17 4.071 :13.000  1-6-0

--------------------------------------------------------------

Engine-Match Sunday, November 2, 2025 1:48:50 AM
 Blitz 3/2 

Pairing 18/21 :    V7P3R_v14.0  -  V7P3R_v14.9

PGN-File: C:\Program Files (x86)\Arena\Tournaments\Engine Battle 20251101.pgn

No:  B/W 1/2     W:B       1:2           Time        Value Moves Dep 1:2       1-2-Draws
   7 W 1    1.5:0.5        3.5:3.5       1:55:02 AM  +289.99    59 4.167 :3.565  3-3-1

--------------------------------------------------------------

Engine-Match Sunday, November 2, 2025 1:55:03 AM
 Blitz 3/2 

Pairing 19/21 :    Random_Opponent  -  V7P3R_v12.6

PGN-File: C:\Program Files (x86)\Arena\Tournaments\Engine Battle 20251101.pgn

No:  B/W 1/2     W:B       1:2           Time        Value Moves Dep 1:2       1-2-Draws
   7 B 2    1.0:0.0        0.0:7.0       1:58:19 AM     0.00    27 0:4.045  0-7-0

--------------------------------------------------------------

Engine-Match Sunday, November 2, 2025 1:58:20 AM
 Blitz 3/2 

Pairing 20/21 :    V7P3R_v14.9  -  SlowMate_v3.1

PGN-File: C:\Program Files (x86)\Arena\Tournaments\Engine Battle 20251101.pgn

No:  B/W 1/2     W:B       1:2           Time        Value Moves Dep 1:2       1-2-Draws
   7 B 2    1.5:0.5        3.5:3.5       2:05:46 AM   -25.48    62 3.556 :3.364  3-3-1

--------------------------------------------------------------

Engine-Match Sunday, November 2, 2025 2:05:48 AM
 Blitz 3/2 

Pairing 21/21 :    Stockfish 1%  -  V7P3R_v14.0

PGN-File: C:\Program Files (x86)\Arena\Tournaments\Engine Battle 20251101.pgn

No:  B/W 1/2     W:B       1:2           Time        Value Moves Dep 1:2       1-2-Draws
   7 B 2    1.0:0.0        6.0:1.0       2:07:35 AM  -289.98    20 13.143 :4.417  6-1-0

--------------------------------------------------------------

Engine-Match Sunday, November 2, 2025 2:07:36 AM
 Blitz 3/2 

Pairing 1/21 :    C0BR4_v2.9  -  V7P3R_v14.9

PGN-File: C:\Program Files (x86)\Arena\Tournaments\Engine Battle 20251101.pgn

No:  B/W 1/2     W:B       1:2           Time        Value Moves Dep 1:2       1-2-Draws
   8 B 1    1.0:0.0        6.0:2.0       2:09:49 AM   -12.30    34 4.000 :3.741  6-2-0

--------------------------------------------------------------

Engine-Match Sunday, November 2, 2025 2:09:50 AM
 Blitz 3/2 

Pairing 2/21 :    V7P3R_v14.0  -  Random_Opponent

PGN-File: C:\Program Files (x86)\Arena\Tournaments\Engine Battle 20251101.pgn

No:  B/W 1/2     W:B       1:2           Time        Value Moves Dep 1:2       1-2-Draws
   8 B 1    1.5:0.5        7.5:0.5       2:10:31 AM  -289.98     6 4.600 :0 7-0-1

--------------------------------------------------------------

Engine-Match Sunday, November 2, 2025 2:10:32 AM
 Blitz 3/2 

Pairing 3/21 :    SlowMate_v3.1  -  Stockfish 1%

PGN-File: C:\Program Files (x86)\Arena\Tournaments\Engine Battle 20251101.pgn

No:  B/W 1/2     W:B       1:2           Time        Value Moves Dep 1:2       1-2-Draws
   8 W 2    2.0:1.0        1.0:7.0       2:14:43 AM      +M1    54 3.491 :13.286  0-6-2

--------------------------------------------------------------

Engine-Match Sunday, November 2, 2025 2:14:45 AM
 Blitz 3/2 

Pairing 4/21 :    V7P3R_v12.6  -  V7P3R_v14.0

PGN-File: C:\Program Files (x86)\Arena\Tournaments\Engine Battle 20251101.pgn

No:  B/W 1/2     W:B       1:2           Time        Value Moves Dep 1:2       1-2-Draws
   8 W 2    2.5:1.5        5.5:2.5       2:23:15 AM  +289.98    73 3.600 :4.125  4-1-3

--------------------------------------------------------------

Engine-Match Sunday, November 2, 2025 2:23:17 AM
 Blitz 3/2 

Pairing 5/21 :    Stockfish 1%  -  C0BR4_v2.9

PGN-File: C:\Program Files (x86)\Arena\Tournaments\Engine Battle 20251101.pgn

No:  B/W 1/2     W:B       1:2           Time        Value Moves Dep 1:2       1-2-Draws
   8 B 1    2.0:1.0        7.0:1.0       2:23:48 AM      -M1    22 12.857 :4.000  6-0-2

--------------------------------------------------------------

Engine-Match Sunday, November 2, 2025 2:23:49 AM
 Blitz 3/2 

Pairing 6/21 :    Random_Opponent  -  SlowMate_v3.1

PGN-File: C:\Program Files (x86)\Arena\Tournaments\Engine Battle 20251101.pgn

No:  B/W 1/2     W:B       1:2           Time        Value Moves Dep 1:2       1-2-Draws
   8 W 2    3.0:2.0        2.0:6.0       2:25:38 AM  +112.79    20 0:3.650  0-4-4

--------------------------------------------------------------

Engine-Match Sunday, November 2, 2025 2:25:40 AM
 Blitz 3/2 

Pairing 7/21 :    V7P3R_v14.9  -  Stockfish 1%

PGN-File: C:\Program Files (x86)\Arena\Tournaments\Engine Battle 20251101.pgn

No:  B/W 1/2     W:B       1:2           Time        Value Moves Dep 1:2       1-2-Draws
   8 W 2    1.0:0.0        0.0:8.0       2:26:24 AM   +11.88    16 3.500 :13.143  0-8-0

--------------------------------------------------------------

Engine-Match Sunday, November 2, 2025 2:26:26 AM
 Blitz 3/2 

Pairing 8/21 :    SlowMate_v3.1  -  V7P3R_v12.6

PGN-File: C:\Program Files (x86)\Arena\Tournaments\Engine Battle 20251101.pgn

No:  B/W 1/2     W:B       1:2           Time        Value Moves Dep 1:2       1-2-Draws
   8 = =    2.0:2.0        2.0:6.0       2:34:22 AM    +0.25    55 3.800 :4.000  0-4-4

--------------------------------------------------------------

Engine-Match Sunday, November 2, 2025 2:34:23 AM
 Blitz 3/2 

Pairing 9/21 :    C0BR4_v2.9  -  Random_Opponent

PGN-File: C:\Program Files (x86)\Arena\Tournaments\Engine Battle 20251101.pgn

No:  B/W 1/2     W:B       1:2           Time        Value Moves Dep 1:2       1-2-Draws
   8 B 1    1.0:0.0        8.0:0.0       2:34:30 AM  -299.97     8 3.667 :0 8-0-0

--------------------------------------------------------------

Engine-Match Sunday, November 2, 2025 2:34:32 AM
 Blitz 3/2 

Pairing 10/21 :    V7P3R_v14.0  -  SlowMate_v3.1

PGN-File: C:\Program Files (x86)\Arena\Tournaments\Engine Battle 20251101.pgn

No:  B/W 1/2     W:B       1:2           Time        Value Moves Dep 1:2       1-2-Draws
   8 = =    2.5:2.5        5.5:2.5       2:41:32 AM    +3.63    53 4.478 :3.946  3-0-5

--------------------------------------------------------------

Engine-Match Sunday, November 2, 2025 2:41:34 AM
 Blitz 3/2 

Pairing 11/21 :    Random_Opponent  -  V7P3R_v14.9

PGN-File: C:\Program Files (x86)\Arena\Tournaments\Engine Battle 20251101.pgn

No:  B/W 1/2     W:B       1:2           Time        Value Moves Dep 1:2       1-2-Draws
   8 W 2    1.0:0.0        0.0:8.0       2:43:15 AM  +289.97    21 0:3.700  0-8-0

--------------------------------------------------------------

Engine-Match Sunday, November 2, 2025 2:43:17 AM
 Blitz 3/2 

Pairing 12/21 :    V7P3R_v12.6  -  C0BR4_v2.9

PGN-File: C:\Program Files (x86)\Arena\Tournaments\Engine Battle 20251101.pgn

No:  B/W 1/2     W:B       1:2           Time        Value Moves Dep 1:2       1-2-Draws
   8 = =    2.5:2.5        4.5:3.5       2:45:50 AM    +5.61    25 4.063 :4.000  2-1-5

--------------------------------------------------------------

Engine-Match Sunday, November 2, 2025 2:45:52 AM
 Blitz 3/2 

Pairing 13/21 :    Stockfish 1%  -  Random_Opponent

PGN-File: C:\Program Files (x86)\Arena\Tournaments\Engine Battle 20251101.pgn

No:  B/W 1/2     W:B       1:2           Time        Value Moves Dep 1:2       1-2-Draws
   8 B 1    1.0:0.0        8.0:0.0       2:45:59 AM      -M1     9 14.571 :0 8-0-0

--------------------------------------------------------------

Engine-Match Sunday, November 2, 2025 2:46:07 AM
 Blitz 3/2 

Pairing 14/21 :    C0BR4_v2.9  -  V7P3R_v14.0

PGN-File: C:\Program Files (x86)\Arena\Tournaments\Engine Battle 20251101.pgn

No:  B/W 1/2     W:B       1:2           Time        Value Moves Dep 1:2       1-2-Draws
   8 = =    2.5:2.5        2.5:5.5       2:47:24 AM    +3.88    18 4.000 :4.417  0-3-5

--------------------------------------------------------------

Engine-Match Sunday, November 2, 2025 2:47:25 AM
 Blitz 3/2 

Pairing 15/21 :    V7P3R_v14.9  -  V7P3R_v12.6

PGN-File: C:\Program Files (x86)\Arena\Tournaments\Engine Battle 20251101.pgn

No:  B/W 1/2     W:B       1:2           Time        Value Moves Dep 1:2       1-2-Draws
   8 = =    2.0:2.0        3.0:5.0       2:54:21 AM     0.00    60 3.810 :4.167  1-3-4

--------------------------------------------------------------

Engine-Match Sunday, November 2, 2025 2:54:22 AM
 Blitz 3/2 

Pairing 16/21 :    SlowMate_v3.1  -  C0BR4_v2.9

PGN-File: C:\Program Files (x86)\Arena\Tournaments\Engine Battle 20251101.pgn

No:  B/W 1/2     W:B       1:2           Time        Value Moves Dep 1:2       1-2-Draws
   8 = =    1.5:1.5        3.5:4.5       2:55:35 AM   +11.31    12 3.818 :4.000  2-3-3

--------------------------------------------------------------

Engine-Match Sunday, November 2, 2025 2:55:36 AM
 Blitz 3/2 

Pairing 17/21 :    V7P3R_v12.6  -  Stockfish 1%

PGN-File: C:\Program Files (x86)\Arena\Tournaments\Engine Battle 20251101.pgn

No:  B/W 1/2     W:B       1:2           Time        Value Moves Dep 1:2       1-2-Draws
   8 W 2    1.0:0.0        1.0:7.0       2:57:19 AM   +11.90    19 4.071 :14.300  1-7-0

--------------------------------------------------------------

Engine-Match Sunday, November 2, 2025 2:57:21 AM
 Blitz 3/2 

Pairing 18/21 :    V7P3R_v14.0  -  V7P3R_v14.9

PGN-File: C:\Program Files (x86)\Arena\Tournaments\Engine Battle 20251101.pgn

No:  B/W 1/2     W:B       1:2           Time        Value Moves Dep 1:2       1-2-Draws
   8 W 2    1.5:0.5        3.5:4.5       3:03:37 AM     0.00    39 3.935 :3.700  3-4-1

--------------------------------------------------------------

Engine-Match Sunday, November 2, 2025 3:03:38 AM
 Blitz 3/2 

Pairing 19/21 :    Random_Opponent  -  V7P3R_v12.6

PGN-File: C:\Program Files (x86)\Arena\Tournaments\Engine Battle 20251101.pgn

No:  B/W 1/2     W:B       1:2           Time        Value Moves Dep 1:2       1-2-Draws
   8 W 2    1.0:0.0        0.0:8.0       3:05:13 AM  +289.98    11 0:4.400  0-8-0

--------------------------------------------------------------

Engine-Match Sunday, November 2, 2025 3:05:15 AM
 Blitz 3/2 

Pairing 20/21 :    V7P3R_v14.9  -  SlowMate_v3.1

PGN-File: C:\Program Files (x86)\Arena\Tournaments\Engine Battle 20251101.pgn

No:  B/W 1/2     W:B       1:2           Time        Value Moves Dep 1:2       1-2-Draws
   8 = =    1.0:1.0        4.0:4.0       3:11:55 AM    +2.79    54 3.563 :3.556  3-3-2

--------------------------------------------------------------

Engine-Match Sunday, November 2, 2025 3:11:56 AM
 Blitz 3/2 

Pairing 21/21 :    Stockfish 1%  -  V7P3R_v14.0

PGN-File: C:\Program Files (x86)\Arena\Tournaments\Engine Battle 20251101.pgn

No:  B/W 1/2     W:B       1:2           Time        Value Moves Dep 1:2       1-2-Draws
   8 B 1    1.0:0.0        7.0:1.0       3:16:18 AM   -14.32    55 13.100 :4.154  7-1-0

--------------------------------------------------------------

Engine-Match Sunday, November 2, 2025 3:16:19 AM
 Blitz 3/2 

Pairing 1/21 :    C0BR4_v2.9  -  V7P3R_v14.9

PGN-File: C:\Program Files (x86)\Arena\Tournaments\Engine Battle 20251101.pgn

No:  B/W 1/2     W:B       1:2           Time        Value Moves Dep 1:2       1-2-Draws
   9 B 2    1.0:0.0        6.0:3.0       3:19:58 AM   -14.61    62 4.000 :3.885  6-3-0

--------------------------------------------------------------

Engine-Match Sunday, November 2, 2025 3:19:59 AM
 Blitz 3/2 

Pairing 2/21 :    V7P3R_v14.0  -  Random_Opponent

PGN-File: C:\Program Files (x86)\Arena\Tournaments\Engine Battle 20251101.pgn

No:  B/W 1/2     W:B       1:2           Time        Value Moves Dep 1:2       1-2-Draws
   9 W 1    1.5:0.5        8.5:0.5       3:21:58 AM     0.00    20 4.188 :0 8-0-1

--------------------------------------------------------------

Engine-Match Sunday, November 2, 2025 3:21:59 AM
 Blitz 3/2 

Pairing 3/21 :    SlowMate_v3.1  -  Stockfish 1%

PGN-File: C:\Program Files (x86)\Arena\Tournaments\Engine Battle 20251101.pgn

No:  B/W 1/2     W:B       1:2           Time        Value Moves Dep 1:2       1-2-Draws
   9 B 2    2.0:1.0        1.0:8.0       3:28:10 AM    -9.20    93 2.778 :12.636  0-7-2

--------------------------------------------------------------

Engine-Match Sunday, November 2, 2025 3:28:12 AM
 Blitz 3/2 

Pairing 4/21 :    V7P3R_v12.6  -  V7P3R_v14.0

PGN-File: C:\Program Files (x86)\Arena\Tournaments\Engine Battle 20251101.pgn

No:  B/W 1/2     W:B       1:2           Time        Value Moves Dep 1:2       1-2-Draws
   9 W 1    2.5:1.5        6.5:2.5       3:31:11 AM  +289.97    15 3.615 :4.222  5-1-3

--------------------------------------------------------------

Engine-Match Sunday, November 2, 2025 3:31:12 AM
 Blitz 3/2 

Pairing 5/21 :    Stockfish 1%  -  C0BR4_v2.9

PGN-File: C:\Program Files (x86)\Arena\Tournaments\Engine Battle 20251101.pgn

No:  B/W 1/2     W:B       1:2           Time        Value Moves Dep 1:2       1-2-Draws
   9 W 1    2.0:1.0        8.0:1.0       3:31:41 AM      +M1    31 14.556 :3.964  7-0-2

--------------------------------------------------------------

Engine-Match Sunday, November 2, 2025 3:31:43 AM
 Blitz 3/2 

Pairing 6/21 :    Random_Opponent  -  SlowMate_v3.1

PGN-File: C:\Program Files (x86)\Arena\Tournaments\Engine Battle 20251101.pgn

No:  B/W 1/2     W:B       1:2           Time        Value Moves Dep 1:2       1-2-Draws
   9 = =    2.5:2.5        2.5:6.5       3:33:27 AM  -200.00    19 0:3.316  0-4-5

--------------------------------------------------------------

Engine-Match Sunday, November 2, 2025 3:33:28 AM
 Blitz 3/2 

Pairing 7/21 :    V7P3R_v14.9  -  Stockfish 1%

PGN-File: C:\Program Files (x86)\Arena\Tournaments\Engine Battle 20251101.pgn

No:  B/W 1/2     W:B       1:2           Time        Value Moves Dep 1:2       1-2-Draws
   9 B 2    1.0:0.0        0.0:9.0       3:35:43 AM   -23.10    30 3.750 :14.889  0-9-0

--------------------------------------------------------------

Engine-Match Sunday, November 2, 2025 3:35:44 AM
 Blitz 3/2 

Pairing 8/21 :    SlowMate_v3.1  -  V7P3R_v12.6

PGN-File: C:\Program Files (x86)\Arena\Tournaments\Engine Battle 20251101.pgn

No:  B/W 1/2     W:B       1:2           Time        Value Moves Dep 1:2       1-2-Draws
   9 = =    2.5:2.5        2.5:6.5       3:44:08 AM    +2.29    59 3.211 :3.548  0-4-5

--------------------------------------------------------------

Engine-Match Sunday, November 2, 2025 3:44:09 AM
 Blitz 3/2 

Pairing 9/21 :    C0BR4_v2.9  -  Random_Opponent

PGN-File: C:\Program Files (x86)\Arena\Tournaments\Engine Battle 20251101.pgn

No:  B/W 1/2     W:B       1:2           Time        Value Moves Dep 1:2       1-2-Draws
   9 W 1    1.0:0.0        9.0:0.0       3:44:30 AM  +299.97    16 3.867 :0 9-0-0

--------------------------------------------------------------

Engine-Match Sunday, November 2, 2025 3:44:31 AM
 Blitz 3/2 

Pairing 10/21 :    V7P3R_v14.0  -  SlowMate_v3.1

PGN-File: C:\Program Files (x86)\Arena\Tournaments\Engine Battle 20251101.pgn

No:  B/W 1/2     W:B       1:2           Time        Value Moves Dep 1:2       1-2-Draws
   9 = =    3.0:3.0        6.0:3.0       3:53:20 AM    -1.72    66 3.970 :3.350  3-0-6

--------------------------------------------------------------

Engine-Match Sunday, November 2, 2025 3:53:22 AM
 Blitz 3/2 

Pairing 11/21 :    Random_Opponent  -  V7P3R_v14.9

PGN-File: C:\Program Files (x86)\Arena\Tournaments\Engine Battle 20251101.pgn

No:  B/W 1/2     W:B       1:2           Time        Value Moves Dep 1:2       1-2-Draws
   9 B 2    1.0:0.0        0.0:9.0       3:55:28 AM  -289.97    27 0:3.654  0-9-0

--------------------------------------------------------------

Engine-Match Sunday, November 2, 2025 3:55:29 AM
 Blitz 3/2 

Pairing 12/21 :    V7P3R_v12.6  -  C0BR4_v2.9

PGN-File: C:\Program Files (x86)\Arena\Tournaments\Engine Battle 20251101.pgn

No:  B/W 1/2     W:B       1:2           Time        Value Moves Dep 1:2       1-2-Draws
   9 B 2    3.5:2.5        4.5:4.5       3:58:46 AM  -299.97    25 3.950 :3.917  2-2-5

--------------------------------------------------------------

Engine-Match Sunday, November 2, 2025 3:58:53 AM
 Blitz 3/2 

Pairing 13/21 :    Stockfish 1%  -  Random_Opponent

PGN-File: C:\Program Files (x86)\Arena\Tournaments\Engine Battle 20251101.pgn

No:  B/W 1/2     W:B       1:2           Time        Value Moves Dep 1:2       1-2-Draws
   9 W 1    1.0:0.0        9.0:0.0       3:59:00 AM      +M1    12 14.778 :0 9-0-0

--------------------------------------------------------------

Engine-Match Sunday, November 2, 2025 3:59:02 AM
 Blitz 3/2 

Pairing 14/21 :    C0BR4_v2.9  -  V7P3R_v14.0

PGN-File: C:\Program Files (x86)\Arena\Tournaments\Engine Battle 20251101.pgn

No:  B/W 1/2     W:B       1:2           Time        Value Moves Dep 1:2       1-2-Draws
   9 W 1    3.5:2.5        3.5:5.5       4:00:21 AM  +299.97    18 4.000 :4.700  1-3-5

--------------------------------------------------------------

Engine-Match Sunday, November 2, 2025 4:00:23 AM
 Blitz 3/2 

Pairing 15/21 :    V7P3R_v14.9  -  V7P3R_v12.6

PGN-File: C:\Program Files (x86)\Arena\Tournaments\Engine Battle 20251101.pgn

No:  B/W 1/2     W:B       1:2           Time        Value Moves Dep 1:2       1-2-Draws
   9 = =    2.5:2.5        3.5:5.5       4:05:52 AM    -3.32    52 3.571 :3.810  1-3-5

--------------------------------------------------------------

Engine-Match Sunday, November 2, 2025 4:05:54 AM
 Blitz 3/2 

Pairing 16/21 :    SlowMate_v3.1  -  C0BR4_v2.9

PGN-File: C:\Program Files (x86)\Arena\Tournaments\Engine Battle 20251101.pgn

No:  B/W 1/2     W:B       1:2           Time        Value Moves Dep 1:2       1-2-Draws
   9 = =    2.0:2.0        4.0:5.0       4:09:41 AM    +1.35    44 3.897 :4.000  2-3-4

--------------------------------------------------------------

Engine-Match Sunday, November 2, 2025 4:09:42 AM
 Blitz 3/2 

Pairing 17/21 :    V7P3R_v12.6  -  Stockfish 1%

PGN-File: C:\Program Files (x86)\Arena\Tournaments\Engine Battle 20251101.pgn

No:  B/W 1/2     W:B       1:2           Time        Value Moves Dep 1:2       1-2-Draws
   9 B 2    1.0:0.0        1.0:8.0       4:12:11 AM      -M1    25 4.087 :12.083  1-8-0

--------------------------------------------------------------

Engine-Match Sunday, November 2, 2025 4:12:12 AM
 Blitz 3/2 

Pairing 18/21 :    V7P3R_v14.0  -  V7P3R_v14.9

PGN-File: C:\Program Files (x86)\Arena\Tournaments\Engine Battle 20251101.pgn

No:  B/W 1/2     W:B       1:2           Time        Value Moves Dep 1:2       1-2-Draws
   9 = =    1.0:1.0        4.0:5.0       4:21:45 AM     0.00   103 4.000 :3.455  3-4-2

--------------------------------------------------------------

Engine-Match Sunday, November 2, 2025 4:21:46 AM
 Blitz 3/2 

Pairing 19/21 :    Random_Opponent  -  V7P3R_v12.6

PGN-File: C:\Program Files (x86)\Arena\Tournaments\Engine Battle 20251101.pgn

No:  B/W 1/2     W:B       1:2           Time        Value Moves Dep 1:2       1-2-Draws
   9 B 2    1.0:0.0        0.0:9.0       4:23:31 AM  -289.97    16 0:4.133  0-9-0

--------------------------------------------------------------

Engine-Match Sunday, November 2, 2025 4:23:32 AM
 Blitz 3/2 

Pairing 20/21 :    V7P3R_v14.9  -  SlowMate_v3.1

PGN-File: C:\Program Files (x86)\Arena\Tournaments\Engine Battle 20251101.pgn

No:  B/W 1/2     W:B       1:2           Time        Value Moves Dep 1:2       1-2-Draws
   9 W 1    2.0:1.0        5.0:4.0       4:30:53 AM  +289.98    58 3.800 :3.333  4-3-2

--------------------------------------------------------------

Engine-Match Sunday, November 2, 2025 4:30:54 AM
 Blitz 3/2 

Pairing 21/21 :    Stockfish 1%  -  V7P3R_v14.0

PGN-File: C:\Program Files (x86)\Arena\Tournaments\Engine Battle 20251101.pgn

No:  B/W 1/2     W:B       1:2           Time        Value Moves Dep 1:2       1-2-Draws
   9 W 1    1.0:0.0        8.0:1.0       4:33:58 AM      +M1    31 12.333 :4.364  8-1-0

--------------------------------------------------------------

Engine-Match Sunday, November 2, 2025 4:34:00 AM
 Blitz 3/2 

Pairing 1/21 :    C0BR4_v2.9  -  V7P3R_v14.9

PGN-File: C:\Program Files (x86)\Arena\Tournaments\Engine Battle 20251101.pgn

No:  B/W 1/2     W:B       1:2           Time        Value Moves Dep 1:2       1-2-Draws
  10 = =    0.5:0.5        6.5:3.5       4:37:03 AM    +7.90    58 4.000 :3.667  6-3-1

--------------------------------------------------------------

Engine-Match Sunday, November 2, 2025 4:37:04 AM
 Blitz 3/2 

Pairing 2/21 :    V7P3R_v14.0  -  Random_Opponent

PGN-File: C:\Program Files (x86)\Arena\Tournaments\Engine Battle 20251101.pgn

No:  B/W 1/2     W:B       1:2           Time        Value Moves Dep 1:2       1-2-Draws
  10 B 1    1.5:0.5        9.5:0.5       4:38:25 AM  -289.98    13 4.182 :0 9-0-1

--------------------------------------------------------------

Engine-Match Sunday, November 2, 2025 4:38:26 AM
 Blitz 3/2 

Pairing 3/21 :    SlowMate_v3.1  -  Stockfish 1%

PGN-File: C:\Program Files (x86)\Arena\Tournaments\Engine Battle 20251101.pgn

No:  B/W 1/2     W:B       1:2           Time        Value Moves Dep 1:2       1-2-Draws
  10 W 2    2.0:1.0        1.0:9.0       4:43:04 AM      +M1    63 3.145 :13.167  0-8-2

--------------------------------------------------------------

Engine-Match Sunday, November 2, 2025 4:43:06 AM
 Blitz 3/2 

Pairing 4/21 :    V7P3R_v12.6  -  V7P3R_v14.0

PGN-File: C:\Program Files (x86)\Arena\Tournaments\Engine Battle 20251101.pgn

No:  B/W 1/2     W:B       1:2           Time        Value Moves Dep 1:2       1-2-Draws
  10 = =    2.0:2.0        7.0:3.0       4:50:33 AM     0.00    66 3.700 :4.111  5-1-4

--------------------------------------------------------------

Engine-Match Sunday, November 2, 2025 4:50:35 AM
 Blitz 3/2 

Pairing 5/21 :    Stockfish 1%  -  C0BR4_v2.9

PGN-File: C:\Program Files (x86)\Arena\Tournaments\Engine Battle 20251101.pgn

No:  B/W 1/2     W:B       1:2           Time        Value Moves Dep 1:2       1-2-Draws
  10 W 2    2.0:1.0        8.0:2.0       4:51:09 AM  +299.97    42 12.182 :4.000  7-1-2

--------------------------------------------------------------

Engine-Match Sunday, November 2, 2025 4:51:11 AM
 Blitz 3/2 

Pairing 6/21 :    Random_Opponent  -  SlowMate_v3.1

PGN-File: C:\Program Files (x86)\Arena\Tournaments\Engine Battle 20251101.pgn

No:  B/W 1/2     W:B       1:2           Time        Value Moves Dep 1:2       1-2-Draws
  10 W 2    3.5:2.5        2.5:7.5       4:53:27 AM  +162.08    26 0:3.577  0-5-5

--------------------------------------------------------------

Engine-Match Sunday, November 2, 2025 4:53:28 AM
 Blitz 3/2 

Pairing 7/21 :    V7P3R_v14.9  -  Stockfish 1%

PGN-File: C:\Program Files (x86)\Arena\Tournaments\Engine Battle 20251101.pgn

No:  B/W 1/2     W:B       1:2           Time        Value Moves Dep 1:2       1-2-Draws
  10 B 1    1.0:0.0        1.0:9.0       4:57:51 AM     0.00    72 3.912 :13.000  1-9-0

--------------------------------------------------------------

Engine-Match Sunday, November 2, 2025 4:57:52 AM
 Blitz 3/2 

Pairing 8/21 :    SlowMate_v3.1  -  V7P3R_v12.6

PGN-File: C:\Program Files (x86)\Arena\Tournaments\Engine Battle 20251101.pgn

No:  B/W 1/2     W:B       1:2           Time        Value Moves Dep 1:2       1-2-Draws
  10 W 2    3.5:2.5        2.5:7.5       5:07:33 AM  +289.98    72 3.520 :4.091  0-5-5

--------------------------------------------------------------

Engine-Match Sunday, November 2, 2025 5:07:34 AM
 Blitz 3/2 

Pairing 9/21 :    C0BR4_v2.9  -  Random_Opponent

PGN-File: C:\Program Files (x86)\Arena\Tournaments\Engine Battle 20251101.pgn

No:  B/W 1/2     W:B       1:2           Time        Value Moves Dep 1:2       1-2-Draws
  10 B 1    1.0:0.0        10.0:0.0      5:07:41 AM  -299.97     9 3.714 :0 10-0-0

--------------------------------------------------------------

Engine-Match Sunday, November 2, 2025 5:07:43 AM
 Blitz 3/2 

Pairing 10/21 :    V7P3R_v14.0  -  SlowMate_v3.1

PGN-File: C:\Program Files (x86)\Arena\Tournaments\Engine Battle 20251101.pgn

No:  B/W 1/2     W:B       1:2           Time        Value Moves Dep 1:2       1-2-Draws
  10 = =    3.5:3.5        6.5:3.5       5:14:46 AM    +3.63    53 4.478 :3.946  3-0-7

--------------------------------------------------------------

Engine-Match Sunday, November 2, 2025 5:14:47 AM
 Blitz 3/2 

Pairing 11/21 :    Random_Opponent  -  V7P3R_v14.9

PGN-File: C:\Program Files (x86)\Arena\Tournaments\Engine Battle 20251101.pgn

No:  B/W 1/2     W:B       1:2           Time        Value Moves Dep 1:2       1-2-Draws
  10 W 2    1.0:0.0        0.0:10.0      5:16:17 AM  +289.98    21 0:3.500  0-10-0

--------------------------------------------------------------

Engine-Match Sunday, November 2, 2025 5:16:28 AM
 Blitz 3/2 

Pairing 12/21 :    V7P3R_v12.6  -  C0BR4_v2.9

PGN-File: C:\Program Files (x86)\Arena\Tournaments\Engine Battle 20251101.pgn

No:  B/W 1/2     W:B       1:2           Time        Value Moves Dep 1:2       1-2-Draws
  10 B 1    3.5:2.5        5.5:4.5       5:20:36 AM     0.00    44 3.595 :4.000  3-2-5

--------------------------------------------------------------

Engine-Match Sunday, November 2, 2025 5:20:37 AM
 Blitz 3/2 

Pairing 13/21 :    Stockfish 1%  -  Random_Opponent

PGN-File: C:\Program Files (x86)\Arena\Tournaments\Engine Battle 20251101.pgn

No:  B/W 1/2     W:B       1:2           Time        Value Moves Dep 1:2       1-2-Draws
  10 B 1    1.0:0.0        10.0:0.0      5:20:47 AM      -M1    15 13.900 :0 10-0-0

--------------------------------------------------------------

Engine-Match Sunday, November 2, 2025 5:20:48 AM
 Blitz 3/2 

Pairing 14/21 :    C0BR4_v2.9  -  V7P3R_v14.0

PGN-File: C:\Program Files (x86)\Arena\Tournaments\Engine Battle 20251101.pgn

No:  B/W 1/2     W:B       1:2           Time        Value Moves Dep 1:2       1-2-Draws
  10 B 1    3.5:2.5        4.5:5.5       5:25:45 AM  -289.98    77 4.000 :4.071  2-3-5

--------------------------------------------------------------

Engine-Match Sunday, November 2, 2025 5:25:46 AM
 Blitz 3/2 

Pairing 15/21 :    V7P3R_v14.9  -  V7P3R_v12.6

PGN-File: C:\Program Files (x86)\Arena\Tournaments\Engine Battle 20251101.pgn

No:  B/W 1/2     W:B       1:2           Time        Value Moves Dep 1:2       1-2-Draws
  10 = =    3.0:3.0        4.0:6.0       5:32:36 AM     0.00    60 3.810 :4.167  1-3-6

--------------------------------------------------------------

Engine-Match Sunday, November 2, 2025 5:32:37 AM
 Blitz 3/2 

Pairing 16/21 :    SlowMate_v3.1  -  C0BR4_v2.9

PGN-File: C:\Program Files (x86)\Arena\Tournaments\Engine Battle 20251101.pgn

No:  B/W 1/2     W:B       1:2           Time        Value Moves Dep 1:2       1-2-Draws
  10 B 1    3.0:2.0        5.0:5.0       5:34:55 AM   -10.68    25 3.500 :4.000  3-3-4

--------------------------------------------------------------

Engine-Match Sunday, November 2, 2025 5:34:57 AM
 Blitz 3/2 

Pairing 17/21 :    V7P3R_v12.6  -  Stockfish 1%

PGN-File: C:\Program Files (x86)\Arena\Tournaments\Engine Battle 20251101.pgn

No:  B/W 1/2     W:B       1:2           Time        Value Moves Dep 1:2       1-2-Draws
  10 W 2    1.0:0.0        1.0:9.0       5:36:35 AM   +11.89    12 3.889 :14.889  1-9-0

--------------------------------------------------------------

Engine-Match Sunday, November 2, 2025 5:36:36 AM
 Blitz 3/2 

Pairing 18/21 :    V7P3R_v14.0  -  V7P3R_v14.9

PGN-File: C:\Program Files (x86)\Arena\Tournaments\Engine Battle 20251101.pgn

No:  B/W 1/2     W:B       1:2           Time        Value Moves Dep 1:2       1-2-Draws
  10 B 1    2.0:1.0        5.0:5.0       5:45:20 AM  -289.95    78 3.952 :3.808  4-4-2

--------------------------------------------------------------

Engine-Match Sunday, November 2, 2025 5:45:22 AM
 Blitz 3/2 

Pairing 19/21 :    Random_Opponent  -  V7P3R_v12.6

PGN-File: C:\Program Files (x86)\Arena\Tournaments\Engine Battle 20251101.pgn

No:  B/W 1/2     W:B       1:2           Time        Value Moves Dep 1:2       1-2-Draws
  10 W 2    1.0:0.0        0.0:10.0      5:47:37 AM     0.00    25 0:4.313  0-10-0

--------------------------------------------------------------

Engine-Match Sunday, November 2, 2025 5:47:38 AM
 Blitz 3/2 

Pairing 20/21 :    V7P3R_v14.9  -  SlowMate_v3.1

PGN-File: C:\Program Files (x86)\Arena\Tournaments\Engine Battle 20251101.pgn

No:  B/W 1/2     W:B       1:2           Time        Value Moves Dep 1:2       1-2-Draws
  10 = =    1.5:1.5        5.5:4.5       5:52:38 AM     0.00    37 3.471 :3.474  4-3-3

--------------------------------------------------------------

Engine-Match Sunday, November 2, 2025 5:52:39 AM
 Blitz 3/2 

Pairing 21/21 :    Stockfish 1%  -  V7P3R_v14.0

PGN-File: C:\Program Files (x86)\Arena\Tournaments\Engine Battle 20251101.pgn

No:  B/W 1/2     W:B       1:2           Time        Value Moves Dep 1:2       1-2-Draws
  10 B 1    1.0:0.0        9.0:1.0       5:57:28 AM   -17.96    94 12.091 :4.154  9-1-0
