Engine-Match Saturday, November 1, 2025 12:42:40 PM
 Blitz 5/5 

Pairing 1/5 :    V7P3R_v14.9  -  V7P3R_v10.8

PGN-File: C:\Program Files (x86)\Arena\Tournaments\Engine Regression Battle 20251101.pgn

No:  B/W 1/2     W:B       1:2           Time        Value Moves Dep 1:2       1-2-Draws
   1 B 2    1.0:0.0        0.0:1.0       12:50:07 PM   -31.47    19 3.684 :3.800  0-1-0

--------------------------------------------------------------

Engine-Match Saturday, November 1, 2025 12:50:09 PM
 Blitz 5/5 

Pairing 2/5 :    V7P3R_v14.9  -  V7P3R_v12.6

PGN-File: C:\Program Files (x86)\Arena\Tournaments\Engine Regression Battle 20251101.pgn

No:  B/W 1/2     W:B       1:2           Time        Value Moves Dep 1:2       1-2-Draws
   1 * *     0.0:0.0        0.0:0.0       12:51:30 PM    -0.26     5 3.400 :4.250  0-0-0

--------------------------------------------------------------

Engine-Match Saturday, November 1, 2025 12:51:44 PM
 Blitz 5/5 

Pairing 2/5 :    V7P3R_v14.9  -  V7P3R_v12.6

PGN-File: C:\Program Files (x86)\Arena\Tournaments\Engine Regression Battle 20251101.pgn

No:  B/W 1/2     W:B       1:2           Time        Value Moves Dep 1:2       1-2-Draws
   1 B 2    1.0:0.0        0.0:1.0       1:03:07 PM   -56.11    26 4.250 :4.048  0-1-0

--------------------------------------------------------------

Engine-Match Saturday, November 1, 2025 1:03:08 PM
 Blitz 5/5 

Pairing 3/5 :    V7P3R_v14.9  -  V7P3R_v14.0

PGN-File: C:\Program Files (x86)\Arena\Tournaments\Engine Regression Battle 20251101.pgn

No:  B/W 1/2     W:B       1:2           Time        Value Moves Dep 1:2       1-2-Draws
   1 B 2    1.0:0.0        0.0:1.0       1:14:19 PM   -41.76    31 4.520 :5.000  0-1-0

--------------------------------------------------------------

Engine-Match Saturday, November 1, 2025 1:14:20 PM
 Blitz 5/5 

Pairing 4/5 :    V7P3R_v14.9  -  Random_Opponent

PGN-File: C:\Program Files (x86)\Arena\Tournaments\Engine Regression Battle 20251101.pgn

No:  B/W 1/2     W:B       1:2           Time        Value Moves Dep 1:2       1-2-Draws
   1 * *     0.0:0.0        0.0:0.0       1:16:43 PM     0.00     5 4.000 :0 0-0-0

--------------------------------------------------------------

Engine-Match Saturday, November 1, 2025 3:52:32 PM
 Blitz 5/5 

Pairing 1/5 :    V7P3R_v14.9  -  V7P3R_v10.8

PGN-File: C:\Program Files (x86)\Arena\Tournaments\Engine Regression Battle 20251101.pgn

No:  B/W 1/2     W:B       1:2           Time        Value Moves Dep 1:2       1-2-Draws
   1 B 2    1.0:0.0        0.0:1.0       4:00:12 PM   -56.32    20 3.737 :3.944  0-1-0

--------------------------------------------------------------

Engine-Match Saturday, November 1, 2025 4:00:13 PM
 Blitz 5/5 

Pairing 2/5 :    V7P3R_v14.9  -  V7P3R_v12.6

PGN-File: C:\Program Files (x86)\Arena\Tournaments\Engine Regression Battle 20251101.pgn

No:  B/W 1/2     W:B       1:2           Time        Value Moves Dep 1:2       1-2-Draws
   1 B 2    1.0:0.0        0.0:1.0       4:08:41 PM   -25.19    19 4.053 :4.250  0-1-0

--------------------------------------------------------------

Engine-Match Saturday, November 1, 2025 4:08:43 PM
 Blitz 5/5 

Pairing 3/5 :    V7P3R_v14.9  -  V7P3R_v14.0

PGN-File: C:\Program Files (x86)\Arena\Tournaments\Engine Regression Battle 20251101.pgn

No:  B/W 1/2     W:B       1:2           Time        Value Moves Dep 1:2       1-2-Draws
   1 B 2    1.0:0.0        0.0:1.0       4:14:54 PM   -28.41    16 4.313 :4.769  0-1-0

--------------------------------------------------------------

Engine-Match Saturday, November 1, 2025 4:14:55 PM
 Blitz 5/5 

Pairing 4/5 :    V7P3R_v14.9  -  Random_Opponent

PGN-File: C:\Program Files (x86)\Arena\Tournaments\Engine Regression Battle 20251101.pgn

No:  B/W 1/2     W:B       1:2           Time        Value Moves Dep 1:2       1-2-Draws
   1 W 1    1.0:0.0        1.0:0.0       4:21:11 PM  +289.98    18 3.611 :0 1-0-0

--------------------------------------------------------------

Engine-Match Saturday, November 1, 2025 4:21:13 PM
 Blitz 5/5 

Pairing 5/5 :    V7P3R_v14.9  -  Stockfish 1%

PGN-File: C:\Program Files (x86)\Arena\Tournaments\Engine Regression Battle 20251101.pgn

No:  B/W 1/2     W:B       1:2           Time        Value Moves Dep 1:2       1-2-Draws
   1 B 2    1.0:0.0        0.0:1.0       4:25:11 PM      -M1    19 4.188 :21.250  0-1-0

--------------------------------------------------------------

Engine-Match Saturday, November 1, 2025 4:25:12 PM
 Blitz 5/5 

Pairing 1/5 :    V7P3R_v14.9  -  V7P3R_v10.8

PGN-File: C:\Program Files (x86)\Arena\Tournaments\Engine Regression Battle 20251101.pgn

No:  B/W 1/2     W:B       1:2           Time        Value Moves Dep 1:2       1-2-Draws
   2 W 2    1.0:0.0        0.0:2.0       4:31:20 PM     0.00    17 4.545 :4.467  0-2-0

--------------------------------------------------------------

Engine-Match Saturday, November 1, 2025 4:31:21 PM
 Blitz 5/5 

Pairing 2/5 :    V7P3R_v14.9  -  V7P3R_v12.6

PGN-File: C:\Program Files (x86)\Arena\Tournaments\Engine Regression Battle 20251101.pgn

No:  B/W 1/2     W:B       1:2           Time        Value Moves Dep 1:2       1-2-Draws
   2 * *     0.0:0.0        0.0:1.0       4:32:29 PM    -2.02     3 3.500 :4.333  0-1-0

--------------------------------------------------------------

Engine-Match Saturday, November 1, 2025 4:35:16 PM
 Blitz 5/5 

Pairing 1/5 :    V7P3R_v14.9  -  Random_Opponent

PGN-File: C:\Program Files (x86)\Arena\Tournaments\Engine Regression Battle 20251101.pgn

No:  B/W 1/2     W:B       1:2           Time        Value Moves Dep 1:2       1-2-Draws
   1 W 1    1.0:0.0        1.0:0.0       4:37:13 PM  +289.98    19 3.895 :0 1-0-0

--------------------------------------------------------------

Engine-Match Saturday, November 1, 2025 4:37:14 PM
 Blitz 5/5 

Pairing 2/5 :    V7P3R_v14.9  -  V7P3R_v14.0

PGN-File: C:\Program Files (x86)\Arena\Tournaments\Engine Regression Battle 20251101.pgn

No:  B/W 1/2     W:B       1:2           Time        Value Moves Dep 1:2       1-2-Draws
   1 B 2    1.0:0.0        0.0:1.0       4:50:28 PM  -289.99    71 4.257 :4.893  0-1-0

--------------------------------------------------------------

Engine-Match Saturday, November 1, 2025 4:50:29 PM
 Blitz 5/5 

Pairing 3/5 :    V7P3R_v14.9  -  V7P3R_v10.8

PGN-File: C:\Program Files (x86)\Arena\Tournaments\Engine Regression Battle 20251101.pgn

No:  B/W 1/2     W:B       1:2           Time        Value Moves Dep 1:2       1-2-Draws
   1 = =    0.5:0.5        0.5:0.5       4:57:27 PM   +21.26    27 3.913 :3.619  0-0-1

--------------------------------------------------------------

Engine-Match Saturday, November 1, 2025 4:57:29 PM
 Blitz 5/5 

Pairing 4/5 :    V7P3R_v14.9  -  V7P3R_v12.6

PGN-File: C:\Program Files (x86)\Arena\Tournaments\Engine Regression Battle 20251101.pgn

No:  B/W 1/2     W:B       1:2           Time        Value Moves Dep 1:2       1-2-Draws
   1 B 2    1.0:0.0        0.0:1.0       5:04:55 PM   -17.76    30 4.208 :4.524  0-1-0

--------------------------------------------------------------

Engine-Match Saturday, November 1, 2025 5:04:56 PM
 Blitz 5/5 

Pairing 5/5 :    V7P3R_v14.9  -  Stockfish 1%

PGN-File: C:\Program Files (x86)\Arena\Tournaments\Engine Regression Battle 20251101.pgn

No:  B/W 1/2     W:B       1:2           Time        Value Moves Dep 1:2       1-2-Draws
   1 B 2    1.0:0.0        0.0:1.0       5:07:02 PM   -28.12    24 3.889 :17.158  0-1-0

--------------------------------------------------------------

Engine-Match Saturday, November 1, 2025 5:07:03 PM
 Blitz 5/5 

Pairing 1/5 :    V7P3R_v14.9  -  Random_Opponent

PGN-File: C:\Program Files (x86)\Arena\Tournaments\Engine Regression Battle 20251101.pgn

No:  B/W 1/2     W:B       1:2           Time        Value Moves Dep 1:2       1-2-Draws
   2 B 1    1.0:0.0        2.0:0.0       5:07:12 PM  -289.96     6 3.000 :0 2-0-0

--------------------------------------------------------------

Engine-Match Saturday, November 1, 2025 5:07:13 PM
 Blitz 5/5 

Pairing 2/5 :    V7P3R_v14.9  -  V7P3R_v14.0

PGN-File: C:\Program Files (x86)\Arena\Tournaments\Engine Regression Battle 20251101.pgn

No:  B/W 1/2     W:B       1:2           Time        Value Moves Dep 1:2       1-2-Draws
   2 W 2    1.0:0.0        0.0:2.0       5:15:37 PM   +37.05    62 3.571 :4.667  0-2-0

--------------------------------------------------------------

Engine-Match Saturday, November 1, 2025 5:15:38 PM
 Blitz 5/5 

Pairing 3/5 :    V7P3R_v14.9  -  V7P3R_v10.8

PGN-File: C:\Program Files (x86)\Arena\Tournaments\Engine Regression Battle 20251101.pgn

No:  B/W 1/2     W:B       1:2           Time        Value Moves Dep 1:2       1-2-Draws
   2 W 2    1.5:0.5        0.5:1.5       5:22:44 PM     0.00    57 4.000 :4.692  0-1-1

--------------------------------------------------------------

Engine-Match Saturday, November 1, 2025 5:22:45 PM
 Blitz 5/5 

Pairing 4/5 :    V7P3R_v14.9  -  V7P3R_v12.6

PGN-File: C:\Program Files (x86)\Arena\Tournaments\Engine Regression Battle 20251101.pgn

No:  B/W 1/2     W:B       1:2           Time        Value Moves Dep 1:2       1-2-Draws
   2 = =    0.5:0.5        0.5:1.5       5:37:00 PM   +14.84    76 4.000 :4.500  0-1-1

--------------------------------------------------------------

Engine-Match Saturday, November 1, 2025 5:37:02 PM
 Blitz 5/5 

Pairing 5/5 :    V7P3R_v14.9  -  Stockfish 1%

PGN-File: C:\Program Files (x86)\Arena\Tournaments\Engine Regression Battle 20251101.pgn

No:  B/W 1/2     W:B       1:2           Time        Value Moves Dep 1:2       1-2-Draws
   2 W 2    1.0:0.0        0.0:2.0       5:38:55 PM  +289.98    22 4.050 :16.524  0-2-0

--------------------------------------------------------------

Engine-Match Saturday, November 1, 2025 5:38:56 PM
 Blitz 5/5 

Pairing 1/5 :    V7P3R_v14.9  -  Random_Opponent

PGN-File: C:\Program Files (x86)\Arena\Tournaments\Engine Regression Battle 20251101.pgn

No:  B/W 1/2     W:B       1:2           Time        Value Moves Dep 1:2       1-2-Draws
   3 W 1    1.0:0.0        3.0:0.0       5:39:05 PM  +289.97     7 3.286 :0 3-0-0

--------------------------------------------------------------

Engine-Match Saturday, November 1, 2025 5:39:06 PM
 Blitz 5/5 

Pairing 2/5 :    V7P3R_v14.9  -  V7P3R_v14.0

PGN-File: C:\Program Files (x86)\Arena\Tournaments\Engine Regression Battle 20251101.pgn

No:  B/W 1/2     W:B       1:2           Time        Value Moves Dep 1:2       1-2-Draws
   3 W 1    1.0:0.0        1.0:2.0       5:54:30 PM   +18.63    92 4.194 :4.759  1-2-0

--------------------------------------------------------------

Engine-Match Saturday, November 1, 2025 5:54:31 PM
 Blitz 5/5 

Pairing 3/5 :    V7P3R_v14.9  -  V7P3R_v10.8

PGN-File: C:\Program Files (x86)\Arena\Tournaments\Engine Regression Battle 20251101.pgn

No:  B/W 1/2     W:B       1:2           Time        Value Moves Dep 1:2       1-2-Draws
   3 B 2    1.5:0.5        0.5:2.5       5:58:54 PM  -289.97    18 3.462 :3.750  0-2-1

--------------------------------------------------------------

Engine-Match Saturday, November 1, 2025 5:58:56 PM
 Blitz 5/5 

Pairing 4/5 :    V7P3R_v14.9  -  V7P3R_v12.6

PGN-File: C:\Program Files (x86)\Arena\Tournaments\Engine Regression Battle 20251101.pgn

No:  B/W 1/2     W:B       1:2           Time        Value Moves Dep 1:2       1-2-Draws
   3 = =    1.0:1.0        1.0:2.0       6:10:13 PM     0.00    50 3.941 :4.129  0-1-2

--------------------------------------------------------------

Engine-Match Saturday, November 1, 2025 6:10:14 PM
 Blitz 5/5 

Pairing 5/5 :    V7P3R_v14.9  -  Stockfish 1%

PGN-File: C:\Program Files (x86)\Arena\Tournaments\Engine Regression Battle 20251101.pgn

No:  B/W 1/2     W:B       1:2           Time        Value Moves Dep 1:2       1-2-Draws
   3 B 2    1.0:0.0        0.0:3.0       6:12:33 PM   -10.60    26 3.636 :15.941  0-3-0

--------------------------------------------------------------

Engine-Match Saturday, November 1, 2025 6:12:34 PM
 Blitz 5/5 

Pairing 1/5 :    V7P3R_v14.9  -  Random_Opponent

PGN-File: C:\Program Files (x86)\Arena\Tournaments\Engine Regression Battle 20251101.pgn

No:  B/W 1/2     W:B       1:2           Time        Value Moves Dep 1:2       1-2-Draws
   4 B 1    1.0:0.0        4.0:0.0       6:14:54 PM  -289.97    19 3.722 :0 4-0-0

--------------------------------------------------------------

Engine-Match Saturday, November 1, 2025 6:14:55 PM
 Blitz 5/5 

Pairing 2/5 :    V7P3R_v14.9  -  V7P3R_v14.0

PGN-File: C:\Program Files (x86)\Arena\Tournaments\Engine Regression Battle 20251101.pgn

No:  B/W 1/2     W:B       1:2           Time        Value Moves Dep 1:2       1-2-Draws
   4 W 2    1.0:0.0        1.0:3.0       6:27:27 PM  +289.99    51 4.108 :4.667  1-3-0

--------------------------------------------------------------

Engine-Match Saturday, November 1, 2025 6:27:28 PM
 Blitz 5/5 

Pairing 3/5 :    V7P3R_v14.9  -  V7P3R_v10.8

PGN-File: C:\Program Files (x86)\Arena\Tournaments\Engine Regression Battle 20251101.pgn

No:  B/W 1/2     W:B       1:2           Time        Value Moves Dep 1:2       1-2-Draws
   4 B 1    1.5:0.5        1.5:2.5       6:31:57 PM   -10.53    26 4.000 :4.333  1-2-1

--------------------------------------------------------------

Engine-Match Saturday, November 1, 2025 6:31:58 PM
 Blitz 5/5 

Pairing 4/5 :    V7P3R_v14.9  -  V7P3R_v12.6

PGN-File: C:\Program Files (x86)\Arena\Tournaments\Engine Regression Battle 20251101.pgn

No:  B/W 1/2     W:B       1:2           Time        Value Moves Dep 1:2       1-2-Draws
   4 = =    1.5:1.5        1.5:2.5       6:43:03 PM     0.00    76 4.042 :4.474  0-1-3

--------------------------------------------------------------

Engine-Match Saturday, November 1, 2025 6:43:05 PM
 Blitz 5/5 

Pairing 5/5 :    V7P3R_v14.9  -  Stockfish 1%

PGN-File: C:\Program Files (x86)\Arena\Tournaments\Engine Regression Battle 20251101.pgn

No:  B/W 1/2     W:B       1:2           Time        Value Moves Dep 1:2       1-2-Draws
   4 W 2    1.0:0.0        0.0:4.0       6:44:20 PM      +M1    21 3.688 :15.353  0-4-0

--------------------------------------------------------------

Engine-Match Saturday, November 1, 2025 6:44:32 PM
 Blitz 5/5 

Pairing 1/5 :    V7P3R_v14.9  -  Random_Opponent

PGN-File: C:\Program Files (x86)\Arena\Tournaments\Engine Regression Battle 20251101.pgn

No:  B/W 1/2     W:B       1:2           Time        Value Moves Dep 1:2       1-2-Draws
   5 W 1    1.0:0.0        5.0:0.0       6:44:47 PM  +289.97     9 3.111 :0 5-0-0

--------------------------------------------------------------

Engine-Match Saturday, November 1, 2025 6:44:48 PM
 Blitz 5/5 

Pairing 2/5 :    V7P3R_v14.9  -  V7P3R_v14.0

PGN-File: C:\Program Files (x86)\Arena\Tournaments\Engine Regression Battle 20251101.pgn

No:  B/W 1/2     W:B       1:2           Time        Value Moves Dep 1:2       1-2-Draws
   5 B 2    1.0:0.0        1.0:4.0       6:58:59 PM     0.00    75 4.000 :4.593  1-4-0

--------------------------------------------------------------

Engine-Match Saturday, November 1, 2025 6:59:01 PM
 Blitz 5/5 

Pairing 3/5 :    V7P3R_v14.9  -  V7P3R_v10.8

PGN-File: C:\Program Files (x86)\Arena\Tournaments\Engine Regression Battle 20251101.pgn

No:  B/W 1/2     W:B       1:2           Time        Value Moves Dep 1:2       1-2-Draws
   5 = =    1.0:1.0        2.0:3.0       7:12:23 PM     0.00    75 4.184 :3.971  1-2-2

--------------------------------------------------------------

Engine-Match Saturday, November 1, 2025 7:12:25 PM
 Blitz 5/5 

Pairing 4/5 :    V7P3R_v14.9  -  V7P3R_v12.6

PGN-File: C:\Program Files (x86)\Arena\Tournaments\Engine Regression Battle 20251101.pgn

No:  B/W 1/2     W:B       1:2           Time        Value Moves Dep 1:2       1-2-Draws
   5 W 1    2.5:1.5        2.5:2.5       7:21:37 PM   +11.13    34 3.800 :3.950  1-1-3

--------------------------------------------------------------

Engine-Match Saturday, November 1, 2025 7:21:39 PM
 Blitz 5/5 

Pairing 5/5 :    V7P3R_v14.9  -  Stockfish 1%

PGN-File: C:\Program Files (x86)\Arena\Tournaments\Engine Regression Battle 20251101.pgn

No:  B/W 1/2     W:B       1:2           Time        Value Moves Dep 1:2       1-2-Draws
   5 B 2    1.0:0.0        0.0:5.0       7:22:08 PM   -12.36    10 3.333 :17.111  0-5-0

--------------------------------------------------------------

Engine-Match Saturday, November 1, 2025 7:22:09 PM
 Blitz 5/5 

Pairing 1/5 :    V7P3R_v14.9  -  Random_Opponent

PGN-File: C:\Program Files (x86)\Arena\Tournaments\Engine Regression Battle 20251101.pgn

No:  B/W 1/2     W:B       1:2           Time        Value Moves Dep 1:2       1-2-Draws
   6 B 1    1.0:0.0        6.0:0.0       7:23:12 PM     0.00    15 3.643 :0 6-0-0

--------------------------------------------------------------

Engine-Match Saturday, November 1, 2025 7:23:13 PM
 Blitz 5/5 

Pairing 2/5 :    V7P3R_v14.9  -  V7P3R_v14.0

PGN-File: C:\Program Files (x86)\Arena\Tournaments\Engine Regression Battle 20251101.pgn

No:  B/W 1/2     W:B       1:2           Time        Value Moves Dep 1:2       1-2-Draws
   6 W 2    1.0:0.0        1.0:5.0       7:32:58 PM     0.00    65 3.571 :4.667  1-5-0

--------------------------------------------------------------

Engine-Match Saturday, November 1, 2025 7:32:59 PM
 Blitz 5/5 

Pairing 3/5 :    V7P3R_v14.9  -  V7P3R_v10.8

PGN-File: C:\Program Files (x86)\Arena\Tournaments\Engine Regression Battle 20251101.pgn

No:  B/W 1/2     W:B       1:2           Time        Value Moves Dep 1:2       1-2-Draws
   6 W 2    2.0:1.0        2.0:4.0       7:39:03 PM     0.00    52 3.882 :4.143  1-3-2

--------------------------------------------------------------

Engine-Match Saturday, November 1, 2025 7:39:04 PM
 Blitz 5/5 

Pairing 4/5 :    V7P3R_v14.9  -  V7P3R_v12.6

PGN-File: C:\Program Files (x86)\Arena\Tournaments\Engine Regression Battle 20251101.pgn

No:  B/W 1/2     W:B       1:2           Time        Value Moves Dep 1:2       1-2-Draws
   6 B 1    2.5:1.5        3.5:2.5       7:52:17 PM   -20.15    65 4.111 :4.750  2-1-3

--------------------------------------------------------------

Engine-Match Saturday, November 1, 2025 7:52:19 PM
 Blitz 5/5 

Pairing 5/5 :    V7P3R_v14.9  -  Stockfish 1%

PGN-File: C:\Program Files (x86)\Arena\Tournaments\Engine Regression Battle 20251101.pgn

No:  B/W 1/2     W:B       1:2           Time        Value Moves Dep 1:2       1-2-Draws
   6 W 2    1.0:0.0        0.0:6.0       7:52:55 PM      +M1    14 3.600 :15.417  0-6-0

--------------------------------------------------------------

Engine-Match Saturday, November 1, 2025 7:52:56 PM
 Blitz 5/5 

Pairing 1/5 :    V7P3R_v14.9  -  Random_Opponent

PGN-File: C:\Program Files (x86)\Arena\Tournaments\Engine Regression Battle 20251101.pgn

No:  B/W 1/2     W:B       1:2           Time        Value Moves Dep 1:2       1-2-Draws
   7 W 1    1.0:0.0        7.0:0.0       7:55:55 PM  +289.98    26 3.909 :0 7-0-0

--------------------------------------------------------------

Engine-Match Saturday, November 1, 2025 7:55:56 PM
 Blitz 5/5 

Pairing 2/5 :    V7P3R_v14.9  -  V7P3R_v14.0

PGN-File: C:\Program Files (x86)\Arena\Tournaments\Engine Regression Battle 20251101.pgn

No:  B/W 1/2     W:B       1:2           Time        Value Moves Dep 1:2       1-2-Draws
   7 B 2    1.0:0.0        1.0:6.0       8:10:29 PM     0.00    71 4.118 :4.741  1-6-0

--------------------------------------------------------------

Engine-Match Saturday, November 1, 2025 8:10:31 PM
 Blitz 5/5 

Pairing 3/5 :    V7P3R_v14.9  -  V7P3R_v10.8

PGN-File: C:\Program Files (x86)\Arena\Tournaments\Engine Regression Battle 20251101.pgn

No:  B/W 1/2     W:B       1:2           Time        Value Moves Dep 1:2       1-2-Draws
   7 B 2    2.0:1.0        2.0:5.0       8:21:51 PM   -71.27    64 3.926 :3.656  1-4-2

--------------------------------------------------------------

Engine-Match Saturday, November 1, 2025 8:21:52 PM
 Blitz 5/5 

Pairing 4/5 :    V7P3R_v14.9  -  V7P3R_v12.6

PGN-File: C:\Program Files (x86)\Arena\Tournaments\Engine Regression Battle 20251101.pgn

No:  B/W 1/2     W:B       1:2           Time        Value Moves Dep 1:2       1-2-Draws
   7 W 1    2.5:1.5        4.5:2.5       8:27:28 PM     0.00    25 3.722 :4.133  3-1-3

--------------------------------------------------------------

Engine-Match Saturday, November 1, 2025 8:27:30 PM
 Blitz 5/5 

Pairing 5/5 :    V7P3R_v14.9  -  Stockfish 1%

PGN-File: C:\Program Files (x86)\Arena\Tournaments\Engine Regression Battle 20251101.pgn

No:  B/W 1/2     W:B       1:2           Time        Value Moves Dep 1:2       1-2-Draws
   7 B 2    1.0:0.0        0.0:7.0       8:29:25 PM   -22.06    22 3.850 :16.688  0-7-0

--------------------------------------------------------------

Engine-Match Saturday, November 1, 2025 8:29:26 PM
 Blitz 5/5 

Pairing 1/5 :    V7P3R_v14.9  -  Random_Opponent

PGN-File: C:\Program Files (x86)\Arena\Tournaments\Engine Regression Battle 20251101.pgn

No:  B/W 1/2     W:B       1:2           Time        Value Moves Dep 1:2       1-2-Draws
   8 B 1    1.0:0.0        8.0:0.0       8:29:53 PM  -289.98     8 3.250 :0 8-0-0

--------------------------------------------------------------

Engine-Match Saturday, November 1, 2025 8:29:55 PM
 Blitz 5/5 

Pairing 2/5 :    V7P3R_v14.9  -  V7P3R_v14.0

PGN-File: C:\Program Files (x86)\Arena\Tournaments\Engine Regression Battle 20251101.pgn

No:  B/W 1/2     W:B       1:2           Time        Value Moves Dep 1:2       1-2-Draws
   8 = =    0.5:0.5        1.5:6.5       8:41:33 PM     0.00    63 3.958 :4.619  1-6-1

--------------------------------------------------------------

Engine-Match Saturday, November 1, 2025 8:41:34 PM
 Blitz 5/5 

Pairing 3/5 :    V7P3R_v14.9  -  V7P3R_v10.8

PGN-File: C:\Program Files (x86)\Arena\Tournaments\Engine Regression Battle 20251101.pgn

No:  B/W 1/2     W:B       1:2           Time        Value Moves Dep 1:2       1-2-Draws
   8 = =    1.5:1.5        2.5:5.5       8:49:26 PM     0.00    47 4.063 :4.571  1-4-3

--------------------------------------------------------------

Engine-Match Saturday, November 1, 2025 8:49:28 PM
 Blitz 5/5 

Pairing 4/5 :    V7P3R_v14.9  -  V7P3R_v12.6

PGN-File: C:\Program Files (x86)\Arena\Tournaments\Engine Regression Battle 20251101.pgn

No:  B/W 1/2     W:B       1:2           Time        Value Moves Dep 1:2       1-2-Draws
   8 W 2    2.5:1.5        4.5:3.5       9:00:29 PM   +39.09    58 4.042 :4.474  3-2-3

--------------------------------------------------------------

Engine-Match Saturday, November 1, 2025 9:00:31 PM
 Blitz 5/5 

Pairing 5/5 :    V7P3R_v14.9  -  Stockfish 1%

PGN-File: C:\Program Files (x86)\Arena\Tournaments\Engine Regression Battle 20251101.pgn

No:  B/W 1/2     W:B       1:2           Time        Value Moves Dep 1:2       1-2-Draws
   8 W 2    1.0:0.0        0.0:8.0       9:03:04 PM      +M1    24 3.850 :15.632  0-8-0

--------------------------------------------------------------

Engine-Match Saturday, November 1, 2025 9:03:15 PM
 Blitz 5/5 

Pairing 1/5 :    V7P3R_v14.9  -  Random_Opponent

PGN-File: C:\Program Files (x86)\Arena\Tournaments\Engine Regression Battle 20251101.pgn

No:  B/W 1/2     W:B       1:2           Time        Value Moves Dep 1:2       1-2-Draws
   9 W 1    1.0:0.0        9.0:0.0       9:05:19 PM  +289.98    23 3.789 :0 9-0-0

--------------------------------------------------------------

Engine-Match Saturday, November 1, 2025 9:05:20 PM
 Blitz 5/5 

Pairing 2/5 :    V7P3R_v14.9  -  V7P3R_v14.0

PGN-File: C:\Program Files (x86)\Arena\Tournaments\Engine Regression Battle 20251101.pgn

No:  B/W 1/2     W:B       1:2           Time        Value Moves Dep 1:2       1-2-Draws
   9 B 2    1.5:0.5        1.5:7.5       9:11:52 PM     0.00    54 3.647 :4.364  1-7-1

--------------------------------------------------------------

Engine-Match Saturday, November 1, 2025 9:11:53 PM
 Blitz 5/5 

Pairing 3/5 :    V7P3R_v14.9  -  V7P3R_v10.8

PGN-File: C:\Program Files (x86)\Arena\Tournaments\Engine Regression Battle 20251101.pgn

No:  B/W 1/2     W:B       1:2           Time        Value Moves Dep 1:2       1-2-Draws
   9 W 1    2.5:1.5        3.5:5.5       9:14:19 PM   +17.36    12 3.273 :3.889  2-4-3

--------------------------------------------------------------

Engine-Match Saturday, November 1, 2025 9:14:20 PM
 Blitz 5/5 

Pairing 4/5 :    V7P3R_v14.9  -  V7P3R_v12.6

PGN-File: C:\Program Files (x86)\Arena\Tournaments\Engine Regression Battle 20251101.pgn

No:  B/W 1/2     W:B       1:2           Time        Value Moves Dep 1:2       1-2-Draws
   9 W 1    2.5:1.5        5.5:3.5       9:20:00 PM     0.00    25 3.778 :4.200  4-2-3

--------------------------------------------------------------

Engine-Match Saturday, November 1, 2025 9:20:01 PM
 Blitz 5/5 

Pairing 5/5 :    V7P3R_v14.9  -  Stockfish 1%

PGN-File: C:\Program Files (x86)\Arena\Tournaments\Engine Regression Battle 20251101.pgn

No:  B/W 1/2     W:B       1:2           Time        Value Moves Dep 1:2       1-2-Draws
   9 B 2    1.0:0.0        0.0:9.0       9:21:31 PM      -M1    19 3.438 :17.563  0-9-0

--------------------------------------------------------------

Engine-Match Saturday, November 1, 2025 9:21:32 PM
 Blitz 5/5 

Pairing 1/5 :    V7P3R_v14.9  -  Random_Opponent

PGN-File: C:\Program Files (x86)\Arena\Tournaments\Engine Regression Battle 20251101.pgn

No:  B/W 1/2     W:B       1:2           Time        Value Moves Dep 1:2       1-2-Draws
  10 B 1    1.0:0.0        10.0:0.0      9:23:05 PM  -289.97    11 3.545 :0 10-0-0

--------------------------------------------------------------

Engine-Match Saturday, November 1, 2025 9:23:06 PM
 Blitz 5/5 

Pairing 2/5 :    V7P3R_v14.9  -  V7P3R_v14.0

PGN-File: C:\Program Files (x86)\Arena\Tournaments\Engine Regression Battle 20251101.pgn

No:  B/W 1/2     W:B       1:2           Time        Value Moves Dep 1:2       1-2-Draws
  10 B 1    1.5:0.5        2.5:7.5       9:36:42 PM  -289.98    53 4.088 :4.600  2-7-1

--------------------------------------------------------------

Engine-Match Saturday, November 1, 2025 9:36:43 PM
 Blitz 5/5 

Pairing 3/5 :    V7P3R_v14.9  -  V7P3R_v10.8

PGN-File: C:\Program Files (x86)\Arena\Tournaments\Engine Regression Battle 20251101.pgn

No:  B/W 1/2     W:B       1:2           Time        Value Moves Dep 1:2       1-2-Draws
  10 W 2    2.5:1.5        3.5:6.5       9:44:48 PM   +20.65    49 3.941 :4.143  2-5-3

--------------------------------------------------------------

Engine-Match Saturday, November 1, 2025 9:44:49 PM
 Blitz 5/5 

Pairing 4/5 :    V7P3R_v14.9  -  V7P3R_v12.6

PGN-File: C:\Program Files (x86)\Arena\Tournaments\Engine Regression Battle 20251101.pgn

No:  B/W 1/2     W:B       1:2           Time        Value Moves Dep 1:2       1-2-Draws
  10 = =    2.0:2.0        6.0:4.0       9:54:15 PM     0.00    55 4.042 :4.474  4-2-4

--------------------------------------------------------------

Engine-Match Saturday, November 1, 2025 9:54:17 PM
 Blitz 5/5 

Pairing 5/5 :    V7P3R_v14.9  -  Stockfish 1%

PGN-File: C:\Program Files (x86)\Arena\Tournaments\Engine Regression Battle 20251101.pgn

No:  B/W 1/2     W:B       1:2           Time        Value Moves Dep 1:2       1-2-Draws
  10 W 2    1.0:0.0        0.0:10.0      9:55:39 PM      +M1    24 3.750 :17.444  0-10-0
