Engine-Match Monday, November 17, 2025 6:16:39 PM
 Blitz 15/5 

Pairing 1/6 :    PositionalOpponent  -  MaterialOpponent

PGN-File: C:\Program Files (x86)\Arena\Tournaments\Engine Battle 20251107_3.pgn

No:  B/W 1/2     W:B       1:2           Time        Value Moves Dep 1:2       1-2-Draws
   1 W 1    1.0:0.0        1.0:0.0       6:23:19 PM  +299.99    37 6.000 :6.000  1-0-0

--------------------------------------------------------------

Engine-Match Monday, November 17, 2025 6:23:20 PM
 Blitz 15/5 

Pairing 2/6 :    V7P3R_v14.4  -  V7P3R_v14.0

PGN-File: C:\Program Files (x86)\Arena\Tournaments\Engine Battle 20251107_3.pgn

No:  B/W 1/2     W:B       1:2           Time        Value Moves Dep 1:2       1-2-Draws
   1 B 2    1.0:0.0        0.0:1.0       6:38:53 PM  -289.99    46 5.333 :5.350  0-1-0

--------------------------------------------------------------

Engine-Match Monday, November 17, 2025 6:38:54 PM
 Blitz 15/5 

Pairing 3/6 :    V7P3R_v14.4  -  PositionalOpponent

PGN-File: C:\Program Files (x86)\Arena\Tournaments\Engine Battle 20251107_3.pgn

No:  B/W 1/2     W:B       1:2           Time        Value Moves Dep 1:2       1-2-Draws
   1 B 2    1.0:0.0        0.0:1.0       6:52:03 PM  -299.99    36 5.154 :6.000  0-1-0

--------------------------------------------------------------

Engine-Match Monday, November 17, 2025 6:52:05 PM
 Blitz 15/5 

Pairing 4/6 :    V7P3R_v14.0  -  MaterialOpponent

PGN-File: C:\Program Files (x86)\Arena\Tournaments\Engine Battle 20251107_3.pgn

No:  B/W 1/2     W:B       1:2           Time        Value Moves Dep 1:2       1-2-Draws
   1 W 1    1.0:0.0        1.0:0.0       7:10:49 PM   +11.00    65 4.949 :6.000  1-0-0

--------------------------------------------------------------

Engine-Match Monday, November 17, 2025 7:10:50 PM
 Blitz 15/5 

Pairing 5/6 :    PositionalOpponent  -  V7P3R_v14.0

PGN-File: C:\Program Files (x86)\Arena\Tournaments\Engine Battle 20251107_3.pgn

No:  B/W 1/2     W:B       1:2           Time        Value Moves Dep 1:2       1-2-Draws
   1 = =    0.5:0.5        0.5:0.5       7:31:46 PM    +2.00    54 6.000 :5.229  0-0-1

--------------------------------------------------------------

Engine-Match Monday, November 17, 2025 7:31:47 PM
 Blitz 15/5 

Pairing 6/6 :    MaterialOpponent  -  V7P3R_v14.4

PGN-File: C:\Program Files (x86)\Arena\Tournaments\Engine Battle 20251107_3.pgn

No:  B/W 1/2     W:B       1:2           Time        Value Moves Dep 1:2       1-2-Draws
   1 W 1    1.0:0.0        1.0:0.0       7:41:32 PM    +9.01    50 6.000 :5.185  1-0-0

--------------------------------------------------------------

Engine-Match Monday, November 17, 2025 7:41:34 PM
 Blitz 15/5 

Pairing 1/6 :    PositionalOpponent  -  MaterialOpponent

PGN-File: C:\Program Files (x86)\Arena\Tournaments\Engine Battle 20251107_3.pgn

No:  B/W 1/2     W:B       1:2           Time        Value Moves Dep 1:2       1-2-Draws
   2 B 1    1.0:0.0        2.0:0.0       7:48:55 PM  -299.99    39 6.000 :6.000  2-0-0

--------------------------------------------------------------

Engine-Match Monday, November 17, 2025 7:48:57 PM
 Blitz 15/5 

Pairing 2/6 :    V7P3R_v14.4  -  V7P3R_v14.0

PGN-File: C:\Program Files (x86)\Arena\Tournaments\Engine Battle 20251107_3.pgn

No:  B/W 1/2     W:B       1:2           Time        Value Moves Dep 1:2       1-2-Draws
   2 W 2    1.0:0.0        0.0:2.0       8:01:21 PM   +10.08    21 5.400 :5.267  0-2-0

--------------------------------------------------------------

Engine-Match Monday, November 17, 2025 8:01:22 PM
 Blitz 15/5 

Pairing 3/6 :    V7P3R_v14.4  -  PositionalOpponent

PGN-File: C:\Program Files (x86)\Arena\Tournaments\Engine Battle 20251107_3.pgn

No:  B/W 1/2     W:B       1:2           Time        Value Moves Dep 1:2       1-2-Draws
   2 W 2    1.0:0.0        0.0:2.0       8:07:40 PM  +299.99    19 5.583 :6.000  0-2-0

--------------------------------------------------------------

Engine-Match Monday, November 17, 2025 8:07:41 PM
 Blitz 15/5 

Pairing 4/6 :    V7P3R_v14.0  -  MaterialOpponent

PGN-File: C:\Program Files (x86)\Arena\Tournaments\Engine Battle 20251107_3.pgn

No:  B/W 1/2     W:B       1:2           Time        Value Moves Dep 1:2       1-2-Draws
   2 B 1    1.0:0.0        2.0:0.0       8:22:35 PM    -9.90    44 5.321 :6.000  2-0-0

--------------------------------------------------------------

Engine-Match Monday, November 17, 2025 8:22:36 PM
 Blitz 15/5 

Pairing 5/6 :    PositionalOpponent  -  V7P3R_v14.0

PGN-File: C:\Program Files (x86)\Arena\Tournaments\Engine Battle 20251107_3.pgn

No:  B/W 1/2     W:B       1:2           Time        Value Moves Dep 1:2       1-2-Draws
   2 B 1    1.5:0.5        1.5:0.5       8:32:20 PM  -299.99    19 6.000 :5.167  1-0-1

--------------------------------------------------------------

Engine-Match Monday, November 17, 2025 8:32:21 PM
 Blitz 15/5 

Pairing 6/6 :    MaterialOpponent  -  V7P3R_v14.4

PGN-File: C:\Program Files (x86)\Arena\Tournaments\Engine Battle 20251107_3.pgn

No:  B/W 1/2     W:B       1:2           Time        Value Moves Dep 1:2       1-2-Draws
   2 = =    0.5:0.5        1.5:0.5       8:42:02 PM    -0.20    33 6.000 :5.304  1-0-1

--------------------------------------------------------------

Engine-Match Monday, November 17, 2025 8:42:03 PM
 Blitz 15/5 

Pairing 1/6 :    PositionalOpponent  -  MaterialOpponent

PGN-File: C:\Program Files (x86)\Arena\Tournaments\Engine Battle 20251107_3.pgn

No:  B/W 1/2     W:B       1:2           Time        Value Moves Dep 1:2       1-2-Draws
   3 W 1    1.0:0.0        3.0:0.0       8:51:11 PM  +299.99    46 6.000 :6.000  3-0-0

--------------------------------------------------------------

Engine-Match Monday, November 17, 2025 8:51:12 PM
 Blitz 15/5 

Pairing 2/6 :    V7P3R_v14.4  -  V7P3R_v14.0

PGN-File: C:\Program Files (x86)\Arena\Tournaments\Engine Battle 20251107_3.pgn

No:  B/W 1/2     W:B       1:2           Time        Value Moves Dep 1:2       1-2-Draws
   3 W 1    1.0:0.0        1.0:2.0       9:16:14 PM    +9.58    68 5.318 :5.333  1-2-0

--------------------------------------------------------------

Engine-Match Monday, November 17, 2025 9:16:15 PM
 Blitz 15/5 

Pairing 3/6 :    V7P3R_v14.4  -  PositionalOpponent

PGN-File: C:\Program Files (x86)\Arena\Tournaments\Engine Battle 20251107_3.pgn

No:  B/W 1/2     W:B       1:2           Time        Value Moves Dep 1:2       1-2-Draws
   3 W 1    1.0:0.0        1.0:2.0       9:32:04 PM   +11.30    36 5.172 :6.000  1-2-0

--------------------------------------------------------------

Engine-Match Monday, November 17, 2025 9:32:05 PM
 Blitz 15/5 

Pairing 4/6 :    V7P3R_v14.0  -  MaterialOpponent

PGN-File: C:\Program Files (x86)\Arena\Tournaments\Engine Battle 20251107_3.pgn

No:  B/W 1/2     W:B       1:2           Time        Value Moves Dep 1:2       1-2-Draws
   3 W 1    1.0:0.0        3.0:0.0       9:50:49 PM   +11.00    65 4.949 :6.000  3-0-0

--------------------------------------------------------------

Engine-Match Monday, November 17, 2025 9:50:50 PM
 Blitz 15/5 

Pairing 5/6 :    PositionalOpponent  -  V7P3R_v14.0

PGN-File: C:\Program Files (x86)\Arena\Tournaments\Engine Battle 20251107_3.pgn

No:  B/W 1/2     W:B       1:2           Time        Value Moves Dep 1:2       1-2-Draws
   3 = =    1.0:1.0        2.0:1.0       10:11:46 PM    +2.00    54 6.000 :5.229  1-0-2

--------------------------------------------------------------

Engine-Match Monday, November 17, 2025 10:11:47 PM
 Blitz 15/5 

Pairing 6/6 :    MaterialOpponent  -  V7P3R_v14.4

PGN-File: C:\Program Files (x86)\Arena\Tournaments\Engine Battle 20251107_3.pgn

No:  B/W 1/2     W:B       1:2           Time        Value Moves Dep 1:2       1-2-Draws
   3 W 1    1.5:0.5        2.5:0.5       10:21:31 PM    +9.01    50 6.000 :5.185  2-0-1

--------------------------------------------------------------

Engine-Match Monday, November 17, 2025 10:21:32 PM
 Blitz 15/5 

Pairing 1/6 :    PositionalOpponent  -  MaterialOpponent

PGN-File: C:\Program Files (x86)\Arena\Tournaments\Engine Battle 20251107_3.pgn

No:  B/W 1/2     W:B       1:2           Time        Value Moves Dep 1:2       1-2-Draws
   4 B 1    1.0:0.0        4.0:0.0       10:28:52 PM  -299.99    39 6.000 :6.000  4-0-0

--------------------------------------------------------------

Engine-Match Monday, November 17, 2025 10:28:53 PM
 Blitz 15/5 

Pairing 2/6 :    V7P3R_v14.4  -  V7P3R_v14.0

PGN-File: C:\Program Files (x86)\Arena\Tournaments\Engine Battle 20251107_3.pgn

No:  B/W 1/2     W:B       1:2           Time        Value Moves Dep 1:2       1-2-Draws
   4 W 2    1.0:0.0        1.0:3.0       10:41:15 PM   +10.08    21 5.400 :5.267  1-3-0

--------------------------------------------------------------

Engine-Match Monday, November 17, 2025 10:41:29 PM
 Blitz 15/5 

Pairing 3/6 :    V7P3R_v14.4  -  PositionalOpponent

PGN-File: C:\Program Files (x86)\Arena\Tournaments\Engine Battle 20251107_3.pgn

No:  B/W 1/2     W:B       1:2           Time        Value Moves Dep 1:2       1-2-Draws
   4 W 2    1.0:0.0        1.0:3.0       10:47:39 PM  +299.99    19 5.583 :6.000  1-3-0

--------------------------------------------------------------

Engine-Match Monday, November 17, 2025 10:47:40 PM
 Blitz 15/5 

Pairing 4/6 :    V7P3R_v14.0  -  MaterialOpponent

PGN-File: C:\Program Files (x86)\Arena\Tournaments\Engine Battle 20251107_3.pgn

No:  B/W 1/2     W:B       1:2           Time        Value Moves Dep 1:2       1-2-Draws
   4 B 1    1.0:0.0        4.0:0.0       11:02:27 PM   -10.20    44 5.357 :6.000  4-0-0

--------------------------------------------------------------

Engine-Match Monday, November 17, 2025 11:02:29 PM
 Blitz 15/5 

Pairing 5/6 :    PositionalOpponent  -  V7P3R_v14.0

PGN-File: C:\Program Files (x86)\Arena\Tournaments\Engine Battle 20251107_3.pgn

No:  B/W 1/2     W:B       1:2           Time        Value Moves Dep 1:2       1-2-Draws
   4 B 1    2.0:1.0        3.0:1.0       11:12:08 PM  -299.99    19 6.000 :5.167  2-0-2

--------------------------------------------------------------

Engine-Match Monday, November 17, 2025 11:12:09 PM
 Blitz 15/5 

Pairing 6/6 :    MaterialOpponent  -  V7P3R_v14.4

PGN-File: C:\Program Files (x86)\Arena\Tournaments\Engine Battle 20251107_3.pgn

No:  B/W 1/2     W:B       1:2           Time        Value Moves Dep 1:2       1-2-Draws
   4 W 2    1.5:0.5        2.5:1.5       11:22:04 PM   +17.15    60 6.000 :5.385  2-1-1

--------------------------------------------------------------

Engine-Match Monday, November 17, 2025 11:22:06 PM
 Blitz 15/5 

Pairing 1/6 :    PositionalOpponent  -  MaterialOpponent

PGN-File: C:\Program Files (x86)\Arena\Tournaments\Engine Battle 20251107_3.pgn

No:  B/W 1/2     W:B       1:2           Time        Value Moves Dep 1:2       1-2-Draws
   5 W 1    1.0:0.0        5.0:0.0       11:29:46 PM   +14.45    42 6.000 :6.000  5-0-0

--------------------------------------------------------------

Engine-Match Monday, November 17, 2025 11:29:47 PM
 Blitz 15/5 

Pairing 2/6 :    V7P3R_v14.4  -  V7P3R_v14.0

PGN-File: C:\Program Files (x86)\Arena\Tournaments\Engine Battle 20251107_3.pgn

No:  B/W 1/2     W:B       1:2           Time        Value Moves Dep 1:2       1-2-Draws
   5 B 2    1.0:0.0        1.0:4.0       11:41:39 PM     0.00    29 5.118 :4.944  1-4-0

--------------------------------------------------------------

Engine-Match Monday, November 17, 2025 11:41:40 PM
 Blitz 15/5 

Pairing 3/6 :    V7P3R_v14.4  -  PositionalOpponent

PGN-File: C:\Program Files (x86)\Arena\Tournaments\Engine Battle 20251107_3.pgn

No:  B/W 1/2     W:B       1:2           Time        Value Moves Dep 1:2       1-2-Draws
   5 W 1    1.0:0.0        2.0:3.0       11:57:23 PM   +11.30    36 5.172 :6.000  2-3-0

--------------------------------------------------------------

Engine-Match Monday, November 17, 2025 11:57:24 PM
 Blitz 15/5 

Pairing 4/6 :    V7P3R_v14.0  -  MaterialOpponent

PGN-File: C:\Program Files (x86)\Arena\Tournaments\Engine Battle 20251107_3.pgn

No:  B/W 1/2     W:B       1:2           Time        Value Moves Dep 1:2       1-2-Draws
   5 = =    0.5:0.5        4.5:0.5       12:17:20 AM    -3.00    52 4.744 :6.000  4-0-1

--------------------------------------------------------------

Engine-Match Tuesday, November 18, 2025 12:17:22 AM
 Blitz 15/5 

Pairing 5/6 :    PositionalOpponent  -  V7P3R_v14.0

PGN-File: C:\Program Files (x86)\Arena\Tournaments\Engine Battle 20251107_3.pgn

No:  B/W 1/2     W:B       1:2           Time        Value Moves Dep 1:2       1-2-Draws
   5 B 2    2.0:1.0        3.0:2.0       12:40:16 AM   -16.80    74 6.000 :5.167  2-1-2

--------------------------------------------------------------

Engine-Match Tuesday, November 18, 2025 12:40:17 AM
 Blitz 15/5 

Pairing 6/6 :    MaterialOpponent  -  V7P3R_v14.4

PGN-File: C:\Program Files (x86)\Arena\Tournaments\Engine Battle 20251107_3.pgn

No:  B/W 1/2     W:B       1:2           Time        Value Moves Dep 1:2       1-2-Draws
   5 W 1    1.5:0.5        3.5:1.5       12:48:56 AM   +31.21    39 6.000 :5.733  3-1-1
