Engine-Match Wednesday, November 19, 2025 5:32:04 PM
 Blitz 2/1 

Pairing 1/28 :    C0BR4_v3.1  -  V7P3R_v15.7

PGN-File: C:\Program Files (x86)\Arena\Tournaments\Engine Battle 20251119_2.pgn

No:  B/W 1/2     W:B       1:2           Time        Value Moves Dep 1:2       1-2-Draws
   1 W 1    1.0:0.0        1.0:0.0       5:34:55 PM  +299.97    31 3.931 :6.000  1-0-0

--------------------------------------------------------------

Engine-Match Wednesday, November 19, 2025 5:34:56 PM
 Blitz 2/1 

Pairing 2/28 :    V7P3R_v14.1  -  MaterialOpponent

PGN-File: C:\Program Files (x86)\Arena\Tournaments\Engine Battle 20251119_2.pgn

No:  B/W 1/2     W:B       1:2           Time        Value Moves Dep 1:2       1-2-Draws
   1 = =    0.5:0.5        0.5:0.5       5:40:12 PM    -1.05   101 3.151 :6.000  0-0-1

--------------------------------------------------------------

Engine-Match Wednesday, November 19, 2025 5:40:14 PM
 Blitz 2/1 

Pairing 3/28 :    PositionalOpponent  -  Stockfish 1%

PGN-File: C:\Program Files (x86)\Arena\Tournaments\Engine Battle 20251119_2.pgn

No:  B/W 1/2     W:B       1:2           Time        Value Moves Dep 1:2       1-2-Draws
   1 B 2    1.0:0.0        0.0:1.0       5:43:04 PM    -9.10    76 6.000 :12.667  0-1-0

--------------------------------------------------------------

Engine-Match Wednesday, November 19, 2025 5:43:05 PM
 Blitz 2/1 

Pairing 4/28 :    SlowMate_v3.1  -  RandomOpponent

PGN-File: C:\Program Files (x86)\Arena\Tournaments\Engine Battle 20251119_2.pgn

No:  B/W 1/2     W:B       1:2           Time        Value Moves Dep 1:2       1-2-Draws
   1 W 1    1.0:0.0        1.0:0.0       5:44:52 PM  +171.21    31 3.194 :0 1-0-0

--------------------------------------------------------------

Engine-Match Wednesday, November 19, 2025 5:44:54 PM
 Blitz 2/1 

Pairing 5/28 :    V7P3R_v14.1  -  C0BR4_v3.1

PGN-File: C:\Program Files (x86)\Arena\Tournaments\Engine Battle 20251119_2.pgn

No:  B/W 1/2     W:B       1:2           Time        Value Moves Dep 1:2       1-2-Draws
   1 B 2    1.0:0.0        0.0:1.0       5:46:40 PM  -299.97    35 3.842 :4.000  0-1-0

--------------------------------------------------------------

Engine-Match Wednesday, November 19, 2025 5:46:41 PM
 Blitz 2/1 

Pairing 6/28 :    Stockfish 1%  -  V7P3R_v15.7

PGN-File: C:\Program Files (x86)\Arena\Tournaments\Engine Battle 20251119_2.pgn

No:  B/W 1/2     W:B       1:2           Time        Value Moves Dep 1:2       1-2-Draws
   1 W 1    1.0:0.0        1.0:0.0       5:49:33 PM     0.00    32 12.714 :5.741  1-0-0

--------------------------------------------------------------

Engine-Match Wednesday, November 19, 2025 5:49:35 PM
 Blitz 2/1 

Pairing 7/28 :    MaterialOpponent  -  SlowMate_v3.1

PGN-File: C:\Program Files (x86)\Arena\Tournaments\Engine Battle 20251119_2.pgn

No:  B/W 1/2     W:B       1:2           Time        Value Moves Dep 1:2       1-2-Draws
   1 = =    0.5:0.5        0.5:0.5       5:51:33 PM    -3.61    26 6.000 :3.077  0-0-1

--------------------------------------------------------------

Engine-Match Wednesday, November 19, 2025 5:51:35 PM
 Blitz 2/1 

Pairing 8/28 :    RandomOpponent  -  PositionalOpponent

PGN-File: C:\Program Files (x86)\Arena\Tournaments\Engine Battle 20251119_2.pgn

No:  B/W 1/2     W:B       1:2           Time        Value Moves Dep 1:2       1-2-Draws
   1 B 2    1.0:0.0        0.0:1.0       5:53:25 PM  -299.99    31 0:6.000  0-1-0

--------------------------------------------------------------

Engine-Match Wednesday, November 19, 2025 5:53:27 PM
 Blitz 2/1 

Pairing 9/28 :    C0BR4_v3.1  -  Stockfish 1%

PGN-File: C:\Program Files (x86)\Arena\Tournaments\Engine Battle 20251119_2.pgn

No:  B/W 1/2     W:B       1:2           Time        Value Moves Dep 1:2       1-2-Draws
   1 = =    0.5:0.5        0.5:0.5       5:54:14 PM     0.00    65 4.000 :11.286  0-0-1

--------------------------------------------------------------

Engine-Match Wednesday, November 19, 2025 5:54:15 PM
 Blitz 2/1 

Pairing 10/28 :    SlowMate_v3.1  -  V7P3R_v14.1

PGN-File: C:\Program Files (x86)\Arena\Tournaments\Engine Battle 20251119_2.pgn

No:  B/W 1/2     W:B       1:2           Time        Value Moves Dep 1:2       1-2-Draws
   1 B 2    1.0:0.0        0.0:1.0       5:58:48 PM   -13.17    56 3.000 :3.500  0-1-0

--------------------------------------------------------------

Engine-Match Wednesday, November 19, 2025 5:58:49 PM
 Blitz 2/1 

Pairing 11/28 :    V7P3R_v15.7  -  RandomOpponent

PGN-File: C:\Program Files (x86)\Arena\Tournaments\Engine Battle 20251119_2.pgn

No:  B/W 1/2     W:B       1:2           Time        Value Moves Dep 1:2       1-2-Draws
   1 B 2    1.0:0.0        0.0:1.0       6:01:45 PM     0.00    36 4.182 :0 0-1-0

--------------------------------------------------------------

Engine-Match Wednesday, November 19, 2025 6:01:47 PM
 Blitz 2/1 

Pairing 12/28 :    PositionalOpponent  -  MaterialOpponent

PGN-File: C:\Program Files (x86)\Arena\Tournaments\Engine Battle 20251119_2.pgn

No:  B/W 1/2     W:B       1:2           Time        Value Moves Dep 1:2       1-2-Draws
   1 B 2    1.0:0.0        0.0:1.0       6:03:39 PM   -12.80    16 6.000 :6.000  0-1-0

--------------------------------------------------------------

Engine-Match Wednesday, November 19, 2025 6:03:41 PM
 Blitz 2/1 

Pairing 13/28 :    SlowMate_v3.1  -  C0BR4_v3.1

PGN-File: C:\Program Files (x86)\Arena\Tournaments\Engine Battle 20251119_2.pgn

No:  B/W 1/2     W:B       1:2           Time        Value Moves Dep 1:2       1-2-Draws
   1 W 1    1.0:0.0        1.0:0.0       6:06:24 PM   +10.98    40 3.241 :4.000  1-0-0

--------------------------------------------------------------

Engine-Match Wednesday, November 19, 2025 6:06:25 PM
 Blitz 2/1 

Pairing 14/28 :    RandomOpponent  -  Stockfish 1%

PGN-File: C:\Program Files (x86)\Arena\Tournaments\Engine Battle 20251119_2.pgn

No:  B/W 1/2     W:B       1:2           Time        Value Moves Dep 1:2       1-2-Draws
   1 B 2    1.0:0.0        0.0:1.0       6:06:39 PM      -M1    27 0:12.000  0-1-0

--------------------------------------------------------------

Engine-Match Wednesday, November 19, 2025 6:06:41 PM
 Blitz 2/1 

Pairing 15/28 :    V7P3R_v14.1  -  PositionalOpponent

PGN-File: C:\Program Files (x86)\Arena\Tournaments\Engine Battle 20251119_2.pgn

No:  B/W 1/2     W:B       1:2           Time        Value Moves Dep 1:2       1-2-Draws
   1 W 1    1.0:0.0        1.0:0.0       6:08:53 PM   +13.40    22 3.765 :6.000  1-0-0

--------------------------------------------------------------

Engine-Match Wednesday, November 19, 2025 6:08:55 PM
 Blitz 2/1 

Pairing 16/28 :    MaterialOpponent  -  V7P3R_v15.7

PGN-File: C:\Program Files (x86)\Arena\Tournaments\Engine Battle 20251119_2.pgn

No:  B/W 1/2     W:B       1:2           Time        Value Moves Dep 1:2       1-2-Draws
   1 W 1    1.0:0.0        1.0:0.0       6:12:40 PM  +299.99    33 6.000 :6.143  1-0-0

--------------------------------------------------------------

Engine-Match Wednesday, November 19, 2025 6:12:42 PM
 Blitz 2/1 

Pairing 17/28 :    C0BR4_v3.1  -  RandomOpponent

PGN-File: C:\Program Files (x86)\Arena\Tournaments\Engine Battle 20251119_2.pgn

No:  B/W 1/2     W:B       1:2           Time        Value Moves Dep 1:2       1-2-Draws
   1 W 1    1.0:0.0        1.0:0.0       6:12:57 PM  +299.97     6 3.500 :0 1-0-0

--------------------------------------------------------------

Engine-Match Wednesday, November 19, 2025 6:12:58 PM
 Blitz 2/1 

Pairing 18/28 :    PositionalOpponent  -  SlowMate_v3.1

PGN-File: C:\Program Files (x86)\Arena\Tournaments\Engine Battle 20251119_2.pgn

No:  B/W 1/2     W:B       1:2           Time        Value Moves Dep 1:2       1-2-Draws
   1 B 2    1.0:0.0        0.0:1.0       6:15:39 PM   -16.20    20 6.000 :2.842  0-1-0

--------------------------------------------------------------

Engine-Match Wednesday, November 19, 2025 6:15:41 PM
 Blitz 2/1 

Pairing 19/28 :    Stockfish 1%  -  MaterialOpponent

PGN-File: C:\Program Files (x86)\Arena\Tournaments\Engine Battle 20251119_2.pgn

No:  B/W 1/2     W:B       1:2           Time        Value Moves Dep 1:2       1-2-Draws
   1 W 1    1.0:0.0        1.0:0.0       6:17:47 PM   +22.05    43 12.000 :6.000  1-0-0

--------------------------------------------------------------

Engine-Match Wednesday, November 19, 2025 6:17:48 PM
 Blitz 2/1 

Pairing 20/28 :    V7P3R_v15.7  -  V7P3R_v14.1

PGN-File: C:\Program Files (x86)\Arena\Tournaments\Engine Battle 20251119_2.pgn

No:  B/W 1/2     W:B       1:2           Time        Value Moves Dep 1:2       1-2-Draws
   1 B 2    1.0:0.0        0.0:1.0       6:19:51 PM     0.00    15 6.100 :3.571  0-1-0

--------------------------------------------------------------

Engine-Match Wednesday, November 19, 2025 6:20:06 PM
 Blitz 2/1 

Pairing 21/28 :    PositionalOpponent  -  C0BR4_v3.1

PGN-File: C:\Program Files (x86)\Arena\Tournaments\Engine Battle 20251119_2.pgn

No:  B/W 1/2     W:B       1:2           Time        Value Moves Dep 1:2       1-2-Draws
   1 B 2    1.0:0.0        0.0:1.0       6:21:18 PM   -12.90    16 6.000 :4.000  0-1-0

--------------------------------------------------------------

Engine-Match Wednesday, November 19, 2025 6:21:19 PM
 Blitz 2/1 

Pairing 22/28 :    MaterialOpponent  -  RandomOpponent

PGN-File: C:\Program Files (x86)\Arena\Tournaments\Engine Battle 20251119_2.pgn

No:  B/W 1/2     W:B       1:2           Time        Value Moves Dep 1:2       1-2-Draws
   1 W 1    1.0:0.0        1.0:0.0       6:22:07 PM  +299.99    31 6.000 :0 1-0-0

--------------------------------------------------------------

Engine-Match Wednesday, November 19, 2025 6:22:09 PM
 Blitz 2/1 

Pairing 23/28 :    SlowMate_v3.1  -  V7P3R_v15.7

PGN-File: C:\Program Files (x86)\Arena\Tournaments\Engine Battle 20251119_2.pgn

No:  B/W 1/2     W:B       1:2           Time        Value Moves Dep 1:2       1-2-Draws
   1 W 1    1.0:0.0        1.0:0.0       6:26:32 PM  +123.56    32 3.364 :6.526  1-0-0

--------------------------------------------------------------

Engine-Match Wednesday, November 19, 2025 6:26:34 PM
 Blitz 2/1 

Pairing 24/28 :    V7P3R_v14.1  -  Stockfish 1%

PGN-File: C:\Program Files (x86)\Arena\Tournaments\Engine Battle 20251119_2.pgn

No:  B/W 1/2     W:B       1:2           Time        Value Moves Dep 1:2       1-2-Draws
   1 B 2    1.0:0.0        0.0:1.0       6:28:19 PM      -M1    37 3.424 :11.000  0-1-0

--------------------------------------------------------------

Engine-Match Wednesday, November 19, 2025 6:28:20 PM
 Blitz 2/1 

Pairing 25/28 :    C0BR4_v3.1  -  MaterialOpponent

PGN-File: C:\Program Files (x86)\Arena\Tournaments\Engine Battle 20251119_2.pgn

No:  B/W 1/2     W:B       1:2           Time        Value Moves Dep 1:2       1-2-Draws
   1 B 2    1.0:0.0        0.0:1.0       6:30:10 PM  -299.97    33 3.968 :6.000  0-1-0

--------------------------------------------------------------

Engine-Match Wednesday, November 19, 2025 6:30:12 PM
 Blitz 2/1 

Pairing 26/28 :    V7P3R_v15.7  -  PositionalOpponent

PGN-File: C:\Program Files (x86)\Arena\Tournaments\Engine Battle 20251119_2.pgn

No:  B/W 1/2     W:B       1:2           Time        Value Moves Dep 1:2       1-2-Draws
   1 B 2    1.0:0.0        0.0:1.0       6:31:38 PM  -299.99     8 6.400 :6.000  0-1-0

--------------------------------------------------------------

Engine-Match Wednesday, November 19, 2025 6:31:39 PM
 Blitz 2/1 

Pairing 27/28 :    RandomOpponent  -  V7P3R_v14.1

PGN-File: C:\Program Files (x86)\Arena\Tournaments\Engine Battle 20251119_2.pgn

No:  B/W 1/2     W:B       1:2           Time        Value Moves Dep 1:2       1-2-Draws
   1 B 2    1.0:0.0        0.0:1.0       6:32:28 PM  -289.97    14 0:3.571  0-1-0

--------------------------------------------------------------

Engine-Match Wednesday, November 19, 2025 6:32:30 PM
 Blitz 2/1 

Pairing 28/28 :    Stockfish 1%  -  SlowMate_v3.1

PGN-File: C:\Program Files (x86)\Arena\Tournaments\Engine Battle 20251119_2.pgn

No:  B/W 1/2     W:B       1:2           Time        Value Moves Dep 1:2       1-2-Draws

--------------------------------------------------------------

Engine-Match Wednesday, November 19, 2025 6:32:55 PM
 Blitz 1/1 

Pairing 28/28 :    Stockfish 1%  -  SlowMate_v3.1

PGN-File: C:\Program Files (x86)\Arena\Tournaments\Engine Battle 20251119_2.pgn

No:  B/W 1/2     W:B       1:2           Time        Value Moves Dep 1:2       1-2-Draws
   1 W 1    1.0:0.0        1.0:0.0       6:34:19 PM    +9.47    40 8.200 :2.844  1-0-0

--------------------------------------------------------------

Engine-Match Wednesday, November 19, 2025 6:34:21 PM
 Blitz 1/1 

Pairing 1/28 :    C0BR4_v3.1  -  V7P3R_v15.7

PGN-File: C:\Program Files (x86)\Arena\Tournaments\Engine Battle 20251119_2.pgn

No:  B/W 1/2     W:B       1:2           Time        Value Moves Dep 1:2       1-2-Draws
   2 B 1    1.0:0.0        2.0:0.0       6:34:57 PM  -299.97     9 4.000 :5.667  2-0-0

--------------------------------------------------------------

Engine-Match Wednesday, November 19, 2025 6:34:58 PM
 Blitz 1/1 

Pairing 2/28 :    V7P3R_v14.1  -  MaterialOpponent

PGN-File: C:\Program Files (x86)\Arena\Tournaments\Engine Battle 20251119_2.pgn

No:  B/W 1/2     W:B       1:2           Time        Value Moves Dep 1:2       1-2-Draws
   2 B 1    1.5:0.5        1.5:0.5       6:37:19 PM  -299.94    44 3.000 :6.000  1-0-1

--------------------------------------------------------------

Engine-Match Wednesday, November 19, 2025 6:37:21 PM
 Blitz 1/1 

Pairing 3/28 :    PositionalOpponent  -  Stockfish 1%

PGN-File: C:\Program Files (x86)\Arena\Tournaments\Engine Battle 20251119_2.pgn

No:  B/W 1/2     W:B       1:2           Time        Value Moves Dep 1:2       1-2-Draws
   2 W 2    1.0:0.0        0.0:2.0       6:39:13 PM   +11.40    41 5.765 :6.833  0-2-0

--------------------------------------------------------------

Engine-Match Wednesday, November 19, 2025 6:39:15 PM
 Blitz 1/1 

Pairing 4/28 :    SlowMate_v3.1  -  RandomOpponent

PGN-File: C:\Program Files (x86)\Arena\Tournaments\Engine Battle 20251119_2.pgn

No:  B/W 1/2     W:B       1:2           Time        Value Moves Dep 1:2       1-2-Draws
   2 B 1    1.0:0.0        2.0:0.0       6:40:20 PM  -193.95    25 2.520 :0 2-0-0

--------------------------------------------------------------

Engine-Match Wednesday, November 19, 2025 6:40:21 PM
 Blitz 1/1 

Pairing 5/28 :    V7P3R_v14.1  -  C0BR4_v3.1

PGN-File: C:\Program Files (x86)\Arena\Tournaments\Engine Battle 20251119_2.pgn

No:  B/W 1/2     W:B       1:2           Time        Value Moves Dep 1:2       1-2-Draws
   2 = =    0.5:0.5        0.5:1.5       6:41:25 PM    -0.34    25 3.300 :4.000  0-1-1

--------------------------------------------------------------

Engine-Match Wednesday, November 19, 2025 6:41:27 PM
 Blitz 1/1 

Pairing 6/28 :    Stockfish 1%  -  V7P3R_v15.7

PGN-File: C:\Program Files (x86)\Arena\Tournaments\Engine Battle 20251119_2.pgn

No:  B/W 1/2     W:B       1:2           Time        Value Moves Dep 1:2       1-2-Draws
   2 B 1    1.0:0.0        2.0:0.0       6:42:56 PM      -M1    21 6.667 :6.813  2-0-0

--------------------------------------------------------------

Engine-Match Wednesday, November 19, 2025 6:42:57 PM
 Blitz 1/1 

Pairing 7/28 :    MaterialOpponent  -  SlowMate_v3.1

PGN-File: C:\Program Files (x86)\Arena\Tournaments\Engine Battle 20251119_2.pgn

No:  B/W 1/2     W:B       1:2           Time        Value Moves Dep 1:2       1-2-Draws
   2 B 1    1.5:0.5        1.5:0.5       6:44:48 PM  -143.30    33 6.000 :2.800  1-0-1

--------------------------------------------------------------

Engine-Match Wednesday, November 19, 2025 6:44:49 PM
 Blitz 1/1 

Pairing 8/28 :    RandomOpponent  -  PositionalOpponent

PGN-File: C:\Program Files (x86)\Arena\Tournaments\Engine Battle 20251119_2.pgn

No:  B/W 1/2     W:B       1:2           Time        Value Moves Dep 1:2       1-2-Draws
   2 W 2    1.0:0.0        0.0:2.0       6:46:26 PM  +299.99    28 0:5.893  0-2-0

--------------------------------------------------------------

Engine-Match Wednesday, November 19, 2025 6:46:27 PM
 Blitz 1/1 

Pairing 9/28 :    C0BR4_v3.1  -  Stockfish 1%

PGN-File: C:\Program Files (x86)\Arena\Tournaments\Engine Battle 20251119_2.pgn

No:  B/W 1/2     W:B       1:2           Time        Value Moves Dep 1:2       1-2-Draws
   2 W 2    1.5:0.5        0.5:1.5       6:47:44 PM   +10.65   103 4.000 :7.000  0-1-1

--------------------------------------------------------------

Engine-Match Wednesday, November 19, 2025 6:47:45 PM
 Blitz 1/1 

Pairing 10/28 :    SlowMate_v3.1  -  V7P3R_v14.1

PGN-File: C:\Program Files (x86)\Arena\Tournaments\Engine Battle 20251119_2.pgn

No:  B/W 1/2     W:B       1:2           Time        Value Moves Dep 1:2       1-2-Draws
   2 B 1    1.0:0.0        1.0:1.0       6:48:51 PM     0.00     1 0:0 1-1-0

--------------------------------------------------------------

Engine-Match Wednesday, November 19, 2025 6:48:52 PM
 Blitz 1/1 

Pairing 11/28 :    V7P3R_v15.7  -  RandomOpponent

PGN-File: C:\Program Files (x86)\Arena\Tournaments\Engine Battle 20251119_2.pgn

No:  B/W 1/2     W:B       1:2           Time        Value Moves Dep 1:2       1-2-Draws
   2 * *     0.0:0.0        0.0:1.0       6:49:37 PM    -4.20     8 5.875 :0 0-1-0
