Engine-Match Thursday, November 20, 2025 12:04:01 PM
 Blitz 10/5 

Pairing 1/45 :    V7P3R_v16.2  -  V7P3R_v14.1

PGN-File: C:\Program Files (x86)\Arena\Tournaments\Engine Battle 20251120.pgn

No:  B/W 1/2     W:B       1:2           Time        Value Moves Dep 1:2       1-2-Draws
   1 B 2    1.0:0.0        0.0:1.0       12:10:52 PM   -18.38    12 8.000 :4.889  0-1-0

--------------------------------------------------------------

Engine-Match Thursday, November 20, 2025 12:10:53 PM
 Blitz 10/5 

Pairing 2/45 :    Stockfish 1%  -  C0BR4_v3.2

PGN-File: C:\Program Files (x86)\Arena\Tournaments\Engine Battle 20251120.pgn

No:  B/W 1/2     W:B       1:2           Time        Value Moves Dep 1:2       1-2-Draws
   1 = =    0.5:0.5        0.5:0.5       12:14:53 PM     0.00   115 18.000 :4.000  0-0-1

--------------------------------------------------------------

Engine-Match Thursday, November 20, 2025 12:14:55 PM
 Blitz 10/5 

Pairing 3/45 :    CaptureOpponent_v3.0  -  SlowMate_v3.1

PGN-File: C:\Program Files (x86)\Arena\Tournaments\Engine Battle 20251120.pgn

No:  B/W 1/2     W:B       1:2           Time        Value Moves Dep 1:2       1-2-Draws
   1 = =    0.5:0.5        0.5:0.5       12:22:19 PM  -200.00    31 2.000 :4.323  0-0-1

--------------------------------------------------------------

Engine-Match Thursday, November 20, 2025 12:22:20 PM
 Blitz 10/5 

Pairing 4/45 :    RandomOpponent  -  CoverageOpponent_v2.0

PGN-File: C:\Program Files (x86)\Arena\Tournaments\Engine Battle 20251120.pgn

No:  B/W 1/2     W:B       1:2           Time        Value Moves Dep 1:2       1-2-Draws
   1 B 2    1.0:0.0        0.0:1.0       12:26:48 PM  -299.99    25 0:7.040  0-1-0

--------------------------------------------------------------

Engine-Match Thursday, November 20, 2025 12:26:49 PM
 Blitz 10/5 

Pairing 5/45 :    MaterialOpponent_v2.0  -  PositionalOpponent_v2.0

PGN-File: C:\Program Files (x86)\Arena\Tournaments\Engine Battle 20251120.pgn

No:  B/W 1/2     W:B       1:2           Time        Value Moves Dep 1:2       1-2-Draws
   1 W 1    1.0:0.0        1.0:0.0       12:32:55 PM   +20.20    18 9.111 :7.333  1-0-0

--------------------------------------------------------------

Engine-Match Thursday, November 20, 2025 12:32:56 PM
 Blitz 10/5 

Pairing 6/45 :    Stockfish 1%  -  V7P3R_v16.2

PGN-File: C:\Program Files (x86)\Arena\Tournaments\Engine Battle 20251120.pgn

No:  B/W 1/2     W:B       1:2           Time        Value Moves Dep 1:2       1-2-Draws
   1 W 1    1.0:0.0        1.0:0.0       12:40:23 PM   +13.72    21 17.200 :7.563  1-0-0

--------------------------------------------------------------

Engine-Match Thursday, November 20, 2025 12:40:24 PM
 Blitz 10/5 

Pairing 7/45 :    SlowMate_v3.1  -  V7P3R_v14.1

PGN-File: C:\Program Files (x86)\Arena\Tournaments\Engine Battle 20251120.pgn

No:  B/W 1/2     W:B       1:2           Time        Value Moves Dep 1:2       1-2-Draws
   1 = =    0.5:0.5        0.5:0.5       12:52:55 PM    -0.87    35 4.429 :4.773  0-0-1

--------------------------------------------------------------

Engine-Match Thursday, November 20, 2025 12:52:57 PM
 Blitz 10/5 

Pairing 8/45 :    C0BR4_v3.2  -  RandomOpponent

PGN-File: C:\Program Files (x86)\Arena\Tournaments\Engine Battle 20251120.pgn

No:  B/W 1/2     W:B       1:2           Time        Value Moves Dep 1:2       1-2-Draws
   1 W 1    1.0:0.0        1.0:0.0       12:53:18 PM  +299.97    22 3.900 :0 1-0-0

--------------------------------------------------------------

Engine-Match Thursday, November 20, 2025 12:53:19 PM
 Blitz 10/5 

Pairing 9/45 :    PositionalOpponent_v2.0  -  CaptureOpponent_v3.0

PGN-File: C:\Program Files (x86)\Arena\Tournaments\Engine Battle 20251120.pgn

No:  B/W 1/2     W:B       1:2           Time        Value Moves Dep 1:2       1-2-Draws
   1 W 1    1.0:0.0        1.0:0.0       12:55:42 PM  +299.99    13 7.077 :2.000  1-0-0

--------------------------------------------------------------

Engine-Match Thursday, November 20, 2025 12:55:43 PM
 Blitz 10/5 

Pairing 10/45 :    CoverageOpponent_v2.0  -  MaterialOpponent_v2.0

PGN-File: C:\Program Files (x86)\Arena\Tournaments\Engine Battle 20251120.pgn

No:  B/W 1/2     W:B       1:2           Time        Value Moves Dep 1:2       1-2-Draws
   1 B 2    1.0:0.0        0.0:1.0       1:06:13 PM  -299.99    34 6.588 :9.000  0-1-0

--------------------------------------------------------------

Engine-Match Thursday, November 20, 2025 1:06:14 PM
 Blitz 10/5 

Pairing 11/45 :    V7P3R_v16.2  -  SlowMate_v3.1

PGN-File: C:\Program Files (x86)\Arena\Tournaments\Engine Battle 20251120.pgn

No:  B/W 1/2     W:B       1:2           Time        Value Moves Dep 1:2       1-2-Draws
   1 B 2    1.0:0.0        0.0:1.0       1:15:11 PM   -14.84    13 7.667 :4.500  0-1-0

--------------------------------------------------------------

Engine-Match Thursday, November 20, 2025 1:15:12 PM
 Blitz 10/5 

Pairing 12/45 :    RandomOpponent  -  Stockfish 1%

PGN-File: C:\Program Files (x86)\Arena\Tournaments\Engine Battle 20251120.pgn

No:  B/W 1/2     W:B       1:2           Time        Value Moves Dep 1:2       1-2-Draws
   1 B 2    1.0:0.0        0.0:1.0       1:15:23 PM      -M1    11 0:23.091  0-1-0

--------------------------------------------------------------

Engine-Match Thursday, November 20, 2025 1:15:24 PM
 Blitz 10/5 

Pairing 13/45 :    V7P3R_v14.1  -  PositionalOpponent_v2.0

PGN-File: C:\Program Files (x86)\Arena\Tournaments\Engine Battle 20251120.pgn

No:  B/W 1/2     W:B       1:2           Time        Value Moves Dep 1:2       1-2-Draws
   1 W 1    1.0:0.0        1.0:0.0       1:20:13 PM     0.00    16 5.167 :7.467  1-0-0

--------------------------------------------------------------

Engine-Match Thursday, November 20, 2025 1:20:15 PM
 Blitz 10/5 

Pairing 14/45 :    MaterialOpponent_v2.0  -  C0BR4_v3.2

PGN-File: C:\Program Files (x86)\Arena\Tournaments\Engine Battle 20251120.pgn

No:  B/W 1/2     W:B       1:2           Time        Value Moves Dep 1:2       1-2-Draws
   1 W 1    1.0:0.0        1.0:0.0       1:21:50 PM  +299.99     9 9.778 :3.833  1-0-0

--------------------------------------------------------------

Engine-Match Thursday, November 20, 2025 1:21:51 PM
 Blitz 10/5 

Pairing 15/45 :    CaptureOpponent_v3.0  -  CoverageOpponent_v2.0

PGN-File: C:\Program Files (x86)\Arena\Tournaments\Engine Battle 20251120.pgn

No:  B/W 1/2     W:B       1:2           Time        Value Moves Dep 1:2       1-2-Draws
   1 = =    0.5:0.5        0.5:0.5       1:30:46 PM    +0.29    60 2.000 :6.800  0-0-1

--------------------------------------------------------------

Engine-Match Thursday, November 20, 2025 1:30:47 PM
 Blitz 10/5 

Pairing 16/45 :    RandomOpponent  -  V7P3R_v16.2

PGN-File: C:\Program Files (x86)\Arena\Tournaments\Engine Battle 20251120.pgn

No:  B/W 1/2     W:B       1:2           Time        Value Moves Dep 1:2       1-2-Draws
   1 B 2    1.0:0.0        0.0:1.0       1:40:31 PM  -299.99    27 0:7.857  0-1-0

--------------------------------------------------------------

Engine-Match Thursday, November 20, 2025 1:40:32 PM
 Blitz 10/5 

Pairing 17/45 :    PositionalOpponent_v2.0  -  SlowMate_v3.1

PGN-File: C:\Program Files (x86)\Arena\Tournaments\Engine Battle 20251120.pgn

No:  B/W 1/2     W:B       1:2           Time        Value Moves Dep 1:2       1-2-Draws
   1 B 2    1.0:0.0        0.0:1.0       1:45:42 PM   -14.30    12 7.250 :4.818  0-1-0

--------------------------------------------------------------

Engine-Match Thursday, November 20, 2025 1:45:43 PM
 Blitz 10/5 

Pairing 18/45 :    Stockfish 1%  -  MaterialOpponent_v2.0

PGN-File: C:\Program Files (x86)\Arena\Tournaments\Engine Battle 20251120.pgn

No:  B/W 1/2     W:B       1:2           Time        Value Moves Dep 1:2       1-2-Draws
   1 W 1    1.0:0.0        1.0:0.0       1:48:13 PM      +M1    14 23.143 :9.231  1-0-0

--------------------------------------------------------------

Engine-Match Thursday, November 20, 2025 1:48:14 PM
 Blitz 10/5 

Pairing 19/45 :    CoverageOpponent_v2.0  -  V7P3R_v14.1

PGN-File: C:\Program Files (x86)\Arena\Tournaments\Engine Battle 20251120.pgn

No:  B/W 1/2     W:B       1:2           Time        Value Moves Dep 1:2       1-2-Draws
   1 B 2    1.0:0.0        0.0:1.0       1:57:24 PM  -289.99    25 7.267 :4.714  0-1-0

--------------------------------------------------------------

Engine-Match Thursday, November 20, 2025 1:57:25 PM
 Blitz 10/5 

Pairing 20/45 :    C0BR4_v3.2  -  CaptureOpponent_v3.0

PGN-File: C:\Program Files (x86)\Arena\Tournaments\Engine Battle 20251120.pgn

No:  B/W 1/2     W:B       1:2           Time        Value Moves Dep 1:2       1-2-Draws
   1 W 1    1.0:0.0        1.0:0.0       1:57:41 PM  +299.97     5 3.333 :2.000  1-0-0

--------------------------------------------------------------

Engine-Match Thursday, November 20, 2025 1:57:54 PM
 Blitz 10/5 

Pairing 21/45 :    V7P3R_v16.2  -  PositionalOpponent_v2.0

PGN-File: C:\Program Files (x86)\Arena\Tournaments\Engine Battle 20251120.pgn

No:  B/W 1/2     W:B       1:2           Time        Value Moves Dep 1:2       1-2-Draws
   1 W 1    1.0:0.0        1.0:0.0       2:08:38 PM   +11.60    19 7.615 :7.214  1-0-0

--------------------------------------------------------------

Engine-Match Thursday, November 20, 2025 2:08:40 PM
 Blitz 10/5 

Pairing 22/45 :    MaterialOpponent_v2.0  -  RandomOpponent

PGN-File: C:\Program Files (x86)\Arena\Tournaments\Engine Battle 20251120.pgn

No:  B/W 1/2     W:B       1:2           Time        Value Moves Dep 1:2       1-2-Draws
   1 W 1    1.0:0.0        1.0:0.0       2:11:43 PM  +299.99    17 9.353 :0 1-0-0

--------------------------------------------------------------

Engine-Match Thursday, November 20, 2025 2:11:51 PM
 Blitz 10/5 

Pairing 23/45 :    SlowMate_v3.1  -  CoverageOpponent_v2.0

PGN-File: C:\Program Files (x86)\Arena\Tournaments\Engine Battle 20251120.pgn

No:  B/W 1/2     W:B       1:2           Time        Value Moves Dep 1:2       1-2-Draws
   1 W 1    1.0:0.0        1.0:0.0       2:27:19 PM  +188.62    37 3.947 :6.737  1-0-0

--------------------------------------------------------------

Engine-Match Thursday, November 20, 2025 2:27:20 PM
 Blitz 10/5 

Pairing 24/45 :    CaptureOpponent_v3.0  -  Stockfish 1%

PGN-File: C:\Program Files (x86)\Arena\Tournaments\Engine Battle 20251120.pgn

No:  B/W 1/2     W:B       1:2           Time        Value Moves Dep 1:2       1-2-Draws
   1 B 2    1.0:0.0        0.0:1.0       2:27:31 PM    -M500     5 2.000 :18.500  0-1-0

--------------------------------------------------------------

Engine-Match Thursday, November 20, 2025 2:27:32 PM
 Blitz 10/5 

Pairing 25/45 :    V7P3R_v14.1  -  C0BR4_v3.2

PGN-File: C:\Program Files (x86)\Arena\Tournaments\Engine Battle 20251120.pgn

No:  B/W 1/2     W:B       1:2           Time        Value Moves Dep 1:2       1-2-Draws
   1 W 1    1.0:0.0        1.0:0.0       2:34:39 PM   +12.76    55 4.920 :4.000  1-0-0

--------------------------------------------------------------

Engine-Match Thursday, November 20, 2025 2:34:41 PM
 Blitz 10/5 

Pairing 26/45 :    MaterialOpponent_v2.0  -  V7P3R_v16.2

PGN-File: C:\Program Files (x86)\Arena\Tournaments\Engine Battle 20251120.pgn

No:  B/W 1/2     W:B       1:2           Time        Value Moves Dep 1:2       1-2-Draws
   1 B 2    1.0:0.0        0.0:1.0       2:43:27 PM   -22.15    15 8.933 :7.571  0-1-0

--------------------------------------------------------------

Engine-Match Thursday, November 20, 2025 2:43:29 PM
 Blitz 10/5 

Pairing 27/45 :    CoverageOpponent_v2.0  -  PositionalOpponent_v2.0

PGN-File: C:\Program Files (x86)\Arena\Tournaments\Engine Battle 20251120.pgn

No:  B/W 1/2     W:B       1:2           Time        Value Moves Dep 1:2       1-2-Draws
   1 W 1    1.0:0.0        1.0:0.0       2:48:21 PM   +18.80    14 7.214 :7.429  1-0-0

--------------------------------------------------------------

Engine-Match Thursday, November 20, 2025 2:48:23 PM
 Blitz 10/5 

Pairing 28/45 :    RandomOpponent  -  CaptureOpponent_v3.0

PGN-File: C:\Program Files (x86)\Arena\Tournaments\Engine Battle 20251120.pgn

No:  B/W 1/2     W:B       1:2           Time        Value Moves Dep 1:2       1-2-Draws
   1 = =    0.5:0.5        0.5:0.5       2:48:56 PM    -M500    56 0:2.000  0-0-1

--------------------------------------------------------------

Engine-Match Thursday, November 20, 2025 2:48:58 PM
 Blitz 10/5 

Pairing 29/45 :    C0BR4_v3.2  -  SlowMate_v3.1

PGN-File: C:\Program Files (x86)\Arena\Tournaments\Engine Battle 20251120.pgn

No:  B/W 1/2     W:B       1:2           Time        Value Moves Dep 1:2       1-2-Draws
   1 * *     0.0:0.0        0.0:0.0       2:49:24 PM     0.00     1 0:0 0-0-0
