Engine-Match Wednesday, November 19, 2025 10:06:25 PM
 Blitz 15/10 

Pairing 1/10 :    CaptureOpponent_v2.0  -  PositionalOpponent_v2.0

PGN-File: C:\Program Files (x86)\Arena\Tournaments\Opponent v2 Battle 20251119.pgn

No:  B/W 1/2     W:B       1:2           Time        Value Moves Dep 1:2       1-2-Draws
   1 B 2    1.0:0.0        0.0:1.0       10:10:54 PM  -299.99     9 4.556 :6.000  0-1-0

--------------------------------------------------------------

Engine-Match Wednesday, November 19, 2025 10:10:55 PM
 Blitz 15/10 

Pairing 2/10 :    MaterialOpponent_v2.0  -  CoverageOpponent_v2.0

PGN-File: C:\Program Files (x86)\Arena\Tournaments\Opponent v2 Battle 20251119.pgn

No:  B/W 1/2     W:B       1:2           Time        Value Moves Dep 1:2       1-2-Draws
   1 W 1    1.0:0.0        1.0:0.0       10:21:53 PM  +299.99    31 6.000 :7.467  1-0-0

--------------------------------------------------------------

Engine-Match Wednesday, November 19, 2025 10:21:55 PM
 Blitz 15/10 

Pairing 3/10 :    RandomOpponent  -  MaterialOpponent_v2.0

PGN-File: C:\Program Files (x86)\Arena\Tournaments\Opponent v2 Battle 20251119.pgn

No:  B/W 1/2     W:B       1:2           Time        Value Moves Dep 1:2       1-2-Draws
   1 B 2    1.0:0.0        0.0:1.0       10:22:48 PM  -299.99    19 0:6.000  0-1-0

--------------------------------------------------------------

Engine-Match Wednesday, November 19, 2025 10:22:50 PM
 Blitz 15/10 

Pairing 4/10 :    CoverageOpponent_v2.0  -  CaptureOpponent_v2.0

PGN-File: C:\Program Files (x86)\Arena\Tournaments\Opponent v2 Battle 20251119.pgn

No:  B/W 1/2     W:B       1:2           Time        Value Moves Dep 1:2       1-2-Draws
   1 W 1    1.0:0.0        1.0:0.0       10:32:28 PM   +81.80    14 7.286 :4.786  1-0-0

--------------------------------------------------------------

Engine-Match Wednesday, November 19, 2025 10:32:29 PM
 Blitz 15/10 

Pairing 5/10 :    PositionalOpponent_v2.0  -  CoverageOpponent_v2.0

PGN-File: C:\Program Files (x86)\Arena\Tournaments\Opponent v2 Battle 20251119.pgn

No:  B/W 1/2     W:B       1:2           Time        Value Moves Dep 1:2       1-2-Draws
   1 W 1    1.0:0.0        1.0:0.0       10:37:20 PM  +299.99    13 6.000 :7.500  1-0-0

--------------------------------------------------------------

Engine-Match Wednesday, November 19, 2025 10:37:22 PM
 Blitz 15/10 

Pairing 6/10 :    CaptureOpponent_v2.0  -  RandomOpponent

PGN-File: C:\Program Files (x86)\Arena\Tournaments\Opponent v2 Battle 20251119.pgn

No:  B/W 1/2     W:B       1:2           Time        Value Moves Dep 1:2       1-2-Draws
   1 B 2    1.0:0.0        0.0:1.0       10:56:48 PM   -17.25    84 4.027 :0 0-1-0

--------------------------------------------------------------

Engine-Match Wednesday, November 19, 2025 10:56:49 PM
 Blitz 15/10 

Pairing 7/10 :    MaterialOpponent_v2.0  -  CaptureOpponent_v2.0

PGN-File: C:\Program Files (x86)\Arena\Tournaments\Opponent v2 Battle 20251119.pgn

No:  B/W 1/2     W:B       1:2           Time        Value Moves Dep 1:2       1-2-Draws
   1 = =    0.5:0.5        0.5:0.5       11:08:01 PM   -98.55    32 6.000 :4.719  0-0-1

--------------------------------------------------------------

Engine-Match Wednesday, November 19, 2025 11:08:02 PM
 Blitz 15/10 

Pairing 8/10 :    RandomOpponent  -  PositionalOpponent_v2.0

PGN-File: C:\Program Files (x86)\Arena\Tournaments\Opponent v2 Battle 20251119.pgn

No:  B/W 1/2     W:B       1:2           Time        Value Moves Dep 1:2       1-2-Draws
   1 B 2    1.0:0.0        0.0:1.0       11:10:20 PM  -299.99    16 0:6.000  0-1-0

--------------------------------------------------------------

Engine-Match Wednesday, November 19, 2025 11:10:22 PM
 Blitz 15/10 

Pairing 9/10 :    CoverageOpponent_v2.0  -  RandomOpponent

PGN-File: C:\Program Files (x86)\Arena\Tournaments\Opponent v2 Battle 20251119.pgn

No:  B/W 1/2     W:B       1:2           Time        Value Moves Dep 1:2       1-2-Draws
   1 W 1    1.0:0.0        1.0:0.0       11:13:38 PM  +299.99     9 7.444 :0 1-0-0

--------------------------------------------------------------

Engine-Match Wednesday, November 19, 2025 11:13:39 PM
 Blitz 15/10 

Pairing 10/10 :    PositionalOpponent_v2.0  -  MaterialOpponent_v2.0

PGN-File: C:\Program Files (x86)\Arena\Tournaments\Opponent v2 Battle 20251119.pgn

No:  B/W 1/2     W:B       1:2           Time        Value Moves Dep 1:2       1-2-Draws
   1 W 1    1.0:0.0        1.0:0.0       11:21:52 PM   +14.45    48 6.000 :6.000  1-0-0

--------------------------------------------------------------

Engine-Match Wednesday, November 19, 2025 11:21:53 PM
 Blitz 15/10 

Pairing 1/10 :    CaptureOpponent_v2.0  -  PositionalOpponent_v2.0

PGN-File: C:\Program Files (x86)\Arena\Tournaments\Opponent v2 Battle 20251119.pgn

No:  B/W 1/2     W:B       1:2           Time        Value Moves Dep 1:2       1-2-Draws
   2 W 2    1.0:0.0        0.0:2.0       11:29:52 PM   +43.30    14 4.714 :6.000  0-2-0

--------------------------------------------------------------

Engine-Match Wednesday, November 19, 2025 11:29:53 PM
 Blitz 15/10 

Pairing 2/10 :    MaterialOpponent_v2.0  -  CoverageOpponent_v2.0

PGN-File: C:\Program Files (x86)\Arena\Tournaments\Opponent v2 Battle 20251119.pgn

No:  B/W 1/2     W:B       1:2           Time        Value Moves Dep 1:2       1-2-Draws
   2 B 1    1.0:0.0        2.0:0.0       11:39:02 PM  -299.99    25 6.000 :8.080  2-0-0

--------------------------------------------------------------

Engine-Match Wednesday, November 19, 2025 11:39:03 PM
 Blitz 15/10 

Pairing 3/10 :    RandomOpponent  -  MaterialOpponent_v2.0

PGN-File: C:\Program Files (x86)\Arena\Tournaments\Opponent v2 Battle 20251119.pgn

No:  B/W 1/2     W:B       1:2           Time        Value Moves Dep 1:2       1-2-Draws
   2 W 2    1.0:0.0        0.0:2.0       11:40:00 PM  +299.99    26 0:6.000  0-2-0

--------------------------------------------------------------

Engine-Match Wednesday, November 19, 2025 11:40:01 PM
 Blitz 15/10 

Pairing 4/10 :    CoverageOpponent_v2.0  -  CaptureOpponent_v2.0

PGN-File: C:\Program Files (x86)\Arena\Tournaments\Opponent v2 Battle 20251119.pgn

No:  B/W 1/2     W:B       1:2           Time        Value Moves Dep 1:2       1-2-Draws
   2 B 1    1.0:0.0        2.0:0.0       11:59:41 PM  -299.99    29 7.103 :4.241  2-0-0

--------------------------------------------------------------

Engine-Match Wednesday, November 19, 2025 11:59:42 PM
 Blitz 15/10 

Pairing 5/10 :    PositionalOpponent_v2.0  -  CoverageOpponent_v2.0

PGN-File: C:\Program Files (x86)\Arena\Tournaments\Opponent v2 Battle 20251119.pgn

No:  B/W 1/2     W:B       1:2           Time        Value Moves Dep 1:2       1-2-Draws
   2 B 1    1.0:0.0        2.0:0.0       12:06:12 AM  -299.99    15 6.000 :7.867  2-0-0

--------------------------------------------------------------

Engine-Match Thursday, November 20, 2025 12:06:13 AM
 Blitz 15/10 

Pairing 6/10 :    CaptureOpponent_v2.0  -  RandomOpponent

PGN-File: C:\Program Files (x86)\Arena\Tournaments\Opponent v2 Battle 20251119.pgn

No:  B/W 1/2     W:B       1:2           Time        Value Moves Dep 1:2       1-2-Draws
   2 W 2    1.0:0.0        0.0:2.0       12:13:33 AM   +19.25    21 4.762 :0 0-2-0

--------------------------------------------------------------

Engine-Match Thursday, November 20, 2025 12:13:34 AM
 Blitz 15/10 

Pairing 7/10 :    MaterialOpponent_v2.0  -  CaptureOpponent_v2.0

PGN-File: C:\Program Files (x86)\Arena\Tournaments\Opponent v2 Battle 20251119.pgn

No:  B/W 1/2     W:B       1:2           Time        Value Moves Dep 1:2       1-2-Draws
   2 B 1    1.5:0.5        1.5:0.5       12:19:45 AM  -299.99    17 6.000 :5.412  1-0-1

--------------------------------------------------------------

Engine-Match Thursday, November 20, 2025 12:19:47 AM
 Blitz 15/10 

Pairing 8/10 :    RandomOpponent  -  PositionalOpponent_v2.0

PGN-File: C:\Program Files (x86)\Arena\Tournaments\Opponent v2 Battle 20251119.pgn

No:  B/W 1/2     W:B       1:2           Time        Value Moves Dep 1:2       1-2-Draws
   2 W 2    1.0:0.0        0.0:2.0       12:21:56 AM  +299.99    16 0:6.000  0-2-0

--------------------------------------------------------------

Engine-Match Thursday, November 20, 2025 12:21:58 AM
 Blitz 15/10 

Pairing 9/10 :    CoverageOpponent_v2.0  -  RandomOpponent

PGN-File: C:\Program Files (x86)\Arena\Tournaments\Opponent v2 Battle 20251119.pgn

No:  B/W 1/2     W:B       1:2           Time        Value Moves Dep 1:2       1-2-Draws
   2 B 1    1.0:0.0        2.0:0.0       12:25:13 AM  -299.99     9 7.667 :0 2-0-0

--------------------------------------------------------------

Engine-Match Thursday, November 20, 2025 12:25:15 AM
 Blitz 15/10 

Pairing 10/10 :    PositionalOpponent_v2.0  -  MaterialOpponent_v2.0

PGN-File: C:\Program Files (x86)\Arena\Tournaments\Opponent v2 Battle 20251119.pgn

No:  B/W 1/2     W:B       1:2           Time        Value Moves Dep 1:2       1-2-Draws
   2 B 1    1.0:0.0        2.0:0.0       12:33:51 AM   -15.15    39 6.000 :6.000  2-0-0

--------------------------------------------------------------

Engine-Match Thursday, November 20, 2025 12:34:05 AM
 Blitz 15/10 

Pairing 1/10 :    CaptureOpponent_v2.0  -  PositionalOpponent_v2.0

PGN-File: C:\Program Files (x86)\Arena\Tournaments\Opponent v2 Battle 20251119.pgn

No:  B/W 1/2     W:B       1:2           Time        Value Moves Dep 1:2       1-2-Draws
   3 B 2    1.0:0.0        0.0:3.0       12:47:17 AM  -299.99    20 5.100 :8.250  0-3-0

--------------------------------------------------------------

Engine-Match Thursday, November 20, 2025 12:47:18 AM
 Blitz 15/10 

Pairing 2/10 :    MaterialOpponent_v2.0  -  CoverageOpponent_v2.0

PGN-File: C:\Program Files (x86)\Arena\Tournaments\Opponent v2 Battle 20251119.pgn

No:  B/W 1/2     W:B       1:2           Time        Value Moves Dep 1:2       1-2-Draws
   3 W 1    1.0:0.0        3.0:0.0       1:05:19 AM  +299.99    29 9.542 :7.292  3-0-0

--------------------------------------------------------------

Engine-Match Thursday, November 20, 2025 1:05:21 AM
 Blitz 15/10 

Pairing 3/10 :    RandomOpponent  -  MaterialOpponent_v2.0

PGN-File: C:\Program Files (x86)\Arena\Tournaments\Opponent v2 Battle 20251119.pgn

No:  B/W 1/2     W:B       1:2           Time        Value Moves Dep 1:2       1-2-Draws
   3 B 2    1.0:0.0        0.0:3.0       1:12:04 AM  -299.99    20 0:9.450  0-3-0

--------------------------------------------------------------

Engine-Match Thursday, November 20, 2025 1:12:05 AM
 Blitz 15/10 

Pairing 4/10 :    CoverageOpponent_v2.0  -  CaptureOpponent_v2.0

PGN-File: C:\Program Files (x86)\Arena\Tournaments\Opponent v2 Battle 20251119.pgn

No:  B/W 1/2     W:B       1:2           Time        Value Moves Dep 1:2       1-2-Draws
   3 W 1    1.0:0.0        3.0:0.0       1:21:43 AM   +41.80    14 7.214 :4.857  3-0-0

--------------------------------------------------------------

Engine-Match Thursday, November 20, 2025 1:21:45 AM
 Blitz 15/10 

Pairing 5/10 :    PositionalOpponent_v2.0  -  CoverageOpponent_v2.0

PGN-File: C:\Program Files (x86)\Arena\Tournaments\Opponent v2 Battle 20251119.pgn

No:  B/W 1/2     W:B       1:2           Time        Value Moves Dep 1:2       1-2-Draws
   3 W 1    1.0:0.0        3.0:0.0       1:37:52 AM  +299.99    27 8.077 :7.833  3-0-0

--------------------------------------------------------------

Engine-Match Thursday, November 20, 2025 1:37:53 AM
 Blitz 15/10 

Pairing 6/10 :    CaptureOpponent_v2.0  -  RandomOpponent

PGN-File: C:\Program Files (x86)\Arena\Tournaments\Opponent v2 Battle 20251119.pgn

No:  B/W 1/2     W:B       1:2           Time        Value Moves Dep 1:2       1-2-Draws
   3 W 1    1.0:0.0        1.0:2.0       1:53:17 AM  +299.99    59 4.618 :0 1-2-0

--------------------------------------------------------------

Engine-Match Thursday, November 20, 2025 1:53:18 AM
 Blitz 15/10 

Pairing 7/10 :    MaterialOpponent_v2.0  -  CaptureOpponent_v2.0

PGN-File: C:\Program Files (x86)\Arena\Tournaments\Opponent v2 Battle 20251119.pgn

No:  B/W 1/2     W:B       1:2           Time        Value Moves Dep 1:2       1-2-Draws
   3 W 1    1.5:0.5        2.5:0.5       2:05:12 AM  +159.60    19 9.263 :5.211  2-0-1

--------------------------------------------------------------

Engine-Match Thursday, November 20, 2025 2:05:13 AM
 Blitz 15/10 

Pairing 8/10 :    RandomOpponent  -  PositionalOpponent_v2.0

PGN-File: C:\Program Files (x86)\Arena\Tournaments\Opponent v2 Battle 20251119.pgn

No:  B/W 1/2     W:B       1:2           Time        Value Moves Dep 1:2       1-2-Draws
   3 B 2    1.0:0.0        0.0:3.0       2:11:32 AM  -299.99    18 0:7.500  0-3-0

--------------------------------------------------------------

Engine-Match Thursday, November 20, 2025 2:11:33 AM
 Blitz 15/10 

Pairing 9/10 :    CoverageOpponent_v2.0  -  RandomOpponent

PGN-File: C:\Program Files (x86)\Arena\Tournaments\Opponent v2 Battle 20251119.pgn

No:  B/W 1/2     W:B       1:2           Time        Value Moves Dep 1:2       1-2-Draws
   3 W 1    1.0:0.0        3.0:0.0       2:22:48 AM  +299.99    35 7.241 :0 3-0-0

--------------------------------------------------------------

Engine-Match Thursday, November 20, 2025 2:22:50 AM
 Blitz 15/10 

Pairing 10/10 :    PositionalOpponent_v2.0  -  MaterialOpponent_v2.0

PGN-File: C:\Program Files (x86)\Arena\Tournaments\Opponent v2 Battle 20251119.pgn

No:  B/W 1/2     W:B       1:2           Time        Value Moves Dep 1:2       1-2-Draws
   3 W 1    1.0:0.0        3.0:0.0       2:30:43 AM  +299.99    12 7.667 :9.727  3-0-0

--------------------------------------------------------------

Engine-Match Thursday, November 20, 2025 2:30:44 AM
 Blitz 15/10 

Pairing 1/10 :    CaptureOpponent_v2.0  -  PositionalOpponent_v2.0

PGN-File: C:\Program Files (x86)\Arena\Tournaments\Opponent v2 Battle 20251119.pgn

No:  B/W 1/2     W:B       1:2           Time        Value Moves Dep 1:2       1-2-Draws
   4 W 2    1.0:0.0        0.0:4.0       2:37:41 AM   +39.25    10 4.600 :7.000  0-4-0

--------------------------------------------------------------

Engine-Match Thursday, November 20, 2025 2:37:42 AM
 Blitz 15/10 

Pairing 2/10 :    MaterialOpponent_v2.0  -  CoverageOpponent_v2.0

PGN-File: C:\Program Files (x86)\Arena\Tournaments\Opponent v2 Battle 20251119.pgn

No:  B/W 1/2     W:B       1:2           Time        Value Moves Dep 1:2       1-2-Draws
   4 B 1    1.0:0.0        4.0:0.0       2:48:50 AM  -299.99    17 9.529 :7.176  4-0-0

--------------------------------------------------------------

Engine-Match Thursday, November 20, 2025 2:48:51 AM
 Blitz 15/10 

Pairing 3/10 :    RandomOpponent  -  MaterialOpponent_v2.0

PGN-File: C:\Program Files (x86)\Arena\Tournaments\Opponent v2 Battle 20251119.pgn

No:  B/W 1/2     W:B       1:2           Time        Value Moves Dep 1:2       1-2-Draws
   4 W 2    1.0:0.0        0.0:4.0       2:59:07 AM  +299.99    36 0:9.889  0-4-0

--------------------------------------------------------------

Engine-Match Thursday, November 20, 2025 2:59:08 AM
 Blitz 15/10 

Pairing 4/10 :    CoverageOpponent_v2.0  -  CaptureOpponent_v2.0

PGN-File: C:\Program Files (x86)\Arena\Tournaments\Opponent v2 Battle 20251119.pgn

No:  B/W 1/2     W:B       1:2           Time        Value Moves Dep 1:2       1-2-Draws
   4 B 1    1.0:0.0        4.0:0.0       3:12:49 AM  -299.99    20 6.900 :4.500  4-0-0

--------------------------------------------------------------

Engine-Match Thursday, November 20, 2025 3:12:50 AM
 Blitz 15/10 

Pairing 5/10 :    PositionalOpponent_v2.0  -  CoverageOpponent_v2.0

PGN-File: C:\Program Files (x86)\Arena\Tournaments\Opponent v2 Battle 20251119.pgn

No:  B/W 1/2     W:B       1:2           Time        Value Moves Dep 1:2       1-2-Draws
   4 = =    0.5:0.5        3.5:0.5       3:39:50 AM    +0.06    56 7.737 :7.650  3-0-1

--------------------------------------------------------------

Engine-Match Thursday, November 20, 2025 3:39:52 AM
 Blitz 15/10 

Pairing 6/10 :    CaptureOpponent_v2.0  -  RandomOpponent

PGN-File: C:\Program Files (x86)\Arena\Tournaments\Opponent v2 Battle 20251119.pgn

No:  B/W 1/2     W:B       1:2           Time        Value Moves Dep 1:2       1-2-Draws
   4 W 2    1.0:0.0        1.0:3.0       3:48:54 AM  +179.25    26 4.769 :0 1-3-0

--------------------------------------------------------------

Engine-Match Thursday, November 20, 2025 3:48:55 AM
 Blitz 15/10 

Pairing 7/10 :    MaterialOpponent_v2.0  -  CaptureOpponent_v2.0

PGN-File: C:\Program Files (x86)\Arena\Tournaments\Opponent v2 Battle 20251119.pgn

No:  B/W 1/2     W:B       1:2           Time        Value Moves Dep 1:2       1-2-Draws
   4 B 1    1.5:0.5        3.5:0.5       3:54:36 AM  -299.99     9 9.889 :5.556  3-0-1

--------------------------------------------------------------

Engine-Match Thursday, November 20, 2025 3:54:38 AM
 Blitz 15/10 

Pairing 8/10 :    RandomOpponent  -  PositionalOpponent_v2.0

PGN-File: C:\Program Files (x86)\Arena\Tournaments\Opponent v2 Battle 20251119.pgn

No:  B/W 1/2     W:B       1:2           Time        Value Moves Dep 1:2       1-2-Draws
   4 W 2    1.0:0.0        0.0:4.0       3:59:15 AM  +299.99    13 0:8.077  0-4-0

--------------------------------------------------------------

Engine-Match Thursday, November 20, 2025 3:59:16 AM
 Blitz 15/10 

Pairing 9/10 :    CoverageOpponent_v2.0  -  RandomOpponent

PGN-File: C:\Program Files (x86)\Arena\Tournaments\Opponent v2 Battle 20251119.pgn

No:  B/W 1/2     W:B       1:2           Time        Value Moves Dep 1:2       1-2-Draws
   4 B 1    1.0:0.0        4.0:0.0       4:10:32 AM  -299.99    35 6.971 :0 4-0-0

--------------------------------------------------------------

Engine-Match Thursday, November 20, 2025 4:10:33 AM
 Blitz 15/10 

Pairing 10/10 :    PositionalOpponent_v2.0  -  MaterialOpponent_v2.0

PGN-File: C:\Program Files (x86)\Arena\Tournaments\Opponent v2 Battle 20251119.pgn

No:  B/W 1/2     W:B       1:2           Time        Value Moves Dep 1:2       1-2-Draws
   4 W 2    1.0:0.0        3.0:1.0       4:31:26 AM   +15.80    43 8.000 :9.821  3-1-0

--------------------------------------------------------------

Engine-Match Thursday, November 20, 2025 4:31:41 AM
 Blitz 15/10 

Pairing 1/10 :    CaptureOpponent_v2.0  -  PositionalOpponent_v2.0

PGN-File: C:\Program Files (x86)\Arena\Tournaments\Opponent v2 Battle 20251119.pgn

No:  B/W 1/2     W:B       1:2           Time        Value Moves Dep 1:2       1-2-Draws
   5 B 2    1.0:0.0        0.0:5.0       4:39:00 AM  -299.99    11 5.182 :7.909  0-5-0

--------------------------------------------------------------

Engine-Match Thursday, November 20, 2025 4:39:01 AM
 Blitz 15/10 

Pairing 2/10 :    MaterialOpponent_v2.0  -  CoverageOpponent_v2.0

PGN-File: C:\Program Files (x86)\Arena\Tournaments\Opponent v2 Battle 20251119.pgn

No:  B/W 1/2     W:B       1:2           Time        Value Moves Dep 1:2       1-2-Draws
   5 W 1    1.0:0.0        5.0:0.0       4:57:06 AM  +299.99    30 9.826 :7.652  5-0-0

--------------------------------------------------------------

Engine-Match Thursday, November 20, 2025 4:57:07 AM
 Blitz 15/10 

Pairing 3/10 :    RandomOpponent  -  MaterialOpponent_v2.0

PGN-File: C:\Program Files (x86)\Arena\Tournaments\Opponent v2 Battle 20251119.pgn

No:  B/W 1/2     W:B       1:2           Time        Value Moves Dep 1:2       1-2-Draws
   5 B 2    1.0:0.0        0.0:5.0       5:05:46 AM  -299.99    36 0:9.944  0-5-0

--------------------------------------------------------------

Engine-Match Thursday, November 20, 2025 5:05:48 AM
 Blitz 15/10 

Pairing 4/10 :    CoverageOpponent_v2.0  -  CaptureOpponent_v2.0

PGN-File: C:\Program Files (x86)\Arena\Tournaments\Opponent v2 Battle 20251119.pgn

No:  B/W 1/2     W:B       1:2           Time        Value Moves Dep 1:2       1-2-Draws
   5 W 1    1.0:0.0        5.0:0.0       5:23:30 AM  +140.15    26 7.462 :4.923  5-0-0

--------------------------------------------------------------

Engine-Match Thursday, November 20, 2025 5:23:32 AM
 Blitz 15/10 

Pairing 5/10 :    PositionalOpponent_v2.0  -  CoverageOpponent_v2.0

PGN-File: C:\Program Files (x86)\Arena\Tournaments\Opponent v2 Battle 20251119.pgn

No:  B/W 1/2     W:B       1:2           Time        Value Moves Dep 1:2       1-2-Draws
   5 W 1    1.5:0.5        4.5:0.5       5:34:51 AM  +299.99    17 8.000 :7.750  4-0-1

--------------------------------------------------------------

Engine-Match Thursday, November 20, 2025 5:34:52 AM
 Blitz 15/10 

Pairing 6/10 :    CaptureOpponent_v2.0  -  RandomOpponent

PGN-File: C:\Program Files (x86)\Arena\Tournaments\Opponent v2 Battle 20251119.pgn

No:  B/W 1/2     W:B       1:2           Time        Value Moves Dep 1:2       1-2-Draws
   5 = =    0.5:0.5        1.5:3.5       5:58:31 AM     0.00   115 4.667 :0 1-3-1

--------------------------------------------------------------

Engine-Match Thursday, November 20, 2025 5:58:32 AM
 Blitz 15/10 

Pairing 7/10 :    MaterialOpponent_v2.0  -  CaptureOpponent_v2.0

PGN-File: C:\Program Files (x86)\Arena\Tournaments\Opponent v2 Battle 20251119.pgn

No:  B/W 1/2     W:B       1:2           Time        Value Moves Dep 1:2       1-2-Draws
   5 W 1    1.5:0.5        4.5:0.5       6:11:06 AM   +77.20    20 9.600 :4.950  4-0-1

--------------------------------------------------------------

Engine-Match Thursday, November 20, 2025 6:11:07 AM
 Blitz 15/10 

Pairing 8/10 :    RandomOpponent  -  PositionalOpponent_v2.0

PGN-File: C:\Program Files (x86)\Arena\Tournaments\Opponent v2 Battle 20251119.pgn

No:  B/W 1/2     W:B       1:2           Time        Value Moves Dep 1:2       1-2-Draws
   5 B 2    1.0:0.0        0.0:5.0       6:13:01 AM  -299.99     5 0:8.000  0-5-0

--------------------------------------------------------------

Engine-Match Thursday, November 20, 2025 6:13:03 AM
 Blitz 15/10 

Pairing 9/10 :    CoverageOpponent_v2.0  -  RandomOpponent

PGN-File: C:\Program Files (x86)\Arena\Tournaments\Opponent v2 Battle 20251119.pgn

No:  B/W 1/2     W:B       1:2           Time        Value Moves Dep 1:2       1-2-Draws
   5 W 1    1.0:0.0        5.0:0.0       6:23:47 AM  +299.99    32 7.875 :0 5-0-0

--------------------------------------------------------------

Engine-Match Thursday, November 20, 2025 6:23:48 AM
 Blitz 15/10 

Pairing 10/10 :    PositionalOpponent_v2.0  -  MaterialOpponent_v2.0

PGN-File: C:\Program Files (x86)\Arena\Tournaments\Opponent v2 Battle 20251119.pgn

No:  B/W 1/2     W:B       1:2           Time        Value Moves Dep 1:2       1-2-Draws
   5 W 1    1.0:0.0        4.0:1.0       6:34:37 AM  +299.99    17 7.824 :9.750  4-1-0

--------------------------------------------------------------

Engine-Match Thursday, November 20, 2025 6:34:39 AM
 Blitz 15/10 

Pairing 1/10 :    CaptureOpponent_v2.0  -  PositionalOpponent_v2.0

PGN-File: C:\Program Files (x86)\Arena\Tournaments\Opponent v2 Battle 20251119.pgn

No:  B/W 1/2     W:B       1:2           Time        Value Moves Dep 1:2       1-2-Draws
   6 W 2    1.0:0.0        0.0:6.0       6:50:20 AM  +142.65    23 4.957 :7.826  0-6-0

--------------------------------------------------------------

Engine-Match Thursday, November 20, 2025 6:50:21 AM
 Blitz 15/10 

Pairing 2/10 :    MaterialOpponent_v2.0  -  CoverageOpponent_v2.0

PGN-File: C:\Program Files (x86)\Arena\Tournaments\Opponent v2 Battle 20251119.pgn

No:  B/W 1/2     W:B       1:2           Time        Value Moves Dep 1:2       1-2-Draws
   6 B 1    1.0:0.0        6.0:0.0       7:08:08 AM  -299.99    27 9.444 :7.778  6-0-0

--------------------------------------------------------------

Engine-Match Thursday, November 20, 2025 7:08:10 AM
 Blitz 15/10 

Pairing 3/10 :    RandomOpponent  -  MaterialOpponent_v2.0

PGN-File: C:\Program Files (x86)\Arena\Tournaments\Opponent v2 Battle 20251119.pgn

No:  B/W 1/2     W:B       1:2           Time        Value Moves Dep 1:2       1-2-Draws
   6 W 2    1.0:0.0        0.0:6.0       7:15:20 AM  +299.99    26 0:9.962  0-6-0

--------------------------------------------------------------

Engine-Match Thursday, November 20, 2025 7:15:22 AM
 Blitz 15/10 

Pairing 4/10 :    CoverageOpponent_v2.0  -  CaptureOpponent_v2.0

PGN-File: C:\Program Files (x86)\Arena\Tournaments\Opponent v2 Battle 20251119.pgn

No:  B/W 1/2     W:B       1:2           Time        Value Moves Dep 1:2       1-2-Draws
   6 B 1    1.0:0.0        6.0:0.0       7:27:41 AM  -299.99    18 7.389 :4.500  6-0-0

--------------------------------------------------------------

Engine-Match Thursday, November 20, 2025 7:27:43 AM
 Blitz 15/10 

Pairing 5/10 :    PositionalOpponent_v2.0  -  CoverageOpponent_v2.0

PGN-File: C:\Program Files (x86)\Arena\Tournaments\Opponent v2 Battle 20251119.pgn

No:  B/W 1/2     W:B       1:2           Time        Value Moves Dep 1:2       1-2-Draws
   6 B 1    1.5:0.5        5.5:0.5       7:52:38 AM  -299.99    43 7.750 :7.529  5-0-1

--------------------------------------------------------------

Engine-Match Thursday, November 20, 2025 7:52:39 AM
 Blitz 15/10 

Pairing 6/10 :    CaptureOpponent_v2.0  -  RandomOpponent

PGN-File: C:\Program Files (x86)\Arena\Tournaments\Opponent v2 Battle 20251119.pgn

No:  B/W 1/2     W:B       1:2           Time        Value Moves Dep 1:2       1-2-Draws
   6 W 2    1.5:0.5        1.5:4.5       7:56:56 AM   +85.55    12 5.083 :0 1-4-1

--------------------------------------------------------------

Engine-Match Thursday, November 20, 2025 7:56:57 AM
 Blitz 15/10 

Pairing 7/10 :    MaterialOpponent_v2.0  -  CaptureOpponent_v2.0

PGN-File: C:\Program Files (x86)\Arena\Tournaments\Opponent v2 Battle 20251119.pgn

No:  B/W 1/2     W:B       1:2           Time        Value Moves Dep 1:2       1-2-Draws
   6 B 1    1.5:0.5        5.5:0.5       8:02:27 AM  -299.99     9 10.000 :5.556  5-0-1

--------------------------------------------------------------

Engine-Match Thursday, November 20, 2025 8:02:29 AM
 Blitz 15/10 

Pairing 8/10 :    RandomOpponent  -  PositionalOpponent_v2.0

PGN-File: C:\Program Files (x86)\Arena\Tournaments\Opponent v2 Battle 20251119.pgn

No:  B/W 1/2     W:B       1:2           Time        Value Moves Dep 1:2       1-2-Draws
   6 W 2    1.0:0.0        0.0:6.0       8:05:44 AM  +299.99     9 0:8.000  0-6-0

--------------------------------------------------------------

Engine-Match Thursday, November 20, 2025 8:05:46 AM
 Blitz 15/10 

Pairing 9/10 :    CoverageOpponent_v2.0  -  RandomOpponent

PGN-File: C:\Program Files (x86)\Arena\Tournaments\Opponent v2 Battle 20251119.pgn

No:  B/W 1/2     W:B       1:2           Time        Value Moves Dep 1:2       1-2-Draws
   6 B 1    1.0:0.0        6.0:0.0       8:15:08 AM  -299.99    27 7.519 :0 6-0-0

--------------------------------------------------------------

Engine-Match Thursday, November 20, 2025 8:15:09 AM
 Blitz 15/10 

Pairing 10/10 :    PositionalOpponent_v2.0  -  MaterialOpponent_v2.0

PGN-File: C:\Program Files (x86)\Arena\Tournaments\Opponent v2 Battle 20251119.pgn

No:  B/W 1/2     W:B       1:2           Time        Value Moves Dep 1:2       1-2-Draws
   6 W 2    1.0:0.0        4.0:2.0       8:28:01 AM   +13.60    23 8.696 :9.957  4-2-0

--------------------------------------------------------------

Engine-Match Thursday, November 20, 2025 8:28:16 AM
 Blitz 15/10 

Pairing 1/10 :    CaptureOpponent_v2.0  -  PositionalOpponent_v2.0

PGN-File: C:\Program Files (x86)\Arena\Tournaments\Opponent v2 Battle 20251119.pgn

No:  B/W 1/2     W:B       1:2           Time        Value Moves Dep 1:2       1-2-Draws
   7 B 2    1.0:0.0        0.0:7.0       8:35:34 AM  -299.99    11 5.182 :7.909  0-7-0

--------------------------------------------------------------

Engine-Match Thursday, November 20, 2025 8:35:36 AM
 Blitz 15/10 

Pairing 2/10 :    MaterialOpponent_v2.0  -  CoverageOpponent_v2.0

PGN-File: C:\Program Files (x86)\Arena\Tournaments\Opponent v2 Battle 20251119.pgn

No:  B/W 1/2     W:B       1:2           Time        Value Moves Dep 1:2       1-2-Draws
   7 W 1    1.0:0.0        7.0:0.0       8:57:38 AM  +299.99    39 9.385 :7.231  7-0-0

--------------------------------------------------------------

Engine-Match Thursday, November 20, 2025 8:57:40 AM
 Blitz 15/10 

Pairing 3/10 :    RandomOpponent  -  MaterialOpponent_v2.0

PGN-File: C:\Program Files (x86)\Arena\Tournaments\Opponent v2 Battle 20251119.pgn

No:  B/W 1/2     W:B       1:2           Time        Value Moves Dep 1:2       1-2-Draws
   7 * *     0.0:0.0        0.0:6.0       9:01:51 AM     0.00    13 0:10.000  0-6-0

--------------------------------------------------------------

Engine-Match Thursday, November 20, 2025 9:02:05 AM
 Tournament Game in One Minute 

Pairing 3/10 :    RandomOpponent  -  MaterialOpponent_v2.0

PGN-File: C:\Program Files (x86)\Arena\Tournaments\Opponent v2 Battle 20251119.pgn

No:  B/W 1/2     W:B       1:2           Time        Value Moves Dep 1:2       1-2-Draws
   7 B 2    1.0:0.0        0.0:7.0       9:03:12 AM  -299.99    28 0:7.107  0-7-0

--------------------------------------------------------------

Engine-Match Thursday, November 20, 2025 9:03:13 AM
 Tournament Game in One Minute 

Pairing 4/10 :    CoverageOpponent_v2.0  -  CaptureOpponent_v2.0

PGN-File: C:\Program Files (x86)\Arena\Tournaments\Opponent v2 Battle 20251119.pgn

No:  B/W 1/2     W:B       1:2           Time        Value Moves Dep 1:2       1-2-Draws
   7 W 1    1.0:0.0        7.0:0.0       9:04:35 AM   +79.25     8 5.750 :4.125  7-0-0

--------------------------------------------------------------

Engine-Match Thursday, November 20, 2025 9:04:37 AM
 Tournament Game in One Minute 

Pairing 5/10 :    PositionalOpponent_v2.0  -  CoverageOpponent_v2.0

PGN-File: C:\Program Files (x86)\Arena\Tournaments\Opponent v2 Battle 20251119.pgn

No:  B/W 1/2     W:B       1:2           Time        Value Moves Dep 1:2       1-2-Draws
   7 W 1    1.5:0.5        6.5:0.5       9:06:40 AM  +299.99    20 6.583 :6.167  6-0-1

--------------------------------------------------------------

Engine-Match Thursday, November 20, 2025 9:06:42 AM
 Tournament Game in One Minute 

Pairing 6/10 :    CaptureOpponent_v2.0  -  RandomOpponent

PGN-File: C:\Program Files (x86)\Arena\Tournaments\Opponent v2 Battle 20251119.pgn

No:  B/W 1/2     W:B       1:2           Time        Value Moves Dep 1:2       1-2-Draws
   7 = =    1.0:1.0        2.0:5.0       9:08:44 AM     0.00   169 3.000 :0 1-4-2

--------------------------------------------------------------

Engine-Match Thursday, November 20, 2025 9:08:46 AM
 Tournament Game in One Minute 

Pairing 7/10 :    MaterialOpponent_v2.0  -  CaptureOpponent_v2.0

PGN-File: C:\Program Files (x86)\Arena\Tournaments\Opponent v2 Battle 20251119.pgn

No:  B/W 1/2     W:B       1:2           Time        Value Moves Dep 1:2       1-2-Draws
   7 = =    1.0:1.0        6.0:1.0       9:10:59 AM   +18.50    26 7.846 :4.360  5-0-2

--------------------------------------------------------------

Engine-Match Thursday, November 20, 2025 9:11:00 AM
 Tournament Game in One Minute 

Pairing 8/10 :    RandomOpponent  -  PositionalOpponent_v2.0

PGN-File: C:\Program Files (x86)\Arena\Tournaments\Opponent v2 Battle 20251119.pgn

No:  B/W 1/2     W:B       1:2           Time        Value Moves Dep 1:2       1-2-Draws
   7 B 2    1.0:0.0        0.0:7.0       9:12:12 AM  -299.99    20 0:5.500  0-7-0

--------------------------------------------------------------

Engine-Match Thursday, November 20, 2025 9:12:13 AM
 Tournament Game in One Minute 

Pairing 9/10 :    CoverageOpponent_v2.0  -  RandomOpponent

PGN-File: C:\Program Files (x86)\Arena\Tournaments\Opponent v2 Battle 20251119.pgn

No:  B/W 1/2     W:B       1:2           Time        Value Moves Dep 1:2       1-2-Draws
   7 W 1    1.0:0.0        7.0:0.0       9:13:33 AM  +299.99    29 5.103 :0 7-0-0

--------------------------------------------------------------

Engine-Match Thursday, November 20, 2025 9:13:34 AM
 Tournament Game in One Minute 

Pairing 10/10 :    PositionalOpponent_v2.0  -  MaterialOpponent_v2.0

PGN-File: C:\Program Files (x86)\Arena\Tournaments\Opponent v2 Battle 20251119.pgn

No:  B/W 1/2     W:B       1:2           Time        Value Moves Dep 1:2       1-2-Draws
   7 B 2    1.0:0.0        4.0:3.0       9:15:25 AM   -12.90    15 6.267 :8.214  4-3-0

--------------------------------------------------------------

Engine-Match Thursday, November 20, 2025 9:15:26 AM
 Tournament Game in One Minute 

Pairing 1/10 :    CaptureOpponent_v2.0  -  PositionalOpponent_v2.0

PGN-File: C:\Program Files (x86)\Arena\Tournaments\Opponent v2 Battle 20251119.pgn

No:  B/W 1/2     W:B       1:2           Time        Value Moves Dep 1:2       1-2-Draws
   8 W 2    1.0:0.0        0.0:8.0       9:17:08 AM   +24.75    12 3.917 :5.750  0-8-0

--------------------------------------------------------------

Engine-Match Thursday, November 20, 2025 9:17:10 AM
 Tournament Game in One Minute 

Pairing 2/10 :    MaterialOpponent_v2.0  -  CoverageOpponent_v2.0

PGN-File: C:\Program Files (x86)\Arena\Tournaments\Opponent v2 Battle 20251119.pgn

No:  B/W 1/2     W:B       1:2           Time        Value Moves Dep 1:2       1-2-Draws
   8 B 1    1.0:0.0        8.0:0.0       9:19:30 AM  -299.99    33 7.214 :5.310  8-0-0

--------------------------------------------------------------

Engine-Match Thursday, November 20, 2025 9:19:31 AM
 Tournament Game in One Minute 

Pairing 3/10 :    RandomOpponent  -  MaterialOpponent_v2.0

PGN-File: C:\Program Files (x86)\Arena\Tournaments\Opponent v2 Battle 20251119.pgn

No:  B/W 1/2     W:B       1:2           Time        Value Moves Dep 1:2       1-2-Draws
   8 W 2    1.0:0.0        0.0:8.0       9:20:41 AM  +299.99    18 0:7.444  0-8-0

--------------------------------------------------------------

Engine-Match Thursday, November 20, 2025 9:20:42 AM
 Tournament Game in One Minute 

Pairing 4/10 :    CoverageOpponent_v2.0  -  CaptureOpponent_v2.0

PGN-File: C:\Program Files (x86)\Arena\Tournaments\Opponent v2 Battle 20251119.pgn

No:  B/W 1/2     W:B       1:2           Time        Value Moves Dep 1:2       1-2-Draws
   8 B 1    1.0:0.0        8.0:0.0       9:22:50 AM  -299.99    22 5.273 :3.318  8-0-0

--------------------------------------------------------------

Engine-Match Thursday, November 20, 2025 9:22:52 AM
 Tournament Game in One Minute 

Pairing 5/10 :    PositionalOpponent_v2.0  -  CoverageOpponent_v2.0

PGN-File: C:\Program Files (x86)\Arena\Tournaments\Opponent v2 Battle 20251119.pgn

No:  B/W 1/2     W:B       1:2           Time        Value Moves Dep 1:2       1-2-Draws
   8 B 1    1.5:0.5        7.5:0.5       9:25:09 AM  -299.99    29 6.667 :6.444  7-0-1

--------------------------------------------------------------

Engine-Match Thursday, November 20, 2025 9:25:10 AM
 Tournament Game in One Minute 

Pairing 6/10 :    CaptureOpponent_v2.0  -  RandomOpponent

PGN-File: C:\Program Files (x86)\Arena\Tournaments\Opponent v2 Battle 20251119.pgn

No:  B/W 1/2     W:B       1:2           Time        Value Moves Dep 1:2       1-2-Draws
   8 W 2    2.0:1.0        2.0:6.0       9:26:29 AM  +149.90    29 3.276 :0 1-5-2

--------------------------------------------------------------

Engine-Match Thursday, November 20, 2025 9:26:31 AM
 Tournament Game in One Minute 

Pairing 7/10 :    MaterialOpponent_v2.0  -  CaptureOpponent_v2.0

PGN-File: C:\Program Files (x86)\Arena\Tournaments\Opponent v2 Battle 20251119.pgn

No:  B/W 1/2     W:B       1:2           Time        Value Moves Dep 1:2       1-2-Draws
   8 B 1    2.0:1.0        7.0:1.0       9:28:26 AM  -299.99    16 8.250 :4.750  6-0-2

--------------------------------------------------------------

Engine-Match Thursday, November 20, 2025 9:28:27 AM
 Tournament Game in One Minute 

Pairing 8/10 :    RandomOpponent  -  PositionalOpponent_v2.0

PGN-File: C:\Program Files (x86)\Arena\Tournaments\Opponent v2 Battle 20251119.pgn

No:  B/W 1/2     W:B       1:2           Time        Value Moves Dep 1:2       1-2-Draws
   8 W 2    1.0:0.0        0.0:8.0       9:29:40 AM  +299.99    21 0:5.905  0-8-0

--------------------------------------------------------------

Engine-Match Thursday, November 20, 2025 9:29:41 AM
 Tournament Game in One Minute 

Pairing 9/10 :    CoverageOpponent_v2.0  -  RandomOpponent

PGN-File: C:\Program Files (x86)\Arena\Tournaments\Opponent v2 Battle 20251119.pgn

No:  B/W 1/2     W:B       1:2           Time        Value Moves Dep 1:2       1-2-Draws
   8 B 1    1.0:0.0        8.0:0.0       9:30:55 AM  -299.99    22 5.091 :0 8-0-0

--------------------------------------------------------------

Engine-Match Thursday, November 20, 2025 9:30:57 AM
 Tournament Game in One Minute 

Pairing 10/10 :    PositionalOpponent_v2.0  -  MaterialOpponent_v2.0

PGN-File: C:\Program Files (x86)\Arena\Tournaments\Opponent v2 Battle 20251119.pgn

No:  B/W 1/2     W:B       1:2           Time        Value Moves Dep 1:2       1-2-Draws
   8 B 1    1.0:0.0        5.0:3.0       9:33:06 AM  -299.99    23 6.222 :8.421  5-3-0

--------------------------------------------------------------

Engine-Match Thursday, November 20, 2025 9:33:08 AM
 Tournament Game in One Minute 

Pairing 1/10 :    CaptureOpponent_v2.0  -  PositionalOpponent_v2.0

PGN-File: C:\Program Files (x86)\Arena\Tournaments\Opponent v2 Battle 20251119.pgn

No:  B/W 1/2     W:B       1:2           Time        Value Moves Dep 1:2       1-2-Draws
   9 B 2    1.0:0.0        0.0:9.0       9:34:50 AM  -299.99    12 4.083 :6.583  0-9-0

--------------------------------------------------------------

Engine-Match Thursday, November 20, 2025 9:34:51 AM
 Tournament Game in One Minute 

Pairing 2/10 :    MaterialOpponent_v2.0  -  CoverageOpponent_v2.0

PGN-File: C:\Program Files (x86)\Arena\Tournaments\Opponent v2 Battle 20251119.pgn

No:  B/W 1/2     W:B       1:2           Time        Value Moves Dep 1:2       1-2-Draws
   9 W 1    1.0:0.0        9.0:0.0       9:37:10 AM  +299.99    32 7.692 :5.769  9-0-0

--------------------------------------------------------------

Engine-Match Thursday, November 20, 2025 9:37:25 AM
 Tournament Game in One Minute 

Pairing 3/10 :    RandomOpponent  -  MaterialOpponent_v2.0

PGN-File: C:\Program Files (x86)\Arena\Tournaments\Opponent v2 Battle 20251119.pgn

No:  B/W 1/2     W:B       1:2           Time        Value Moves Dep 1:2       1-2-Draws
   9 * *     0.0:0.0        0.0:8.0       9:37:31 AM     0.00     1 0:0 0-8-0
