Engine-Match Wednesday, November 19, 2025 9:34:26 PM
 Blitz 15/10 

Pairing 1/10 :    CaptureOpponent  -  PositionalOpponent

PGN-File: C:\Program Files (x86)\Arena\Tournaments\Opponent Battle 20251119.pgn

No:  B/W 1/2     W:B       1:2           Time        Value Moves Dep 1:2       1-2-Draws
   1 B 2    1.0:0.0        0.0:1.0       9:41:11 PM  -299.99    16 5.375 :6.000  0-1-0

--------------------------------------------------------------

Engine-Match Wednesday, November 19, 2025 9:41:12 PM
 Blitz 15/10 

Pairing 2/10 :    MaterialOpponent  -  CoverageOpponent

PGN-File: C:\Program Files (x86)\Arena\Tournaments\Opponent Battle 20251119.pgn

No:  B/W 1/2     W:B       1:2           Time        Value Moves Dep 1:2       1-2-Draws
   1 W 1    1.0:0.0        1.0:0.0       9:50:59 PM  +299.99    54 6.000 :6.000  1-0-0

--------------------------------------------------------------

Engine-Match Wednesday, November 19, 2025 9:51:01 PM
 Blitz 15/10 

Pairing 3/10 :    RandomOpponent  -  MaterialOpponent

PGN-File: C:\Program Files (x86)\Arena\Tournaments\Opponent Battle 20251119.pgn

No:  B/W 1/2     W:B       1:2           Time        Value Moves Dep 1:2       1-2-Draws
   1 B 2    1.0:0.0        0.0:1.0       9:51:51 PM  -299.99    32 0:6.000  0-1-0

--------------------------------------------------------------

Engine-Match Wednesday, November 19, 2025 9:51:52 PM
 Blitz 15/10 

Pairing 4/10 :    CoverageOpponent  -  CaptureOpponent

PGN-File: C:\Program Files (x86)\Arena\Tournaments\Opponent Battle 20251119.pgn

No:  B/W 1/2     W:B       1:2           Time        Value Moves Dep 1:2       1-2-Draws
   1 W 1    1.0:0.0        1.0:0.0       9:54:48 PM  +299.99     7 6.000 :5.000  1-0-0

--------------------------------------------------------------

Engine-Match Wednesday, November 19, 2025 9:54:49 PM
 Blitz 15/10 

Pairing 5/10 :    PositionalOpponent  -  CoverageOpponent

PGN-File: C:\Program Files (x86)\Arena\Tournaments\Opponent Battle 20251119.pgn

No:  B/W 1/2     W:B       1:2           Time        Value Moves Dep 1:2       1-2-Draws
   1 * *     0.0:0.0        0.0:0.0       9:55:38 PM    +1.50     3 6.000 :6.000  0-0-0

--------------------------------------------------------------

Engine-Match Wednesday, November 19, 2025 9:57:03 PM
 Blitz 15/10 

Pairing 5/10 :    PositionalOpponent  -  CoverageOpponent

PGN-File: C:\Program Files (x86)\Arena\Tournaments\Opponent Battle 20251119.pgn

No:  B/W 1/2     W:B       1:2           Time        Value Moves Dep 1:2       1-2-Draws
   1 = =    0.5:0.5        0.5:0.5       9:59:26 PM    +9.90    15 6.000 :6.000  0-0-1

--------------------------------------------------------------

Engine-Match Wednesday, November 19, 2025 9:59:28 PM
 Blitz 15/10 

Pairing 6/10 :    CaptureOpponent  -  RandomOpponent

PGN-File: C:\Program Files (x86)\Arena\Tournaments\Opponent Battle 20251119.pgn

No:  B/W 1/2     W:B       1:2           Time        Value Moves Dep 1:2       1-2-Draws
   1 B 2    1.0:0.0        0.0:1.0       10:14:53 PM  -299.98    59 4.780 :0 0-1-0

--------------------------------------------------------------

Engine-Match Wednesday, November 19, 2025 10:14:54 PM
 Blitz 15/10 

Pairing 7/10 :    MaterialOpponent  -  CaptureOpponent

PGN-File: C:\Program Files (x86)\Arena\Tournaments\Opponent Battle 20251119.pgn

No:  B/W 1/2     W:B       1:2           Time        Value Moves Dep 1:2       1-2-Draws
   1 W 1    1.0:0.0        1.0:0.0       10:21:49 PM   +19.25    19 6.000 :4.789  1-0-0

--------------------------------------------------------------

Engine-Match Wednesday, November 19, 2025 10:21:51 PM
 Blitz 15/10 

Pairing 8/10 :    RandomOpponent  -  PositionalOpponent

PGN-File: C:\Program Files (x86)\Arena\Tournaments\Opponent Battle 20251119.pgn

No:  B/W 1/2     W:B       1:2           Time        Value Moves Dep 1:2       1-2-Draws
   1 B 2    1.0:0.0        0.0:1.0       10:22:38 PM  -299.99     9 0:6.000  0-1-0

--------------------------------------------------------------

Engine-Match Wednesday, November 19, 2025 10:22:39 PM
 Blitz 15/10 

Pairing 9/10 :    CoverageOpponent  -  RandomOpponent

PGN-File: C:\Program Files (x86)\Arena\Tournaments\Opponent Battle 20251119.pgn

No:  B/W 1/2     W:B       1:2           Time        Value Moves Dep 1:2       1-2-Draws
   1 W 1    1.0:0.0        1.0:0.0       10:27:08 PM  +299.99    23 6.000 :0 1-0-0

--------------------------------------------------------------

Engine-Match Wednesday, November 19, 2025 10:27:09 PM
 Blitz 15/10 

Pairing 10/10 :    PositionalOpponent  -  MaterialOpponent

PGN-File: C:\Program Files (x86)\Arena\Tournaments\Opponent Battle 20251119.pgn

No:  B/W 1/2     W:B       1:2           Time        Value Moves Dep 1:2       1-2-Draws
   1 W 1    1.0:0.0        1.0:0.0       10:36:47 PM  +299.99    49 6.000 :6.000  1-0-0

--------------------------------------------------------------

Engine-Match Wednesday, November 19, 2025 10:36:49 PM
 Blitz 15/10 

Pairing 1/10 :    CaptureOpponent  -  PositionalOpponent

PGN-File: C:\Program Files (x86)\Arena\Tournaments\Opponent Battle 20251119.pgn

No:  B/W 1/2     W:B       1:2           Time        Value Moves Dep 1:2       1-2-Draws
   2 W 2    1.0:0.0        0.0:2.0       10:40:27 PM   +19.25     7 4.571 :6.000  0-2-0

--------------------------------------------------------------

Engine-Match Wednesday, November 19, 2025 10:40:28 PM
 Blitz 15/10 

Pairing 2/10 :    MaterialOpponent  -  CoverageOpponent

PGN-File: C:\Program Files (x86)\Arena\Tournaments\Opponent Battle 20251119.pgn

No:  B/W 1/2     W:B       1:2           Time        Value Moves Dep 1:2       1-2-Draws
   2 B 1    1.0:0.0        2.0:0.0       10:48:30 PM  -299.99    44 6.000 :6.000  2-0-0

--------------------------------------------------------------

Engine-Match Wednesday, November 19, 2025 10:48:31 PM
 Blitz 15/10 

Pairing 3/10 :    RandomOpponent  -  MaterialOpponent

PGN-File: C:\Program Files (x86)\Arena\Tournaments\Opponent Battle 20251119.pgn

No:  B/W 1/2     W:B       1:2           Time        Value Moves Dep 1:2       1-2-Draws
   2 W 2    1.0:0.0        0.0:2.0       10:49:21 PM  +299.99    19 0:6.000  0-2-0

--------------------------------------------------------------

Engine-Match Wednesday, November 19, 2025 10:49:22 PM
 Blitz 15/10 

Pairing 4/10 :    CoverageOpponent  -  CaptureOpponent

PGN-File: C:\Program Files (x86)\Arena\Tournaments\Opponent Battle 20251119.pgn

No:  B/W 1/2     W:B       1:2           Time        Value Moves Dep 1:2       1-2-Draws
   2 B 1    1.0:0.0        2.0:0.0       10:54:29 PM  -299.99     9 6.000 :4.667  2-0-0

--------------------------------------------------------------

Engine-Match Wednesday, November 19, 2025 10:54:30 PM
 Blitz 15/10 

Pairing 5/10 :    PositionalOpponent  -  CoverageOpponent

PGN-File: C:\Program Files (x86)\Arena\Tournaments\Opponent Battle 20251119.pgn

No:  B/W 1/2     W:B       1:2           Time        Value Moves Dep 1:2       1-2-Draws
   2 = =    1.0:1.0        1.0:1.0       11:02:53 PM    -2.20    39 6.000 :6.000  0-0-2

--------------------------------------------------------------

Engine-Match Wednesday, November 19, 2025 11:02:54 PM
 Blitz 15/10 

Pairing 6/10 :    CaptureOpponent  -  RandomOpponent

PGN-File: C:\Program Files (x86)\Arena\Tournaments\Opponent Battle 20251119.pgn

No:  B/W 1/2     W:B       1:2           Time        Value Moves Dep 1:2       1-2-Draws
   2 W 2    1.0:0.0        0.0:2.0       11:15:23 PM  +198.65    42 4.548 :0 0-2-0

--------------------------------------------------------------

Engine-Match Wednesday, November 19, 2025 11:15:24 PM
 Blitz 15/10 

Pairing 7/10 :    MaterialOpponent  -  CaptureOpponent

PGN-File: C:\Program Files (x86)\Arena\Tournaments\Opponent Battle 20251119.pgn

No:  B/W 1/2     W:B       1:2           Time        Value Moves Dep 1:2       1-2-Draws
   2 B 1    1.0:0.0        2.0:0.0       11:24:12 PM  -299.99    24 6.000 :5.667  2-0-0

--------------------------------------------------------------

Engine-Match Wednesday, November 19, 2025 11:24:13 PM
 Blitz 15/10 

Pairing 8/10 :    RandomOpponent  -  PositionalOpponent

PGN-File: C:\Program Files (x86)\Arena\Tournaments\Opponent Battle 20251119.pgn

No:  B/W 1/2     W:B       1:2           Time        Value Moves Dep 1:2       1-2-Draws
   2 W 2    1.0:0.0        0.0:2.0       11:26:42 PM  +299.99    21 0:6.000  0-2-0

--------------------------------------------------------------

Engine-Match Wednesday, November 19, 2025 11:26:43 PM
 Blitz 15/10 

Pairing 9/10 :    CoverageOpponent  -  RandomOpponent

PGN-File: C:\Program Files (x86)\Arena\Tournaments\Opponent Battle 20251119.pgn

No:  B/W 1/2     W:B       1:2           Time        Value Moves Dep 1:2       1-2-Draws
   2 B 1    1.0:0.0        2.0:0.0       11:28:01 PM  -299.99     8 6.000 :0 2-0-0

--------------------------------------------------------------

Engine-Match Wednesday, November 19, 2025 11:28:02 PM
 Blitz 15/10 

Pairing 10/10 :    PositionalOpponent  -  MaterialOpponent

PGN-File: C:\Program Files (x86)\Arena\Tournaments\Opponent Battle 20251119.pgn

No:  B/W 1/2     W:B       1:2           Time        Value Moves Dep 1:2       1-2-Draws
   2 B 1    1.0:0.0        2.0:0.0       11:34:50 PM   -17.15    32 6.000 :6.000  2-0-0

--------------------------------------------------------------

Engine-Match Wednesday, November 19, 2025 11:34:51 PM
 Blitz 15/10 

Pairing 1/10 :    CaptureOpponent  -  PositionalOpponent

PGN-File: C:\Program Files (x86)\Arena\Tournaments\Opponent Battle 20251119.pgn

No:  B/W 1/2     W:B       1:2           Time        Value Moves Dep 1:2       1-2-Draws
   3 B 2    1.0:0.0        0.0:3.0       11:42:21 PM  -299.99    17 5.059 :6.000  0-3-0

--------------------------------------------------------------

Engine-Match Wednesday, November 19, 2025 11:42:22 PM
 Blitz 15/10 

Pairing 2/10 :    MaterialOpponent  -  CoverageOpponent

PGN-File: C:\Program Files (x86)\Arena\Tournaments\Opponent Battle 20251119.pgn

No:  B/W 1/2     W:B       1:2           Time        Value Moves Dep 1:2       1-2-Draws
   3 = =    0.5:0.5        2.5:0.5       11:44:18 PM     0.00    11 6.000 :6.000  2-0-1

--------------------------------------------------------------

Engine-Match Wednesday, November 19, 2025 11:44:19 PM
 Blitz 15/10 

Pairing 3/10 :    RandomOpponent  -  MaterialOpponent

PGN-File: C:\Program Files (x86)\Arena\Tournaments\Opponent Battle 20251119.pgn

No:  B/W 1/2     W:B       1:2           Time        Value Moves Dep 1:2       1-2-Draws
   3 B 2    1.0:0.0        0.0:3.0       11:44:53 PM  -299.99    16 0:6.000  0-3-0

--------------------------------------------------------------

Engine-Match Wednesday, November 19, 2025 11:44:54 PM
 Blitz 15/10 

Pairing 4/10 :    CoverageOpponent  -  CaptureOpponent

PGN-File: C:\Program Files (x86)\Arena\Tournaments\Opponent Battle 20251119.pgn

No:  B/W 1/2     W:B       1:2           Time        Value Moves Dep 1:2       1-2-Draws
   3 W 1    1.0:0.0        3.0:0.0       11:49:51 PM  +139.25     9 6.000 :4.778  3-0-0

--------------------------------------------------------------

Engine-Match Wednesday, November 19, 2025 11:50:06 PM
 Blitz 15/10 

Pairing 5/10 :    PositionalOpponent  -  CoverageOpponent

PGN-File: C:\Program Files (x86)\Arena\Tournaments\Opponent Battle 20251119.pgn

No:  B/W 1/2     W:B       1:2           Time        Value Moves Dep 1:2       1-2-Draws
   3 = =    1.5:1.5        1.5:1.5       11:52:27 PM    +9.90    15 6.000 :6.000  0-0-3

--------------------------------------------------------------

Engine-Match Wednesday, November 19, 2025 11:52:29 PM
 Blitz 15/10 

Pairing 6/10 :    CaptureOpponent  -  RandomOpponent

PGN-File: C:\Program Files (x86)\Arena\Tournaments\Opponent Battle 20251119.pgn

No:  B/W 1/2     W:B       1:2           Time        Value Moves Dep 1:2       1-2-Draws
   3 W 1    1.0:0.0        1.0:2.0       12:05:49 AM  +299.99    47 4.872 :0 1-2-0

--------------------------------------------------------------

Engine-Match Thursday, November 20, 2025 12:05:50 AM
 Blitz 15/10 

Pairing 7/10 :    MaterialOpponent  -  CaptureOpponent

PGN-File: C:\Program Files (x86)\Arena\Tournaments\Opponent Battle 20251119.pgn

No:  B/W 1/2     W:B       1:2           Time        Value Moves Dep 1:2       1-2-Draws
   3 = =    0.5:0.5        2.5:0.5       12:13:01 AM  -100.75    20 6.000 :5.250  2-0-1

--------------------------------------------------------------

Engine-Match Thursday, November 20, 2025 12:13:02 AM
 Blitz 15/10 

Pairing 8/10 :    RandomOpponent  -  PositionalOpponent

PGN-File: C:\Program Files (x86)\Arena\Tournaments\Opponent Battle 20251119.pgn

No:  B/W 1/2     W:B       1:2           Time        Value Moves Dep 1:2       1-2-Draws
   3 B 2    1.0:0.0        0.0:3.0       12:15:28 AM  -299.99    14 0:6.000  0-3-0

--------------------------------------------------------------

Engine-Match Thursday, November 20, 2025 12:15:29 AM
 Blitz 15/10 

Pairing 9/10 :    CoverageOpponent  -  RandomOpponent

PGN-File: C:\Program Files (x86)\Arena\Tournaments\Opponent Battle 20251119.pgn

No:  B/W 1/2     W:B       1:2           Time        Value Moves Dep 1:2       1-2-Draws
   3 W 1    1.0:0.0        3.0:0.0       12:18:03 AM  +299.99    15 6.000 :0 3-0-0

--------------------------------------------------------------

Engine-Match Thursday, November 20, 2025 12:18:04 AM
 Blitz 15/10 

Pairing 10/10 :    PositionalOpponent  -  MaterialOpponent

PGN-File: C:\Program Files (x86)\Arena\Tournaments\Opponent Battle 20251119.pgn

No:  B/W 1/2     W:B       1:2           Time        Value Moves Dep 1:2       1-2-Draws
   3 W 1    1.0:0.0        3.0:0.0       12:26:08 AM   +14.45    48 6.000 :6.000  3-0-0

--------------------------------------------------------------

Engine-Match Thursday, November 20, 2025 12:26:10 AM
 Blitz 15/10 

Pairing 1/10 :    CaptureOpponent  -  PositionalOpponent

PGN-File: C:\Program Files (x86)\Arena\Tournaments\Opponent Battle 20251119.pgn

No:  B/W 1/2     W:B       1:2           Time        Value Moves Dep 1:2       1-2-Draws
   4 W 2    1.0:0.0        0.0:4.0       12:33:52 AM   +79.25    14 4.857 :6.000  0-4-0

--------------------------------------------------------------

Engine-Match Thursday, November 20, 2025 12:33:54 AM
 Blitz 15/10 

Pairing 2/10 :    MaterialOpponent  -  CoverageOpponent

PGN-File: C:\Program Files (x86)\Arena\Tournaments\Opponent Battle 20251119.pgn

No:  B/W 1/2     W:B       1:2           Time        Value Moves Dep 1:2       1-2-Draws
   4 B 1    1.5:0.5        3.5:0.5       12:41:50 AM  -299.99    34 6.000 :6.000  3-0-1

--------------------------------------------------------------

Engine-Match Thursday, November 20, 2025 12:41:52 AM
 Blitz 15/10 

Pairing 3/10 :    RandomOpponent  -  MaterialOpponent

PGN-File: C:\Program Files (x86)\Arena\Tournaments\Opponent Battle 20251119.pgn

No:  B/W 1/2     W:B       1:2           Time        Value Moves Dep 1:2       1-2-Draws
   4 W 2    1.0:0.0        0.0:4.0       12:43:04 AM  +299.99    45 0:6.000  0-4-0

--------------------------------------------------------------

Engine-Match Thursday, November 20, 2025 12:43:05 AM
 Blitz 15/10 

Pairing 4/10 :    CoverageOpponent  -  CaptureOpponent

PGN-File: C:\Program Files (x86)\Arena\Tournaments\Opponent Battle 20251119.pgn

No:  B/W 1/2     W:B       1:2           Time        Value Moves Dep 1:2       1-2-Draws
   4 B 1    1.0:0.0        4.0:0.0       12:51:04 AM  -299.99    15 6.000 :4.867  4-0-0

--------------------------------------------------------------

Engine-Match Thursday, November 20, 2025 12:51:06 AM
 Blitz 15/10 

Pairing 5/10 :    PositionalOpponent  -  CoverageOpponent

PGN-File: C:\Program Files (x86)\Arena\Tournaments\Opponent Battle 20251119.pgn

No:  B/W 1/2     W:B       1:2           Time        Value Moves Dep 1:2       1-2-Draws
   4 = =    2.0:2.0        2.0:2.0       12:58:50 AM    -2.20    39 6.000 :6.000  0-0-4

--------------------------------------------------------------

Engine-Match Thursday, November 20, 2025 12:58:51 AM
 Blitz 15/10 

Pairing 6/10 :    CaptureOpponent  -  RandomOpponent

PGN-File: C:\Program Files (x86)\Arena\Tournaments\Opponent Battle 20251119.pgn

No:  B/W 1/2     W:B       1:2           Time        Value Moves Dep 1:2       1-2-Draws
   4 W 2    1.0:0.0        1.0:3.0       1:16:00 AM  +144.20    69 4.319 :0 1-3-0

--------------------------------------------------------------

Engine-Match Thursday, November 20, 2025 1:16:01 AM
 Blitz 15/10 

Pairing 7/10 :    MaterialOpponent  -  CaptureOpponent

PGN-File: C:\Program Files (x86)\Arena\Tournaments\Opponent Battle 20251119.pgn

No:  B/W 1/2     W:B       1:2           Time        Value Moves Dep 1:2       1-2-Draws
   4 B 1    1.5:0.5        3.5:0.5       1:22:56 AM  -299.99    19 6.000 :5.526  3-0-1

--------------------------------------------------------------

Engine-Match Thursday, November 20, 2025 1:22:58 AM
 Blitz 15/10 

Pairing 8/10 :    RandomOpponent  -  PositionalOpponent

PGN-File: C:\Program Files (x86)\Arena\Tournaments\Opponent Battle 20251119.pgn

No:  B/W 1/2     W:B       1:2           Time        Value Moves Dep 1:2       1-2-Draws
   4 W 2    1.0:0.0        0.0:4.0       1:24:43 AM  +299.99    19 0:6.000  0-4-0

--------------------------------------------------------------

Engine-Match Thursday, November 20, 2025 1:24:45 AM
 Blitz 15/10 

Pairing 9/10 :    CoverageOpponent  -  RandomOpponent

PGN-File: C:\Program Files (x86)\Arena\Tournaments\Opponent Battle 20251119.pgn

No:  B/W 1/2     W:B       1:2           Time        Value Moves Dep 1:2       1-2-Draws
   4 B 1    1.0:0.0        4.0:0.0       1:27:51 AM  -299.99    17 6.000 :0 4-0-0

--------------------------------------------------------------

Engine-Match Thursday, November 20, 2025 1:27:53 AM
 Blitz 15/10 

Pairing 10/10 :    PositionalOpponent  -  MaterialOpponent

PGN-File: C:\Program Files (x86)\Arena\Tournaments\Opponent Battle 20251119.pgn

No:  B/W 1/2     W:B       1:2           Time        Value Moves Dep 1:2       1-2-Draws
   4 W 2    1.0:0.0        3.0:1.0       1:37:10 AM   +13.30    34 6.000 :6.000  3-1-0

--------------------------------------------------------------

Engine-Match Thursday, November 20, 2025 1:37:11 AM
 Blitz 15/10 

Pairing 1/10 :    CaptureOpponent  -  PositionalOpponent

PGN-File: C:\Program Files (x86)\Arena\Tournaments\Opponent Battle 20251119.pgn

No:  B/W 1/2     W:B       1:2           Time        Value Moves Dep 1:2       1-2-Draws
   5 B 2    1.0:0.0        0.0:5.0       1:42:10 AM  -299.99    10 4.700 :6.000  0-5-0

--------------------------------------------------------------

Engine-Match Thursday, November 20, 2025 1:42:12 AM
 Blitz 15/10 

Pairing 2/10 :    MaterialOpponent  -  CoverageOpponent

PGN-File: C:\Program Files (x86)\Arena\Tournaments\Opponent Battle 20251119.pgn

No:  B/W 1/2     W:B       1:2           Time        Value Moves Dep 1:2       1-2-Draws
   5 W 1    1.5:0.5        4.5:0.5       1:51:08 AM  +299.99    56 6.000 :6.000  4-0-1

--------------------------------------------------------------

Engine-Match Thursday, November 20, 2025 1:51:09 AM
 Blitz 15/10 

Pairing 3/10 :    RandomOpponent  -  MaterialOpponent

PGN-File: C:\Program Files (x86)\Arena\Tournaments\Opponent Battle 20251119.pgn

No:  B/W 1/2     W:B       1:2           Time        Value Moves Dep 1:2       1-2-Draws
   5 B 2    1.0:0.0        0.0:5.0       1:51:37 AM  -299.99    16 0:6.000  0-5-0

--------------------------------------------------------------

Engine-Match Thursday, November 20, 2025 1:51:38 AM
 Blitz 15/10 

Pairing 4/10 :    CoverageOpponent  -  CaptureOpponent

PGN-File: C:\Program Files (x86)\Arena\Tournaments\Opponent Battle 20251119.pgn

No:  B/W 1/2     W:B       1:2           Time        Value Moves Dep 1:2       1-2-Draws
   5 W 1    1.0:0.0        5.0:0.0       1:54:32 AM  +299.99     7 6.000 :5.000  5-0-0

--------------------------------------------------------------

Engine-Match Thursday, November 20, 2025 1:54:47 AM
 Blitz 15/10 

Pairing 5/10 :    PositionalOpponent  -  CoverageOpponent

PGN-File: C:\Program Files (x86)\Arena\Tournaments\Opponent Battle 20251119.pgn

No:  B/W 1/2     W:B       1:2           Time        Value Moves Dep 1:2       1-2-Draws
   5 = =    2.5:2.5        2.5:2.5       1:57:10 AM    +9.90    15 6.000 :6.000  0-0-5

--------------------------------------------------------------

Engine-Match Thursday, November 20, 2025 1:57:12 AM
 Blitz 15/10 

Pairing 6/10 :    CaptureOpponent  -  RandomOpponent

PGN-File: C:\Program Files (x86)\Arena\Tournaments\Opponent Battle 20251119.pgn

No:  B/W 1/2     W:B       1:2           Time        Value Moves Dep 1:2       1-2-Draws
   5 = =    0.5:0.5        1.5:3.5       2:16:36 AM     0.00    83 5.205 :0 1-3-1

--------------------------------------------------------------

Engine-Match Thursday, November 20, 2025 2:16:38 AM
 Blitz 15/10 

Pairing 7/10 :    MaterialOpponent  -  CaptureOpponent

PGN-File: C:\Program Files (x86)\Arena\Tournaments\Opponent Battle 20251119.pgn

No:  B/W 1/2     W:B       1:2           Time        Value Moves Dep 1:2       1-2-Draws
   5 W 1    1.5:0.5        4.5:0.5       2:23:09 AM   +19.25    18 6.000 :4.944  4-0-1

--------------------------------------------------------------

Engine-Match Thursday, November 20, 2025 2:23:11 AM
 Blitz 15/10 

Pairing 8/10 :    RandomOpponent  -  PositionalOpponent

PGN-File: C:\Program Files (x86)\Arena\Tournaments\Opponent Battle 20251119.pgn

No:  B/W 1/2     W:B       1:2           Time        Value Moves Dep 1:2       1-2-Draws
   5 B 2    1.0:0.0        0.0:5.0       2:23:55 AM  -299.99     7 0:6.000  0-5-0

--------------------------------------------------------------

Engine-Match Thursday, November 20, 2025 2:23:57 AM
 Blitz 15/10 

Pairing 9/10 :    CoverageOpponent  -  RandomOpponent

PGN-File: C:\Program Files (x86)\Arena\Tournaments\Opponent Battle 20251119.pgn

No:  B/W 1/2     W:B       1:2           Time        Value Moves Dep 1:2       1-2-Draws
   5 W 1    1.0:0.0        5.0:0.0       2:28:03 AM  +299.99    16 6.000 :0 5-0-0

--------------------------------------------------------------

Engine-Match Thursday, November 20, 2025 2:28:04 AM
 Blitz 15/10 

Pairing 10/10 :    PositionalOpponent  -  MaterialOpponent

PGN-File: C:\Program Files (x86)\Arena\Tournaments\Opponent Battle 20251119.pgn

No:  B/W 1/2     W:B       1:2           Time        Value Moves Dep 1:2       1-2-Draws
   5 W 1    1.0:0.0        4.0:1.0       2:35:01 AM  +299.99    37 6.000 :6.000  4-1-0

--------------------------------------------------------------

Engine-Match Thursday, November 20, 2025 2:35:03 AM
 Blitz 15/10 

Pairing 1/10 :    CaptureOpponent  -  PositionalOpponent

PGN-File: C:\Program Files (x86)\Arena\Tournaments\Opponent Battle 20251119.pgn

No:  B/W 1/2     W:B       1:2           Time        Value Moves Dep 1:2       1-2-Draws
   6 W 2    1.0:0.0        0.0:6.0       2:45:17 AM  +149.15    19 4.421 :6.000  0-6-0

--------------------------------------------------------------

Engine-Match Thursday, November 20, 2025 2:45:18 AM
 Blitz 15/10 

Pairing 2/10 :    MaterialOpponent  -  CoverageOpponent

PGN-File: C:\Program Files (x86)\Arena\Tournaments\Opponent Battle 20251119.pgn

No:  B/W 1/2     W:B       1:2           Time        Value Moves Dep 1:2       1-2-Draws
   6 B 1    1.5:0.5        5.5:0.5       2:52:49 AM  -299.99    40 6.000 :6.000  5-0-1

--------------------------------------------------------------

Engine-Match Thursday, November 20, 2025 2:52:51 AM
 Blitz 15/10 

Pairing 3/10 :    RandomOpponent  -  MaterialOpponent

PGN-File: C:\Program Files (x86)\Arena\Tournaments\Opponent Battle 20251119.pgn

No:  B/W 1/2     W:B       1:2           Time        Value Moves Dep 1:2       1-2-Draws
   6 W 2    1.0:0.0        0.0:6.0       2:53:52 AM  +299.99    30 0:6.000  0-6-0

--------------------------------------------------------------

Engine-Match Thursday, November 20, 2025 2:53:53 AM
 Blitz 15/10 

Pairing 4/10 :    CoverageOpponent  -  CaptureOpponent

PGN-File: C:\Program Files (x86)\Arena\Tournaments\Opponent Battle 20251119.pgn

No:  B/W 1/2     W:B       1:2           Time        Value Moves Dep 1:2       1-2-Draws
   6 B 1    1.0:0.0        6.0:0.0       3:01:54 AM  -299.99    15 6.000 :4.800  6-0-0

--------------------------------------------------------------

Engine-Match Thursday, November 20, 2025 3:01:55 AM
 Blitz 15/10 

Pairing 5/10 :    PositionalOpponent  -  CoverageOpponent

PGN-File: C:\Program Files (x86)\Arena\Tournaments\Opponent Battle 20251119.pgn

No:  B/W 1/2     W:B       1:2           Time        Value Moves Dep 1:2       1-2-Draws
   6 = =    3.0:3.0        3.0:3.0       3:09:41 AM    -2.20    39 6.000 :6.000  0-0-6

--------------------------------------------------------------

Engine-Match Thursday, November 20, 2025 3:09:42 AM
 Blitz 15/10 

Pairing 6/10 :    CaptureOpponent  -  RandomOpponent

PGN-File: C:\Program Files (x86)\Arena\Tournaments\Opponent Battle 20251119.pgn

No:  B/W 1/2     W:B       1:2           Time        Value Moves Dep 1:2       1-2-Draws
   6 W 2    1.5:0.5        1.5:4.5       3:12:38 AM  +161.05     8 5.375 :0 1-4-1

--------------------------------------------------------------

Engine-Match Thursday, November 20, 2025 3:12:39 AM
 Blitz 15/10 

Pairing 7/10 :    MaterialOpponent  -  CaptureOpponent

PGN-File: C:\Program Files (x86)\Arena\Tournaments\Opponent Battle 20251119.pgn

No:  B/W 1/2     W:B       1:2           Time        Value Moves Dep 1:2       1-2-Draws
   6 B 1    1.5:0.5        5.5:0.5       3:18:50 AM  -299.99    17 6.000 :5.471  5-0-1

--------------------------------------------------------------

Engine-Match Thursday, November 20, 2025 3:18:52 AM
 Blitz 15/10 

Pairing 8/10 :    RandomOpponent  -  PositionalOpponent

PGN-File: C:\Program Files (x86)\Arena\Tournaments\Opponent Battle 20251119.pgn

No:  B/W 1/2     W:B       1:2           Time        Value Moves Dep 1:2       1-2-Draws
   6 W 2    1.0:0.0        0.0:6.0       3:20:27 AM  +299.99    16 0:6.000  0-6-0

--------------------------------------------------------------

Engine-Match Thursday, November 20, 2025 3:20:28 AM
 Blitz 15/10 

Pairing 9/10 :    CoverageOpponent  -  RandomOpponent

PGN-File: C:\Program Files (x86)\Arena\Tournaments\Opponent Battle 20251119.pgn

No:  B/W 1/2     W:B       1:2           Time        Value Moves Dep 1:2       1-2-Draws
   6 B 1    1.0:0.0        6.0:0.0       3:27:10 AM  -299.99    24 6.000 :0 6-0-0

--------------------------------------------------------------

Engine-Match Thursday, November 20, 2025 3:27:12 AM
 Blitz 15/10 

Pairing 10/10 :    PositionalOpponent  -  MaterialOpponent

PGN-File: C:\Program Files (x86)\Arena\Tournaments\Opponent Battle 20251119.pgn

No:  B/W 1/2     W:B       1:2           Time        Value Moves Dep 1:2       1-2-Draws
   6 B 1    1.0:0.0        5.0:1.0       3:34:12 AM   -17.15    32 6.000 :6.000  5-1-0

--------------------------------------------------------------

Engine-Match Thursday, November 20, 2025 3:34:14 AM
 Blitz 15/10 

Pairing 1/10 :    CaptureOpponent  -  PositionalOpponent

PGN-File: C:\Program Files (x86)\Arena\Tournaments\Opponent Battle 20251119.pgn

No:  B/W 1/2     W:B       1:2           Time        Value Moves Dep 1:2       1-2-Draws
   7 B 2    1.0:0.0        0.0:7.0       3:40:21 AM  -299.99    13 4.692 :6.000  0-7-0

--------------------------------------------------------------

Engine-Match Thursday, November 20, 2025 3:40:22 AM
 Blitz 15/10 

Pairing 2/10 :    MaterialOpponent  -  CoverageOpponent

PGN-File: C:\Program Files (x86)\Arena\Tournaments\Opponent Battle 20251119.pgn

No:  B/W 1/2     W:B       1:2           Time        Value Moves Dep 1:2       1-2-Draws
   7 = =    1.0:1.0        6.0:1.0       3:45:24 AM    -0.41    19 6.000 :6.000  5-0-2

--------------------------------------------------------------

Engine-Match Thursday, November 20, 2025 3:45:25 AM
 Blitz 15/10 

Pairing 3/10 :    RandomOpponent  -  MaterialOpponent

PGN-File: C:\Program Files (x86)\Arena\Tournaments\Opponent Battle 20251119.pgn

No:  B/W 1/2     W:B       1:2           Time        Value Moves Dep 1:2       1-2-Draws
   7 B 2    1.0:0.0        0.0:7.0       3:45:49 AM  -299.99    11 0:6.000  0-7-0

--------------------------------------------------------------

Engine-Match Thursday, November 20, 2025 3:45:50 AM
 Blitz 15/10 

Pairing 4/10 :    CoverageOpponent  -  CaptureOpponent

PGN-File: C:\Program Files (x86)\Arena\Tournaments\Opponent Battle 20251119.pgn

No:  B/W 1/2     W:B       1:2           Time        Value Moves Dep 1:2       1-2-Draws
   7 W 1    1.0:0.0        7.0:0.0       3:47:41 AM  +299.99     5 6.000 :5.250  7-0-0

--------------------------------------------------------------

Engine-Match Thursday, November 20, 2025 3:47:56 AM
 Blitz 15/10 

Pairing 5/10 :    PositionalOpponent  -  CoverageOpponent

PGN-File: C:\Program Files (x86)\Arena\Tournaments\Opponent Battle 20251119.pgn

No:  B/W 1/2     W:B       1:2           Time        Value Moves Dep 1:2       1-2-Draws
   7 = =    3.5:3.5        3.5:3.5       3:50:18 AM    +9.90    15 6.000 :6.000  0-0-7

--------------------------------------------------------------

Engine-Match Thursday, November 20, 2025 3:50:20 AM
 Blitz 15/10 

Pairing 6/10 :    CaptureOpponent  -  RandomOpponent

PGN-File: C:\Program Files (x86)\Arena\Tournaments\Opponent Battle 20251119.pgn

No:  B/W 1/2     W:B       1:2           Time        Value Moves Dep 1:2       1-2-Draws
   7 B 2    1.5:0.5        1.5:5.5       4:10:21 AM   -12.50    87 4.271 :0 1-5-1

--------------------------------------------------------------

Engine-Match Thursday, November 20, 2025 4:10:22 AM
 Blitz 15/10 

Pairing 7/10 :    MaterialOpponent  -  CaptureOpponent

PGN-File: C:\Program Files (x86)\Arena\Tournaments\Opponent Battle 20251119.pgn

No:  B/W 1/2     W:B       1:2           Time        Value Moves Dep 1:2       1-2-Draws
   7 W 1    1.5:0.5        6.5:0.5       4:12:40 AM  +299.99     7 6.000 :5.333  6-0-1

--------------------------------------------------------------

Engine-Match Thursday, November 20, 2025 4:12:41 AM
 Blitz 15/10 

Pairing 8/10 :    RandomOpponent  -  PositionalOpponent

PGN-File: C:\Program Files (x86)\Arena\Tournaments\Opponent Battle 20251119.pgn

No:  B/W 1/2     W:B       1:2           Time        Value Moves Dep 1:2       1-2-Draws
   7 B 2    1.0:0.0        0.0:7.0       4:13:56 AM  -299.99    10 0:6.000  0-7-0

--------------------------------------------------------------

Engine-Match Thursday, November 20, 2025 4:13:57 AM
 Blitz 15/10 

Pairing 9/10 :    CoverageOpponent  -  RandomOpponent

PGN-File: C:\Program Files (x86)\Arena\Tournaments\Opponent Battle 20251119.pgn

No:  B/W 1/2     W:B       1:2           Time        Value Moves Dep 1:2       1-2-Draws
   7 W 1    1.0:0.0        7.0:0.0       4:19:34 AM  +299.99    22 6.000 :0 7-0-0

--------------------------------------------------------------

Engine-Match Thursday, November 20, 2025 4:19:35 AM
 Blitz 15/10 

Pairing 10/10 :    PositionalOpponent  -  MaterialOpponent

PGN-File: C:\Program Files (x86)\Arena\Tournaments\Opponent Battle 20251119.pgn

No:  B/W 1/2     W:B       1:2           Time        Value Moves Dep 1:2       1-2-Draws
   7 W 1    1.0:0.0        6.0:1.0       4:28:58 AM  +299.99    46 6.000 :6.000  6-1-0

--------------------------------------------------------------

Engine-Match Thursday, November 20, 2025 4:29:00 AM
 Blitz 15/10 

Pairing 1/10 :    CaptureOpponent  -  PositionalOpponent

PGN-File: C:\Program Files (x86)\Arena\Tournaments\Opponent Battle 20251119.pgn

No:  B/W 1/2     W:B       1:2           Time        Value Moves Dep 1:2       1-2-Draws
   8 = =    0.5:0.5        0.5:7.5       4:43:49 AM    +7.20    27 4.538 :6.000  0-7-1

--------------------------------------------------------------

Engine-Match Thursday, November 20, 2025 4:43:51 AM
 Blitz 15/10 

Pairing 2/10 :    MaterialOpponent  -  CoverageOpponent

PGN-File: C:\Program Files (x86)\Arena\Tournaments\Opponent Battle 20251119.pgn

No:  B/W 1/2     W:B       1:2           Time        Value Moves Dep 1:2       1-2-Draws
   8 B 1    2.0:1.0        7.0:1.0       4:53:26 AM  -299.99    64 6.000 :6.000  6-0-2

--------------------------------------------------------------

Engine-Match Thursday, November 20, 2025 4:53:27 AM
 Blitz 15/10 

Pairing 3/10 :    RandomOpponent  -  MaterialOpponent

PGN-File: C:\Program Files (x86)\Arena\Tournaments\Opponent Battle 20251119.pgn

No:  B/W 1/2     W:B       1:2           Time        Value Moves Dep 1:2       1-2-Draws
   8 W 2    1.0:0.0        0.0:8.0       4:54:13 AM  +299.99    30 0:6.000  0-8-0

--------------------------------------------------------------

Engine-Match Thursday, November 20, 2025 4:54:14 AM
 Blitz 15/10 

Pairing 4/10 :    CoverageOpponent  -  CaptureOpponent

PGN-File: C:\Program Files (x86)\Arena\Tournaments\Opponent Battle 20251119.pgn

No:  B/W 1/2     W:B       1:2           Time        Value Moves Dep 1:2       1-2-Draws
   8 B 1    1.0:0.0        8.0:0.0       5:04:11 AM  -299.99    17 6.000 :4.235  8-0-0

--------------------------------------------------------------

Engine-Match Thursday, November 20, 2025 5:04:13 AM
 Blitz 15/10 

Pairing 5/10 :    PositionalOpponent  -  CoverageOpponent

PGN-File: C:\Program Files (x86)\Arena\Tournaments\Opponent Battle 20251119.pgn

No:  B/W 1/2     W:B       1:2           Time        Value Moves Dep 1:2       1-2-Draws
   8 = =    4.0:4.0        4.0:4.0       5:11:04 AM    +0.10    33 6.000 :6.000  0-0-8

--------------------------------------------------------------

Engine-Match Thursday, November 20, 2025 5:11:05 AM
 Blitz 15/10 

Pairing 6/10 :    CaptureOpponent  -  RandomOpponent

PGN-File: C:\Program Files (x86)\Arena\Tournaments\Opponent Battle 20251119.pgn

No:  B/W 1/2     W:B       1:2           Time        Value Moves Dep 1:2       1-2-Draws
   8 W 2    1.5:0.5        1.5:6.5       5:18:05 AM   +61.80    20 4.850 :0 1-6-1

--------------------------------------------------------------

Engine-Match Thursday, November 20, 2025 5:18:07 AM
 Blitz 15/10 

Pairing 7/10 :    MaterialOpponent  -  CaptureOpponent

PGN-File: C:\Program Files (x86)\Arena\Tournaments\Opponent Battle 20251119.pgn

No:  B/W 1/2     W:B       1:2           Time        Value Moves Dep 1:2       1-2-Draws
   8 B 1    1.5:0.5        7.5:0.5       5:28:05 AM  -299.99    28 6.000 :5.679  7-0-1

--------------------------------------------------------------

Engine-Match Thursday, November 20, 2025 5:28:07 AM
 Blitz 15/10 

Pairing 8/10 :    RandomOpponent  -  PositionalOpponent

PGN-File: C:\Program Files (x86)\Arena\Tournaments\Opponent Battle 20251119.pgn

No:  B/W 1/2     W:B       1:2           Time        Value Moves Dep 1:2       1-2-Draws
   8 W 2    1.0:0.0        0.0:8.0       5:30:03 AM  +299.99    18 0:6.000  0-8-0

--------------------------------------------------------------

Engine-Match Thursday, November 20, 2025 5:30:04 AM
 Blitz 15/10 

Pairing 9/10 :    CoverageOpponent  -  RandomOpponent

PGN-File: C:\Program Files (x86)\Arena\Tournaments\Opponent Battle 20251119.pgn

No:  B/W 1/2     W:B       1:2           Time        Value Moves Dep 1:2       1-2-Draws
   8 B 1    1.0:0.0        8.0:0.0       5:34:41 AM  -299.99    21 6.000 :0 8-0-0

--------------------------------------------------------------

Engine-Match Thursday, November 20, 2025 5:34:42 AM
 Blitz 15/10 

Pairing 10/10 :    PositionalOpponent  -  MaterialOpponent

PGN-File: C:\Program Files (x86)\Arena\Tournaments\Opponent Battle 20251119.pgn

No:  B/W 1/2     W:B       1:2           Time        Value Moves Dep 1:2       1-2-Draws
   8 B 1    1.0:0.0        7.0:1.0       5:42:13 AM  -299.99    39 6.000 :6.000  7-1-0

--------------------------------------------------------------

Engine-Match Thursday, November 20, 2025 5:42:14 AM
 Blitz 15/10 

Pairing 1/10 :    CaptureOpponent  -  PositionalOpponent

PGN-File: C:\Program Files (x86)\Arena\Tournaments\Opponent Battle 20251119.pgn

No:  B/W 1/2     W:B       1:2           Time        Value Moves Dep 1:2       1-2-Draws
   9 B 2    1.5:0.5        0.5:8.5       5:47:55 AM  -299.99    12 4.500 :6.000  0-8-1

--------------------------------------------------------------

Engine-Match Thursday, November 20, 2025 5:47:56 AM
 Blitz 15/10 

Pairing 2/10 :    MaterialOpponent  -  CoverageOpponent

PGN-File: C:\Program Files (x86)\Arena\Tournaments\Opponent Battle 20251119.pgn

No:  B/W 1/2     W:B       1:2           Time        Value Moves Dep 1:2       1-2-Draws
   9 = =    1.5:1.5        7.5:1.5       5:52:57 AM    +3.25    23 6.000 :6.000  6-0-3

--------------------------------------------------------------

Engine-Match Thursday, November 20, 2025 5:52:58 AM
 Blitz 15/10 

Pairing 3/10 :    RandomOpponent  -  MaterialOpponent

PGN-File: C:\Program Files (x86)\Arena\Tournaments\Opponent Battle 20251119.pgn

No:  B/W 1/2     W:B       1:2           Time        Value Moves Dep 1:2       1-2-Draws
   9 B 2    1.0:0.0        0.0:9.0       5:54:07 AM  -299.99    42 0:6.000  0-9-0

--------------------------------------------------------------

Engine-Match Thursday, November 20, 2025 5:54:09 AM
 Blitz 15/10 

Pairing 4/10 :    CoverageOpponent  -  CaptureOpponent

PGN-File: C:\Program Files (x86)\Arena\Tournaments\Opponent Battle 20251119.pgn

No:  B/W 1/2     W:B       1:2           Time        Value Moves Dep 1:2       1-2-Draws
   9 W 1    1.0:0.0        9.0:0.0       5:58:37 AM   +59.25     8 6.000 :4.875  9-0-0

--------------------------------------------------------------

Engine-Match Thursday, November 20, 2025 5:58:51 AM
 Blitz 15/10 

Pairing 5/10 :    PositionalOpponent  -  CoverageOpponent

PGN-File: C:\Program Files (x86)\Arena\Tournaments\Opponent Battle 20251119.pgn

No:  B/W 1/2     W:B       1:2           Time        Value Moves Dep 1:2       1-2-Draws
   9 = =    4.5:4.5        4.5:4.5       6:01:06 AM    +9.90    15 6.000 :6.000  0-0-9

--------------------------------------------------------------

Engine-Match Thursday, November 20, 2025 6:01:07 AM
 Blitz 15/10 

Pairing 6/10 :    CaptureOpponent  -  RandomOpponent

PGN-File: C:\Program Files (x86)\Arena\Tournaments\Opponent Battle 20251119.pgn

No:  B/W 1/2     W:B       1:2           Time        Value Moves Dep 1:2       1-2-Draws
   9 W 1    1.5:0.5        2.5:6.5       6:13:56 AM    +M500    44 4.432 :0 2-6-1

--------------------------------------------------------------

Engine-Match Thursday, November 20, 2025 6:13:58 AM
 Blitz 15/10 

Pairing 7/10 :    MaterialOpponent  -  CaptureOpponent

PGN-File: C:\Program Files (x86)\Arena\Tournaments\Opponent Battle 20251119.pgn

No:  B/W 1/2     W:B       1:2           Time        Value Moves Dep 1:2       1-2-Draws
   9 W 1    1.5:0.5        8.5:0.5       6:18:23 AM  +299.99    13 6.000 :5.500  8-0-1

--------------------------------------------------------------

Engine-Match Thursday, November 20, 2025 6:18:25 AM
 Blitz 15/10 

Pairing 8/10 :    RandomOpponent  -  PositionalOpponent

PGN-File: C:\Program Files (x86)\Arena\Tournaments\Opponent Battle 20251119.pgn

No:  B/W 1/2     W:B       1:2           Time        Value Moves Dep 1:2       1-2-Draws
   9 B 2    1.0:0.0        0.0:9.0       6:21:07 AM  -299.99    18 0:6.000  0-9-0

--------------------------------------------------------------

Engine-Match Thursday, November 20, 2025 6:21:09 AM
 Blitz 15/10 

Pairing 9/10 :    CoverageOpponent  -  RandomOpponent

PGN-File: C:\Program Files (x86)\Arena\Tournaments\Opponent Battle 20251119.pgn

No:  B/W 1/2     W:B       1:2           Time        Value Moves Dep 1:2       1-2-Draws
   9 W 1    1.0:0.0        9.0:0.0       6:24:46 AM  +299.99    19 6.000 :0 9-0-0

--------------------------------------------------------------

Engine-Match Thursday, November 20, 2025 6:24:48 AM
 Blitz 15/10 

Pairing 10/10 :    PositionalOpponent  -  MaterialOpponent

PGN-File: C:\Program Files (x86)\Arena\Tournaments\Opponent Battle 20251119.pgn

No:  B/W 1/2     W:B       1:2           Time        Value Moves Dep 1:2       1-2-Draws
   9 W 1    1.0:0.0        8.0:1.0       6:34:09 AM  +299.99    46 6.000 :6.000  8-1-0

--------------------------------------------------------------

Engine-Match Thursday, November 20, 2025 6:34:11 AM
 Blitz 15/10 

Pairing 1/10 :    CaptureOpponent  -  PositionalOpponent

PGN-File: C:\Program Files (x86)\Arena\Tournaments\Opponent Battle 20251119.pgn

No:  B/W 1/2     W:B       1:2           Time        Value Moves Dep 1:2       1-2-Draws
  10 W 2    1.5:0.5        0.5:9.5       6:41:16 AM  +185.10    13 4.846 :6.000  0-9-1

--------------------------------------------------------------

Engine-Match Thursday, November 20, 2025 6:41:18 AM
 Blitz 15/10 

Pairing 2/10 :    MaterialOpponent  -  CoverageOpponent

PGN-File: C:\Program Files (x86)\Arena\Tournaments\Opponent Battle 20251119.pgn

No:  B/W 1/2     W:B       1:2           Time        Value Moves Dep 1:2       1-2-Draws
  10 = =    2.0:2.0        8.0:2.0       6:49:30 AM    +0.23    32 6.000 :6.000  6-0-4

--------------------------------------------------------------

Engine-Match Thursday, November 20, 2025 6:49:31 AM
 Blitz 15/10 

Pairing 3/10 :    RandomOpponent  -  MaterialOpponent

PGN-File: C:\Program Files (x86)\Arena\Tournaments\Opponent Battle 20251119.pgn

No:  B/W 1/2     W:B       1:2           Time        Value Moves Dep 1:2       1-2-Draws
  10 W 2    1.0:0.0        0.0:10.0      6:50:21 AM  +299.99    27 0:6.000  0-10-0

--------------------------------------------------------------

Engine-Match Thursday, November 20, 2025 6:50:23 AM
 Blitz 15/10 

Pairing 4/10 :    CoverageOpponent  -  CaptureOpponent

PGN-File: C:\Program Files (x86)\Arena\Tournaments\Opponent Battle 20251119.pgn

No:  B/W 1/2     W:B       1:2           Time        Value Moves Dep 1:2       1-2-Draws
  10 B 1    1.0:0.0        10.0:0.0      7:00:25 AM  -299.99    16 6.000 :3.875  10-0-0

--------------------------------------------------------------

Engine-Match Thursday, November 20, 2025 7:00:26 AM
 Blitz 15/10 

Pairing 5/10 :    PositionalOpponent  -  CoverageOpponent

PGN-File: C:\Program Files (x86)\Arena\Tournaments\Opponent Battle 20251119.pgn

No:  B/W 1/2     W:B       1:2           Time        Value Moves Dep 1:2       1-2-Draws
  10 = =    5.0:5.0        5.0:5.0       7:07:16 AM    +0.10    33 6.000 :6.000  0-0-10

--------------------------------------------------------------

Engine-Match Thursday, November 20, 2025 7:07:18 AM
 Blitz 15/10 

Pairing 6/10 :    CaptureOpponent  -  RandomOpponent

PGN-File: C:\Program Files (x86)\Arena\Tournaments\Opponent Battle 20251119.pgn

No:  B/W 1/2     W:B       1:2           Time        Value Moves Dep 1:2       1-2-Draws
  10 W 2    1.5:0.5        2.5:7.5       7:09:33 AM   +39.25     6 5.333 :0 2-7-1

--------------------------------------------------------------

Engine-Match Thursday, November 20, 2025 7:09:34 AM
 Blitz 15/10 

Pairing 7/10 :    MaterialOpponent  -  CaptureOpponent

PGN-File: C:\Program Files (x86)\Arena\Tournaments\Opponent Battle 20251119.pgn

No:  B/W 1/2     W:B       1:2           Time        Value Moves Dep 1:2       1-2-Draws
  10 B 1    1.5:0.5        9.5:0.5       7:20:42 AM  -299.92    32 6.000 :5.938  9-0-1

--------------------------------------------------------------

Engine-Match Thursday, November 20, 2025 7:20:43 AM
 Blitz 15/10 

Pairing 8/10 :    RandomOpponent  -  PositionalOpponent

PGN-File: C:\Program Files (x86)\Arena\Tournaments\Opponent Battle 20251119.pgn

No:  B/W 1/2     W:B       1:2           Time        Value Moves Dep 1:2       1-2-Draws
  10 W 2    1.0:0.0        0.0:10.0      7:22:52 AM  +299.99    12 0:6.000  0-10-0

--------------------------------------------------------------

Engine-Match Thursday, November 20, 2025 7:22:53 AM
 Blitz 15/10 

Pairing 9/10 :    CoverageOpponent  -  RandomOpponent

PGN-File: C:\Program Files (x86)\Arena\Tournaments\Opponent Battle 20251119.pgn

No:  B/W 1/2     W:B       1:2           Time        Value Moves Dep 1:2       1-2-Draws
  10 B 1    1.0:0.0        10.0:0.0      7:25:00 AM  -299.99    12 6.000 :0 10-0-0

--------------------------------------------------------------

Engine-Match Thursday, November 20, 2025 7:25:01 AM
 Blitz 15/10 

Pairing 10/10 :    PositionalOpponent  -  MaterialOpponent

PGN-File: C:\Program Files (x86)\Arena\Tournaments\Opponent Battle 20251119.pgn

No:  B/W 1/2     W:B       1:2           Time        Value Moves Dep 1:2       1-2-Draws
  10 B 1    1.0:0.0        9.0:1.0       7:31:38 AM   -17.15    32 6.000 :6.000  9-1-0
