Engine-Match Friday, November 21, 2025 10:11:15 AM
 Blitz 5/1 

Pairing 1/21 :    V7P3R_v14.1  -  Stockfish 1%

PGN-File: C:\Program Files (x86)\Arena\Tournaments\V7P3R Tournament 20251121.pgn

No:  B/W 1/2     W:B       1:2           Time        Value Moves Dep 1:2       1-2-Draws
   1 B 2    1.0:0.0        0.0:1.0       10:14:54 AM      -M1    40 4.324 :12.643  0-1-0

--------------------------------------------------------------

Engine-Match Friday, November 21, 2025 10:14:55 AM
 Blitz 5/1 

Pairing 2/21 :    V7P3R_v17.0  -  MaterialOpponent_v2.0

PGN-File: C:\Program Files (x86)\Arena\Tournaments\V7P3R Tournament 20251121.pgn

No:  B/W 1/2     W:B       1:2           Time        Value Moves Dep 1:2       1-2-Draws
   1 W 1    1.0:0.0        1.0:0.0       10:17:17 AM     0.00    10 5.000 :9.222  1-0-0

--------------------------------------------------------------

Engine-Match Friday, November 21, 2025 10:17:18 AM
 Blitz 5/1 

Pairing 3/21 :    CoverageOpponent_v2.0  -  PositionalOpponent_v2.0

PGN-File: C:\Program Files (x86)\Arena\Tournaments\V7P3R Tournament 20251121.pgn

No:  B/W 1/2     W:B       1:2           Time        Value Moves Dep 1:2       1-2-Draws
   1 B 2    1.0:0.0        0.0:1.0       10:25:59 AM  -299.99    30 7.500 :7.938  0-1-0

--------------------------------------------------------------

Engine-Match Friday, November 21, 2025 10:26:01 AM
 Blitz 5/1 

Pairing 4/21 :    V7P3R_v17.1  -  V7P3R_v17.0

PGN-File: C:\Program Files (x86)\Arena\Tournaments\V7P3R Tournament 20251121.pgn

No:  B/W 1/2     W:B       1:2           Time        Value Moves Dep 1:2       1-2-Draws
   1 W 1    1.0:0.0        1.0:0.0       10:33:14 AM  +289.99    52 4.793 :5.125  1-0-0

--------------------------------------------------------------

Engine-Match Friday, November 21, 2025 10:33:15 AM
 Blitz 5/1 

Pairing 5/21 :    PositionalOpponent_v2.0  -  V7P3R_v14.1

PGN-File: C:\Program Files (x86)\Arena\Tournaments\V7P3R Tournament 20251121.pgn

No:  B/W 1/2     W:B       1:2           Time        Value Moves Dep 1:2       1-2-Draws
   1 B 2    1.0:0.0        0.0:1.0       10:36:13 AM  -289.99    13 7.077 :4.455  0-1-0

--------------------------------------------------------------

Engine-Match Friday, November 21, 2025 10:36:15 AM
 Blitz 5/1 

Pairing 6/21 :    MaterialOpponent_v2.0  -  CoverageOpponent_v2.0

PGN-File: C:\Program Files (x86)\Arena\Tournaments\V7P3R Tournament 20251121.pgn

No:  B/W 1/2     W:B       1:2           Time        Value Moves Dep 1:2       1-2-Draws
   1 = =    0.5:0.5        0.5:0.5       10:46:50 AM    +9.25    55 9.600 :7.267  0-0-1

--------------------------------------------------------------

Engine-Match Friday, November 21, 2025 10:46:52 AM
 Blitz 5/1 

Pairing 7/21 :    Stockfish 1%  -  PositionalOpponent_v2.0

PGN-File: C:\Program Files (x86)\Arena\Tournaments\V7P3R Tournament 20251121.pgn

No:  B/W 1/2     W:B       1:2           Time        Value Moves Dep 1:2       1-2-Draws
   1 W 1    1.0:0.0        1.0:0.0       10:50:55 AM      +M1    25 15.769 :7.647  1-0-0

--------------------------------------------------------------

Engine-Match Friday, November 21, 2025 10:50:56 AM
 Blitz 5/1 

Pairing 8/21 :    CoverageOpponent_v2.0  -  V7P3R_v17.1

PGN-File: C:\Program Files (x86)\Arena\Tournaments\V7P3R Tournament 20251121.pgn

No:  B/W 1/2     W:B       1:2           Time        Value Moves Dep 1:2       1-2-Draws
   1 B 2    1.0:0.0        0.0:1.0       10:53:47 AM  -289.98     8 6.750 :4.500  0-1-0

--------------------------------------------------------------

Engine-Match Friday, November 21, 2025 10:53:49 AM
 Blitz 5/1 

Pairing 9/21 :    V7P3R_v14.1  -  MaterialOpponent_v2.0

PGN-File: C:\Program Files (x86)\Arena\Tournaments\V7P3R Tournament 20251121.pgn

No:  B/W 1/2     W:B       1:2           Time        Value Moves Dep 1:2       1-2-Draws
   1 W 1    1.0:0.0        1.0:0.0       10:58:47 AM   +24.30    20 4.438 :9.300  1-0-0

--------------------------------------------------------------

Engine-Match Friday, November 21, 2025 10:58:48 AM
 Blitz 5/1 

Pairing 10/21 :    V7P3R_v17.0  -  CoverageOpponent_v2.0

PGN-File: C:\Program Files (x86)\Arena\Tournaments\V7P3R Tournament 20251121.pgn

No:  B/W 1/2     W:B       1:2           Time        Value Moves Dep 1:2       1-2-Draws
   1 W 1    1.0:0.0        1.0:0.0       11:04:50 AM  +289.98    22 4.529 :6.857  1-0-0

--------------------------------------------------------------

Engine-Match Friday, November 21, 2025 11:04:51 AM
 Blitz 5/1 

Pairing 11/21 :    MaterialOpponent_v2.0  -  Stockfish 1%

PGN-File: C:\Program Files (x86)\Arena\Tournaments\V7P3R Tournament 20251121.pgn

No:  B/W 1/2     W:B       1:2           Time        Value Moves Dep 1:2       1-2-Draws
   1 B 2    1.0:0.0        0.0:1.0       11:07:51 AM      -M1    17 9.000 :15.400  0-1-0

--------------------------------------------------------------

Engine-Match Friday, November 21, 2025 11:07:53 AM
 Blitz 5/1 

Pairing 12/21 :    V7P3R_v17.1  -  V7P3R_v14.1

PGN-File: C:\Program Files (x86)\Arena\Tournaments\V7P3R Tournament 20251121.pgn

No:  B/W 1/2     W:B       1:2           Time        Value Moves Dep 1:2       1-2-Draws
   1 W 1    1.0:0.0        1.0:0.0       11:10:51 AM  +289.99    18 4.625 :3.917  1-0-0

--------------------------------------------------------------

Engine-Match Friday, November 21, 2025 11:10:52 AM
 Blitz 5/1 

Pairing 13/21 :    PositionalOpponent_v2.0  -  MaterialOpponent_v2.0

PGN-File: C:\Program Files (x86)\Arena\Tournaments\V7P3R Tournament 20251121.pgn

No:  B/W 1/2     W:B       1:2           Time        Value Moves Dep 1:2       1-2-Draws
   1 W 1    1.0:0.0        1.0:0.0       11:14:10 AM  +299.99    10 7.300 :9.556  1-0-0

--------------------------------------------------------------

Engine-Match Friday, November 21, 2025 11:14:11 AM
 Blitz 5/1 

Pairing 14/21 :    V7P3R_v14.1  -  V7P3R_v17.0

PGN-File: C:\Program Files (x86)\Arena\Tournaments\V7P3R Tournament 20251121.pgn

No:  B/W 1/2     W:B       1:2           Time        Value Moves Dep 1:2       1-2-Draws
   1 B 2    1.0:0.0        0.0:1.0       11:22:12 AM  -289.99    67 4.071 :4.882  0-1-0

--------------------------------------------------------------

Engine-Match Friday, November 21, 2025 11:22:13 AM
 Blitz 5/1 

Pairing 15/21 :    Stockfish 1%  -  V7P3R_v17.1

PGN-File: C:\Program Files (x86)\Arena\Tournaments\V7P3R Tournament 20251121.pgn

No:  B/W 1/2     W:B       1:2           Time        Value Moves Dep 1:2       1-2-Draws
   1 = =    0.5:0.5        0.5:0.5       11:29:00 AM    +4.94   128 12.833 :4.600  0-0-1

--------------------------------------------------------------

Engine-Match Friday, November 21, 2025 11:29:01 AM
 Blitz 5/1 

Pairing 16/21 :    CoverageOpponent_v2.0  -  V7P3R_v14.1

PGN-File: C:\Program Files (x86)\Arena\Tournaments\V7P3R Tournament 20251121.pgn

No:  B/W 1/2     W:B       1:2           Time        Value Moves Dep 1:2       1-2-Draws
   1 B 2    1.0:0.0        0.0:1.0       11:35:45 AM     0.00    31 7.375 :4.273  0-1-0

--------------------------------------------------------------

Engine-Match Friday, November 21, 2025 11:35:47 AM
 Blitz 5/1 

Pairing 17/21 :    V7P3R_v17.1  -  PositionalOpponent_v2.0

PGN-File: C:\Program Files (x86)\Arena\Tournaments\V7P3R Tournament 20251121.pgn

No:  B/W 1/2     W:B       1:2           Time        Value Moves Dep 1:2       1-2-Draws
   1 W 1    1.0:0.0        1.0:0.0       11:38:41 AM   +16.10    11 4.900 :7.182  1-0-0

--------------------------------------------------------------

Engine-Match Friday, November 21, 2025 11:38:42 AM
 Blitz 5/1 

Pairing 18/21 :    V7P3R_v17.0  -  Stockfish 1%

PGN-File: C:\Program Files (x86)\Arena\Tournaments\V7P3R Tournament 20251121.pgn

No:  B/W 1/2     W:B       1:2           Time        Value Moves Dep 1:2       1-2-Draws
   1 W 1    1.0:0.0        1.0:0.0       11:43:10 AM     0.00    75 4.700 :13.636  1-0-0

--------------------------------------------------------------

Engine-Match Friday, November 21, 2025 11:43:11 AM
 Blitz 5/1 

Pairing 19/21 :    MaterialOpponent_v2.0  -  V7P3R_v17.1

PGN-File: C:\Program Files (x86)\Arena\Tournaments\V7P3R Tournament 20251121.pgn

No:  B/W 1/2     W:B       1:2           Time        Value Moves Dep 1:2       1-2-Draws
   1 B 2    1.0:0.0        0.0:1.0       11:48:38 AM   -15.95    20 8.944 :4.765  0-1-0

--------------------------------------------------------------

Engine-Match Friday, November 21, 2025 11:48:39 AM
 Blitz 5/1 

Pairing 20/21 :    Stockfish 1%  -  CoverageOpponent_v2.0

PGN-File: C:\Program Files (x86)\Arena\Tournaments\V7P3R Tournament 20251121.pgn

No:  B/W 1/2     W:B       1:2           Time        Value Moves Dep 1:2       1-2-Draws
   1 W 1    1.0:0.0        1.0:0.0       11:50:33 AM      +M1    11 16.889 :6.900  1-0-0

--------------------------------------------------------------

Engine-Match Friday, November 21, 2025 11:50:44 AM
 Blitz 5/1 

Pairing 21/21 :    PositionalOpponent_v2.0  -  V7P3R_v17.0

PGN-File: C:\Program Files (x86)\Arena\Tournaments\V7P3R Tournament 20251121.pgn

No:  B/W 1/2     W:B       1:2           Time        Value Moves Dep 1:2       1-2-Draws
   1 B 2    1.0:0.0        0.0:1.0       11:53:26 AM     0.00    11 7.727 :4.800  0-1-0

--------------------------------------------------------------

Engine-Match Friday, November 21, 2025 11:53:28 AM
 Blitz 5/1 

Pairing 1/21 :    V7P3R_v14.1  -  Stockfish 1%

PGN-File: C:\Program Files (x86)\Arena\Tournaments\V7P3R Tournament 20251121.pgn

No:  B/W 1/2     W:B       1:2           Time        Value Moves Dep 1:2       1-2-Draws
   2 W 2    1.0:0.0        0.0:2.0       11:55:04 AM      +M1    17 4.000 :13.933  0-2-0

--------------------------------------------------------------

Engine-Match Friday, November 21, 2025 11:55:05 AM
 Blitz 5/1 

Pairing 2/21 :    V7P3R_v17.0  -  MaterialOpponent_v2.0

PGN-File: C:\Program Files (x86)\Arena\Tournaments\V7P3R Tournament 20251121.pgn

No:  B/W 1/2     W:B       1:2           Time        Value Moves Dep 1:2       1-2-Draws
   2 B 1    1.0:0.0        2.0:0.0       12:00:53 PM     0.00    18 4.429 :8.389  2-0-0

--------------------------------------------------------------

Engine-Match Friday, November 21, 2025 12:00:54 PM
 Blitz 5/1 

Pairing 3/21 :    CoverageOpponent_v2.0  -  PositionalOpponent_v2.0

PGN-File: C:\Program Files (x86)\Arena\Tournaments\V7P3R Tournament 20251121.pgn

No:  B/W 1/2     W:B       1:2           Time        Value Moves Dep 1:2       1-2-Draws
   2 W 2    1.0:0.0        0.0:2.0       12:08:54 PM  +299.99    27 7.273 :7.417  0-2-0

--------------------------------------------------------------

Engine-Match Friday, November 21, 2025 12:08:55 PM
 Blitz 5/1 

Pairing 4/21 :    V7P3R_v17.1  -  V7P3R_v17.0

PGN-File: C:\Program Files (x86)\Arena\Tournaments\V7P3R Tournament 20251121.pgn

No:  B/W 1/2     W:B       1:2           Time        Value Moves Dep 1:2       1-2-Draws
   2 B 1    1.0:0.0        2.0:0.0       12:15:16 PM  -289.98    34 4.529 :4.778  2-0-0

--------------------------------------------------------------

Engine-Match Friday, November 21, 2025 12:15:17 PM
 Blitz 5/1 

Pairing 5/21 :    PositionalOpponent_v2.0  -  V7P3R_v14.1

PGN-File: C:\Program Files (x86)\Arena\Tournaments\V7P3R Tournament 20251121.pgn

No:  B/W 1/2     W:B       1:2           Time        Value Moves Dep 1:2       1-2-Draws
   2 W 2    1.0:0.0        0.0:2.0       12:18:08 PM  +289.98    12 7.727 :4.364  0-2-0

--------------------------------------------------------------

Engine-Match Friday, November 21, 2025 12:18:09 PM
 Blitz 5/1 

Pairing 6/21 :    MaterialOpponent_v2.0  -  CoverageOpponent_v2.0

PGN-File: C:\Program Files (x86)\Arena\Tournaments\V7P3R Tournament 20251121.pgn

No:  B/W 1/2     W:B       1:2           Time        Value Moves Dep 1:2       1-2-Draws
   2 B 1    1.5:0.5        1.5:0.5       12:27:40 PM  -299.99    35 9.522 :7.043  1-0-1

--------------------------------------------------------------

Engine-Match Friday, November 21, 2025 12:27:41 PM
 Blitz 5/1 

Pairing 7/21 :    Stockfish 1%  -  PositionalOpponent_v2.0

PGN-File: C:\Program Files (x86)\Arena\Tournaments\V7P3R Tournament 20251121.pgn

No:  B/W 1/2     W:B       1:2           Time        Value Moves Dep 1:2       1-2-Draws
   2 B 1    1.0:0.0        2.0:0.0       12:30:01 PM   -11.90    12 15.700 :6.833  2-0-0

--------------------------------------------------------------

Engine-Match Friday, November 21, 2025 12:30:02 PM
 Blitz 5/1 

Pairing 8/21 :    CoverageOpponent_v2.0  -  V7P3R_v17.1

PGN-File: C:\Program Files (x86)\Arena\Tournaments\V7P3R Tournament 20251121.pgn

No:  B/W 1/2     W:B       1:2           Time        Value Moves Dep 1:2       1-2-Draws
   2 W 2    1.0:0.0        0.0:2.0       12:34:38 PM  +289.98    17 6.750 :4.600  0-2-0

--------------------------------------------------------------

Engine-Match Friday, November 21, 2025 12:34:40 PM
 Blitz 5/1 

Pairing 9/21 :    V7P3R_v14.1  -  MaterialOpponent_v2.0

PGN-File: C:\Program Files (x86)\Arena\Tournaments\V7P3R Tournament 20251121.pgn

No:  B/W 1/2     W:B       1:2           Time        Value Moves Dep 1:2       1-2-Draws
   2 B 1    1.0:0.0        2.0:0.0       12:37:41 PM  -289.99    12 4.600 :9.833  2-0-0

--------------------------------------------------------------

Engine-Match Friday, November 21, 2025 12:37:43 PM
 Blitz 5/1 

Pairing 10/21 :    V7P3R_v17.0  -  CoverageOpponent_v2.0

PGN-File: C:\Program Files (x86)\Arena\Tournaments\V7P3R Tournament 20251121.pgn

No:  B/W 1/2     W:B       1:2           Time        Value Moves Dep 1:2       1-2-Draws
   2 B 1    1.0:0.0        2.0:0.0       12:41:40 PM  -289.98    14 4.583 :6.929  2-0-0

--------------------------------------------------------------

Engine-Match Friday, November 21, 2025 12:41:42 PM
 Blitz 5/1 

Pairing 11/21 :    MaterialOpponent_v2.0  -  Stockfish 1%

PGN-File: C:\Program Files (x86)\Arena\Tournaments\V7P3R Tournament 20251121.pgn

No:  B/W 1/2     W:B       1:2           Time        Value Moves Dep 1:2       1-2-Draws
   2 W 2    1.0:0.0        0.0:2.0       12:46:21 PM      +M1    32 8.258 :15.889  0-2-0

--------------------------------------------------------------

Engine-Match Friday, November 21, 2025 12:46:22 PM
 Blitz 5/1 

Pairing 12/21 :    V7P3R_v17.1  -  V7P3R_v14.1

PGN-File: C:\Program Files (x86)\Arena\Tournaments\V7P3R Tournament 20251121.pgn

No:  B/W 1/2     W:B       1:2           Time        Value Moves Dep 1:2       1-2-Draws
   2 B 1    1.0:0.0        2.0:0.0       12:55:14 PM   -17.94    54 4.512 :4.226  2-0-0

--------------------------------------------------------------

Engine-Match Friday, November 21, 2025 12:55:16 PM
 Blitz 5/1 

Pairing 13/21 :    PositionalOpponent_v2.0  -  MaterialOpponent_v2.0

PGN-File: C:\Program Files (x86)\Arena\Tournaments\V7P3R Tournament 20251121.pgn

No:  B/W 1/2     W:B       1:2           Time        Value Moves Dep 1:2       1-2-Draws
   2 W 2    1.0:0.0        1.0:1.0       1:04:22 PM  +299.99    34 7.000 :9.000  1-1-0

--------------------------------------------------------------

Engine-Match Friday, November 21, 2025 1:04:23 PM
 Blitz 5/1 

Pairing 14/21 :    V7P3R_v14.1  -  V7P3R_v17.0

PGN-File: C:\Program Files (x86)\Arena\Tournaments\V7P3R Tournament 20251121.pgn

No:  B/W 1/2     W:B       1:2           Time        Value Moves Dep 1:2       1-2-Draws
   2 B 1    1.0:0.0        1.0:1.0       1:11:04 PM     0.00    48 4.147 :4.625  1-1-0

--------------------------------------------------------------

Engine-Match Friday, November 21, 2025 1:11:05 PM
 Blitz 5/1 

Pairing 15/21 :    Stockfish 1%  -  V7P3R_v17.1

PGN-File: C:\Program Files (x86)\Arena\Tournaments\V7P3R Tournament 20251121.pgn

No:  B/W 1/2     W:B       1:2           Time        Value Moves Dep 1:2       1-2-Draws
   2 W 2    1.5:0.5        0.5:1.5       1:16:01 PM  +289.99    55 12.909 :4.791  0-1-1

--------------------------------------------------------------

Engine-Match Friday, November 21, 2025 1:16:02 PM
 Blitz 5/1 

Pairing 16/21 :    CoverageOpponent_v2.0  -  V7P3R_v14.1

PGN-File: C:\Program Files (x86)\Arena\Tournaments\V7P3R Tournament 20251121.pgn

No:  B/W 1/2     W:B       1:2           Time        Value Moves Dep 1:2       1-2-Draws
   2 W 2    1.0:0.0        0.0:2.0       1:20:52 PM  +289.98    19 7.222 :4.600  0-2-0

--------------------------------------------------------------

Engine-Match Friday, November 21, 2025 1:20:54 PM
 Blitz 5/1 

Pairing 17/21 :    V7P3R_v17.1  -  PositionalOpponent_v2.0

PGN-File: C:\Program Files (x86)\Arena\Tournaments\V7P3R Tournament 20251121.pgn

No:  B/W 1/2     W:B       1:2           Time        Value Moves Dep 1:2       1-2-Draws
   2 B 1    1.0:0.0        2.0:0.0       1:24:48 PM   -15.40    14 4.846 :7.071  2-0-0

--------------------------------------------------------------

Engine-Match Friday, November 21, 2025 1:24:49 PM
 Blitz 5/1 

Pairing 18/21 :    V7P3R_v17.0  -  Stockfish 1%

PGN-File: C:\Program Files (x86)\Arena\Tournaments\V7P3R Tournament 20251121.pgn

No:  B/W 1/2     W:B       1:2           Time        Value Moves Dep 1:2       1-2-Draws
   2 W 2    1.0:0.0        1.0:1.0       1:30:16 PM      +M1    97 4.938 :13.818  1-1-0

--------------------------------------------------------------

Engine-Match Friday, November 21, 2025 1:30:17 PM
 Blitz 5/1 

Pairing 19/21 :    MaterialOpponent_v2.0  -  V7P3R_v17.1

PGN-File: C:\Program Files (x86)\Arena\Tournaments\V7P3R Tournament 20251121.pgn

No:  B/W 1/2     W:B       1:2           Time        Value Moves Dep 1:2       1-2-Draws
   2 W 2    1.0:0.0        0.0:2.0       1:34:04 PM  +289.99    16 8.929 :4.692  0-2-0

--------------------------------------------------------------

Engine-Match Friday, November 21, 2025 1:34:15 PM
 Blitz 5/1 

Pairing 20/21 :    Stockfish 1%  -  CoverageOpponent_v2.0

PGN-File: C:\Program Files (x86)\Arena\Tournaments\V7P3R Tournament 20251121.pgn

No:  B/W 1/2     W:B       1:2           Time        Value Moves Dep 1:2       1-2-Draws
   2 B 1    1.0:0.0        2.0:0.0       1:37:38 PM      -M1    20 16.000 :6.800  2-0-0

--------------------------------------------------------------

Engine-Match Friday, November 21, 2025 1:37:39 PM
 Blitz 5/1 

Pairing 21/21 :    PositionalOpponent_v2.0  -  V7P3R_v17.0

PGN-File: C:\Program Files (x86)\Arena\Tournaments\V7P3R Tournament 20251121.pgn

No:  B/W 1/2     W:B       1:2           Time        Value Moves Dep 1:2       1-2-Draws
   2 W 2    1.0:0.0        0.0:2.0       1:40:24 PM   +13.00    10 7.200 :4.750  0-2-0

--------------------------------------------------------------

Engine-Match Friday, November 21, 2025 1:40:26 PM
 Blitz 5/1 

Pairing 1/21 :    V7P3R_v14.1  -  Stockfish 1%

PGN-File: C:\Program Files (x86)\Arena\Tournaments\V7P3R Tournament 20251121.pgn

No:  B/W 1/2     W:B       1:2           Time        Value Moves Dep 1:2       1-2-Draws
   3 B 2    1.0:0.0        0.0:3.0       1:43:40 PM      -M1    35 4.179 :14.867  0-3-0

--------------------------------------------------------------

Engine-Match Friday, November 21, 2025 1:43:42 PM
 Blitz 5/1 

Pairing 2/21 :    V7P3R_v17.0  -  MaterialOpponent_v2.0

PGN-File: C:\Program Files (x86)\Arena\Tournaments\V7P3R Tournament 20251121.pgn

No:  B/W 1/2     W:B       1:2           Time        Value Moves Dep 1:2       1-2-Draws
   3 W 1    1.0:0.0        3.0:0.0       1:47:39 PM   +23.25    15 5.273 :9.200  3-0-0

--------------------------------------------------------------

Engine-Match Friday, November 21, 2025 1:47:41 PM
 Blitz 5/1 

Pairing 3/21 :    CoverageOpponent_v2.0  -  PositionalOpponent_v2.0

PGN-File: C:\Program Files (x86)\Arena\Tournaments\V7P3R Tournament 20251121.pgn

No:  B/W 1/2     W:B       1:2           Time        Value Moves Dep 1:2       1-2-Draws
   3 B 2    1.0:0.0        0.0:3.0       1:59:02 PM  -299.99    48 7.125 :7.063  0-3-0

--------------------------------------------------------------

Engine-Match Friday, November 21, 2025 1:59:03 PM
 Blitz 5/1 

Pairing 4/21 :    V7P3R_v17.1  -  V7P3R_v17.0

PGN-File: C:\Program Files (x86)\Arena\Tournaments\V7P3R Tournament 20251121.pgn

No:  B/W 1/2     W:B       1:2           Time        Value Moves Dep 1:2       1-2-Draws
   3 = =    0.5:0.5        2.5:0.5       2:06:56 PM    +3.12    66 4.838 :5.059  2-0-1

--------------------------------------------------------------

Engine-Match Friday, November 21, 2025 2:06:57 PM
 Blitz 5/1 

Pairing 5/21 :    PositionalOpponent_v2.0  -  V7P3R_v14.1

PGN-File: C:\Program Files (x86)\Arena\Tournaments\V7P3R Tournament 20251121.pgn

No:  B/W 1/2     W:B       1:2           Time        Value Moves Dep 1:2       1-2-Draws
   3 B 2    1.0:0.0        0.0:3.0       2:10:00 PM  -289.99    13 7.077 :4.455  0-3-0

--------------------------------------------------------------

Engine-Match Friday, November 21, 2025 2:10:02 PM
 Blitz 5/1 

Pairing 6/21 :    MaterialOpponent_v2.0  -  CoverageOpponent_v2.0

PGN-File: C:\Program Files (x86)\Arena\Tournaments\V7P3R Tournament 20251121.pgn

No:  B/W 1/2     W:B       1:2           Time        Value Moves Dep 1:2       1-2-Draws
   3 B 2    1.5:0.5        1.5:1.5       2:14:05 PM  -299.99    12 9.333 :7.000  1-1-1

--------------------------------------------------------------

Engine-Match Friday, November 21, 2025 2:14:07 PM
 Blitz 5/1 

Pairing 7/21 :    Stockfish 1%  -  PositionalOpponent_v2.0

PGN-File: C:\Program Files (x86)\Arena\Tournaments\V7P3R Tournament 20251121.pgn

No:  B/W 1/2     W:B       1:2           Time        Value Moves Dep 1:2       1-2-Draws
   3 W 1    1.0:0.0        3.0:0.0       2:16:26 PM   +12.30    12 16.833 :7.250  3-0-0

--------------------------------------------------------------

Engine-Match Friday, November 21, 2025 2:16:28 PM
 Blitz 5/1 

Pairing 8/21 :    CoverageOpponent_v2.0  -  V7P3R_v17.1

PGN-File: C:\Program Files (x86)\Arena\Tournaments\V7P3R Tournament 20251121.pgn

No:  B/W 1/2     W:B       1:2           Time        Value Moves Dep 1:2       1-2-Draws
   3 B 2    1.0:0.0        0.0:3.0       2:19:39 PM  -289.98     9 6.778 :4.556  0-3-0

--------------------------------------------------------------

Engine-Match Friday, November 21, 2025 2:19:41 PM
 Blitz 5/1 

Pairing 9/21 :    V7P3R_v14.1  -  MaterialOpponent_v2.0

PGN-File: C:\Program Files (x86)\Arena\Tournaments\V7P3R Tournament 20251121.pgn

No:  B/W 1/2     W:B       1:2           Time        Value Moves Dep 1:2       1-2-Draws
   3 W 1    1.0:0.0        3.0:0.0       2:23:52 PM  +289.98    17 4.286 :9.063  3-0-0

--------------------------------------------------------------

Engine-Match Friday, November 21, 2025 2:23:54 PM
 Blitz 5/1 

Pairing 10/21 :    V7P3R_v17.0  -  CoverageOpponent_v2.0

PGN-File: C:\Program Files (x86)\Arena\Tournaments\V7P3R Tournament 20251121.pgn

No:  B/W 1/2     W:B       1:2           Time        Value Moves Dep 1:2       1-2-Draws
   3 W 1    1.0:0.0        3.0:0.0       2:28:48 PM  +289.98    18 4.733 :6.765  3-0-0

--------------------------------------------------------------

Engine-Match Friday, November 21, 2025 2:28:49 PM
 Blitz 5/1 

Pairing 11/21 :    MaterialOpponent_v2.0  -  Stockfish 1%

PGN-File: C:\Program Files (x86)\Arena\Tournaments\V7P3R Tournament 20251121.pgn

No:  B/W 1/2     W:B       1:2           Time        Value Moves Dep 1:2       1-2-Draws
   3 B 2    1.0:0.0        0.0:3.0       2:33:52 PM      -M1    37 8.649 :15.615  0-3-0

--------------------------------------------------------------

Engine-Match Friday, November 21, 2025 2:33:54 PM
 Blitz 5/1 

Pairing 12/21 :    V7P3R_v17.1  -  V7P3R_v14.1

PGN-File: C:\Program Files (x86)\Arena\Tournaments\V7P3R Tournament 20251121.pgn

No:  B/W 1/2     W:B       1:2           Time        Value Moves Dep 1:2       1-2-Draws
   3 W 1    1.0:0.0        3.0:0.0       2:36:55 PM  +289.99    18 4.625 :3.917  3-0-0

--------------------------------------------------------------

Engine-Match Friday, November 21, 2025 2:36:56 PM
 Blitz 5/1 

Pairing 13/21 :    PositionalOpponent_v2.0  -  MaterialOpponent_v2.0

PGN-File: C:\Program Files (x86)\Arena\Tournaments\V7P3R Tournament 20251121.pgn

No:  B/W 1/2     W:B       1:2           Time        Value Moves Dep 1:2       1-2-Draws
   3 B 2    1.0:0.0        1.0:2.0       2:44:20 PM  -299.96    24 7.071 :8.857  1-2-0

--------------------------------------------------------------

Engine-Match Friday, November 21, 2025 2:44:21 PM
 Blitz 5/1 

Pairing 14/21 :    V7P3R_v14.1  -  V7P3R_v17.0

PGN-File: C:\Program Files (x86)\Arena\Tournaments\V7P3R Tournament 20251121.pgn

No:  B/W 1/2     W:B       1:2           Time        Value Moves Dep 1:2       1-2-Draws
   3 W 1    1.0:0.0        2.0:1.0       2:53:02 PM     0.00    73 4.111 :4.676  2-1-0

--------------------------------------------------------------

Engine-Match Friday, November 21, 2025 2:53:03 PM
 Blitz 5/1 

Pairing 15/21 :    Stockfish 1%  -  V7P3R_v17.1

PGN-File: C:\Program Files (x86)\Arena\Tournaments\V7P3R Tournament 20251121.pgn

No:  B/W 1/2     W:B       1:2           Time        Value Moves Dep 1:2       1-2-Draws
   3 W 1    1.5:0.5        1.5:1.5       2:55:29 PM      +M1    21 12.938 :4.824  1-1-1

--------------------------------------------------------------

Engine-Match Friday, November 21, 2025 2:55:30 PM
 Blitz 5/1 

Pairing 16/21 :    CoverageOpponent_v2.0  -  V7P3R_v14.1

PGN-File: C:\Program Files (x86)\Arena\Tournaments\V7P3R Tournament 20251121.pgn

No:  B/W 1/2     W:B       1:2           Time        Value Moves Dep 1:2       1-2-Draws
   3 B 2    1.0:0.0        0.0:3.0       3:00:28 PM     0.00    18 6.889 :4.267  0-3-0

--------------------------------------------------------------

Engine-Match Friday, November 21, 2025 3:00:29 PM
 Blitz 5/1 

Pairing 17/21 :    V7P3R_v17.1  -  PositionalOpponent_v2.0

PGN-File: C:\Program Files (x86)\Arena\Tournaments\V7P3R Tournament 20251121.pgn

No:  B/W 1/2     W:B       1:2           Time        Value Moves Dep 1:2       1-2-Draws
   3 W 1    1.0:0.0        3.0:0.0       3:03:24 PM   +17.70    11 4.600 :6.909  3-0-0

--------------------------------------------------------------

Engine-Match Friday, November 21, 2025 3:03:26 PM
 Blitz 5/1 

Pairing 18/21 :    V7P3R_v17.0  -  Stockfish 1%

PGN-File: C:\Program Files (x86)\Arena\Tournaments\V7P3R Tournament 20251121.pgn

No:  B/W 1/2     W:B       1:2           Time        Value Moves Dep 1:2       1-2-Draws
   3 = =    0.5:0.5        1.5:1.5       3:09:03 PM     0.00    88 5.130 :13.636  1-1-1

--------------------------------------------------------------

Engine-Match Friday, November 21, 2025 3:09:10 PM
 Blitz 5/1 

Pairing 19/21 :    MaterialOpponent_v2.0  -  V7P3R_v17.1

PGN-File: C:\Program Files (x86)\Arena\Tournaments\V7P3R Tournament 20251121.pgn

No:  B/W 1/2     W:B       1:2           Time        Value Moves Dep 1:2       1-2-Draws
   3 B 2    1.0:0.0        0.0:3.0       3:14:28 PM  -289.99    19 8.789 :4.632  0-3-0

--------------------------------------------------------------

Engine-Match Friday, November 21, 2025 3:14:30 PM
 Blitz 5/1 

Pairing 20/21 :    Stockfish 1%  -  CoverageOpponent_v2.0

PGN-File: C:\Program Files (x86)\Arena\Tournaments\V7P3R Tournament 20251121.pgn

No:  B/W 1/2     W:B       1:2           Time        Value Moves Dep 1:2       1-2-Draws
   3 W 1    1.0:0.0        3.0:0.0       3:18:46 PM      +M1    28 16.231 :7.037  3-0-0

--------------------------------------------------------------

Engine-Match Friday, November 21, 2025 3:18:47 PM
 Blitz 5/1 

Pairing 21/21 :    PositionalOpponent_v2.0  -  V7P3R_v17.0

PGN-File: C:\Program Files (x86)\Arena\Tournaments\V7P3R Tournament 20251121.pgn

No:  B/W 1/2     W:B       1:2           Time        Value Moves Dep 1:2       1-2-Draws
   3 B 2    1.0:0.0        0.0:3.0       3:21:50 PM   -19.00    13 7.538 :4.818  0-3-0

--------------------------------------------------------------

Engine-Match Friday, November 21, 2025 3:21:51 PM
 Blitz 5/1 

Pairing 1/21 :    V7P3R_v14.1  -  Stockfish 1%

PGN-File: C:\Program Files (x86)\Arena\Tournaments\V7P3R Tournament 20251121.pgn

No:  B/W 1/2     W:B       1:2           Time        Value Moves Dep 1:2       1-2-Draws
   4 W 2    1.0:0.0        0.0:4.0       3:23:29 PM      +M1    17 4.000 :13.933  0-4-0

--------------------------------------------------------------

Engine-Match Friday, November 21, 2025 3:23:30 PM
 Blitz 5/1 

Pairing 2/21 :    V7P3R_v17.0  -  MaterialOpponent_v2.0

PGN-File: C:\Program Files (x86)\Arena\Tournaments\V7P3R Tournament 20251121.pgn

No:  B/W 1/2     W:B       1:2           Time        Value Moves Dep 1:2       1-2-Draws
   4 B 1    1.0:0.0        4.0:0.0       3:28:02 PM  -289.98    17 4.533 :8.765  4-0-0

--------------------------------------------------------------

Engine-Match Friday, November 21, 2025 3:28:04 PM
 Blitz 5/1 

Pairing 3/21 :    CoverageOpponent_v2.0  -  PositionalOpponent_v2.0

PGN-File: C:\Program Files (x86)\Arena\Tournaments\V7P3R Tournament 20251121.pgn

No:  B/W 1/2     W:B       1:2           Time        Value Moves Dep 1:2       1-2-Draws
   4 W 2    1.0:0.0        0.0:4.0       3:35:55 PM  +299.99    26 7.462 :7.769  0-4-0

--------------------------------------------------------------

Engine-Match Friday, November 21, 2025 3:35:56 PM
 Blitz 5/1 

Pairing 4/21 :    V7P3R_v17.1  -  V7P3R_v17.0

PGN-File: C:\Program Files (x86)\Arena\Tournaments\V7P3R Tournament 20251121.pgn

No:  B/W 1/2     W:B       1:2           Time        Value Moves Dep 1:2       1-2-Draws
   4 B 1    1.5:0.5        3.5:0.5       3:43:59 PM  -289.98    57 5.000 :5.273  3-0-1

--------------------------------------------------------------

Engine-Match Friday, November 21, 2025 3:44:01 PM
 Blitz 5/1 

Pairing 5/21 :    PositionalOpponent_v2.0  -  V7P3R_v14.1

PGN-File: C:\Program Files (x86)\Arena\Tournaments\V7P3R Tournament 20251121.pgn

No:  B/W 1/2     W:B       1:2           Time        Value Moves Dep 1:2       1-2-Draws
   4 W 2    1.0:0.0        0.0:4.0       3:47:31 PM   +19.40    15 7.333 :4.167  0-4-0

--------------------------------------------------------------

Engine-Match Friday, November 21, 2025 3:47:32 PM
 Blitz 5/1 

Pairing 6/21 :    MaterialOpponent_v2.0  -  CoverageOpponent_v2.0

PGN-File: C:\Program Files (x86)\Arena\Tournaments\V7P3R Tournament 20251121.pgn

No:  B/W 1/2     W:B       1:2           Time        Value Moves Dep 1:2       1-2-Draws
   4 B 1    1.5:0.5        2.5:1.5       3:56:26 PM  -299.99    31 9.032 :7.194  2-1-1

--------------------------------------------------------------

Engine-Match Friday, November 21, 2025 3:56:27 PM
 Blitz 5/1 

Pairing 7/21 :    Stockfish 1%  -  PositionalOpponent_v2.0

PGN-File: C:\Program Files (x86)\Arena\Tournaments\V7P3R Tournament 20251121.pgn

No:  B/W 1/2     W:B       1:2           Time        Value Moves Dep 1:2       1-2-Draws
   4 B 1    1.0:0.0        4.0:0.0       3:59:36 PM   -14.70    17 16.333 :7.692  4-0-0

--------------------------------------------------------------

Engine-Match Friday, November 21, 2025 3:59:37 PM
 Blitz 5/1 

Pairing 8/21 :    CoverageOpponent_v2.0  -  V7P3R_v17.1

PGN-File: C:\Program Files (x86)\Arena\Tournaments\V7P3R Tournament 20251121.pgn

No:  B/W 1/2     W:B       1:2           Time        Value Moves Dep 1:2       1-2-Draws
   4 W 2    1.0:0.0        0.0:4.0       4:03:35 PM  +289.99    15 7.357 :5.143  0-4-0

--------------------------------------------------------------

Engine-Match Friday, November 21, 2025 4:03:37 PM
 Blitz 5/1 

Pairing 9/21 :    V7P3R_v14.1  -  MaterialOpponent_v2.0

PGN-File: C:\Program Files (x86)\Arena\Tournaments\V7P3R Tournament 20251121.pgn

No:  B/W 1/2     W:B       1:2           Time        Value Moves Dep 1:2       1-2-Draws
   4 B 1    1.0:0.0        4.0:0.0       4:08:09 PM     0.00    18 4.154 :9.167  4-0-0

--------------------------------------------------------------

Engine-Match Friday, November 21, 2025 4:08:10 PM
 Blitz 5/1 

Pairing 10/21 :    V7P3R_v17.0  -  CoverageOpponent_v2.0

PGN-File: C:\Program Files (x86)\Arena\Tournaments\V7P3R Tournament 20251121.pgn

No:  B/W 1/2     W:B       1:2           Time        Value Moves Dep 1:2       1-2-Draws
   4 * *     0.0:0.0        3.0:0.0       4:11:00 PM    -1.26     8 4.500 :6.875  3-0-0
