Engine-Match Sunday, November 2, 2025 1:45:49 PM
 Blitz 5/1 

Pairing 1/3 :    V7P3R_v14.0  -  V7P3R_v14.9

PGN-File: C:\Program Files (x86)\Arena\Tournaments\V7P3R Regression Battle 20251102.pgn

No:  B/W 1/2     W:B       1:2           Time        Value Moves Dep 1:2       1-2-Draws
   1 W 1    1.0:0.0        1.0:0.0       1:53:48 PM     0.00    46 4.161 :3.794  1-0-0

--------------------------------------------------------------

Engine-Match Sunday, November 2, 2025 1:53:49 PM
 Blitz 5/1 

Pairing 2/3 :    V7P3R_v12.6  -  V7P3R_v14.0

PGN-File: C:\Program Files (x86)\Arena\Tournaments\V7P3R Regression Battle 20251102.pgn

No:  B/W 1/2     W:B       1:2           Time        Value Moves Dep 1:2       1-2-Draws
   1 = =    0.5:0.5        0.5:0.5       2:03:26 PM     0.00    42 3.600 :4.500  0-0-1

--------------------------------------------------------------

Engine-Match Sunday, November 2, 2025 2:03:27 PM
 Blitz 5/1 

Pairing 3/3 :    V7P3R_v14.9  -  V7P3R_v12.6

PGN-File: C:\Program Files (x86)\Arena\Tournaments\V7P3R Regression Battle 20251102.pgn

No:  B/W 1/2     W:B       1:2           Time        Value Moves Dep 1:2       1-2-Draws
   1 B 2    1.0:0.0        0.0:1.0       2:13:01 PM  -289.98    73 3.933 :4.138  0-1-0

--------------------------------------------------------------

Engine-Match Sunday, November 2, 2025 2:13:02 PM
 Blitz 5/1 

Pairing 1/3 :    V7P3R_v14.0  -  V7P3R_v14.9

PGN-File: C:\Program Files (x86)\Arena\Tournaments\V7P3R Regression Battle 20251102.pgn

No:  B/W 1/2     W:B       1:2           Time        Value Moves Dep 1:2       1-2-Draws
   2 = =    0.5:0.5        1.5:0.5       2:19:30 PM   -11.00    66 4.333 :3.529  1-0-1

--------------------------------------------------------------

Engine-Match Sunday, November 2, 2025 2:19:32 PM
 Blitz 5/1 

Pairing 2/3 :    V7P3R_v12.6  -  V7P3R_v14.0

PGN-File: C:\Program Files (x86)\Arena\Tournaments\V7P3R Regression Battle 20251102.pgn

No:  B/W 1/2     W:B       1:2           Time        Value Moves Dep 1:2       1-2-Draws
   2 B 1    1.5:0.5        1.5:0.5       2:28:26 PM  -289.97    30 3.762 :4.174  1-0-1

--------------------------------------------------------------

Engine-Match Sunday, November 2, 2025 2:28:28 PM
 Blitz 5/1 

Pairing 3/3 :    V7P3R_v14.9  -  V7P3R_v12.6

PGN-File: C:\Program Files (x86)\Arena\Tournaments\V7P3R Regression Battle 20251102.pgn

No:  B/W 1/2     W:B       1:2           Time        Value Moves Dep 1:2       1-2-Draws
   2 W 2    1.0:0.0        0.0:2.0       2:37:38 PM   +60.95    66 3.857 :4.412  0-2-0

--------------------------------------------------------------

Engine-Match Sunday, November 2, 2025 2:37:39 PM
 Blitz 5/1 

Pairing 1/3 :    V7P3R_v14.0  -  V7P3R_v14.9

PGN-File: C:\Program Files (x86)\Arena\Tournaments\V7P3R Regression Battle 20251102.pgn

No:  B/W 1/2     W:B       1:2           Time        Value Moves Dep 1:2       1-2-Draws
   3 = =    1.0:1.0        2.0:1.0       2:45:54 PM   -27.73    42 4.774 :4.229  1-0-2

--------------------------------------------------------------

Engine-Match Sunday, November 2, 2025 2:45:55 PM
 Blitz 5/1 

Pairing 2/3 :    V7P3R_v12.6  -  V7P3R_v14.0

PGN-File: C:\Program Files (x86)\Arena\Tournaments\V7P3R Regression Battle 20251102.pgn

No:  B/W 1/2     W:B       1:2           Time        Value Moves Dep 1:2       1-2-Draws
   3 = =    1.0:1.0        2.0:1.0       2:56:05 PM     0.00    53 3.640 :4.211  1-0-2

--------------------------------------------------------------

Engine-Match Sunday, November 2, 2025 2:56:06 PM
 Blitz 5/1 

Pairing 3/3 :    V7P3R_v14.9  -  V7P3R_v12.6

PGN-File: C:\Program Files (x86)\Arena\Tournaments\V7P3R Regression Battle 20251102.pgn

No:  B/W 1/2     W:B       1:2           Time        Value Moves Dep 1:2       1-2-Draws
   3 W 1    1.0:0.0        1.0:2.0       3:01:00 PM     0.00    25 3.632 :4.188  1-2-0

--------------------------------------------------------------

Engine-Match Sunday, November 2, 2025 3:01:02 PM
 Blitz 5/1 

Pairing 1/3 :    V7P3R_v14.0  -  V7P3R_v14.9

PGN-File: C:\Program Files (x86)\Arena\Tournaments\V7P3R Regression Battle 20251102.pgn

No:  B/W 1/2     W:B       1:2           Time        Value Moves Dep 1:2       1-2-Draws
   4 = =    1.5:1.5        2.5:1.5       3:07:34 PM   -21.50    69 4.333 :3.529  1-0-3

--------------------------------------------------------------

Engine-Match Sunday, November 2, 2025 3:07:36 PM
 Blitz 5/1 

Pairing 2/3 :    V7P3R_v12.6  -  V7P3R_v14.0

PGN-File: C:\Program Files (x86)\Arena\Tournaments\V7P3R Regression Battle 20251102.pgn

No:  B/W 1/2     W:B       1:2           Time        Value Moves Dep 1:2       1-2-Draws
   4 = =    1.5:1.5        2.5:1.5       3:19:29 PM     0.00    81 3.913 :4.391  1-0-3

--------------------------------------------------------------

Engine-Match Sunday, November 2, 2025 3:19:30 PM
 Blitz 5/1 

Pairing 3/3 :    V7P3R_v14.9  -  V7P3R_v12.6

PGN-File: C:\Program Files (x86)\Arena\Tournaments\V7P3R Regression Battle 20251102.pgn

No:  B/W 1/2     W:B       1:2           Time        Value Moves Dep 1:2       1-2-Draws
   4 = =    0.5:0.5        1.5:2.5       3:28:46 PM     0.00    68 3.857 :4.412  1-2-1

--------------------------------------------------------------

Engine-Match Sunday, November 2, 2025 3:28:47 PM
 Blitz 5/1 

Pairing 1/3 :    V7P3R_v14.0  -  V7P3R_v14.9

PGN-File: C:\Program Files (x86)\Arena\Tournaments\V7P3R Regression Battle 20251102.pgn

No:  B/W 1/2     W:B       1:2           Time        Value Moves Dep 1:2       1-2-Draws
   5 B 2    2.5:1.5        2.5:2.5       3:35:54 PM     0.00    40 4.455 :3.778  1-1-3

--------------------------------------------------------------

Engine-Match Sunday, November 2, 2025 3:35:55 PM
 Blitz 5/1 

Pairing 2/3 :    V7P3R_v12.6  -  V7P3R_v14.0

PGN-File: C:\Program Files (x86)\Arena\Tournaments\V7P3R Regression Battle 20251102.pgn

No:  B/W 1/2     W:B       1:2           Time        Value Moves Dep 1:2       1-2-Draws
   5 = =    2.0:2.0        3.0:2.0       3:46:37 PM     0.00    67 4.519 :4.714  1-0-4

--------------------------------------------------------------

Engine-Match Sunday, November 2, 2025 3:46:38 PM
 Blitz 5/1 

Pairing 3/3 :    V7P3R_v14.9  -  V7P3R_v12.6

PGN-File: C:\Program Files (x86)\Arena\Tournaments\V7P3R Regression Battle 20251102.pgn

No:  B/W 1/2     W:B       1:2           Time        Value Moves Dep 1:2       1-2-Draws
   5 B 2    1.5:0.5        1.5:3.5       3:56:15 PM  -289.98    73 3.933 :4.138  1-3-1

--------------------------------------------------------------

Engine-Match Sunday, November 2, 2025 3:56:16 PM
 Blitz 5/1 

Pairing 1/3 :    V7P3R_v14.0  -  V7P3R_v14.9

PGN-File: C:\Program Files (x86)\Arena\Tournaments\V7P3R Regression Battle 20251102.pgn

No:  B/W 1/2     W:B       1:2           Time        Value Moves Dep 1:2       1-2-Draws
   6 W 2    2.5:1.5        2.5:3.5       4:07:14 PM     0.00    79 3.956 :3.795  1-2-3

--------------------------------------------------------------

Engine-Match Sunday, November 2, 2025 4:07:16 PM
 Blitz 5/1 

Pairing 2/3 :    V7P3R_v12.6  -  V7P3R_v14.0

PGN-File: C:\Program Files (x86)\Arena\Tournaments\V7P3R Regression Battle 20251102.pgn

No:  B/W 1/2     W:B       1:2           Time        Value Moves Dep 1:2       1-2-Draws
   6 W 2    3.0:2.0        3.0:3.0       4:14:34 PM     0.00    65 4.091 :4.462  1-1-4

--------------------------------------------------------------

Engine-Match Sunday, November 2, 2025 4:14:35 PM
 Blitz 5/1 

Pairing 3/3 :    V7P3R_v14.9  -  V7P3R_v12.6

PGN-File: C:\Program Files (x86)\Arena\Tournaments\V7P3R Regression Battle 20251102.pgn

No:  B/W 1/2     W:B       1:2           Time        Value Moves Dep 1:2       1-2-Draws
   6 = =    1.0:1.0        2.0:4.0       4:22:42 PM    +6.56    50 3.857 :4.412  1-3-2

--------------------------------------------------------------

Engine-Match Sunday, November 2, 2025 4:22:44 PM
 Blitz 5/1 

Pairing 1/3 :    V7P3R_v14.0  -  V7P3R_v14.9

PGN-File: C:\Program Files (x86)\Arena\Tournaments\V7P3R Regression Battle 20251102.pgn

No:  B/W 1/2     W:B       1:2           Time        Value Moves Dep 1:2       1-2-Draws
   7 W 1    2.5:1.5        3.5:3.5       4:29:18 PM     0.00    40 4.438 :3.579  2-2-3

--------------------------------------------------------------

Engine-Match Sunday, November 2, 2025 4:29:20 PM
 Blitz 5/1 

Pairing 2/3 :    V7P3R_v12.6  -  V7P3R_v14.0

PGN-File: C:\Program Files (x86)\Arena\Tournaments\V7P3R Regression Battle 20251102.pgn

No:  B/W 1/2     W:B       1:2           Time        Value Moves Dep 1:2       1-2-Draws
   7 B 2    3.0:2.0        3.0:4.0       4:41:37 PM     0.00    84 3.194 :4.088  1-2-4

--------------------------------------------------------------

Engine-Match Sunday, November 2, 2025 4:41:48 PM
 Blitz 5/1 

Pairing 3/3 :    V7P3R_v14.9  -  V7P3R_v12.6

PGN-File: C:\Program Files (x86)\Arena\Tournaments\V7P3R Regression Battle 20251102.pgn

No:  B/W 1/2     W:B       1:2           Time        Value Moves Dep 1:2       1-2-Draws
   7 B 2    2.0:1.0        2.0:5.0       4:51:03 PM  -289.98    62 3.829 :3.829  1-4-2

--------------------------------------------------------------

Engine-Match Sunday, November 2, 2025 4:51:04 PM
 Blitz 5/1 

Pairing 1/3 :    V7P3R_v14.0  -  V7P3R_v14.9

PGN-File: C:\Program Files (x86)\Arena\Tournaments\V7P3R Regression Battle 20251102.pgn

No:  B/W 1/2     W:B       1:2           Time        Value Moves Dep 1:2       1-2-Draws
   8 B 1    2.5:1.5        4.5:3.5       4:59:51 PM  -289.99    52 4.619 :3.955  3-2-3

--------------------------------------------------------------

Engine-Match Sunday, November 2, 2025 4:59:53 PM
 Blitz 5/1 

Pairing 2/3 :    V7P3R_v12.6  -  V7P3R_v14.0

PGN-File: C:\Program Files (x86)\Arena\Tournaments\V7P3R Regression Battle 20251102.pgn

No:  B/W 1/2     W:B       1:2           Time        Value Moves Dep 1:2       1-2-Draws
   8 B 1    3.0:2.0        4.0:4.0       5:11:40 PM     0.00    79 3.813 :4.079  2-2-4

--------------------------------------------------------------

Engine-Match Sunday, November 2, 2025 5:11:41 PM
 Blitz 5/1 

Pairing 3/3 :    V7P3R_v14.9  -  V7P3R_v12.6

PGN-File: C:\Program Files (x86)\Arena\Tournaments\V7P3R Regression Battle 20251102.pgn

No:  B/W 1/2     W:B       1:2           Time        Value Moves Dep 1:2       1-2-Draws
   8 B 1    2.0:1.0        3.0:5.0       5:16:17 PM   -13.10    26 3.545 :4.714  2-4-2

--------------------------------------------------------------

Engine-Match Sunday, November 2, 2025 5:16:19 PM
 Blitz 5/1 

Pairing 1/3 :    V7P3R_v14.0  -  V7P3R_v14.9

PGN-File: C:\Program Files (x86)\Arena\Tournaments\V7P3R Regression Battle 20251102.pgn

No:  B/W 1/2     W:B       1:2           Time        Value Moves Dep 1:2       1-2-Draws
   9 W 1    2.5:1.5        5.5:3.5       5:24:27 PM     0.00    46 4.161 :3.794  4-2-3

--------------------------------------------------------------

Engine-Match Sunday, November 2, 2025 5:24:28 PM
 Blitz 5/1 

Pairing 2/3 :    V7P3R_v12.6  -  V7P3R_v14.0

PGN-File: C:\Program Files (x86)\Arena\Tournaments\V7P3R Regression Battle 20251102.pgn

No:  B/W 1/2     W:B       1:2           Time        Value Moves Dep 1:2       1-2-Draws
   9 W 1    3.0:2.0        5.0:4.0       5:35:15 PM     0.00    61 3.560 :4.211  3-2-4

--------------------------------------------------------------

Engine-Match Sunday, November 2, 2025 5:35:17 PM
 Blitz 5/1 

Pairing 3/3 :    V7P3R_v14.9  -  V7P3R_v12.6

PGN-File: C:\Program Files (x86)\Arena\Tournaments\V7P3R Regression Battle 20251102.pgn

No:  B/W 1/2     W:B       1:2           Time        Value Moves Dep 1:2       1-2-Draws
   9 W 1    2.0:1.0        4.0:5.0       5:45:15 PM   +27.10    72 3.762 :4.211  3-4-2

--------------------------------------------------------------

Engine-Match Sunday, November 2, 2025 5:45:16 PM
 Blitz 5/1 

Pairing 1/3 :    V7P3R_v14.0  -  V7P3R_v14.9

PGN-File: C:\Program Files (x86)\Arena\Tournaments\V7P3R Regression Battle 20251102.pgn

No:  B/W 1/2     W:B       1:2           Time        Value Moves Dep 1:2       1-2-Draws
  10 = =    2.0:2.0        6.0:4.0       5:54:27 PM     0.00    66 4.619 :3.955  4-2-4

--------------------------------------------------------------

Engine-Match Sunday, November 2, 2025 5:54:28 PM
 Blitz 5/1 

Pairing 2/3 :    V7P3R_v12.6  -  V7P3R_v14.0

PGN-File: C:\Program Files (x86)\Arena\Tournaments\V7P3R Regression Battle 20251102.pgn

No:  B/W 1/2     W:B       1:2           Time        Value Moves Dep 1:2       1-2-Draws
  10 W 2    3.0:2.0        5.0:5.0       6:04:29 PM     0.00    57 3.870 :4.348  3-3-4

--------------------------------------------------------------

Engine-Match Sunday, November 2, 2025 6:04:31 PM
 Blitz 5/1 

Pairing 3/3 :    V7P3R_v14.9  -  V7P3R_v12.6

PGN-File: C:\Program Files (x86)\Arena\Tournaments\V7P3R Regression Battle 20251102.pgn

No:  B/W 1/2     W:B       1:2           Time        Value Moves Dep 1:2       1-2-Draws
  10 = =    1.5:1.5        4.5:5.5       6:13:26 PM     0.00    73 4.000 :4.769  3-4-3

--------------------------------------------------------------

Engine-Match Sunday, November 2, 2025 6:13:27 PM
 Blitz 5/1 

Pairing 1/3 :    V7P3R_v14.0  -  V7P3R_v14.9

PGN-File: C:\Program Files (x86)\Arena\Tournaments\V7P3R Regression Battle 20251102.pgn

No:  B/W 1/2     W:B       1:2           Time        Value Moves Dep 1:2       1-2-Draws
  11 B 2    3.0:2.0        6.0:5.0       6:17:44 PM   -22.88    22 4.467 :3.474  4-3-4

--------------------------------------------------------------

Engine-Match Sunday, November 2, 2025 6:17:46 PM
 Blitz 5/1 

Pairing 2/3 :    V7P3R_v12.6  -  V7P3R_v14.0

PGN-File: C:\Program Files (x86)\Arena\Tournaments\V7P3R Regression Battle 20251102.pgn

No:  B/W 1/2     W:B       1:2           Time        Value Moves Dep 1:2       1-2-Draws
  11 = =    2.5:2.5        5.5:5.5       6:27:06 PM   +18.68    43 4.310 :4.929  3-3-5

--------------------------------------------------------------

Engine-Match Sunday, November 2, 2025 6:27:07 PM
 Blitz 5/1 

Pairing 3/3 :    V7P3R_v14.9  -  V7P3R_v12.6

PGN-File: C:\Program Files (x86)\Arena\Tournaments\V7P3R Regression Battle 20251102.pgn

No:  B/W 1/2     W:B       1:2           Time        Value Moves Dep 1:2       1-2-Draws
  11 W 1    2.5:1.5        5.5:5.5       6:32:15 PM     0.00    25 3.632 :4.188  4-4-3

--------------------------------------------------------------

Engine-Match Sunday, November 2, 2025 6:32:16 PM
 Blitz 5/1 

Pairing 1/3 :    V7P3R_v14.0  -  V7P3R_v14.9

PGN-File: C:\Program Files (x86)\Arena\Tournaments\V7P3R Regression Battle 20251102.pgn

No:  B/W 1/2     W:B       1:2           Time        Value Moves Dep 1:2       1-2-Draws
  12 = =    2.5:2.5        6.5:5.5       6:38:44 PM   -11.00    66 4.333 :3.529  4-3-5

--------------------------------------------------------------

Engine-Match Sunday, November 2, 2025 6:38:45 PM
 Blitz 5/1 

Pairing 2/3 :    V7P3R_v12.6  -  V7P3R_v14.0

PGN-File: C:\Program Files (x86)\Arena\Tournaments\V7P3R Regression Battle 20251102.pgn

No:  B/W 1/2     W:B       1:2           Time        Value Moves Dep 1:2       1-2-Draws
  12 = =    3.0:3.0        6.0:6.0       6:48:13 PM    -9.54    53 4.250 :4.640  3-3-6

--------------------------------------------------------------

Engine-Match Sunday, November 2, 2025 6:48:14 PM
 Blitz 5/1 

Pairing 3/3 :    V7P3R_v14.9  -  V7P3R_v12.6

PGN-File: C:\Program Files (x86)\Arena\Tournaments\V7P3R Regression Battle 20251102.pgn

No:  B/W 1/2     W:B       1:2           Time        Value Moves Dep 1:2       1-2-Draws
  12 W 2    2.5:1.5        5.5:6.5       6:56:47 PM     0.00    67 3.870 :4.364  4-5-3

--------------------------------------------------------------

Engine-Match Sunday, November 2, 2025 6:56:49 PM
 Blitz 5/1 

Pairing 1/3 :    V7P3R_v14.0  -  V7P3R_v14.9

PGN-File: C:\Program Files (x86)\Arena\Tournaments\V7P3R Regression Battle 20251102.pgn

No:  B/W 1/2     W:B       1:2           Time        Value Moves Dep 1:2       1-2-Draws
  13 = =    3.0:3.0        7.0:6.0       7:05:45 PM     0.00    60 4.061 :3.811  4-3-6

--------------------------------------------------------------

Engine-Match Sunday, November 2, 2025 7:05:46 PM
 Blitz 5/1 

Pairing 2/3 :    V7P3R_v12.6  -  V7P3R_v14.0

PGN-File: C:\Program Files (x86)\Arena\Tournaments\V7P3R Regression Battle 20251102.pgn

No:  B/W 1/2     W:B       1:2           Time        Value Moves Dep 1:2       1-2-Draws
  13 W 1    4.0:3.0        7.0:6.0       7:18:06 PM     0.00    87 3.487 :4.333  4-3-6

--------------------------------------------------------------

Engine-Match Sunday, November 2, 2025 7:18:07 PM
 Blitz 5/1 

Pairing 3/3 :    V7P3R_v14.9  -  V7P3R_v12.6

PGN-File: C:\Program Files (x86)\Arena\Tournaments\V7P3R Regression Battle 20251102.pgn

No:  B/W 1/2     W:B       1:2           Time        Value Moves Dep 1:2       1-2-Draws
  13 B 2    2.5:1.5        5.5:7.5       7:25:09 PM     0.00    51 3.500 :3.944  4-6-3

--------------------------------------------------------------

Engine-Match Sunday, November 2, 2025 7:25:11 PM
 Blitz 5/1 

Pairing 1/3 :    V7P3R_v14.0  -  V7P3R_v14.9

PGN-File: C:\Program Files (x86)\Arena\Tournaments\V7P3R Regression Battle 20251102.pgn

No:  B/W 1/2     W:B       1:2           Time        Value Moves Dep 1:2       1-2-Draws
  14 W 2    4.0:3.0        7.0:7.0       7:30:59 PM  +289.98    33 4.550 :3.720  4-4-6

--------------------------------------------------------------

Engine-Match Sunday, November 2, 2025 7:31:14 PM
 Blitz 5/1 

Pairing 2/3 :    V7P3R_v12.6  -  V7P3R_v14.0

PGN-File: C:\Program Files (x86)\Arena\Tournaments\V7P3R Regression Battle 20251102.pgn

No:  B/W 1/2     W:B       1:2           Time        Value Moves Dep 1:2       1-2-Draws
  14 * *     3.0:3.0        7.0:6.0       7:36:05 PM    -0.67    23 4.067 :4.429  4-3-6

--------------------------------------------------------------

Engine-Match Sunday, November 2, 2025 7:36:32 PM
 Blitz 5/1 

Pairing 1/10 :    V7P3R_v14.0  -  MaterialOpponent

PGN-File: C:\Program Files (x86)\Arena\Tournaments\V7P3R Regression Battle 20251102.pgn

No:  B/W 1/2     W:B       1:2           Time        Value Moves Dep 1:2       1-2-Draws
   1 W 1    1.0:0.0        1.0:0.0       7:45:37 PM     0.00    87 3.978 :6.000  1-0-0

--------------------------------------------------------------

Engine-Match Sunday, November 2, 2025 7:45:38 PM
 Blitz 5/1 

Pairing 3/10 :    Random_Opponent  -  V7P3R_v12.6

PGN-File: C:\Program Files (x86)\Arena\Tournaments\V7P3R Regression Battle 20251102.pgn

No:  B/W 1/2     W:B       1:2           Time        Value Moves Dep 1:2       1-2-Draws
   1 B 2    1.0:0.0        0.0:1.0       7:48:57 PM     0.00    21 0:4.625  0-1-0

--------------------------------------------------------------

Engine-Match Sunday, November 2, 2025 7:48:58 PM
 Blitz 5/1 

Pairing 5/10 :    MaterialOpponent  -  V7P3R_v14.9

PGN-File: C:\Program Files (x86)\Arena\Tournaments\V7P3R Regression Battle 20251102.pgn

No:  B/W 1/2     W:B       1:2           Time        Value Moves Dep 1:2       1-2-Draws
   1 = =    0.5:0.5        0.5:0.5       7:50:26 PM    -9.86    16 6.000 :3.400  0-0-1

--------------------------------------------------------------

Engine-Match Sunday, November 2, 2025 7:50:27 PM
 Blitz 5/1 

Pairing 6/10 :    V7P3R_v14.0  -  Random_Opponent

PGN-File: C:\Program Files (x86)\Arena\Tournaments\V7P3R Regression Battle 20251102.pgn

No:  B/W 1/2     W:B       1:2           Time        Value Moves Dep 1:2       1-2-Draws
   1 W 1    1.0:0.0        1.0:0.0       7:54:13 PM     0.00    24 4.150 :0 1-0-0

--------------------------------------------------------------

Engine-Match Sunday, November 2, 2025 7:54:14 PM
 Blitz 5/1 

Pairing 8/10 :    Random_Opponent  -  MaterialOpponent

PGN-File: C:\Program Files (x86)\Arena\Tournaments\V7P3R Regression Battle 20251102.pgn

No:  B/W 1/2     W:B       1:2           Time        Value Moves Dep 1:2       1-2-Draws
   1 B 2    1.0:0.0        0.0:1.0       7:55:09 PM  -299.99    33 0:6.000  0-1-0

--------------------------------------------------------------

Engine-Match Sunday, November 2, 2025 7:55:11 PM
 Blitz 5/1 

Pairing 9/10 :    V7P3R_v14.9  -  Random_Opponent

PGN-File: C:\Program Files (x86)\Arena\Tournaments\V7P3R Regression Battle 20251102.pgn

No:  B/W 1/2     W:B       1:2           Time        Value Moves Dep 1:2       1-2-Draws
   1 W 1    1.0:0.0        1.0:0.0       7:55:27 PM  +289.96     7 3.000 :0 1-0-0

--------------------------------------------------------------

Engine-Match Sunday, November 2, 2025 7:55:28 PM
 Blitz 5/1 

Pairing 10/10 :    MaterialOpponent  -  V7P3R_v12.6

PGN-File: C:\Program Files (x86)\Arena\Tournaments\V7P3R Regression Battle 20251102.pgn

No:  B/W 1/2     W:B       1:2           Time        Value Moves Dep 1:2       1-2-Draws
   1 W 1    1.0:0.0        1.0:0.0       8:02:00 PM   +23.77    35 6.000 :3.828  1-0-0

--------------------------------------------------------------

Engine-Match Sunday, November 2, 2025 8:02:01 PM
 Blitz 5/1 

Pairing 1/10 :    V7P3R_v14.0  -  MaterialOpponent

PGN-File: C:\Program Files (x86)\Arena\Tournaments\V7P3R Regression Battle 20251102.pgn

No:  B/W 1/2     W:B       1:2           Time        Value Moves Dep 1:2       1-2-Draws
   2 = =    0.5:0.5        1.5:0.5       8:06:47 PM    +1.00    28 4.200 :6.000  1-0-1

--------------------------------------------------------------

Engine-Match Sunday, November 2, 2025 8:06:48 PM
 Blitz 5/1 

Pairing 3/10 :    Random_Opponent  -  V7P3R_v12.6

PGN-File: C:\Program Files (x86)\Arena\Tournaments\V7P3R Regression Battle 20251102.pgn

No:  B/W 1/2     W:B       1:2           Time        Value Moves Dep 1:2       1-2-Draws
   2 W 2    1.0:0.0        0.0:2.0       8:09:37 PM  +289.98    14 0:4.231  0-2-0

--------------------------------------------------------------

Engine-Match Sunday, November 2, 2025 8:09:38 PM
 Blitz 5/1 

Pairing 5/10 :    MaterialOpponent  -  V7P3R_v14.9

PGN-File: C:\Program Files (x86)\Arena\Tournaments\V7P3R Regression Battle 20251102.pgn

No:  B/W 1/2     W:B       1:2           Time        Value Moves Dep 1:2       1-2-Draws
   2 = =    1.0:1.0        1.0:1.0       8:13:54 PM    +8.44    25 6.000 :3.750  0-0-2

--------------------------------------------------------------

Engine-Match Sunday, November 2, 2025 8:13:55 PM
 Blitz 5/1 

Pairing 6/10 :    V7P3R_v14.0  -  Random_Opponent

PGN-File: C:\Program Files (x86)\Arena\Tournaments\V7P3R Regression Battle 20251102.pgn

No:  B/W 1/2     W:B       1:2           Time        Value Moves Dep 1:2       1-2-Draws
   2 B 1    1.0:0.0        2.0:0.0       8:16:10 PM  -289.98    17 4.786 :0 2-0-0

--------------------------------------------------------------

Engine-Match Sunday, November 2, 2025 8:16:12 PM
 Blitz 5/1 

Pairing 8/10 :    Random_Opponent  -  MaterialOpponent

PGN-File: C:\Program Files (x86)\Arena\Tournaments\V7P3R Regression Battle 20251102.pgn

No:  B/W 1/2     W:B       1:2           Time        Value Moves Dep 1:2       1-2-Draws
   2 W 2    1.0:0.0        0.0:2.0       8:16:47 PM  +299.99    21 0:6.000  0-2-0

--------------------------------------------------------------

Engine-Match Sunday, November 2, 2025 8:16:48 PM
 Blitz 5/1 

Pairing 9/10 :    V7P3R_v14.9  -  Random_Opponent

PGN-File: C:\Program Files (x86)\Arena\Tournaments\V7P3R Regression Battle 20251102.pgn

No:  B/W 1/2     W:B       1:2           Time        Value Moves Dep 1:2       1-2-Draws
   2 B 1    1.0:0.0        2.0:0.0       8:19:23 PM     0.00    21 3.895 :0 2-0-0

--------------------------------------------------------------

Engine-Match Sunday, November 2, 2025 8:19:25 PM
 Blitz 5/1 

Pairing 10/10 :    MaterialOpponent  -  V7P3R_v12.6

PGN-File: C:\Program Files (x86)\Arena\Tournaments\V7P3R Regression Battle 20251102.pgn

No:  B/W 1/2     W:B       1:2           Time        Value Moves Dep 1:2       1-2-Draws
   2 W 2    1.0:0.0        1.0:1.0       8:27:18 PM   +10.10    64 6.000 :3.593  1-1-0

--------------------------------------------------------------

Engine-Match Sunday, November 2, 2025 8:27:19 PM
 Blitz 5/1 

Pairing 1/10 :    V7P3R_v14.0  -  MaterialOpponent

PGN-File: C:\Program Files (x86)\Arena\Tournaments\V7P3R Regression Battle 20251102.pgn

No:  B/W 1/2     W:B       1:2           Time        Value Moves Dep 1:2       1-2-Draws
   3 = =    1.0:1.0        2.0:1.0       8:33:43 PM    -3.17    46 4.278 :6.000  1-0-2

--------------------------------------------------------------

Engine-Match Sunday, November 2, 2025 8:33:45 PM
 Blitz 5/1 

Pairing 3/10 :    Random_Opponent  -  V7P3R_v12.6

PGN-File: C:\Program Files (x86)\Arena\Tournaments\V7P3R Regression Battle 20251102.pgn

No:  B/W 1/2     W:B       1:2           Time        Value Moves Dep 1:2       1-2-Draws
   3 B 2    1.0:0.0        0.0:3.0       8:36:04 PM  -289.97    10 0:4.200  0-3-0

--------------------------------------------------------------

Engine-Match Sunday, November 2, 2025 8:36:05 PM
 Blitz 5/1 

Pairing 5/10 :    MaterialOpponent  -  V7P3R_v14.9

PGN-File: C:\Program Files (x86)\Arena\Tournaments\V7P3R Regression Battle 20251102.pgn

No:  B/W 1/2     W:B       1:2           Time        Value Moves Dep 1:2       1-2-Draws
   3 = =    1.5:1.5        1.5:1.5       8:41:43 PM   +11.95    66 6.000 :4.000  0-0-3

--------------------------------------------------------------

Engine-Match Sunday, November 2, 2025 8:41:44 PM
 Blitz 5/1 

Pairing 6/10 :    V7P3R_v14.0  -  Random_Opponent

PGN-File: C:\Program Files (x86)\Arena\Tournaments\V7P3R Regression Battle 20251102.pgn

No:  B/W 1/2     W:B       1:2           Time        Value Moves Dep 1:2       1-2-Draws
   3 W 1    1.0:0.0        3.0:0.0       8:45:38 PM  +289.99    34 4.926 :0 3-0-0

--------------------------------------------------------------

Engine-Match Sunday, November 2, 2025 8:45:39 PM
 Blitz 5/1 

Pairing 8/10 :    Random_Opponent  -  MaterialOpponent

PGN-File: C:\Program Files (x86)\Arena\Tournaments\V7P3R Regression Battle 20251102.pgn

No:  B/W 1/2     W:B       1:2           Time        Value Moves Dep 1:2       1-2-Draws
   3 B 2    1.0:0.0        0.0:3.0       8:46:35 PM  -299.99    36 0:6.000  0-3-0

--------------------------------------------------------------

Engine-Match Sunday, November 2, 2025 8:46:37 PM
 Blitz 5/1 

Pairing 9/10 :    V7P3R_v14.9  -  Random_Opponent

PGN-File: C:\Program Files (x86)\Arena\Tournaments\V7P3R Regression Battle 20251102.pgn

No:  B/W 1/2     W:B       1:2           Time        Value Moves Dep 1:2       1-2-Draws
   3 W 1    1.0:0.0        3.0:0.0       8:48:39 PM  +289.98    25 3.810 :0 3-0-0

--------------------------------------------------------------

Engine-Match Sunday, November 2, 2025 8:48:50 PM
 Blitz 5/1 

Pairing 10/10 :    MaterialOpponent  -  V7P3R_v12.6

PGN-File: C:\Program Files (x86)\Arena\Tournaments\V7P3R Regression Battle 20251102.pgn

No:  B/W 1/2     W:B       1:2           Time        Value Moves Dep 1:2       1-2-Draws
   3 W 1    1.0:0.0        2.0:1.0       8:55:12 PM   +23.77    35 6.000 :3.857  2-1-0

--------------------------------------------------------------

Engine-Match Sunday, November 2, 2025 8:55:13 PM
 Blitz 5/1 

Pairing 1/10 :    V7P3R_v14.0  -  MaterialOpponent

PGN-File: C:\Program Files (x86)\Arena\Tournaments\V7P3R Regression Battle 20251102.pgn

No:  B/W 1/2     W:B       1:2           Time        Value Moves Dep 1:2       1-2-Draws
   4 W 2    2.0:1.0        2.0:2.0       8:58:56 PM  +299.99    25 4.235 :6.000  1-1-2

--------------------------------------------------------------

Engine-Match Sunday, November 2, 2025 8:58:57 PM
 Blitz 5/1 

Pairing 3/10 :    Random_Opponent  -  V7P3R_v12.6

PGN-File: C:\Program Files (x86)\Arena\Tournaments\V7P3R Regression Battle 20251102.pgn

No:  B/W 1/2     W:B       1:2           Time        Value Moves Dep 1:2       1-2-Draws
   4 W 2    1.0:0.0        0.0:4.0       9:00:32 PM     0.00    10 0:4.500  0-4-0

--------------------------------------------------------------

Engine-Match Sunday, November 2, 2025 9:00:33 PM
 Blitz 5/1 

Pairing 5/10 :    MaterialOpponent  -  V7P3R_v14.9

PGN-File: C:\Program Files (x86)\Arena\Tournaments\V7P3R Regression Battle 20251102.pgn

No:  B/W 1/2     W:B       1:2           Time        Value Moves Dep 1:2       1-2-Draws
   4 = =    2.0:2.0        2.0:2.0       9:02:51 PM    -1.25    25 6.000 :3.684  0-0-4

--------------------------------------------------------------

Engine-Match Sunday, November 2, 2025 9:02:52 PM
 Blitz 5/1 

Pairing 6/10 :    V7P3R_v14.0  -  Random_Opponent

PGN-File: C:\Program Files (x86)\Arena\Tournaments\V7P3R Regression Battle 20251102.pgn

No:  B/W 1/2     W:B       1:2           Time        Value Moves Dep 1:2       1-2-Draws
   4 B 1    1.0:0.0        4.0:0.0       9:04:13 PM     0.00    11 4.444 :0 4-0-0

--------------------------------------------------------------

Engine-Match Sunday, November 2, 2025 9:04:14 PM
 Blitz 5/1 

Pairing 8/10 :    Random_Opponent  -  MaterialOpponent

PGN-File: C:\Program Files (x86)\Arena\Tournaments\V7P3R Regression Battle 20251102.pgn

No:  B/W 1/2     W:B       1:2           Time        Value Moves Dep 1:2       1-2-Draws
   4 W 2    1.0:0.0        0.0:4.0       9:04:26 PM  +299.99     5 0:6.000  0-4-0

--------------------------------------------------------------

Engine-Match Sunday, November 2, 2025 9:04:28 PM
 Blitz 5/1 

Pairing 9/10 :    V7P3R_v14.9  -  Random_Opponent

PGN-File: C:\Program Files (x86)\Arena\Tournaments\V7P3R Regression Battle 20251102.pgn

No:  B/W 1/2     W:B       1:2           Time        Value Moves Dep 1:2       1-2-Draws
   4 B 1    1.0:0.0        4.0:0.0       9:04:47 PM  -289.96     7 3.143 :0 4-0-0

--------------------------------------------------------------

Engine-Match Sunday, November 2, 2025 9:04:48 PM
 Blitz 5/1 

Pairing 10/10 :    MaterialOpponent  -  V7P3R_v12.6

PGN-File: C:\Program Files (x86)\Arena\Tournaments\V7P3R Regression Battle 20251102.pgn

No:  B/W 1/2     W:B       1:2           Time        Value Moves Dep 1:2       1-2-Draws
   4 B 1    1.0:0.0        3.0:1.0       9:14:11 PM   -11.00   111 6.000 :3.515  3-1-0

--------------------------------------------------------------

Engine-Match Sunday, November 2, 2025 9:14:12 PM
 Blitz 5/1 

Pairing 1/10 :    V7P3R_v14.0  -  MaterialOpponent

PGN-File: C:\Program Files (x86)\Arena\Tournaments\V7P3R Regression Battle 20251102.pgn

No:  B/W 1/2     W:B       1:2           Time        Value Moves Dep 1:2       1-2-Draws
   5 W 1    2.0:1.0        3.0:2.0       9:21:58 PM  +299.96    64 3.807 :6.000  2-1-2

--------------------------------------------------------------

Engine-Match Sunday, November 2, 2025 9:21:59 PM
 Blitz 5/1 

Pairing 3/10 :    Random_Opponent  -  V7P3R_v12.6

PGN-File: C:\Program Files (x86)\Arena\Tournaments\V7P3R Regression Battle 20251102.pgn

No:  B/W 1/2     W:B       1:2           Time        Value Moves Dep 1:2       1-2-Draws
   5 B 2    1.0:0.0        0.0:5.0       9:23:59 PM  -289.99    11 0:4.667  0-5-0

--------------------------------------------------------------

Engine-Match Sunday, November 2, 2025 9:24:00 PM
 Blitz 5/1 

Pairing 5/10 :    MaterialOpponent  -  V7P3R_v14.9

PGN-File: C:\Program Files (x86)\Arena\Tournaments\V7P3R Regression Battle 20251102.pgn

No:  B/W 1/2     W:B       1:2           Time        Value Moves Dep 1:2       1-2-Draws
   5 W 1    3.0:2.0        3.0:2.0       9:30:08 PM   +49.37    68 6.000 :4.000  1-0-4

--------------------------------------------------------------

Engine-Match Sunday, November 2, 2025 9:30:10 PM
 Blitz 5/1 

Pairing 6/10 :    V7P3R_v14.0  -  Random_Opponent

PGN-File: C:\Program Files (x86)\Arena\Tournaments\V7P3R Regression Battle 20251102.pgn

No:  B/W 1/2     W:B       1:2           Time        Value Moves Dep 1:2       1-2-Draws
   5 W 1    1.0:0.0        5.0:0.0       9:31:37 PM  +289.98    10 4.800 :0 5-0-0

--------------------------------------------------------------

Engine-Match Sunday, November 2, 2025 9:31:38 PM
 Blitz 5/1 

Pairing 8/10 :    Random_Opponent  -  MaterialOpponent

PGN-File: C:\Program Files (x86)\Arena\Tournaments\V7P3R Regression Battle 20251102.pgn

No:  B/W 1/2     W:B       1:2           Time        Value Moves Dep 1:2       1-2-Draws
   5 B 2    1.0:0.0        0.0:5.0       9:32:04 PM  -299.99    12 0:6.000  0-5-0

--------------------------------------------------------------

Engine-Match Sunday, November 2, 2025 9:32:05 PM
 Blitz 5/1 

Pairing 9/10 :    V7P3R_v14.9  -  Random_Opponent

PGN-File: C:\Program Files (x86)\Arena\Tournaments\V7P3R Regression Battle 20251102.pgn

No:  B/W 1/2     W:B       1:2           Time        Value Moves Dep 1:2       1-2-Draws
   5 W 1    1.0:0.0        5.0:0.0       9:32:35 PM  +289.98     9 3.222 :0 5-0-0

--------------------------------------------------------------

Engine-Match Sunday, November 2, 2025 9:32:36 PM
 Blitz 5/1 

Pairing 10/10 :    MaterialOpponent  -  V7P3R_v12.6

PGN-File: C:\Program Files (x86)\Arena\Tournaments\V7P3R Regression Battle 20251102.pgn

No:  B/W 1/2     W:B       1:2           Time        Value Moves Dep 1:2       1-2-Draws
   5 W 1    1.0:0.0        4.0:1.0       9:39:30 PM   +20.54    44 6.000 :3.724  4-1-0

--------------------------------------------------------------

Engine-Match Sunday, November 2, 2025 9:39:31 PM
 Blitz 5/1 

Pairing 1/10 :    V7P3R_v14.0  -  MaterialOpponent

PGN-File: C:\Program Files (x86)\Arena\Tournaments\V7P3R Regression Battle 20251102.pgn

No:  B/W 1/2     W:B       1:2           Time        Value Moves Dep 1:2       1-2-Draws
   6 W 2    2.0:1.0        3.0:3.0       9:43:27 PM  +299.99    25 4.222 :6.000  2-2-2

--------------------------------------------------------------

Engine-Match Sunday, November 2, 2025 9:43:29 PM
 Blitz 5/1 

Pairing 3/10 :    Random_Opponent  -  V7P3R_v12.6

PGN-File: C:\Program Files (x86)\Arena\Tournaments\V7P3R Regression Battle 20251102.pgn

No:  B/W 1/2     W:B       1:2           Time        Value Moves Dep 1:2       1-2-Draws
   6 W 2    1.0:0.0        0.0:6.0       9:45:44 PM  +289.98    15 0:4.538  0-6-0

--------------------------------------------------------------

Engine-Match Sunday, November 2, 2025 9:45:46 PM
 Blitz 5/1 

Pairing 5/10 :    MaterialOpponent  -  V7P3R_v14.9

PGN-File: C:\Program Files (x86)\Arena\Tournaments\V7P3R Regression Battle 20251102.pgn

No:  B/W 1/2     W:B       1:2           Time        Value Moves Dep 1:2       1-2-Draws
   6 = =    2.5:2.5        3.5:2.5       9:48:02 PM    -1.25    25 6.000 :3.684  1-0-5

--------------------------------------------------------------

Engine-Match Sunday, November 2, 2025 9:48:03 PM
 Blitz 5/1 

Pairing 6/10 :    V7P3R_v14.0  -  Random_Opponent

PGN-File: C:\Program Files (x86)\Arena\Tournaments\V7P3R Regression Battle 20251102.pgn

No:  B/W 1/2     W:B       1:2           Time        Value Moves Dep 1:2       1-2-Draws
   6 B 1    1.0:0.0        6.0:0.0       9:50:13 PM  -289.99    16 4.667 :0 6-0-0

--------------------------------------------------------------

Engine-Match Sunday, November 2, 2025 9:50:14 PM
 Blitz 5/1 

Pairing 8/10 :    Random_Opponent  -  MaterialOpponent

PGN-File: C:\Program Files (x86)\Arena\Tournaments\V7P3R Regression Battle 20251102.pgn

No:  B/W 1/2     W:B       1:2           Time        Value Moves Dep 1:2       1-2-Draws
   6 W 2    1.0:0.0        0.0:6.0       9:50:34 PM  +299.99    13 0:6.000  0-6-0

--------------------------------------------------------------

Engine-Match Sunday, November 2, 2025 9:50:46 PM
 Blitz 5/1 

Pairing 9/10 :    V7P3R_v14.9  -  Random_Opponent

PGN-File: C:\Program Files (x86)\Arena\Tournaments\V7P3R Regression Battle 20251102.pgn

No:  B/W 1/2     W:B       1:2           Time        Value Moves Dep 1:2       1-2-Draws
   6 B 1    1.0:0.0        6.0:0.0       9:52:39 PM     0.00    23 4.048 :0 6-0-0

--------------------------------------------------------------

Engine-Match Sunday, November 2, 2025 9:52:41 PM
 Blitz 5/1 

Pairing 10/10 :    MaterialOpponent  -  V7P3R_v12.6

PGN-File: C:\Program Files (x86)\Arena\Tournaments\V7P3R Regression Battle 20251102.pgn

No:  B/W 1/2     W:B       1:2           Time        Value Moves Dep 1:2       1-2-Draws
   6 = =    0.5:0.5        4.5:1.5       10:00:45 PM    -3.05    77 6.000 :3.620  4-1-1

--------------------------------------------------------------

Engine-Match Sunday, November 2, 2025 10:00:46 PM
 Blitz 5/1 

Pairing 1/10 :    V7P3R_v14.0  -  MaterialOpponent

PGN-File: C:\Program Files (x86)\Arena\Tournaments\V7P3R Regression Battle 20251102.pgn

No:  B/W 1/2     W:B       1:2           Time        Value Moves Dep 1:2       1-2-Draws
   7 = =    1.5:1.5        3.5:3.5       10:07:12 PM    -3.17    46 4.250 :6.000  2-2-3

--------------------------------------------------------------

Engine-Match Sunday, November 2, 2025 10:07:13 PM
 Blitz 5/1 

Pairing 3/10 :    Random_Opponent  -  V7P3R_v12.6

PGN-File: C:\Program Files (x86)\Arena\Tournaments\V7P3R Regression Battle 20251102.pgn

No:  B/W 1/2     W:B       1:2           Time        Value Moves Dep 1:2       1-2-Draws
   7 B 2    1.0:0.0        0.0:7.0       10:08:56 PM  -289.97    10 0:4.200  0-7-0

--------------------------------------------------------------

Engine-Match Sunday, November 2, 2025 10:08:57 PM
 Blitz 5/1 

Pairing 5/10 :    MaterialOpponent  -  V7P3R_v14.9

PGN-File: C:\Program Files (x86)\Arena\Tournaments\V7P3R Regression Battle 20251102.pgn

No:  B/W 1/2     W:B       1:2           Time        Value Moves Dep 1:2       1-2-Draws
   7 = =    3.0:3.0        4.0:3.0       10:15:10 PM    +3.95    44 6.000 :3.800  1-0-6

--------------------------------------------------------------

Engine-Match Sunday, November 2, 2025 10:15:11 PM
 Blitz 5/1 

Pairing 6/10 :    V7P3R_v14.0  -  Random_Opponent

PGN-File: C:\Program Files (x86)\Arena\Tournaments\V7P3R Regression Battle 20251102.pgn

No:  B/W 1/2     W:B       1:2           Time        Value Moves Dep 1:2       1-2-Draws
   7 W 1    1.0:0.0        7.0:0.0       10:17:23 PM     0.00    21 4.929 :0 7-0-0

--------------------------------------------------------------

Engine-Match Sunday, November 2, 2025 10:17:25 PM
 Blitz 5/1 

Pairing 8/10 :    Random_Opponent  -  MaterialOpponent

PGN-File: C:\Program Files (x86)\Arena\Tournaments\V7P3R Regression Battle 20251102.pgn

No:  B/W 1/2     W:B       1:2           Time        Value Moves Dep 1:2       1-2-Draws
   7 B 2    1.0:0.0        0.0:7.0       10:18:12 PM  -299.99    28 0:6.000  0-7-0

--------------------------------------------------------------

Engine-Match Sunday, November 2, 2025 10:18:13 PM
 Blitz 5/1 

Pairing 9/10 :    V7P3R_v14.9  -  Random_Opponent

PGN-File: C:\Program Files (x86)\Arena\Tournaments\V7P3R Regression Battle 20251102.pgn

No:  B/W 1/2     W:B       1:2           Time        Value Moves Dep 1:2       1-2-Draws
   7 W 1    1.0:0.0        7.0:0.0       10:19:32 PM  +289.98    13 3.692 :0 7-0-0

--------------------------------------------------------------

Engine-Match Sunday, November 2, 2025 10:19:34 PM
 Blitz 5/1 

Pairing 10/10 :    MaterialOpponent  -  V7P3R_v12.6

PGN-File: C:\Program Files (x86)\Arena\Tournaments\V7P3R Regression Battle 20251102.pgn

No:  B/W 1/2     W:B       1:2           Time        Value Moves Dep 1:2       1-2-Draws
   7 W 1    1.5:0.5        5.5:1.5       10:25:51 PM   +23.77    35 6.000 :3.929  5-1-1

--------------------------------------------------------------

Engine-Match Sunday, November 2, 2025 10:25:52 PM
 Blitz 5/1 

Pairing 1/10 :    V7P3R_v14.0  -  MaterialOpponent

PGN-File: C:\Program Files (x86)\Arena\Tournaments\V7P3R Regression Battle 20251102.pgn

No:  B/W 1/2     W:B       1:2           Time        Value Moves Dep 1:2       1-2-Draws
   8 = =    2.0:2.0        4.0:4.0       10:30:07 PM    +1.00    27 4.467 :6.000  2-2-4

--------------------------------------------------------------

Engine-Match Sunday, November 2, 2025 10:30:08 PM
 Blitz 5/1 

Pairing 3/10 :    Random_Opponent  -  V7P3R_v12.6

PGN-File: C:\Program Files (x86)\Arena\Tournaments\V7P3R Regression Battle 20251102.pgn

No:  B/W 1/2     W:B       1:2           Time        Value Moves Dep 1:2       1-2-Draws
   8 W 2    1.0:0.0        0.0:8.0       10:32:39 PM  +289.97    17 0:4.500  0-8-0

--------------------------------------------------------------

Engine-Match Sunday, November 2, 2025 10:32:40 PM
 Blitz 5/1 

Pairing 5/10 :    MaterialOpponent  -  V7P3R_v14.9

PGN-File: C:\Program Files (x86)\Arena\Tournaments\V7P3R Regression Battle 20251102.pgn

No:  B/W 1/2     W:B       1:2           Time        Value Moves Dep 1:2       1-2-Draws
   8 = =    3.5:3.5        4.5:3.5       10:39:50 PM   -10.25    67 6.000 :3.643  1-0-7

--------------------------------------------------------------

Engine-Match Sunday, November 2, 2025 10:39:51 PM
 Blitz 5/1 

Pairing 6/10 :    V7P3R_v14.0  -  Random_Opponent

PGN-File: C:\Program Files (x86)\Arena\Tournaments\V7P3R Regression Battle 20251102.pgn

No:  B/W 1/2     W:B       1:2           Time        Value Moves Dep 1:2       1-2-Draws
   8 B 1    1.0:0.0        8.0:0.0       10:42:33 PM  -289.99    14 4.462 :0 8-0-0

--------------------------------------------------------------

Engine-Match Sunday, November 2, 2025 10:42:34 PM
 Blitz 5/1 

Pairing 8/10 :    Random_Opponent  -  MaterialOpponent

PGN-File: C:\Program Files (x86)\Arena\Tournaments\V7P3R Regression Battle 20251102.pgn

No:  B/W 1/2     W:B       1:2           Time        Value Moves Dep 1:2       1-2-Draws
   8 W 2    1.0:0.0        0.0:8.0       10:42:57 PM  +299.99    16 0:6.000  0-8-0

--------------------------------------------------------------

Engine-Match Sunday, November 2, 2025 10:42:58 PM
 Blitz 5/1 

Pairing 9/10 :    V7P3R_v14.9  -  Random_Opponent

PGN-File: C:\Program Files (x86)\Arena\Tournaments\V7P3R Regression Battle 20251102.pgn

No:  B/W 1/2     W:B       1:2           Time        Value Moves Dep 1:2       1-2-Draws
   8 B 1    1.0:0.0        8.0:0.0       10:43:09 PM  -289.96     3 3.000 :0 8-0-0

--------------------------------------------------------------

Engine-Match Sunday, November 2, 2025 10:43:10 PM
 Blitz 5/1 

Pairing 10/10 :    MaterialOpponent  -  V7P3R_v12.6

PGN-File: C:\Program Files (x86)\Arena\Tournaments\V7P3R Regression Battle 20251102.pgn

No:  B/W 1/2     W:B       1:2           Time        Value Moves Dep 1:2       1-2-Draws
   8 W 2    1.5:0.5        5.5:2.5       10:50:03 PM  +299.94    58 6.000 :4.132  5-2-1

--------------------------------------------------------------

Engine-Match Sunday, November 2, 2025 10:50:04 PM
 Blitz 5/1 

Pairing 1/10 :    V7P3R_v14.0  -  MaterialOpponent

PGN-File: C:\Program Files (x86)\Arena\Tournaments\V7P3R Regression Battle 20251102.pgn

No:  B/W 1/2     W:B       1:2           Time        Value Moves Dep 1:2       1-2-Draws
   9 B 2    3.0:2.0        4.0:5.0       10:56:34 PM  -299.99    43 3.941 :6.000  2-3-4

--------------------------------------------------------------

Engine-Match Sunday, November 2, 2025 10:56:36 PM
 Blitz 5/1 

Pairing 3/10 :    Random_Opponent  -  V7P3R_v12.6

PGN-File: C:\Program Files (x86)\Arena\Tournaments\V7P3R Regression Battle 20251102.pgn

No:  B/W 1/2     W:B       1:2           Time        Value Moves Dep 1:2       1-2-Draws
   9 B 2    1.0:0.0        0.0:9.0       10:58:32 PM  -289.98    11 0:4.545  0-9-0

--------------------------------------------------------------

Engine-Match Sunday, November 2, 2025 10:58:33 PM
 Blitz 5/1 

Pairing 5/10 :    MaterialOpponent  -  V7P3R_v14.9

PGN-File: C:\Program Files (x86)\Arena\Tournaments\V7P3R Regression Battle 20251102.pgn

No:  B/W 1/2     W:B       1:2           Time        Value Moves Dep 1:2       1-2-Draws
   9 W 1    4.5:3.5        5.5:3.5       11:03:42 PM   +40.68    63 6.000 :3.939  2-0-7

--------------------------------------------------------------

Engine-Match Sunday, November 2, 2025 11:03:43 PM
 Blitz 5/1 

Pairing 6/10 :    V7P3R_v14.0  -  Random_Opponent

PGN-File: C:\Program Files (x86)\Arena\Tournaments\V7P3R Regression Battle 20251102.pgn

No:  B/W 1/2     W:B       1:2           Time        Value Moves Dep 1:2       1-2-Draws
   9 W 1    1.0:0.0        9.0:0.0       11:05:54 PM  +289.98    15 4.857 :0 9-0-0
