Engine-Match Wednesday, November 19, 2025 9:24:18 AM
 Blitz 2/1 

Pairing 1/8 :    V7P3R_v15.2  -  V7P3R_v15.1

PGN-File: C:\Program Files (x86)\Arena\Tournaments\V7P3R_v15.2 Gauntlet 20251119.pgn

No:  B/W 1/2     W:B       1:2           Time        Value Moves Dep 1:2       1-2-Draws
   1 B 2    1.0:0.0        0.0:1.0       9:26:45 AM     0.00    16 6.273 :6.000  0-1-0

--------------------------------------------------------------

Engine-Match Wednesday, November 19, 2025 9:26:46 AM
 Blitz 2/1 

Pairing 2/8 :    V7P3R_v15.2  -  C0BR4_v3.1

PGN-File: C:\Program Files (x86)\Arena\Tournaments\V7P3R_v15.2 Gauntlet 20251119.pgn

No:  B/W 1/2     W:B       1:2           Time        Value Moves Dep 1:2       1-2-Draws
   1 B 2    1.0:0.0        0.0:1.0       9:28:50 AM  -299.97    20 6.867 :3.889  0-1-0

--------------------------------------------------------------

Engine-Match Wednesday, November 19, 2025 9:28:52 AM
 Blitz 2/1 

Pairing 3/8 :    V7P3R_v15.2  -  MaterialOpponent

PGN-File: C:\Program Files (x86)\Arena\Tournaments\V7P3R_v15.2 Gauntlet 20251119.pgn

No:  B/W 1/2     W:B       1:2           Time        Value Moves Dep 1:2       1-2-Draws
   1 * *     0.0:0.0        0.0:0.0       9:29:03 AM     0.00     0 0:0 0-0-0
