Engine-Match Wednesday, November 19, 2025 6:06:36 PM
 Blitz 1/1 

Pairing 1/8 :    V7P3R_v15.7  -  MaterialOpponent

PGN-File: C:\Program Files (x86)\Arena\Tournaments\V7P3R 15.7 Gauntlet 20251119.pgn

No:  B/W 1/2     W:B       1:2           Time        Value Moves Dep 1:2       1-2-Draws
   1 B 2    1.0:0.0        0.0:1.0       6:07:43 PM  -299.99    13 5.400 :6.000  0-1-0

--------------------------------------------------------------

Engine-Match Wednesday, November 19, 2025 6:07:45 PM
 Blitz 1/1 

Pairing 2/8 :    V7P3R_v15.7  -  PositionalOpponent

PGN-File: C:\Program Files (x86)\Arena\Tournaments\V7P3R 15.7 Gauntlet 20251119.pgn

No:  B/W 1/2     W:B       1:2           Time        Value Moves Dep 1:2       1-2-Draws
   1 B 2    1.0:0.0        0.0:1.0       6:10:29 PM  -299.99    22 6.000 :6.000  0-1-0

--------------------------------------------------------------

Engine-Match Wednesday, November 19, 2025 6:10:30 PM
 Blitz 1/1 

Pairing 3/8 :    V7P3R_v15.7  -  RandomOpponent

PGN-File: C:\Program Files (x86)\Arena\Tournaments\V7P3R 15.7 Gauntlet 20251119.pgn

No:  B/W 1/2     W:B       1:2           Time        Value Moves Dep 1:2       1-2-Draws
   1 B 2    1.0:0.0        0.0:1.0       6:12:12 PM     0.00    26 5.905 :0 0-1-0

--------------------------------------------------------------

Engine-Match Wednesday, November 19, 2025 6:12:14 PM
 Blitz 1/1 

Pairing 4/8 :    V7P3R_v15.7  -  V7P3R_v12.6

PGN-File: C:\Program Files (x86)\Arena\Tournaments\V7P3R 15.7 Gauntlet 20251119.pgn

No:  B/W 1/2     W:B       1:2           Time        Value Moves Dep 1:2       1-2-Draws
   1 B 2    1.0:0.0        0.0:1.0       6:13:16 PM     0.00    10 6.857 :3.222  0-1-0

--------------------------------------------------------------

Engine-Match Wednesday, November 19, 2025 6:13:18 PM
 Blitz 1/1 

Pairing 5/8 :    V7P3R_v15.7  -  V7P3R_v14.1

PGN-File: C:\Program Files (x86)\Arena\Tournaments\V7P3R 15.7 Gauntlet 20251119.pgn

No:  B/W 1/2     W:B       1:2           Time        Value Moves Dep 1:2       1-2-Draws
   1 B 2    1.0:0.0        0.0:1.0       6:14:37 PM  -289.98    14 5.750 :3.286  0-1-0

--------------------------------------------------------------

Engine-Match Wednesday, November 19, 2025 6:14:38 PM
 Blitz 1/1 

Pairing 6/8 :    V7P3R_v15.7  -  V7P3R_v15.1

PGN-File: C:\Program Files (x86)\Arena\Tournaments\V7P3R 15.7 Gauntlet 20251119.pgn

No:  B/W 1/2     W:B       1:2           Time        Value Moves Dep 1:2       1-2-Draws
   1 B 2    1.0:0.0        0.0:1.0       6:15:19 PM  -299.99     7 6.000 :6.000  0-1-0

--------------------------------------------------------------

Engine-Match Wednesday, November 19, 2025 6:15:21 PM
 Blitz 1/1 

Pairing 7/8 :    V7P3R_v15.7  -  V7P3R_v15.4

PGN-File: C:\Program Files (x86)\Arena\Tournaments\V7P3R 15.7 Gauntlet 20251119.pgn

No:  B/W 1/2     W:B       1:2           Time        Value Moves Dep 1:2       1-2-Draws
   1 B 2    1.0:0.0        0.0:1.0       6:16:11 PM  -299.99     6 6.000 :6.600  0-1-0

--------------------------------------------------------------

Engine-Match Wednesday, November 19, 2025 6:16:12 PM
 Blitz 1/1 

Pairing 8/8 :    V7P3R_v15.7  -  V7P3R_v15.6

PGN-File: C:\Program Files (x86)\Arena\Tournaments\V7P3R 15.7 Gauntlet 20251119.pgn

No:  B/W 1/2     W:B       1:2           Time        Value Moves Dep 1:2       1-2-Draws
   1 B 2    1.0:0.0        0.0:1.0       6:17:05 PM     0.00     6 6.000 :6.250  0-1-0

--------------------------------------------------------------

Engine-Match Wednesday, November 19, 2025 6:17:06 PM
 Blitz 1/1 

Pairing 1/8 :    V7P3R_v15.7  -  MaterialOpponent

PGN-File: C:\Program Files (x86)\Arena\Tournaments\V7P3R 15.7 Gauntlet 20251119.pgn

No:  B/W 1/2     W:B       1:2           Time        Value Moves Dep 1:2       1-2-Draws
   2 W 2    1.0:0.0        0.0:2.0       6:18:55 PM  +299.99    24 6.111 :6.000  0-2-0

--------------------------------------------------------------

Engine-Match Wednesday, November 19, 2025 6:18:57 PM
 Blitz 1/1 

Pairing 2/8 :    V7P3R_v15.7  -  PositionalOpponent

PGN-File: C:\Program Files (x86)\Arena\Tournaments\V7P3R 15.7 Gauntlet 20251119.pgn

No:  B/W 1/2     W:B       1:2           Time        Value Moves Dep 1:2       1-2-Draws
   2 W 2    1.0:0.0        0.0:2.0       6:22:18 PM  +299.99    36 5.412 :5.950  0-2-0

--------------------------------------------------------------

Engine-Match Wednesday, November 19, 2025 6:22:19 PM
 Blitz 1/1 

Pairing 3/8 :    V7P3R_v15.7  -  RandomOpponent

PGN-File: C:\Program Files (x86)\Arena\Tournaments\V7P3R 15.7 Gauntlet 20251119.pgn

No:  B/W 1/2     W:B       1:2           Time        Value Moves Dep 1:2       1-2-Draws
   2 B 1    1.0:0.0        1.0:1.0       6:25:28 PM  -299.99    46 5.459 :0 1-1-0

--------------------------------------------------------------

Engine-Match Wednesday, November 19, 2025 6:25:29 PM
 Blitz 1/1 

Pairing 4/8 :    V7P3R_v15.7  -  V7P3R_v12.6

PGN-File: C:\Program Files (x86)\Arena\Tournaments\V7P3R 15.7 Gauntlet 20251119.pgn

No:  B/W 1/2     W:B       1:2           Time        Value Moves Dep 1:2       1-2-Draws
   2 W 2    1.0:0.0        0.0:2.0       6:27:47 PM     0.00    23 6.600 :3.786  0-2-0

--------------------------------------------------------------

Engine-Match Wednesday, November 19, 2025 6:27:49 PM
 Blitz 1/1 

Pairing 5/8 :    V7P3R_v15.7  -  V7P3R_v14.1

PGN-File: C:\Program Files (x86)\Arena\Tournaments\V7P3R 15.7 Gauntlet 20251119.pgn

No:  B/W 1/2     W:B       1:2           Time        Value Moves Dep 1:2       1-2-Draws
   2 W 2    1.0:0.0        0.0:2.0       6:30:17 PM     0.00    28 5.294 :3.222  0-2-0

--------------------------------------------------------------

Engine-Match Wednesday, November 19, 2025 6:30:19 PM
 Blitz 1/1 

Pairing 6/8 :    V7P3R_v15.7  -  V7P3R_v15.1

PGN-File: C:\Program Files (x86)\Arena\Tournaments\V7P3R 15.7 Gauntlet 20251119.pgn

No:  B/W 1/2     W:B       1:2           Time        Value Moves Dep 1:2       1-2-Draws
   2 W 2    1.0:0.0        0.0:2.0       6:32:55 PM  +299.99    31 6.267 :6.000  0-2-0

--------------------------------------------------------------

Engine-Match Wednesday, November 19, 2025 6:32:57 PM
 Blitz 1/1 

Pairing 7/8 :    V7P3R_v15.7  -  V7P3R_v15.4

PGN-File: C:\Program Files (x86)\Arena\Tournaments\V7P3R 15.7 Gauntlet 20251119.pgn

No:  B/W 1/2     W:B       1:2           Time        Value Moves Dep 1:2       1-2-Draws
   2 W 2    1.0:0.0        0.0:2.0       6:36:03 PM     0.00    26 5.786 :6.692  0-2-0

--------------------------------------------------------------

Engine-Match Wednesday, November 19, 2025 6:36:04 PM
 Blitz 1/1 

Pairing 8/8 :    V7P3R_v15.7  -  V7P3R_v15.6

PGN-File: C:\Program Files (x86)\Arena\Tournaments\V7P3R 15.7 Gauntlet 20251119.pgn

No:  B/W 1/2     W:B       1:2           Time        Value Moves Dep 1:2       1-2-Draws
   2 W 2    1.0:0.0        0.0:2.0       6:38:13 PM     0.00    15 5.833 :6.250  0-2-0
