Engine-Match Thursday, November 20, 2025 6:19:38 PM
 Blitz 1/1 

Pairing 1/3 :    V7P3R_v16.2  -  V7P3R_v14.1

PGN-File: C:\Program Files (x86)\Arena\Tournaments\V7P3R v16.2 vs v14.4 vs v14.1.pgn

No:  B/W 1/2     W:B       1:2           Time        Value Moves Dep 1:2       1-2-Draws
   1 B 2    1.0:0.0        0.0:1.0       6:21:11 PM   -17.32    15 5.615 :3.286  0-1-0

--------------------------------------------------------------

Engine-Match Thursday, November 20, 2025 6:21:13 PM
 Blitz 1/1 

Pairing 2/3 :    V7P3R_v14.4  -  V7P3R_v16.2

PGN-File: C:\Program Files (x86)\Arena\Tournaments\V7P3R v16.2 vs v14.4 vs v14.1.pgn

No:  B/W 1/2     W:B       1:2           Time        Value Moves Dep 1:2       1-2-Draws
   1 W 1    1.0:0.0        1.0:0.0       6:22:38 PM   +13.24    13 3.636 :5.769  1-0-0

--------------------------------------------------------------

Engine-Match Thursday, November 20, 2025 6:22:39 PM
 Blitz 1/1 

Pairing 3/3 :    V7P3R_v14.1  -  V7P3R_v14.4

PGN-File: C:\Program Files (x86)\Arena\Tournaments\V7P3R v16.2 vs v14.4 vs v14.1.pgn

No:  B/W 1/2     W:B       1:2           Time        Value Moves Dep 1:2       1-2-Draws
   1 W 1    1.0:0.0        1.0:0.0       6:26:48 PM     0.00    92 3.358 :3.720  1-0-0

--------------------------------------------------------------

Engine-Match Thursday, November 20, 2025 6:26:49 PM
 Blitz 1/1 

Pairing 1/3 :    V7P3R_v16.2  -  V7P3R_v14.1

PGN-File: C:\Program Files (x86)\Arena\Tournaments\V7P3R v16.2 vs v14.4 vs v14.1.pgn

No:  B/W 1/2     W:B       1:2           Time        Value Moves Dep 1:2       1-2-Draws
   2 W 2    1.0:0.0        0.0:2.0       6:28:14 PM  +289.97    13 6.083 :3.417  0-2-0

--------------------------------------------------------------

Engine-Match Thursday, November 20, 2025 6:28:15 PM
 Blitz 1/1 

Pairing 2/3 :    V7P3R_v14.4  -  V7P3R_v16.2

PGN-File: C:\Program Files (x86)\Arena\Tournaments\V7P3R v16.2 vs v14.4 vs v14.1.pgn

No:  B/W 1/2     W:B       1:2           Time        Value Moves Dep 1:2       1-2-Draws
   2 B 1    1.0:0.0        2.0:0.0       6:29:58 PM   -19.38    17 4.214 :6.313  2-0-0

--------------------------------------------------------------

Engine-Match Thursday, November 20, 2025 6:29:59 PM
 Blitz 1/1 

Pairing 3/3 :    V7P3R_v14.1  -  V7P3R_v14.4

PGN-File: C:\Program Files (x86)\Arena\Tournaments\V7P3R v16.2 vs v14.4 vs v14.1.pgn

No:  B/W 1/2     W:B       1:2           Time        Value Moves Dep 1:2       1-2-Draws
   2 B 1    1.0:0.0        2.0:0.0       6:31:16 PM   -11.26    22 3.222 :3.579  2-0-0

--------------------------------------------------------------

Engine-Match Thursday, November 20, 2025 6:31:17 PM
 Blitz 1/1 

Pairing 1/3 :    V7P3R_v16.2  -  V7P3R_v14.1

PGN-File: C:\Program Files (x86)\Arena\Tournaments\V7P3R v16.2 vs v14.4 vs v14.1.pgn

No:  B/W 1/2     W:B       1:2           Time        Value Moves Dep 1:2       1-2-Draws
   3 B 2    1.0:0.0        0.0:3.0       6:32:54 PM   -17.32    15 5.615 :3.286  0-3-0

--------------------------------------------------------------

Engine-Match Thursday, November 20, 2025 6:32:55 PM
 Blitz 1/1 

Pairing 2/3 :    V7P3R_v14.4  -  V7P3R_v16.2

PGN-File: C:\Program Files (x86)\Arena\Tournaments\V7P3R v16.2 vs v14.4 vs v14.1.pgn

No:  B/W 1/2     W:B       1:2           Time        Value Moves Dep 1:2       1-2-Draws
   3 W 1    1.0:0.0        3.0:0.0       6:34:17 PM   +10.74    13 3.636 :5.769  3-0-0

--------------------------------------------------------------

Engine-Match Thursday, November 20, 2025 6:34:18 PM
 Blitz 1/1 

Pairing 3/3 :    V7P3R_v14.1  -  V7P3R_v14.4

PGN-File: C:\Program Files (x86)\Arena\Tournaments\V7P3R v16.2 vs v14.4 vs v14.1.pgn

No:  B/W 1/2     W:B       1:2           Time        Value Moves Dep 1:2       1-2-Draws
   3 W 1    1.0:0.0        3.0:0.0       6:36:47 PM     0.00    43 2.947 :3.278  3-0-0

--------------------------------------------------------------

Engine-Match Thursday, November 20, 2025 6:36:48 PM
 Blitz 1/1 

Pairing 1/3 :    V7P3R_v16.2  -  V7P3R_v14.1

PGN-File: C:\Program Files (x86)\Arena\Tournaments\V7P3R v16.2 vs v14.4 vs v14.1.pgn

No:  B/W 1/2     W:B       1:2           Time        Value Moves Dep 1:2       1-2-Draws
   4 W 2    1.0:0.0        0.0:4.0       6:38:34 PM   +21.14    18 6.563 :3.538  0-4-0

--------------------------------------------------------------

Engine-Match Thursday, November 20, 2025 6:38:35 PM
 Blitz 1/1 

Pairing 2/3 :    V7P3R_v14.4  -  V7P3R_v16.2

PGN-File: C:\Program Files (x86)\Arena\Tournaments\V7P3R v16.2 vs v14.4 vs v14.1.pgn

No:  B/W 1/2     W:B       1:2           Time        Value Moves Dep 1:2       1-2-Draws
   4 B 1    1.0:0.0        4.0:0.0       6:40:03 PM  -299.98    15 4.000 :6.429  4-0-0

--------------------------------------------------------------

Engine-Match Thursday, November 20, 2025 6:40:04 PM
 Blitz 1/1 

Pairing 3/3 :    V7P3R_v14.1  -  V7P3R_v14.4

PGN-File: C:\Program Files (x86)\Arena\Tournaments\V7P3R v16.2 vs v14.4 vs v14.1.pgn

No:  B/W 1/2     W:B       1:2           Time        Value Moves Dep 1:2       1-2-Draws
   4 * *     0.0:0.0        3.0:0.0       6:41:32 PM    +0.12    22 3.263 :3.706  3-0-0
