Engine-Match Wednesday, November 19, 2025 3:48:11 PM
 Blitz 2/1 

Pairing 1/6 :    V7P3R_v15.6  -  V7P3R_v15.5

PGN-File: C:\Program Files (x86)\Arena\Tournaments\V7P3R 15.6 Gauntlet 20251119.pgn

No:  B/W 1/2     W:B       1:2           Time        Value Moves Dep 1:2       1-2-Draws
   1 B 2    1.0:0.0        0.0:1.0       3:53:54 PM     0.00    46 7.250 :6.786  0-1-0

--------------------------------------------------------------

Engine-Match Wednesday, November 19, 2025 3:53:55 PM
 Blitz 2/1 

Pairing 2/6 :    V7P3R_v15.6  -  V7P3R_v14.1

PGN-File: C:\Program Files (x86)\Arena\Tournaments\V7P3R 15.6 Gauntlet 20251119.pgn

No:  B/W 1/2     W:B       1:2           Time        Value Moves Dep 1:2       1-2-Draws
   1 B 2    1.0:0.0        0.0:1.0       3:56:08 PM   -19.24    16 6.000 :3.500  0-1-0

--------------------------------------------------------------

Engine-Match Wednesday, November 19, 2025 3:56:09 PM
 Blitz 2/1 

Pairing 3/6 :    V7P3R_v15.6  -  V7P3R_v12.6

PGN-File: C:\Program Files (x86)\Arena\Tournaments\V7P3R 15.6 Gauntlet 20251119.pgn

No:  B/W 1/2     W:B       1:2           Time        Value Moves Dep 1:2       1-2-Draws
   1 B 2    1.0:0.0        0.0:1.0       3:58:43 PM  -289.97    16 6.400 :3.786  0-1-0

--------------------------------------------------------------

Engine-Match Wednesday, November 19, 2025 3:58:44 PM
 Blitz 2/1 

Pairing 4/6 :    V7P3R_v15.6  -  PositionalOpponent

PGN-File: C:\Program Files (x86)\Arena\Tournaments\V7P3R 15.6 Gauntlet 20251119.pgn

No:  B/W 1/2     W:B       1:2           Time        Value Moves Dep 1:2       1-2-Draws
   1 B 2    1.0:0.0        0.0:1.0       4:00:00 PM  -299.99    10 6.800 :6.000  0-1-0

--------------------------------------------------------------

Engine-Match Wednesday, November 19, 2025 4:00:01 PM
 Blitz 2/1 

Pairing 5/6 :    V7P3R_v15.6  -  MaterialOpponent

PGN-File: C:\Program Files (x86)\Arena\Tournaments\V7P3R 15.6 Gauntlet 20251119.pgn

No:  B/W 1/2     W:B       1:2           Time        Value Moves Dep 1:2       1-2-Draws
   1 B 2    1.0:0.0        0.0:1.0       4:01:37 PM  -299.99    15 7.000 :6.000  0-1-0

--------------------------------------------------------------

Engine-Match Wednesday, November 19, 2025 4:01:39 PM
 Blitz 2/1 

Pairing 6/6 :    V7P3R_v15.6  -  RandomOpponent

PGN-File: C:\Program Files (x86)\Arena\Tournaments\V7P3R 15.6 Gauntlet 20251119.pgn

No:  B/W 1/2     W:B       1:2           Time        Value Moves Dep 1:2       1-2-Draws
   1 W 1    1.0:0.0        1.0:0.0       4:03:11 PM     0.00    13 6.545 :0 1-0-0

--------------------------------------------------------------

Engine-Match Wednesday, November 19, 2025 4:03:12 PM
 Blitz 2/1 

Pairing 1/6 :    V7P3R_v15.6  -  V7P3R_v15.5

PGN-File: C:\Program Files (x86)\Arena\Tournaments\V7P3R 15.6 Gauntlet 20251119.pgn

No:  B/W 1/2     W:B       1:2           Time        Value Moves Dep 1:2       1-2-Draws
   2 B 1    1.0:0.0        1.0:1.0       4:06:32 PM   -26.90    19 7.100 :6.889  1-1-0

--------------------------------------------------------------

Engine-Match Wednesday, November 19, 2025 4:06:34 PM
 Blitz 2/1 

Pairing 2/6 :    V7P3R_v15.6  -  V7P3R_v14.1

PGN-File: C:\Program Files (x86)\Arena\Tournaments\V7P3R 15.6 Gauntlet 20251119.pgn

No:  B/W 1/2     W:B       1:2           Time        Value Moves Dep 1:2       1-2-Draws
   2 W 2    1.0:0.0        0.0:2.0       4:09:42 PM  +289.98    27 7.400 :4.385  0-2-0

--------------------------------------------------------------

Engine-Match Wednesday, November 19, 2025 4:09:44 PM
 Blitz 2/1 

Pairing 3/6 :    V7P3R_v15.6  -  V7P3R_v12.6

PGN-File: C:\Program Files (x86)\Arena\Tournaments\V7P3R 15.6 Gauntlet 20251119.pgn

No:  B/W 1/2     W:B       1:2           Time        Value Moves Dep 1:2       1-2-Draws
   2 W 2    1.0:0.0        0.0:2.0       4:11:19 PM     0.00    11 7.167 :3.667  0-2-0

--------------------------------------------------------------

Engine-Match Wednesday, November 19, 2025 4:11:20 PM
 Blitz 2/1 

Pairing 4/6 :    V7P3R_v15.6  -  PositionalOpponent

PGN-File: C:\Program Files (x86)\Arena\Tournaments\V7P3R 15.6 Gauntlet 20251119.pgn

No:  B/W 1/2     W:B       1:2           Time        Value Moves Dep 1:2       1-2-Draws
   2 W 2    1.0:0.0        0.0:2.0       4:14:09 PM  +299.99    20 6.917 :6.000  0-2-0

--------------------------------------------------------------

Engine-Match Wednesday, November 19, 2025 4:14:10 PM
 Blitz 2/1 

Pairing 5/6 :    V7P3R_v15.6  -  MaterialOpponent

PGN-File: C:\Program Files (x86)\Arena\Tournaments\V7P3R 15.6 Gauntlet 20251119.pgn

No:  B/W 1/2     W:B       1:2           Time        Value Moves Dep 1:2       1-2-Draws
   2 W 2    1.0:0.0        0.0:2.0       4:16:46 PM  +299.99    20 6.125 :6.000  0-2-0

--------------------------------------------------------------

Engine-Match Wednesday, November 19, 2025 4:16:47 PM
 Blitz 2/1 

Pairing 6/6 :    V7P3R_v15.6  -  RandomOpponent

PGN-File: C:\Program Files (x86)\Arena\Tournaments\V7P3R 15.6 Gauntlet 20251119.pgn

No:  B/W 1/2     W:B       1:2           Time        Value Moves Dep 1:2       1-2-Draws
   2 B 1    1.0:0.0        2.0:0.0       4:17:58 PM  -299.99     8 7.000 :0 2-0-0

--------------------------------------------------------------

Engine-Match Wednesday, November 19, 2025 4:18:00 PM
 Blitz 2/1 

Pairing 1/6 :    V7P3R_v15.6  -  V7P3R_v15.5

PGN-File: C:\Program Files (x86)\Arena\Tournaments\V7P3R 15.6 Gauntlet 20251119.pgn

No:  B/W 1/2     W:B       1:2           Time        Value Moves Dep 1:2       1-2-Draws
   3 W 1    1.0:0.0        2.0:1.0       4:23:58 PM   +11.40    49 6.923 :6.800  2-1-0

--------------------------------------------------------------

Engine-Match Wednesday, November 19, 2025 4:24:00 PM
 Blitz 2/1 

Pairing 2/6 :    V7P3R_v15.6  -  V7P3R_v14.1

PGN-File: C:\Program Files (x86)\Arena\Tournaments\V7P3R 15.6 Gauntlet 20251119.pgn

No:  B/W 1/2     W:B       1:2           Time        Value Moves Dep 1:2       1-2-Draws
   3 B 2    1.0:0.0        0.0:3.0       4:26:09 PM     0.00    17 6.200 :3.714  0-3-0

--------------------------------------------------------------

Engine-Match Wednesday, November 19, 2025 4:26:10 PM
 Blitz 2/1 

Pairing 3/6 :    V7P3R_v15.6  -  V7P3R_v12.6

PGN-File: C:\Program Files (x86)\Arena\Tournaments\V7P3R 15.6 Gauntlet 20251119.pgn

No:  B/W 1/2     W:B       1:2           Time        Value Moves Dep 1:2       1-2-Draws
   3 B 2    1.0:0.0        0.0:3.0       4:29:00 PM  -289.97    17 6.636 :3.857  0-3-0

--------------------------------------------------------------

Engine-Match Wednesday, November 19, 2025 4:29:02 PM
 Blitz 2/1 

Pairing 4/6 :    V7P3R_v15.6  -  PositionalOpponent

PGN-File: C:\Program Files (x86)\Arena\Tournaments\V7P3R 15.6 Gauntlet 20251119.pgn

No:  B/W 1/2     W:B       1:2           Time        Value Moves Dep 1:2       1-2-Draws
   3 B 2    1.0:0.0        0.0:3.0       4:30:18 PM  -299.99    10 6.800 :6.000  0-3-0

--------------------------------------------------------------

Engine-Match Wednesday, November 19, 2025 4:30:19 PM
 Blitz 2/1 

Pairing 5/6 :    V7P3R_v15.6  -  MaterialOpponent

PGN-File: C:\Program Files (x86)\Arena\Tournaments\V7P3R 15.6 Gauntlet 20251119.pgn

No:  B/W 1/2     W:B       1:2           Time        Value Moves Dep 1:2       1-2-Draws
   3 B 2    1.0:0.0        0.0:3.0       4:31:55 PM  -299.99    15 7.000 :6.000  0-3-0

--------------------------------------------------------------

Engine-Match Wednesday, November 19, 2025 4:31:57 PM
 Blitz 2/1 

Pairing 6/6 :    V7P3R_v15.6  -  RandomOpponent

PGN-File: C:\Program Files (x86)\Arena\Tournaments\V7P3R 15.6 Gauntlet 20251119.pgn

No:  B/W 1/2     W:B       1:2           Time        Value Moves Dep 1:2       1-2-Draws
   3 W 1    1.0:0.0        3.0:0.0       4:34:31 PM  +299.99    27 7.500 :0 3-0-0
