Engine-Match Thursday, November 20, 2025 6:00:58 PM
 Blitz 1/1 

Pairing 1/36 :    V7P3R_v16.2  -  CoverageOpponent_v2.0

PGN-File: C:\Program Files (x86)\Arena\Tournaments\V7P3R Debug Tournament 20251120.pgn

No:  B/W 1/2     W:B       1:2           Time        Value Moves Dep 1:2       1-2-Draws
   1 B 2    1.0:0.0        0.0:1.0       6:03:12 PM  -299.99    17 6.533 :6.176  0-1-0

--------------------------------------------------------------

Engine-Match Thursday, November 20, 2025 6:03:13 PM
 Blitz 1/1 

Pairing 2/36 :    MaterialOpponent_v2.0  -  V7P3R_v16.1

PGN-File: C:\Program Files (x86)\Arena\Tournaments\V7P3R Debug Tournament 20251120.pgn

No:  B/W 1/2     W:B       1:2           Time        Value Moves Dep 1:2       1-2-Draws
   1 B 2    1.0:0.0        0.0:1.0       6:04:48 PM   -11.05    22 7.227 :2.048  0-1-0

--------------------------------------------------------------

Engine-Match Thursday, November 20, 2025 6:04:49 PM
 Blitz 1/1 

Pairing 3/36 :    V7P3R_v16.0  -  RandomOpponent

PGN-File: C:\Program Files (x86)\Arena\Tournaments\V7P3R Debug Tournament 20251120.pgn

No:  B/W 1/2     W:B       1:2           Time        Value Moves Dep 1:2       1-2-Draws
   1 W 1    1.0:0.0        1.0:0.0       6:05:03 PM  +299.99    16 2.000 :0 1-0-0

--------------------------------------------------------------

Engine-Match Thursday, November 20, 2025 6:05:04 PM
 Blitz 1/1 

Pairing 4/36 :    V7P3R_v12.6  -  V7P3R_v14.1

PGN-File: C:\Program Files (x86)\Arena\Tournaments\V7P3R Debug Tournament 20251120.pgn

No:  B/W 1/2     W:B       1:2           Time        Value Moves Dep 1:2       1-2-Draws
   1 B 2    1.0:0.0        0.0:1.0       6:06:37 PM  -289.96    22 2.857 :3.111  0-1-0

--------------------------------------------------------------

Engine-Match Thursday, November 20, 2025 6:06:38 PM
 Blitz 1/1 

Pairing 5/36 :    PositionalOpponent_v2.0  -  MaterialOpponent_v2.0

PGN-File: C:\Program Files (x86)\Arena\Tournaments\V7P3R Debug Tournament 20251120.pgn

No:  B/W 1/2     W:B       1:2           Time        Value Moves Dep 1:2       1-2-Draws
   1 B 2    1.0:0.0        0.0:1.0       6:09:30 PM   -16.20    25 6.438 :8.000  0-1-0

--------------------------------------------------------------

Engine-Match Thursday, November 20, 2025 6:09:32 PM
 Blitz 1/1 

Pairing 6/36 :    RandomOpponent  -  V7P3R_v16.2

PGN-File: C:\Program Files (x86)\Arena\Tournaments\V7P3R Debug Tournament 20251120.pgn

No:  B/W 1/2     W:B       1:2           Time        Value Moves Dep 1:2       1-2-Draws
   1 B 2    1.0:0.0        0.0:1.0       6:11:04 PM  -299.99    20 0:5.550  0-1-0

--------------------------------------------------------------

Engine-Match Thursday, November 20, 2025 6:11:05 PM
 Blitz 1/1 

Pairing 7/36 :    V7P3R_v16.1  -  V7P3R_v12.6

PGN-File: C:\Program Files (x86)\Arena\Tournaments\V7P3R Debug Tournament 20251120.pgn

No:  B/W 1/2     W:B       1:2           Time        Value Moves Dep 1:2       1-2-Draws
   1 B 2    1.0:0.0        0.0:1.0       6:13:23 PM  -289.98    69 2.000 :3.000  0-1-0

--------------------------------------------------------------

Engine-Match Thursday, November 20, 2025 6:13:24 PM
 Blitz 1/1 

Pairing 8/36 :    V7P3R_v14.1  -  V7P3R_v16.0

PGN-File: C:\Program Files (x86)\Arena\Tournaments\V7P3R Debug Tournament 20251120.pgn

No:  B/W 1/2     W:B       1:2           Time        Value Moves Dep 1:2       1-2-Draws
   1 W 1    1.0:0.0        1.0:0.0       6:14:30 PM  +289.97    35 3.097 :2.147  1-0-0

--------------------------------------------------------------

Engine-Match Thursday, November 20, 2025 6:14:31 PM
 Blitz 1/1 

Pairing 9/36 :    CoverageOpponent_v2.0  -  RandomOpponent

PGN-File: C:\Program Files (x86)\Arena\Tournaments\V7P3R Debug Tournament 20251120.pgn

No:  B/W 1/2     W:B       1:2           Time        Value Moves Dep 1:2       1-2-Draws
   1 W 1    1.0:0.0        1.0:0.0       6:16:07 PM  +299.99    26 5.885 :0 1-0-0

--------------------------------------------------------------

Engine-Match Thursday, November 20, 2025 6:16:09 PM
 Blitz 1/1 

Pairing 10/36 :    V7P3R_v12.6  -  PositionalOpponent_v2.0

PGN-File: C:\Program Files (x86)\Arena\Tournaments\V7P3R Debug Tournament 20251120.pgn

No:  B/W 1/2     W:B       1:2           Time        Value Moves Dep 1:2       1-2-Draws
   1 W 1    1.0:0.0        1.0:0.0       6:17:47 PM   +13.10    13 3.308 :6.385  1-0-0

--------------------------------------------------------------

Engine-Match Thursday, November 20, 2025 6:17:48 PM
 Blitz 1/1 

Pairing 11/36 :    V7P3R_v16.2  -  V7P3R_v14.1

PGN-File: C:\Program Files (x86)\Arena\Tournaments\V7P3R Debug Tournament 20251120.pgn

No:  B/W 1/2     W:B       1:2           Time        Value Moves Dep 1:2       1-2-Draws
   1 B 2    1.0:0.0        0.0:1.0       6:19:24 PM  -289.98    16 5.571 :3.400  0-1-0

--------------------------------------------------------------

Engine-Match Thursday, November 20, 2025 6:19:25 PM
 Blitz 1/1 

Pairing 12/36 :    V7P3R_v16.0  -  V7P3R_v16.1

PGN-File: C:\Program Files (x86)\Arena\Tournaments\V7P3R Debug Tournament 20251120.pgn

No:  B/W 1/2     W:B       1:2           Time        Value Moves Dep 1:2       1-2-Draws
   1 B 2    1.0:0.0        0.0:1.0       6:19:42 PM   -14.46    13 2.167 :2.091  0-1-0

--------------------------------------------------------------

Engine-Match Thursday, November 20, 2025 6:19:43 PM
 Blitz 1/1 

Pairing 13/36 :    MaterialOpponent_v2.0  -  V7P3R_v12.6

PGN-File: C:\Program Files (x86)\Arena\Tournaments\V7P3R Debug Tournament 20251120.pgn

No:  B/W 1/2     W:B       1:2           Time        Value Moves Dep 1:2       1-2-Draws
   1 B 2    1.0:0.0        0.0:1.0       6:21:47 PM   -25.25    20 8.353 :3.357  0-1-0

--------------------------------------------------------------

Engine-Match Thursday, November 20, 2025 6:21:49 PM
 Blitz 1/1 

Pairing 14/36 :    V7P3R_v14.1  -  CoverageOpponent_v2.0

PGN-File: C:\Program Files (x86)\Arena\Tournaments\V7P3R Debug Tournament 20251120.pgn

No:  B/W 1/2     W:B       1:2           Time        Value Moves Dep 1:2       1-2-Draws
   1 W 1    1.0:0.0        1.0:0.0       6:23:54 PM  +289.99    23 3.294 :6.294  1-0-0

--------------------------------------------------------------

Engine-Match Thursday, November 20, 2025 6:23:56 PM
 Blitz 1/1 

Pairing 15/36 :    PositionalOpponent_v2.0  -  V7P3R_v16.0

PGN-File: C:\Program Files (x86)\Arena\Tournaments\V7P3R Debug Tournament 20251120.pgn

No:  B/W 1/2     W:B       1:2           Time        Value Moves Dep 1:2       1-2-Draws
   1 B 2    1.0:0.0        0.0:1.0       6:25:04 PM   -18.50    12 6.917 :2.000  0-1-0

--------------------------------------------------------------

Engine-Match Thursday, November 20, 2025 6:25:06 PM
 Blitz 1/1 

Pairing 16/36 :    V7P3R_v16.1  -  V7P3R_v16.2

PGN-File: C:\Program Files (x86)\Arena\Tournaments\V7P3R Debug Tournament 20251120.pgn

No:  B/W 1/2     W:B       1:2           Time        Value Moves Dep 1:2       1-2-Draws
   1 W 1    1.0:0.0        1.0:0.0       6:25:56 PM  +299.99    13 2.000 :6.857  1-0-0

--------------------------------------------------------------

Engine-Match Thursday, November 20, 2025 6:25:58 PM
 Blitz 1/1 

Pairing 17/36 :    RandomOpponent  -  V7P3R_v14.1

PGN-File: C:\Program Files (x86)\Arena\Tournaments\V7P3R Debug Tournament 20251120.pgn

No:  B/W 1/2     W:B       1:2           Time        Value Moves Dep 1:2       1-2-Draws
   1 B 2    1.0:0.0        0.0:1.0       6:26:51 PM     0.00    28 0:3.231  0-1-0

--------------------------------------------------------------

Engine-Match Thursday, November 20, 2025 6:26:52 PM
 Blitz 1/1 

Pairing 18/36 :    V7P3R_v16.0  -  MaterialOpponent_v2.0

PGN-File: C:\Program Files (x86)\Arena\Tournaments\V7P3R Debug Tournament 20251120.pgn

No:  B/W 1/2     W:B       1:2           Time        Value Moves Dep 1:2       1-2-Draws
   1 W 1    1.0:0.0        1.0:0.0       6:27:59 PM   +19.15    11 2.000 :8.364  1-0-0

--------------------------------------------------------------

Engine-Match Thursday, November 20, 2025 6:28:00 PM
 Blitz 1/1 

Pairing 19/36 :    CoverageOpponent_v2.0  -  V7P3R_v16.1

PGN-File: C:\Program Files (x86)\Arena\Tournaments\V7P3R Debug Tournament 20251120.pgn

No:  B/W 1/2     W:B       1:2           Time        Value Moves Dep 1:2       1-2-Draws
   1 B 2    1.0:0.0        0.0:1.0       6:29:16 PM  -299.99    16 6.250 :2.000  0-1-0

--------------------------------------------------------------

Engine-Match Thursday, November 20, 2025 6:29:17 PM
 Blitz 1/1 

Pairing 20/36 :    V7P3R_v16.2  -  PositionalOpponent_v2.0

PGN-File: C:\Program Files (x86)\Arena\Tournaments\V7P3R Debug Tournament 20251120.pgn

No:  B/W 1/2     W:B       1:2           Time        Value Moves Dep 1:2       1-2-Draws
   1 W 1    1.0:0.0        1.0:0.0       6:32:39 PM   +14.00    35 6.133 :6.400  1-0-0

--------------------------------------------------------------

Engine-Match Thursday, November 20, 2025 6:32:49 PM
 Blitz 1/1 

Pairing 21/36 :    V7P3R_v12.6  -  V7P3R_v16.0

PGN-File: C:\Program Files (x86)\Arena\Tournaments\V7P3R Debug Tournament 20251120.pgn

No:  B/W 1/2     W:B       1:2           Time        Value Moves Dep 1:2       1-2-Draws
   1 W 1    1.0:0.0        1.0:0.0       6:34:41 PM   +10.04    42 3.000 :2.100  1-0-0

--------------------------------------------------------------

Engine-Match Thursday, November 20, 2025 6:34:42 PM
 Blitz 1/1 

Pairing 22/36 :    V7P3R_v16.1  -  RandomOpponent

PGN-File: C:\Program Files (x86)\Arena\Tournaments\V7P3R Debug Tournament 20251120.pgn

No:  B/W 1/2     W:B       1:2           Time        Value Moves Dep 1:2       1-2-Draws
   1 W 1    1.0:0.0        1.0:0.0       6:34:54 PM  +299.99    16 2.267 :0 1-0-0

--------------------------------------------------------------

Engine-Match Thursday, November 20, 2025 6:34:56 PM
 Blitz 1/1 

Pairing 23/36 :    MaterialOpponent_v2.0  -  V7P3R_v16.2

PGN-File: C:\Program Files (x86)\Arena\Tournaments\V7P3R Debug Tournament 20251120.pgn

No:  B/W 1/2     W:B       1:2           Time        Value Moves Dep 1:2       1-2-Draws
   1 B 2    1.0:0.0        0.0:1.0       6:37:21 PM    -9.35    18 9.063 :6.375  0-1-0

--------------------------------------------------------------

Engine-Match Thursday, November 20, 2025 6:37:23 PM
 Blitz 1/1 

Pairing 24/36 :    PositionalOpponent_v2.0  -  CoverageOpponent_v2.0

PGN-File: C:\Program Files (x86)\Arena\Tournaments\V7P3R Debug Tournament 20251120.pgn

No:  B/W 1/2     W:B       1:2           Time        Value Moves Dep 1:2       1-2-Draws
   1 W 1    1.0:0.0        1.0:0.0       6:40:54 PM  +299.99    39 6.688 :6.400  1-0-0

--------------------------------------------------------------

Engine-Match Thursday, November 20, 2025 6:40:55 PM
 Blitz 1/1 

Pairing 25/36 :    V7P3R_v14.1  -  V7P3R_v16.1

PGN-File: C:\Program Files (x86)\Arena\Tournaments\V7P3R Debug Tournament 20251120.pgn

No:  B/W 1/2     W:B       1:2           Time        Value Moves Dep 1:2       1-2-Draws
   1 = =    0.5:0.5        0.5:0.5       6:42:15 PM     0.00    42 3.500 :2.095  0-0-1

--------------------------------------------------------------

Engine-Match Thursday, November 20, 2025 6:42:16 PM
 Blitz 1/1 

Pairing 26/36 :    V7P3R_v16.2  -  V7P3R_v12.6

PGN-File: C:\Program Files (x86)\Arena\Tournaments\V7P3R Debug Tournament 20251120.pgn

No:  B/W 1/2     W:B       1:2           Time        Value Moves Dep 1:2       1-2-Draws
   1 B 2    1.0:0.0        0.0:1.0       6:43:50 PM   -11.08    14 5.692 :3.250  0-1-0

--------------------------------------------------------------

Engine-Match Thursday, November 20, 2025 6:43:51 PM
 Blitz 1/1 

Pairing 27/36 :    RandomOpponent  -  PositionalOpponent_v2.0

PGN-File: C:\Program Files (x86)\Arena\Tournaments\V7P3R Debug Tournament 20251120.pgn

No:  B/W 1/2     W:B       1:2           Time        Value Moves Dep 1:2       1-2-Draws
   1 B 2    1.0:0.0        0.0:1.0       6:45:22 PM  -299.99    26 0:6.385  0-1-0

--------------------------------------------------------------

Engine-Match Thursday, November 20, 2025 6:45:24 PM
 Blitz 1/1 

Pairing 28/36 :    CoverageOpponent_v2.0  -  MaterialOpponent_v2.0

PGN-File: C:\Program Files (x86)\Arena\Tournaments\V7P3R Debug Tournament 20251120.pgn

No:  B/W 1/2     W:B       1:2           Time        Value Moves Dep 1:2       1-2-Draws
   1 B 2    1.0:0.0        0.0:1.0       6:49:40 PM  -299.99    55 5.842 :8.105  0-1-0

--------------------------------------------------------------

Engine-Match Thursday, November 20, 2025 6:49:42 PM
 Blitz 1/1 

Pairing 29/36 :    V7P3R_v16.0  -  V7P3R_v16.2

PGN-File: C:\Program Files (x86)\Arena\Tournaments\V7P3R Debug Tournament 20251120.pgn

No:  B/W 1/2     W:B       1:2           Time        Value Moves Dep 1:2       1-2-Draws
   1 W 1    1.0:0.0        1.0:0.0       6:50:59 PM   +15.40    15 2.071 :6.000  1-0-0

--------------------------------------------------------------

Engine-Match Thursday, November 20, 2025 6:51:00 PM
 Blitz 1/1 

Pairing 30/36 :    PositionalOpponent_v2.0  -  V7P3R_v14.1

PGN-File: C:\Program Files (x86)\Arena\Tournaments\V7P3R Debug Tournament 20251120.pgn

No:  B/W 1/2     W:B       1:2           Time        Value Moves Dep 1:2       1-2-Draws
   1 B 2    1.0:0.0        0.0:1.0       6:52:22 PM   -15.50    14 6.286 :3.417  0-1-0

--------------------------------------------------------------

Engine-Match Thursday, November 20, 2025 6:52:23 PM
 Blitz 1/1 

Pairing 31/36 :    V7P3R_v12.6  -  CoverageOpponent_v2.0

PGN-File: C:\Program Files (x86)\Arena\Tournaments\V7P3R Debug Tournament 20251120.pgn

No:  B/W 1/2     W:B       1:2           Time        Value Moves Dep 1:2       1-2-Draws
   1 W 1    1.0:0.0        1.0:0.0       6:54:44 PM     0.00    23 3.647 :6.421  1-0-0

--------------------------------------------------------------

Engine-Match Thursday, November 20, 2025 6:54:46 PM
 Blitz 1/1 

Pairing 32/36 :    MaterialOpponent_v2.0  -  RandomOpponent

PGN-File: C:\Program Files (x86)\Arena\Tournaments\V7P3R Debug Tournament 20251120.pgn

No:  B/W 1/2     W:B       1:2           Time        Value Moves Dep 1:2       1-2-Draws
   1 W 1    1.0:0.0        1.0:0.0       6:56:18 PM  +299.99    24 8.000 :0 1-0-0

--------------------------------------------------------------

Engine-Match Thursday, November 20, 2025 6:56:19 PM
 Blitz 1/1 

Pairing 33/36 :    V7P3R_v16.1  -  PositionalOpponent_v2.0

PGN-File: C:\Program Files (x86)\Arena\Tournaments\V7P3R Debug Tournament 20251120.pgn

No:  B/W 1/2     W:B       1:2           Time        Value Moves Dep 1:2       1-2-Draws
   1 W 1    1.0:0.0        1.0:0.0       6:57:35 PM   +15.20    14 2.000 :6.357  1-0-0

--------------------------------------------------------------

Engine-Match Thursday, November 20, 2025 6:57:37 PM
 Blitz 1/1 

Pairing 34/36 :    CoverageOpponent_v2.0  -  V7P3R_v16.0

PGN-File: C:\Program Files (x86)\Arena\Tournaments\V7P3R Debug Tournament 20251120.pgn

No:  B/W 1/2     W:B       1:2           Time        Value Moves Dep 1:2       1-2-Draws
   1 B 2    1.0:0.0        0.0:1.0       6:59:13 PM  -299.99    25 6.000 :2.320  0-1-0

--------------------------------------------------------------

Engine-Match Thursday, November 20, 2025 6:59:14 PM
 Blitz 1/1 

Pairing 35/36 :    V7P3R_v14.1  -  MaterialOpponent_v2.0

PGN-File: C:\Program Files (x86)\Arena\Tournaments\V7P3R Debug Tournament 20251120.pgn

No:  B/W 1/2     W:B       1:2           Time        Value Moves Dep 1:2       1-2-Draws
   1 W 1    1.0:0.0        1.0:0.0       7:01:05 PM   +25.95    19 3.278 :7.737  1-0-0

--------------------------------------------------------------

Engine-Match Thursday, November 20, 2025 7:01:06 PM
 Blitz 1/1 

Pairing 36/36 :    RandomOpponent  -  V7P3R_v12.6

PGN-File: C:\Program Files (x86)\Arena\Tournaments\V7P3R Debug Tournament 20251120.pgn

No:  B/W 1/2     W:B       1:2           Time        Value Moves Dep 1:2       1-2-Draws
   1 B 2    1.0:0.0        0.0:1.0       7:02:20 PM     0.00    26 0:3.208  0-1-0

--------------------------------------------------------------

Engine-Match Thursday, November 20, 2025 7:02:22 PM
 Blitz 1/1 

Pairing 1/36 :    V7P3R_v16.2  -  CoverageOpponent_v2.0

PGN-File: C:\Program Files (x86)\Arena\Tournaments\V7P3R Debug Tournament 20251120.pgn

No:  B/W 1/2     W:B       1:2           Time        Value Moves Dep 1:2       1-2-Draws
   2 W 2    1.0:0.0        0.0:2.0       7:04:40 PM    +9.10    16 6.188 :6.000  0-2-0

--------------------------------------------------------------

Engine-Match Thursday, November 20, 2025 7:04:42 PM
 Blitz 1/1 

Pairing 2/36 :    MaterialOpponent_v2.0  -  V7P3R_v16.1

PGN-File: C:\Program Files (x86)\Arena\Tournaments\V7P3R Debug Tournament 20251120.pgn

No:  B/W 1/2     W:B       1:2           Time        Value Moves Dep 1:2       1-2-Draws
   2 W 2    1.0:0.0        0.0:2.0       7:06:06 PM   +22.50    19 7.053 :2.000  0-2-0

--------------------------------------------------------------

Engine-Match Thursday, November 20, 2025 7:06:07 PM
 Blitz 1/1 

Pairing 3/36 :    V7P3R_v16.0  -  RandomOpponent

PGN-File: C:\Program Files (x86)\Arena\Tournaments\V7P3R Debug Tournament 20251120.pgn

No:  B/W 1/2     W:B       1:2           Time        Value Moves Dep 1:2       1-2-Draws
   2 B 1    1.0:0.0        2.0:0.0       7:06:22 PM  -299.99    16 2.250 :0 2-0-0

--------------------------------------------------------------

Engine-Match Thursday, November 20, 2025 7:06:24 PM
 Blitz 1/1 

Pairing 4/36 :    V7P3R_v12.6  -  V7P3R_v14.1

PGN-File: C:\Program Files (x86)\Arena\Tournaments\V7P3R Debug Tournament 20251120.pgn

No:  B/W 1/2     W:B       1:2           Time        Value Moves Dep 1:2       1-2-Draws
   2 = =    0.5:0.5        0.5:1.5       7:09:33 PM     0.00    55 3.000 :3.172  0-1-1

--------------------------------------------------------------

Engine-Match Thursday, November 20, 2025 7:09:43 PM
 Blitz 1/1 

Pairing 5/36 :    PositionalOpponent_v2.0  -  MaterialOpponent_v2.0

PGN-File: C:\Program Files (x86)\Arena\Tournaments\V7P3R Debug Tournament 20251120.pgn

No:  B/W 1/2     W:B       1:2           Time        Value Moves Dep 1:2       1-2-Draws
   2 W 2    1.0:0.0        0.0:2.0       7:11:39 PM   +11.60    13 6.538 :8.846  0-2-0

--------------------------------------------------------------

Engine-Match Thursday, November 20, 2025 7:11:40 PM
 Blitz 1/1 

Pairing 6/36 :    RandomOpponent  -  V7P3R_v16.2

PGN-File: C:\Program Files (x86)\Arena\Tournaments\V7P3R Debug Tournament 20251120.pgn

No:  B/W 1/2     W:B       1:2           Time        Value Moves Dep 1:2       1-2-Draws
   2 W 2    1.0:0.0        0.0:2.0       7:13:35 PM  +299.99    35 0:5.481  0-2-0

--------------------------------------------------------------

Engine-Match Thursday, November 20, 2025 7:13:37 PM
 Blitz 1/1 

Pairing 7/36 :    V7P3R_v16.1  -  V7P3R_v12.6

PGN-File: C:\Program Files (x86)\Arena\Tournaments\V7P3R Debug Tournament 20251120.pgn

No:  B/W 1/2     W:B       1:2           Time        Value Moves Dep 1:2       1-2-Draws
   2 W 2    1.0:0.0        0.0:2.0       7:15:31 PM   +25.74    56 2.048 :3.150  0-2-0

--------------------------------------------------------------

Engine-Match Thursday, November 20, 2025 7:15:33 PM
 Blitz 1/1 

Pairing 8/36 :    V7P3R_v14.1  -  V7P3R_v16.0

PGN-File: C:\Program Files (x86)\Arena\Tournaments\V7P3R Debug Tournament 20251120.pgn

No:  B/W 1/2     W:B       1:2           Time        Value Moves Dep 1:2       1-2-Draws
   2 B 1    1.0:0.0        2.0:0.0       7:17:05 PM   -14.88    60 3.192 :2.103  2-0-0

--------------------------------------------------------------

Engine-Match Thursday, November 20, 2025 7:17:07 PM
 Blitz 1/1 

Pairing 9/36 :    CoverageOpponent_v2.0  -  RandomOpponent

PGN-File: C:\Program Files (x86)\Arena\Tournaments\V7P3R Debug Tournament 20251120.pgn

No:  B/W 1/2     W:B       1:2           Time        Value Moves Dep 1:2       1-2-Draws
   2 B 1    1.0:0.0        2.0:0.0       7:18:33 PM  -299.99    21 5.810 :0 2-0-0

--------------------------------------------------------------

Engine-Match Thursday, November 20, 2025 7:18:35 PM
 Blitz 1/1 

Pairing 10/36 :    V7P3R_v12.6  -  PositionalOpponent_v2.0

PGN-File: C:\Program Files (x86)\Arena\Tournaments\V7P3R Debug Tournament 20251120.pgn

No:  B/W 1/2     W:B       1:2           Time        Value Moves Dep 1:2       1-2-Draws
   2 B 1    1.0:0.0        2.0:0.0       7:20:17 PM   -13.00    14 3.333 :6.357  2-0-0

--------------------------------------------------------------

Engine-Match Thursday, November 20, 2025 7:20:19 PM
 Blitz 1/1 

Pairing 11/36 :    V7P3R_v16.2  -  V7P3R_v14.1

PGN-File: C:\Program Files (x86)\Arena\Tournaments\V7P3R Debug Tournament 20251120.pgn

No:  B/W 1/2     W:B       1:2           Time        Value Moves Dep 1:2       1-2-Draws
   2 W 2    1.0:0.0        0.0:2.0       7:22:03 PM   +16.84    18 6.444 :3.667  0-2-0

--------------------------------------------------------------

Engine-Match Thursday, November 20, 2025 7:22:05 PM
 Blitz 1/1 

Pairing 12/36 :    V7P3R_v16.0  -  V7P3R_v16.1

PGN-File: C:\Program Files (x86)\Arena\Tournaments\V7P3R Debug Tournament 20251120.pgn

No:  B/W 1/2     W:B       1:2           Time        Value Moves Dep 1:2       1-2-Draws
   2 B 1    1.0:0.0        1.0:1.0       7:22:22 PM   -12.70    24 2.000 :2.136  1-1-0

--------------------------------------------------------------

Engine-Match Thursday, November 20, 2025 7:22:24 PM
 Blitz 1/1 

Pairing 13/36 :    MaterialOpponent_v2.0  -  V7P3R_v12.6

PGN-File: C:\Program Files (x86)\Arena\Tournaments\V7P3R Debug Tournament 20251120.pgn

No:  B/W 1/2     W:B       1:2           Time        Value Moves Dep 1:2       1-2-Draws
   2 W 2    1.0:0.0        0.0:2.0       7:24:18 PM  +289.97    18 8.235 :3.111  0-2-0

--------------------------------------------------------------

Engine-Match Thursday, November 20, 2025 7:24:20 PM
 Blitz 1/1 

Pairing 14/36 :    V7P3R_v14.1  -  CoverageOpponent_v2.0

PGN-File: C:\Program Files (x86)\Arena\Tournaments\V7P3R Debug Tournament 20251120.pgn

No:  B/W 1/2     W:B       1:2           Time        Value Moves Dep 1:2       1-2-Draws
   2 B 1    1.0:0.0        2.0:0.0       7:26:39 PM  -289.97    30 3.250 :6.706  2-0-0

--------------------------------------------------------------

Engine-Match Thursday, November 20, 2025 7:26:40 PM
 Blitz 1/1 

Pairing 15/36 :    PositionalOpponent_v2.0  -  V7P3R_v16.0

PGN-File: C:\Program Files (x86)\Arena\Tournaments\V7P3R Debug Tournament 20251120.pgn

No:  B/W 1/2     W:B       1:2           Time        Value Moves Dep 1:2       1-2-Draws
   2 W 2    1.0:0.0        0.0:2.0       7:28:09 PM   +19.60    19 6.158 :2.000  0-2-0

--------------------------------------------------------------

Engine-Match Thursday, November 20, 2025 7:28:10 PM
 Blitz 1/1 

Pairing 16/36 :    V7P3R_v16.1  -  V7P3R_v16.2

PGN-File: C:\Program Files (x86)\Arena\Tournaments\V7P3R Debug Tournament 20251120.pgn

No:  B/W 1/2     W:B       1:2           Time        Value Moves Dep 1:2       1-2-Draws
   2 B 1    1.0:0.0        2.0:0.0       7:29:12 PM   -13.94    15 2.000 :5.900  2-0-0

--------------------------------------------------------------

Engine-Match Thursday, November 20, 2025 7:29:14 PM
 Blitz 1/1 

Pairing 17/36 :    RandomOpponent  -  V7P3R_v14.1

PGN-File: C:\Program Files (x86)\Arena\Tournaments\V7P3R Debug Tournament 20251120.pgn

No:  B/W 1/2     W:B       1:2           Time        Value Moves Dep 1:2       1-2-Draws
   2 W 2    1.0:0.0        0.0:2.0       7:30:00 PM  +289.96    24 0:3.391  0-2-0

--------------------------------------------------------------

Engine-Match Thursday, November 20, 2025 7:30:01 PM
 Blitz 1/1 

Pairing 18/36 :    V7P3R_v16.0  -  MaterialOpponent_v2.0

PGN-File: C:\Program Files (x86)\Arena\Tournaments\V7P3R Debug Tournament 20251120.pgn

No:  B/W 1/2     W:B       1:2           Time        Value Moves Dep 1:2       1-2-Draws
   2 B 1    1.0:0.0        2.0:0.0       7:31:29 PM   -10.00    18 2.059 :7.444  2-0-0

--------------------------------------------------------------

Engine-Match Thursday, November 20, 2025 7:31:30 PM
 Blitz 1/1 

Pairing 19/36 :    CoverageOpponent_v2.0  -  V7P3R_v16.1

PGN-File: C:\Program Files (x86)\Arena\Tournaments\V7P3R Debug Tournament 20251120.pgn

No:  B/W 1/2     W:B       1:2           Time        Value Moves Dep 1:2       1-2-Draws
   2 W 2    1.0:0.0        0.0:2.0       7:32:23 PM  +299.99    10 6.000 :2.000  0-2-0

--------------------------------------------------------------

Engine-Match Thursday, November 20, 2025 7:32:25 PM
 Blitz 1/1 

Pairing 20/36 :    V7P3R_v16.2  -  PositionalOpponent_v2.0

PGN-File: C:\Program Files (x86)\Arena\Tournaments\V7P3R Debug Tournament 20251120.pgn

No:  B/W 1/2     W:B       1:2           Time        Value Moves Dep 1:2       1-2-Draws
   2 W 2    1.0:0.0        1.0:1.0       7:35:52 PM   +13.20    37 6.400 :6.875  1-1-0

--------------------------------------------------------------

Engine-Match Thursday, November 20, 2025 7:35:54 PM
 Blitz 1/1 

Pairing 21/36 :    V7P3R_v12.6  -  V7P3R_v16.0

PGN-File: C:\Program Files (x86)\Arena\Tournaments\V7P3R Debug Tournament 20251120.pgn

No:  B/W 1/2     W:B       1:2           Time        Value Moves Dep 1:2       1-2-Draws
   2 B 1    1.0:0.0        2.0:0.0       7:37:10 PM   -16.89    26 3.000 :2.360  2-0-0

--------------------------------------------------------------

Engine-Match Thursday, November 20, 2025 7:37:11 PM
 Blitz 1/1 

Pairing 22/36 :    V7P3R_v16.1  -  RandomOpponent

PGN-File: C:\Program Files (x86)\Arena\Tournaments\V7P3R Debug Tournament 20251120.pgn

No:  B/W 1/2     W:B       1:2           Time        Value Moves Dep 1:2       1-2-Draws
   2 B 1    1.0:0.0        2.0:0.0       7:37:28 PM  -299.99    38 2.053 :0 2-0-0

--------------------------------------------------------------

Engine-Match Thursday, November 20, 2025 7:37:30 PM
 Blitz 1/1 

Pairing 23/36 :    MaterialOpponent_v2.0  -  V7P3R_v16.2

PGN-File: C:\Program Files (x86)\Arena\Tournaments\V7P3R Debug Tournament 20251120.pgn

No:  B/W 1/2     W:B       1:2           Time        Value Moves Dep 1:2       1-2-Draws
   2 W 2    1.0:0.0        0.0:2.0       7:40:10 PM  +299.99    22 8.278 :6.294  0-2-0

--------------------------------------------------------------

Engine-Match Thursday, November 20, 2025 7:40:11 PM
 Blitz 1/1 

Pairing 24/36 :    PositionalOpponent_v2.0  -  CoverageOpponent_v2.0

PGN-File: C:\Program Files (x86)\Arena\Tournaments\V7P3R Debug Tournament 20251120.pgn

No:  B/W 1/2     W:B       1:2           Time        Value Moves Dep 1:2       1-2-Draws
   2 W 2    1.0:0.0        1.0:1.0       7:41:25 PM  +299.99     7 6.833 :6.571  1-1-0

--------------------------------------------------------------

Engine-Match Thursday, November 20, 2025 7:41:39 PM
 Blitz 1/1 

Pairing 25/36 :    V7P3R_v14.1  -  V7P3R_v16.1

PGN-File: C:\Program Files (x86)\Arena\Tournaments\V7P3R Debug Tournament 20251120.pgn

No:  B/W 1/2     W:B       1:2           Time        Value Moves Dep 1:2       1-2-Draws
   2 B 1    1.5:0.5        1.5:0.5       7:42:45 PM   -34.87    30 3.412 :2.278  1-0-1

--------------------------------------------------------------

Engine-Match Thursday, November 20, 2025 7:42:46 PM
 Blitz 1/1 

Pairing 26/36 :    V7P3R_v16.2  -  V7P3R_v12.6

PGN-File: C:\Program Files (x86)\Arena\Tournaments\V7P3R Debug Tournament 20251120.pgn

No:  B/W 1/2     W:B       1:2           Time        Value Moves Dep 1:2       1-2-Draws
   2 W 2    1.0:0.0        0.0:2.0       7:44:37 PM   +17.32    16 5.875 :3.533  0-2-0

--------------------------------------------------------------

Engine-Match Thursday, November 20, 2025 7:44:38 PM
 Blitz 1/1 

Pairing 27/36 :    RandomOpponent  -  PositionalOpponent_v2.0

PGN-File: C:\Program Files (x86)\Arena\Tournaments\V7P3R Debug Tournament 20251120.pgn

No:  B/W 1/2     W:B       1:2           Time        Value Moves Dep 1:2       1-2-Draws
   2 W 2    1.0:0.0        0.0:2.0       7:45:29 PM  +299.99    10 0:6.600  0-2-0

--------------------------------------------------------------

Engine-Match Thursday, November 20, 2025 7:45:31 PM
 Blitz 1/1 

Pairing 28/36 :    CoverageOpponent_v2.0  -  MaterialOpponent_v2.0

PGN-File: C:\Program Files (x86)\Arena\Tournaments\V7P3R Debug Tournament 20251120.pgn

No:  B/W 1/2     W:B       1:2           Time        Value Moves Dep 1:2       1-2-Draws
   2 W 2    1.0:0.0        0.0:2.0       7:47:34 PM  +299.99    13 5.750 :8.385  0-2-0

--------------------------------------------------------------

Engine-Match Thursday, November 20, 2025 7:47:35 PM
 Blitz 1/1 

Pairing 29/36 :    V7P3R_v16.0  -  V7P3R_v16.2

PGN-File: C:\Program Files (x86)\Arena\Tournaments\V7P3R Debug Tournament 20251120.pgn

No:  B/W 1/2     W:B       1:2           Time        Value Moves Dep 1:2       1-2-Draws
   2 B 1    1.0:0.0        2.0:0.0       7:48:59 PM   -12.86    18 2.059 :6.375  2-0-0

--------------------------------------------------------------

Engine-Match Thursday, November 20, 2025 7:49:00 PM
 Blitz 1/1 

Pairing 30/36 :    PositionalOpponent_v2.0  -  V7P3R_v14.1

PGN-File: C:\Program Files (x86)\Arena\Tournaments\V7P3R Debug Tournament 20251120.pgn

No:  B/W 1/2     W:B       1:2           Time        Value Moves Dep 1:2       1-2-Draws
   2 W 2    1.0:0.0        0.0:2.0       7:50:10 PM   +10.70    12 6.500 :3.182  0-2-0

--------------------------------------------------------------

Engine-Match Thursday, November 20, 2025 7:50:11 PM
 Blitz 1/1 

Pairing 31/36 :    V7P3R_v12.6  -  CoverageOpponent_v2.0

PGN-File: C:\Program Files (x86)\Arena\Tournaments\V7P3R Debug Tournament 20251120.pgn

No:  B/W 1/2     W:B       1:2           Time        Value Moves Dep 1:2       1-2-Draws
   2 B 1    1.0:0.0        2.0:0.0       7:52:43 PM  -289.96    24 3.136 :5.792  2-0-0

--------------------------------------------------------------

Engine-Match Thursday, November 20, 2025 7:52:45 PM
 Blitz 1/1 

Pairing 32/36 :    MaterialOpponent_v2.0  -  RandomOpponent

PGN-File: C:\Program Files (x86)\Arena\Tournaments\V7P3R Debug Tournament 20251120.pgn

No:  B/W 1/2     W:B       1:2           Time        Value Moves Dep 1:2       1-2-Draws
   2 B 1    1.0:0.0        2.0:0.0       7:54:19 PM  -299.99    25 8.080 :0 2-0-0

--------------------------------------------------------------

Engine-Match Thursday, November 20, 2025 7:54:20 PM
 Blitz 1/1 

Pairing 33/36 :    V7P3R_v16.1  -  PositionalOpponent_v2.0

PGN-File: C:\Program Files (x86)\Arena\Tournaments\V7P3R Debug Tournament 20251120.pgn

No:  B/W 1/2     W:B       1:2           Time        Value Moves Dep 1:2       1-2-Draws
   2 B 1    1.0:0.0        2.0:0.0       7:55:43 PM   -12.00    17 2.000 :6.765  2-0-0

--------------------------------------------------------------

Engine-Match Thursday, November 20, 2025 7:55:45 PM
 Blitz 1/1 

Pairing 34/36 :    CoverageOpponent_v2.0  -  V7P3R_v16.0

PGN-File: C:\Program Files (x86)\Arena\Tournaments\V7P3R Debug Tournament 20251120.pgn

No:  B/W 1/2     W:B       1:2           Time        Value Moves Dep 1:2       1-2-Draws
   2 W 2    1.0:0.0        0.0:2.0       7:56:55 PM  +299.99    15 6.143 :2.071  0-2-0

--------------------------------------------------------------

Engine-Match Thursday, November 20, 2025 7:56:57 PM
 Blitz 1/1 

Pairing 35/36 :    V7P3R_v14.1  -  MaterialOpponent_v2.0

PGN-File: C:\Program Files (x86)\Arena\Tournaments\V7P3R Debug Tournament 20251120.pgn

No:  B/W 1/2     W:B       1:2           Time        Value Moves Dep 1:2       1-2-Draws
   2 B 1    1.0:0.0        2.0:0.0       7:58:46 PM   -12.00    20 3.158 :8.150  2-0-0

--------------------------------------------------------------

Engine-Match Thursday, November 20, 2025 7:58:47 PM
 Blitz 1/1 

Pairing 36/36 :    RandomOpponent  -  V7P3R_v12.6

PGN-File: C:\Program Files (x86)\Arena\Tournaments\V7P3R Debug Tournament 20251120.pgn

No:  B/W 1/2     W:B       1:2           Time        Value Moves Dep 1:2       1-2-Draws
   2 W 2    1.0:0.0        0.0:2.0       7:59:13 PM  +289.97     7 0:3.429  0-2-0

--------------------------------------------------------------

Engine-Match Thursday, November 20, 2025 7:59:14 PM
 Blitz 1/1 

Pairing 1/36 :    V7P3R_v16.2  -  CoverageOpponent_v2.0

PGN-File: C:\Program Files (x86)\Arena\Tournaments\V7P3R Debug Tournament 20251120.pgn

No:  B/W 1/2     W:B       1:2           Time        Value Moves Dep 1:2       1-2-Draws
   3 W 1    1.0:0.0        1.0:2.0       8:00:39 PM  +299.99     9 7.143 :6.750  1-2-0

--------------------------------------------------------------

Engine-Match Thursday, November 20, 2025 8:00:41 PM
 Blitz 1/1 

Pairing 2/36 :    MaterialOpponent_v2.0  -  V7P3R_v16.1

PGN-File: C:\Program Files (x86)\Arena\Tournaments\V7P3R Debug Tournament 20251120.pgn

No:  B/W 1/2     W:B       1:2           Time        Value Moves Dep 1:2       1-2-Draws
   3 B 2    1.0:0.0        0.0:3.0       8:02:45 PM  -299.99    42 7.875 :2.226  0-3-0

--------------------------------------------------------------

Engine-Match Thursday, November 20, 2025 8:02:46 PM
 Blitz 1/1 

Pairing 3/36 :    V7P3R_v16.0  -  RandomOpponent

PGN-File: C:\Program Files (x86)\Arena\Tournaments\V7P3R Debug Tournament 20251120.pgn

No:  B/W 1/2     W:B       1:2           Time        Value Moves Dep 1:2       1-2-Draws
   3 W 1    1.0:0.0        3.0:0.0       8:03:05 PM  +299.99    19 2.222 :0 3-0-0

--------------------------------------------------------------

Engine-Match Thursday, November 20, 2025 8:03:06 PM
 Blitz 1/1 

Pairing 4/36 :    V7P3R_v12.6  -  V7P3R_v14.1

PGN-File: C:\Program Files (x86)\Arena\Tournaments\V7P3R Debug Tournament 20251120.pgn

No:  B/W 1/2     W:B       1:2           Time        Value Moves Dep 1:2       1-2-Draws
   3 B 2    1.5:0.5        0.5:2.5       8:04:36 PM  -289.96    22 2.857 :3.111  0-2-1

--------------------------------------------------------------

Engine-Match Thursday, November 20, 2025 8:04:37 PM
 Blitz 1/1 

Pairing 5/36 :    PositionalOpponent_v2.0  -  MaterialOpponent_v2.0

PGN-File: C:\Program Files (x86)\Arena\Tournaments\V7P3R Debug Tournament 20251120.pgn

No:  B/W 1/2     W:B       1:2           Time        Value Moves Dep 1:2       1-2-Draws
   3 B 2    1.0:0.0        0.0:3.0       8:07:58 PM    -9.80    35 6.105 :8.263  0-3-0

--------------------------------------------------------------

Engine-Match Thursday, November 20, 2025 8:07:59 PM
 Blitz 1/1 

Pairing 6/36 :    RandomOpponent  -  V7P3R_v16.2

PGN-File: C:\Program Files (x86)\Arena\Tournaments\V7P3R Debug Tournament 20251120.pgn

No:  B/W 1/2     W:B       1:2           Time        Value Moves Dep 1:2       1-2-Draws
   3 B 2    1.0:0.0        0.0:3.0       8:09:18 PM  -299.99    15 0:5.733  0-3-0

--------------------------------------------------------------

Engine-Match Thursday, November 20, 2025 8:09:19 PM
 Blitz 1/1 

Pairing 7/36 :    V7P3R_v16.1  -  V7P3R_v12.6

PGN-File: C:\Program Files (x86)\Arena\Tournaments\V7P3R Debug Tournament 20251120.pgn

No:  B/W 1/2     W:B       1:2           Time        Value Moves Dep 1:2       1-2-Draws
   3 = =    0.5:0.5        0.5:2.5       8:11:18 PM     0.00    57 2.000 :3.000  0-2-1

--------------------------------------------------------------

Engine-Match Thursday, November 20, 2025 8:11:20 PM
 Blitz 1/1 

Pairing 8/36 :    V7P3R_v14.1  -  V7P3R_v16.0

PGN-File: C:\Program Files (x86)\Arena\Tournaments\V7P3R Debug Tournament 20251120.pgn

No:  B/W 1/2     W:B       1:2           Time        Value Moves Dep 1:2       1-2-Draws
   3 W 1    1.0:0.0        3.0:0.0       8:12:24 PM     0.00     1 4.000 :0 3-0-0

--------------------------------------------------------------

Engine-Match Thursday, November 20, 2025 8:12:35 PM
 Blitz 1/1 

Pairing 9/36 :    CoverageOpponent_v2.0  -  RandomOpponent

PGN-File: C:\Program Files (x86)\Arena\Tournaments\V7P3R Debug Tournament 20251120.pgn

No:  B/W 1/2     W:B       1:2           Time        Value Moves Dep 1:2       1-2-Draws
   3 W 1    1.0:0.0        3.0:0.0       8:14:27 PM  +299.99    40 5.475 :0 3-0-0

--------------------------------------------------------------

Engine-Match Thursday, November 20, 2025 8:14:28 PM
 Blitz 1/1 

Pairing 10/36 :    V7P3R_v12.6  -  PositionalOpponent_v2.0

PGN-File: C:\Program Files (x86)\Arena\Tournaments\V7P3R Debug Tournament 20251120.pgn

No:  B/W 1/2     W:B       1:2           Time        Value Moves Dep 1:2       1-2-Draws
   3 W 1    1.0:0.0        3.0:0.0       8:16:05 PM   +12.20    13 3.308 :6.385  3-0-0

--------------------------------------------------------------

Engine-Match Thursday, November 20, 2025 8:16:06 PM
 Blitz 1/1 

Pairing 11/36 :    V7P3R_v16.2  -  V7P3R_v14.1

PGN-File: C:\Program Files (x86)\Arena\Tournaments\V7P3R Debug Tournament 20251120.pgn

No:  B/W 1/2     W:B       1:2           Time        Value Moves Dep 1:2       1-2-Draws
   3 * *     0.0:0.0        0.0:2.0       8:17:14 PM   -41.82    11 5.778 :3.091  0-2-0

--------------------------------------------------------------

Engine-Match Thursday, November 20, 2025 8:28:15 PM
 Blitz 1/1 

Pairing 1/15 :    V7P3R_v14.1  -  V7P3R_v17.0

PGN-File: C:\Program Files (x86)\Arena\Tournaments\V7P3R Debug Tournament 20251120.pgn

No:  B/W 1/2     W:B       1:2           Time        Value Moves Dep 1:2       1-2-Draws
   1 W 1    1.0:0.0        1.0:0.0       8:30:17 PM     0.00    44 3.563 :4.357  1-0-0

--------------------------------------------------------------

Engine-Match Thursday, November 20, 2025 8:30:18 PM
 Blitz 1/1 

Pairing 5/15 :    CoverageOpponent_v2.0  -  V7P3R_v17.0

PGN-File: C:\Program Files (x86)\Arena\Tournaments\V7P3R Debug Tournament 20251120.pgn

No:  B/W 1/2     W:B       1:2           Time        Value Moves Dep 1:2       1-2-Draws
   1 B 2    1.0:0.0        0.0:1.0       8:31:39 PM  -289.98    10 6.300 :3.556  0-1-0

--------------------------------------------------------------

Engine-Match Thursday, November 20, 2025 8:31:40 PM
 Blitz 1/1 

Pairing 9/15 :    V7P3R_v17.0  -  V7P3R_v16.1

PGN-File: C:\Program Files (x86)\Arena\Tournaments\V7P3R Debug Tournament 20251120.pgn

No:  B/W 1/2     W:B       1:2           Time        Value Moves Dep 1:2       1-2-Draws
   1 W 1    1.0:0.0        1.0:0.0       8:32:56 PM   +13.74    37 3.842 :2.143  1-0-0

--------------------------------------------------------------

Engine-Match Thursday, November 20, 2025 8:32:57 PM
 Blitz 1/1 

Pairing 12/15 :    PositionalOpponent_v2.0  -  V7P3R_v17.0

PGN-File: C:\Program Files (x86)\Arena\Tournaments\V7P3R Debug Tournament 20251120.pgn

No:  B/W 1/2     W:B       1:2           Time        Value Moves Dep 1:2       1-2-Draws
   1 B 2    1.0:0.0        0.0:1.0       8:33:46 PM  -289.98     7 6.857 :4.167  0-1-0

--------------------------------------------------------------

Engine-Match Thursday, November 20, 2025 8:33:47 PM
 Blitz 1/1 

Pairing 14/15 :    V7P3R_v17.0  -  MaterialOpponent_v2.0

PGN-File: C:\Program Files (x86)\Arena\Tournaments\V7P3R Debug Tournament 20251120.pgn

No:  B/W 1/2     W:B       1:2           Time        Value Moves Dep 1:2       1-2-Draws
   1 W 1    1.0:0.0        1.0:0.0       8:35:37 PM   +21.05    16 4.000 :7.750  1-0-0

--------------------------------------------------------------

Engine-Match Thursday, November 20, 2025 8:35:39 PM
 Blitz 1/1 

Pairing 1/15 :    V7P3R_v14.1  -  V7P3R_v17.0

PGN-File: C:\Program Files (x86)\Arena\Tournaments\V7P3R Debug Tournament 20251120.pgn

No:  B/W 1/2     W:B       1:2           Time        Value Moves Dep 1:2       1-2-Draws
   2 W 2    1.0:0.0        1.0:1.0       8:37:13 PM     0.00    28 3.385 :4.200  1-1-0

--------------------------------------------------------------

Engine-Match Thursday, November 20, 2025 8:37:14 PM
 Blitz 1/1 

Pairing 5/15 :    CoverageOpponent_v2.0  -  V7P3R_v17.0

PGN-File: C:\Program Files (x86)\Arena\Tournaments\V7P3R Debug Tournament 20251120.pgn

No:  B/W 1/2     W:B       1:2           Time        Value Moves Dep 1:2       1-2-Draws
   2 W 2    1.0:0.0        0.0:2.0       8:39:38 PM     0.00    28 5.615 :3.739  0-2-0

--------------------------------------------------------------

Engine-Match Thursday, November 20, 2025 8:39:39 PM
 Blitz 1/1 

Pairing 9/15 :    V7P3R_v17.0  -  V7P3R_v16.1

PGN-File: C:\Program Files (x86)\Arena\Tournaments\V7P3R Debug Tournament 20251120.pgn

No:  B/W 1/2     W:B       1:2           Time        Value Moves Dep 1:2       1-2-Draws
   2 = =    0.5:0.5        1.5:0.5       8:41:05 PM    +1.18    41 4.000 :2.045  1-0-1

--------------------------------------------------------------

Engine-Match Thursday, November 20, 2025 8:41:06 PM
 Blitz 1/1 

Pairing 12/15 :    PositionalOpponent_v2.0  -  V7P3R_v17.0

PGN-File: C:\Program Files (x86)\Arena\Tournaments\V7P3R Debug Tournament 20251120.pgn

No:  B/W 1/2     W:B       1:2           Time        Value Moves Dep 1:2       1-2-Draws
   2 W 2    1.0:0.0        0.0:2.0       8:42:49 PM     0.00    19 6.944 :4.538  0-2-0

--------------------------------------------------------------

Engine-Match Thursday, November 20, 2025 8:42:51 PM
 Blitz 1/1 

Pairing 14/15 :    V7P3R_v17.0  -  MaterialOpponent_v2.0

PGN-File: C:\Program Files (x86)\Arena\Tournaments\V7P3R Debug Tournament 20251120.pgn

No:  B/W 1/2     W:B       1:2           Time        Value Moves Dep 1:2       1-2-Draws
   2 B 1    1.0:0.0        2.0:0.0       8:44:32 PM  -289.99    14 4.417 :8.357  2-0-0

--------------------------------------------------------------

Engine-Match Thursday, November 20, 2025 8:44:34 PM
 Blitz 1/1 

Pairing 1/15 :    V7P3R_v14.1  -  V7P3R_v17.0

PGN-File: C:\Program Files (x86)\Arena\Tournaments\V7P3R Debug Tournament 20251120.pgn

No:  B/W 1/2     W:B       1:2           Time        Value Moves Dep 1:2       1-2-Draws
   3 = =    0.5:0.5        1.5:1.5       8:47:17 PM     0.00    57 3.185 :3.900  1-1-1

--------------------------------------------------------------

Engine-Match Thursday, November 20, 2025 8:47:18 PM
 Blitz 1/1 

Pairing 2/15 :    PositionalOpponent_v2.0  -  V7P3R_v16.1

PGN-File: C:\Program Files (x86)\Arena\Tournaments\V7P3R Debug Tournament 20251120.pgn

No:  B/W 1/2     W:B       1:2           Time        Value Moves Dep 1:2       1-2-Draws
   3 B 2    1.0:0.0        0.0:3.0       8:48:36 PM   -12.00    17 6.765 :2.000  0-3-0

--------------------------------------------------------------

Engine-Match Thursday, November 20, 2025 8:48:38 PM
 Blitz 1/1 

Pairing 3/15 :    MaterialOpponent_v2.0  -  CoverageOpponent_v2.0

PGN-File: C:\Program Files (x86)\Arena\Tournaments\V7P3R Debug Tournament 20251120.pgn

No:  B/W 1/2     W:B       1:2           Time        Value Moves Dep 1:2       1-2-Draws
   3 W 1    1.0:0.0        3.0:0.0       8:51:32 PM  +299.99    26 7.875 :5.867  3-0-0

--------------------------------------------------------------

Engine-Match Thursday, November 20, 2025 8:51:34 PM
 Blitz 1/1 

Pairing 4/15 :    PositionalOpponent_v2.0  -  V7P3R_v14.1

PGN-File: C:\Program Files (x86)\Arena\Tournaments\V7P3R Debug Tournament 20251120.pgn

No:  B/W 1/2     W:B       1:2           Time        Value Moves Dep 1:2       1-2-Draws
   3 B 2    1.0:0.0        0.0:3.0       8:53:34 PM   -20.00    19 6.053 :3.471  0-3-0

--------------------------------------------------------------

Engine-Match Thursday, November 20, 2025 8:53:35 PM
 Blitz 1/1 

Pairing 5/15 :    CoverageOpponent_v2.0  -  V7P3R_v17.0

PGN-File: C:\Program Files (x86)\Arena\Tournaments\V7P3R Debug Tournament 20251120.pgn

No:  B/W 1/2     W:B       1:2           Time        Value Moves Dep 1:2       1-2-Draws
   3 B 2    1.0:0.0        0.0:3.0       8:54:59 PM  -289.98    12 6.667 :3.800  0-3-0

--------------------------------------------------------------

Engine-Match Thursday, November 20, 2025 8:55:00 PM
 Blitz 1/1 

Pairing 7/15 :    V7P3R_v14.1  -  CoverageOpponent_v2.0

PGN-File: C:\Program Files (x86)\Arena\Tournaments\V7P3R Debug Tournament 20251120.pgn

No:  B/W 1/2     W:B       1:2           Time        Value Moves Dep 1:2       1-2-Draws
   3 W 1    1.0:0.0        3.0:0.0       8:57:06 PM  +289.97    24 3.391 :6.174  3-0-0

--------------------------------------------------------------

Engine-Match Thursday, November 20, 2025 8:57:07 PM
 Blitz 1/1 

Pairing 9/15 :    V7P3R_v17.0  -  V7P3R_v16.1

PGN-File: C:\Program Files (x86)\Arena\Tournaments\V7P3R Debug Tournament 20251120.pgn

No:  B/W 1/2     W:B       1:2           Time        Value Moves Dep 1:2       1-2-Draws
   3 W 1    1.5:0.5        2.5:0.5       8:58:49 PM  +289.98    43 3.846 :2.176  2-0-1

--------------------------------------------------------------

Engine-Match Thursday, November 20, 2025 8:58:50 PM
 Blitz 1/1 

Pairing 10/15 :    MaterialOpponent_v2.0  -  V7P3R_v14.1

PGN-File: C:\Program Files (x86)\Arena\Tournaments\V7P3R Debug Tournament 20251120.pgn

No:  B/W 1/2     W:B       1:2           Time        Value Moves Dep 1:2       1-2-Draws
   3 B 2    1.0:0.0        0.0:3.0       9:01:06 PM   -13.35    29 8.172 :3.393  0-3-0

--------------------------------------------------------------

Engine-Match Thursday, November 20, 2025 9:01:08 PM
 Blitz 1/1 

Pairing 11/15 :    V7P3R_v16.1  -  CoverageOpponent_v2.0

PGN-File: C:\Program Files (x86)\Arena\Tournaments\V7P3R Debug Tournament 20251120.pgn

No:  B/W 1/2     W:B       1:2           Time        Value Moves Dep 1:2       1-2-Draws
   3 W 1    1.0:0.0        3.0:0.0       9:02:35 PM  +299.99    19 2.000 :6.222  3-0-0

--------------------------------------------------------------

Engine-Match Thursday, November 20, 2025 9:02:38 PM
 Blitz 1/1 

Pairing 12/15 :    PositionalOpponent_v2.0  -  V7P3R_v17.0

PGN-File: C:\Program Files (x86)\Arena\Tournaments\V7P3R Debug Tournament 20251120.pgn

No:  B/W 1/2     W:B       1:2           Time        Value Moves Dep 1:2       1-2-Draws
   3 B 2    1.0:0.0        0.0:3.0       9:03:31 PM  -289.98     7 6.714 :4.167  0-3-0

--------------------------------------------------------------

Engine-Match Thursday, November 20, 2025 9:03:42 PM
 Blitz 1/1 

Pairing 13/15 :    V7P3R_v14.1  -  V7P3R_v16.1

PGN-File: C:\Program Files (x86)\Arena\Tournaments\V7P3R Debug Tournament 20251120.pgn

No:  B/W 1/2     W:B       1:2           Time        Value Moves Dep 1:2       1-2-Draws
   3 = =    1.0:1.0        2.0:1.0       9:04:49 PM     0.00    42 3.500 :2.095  1-0-2

--------------------------------------------------------------

Engine-Match Thursday, November 20, 2025 9:04:50 PM
 Blitz 1/1 

Pairing 14/15 :    V7P3R_v17.0  -  MaterialOpponent_v2.0

PGN-File: C:\Program Files (x86)\Arena\Tournaments\V7P3R Debug Tournament 20251120.pgn

No:  B/W 1/2     W:B       1:2           Time        Value Moves Dep 1:2       1-2-Draws
   3 W 1    1.0:0.0        3.0:0.0       9:06:18 PM  +289.97    13 4.000 :8.417  3-0-0

--------------------------------------------------------------

Engine-Match Thursday, November 20, 2025 9:06:19 PM
 Blitz 1/1 

Pairing 15/15 :    CoverageOpponent_v2.0  -  PositionalOpponent_v2.0

PGN-File: C:\Program Files (x86)\Arena\Tournaments\V7P3R Debug Tournament 20251120.pgn

No:  B/W 1/2     W:B       1:2           Time        Value Moves Dep 1:2       1-2-Draws
   3 B 2    1.0:0.0        1.0:2.0       9:08:36 PM  -299.99    16 6.688 :7.188  1-2-0

--------------------------------------------------------------

Engine-Match Thursday, November 20, 2025 9:08:37 PM
 Blitz 1/1 

Pairing 1/15 :    V7P3R_v14.1  -  V7P3R_v17.0

PGN-File: C:\Program Files (x86)\Arena\Tournaments\V7P3R Debug Tournament 20251120.pgn

No:  B/W 1/2     W:B       1:2           Time        Value Moves Dep 1:2       1-2-Draws
   4 W 2    1.5:0.5        1.5:2.5       9:10:16 PM     0.00    28 3.385 :4.200  1-2-1

--------------------------------------------------------------

Engine-Match Thursday, November 20, 2025 9:10:17 PM
 Blitz 1/1 

Pairing 2/15 :    PositionalOpponent_v2.0  -  V7P3R_v16.1

PGN-File: C:\Program Files (x86)\Arena\Tournaments\V7P3R Debug Tournament 20251120.pgn

No:  B/W 1/2     W:B       1:2           Time        Value Moves Dep 1:2       1-2-Draws
   4 W 2    1.0:0.0        0.0:4.0       9:11:55 PM   +17.40    26 6.500 :2.050  0-4-0

--------------------------------------------------------------

Engine-Match Thursday, November 20, 2025 9:11:56 PM
 Blitz 1/1 

Pairing 3/15 :    MaterialOpponent_v2.0  -  CoverageOpponent_v2.0

PGN-File: C:\Program Files (x86)\Arena\Tournaments\V7P3R Debug Tournament 20251120.pgn

No:  B/W 1/2     W:B       1:2           Time        Value Moves Dep 1:2       1-2-Draws
   4 B 1    1.0:0.0        4.0:0.0       9:14:52 PM  -299.99    26 8.250 :6.000  4-0-0

--------------------------------------------------------------

Engine-Match Thursday, November 20, 2025 9:14:54 PM
 Blitz 1/1 

Pairing 4/15 :    PositionalOpponent_v2.0  -  V7P3R_v14.1

PGN-File: C:\Program Files (x86)\Arena\Tournaments\V7P3R Debug Tournament 20251120.pgn

No:  B/W 1/2     W:B       1:2           Time        Value Moves Dep 1:2       1-2-Draws
   4 W 2    1.0:0.0        0.0:4.0       9:16:14 PM   +10.70    12 6.500 :3.182  0-4-0

--------------------------------------------------------------

Engine-Match Thursday, November 20, 2025 9:16:16 PM
 Blitz 1/1 

Pairing 5/15 :    CoverageOpponent_v2.0  -  V7P3R_v17.0

PGN-File: C:\Program Files (x86)\Arena\Tournaments\V7P3R Debug Tournament 20251120.pgn

No:  B/W 1/2     W:B       1:2           Time        Value Moves Dep 1:2       1-2-Draws
   4 W 2    1.0:0.0        0.0:4.0       9:18:11 PM  +289.98    19 5.800 :3.692  0-4-0

--------------------------------------------------------------

Engine-Match Thursday, November 20, 2025 9:18:12 PM
 Blitz 1/1 

Pairing 6/15 :    V7P3R_v16.1  -  MaterialOpponent_v2.0

PGN-File: C:\Program Files (x86)\Arena\Tournaments\V7P3R Debug Tournament 20251120.pgn

No:  B/W 1/2     W:B       1:2           Time        Value Moves Dep 1:2       1-2-Draws
   4 B 1    1.0:0.0        4.0:0.0       9:19:42 PM   -11.05    20 2.053 :7.300  4-0-0

--------------------------------------------------------------

Engine-Match Thursday, November 20, 2025 9:19:43 PM
 Blitz 1/1 

Pairing 7/15 :    V7P3R_v14.1  -  CoverageOpponent_v2.0

PGN-File: C:\Program Files (x86)\Arena\Tournaments\V7P3R Debug Tournament 20251120.pgn

No:  B/W 1/2     W:B       1:2           Time        Value Moves Dep 1:2       1-2-Draws
   4 B 1    1.0:0.0        4.0:0.0       9:21:46 PM  -289.96    22 3.400 :6.045  4-0-0

--------------------------------------------------------------

Engine-Match Thursday, November 20, 2025 9:21:47 PM
 Blitz 1/1 

Pairing 8/15 :    MaterialOpponent_v2.0  -  PositionalOpponent_v2.0

PGN-File: C:\Program Files (x86)\Arena\Tournaments\V7P3R Debug Tournament 20251120.pgn

No:  B/W 1/2     W:B       1:2           Time        Value Moves Dep 1:2       1-2-Draws
   4 B 1    1.0:0.0        4.0:0.0       9:24:25 PM   -10.50    20 7.895 :6.300  4-0-0

--------------------------------------------------------------

Engine-Match Thursday, November 20, 2025 9:24:26 PM
 Blitz 1/1 

Pairing 9/15 :    V7P3R_v17.0  -  V7P3R_v16.1

PGN-File: C:\Program Files (x86)\Arena\Tournaments\V7P3R Debug Tournament 20251120.pgn

No:  B/W 1/2     W:B       1:2           Time        Value Moves Dep 1:2       1-2-Draws
   4 B 1    1.5:0.5        3.5:0.5       9:26:10 PM     0.00    45 3.680 :2.057  3-0-1

--------------------------------------------------------------

Engine-Match Thursday, November 20, 2025 9:26:11 PM
 Blitz 1/1 

Pairing 10/15 :    MaterialOpponent_v2.0  -  V7P3R_v14.1

PGN-File: C:\Program Files (x86)\Arena\Tournaments\V7P3R Debug Tournament 20251120.pgn

No:  B/W 1/2     W:B       1:2           Time        Value Moves Dep 1:2       1-2-Draws
   4 W 2    1.0:0.0        0.0:4.0       9:27:58 PM   +25.95    19 7.789 :3.333  0-4-0

--------------------------------------------------------------

Engine-Match Thursday, November 20, 2025 9:27:59 PM
 Blitz 1/1 

Pairing 11/15 :    V7P3R_v16.1  -  CoverageOpponent_v2.0

PGN-File: C:\Program Files (x86)\Arena\Tournaments\V7P3R Debug Tournament 20251120.pgn

No:  B/W 1/2     W:B       1:2           Time        Value Moves Dep 1:2       1-2-Draws
   4 B 1    1.0:0.0        4.0:0.0       9:29:18 PM  -299.99    15 2.000 :6.133  4-0-0

--------------------------------------------------------------

Engine-Match Thursday, November 20, 2025 9:29:19 PM
 Blitz 1/1 

Pairing 12/15 :    PositionalOpponent_v2.0  -  V7P3R_v17.0

PGN-File: C:\Program Files (x86)\Arena\Tournaments\V7P3R Debug Tournament 20251120.pgn

No:  B/W 1/2     W:B       1:2           Time        Value Moves Dep 1:2       1-2-Draws
   4 W 2    1.0:0.0        0.0:4.0       9:30:55 PM  +289.98    16 6.600 :4.333  0-4-0

--------------------------------------------------------------

Engine-Match Thursday, November 20, 2025 9:30:57 PM
 Blitz 1/1 

Pairing 13/15 :    V7P3R_v14.1  -  V7P3R_v16.1

PGN-File: C:\Program Files (x86)\Arena\Tournaments\V7P3R Debug Tournament 20251120.pgn

No:  B/W 1/2     W:B       1:2           Time        Value Moves Dep 1:2       1-2-Draws
   4 B 1    2.0:1.0        3.0:1.0       9:32:01 PM   -34.87    30 3.294 :2.278  2-0-2

--------------------------------------------------------------

Engine-Match Thursday, November 20, 2025 9:32:02 PM
 Blitz 1/1 

Pairing 14/15 :    V7P3R_v17.0  -  MaterialOpponent_v2.0

PGN-File: C:\Program Files (x86)\Arena\Tournaments\V7P3R Debug Tournament 20251120.pgn

No:  B/W 1/2     W:B       1:2           Time        Value Moves Dep 1:2       1-2-Draws
   4 B 1    1.0:0.0        4.0:0.0       9:33:43 PM  -289.99    14 4.417 :8.357  4-0-0

--------------------------------------------------------------

Engine-Match Thursday, November 20, 2025 9:33:45 PM
 Blitz 1/1 

Pairing 15/15 :    CoverageOpponent_v2.0  -  PositionalOpponent_v2.0

PGN-File: C:\Program Files (x86)\Arena\Tournaments\V7P3R Debug Tournament 20251120.pgn

No:  B/W 1/2     W:B       1:2           Time        Value Moves Dep 1:2       1-2-Draws
   4 W 2    1.0:0.0        1.0:3.0       9:37:03 PM  +299.99    34 6.333 :6.667  1-3-0

--------------------------------------------------------------

Engine-Match Thursday, November 20, 2025 9:37:04 PM
 Blitz 1/1 

Pairing 1/15 :    V7P3R_v14.1  -  V7P3R_v17.0

PGN-File: C:\Program Files (x86)\Arena\Tournaments\V7P3R Debug Tournament 20251120.pgn

No:  B/W 1/2     W:B       1:2           Time        Value Moves Dep 1:2       1-2-Draws
   5 = =    1.0:1.0        2.0:3.0       9:39:53 PM     0.00    63 3.185 :3.900  1-2-2

--------------------------------------------------------------

Engine-Match Thursday, November 20, 2025 9:39:54 PM
 Blitz 1/1 

Pairing 2/15 :    PositionalOpponent_v2.0  -  V7P3R_v16.1

PGN-File: C:\Program Files (x86)\Arena\Tournaments\V7P3R Debug Tournament 20251120.pgn

No:  B/W 1/2     W:B       1:2           Time        Value Moves Dep 1:2       1-2-Draws
   5 B 2    1.0:0.0        0.0:5.0       9:40:58 PM   -17.50    12 7.000 :2.000  0-5-0

--------------------------------------------------------------

Engine-Match Thursday, November 20, 2025 9:41:08 PM
 Blitz 1/1 

Pairing 3/15 :    MaterialOpponent_v2.0  -  CoverageOpponent_v2.0

PGN-File: C:\Program Files (x86)\Arena\Tournaments\V7P3R Debug Tournament 20251120.pgn

No:  B/W 1/2     W:B       1:2           Time        Value Moves Dep 1:2       1-2-Draws
   5 W 1    1.0:0.0        5.0:0.0       9:44:20 PM  +299.99    34 7.765 :5.500  5-0-0

--------------------------------------------------------------

Engine-Match Thursday, November 20, 2025 9:44:22 PM
 Blitz 1/1 

Pairing 4/15 :    PositionalOpponent_v2.0  -  V7P3R_v14.1

PGN-File: C:\Program Files (x86)\Arena\Tournaments\V7P3R Debug Tournament 20251120.pgn

No:  B/W 1/2     W:B       1:2           Time        Value Moves Dep 1:2       1-2-Draws
   5 B 2    1.0:0.0        0.0:5.0       9:46:23 PM   -19.50    19 6.000 :3.500  0-5-0

--------------------------------------------------------------

Engine-Match Thursday, November 20, 2025 9:46:24 PM
 Blitz 1/1 

Pairing 5/15 :    CoverageOpponent_v2.0  -  V7P3R_v17.0

PGN-File: C:\Program Files (x86)\Arena\Tournaments\V7P3R Debug Tournament 20251120.pgn

No:  B/W 1/2     W:B       1:2           Time        Value Moves Dep 1:2       1-2-Draws
   5 B 2    1.0:0.0        0.0:5.0       9:47:47 PM  -289.98    12 6.667 :3.800  0-5-0

--------------------------------------------------------------

Engine-Match Thursday, November 20, 2025 9:47:49 PM
 Blitz 1/1 

Pairing 6/15 :    V7P3R_v16.1  -  MaterialOpponent_v2.0

PGN-File: C:\Program Files (x86)\Arena\Tournaments\V7P3R Debug Tournament 20251120.pgn

No:  B/W 1/2     W:B       1:2           Time        Value Moves Dep 1:2       1-2-Draws
   5 W 1    1.0:0.0        5.0:0.0       9:48:49 PM   +19.15    11 2.000 :8.364  5-0-0

--------------------------------------------------------------

Engine-Match Thursday, November 20, 2025 9:48:50 PM
 Blitz 1/1 

Pairing 7/15 :    V7P3R_v14.1  -  CoverageOpponent_v2.0

PGN-File: C:\Program Files (x86)\Arena\Tournaments\V7P3R Debug Tournament 20251120.pgn

No:  B/W 1/2     W:B       1:2           Time        Value Moves Dep 1:2       1-2-Draws
   5 W 1    1.0:0.0        5.0:0.0       9:51:00 PM  +289.96    24 3.250 :6.043  5-0-0

--------------------------------------------------------------

Engine-Match Thursday, November 20, 2025 9:51:02 PM
 Blitz 1/1 

Pairing 8/15 :    MaterialOpponent_v2.0  -  PositionalOpponent_v2.0

PGN-File: C:\Program Files (x86)\Arena\Tournaments\V7P3R Debug Tournament 20251120.pgn

No:  B/W 1/2     W:B       1:2           Time        Value Moves Dep 1:2       1-2-Draws
   5 W 1    1.0:0.0        5.0:0.0       9:54:12 PM   +14.30    29 8.619 :6.762  5-0-0

--------------------------------------------------------------

Engine-Match Thursday, November 20, 2025 9:54:13 PM
 Blitz 1/1 

Pairing 9/15 :    V7P3R_v17.0  -  V7P3R_v16.1

PGN-File: C:\Program Files (x86)\Arena\Tournaments\V7P3R Debug Tournament 20251120.pgn

No:  B/W 1/2     W:B       1:2           Time        Value Moves Dep 1:2       1-2-Draws
   5 W 1    1.5:0.5        4.5:0.5       9:55:55 PM  +289.98    43 3.846 :2.176  4-0-1

--------------------------------------------------------------

Engine-Match Thursday, November 20, 2025 9:55:56 PM
 Blitz 1/1 

Pairing 10/15 :    MaterialOpponent_v2.0  -  V7P3R_v14.1

PGN-File: C:\Program Files (x86)\Arena\Tournaments\V7P3R Debug Tournament 20251120.pgn

No:  B/W 1/2     W:B       1:2           Time        Value Moves Dep 1:2       1-2-Draws
   5 B 2    1.0:0.0        0.0:5.0       9:57:48 PM  -289.97    22 8.000 :3.333  0-5-0

--------------------------------------------------------------

Engine-Match Thursday, November 20, 2025 9:57:49 PM
 Blitz 1/1 

Pairing 11/15 :    V7P3R_v16.1  -  CoverageOpponent_v2.0

PGN-File: C:\Program Files (x86)\Arena\Tournaments\V7P3R Debug Tournament 20251120.pgn

No:  B/W 1/2     W:B       1:2           Time        Value Moves Dep 1:2       1-2-Draws
   5 W 1    1.0:0.0        5.0:0.0       9:59:12 PM  +299.99    17 2.267 :5.938  5-0-0

--------------------------------------------------------------

Engine-Match Thursday, November 20, 2025 9:59:13 PM
 Blitz 1/1 

Pairing 12/15 :    PositionalOpponent_v2.0  -  V7P3R_v17.0

PGN-File: C:\Program Files (x86)\Arena\Tournaments\V7P3R Debug Tournament 20251120.pgn

No:  B/W 1/2     W:B       1:2           Time        Value Moves Dep 1:2       1-2-Draws
   5 B 2    1.0:0.0        0.0:5.0       10:00:23 PM   -19.90    10 6.300 :4.000  0-5-0

--------------------------------------------------------------

Engine-Match Thursday, November 20, 2025 10:00:24 PM
 Blitz 1/1 

Pairing 13/15 :    V7P3R_v14.1  -  V7P3R_v16.1

PGN-File: C:\Program Files (x86)\Arena\Tournaments\V7P3R Debug Tournament 20251120.pgn

No:  B/W 1/2     W:B       1:2           Time        Value Moves Dep 1:2       1-2-Draws
   5 = =    1.5:1.5        3.5:1.5       10:01:37 PM     0.00    42 3.500 :2.095  2-0-3

--------------------------------------------------------------

Engine-Match Thursday, November 20, 2025 10:01:38 PM
 Blitz 1/1 

Pairing 14/15 :    V7P3R_v17.0  -  MaterialOpponent_v2.0

PGN-File: C:\Program Files (x86)\Arena\Tournaments\V7P3R Debug Tournament 20251120.pgn

No:  B/W 1/2     W:B       1:2           Time        Value Moves Dep 1:2       1-2-Draws
   5 W 1    1.0:0.0        5.0:0.0       10:03:12 PM  +289.99    15 4.333 :8.429  5-0-0

--------------------------------------------------------------

Engine-Match Thursday, November 20, 2025 10:03:13 PM
 Blitz 1/1 

Pairing 15/15 :    CoverageOpponent_v2.0  -  PositionalOpponent_v2.0

PGN-File: C:\Program Files (x86)\Arena\Tournaments\V7P3R Debug Tournament 20251120.pgn

No:  B/W 1/2     W:B       1:2           Time        Value Moves Dep 1:2       1-2-Draws
   5 B 2    1.0:0.0        1.0:4.0       10:05:39 PM  -299.99    18 6.545 :6.800  1-4-0

--------------------------------------------------------------

Engine-Match Thursday, November 20, 2025 10:05:41 PM
 Blitz 1/1 

Pairing 1/15 :    V7P3R_v14.1  -  V7P3R_v17.0

PGN-File: C:\Program Files (x86)\Arena\Tournaments\V7P3R Debug Tournament 20251120.pgn

No:  B/W 1/2     W:B       1:2           Time        Value Moves Dep 1:2       1-2-Draws
   6 W 2    2.0:1.0        2.0:4.0       10:07:18 PM     0.00    28 3.385 :4.200  1-3-2

--------------------------------------------------------------

Engine-Match Thursday, November 20, 2025 10:07:20 PM
 Blitz 1/1 

Pairing 2/15 :    PositionalOpponent_v2.0  -  V7P3R_v16.1

PGN-File: C:\Program Files (x86)\Arena\Tournaments\V7P3R Debug Tournament 20251120.pgn

No:  B/W 1/2     W:B       1:2           Time        Value Moves Dep 1:2       1-2-Draws
   6 W 2    1.0:0.0        0.0:6.0       10:08:30 PM   +14.50    14 6.357 :2.000  0-6-0

--------------------------------------------------------------

Engine-Match Thursday, November 20, 2025 10:08:31 PM
 Blitz 1/1 

Pairing 3/15 :    MaterialOpponent_v2.0  -  CoverageOpponent_v2.0

PGN-File: C:\Program Files (x86)\Arena\Tournaments\V7P3R Debug Tournament 20251120.pgn

No:  B/W 1/2     W:B       1:2           Time        Value Moves Dep 1:2       1-2-Draws
   6 B 1    1.0:0.0        6.0:0.0       10:11:51 PM  -299.99    34 8.318 :6.043  6-0-0

--------------------------------------------------------------

Engine-Match Thursday, November 20, 2025 10:11:52 PM
 Blitz 1/1 

Pairing 4/15 :    PositionalOpponent_v2.0  -  V7P3R_v14.1

PGN-File: C:\Program Files (x86)\Arena\Tournaments\V7P3R Debug Tournament 20251120.pgn

No:  B/W 1/2     W:B       1:2           Time        Value Moves Dep 1:2       1-2-Draws
   6 W 2    1.0:0.0        0.0:6.0       10:13:10 PM   +14.00    12 6.583 :3.200  0-6-0

--------------------------------------------------------------

Engine-Match Thursday, November 20, 2025 10:13:12 PM
 Blitz 1/1 

Pairing 5/15 :    CoverageOpponent_v2.0  -  V7P3R_v17.0

PGN-File: C:\Program Files (x86)\Arena\Tournaments\V7P3R Debug Tournament 20251120.pgn

No:  B/W 1/2     W:B       1:2           Time        Value Moves Dep 1:2       1-2-Draws
   6 W 2    1.0:0.0        0.0:6.0       10:14:26 PM  +289.98    11 6.300 :3.875  0-6-0

--------------------------------------------------------------

Engine-Match Thursday, November 20, 2025 10:14:27 PM
 Blitz 1/1 

Pairing 6/15 :    V7P3R_v16.1  -  MaterialOpponent_v2.0

PGN-File: C:\Program Files (x86)\Arena\Tournaments\V7P3R Debug Tournament 20251120.pgn

No:  B/W 1/2     W:B       1:2           Time        Value Moves Dep 1:2       1-2-Draws
   6 B 1    1.0:0.0        6.0:0.0       10:16:17 PM   -16.25    33 2.269 :7.963  6-0-0

--------------------------------------------------------------

Engine-Match Thursday, November 20, 2025 10:16:19 PM
 Blitz 1/1 

Pairing 7/15 :    V7P3R_v14.1  -  CoverageOpponent_v2.0

PGN-File: C:\Program Files (x86)\Arena\Tournaments\V7P3R Debug Tournament 20251120.pgn

No:  B/W 1/2     W:B       1:2           Time        Value Moves Dep 1:2       1-2-Draws
   6 B 1    1.0:0.0        6.0:0.0       10:18:37 PM  -289.97    30 3.250 :6.706  6-0-0

--------------------------------------------------------------

Engine-Match Thursday, November 20, 2025 10:18:51 PM
 Blitz 1/1 

Pairing 8/15 :    MaterialOpponent_v2.0  -  PositionalOpponent_v2.0

PGN-File: C:\Program Files (x86)\Arena\Tournaments\V7P3R Debug Tournament 20251120.pgn

No:  B/W 1/2     W:B       1:2           Time        Value Moves Dep 1:2       1-2-Draws
   6 B 1    1.0:0.0        6.0:0.0       10:21:13 PM   -14.40    19 8.167 :6.421  6-0-0

--------------------------------------------------------------

Engine-Match Thursday, November 20, 2025 10:21:15 PM
 Blitz 1/1 

Pairing 9/15 :    V7P3R_v17.0  -  V7P3R_v16.1

PGN-File: C:\Program Files (x86)\Arena\Tournaments\V7P3R Debug Tournament 20251120.pgn

No:  B/W 1/2     W:B       1:2           Time        Value Moves Dep 1:2       1-2-Draws
   6 = =    1.0:1.0        5.0:1.0       10:22:44 PM    +1.18    41 4.000 :2.045  4-0-2

--------------------------------------------------------------

Engine-Match Thursday, November 20, 2025 10:22:45 PM
 Blitz 1/1 

Pairing 10/15 :    MaterialOpponent_v2.0  -  V7P3R_v14.1

PGN-File: C:\Program Files (x86)\Arena\Tournaments\V7P3R Debug Tournament 20251120.pgn

No:  B/W 1/2     W:B       1:2           Time        Value Moves Dep 1:2       1-2-Draws
   6 W 2    1.0:0.0        0.0:6.0       10:24:15 PM  +289.98    16 8.667 :3.563  0-6-0

--------------------------------------------------------------

Engine-Match Thursday, November 20, 2025 10:24:17 PM
 Blitz 1/1 

Pairing 11/15 :    V7P3R_v16.1  -  CoverageOpponent_v2.0

PGN-File: C:\Program Files (x86)\Arena\Tournaments\V7P3R Debug Tournament 20251120.pgn

No:  B/W 1/2     W:B       1:2           Time        Value Moves Dep 1:2       1-2-Draws
   6 B 1    1.0:0.0        6.0:0.0       10:25:38 PM  -299.99    16 2.000 :6.250  6-0-0

--------------------------------------------------------------

Engine-Match Thursday, November 20, 2025 10:25:39 PM
 Blitz 1/1 

Pairing 12/15 :    PositionalOpponent_v2.0  -  V7P3R_v17.0

PGN-File: C:\Program Files (x86)\Arena\Tournaments\V7P3R Debug Tournament 20251120.pgn

No:  B/W 1/2     W:B       1:2           Time        Value Moves Dep 1:2       1-2-Draws
   6 W 2    1.0:0.0        0.0:6.0       10:27:27 PM     0.00    19 6.944 :4.538  0-6-0

--------------------------------------------------------------

Engine-Match Thursday, November 20, 2025 10:27:28 PM
 Blitz 1/1 

Pairing 13/15 :    V7P3R_v14.1  -  V7P3R_v16.1

PGN-File: C:\Program Files (x86)\Arena\Tournaments\V7P3R Debug Tournament 20251120.pgn

No:  B/W 1/2     W:B       1:2           Time        Value Moves Dep 1:2       1-2-Draws
   6 B 1    2.5:1.5        4.5:1.5       10:28:35 PM   -34.87    30 3.353 :2.278  3-0-3

--------------------------------------------------------------

Engine-Match Thursday, November 20, 2025 10:28:36 PM
 Blitz 1/1 

Pairing 14/15 :    V7P3R_v17.0  -  MaterialOpponent_v2.0

PGN-File: C:\Program Files (x86)\Arena\Tournaments\V7P3R Debug Tournament 20251120.pgn

No:  B/W 1/2     W:B       1:2           Time        Value Moves Dep 1:2       1-2-Draws
   6 B 1    1.0:0.0        6.0:0.0       10:30:12 PM  -289.98    15 4.000 :8.067  6-0-0

--------------------------------------------------------------

Engine-Match Thursday, November 20, 2025 10:30:14 PM
 Blitz 1/1 

Pairing 15/15 :    CoverageOpponent_v2.0  -  PositionalOpponent_v2.0

PGN-File: C:\Program Files (x86)\Arena\Tournaments\V7P3R Debug Tournament 20251120.pgn

No:  B/W 1/2     W:B       1:2           Time        Value Moves Dep 1:2       1-2-Draws
   6 W 2    1.0:0.0        1.0:5.0       10:31:59 PM  +299.99    11 6.300 :6.909  1-5-0

--------------------------------------------------------------

Engine-Match Thursday, November 20, 2025 10:32:00 PM
 Blitz 1/1 

Pairing 1/15 :    V7P3R_v14.1  -  V7P3R_v17.0

PGN-File: C:\Program Files (x86)\Arena\Tournaments\V7P3R Debug Tournament 20251120.pgn

No:  B/W 1/2     W:B       1:2           Time        Value Moves Dep 1:2       1-2-Draws
   7 W 1    2.0:1.0        3.0:4.0       10:34:04 PM     0.00    44 3.563 :4.357  2-3-2

--------------------------------------------------------------

Engine-Match Thursday, November 20, 2025 10:34:05 PM
 Blitz 1/1 

Pairing 2/15 :    PositionalOpponent_v2.0  -  V7P3R_v16.1

PGN-File: C:\Program Files (x86)\Arena\Tournaments\V7P3R Debug Tournament 20251120.pgn

No:  B/W 1/2     W:B       1:2           Time        Value Moves Dep 1:2       1-2-Draws
   7 B 2    1.0:0.0        0.0:7.0       10:35:09 PM   -17.50    12 7.000 :2.000  0-7-0

--------------------------------------------------------------

Engine-Match Thursday, November 20, 2025 10:35:10 PM
 Blitz 1/1 

Pairing 3/15 :    MaterialOpponent_v2.0  -  CoverageOpponent_v2.0

PGN-File: C:\Program Files (x86)\Arena\Tournaments\V7P3R Debug Tournament 20251120.pgn

No:  B/W 1/2     W:B       1:2           Time        Value Moves Dep 1:2       1-2-Draws
   7 W 1    1.0:0.0        7.0:0.0       10:37:47 PM  +299.99    21 7.941 :5.765  7-0-0

--------------------------------------------------------------

Engine-Match Thursday, November 20, 2025 10:37:48 PM
 Blitz 1/1 

Pairing 4/15 :    PositionalOpponent_v2.0  -  V7P3R_v14.1

PGN-File: C:\Program Files (x86)\Arena\Tournaments\V7P3R Debug Tournament 20251120.pgn

No:  B/W 1/2     W:B       1:2           Time        Value Moves Dep 1:2       1-2-Draws
   7 B 2    1.0:0.0        0.0:7.0       10:39:45 PM   -13.70    19 6.053 :3.471  0-7-0

--------------------------------------------------------------

Engine-Match Thursday, November 20, 2025 10:39:46 PM
 Blitz 1/1 

Pairing 5/15 :    CoverageOpponent_v2.0  -  V7P3R_v17.0

PGN-File: C:\Program Files (x86)\Arena\Tournaments\V7P3R Debug Tournament 20251120.pgn

No:  B/W 1/2     W:B       1:2           Time        Value Moves Dep 1:2       1-2-Draws
   7 B 2    1.0:0.0        0.0:7.0       10:41:11 PM  -289.97    10 6.300 :3.556  0-7-0

--------------------------------------------------------------

Engine-Match Thursday, November 20, 2025 10:41:12 PM
 Blitz 1/1 

Pairing 6/15 :    V7P3R_v16.1  -  MaterialOpponent_v2.0

PGN-File: C:\Program Files (x86)\Arena\Tournaments\V7P3R Debug Tournament 20251120.pgn

No:  B/W 1/2     W:B       1:2           Time        Value Moves Dep 1:2       1-2-Draws
   7 W 1    1.0:0.0        7.0:0.0       10:42:13 PM   +19.15    11 2.000 :8.364  7-0-0

--------------------------------------------------------------

Engine-Match Thursday, November 20, 2025 10:42:14 PM
 Blitz 1/1 

Pairing 7/15 :    V7P3R_v14.1  -  CoverageOpponent_v2.0

PGN-File: C:\Program Files (x86)\Arena\Tournaments\V7P3R Debug Tournament 20251120.pgn

No:  B/W 1/2     W:B       1:2           Time        Value Moves Dep 1:2       1-2-Draws
   7 W 1    1.0:0.0        7.0:0.0       10:44:24 PM  +289.96    24 3.250 :6.043  7-0-0

--------------------------------------------------------------

Engine-Match Thursday, November 20, 2025 10:44:26 PM
 Blitz 1/1 

Pairing 8/15 :    MaterialOpponent_v2.0  -  PositionalOpponent_v2.0

PGN-File: C:\Program Files (x86)\Arena\Tournaments\V7P3R Debug Tournament 20251120.pgn

No:  B/W 1/2     W:B       1:2           Time        Value Moves Dep 1:2       1-2-Draws
   7 W 1    1.0:0.0        7.0:0.0       10:46:32 PM   +11.60    13 8.923 :6.538  7-0-0

--------------------------------------------------------------

Engine-Match Thursday, November 20, 2025 10:46:33 PM
 Blitz 1/1 

Pairing 9/15 :    V7P3R_v17.0  -  V7P3R_v16.1

PGN-File: C:\Program Files (x86)\Arena\Tournaments\V7P3R Debug Tournament 20251120.pgn

No:  B/W 1/2     W:B       1:2           Time        Value Moves Dep 1:2       1-2-Draws
   7 W 1    2.0:1.0        6.0:1.0       10:48:14 PM  +289.98    43 3.846 :2.176  5-0-2

--------------------------------------------------------------

Engine-Match Thursday, November 20, 2025 10:48:15 PM
 Blitz 1/1 

Pairing 10/15 :    MaterialOpponent_v2.0  -  V7P3R_v14.1

PGN-File: C:\Program Files (x86)\Arena\Tournaments\V7P3R Debug Tournament 20251120.pgn

No:  B/W 1/2     W:B       1:2           Time        Value Moves Dep 1:2       1-2-Draws
   7 B 2    1.0:0.0        0.0:7.0       10:50:05 PM     0.00    22 8.045 :3.300  0-7-0

--------------------------------------------------------------

Engine-Match Thursday, November 20, 2025 10:50:06 PM
 Blitz 1/1 

Pairing 11/15 :    V7P3R_v16.1  -  CoverageOpponent_v2.0

PGN-File: C:\Program Files (x86)\Arena\Tournaments\V7P3R Debug Tournament 20251120.pgn

No:  B/W 1/2     W:B       1:2           Time        Value Moves Dep 1:2       1-2-Draws
   7 W 1    1.0:0.0        7.0:0.0       10:51:25 PM  +299.99    15 2.385 :5.929  7-0-0

--------------------------------------------------------------

Engine-Match Thursday, November 20, 2025 10:51:26 PM
 Blitz 1/1 

Pairing 12/15 :    PositionalOpponent_v2.0  -  V7P3R_v17.0

PGN-File: C:\Program Files (x86)\Arena\Tournaments\V7P3R Debug Tournament 20251120.pgn

No:  B/W 1/2     W:B       1:2           Time        Value Moves Dep 1:2       1-2-Draws
   7 B 2    1.0:0.0        0.0:7.0       10:52:20 PM  -289.98     7 6.857 :4.167  0-7-0

--------------------------------------------------------------

Engine-Match Thursday, November 20, 2025 10:52:30 PM
 Blitz 1/1 

Pairing 13/15 :    V7P3R_v14.1  -  V7P3R_v16.1

PGN-File: C:\Program Files (x86)\Arena\Tournaments\V7P3R Debug Tournament 20251120.pgn

No:  B/W 1/2     W:B       1:2           Time        Value Moves Dep 1:2       1-2-Draws
   7 = =    2.0:2.0        5.0:2.0       10:53:37 PM     0.00    42 3.500 :2.095  3-0-4

--------------------------------------------------------------

Engine-Match Thursday, November 20, 2025 10:53:38 PM
 Blitz 1/1 

Pairing 14/15 :    V7P3R_v17.0  -  MaterialOpponent_v2.0

PGN-File: C:\Program Files (x86)\Arena\Tournaments\V7P3R Debug Tournament 20251120.pgn

No:  B/W 1/2     W:B       1:2           Time        Value Moves Dep 1:2       1-2-Draws
   7 W 1    1.0:0.0        7.0:0.0       10:55:29 PM   +24.30    16 4.214 :7.938  7-0-0

--------------------------------------------------------------

Engine-Match Thursday, November 20, 2025 10:55:30 PM
 Blitz 1/1 

Pairing 15/15 :    CoverageOpponent_v2.0  -  PositionalOpponent_v2.0

PGN-File: C:\Program Files (x86)\Arena\Tournaments\V7P3R Debug Tournament 20251120.pgn

No:  B/W 1/2     W:B       1:2           Time        Value Moves Dep 1:2       1-2-Draws
   7 = =    0.5:0.5        1.5:5.5       10:59:29 PM    -0.28    51 6.462 :6.750  1-5-1

--------------------------------------------------------------

Engine-Match Thursday, November 20, 2025 10:59:30 PM
 Blitz 1/1 

Pairing 1/15 :    V7P3R_v14.1  -  V7P3R_v17.0

PGN-File: C:\Program Files (x86)\Arena\Tournaments\V7P3R Debug Tournament 20251120.pgn

No:  B/W 1/2     W:B       1:2           Time        Value Moves Dep 1:2       1-2-Draws
   8 W 2    2.0:1.0        3.0:5.0       11:01:07 PM     0.00    28 3.385 :4.200  2-4-2

--------------------------------------------------------------

Engine-Match Thursday, November 20, 2025 11:01:09 PM
 Blitz 1/1 

Pairing 2/15 :    PositionalOpponent_v2.0  -  V7P3R_v16.1

PGN-File: C:\Program Files (x86)\Arena\Tournaments\V7P3R Debug Tournament 20251120.pgn

No:  B/W 1/2     W:B       1:2           Time        Value Moves Dep 1:2       1-2-Draws
   8 W 2    1.0:0.0        0.0:8.0       11:02:19 PM   +14.50    14 6.357 :2.000  0-8-0

--------------------------------------------------------------

Engine-Match Thursday, November 20, 2025 11:02:20 PM
 Blitz 1/1 

Pairing 3/15 :    MaterialOpponent_v2.0  -  CoverageOpponent_v2.0

PGN-File: C:\Program Files (x86)\Arena\Tournaments\V7P3R Debug Tournament 20251120.pgn

No:  B/W 1/2     W:B       1:2           Time        Value Moves Dep 1:2       1-2-Draws
   8 B 1    1.0:0.0        8.0:0.0       11:05:26 PM  -299.99    29 8.444 :6.111  8-0-0

--------------------------------------------------------------

Engine-Match Thursday, November 20, 2025 11:05:27 PM
 Blitz 1/1 

Pairing 4/15 :    PositionalOpponent_v2.0  -  V7P3R_v14.1

PGN-File: C:\Program Files (x86)\Arena\Tournaments\V7P3R Debug Tournament 20251120.pgn

No:  B/W 1/2     W:B       1:2           Time        Value Moves Dep 1:2       1-2-Draws
   8 W 2    1.0:0.0        0.0:8.0       11:06:45 PM   +14.00    12 6.583 :3.200  0-8-0

--------------------------------------------------------------

Engine-Match Thursday, November 20, 2025 11:06:47 PM
 Blitz 1/1 

Pairing 5/15 :    CoverageOpponent_v2.0  -  V7P3R_v17.0

PGN-File: C:\Program Files (x86)\Arena\Tournaments\V7P3R Debug Tournament 20251120.pgn

No:  B/W 1/2     W:B       1:2           Time        Value Moves Dep 1:2       1-2-Draws
   8 W 2    1.0:0.0        0.0:8.0       11:08:01 PM  +289.98    11 6.300 :3.875  0-8-0

--------------------------------------------------------------

Engine-Match Thursday, November 20, 2025 11:08:02 PM
 Blitz 1/1 

Pairing 6/15 :    V7P3R_v16.1  -  MaterialOpponent_v2.0

PGN-File: C:\Program Files (x86)\Arena\Tournaments\V7P3R Debug Tournament 20251120.pgn

No:  B/W 1/2     W:B       1:2           Time        Value Moves Dep 1:2       1-2-Draws
   8 B 1    1.0:0.0        8.0:0.0       11:10:13 PM  -299.99    47 2.240 :8.000  8-0-0

--------------------------------------------------------------

Engine-Match Thursday, November 20, 2025 11:10:14 PM
 Blitz 1/1 

Pairing 7/15 :    V7P3R_v14.1  -  CoverageOpponent_v2.0

PGN-File: C:\Program Files (x86)\Arena\Tournaments\V7P3R Debug Tournament 20251120.pgn

No:  B/W 1/2     W:B       1:2           Time        Value Moves Dep 1:2       1-2-Draws
   8 B 1    1.0:0.0        8.0:0.0       11:12:32 PM  -289.97    30 3.250 :6.706  8-0-0

--------------------------------------------------------------

Engine-Match Thursday, November 20, 2025 11:12:33 PM
 Blitz 1/1 

Pairing 8/15 :    MaterialOpponent_v2.0  -  PositionalOpponent_v2.0

PGN-File: C:\Program Files (x86)\Arena\Tournaments\V7P3R Debug Tournament 20251120.pgn

No:  B/W 1/2     W:B       1:2           Time        Value Moves Dep 1:2       1-2-Draws
   8 B 1    1.0:0.0        8.0:0.0       11:14:37 PM   -15.40    13 8.750 :7.000  8-0-0

--------------------------------------------------------------

Engine-Match Thursday, November 20, 2025 11:14:38 PM
 Blitz 1/1 

Pairing 9/15 :    V7P3R_v17.0  -  V7P3R_v16.1

PGN-File: C:\Program Files (x86)\Arena\Tournaments\V7P3R Debug Tournament 20251120.pgn

No:  B/W 1/2     W:B       1:2           Time        Value Moves Dep 1:2       1-2-Draws
   8 = =    1.5:1.5        6.5:1.5       11:16:08 PM    +1.18    41 4.000 :2.045  5-0-3

--------------------------------------------------------------

Engine-Match Thursday, November 20, 2025 11:16:09 PM
 Blitz 1/1 

Pairing 10/15 :    MaterialOpponent_v2.0  -  V7P3R_v14.1

PGN-File: C:\Program Files (x86)\Arena\Tournaments\V7P3R Debug Tournament 20251120.pgn

No:  B/W 1/2     W:B       1:2           Time        Value Moves Dep 1:2       1-2-Draws
   8 W 2    1.0:0.0        0.0:8.0       11:17:34 PM   +11.80    14 8.857 :3.500  0-8-0

--------------------------------------------------------------

Engine-Match Thursday, November 20, 2025 11:17:36 PM
 Blitz 1/1 

Pairing 11/15 :    V7P3R_v16.1  -  CoverageOpponent_v2.0

PGN-File: C:\Program Files (x86)\Arena\Tournaments\V7P3R Debug Tournament 20251120.pgn

No:  B/W 1/2     W:B       1:2           Time        Value Moves Dep 1:2       1-2-Draws
   8 B 1    1.0:0.0        8.0:0.0       11:18:38 PM  -299.99    10 2.000 :6.600  8-0-0

--------------------------------------------------------------

Engine-Match Thursday, November 20, 2025 11:18:39 PM
 Blitz 1/1 

Pairing 12/15 :    PositionalOpponent_v2.0  -  V7P3R_v17.0

PGN-File: C:\Program Files (x86)\Arena\Tournaments\V7P3R Debug Tournament 20251120.pgn

No:  B/W 1/2     W:B       1:2           Time        Value Moves Dep 1:2       1-2-Draws
   8 W 2    1.0:0.0        0.0:8.0       11:20:30 PM   +20.30    19 6.632 :4.385  0-8-0

--------------------------------------------------------------

Engine-Match Thursday, November 20, 2025 11:20:32 PM
 Blitz 1/1 

Pairing 13/15 :    V7P3R_v14.1  -  V7P3R_v16.1

PGN-File: C:\Program Files (x86)\Arena\Tournaments\V7P3R Debug Tournament 20251120.pgn

No:  B/W 1/2     W:B       1:2           Time        Value Moves Dep 1:2       1-2-Draws
   8 B 1    3.0:2.0        6.0:2.0       11:21:43 PM   -34.87    30 3.471 :2.278  4-0-4

--------------------------------------------------------------

Engine-Match Thursday, November 20, 2025 11:21:45 PM
 Blitz 1/1 

Pairing 14/15 :    V7P3R_v17.0  -  MaterialOpponent_v2.0

PGN-File: C:\Program Files (x86)\Arena\Tournaments\V7P3R Debug Tournament 20251120.pgn

No:  B/W 1/2     W:B       1:2           Time        Value Moves Dep 1:2       1-2-Draws
   8 B 1    1.0:0.0        8.0:0.0       11:23:21 PM  -289.98    14 4.167 :8.214  8-0-0

--------------------------------------------------------------

Engine-Match Thursday, November 20, 2025 11:23:23 PM
 Blitz 1/1 

Pairing 15/15 :    CoverageOpponent_v2.0  -  PositionalOpponent_v2.0

PGN-File: C:\Program Files (x86)\Arena\Tournaments\V7P3R Debug Tournament 20251120.pgn

No:  B/W 1/2     W:B       1:2           Time        Value Moves Dep 1:2       1-2-Draws
   8 W 2    1.5:0.5        1.5:6.5       11:25:08 PM  +299.99    11 6.300 :6.909  1-6-1

--------------------------------------------------------------

Engine-Match Thursday, November 20, 2025 11:25:09 PM
 Blitz 1/1 

Pairing 1/15 :    V7P3R_v14.1  -  V7P3R_v17.0

PGN-File: C:\Program Files (x86)\Arena\Tournaments\V7P3R Debug Tournament 20251120.pgn

No:  B/W 1/2     W:B       1:2           Time        Value Moves Dep 1:2       1-2-Draws
   9 W 1    2.0:1.0        4.0:5.0       11:27:20 PM   +10.12    43 3.500 :4.357  3-4-2

--------------------------------------------------------------

Engine-Match Thursday, November 20, 2025 11:27:21 PM
 Blitz 1/1 

Pairing 2/15 :    PositionalOpponent_v2.0  -  V7P3R_v16.1

PGN-File: C:\Program Files (x86)\Arena\Tournaments\V7P3R Debug Tournament 20251120.pgn

No:  B/W 1/2     W:B       1:2           Time        Value Moves Dep 1:2       1-2-Draws
   9 B 2    1.0:0.0        0.0:9.0       11:28:39 PM   -12.00    17 6.765 :2.000  0-9-0

--------------------------------------------------------------

Engine-Match Thursday, November 20, 2025 11:28:50 PM
 Blitz 1/1 

Pairing 3/15 :    MaterialOpponent_v2.0  -  CoverageOpponent_v2.0

PGN-File: C:\Program Files (x86)\Arena\Tournaments\V7P3R Debug Tournament 20251120.pgn

No:  B/W 1/2     W:B       1:2           Time        Value Moves Dep 1:2       1-2-Draws
   9 W 1    1.0:0.0        9.0:0.0       11:32:18 PM  +299.99    40 7.100 :5.150  9-0-0

--------------------------------------------------------------

Engine-Match Thursday, November 20, 2025 11:32:19 PM
 Blitz 1/1 

Pairing 4/15 :    PositionalOpponent_v2.0  -  V7P3R_v14.1

PGN-File: C:\Program Files (x86)\Arena\Tournaments\V7P3R Debug Tournament 20251120.pgn

No:  B/W 1/2     W:B       1:2           Time        Value Moves Dep 1:2       1-2-Draws
   9 B 2    1.0:0.0        0.0:9.0       11:34:16 PM   -13.70    19 6.053 :3.471  0-9-0

--------------------------------------------------------------

Engine-Match Thursday, November 20, 2025 11:34:18 PM
 Blitz 1/1 

Pairing 5/15 :    CoverageOpponent_v2.0  -  V7P3R_v17.0

PGN-File: C:\Program Files (x86)\Arena\Tournaments\V7P3R Debug Tournament 20251120.pgn

No:  B/W 1/2     W:B       1:2           Time        Value Moves Dep 1:2       1-2-Draws
   9 B 2    1.0:0.0        0.0:9.0       11:35:41 PM  -289.98    12 6.667 :3.800  0-9-0

--------------------------------------------------------------

Engine-Match Thursday, November 20, 2025 11:35:42 PM
 Blitz 1/1 

Pairing 6/15 :    V7P3R_v16.1  -  MaterialOpponent_v2.0

PGN-File: C:\Program Files (x86)\Arena\Tournaments\V7P3R Debug Tournament 20251120.pgn

No:  B/W 1/2     W:B       1:2           Time        Value Moves Dep 1:2       1-2-Draws
   9 W 1    1.0:0.0        9.0:0.0       11:36:43 PM   +19.15    11 2.000 :8.364  9-0-0

--------------------------------------------------------------

Engine-Match Thursday, November 20, 2025 11:36:44 PM
 Blitz 1/1 

Pairing 7/15 :    V7P3R_v14.1  -  CoverageOpponent_v2.0

PGN-File: C:\Program Files (x86)\Arena\Tournaments\V7P3R Debug Tournament 20251120.pgn

No:  B/W 1/2     W:B       1:2           Time        Value Moves Dep 1:2       1-2-Draws
   9 W 1    1.0:0.0        9.0:0.0       11:38:50 PM  +289.97    24 3.391 :6.174  9-0-0

--------------------------------------------------------------

Engine-Match Thursday, November 20, 2025 11:38:51 PM
 Blitz 1/1 

Pairing 8/15 :    MaterialOpponent_v2.0  -  PositionalOpponent_v2.0

PGN-File: C:\Program Files (x86)\Arena\Tournaments\V7P3R Debug Tournament 20251120.pgn

No:  B/W 1/2     W:B       1:2           Time        Value Moves Dep 1:2       1-2-Draws
   9 W 1    1.0:0.0        9.0:0.0       11:41:49 PM   +13.30    25 8.400 :6.640  9-0-0

--------------------------------------------------------------

Engine-Match Thursday, November 20, 2025 11:41:50 PM
 Blitz 1/1 

Pairing 9/15 :    V7P3R_v17.0  -  V7P3R_v16.1

PGN-File: C:\Program Files (x86)\Arena\Tournaments\V7P3R Debug Tournament 20251120.pgn

No:  B/W 1/2     W:B       1:2           Time        Value Moves Dep 1:2       1-2-Draws
   9 W 1    2.5:1.5        7.5:1.5       11:43:31 PM  +289.98    43 3.846 :2.176  6-0-3

--------------------------------------------------------------

Engine-Match Thursday, November 20, 2025 11:43:33 PM
 Blitz 1/1 

Pairing 10/15 :    MaterialOpponent_v2.0  -  V7P3R_v14.1

PGN-File: C:\Program Files (x86)\Arena\Tournaments\V7P3R Debug Tournament 20251120.pgn

No:  B/W 1/2     W:B       1:2           Time        Value Moves Dep 1:2       1-2-Draws
   9 B 2    1.0:0.0        0.0:9.0       11:45:16 PM   -12.00    20 8.150 :3.158  0-9-0

--------------------------------------------------------------

Engine-Match Thursday, November 20, 2025 11:45:17 PM
 Blitz 1/1 

Pairing 11/15 :    V7P3R_v16.1  -  CoverageOpponent_v2.0

PGN-File: C:\Program Files (x86)\Arena\Tournaments\V7P3R Debug Tournament 20251120.pgn

No:  B/W 1/2     W:B       1:2           Time        Value Moves Dep 1:2       1-2-Draws
   9 W 1    1.0:0.0        9.0:0.0       11:46:37 PM  +299.99    16 2.000 :5.800  9-0-0

--------------------------------------------------------------

Engine-Match Thursday, November 20, 2025 11:46:39 PM
 Blitz 1/1 

Pairing 12/15 :    PositionalOpponent_v2.0  -  V7P3R_v17.0

PGN-File: C:\Program Files (x86)\Arena\Tournaments\V7P3R Debug Tournament 20251120.pgn

No:  B/W 1/2     W:B       1:2           Time        Value Moves Dep 1:2       1-2-Draws
   9 B 2    1.0:0.0        0.0:9.0       11:47:32 PM  -289.98     7 6.857 :4.167  0-9-0

--------------------------------------------------------------

Engine-Match Thursday, November 20, 2025 11:47:33 PM
 Blitz 1/1 

Pairing 13/15 :    V7P3R_v14.1  -  V7P3R_v16.1

PGN-File: C:\Program Files (x86)\Arena\Tournaments\V7P3R Debug Tournament 20251120.pgn

No:  B/W 1/2     W:B       1:2           Time        Value Moves Dep 1:2       1-2-Draws
   9 = =    2.5:2.5        6.5:2.5       11:48:46 PM     0.00    42 3.500 :2.095  4-0-5

--------------------------------------------------------------

Engine-Match Thursday, November 20, 2025 11:48:47 PM
 Blitz 1/1 

Pairing 14/15 :    V7P3R_v17.0  -  MaterialOpponent_v2.0

PGN-File: C:\Program Files (x86)\Arena\Tournaments\V7P3R Debug Tournament 20251120.pgn

No:  B/W 1/2     W:B       1:2           Time        Value Moves Dep 1:2       1-2-Draws
   9 W 1    1.0:0.0        9.0:0.0       11:50:13 PM  +289.98    12 4.091 :8.273  9-0-0

--------------------------------------------------------------

Engine-Match Thursday, November 20, 2025 11:50:14 PM
 Blitz 1/1 

Pairing 15/15 :    CoverageOpponent_v2.0  -  PositionalOpponent_v2.0

PGN-File: C:\Program Files (x86)\Arena\Tournaments\V7P3R Debug Tournament 20251120.pgn

No:  B/W 1/2     W:B       1:2           Time        Value Moves Dep 1:2       1-2-Draws
   9 B 2    1.5:0.5        1.5:7.5       11:53:28 PM  -299.99    32 6.000 :6.769  1-7-1

--------------------------------------------------------------

Engine-Match Thursday, November 20, 2025 11:53:29 PM
 Blitz 1/1 

Pairing 1/15 :    V7P3R_v14.1  -  V7P3R_v17.0

PGN-File: C:\Program Files (x86)\Arena\Tournaments\V7P3R Debug Tournament 20251120.pgn

No:  B/W 1/2     W:B       1:2           Time        Value Moves Dep 1:2       1-2-Draws
  10 W 2    2.0:1.0        4.0:6.0       11:55:07 PM     0.00    28 3.385 :4.200  3-5-2

--------------------------------------------------------------

Engine-Match Thursday, November 20, 2025 11:55:08 PM
 Blitz 1/1 

Pairing 2/15 :    PositionalOpponent_v2.0  -  V7P3R_v16.1

PGN-File: C:\Program Files (x86)\Arena\Tournaments\V7P3R Debug Tournament 20251120.pgn

No:  B/W 1/2     W:B       1:2           Time        Value Moves Dep 1:2       1-2-Draws
  10 W 2    1.0:0.0        0.0:10.0      11:56:19 PM   +14.50    14 6.357 :2.000  0-10-0

--------------------------------------------------------------

Engine-Match Thursday, November 20, 2025 11:56:20 PM
 Blitz 1/1 

Pairing 3/15 :    MaterialOpponent_v2.0  -  CoverageOpponent_v2.0

PGN-File: C:\Program Files (x86)\Arena\Tournaments\V7P3R Debug Tournament 20251120.pgn

No:  B/W 1/2     W:B       1:2           Time        Value Moves Dep 1:2       1-2-Draws
  10 B 1    1.0:0.0        10.0:0.0      11:59:28 PM  -299.99    30 8.619 :6.182  10-0-0

--------------------------------------------------------------

Engine-Match Thursday, November 20, 2025 11:59:30 PM
 Blitz 1/1 

Pairing 4/15 :    PositionalOpponent_v2.0  -  V7P3R_v14.1

PGN-File: C:\Program Files (x86)\Arena\Tournaments\V7P3R Debug Tournament 20251120.pgn

No:  B/W 1/2     W:B       1:2           Time        Value Moves Dep 1:2       1-2-Draws
  10 W 2    1.0:0.0        0.0:10.0      12:00:51 AM   +10.70    12 6.500 :3.273  0-10-0

--------------------------------------------------------------

Engine-Match Friday, November 21, 2025 12:00:53 AM
 Blitz 1/1 

Pairing 5/15 :    CoverageOpponent_v2.0  -  V7P3R_v17.0

PGN-File: C:\Program Files (x86)\Arena\Tournaments\V7P3R Debug Tournament 20251120.pgn

No:  B/W 1/2     W:B       1:2           Time        Value Moves Dep 1:2       1-2-Draws
  10 W 2    1.0:0.0        0.0:10.0      12:02:07 AM  +289.98    11 6.300 :3.875  0-10-0

--------------------------------------------------------------

Engine-Match Friday, November 21, 2025 12:02:08 AM
 Blitz 1/1 

Pairing 6/15 :    V7P3R_v16.1  -  MaterialOpponent_v2.0

PGN-File: C:\Program Files (x86)\Arena\Tournaments\V7P3R Debug Tournament 20251120.pgn

No:  B/W 1/2     W:B       1:2           Time        Value Moves Dep 1:2       1-2-Draws
  10 B 1    1.0:0.0        10.0:0.0      12:03:58 AM   -16.25    33 2.269 :7.963  10-0-0

--------------------------------------------------------------

Engine-Match Friday, November 21, 2025 12:04:00 AM
 Blitz 1/1 

Pairing 7/15 :    V7P3R_v14.1  -  CoverageOpponent_v2.0

PGN-File: C:\Program Files (x86)\Arena\Tournaments\V7P3R Debug Tournament 20251120.pgn

No:  B/W 1/2     W:B       1:2           Time        Value Moves Dep 1:2       1-2-Draws
  10 B 1    1.0:0.0        10.0:0.0      12:06:18 AM  -289.97    30 3.250 :6.706  10-0-0

--------------------------------------------------------------

Engine-Match Friday, November 21, 2025 12:06:32 AM
 Blitz 1/1 

Pairing 8/15 :    MaterialOpponent_v2.0  -  PositionalOpponent_v2.0

PGN-File: C:\Program Files (x86)\Arena\Tournaments\V7P3R Debug Tournament 20251120.pgn

No:  B/W 1/2     W:B       1:2           Time        Value Moves Dep 1:2       1-2-Draws
  10 W 2    1.0:0.0        9.0:1.0       12:10:05 AM  +299.99    42 8.211 :6.105  9-1-0

--------------------------------------------------------------

Engine-Match Friday, November 21, 2025 12:10:06 AM
 Blitz 1/1 

Pairing 9/15 :    V7P3R_v17.0  -  V7P3R_v16.1

PGN-File: C:\Program Files (x86)\Arena\Tournaments\V7P3R Debug Tournament 20251120.pgn

No:  B/W 1/2     W:B       1:2           Time        Value Moves Dep 1:2       1-2-Draws
  10 = =    2.0:2.0        8.0:2.0       12:11:36 AM    +1.18    41 4.000 :2.045  6-0-4

--------------------------------------------------------------

Engine-Match Friday, November 21, 2025 12:11:37 AM
 Blitz 1/1 

Pairing 10/15 :    MaterialOpponent_v2.0  -  V7P3R_v14.1

PGN-File: C:\Program Files (x86)\Arena\Tournaments\V7P3R Debug Tournament 20251120.pgn

No:  B/W 1/2     W:B       1:2           Time        Value Moves Dep 1:2       1-2-Draws
  10 W 2    1.0:0.0        0.0:10.0      12:13:02 AM   +11.80    14 8.857 :3.500  0-10-0

--------------------------------------------------------------

Engine-Match Friday, November 21, 2025 12:13:03 AM
 Blitz 1/1 

Pairing 11/15 :    V7P3R_v16.1  -  CoverageOpponent_v2.0

PGN-File: C:\Program Files (x86)\Arena\Tournaments\V7P3R Debug Tournament 20251120.pgn

No:  B/W 1/2     W:B       1:2           Time        Value Moves Dep 1:2       1-2-Draws
  10 B 1    1.0:0.0        10.0:0.0      12:14:25 AM  -299.99    16 2.000 :6.250  10-0-0

--------------------------------------------------------------

Engine-Match Friday, November 21, 2025 12:14:26 AM
 Blitz 1/1 

Pairing 12/15 :    PositionalOpponent_v2.0  -  V7P3R_v17.0

PGN-File: C:\Program Files (x86)\Arena\Tournaments\V7P3R Debug Tournament 20251120.pgn

No:  B/W 1/2     W:B       1:2           Time        Value Moves Dep 1:2       1-2-Draws
  10 W 2    1.0:0.0        0.0:10.0      12:16:13 AM     0.00    19 6.944 :4.538  0-10-0

--------------------------------------------------------------

Engine-Match Friday, November 21, 2025 12:16:15 AM
 Blitz 1/1 

Pairing 13/15 :    V7P3R_v14.1  -  V7P3R_v16.1

PGN-File: C:\Program Files (x86)\Arena\Tournaments\V7P3R Debug Tournament 20251120.pgn

No:  B/W 1/2     W:B       1:2           Time        Value Moves Dep 1:2       1-2-Draws
  10 B 1    3.5:2.5        7.5:2.5       12:17:25 AM   -34.87    30 3.412 :2.278  5-0-5

--------------------------------------------------------------

Engine-Match Friday, November 21, 2025 12:17:26 AM
 Blitz 1/1 

Pairing 14/15 :    V7P3R_v17.0  -  MaterialOpponent_v2.0

PGN-File: C:\Program Files (x86)\Arena\Tournaments\V7P3R Debug Tournament 20251120.pgn

No:  B/W 1/2     W:B       1:2           Time        Value Moves Dep 1:2       1-2-Draws
  10 B 1    1.0:0.0        10.0:0.0      12:19:03 AM  -289.98    14 4.167 :8.214  10-0-0

--------------------------------------------------------------

Engine-Match Friday, November 21, 2025 12:19:04 AM
 Blitz 1/1 

Pairing 15/15 :    CoverageOpponent_v2.0  -  PositionalOpponent_v2.0

PGN-File: C:\Program Files (x86)\Arena\Tournaments\V7P3R Debug Tournament 20251120.pgn

No:  B/W 1/2     W:B       1:2           Time        Value Moves Dep 1:2       1-2-Draws
  10 W 2    1.5:0.5        1.5:8.5       12:20:49 AM  +299.99    11 6.300 :6.909  1-8-1
