Engine-Match Friday, November 7, 2025 11:43:49 PM
 Blitz 2/1 

Pairing 1/21 :    V7P3R_v14.0  -  MaterialOpponent

PGN-File: C:\Program Files (x86)\Arena\Tournaments\V7P3R Regression Battle 20251107.pgn

No:  B/W 1/2     W:B       1:2           Time        Value Moves Dep 1:2       1-2-Draws
   1 = =    0.5:0.5        0.5:0.5       11:48:22 PM    -5.99    95 4.071 :6.000  0-0-1

--------------------------------------------------------------

Engine-Match Friday, November 7, 2025 11:48:24 PM
 Blitz 2/1 

Pairing 2/21 :    RandomOpponent  -  V7P3R_v14.1

PGN-File: C:\Program Files (x86)\Arena\Tournaments\V7P3R Regression Battle 20251107.pgn

No:  B/W 1/2     W:B       1:2           Time        Value Moves Dep 1:2       1-2-Draws
   1 B 2    1.0:0.0        0.0:1.0       11:49:24 PM  -289.97    18 0:3.786  0-1-0

--------------------------------------------------------------

Engine-Match Friday, November 7, 2025 11:49:25 PM
 Blitz 2/1 

Pairing 3/21 :    V7P3R_v14.2  -  V7P3R_v14.3

PGN-File: C:\Program Files (x86)\Arena\Tournaments\V7P3R Regression Battle 20251107.pgn

No:  B/W 1/2     W:B       1:2           Time        Value Moves Dep 1:2       1-2-Draws
   1 B 2    1.0:0.0        0.0:1.0       11:52:56 PM  -289.98    68 4.056 :4.125  0-1-0

--------------------------------------------------------------

Engine-Match Friday, November 7, 2025 11:52:57 PM
 Blitz 2/1 

Pairing 4/21 :    Stockfish 1%  -  RandomOpponent

PGN-File: C:\Program Files (x86)\Arena\Tournaments\V7P3R Regression Battle 20251107.pgn

No:  B/W 1/2     W:B       1:2           Time        Value Moves Dep 1:2       1-2-Draws
   1 W 1    1.0:0.0        1.0:0.0       11:53:28 PM      +M1    47 12.400 :0 1-0-0

--------------------------------------------------------------

Engine-Match Friday, November 7, 2025 11:53:30 PM
 Blitz 2/1 

Pairing 5/21 :    V7P3R_v14.3  -  V7P3R_v14.0

PGN-File: C:\Program Files (x86)\Arena\Tournaments\V7P3R Regression Battle 20251107.pgn

No:  B/W 1/2     W:B       1:2           Time        Value Moves Dep 1:2       1-2-Draws
   1 B 2    1.0:0.0        0.0:1.0       11:57:47 PM     0.00    60 4.080 :4.300  0-1-0

--------------------------------------------------------------

Engine-Match Friday, November 7, 2025 11:57:48 PM
 Blitz 2/1 

Pairing 6/21 :    V7P3R_v14.1  -  V7P3R_v14.2

PGN-File: C:\Program Files (x86)\Arena\Tournaments\V7P3R Regression Battle 20251107.pgn

No:  B/W 1/2     W:B       1:2           Time        Value Moves Dep 1:2       1-2-Draws
   1 W 1    1.0:0.0        1.0:0.0       12:00:02 AM     0.00    33 3.773 :4.056  1-0-0

--------------------------------------------------------------

Engine-Match Saturday, November 8, 2025 12:00:03 AM
 Blitz 2/1 

Pairing 7/21 :    MaterialOpponent  -  V7P3R_v14.3

PGN-File: C:\Program Files (x86)\Arena\Tournaments\V7P3R Regression Battle 20251107.pgn

No:  B/W 1/2     W:B       1:2           Time        Value Moves Dep 1:2       1-2-Draws
   1 = =    0.5:0.5        0.5:0.5       12:02:40 AM     0.00    29 6.000 :3.560  0-0-1

--------------------------------------------------------------

Engine-Match Saturday, November 8, 2025 12:02:41 AM
 Blitz 2/1 

Pairing 8/21 :    V7P3R_v14.2  -  Stockfish 1%

PGN-File: C:\Program Files (x86)\Arena\Tournaments\V7P3R Regression Battle 20251107.pgn

No:  B/W 1/2     W:B       1:2           Time        Value Moves Dep 1:2       1-2-Draws
   1 = =    0.5:0.5        0.5:0.5       12:05:23 AM     0.00    74 3.302 :11.833  0-0-1

--------------------------------------------------------------

Engine-Match Saturday, November 8, 2025 12:05:24 AM
 Blitz 2/1 

Pairing 9/21 :    V7P3R_v14.0  -  V7P3R_v14.1

PGN-File: C:\Program Files (x86)\Arena\Tournaments\V7P3R Regression Battle 20251107.pgn

No:  B/W 1/2     W:B       1:2           Time        Value Moves Dep 1:2       1-2-Draws
   1 B 2    1.0:0.0        0.0:1.0       12:10:25 AM     0.00    88 4.214 :3.813  0-1-0

--------------------------------------------------------------

Engine-Match Saturday, November 8, 2025 12:10:27 AM
 Blitz 2/1 

Pairing 10/21 :    RandomOpponent  -  V7P3R_v14.2

PGN-File: C:\Program Files (x86)\Arena\Tournaments\V7P3R Regression Battle 20251107.pgn

No:  B/W 1/2     W:B       1:2           Time        Value Moves Dep 1:2       1-2-Draws
   1 B 2    1.0:0.0        0.0:1.0       12:11:27 AM  -289.98    18 0:4.125  0-1-0

--------------------------------------------------------------

Engine-Match Saturday, November 8, 2025 12:11:29 AM
 Blitz 2/1 

Pairing 11/21 :    V7P3R_v14.1  -  MaterialOpponent

PGN-File: C:\Program Files (x86)\Arena\Tournaments\V7P3R Regression Battle 20251107.pgn

No:  B/W 1/2     W:B       1:2           Time        Value Moves Dep 1:2       1-2-Draws
   1 = =    0.5:0.5        0.5:0.5       12:16:18 AM    -1.05    81 3.151 :6.000  0-0-1

--------------------------------------------------------------

Engine-Match Saturday, November 8, 2025 12:16:20 AM
 Blitz 2/1 

Pairing 12/21 :    Stockfish 1%  -  V7P3R_v14.0

PGN-File: C:\Program Files (x86)\Arena\Tournaments\V7P3R Regression Battle 20251107.pgn

No:  B/W 1/2     W:B       1:2           Time        Value Moves Dep 1:2       1-2-Draws
   1 W 1    1.0:0.0        1.0:0.0       12:18:12 AM      +M1    28 11.143 :4.250  1-0-0

--------------------------------------------------------------

Engine-Match Saturday, November 8, 2025 12:18:13 AM
 Blitz 2/1 

Pairing 13/21 :    V7P3R_v14.3  -  V7P3R_v14.1

PGN-File: C:\Program Files (x86)\Arena\Tournaments\V7P3R Regression Battle 20251107.pgn

No:  B/W 1/2     W:B       1:2           Time        Value Moves Dep 1:2       1-2-Draws
   1 B 2    1.0:0.0        0.0:1.0       12:22:16 AM  -289.97    56 3.960 :3.720  0-1-0

--------------------------------------------------------------

Engine-Match Saturday, November 8, 2025 12:22:17 AM
 Blitz 2/1 

Pairing 14/21 :    V7P3R_v14.0  -  RandomOpponent

PGN-File: C:\Program Files (x86)\Arena\Tournaments\V7P3R Regression Battle 20251107.pgn

No:  B/W 1/2     W:B       1:2           Time        Value Moves Dep 1:2       1-2-Draws
   1 W 1    1.0:0.0        1.0:0.0       12:24:18 AM  +289.97    24 4.182 :0 1-0-0

--------------------------------------------------------------

Engine-Match Saturday, November 8, 2025 12:24:20 AM
 Blitz 2/1 

Pairing 15/21 :    MaterialOpponent  -  Stockfish 1%

PGN-File: C:\Program Files (x86)\Arena\Tournaments\V7P3R Regression Battle 20251107.pgn

No:  B/W 1/2     W:B       1:2           Time        Value Moves Dep 1:2       1-2-Draws
   1 B 2    1.0:0.0        0.0:1.0       12:25:17 AM      -M1    26 6.000 :13.200  0-1-0

--------------------------------------------------------------

Engine-Match Saturday, November 8, 2025 12:25:18 AM
 Blitz 2/1 

Pairing 16/21 :    V7P3R_v14.2  -  V7P3R_v14.0

PGN-File: C:\Program Files (x86)\Arena\Tournaments\V7P3R Regression Battle 20251107.pgn

No:  B/W 1/2     W:B       1:2           Time        Value Moves Dep 1:2       1-2-Draws
   1 B 2    1.0:0.0        0.0:1.0       12:29:42 AM   -12.03    45 3.400 :3.636  0-1-0

--------------------------------------------------------------

Engine-Match Saturday, November 8, 2025 12:29:43 AM
 Blitz 2/1 

Pairing 17/21 :    Stockfish 1%  -  V7P3R_v14.3

PGN-File: C:\Program Files (x86)\Arena\Tournaments\V7P3R Regression Battle 20251107.pgn

No:  B/W 1/2     W:B       1:2           Time        Value Moves Dep 1:2       1-2-Draws
   1 W 1    1.0:0.0        1.0:0.0       12:30:28 AM      +M1    16 11.167 :3.900  1-0-0

--------------------------------------------------------------

Engine-Match Saturday, November 8, 2025 12:30:30 AM
 Blitz 2/1 

Pairing 18/21 :    RandomOpponent  -  MaterialOpponent

PGN-File: C:\Program Files (x86)\Arena\Tournaments\V7P3R Regression Battle 20251107.pgn

No:  B/W 1/2     W:B       1:2           Time        Value Moves Dep 1:2       1-2-Draws
   1 B 2    1.0:0.0        0.0:1.0       12:31:17 AM  -299.99    47 0:6.000  0-1-0

--------------------------------------------------------------

Engine-Match Saturday, November 8, 2025 12:31:18 AM
 Blitz 2/1 

Pairing 19/21 :    V7P3R_v14.1  -  Stockfish 1%

PGN-File: C:\Program Files (x86)\Arena\Tournaments\V7P3R Regression Battle 20251107.pgn

No:  B/W 1/2     W:B       1:2           Time        Value Moves Dep 1:2       1-2-Draws
   1 W 1    1.0:0.0        1.0:0.0       12:33:08 AM  +289.97    45 3.706 :10.167  1-0-0

--------------------------------------------------------------

Engine-Match Saturday, November 8, 2025 12:33:10 AM
 Blitz 2/1 

Pairing 20/21 :    MaterialOpponent  -  V7P3R_v14.2

PGN-File: C:\Program Files (x86)\Arena\Tournaments\V7P3R Regression Battle 20251107.pgn

No:  B/W 1/2     W:B       1:2           Time        Value Moves Dep 1:2       1-2-Draws
   1 W 1    1.0:0.0        1.0:0.0       12:36:08 AM  +299.99    47 6.000 :3.759  1-0-0

--------------------------------------------------------------

Engine-Match Saturday, November 8, 2025 12:36:23 AM
 Blitz 2/1 

Pairing 21/21 :    V7P3R_v14.3  -  RandomOpponent

PGN-File: C:\Program Files (x86)\Arena\Tournaments\V7P3R Regression Battle 20251107.pgn

No:  B/W 1/2     W:B       1:2           Time        Value Moves Dep 1:2       1-2-Draws
   1 W 1    1.0:0.0        1.0:0.0       12:37:08 AM     0.00    16 4.143 :0 1-0-0

--------------------------------------------------------------

Engine-Match Saturday, November 8, 2025 12:37:09 AM
 Blitz 2/1 

Pairing 1/21 :    V7P3R_v14.0  -  MaterialOpponent

PGN-File: C:\Program Files (x86)\Arena\Tournaments\V7P3R Regression Battle 20251107.pgn

No:  B/W 1/2     W:B       1:2           Time        Value Moves Dep 1:2       1-2-Draws
   2 = =    1.0:1.0        1.0:1.0       12:39:51 AM    +1.00    28 3.810 :6.000  0-0-2

--------------------------------------------------------------

Engine-Match Saturday, November 8, 2025 12:39:52 AM
 Blitz 2/1 

Pairing 2/21 :    RandomOpponent  -  V7P3R_v14.1

PGN-File: C:\Program Files (x86)\Arena\Tournaments\V7P3R Regression Battle 20251107.pgn

No:  B/W 1/2     W:B       1:2           Time        Value Moves Dep 1:2       1-2-Draws
   2 W 2    1.0:0.0        0.0:2.0       12:40:46 AM  +289.98    16 0:3.733  0-2-0

--------------------------------------------------------------

Engine-Match Saturday, November 8, 2025 12:40:47 AM
 Blitz 2/1 

Pairing 3/21 :    V7P3R_v14.2  -  V7P3R_v14.3

PGN-File: C:\Program Files (x86)\Arena\Tournaments\V7P3R Regression Battle 20251107.pgn

No:  B/W 1/2     W:B       1:2           Time        Value Moves Dep 1:2       1-2-Draws
   2 = =    0.5:0.5        0.5:1.5       12:44:40 AM     0.00    63 3.724 :3.893  0-1-1

--------------------------------------------------------------

Engine-Match Saturday, November 8, 2025 12:44:41 AM
 Blitz 2/1 

Pairing 4/21 :    Stockfish 1%  -  RandomOpponent

PGN-File: C:\Program Files (x86)\Arena\Tournaments\V7P3R Regression Battle 20251107.pgn

No:  B/W 1/2     W:B       1:2           Time        Value Moves Dep 1:2       1-2-Draws
   2 B 1    1.0:0.0        2.0:0.0       12:45:10 AM      -M1    40 13.333 :0 2-0-0

--------------------------------------------------------------

Engine-Match Saturday, November 8, 2025 12:45:12 AM
 Blitz 2/1 

Pairing 5/21 :    V7P3R_v14.3  -  V7P3R_v14.0

PGN-File: C:\Program Files (x86)\Arena\Tournaments\V7P3R Regression Battle 20251107.pgn

No:  B/W 1/2     W:B       1:2           Time        Value Moves Dep 1:2       1-2-Draws
   2 B 1    1.0:0.0        1.0:1.0       12:50:15 AM     0.00    75 4.261 :4.550  1-1-0

--------------------------------------------------------------

Engine-Match Saturday, November 8, 2025 12:50:16 AM
 Blitz 2/1 

Pairing 6/21 :    V7P3R_v14.1  -  V7P3R_v14.2

PGN-File: C:\Program Files (x86)\Arena\Tournaments\V7P3R Regression Battle 20251107.pgn

No:  B/W 1/2     W:B       1:2           Time        Value Moves Dep 1:2       1-2-Draws
   2 = =    0.5:0.5        1.5:0.5       12:54:18 AM    +7.08    61 3.406 :3.500  1-0-1

--------------------------------------------------------------

Engine-Match Saturday, November 8, 2025 12:54:20 AM
 Blitz 2/1 

Pairing 7/21 :    MaterialOpponent  -  V7P3R_v14.3

PGN-File: C:\Program Files (x86)\Arena\Tournaments\V7P3R Regression Battle 20251107.pgn

No:  B/W 1/2     W:B       1:2           Time        Value Moves Dep 1:2       1-2-Draws
   2 = =    1.0:1.0        1.0:1.0       12:55:04 AM     0.00    13 6.000 :4.222  0-0-2

--------------------------------------------------------------

Engine-Match Saturday, November 8, 2025 12:55:06 AM
 Blitz 2/1 

Pairing 8/21 :    V7P3R_v14.2  -  Stockfish 1%

PGN-File: C:\Program Files (x86)\Arena\Tournaments\V7P3R Regression Battle 20251107.pgn

No:  B/W 1/2     W:B       1:2           Time        Value Moves Dep 1:2       1-2-Draws
   2 W 2    1.5:0.5        0.5:1.5       12:57:31 AM   +24.93    63 3.542 :11.857  0-1-1

--------------------------------------------------------------

Engine-Match Saturday, November 8, 2025 12:57:32 AM
 Blitz 2/1 

Pairing 9/21 :    V7P3R_v14.0  -  V7P3R_v14.1

PGN-File: C:\Program Files (x86)\Arena\Tournaments\V7P3R Regression Battle 20251107.pgn

No:  B/W 1/2     W:B       1:2           Time        Value Moves Dep 1:2       1-2-Draws
   2 B 1    1.0:0.0        1.0:1.0       1:02:46 AM  -289.98    88 3.833 :3.522  1-1-0

--------------------------------------------------------------

Engine-Match Saturday, November 8, 2025 1:02:47 AM
 Blitz 2/1 

Pairing 10/21 :    RandomOpponent  -  V7P3R_v14.2

PGN-File: C:\Program Files (x86)\Arena\Tournaments\V7P3R Regression Battle 20251107.pgn

No:  B/W 1/2     W:B       1:2           Time        Value Moves Dep 1:2       1-2-Draws
   2 W 2    1.0:0.0        0.0:2.0       1:04:18 AM  +289.97    24 0:3.952  0-2-0

--------------------------------------------------------------

Engine-Match Saturday, November 8, 2025 1:04:19 AM
 Blitz 2/1 

Pairing 11/21 :    V7P3R_v14.1  -  MaterialOpponent

PGN-File: C:\Program Files (x86)\Arena\Tournaments\V7P3R Regression Battle 20251107.pgn

No:  B/W 1/2     W:B       1:2           Time        Value Moves Dep 1:2       1-2-Draws
   2 W 2    1.5:0.5        0.5:1.5       1:08:04 AM   +15.60    79 3.815 :6.000  0-1-1

--------------------------------------------------------------

Engine-Match Saturday, November 8, 2025 1:08:05 AM
 Blitz 2/1 

Pairing 12/21 :    Stockfish 1%  -  V7P3R_v14.0

PGN-File: C:\Program Files (x86)\Arena\Tournaments\V7P3R Regression Battle 20251107.pgn

No:  B/W 1/2     W:B       1:2           Time        Value Moves Dep 1:2       1-2-Draws
   2 B 1    1.0:0.0        2.0:0.0       1:10:43 AM      -M1    38 11.125 :3.964  2-0-0

--------------------------------------------------------------

Engine-Match Saturday, November 8, 2025 1:10:45 AM
 Blitz 2/1 

Pairing 13/21 :    V7P3R_v14.3  -  V7P3R_v14.1

PGN-File: C:\Program Files (x86)\Arena\Tournaments\V7P3R Regression Battle 20251107.pgn

No:  B/W 1/2     W:B       1:2           Time        Value Moves Dep 1:2       1-2-Draws
   2 W 2    1.0:0.0        0.0:2.0       1:13:57 AM  +289.98    47 4.200 :3.636  0-2-0

--------------------------------------------------------------

Engine-Match Saturday, November 8, 2025 1:13:58 AM
 Blitz 2/1 

Pairing 14/21 :    V7P3R_v14.0  -  RandomOpponent

PGN-File: C:\Program Files (x86)\Arena\Tournaments\V7P3R Regression Battle 20251107.pgn

No:  B/W 1/2     W:B       1:2           Time        Value Moves Dep 1:2       1-2-Draws
   2 B 1    1.0:0.0        2.0:0.0       1:15:34 AM  -289.98    18 4.250 :0 2-0-0

--------------------------------------------------------------

Engine-Match Saturday, November 8, 2025 1:15:35 AM
 Blitz 2/1 

Pairing 15/21 :    MaterialOpponent  -  Stockfish 1%

PGN-File: C:\Program Files (x86)\Arena\Tournaments\V7P3R Regression Battle 20251107.pgn

No:  B/W 1/2     W:B       1:2           Time        Value Moves Dep 1:2       1-2-Draws
   2 W 2    1.0:0.0        0.0:2.0       1:17:35 AM  +299.96    67 6.000 :11.286  0-2-0

--------------------------------------------------------------

Engine-Match Saturday, November 8, 2025 1:17:36 AM
 Blitz 2/1 

Pairing 16/21 :    V7P3R_v14.2  -  V7P3R_v14.0

PGN-File: C:\Program Files (x86)\Arena\Tournaments\V7P3R Regression Battle 20251107.pgn

No:  B/W 1/2     W:B       1:2           Time        Value Moves Dep 1:2       1-2-Draws
   2 W 2    1.0:0.0        0.0:2.0       1:20:43 AM   +25.87    33 3.296 :3.769  0-2-0

--------------------------------------------------------------

Engine-Match Saturday, November 8, 2025 1:20:44 AM
 Blitz 2/1 

Pairing 17/21 :    Stockfish 1%  -  V7P3R_v14.3

PGN-File: C:\Program Files (x86)\Arena\Tournaments\V7P3R Regression Battle 20251107.pgn

No:  B/W 1/2     W:B       1:2           Time        Value Moves Dep 1:2       1-2-Draws
   2 B 1    1.0:0.0        2.0:0.0       1:22:07 AM      -M1    25 12.167 :3.952  2-0-0

--------------------------------------------------------------

Engine-Match Saturday, November 8, 2025 1:22:09 AM
 Blitz 2/1 

Pairing 18/21 :    RandomOpponent  -  MaterialOpponent

PGN-File: C:\Program Files (x86)\Arena\Tournaments\V7P3R Regression Battle 20251107.pgn

No:  B/W 1/2     W:B       1:2           Time        Value Moves Dep 1:2       1-2-Draws
   2 W 2    1.0:0.0        0.0:2.0       1:22:51 AM  +299.99    32 0:6.000  0-2-0

--------------------------------------------------------------

Engine-Match Saturday, November 8, 2025 1:22:53 AM
 Blitz 2/1 

Pairing 19/21 :    V7P3R_v14.1  -  Stockfish 1%

PGN-File: C:\Program Files (x86)\Arena\Tournaments\V7P3R Regression Battle 20251107.pgn

No:  B/W 1/2     W:B       1:2           Time        Value Moves Dep 1:2       1-2-Draws
   2 W 2    1.0:0.0        1.0:1.0       1:24:47 AM      +M1    28 3.625 :11.857  1-1-0

--------------------------------------------------------------

Engine-Match Saturday, November 8, 2025 1:24:58 AM
 Blitz 2/1 

Pairing 20/21 :    MaterialOpponent  -  V7P3R_v14.2

PGN-File: C:\Program Files (x86)\Arena\Tournaments\V7P3R Regression Battle 20251107.pgn

No:  B/W 1/2     W:B       1:2           Time        Value Moves Dep 1:2       1-2-Draws
   2 = =    0.5:0.5        1.5:0.5       1:28:45 AM    -2.30    59 6.000 :3.432  1-0-1

--------------------------------------------------------------

Engine-Match Saturday, November 8, 2025 1:28:46 AM
 Blitz 2/1 

Pairing 21/21 :    V7P3R_v14.3  -  RandomOpponent

PGN-File: C:\Program Files (x86)\Arena\Tournaments\V7P3R Regression Battle 20251107.pgn

No:  B/W 1/2     W:B       1:2           Time        Value Moves Dep 1:2       1-2-Draws
   2 B 1    1.0:0.0        2.0:0.0       1:29:36 AM  -289.97    12 4.167 :0 2-0-0

--------------------------------------------------------------

Engine-Match Saturday, November 8, 2025 1:29:38 AM
 Blitz 2/1 

Pairing 1/21 :    V7P3R_v14.0  -  MaterialOpponent

PGN-File: C:\Program Files (x86)\Arena\Tournaments\V7P3R Regression Battle 20251107.pgn

No:  B/W 1/2     W:B       1:2           Time        Value Moves Dep 1:2       1-2-Draws
   3 = =    1.5:1.5        1.5:1.5       1:34:23 AM    -5.99    95 4.071 :6.000  0-0-3

--------------------------------------------------------------

Engine-Match Saturday, November 8, 2025 1:34:24 AM
 Blitz 2/1 

Pairing 2/21 :    RandomOpponent  -  V7P3R_v14.1

PGN-File: C:\Program Files (x86)\Arena\Tournaments\V7P3R Regression Battle 20251107.pgn

No:  B/W 1/2     W:B       1:2           Time        Value Moves Dep 1:2       1-2-Draws
   3 B 2    1.0:0.0        0.0:3.0       1:35:31 AM  -289.97    20 0:3.667  0-3-0

--------------------------------------------------------------

Engine-Match Saturday, November 8, 2025 1:35:32 AM
 Blitz 2/1 

Pairing 3/21 :    V7P3R_v14.2  -  V7P3R_v14.3

PGN-File: C:\Program Files (x86)\Arena\Tournaments\V7P3R Regression Battle 20251107.pgn

No:  B/W 1/2     W:B       1:2           Time        Value Moves Dep 1:2       1-2-Draws
   3 B 2    1.5:0.5        0.5:2.5       1:40:59 AM   -16.08    96 3.591 :4.081  0-2-1

--------------------------------------------------------------

Engine-Match Saturday, November 8, 2025 1:41:01 AM
 Blitz 2/1 

Pairing 4/21 :    Stockfish 1%  -  RandomOpponent

PGN-File: C:\Program Files (x86)\Arena\Tournaments\V7P3R Regression Battle 20251107.pgn

No:  B/W 1/2     W:B       1:2           Time        Value Moves Dep 1:2       1-2-Draws
   3 W 1    1.0:0.0        3.0:0.0       1:41:30 AM      +M1    42 12.333 :0 3-0-0

--------------------------------------------------------------

Engine-Match Saturday, November 8, 2025 1:41:31 AM
 Blitz 2/1 

Pairing 5/21 :    V7P3R_v14.3  -  V7P3R_v14.0

PGN-File: C:\Program Files (x86)\Arena\Tournaments\V7P3R Regression Battle 20251107.pgn

No:  B/W 1/2     W:B       1:2           Time        Value Moves Dep 1:2       1-2-Draws
   3 B 2    1.0:0.0        1.0:2.0       1:45:51 AM   -12.71    61 4.120 :4.300  1-2-0

--------------------------------------------------------------

Engine-Match Saturday, November 8, 2025 1:45:53 AM
 Blitz 2/1 

Pairing 6/21 :    V7P3R_v14.1  -  V7P3R_v14.2

PGN-File: C:\Program Files (x86)\Arena\Tournaments\V7P3R Regression Battle 20251107.pgn

No:  B/W 1/2     W:B       1:2           Time        Value Moves Dep 1:2       1-2-Draws
   3 W 1    1.5:0.5        2.5:0.5       1:47:57 AM     0.00    33 3.773 :4.056  2-0-1

--------------------------------------------------------------

Engine-Match Saturday, November 8, 2025 1:47:59 AM
 Blitz 2/1 

Pairing 7/21 :    MaterialOpponent  -  V7P3R_v14.3

PGN-File: C:\Program Files (x86)\Arena\Tournaments\V7P3R Regression Battle 20251107.pgn

No:  B/W 1/2     W:B       1:2           Time        Value Moves Dep 1:2       1-2-Draws
   3 = =    1.5:1.5        1.5:1.5       1:51:23 AM    +1.41    50 6.000 :3.889  0-0-3

--------------------------------------------------------------

Engine-Match Saturday, November 8, 2025 1:51:25 AM
 Blitz 2/1 

Pairing 8/21 :    V7P3R_v14.2  -  Stockfish 1%

PGN-File: C:\Program Files (x86)\Arena\Tournaments\V7P3R Regression Battle 20251107.pgn

No:  B/W 1/2     W:B       1:2           Time        Value Moves Dep 1:2       1-2-Draws
   3 B 2    1.5:0.5        0.5:2.5       1:53:06 AM      -M1    34 3.633 :11.143  0-2-1

--------------------------------------------------------------

Engine-Match Saturday, November 8, 2025 1:53:07 AM
 Blitz 2/1 

Pairing 9/21 :    V7P3R_v14.0  -  V7P3R_v14.1

PGN-File: C:\Program Files (x86)\Arena\Tournaments\V7P3R Regression Battle 20251107.pgn

No:  B/W 1/2     W:B       1:2           Time        Value Moves Dep 1:2       1-2-Draws
   3 = =    0.5:0.5        1.5:1.5       1:58:04 AM    -6.14    70 4.214 :3.813  1-1-1

--------------------------------------------------------------

Engine-Match Saturday, November 8, 2025 1:58:05 AM
 Blitz 2/1 

Pairing 10/21 :    RandomOpponent  -  V7P3R_v14.2

PGN-File: C:\Program Files (x86)\Arena\Tournaments\V7P3R Regression Battle 20251107.pgn

No:  B/W 1/2     W:B       1:2           Time        Value Moves Dep 1:2       1-2-Draws
   3 B 2    1.0:0.0        0.0:3.0       1:58:59 AM     0.00    19 0:3.688  0-3-0

--------------------------------------------------------------

Engine-Match Saturday, November 8, 2025 1:59:00 AM
 Blitz 2/1 

Pairing 11/21 :    V7P3R_v14.1  -  MaterialOpponent

PGN-File: C:\Program Files (x86)\Arena\Tournaments\V7P3R Regression Battle 20251107.pgn

No:  B/W 1/2     W:B       1:2           Time        Value Moves Dep 1:2       1-2-Draws
   3 = =    1.0:1.0        1.0:2.0       2:02:29 AM    -1.25    45 3.119 :6.000  0-1-2

--------------------------------------------------------------

Engine-Match Saturday, November 8, 2025 2:02:31 AM
 Blitz 2/1 

Pairing 12/21 :    Stockfish 1%  -  V7P3R_v14.0

PGN-File: C:\Program Files (x86)\Arena\Tournaments\V7P3R Regression Battle 20251107.pgn

No:  B/W 1/2     W:B       1:2           Time        Value Moves Dep 1:2       1-2-Draws
   3 W 1    1.0:0.0        3.0:0.0       2:04:19 AM   +10.32    25 11.286 :4.385  3-0-0

--------------------------------------------------------------

Engine-Match Saturday, November 8, 2025 2:04:21 AM
 Blitz 2/1 

Pairing 13/21 :    V7P3R_v14.3  -  V7P3R_v14.1

PGN-File: C:\Program Files (x86)\Arena\Tournaments\V7P3R Regression Battle 20251107.pgn

No:  B/W 1/2     W:B       1:2           Time        Value Moves Dep 1:2       1-2-Draws
   3 W 1    1.0:0.0        1.0:2.0       2:06:15 AM  +289.97    23 4.188 :3.786  1-2-0

--------------------------------------------------------------

Engine-Match Saturday, November 8, 2025 2:06:16 AM
 Blitz 2/1 

Pairing 14/21 :    V7P3R_v14.0  -  RandomOpponent

PGN-File: C:\Program Files (x86)\Arena\Tournaments\V7P3R Regression Battle 20251107.pgn

No:  B/W 1/2     W:B       1:2           Time        Value Moves Dep 1:2       1-2-Draws
   3 W 1    1.0:0.0        3.0:0.0       2:07:16 AM  +289.97    10 4.111 :0 3-0-0

--------------------------------------------------------------

Engine-Match Saturday, November 8, 2025 2:07:17 AM
 Blitz 2/1 

Pairing 15/21 :    MaterialOpponent  -  Stockfish 1%

PGN-File: C:\Program Files (x86)\Arena\Tournaments\V7P3R Regression Battle 20251107.pgn

No:  B/W 1/2     W:B       1:2           Time        Value Moves Dep 1:2       1-2-Draws
   3 W 1    1.0:0.0        1.0:2.0       2:08:59 AM  +299.99    42 6.000 :13.200  1-2-0

--------------------------------------------------------------

Engine-Match Saturday, November 8, 2025 2:09:00 AM
 Blitz 2/1 

Pairing 16/21 :    V7P3R_v14.2  -  V7P3R_v14.0

PGN-File: C:\Program Files (x86)\Arena\Tournaments\V7P3R Regression Battle 20251107.pgn

No:  B/W 1/2     W:B       1:2           Time        Value Moves Dep 1:2       1-2-Draws
   3 B 2    1.0:0.0        0.0:3.0       2:13:45 AM     0.00    62 3.767 :3.889  0-3-0

--------------------------------------------------------------

Engine-Match Saturday, November 8, 2025 2:13:46 AM
 Blitz 2/1 

Pairing 17/21 :    Stockfish 1%  -  V7P3R_v14.3

PGN-File: C:\Program Files (x86)\Arena\Tournaments\V7P3R Regression Battle 20251107.pgn

No:  B/W 1/2     W:B       1:2           Time        Value Moves Dep 1:2       1-2-Draws
   3 W 1    1.0:0.0        3.0:0.0       2:14:51 AM      +M1    21 11.286 :3.933  3-0-0

--------------------------------------------------------------

Engine-Match Saturday, November 8, 2025 2:14:52 AM
 Blitz 2/1 

Pairing 18/21 :    RandomOpponent  -  MaterialOpponent

PGN-File: C:\Program Files (x86)\Arena\Tournaments\V7P3R Regression Battle 20251107.pgn

No:  B/W 1/2     W:B       1:2           Time        Value Moves Dep 1:2       1-2-Draws
   3 B 2    1.0:0.0        0.0:3.0       2:15:11 AM  -299.99    12 0:6.000  0-3-0

--------------------------------------------------------------

Engine-Match Saturday, November 8, 2025 2:15:26 AM
 Blitz 2/1 

Pairing 19/21 :    V7P3R_v14.1  -  Stockfish 1%

PGN-File: C:\Program Files (x86)\Arena\Tournaments\V7P3R Regression Battle 20251107.pgn

No:  B/W 1/2     W:B       1:2           Time        Value Moves Dep 1:2       1-2-Draws
   3 B 2    1.0:0.0        1.0:2.0       2:17:01 AM      -M1    30 3.538 :10.222  1-2-0

--------------------------------------------------------------

Engine-Match Saturday, November 8, 2025 2:17:03 AM
 Blitz 2/1 

Pairing 20/21 :    MaterialOpponent  -  V7P3R_v14.2

PGN-File: C:\Program Files (x86)\Arena\Tournaments\V7P3R Regression Battle 20251107.pgn

No:  B/W 1/2     W:B       1:2           Time        Value Moves Dep 1:2       1-2-Draws
   3 W 1    1.5:0.5        2.5:0.5       2:19:51 AM  +299.99    47 6.000 :3.759  2-0-1

--------------------------------------------------------------

Engine-Match Saturday, November 8, 2025 2:19:53 AM
 Blitz 2/1 

Pairing 21/21 :    V7P3R_v14.3  -  RandomOpponent

PGN-File: C:\Program Files (x86)\Arena\Tournaments\V7P3R Regression Battle 20251107.pgn

No:  B/W 1/2     W:B       1:2           Time        Value Moves Dep 1:2       1-2-Draws
   3 W 1    1.0:0.0        3.0:0.0       2:21:13 AM     0.00    25 4.294 :0 3-0-0
