Engine-Match Wednesday, November 19, 2025 12:00:21 AM
 Blitz 2/1 

Pairing 1/7 :    V7P3R_v15.1  -  C0BR4_v3.1

PGN-File: C:\Program Files (x86)\Arena\Tournaments\V7P3R_v15.0 Gauntlet 20251118.pgn

No:  B/W 1/2     W:B       1:2           Time        Value Moves Dep 1:2       1-2-Draws
   1 W 1    1.0:0.0        1.0:0.0       12:03:04 AM     0.00    44 6.000 :4.000  1-0-0

--------------------------------------------------------------

Engine-Match Wednesday, November 19, 2025 12:03:06 AM
 Blitz 2/1 

Pairing 2/7 :    V7P3R_v15.1  -  MaterialOpponent

PGN-File: C:\Program Files (x86)\Arena\Tournaments\V7P3R_v15.0 Gauntlet 20251118.pgn

No:  B/W 1/2     W:B       1:2           Time        Value Moves Dep 1:2       1-2-Draws
   1 B 2    1.0:0.0        0.0:1.0       12:06:44 AM  -299.99    49 5.810 :6.000  0-1-0

--------------------------------------------------------------

Engine-Match Wednesday, November 19, 2025 12:06:45 AM
 Blitz 2/1 

Pairing 3/7 :    V7P3R_v15.1  -  PositionalOpponent

PGN-File: C:\Program Files (x86)\Arena\Tournaments\V7P3R_v15.0 Gauntlet 20251118.pgn

No:  B/W 1/2     W:B       1:2           Time        Value Moves Dep 1:2       1-2-Draws
   1 W 1    1.0:0.0        1.0:0.0       12:10:46 AM   +17.70    42 6.000 :6.000  1-0-0

--------------------------------------------------------------

Engine-Match Wednesday, November 19, 2025 12:10:48 AM
 Blitz 2/1 

Pairing 4/7 :    V7P3R_v15.1  -  RandomOpponent

PGN-File: C:\Program Files (x86)\Arena\Tournaments\V7P3R_v15.0 Gauntlet 20251118.pgn

No:  B/W 1/2     W:B       1:2           Time        Value Moves Dep 1:2       1-2-Draws
   1 W 1    1.0:0.0        1.0:0.0       12:11:40 AM     0.00    12 6.000 :0 1-0-0

--------------------------------------------------------------

Engine-Match Wednesday, November 19, 2025 12:11:41 AM
 Blitz 2/1 

Pairing 5/7 :    V7P3R_v15.1  -  SlowMate_v3.1

PGN-File: C:\Program Files (x86)\Arena\Tournaments\V7P3R_v15.0 Gauntlet 20251118.pgn

No:  B/W 1/2     W:B       1:2           Time        Value Moves Dep 1:2       1-2-Draws
   1 = =    0.5:0.5        0.5:0.5       12:14:18 AM    +3.80    20 6.000 :3.158  0-0-1

--------------------------------------------------------------

Engine-Match Wednesday, November 19, 2025 12:14:19 AM
 Blitz 2/1 

Pairing 6/7 :    V7P3R_v15.1  -  Stockfish 1%

PGN-File: C:\Program Files (x86)\Arena\Tournaments\V7P3R_v15.0 Gauntlet 20251118.pgn

No:  B/W 1/2     W:B       1:2           Time        Value Moves Dep 1:2       1-2-Draws
   1 B 2    1.0:0.0        0.0:1.0       12:16:45 AM      -M1    49 5.969 :10.286  0-1-0

--------------------------------------------------------------

Engine-Match Wednesday, November 19, 2025 12:16:47 AM
 Blitz 2/1 

Pairing 7/7 :    V7P3R_v15.1  -  V7P3R_v14.1

PGN-File: C:\Program Files (x86)\Arena\Tournaments\V7P3R_v15.0 Gauntlet 20251118.pgn

No:  B/W 1/2     W:B       1:2           Time        Value Moves Dep 1:2       1-2-Draws
   1 = =    0.5:0.5        0.5:0.5       12:21:18 AM    -2.00    57 6.000 :3.667  0-0-1

--------------------------------------------------------------

Engine-Match Wednesday, November 19, 2025 12:21:20 AM
 Blitz 2/1 

Pairing 1/7 :    V7P3R_v15.1  -  C0BR4_v3.1

PGN-File: C:\Program Files (x86)\Arena\Tournaments\V7P3R_v15.0 Gauntlet 20251118.pgn

No:  B/W 1/2     W:B       1:2           Time        Value Moves Dep 1:2       1-2-Draws
   2 B 1    1.0:0.0        2.0:0.0       12:22:44 AM     0.00    21 6.000 :3.947  2-0-0

--------------------------------------------------------------

Engine-Match Wednesday, November 19, 2025 12:22:46 AM
 Blitz 2/1 

Pairing 2/7 :    V7P3R_v15.1  -  MaterialOpponent

PGN-File: C:\Program Files (x86)\Arena\Tournaments\V7P3R_v15.0 Gauntlet 20251118.pgn

No:  B/W 1/2     W:B       1:2           Time        Value Moves Dep 1:2       1-2-Draws
   2 W 2    1.0:0.0        0.0:2.0       12:26:21 AM  +299.99    46 6.000 :6.000  0-2-0

--------------------------------------------------------------

Engine-Match Wednesday, November 19, 2025 12:26:23 AM
 Blitz 2/1 

Pairing 3/7 :    V7P3R_v15.1  -  PositionalOpponent

PGN-File: C:\Program Files (x86)\Arena\Tournaments\V7P3R_v15.0 Gauntlet 20251118.pgn

No:  B/W 1/2     W:B       1:2           Time        Value Moves Dep 1:2       1-2-Draws
   2 B 1    1.0:0.0        2.0:0.0       12:28:08 AM   -15.40    12 6.000 :6.000  2-0-0

--------------------------------------------------------------

Engine-Match Wednesday, November 19, 2025 12:28:10 AM
 Blitz 2/1 

Pairing 4/7 :    V7P3R_v15.1  -  RandomOpponent

PGN-File: C:\Program Files (x86)\Arena\Tournaments\V7P3R_v15.0 Gauntlet 20251118.pgn

No:  B/W 1/2     W:B       1:2           Time        Value Moves Dep 1:2       1-2-Draws
   2 B 1    1.0:0.0        2.0:0.0       12:29:11 AM     0.00    11 6.000 :0 2-0-0

--------------------------------------------------------------

Engine-Match Wednesday, November 19, 2025 12:29:12 AM
 Blitz 2/1 

Pairing 5/7 :    V7P3R_v15.1  -  SlowMate_v3.1

PGN-File: C:\Program Files (x86)\Arena\Tournaments\V7P3R_v15.0 Gauntlet 20251118.pgn

No:  B/W 1/2     W:B       1:2           Time        Value Moves Dep 1:2       1-2-Draws
   2 W 2    1.5:0.5        0.5:1.5       12:32:51 AM    +9.00    27 6.000 :3.148  0-1-1

--------------------------------------------------------------

Engine-Match Wednesday, November 19, 2025 12:32:53 AM
 Blitz 2/1 

Pairing 6/7 :    V7P3R_v15.1  -  Stockfish 1%

PGN-File: C:\Program Files (x86)\Arena\Tournaments\V7P3R_v15.0 Gauntlet 20251118.pgn

No:  B/W 1/2     W:B       1:2           Time        Value Moves Dep 1:2       1-2-Draws
   2 = =    0.5:0.5        0.5:1.5       12:35:21 AM    -3.00    66 6.000 :11.333  0-1-1

--------------------------------------------------------------

Engine-Match Wednesday, November 19, 2025 12:35:22 AM
 Blitz 2/1 

Pairing 7/7 :    V7P3R_v15.1  -  V7P3R_v14.1

PGN-File: C:\Program Files (x86)\Arena\Tournaments\V7P3R_v15.0 Gauntlet 20251118.pgn

No:  B/W 1/2     W:B       1:2           Time        Value Moves Dep 1:2       1-2-Draws
   2 W 2    1.5:0.5        0.5:1.5       12:38:08 AM     0.00    30 5.941 :3.571  0-1-1

--------------------------------------------------------------

Engine-Match Wednesday, November 19, 2025 12:38:10 AM
 Blitz 2/1 

Pairing 1/7 :    V7P3R_v15.1  -  C0BR4_v3.1

PGN-File: C:\Program Files (x86)\Arena\Tournaments\V7P3R_v15.0 Gauntlet 20251118.pgn

No:  B/W 1/2     W:B       1:2           Time        Value Moves Dep 1:2       1-2-Draws
   3 = =    0.5:0.5        2.5:0.5       12:40:55 AM    -6.70    53 6.000 :4.000  2-0-1

--------------------------------------------------------------

Engine-Match Wednesday, November 19, 2025 12:40:56 AM
 Blitz 2/1 

Pairing 2/7 :    V7P3R_v15.1  -  MaterialOpponent

PGN-File: C:\Program Files (x86)\Arena\Tournaments\V7P3R_v15.0 Gauntlet 20251118.pgn

No:  B/W 1/2     W:B       1:2           Time        Value Moves Dep 1:2       1-2-Draws
   3 B 2    1.0:0.0        0.0:3.0       12:45:34 AM  -299.99    50 5.378 :6.000  0-3-0

--------------------------------------------------------------

Engine-Match Wednesday, November 19, 2025 12:45:35 AM
 Blitz 2/1 

Pairing 3/7 :    V7P3R_v15.1  -  PositionalOpponent

PGN-File: C:\Program Files (x86)\Arena\Tournaments\V7P3R_v15.0 Gauntlet 20251118.pgn

No:  B/W 1/2     W:B       1:2           Time        Value Moves Dep 1:2       1-2-Draws
   3 W 1    1.0:0.0        3.0:0.0       12:47:54 AM   +16.40    15 6.000 :5.933  3-0-0

--------------------------------------------------------------

Engine-Match Wednesday, November 19, 2025 12:47:55 AM
 Blitz 2/1 

Pairing 4/7 :    V7P3R_v15.1  -  RandomOpponent

PGN-File: C:\Program Files (x86)\Arena\Tournaments\V7P3R_v15.0 Gauntlet 20251118.pgn

No:  B/W 1/2     W:B       1:2           Time        Value Moves Dep 1:2       1-2-Draws
   3 W 1    1.0:0.0        3.0:0.0       12:49:02 AM  +299.99    14 6.000 :0 3-0-0

--------------------------------------------------------------

Engine-Match Wednesday, November 19, 2025 12:49:03 AM
 Blitz 2/1 

Pairing 5/7 :    V7P3R_v15.1  -  SlowMate_v3.1

PGN-File: C:\Program Files (x86)\Arena\Tournaments\V7P3R_v15.0 Gauntlet 20251118.pgn

No:  B/W 1/2     W:B       1:2           Time        Value Moves Dep 1:2       1-2-Draws
   3 W 1    1.5:0.5        1.5:1.5       12:53:36 AM  +299.99    52 6.000 :3.103  1-1-1

--------------------------------------------------------------

Engine-Match Wednesday, November 19, 2025 12:53:37 AM
 Blitz 2/1 

Pairing 6/7 :    V7P3R_v15.1  -  Stockfish 1%

PGN-File: C:\Program Files (x86)\Arena\Tournaments\V7P3R_v15.0 Gauntlet 20251118.pgn

No:  B/W 1/2     W:B       1:2           Time        Value Moves Dep 1:2       1-2-Draws
   3 B 2    1.5:0.5        0.5:2.5       12:55:43 AM      -M1    37 6.000 :10.833  0-2-1

--------------------------------------------------------------

Engine-Match Wednesday, November 19, 2025 12:55:54 AM
 Blitz 2/1 

Pairing 7/7 :    V7P3R_v15.1  -  V7P3R_v14.1

PGN-File: C:\Program Files (x86)\Arena\Tournaments\V7P3R_v15.0 Gauntlet 20251118.pgn

No:  B/W 1/2     W:B       1:2           Time        Value Moves Dep 1:2       1-2-Draws
   3 = =    1.0:1.0        1.0:2.0       1:00:26 AM    -2.00    57 6.000 :3.667  0-1-2
