Engine-Match Wednesday, November 19, 2025 12:32:04 PM
 Blitz 2/1 

Pairing 1/5 :    V7P3R_v15.5  -  V7P3R_v14.1

PGN-File: C:\Program Files (x86)\Arena\Tournaments\V7P3R 15.5 Gauntlet 20251119.pgn

No:  B/W 1/2     W:B       1:2           Time        Value Moves Dep 1:2       1-2-Draws
   1 B 2    1.0:0.0        0.0:1.0       12:34:44 PM  -289.98    20 6.077 :3.714  0-1-0

--------------------------------------------------------------

Engine-Match Wednesday, November 19, 2025 12:34:46 PM
 Blitz 2/1 

Pairing 2/5 :    V7P3R_v15.5  -  V7P3R_v12.6

PGN-File: C:\Program Files (x86)\Arena\Tournaments\V7P3R 15.5 Gauntlet 20251119.pgn

No:  B/W 1/2     W:B       1:2           Time        Value Moves Dep 1:2       1-2-Draws
   1 B 2    1.0:0.0        0.0:1.0       12:38:44 PM  -289.98    27 6.615 :4.000  0-1-0

--------------------------------------------------------------

Engine-Match Wednesday, November 19, 2025 12:38:46 PM
 Blitz 2/1 

Pairing 3/5 :    V7P3R_v15.5  -  PositionalOpponent

PGN-File: C:\Program Files (x86)\Arena\Tournaments\V7P3R 15.5 Gauntlet 20251119.pgn

No:  B/W 1/2     W:B       1:2           Time        Value Moves Dep 1:2       1-2-Draws
   1 B 2    1.0:0.0        0.0:1.0       12:41:35 PM  -299.99    24 6.500 :6.000  0-1-0

--------------------------------------------------------------

Engine-Match Wednesday, November 19, 2025 12:41:36 PM
 Blitz 2/1 

Pairing 4/5 :    V7P3R_v15.5  -  MaterialOpponent

PGN-File: C:\Program Files (x86)\Arena\Tournaments\V7P3R 15.5 Gauntlet 20251119.pgn

No:  B/W 1/2     W:B       1:2           Time        Value Moves Dep 1:2       1-2-Draws
   1 B 2    1.0:0.0        0.0:1.0       12:44:36 PM  -299.99    31 6.000 :6.000  0-1-0

--------------------------------------------------------------

Engine-Match Wednesday, November 19, 2025 12:44:37 PM
 Blitz 2/1 

Pairing 5/5 :    V7P3R_v15.5  -  RandomOpponent

PGN-File: C:\Program Files (x86)\Arena\Tournaments\V7P3R 15.5 Gauntlet 20251119.pgn

No:  B/W 1/2     W:B       1:2           Time        Value Moves Dep 1:2       1-2-Draws
   1 W 1    1.0:0.0        1.0:0.0       12:45:59 PM     0.00    12 6.556 :0 1-0-0

--------------------------------------------------------------

Engine-Match Wednesday, November 19, 2025 12:46:00 PM
 Blitz 2/1 

Pairing 1/5 :    V7P3R_v15.5  -  V7P3R_v14.1

PGN-File: C:\Program Files (x86)\Arena\Tournaments\V7P3R 15.5 Gauntlet 20251119.pgn

No:  B/W 1/2     W:B       1:2           Time        Value Moves Dep 1:2       1-2-Draws
   2 W 2    1.0:0.0        0.0:2.0       12:49:17 PM   +26.70    23 6.278 :3.800  0-2-0

--------------------------------------------------------------

Engine-Match Wednesday, November 19, 2025 12:49:18 PM
 Blitz 2/1 

Pairing 2/5 :    V7P3R_v15.5  -  V7P3R_v12.6

PGN-File: C:\Program Files (x86)\Arena\Tournaments\V7P3R 15.5 Gauntlet 20251119.pgn

No:  B/W 1/2     W:B       1:2           Time        Value Moves Dep 1:2       1-2-Draws
   2 W 2    1.0:0.0        0.0:2.0       12:51:19 PM     0.00    12 6.111 :3.700  0-2-0

--------------------------------------------------------------

Engine-Match Wednesday, November 19, 2025 12:51:20 PM
 Blitz 2/1 

Pairing 3/5 :    V7P3R_v15.5  -  PositionalOpponent

PGN-File: C:\Program Files (x86)\Arena\Tournaments\V7P3R 15.5 Gauntlet 20251119.pgn

No:  B/W 1/2     W:B       1:2           Time        Value Moves Dep 1:2       1-2-Draws
   2 W 2    1.0:0.0        0.0:2.0       12:53:20 PM  +299.99    14 6.500 :6.000  0-2-0

--------------------------------------------------------------

Engine-Match Wednesday, November 19, 2025 12:53:21 PM
 Blitz 2/1 

Pairing 4/5 :    V7P3R_v15.5  -  MaterialOpponent

PGN-File: C:\Program Files (x86)\Arena\Tournaments\V7P3R 15.5 Gauntlet 20251119.pgn

No:  B/W 1/2     W:B       1:2           Time        Value Moves Dep 1:2       1-2-Draws
   2 W 2    1.0:0.0        0.0:2.0       12:56:27 PM  +299.99    35 6.500 :6.000  0-2-0

--------------------------------------------------------------

Engine-Match Wednesday, November 19, 2025 12:56:28 PM
 Blitz 2/1 

Pairing 5/5 :    V7P3R_v15.5  -  RandomOpponent

PGN-File: C:\Program Files (x86)\Arena\Tournaments\V7P3R 15.5 Gauntlet 20251119.pgn

No:  B/W 1/2     W:B       1:2           Time        Value Moves Dep 1:2       1-2-Draws
   2 B 1    1.0:0.0        2.0:0.0       12:58:35 PM  -299.99    21 6.944 :0 2-0-0

--------------------------------------------------------------

Engine-Match Wednesday, November 19, 2025 12:58:37 PM
 Blitz 2/1 

Pairing 1/5 :    V7P3R_v15.5  -  V7P3R_v14.1

PGN-File: C:\Program Files (x86)\Arena\Tournaments\V7P3R 15.5 Gauntlet 20251119.pgn

No:  B/W 1/2     W:B       1:2           Time        Value Moves Dep 1:2       1-2-Draws
   3 * *     0.0:0.0        0.0:2.0       1:00:10 PM   -24.23    10 6.125 :3.667  0-2-0
