Engine-Match Wednesday, November 19, 2025 11:24:38 AM
 Blitz 2/1 

Pairing 1/8 :    V7P3R_v15.4  -  V7P3R_v15.3

PGN-File: C:\Program Files (x86)\Arena\Tournaments\V7P3R 15.4 Gauntlet 20251119.pgn

No:  B/W 1/2     W:B       1:2           Time        Value Moves Dep 1:2       1-2-Draws
   1 W 1    1.0:0.0        1.0:0.0       11:29:46 AM     0.00    32 6.824 :5.810  1-0-0

--------------------------------------------------------------

Engine-Match Wednesday, November 19, 2025 11:29:47 AM
 Blitz 2/1 

Pairing 2/8 :    V7P3R_v15.4  -  V7P3R_v15.1

PGN-File: C:\Program Files (x86)\Arena\Tournaments\V7P3R 15.4 Gauntlet 20251119.pgn

No:  B/W 1/2     W:B       1:2           Time        Value Moves Dep 1:2       1-2-Draws
   1 B 2    1.0:0.0        0.0:1.0       11:31:53 AM   -16.34    14 7.100 :6.000  0-1-0

--------------------------------------------------------------

Engine-Match Wednesday, November 19, 2025 11:31:54 AM
 Blitz 2/1 

Pairing 3/8 :    V7P3R_v15.4  -  V7P3R_v14.1

PGN-File: C:\Program Files (x86)\Arena\Tournaments\V7P3R 15.4 Gauntlet 20251119.pgn

No:  B/W 1/2     W:B       1:2           Time        Value Moves Dep 1:2       1-2-Draws
   1 B 2    1.0:0.0        0.0:1.0       11:34:08 AM  -289.97    16 6.750 :3.857  0-1-0

--------------------------------------------------------------

Engine-Match Wednesday, November 19, 2025 11:34:10 AM
 Blitz 2/1 

Pairing 4/8 :    V7P3R_v15.4  -  V7P3R_v12.6

PGN-File: C:\Program Files (x86)\Arena\Tournaments\V7P3R 15.4 Gauntlet 20251119.pgn

No:  B/W 1/2     W:B       1:2           Time        Value Moves Dep 1:2       1-2-Draws
   1 B 2    1.0:0.0        0.0:1.0       11:37:15 AM     0.00    20 6.769 :3.824  0-1-0

--------------------------------------------------------------

Engine-Match Wednesday, November 19, 2025 11:37:16 AM
 Blitz 2/1 

Pairing 5/8 :    V7P3R_v15.4  -  MaterialOpponent

PGN-File: C:\Program Files (x86)\Arena\Tournaments\V7P3R 15.4 Gauntlet 20251119.pgn

No:  B/W 1/2     W:B       1:2           Time        Value Moves Dep 1:2       1-2-Draws
   1 B 2    1.0:0.0        0.0:1.0       11:39:32 AM  -299.99    18 6.571 :6.000  0-1-0

--------------------------------------------------------------

Engine-Match Wednesday, November 19, 2025 11:39:33 AM
 Blitz 2/1 

Pairing 6/8 :    V7P3R_v15.4  -  PositionalOpponent

PGN-File: C:\Program Files (x86)\Arena\Tournaments\V7P3R 15.4 Gauntlet 20251119.pgn

No:  B/W 1/2     W:B       1:2           Time        Value Moves Dep 1:2       1-2-Draws
   1 B 2    1.0:0.0        0.0:1.0       11:41:39 AM  -299.99    15 7.000 :6.000  0-1-0

--------------------------------------------------------------

Engine-Match Wednesday, November 19, 2025 11:41:40 AM
 Blitz 2/1 

Pairing 7/8 :    V7P3R_v15.4  -  RandomOpponent

PGN-File: C:\Program Files (x86)\Arena\Tournaments\V7P3R 15.4 Gauntlet 20251119.pgn

No:  B/W 1/2     W:B       1:2           Time        Value Moves Dep 1:2       1-2-Draws
   1 W 1    1.0:0.0        1.0:0.0       11:42:46 AM  +299.99     8 6.714 :0 1-0-0

--------------------------------------------------------------

Engine-Match Wednesday, November 19, 2025 11:42:47 AM
 Blitz 2/1 

Pairing 8/8 :    V7P3R_v15.4  -  C0BR4_v3.1

PGN-File: C:\Program Files (x86)\Arena\Tournaments\V7P3R 15.4 Gauntlet 20251119.pgn

No:  B/W 1/2     W:B       1:2           Time        Value Moves Dep 1:2       1-2-Draws
   1 B 2    1.0:0.0        0.0:1.0       11:44:51 AM  -299.97    23 6.467 :3.905  0-1-0

--------------------------------------------------------------

Engine-Match Wednesday, November 19, 2025 11:44:52 AM
 Blitz 2/1 

Pairing 1/8 :    V7P3R_v15.4  -  V7P3R_v15.3

PGN-File: C:\Program Files (x86)\Arena\Tournaments\V7P3R 15.4 Gauntlet 20251119.pgn

No:  B/W 1/2     W:B       1:2           Time        Value Moves Dep 1:2       1-2-Draws
   2 B 1    1.0:0.0        2.0:0.0       11:46:21 AM     0.00     8 7.667 :6.250  2-0-0

--------------------------------------------------------------

Engine-Match Wednesday, November 19, 2025 11:46:23 AM
 Blitz 2/1 

Pairing 2/8 :    V7P3R_v15.4  -  V7P3R_v15.1

PGN-File: C:\Program Files (x86)\Arena\Tournaments\V7P3R 15.4 Gauntlet 20251119.pgn

No:  B/W 1/2     W:B       1:2           Time        Value Moves Dep 1:2       1-2-Draws
   2 W 2    1.0:0.0        0.0:2.0       11:48:45 AM  +299.99    15 6.600 :6.000  0-2-0

--------------------------------------------------------------

Engine-Match Wednesday, November 19, 2025 11:48:47 AM
 Blitz 2/1 

Pairing 3/8 :    V7P3R_v15.4  -  V7P3R_v14.1

PGN-File: C:\Program Files (x86)\Arena\Tournaments\V7P3R 15.4 Gauntlet 20251119.pgn

No:  B/W 1/2     W:B       1:2           Time        Value Moves Dep 1:2       1-2-Draws
   2 W 2    1.0:0.0        0.0:2.0       11:50:48 AM     0.00    16 6.700 :3.714  0-2-0

--------------------------------------------------------------

Engine-Match Wednesday, November 19, 2025 11:50:49 AM
 Blitz 2/1 

Pairing 4/8 :    V7P3R_v15.4  -  V7P3R_v12.6

PGN-File: C:\Program Files (x86)\Arena\Tournaments\V7P3R 15.4 Gauntlet 20251119.pgn

No:  B/W 1/2     W:B       1:2           Time        Value Moves Dep 1:2       1-2-Draws
   2 W 2    1.0:0.0        0.0:2.0       11:55:24 AM  +289.97    34 6.533 :3.789  0-2-0

--------------------------------------------------------------

Engine-Match Wednesday, November 19, 2025 11:55:26 AM
 Blitz 2/1 

Pairing 5/8 :    V7P3R_v15.4  -  MaterialOpponent

PGN-File: C:\Program Files (x86)\Arena\Tournaments\V7P3R 15.4 Gauntlet 20251119.pgn

No:  B/W 1/2     W:B       1:2           Time        Value Moves Dep 1:2       1-2-Draws
   2 W 2    1.0:0.0        0.0:2.0       11:58:33 AM  +299.99    32 6.500 :6.000  0-2-0

--------------------------------------------------------------

Engine-Match Wednesday, November 19, 2025 11:58:34 AM
 Blitz 2/1 

Pairing 6/8 :    V7P3R_v15.4  -  PositionalOpponent

PGN-File: C:\Program Files (x86)\Arena\Tournaments\V7P3R 15.4 Gauntlet 20251119.pgn

No:  B/W 1/2     W:B       1:2           Time        Value Moves Dep 1:2       1-2-Draws
   2 W 2    1.0:0.0        0.0:2.0       12:01:44 PM  +299.99    26 7.077 :6.000  0-2-0

--------------------------------------------------------------

Engine-Match Wednesday, November 19, 2025 12:01:45 PM
 Blitz 2/1 

Pairing 7/8 :    V7P3R_v15.4  -  RandomOpponent

PGN-File: C:\Program Files (x86)\Arena\Tournaments\V7P3R 15.4 Gauntlet 20251119.pgn

No:  B/W 1/2     W:B       1:2           Time        Value Moves Dep 1:2       1-2-Draws
   2 * *     0.0:0.0        1.0:0.0       12:04:26 PM   -33.12    29 6.611 :0 1-0-0
