Engine-Match Wednesday, November 19, 2025 9:17:40 PM
 Blitz 1/1 

Pairing 1/7 :    V7P3R_v16.0  -  V7P3R_v14.1

PGN-File: C:\Program Files (x86)\Arena\Tournaments\V7P3R v16 Regression Battle 20251118.pgn

No:  B/W 1/2     W:B       1:2           Time        Value Moves Dep 1:2       1-2-Draws
   1 B 2    1.0:0.0        0.0:1.0       9:19:16 PM   -14.88    60 2.103 :3.192  0-1-0

--------------------------------------------------------------

Engine-Match Wednesday, November 19, 2025 9:19:17 PM
 Blitz 1/1 

Pairing 2/7 :    V7P3R_v16.0  -  V7P3R_v12.6

PGN-File: C:\Program Files (x86)\Arena\Tournaments\V7P3R v16 Regression Battle 20251118.pgn

No:  B/W 1/2     W:B       1:2           Time        Value Moves Dep 1:2       1-2-Draws
   1 B 2    1.0:0.0        0.0:1.0       9:20:38 PM   -16.89    26 2.360 :3.000  0-1-0

--------------------------------------------------------------

Engine-Match Wednesday, November 19, 2025 9:20:40 PM
 Blitz 1/1 

Pairing 3/7 :    V7P3R_v16.0  -  PositionalOpponent

PGN-File: C:\Program Files (x86)\Arena\Tournaments\V7P3R v16 Regression Battle 20251118.pgn

No:  B/W 1/2     W:B       1:2           Time        Value Moves Dep 1:2       1-2-Draws
   1 W 1    1.0:0.0        1.0:0.0       9:21:42 PM   +17.80    12 2.000 :6.000  1-0-0

--------------------------------------------------------------

Engine-Match Wednesday, November 19, 2025 9:21:43 PM
 Blitz 1/1 

Pairing 4/7 :    V7P3R_v16.0  -  MaterialOpponent

PGN-File: C:\Program Files (x86)\Arena\Tournaments\V7P3R v16 Regression Battle 20251118.pgn

No:  B/W 1/2     W:B       1:2           Time        Value Moves Dep 1:2       1-2-Draws
   1 B 2    1.0:0.0        0.0:1.0       9:23:21 PM    -2.30    40 2.051 :6.000  0-1-0

--------------------------------------------------------------

Engine-Match Wednesday, November 19, 2025 9:23:23 PM
 Blitz 1/1 

Pairing 5/7 :    V7P3R_v16.0  -  CoverageOpponent

PGN-File: C:\Program Files (x86)\Arena\Tournaments\V7P3R v16 Regression Battle 20251118.pgn

No:  B/W 1/2     W:B       1:2           Time        Value Moves Dep 1:2       1-2-Draws
   1 W 1    1.0:0.0        1.0:0.0       9:25:37 PM  +299.98    58 2.000 :5.900  1-0-0

--------------------------------------------------------------

Engine-Match Wednesday, November 19, 2025 9:25:38 PM
 Blitz 1/1 

Pairing 6/7 :    V7P3R_v16.0  -  RandomOpponent

PGN-File: C:\Program Files (x86)\Arena\Tournaments\V7P3R v16 Regression Battle 20251118.pgn

No:  B/W 1/2     W:B       1:2           Time        Value Moves Dep 1:2       1-2-Draws
   1 W 1    1.0:0.0        1.0:0.0       9:25:53 PM  +299.99    21 2.000 :0 1-0-0

--------------------------------------------------------------

Engine-Match Wednesday, November 19, 2025 9:25:54 PM
 Blitz 1/1 

Pairing 7/7 :    V7P3R_v16.0  -  CaptureOpponent

PGN-File: C:\Program Files (x86)\Arena\Tournaments\V7P3R v16 Regression Battle 20251118.pgn

No:  B/W 1/2     W:B       1:2           Time        Value Moves Dep 1:2       1-2-Draws
   1 W 1    1.0:0.0        1.0:0.0       9:26:33 PM   +99.25     6 2.000 :4.167  1-0-0

--------------------------------------------------------------

Engine-Match Wednesday, November 19, 2025 9:26:34 PM
 Blitz 1/1 

Pairing 1/7 :    V7P3R_v16.0  -  V7P3R_v14.1

PGN-File: C:\Program Files (x86)\Arena\Tournaments\V7P3R v16 Regression Battle 20251118.pgn

No:  B/W 1/2     W:B       1:2           Time        Value Moves Dep 1:2       1-2-Draws
   2 W 2    1.0:0.0        0.0:2.0       9:28:06 PM    +9.80    54 2.029 :3.185  0-2-0

--------------------------------------------------------------

Engine-Match Wednesday, November 19, 2025 9:28:08 PM
 Blitz 1/1 

Pairing 2/7 :    V7P3R_v16.0  -  V7P3R_v12.6

PGN-File: C:\Program Files (x86)\Arena\Tournaments\V7P3R v16 Regression Battle 20251118.pgn

No:  B/W 1/2     W:B       1:2           Time        Value Moves Dep 1:2       1-2-Draws
   2 B 1    1.0:0.0        1.0:1.0       9:29:58 PM     0.00    28 2.071 :3.037  1-1-0

--------------------------------------------------------------

Engine-Match Wednesday, November 19, 2025 9:29:59 PM
 Blitz 1/1 

Pairing 3/7 :    V7P3R_v16.0  -  PositionalOpponent

PGN-File: C:\Program Files (x86)\Arena\Tournaments\V7P3R v16 Regression Battle 20251118.pgn

No:  B/W 1/2     W:B       1:2           Time        Value Moves Dep 1:2       1-2-Draws
   2 B 1    1.0:0.0        2.0:0.0       9:30:58 PM   -11.90    12 2.000 :6.000  2-0-0

--------------------------------------------------------------

Engine-Match Wednesday, November 19, 2025 9:30:59 PM
 Blitz 1/1 

Pairing 4/7 :    V7P3R_v16.0  -  MaterialOpponent

PGN-File: C:\Program Files (x86)\Arena\Tournaments\V7P3R v16 Regression Battle 20251118.pgn

No:  B/W 1/2     W:B       1:2           Time        Value Moves Dep 1:2       1-2-Draws
   2 W 2    1.0:0.0        0.0:2.0       9:32:14 PM  +299.99    32 2.129 :6.000  0-2-0

--------------------------------------------------------------

Engine-Match Wednesday, November 19, 2025 9:32:16 PM
 Blitz 1/1 

Pairing 5/7 :    V7P3R_v16.0  -  CoverageOpponent

PGN-File: C:\Program Files (x86)\Arena\Tournaments\V7P3R v16 Regression Battle 20251118.pgn

No:  B/W 1/2     W:B       1:2           Time        Value Moves Dep 1:2       1-2-Draws
   2 * *     0.0:0.0        1.0:0.0       9:32:39 PM    +0.02     3 2.000 :6.000  1-0-0
