Engine-Match Wednesday, November 19, 2025 10:54:13 AM
 Blitz 1/1 

Pairing 2/15 :    RandomOpponent  -  V7P3R_v15.1

PGN-File: C:\Program Files (x86)\Arena\Tournaments\V7P3R Engine Regression Battle 20251119.pgn

No:  B/W 1/2     W:B       1:2           Time        Value Moves Dep 1:2       1-2-Draws

--------------------------------------------------------------

Engine-Match Wednesday, November 19, 2025 10:54:52 AM
 Blitz 1/1 

Pairing 1/15 :    V7P3R_v15.3  -  V7P3R_v14.1

PGN-File: C:\Program Files (x86)\Arena\Tournaments\V7P3R Engine Regression Battle 20251119.pgn

No:  B/W 1/2     W:B       1:2           Time        Value Moves Dep 1:2       1-2-Draws
   1 B 2    1.0:0.0        0.0:1.0       10:56:14 AM     0.00    15 5.889 :3.357  0-1-0

--------------------------------------------------------------

Engine-Match Wednesday, November 19, 2025 10:56:16 AM
 Blitz 1/1 

Pairing 2/15 :    RandomOpponent  -  V7P3R_v15.1

PGN-File: C:\Program Files (x86)\Arena\Tournaments\V7P3R Engine Regression Battle 20251119.pgn

No:  B/W 1/2     W:B       1:2           Time        Value Moves Dep 1:2       1-2-Draws
   1 B 2    1.0:0.0        0.0:1.0       10:57:28 AM  -299.99    18 0:6.000  0-1-0

--------------------------------------------------------------

Engine-Match Wednesday, November 19, 2025 10:57:29 AM
 Blitz 1/1 

Pairing 3/15 :    MaterialOpponent  -  PositionalOpponent

PGN-File: C:\Program Files (x86)\Arena\Tournaments\V7P3R Engine Regression Battle 20251119.pgn

No:  B/W 1/2     W:B       1:2           Time        Value Moves Dep 1:2       1-2-Draws
   1 W 1    1.0:0.0        1.0:0.0       10:59:00 AM   +11.70    16 6.000 :5.875  1-0-0

--------------------------------------------------------------

Engine-Match Wednesday, November 19, 2025 10:59:02 AM
 Blitz 1/1 

Pairing 4/15 :    RandomOpponent  -  V7P3R_v15.3

PGN-File: C:\Program Files (x86)\Arena\Tournaments\V7P3R Engine Regression Battle 20251119.pgn

No:  B/W 1/2     W:B       1:2           Time        Value Moves Dep 1:2       1-2-Draws
   1 B 2    1.0:0.0        0.0:1.0       11:00:34 AM  -299.99    18 0:4.824  0-1-0

--------------------------------------------------------------

Engine-Match Wednesday, November 19, 2025 11:00:35 AM
 Blitz 1/1 

Pairing 5/15 :    PositionalOpponent  -  V7P3R_v14.1

PGN-File: C:\Program Files (x86)\Arena\Tournaments\V7P3R Engine Regression Battle 20251119.pgn

No:  B/W 1/2     W:B       1:2           Time        Value Moves Dep 1:2       1-2-Draws
   1 B 2    1.0:0.0        0.0:1.0       11:01:48 AM   -14.70    11 6.000 :3.111  0-1-0

--------------------------------------------------------------

Engine-Match Wednesday, November 19, 2025 11:01:50 AM
 Blitz 1/1 

Pairing 6/15 :    V7P3R_v15.1  -  MaterialOpponent

PGN-File: C:\Program Files (x86)\Arena\Tournaments\V7P3R Engine Regression Battle 20251119.pgn

No:  B/W 1/2     W:B       1:2           Time        Value Moves Dep 1:2       1-2-Draws
   1 B 2    1.0:0.0        0.0:1.0       11:04:17 AM  -299.99    33 5.917 :6.000  0-1-0

--------------------------------------------------------------

Engine-Match Wednesday, November 19, 2025 11:04:18 AM
 Blitz 1/1 

Pairing 7/15 :    V7P3R_v15.3  -  PositionalOpponent

PGN-File: C:\Program Files (x86)\Arena\Tournaments\V7P3R Engine Regression Battle 20251119.pgn

No:  B/W 1/2     W:B       1:2           Time        Value Moves Dep 1:2       1-2-Draws
   1 B 2    1.0:0.0        0.0:1.0       11:06:34 AM  -299.99    18 5.636 :5.944  0-1-0

--------------------------------------------------------------

Engine-Match Wednesday, November 19, 2025 11:06:35 AM
 Blitz 1/1 

Pairing 8/15 :    MaterialOpponent  -  RandomOpponent

PGN-File: C:\Program Files (x86)\Arena\Tournaments\V7P3R Engine Regression Battle 20251119.pgn

No:  B/W 1/2     W:B       1:2           Time        Value Moves Dep 1:2       1-2-Draws
   1 * *     0.0:0.0        0.0:0.0       11:06:56 AM     0.00     9 6.000 :0 0-0-0

--------------------------------------------------------------

Engine-Match Wednesday, November 19, 2025 11:09:59 AM
 Blitz 2/1 

Pairing 1/15 :    V7P3R_v15.3  -  V7P3R_v14.1

PGN-File: C:\Program Files (x86)\Arena\Tournaments\V7P3R Engine Regression Battle 20251119.pgn

No:  B/W 1/2     W:B       1:2           Time        Value Moves Dep 1:2       1-2-Draws
   1 B 2    1.0:0.0        0.0:1.0       11:11:39 AM     0.00    13 6.889 :3.417  0-1-0

--------------------------------------------------------------

Engine-Match Wednesday, November 19, 2025 11:11:40 AM
 Blitz 2/1 

Pairing 2/15 :    RandomOpponent  -  V7P3R_v15.1

PGN-File: C:\Program Files (x86)\Arena\Tournaments\V7P3R Engine Regression Battle 20251119.pgn

No:  B/W 1/2     W:B       1:2           Time        Value Moves Dep 1:2       1-2-Draws
   1 B 2    1.0:0.0        0.0:1.0       11:13:39 AM     0.00    25 0:6.000  0-1-0

--------------------------------------------------------------

Engine-Match Wednesday, November 19, 2025 11:13:40 AM
 Blitz 2/1 

Pairing 3/15 :    MaterialOpponent  -  PositionalOpponent

PGN-File: C:\Program Files (x86)\Arena\Tournaments\V7P3R Engine Regression Battle 20251119.pgn

No:  B/W 1/2     W:B       1:2           Time        Value Moves Dep 1:2       1-2-Draws
   1 * *     0.0:0.0        0.0:0.0       11:15:01 AM   +12.10    11 6.000 :5.900  0-0-0

--------------------------------------------------------------

Engine-Match Wednesday, November 19, 2025 11:21:11 AM
 Blitz 2/1 

Pairing 1/21 :    V7P3R_v15.4  -  RandomOpponent

PGN-File: C:\Program Files (x86)\Arena\Tournaments\V7P3R Engine Regression Battle 20251119.pgn

No:  B/W 1/2     W:B       1:2           Time        Value Moves Dep 1:2       1-2-Draws
   1 W 1    1.0:0.0        1.0:0.0       11:22:12 AM  +299.99     7 6.833 :0 1-0-0

--------------------------------------------------------------

Engine-Match Wednesday, November 19, 2025 11:22:14 AM
 Blitz 2/1 

Pairing 2/21 :    PositionalOpponent  -  V7P3R_v15.3

PGN-File: C:\Program Files (x86)\Arena\Tournaments\V7P3R Engine Regression Battle 20251119.pgn

No:  B/W 1/2     W:B       1:2           Time        Value Moves Dep 1:2       1-2-Draws
   1 = =    0.5:0.5        0.5:0.5       11:26:40 AM    +7.20    36 6.000 :5.846  0-0-1

--------------------------------------------------------------

Engine-Match Wednesday, November 19, 2025 11:26:42 AM
 Blitz 2/1 

Pairing 3/21 :    V7P3R_v15.1  -  MaterialOpponent

PGN-File: C:\Program Files (x86)\Arena\Tournaments\V7P3R Engine Regression Battle 20251119.pgn

No:  B/W 1/2     W:B       1:2           Time        Value Moves Dep 1:2       1-2-Draws
   1 = =    0.5:0.5        0.5:0.5       11:27:50 AM    +2.20    11 6.000 :6.000  0-0-1

--------------------------------------------------------------

Engine-Match Wednesday, November 19, 2025 11:27:52 AM
 Blitz 2/1 

Pairing 4/21 :    V7P3R_v14.1  -  PositionalOpponent

PGN-File: C:\Program Files (x86)\Arena\Tournaments\V7P3R Engine Regression Battle 20251119.pgn

No:  B/W 1/2     W:B       1:2           Time        Value Moves Dep 1:2       1-2-Draws
   1 W 1    1.0:0.0        1.0:0.0       11:30:13 AM   +13.40    22 3.824 :6.000  1-0-0

--------------------------------------------------------------

Engine-Match Wednesday, November 19, 2025 11:30:14 AM
 Blitz 2/1 

Pairing 5/21 :    MaterialOpponent  -  V7P3R_v15.4

PGN-File: C:\Program Files (x86)\Arena\Tournaments\V7P3R Engine Regression Battle 20251119.pgn

No:  B/W 1/2     W:B       1:2           Time        Value Moves Dep 1:2       1-2-Draws
   1 W 1    1.0:0.0        1.0:0.0       11:33:10 AM  +299.99    27 6.000 :6.789  1-0-0

--------------------------------------------------------------

Engine-Match Wednesday, November 19, 2025 11:33:11 AM
 Blitz 2/1 

Pairing 6/21 :    V7P3R_v15.3  -  V7P3R_v15.1

PGN-File: C:\Program Files (x86)\Arena\Tournaments\V7P3R Engine Regression Battle 20251119.pgn

No:  B/W 1/2     W:B       1:2           Time        Value Moves Dep 1:2       1-2-Draws
   1 B 2    1.0:0.0        0.0:1.0       11:34:31 AM  -299.99     9 6.500 :6.000  0-1-0

--------------------------------------------------------------

Engine-Match Wednesday, November 19, 2025 11:34:32 AM
 Blitz 2/1 

Pairing 7/21 :    RandomOpponent  -  MaterialOpponent

PGN-File: C:\Program Files (x86)\Arena\Tournaments\V7P3R Engine Regression Battle 20251119.pgn

No:  B/W 1/2     W:B       1:2           Time        Value Moves Dep 1:2       1-2-Draws
   1 B 2    1.0:0.0        0.0:1.0       11:35:13 AM  -299.99    29 0:6.000  0-1-0

--------------------------------------------------------------

Engine-Match Wednesday, November 19, 2025 11:35:15 AM
 Blitz 2/1 

Pairing 8/21 :    V7P3R_v15.1  -  V7P3R_v14.1

PGN-File: C:\Program Files (x86)\Arena\Tournaments\V7P3R Engine Regression Battle 20251119.pgn

No:  B/W 1/2     W:B       1:2           Time        Value Moves Dep 1:2       1-2-Draws
   1 = =    0.5:0.5        0.5:0.5       11:40:04 AM    -2.00    57 6.000 :3.667  0-0-1

--------------------------------------------------------------

Engine-Match Wednesday, November 19, 2025 11:40:06 AM
 Blitz 2/1 

Pairing 9/21 :    V7P3R_v15.4  -  V7P3R_v15.3

PGN-File: C:\Program Files (x86)\Arena\Tournaments\V7P3R Engine Regression Battle 20251119.pgn

No:  B/W 1/2     W:B       1:2           Time        Value Moves Dep 1:2       1-2-Draws
   1 B 2    1.0:0.0        0.0:1.0       11:45:56 AM     0.00    43 7.400 :6.000  0-1-0

--------------------------------------------------------------

Engine-Match Wednesday, November 19, 2025 11:45:58 AM
 Blitz 2/1 

Pairing 10/21 :    PositionalOpponent  -  V7P3R_v15.1

PGN-File: C:\Program Files (x86)\Arena\Tournaments\V7P3R Engine Regression Battle 20251119.pgn

No:  B/W 1/2     W:B       1:2           Time        Value Moves Dep 1:2       1-2-Draws
   1 B 2    1.0:0.0        0.0:1.0       11:47:56 AM   -11.40    13 6.000 :6.000  0-1-0

--------------------------------------------------------------

Engine-Match Wednesday, November 19, 2025 11:47:58 AM
 Blitz 2/1 

Pairing 11/21 :    V7P3R_v15.3  -  RandomOpponent

PGN-File: C:\Program Files (x86)\Arena\Tournaments\V7P3R Engine Regression Battle 20251119.pgn

No:  B/W 1/2     W:B       1:2           Time        Value Moves Dep 1:2       1-2-Draws
   1 B 2    1.0:0.0        0.0:1.0       11:50:55 AM     0.00    34 4.419 :0 0-1-0

--------------------------------------------------------------

Engine-Match Wednesday, November 19, 2025 11:50:57 AM
 Blitz 2/1 

Pairing 12/21 :    V7P3R_v14.1  -  V7P3R_v15.4

PGN-File: C:\Program Files (x86)\Arena\Tournaments\V7P3R Engine Regression Battle 20251119.pgn

No:  B/W 1/2     W:B       1:2           Time        Value Moves Dep 1:2       1-2-Draws
   1 W 1    1.0:0.0        1.0:0.0       11:53:04 AM     0.00    16 3.714 :6.700  1-0-0

--------------------------------------------------------------

Engine-Match Wednesday, November 19, 2025 11:53:05 AM
 Blitz 2/1 

Pairing 13/21 :    MaterialOpponent  -  V7P3R_v15.3

PGN-File: C:\Program Files (x86)\Arena\Tournaments\V7P3R Engine Regression Battle 20251119.pgn

No:  B/W 1/2     W:B       1:2           Time        Value Moves Dep 1:2       1-2-Draws
   1 W 1    1.0:0.0        1.0:0.0       11:56:23 AM  +299.99    28 6.000 :5.091  1-0-0

--------------------------------------------------------------

Engine-Match Wednesday, November 19, 2025 11:56:25 AM
 Blitz 2/1 

Pairing 14/21 :    V7P3R_v15.4  -  PositionalOpponent

PGN-File: C:\Program Files (x86)\Arena\Tournaments\V7P3R Engine Regression Battle 20251119.pgn

No:  B/W 1/2     W:B       1:2           Time        Value Moves Dep 1:2       1-2-Draws
   1 B 2    1.0:0.0        0.0:1.0       12:00:01 PM  -299.99    25 6.769 :6.000  0-1-0

--------------------------------------------------------------

Engine-Match Wednesday, November 19, 2025 12:00:02 PM
 Blitz 2/1 

Pairing 15/21 :    RandomOpponent  -  V7P3R_v14.1

PGN-File: C:\Program Files (x86)\Arena\Tournaments\V7P3R Engine Regression Battle 20251119.pgn

No:  B/W 1/2     W:B       1:2           Time        Value Moves Dep 1:2       1-2-Draws
   1 B 2    1.0:0.0        0.0:1.0       12:01:13 PM     0.00    22 0:3.789  0-1-0

--------------------------------------------------------------

Engine-Match Wednesday, November 19, 2025 12:01:14 PM
 Blitz 2/1 

Pairing 16/21 :    V7P3R_v15.1  -  V7P3R_v15.4

PGN-File: C:\Program Files (x86)\Arena\Tournaments\V7P3R Engine Regression Battle 20251119.pgn

No:  B/W 1/2     W:B       1:2           Time        Value Moves Dep 1:2       1-2-Draws
   1 W 1    1.0:0.0        1.0:0.0       12:03:21 PM     0.00    16 6.000 :7.000  1-0-0

--------------------------------------------------------------

Engine-Match Wednesday, November 19, 2025 12:03:22 PM
 Blitz 2/1 

Pairing 17/21 :    V7P3R_v14.1  -  MaterialOpponent

PGN-File: C:\Program Files (x86)\Arena\Tournaments\V7P3R Engine Regression Battle 20251119.pgn

No:  B/W 1/2     W:B       1:2           Time        Value Moves Dep 1:2       1-2-Draws
   1 * *     0.0:0.0        0.0:0.0       12:04:42 PM    -1.25    19 3.111 :6.000  0-0-0
