Engine-Match Friday, November 21, 2025 10:04:21 PM
 Blitz 1/1 

Pairing 1/21 :    VPR_v8.1  -  PositionalOpponent_v2.0

PGN-File: C:\Program Files (x86)\Arena\Tournaments\VPR Quick Match.pgn

No:  B/W 1/2     W:B       1:2           Time        Value Moves Dep 1:2       1-2-Draws
   1 W 1    1.0:0.0        1.0:0.0       10:06:26 PM   +25.40    26 6.000 :5.538  1-0-0

--------------------------------------------------------------

Engine-Match Friday, November 21, 2025 10:06:28 PM
 Blitz 1/1 

Pairing 2/21 :    MaterialOpponent_v2.0  -  VPR_v9.0

PGN-File: C:\Program Files (x86)\Arena\Tournaments\VPR Quick Match.pgn

No:  B/W 1/2     W:B       1:2           Time        Value Moves Dep 1:2       1-2-Draws
   1 B 2    1.0:0.0        0.0:1.0       10:08:19 PM  -299.99    14 8.500 :6.000  0-1-0

--------------------------------------------------------------

Engine-Match Friday, November 21, 2025 10:08:20 PM
 Blitz 1/1 

Pairing 3/21 :    CaptureOpponent_v3.0  -  CoverageOpponent_v2.0

PGN-File: C:\Program Files (x86)\Arena\Tournaments\VPR Quick Match.pgn

No:  B/W 1/2     W:B       1:2           Time        Value Moves Dep 1:2       1-2-Draws
   1 = =    0.5:0.5        0.5:0.5       10:11:02 PM    +0.21    70 2.000 :6.519  0-0-1

--------------------------------------------------------------

Engine-Match Friday, November 21, 2025 10:11:03 PM
 Blitz 1/1 

Pairing 4/21 :    RandomOpponent  -  MaterialOpponent_v2.0

PGN-File: C:\Program Files (x86)\Arena\Tournaments\VPR Quick Match.pgn

No:  B/W 1/2     W:B       1:2           Time        Value Moves Dep 1:2       1-2-Draws
   1 B 2    1.0:0.0        0.0:1.0       10:12:47 PM  -299.99    27 0:7.593  0-1-0

--------------------------------------------------------------

Engine-Match Friday, November 21, 2025 10:12:48 PM
 Blitz 1/1 

Pairing 5/21 :    CoverageOpponent_v2.0  -  VPR_v8.1

PGN-File: C:\Program Files (x86)\Arena\Tournaments\VPR Quick Match.pgn

No:  B/W 1/2     W:B       1:2           Time        Value Moves Dep 1:2       1-2-Draws
   1 B 2    1.0:0.0        0.0:1.0       10:15:19 PM  -299.99    31 5.567 :6.000  0-1-0

--------------------------------------------------------------

Engine-Match Friday, November 21, 2025 10:15:21 PM
 Blitz 1/1 

Pairing 6/21 :    VPR_v9.0  -  CaptureOpponent_v3.0

PGN-File: C:\Program Files (x86)\Arena\Tournaments\VPR Quick Match.pgn

No:  B/W 1/2     W:B       1:2           Time        Value Moves Dep 1:2       1-2-Draws
   1 W 1    1.0:0.0        1.0:0.0       10:16:30 PM  +299.99    30 5.933 :2.000  1-0-0

--------------------------------------------------------------

Engine-Match Friday, November 21, 2025 10:16:32 PM
 Blitz 1/1 

Pairing 7/21 :    PositionalOpponent_v2.0  -  CoverageOpponent_v2.0

PGN-File: C:\Program Files (x86)\Arena\Tournaments\VPR Quick Match.pgn

No:  B/W 1/2     W:B       1:2           Time        Value Moves Dep 1:2       1-2-Draws
   1 W 1    1.0:0.0        1.0:0.0       10:20:13 PM  +299.99    43 6.412 :6.059  1-0-0

--------------------------------------------------------------

Engine-Match Friday, November 21, 2025 10:20:15 PM
 Blitz 1/1 

Pairing 8/21 :    CaptureOpponent_v3.0  -  RandomOpponent

PGN-File: C:\Program Files (x86)\Arena\Tournaments\VPR Quick Match.pgn

No:  B/W 1/2     W:B       1:2           Time        Value Moves Dep 1:2       1-2-Draws
   1 = =    0.5:0.5        0.5:0.5       10:20:58 PM     0.00    80 2.000 :0 0-0-1

--------------------------------------------------------------

Engine-Match Friday, November 21, 2025 10:20:59 PM
 Blitz 1/1 

Pairing 9/21 :    VPR_v8.1  -  VPR_v9.0

PGN-File: C:\Program Files (x86)\Arena\Tournaments\VPR Quick Match.pgn

No:  B/W 1/2     W:B       1:2           Time        Value Moves Dep 1:2       1-2-Draws
   1 W 1    1.0:0.0        1.0:0.0       10:23:01 PM   +15.00    26 6.000 :5.885  1-0-0

--------------------------------------------------------------

Engine-Match Friday, November 21, 2025 10:23:02 PM
 Blitz 1/1 

Pairing 10/21 :    MaterialOpponent_v2.0  -  CaptureOpponent_v3.0

PGN-File: C:\Program Files (x86)\Arena\Tournaments\VPR Quick Match.pgn

No:  B/W 1/2     W:B       1:2           Time        Value Moves Dep 1:2       1-2-Draws
   1 W 1    1.0:0.0        1.0:0.0       10:24:15 PM  +299.99    17 8.118 :2.000  1-0-0

--------------------------------------------------------------

Engine-Match Friday, November 21, 2025 10:24:17 PM
 Blitz 1/1 

Pairing 11/21 :    VPR_v9.0  -  PositionalOpponent_v2.0

PGN-File: C:\Program Files (x86)\Arena\Tournaments\VPR Quick Match.pgn

No:  B/W 1/2     W:B       1:2           Time        Value Moves Dep 1:2       1-2-Draws
   1 = =    0.5:0.5        0.5:0.5       10:27:58 PM    +6.20    55 6.000 :6.200  0-0-1

--------------------------------------------------------------

Engine-Match Friday, November 21, 2025 10:28:00 PM
 Blitz 1/1 

Pairing 12/21 :    RandomOpponent  -  VPR_v8.1

PGN-File: C:\Program Files (x86)\Arena\Tournaments\VPR Quick Match.pgn

No:  B/W 1/2     W:B       1:2           Time        Value Moves Dep 1:2       1-2-Draws
   1 B 2    1.0:0.0        0.0:1.0       10:28:36 PM  -299.99    18 0:6.000  0-1-0

--------------------------------------------------------------

Engine-Match Friday, November 21, 2025 10:28:38 PM
 Blitz 1/1 

Pairing 13/21 :    CoverageOpponent_v2.0  -  VPR_v9.0

PGN-File: C:\Program Files (x86)\Arena\Tournaments\VPR Quick Match.pgn

No:  B/W 1/2     W:B       1:2           Time        Value Moves Dep 1:2       1-2-Draws
   1 = =    0.5:0.5        0.5:0.5       10:32:46 PM    -0.28    68 5.750 :5.875  0-0-1

--------------------------------------------------------------

Engine-Match Friday, November 21, 2025 10:32:48 PM
 Blitz 1/1 

Pairing 14/21 :    VPR_v8.1  -  MaterialOpponent_v2.0

PGN-File: C:\Program Files (x86)\Arena\Tournaments\VPR Quick Match.pgn

No:  B/W 1/2     W:B       1:2           Time        Value Moves Dep 1:2       1-2-Draws
   1 = =    0.5:0.5        0.5:0.5       10:33:30 PM     0.00     7 6.000 :9.571  0-0-1

--------------------------------------------------------------

Engine-Match Friday, November 21, 2025 10:33:31 PM
 Blitz 1/1 

Pairing 15/21 :    PositionalOpponent_v2.0  -  RandomOpponent

PGN-File: C:\Program Files (x86)\Arena\Tournaments\VPR Quick Match.pgn

No:  B/W 1/2     W:B       1:2           Time        Value Moves Dep 1:2       1-2-Draws
   1 W 1    1.0:0.0        1.0:0.0       10:34:43 PM  +299.99    15 6.533 :0 1-0-0

--------------------------------------------------------------

Engine-Match Friday, November 21, 2025 10:34:45 PM
 Blitz 1/1 

Pairing 16/21 :    CaptureOpponent_v3.0  -  VPR_v8.1

PGN-File: C:\Program Files (x86)\Arena\Tournaments\VPR Quick Match.pgn

No:  B/W 1/2     W:B       1:2           Time        Value Moves Dep 1:2       1-2-Draws
   1 = =    0.5:0.5        0.5:0.5       10:35:04 PM     0.00     7 2.000 :6.000  0-0-1

--------------------------------------------------------------

Engine-Match Friday, November 21, 2025 10:35:05 PM
 Blitz 1/1 

Pairing 17/21 :    RandomOpponent  -  CoverageOpponent_v2.0

PGN-File: C:\Program Files (x86)\Arena\Tournaments\VPR Quick Match.pgn

No:  B/W 1/2     W:B       1:2           Time        Value Moves Dep 1:2       1-2-Draws
   1 B 2    1.0:0.0        0.0:1.0       10:36:40 PM  -299.99    25 0:5.520  0-1-0

--------------------------------------------------------------

Engine-Match Friday, November 21, 2025 10:36:41 PM
 Blitz 1/1 

Pairing 18/21 :    MaterialOpponent_v2.0  -  PositionalOpponent_v2.0

PGN-File: C:\Program Files (x86)\Arena\Tournaments\VPR Quick Match.pgn

No:  B/W 1/2     W:B       1:2           Time        Value Moves Dep 1:2       1-2-Draws
   1 B 2    1.0:0.0        0.0:1.0       10:39:08 PM  -299.99    17 8.000 :6.000  0-1-0

--------------------------------------------------------------

Engine-Match Friday, November 21, 2025 10:39:10 PM
 Blitz 1/1 

Pairing 19/21 :    VPR_v9.0  -  RandomOpponent

PGN-File: C:\Program Files (x86)\Arena\Tournaments\VPR Quick Match.pgn

No:  B/W 1/2     W:B       1:2           Time        Value Moves Dep 1:2       1-2-Draws
   1 W 1    1.0:0.0        1.0:0.0       10:40:18 PM  +299.99    16 5.750 :0 1-0-0

--------------------------------------------------------------

Engine-Match Friday, November 21, 2025 10:40:19 PM
 Blitz 1/1 

Pairing 20/21 :    PositionalOpponent_v2.0  -  CaptureOpponent_v3.0

PGN-File: C:\Program Files (x86)\Arena\Tournaments\VPR Quick Match.pgn

No:  B/W 1/2     W:B       1:2           Time        Value Moves Dep 1:2       1-2-Draws
   1 W 1    1.0:0.0        1.0:0.0       10:41:40 PM  +299.99    18 6.167 :2.000  1-0-0

--------------------------------------------------------------

Engine-Match Friday, November 21, 2025 10:41:54 PM
 Blitz 1/1 

Pairing 21/21 :    CoverageOpponent_v2.0  -  MaterialOpponent_v2.0

PGN-File: C:\Program Files (x86)\Arena\Tournaments\VPR Quick Match.pgn

No:  B/W 1/2     W:B       1:2           Time        Value Moves Dep 1:2       1-2-Draws
   1 B 2    1.0:0.0        0.0:1.0       10:45:43 PM  -299.99    48 5.840 :8.125  0-1-0

--------------------------------------------------------------

Engine-Match Friday, November 21, 2025 10:45:44 PM
 Blitz 1/1 

Pairing 2/21 :    MaterialOpponent_v2.0  -  VPR_v9.0

PGN-File: C:\Program Files (x86)\Arena\Tournaments\VPR Quick Match.pgn

No:  B/W 1/2     W:B       1:2           Time        Value Moves Dep 1:2       1-2-Draws
   2 = =    0.5:0.5        0.5:1.5       10:48:57 PM    -0.70    39 8.364 :5.864  0-1-1

--------------------------------------------------------------

Engine-Match Friday, November 21, 2025 10:48:59 PM
 Blitz 1/1 

Pairing 3/21 :    CaptureOpponent_v3.0  -  CoverageOpponent_v2.0

PGN-File: C:\Program Files (x86)\Arena\Tournaments\VPR Quick Match.pgn

No:  B/W 1/2     W:B       1:2           Time        Value Moves Dep 1:2       1-2-Draws
   2 W 2    1.5:0.5        0.5:1.5       10:50:50 PM  +299.99    35 2.000 :6.000  0-1-1

--------------------------------------------------------------

Engine-Match Friday, November 21, 2025 10:50:52 PM
 Blitz 1/1 

Pairing 4/21 :    RandomOpponent  -  MaterialOpponent_v2.0

PGN-File: C:\Program Files (x86)\Arena\Tournaments\VPR Quick Match.pgn

No:  B/W 1/2     W:B       1:2           Time        Value Moves Dep 1:2       1-2-Draws
   2 W 2    1.0:0.0        0.0:2.0       10:52:31 PM  +299.99    25 0:8.368  0-2-0

--------------------------------------------------------------

Engine-Match Friday, November 21, 2025 10:52:32 PM
 Blitz 1/1 

Pairing 6/21 :    VPR_v9.0  -  CaptureOpponent_v3.0

PGN-File: C:\Program Files (x86)\Arena\Tournaments\VPR Quick Match.pgn

No:  B/W 1/2     W:B       1:2           Time        Value Moves Dep 1:2       1-2-Draws
   2 B 1    1.0:0.0        2.0:0.0       10:53:54 PM  -299.99    23 6.000 :2.000  2-0-0

--------------------------------------------------------------

Engine-Match Friday, November 21, 2025 10:53:56 PM
 Blitz 1/1 

Pairing 7/21 :    PositionalOpponent_v2.0  -  CoverageOpponent_v2.0

PGN-File: C:\Program Files (x86)\Arena\Tournaments\VPR Quick Match.pgn

No:  B/W 1/2     W:B       1:2           Time        Value Moves Dep 1:2       1-2-Draws
   2 B 1    1.0:0.0        2.0:0.0       10:56:42 PM  -299.99    23 6.667 :6.231  2-0-0

--------------------------------------------------------------

Engine-Match Friday, November 21, 2025 10:56:43 PM
 Blitz 1/1 

Pairing 8/21 :    CaptureOpponent_v3.0  -  RandomOpponent

PGN-File: C:\Program Files (x86)\Arena\Tournaments\VPR Quick Match.pgn

No:  B/W 1/2     W:B       1:2           Time        Value Moves Dep 1:2       1-2-Draws
   2 = =    1.0:1.0        1.0:1.0       10:57:19 PM     0.00    63 2.000 :0 0-0-2

--------------------------------------------------------------

Engine-Match Friday, November 21, 2025 10:57:20 PM
 Blitz 1/1 

Pairing 10/21 :    MaterialOpponent_v2.0  -  CaptureOpponent_v3.0

PGN-File: C:\Program Files (x86)\Arena\Tournaments\VPR Quick Match.pgn

No:  B/W 1/2     W:B       1:2           Time        Value Moves Dep 1:2       1-2-Draws
   2 B 1    1.0:0.0        2.0:0.0       10:58:51 PM  -299.99    20 8.667 :2.000  2-0-0

--------------------------------------------------------------

Engine-Match Friday, November 21, 2025 10:58:52 PM
 Blitz 1/1 

Pairing 11/21 :    VPR_v9.0  -  PositionalOpponent_v2.0

PGN-File: C:\Program Files (x86)\Arena\Tournaments\VPR Quick Match.pgn

No:  B/W 1/2     W:B       1:2           Time        Value Moves Dep 1:2       1-2-Draws
   2 W 2    1.5:0.5        0.5:1.5       11:00:36 PM  +299.99    12 5.909 :6.333  0-1-1

--------------------------------------------------------------

Engine-Match Friday, November 21, 2025 11:00:38 PM
 Blitz 1/1 

Pairing 13/21 :    CoverageOpponent_v2.0  -  VPR_v9.0

PGN-File: C:\Program Files (x86)\Arena\Tournaments\VPR Quick Match.pgn

No:  B/W 1/2     W:B       1:2           Time        Value Moves Dep 1:2       1-2-Draws
   2 W 2    1.5:0.5        0.5:1.5       11:02:25 PM  +299.99    15 6.714 :6.000  0-1-1

--------------------------------------------------------------

Engine-Match Friday, November 21, 2025 11:02:26 PM
 Blitz 1/1 

Pairing 15/21 :    PositionalOpponent_v2.0  -  RandomOpponent

PGN-File: C:\Program Files (x86)\Arena\Tournaments\VPR Quick Match.pgn

No:  B/W 1/2     W:B       1:2           Time        Value Moves Dep 1:2       1-2-Draws
   2 B 1    1.0:0.0        2.0:0.0       11:03:26 PM  -299.99    11 6.273 :0 2-0-0

--------------------------------------------------------------

Engine-Match Friday, November 21, 2025 11:03:27 PM
 Blitz 1/1 

Pairing 17/21 :    RandomOpponent  -  CoverageOpponent_v2.0

PGN-File: C:\Program Files (x86)\Arena\Tournaments\VPR Quick Match.pgn

No:  B/W 1/2     W:B       1:2           Time        Value Moves Dep 1:2       1-2-Draws
   2 = =    0.5:0.5        0.5:1.5       11:04:52 PM    +0.62    18 0:5.889  0-1-1

--------------------------------------------------------------

Engine-Match Friday, November 21, 2025 11:04:53 PM
 Blitz 1/1 

Pairing 18/21 :    MaterialOpponent_v2.0  -  PositionalOpponent_v2.0

PGN-File: C:\Program Files (x86)\Arena\Tournaments\VPR Quick Match.pgn

No:  B/W 1/2     W:B       1:2           Time        Value Moves Dep 1:2       1-2-Draws
   2 B 1    1.0:0.0        1.0:1.0       11:07:13 PM   -12.30    16 8.133 :6.688  1-1-0

--------------------------------------------------------------

Engine-Match Friday, November 21, 2025 11:07:15 PM
 Blitz 1/1 

Pairing 19/21 :    VPR_v9.0  -  RandomOpponent

PGN-File: C:\Program Files (x86)\Arena\Tournaments\VPR Quick Match.pgn

No:  B/W 1/2     W:B       1:2           Time        Value Moves Dep 1:2       1-2-Draws
   2 B 1    1.0:0.0        2.0:0.0       11:08:37 PM  -299.99    23 6.000 :0 2-0-0

--------------------------------------------------------------

Engine-Match Friday, November 21, 2025 11:08:39 PM
 Blitz 1/1 

Pairing 20/21 :    PositionalOpponent_v2.0  -  CaptureOpponent_v3.0

PGN-File: C:\Program Files (x86)\Arena\Tournaments\VPR Quick Match.pgn

No:  B/W 1/2     W:B       1:2           Time        Value Moves Dep 1:2       1-2-Draws
   2 B 1    1.0:0.0        2.0:0.0       11:09:08 PM    -M500     5 6.250 :2.000  2-0-0

--------------------------------------------------------------

Engine-Match Friday, November 21, 2025 11:09:09 PM
 Blitz 1/1 

Pairing 21/21 :    CoverageOpponent_v2.0  -  MaterialOpponent_v2.0

PGN-File: C:\Program Files (x86)\Arena\Tournaments\VPR Quick Match.pgn

No:  B/W 1/2     W:B       1:2           Time        Value Moves Dep 1:2       1-2-Draws
   2 W 2    1.0:0.0        0.0:2.0       11:12:18 PM  +299.99    29 6.429 :7.862  0-2-0

--------------------------------------------------------------

Engine-Match Friday, November 21, 2025 11:12:20 PM
 Blitz 1/1 

Pairing 2/21 :    MaterialOpponent_v2.0  -  VPR_v9.0

PGN-File: C:\Program Files (x86)\Arena\Tournaments\VPR Quick Match.pgn

No:  B/W 1/2     W:B       1:2           Time        Value Moves Dep 1:2       1-2-Draws
   3 = =    1.0:1.0        1.0:2.0       11:15:22 PM   -10.80    36 8.591 :6.000  0-1-2

--------------------------------------------------------------

Engine-Match Friday, November 21, 2025 11:15:24 PM
 Blitz 1/1 

Pairing 3/21 :    CaptureOpponent_v3.0  -  CoverageOpponent_v2.0

PGN-File: C:\Program Files (x86)\Arena\Tournaments\VPR Quick Match.pgn

No:  B/W 1/2     W:B       1:2           Time        Value Moves Dep 1:2       1-2-Draws
   3 B 2    1.5:0.5        0.5:2.5       11:16:08 PM    -M500     8 2.000 :6.429  0-2-1

--------------------------------------------------------------

Engine-Match Friday, November 21, 2025 11:16:09 PM
 Blitz 1/1 

Pairing 4/21 :    RandomOpponent  -  MaterialOpponent_v2.0

PGN-File: C:\Program Files (x86)\Arena\Tournaments\VPR Quick Match.pgn

No:  B/W 1/2     W:B       1:2           Time        Value Moves Dep 1:2       1-2-Draws
   3 B 2    1.0:0.0        0.0:3.0       11:17:41 PM  -299.99    21 0:8.667  0-3-0

--------------------------------------------------------------

Engine-Match Friday, November 21, 2025 11:17:42 PM
 Blitz 1/1 

Pairing 6/21 :    VPR_v9.0  -  CaptureOpponent_v3.0

PGN-File: C:\Program Files (x86)\Arena\Tournaments\VPR Quick Match.pgn

No:  B/W 1/2     W:B       1:2           Time        Value Moves Dep 1:2       1-2-Draws
   3 W 1    1.0:0.0        3.0:0.0       11:18:40 PM  +299.99    18 6.000 :2.000  3-0-0

--------------------------------------------------------------

Engine-Match Friday, November 21, 2025 11:18:50 PM
 Blitz 1/1 

Pairing 7/21 :    PositionalOpponent_v2.0  -  CoverageOpponent_v2.0

PGN-File: C:\Program Files (x86)\Arena\Tournaments\VPR Quick Match.pgn

No:  B/W 1/2     W:B       1:2           Time        Value Moves Dep 1:2       1-2-Draws
   3 W 1    1.0:0.0        3.0:0.0       11:22:50 PM  +299.99    53 6.458 :6.087  3-0-0

--------------------------------------------------------------

Engine-Match Friday, November 21, 2025 11:22:52 PM
 Blitz 1/1 

Pairing 8/21 :    CaptureOpponent_v3.0  -  RandomOpponent

PGN-File: C:\Program Files (x86)\Arena\Tournaments\VPR Quick Match.pgn

No:  B/W 1/2     W:B       1:2           Time        Value Moves Dep 1:2       1-2-Draws
   3 = =    1.5:1.5        1.5:1.5       11:23:29 PM     0.00    66 2.000 :0 0-0-3

--------------------------------------------------------------

Engine-Match Friday, November 21, 2025 11:23:30 PM
 Blitz 1/1 

Pairing 10/21 :    MaterialOpponent_v2.0  -  CaptureOpponent_v3.0

PGN-File: C:\Program Files (x86)\Arena\Tournaments\VPR Quick Match.pgn

No:  B/W 1/2     W:B       1:2           Time        Value Moves Dep 1:2       1-2-Draws
   3 W 1    1.0:0.0        3.0:0.0       11:25:17 PM  +299.99    29 8.333 :2.000  3-0-0

--------------------------------------------------------------

Engine-Match Friday, November 21, 2025 11:25:18 PM
 Blitz 1/1 

Pairing 11/21 :    VPR_v9.0  -  PositionalOpponent_v2.0

PGN-File: C:\Program Files (x86)\Arena\Tournaments\VPR Quick Match.pgn

No:  B/W 1/2     W:B       1:2           Time        Value Moves Dep 1:2       1-2-Draws
   3 B 2    1.5:0.5        0.5:2.5       11:27:03 PM  -299.98    13 6.000 :6.583  0-2-1

--------------------------------------------------------------

Engine-Match Friday, November 21, 2025 11:27:05 PM
 Blitz 1/1 

Pairing 13/21 :    CoverageOpponent_v2.0  -  VPR_v9.0

PGN-File: C:\Program Files (x86)\Arena\Tournaments\VPR Quick Match.pgn

No:  B/W 1/2     W:B       1:2           Time        Value Moves Dep 1:2       1-2-Draws
   3 B 2    1.5:0.5        0.5:2.5       11:28:58 PM  -299.99    16 6.250 :6.000  0-2-1

--------------------------------------------------------------

Engine-Match Friday, November 21, 2025 11:28:59 PM
 Blitz 1/1 

Pairing 15/21 :    PositionalOpponent_v2.0  -  RandomOpponent

PGN-File: C:\Program Files (x86)\Arena\Tournaments\VPR Quick Match.pgn

No:  B/W 1/2     W:B       1:2           Time        Value Moves Dep 1:2       1-2-Draws
   3 W 1    1.0:0.0        3.0:0.0       11:30:14 PM  +299.99    16 6.500 :0 3-0-0

--------------------------------------------------------------

Engine-Match Friday, November 21, 2025 11:30:15 PM
 Blitz 1/1 

Pairing 17/21 :    RandomOpponent  -  CoverageOpponent_v2.0

PGN-File: C:\Program Files (x86)\Arena\Tournaments\VPR Quick Match.pgn

No:  B/W 1/2     W:B       1:2           Time        Value Moves Dep 1:2       1-2-Draws
   3 B 2    1.5:0.5        0.5:2.5       11:31:55 PM  -299.99    25 0:5.720  0-2-1

--------------------------------------------------------------

Engine-Match Friday, November 21, 2025 11:31:56 PM
 Blitz 1/1 

Pairing 18/21 :    MaterialOpponent_v2.0  -  PositionalOpponent_v2.0

PGN-File: C:\Program Files (x86)\Arena\Tournaments\VPR Quick Match.pgn

No:  B/W 1/2     W:B       1:2           Time        Value Moves Dep 1:2       1-2-Draws
   3 W 1    1.0:0.0        2.0:1.0       11:33:50 PM   +15.20    11 9.273 :6.727  2-1-0

--------------------------------------------------------------

Engine-Match Friday, November 21, 2025 11:33:51 PM
 Blitz 1/1 

Pairing 19/21 :    VPR_v9.0  -  RandomOpponent

PGN-File: C:\Program Files (x86)\Arena\Tournaments\VPR Quick Match.pgn

No:  B/W 1/2     W:B       1:2           Time        Value Moves Dep 1:2       1-2-Draws
   3 W 1    1.0:0.0        3.0:0.0       11:34:36 PM  +299.99    10 6.000 :0 3-0-0

--------------------------------------------------------------

Engine-Match Friday, November 21, 2025 11:34:37 PM
 Blitz 1/1 

Pairing 20/21 :    PositionalOpponent_v2.0  -  CaptureOpponent_v3.0

PGN-File: C:\Program Files (x86)\Arena\Tournaments\VPR Quick Match.pgn

No:  B/W 1/2     W:B       1:2           Time        Value Moves Dep 1:2       1-2-Draws
   3 W 1    1.0:0.0        3.0:0.0       11:36:37 PM  +299.99    41 7.143 :2.000  3-0-0

--------------------------------------------------------------

Engine-Match Friday, November 21, 2025 11:36:39 PM
 Blitz 1/1 

Pairing 21/21 :    CoverageOpponent_v2.0  -  MaterialOpponent_v2.0

PGN-File: C:\Program Files (x86)\Arena\Tournaments\VPR Quick Match.pgn

No:  B/W 1/2     W:B       1:2           Time        Value Moves Dep 1:2       1-2-Draws
   3 B 2    1.0:0.0        0.0:3.0       11:40:06 PM  -299.99    35 6.111 :8.444  0-3-0

--------------------------------------------------------------

Engine-Match Friday, November 21, 2025 11:40:07 PM
 Blitz 1/1 

Pairing 2/21 :    MaterialOpponent_v2.0  -  VPR_v9.0

PGN-File: C:\Program Files (x86)\Arena\Tournaments\VPR Quick Match.pgn

No:  B/W 1/2     W:B       1:2           Time        Value Moves Dep 1:2       1-2-Draws
   4 W 2    2.0:1.0        1.0:3.0       11:41:32 PM  +299.99    10 9.111 :6.000  0-2-2

--------------------------------------------------------------

Engine-Match Friday, November 21, 2025 11:41:33 PM
 Blitz 1/1 

Pairing 3/21 :    CaptureOpponent_v3.0  -  CoverageOpponent_v2.0

PGN-File: C:\Program Files (x86)\Arena\Tournaments\VPR Quick Match.pgn

No:  B/W 1/2     W:B       1:2           Time        Value Moves Dep 1:2       1-2-Draws
   4 W 2    1.5:0.5        0.5:3.5       11:43:47 PM  +299.99    51 2.000 :6.200  0-3-1

--------------------------------------------------------------

Engine-Match Friday, November 21, 2025 11:43:48 PM
 Blitz 1/1 

Pairing 4/21 :    RandomOpponent  -  MaterialOpponent_v2.0

PGN-File: C:\Program Files (x86)\Arena\Tournaments\VPR Quick Match.pgn

No:  B/W 1/2     W:B       1:2           Time        Value Moves Dep 1:2       1-2-Draws
   4 W 2    1.0:0.0        0.0:4.0       11:45:27 PM  +299.99    25 0:8.429  0-4-0

--------------------------------------------------------------

Engine-Match Friday, November 21, 2025 11:45:29 PM
 Blitz 1/1 

Pairing 6/21 :    VPR_v9.0  -  CaptureOpponent_v3.0

PGN-File: C:\Program Files (x86)\Arena\Tournaments\VPR Quick Match.pgn

No:  B/W 1/2     W:B       1:2           Time        Value Moves Dep 1:2       1-2-Draws
   4 B 1    1.0:0.0        4.0:0.0       11:46:56 PM  -299.99    35 5.875 :2.000  4-0-0

--------------------------------------------------------------

Engine-Match Friday, November 21, 2025 11:46:57 PM
 Blitz 1/1 

Pairing 7/21 :    PositionalOpponent_v2.0  -  CoverageOpponent_v2.0

PGN-File: C:\Program Files (x86)\Arena\Tournaments\VPR Quick Match.pgn

No:  B/W 1/2     W:B       1:2           Time        Value Moves Dep 1:2       1-2-Draws
   4 B 1    1.0:0.0        4.0:0.0       11:49:57 PM  -299.99    27 7.000 :6.143  4-0-0

--------------------------------------------------------------

Engine-Match Friday, November 21, 2025 11:49:58 PM
 Blitz 1/1 

Pairing 8/21 :    CaptureOpponent_v3.0  -  RandomOpponent

PGN-File: C:\Program Files (x86)\Arena\Tournaments\VPR Quick Match.pgn

No:  B/W 1/2     W:B       1:2           Time        Value Moves Dep 1:2       1-2-Draws
   4 = =    2.0:2.0        2.0:2.0       11:50:26 PM    -M500    43 2.000 :0 0-0-4

--------------------------------------------------------------

Engine-Match Friday, November 21, 2025 11:50:27 PM
 Blitz 1/1 

Pairing 10/21 :    MaterialOpponent_v2.0  -  CaptureOpponent_v3.0

PGN-File: C:\Program Files (x86)\Arena\Tournaments\VPR Quick Match.pgn

No:  B/W 1/2     W:B       1:2           Time        Value Moves Dep 1:2       1-2-Draws
   4 = =    0.5:0.5        3.5:0.5       11:52:25 PM    -4.10    43 8.857 :2.000  3-0-1

--------------------------------------------------------------

Engine-Match Friday, November 21, 2025 11:52:26 PM
 Blitz 1/1 

Pairing 11/21 :    VPR_v9.0  -  PositionalOpponent_v2.0

PGN-File: C:\Program Files (x86)\Arena\Tournaments\VPR Quick Match.pgn

No:  B/W 1/2     W:B       1:2           Time        Value Moves Dep 1:2       1-2-Draws
   4 W 2    1.5:0.5        0.5:3.5       11:54:21 PM  +299.99    14 5.923 :6.500  0-3-1

--------------------------------------------------------------

Engine-Match Friday, November 21, 2025 11:54:23 PM
 Blitz 1/1 

Pairing 13/21 :    CoverageOpponent_v2.0  -  VPR_v9.0

PGN-File: C:\Program Files (x86)\Arena\Tournaments\VPR Quick Match.pgn

No:  B/W 1/2     W:B       1:2           Time        Value Moves Dep 1:2       1-2-Draws
   4 W 2    1.5:0.5        0.5:3.5       11:56:10 PM  +299.99    15 6.714 :6.000  0-3-1

--------------------------------------------------------------

Engine-Match Friday, November 21, 2025 11:59:21 PM
 Blitz 1/1 

Pairing 15/21 :    PositionalOpponent_v2.0  -  RandomOpponent

PGN-File: C:\Program Files (x86)\Arena\Tournaments\VPR Quick Match.pgn

No:  B/W 1/2     W:B       1:2           Time        Value Moves Dep 1:2       1-2-Draws
   4 B 1    1.0:0.0        4.0:0.0       12:00:39 AM  -299.99    20 6.200 :0 4-0-0

--------------------------------------------------------------

Engine-Match Saturday, November 22, 2025 12:00:41 AM
 Blitz 1/1 

Pairing 17/21 :    RandomOpponent  -  CoverageOpponent_v2.0

PGN-File: C:\Program Files (x86)\Arena\Tournaments\VPR Quick Match.pgn

No:  B/W 1/2     W:B       1:2           Time        Value Moves Dep 1:2       1-2-Draws
   4 W 2    1.5:0.5        0.5:3.5       12:03:44 AM  +299.99    84 0:5.286  0-3-1

--------------------------------------------------------------

Engine-Match Saturday, November 22, 2025 12:03:45 AM
 Blitz 1/1 

Pairing 18/21 :    MaterialOpponent_v2.0  -  PositionalOpponent_v2.0

PGN-File: C:\Program Files (x86)\Arena\Tournaments\VPR Quick Match.pgn

No:  B/W 1/2     W:B       1:2           Time        Value Moves Dep 1:2       1-2-Draws
   4 = =    0.5:0.5        2.5:1.5       12:07:53 AM    -8.20    54 8.125 :6.625  2-1-1

--------------------------------------------------------------

Engine-Match Saturday, November 22, 2025 12:07:54 AM
 Blitz 1/1 

Pairing 19/21 :    VPR_v9.0  -  RandomOpponent

PGN-File: C:\Program Files (x86)\Arena\Tournaments\VPR Quick Match.pgn

No:  B/W 1/2     W:B       1:2           Time        Value Moves Dep 1:2       1-2-Draws
   4 B 1    1.0:0.0        4.0:0.0       12:09:30 AM  -299.99    30 5.900 :0 4-0-0

--------------------------------------------------------------

Engine-Match Saturday, November 22, 2025 12:09:31 AM
 Blitz 1/1 

Pairing 20/21 :    PositionalOpponent_v2.0  -  CaptureOpponent_v3.0

PGN-File: C:\Program Files (x86)\Arena\Tournaments\VPR Quick Match.pgn

No:  B/W 1/2     W:B       1:2           Time        Value Moves Dep 1:2       1-2-Draws
   4 B 1    1.0:0.0        4.0:0.0       12:10:00 AM    -M500     5 6.250 :2.000  4-0-0

--------------------------------------------------------------

Engine-Match Saturday, November 22, 2025 12:10:01 AM
 Blitz 1/1 

Pairing 21/21 :    CoverageOpponent_v2.0  -  MaterialOpponent_v2.0

PGN-File: C:\Program Files (x86)\Arena\Tournaments\VPR Quick Match.pgn

No:  B/W 1/2     W:B       1:2           Time        Value Moves Dep 1:2       1-2-Draws
   4 W 2    1.0:0.0        0.0:4.0       12:13:27 AM  +299.99    35 6.333 :8.438  0-4-0

--------------------------------------------------------------

Engine-Match Saturday, November 22, 2025 12:13:29 AM
 Blitz 1/1 

Pairing 2/21 :    MaterialOpponent_v2.0  -  VPR_v9.0

PGN-File: C:\Program Files (x86)\Arena\Tournaments\VPR Quick Match.pgn

No:  B/W 1/2     W:B       1:2           Time        Value Moves Dep 1:2       1-2-Draws
   5 B 2    2.0:1.0        1.0:4.0       12:15:33 AM   -19.25    17 8.294 :5.938  0-3-2

--------------------------------------------------------------

Engine-Match Saturday, November 22, 2025 12:15:34 AM
 Blitz 1/1 

Pairing 3/21 :    CaptureOpponent_v3.0  -  CoverageOpponent_v2.0

PGN-File: C:\Program Files (x86)\Arena\Tournaments\VPR Quick Match.pgn

No:  B/W 1/2     W:B       1:2           Time        Value Moves Dep 1:2       1-2-Draws
   5 B 2    1.5:0.5        0.5:4.5       12:16:59 AM  -299.99    20 2.000 :5.700  0-4-1

--------------------------------------------------------------

Engine-Match Saturday, November 22, 2025 12:17:00 AM
 Blitz 1/1 

Pairing 4/21 :    RandomOpponent  -  MaterialOpponent_v2.0

PGN-File: C:\Program Files (x86)\Arena\Tournaments\VPR Quick Match.pgn

No:  B/W 1/2     W:B       1:2           Time        Value Moves Dep 1:2       1-2-Draws
   5 B 2    1.0:0.0        0.0:5.0       12:18:42 AM  -299.99    26 0:8.192  0-5-0

--------------------------------------------------------------

Engine-Match Saturday, November 22, 2025 12:18:43 AM
 Blitz 1/1 

Pairing 6/21 :    VPR_v9.0  -  CaptureOpponent_v3.0

PGN-File: C:\Program Files (x86)\Arena\Tournaments\VPR Quick Match.pgn

No:  B/W 1/2     W:B       1:2           Time        Value Moves Dep 1:2       1-2-Draws
   5 W 1    1.0:0.0        5.0:0.0       12:19:09 AM    +M500     5 6.000 :2.000  5-0-0

--------------------------------------------------------------

Engine-Match Saturday, November 22, 2025 12:19:10 AM
 Blitz 1/1 

Pairing 7/21 :    PositionalOpponent_v2.0  -  CoverageOpponent_v2.0

PGN-File: C:\Program Files (x86)\Arena\Tournaments\VPR Quick Match.pgn

No:  B/W 1/2     W:B       1:2           Time        Value Moves Dep 1:2       1-2-Draws
   5 B 2    1.0:0.0        4.0:1.0       12:21:37 AM  -299.99    18 7.056 :6.778  4-1-0

--------------------------------------------------------------

Engine-Match Saturday, November 22, 2025 12:21:38 AM
 Blitz 1/1 

Pairing 8/21 :    CaptureOpponent_v3.0  -  RandomOpponent

PGN-File: C:\Program Files (x86)\Arena\Tournaments\VPR Quick Match.pgn

No:  B/W 1/2     W:B       1:2           Time        Value Moves Dep 1:2       1-2-Draws
   5 = =    2.5:2.5        2.5:2.5       12:22:09 AM     0.00    51 2.000 :0 0-0-5

--------------------------------------------------------------

Engine-Match Saturday, November 22, 2025 12:22:11 AM
 Blitz 1/1 

Pairing 10/21 :    MaterialOpponent_v2.0  -  CaptureOpponent_v3.0

PGN-File: C:\Program Files (x86)\Arena\Tournaments\VPR Quick Match.pgn

No:  B/W 1/2     W:B       1:2           Time        Value Moves Dep 1:2       1-2-Draws
   5 = =    1.0:1.0        4.0:1.0       12:24:14 AM   +14.05    40 8.211 :2.000  3-0-2

--------------------------------------------------------------

Engine-Match Saturday, November 22, 2025 12:24:16 AM
 Blitz 1/1 

Pairing 11/21 :    VPR_v9.0  -  PositionalOpponent_v2.0

PGN-File: C:\Program Files (x86)\Arena\Tournaments\VPR Quick Match.pgn

No:  B/W 1/2     W:B       1:2           Time        Value Moves Dep 1:2       1-2-Draws
   5 W 1    1.5:0.5        1.5:3.5       12:26:51 AM   +16.20    29 6.000 :6.857  1-3-1

--------------------------------------------------------------

Engine-Match Saturday, November 22, 2025 12:28:22 AM
 Blitz 1/1 

Pairing 13/21 :    CoverageOpponent_v2.0  -  VPR_v9.0

PGN-File: C:\Program Files (x86)\Arena\Tournaments\VPR Quick Match.pgn

No:  B/W 1/2     W:B       1:2           Time        Value Moves Dep 1:2       1-2-Draws
   5 B 2    1.5:0.5        0.5:4.5       12:30:11 AM  -299.99    16 6.533 :6.000  0-4-1

--------------------------------------------------------------

Engine-Match Saturday, November 22, 2025 12:30:13 AM
 Blitz 1/1 

Pairing 15/21 :    PositionalOpponent_v2.0  -  RandomOpponent

PGN-File: C:\Program Files (x86)\Arena\Tournaments\VPR Quick Match.pgn

No:  B/W 1/2     W:B       1:2           Time        Value Moves Dep 1:2       1-2-Draws
   5 W 1    1.0:0.0        5.0:0.0       12:31:16 AM  +299.99    12 6.250 :0 5-0-0

--------------------------------------------------------------

Engine-Match Saturday, November 22, 2025 12:31:17 AM
 Blitz 1/1 

Pairing 17/21 :    RandomOpponent  -  CoverageOpponent_v2.0

PGN-File: C:\Program Files (x86)\Arena\Tournaments\VPR Quick Match.pgn

No:  B/W 1/2     W:B       1:2           Time        Value Moves Dep 1:2       1-2-Draws
   5 B 2    1.5:0.5        0.5:4.5       12:33:04 AM  -299.99    29 0:5.241  0-4-1

--------------------------------------------------------------

Engine-Match Saturday, November 22, 2025 12:33:05 AM
 Blitz 1/1 

Pairing 18/21 :    MaterialOpponent_v2.0  -  PositionalOpponent_v2.0

PGN-File: C:\Program Files (x86)\Arena\Tournaments\VPR Quick Match.pgn

No:  B/W 1/2     W:B       1:2           Time        Value Moves Dep 1:2       1-2-Draws
   5 W 1    1.5:0.5        3.5:1.5       12:35:36 AM   +11.30    18 8.778 :6.444  3-1-1

--------------------------------------------------------------

Engine-Match Saturday, November 22, 2025 12:35:38 AM
 Blitz 1/1 

Pairing 19/21 :    VPR_v9.0  -  RandomOpponent

PGN-File: C:\Program Files (x86)\Arena\Tournaments\VPR Quick Match.pgn

No:  B/W 1/2     W:B       1:2           Time        Value Moves Dep 1:2       1-2-Draws
   5 W 1    1.0:0.0        5.0:0.0       12:37:17 AM  +299.99    35 5.966 :0 5-0-0

--------------------------------------------------------------

Engine-Match Saturday, November 22, 2025 12:37:18 AM
 Blitz 1/1 

Pairing 20/21 :    PositionalOpponent_v2.0  -  CaptureOpponent_v3.0

PGN-File: C:\Program Files (x86)\Arena\Tournaments\VPR Quick Match.pgn

No:  B/W 1/2     W:B       1:2           Time        Value Moves Dep 1:2       1-2-Draws
   5 W 1    1.0:0.0        5.0:0.0       12:39:01 AM  +299.99    30 7.143 :2.000  5-0-0

--------------------------------------------------------------

Engine-Match Saturday, November 22, 2025 12:39:15 AM
 Blitz 1/1 

Pairing 21/21 :    CoverageOpponent_v2.0  -  MaterialOpponent_v2.0

PGN-File: C:\Program Files (x86)\Arena\Tournaments\VPR Quick Match.pgn

No:  B/W 1/2     W:B       1:2           Time        Value Moves Dep 1:2       1-2-Draws
   5 B 2    1.0:0.0        0.0:5.0       12:43:07 AM  -299.99    49 6.000 :8.240  0-5-0

--------------------------------------------------------------

Engine-Match Saturday, November 22, 2025 12:43:09 AM
 Blitz 1/1 

Pairing 2/21 :    MaterialOpponent_v2.0  -  VPR_v9.0

PGN-File: C:\Program Files (x86)\Arena\Tournaments\VPR Quick Match.pgn

No:  B/W 1/2     W:B       1:2           Time        Value Moves Dep 1:2       1-2-Draws
   6 W 2    2.0:1.0        1.0:5.0       12:45:15 AM    +9.05    16 8.313 :6.000  0-4-2

--------------------------------------------------------------

Engine-Match Saturday, November 22, 2025 12:45:16 AM
 Blitz 1/1 

Pairing 3/21 :    CaptureOpponent_v3.0  -  CoverageOpponent_v2.0

PGN-File: C:\Program Files (x86)\Arena\Tournaments\VPR Quick Match.pgn

No:  B/W 1/2     W:B       1:2           Time        Value Moves Dep 1:2       1-2-Draws
   6 = =    1.0:1.0        1.0:5.0       12:47:24 AM    -M500    46 2.000 :6.200  0-4-2

--------------------------------------------------------------

Engine-Match Saturday, November 22, 2025 12:47:25 AM
 Blitz 1/1 

Pairing 4/21 :    RandomOpponent  -  MaterialOpponent_v2.0

PGN-File: C:\Program Files (x86)\Arena\Tournaments\VPR Quick Match.pgn

No:  B/W 1/2     W:B       1:2           Time        Value Moves Dep 1:2       1-2-Draws
   6 W 2    1.0:0.0        0.0:6.0       12:49:41 AM  +299.99    49 0:7.615  0-6-0

--------------------------------------------------------------

Engine-Match Saturday, November 22, 2025 12:49:43 AM
 Blitz 1/1 

Pairing 6/21 :    VPR_v9.0  -  CaptureOpponent_v3.0

PGN-File: C:\Program Files (x86)\Arena\Tournaments\VPR Quick Match.pgn

No:  B/W 1/2     W:B       1:2           Time        Value Moves Dep 1:2       1-2-Draws
   6 B 1    1.0:0.0        6.0:0.0       12:50:48 AM  -299.99    18 6.000 :2.000  6-0-0

--------------------------------------------------------------

Engine-Match Saturday, November 22, 2025 12:50:49 AM
 Blitz 1/1 

Pairing 7/21 :    PositionalOpponent_v2.0  -  CoverageOpponent_v2.0

PGN-File: C:\Program Files (x86)\Arena\Tournaments\VPR Quick Match.pgn

No:  B/W 1/2     W:B       1:2           Time        Value Moves Dep 1:2       1-2-Draws
   6 W 2    1.0:0.0        4.0:2.0       12:52:56 AM   +12.00    14 6.500 :6.286  4-2-0

--------------------------------------------------------------

Engine-Match Saturday, November 22, 2025 12:54:28 AM
 Blitz 1/1 

Pairing 8/21 :    CaptureOpponent_v3.0  -  RandomOpponent

PGN-File: C:\Program Files (x86)\Arena\Tournaments\VPR Quick Match.pgn

No:  B/W 1/2     W:B       1:2           Time        Value Moves Dep 1:2       1-2-Draws
   6 = =    3.0:3.0        3.0:3.0       12:54:58 AM     0.00    50 2.000 :0 0-0-6

--------------------------------------------------------------

Engine-Match Saturday, November 22, 2025 12:54:59 AM
 Blitz 1/1 

Pairing 10/21 :    MaterialOpponent_v2.0  -  CaptureOpponent_v3.0

PGN-File: C:\Program Files (x86)\Arena\Tournaments\VPR Quick Match.pgn

No:  B/W 1/2     W:B       1:2           Time        Value Moves Dep 1:2       1-2-Draws
   6 B 1    2.0:1.0        5.0:1.0       12:56:36 AM  -299.99    23 8.391 :2.000  4-0-2

--------------------------------------------------------------

Engine-Match Saturday, November 22, 2025 12:56:38 AM
 Blitz 1/1 

Pairing 11/21 :    VPR_v9.0  -  PositionalOpponent_v2.0

PGN-File: C:\Program Files (x86)\Arena\Tournaments\VPR Quick Match.pgn

No:  B/W 1/2     W:B       1:2           Time        Value Moves Dep 1:2       1-2-Draws
   6 B 1    1.5:0.5        2.5:3.5       12:59:28 AM   -14.70    30 6.000 :6.600  2-3-1

--------------------------------------------------------------

Engine-Match Saturday, November 22, 2025 12:59:30 AM
 Blitz 1/1 

Pairing 13/21 :    CoverageOpponent_v2.0  -  VPR_v9.0

PGN-File: C:\Program Files (x86)\Arena\Tournaments\VPR Quick Match.pgn

No:  B/W 1/2     W:B       1:2           Time        Value Moves Dep 1:2       1-2-Draws
   6 W 2    1.5:0.5        0.5:5.5       1:01:16 AM  +299.99    15 6.714 :6.000  0-5-1

--------------------------------------------------------------

Engine-Match Saturday, November 22, 2025 1:01:18 AM
 Blitz 1/1 

Pairing 15/21 :    PositionalOpponent_v2.0  -  RandomOpponent

PGN-File: C:\Program Files (x86)\Arena\Tournaments\VPR Quick Match.pgn

No:  B/W 1/2     W:B       1:2           Time        Value Moves Dep 1:2       1-2-Draws
   6 B 1    1.0:0.0        6.0:0.0       1:02:27 AM  -299.99    14 6.500 :0 6-0-0

--------------------------------------------------------------

Engine-Match Saturday, November 22, 2025 1:02:29 AM
 Blitz 1/1 

Pairing 17/21 :    RandomOpponent  -  CoverageOpponent_v2.0

PGN-File: C:\Program Files (x86)\Arena\Tournaments\VPR Quick Match.pgn

No:  B/W 1/2     W:B       1:2           Time        Value Moves Dep 1:2       1-2-Draws
   6 W 2    1.5:0.5        0.5:5.5       1:03:53 AM  +299.99    18 0:5.833  0-5-1

--------------------------------------------------------------

Engine-Match Saturday, November 22, 2025 1:03:55 AM
 Blitz 1/1 

Pairing 18/21 :    MaterialOpponent_v2.0  -  PositionalOpponent_v2.0

PGN-File: C:\Program Files (x86)\Arena\Tournaments\VPR Quick Match.pgn

No:  B/W 1/2     W:B       1:2           Time        Value Moves Dep 1:2       1-2-Draws
   6 W 2    1.5:0.5        3.5:2.5       1:07:46 AM  +299.99    45 8.563 :6.563  3-2-1

--------------------------------------------------------------

Engine-Match Saturday, November 22, 2025 1:07:48 AM
 Blitz 1/1 

Pairing 19/21 :    VPR_v9.0  -  RandomOpponent

PGN-File: C:\Program Files (x86)\Arena\Tournaments\VPR Quick Match.pgn

No:  B/W 1/2     W:B       1:2           Time        Value Moves Dep 1:2       1-2-Draws
   6 B 1    1.0:0.0        6.0:0.0       1:08:58 AM  -299.99    19 6.000 :0 6-0-0

--------------------------------------------------------------

Engine-Match Saturday, November 22, 2025 1:08:59 AM
 Blitz 1/1 

Pairing 20/21 :    PositionalOpponent_v2.0  -  CaptureOpponent_v3.0

PGN-File: C:\Program Files (x86)\Arena\Tournaments\VPR Quick Match.pgn

No:  B/W 1/2     W:B       1:2           Time        Value Moves Dep 1:2       1-2-Draws
   6 B 1    1.0:0.0        6.0:0.0       1:09:28 AM    -M500     5 6.250 :2.000  6-0-0

--------------------------------------------------------------

Engine-Match Saturday, November 22, 2025 1:09:29 AM
 Blitz 1/1 

Pairing 21/21 :    CoverageOpponent_v2.0  -  MaterialOpponent_v2.0

PGN-File: C:\Program Files (x86)\Arena\Tournaments\VPR Quick Match.pgn

No:  B/W 1/2     W:B       1:2           Time        Value Moves Dep 1:2       1-2-Draws
   6 W 2    1.0:0.0        0.0:6.0       1:12:29 AM  +299.99    26 6.160 :8.000  0-6-0

--------------------------------------------------------------

Engine-Match Saturday, November 22, 2025 1:12:30 AM
 Blitz 1/1 

Pairing 2/21 :    MaterialOpponent_v2.0  -  VPR_v9.0

PGN-File: C:\Program Files (x86)\Arena\Tournaments\VPR Quick Match.pgn

No:  B/W 1/2     W:B       1:2           Time        Value Moves Dep 1:2       1-2-Draws
   7 W 1    2.0:1.0        2.0:5.0       1:14:18 AM  +299.99    13 8.769 :6.000  1-4-2

--------------------------------------------------------------

Engine-Match Saturday, November 22, 2025 1:14:19 AM
 Blitz 1/1 

Pairing 3/21 :    CaptureOpponent_v3.0  -  CoverageOpponent_v2.0

PGN-File: C:\Program Files (x86)\Arena\Tournaments\VPR Quick Match.pgn

No:  B/W 1/2     W:B       1:2           Time        Value Moves Dep 1:2       1-2-Draws
   7 = =    1.5:1.5        1.5:5.5       1:16:29 AM    +0.13    51 2.000 :6.333  0-4-3

--------------------------------------------------------------

Engine-Match Saturday, November 22, 2025 1:16:30 AM
 Blitz 1/1 

Pairing 4/21 :    RandomOpponent  -  MaterialOpponent_v2.0

PGN-File: C:\Program Files (x86)\Arena\Tournaments\VPR Quick Match.pgn

No:  B/W 1/2     W:B       1:2           Time        Value Moves Dep 1:2       1-2-Draws
   7 B 2    1.0:0.0        0.0:7.0       1:18:04 AM  -299.99    22 0:8.636  0-7-0

--------------------------------------------------------------

Engine-Match Saturday, November 22, 2025 1:18:05 AM
 Blitz 1/1 

Pairing 6/21 :    VPR_v9.0  -  CaptureOpponent_v3.0

PGN-File: C:\Program Files (x86)\Arena\Tournaments\VPR Quick Match.pgn

No:  B/W 1/2     W:B       1:2           Time        Value Moves Dep 1:2       1-2-Draws
   7 W 1    1.0:0.0        7.0:0.0       1:18:31 AM    +M500     5 6.000 :2.000  7-0-0

--------------------------------------------------------------

Engine-Match Saturday, November 22, 2025 1:20:11 AM
 Blitz 1/1 

Pairing 7/21 :    PositionalOpponent_v2.0  -  CoverageOpponent_v2.0

PGN-File: C:\Program Files (x86)\Arena\Tournaments\VPR Quick Match.pgn

No:  B/W 1/2     W:B       1:2           Time        Value Moves Dep 1:2       1-2-Draws
   7 B 2    1.0:0.0        4.0:3.0       1:22:12 AM  -299.99    14 7.071 :6.500  4-3-0

--------------------------------------------------------------

Engine-Match Saturday, November 22, 2025 1:22:14 AM
 Blitz 1/1 

Pairing 8/21 :    CaptureOpponent_v3.0  -  RandomOpponent

PGN-File: C:\Program Files (x86)\Arena\Tournaments\VPR Quick Match.pgn

No:  B/W 1/2     W:B       1:2           Time        Value Moves Dep 1:2       1-2-Draws
   7 = =    3.5:3.5        3.5:3.5       1:22:43 AM     0.00    46 2.000 :0 0-0-7

--------------------------------------------------------------

Engine-Match Saturday, November 22, 2025 1:22:44 AM
 Blitz 1/1 

Pairing 10/21 :    MaterialOpponent_v2.0  -  CaptureOpponent_v3.0

PGN-File: C:\Program Files (x86)\Arena\Tournaments\VPR Quick Match.pgn

No:  B/W 1/2     W:B       1:2           Time        Value Moves Dep 1:2       1-2-Draws
   7 W 1    2.0:1.0        6.0:1.0       1:24:02 AM  +299.99    15 8.333 :2.000  5-0-2

--------------------------------------------------------------

Engine-Match Saturday, November 22, 2025 1:24:03 AM
 Blitz 1/1 

Pairing 11/21 :    VPR_v9.0  -  PositionalOpponent_v2.0

PGN-File: C:\Program Files (x86)\Arena\Tournaments\VPR Quick Match.pgn

No:  B/W 1/2     W:B       1:2           Time        Value Moves Dep 1:2       1-2-Draws
   7 W 1    1.5:0.5        3.5:3.5       1:26:00 AM   +19.00    15 6.000 :6.867  3-3-1

--------------------------------------------------------------

Engine-Match Saturday, November 22, 2025 1:26:02 AM
 Blitz 1/1 

Pairing 13/21 :    CoverageOpponent_v2.0  -  VPR_v9.0

PGN-File: C:\Program Files (x86)\Arena\Tournaments\VPR Quick Match.pgn

No:  B/W 1/2     W:B       1:2           Time        Value Moves Dep 1:2       1-2-Draws
   7 B 2    1.5:0.5        0.5:6.5       1:27:51 AM  -299.99    16 6.533 :6.000  0-6-1

--------------------------------------------------------------

Engine-Match Saturday, November 22, 2025 1:27:52 AM
 Blitz 1/1 

Pairing 15/21 :    PositionalOpponent_v2.0  -  RandomOpponent

PGN-File: C:\Program Files (x86)\Arena\Tournaments\VPR Quick Match.pgn

No:  B/W 1/2     W:B       1:2           Time        Value Moves Dep 1:2       1-2-Draws
   7 W 1    1.0:0.0        7.0:0.0       1:29:28 AM  +299.99    26 6.261 :0 7-0-0

--------------------------------------------------------------

Engine-Match Saturday, November 22, 2025 1:29:30 AM
 Blitz 1/1 

Pairing 17/21 :    RandomOpponent  -  CoverageOpponent_v2.0

PGN-File: C:\Program Files (x86)\Arena\Tournaments\VPR Quick Match.pgn

No:  B/W 1/2     W:B       1:2           Time        Value Moves Dep 1:2       1-2-Draws
   7 B 2    1.5:0.5        0.5:6.5       1:31:47 AM  -299.99    50 0:5.532  0-6-1

--------------------------------------------------------------

Engine-Match Saturday, November 22, 2025 1:31:48 AM
 Blitz 1/1 

Pairing 18/21 :    MaterialOpponent_v2.0  -  PositionalOpponent_v2.0

PGN-File: C:\Program Files (x86)\Arena\Tournaments\VPR Quick Match.pgn

No:  B/W 1/2     W:B       1:2           Time        Value Moves Dep 1:2       1-2-Draws
   7 W 1    1.5:0.5        4.5:2.5       1:33:43 AM   +15.20    11 9.273 :6.727  4-2-1

--------------------------------------------------------------

Engine-Match Saturday, November 22, 2025 1:33:44 AM
 Blitz 1/1 

Pairing 19/21 :    VPR_v9.0  -  RandomOpponent

PGN-File: C:\Program Files (x86)\Arena\Tournaments\VPR Quick Match.pgn

No:  B/W 1/2     W:B       1:2           Time        Value Moves Dep 1:2       1-2-Draws
   7 W 1    1.0:0.0        7.0:0.0       1:34:15 AM  +299.99     7 6.000 :0 7-0-0

--------------------------------------------------------------

Engine-Match Saturday, November 22, 2025 1:34:16 AM
 Blitz 1/1 

Pairing 20/21 :    PositionalOpponent_v2.0  -  CaptureOpponent_v3.0

PGN-File: C:\Program Files (x86)\Arena\Tournaments\VPR Quick Match.pgn

No:  B/W 1/2     W:B       1:2           Time        Value Moves Dep 1:2       1-2-Draws
   7 W 1    1.0:0.0        7.0:0.0       1:35:29 AM  +299.99    15 6.533 :2.000  7-0-0

--------------------------------------------------------------

Engine-Match Saturday, November 22, 2025 1:35:30 AM
 Blitz 1/1 

Pairing 21/21 :    CoverageOpponent_v2.0  -  MaterialOpponent_v2.0

PGN-File: C:\Program Files (x86)\Arena\Tournaments\VPR Quick Match.pgn

No:  B/W 1/2     W:B       1:2           Time        Value Moves Dep 1:2       1-2-Draws
   7 B 2    1.0:0.0        0.0:7.0       1:39:03 AM  -299.99    37 6.176 :8.563  0-7-0

--------------------------------------------------------------

Engine-Match Saturday, November 22, 2025 1:39:04 AM
 Blitz 1/1 

Pairing 2/21 :    MaterialOpponent_v2.0  -  VPR_v9.0

PGN-File: C:\Program Files (x86)\Arena\Tournaments\VPR Quick Match.pgn

No:  B/W 1/2     W:B       1:2           Time        Value Moves Dep 1:2       1-2-Draws
   8 W 2    2.0:1.0        2.0:6.0       1:40:54 AM   +16.45    14 8.429 :5.929  1-5-2

--------------------------------------------------------------

Engine-Match Saturday, November 22, 2025 1:40:56 AM
 Blitz 1/1 

Pairing 3/21 :    CaptureOpponent_v3.0  -  CoverageOpponent_v2.0

PGN-File: C:\Program Files (x86)\Arena\Tournaments\VPR Quick Match.pgn

No:  B/W 1/2     W:B       1:2           Time        Value Moves Dep 1:2       1-2-Draws
   8 = =    2.0:2.0        2.0:6.0       1:43:22 AM    -0.06    60 2.000 :6.250  0-4-4

--------------------------------------------------------------

Engine-Match Saturday, November 22, 2025 1:43:23 AM
 Blitz 1/1 

Pairing 4/21 :    RandomOpponent  -  MaterialOpponent_v2.0

PGN-File: C:\Program Files (x86)\Arena\Tournaments\VPR Quick Match.pgn

No:  B/W 1/2     W:B       1:2           Time        Value Moves Dep 1:2       1-2-Draws
   8 W 2    1.0:0.0        0.0:8.0       1:44:59 AM  +299.99    23 0:8.913  0-8-0

--------------------------------------------------------------

Engine-Match Saturday, November 22, 2025 1:45:00 AM
 Blitz 1/1 

Pairing 6/21 :    VPR_v9.0  -  CaptureOpponent_v3.0

PGN-File: C:\Program Files (x86)\Arena\Tournaments\VPR Quick Match.pgn

No:  B/W 1/2     W:B       1:2           Time        Value Moves Dep 1:2       1-2-Draws
   8 B 1    1.0:0.0        8.0:0.0       1:46:27 AM  -299.99    35 5.875 :2.000  8-0-0

--------------------------------------------------------------

Engine-Match Saturday, November 22, 2025 1:46:29 AM
 Blitz 1/1 

Pairing 7/21 :    PositionalOpponent_v2.0  -  CoverageOpponent_v2.0

PGN-File: C:\Program Files (x86)\Arena\Tournaments\VPR Quick Match.pgn

No:  B/W 1/2     W:B       1:2           Time        Value Moves Dep 1:2       1-2-Draws
   8 B 1    1.0:0.0        5.0:3.0       1:48:55 AM  -299.99    18 6.867 :6.667  5-3-0

--------------------------------------------------------------

Engine-Match Saturday, November 22, 2025 1:48:56 AM
 Blitz 1/1 

Pairing 8/21 :    CaptureOpponent_v3.0  -  RandomOpponent

PGN-File: C:\Program Files (x86)\Arena\Tournaments\VPR Quick Match.pgn

No:  B/W 1/2     W:B       1:2           Time        Value Moves Dep 1:2       1-2-Draws
   8 = =    4.0:4.0        4.0:4.0       1:49:52 AM     0.00   119 2.000 :0 0-0-8

--------------------------------------------------------------

Engine-Match Saturday, November 22, 2025 1:49:53 AM
 Blitz 1/1 

Pairing 10/21 :    MaterialOpponent_v2.0  -  CaptureOpponent_v3.0

PGN-File: C:\Program Files (x86)\Arena\Tournaments\VPR Quick Match.pgn

No:  B/W 1/2     W:B       1:2           Time        Value Moves Dep 1:2       1-2-Draws
   8 B 1    2.0:1.0        7.0:1.0       1:51:40 AM  -299.99    32 8.688 :2.000  6-0-2

--------------------------------------------------------------

Engine-Match Saturday, November 22, 2025 1:51:42 AM
 Blitz 1/1 

Pairing 11/21 :    VPR_v9.0  -  PositionalOpponent_v2.0

PGN-File: C:\Program Files (x86)\Arena\Tournaments\VPR Quick Match.pgn

No:  B/W 1/2     W:B       1:2           Time        Value Moves Dep 1:2       1-2-Draws
   8 W 2    1.5:0.5        3.5:4.5       1:53:26 AM  +299.99    12 5.909 :6.333  3-4-1

--------------------------------------------------------------

Engine-Match Saturday, November 22, 2025 1:54:57 AM
 Blitz 1/1 

Pairing 13/21 :    CoverageOpponent_v2.0  -  VPR_v9.0

PGN-File: C:\Program Files (x86)\Arena\Tournaments\VPR Quick Match.pgn

No:  B/W 1/2     W:B       1:2           Time        Value Moves Dep 1:2       1-2-Draws
   8 W 2    1.5:0.5        0.5:7.5       1:56:55 AM  +299.99    18 6.875 :6.000  0-7-1

--------------------------------------------------------------

Engine-Match Saturday, November 22, 2025 1:57:06 AM
 Blitz 1/1 

Pairing 15/21 :    PositionalOpponent_v2.0  -  RandomOpponent

PGN-File: C:\Program Files (x86)\Arena\Tournaments\VPR Quick Match.pgn

No:  B/W 1/2     W:B       1:2           Time        Value Moves Dep 1:2       1-2-Draws
   8 B 1    1.0:0.0        8.0:0.0       1:58:31 AM  -299.99    23 6.478 :0 8-0-0

--------------------------------------------------------------

Engine-Match Saturday, November 22, 2025 1:58:32 AM
 Blitz 1/1 

Pairing 17/21 :    RandomOpponent  -  CoverageOpponent_v2.0

PGN-File: C:\Program Files (x86)\Arena\Tournaments\VPR Quick Match.pgn

No:  B/W 1/2     W:B       1:2           Time        Value Moves Dep 1:2       1-2-Draws
   8 W 2    1.5:0.5        0.5:7.5       2:00:17 AM  +299.99    28 0:5.214  0-7-1

--------------------------------------------------------------

Engine-Match Saturday, November 22, 2025 2:00:19 AM
 Blitz 1/1 

Pairing 18/21 :    MaterialOpponent_v2.0  -  PositionalOpponent_v2.0

PGN-File: C:\Program Files (x86)\Arena\Tournaments\VPR Quick Match.pgn

No:  B/W 1/2     W:B       1:2           Time        Value Moves Dep 1:2       1-2-Draws
   8 W 2    1.5:0.5        4.5:3.5       2:03:55 AM   +10.90    38 7.435 :6.042  4-3-1

--------------------------------------------------------------

Engine-Match Saturday, November 22, 2025 2:03:56 AM
 Blitz 1/1 

Pairing 19/21 :    VPR_v9.0  -  RandomOpponent

PGN-File: C:\Program Files (x86)\Arena\Tournaments\VPR Quick Match.pgn

No:  B/W 1/2     W:B       1:2           Time        Value Moves Dep 1:2       1-2-Draws
   8 B 1    1.0:0.0        8.0:0.0       2:05:30 AM  -299.99    31 5.903 :0 8-0-0

--------------------------------------------------------------

Engine-Match Saturday, November 22, 2025 2:05:32 AM
 Blitz 1/1 

Pairing 20/21 :    PositionalOpponent_v2.0  -  CaptureOpponent_v3.0

PGN-File: C:\Program Files (x86)\Arena\Tournaments\VPR Quick Match.pgn

No:  B/W 1/2     W:B       1:2           Time        Value Moves Dep 1:2       1-2-Draws
   8 B 1    1.0:0.0        8.0:0.0       2:06:01 AM    -M500     5 6.250 :2.000  8-0-0

--------------------------------------------------------------

Engine-Match Saturday, November 22, 2025 2:06:02 AM
 Blitz 1/1 

Pairing 21/21 :    CoverageOpponent_v2.0  -  MaterialOpponent_v2.0

PGN-File: C:\Program Files (x86)\Arena\Tournaments\VPR Quick Match.pgn

No:  B/W 1/2     W:B       1:2           Time        Value Moves Dep 1:2       1-2-Draws
   8 W 2    1.0:0.0        0.0:8.0       2:09:18 AM  +299.99    31 6.350 :8.350  0-8-0

--------------------------------------------------------------

Engine-Match Saturday, November 22, 2025 2:09:19 AM
 Blitz 1/1 

Pairing 2/21 :    MaterialOpponent_v2.0  -  VPR_v9.0

PGN-File: C:\Program Files (x86)\Arena\Tournaments\VPR Quick Match.pgn

No:  B/W 1/2     W:B       1:2           Time        Value Moves Dep 1:2       1-2-Draws
   9 B 2    2.0:1.0        2.0:7.0       2:12:08 AM  -299.99    29 8.636 :6.000  1-6-2

--------------------------------------------------------------

Engine-Match Saturday, November 22, 2025 2:12:09 AM
 Blitz 1/1 

Pairing 3/21 :    CaptureOpponent_v3.0  -  CoverageOpponent_v2.0

PGN-File: C:\Program Files (x86)\Arena\Tournaments\VPR Quick Match.pgn

No:  B/W 1/2     W:B       1:2           Time        Value Moves Dep 1:2       1-2-Draws
   9 B 2    3.0:2.0        2.0:7.0       2:14:23 AM  -299.99    51 2.000 :6.333  0-5-4

--------------------------------------------------------------

Engine-Match Saturday, November 22, 2025 2:14:25 AM
 Blitz 1/1 

Pairing 4/21 :    RandomOpponent  -  MaterialOpponent_v2.0

PGN-File: C:\Program Files (x86)\Arena\Tournaments\VPR Quick Match.pgn

No:  B/W 1/2     W:B       1:2           Time        Value Moves Dep 1:2       1-2-Draws
   9 B 2    1.0:0.0        0.0:9.0       2:15:55 AM  -299.99    20 0:8.150  0-9-0

--------------------------------------------------------------

Engine-Match Saturday, November 22, 2025 2:15:56 AM
 Blitz 1/1 

Pairing 6/21 :    VPR_v9.0  -  CaptureOpponent_v3.0

PGN-File: C:\Program Files (x86)\Arena\Tournaments\VPR Quick Match.pgn

No:  B/W 1/2     W:B       1:2           Time        Value Moves Dep 1:2       1-2-Draws
   9 W 1    1.0:0.0        9.0:0.0       2:16:23 AM    +M500     5 6.000 :2.000  9-0-0

--------------------------------------------------------------

Engine-Match Saturday, November 22, 2025 2:16:24 AM
 Blitz 1/1 

Pairing 7/21 :    PositionalOpponent_v2.0  -  CoverageOpponent_v2.0

PGN-File: C:\Program Files (x86)\Arena\Tournaments\VPR Quick Match.pgn

No:  B/W 1/2     W:B       1:2           Time        Value Moves Dep 1:2       1-2-Draws
   9 W 1    1.0:0.0        6.0:3.0       2:18:10 AM  +299.99    11 6.636 :6.400  6-3-0

--------------------------------------------------------------

Engine-Match Saturday, November 22, 2025 2:18:11 AM
 Blitz 1/1 

Pairing 8/21 :    CaptureOpponent_v3.0  -  RandomOpponent

PGN-File: C:\Program Files (x86)\Arena\Tournaments\VPR Quick Match.pgn

No:  B/W 1/2     W:B       1:2           Time        Value Moves Dep 1:2       1-2-Draws
   9 = =    4.5:4.5        4.5:4.5       2:18:47 AM     0.00    63 2.000 :0 0-0-9

--------------------------------------------------------------

Engine-Match Saturday, November 22, 2025 2:18:48 AM
 Blitz 1/1 

Pairing 10/21 :    MaterialOpponent_v2.0  -  CaptureOpponent_v3.0

PGN-File: C:\Program Files (x86)\Arena\Tournaments\VPR Quick Match.pgn

No:  B/W 1/2     W:B       1:2           Time        Value Moves Dep 1:2       1-2-Draws
   9 = =    1.5:1.5        7.5:1.5       2:20:38 AM    +4.20    32 8.167 :2.000  6-0-3

--------------------------------------------------------------

Engine-Match Saturday, November 22, 2025 2:20:39 AM
 Blitz 1/1 

Pairing 11/21 :    VPR_v9.0  -  PositionalOpponent_v2.0

PGN-File: C:\Program Files (x86)\Arena\Tournaments\VPR Quick Match.pgn

No:  B/W 1/2     W:B       1:2           Time        Value Moves Dep 1:2       1-2-Draws
   9 = =    1.0:1.0        4.0:5.0       2:24:01 AM   +10.70    52 5.955 :6.762  3-4-2

--------------------------------------------------------------

Engine-Match Saturday, November 22, 2025 2:24:02 AM
 Blitz 1/1 

Pairing 13/21 :    CoverageOpponent_v2.0  -  VPR_v9.0

PGN-File: C:\Program Files (x86)\Arena\Tournaments\VPR Quick Match.pgn

No:  B/W 1/2     W:B       1:2           Time        Value Moves Dep 1:2       1-2-Draws
   9 = =    1.0:1.0        1.0:8.0       2:27:10 AM    -0.43    43 6.250 :6.000  0-7-2

--------------------------------------------------------------

Engine-Match Saturday, November 22, 2025 2:27:12 AM
 Blitz 1/1 

Pairing 15/21 :    PositionalOpponent_v2.0  -  RandomOpponent

PGN-File: C:\Program Files (x86)\Arena\Tournaments\VPR Quick Match.pgn

No:  B/W 1/2     W:B       1:2           Time        Value Moves Dep 1:2       1-2-Draws
   9 W 1    1.0:0.0        9.0:0.0       2:28:46 AM  +299.99    25 6.120 :0 9-0-0

--------------------------------------------------------------

Engine-Match Saturday, November 22, 2025 2:28:48 AM
 Blitz 1/1 

Pairing 17/21 :    RandomOpponent  -  CoverageOpponent_v2.0

PGN-File: C:\Program Files (x86)\Arena\Tournaments\VPR Quick Match.pgn

No:  B/W 1/2     W:B       1:2           Time        Value Moves Dep 1:2       1-2-Draws
   9 B 2    1.5:0.5        0.5:8.5       2:30:26 AM  -299.99    24 0:6.000  0-8-1

--------------------------------------------------------------

Engine-Match Saturday, November 22, 2025 2:30:27 AM
 Blitz 1/1 

Pairing 18/21 :    MaterialOpponent_v2.0  -  PositionalOpponent_v2.0

PGN-File: C:\Program Files (x86)\Arena\Tournaments\VPR Quick Match.pgn

No:  B/W 1/2     W:B       1:2           Time        Value Moves Dep 1:2       1-2-Draws
   9 W 1    1.5:0.5        5.5:3.5       2:33:32 AM   +13.00    27 8.227 :5.818  5-3-1

--------------------------------------------------------------

Engine-Match Saturday, November 22, 2025 2:33:34 AM
 Blitz 1/1 

Pairing 19/21 :    VPR_v9.0  -  RandomOpponent

PGN-File: C:\Program Files (x86)\Arena\Tournaments\VPR Quick Match.pgn

No:  B/W 1/2     W:B       1:2           Time        Value Moves Dep 1:2       1-2-Draws
   9 W 1    1.0:0.0        9.0:0.0       2:34:38 AM  +299.99    17 5.882 :0 9-0-0

--------------------------------------------------------------

Engine-Match Saturday, November 22, 2025 2:34:39 AM
 Blitz 1/1 

Pairing 20/21 :    PositionalOpponent_v2.0  -  CaptureOpponent_v3.0

PGN-File: C:\Program Files (x86)\Arena\Tournaments\VPR Quick Match.pgn

No:  B/W 1/2     W:B       1:2           Time        Value Moves Dep 1:2       1-2-Draws
   9 W 1    1.0:0.0        9.0:0.0       2:36:16 AM  +299.99    26 7.143 :2.000  9-0-0

--------------------------------------------------------------

Engine-Match Saturday, November 22, 2025 2:38:00 AM
 Blitz 1/1 

Pairing 21/21 :    CoverageOpponent_v2.0  -  MaterialOpponent_v2.0

PGN-File: C:\Program Files (x86)\Arena\Tournaments\VPR Quick Match.pgn

No:  B/W 1/2     W:B       1:2           Time        Value Moves Dep 1:2       1-2-Draws
   9 B 2    1.0:0.0        0.0:9.0       2:41:14 AM  -299.99    34 6.412 :8.563  0-9-0

--------------------------------------------------------------

Engine-Match Saturday, November 22, 2025 2:41:15 AM
 Blitz 1/1 

Pairing 2/21 :    MaterialOpponent_v2.0  -  VPR_v9.0

PGN-File: C:\Program Files (x86)\Arena\Tournaments\VPR Quick Match.pgn

No:  B/W 1/2     W:B       1:2           Time        Value Moves Dep 1:2       1-2-Draws
  10 W 2    2.0:1.0        2.0:8.0       2:43:36 AM   +17.00    21 8.538 :5.929  1-7-2

--------------------------------------------------------------

Engine-Match Saturday, November 22, 2025 2:43:37 AM
 Blitz 1/1 

Pairing 3/21 :    CaptureOpponent_v3.0  -  CoverageOpponent_v2.0

PGN-File: C:\Program Files (x86)\Arena\Tournaments\VPR Quick Match.pgn

No:  B/W 1/2     W:B       1:2           Time        Value Moves Dep 1:2       1-2-Draws
  10 = =    2.5:2.5        2.5:7.5       2:45:33 AM    -M500    38 2.000 :6.188  0-5-5

--------------------------------------------------------------

Engine-Match Saturday, November 22, 2025 2:45:35 AM
 Blitz 1/1 

Pairing 4/21 :    RandomOpponent  -  MaterialOpponent_v2.0

PGN-File: C:\Program Files (x86)\Arena\Tournaments\VPR Quick Match.pgn

No:  B/W 1/2     W:B       1:2           Time        Value Moves Dep 1:2       1-2-Draws
  10 W 2    1.0:0.0        0.0:10.0      2:47:46 AM  +299.99    45 0:7.483  0-10-0

--------------------------------------------------------------

Engine-Match Saturday, November 22, 2025 2:47:47 AM
 Blitz 1/1 

Pairing 6/21 :    VPR_v9.0  -  CaptureOpponent_v3.0

PGN-File: C:\Program Files (x86)\Arena\Tournaments\VPR Quick Match.pgn

No:  B/W 1/2     W:B       1:2           Time        Value Moves Dep 1:2       1-2-Draws
  10 B 1    1.0:0.0        10.0:0.0      2:48:52 AM  -299.99    16 6.000 :2.000  10-0-0

--------------------------------------------------------------

Engine-Match Saturday, November 22, 2025 2:48:53 AM
 Blitz 1/1 

Pairing 7/21 :    PositionalOpponent_v2.0  -  CoverageOpponent_v2.0

PGN-File: C:\Program Files (x86)\Arena\Tournaments\VPR Quick Match.pgn

No:  B/W 1/2     W:B       1:2           Time        Value Moves Dep 1:2       1-2-Draws
  10 B 1    1.0:0.0        7.0:3.0       2:50:55 AM  -299.99    13 6.923 :6.308  7-3-0

--------------------------------------------------------------

Engine-Match Saturday, November 22, 2025 2:50:56 AM
 Blitz 1/1 

Pairing 8/21 :    CaptureOpponent_v3.0  -  RandomOpponent

PGN-File: C:\Program Files (x86)\Arena\Tournaments\VPR Quick Match.pgn

No:  B/W 1/2     W:B       1:2           Time        Value Moves Dep 1:2       1-2-Draws
  10 = =    5.0:5.0        5.0:5.0       2:51:25 AM    -M500    46 2.000 :0 0-0-10

--------------------------------------------------------------

Engine-Match Saturday, November 22, 2025 2:51:27 AM
 Blitz 1/1 

Pairing 10/21 :    MaterialOpponent_v2.0  -  CaptureOpponent_v3.0

PGN-File: C:\Program Files (x86)\Arena\Tournaments\VPR Quick Match.pgn

No:  B/W 1/2     W:B       1:2           Time        Value Moves Dep 1:2       1-2-Draws
  10 B 1    2.5:1.5        8.5:1.5       2:53:03 AM  -299.99    23 8.857 :2.000  7-0-3

--------------------------------------------------------------

Engine-Match Saturday, November 22, 2025 2:53:05 AM
 Blitz 1/1 

Pairing 11/21 :    VPR_v9.0  -  PositionalOpponent_v2.0

PGN-File: C:\Program Files (x86)\Arena\Tournaments\VPR Quick Match.pgn

No:  B/W 1/2     W:B       1:2           Time        Value Moves Dep 1:2       1-2-Draws
  10 W 2    2.0:1.0        4.0:6.0       2:54:53 AM   +22.03    13 6.000 :6.923  3-5-2

--------------------------------------------------------------

Engine-Match Saturday, November 22, 2025 2:54:55 AM
 Blitz 1/1 

Pairing 13/21 :    CoverageOpponent_v2.0  -  VPR_v9.0

PGN-File: C:\Program Files (x86)\Arena\Tournaments\VPR Quick Match.pgn

No:  B/W 1/2     W:B       1:2           Time        Value Moves Dep 1:2       1-2-Draws
  10 W 2    2.0:1.0        1.0:9.0       2:56:52 AM  +299.99    18 6.938 :6.000  0-8-2

--------------------------------------------------------------

Engine-Match Saturday, November 22, 2025 2:56:53 AM
 Blitz 1/1 

Pairing 15/21 :    PositionalOpponent_v2.0  -  RandomOpponent

PGN-File: C:\Program Files (x86)\Arena\Tournaments\VPR Quick Match.pgn

No:  B/W 1/2     W:B       1:2           Time        Value Moves Dep 1:2       1-2-Draws
  10 B 1    1.0:0.0        10.0:0.0      2:58:30 AM  -299.99    26 6.500 :0 10-0-0

--------------------------------------------------------------

Engine-Match Saturday, November 22, 2025 2:58:31 AM
 Blitz 1/1 

Pairing 17/21 :    RandomOpponent  -  CoverageOpponent_v2.0

PGN-File: C:\Program Files (x86)\Arena\Tournaments\VPR Quick Match.pgn

No:  B/W 1/2     W:B       1:2           Time        Value Moves Dep 1:2       1-2-Draws
  10 W 2    1.5:0.5        0.5:9.5       3:00:33 AM  +299.99    39 0:5.680  0-9-1

--------------------------------------------------------------

Engine-Match Saturday, November 22, 2025 3:00:35 AM
 Blitz 1/1 

Pairing 18/21 :    MaterialOpponent_v2.0  -  PositionalOpponent_v2.0

PGN-File: C:\Program Files (x86)\Arena\Tournaments\VPR Quick Match.pgn

No:  B/W 1/2     W:B       1:2           Time        Value Moves Dep 1:2       1-2-Draws
  10 B 1    1.5:0.5        6.5:3.5       3:04:15 AM   -13.40    40 7.600 :6.000  6-3-1

--------------------------------------------------------------

Engine-Match Saturday, November 22, 2025 3:04:16 AM
 Blitz 1/1 

Pairing 19/21 :    VPR_v9.0  -  RandomOpponent

PGN-File: C:\Program Files (x86)\Arena\Tournaments\VPR Quick Match.pgn

No:  B/W 1/2     W:B       1:2           Time        Value Moves Dep 1:2       1-2-Draws
  10 B 1    1.0:0.0        10.0:0.0      3:05:50 AM  -299.99    29 6.000 :0 10-0-0

--------------------------------------------------------------

Engine-Match Saturday, November 22, 2025 3:05:52 AM
 Blitz 1/1 

Pairing 20/21 :    PositionalOpponent_v2.0  -  CaptureOpponent_v3.0

PGN-File: C:\Program Files (x86)\Arena\Tournaments\VPR Quick Match.pgn

No:  B/W 1/2     W:B       1:2           Time        Value Moves Dep 1:2       1-2-Draws
  10 B 1    1.0:0.0        10.0:0.0      3:06:21 AM    -M500     5 6.250 :2.000  10-0-0

--------------------------------------------------------------

Engine-Match Saturday, November 22, 2025 3:06:22 AM
 Blitz 1/1 

Pairing 21/21 :    CoverageOpponent_v2.0  -  MaterialOpponent_v2.0

PGN-File: C:\Program Files (x86)\Arena\Tournaments\VPR Quick Match.pgn

No:  B/W 1/2     W:B       1:2           Time        Value Moves Dep 1:2       1-2-Draws
  10 W 2    1.0:0.0        0.0:10.0      3:10:29 AM  +299.99    51 5.870 :7.870  0-10-0

--------------------------------------------------------------

Engine-Match Saturday, November 22, 2025 3:10:31 AM
 Blitz 1/1 

Pairing 2/21 :    MaterialOpponent_v2.0  -  VPR_v9.0

PGN-File: C:\Program Files (x86)\Arena\Tournaments\VPR Quick Match.pgn

No:  B/W 1/2     W:B       1:2           Time        Value Moves Dep 1:2       1-2-Draws
  10 = =    1.5:1.5        2.5:8.5       3:13:05 AM    -2.78    25 7.944 :5.889  1-7-3

--------------------------------------------------------------

Engine-Match Saturday, November 22, 2025 3:13:07 AM
 Blitz 1/1 

Pairing 3/21 :    CaptureOpponent_v3.0  -  CoverageOpponent_v2.0

PGN-File: C:\Program Files (x86)\Arena\Tournaments\VPR Quick Match.pgn

No:  B/W 1/2     W:B       1:2           Time        Value Moves Dep 1:2       1-2-Draws
  10 = =    3.0:3.0        3.0:8.0       3:15:03 AM    -M500    38 2.000 :6.188  0-5-6

--------------------------------------------------------------

Engine-Match Saturday, November 22, 2025 3:15:04 AM
 Blitz 1/1 

Pairing 4/21 :    RandomOpponent  -  MaterialOpponent_v2.0

PGN-File: C:\Program Files (x86)\Arena\Tournaments\VPR Quick Match.pgn

No:  B/W 1/2     W:B       1:2           Time        Value Moves Dep 1:2       1-2-Draws
  10 W 2    1.0:0.0        0.0:11.0      3:17:12 AM  +299.99    43 0:8.067  0-11-0

--------------------------------------------------------------

Engine-Match Saturday, November 22, 2025 3:17:13 AM
 Blitz 1/1 

Pairing 6/21 :    VPR_v9.0  -  CaptureOpponent_v3.0

PGN-File: C:\Program Files (x86)\Arena\Tournaments\VPR Quick Match.pgn

No:  B/W 1/2     W:B       1:2           Time        Value Moves Dep 1:2       1-2-Draws
  10 B 1    1.0:0.0        11.0:0.0      3:18:40 AM  -299.99    35 5.875 :2.000  11-0-0

--------------------------------------------------------------

Engine-Match Saturday, November 22, 2025 3:20:21 AM
 Blitz 1/1 

Pairing 7/21 :    PositionalOpponent_v2.0  -  CoverageOpponent_v2.0

PGN-File: C:\Program Files (x86)\Arena\Tournaments\VPR Quick Match.pgn

No:  B/W 1/2     W:B       1:2           Time        Value Moves Dep 1:2       1-2-Draws
  10 B 1    1.0:0.0        8.0:3.0       3:23:18 AM  -299.99    28 6.938 :6.500  8-3-0

--------------------------------------------------------------

Engine-Match Saturday, November 22, 2025 3:23:19 AM
 Blitz 1/1 

Pairing 8/21 :    CaptureOpponent_v3.0  -  RandomOpponent

PGN-File: C:\Program Files (x86)\Arena\Tournaments\VPR Quick Match.pgn

No:  B/W 1/2     W:B       1:2           Time        Value Moves Dep 1:2       1-2-Draws
  10 = =    5.5:5.5        5.5:5.5       3:23:48 AM     0.00    45 2.000 :0 0-0-11

--------------------------------------------------------------

Engine-Match Saturday, November 22, 2025 3:23:49 AM
 Blitz 1/1 

Pairing 10/21 :    MaterialOpponent_v2.0  -  CaptureOpponent_v3.0

PGN-File: C:\Program Files (x86)\Arena\Tournaments\VPR Quick Match.pgn

No:  B/W 1/2     W:B       1:2           Time        Value Moves Dep 1:2       1-2-Draws
  10 B 1    2.5:1.5        9.5:1.5       3:25:26 AM  -299.99    23 8.857 :2.000  8-0-3

--------------------------------------------------------------

Engine-Match Saturday, November 22, 2025 3:25:27 AM
 Blitz 1/1 

Pairing 11/21 :    VPR_v9.0  -  PositionalOpponent_v2.0

PGN-File: C:\Program Files (x86)\Arena\Tournaments\VPR Quick Match.pgn

No:  B/W 1/2     W:B       1:2           Time        Value Moves Dep 1:2       1-2-Draws
  10 W 2    2.0:1.0        4.0:7.0       3:27:45 AM  +299.99    18 5.647 :6.000  3-6-2

--------------------------------------------------------------

Engine-Match Saturday, November 22, 2025 3:27:46 AM
 Blitz 1/1 

Pairing 13/21 :    CoverageOpponent_v2.0  -  VPR_v9.0

PGN-File: C:\Program Files (x86)\Arena\Tournaments\VPR Quick Match.pgn

No:  B/W 1/2     W:B       1:2           Time        Value Moves Dep 1:2       1-2-Draws
  10 W 2    2.0:1.0        1.0:10.0      3:29:43 AM  +299.99    18 6.938 :6.000  0-9-2

--------------------------------------------------------------

Engine-Match Saturday, November 22, 2025 3:29:45 AM
 Blitz 1/1 

Pairing 15/21 :    PositionalOpponent_v2.0  -  RandomOpponent

PGN-File: C:\Program Files (x86)\Arena\Tournaments\VPR Quick Match.pgn

No:  B/W 1/2     W:B       1:2           Time        Value Moves Dep 1:2       1-2-Draws
  10 B 1    1.0:0.0        11.0:0.0      3:31:07 AM  -299.99    19 6.421 :0 11-0-0

--------------------------------------------------------------

Engine-Match Saturday, November 22, 2025 3:31:09 AM
 Blitz 1/1 

Pairing 17/21 :    RandomOpponent  -  CoverageOpponent_v2.0

PGN-File: C:\Program Files (x86)\Arena\Tournaments\VPR Quick Match.pgn

No:  B/W 1/2     W:B       1:2           Time        Value Moves Dep 1:2       1-2-Draws
  10 W 2    1.5:0.5        0.5:10.5      3:32:29 AM  +299.99    16 0:6.000  0-10-1

--------------------------------------------------------------

Engine-Match Saturday, November 22, 2025 3:32:31 AM
 Blitz 1/1 

Pairing 18/21 :    MaterialOpponent_v2.0  -  PositionalOpponent_v2.0

PGN-File: C:\Program Files (x86)\Arena\Tournaments\VPR Quick Match.pgn

No:  B/W 1/2     W:B       1:2           Time        Value Moves Dep 1:2       1-2-Draws
  10 W 2    1.5:0.5        6.5:4.5       3:36:43 AM   +12.90    53 7.208 :5.708  6-4-1

--------------------------------------------------------------

Engine-Match Saturday, November 22, 2025 3:36:45 AM
 Blitz 1/1 

Pairing 19/21 :    VPR_v9.0  -  RandomOpponent

PGN-File: C:\Program Files (x86)\Arena\Tournaments\VPR Quick Match.pgn

No:  B/W 1/2     W:B       1:2           Time        Value Moves Dep 1:2       1-2-Draws
  10 B 1    1.0:0.0        11.0:0.0      3:38:14 AM  -299.99    26 5.962 :0 11-0-0

--------------------------------------------------------------

Engine-Match Saturday, November 22, 2025 3:38:16 AM
 Blitz 1/1 

Pairing 20/21 :    PositionalOpponent_v2.0  -  CaptureOpponent_v3.0

PGN-File: C:\Program Files (x86)\Arena\Tournaments\VPR Quick Match.pgn

No:  B/W 1/2     W:B       1:2           Time        Value Moves Dep 1:2       1-2-Draws
  10 B 1    1.0:0.0        11.0:0.0      3:38:45 AM    -M500     5 6.250 :2.000  11-0-0

--------------------------------------------------------------

Engine-Match Saturday, November 22, 2025 3:38:47 AM
 Blitz 1/1 

Pairing 21/21 :    CoverageOpponent_v2.0  -  MaterialOpponent_v2.0

PGN-File: C:\Program Files (x86)\Arena\Tournaments\VPR Quick Match.pgn

No:  B/W 1/2     W:B       1:2           Time        Value Moves Dep 1:2       1-2-Draws
  10 W 2    1.0:0.0        0.0:11.0      3:42:16 AM  +299.99    36 6.333 :8.286  0-11-0

--------------------------------------------------------------

Engine-Match Saturday, November 22, 2025 3:42:17 AM
 Blitz 1/1 

Pairing 2/21 :    MaterialOpponent_v2.0  -  VPR_v9.0

PGN-File: C:\Program Files (x86)\Arena\Tournaments\VPR Quick Match.pgn

No:  B/W 1/2     W:B       1:2           Time        Value Moves Dep 1:2       1-2-Draws
  10 W 2    2.5:1.5        2.5:9.5       3:44:09 AM   +16.45    14 8.429 :5.929  1-8-3

--------------------------------------------------------------

Engine-Match Saturday, November 22, 2025 3:44:10 AM
 Blitz 1/1 

Pairing 3/21 :    CaptureOpponent_v3.0  -  CoverageOpponent_v2.0

PGN-File: C:\Program Files (x86)\Arena\Tournaments\VPR Quick Match.pgn

No:  B/W 1/2     W:B       1:2           Time        Value Moves Dep 1:2       1-2-Draws
  10 = =    3.5:3.5        3.5:8.5       3:46:06 AM    -M500    38 2.000 :6.188  0-5-7

--------------------------------------------------------------

Engine-Match Saturday, November 22, 2025 3:46:08 AM
 Blitz 1/1 

Pairing 4/21 :    RandomOpponent  -  MaterialOpponent_v2.0

PGN-File: C:\Program Files (x86)\Arena\Tournaments\VPR Quick Match.pgn

No:  B/W 1/2     W:B       1:2           Time        Value Moves Dep 1:2       1-2-Draws
  10 W 2    1.0:0.0        0.0:12.0      3:47:05 AM  +299.99     9 0:8.556  0-12-0

--------------------------------------------------------------

Engine-Match Saturday, November 22, 2025 3:47:07 AM
 Blitz 1/1 

Pairing 6/21 :    VPR_v9.0  -  CaptureOpponent_v3.0

PGN-File: C:\Program Files (x86)\Arena\Tournaments\VPR Quick Match.pgn

No:  B/W 1/2     W:B       1:2           Time        Value Moves Dep 1:2       1-2-Draws
  10 B 1    1.0:0.0        12.0:0.0      3:48:12 AM  -299.99    16 6.000 :2.000  12-0-0

--------------------------------------------------------------

Engine-Match Saturday, November 22, 2025 3:48:13 AM
 Blitz 1/1 

Pairing 7/21 :    PositionalOpponent_v2.0  -  CoverageOpponent_v2.0

PGN-File: C:\Program Files (x86)\Arena\Tournaments\VPR Quick Match.pgn

No:  B/W 1/2     W:B       1:2           Time        Value Moves Dep 1:2       1-2-Draws
  10 B 1    1.0:0.0        9.0:3.0       3:50:20 AM  -299.99    14 6.857 :6.214  9-3-0

--------------------------------------------------------------

Engine-Match Saturday, November 22, 2025 3:50:22 AM
 Blitz 1/1 

Pairing 8/21 :    CaptureOpponent_v3.0  -  RandomOpponent

PGN-File: C:\Program Files (x86)\Arena\Tournaments\VPR Quick Match.pgn

No:  B/W 1/2     W:B       1:2           Time        Value Moves Dep 1:2       1-2-Draws
  10 W 2    6.5:5.5        5.5:6.5       3:50:36 AM    +M500     5 2.000 :0 0-1-11

--------------------------------------------------------------

Engine-Match Saturday, November 22, 2025 3:50:38 AM
 Blitz 1/1 

Pairing 10/21 :    MaterialOpponent_v2.0  -  CaptureOpponent_v3.0

PGN-File: C:\Program Files (x86)\Arena\Tournaments\VPR Quick Match.pgn

No:  B/W 1/2     W:B       1:2           Time        Value Moves Dep 1:2       1-2-Draws
  10 B 1    2.5:1.5        10.5:1.5      3:52:06 AM  -299.99    19 8.923 :2.000  9-0-3

--------------------------------------------------------------

Engine-Match Saturday, November 22, 2025 3:52:07 AM
 Blitz 1/1 

Pairing 11/21 :    VPR_v9.0  -  PositionalOpponent_v2.0

PGN-File: C:\Program Files (x86)\Arena\Tournaments\VPR Quick Match.pgn

No:  B/W 1/2     W:B       1:2           Time        Value Moves Dep 1:2       1-2-Draws
  10 W 2    2.0:1.0        4.0:8.0       3:53:52 AM  +299.99    12 5.909 :6.333  3-7-2

--------------------------------------------------------------

Engine-Match Saturday, November 22, 2025 3:53:54 AM
 Blitz 1/1 

Pairing 13/21 :    CoverageOpponent_v2.0  -  VPR_v9.0

PGN-File: C:\Program Files (x86)\Arena\Tournaments\VPR Quick Match.pgn

No:  B/W 1/2     W:B       1:2           Time        Value Moves Dep 1:2       1-2-Draws
  10 W 2    2.0:1.0        1.0:11.0      3:55:51 AM  +299.99    18 6.938 :6.000  0-10-2

--------------------------------------------------------------

Engine-Match Saturday, November 22, 2025 3:57:32 AM
 Blitz 1/1 

Pairing 15/21 :    PositionalOpponent_v2.0  -  RandomOpponent

PGN-File: C:\Program Files (x86)\Arena\Tournaments\VPR Quick Match.pgn

No:  B/W 1/2     W:B       1:2           Time        Value Moves Dep 1:2       1-2-Draws
  10 B 1    1.0:0.0        12.0:0.0      3:58:29 AM  -299.99    12 6.583 :0 12-0-0

--------------------------------------------------------------

Engine-Match Saturday, November 22, 2025 3:58:31 AM
 Blitz 1/1 

Pairing 17/21 :    RandomOpponent  -  CoverageOpponent_v2.0

PGN-File: C:\Program Files (x86)\Arena\Tournaments\VPR Quick Match.pgn

No:  B/W 1/2     W:B       1:2           Time        Value Moves Dep 1:2       1-2-Draws
  10 W 2    1.5:0.5        0.5:11.5      4:00:09 AM  +299.99    24 0:5.792  0-11-1

--------------------------------------------------------------

Engine-Match Saturday, November 22, 2025 4:00:10 AM
 Blitz 1/1 

Pairing 18/21 :    MaterialOpponent_v2.0  -  PositionalOpponent_v2.0

PGN-File: C:\Program Files (x86)\Arena\Tournaments\VPR Quick Match.pgn

No:  B/W 1/2     W:B       1:2           Time        Value Moves Dep 1:2       1-2-Draws
  10 B 1    1.5:0.5        7.5:4.5       4:03:04 AM   -21.50    24 7.652 :6.083  7-4-1

--------------------------------------------------------------

Engine-Match Saturday, November 22, 2025 4:03:05 AM
 Blitz 1/1 

Pairing 19/21 :    VPR_v9.0  -  RandomOpponent

PGN-File: C:\Program Files (x86)\Arena\Tournaments\VPR Quick Match.pgn

No:  B/W 1/2     W:B       1:2           Time        Value Moves Dep 1:2       1-2-Draws
  10 B 1    1.0:0.0        12.0:0.0      4:04:26 AM  -299.99    23 5.913 :0 12-0-0

--------------------------------------------------------------

Engine-Match Saturday, November 22, 2025 4:04:27 AM
 Blitz 1/1 

Pairing 20/21 :    PositionalOpponent_v2.0  -  CaptureOpponent_v3.0

PGN-File: C:\Program Files (x86)\Arena\Tournaments\VPR Quick Match.pgn

No:  B/W 1/2     W:B       1:2           Time        Value Moves Dep 1:2       1-2-Draws
  10 B 1    1.0:0.0        12.0:0.0      4:04:57 AM    -M500     5 6.250 :2.000  12-0-0

--------------------------------------------------------------

Engine-Match Saturday, November 22, 2025 4:04:58 AM
 Blitz 1/1 

Pairing 21/21 :    CoverageOpponent_v2.0  -  MaterialOpponent_v2.0

PGN-File: C:\Program Files (x86)\Arena\Tournaments\VPR Quick Match.pgn

No:  B/W 1/2     W:B       1:2           Time        Value Moves Dep 1:2       1-2-Draws
  10 W 2    1.0:0.0        0.0:12.0      4:08:25 AM  +299.99    35 6.333 :8.286  0-12-0

--------------------------------------------------------------

Engine-Match Saturday, November 22, 2025 4:08:26 AM
 Blitz 1/1 

Pairing 2/21 :    MaterialOpponent_v2.0  -  VPR_v9.0

PGN-File: C:\Program Files (x86)\Arena\Tournaments\VPR Quick Match.pgn

No:  B/W 1/2     W:B       1:2           Time        Value Moves Dep 1:2       1-2-Draws
  10 W 2    2.5:1.5        2.5:10.5      4:10:54 AM   +15.95    23 8.538 :5.929  1-9-3

--------------------------------------------------------------

Engine-Match Saturday, November 22, 2025 4:10:55 AM
 Blitz 1/1 

Pairing 3/21 :    CaptureOpponent_v3.0  -  CoverageOpponent_v2.0

PGN-File: C:\Program Files (x86)\Arena\Tournaments\VPR Quick Match.pgn

No:  B/W 1/2     W:B       1:2           Time        Value Moves Dep 1:2       1-2-Draws
  10 = =    4.0:4.0        4.0:9.0       4:12:52 AM    -M500    38 2.000 :6.188  0-5-8

--------------------------------------------------------------

Engine-Match Saturday, November 22, 2025 4:12:53 AM
 Blitz 1/1 

Pairing 4/21 :    RandomOpponent  -  MaterialOpponent_v2.0

PGN-File: C:\Program Files (x86)\Arena\Tournaments\VPR Quick Match.pgn

No:  B/W 1/2     W:B       1:2           Time        Value Moves Dep 1:2       1-2-Draws
  10 W 2    1.0:0.0        0.0:13.0      4:13:55 AM  +299.99    10 0:8.600  0-13-0

--------------------------------------------------------------

Engine-Match Saturday, November 22, 2025 4:13:56 AM
 Blitz 1/1 

Pairing 6/21 :    VPR_v9.0  -  CaptureOpponent_v3.0

PGN-File: C:\Program Files (x86)\Arena\Tournaments\VPR Quick Match.pgn

No:  B/W 1/2     W:B       1:2           Time        Value Moves Dep 1:2       1-2-Draws
  10 B 1    1.0:0.0        13.0:0.0      4:15:01 AM  -299.99    16 6.000 :2.000  13-0-0

--------------------------------------------------------------

Engine-Match Saturday, November 22, 2025 4:15:02 AM
 Blitz 1/1 

Pairing 7/21 :    PositionalOpponent_v2.0  -  CoverageOpponent_v2.0

PGN-File: C:\Program Files (x86)\Arena\Tournaments\VPR Quick Match.pgn

No:  B/W 1/2     W:B       1:2           Time        Value Moves Dep 1:2       1-2-Draws
  10 = =    0.5:0.5        9.5:3.5       4:19:20 AM    +0.27    60 6.929 :6.357  9-3-1

--------------------------------------------------------------

Engine-Match Saturday, November 22, 2025 4:19:21 AM
 Blitz 1/1 

Pairing 8/21 :    CaptureOpponent_v3.0  -  RandomOpponent

PGN-File: C:\Program Files (x86)\Arena\Tournaments\VPR Quick Match.pgn

No:  B/W 1/2     W:B       1:2           Time        Value Moves Dep 1:2       1-2-Draws
  10 = =    6.0:6.0        6.0:7.0       4:20:00 AM    -M500    73 2.000 :0 0-1-12

--------------------------------------------------------------

Engine-Match Saturday, November 22, 2025 4:20:01 AM
 Blitz 1/1 

Pairing 10/21 :    MaterialOpponent_v2.0  -  CaptureOpponent_v3.0

PGN-File: C:\Program Files (x86)\Arena\Tournaments\VPR Quick Match.pgn

No:  B/W 1/2     W:B       1:2           Time        Value Moves Dep 1:2       1-2-Draws
  10 B 1    2.5:1.5        11.5:1.5      4:21:38 AM  -299.99    23 8.857 :2.000  10-0-3

--------------------------------------------------------------

Engine-Match Saturday, November 22, 2025 4:21:39 AM
 Blitz 1/1 

Pairing 11/21 :    VPR_v9.0  -  PositionalOpponent_v2.0

PGN-File: C:\Program Files (x86)\Arena\Tournaments\VPR Quick Match.pgn

No:  B/W 1/2     W:B       1:2           Time        Value Moves Dep 1:2       1-2-Draws
  10 W 2    2.0:1.0        4.0:9.0       4:23:42 AM  +299.99    15 5.643 :6.200  3-8-2

--------------------------------------------------------------

Engine-Match Saturday, November 22, 2025 4:23:43 AM
 Blitz 1/1 

Pairing 13/21 :    CoverageOpponent_v2.0  -  VPR_v9.0

PGN-File: C:\Program Files (x86)\Arena\Tournaments\VPR Quick Match.pgn

No:  B/W 1/2     W:B       1:2           Time        Value Moves Dep 1:2       1-2-Draws
  10 W 2    2.0:1.0        1.0:12.0      4:25:41 AM  +299.99    18 6.938 :6.000  0-11-2

--------------------------------------------------------------

Engine-Match Saturday, November 22, 2025 4:25:43 AM
 Blitz 1/1 

Pairing 15/21 :    PositionalOpponent_v2.0  -  RandomOpponent

PGN-File: C:\Program Files (x86)\Arena\Tournaments\VPR Quick Match.pgn

No:  B/W 1/2     W:B       1:2           Time        Value Moves Dep 1:2       1-2-Draws
  10 B 1    1.0:0.0        13.0:0.0      4:27:24 AM  -299.99    29 6.318 :0 13-0-0

--------------------------------------------------------------

Engine-Match Saturday, November 22, 2025 4:27:26 AM
 Blitz 1/1 

Pairing 17/21 :    RandomOpponent  -  CoverageOpponent_v2.0

PGN-File: C:\Program Files (x86)\Arena\Tournaments\VPR Quick Match.pgn

No:  B/W 1/2     W:B       1:2           Time        Value Moves Dep 1:2       1-2-Draws
  10 W 2    1.5:0.5        0.5:12.5      4:29:56 AM  +299.99    59 0:5.944  0-12-1

--------------------------------------------------------------

Engine-Match Saturday, November 22, 2025 4:29:57 AM
 Blitz 1/1 

Pairing 18/21 :    MaterialOpponent_v2.0  -  PositionalOpponent_v2.0

PGN-File: C:\Program Files (x86)\Arena\Tournaments\VPR Quick Match.pgn

No:  B/W 1/2     W:B       1:2           Time        Value Moves Dep 1:2       1-2-Draws
  10 W 2    1.5:0.5        7.5:5.5       4:32:27 AM  +299.99    18 7.765 :6.111  7-5-1

--------------------------------------------------------------

Engine-Match Saturday, November 22, 2025 4:32:28 AM
 Blitz 1/1 

Pairing 19/21 :    VPR_v9.0  -  RandomOpponent

PGN-File: C:\Program Files (x86)\Arena\Tournaments\VPR Quick Match.pgn

No:  B/W 1/2     W:B       1:2           Time        Value Moves Dep 1:2       1-2-Draws
  10 B 1    1.0:0.0        13.0:0.0      4:33:08 AM  -299.99     9 6.000 :0 13-0-0

--------------------------------------------------------------

Engine-Match Saturday, November 22, 2025 4:33:09 AM
 Blitz 1/1 

Pairing 20/21 :    PositionalOpponent_v2.0  -  CaptureOpponent_v3.0

PGN-File: C:\Program Files (x86)\Arena\Tournaments\VPR Quick Match.pgn

No:  B/W 1/2     W:B       1:2           Time        Value Moves Dep 1:2       1-2-Draws
  10 B 1    1.0:0.0        13.0:0.0      4:33:38 AM    -M500     5 6.250 :2.000  13-0-0

--------------------------------------------------------------

Engine-Match Saturday, November 22, 2025 4:35:23 AM
 Blitz 1/1 

Pairing 21/21 :    CoverageOpponent_v2.0  -  MaterialOpponent_v2.0

PGN-File: C:\Program Files (x86)\Arena\Tournaments\VPR Quick Match.pgn

No:  B/W 1/2     W:B       1:2           Time        Value Moves Dep 1:2       1-2-Draws
  10 W 2    1.0:0.0        0.0:13.0      4:38:51 AM  +299.99    40 6.409 :8.182  0-13-0

--------------------------------------------------------------

Engine-Match Saturday, November 22, 2025 4:38:53 AM
 Blitz 1/1 

Pairing 2/21 :    MaterialOpponent_v2.0  -  VPR_v9.0

PGN-File: C:\Program Files (x86)\Arena\Tournaments\VPR Quick Match.pgn

No:  B/W 1/2     W:B       1:2           Time        Value Moves Dep 1:2       1-2-Draws
  10 W 2    2.5:1.5        2.5:11.5      4:41:03 AM  +299.96    17 8.471 :6.000  1-10-3

--------------------------------------------------------------

Engine-Match Saturday, November 22, 2025 4:41:04 AM
 Blitz 1/1 

Pairing 3/21 :    CaptureOpponent_v3.0  -  CoverageOpponent_v2.0

PGN-File: C:\Program Files (x86)\Arena\Tournaments\VPR Quick Match.pgn

No:  B/W 1/2     W:B       1:2           Time        Value Moves Dep 1:2       1-2-Draws
  10 = =    4.5:4.5        4.5:9.5       4:43:00 AM    -M500    38 2.000 :6.188  0-5-9

--------------------------------------------------------------

Engine-Match Saturday, November 22, 2025 4:43:01 AM
 Blitz 1/1 

Pairing 4/21 :    RandomOpponent  -  MaterialOpponent_v2.0

PGN-File: C:\Program Files (x86)\Arena\Tournaments\VPR Quick Match.pgn

No:  B/W 1/2     W:B       1:2           Time        Value Moves Dep 1:2       1-2-Draws
  10 W 2    1.0:0.0        0.0:14.0      4:44:53 AM  +299.99    32 0:8.250  0-14-0

--------------------------------------------------------------

Engine-Match Saturday, November 22, 2025 4:44:55 AM
 Blitz 1/1 

Pairing 6/21 :    VPR_v9.0  -  CaptureOpponent_v3.0

PGN-File: C:\Program Files (x86)\Arena\Tournaments\VPR Quick Match.pgn

No:  B/W 1/2     W:B       1:2           Time        Value Moves Dep 1:2       1-2-Draws
  10 B 1    1.0:0.0        14.0:0.0      4:45:59 AM  -299.99    16 6.000 :2.000  14-0-0

--------------------------------------------------------------

Engine-Match Saturday, November 22, 2025 4:46:01 AM
 Blitz 1/1 

Pairing 7/21 :    PositionalOpponent_v2.0  -  CoverageOpponent_v2.0

PGN-File: C:\Program Files (x86)\Arena\Tournaments\VPR Quick Match.pgn

No:  B/W 1/2     W:B       1:2           Time        Value Moves Dep 1:2       1-2-Draws
  10 B 1    1.5:0.5        10.5:3.5      4:49:29 AM  -299.99    37 6.818 :6.545  10-3-1

--------------------------------------------------------------

Engine-Match Saturday, November 22, 2025 4:49:30 AM
 Blitz 1/1 

Pairing 8/21 :    CaptureOpponent_v3.0  -  RandomOpponent

PGN-File: C:\Program Files (x86)\Arena\Tournaments\VPR Quick Match.pgn

No:  B/W 1/2     W:B       1:2           Time        Value Moves Dep 1:2       1-2-Draws
  10 = =    6.5:6.5        6.5:7.5       4:50:00 AM    -M500    48 2.000 :0 0-1-13

--------------------------------------------------------------

Engine-Match Saturday, November 22, 2025 4:50:01 AM
 Blitz 1/1 

Pairing 10/21 :    MaterialOpponent_v2.0  -  CaptureOpponent_v3.0

PGN-File: C:\Program Files (x86)\Arena\Tournaments\VPR Quick Match.pgn

No:  B/W 1/2     W:B       1:2           Time        Value Moves Dep 1:2       1-2-Draws
  10 = =    2.0:2.0        12.0:2.0      4:51:28 AM    -2.70    18 8.333 :2.000  10-0-4

--------------------------------------------------------------

Engine-Match Saturday, November 22, 2025 4:51:29 AM
 Blitz 1/1 

Pairing 11/21 :    VPR_v9.0  -  PositionalOpponent_v2.0

PGN-File: C:\Program Files (x86)\Arena\Tournaments\VPR Quick Match.pgn

No:  B/W 1/2     W:B       1:2           Time        Value Moves Dep 1:2       1-2-Draws
  10 W 2    2.0:1.0        4.0:10.0      4:53:14 AM  +299.99    12 5.909 :6.333  3-9-2

--------------------------------------------------------------

Engine-Match Saturday, November 22, 2025 4:53:15 AM
 Blitz 1/1 

Pairing 13/21 :    CoverageOpponent_v2.0  -  VPR_v9.0

PGN-File: C:\Program Files (x86)\Arena\Tournaments\VPR Quick Match.pgn

No:  B/W 1/2     W:B       1:2           Time        Value Moves Dep 1:2       1-2-Draws
  10 W 2    2.0:1.0        1.0:13.0      4:55:13 AM  +299.99    18 6.938 :6.000  0-12-2
