Engine-Match Wednesday, August 27, 2025 3:40:20 AM
 Blitz 10/5 

Pairing 1/3 :    SlowMate_v3.0  -  V7P3R_v7.2

PGN-File: C:\Program Files (x86)\Arena\Tournaments\Engine Battle 20250827.pgn

No:  B/W 1/2     W:B       1:2           Time        Value Moves Dep 1:2       1-2-Draws
   1 B 2    1.0:0.0        0.0:1.0       3:44:42 AM      -M3    10 3.900 :5.400  0-1-0

--------------------------------------------------------------

Engine-Match Wednesday, August 27, 2025 3:44:43 AM
 Blitz 10/5 

Pairing 2/3 :    C0BR4_v2.0  -  SlowMate_v3.0

PGN-File: C:\Program Files (x86)\Arena\Tournaments\Engine Battle 20250827.pgn

No:  B/W 1/2     W:B       1:2           Time        Value Moves Dep 1:2       1-2-Draws
   1 W 1    1.0:0.0        1.0:0.0       3:46:46 AM  +299.99     8 4.000 :4.143  1-0-0

--------------------------------------------------------------

Engine-Match Wednesday, August 27, 2025 3:46:47 AM
 Blitz 10/5 

Pairing 3/3 :    V7P3R_v7.2  -  C0BR4_v2.0

PGN-File: C:\Program Files (x86)\Arena\Tournaments\Engine Battle 20250827.pgn

No:  B/W 1/2     W:B       1:2           Time        Value Moves Dep 1:2       1-2-Draws
   1 W 1    1.0:0.0        1.0:0.0       3:47:35 AM    +1.25     6 5.429 :4.000  1-0-0

--------------------------------------------------------------

Engine-Match Wednesday, August 27, 2025 3:47:36 AM
 Blitz 10/5 

Pairing 1/3 :    SlowMate_v3.0  -  V7P3R_v7.2

PGN-File: C:\Program Files (x86)\Arena\Tournaments\Engine Battle 20250827.pgn

No:  B/W 1/2     W:B       1:2           Time        Value Moves Dep 1:2       1-2-Draws
   2 = =    0.5:0.5        0.5:1.5       4:05:54 AM    -7.71    61 4.303 :5.636  0-1-1

--------------------------------------------------------------

Engine-Match Wednesday, August 27, 2025 4:05:55 AM
 Blitz 10/5 

Pairing 2/3 :    C0BR4_v2.0  -  SlowMate_v3.0

PGN-File: C:\Program Files (x86)\Arena\Tournaments\Engine Battle 20250827.pgn

No:  B/W 1/2     W:B       1:2           Time        Value Moves Dep 1:2       1-2-Draws
   2 W 2    1.0:0.0        1.0:1.0       4:12:02 AM    +4.63    24 4.000 :4.480  1-1-0

--------------------------------------------------------------

Engine-Match Wednesday, August 27, 2025 4:12:03 AM
 Blitz 10/5 

Pairing 3/3 :    V7P3R_v7.2  -  C0BR4_v2.0

PGN-File: C:\Program Files (x86)\Arena\Tournaments\Engine Battle 20250827.pgn

No:  B/W 1/2     W:B       1:2           Time        Value Moves Dep 1:2       1-2-Draws
   2 B 1    1.0:0.0        2.0:0.0       4:13:12 AM    -1.15     6 5.571 :4.000  2-0-0

--------------------------------------------------------------

Engine-Match Wednesday, August 27, 2025 4:13:13 AM
 Blitz 10/5 

Pairing 1/3 :    SlowMate_v3.0  -  V7P3R_v7.2

PGN-File: C:\Program Files (x86)\Arena\Tournaments\Engine Battle 20250827.pgn

No:  B/W 1/2     W:B       1:2           Time        Value Moves Dep 1:2       1-2-Draws
   3 B 2    1.5:0.5        0.5:2.5       4:17:35 AM      -M3    10 3.900 :5.400  0-2-1

--------------------------------------------------------------

Engine-Match Wednesday, August 27, 2025 4:17:36 AM
 Blitz 10/5 

Pairing 2/3 :    C0BR4_v2.0  -  SlowMate_v3.0

PGN-File: C:\Program Files (x86)\Arena\Tournaments\Engine Battle 20250827.pgn

No:  B/W 1/2     W:B       1:2           Time        Value Moves Dep 1:2       1-2-Draws
   3 B 2    1.0:0.0        1.0:2.0       4:21:58 AM    -1.75    16 4.000 :4.294  1-2-0

--------------------------------------------------------------

Engine-Match Wednesday, August 27, 2025 4:21:59 AM
 Blitz 10/5 

Pairing 3/3 :    V7P3R_v7.2  -  C0BR4_v2.0

PGN-File: C:\Program Files (x86)\Arena\Tournaments\Engine Battle 20250827.pgn

No:  B/W 1/2     W:B       1:2           Time        Value Moves Dep 1:2       1-2-Draws
   3 W 1    1.0:0.0        3.0:0.0       4:27:14 AM   +10.91    46 5.481 :4.000  3-0-0

--------------------------------------------------------------

Engine-Match Wednesday, August 27, 2025 4:27:16 AM
 Blitz 10/5 

Pairing 1/3 :    SlowMate_v3.0  -  V7P3R_v7.2

PGN-File: C:\Program Files (x86)\Arena\Tournaments\Engine Battle 20250827.pgn

No:  B/W 1/2     W:B       1:2           Time        Value Moves Dep 1:2       1-2-Draws
   4 = =    1.0:1.0        1.0:3.0       4:41:56 AM    -0.96    42 4.063 :5.364  0-2-2

--------------------------------------------------------------

Engine-Match Wednesday, August 27, 2025 4:41:57 AM
 Blitz 10/5 

Pairing 2/3 :    C0BR4_v2.0  -  SlowMate_v3.0

PGN-File: C:\Program Files (x86)\Arena\Tournaments\Engine Battle 20250827.pgn

No:  B/W 1/2     W:B       1:2           Time        Value Moves Dep 1:2       1-2-Draws
   4 B 1    1.0:0.0        2.0:2.0       4:47:10 AM   -10.61    20 4.000 :4.150  2-2-0

--------------------------------------------------------------

Engine-Match Wednesday, August 27, 2025 4:47:11 AM
 Blitz 10/5 

Pairing 3/3 :    V7P3R_v7.2  -  C0BR4_v2.0

PGN-File: C:\Program Files (x86)\Arena\Tournaments\Engine Battle 20250827.pgn

No:  B/W 1/2     W:B       1:2           Time        Value Moves Dep 1:2       1-2-Draws
   4 B 1    1.0:0.0        4.0:0.0       4:48:30 AM    -9.23    11 5.667 :4.000  4-0-0

--------------------------------------------------------------

Engine-Match Wednesday, August 27, 2025 4:48:31 AM
 Blitz 10/5 

Pairing 1/3 :    SlowMate_v3.0  -  V7P3R_v7.2

PGN-File: C:\Program Files (x86)\Arena\Tournaments\Engine Battle 20250827.pgn

No:  B/W 1/2     W:B       1:2           Time        Value Moves Dep 1:2       1-2-Draws
   5 B 2    2.0:1.0        1.0:4.0       4:52:53 AM      -M3    10 3.900 :5.400  0-3-2

--------------------------------------------------------------

Engine-Match Wednesday, August 27, 2025 4:52:54 AM
 Blitz 10/5 

Pairing 2/3 :    C0BR4_v2.0  -  SlowMate_v3.0

PGN-File: C:\Program Files (x86)\Arena\Tournaments\Engine Battle 20250827.pgn

No:  B/W 1/2     W:B       1:2           Time        Value Moves Dep 1:2       1-2-Draws
   5 B 2    1.0:0.0        2.0:3.0       5:01:59 AM    -2.72    38 4.000 :4.444  2-3-0

--------------------------------------------------------------

Engine-Match Wednesday, August 27, 2025 5:02:00 AM
 Blitz 10/5 

Pairing 3/3 :    V7P3R_v7.2  -  C0BR4_v2.0

PGN-File: C:\Program Files (x86)\Arena\Tournaments\Engine Battle 20250827.pgn

No:  B/W 1/2     W:B       1:2           Time        Value Moves Dep 1:2       1-2-Draws
   5 W 1    1.0:0.0        5.0:0.0       5:07:14 AM   +10.91    46 5.481 :4.000  5-0-0

--------------------------------------------------------------

Engine-Match Wednesday, August 27, 2025 5:07:16 AM
 Blitz 10/5 

Pairing 1/3 :    SlowMate_v3.0  -  V7P3R_v7.2

PGN-File: C:\Program Files (x86)\Arena\Tournaments\Engine Battle 20250827.pgn

No:  B/W 1/2     W:B       1:2           Time        Value Moves Dep 1:2       1-2-Draws
   6 = =    1.5:1.5        1.5:4.5       5:21:54 AM    -0.96    42 4.063 :5.364  0-3-3

--------------------------------------------------------------

Engine-Match Wednesday, August 27, 2025 5:21:56 AM
 Blitz 10/5 

Pairing 2/3 :    C0BR4_v2.0  -  SlowMate_v3.0

PGN-File: C:\Program Files (x86)\Arena\Tournaments\Engine Battle 20250827.pgn

No:  B/W 1/2     W:B       1:2           Time        Value Moves Dep 1:2       1-2-Draws
   6 B 1    1.0:0.0        3.0:3.0       5:27:09 AM   -10.61    20 4.000 :4.150  3-3-0

--------------------------------------------------------------

Engine-Match Wednesday, August 27, 2025 5:27:10 AM
 Blitz 10/5 

Pairing 3/3 :    V7P3R_v7.2  -  C0BR4_v2.0

PGN-File: C:\Program Files (x86)\Arena\Tournaments\Engine Battle 20250827.pgn

No:  B/W 1/2     W:B       1:2           Time        Value Moves Dep 1:2       1-2-Draws
   6 B 1    1.0:0.0        6.0:0.0       5:28:32 AM    +0.95     6 5.857 :4.000  6-0-0

--------------------------------------------------------------

Engine-Match Wednesday, August 27, 2025 5:28:34 AM
 Blitz 10/5 

Pairing 1/3 :    SlowMate_v3.0  -  V7P3R_v7.2

PGN-File: C:\Program Files (x86)\Arena\Tournaments\Engine Battle 20250827.pgn

No:  B/W 1/2     W:B       1:2           Time        Value Moves Dep 1:2       1-2-Draws
   7 B 2    2.5:1.5        1.5:5.5       5:32:55 AM      -M3    10 3.900 :5.400  0-4-3

--------------------------------------------------------------

Engine-Match Wednesday, August 27, 2025 5:32:57 AM
 Blitz 10/5 

Pairing 2/3 :    C0BR4_v2.0  -  SlowMate_v3.0

PGN-File: C:\Program Files (x86)\Arena\Tournaments\Engine Battle 20250827.pgn

No:  B/W 1/2     W:B       1:2           Time        Value Moves Dep 1:2       1-2-Draws
   7 = =    0.5:0.5        3.5:3.5       5:39:03 AM    -3.16    24 4.000 :4.542  3-3-1

--------------------------------------------------------------

Engine-Match Wednesday, August 27, 2025 5:39:09 AM
 Blitz 10/5 

Pairing 3/3 :    V7P3R_v7.2  -  C0BR4_v2.0

PGN-File: C:\Program Files (x86)\Arena\Tournaments\Engine Battle 20250827.pgn

No:  B/W 1/2     W:B       1:2           Time        Value Moves Dep 1:2       1-2-Draws
   7 W 1    1.0:0.0        7.0:0.0       5:40:37 AM    +4.00     9 5.400 :4.000  7-0-0

--------------------------------------------------------------

Engine-Match Wednesday, August 27, 2025 5:40:38 AM
 Blitz 10/5 

Pairing 1/3 :    SlowMate_v3.0  -  V7P3R_v7.2

PGN-File: C:\Program Files (x86)\Arena\Tournaments\Engine Battle 20250827.pgn

No:  B/W 1/2     W:B       1:2           Time        Value Moves Dep 1:2       1-2-Draws
   8 = =    2.0:2.0        2.0:6.0       6:00:17 AM    -6.29    72 4.303 :5.636  0-4-4

--------------------------------------------------------------

Engine-Match Wednesday, August 27, 2025 6:00:18 AM
 Blitz 10/5 

Pairing 2/3 :    C0BR4_v2.0  -  SlowMate_v3.0

PGN-File: C:\Program Files (x86)\Arena\Tournaments\Engine Battle 20250827.pgn

No:  B/W 1/2     W:B       1:2           Time        Value Moves Dep 1:2       1-2-Draws
   8 B 1    1.5:0.5        4.5:3.5       6:05:28 AM   -10.61    20 4.000 :4.150  4-3-1

--------------------------------------------------------------

Engine-Match Wednesday, August 27, 2025 6:05:29 AM
 Blitz 10/5 

Pairing 3/3 :    V7P3R_v7.2  -  C0BR4_v2.0

PGN-File: C:\Program Files (x86)\Arena\Tournaments\Engine Battle 20250827.pgn

No:  B/W 1/2     W:B       1:2           Time        Value Moves Dep 1:2       1-2-Draws
   8 B 1    1.0:0.0        8.0:0.0       6:06:43 AM    -9.23    11 5.667 :4.000  8-0-0

--------------------------------------------------------------

Engine-Match Wednesday, August 27, 2025 6:06:44 AM
 Blitz 10/5 

Pairing 1/3 :    SlowMate_v3.0  -  V7P3R_v7.2

PGN-File: C:\Program Files (x86)\Arena\Tournaments\Engine Battle 20250827.pgn

No:  B/W 1/2     W:B       1:2           Time        Value Moves Dep 1:2       1-2-Draws
   9 B 2    3.0:2.0        2.0:7.0       6:11:07 AM      -M3    10 3.900 :5.400  0-5-4

--------------------------------------------------------------

Engine-Match Wednesday, August 27, 2025 6:11:08 AM
 Blitz 10/5 

Pairing 2/3 :    C0BR4_v2.0  -  SlowMate_v3.0

PGN-File: C:\Program Files (x86)\Arena\Tournaments\Engine Battle 20250827.pgn

No:  B/W 1/2     W:B       1:2           Time        Value Moves Dep 1:2       1-2-Draws
   9 B 2    1.5:0.5        4.5:4.5       6:15:26 AM    -1.75    16 4.000 :4.294  4-4-1

--------------------------------------------------------------

Engine-Match Wednesday, August 27, 2025 6:15:28 AM
 Blitz 10/5 

Pairing 3/3 :    V7P3R_v7.2  -  C0BR4_v2.0

PGN-File: C:\Program Files (x86)\Arena\Tournaments\Engine Battle 20250827.pgn

No:  B/W 1/2     W:B       1:2           Time        Value Moves Dep 1:2       1-2-Draws
   9 W 1    1.0:0.0        9.0:0.0       6:17:44 AM    +0.85    13 5.643 :4.000  9-0-0

--------------------------------------------------------------

Engine-Match Wednesday, August 27, 2025 6:17:45 AM
 Blitz 10/5 

Pairing 1/3 :    SlowMate_v3.0  -  V7P3R_v7.2

PGN-File: C:\Program Files (x86)\Arena\Tournaments\Engine Battle 20250827.pgn

No:  B/W 1/2     W:B       1:2           Time        Value Moves Dep 1:2       1-2-Draws
  10 = =    2.5:2.5        2.5:7.5       6:37:23 AM    -6.29    72 4.303 :5.636  0-5-5

--------------------------------------------------------------

Engine-Match Wednesday, August 27, 2025 6:37:24 AM
 Blitz 10/5 

Pairing 2/3 :    C0BR4_v2.0  -  SlowMate_v3.0

PGN-File: C:\Program Files (x86)\Arena\Tournaments\Engine Battle 20250827.pgn

No:  B/W 1/2     W:B       1:2           Time        Value Moves Dep 1:2       1-2-Draws
  10 = =    1.0:1.0        5.0:5.0       6:43:10 AM    -7.11    23 4.000 :4.391  4-4-2

--------------------------------------------------------------

Engine-Match Wednesday, August 27, 2025 6:43:11 AM
 Blitz 10/5 

Pairing 3/3 :    V7P3R_v7.2  -  C0BR4_v2.0

PGN-File: C:\Program Files (x86)\Arena\Tournaments\Engine Battle 20250827.pgn

No:  B/W 1/2     W:B       1:2           Time        Value Moves Dep 1:2       1-2-Draws
  10 B 1    1.0:0.0        10.0:0.0      6:45:18 AM    +0.95    15 5.438 :4.000  10-0-0

--------------------------------------------------------------

Engine-Match Wednesday, August 27, 2025 6:45:19 AM
 Blitz 10/5 

Pairing 1/3 :    SlowMate_v3.0  -  V7P3R_v7.2

PGN-File: C:\Program Files (x86)\Arena\Tournaments\Engine Battle 20250827.pgn

No:  B/W 1/2     W:B       1:2           Time        Value Moves Dep 1:2       1-2-Draws
  11 B 2    3.5:2.5        2.5:8.5       6:49:41 AM      -M3    10 3.900 :5.400  0-6-5

--------------------------------------------------------------

Engine-Match Wednesday, August 27, 2025 6:49:42 AM
 Blitz 10/5 

Pairing 2/3 :    C0BR4_v2.0  -  SlowMate_v3.0

PGN-File: C:\Program Files (x86)\Arena\Tournaments\Engine Battle 20250827.pgn

No:  B/W 1/2     W:B       1:2           Time        Value Moves Dep 1:2       1-2-Draws
  11 B 2    2.0:1.0        5.0:6.0       6:56:05 AM    -6.95    25 4.000 :3.923  4-5-2

--------------------------------------------------------------

Engine-Match Wednesday, August 27, 2025 6:56:06 AM
 Blitz 10/5 

Pairing 3/3 :    V7P3R_v7.2  -  C0BR4_v2.0

PGN-File: C:\Program Files (x86)\Arena\Tournaments\Engine Battle 20250827.pgn

No:  B/W 1/2     W:B       1:2           Time        Value Moves Dep 1:2       1-2-Draws
  11 W 1    1.0:0.0        11.0:0.0      6:57:11 AM    +1.25     6 5.571 :4.000  11-0-0

--------------------------------------------------------------

Engine-Match Wednesday, August 27, 2025 6:57:12 AM
 Blitz 10/5 

Pairing 1/3 :    SlowMate_v3.0  -  V7P3R_v7.2

PGN-File: C:\Program Files (x86)\Arena\Tournaments\Engine Battle 20250827.pgn

No:  B/W 1/2     W:B       1:2           Time        Value Moves Dep 1:2       1-2-Draws
  12 = =    3.0:3.0        3.0:9.0       7:16:51 AM    -6.29    72 4.303 :5.636  0-6-6

--------------------------------------------------------------

Engine-Match Wednesday, August 27, 2025 7:16:53 AM
 Blitz 10/5 

Pairing 2/3 :    C0BR4_v2.0  -  SlowMate_v3.0

PGN-File: C:\Program Files (x86)\Arena\Tournaments\Engine Battle 20250827.pgn

No:  B/W 1/2     W:B       1:2           Time        Value Moves Dep 1:2       1-2-Draws
  12 B 1    2.0:1.0        6.0:6.0       7:22:03 AM   -10.61    20 4.000 :4.150  5-5-2

--------------------------------------------------------------

Engine-Match Wednesday, August 27, 2025 7:22:04 AM
 Blitz 10/5 

Pairing 3/3 :    V7P3R_v7.2  -  C0BR4_v2.0

PGN-File: C:\Program Files (x86)\Arena\Tournaments\Engine Battle 20250827.pgn

No:  B/W 1/2     W:B       1:2           Time        Value Moves Dep 1:2       1-2-Draws
  12 B 1    1.0:0.0        12.0:0.0      7:25:24 AM    +6.03    17 5.778 :4.000  12-0-0

--------------------------------------------------------------

Engine-Match Wednesday, August 27, 2025 7:25:25 AM
 Blitz 10/5 

Pairing 1/3 :    SlowMate_v3.0  -  V7P3R_v7.2

PGN-File: C:\Program Files (x86)\Arena\Tournaments\Engine Battle 20250827.pgn

No:  B/W 1/2     W:B       1:2           Time        Value Moves Dep 1:2       1-2-Draws
  13 B 2    4.0:3.0        3.0:10.0      7:29:46 AM      -M3    10 3.900 :5.400  0-7-6

--------------------------------------------------------------

Engine-Match Wednesday, August 27, 2025 7:29:48 AM
 Blitz 10/5 

Pairing 2/3 :    C0BR4_v2.0  -  SlowMate_v3.0

PGN-File: C:\Program Files (x86)\Arena\Tournaments\Engine Battle 20250827.pgn

No:  B/W 1/2     W:B       1:2           Time        Value Moves Dep 1:2       1-2-Draws
  13 B 2    2.0:1.0        6.0:7.0       7:36:11 AM    -6.95    25 4.000 :3.885  5-6-2

--------------------------------------------------------------

Engine-Match Wednesday, August 27, 2025 7:36:12 AM
 Blitz 10/5 

Pairing 3/3 :    V7P3R_v7.2  -  C0BR4_v2.0

PGN-File: C:\Program Files (x86)\Arena\Tournaments\Engine Battle 20250827.pgn

No:  B/W 1/2     W:B       1:2           Time        Value Moves Dep 1:2       1-2-Draws
  13 W 1    1.0:0.0        13.0:0.0      7:40:53 AM   +10.91    46 5.481 :4.000  13-0-0

--------------------------------------------------------------

Engine-Match Wednesday, August 27, 2025 7:40:54 AM
 Blitz 10/5 

Pairing 1/3 :    SlowMate_v3.0  -  V7P3R_v7.2

PGN-File: C:\Program Files (x86)\Arena\Tournaments\Engine Battle 20250827.pgn

No:  B/W 1/2     W:B       1:2           Time        Value Moves Dep 1:2       1-2-Draws
  14 = =    3.5:3.5        3.5:10.5      8:00:31 AM    -6.29    72 4.303 :5.636  0-7-7

--------------------------------------------------------------

Engine-Match Wednesday, August 27, 2025 8:00:37 AM
 Blitz 10/5 

Pairing 2/3 :    C0BR4_v2.0  -  SlowMate_v3.0

PGN-File: C:\Program Files (x86)\Arena\Tournaments\Engine Battle 20250827.pgn

No:  B/W 1/2     W:B       1:2           Time        Value Moves Dep 1:2       1-2-Draws
  14 = =    1.5:1.5        6.5:7.5       8:06:25 AM    -7.11    23 4.000 :4.348  5-6-3

--------------------------------------------------------------

Engine-Match Wednesday, August 27, 2025 8:06:27 AM
 Blitz 10/5 

Pairing 3/3 :    V7P3R_v7.2  -  C0BR4_v2.0

PGN-File: C:\Program Files (x86)\Arena\Tournaments\Engine Battle 20250827.pgn

No:  B/W 1/2     W:B       1:2           Time        Value Moves Dep 1:2       1-2-Draws
  14 B 1    1.0:0.0        14.0:0.0      8:07:48 AM    +0.95     6 5.857 :4.000  14-0-0

--------------------------------------------------------------

Engine-Match Wednesday, August 27, 2025 8:07:49 AM
 Blitz 10/5 

Pairing 1/3 :    SlowMate_v3.0  -  V7P3R_v7.2

PGN-File: C:\Program Files (x86)\Arena\Tournaments\Engine Battle 20250827.pgn

No:  B/W 1/2     W:B       1:2           Time        Value Moves Dep 1:2       1-2-Draws
  15 B 2    4.5:3.5        3.5:11.5      8:12:10 AM      -M3    10 3.900 :5.400  0-8-7

--------------------------------------------------------------

Engine-Match Wednesday, August 27, 2025 8:12:12 AM
 Blitz 10/5 

Pairing 2/3 :    C0BR4_v2.0  -  SlowMate_v3.0

PGN-File: C:\Program Files (x86)\Arena\Tournaments\Engine Battle 20250827.pgn

No:  B/W 1/2     W:B       1:2           Time        Value Moves Dep 1:2       1-2-Draws
  15 W 1    2.5:1.5        7.5:7.5       8:14:13 AM  +299.99     8 4.000 :4.143  6-6-3

--------------------------------------------------------------

Engine-Match Wednesday, August 27, 2025 8:14:14 AM
 Blitz 10/5 

Pairing 3/3 :    V7P3R_v7.2  -  C0BR4_v2.0

PGN-File: C:\Program Files (x86)\Arena\Tournaments\Engine Battle 20250827.pgn

No:  B/W 1/2     W:B       1:2           Time        Value Moves Dep 1:2       1-2-Draws
  15 W 1    1.0:0.0        15.0:0.0      8:16:04 AM    +3.95     9 5.500 :4.000  15-0-0

--------------------------------------------------------------

Engine-Match Wednesday, August 27, 2025 8:16:05 AM
 Blitz 10/5 

Pairing 1/3 :    SlowMate_v3.0  -  V7P3R_v7.2

PGN-File: C:\Program Files (x86)\Arena\Tournaments\Engine Battle 20250827.pgn

No:  B/W 1/2     W:B       1:2           Time        Value Moves Dep 1:2       1-2-Draws
  16 = =    4.0:4.0        4.0:12.0      8:35:42 AM    -6.29    72 4.303 :5.636  0-8-8

--------------------------------------------------------------

Engine-Match Wednesday, August 27, 2025 8:35:44 AM
 Blitz 10/5 

Pairing 2/3 :    C0BR4_v2.0  -  SlowMate_v3.0

PGN-File: C:\Program Files (x86)\Arena\Tournaments\Engine Battle 20250827.pgn

No:  B/W 1/2     W:B       1:2           Time        Value Moves Dep 1:2       1-2-Draws
  16 = =    2.0:2.0        8.0:8.0       8:41:32 AM    -7.11    23 4.000 :4.348  6-6-4

--------------------------------------------------------------

Engine-Match Wednesday, August 27, 2025 8:41:33 AM
 Blitz 10/5 

Pairing 3/3 :    V7P3R_v7.2  -  C0BR4_v2.0

PGN-File: C:\Program Files (x86)\Arena\Tournaments\Engine Battle 20250827.pgn

No:  B/W 1/2     W:B       1:2           Time        Value Moves Dep 1:2       1-2-Draws
  16 B 1    1.0:0.0        16.0:0.0      8:44:10 AM    +0.89    14 5.600 :4.000  16-0-0

--------------------------------------------------------------

Engine-Match Wednesday, August 27, 2025 8:44:11 AM
 Blitz 10/5 

Pairing 1/3 :    SlowMate_v3.0  -  V7P3R_v7.2

PGN-File: C:\Program Files (x86)\Arena\Tournaments\Engine Battle 20250827.pgn

No:  B/W 1/2     W:B       1:2           Time        Value Moves Dep 1:2       1-2-Draws
  17 B 2    5.0:4.0        4.0:13.0      8:48:32 AM      -M3    10 3.900 :5.400  0-9-8

--------------------------------------------------------------

Engine-Match Wednesday, August 27, 2025 8:48:34 AM
 Blitz 10/5 

Pairing 2/3 :    C0BR4_v2.0  -  SlowMate_v3.0

PGN-File: C:\Program Files (x86)\Arena\Tournaments\Engine Battle 20250827.pgn

No:  B/W 1/2     W:B       1:2           Time        Value Moves Dep 1:2       1-2-Draws
  17 B 2    3.0:2.0        8.0:9.0       8:54:56 AM    -6.95    25 4.000 :3.923  6-7-4

--------------------------------------------------------------

Engine-Match Wednesday, August 27, 2025 8:54:57 AM
 Blitz 10/5 

Pairing 3/3 :    V7P3R_v7.2  -  C0BR4_v2.0

PGN-File: C:\Program Files (x86)\Arena\Tournaments\Engine Battle 20250827.pgn

No:  B/W 1/2     W:B       1:2           Time        Value Moves Dep 1:2       1-2-Draws
  17 W 1    1.0:0.0        17.0:0.0      8:59:39 AM   +10.91    46 5.481 :4.000  17-0-0

--------------------------------------------------------------

Engine-Match Wednesday, August 27, 2025 8:59:40 AM
 Blitz 10/5 

Pairing 1/3 :    SlowMate_v3.0  -  V7P3R_v7.2

PGN-File: C:\Program Files (x86)\Arena\Tournaments\Engine Battle 20250827.pgn

No:  B/W 1/2     W:B       1:2           Time        Value Moves Dep 1:2       1-2-Draws
  18 = =    4.5:4.5        4.5:13.5      9:19:18 AM    -6.29    72 4.303 :5.636  0-9-9

--------------------------------------------------------------

Engine-Match Wednesday, August 27, 2025 9:19:19 AM
 Blitz 10/5 

Pairing 2/3 :    C0BR4_v2.0  -  SlowMate_v3.0

PGN-File: C:\Program Files (x86)\Arena\Tournaments\Engine Battle 20250827.pgn

No:  B/W 1/2     W:B       1:2           Time        Value Moves Dep 1:2       1-2-Draws
  18 = =    2.5:2.5        8.5:9.5       9:25:07 AM    -7.11    23 4.000 :4.348  6-7-5

--------------------------------------------------------------

Engine-Match Wednesday, August 27, 2025 9:25:08 AM
 Blitz 10/5 

Pairing 3/3 :    V7P3R_v7.2  -  C0BR4_v2.0

PGN-File: C:\Program Files (x86)\Arena\Tournaments\Engine Battle 20250827.pgn

No:  B/W 1/2     W:B       1:2           Time        Value Moves Dep 1:2       1-2-Draws
  18 B 1    1.0:0.0        18.0:0.0      9:27:15 AM    +0.95    15 5.438 :4.000  18-0-0

--------------------------------------------------------------

Engine-Match Wednesday, August 27, 2025 9:27:16 AM
 Blitz 10/5 

Pairing 1/3 :    SlowMate_v3.0  -  V7P3R_v7.2

PGN-File: C:\Program Files (x86)\Arena\Tournaments\Engine Battle 20250827.pgn

No:  B/W 1/2     W:B       1:2           Time        Value Moves Dep 1:2       1-2-Draws
  19 B 2    5.5:4.5        4.5:14.5      9:31:37 AM      -M3    10 3.900 :5.400  0-10-9

--------------------------------------------------------------

Engine-Match Wednesday, August 27, 2025 9:31:39 AM
 Blitz 10/5 

Pairing 2/3 :    C0BR4_v2.0  -  SlowMate_v3.0

PGN-File: C:\Program Files (x86)\Arena\Tournaments\Engine Battle 20250827.pgn

No:  B/W 1/2     W:B       1:2           Time        Value Moves Dep 1:2       1-2-Draws
  19 = =    3.0:3.0        9.0:10.0      9:37:42 AM    -3.16    24 4.000 :4.542  6-7-6

--------------------------------------------------------------

Engine-Match Wednesday, August 27, 2025 9:37:43 AM
 Blitz 10/5 

Pairing 3/3 :    V7P3R_v7.2  -  C0BR4_v2.0

PGN-File: C:\Program Files (x86)\Arena\Tournaments\Engine Battle 20250827.pgn

No:  B/W 1/2     W:B       1:2           Time        Value Moves Dep 1:2       1-2-Draws
  19 W 1    1.0:0.0        19.0:0.0      9:39:59 AM    +0.85    13 5.643 :4.000  19-0-0

--------------------------------------------------------------

Engine-Match Wednesday, August 27, 2025 9:40:00 AM
 Blitz 10/5 

Pairing 1/3 :    SlowMate_v3.0  -  V7P3R_v7.2

PGN-File: C:\Program Files (x86)\Arena\Tournaments\Engine Battle 20250827.pgn

No:  B/W 1/2     W:B       1:2           Time        Value Moves Dep 1:2       1-2-Draws
  20 = =    5.0:5.0        5.0:15.0      9:59:39 AM    -6.29    72 4.303 :5.636  0-10-10

--------------------------------------------------------------

Engine-Match Wednesday, August 27, 2025 9:59:41 AM
 Blitz 10/5 

Pairing 2/3 :    C0BR4_v2.0  -  SlowMate_v3.0

PGN-File: C:\Program Files (x86)\Arena\Tournaments\Engine Battle 20250827.pgn

No:  B/W 1/2     W:B       1:2           Time        Value Moves Dep 1:2       1-2-Draws
  20 W 2    4.0:3.0        9.0:11.0      10:02:10 AM    -1.58     9 4.000 :4.700  6-8-6

--------------------------------------------------------------

Engine-Match Wednesday, August 27, 2025 10:02:11 AM
 Blitz 10/5 

Pairing 3/3 :    V7P3R_v7.2  -  C0BR4_v2.0

PGN-File: C:\Program Files (x86)\Arena\Tournaments\Engine Battle 20250827.pgn

No:  B/W 1/2     W:B       1:2           Time        Value Moves Dep 1:2       1-2-Draws
  20 B 1    1.0:0.0        20.0:0.0      10:03:32 AM    +0.95     6 5.857 :4.000  20-0-0
