Engine-Match Friday, August 22, 2025 5:34:37 PM
 Blitz 2/1 

Pairing 1/15 :    C0BR4_v1.0  -  V7P3R_v6.0

PGN-File: C:\Program Files (x86)\Arena\Tournaments\Engine Battle 20250822_3.pgn

No:  B/W 1/2     W:B       1:2           Time        Value Moves Dep 1:2       1-2-Draws
   1 W 1    1.0:0.0        1.0:0.0       5:35:29 PM   +34.92    12 4.000 :3.000  1-0-0

--------------------------------------------------------------

Engine-Match Friday, August 22, 2025 5:35:30 PM
 Blitz 2/1 

Pairing 2/15 :    V7P3R_v5.1  -  C0BR4_v2.0

PGN-File: C:\Program Files (x86)\Arena\Tournaments\Engine Battle 20250822_3.pgn

No:  B/W 1/2     W:B       1:2           Time        Value Moves Dep 1:2       1-2-Draws
   1 B 2    1.0:0.0        0.0:1.0       5:36:11 PM   -25.40     9 3.111 :4.000  0-1-0

--------------------------------------------------------------

Engine-Match Friday, August 22, 2025 5:36:12 PM
 Blitz 2/1 

Pairing 3/15 :    Random_Opponent  -  SlowMate_v3.0

PGN-File: C:\Program Files (x86)\Arena\Tournaments\Engine Battle 20250822_3.pgn

No:  B/W 1/2     W:B       1:2           Time        Value Moves Dep 1:2       1-2-Draws
   1 * *     0.0:0.0        0.0:0.0       5:37:07 PM     0.00    15 0:3.214  0-0-0
