Engine-Match Monday, September 1, 2025 10:45:30 PM
 Blitz 10/5 

Pairing 1/3 :    C0BR4_v2.6_FIXED  -  SlowMate_v3.0

PGN-File: C:\Program Files (x86)\Arena\Tournaments\Engine Battle 20250901_2.pgn

No:  B/W 1/2     W:B       1:2           Time        Value Moves Dep 1:2       1-2-Draws
   1 B 2    1.0:0.0        0.0:1.0       10:47:47 PM   -10.43     8 4.000 :4.667  0-1-0

--------------------------------------------------------------

Engine-Match Monday, September 1, 2025 10:47:49 PM
 Blitz 10/5 

Pairing 2/3 :    V7P3R_v10.0  -  C0BR4_v2.6_FIXED

PGN-File: C:\Program Files (x86)\Arena\Tournaments\Engine Battle 20250901_2.pgn

No:  B/W 1/2     W:B       1:2           Time        Value Moves Dep 1:2       1-2-Draws
   1 W 1    1.0:0.0        1.0:0.0       10:50:53 PM    +8.10    11 5.333 :4.000  1-0-0

--------------------------------------------------------------

Engine-Match Monday, September 1, 2025 10:50:54 PM
 Blitz 10/5 

Pairing 3/3 :    SlowMate_v3.0  -  V7P3R_v10.0

PGN-File: C:\Program Files (x86)\Arena\Tournaments\Engine Battle 20250901_2.pgn

No:  B/W 1/2     W:B       1:2           Time        Value Moves Dep 1:2       1-2-Draws
   1 = =    0.5:0.5        0.5:0.5       11:09:23 PM    -3.90    49 4.276 :5.172  0-0-1

--------------------------------------------------------------

Engine-Match Monday, September 1, 2025 11:09:24 PM
 Blitz 10/5 

Pairing 1/3 :    C0BR4_v2.6_FIXED  -  SlowMate_v3.0

PGN-File: C:\Program Files (x86)\Arena\Tournaments\Engine Battle 20250901_2.pgn

No:  B/W 1/2     W:B       1:2           Time        Value Moves Dep 1:2       1-2-Draws
   2 W 2    1.0:0.0        0.0:2.0       11:10:04 PM    +1.02     2 0:4.333  0-2-0

--------------------------------------------------------------

Engine-Match Monday, September 1, 2025 11:10:05 PM
 Blitz 10/5 

Pairing 2/3 :    V7P3R_v10.0  -  C0BR4_v2.6_FIXED

PGN-File: C:\Program Files (x86)\Arena\Tournaments\Engine Battle 20250901_2.pgn

No:  B/W 1/2     W:B       1:2           Time        Value Moves Dep 1:2       1-2-Draws
   2 B 1    1.0:0.0        2.0:0.0       11:10:59 PM    -4.20     5 5.333 :4.000  2-0-0

--------------------------------------------------------------

Engine-Match Monday, September 1, 2025 11:11:00 PM
 Blitz 10/5 

Pairing 3/3 :    SlowMate_v3.0  -  V7P3R_v10.0

PGN-File: C:\Program Files (x86)\Arena\Tournaments\Engine Battle 20250901_2.pgn

No:  B/W 1/2     W:B       1:2           Time        Value Moves Dep 1:2       1-2-Draws
   2 = =    1.0:1.0        1.0:1.0       11:24:53 PM    +0.34    36 4.118 :5.278  0-0-2

--------------------------------------------------------------

Engine-Match Monday, September 1, 2025 11:24:54 PM
 Blitz 10/5 

Pairing 1/3 :    C0BR4_v2.6_FIXED  -  SlowMate_v3.0

PGN-File: C:\Program Files (x86)\Arena\Tournaments\Engine Battle 20250901_2.pgn

No:  B/W 1/2     W:B       1:2           Time        Value Moves Dep 1:2       1-2-Draws
   3 B 2    1.0:0.0        0.0:3.0       11:25:34 PM    +0.24     2 0:4.000  0-3-0

--------------------------------------------------------------

Engine-Match Monday, September 1, 2025 11:25:35 PM
 Blitz 10/5 

Pairing 2/3 :    V7P3R_v10.0  -  C0BR4_v2.6_FIXED

PGN-File: C:\Program Files (x86)\Arena\Tournaments\Engine Battle 20250901_2.pgn

No:  B/W 1/2     W:B       1:2           Time        Value Moves Dep 1:2       1-2-Draws
   3 W 1    1.0:0.0        3.0:0.0       11:28:42 PM    +4.40    19 5.200 :4.000  3-0-0

--------------------------------------------------------------

Engine-Match Monday, September 1, 2025 11:28:43 PM
 Blitz 10/5 

Pairing 3/3 :    SlowMate_v3.0  -  V7P3R_v10.0

PGN-File: C:\Program Files (x86)\Arena\Tournaments\Engine Battle 20250901_2.pgn

No:  B/W 1/2     W:B       1:2           Time        Value Moves Dep 1:2       1-2-Draws
   3 B 2    2.0:1.0        1.0:2.0       11:50:41 PM   -10.50    69 4.276 :5.207  0-1-2

--------------------------------------------------------------

Engine-Match Monday, September 1, 2025 11:50:42 PM
 Blitz 10/5 

Pairing 1/3 :    C0BR4_v2.6_FIXED  -  SlowMate_v3.0

PGN-File: C:\Program Files (x86)\Arena\Tournaments\Engine Battle 20250901_2.pgn

No:  B/W 1/2     W:B       1:2           Time        Value Moves Dep 1:2       1-2-Draws
   4 W 2    1.0:0.0        0.0:4.0       11:51:22 PM    +1.02     2 0:4.333  0-4-0

--------------------------------------------------------------

Engine-Match Monday, September 1, 2025 11:51:23 PM
 Blitz 10/5 

Pairing 2/3 :    V7P3R_v10.0  -  C0BR4_v2.6_FIXED

PGN-File: C:\Program Files (x86)\Arena\Tournaments\Engine Battle 20250901_2.pgn

No:  B/W 1/2     W:B       1:2           Time        Value Moves Dep 1:2       1-2-Draws
   4 B 1    1.0:0.0        4.0:0.0       11:53:35 PM    -5.60     9 5.800 :4.000  4-0-0

--------------------------------------------------------------

Engine-Match Monday, September 1, 2025 11:53:36 PM
 Blitz 10/5 

Pairing 3/3 :    SlowMate_v3.0  -  V7P3R_v10.0

PGN-File: C:\Program Files (x86)\Arena\Tournaments\Engine Battle 20250901_2.pgn

No:  B/W 1/2     W:B       1:2           Time        Value Moves Dep 1:2       1-2-Draws
   4 = =    1.5:1.5        1.5:2.5       12:07:20 AM    +0.34    36 4.118 :5.278  0-1-3

--------------------------------------------------------------

Engine-Match Tuesday, September 2, 2025 12:07:21 AM
 Blitz 10/5 

Pairing 1/3 :    C0BR4_v2.6_FIXED  -  SlowMate_v3.0

PGN-File: C:\Program Files (x86)\Arena\Tournaments\Engine Battle 20250901_2.pgn

No:  B/W 1/2     W:B       1:2           Time        Value Moves Dep 1:2       1-2-Draws
   5 B 2    1.0:0.0        0.0:5.0       12:08:36 AM    +0.28     4 4.000 :4.000  0-5-0

--------------------------------------------------------------

Engine-Match Tuesday, September 2, 2025 12:08:37 AM
 Blitz 10/5 

Pairing 2/3 :    V7P3R_v10.0  -  C0BR4_v2.6_FIXED

PGN-File: C:\Program Files (x86)\Arena\Tournaments\Engine Battle 20250901_2.pgn

No:  B/W 1/2     W:B       1:2           Time        Value Moves Dep 1:2       1-2-Draws
   5 W 1    1.0:0.0        5.0:0.0       12:10:35 AM    +8.00     7 6.000 :4.000  5-0-0

--------------------------------------------------------------

Engine-Match Tuesday, September 2, 2025 12:10:36 AM
 Blitz 10/5 

Pairing 3/3 :    SlowMate_v3.0  -  V7P3R_v10.0

PGN-File: C:\Program Files (x86)\Arena\Tournaments\Engine Battle 20250901_2.pgn

No:  B/W 1/2     W:B       1:2           Time        Value Moves Dep 1:2       1-2-Draws
   5 B 2    2.5:1.5        1.5:3.5       12:34:48 AM   -10.20    71 3.940 :5.041  0-2-3

--------------------------------------------------------------

Engine-Match Tuesday, September 2, 2025 12:34:49 AM
 Blitz 10/5 

Pairing 1/3 :    C0BR4_v2.6_FIXED  -  SlowMate_v3.0

PGN-File: C:\Program Files (x86)\Arena\Tournaments\Engine Battle 20250901_2.pgn

No:  B/W 1/2     W:B       1:2           Time        Value Moves Dep 1:2       1-2-Draws
   6 W 2    1.0:0.0        0.0:6.0       12:37:42 AM    +1.97    10 4.000 :4.091  0-6-0

--------------------------------------------------------------

Engine-Match Tuesday, September 2, 2025 12:37:43 AM
 Blitz 10/5 

Pairing 2/3 :    V7P3R_v10.0  -  C0BR4_v2.6_FIXED

PGN-File: C:\Program Files (x86)\Arena\Tournaments\Engine Battle 20250901_2.pgn

No:  B/W 1/2     W:B       1:2           Time        Value Moves Dep 1:2       1-2-Draws
   6 B 1    1.0:0.0        6.0:0.0       12:39:53 AM    -5.60     9 5.800 :4.000  6-0-0

--------------------------------------------------------------

Engine-Match Tuesday, September 2, 2025 12:39:54 AM
 Blitz 10/5 

Pairing 3/3 :    SlowMate_v3.0  -  V7P3R_v10.0

PGN-File: C:\Program Files (x86)\Arena\Tournaments\Engine Battle 20250901_2.pgn

No:  B/W 1/2     W:B       1:2           Time        Value Moves Dep 1:2       1-2-Draws
   6 = =    2.0:2.0        2.0:4.0       12:53:35 AM    +0.34    36 4.118 :5.278  0-2-4

--------------------------------------------------------------

Engine-Match Tuesday, September 2, 2025 12:53:36 AM
 Blitz 10/5 

Pairing 1/3 :    C0BR4_v2.6_FIXED  -  SlowMate_v3.0

PGN-File: C:\Program Files (x86)\Arena\Tournaments\Engine Battle 20250901_2.pgn

No:  B/W 1/2     W:B       1:2           Time        Value Moves Dep 1:2       1-2-Draws
   7 B 2    1.0:0.0        0.0:7.0       12:55:57 AM   -10.43     8 4.000 :4.667  0-7-0

--------------------------------------------------------------

Engine-Match Tuesday, September 2, 2025 12:55:58 AM
 Blitz 10/5 

Pairing 2/3 :    V7P3R_v10.0  -  C0BR4_v2.6_FIXED

PGN-File: C:\Program Files (x86)\Arena\Tournaments\Engine Battle 20250901_2.pgn

No:  B/W 1/2     W:B       1:2           Time        Value Moves Dep 1:2       1-2-Draws
   7 W 1    1.0:0.0        7.0:0.0       12:57:55 AM    +8.00     7 6.000 :4.000  7-0-0

--------------------------------------------------------------

Engine-Match Tuesday, September 2, 2025 12:58:02 AM
 Blitz 10/5 

Pairing 3/3 :    SlowMate_v3.0  -  V7P3R_v10.0

PGN-File: C:\Program Files (x86)\Arena\Tournaments\Engine Battle 20250901_2.pgn

No:  B/W 1/2     W:B       1:2           Time        Value Moves Dep 1:2       1-2-Draws
   7 B 2    3.0:2.0        2.0:5.0       1:16:40 AM  -289.99    48 3.976 :5.175  0-3-4

--------------------------------------------------------------

Engine-Match Tuesday, September 2, 2025 1:16:41 AM
 Blitz 10/5 

Pairing 1/3 :    C0BR4_v2.6_FIXED  -  SlowMate_v3.0

PGN-File: C:\Program Files (x86)\Arena\Tournaments\Engine Battle 20250901_2.pgn

No:  B/W 1/2     W:B       1:2           Time        Value Moves Dep 1:2       1-2-Draws
   8 W 2    1.0:0.0        0.0:8.0       1:19:09 AM    +2.49     9 4.000 :4.900  0-8-0

--------------------------------------------------------------

Engine-Match Tuesday, September 2, 2025 1:19:10 AM
 Blitz 10/5 

Pairing 2/3 :    V7P3R_v10.0  -  C0BR4_v2.6_FIXED

PGN-File: C:\Program Files (x86)\Arena\Tournaments\Engine Battle 20250901_2.pgn

No:  B/W 1/2     W:B       1:2           Time        Value Moves Dep 1:2       1-2-Draws
   8 B 1    1.0:0.0        8.0:0.0       1:20:03 AM    -4.20     5 5.333 :4.000  8-0-0

--------------------------------------------------------------

Engine-Match Tuesday, September 2, 2025 1:20:04 AM
 Blitz 10/5 

Pairing 3/3 :    SlowMate_v3.0  -  V7P3R_v10.0

PGN-File: C:\Program Files (x86)\Arena\Tournaments\Engine Battle 20250901_2.pgn

No:  B/W 1/2     W:B       1:2           Time        Value Moves Dep 1:2       1-2-Draws
   8 W 2    3.0:2.0        2.0:6.0       1:37:26 AM  +289.99    48 4.118 :5.333  0-4-4

--------------------------------------------------------------

Engine-Match Tuesday, September 2, 2025 1:37:27 AM
 Blitz 10/5 

Pairing 1/3 :    C0BR4_v2.6_FIXED  -  SlowMate_v3.0

PGN-File: C:\Program Files (x86)\Arena\Tournaments\Engine Battle 20250901_2.pgn

No:  B/W 1/2     W:B       1:2           Time        Value Moves Dep 1:2       1-2-Draws
   9 B 2    1.0:0.0        0.0:9.0       1:39:14 AM    -4.06     6 4.000 :4.286  0-9-0

--------------------------------------------------------------

Engine-Match Tuesday, September 2, 2025 1:39:15 AM
 Blitz 10/5 

Pairing 2/3 :    V7P3R_v10.0  -  C0BR4_v2.6_FIXED

PGN-File: C:\Program Files (x86)\Arena\Tournaments\Engine Battle 20250901_2.pgn

No:  B/W 1/2     W:B       1:2           Time        Value Moves Dep 1:2       1-2-Draws
   9 W 1    1.0:0.0        9.0:0.0       1:42:05 AM    +8.10    11 5.333 :4.000  9-0-0

--------------------------------------------------------------

Engine-Match Tuesday, September 2, 2025 1:42:07 AM
 Blitz 10/5 

Pairing 3/3 :    SlowMate_v3.0  -  V7P3R_v10.0

PGN-File: C:\Program Files (x86)\Arena\Tournaments\Engine Battle 20250901_2.pgn

No:  B/W 1/2     W:B       1:2           Time        Value Moves Dep 1:2       1-2-Draws
   9 B 2    3.0:2.0        2.0:7.0       2:00:37 AM  -289.99    48 3.976 :5.125  0-5-4

--------------------------------------------------------------

Engine-Match Tuesday, September 2, 2025 2:00:38 AM
 Blitz 10/5 

Pairing 1/3 :    C0BR4_v2.6_FIXED  -  SlowMate_v3.0

PGN-File: C:\Program Files (x86)\Arena\Tournaments\Engine Battle 20250901_2.pgn

No:  B/W 1/2     W:B       1:2           Time        Value Moves Dep 1:2       1-2-Draws
  10 W 2    1.0:0.0        0.0:10.0      2:02:42 AM    +2.16     7 4.000 :4.125  0-10-0

--------------------------------------------------------------

Engine-Match Tuesday, September 2, 2025 2:02:44 AM
 Blitz 10/5 

Pairing 2/3 :    V7P3R_v10.0  -  C0BR4_v2.6_FIXED

PGN-File: C:\Program Files (x86)\Arena\Tournaments\Engine Battle 20250901_2.pgn

No:  B/W 1/2     W:B       1:2           Time        Value Moves Dep 1:2       1-2-Draws
  10 B 1    1.0:0.0        10.0:0.0      2:06:27 AM    -7.20    15 5.188 :4.000  10-0-0

--------------------------------------------------------------

Engine-Match Tuesday, September 2, 2025 2:06:29 AM
 Blitz 10/5 

Pairing 3/3 :    SlowMate_v3.0  -  V7P3R_v10.0

PGN-File: C:\Program Files (x86)\Arena\Tournaments\Engine Battle 20250901_2.pgn

No:  B/W 1/2     W:B       1:2           Time        Value Moves Dep 1:2       1-2-Draws
  10 = =    2.5:2.5        2.5:7.5       2:17:07 AM    -1.75    27 4.118 :5.333  0-5-5

--------------------------------------------------------------

Engine-Match Tuesday, September 2, 2025 2:17:09 AM
 Blitz 10/5 

Pairing 1/3 :    C0BR4_v2.6_FIXED  -  SlowMate_v3.0

PGN-File: C:\Program Files (x86)\Arena\Tournaments\Engine Battle 20250901_2.pgn

No:  B/W 1/2     W:B       1:2           Time        Value Moves Dep 1:2       1-2-Draws
  11 B 2    1.0:0.0        0.0:11.0      2:17:49 AM    +0.24     2 0:4.000  0-11-0

--------------------------------------------------------------

Engine-Match Tuesday, September 2, 2025 2:17:50 AM
 Blitz 10/5 

Pairing 2/3 :    V7P3R_v10.0  -  C0BR4_v2.6_FIXED

PGN-File: C:\Program Files (x86)\Arena\Tournaments\Engine Battle 20250901_2.pgn

No:  B/W 1/2     W:B       1:2           Time        Value Moves Dep 1:2       1-2-Draws
  11 W 1    1.0:0.0        11.0:0.0      2:19:35 AM    +0.50    10 5.364 :4.000  11-0-0

--------------------------------------------------------------

Engine-Match Tuesday, September 2, 2025 2:19:37 AM
 Blitz 10/5 

Pairing 3/3 :    SlowMate_v3.0  -  V7P3R_v10.0

PGN-File: C:\Program Files (x86)\Arena\Tournaments\Engine Battle 20250901_2.pgn

No:  B/W 1/2     W:B       1:2           Time        Value Moves Dep 1:2       1-2-Draws
  11 B 2    3.5:2.5        2.5:8.5       2:38:08 AM  -289.99    48 3.976 :5.125  0-6-5

--------------------------------------------------------------

Engine-Match Tuesday, September 2, 2025 2:38:09 AM
 Blitz 10/5 

Pairing 1/3 :    C0BR4_v2.6_FIXED  -  SlowMate_v3.0

PGN-File: C:\Program Files (x86)\Arena\Tournaments\Engine Battle 20250901_2.pgn

No:  B/W 1/2     W:B       1:2           Time        Value Moves Dep 1:2       1-2-Draws
  12 W 2    1.0:0.0        0.0:12.0      2:40:37 AM    +2.49     9 4.000 :4.900  0-12-0

--------------------------------------------------------------

Engine-Match Tuesday, September 2, 2025 2:40:38 AM
 Blitz 10/5 

Pairing 2/3 :    V7P3R_v10.0  -  C0BR4_v2.6_FIXED

PGN-File: C:\Program Files (x86)\Arena\Tournaments\Engine Battle 20250901_2.pgn

No:  B/W 1/2     W:B       1:2           Time        Value Moves Dep 1:2       1-2-Draws
  12 B 1    1.0:0.0        12.0:0.0      2:41:46 AM    -0.40     5 5.333 :4.000  12-0-0

--------------------------------------------------------------

Engine-Match Tuesday, September 2, 2025 2:41:48 AM
 Blitz 10/5 

Pairing 3/3 :    SlowMate_v3.0  -  V7P3R_v10.0

PGN-File: C:\Program Files (x86)\Arena\Tournaments\Engine Battle 20250901_2.pgn

No:  B/W 1/2     W:B       1:2           Time        Value Moves Dep 1:2       1-2-Draws
  12 = =    3.0:3.0        3.0:9.0       2:55:13 AM    +0.46    34 4.118 :5.333  0-6-6

--------------------------------------------------------------

Engine-Match Tuesday, September 2, 2025 2:55:15 AM
 Blitz 10/5 

Pairing 1/3 :    C0BR4_v2.6_FIXED  -  SlowMate_v3.0

PGN-File: C:\Program Files (x86)\Arena\Tournaments\Engine Battle 20250901_2.pgn

No:  B/W 1/2     W:B       1:2           Time        Value Moves Dep 1:2       1-2-Draws
  13 B 2    1.0:0.0        0.0:13.0      2:56:29 AM    +0.28     4 4.000 :4.000  0-13-0

--------------------------------------------------------------

Engine-Match Tuesday, September 2, 2025 2:56:30 AM
 Blitz 10/5 

Pairing 2/3 :    V7P3R_v10.0  -  C0BR4_v2.6_FIXED

PGN-File: C:\Program Files (x86)\Arena\Tournaments\Engine Battle 20250901_2.pgn

No:  B/W 1/2     W:B       1:2           Time        Value Moves Dep 1:2       1-2-Draws
  13 W 1    1.0:0.0        13.0:0.0      2:58:25 AM    +8.00     7 6.000 :4.000  13-0-0

--------------------------------------------------------------

Engine-Match Tuesday, September 2, 2025 2:58:26 AM
 Blitz 10/5 

Pairing 3/3 :    SlowMate_v3.0  -  V7P3R_v10.0

PGN-File: C:\Program Files (x86)\Arena\Tournaments\Engine Battle 20250901_2.pgn

No:  B/W 1/2     W:B       1:2           Time        Value Moves Dep 1:2       1-2-Draws
  13 B 2    4.0:3.0        3.0:10.0      3:16:57 AM  -289.99    48 3.976 :5.125  0-7-6

--------------------------------------------------------------

Engine-Match Tuesday, September 2, 2025 3:16:59 AM
 Blitz 10/5 

Pairing 1/3 :    C0BR4_v2.6_FIXED  -  SlowMate_v3.0

PGN-File: C:\Program Files (x86)\Arena\Tournaments\Engine Battle 20250901_2.pgn

No:  B/W 1/2     W:B       1:2           Time        Value Moves Dep 1:2       1-2-Draws
  14 W 2    1.0:0.0        0.0:14.0      3:18:44 AM    +2.20     6 4.000 :4.429  0-14-0

--------------------------------------------------------------

Engine-Match Tuesday, September 2, 2025 3:18:50 AM
 Blitz 10/5 

Pairing 2/3 :    V7P3R_v10.0  -  C0BR4_v2.6_FIXED

PGN-File: C:\Program Files (x86)\Arena\Tournaments\Engine Battle 20250901_2.pgn

No:  B/W 1/2     W:B       1:2           Time        Value Moves Dep 1:2       1-2-Draws
  14 B 1    1.0:0.0        14.0:0.0      3:19:42 AM    -4.20     5 5.333 :4.000  14-0-0

--------------------------------------------------------------

Engine-Match Tuesday, September 2, 2025 3:19:43 AM
 Blitz 10/5 

Pairing 3/3 :    SlowMate_v3.0  -  V7P3R_v10.0

PGN-File: C:\Program Files (x86)\Arena\Tournaments\Engine Battle 20250901_2.pgn

No:  B/W 1/2     W:B       1:2           Time        Value Moves Dep 1:2       1-2-Draws
  14 = =    3.5:3.5        3.5:10.5      3:33:19 AM    +0.34    36 4.118 :5.278  0-7-7

--------------------------------------------------------------

Engine-Match Tuesday, September 2, 2025 3:33:20 AM
 Blitz 10/5 

Pairing 1/3 :    C0BR4_v2.6_FIXED  -  SlowMate_v3.0

PGN-File: C:\Program Files (x86)\Arena\Tournaments\Engine Battle 20250901_2.pgn

No:  B/W 1/2     W:B       1:2           Time        Value Moves Dep 1:2       1-2-Draws
  15 B 2    1.0:0.0        0.0:15.0      3:35:06 AM    -4.06     6 4.000 :4.286  0-15-0

--------------------------------------------------------------

Engine-Match Tuesday, September 2, 2025 3:35:07 AM
 Blitz 10/5 

Pairing 2/3 :    V7P3R_v10.0  -  C0BR4_v2.6_FIXED

PGN-File: C:\Program Files (x86)\Arena\Tournaments\Engine Battle 20250901_2.pgn

No:  B/W 1/2     W:B       1:2           Time        Value Moves Dep 1:2       1-2-Draws
  15 W 1    1.0:0.0        15.0:0.0      3:36:51 AM   +12.50     9 5.500 :4.000  15-0-0

--------------------------------------------------------------

Engine-Match Tuesday, September 2, 2025 3:36:52 AM
 Blitz 10/5 

Pairing 3/3 :    SlowMate_v3.0  -  V7P3R_v10.0

PGN-File: C:\Program Files (x86)\Arena\Tournaments\Engine Battle 20250901_2.pgn

No:  B/W 1/2     W:B       1:2           Time        Value Moves Dep 1:2       1-2-Draws
  15 = =    4.0:4.0        4.0:11.0      3:51:07 AM    -2.80    33 4.030 :5.242  0-7-8

--------------------------------------------------------------

Engine-Match Tuesday, September 2, 2025 3:51:09 AM
 Blitz 10/5 

Pairing 1/3 :    C0BR4_v2.6_FIXED  -  SlowMate_v3.0

PGN-File: C:\Program Files (x86)\Arena\Tournaments\Engine Battle 20250901_2.pgn

No:  B/W 1/2     W:B       1:2           Time        Value Moves Dep 1:2       1-2-Draws
  16 W 2    1.0:0.0        0.0:16.0      3:52:39 AM    +2.46     5 4.000 :4.333  0-16-0

--------------------------------------------------------------

Engine-Match Tuesday, September 2, 2025 3:52:41 AM
 Blitz 10/5 

Pairing 2/3 :    V7P3R_v10.0  -  C0BR4_v2.6_FIXED

PGN-File: C:\Program Files (x86)\Arena\Tournaments\Engine Battle 20250901_2.pgn

No:  B/W 1/2     W:B       1:2           Time        Value Moves Dep 1:2       1-2-Draws
  16 B 1    1.0:0.0        16.0:0.0      3:54:39 AM    -4.10     6 5.714 :4.000  16-0-0

--------------------------------------------------------------

Engine-Match Tuesday, September 2, 2025 3:54:40 AM
 Blitz 10/5 

Pairing 3/3 :    SlowMate_v3.0  -  V7P3R_v10.0

PGN-File: C:\Program Files (x86)\Arena\Tournaments\Engine Battle 20250901_2.pgn

No:  B/W 1/2     W:B       1:2           Time        Value Moves Dep 1:2       1-2-Draws
  16 = =    4.5:4.5        4.5:11.5      4:08:14 AM    +0.34    36 4.118 :5.278  0-7-9

--------------------------------------------------------------

Engine-Match Tuesday, September 2, 2025 4:08:15 AM
 Blitz 10/5 

Pairing 1/3 :    C0BR4_v2.6_FIXED  -  SlowMate_v3.0

PGN-File: C:\Program Files (x86)\Arena\Tournaments\Engine Battle 20250901_2.pgn

No:  B/W 1/2     W:B       1:2           Time        Value Moves Dep 1:2       1-2-Draws
  17 B 2    1.0:0.0        0.0:17.0      4:09:12 AM    -0.89     3 0:4.750  0-17-0

--------------------------------------------------------------

Engine-Match Tuesday, September 2, 2025 4:09:13 AM
 Blitz 10/5 

Pairing 2/3 :    V7P3R_v10.0  -  C0BR4_v2.6_FIXED

PGN-File: C:\Program Files (x86)\Arena\Tournaments\Engine Battle 20250901_2.pgn

No:  B/W 1/2     W:B       1:2           Time        Value Moves Dep 1:2       1-2-Draws
  17 W 1    1.0:0.0        17.0:0.0      4:11:08 AM    +8.00     7 6.000 :4.000  17-0-0

--------------------------------------------------------------

Engine-Match Tuesday, September 2, 2025 4:11:10 AM
 Blitz 10/5 

Pairing 3/3 :    SlowMate_v3.0  -  V7P3R_v10.0

PGN-File: C:\Program Files (x86)\Arena\Tournaments\Engine Battle 20250901_2.pgn

No:  B/W 1/2     W:B       1:2           Time        Value Moves Dep 1:2       1-2-Draws
  17 = =    5.0:5.0        5.0:12.0      4:26:19 AM    -0.30    36 4.032 :5.333  0-7-10

--------------------------------------------------------------

Engine-Match Tuesday, September 2, 2025 4:26:20 AM
 Blitz 10/5 

Pairing 1/3 :    C0BR4_v2.6_FIXED  -  SlowMate_v3.0

PGN-File: C:\Program Files (x86)\Arena\Tournaments\Engine Battle 20250901_2.pgn

No:  B/W 1/2     W:B       1:2           Time        Value Moves Dep 1:2       1-2-Draws
  18 W 2    1.0:0.0        0.0:18.0      4:27:00 AM    +1.02     2 0:4.333  0-18-0

--------------------------------------------------------------

Engine-Match Tuesday, September 2, 2025 4:27:01 AM
 Blitz 10/5 

Pairing 2/3 :    V7P3R_v10.0  -  C0BR4_v2.6_FIXED

PGN-File: C:\Program Files (x86)\Arena\Tournaments\Engine Battle 20250901_2.pgn

No:  B/W 1/2     W:B       1:2           Time        Value Moves Dep 1:2       1-2-Draws
  18 B 1    1.0:0.0        18.0:0.0      4:30:08 AM    -7.30    14 5.133 :4.000  18-0-0

--------------------------------------------------------------

Engine-Match Tuesday, September 2, 2025 4:30:09 AM
 Blitz 10/5 

Pairing 3/3 :    SlowMate_v3.0  -  V7P3R_v10.0

PGN-File: C:\Program Files (x86)\Arena\Tournaments\Engine Battle 20250901_2.pgn

No:  B/W 1/2     W:B       1:2           Time        Value Moves Dep 1:2       1-2-Draws
  18 = =    5.5:5.5        5.5:12.5      4:43:43 AM    +0.34    36 4.118 :5.278  0-7-11

--------------------------------------------------------------

Engine-Match Tuesday, September 2, 2025 4:43:44 AM
 Blitz 10/5 

Pairing 1/3 :    C0BR4_v2.6_FIXED  -  SlowMate_v3.0

PGN-File: C:\Program Files (x86)\Arena\Tournaments\Engine Battle 20250901_2.pgn

No:  B/W 1/2     W:B       1:2           Time        Value Moves Dep 1:2       1-2-Draws
  19 B 2    1.0:0.0        0.0:19.0      4:46:04 AM   -10.43     8 4.000 :4.667  0-19-0

--------------------------------------------------------------

Engine-Match Tuesday, September 2, 2025 4:46:05 AM
 Blitz 10/5 

Pairing 2/3 :    V7P3R_v10.0  -  C0BR4_v2.6_FIXED

PGN-File: C:\Program Files (x86)\Arena\Tournaments\Engine Battle 20250901_2.pgn

No:  B/W 1/2     W:B       1:2           Time        Value Moves Dep 1:2       1-2-Draws
  19 W 1    1.0:0.0        19.0:0.0      4:48:57 AM    +1.00    18 5.158 :4.000  19-0-0

--------------------------------------------------------------

Engine-Match Tuesday, September 2, 2025 4:48:58 AM
 Blitz 10/5 

Pairing 3/3 :    SlowMate_v3.0  -  V7P3R_v10.0

PGN-File: C:\Program Files (x86)\Arena\Tournaments\Engine Battle 20250901_2.pgn

No:  B/W 1/2     W:B       1:2           Time        Value Moves Dep 1:2       1-2-Draws
  19 = =    6.0:6.0        6.0:13.0      5:04:18 AM    -0.30    36 4.032 :5.333  0-7-12

--------------------------------------------------------------

Engine-Match Tuesday, September 2, 2025 5:04:19 AM
 Blitz 10/5 

Pairing 1/3 :    C0BR4_v2.6_FIXED  -  SlowMate_v3.0

PGN-File: C:\Program Files (x86)\Arena\Tournaments\Engine Battle 20250901_2.pgn

No:  B/W 1/2     W:B       1:2           Time        Value Moves Dep 1:2       1-2-Draws
  20 W 2    1.0:0.0        0.0:20.0      5:05:50 AM    +2.46     5 4.000 :4.333  0-20-0

--------------------------------------------------------------

Engine-Match Tuesday, September 2, 2025 5:05:51 AM
 Blitz 10/5 

Pairing 2/3 :    V7P3R_v10.0  -  C0BR4_v2.6_FIXED

PGN-File: C:\Program Files (x86)\Arena\Tournaments\Engine Battle 20250901_2.pgn

No:  B/W 1/2     W:B       1:2           Time        Value Moves Dep 1:2       1-2-Draws
  20 B 1    1.0:0.0        20.0:0.0      5:08:07 AM    -5.60     9 5.800 :4.000  20-0-0

--------------------------------------------------------------

Engine-Match Tuesday, September 2, 2025 5:08:08 AM
 Blitz 10/5 

Pairing 3/3 :    SlowMate_v3.0  -  V7P3R_v10.0

PGN-File: C:\Program Files (x86)\Arena\Tournaments\Engine Battle 20250901_2.pgn

No:  B/W 1/2     W:B       1:2           Time        Value Moves Dep 1:2       1-2-Draws
  20 = =    6.5:6.5        6.5:13.5      5:21:49 AM    -2.38    37 3.905 :5.000  0-7-13
