Engine-Match Monday, September 1, 2025 1:46:43 AM
 Blitz 10/5 

Pairing 1/10 :    SlowMate_v3.0  -  V7P3R_v10.0

PGN-File: C:\Program Files (x86)\Arena\Tournaments\Engine Battle 20250901.pgn

No:  B/W 1/2     W:B       1:2           Time        Value Moves Dep 1:2       1-2-Draws
   1 B 2    1.0:0.0        0.0:1.0       2:05:16 AM  -289.99    45 4.289 :5.333  0-1-0

--------------------------------------------------------------

Engine-Match Monday, September 1, 2025 2:05:17 AM
 Blitz 10/5 

Pairing 2/10 :    Stockfish 1%  -  Random_Opponent

PGN-File: C:\Program Files (x86)\Arena\Tournaments\Engine Battle 20250901.pgn

No:  B/W 1/2     W:B       1:2           Time        Value Moves Dep 1:2       1-2-Draws
   1 W 1    1.0:0.0        1.0:0.0       2:05:30 AM      +M1    13 27.308 :0 1-0-0

--------------------------------------------------------------

Engine-Match Monday, September 1, 2025 2:05:32 AM
 Blitz 10/5 

Pairing 3/10 :    C0BR4_v2.5  -  Stockfish 1%

PGN-File: C:\Program Files (x86)\Arena\Tournaments\Engine Battle 20250901.pgn

No:  B/W 1/2     W:B       1:2           Time        Value Moves Dep 1:2       1-2-Draws
   1 B 2    1.0:0.0        0.0:1.0       2:05:42 AM    -5.43     9 4.000 :17.300  0-1-0

--------------------------------------------------------------

Engine-Match Monday, September 1, 2025 2:05:44 AM
 Blitz 10/5 

Pairing 4/10 :    Random_Opponent  -  SlowMate_v3.0

PGN-File: C:\Program Files (x86)\Arena\Tournaments\Engine Battle 20250901.pgn

No:  B/W 1/2     W:B       1:2           Time        Value Moves Dep 1:2       1-2-Draws
   1 = =    0.5:0.5        0.5:0.5       2:17:14 AM  -200.00    55 0:3.945  0-0-1

--------------------------------------------------------------

Engine-Match Monday, September 1, 2025 2:17:15 AM
 Blitz 10/5 

Pairing 5/10 :    V7P3R_v10.0  -  Random_Opponent

PGN-File: C:\Program Files (x86)\Arena\Tournaments\Engine Battle 20250901.pgn

No:  B/W 1/2     W:B       1:2           Time        Value Moves Dep 1:2       1-2-Draws
   1 W 1    1.0:0.0        1.0:0.0       2:20:40 AM  +289.99    17 5.588 :0 1-0-0

--------------------------------------------------------------

Engine-Match Monday, September 1, 2025 2:20:41 AM
 Blitz 10/5 

Pairing 6/10 :    SlowMate_v3.0  -  C0BR4_v2.5

PGN-File: C:\Program Files (x86)\Arena\Tournaments\Engine Battle 20250901.pgn

No:  B/W 1/2     W:B       1:2           Time        Value Moves Dep 1:2       1-2-Draws
   1 W 1    1.0:0.0        1.0:0.0       2:23:34 AM    +1.97    10 4.091 :4.000  1-0-0

--------------------------------------------------------------

Engine-Match Monday, September 1, 2025 2:23:35 AM
 Blitz 10/5 

Pairing 7/10 :    Stockfish 1%  -  SlowMate_v3.0

PGN-File: C:\Program Files (x86)\Arena\Tournaments\Engine Battle 20250901.pgn

No:  B/W 1/2     W:B       1:2           Time        Value Moves Dep 1:2       1-2-Draws
   1 W 1    1.0:0.0        1.0:0.0       2:29:16 AM      +M1    23 17.889 :4.500  1-0-0

--------------------------------------------------------------

Engine-Match Monday, September 1, 2025 2:29:18 AM
 Blitz 10/5 

Pairing 8/10 :    C0BR4_v2.5  -  V7P3R_v10.0

PGN-File: C:\Program Files (x86)\Arena\Tournaments\Engine Battle 20250901.pgn

No:  B/W 1/2     W:B       1:2           Time        Value Moves Dep 1:2       1-2-Draws
   1 B 2    1.0:0.0        0.0:1.0       2:29:59 AM    -4.10     3 0:5.500  0-1-0

--------------------------------------------------------------

Engine-Match Monday, September 1, 2025 2:30:01 AM
 Blitz 10/5 

Pairing 9/10 :    Random_Opponent  -  C0BR4_v2.5

PGN-File: C:\Program Files (x86)\Arena\Tournaments\Engine Battle 20250901.pgn

No:  B/W 1/2     W:B       1:2           Time        Value Moves Dep 1:2       1-2-Draws
   1 W 1    1.0:0.0        1.0:0.0       2:30:18 AM     0.00    21 0:4.000  1-0-0

--------------------------------------------------------------

Engine-Match Monday, September 1, 2025 2:30:20 AM
 Blitz 10/5 

Pairing 10/10 :    V7P3R_v10.0  -  Stockfish 1%

PGN-File: C:\Program Files (x86)\Arena\Tournaments\Engine Battle 20250901.pgn

No:  B/W 1/2     W:B       1:2           Time        Value Moves Dep 1:2       1-2-Draws
   1 B 2    1.0:0.0        0.0:1.0       2:34:28 AM   -13.70    25 5.520 :17.789  0-1-0

--------------------------------------------------------------

Engine-Match Monday, September 1, 2025 2:34:30 AM
 Blitz 10/5 

Pairing 1/10 :    SlowMate_v3.0  -  V7P3R_v10.0

PGN-File: C:\Program Files (x86)\Arena\Tournaments\Engine Battle 20250901.pgn

No:  B/W 1/2     W:B       1:2           Time        Value Moves Dep 1:2       1-2-Draws
   2 = =    0.5:0.5        0.5:1.5       2:48:11 AM    +0.34    36 4.118 :5.278  0-1-1

--------------------------------------------------------------

Engine-Match Monday, September 1, 2025 2:48:12 AM
 Blitz 10/5 

Pairing 2/10 :    Stockfish 1%  -  Random_Opponent

PGN-File: C:\Program Files (x86)\Arena\Tournaments\Engine Battle 20250901.pgn

No:  B/W 1/2     W:B       1:2           Time        Value Moves Dep 1:2       1-2-Draws
   2 B 1    1.0:0.0        2.0:0.0       2:48:24 AM      -M1    12 23.500 :0 2-0-0

--------------------------------------------------------------

Engine-Match Monday, September 1, 2025 2:48:26 AM
 Blitz 10/5 

Pairing 3/10 :    C0BR4_v2.5  -  Stockfish 1%

PGN-File: C:\Program Files (x86)\Arena\Tournaments\Engine Battle 20250901.pgn

No:  B/W 1/2     W:B       1:2           Time        Value Moves Dep 1:2       1-2-Draws
   2 W 2    1.0:0.0        0.0:2.0       2:48:37 AM    +6.31     8 4.000 :16.889  0-2-0

--------------------------------------------------------------

Engine-Match Monday, September 1, 2025 2:48:38 AM
 Blitz 10/5 

Pairing 4/10 :    Random_Opponent  -  SlowMate_v3.0

PGN-File: C:\Program Files (x86)\Arena\Tournaments\Engine Battle 20250901.pgn

No:  B/W 1/2     W:B       1:2           Time        Value Moves Dep 1:2       1-2-Draws
   2 W 2    1.5:0.5        0.5:1.5       3:00:12 AM  +157.31    56 0:3.964  0-1-1

--------------------------------------------------------------

Engine-Match Monday, September 1, 2025 3:00:13 AM
 Blitz 10/5 

Pairing 5/10 :    V7P3R_v10.0  -  Random_Opponent

PGN-File: C:\Program Files (x86)\Arena\Tournaments\Engine Battle 20250901.pgn

No:  B/W 1/2     W:B       1:2           Time        Value Moves Dep 1:2       1-2-Draws
   2 B 1    1.0:0.0        2.0:0.0       3:01:12 AM  -289.99     6 5.667 :0 2-0-0

--------------------------------------------------------------

Engine-Match Monday, September 1, 2025 3:01:13 AM
 Blitz 10/5 

Pairing 6/10 :    SlowMate_v3.0  -  C0BR4_v2.5

PGN-File: C:\Program Files (x86)\Arena\Tournaments\Engine Battle 20250901.pgn

No:  B/W 1/2     W:B       1:2           Time        Value Moves Dep 1:2       1-2-Draws
   2 B 1    1.0:0.0        2.0:0.0       3:02:27 AM    +0.28     4 4.000 :4.000  2-0-0

--------------------------------------------------------------

Engine-Match Monday, September 1, 2025 3:02:28 AM
 Blitz 10/5 

Pairing 7/10 :    Stockfish 1%  -  SlowMate_v3.0

PGN-File: C:\Program Files (x86)\Arena\Tournaments\Engine Battle 20250901.pgn

No:  B/W 1/2     W:B       1:2           Time        Value Moves Dep 1:2       1-2-Draws
   2 B 1    1.0:0.0        2.0:0.0       3:10:49 AM      -M1    35 18.444 :4.000  2-0-0

--------------------------------------------------------------

Engine-Match Monday, September 1, 2025 3:10:50 AM
 Blitz 10/5 

Pairing 8/10 :    C0BR4_v2.5  -  V7P3R_v10.0

PGN-File: C:\Program Files (x86)\Arena\Tournaments\Engine Battle 20250901.pgn

No:  B/W 1/2     W:B       1:2           Time        Value Moves Dep 1:2       1-2-Draws
   2 W 2    1.0:0.0        0.0:2.0       3:14:07 AM    +6.70    14 4.000 :5.467  0-2-0

--------------------------------------------------------------

Engine-Match Monday, September 1, 2025 3:14:08 AM
 Blitz 10/5 

Pairing 9/10 :    Random_Opponent  -  C0BR4_v2.5

PGN-File: C:\Program Files (x86)\Arena\Tournaments\Engine Battle 20250901.pgn

No:  B/W 1/2     W:B       1:2           Time        Value Moves Dep 1:2       1-2-Draws
   2 B 1    1.0:0.0        2.0:0.0       3:14:14 AM     0.00     6 0:4.000  2-0-0

--------------------------------------------------------------

Engine-Match Monday, September 1, 2025 3:14:15 AM
 Blitz 10/5 

Pairing 10/10 :    V7P3R_v10.0  -  Stockfish 1%

PGN-File: C:\Program Files (x86)\Arena\Tournaments\Engine Battle 20250901.pgn

No:  B/W 1/2     W:B       1:2           Time        Value Moves Dep 1:2       1-2-Draws
   2 W 2    1.0:0.0        0.0:2.0       3:25:26 AM   +17.50    69 5.523 :17.526  0-2-0

--------------------------------------------------------------

Engine-Match Monday, September 1, 2025 3:25:32 AM
 Blitz 10/5 

Pairing 1/10 :    SlowMate_v3.0  -  V7P3R_v10.0

PGN-File: C:\Program Files (x86)\Arena\Tournaments\Engine Battle 20250901.pgn

No:  B/W 1/2     W:B       1:2           Time        Value Moves Dep 1:2       1-2-Draws
   3 = =    1.0:1.0        1.0:2.0       3:40:02 AM    -2.80    33 4.030 :5.273  0-1-2

--------------------------------------------------------------

Engine-Match Monday, September 1, 2025 3:40:03 AM
 Blitz 10/5 

Pairing 2/10 :    Stockfish 1%  -  Random_Opponent

PGN-File: C:\Program Files (x86)\Arena\Tournaments\Engine Battle 20250901.pgn

No:  B/W 1/2     W:B       1:2           Time        Value Moves Dep 1:2       1-2-Draws
   3 W 1    1.0:0.0        3.0:0.0       3:40:18 AM      +M1    15 27.267 :0 3-0-0

--------------------------------------------------------------

Engine-Match Monday, September 1, 2025 3:40:19 AM
 Blitz 10/5 

Pairing 3/10 :    C0BR4_v2.5  -  Stockfish 1%

PGN-File: C:\Program Files (x86)\Arena\Tournaments\Engine Battle 20250901.pgn

No:  B/W 1/2     W:B       1:2           Time        Value Moves Dep 1:2       1-2-Draws
   3 B 2    1.0:0.0        0.0:3.0       3:40:34 AM    -6.02    11 4.000 :17.250  0-3-0

--------------------------------------------------------------

Engine-Match Monday, September 1, 2025 3:40:35 AM
 Blitz 10/5 

Pairing 4/10 :    Random_Opponent  -  SlowMate_v3.0

PGN-File: C:\Program Files (x86)\Arena\Tournaments\Engine Battle 20250901.pgn

No:  B/W 1/2     W:B       1:2           Time        Value Moves Dep 1:2       1-2-Draws
   3 = =    1.0:1.0        1.0:2.0       3:48:44 AM  -200.00    35 0:4.200  0-1-2

--------------------------------------------------------------

Engine-Match Monday, September 1, 2025 3:48:45 AM
 Blitz 10/5 

Pairing 5/10 :    V7P3R_v10.0  -  Random_Opponent

PGN-File: C:\Program Files (x86)\Arena\Tournaments\Engine Battle 20250901.pgn

No:  B/W 1/2     W:B       1:2           Time        Value Moves Dep 1:2       1-2-Draws
   3 W 1    1.0:0.0        3.0:0.0       3:51:07 AM  +289.98     9 5.889 :0 3-0-0

--------------------------------------------------------------

Engine-Match Monday, September 1, 2025 3:51:09 AM
 Blitz 10/5 

Pairing 6/10 :    SlowMate_v3.0  -  C0BR4_v2.5

PGN-File: C:\Program Files (x86)\Arena\Tournaments\Engine Battle 20250901.pgn

No:  B/W 1/2     W:B       1:2           Time        Value Moves Dep 1:2       1-2-Draws
   3 W 1    1.0:0.0        3.0:0.0       3:52:36 AM    +2.54     5 4.500 :4.000  3-0-0

--------------------------------------------------------------

Engine-Match Monday, September 1, 2025 3:52:37 AM
 Blitz 10/5 

Pairing 7/10 :    Stockfish 1%  -  SlowMate_v3.0

PGN-File: C:\Program Files (x86)\Arena\Tournaments\Engine Battle 20250901.pgn

No:  B/W 1/2     W:B       1:2           Time        Value Moves Dep 1:2       1-2-Draws
   3 W 1    1.0:0.0        3.0:0.0       3:58:08 AM      +M1    22 19.333 :3.571  3-0-0

--------------------------------------------------------------

Engine-Match Monday, September 1, 2025 3:58:09 AM
 Blitz 10/5 

Pairing 8/10 :    C0BR4_v2.5  -  V7P3R_v10.0

PGN-File: C:\Program Files (x86)\Arena\Tournaments\Engine Battle 20250901.pgn

No:  B/W 1/2     W:B       1:2           Time        Value Moves Dep 1:2       1-2-Draws
   3 B 2    1.0:0.0        0.0:3.0       3:59:02 AM    -4.20     5 4.000 :5.333  0-3-0

--------------------------------------------------------------

Engine-Match Monday, September 1, 2025 3:59:03 AM
 Blitz 10/5 

Pairing 9/10 :    Random_Opponent  -  C0BR4_v2.5

PGN-File: C:\Program Files (x86)\Arena\Tournaments\Engine Battle 20250901.pgn

No:  B/W 1/2     W:B       1:2           Time        Value Moves Dep 1:2       1-2-Draws
   3 W 1    1.0:0.0        3.0:0.0       3:59:09 AM     0.00     7 0:4.000  3-0-0

--------------------------------------------------------------

Engine-Match Monday, September 1, 2025 3:59:10 AM
 Blitz 10/5 

Pairing 10/10 :    V7P3R_v10.0  -  Stockfish 1%

PGN-File: C:\Program Files (x86)\Arena\Tournaments\Engine Battle 20250901.pgn

No:  B/W 1/2     W:B       1:2           Time        Value Moves Dep 1:2       1-2-Draws
   3 B 2    1.0:0.0        0.0:3.0       4:02:56 AM   -19.60    22 5.636 :17.857  0-3-0

--------------------------------------------------------------

Engine-Match Monday, September 1, 2025 4:02:57 AM
 Blitz 10/5 

Pairing 1/10 :    SlowMate_v3.0  -  V7P3R_v10.0

PGN-File: C:\Program Files (x86)\Arena\Tournaments\Engine Battle 20250901.pgn

No:  B/W 1/2     W:B       1:2           Time        Value Moves Dep 1:2       1-2-Draws
   4 = =    1.5:1.5        1.5:2.5       4:16:44 AM    +0.34    36 4.118 :5.333  0-1-3

--------------------------------------------------------------

Engine-Match Monday, September 1, 2025 4:16:45 AM
 Blitz 10/5 

Pairing 2/10 :    Stockfish 1%  -  Random_Opponent

PGN-File: C:\Program Files (x86)\Arena\Tournaments\Engine Battle 20250901.pgn

No:  B/W 1/2     W:B       1:2           Time        Value Moves Dep 1:2       1-2-Draws
   4 B 1    1.0:0.0        4.0:0.0       4:16:57 AM      -M1    13 23.462 :0 4-0-0

--------------------------------------------------------------

Engine-Match Monday, September 1, 2025 4:16:59 AM
 Blitz 10/5 

Pairing 3/10 :    C0BR4_v2.5  -  Stockfish 1%

PGN-File: C:\Program Files (x86)\Arena\Tournaments\Engine Battle 20250901.pgn

No:  B/W 1/2     W:B       1:2           Time        Value Moves Dep 1:2       1-2-Draws
   4 W 2    1.0:0.0        0.0:4.0       4:17:04 AM    +1.04     4 4.000 :17.600  0-4-0

--------------------------------------------------------------

Engine-Match Monday, September 1, 2025 4:17:05 AM
 Blitz 10/5 

Pairing 4/10 :    Random_Opponent  -  SlowMate_v3.0

PGN-File: C:\Program Files (x86)\Arena\Tournaments\Engine Battle 20250901.pgn

No:  B/W 1/2     W:B       1:2           Time        Value Moves Dep 1:2       1-2-Draws
   4 W 2    2.0:1.0        1.0:3.0       4:23:18 AM   +57.86    25 0:3.880  0-2-2

--------------------------------------------------------------

Engine-Match Monday, September 1, 2025 4:23:20 AM
 Blitz 10/5 

Pairing 5/10 :    V7P3R_v10.0  -  Random_Opponent

PGN-File: C:\Program Files (x86)\Arena\Tournaments\Engine Battle 20250901.pgn

No:  B/W 1/2     W:B       1:2           Time        Value Moves Dep 1:2       1-2-Draws
   4 B 1    1.0:0.0        4.0:0.0       4:23:49 AM  -289.99     3 5.667 :0 4-0-0

--------------------------------------------------------------

Engine-Match Monday, September 1, 2025 4:23:50 AM
 Blitz 10/5 

Pairing 6/10 :    SlowMate_v3.0  -  C0BR4_v2.5

PGN-File: C:\Program Files (x86)\Arena\Tournaments\Engine Battle 20250901.pgn

No:  B/W 1/2     W:B       1:2           Time        Value Moves Dep 1:2       1-2-Draws
   4 B 1    1.0:0.0        4.0:0.0       4:25:04 AM    +0.28     4 4.000 :4.000  4-0-0

--------------------------------------------------------------

Engine-Match Monday, September 1, 2025 4:25:06 AM
 Blitz 10/5 

Pairing 7/10 :    Stockfish 1%  -  SlowMate_v3.0

PGN-File: C:\Program Files (x86)\Arena\Tournaments\Engine Battle 20250901.pgn

No:  B/W 1/2     W:B       1:2           Time        Value Moves Dep 1:2       1-2-Draws
   4 B 1    1.0:0.0        4.0:0.0       4:30:37 AM      -M1    21 18.950 :4.048  4-0-0

--------------------------------------------------------------

Engine-Match Monday, September 1, 2025 4:30:39 AM
 Blitz 10/5 

Pairing 8/10 :    C0BR4_v2.5  -  V7P3R_v10.0

PGN-File: C:\Program Files (x86)\Arena\Tournaments\Engine Battle 20250901.pgn

No:  B/W 1/2     W:B       1:2           Time        Value Moves Dep 1:2       1-2-Draws
   4 W 2    1.0:0.0        0.0:4.0       4:31:47 AM    +2.60     6 4.000 :5.571  0-4-0

--------------------------------------------------------------

Engine-Match Monday, September 1, 2025 4:31:48 AM
 Blitz 10/5 

Pairing 9/10 :    Random_Opponent  -  C0BR4_v2.5

PGN-File: C:\Program Files (x86)\Arena\Tournaments\Engine Battle 20250901.pgn

No:  B/W 1/2     W:B       1:2           Time        Value Moves Dep 1:2       1-2-Draws
   4 = =    0.5:0.5        3.5:0.5       4:32:08 AM   +39.52    38 0:4.000  3-0-1

--------------------------------------------------------------

Engine-Match Monday, September 1, 2025 4:32:10 AM
 Blitz 10/5 

Pairing 10/10 :    V7P3R_v10.0  -  Stockfish 1%

PGN-File: C:\Program Files (x86)\Arena\Tournaments\Engine Battle 20250901.pgn

No:  B/W 1/2     W:B       1:2           Time        Value Moves Dep 1:2       1-2-Draws
   4 W 2    1.0:0.0        0.0:4.0       4:35:35 AM   +10.60    18 5.444 :17.833  0-4-0

--------------------------------------------------------------

Engine-Match Monday, September 1, 2025 4:35:41 AM
 Blitz 10/5 

Pairing 1/10 :    SlowMate_v3.0  -  V7P3R_v10.0

PGN-File: C:\Program Files (x86)\Arena\Tournaments\Engine Battle 20250901.pgn

No:  B/W 1/2     W:B       1:2           Time        Value Moves Dep 1:2       1-2-Draws
   5 = =    2.0:2.0        2.0:3.0       4:50:57 AM    -0.30    36 4.032 :5.333  0-1-4

--------------------------------------------------------------

Engine-Match Monday, September 1, 2025 4:50:58 AM
 Blitz 10/5 

Pairing 2/10 :    Stockfish 1%  -  Random_Opponent

PGN-File: C:\Program Files (x86)\Arena\Tournaments\Engine Battle 20250901.pgn

No:  B/W 1/2     W:B       1:2           Time        Value Moves Dep 1:2       1-2-Draws
   5 W 1    1.0:0.0        5.0:0.0       4:51:06 AM      +M1     7 26.857 :0 5-0-0

--------------------------------------------------------------

Engine-Match Monday, September 1, 2025 4:51:07 AM
 Blitz 10/5 

Pairing 3/10 :    C0BR4_v2.5  -  Stockfish 1%

PGN-File: C:\Program Files (x86)\Arena\Tournaments\Engine Battle 20250901.pgn

No:  B/W 1/2     W:B       1:2           Time        Value Moves Dep 1:2       1-2-Draws
   5 B 2    1.0:0.0        0.0:5.0       4:51:18 AM    -4.22     7 4.000 :17.625  0-5-0

--------------------------------------------------------------

Engine-Match Monday, September 1, 2025 4:51:19 AM
 Blitz 10/5 

Pairing 4/10 :    Random_Opponent  -  SlowMate_v3.0

PGN-File: C:\Program Files (x86)\Arena\Tournaments\Engine Battle 20250901.pgn

No:  B/W 1/2     W:B       1:2           Time        Value Moves Dep 1:2       1-2-Draws
   5 B 2    2.0:1.0        1.0:4.0       4:58:05 AM   -73.32    28 0:4.357  0-3-2

--------------------------------------------------------------

Engine-Match Monday, September 1, 2025 4:58:07 AM
 Blitz 10/5 

Pairing 5/10 :    V7P3R_v10.0  -  Random_Opponent

PGN-File: C:\Program Files (x86)\Arena\Tournaments\Engine Battle 20250901.pgn

No:  B/W 1/2     W:B       1:2           Time        Value Moves Dep 1:2       1-2-Draws
   5 W 1    1.0:0.0        5.0:0.0       5:02:21 AM  +289.99    22 5.773 :0 5-0-0

--------------------------------------------------------------

Engine-Match Monday, September 1, 2025 5:02:22 AM
 Blitz 10/5 

Pairing 6/10 :    SlowMate_v3.0  -  C0BR4_v2.5

PGN-File: C:\Program Files (x86)\Arena\Tournaments\Engine Battle 20250901.pgn

No:  B/W 1/2     W:B       1:2           Time        Value Moves Dep 1:2       1-2-Draws
   5 W 1    1.0:0.0        5.0:0.0       5:03:01 AM    +1.02     2 4.333 :0 5-0-0

--------------------------------------------------------------

Engine-Match Monday, September 1, 2025 5:03:03 AM
 Blitz 10/5 

Pairing 7/10 :    Stockfish 1%  -  SlowMate_v3.0

PGN-File: C:\Program Files (x86)\Arena\Tournaments\Engine Battle 20250901.pgn

No:  B/W 1/2     W:B       1:2           Time        Value Moves Dep 1:2       1-2-Draws
   5 W 1    1.0:0.0        5.0:0.0       5:08:46 AM      +M1    23 18.190 :4.364  5-0-0

--------------------------------------------------------------

Engine-Match Monday, September 1, 2025 5:08:48 AM
 Blitz 10/5 

Pairing 8/10 :    C0BR4_v2.5  -  V7P3R_v10.0

PGN-File: C:\Program Files (x86)\Arena\Tournaments\Engine Battle 20250901.pgn

No:  B/W 1/2     W:B       1:2           Time        Value Moves Dep 1:2       1-2-Draws
   5 B 2    1.0:0.0        0.0:5.0       5:10:55 AM    -5.60     9 4.000 :5.800  0-5-0

--------------------------------------------------------------

Engine-Match Monday, September 1, 2025 5:10:56 AM
 Blitz 10/5 

Pairing 9/10 :    Random_Opponent  -  C0BR4_v2.5

PGN-File: C:\Program Files (x86)\Arena\Tournaments\Engine Battle 20250901.pgn

No:  B/W 1/2     W:B       1:2           Time        Value Moves Dep 1:2       1-2-Draws
   5 W 1    1.5:0.5        4.5:0.5       5:11:11 AM     0.00    26 0:4.000  4-0-1

--------------------------------------------------------------

Engine-Match Monday, September 1, 2025 5:11:12 AM
 Blitz 10/5 

Pairing 10/10 :    V7P3R_v10.0  -  Stockfish 1%

PGN-File: C:\Program Files (x86)\Arena\Tournaments\Engine Battle 20250901.pgn

No:  B/W 1/2     W:B       1:2           Time        Value Moves Dep 1:2       1-2-Draws
   5 B 2    1.0:0.0        0.0:5.0       5:20:58 AM   -13.10    48 5.217 :17.040  0-5-0

--------------------------------------------------------------

Engine-Match Monday, September 1, 2025 5:21:00 AM
 Blitz 10/5 

Pairing 1/10 :    SlowMate_v3.0  -  V7P3R_v10.0

PGN-File: C:\Program Files (x86)\Arena\Tournaments\Engine Battle 20250901.pgn

No:  B/W 1/2     W:B       1:2           Time        Value Moves Dep 1:2       1-2-Draws
   6 = =    2.5:2.5        2.5:3.5       5:34:41 AM    +0.34    36 4.118 :5.278  0-1-5

--------------------------------------------------------------

Engine-Match Monday, September 1, 2025 5:34:42 AM
 Blitz 10/5 

Pairing 2/10 :    Stockfish 1%  -  Random_Opponent

PGN-File: C:\Program Files (x86)\Arena\Tournaments\Engine Battle 20250901.pgn

No:  B/W 1/2     W:B       1:2           Time        Value Moves Dep 1:2       1-2-Draws
   6 B 1    1.0:0.0        6.0:0.0       5:34:50 AM      -M1     5 41.000 :0 6-0-0

--------------------------------------------------------------

Engine-Match Monday, September 1, 2025 5:34:51 AM
 Blitz 10/5 

Pairing 3/10 :    C0BR4_v2.5  -  Stockfish 1%

PGN-File: C:\Program Files (x86)\Arena\Tournaments\Engine Battle 20250901.pgn

No:  B/W 1/2     W:B       1:2           Time        Value Moves Dep 1:2       1-2-Draws
   6 W 2    1.0:0.0        0.0:6.0       5:35:01 AM    +6.31     8 4.000 :16.667  0-6-0

--------------------------------------------------------------

Engine-Match Monday, September 1, 2025 5:35:03 AM
 Blitz 10/5 

Pairing 4/10 :    Random_Opponent  -  SlowMate_v3.0

PGN-File: C:\Program Files (x86)\Arena\Tournaments\Engine Battle 20250901.pgn

No:  B/W 1/2     W:B       1:2           Time        Value Moves Dep 1:2       1-2-Draws
   6 W 2    2.0:1.0        1.0:5.0       5:42:47 AM  +173.77    33 0:4.091  0-4-2

--------------------------------------------------------------

Engine-Match Monday, September 1, 2025 5:42:48 AM
 Blitz 10/5 

Pairing 5/10 :    V7P3R_v10.0  -  Random_Opponent

PGN-File: C:\Program Files (x86)\Arena\Tournaments\Engine Battle 20250901.pgn

No:  B/W 1/2     W:B       1:2           Time        Value Moves Dep 1:2       1-2-Draws
   6 B 1    1.0:0.0        6.0:0.0       5:47:09 AM  -289.99    26 5.800 :0 6-0-0

--------------------------------------------------------------

Engine-Match Monday, September 1, 2025 5:47:10 AM
 Blitz 10/5 

Pairing 6/10 :    SlowMate_v3.0  -  C0BR4_v2.5

PGN-File: C:\Program Files (x86)\Arena\Tournaments\Engine Battle 20250901.pgn

No:  B/W 1/2     W:B       1:2           Time        Value Moves Dep 1:2       1-2-Draws
   6 B 1    1.0:0.0        6.0:0.0       5:47:50 AM    +0.24     2 4.000 :0 6-0-0

--------------------------------------------------------------

Engine-Match Monday, September 1, 2025 5:47:51 AM
 Blitz 10/5 

Pairing 7/10 :    Stockfish 1%  -  SlowMate_v3.0

PGN-File: C:\Program Files (x86)\Arena\Tournaments\Engine Battle 20250901.pgn

No:  B/W 1/2     W:B       1:2           Time        Value Moves Dep 1:2       1-2-Draws
   6 B 1    1.0:0.0        6.0:0.0       5:53:21 AM      -M1    21 20.200 :4.143  6-0-0

--------------------------------------------------------------

Engine-Match Monday, September 1, 2025 5:53:22 AM
 Blitz 10/5 

Pairing 8/10 :    C0BR4_v2.5  -  V7P3R_v10.0

PGN-File: C:\Program Files (x86)\Arena\Tournaments\Engine Battle 20250901.pgn

No:  B/W 1/2     W:B       1:2           Time        Value Moves Dep 1:2       1-2-Draws
   6 W 2    1.0:0.0        0.0:6.0       5:54:53 AM    +6.20     7 4.000 :5.625  0-6-0

--------------------------------------------------------------

Engine-Match Monday, September 1, 2025 5:54:54 AM
 Blitz 10/5 

Pairing 9/10 :    Random_Opponent  -  C0BR4_v2.5

PGN-File: C:\Program Files (x86)\Arena\Tournaments\Engine Battle 20250901.pgn

No:  B/W 1/2     W:B       1:2           Time        Value Moves Dep 1:2       1-2-Draws
   6 B 1    1.5:0.5        5.5:0.5       5:55:08 AM     0.00    22 0:4.000  5-0-1

--------------------------------------------------------------

Engine-Match Monday, September 1, 2025 5:55:09 AM
 Blitz 10/5 

Pairing 10/10 :    V7P3R_v10.0  -  Stockfish 1%

PGN-File: C:\Program Files (x86)\Arena\Tournaments\Engine Battle 20250901.pgn

No:  B/W 1/2     W:B       1:2           Time        Value Moves Dep 1:2       1-2-Draws
   6 W 2    1.0:0.0        0.0:6.0       6:00:21 AM   +15.40    28 5.643 :17.250  0-6-0

--------------------------------------------------------------

Engine-Match Monday, September 1, 2025 6:00:27 AM
 Blitz 10/5 

Pairing 1/10 :    SlowMate_v3.0  -  V7P3R_v10.0

PGN-File: C:\Program Files (x86)\Arena\Tournaments\Engine Battle 20250901.pgn

No:  B/W 1/2     W:B       1:2           Time        Value Moves Dep 1:2       1-2-Draws
   7 B 2    3.5:2.5        2.5:4.5       6:19:03 AM  -289.99    48 3.976 :5.125  0-2-5

--------------------------------------------------------------

Engine-Match Monday, September 1, 2025 6:19:04 AM
 Blitz 10/5 

Pairing 2/10 :    Stockfish 1%  -  Random_Opponent

PGN-File: C:\Program Files (x86)\Arena\Tournaments\Engine Battle 20250901.pgn

No:  B/W 1/2     W:B       1:2           Time        Value Moves Dep 1:2       1-2-Draws
   7 W 1    1.0:0.0        7.0:0.0       6:19:16 AM      +M1    11 29.273 :0 7-0-0

--------------------------------------------------------------

Engine-Match Monday, September 1, 2025 6:19:17 AM
 Blitz 10/5 

Pairing 3/10 :    C0BR4_v2.5  -  Stockfish 1%

PGN-File: C:\Program Files (x86)\Arena\Tournaments\Engine Battle 20250901.pgn

No:  B/W 1/2     W:B       1:2           Time        Value Moves Dep 1:2       1-2-Draws
   7 B 2    1.0:0.0        0.0:7.0       6:19:26 AM    -1.06     7 4.000 :16.625  0-7-0

--------------------------------------------------------------

Engine-Match Monday, September 1, 2025 6:19:27 AM
 Blitz 10/5 

Pairing 4/10 :    Random_Opponent  -  SlowMate_v3.0

PGN-File: C:\Program Files (x86)\Arena\Tournaments\Engine Battle 20250901.pgn

No:  B/W 1/2     W:B       1:2           Time        Value Moves Dep 1:2       1-2-Draws
   7 = =    1.5:1.5        1.5:5.5       6:22:46 AM     0.00    13 0:4.333  0-4-3

--------------------------------------------------------------

Engine-Match Monday, September 1, 2025 6:22:47 AM
 Blitz 10/5 

Pairing 5/10 :    V7P3R_v10.0  -  Random_Opponent

PGN-File: C:\Program Files (x86)\Arena\Tournaments\Engine Battle 20250901.pgn

No:  B/W 1/2     W:B       1:2           Time        Value Moves Dep 1:2       1-2-Draws
   7 W 1    1.0:0.0        7.0:0.0       6:25:58 AM  +289.99    19 5.053 :0 7-0-0

--------------------------------------------------------------

Engine-Match Monday, September 1, 2025 6:26:00 AM
 Blitz 10/5 

Pairing 6/10 :    SlowMate_v3.0  -  C0BR4_v2.5

PGN-File: C:\Program Files (x86)\Arena\Tournaments\Engine Battle 20250901.pgn

No:  B/W 1/2     W:B       1:2           Time        Value Moves Dep 1:2       1-2-Draws
   7 W 1    1.0:0.0        7.0:0.0       6:27:30 AM    +2.46     5 4.333 :4.000  7-0-0

--------------------------------------------------------------

Engine-Match Monday, September 1, 2025 6:27:32 AM
 Blitz 10/5 

Pairing 7/10 :    Stockfish 1%  -  SlowMate_v3.0

PGN-File: C:\Program Files (x86)\Arena\Tournaments\Engine Battle 20250901.pgn

No:  B/W 1/2     W:B       1:2           Time        Value Moves Dep 1:2       1-2-Draws
   7 W 1    1.0:0.0        7.0:0.0       6:34:51 AM   +13.38    30 17.083 :3.900  7-0-0

--------------------------------------------------------------

Engine-Match Monday, September 1, 2025 6:34:52 AM
 Blitz 10/5 

Pairing 8/10 :    C0BR4_v2.5  -  V7P3R_v10.0

PGN-File: C:\Program Files (x86)\Arena\Tournaments\Engine Battle 20250901.pgn

No:  B/W 1/2     W:B       1:2           Time        Value Moves Dep 1:2       1-2-Draws
   7 B 2    1.0:0.0        0.0:7.0       6:37:00 AM    -5.60     9 4.000 :5.800  0-7-0

--------------------------------------------------------------

Engine-Match Monday, September 1, 2025 6:37:01 AM
 Blitz 10/5 

Pairing 9/10 :    Random_Opponent  -  C0BR4_v2.5

PGN-File: C:\Program Files (x86)\Arena\Tournaments\Engine Battle 20250901.pgn

No:  B/W 1/2     W:B       1:2           Time        Value Moves Dep 1:2       1-2-Draws
   7 W 1    1.5:0.5        6.5:0.5       6:37:22 AM     0.00    40 0:4.000  6-0-1

--------------------------------------------------------------

Engine-Match Monday, September 1, 2025 6:37:23 AM
 Blitz 10/5 

Pairing 10/10 :    V7P3R_v10.0  -  Stockfish 1%

PGN-File: C:\Program Files (x86)\Arena\Tournaments\Engine Battle 20250901.pgn

No:  B/W 1/2     W:B       1:2           Time        Value Moves Dep 1:2       1-2-Draws
   7 = =    0.5:0.5        0.5:6.5       6:50:02 AM    +2.70    90 5.548 :16.923  0-6-1

--------------------------------------------------------------

Engine-Match Monday, September 1, 2025 6:50:03 AM
 Blitz 10/5 

Pairing 1/10 :    SlowMate_v3.0  -  V7P3R_v10.0

PGN-File: C:\Program Files (x86)\Arena\Tournaments\Engine Battle 20250901.pgn

No:  B/W 1/2     W:B       1:2           Time        Value Moves Dep 1:2       1-2-Draws
   8 = =    3.0:3.0        3.0:5.0       7:03:36 AM    +0.34    36 4.118 :5.278  0-2-6

--------------------------------------------------------------

Engine-Match Monday, September 1, 2025 7:03:38 AM
 Blitz 10/5 

Pairing 2/10 :    Stockfish 1%  -  Random_Opponent

PGN-File: C:\Program Files (x86)\Arena\Tournaments\Engine Battle 20250901.pgn

No:  B/W 1/2     W:B       1:2           Time        Value Moves Dep 1:2       1-2-Draws
   8 B 1    1.0:0.0        8.0:0.0       7:03:44 AM      -M1     3 56.000 :0 8-0-0

--------------------------------------------------------------

Engine-Match Monday, September 1, 2025 7:03:45 AM
 Blitz 10/5 

Pairing 3/10 :    C0BR4_v2.5  -  Stockfish 1%

PGN-File: C:\Program Files (x86)\Arena\Tournaments\Engine Battle 20250901.pgn

No:  B/W 1/2     W:B       1:2           Time        Value Moves Dep 1:2       1-2-Draws
   8 W 2    1.0:0.0        0.0:8.0       7:03:51 AM    +1.04     4 4.000 :17.600  0-8-0

--------------------------------------------------------------

Engine-Match Monday, September 1, 2025 7:03:52 AM
 Blitz 10/5 

Pairing 4/10 :    Random_Opponent  -  SlowMate_v3.0

PGN-File: C:\Program Files (x86)\Arena\Tournaments\Engine Battle 20250901.pgn

No:  B/W 1/2     W:B       1:2           Time        Value Moves Dep 1:2       1-2-Draws
   8 W 2    2.5:1.5        1.5:6.5       7:11:39 AM  +159.94    33 0:4.182  0-5-3

--------------------------------------------------------------

Engine-Match Monday, September 1, 2025 7:11:40 AM
 Blitz 10/5 

Pairing 5/10 :    V7P3R_v10.0  -  Random_Opponent

PGN-File: C:\Program Files (x86)\Arena\Tournaments\Engine Battle 20250901.pgn

No:  B/W 1/2     W:B       1:2           Time        Value Moves Dep 1:2       1-2-Draws
   8 B 1    1.0:0.0        8.0:0.0       7:14:32 AM  -289.99    14 5.786 :0 8-0-0

--------------------------------------------------------------

Engine-Match Monday, September 1, 2025 7:14:34 AM
 Blitz 10/5 

Pairing 6/10 :    SlowMate_v3.0  -  C0BR4_v2.5

PGN-File: C:\Program Files (x86)\Arena\Tournaments\Engine Battle 20250901.pgn

No:  B/W 1/2     W:B       1:2           Time        Value Moves Dep 1:2       1-2-Draws
   8 B 1    1.0:0.0        8.0:0.0       7:15:13 AM    +0.57     2 4.000 :0 8-0-0

--------------------------------------------------------------

Engine-Match Monday, September 1, 2025 7:15:14 AM
 Blitz 10/5 

Pairing 7/10 :    Stockfish 1%  -  SlowMate_v3.0

PGN-File: C:\Program Files (x86)\Arena\Tournaments\Engine Battle 20250901.pgn

No:  B/W 1/2     W:B       1:2           Time        Value Moves Dep 1:2       1-2-Draws
   8 B 1    1.0:0.0        8.0:0.0       7:20:45 AM      -M1    21 20.800 :4.048  8-0-0

--------------------------------------------------------------

Engine-Match Monday, September 1, 2025 7:20:47 AM
 Blitz 10/5 

Pairing 8/10 :    C0BR4_v2.5  -  V7P3R_v10.0

PGN-File: C:\Program Files (x86)\Arena\Tournaments\Engine Battle 20250901.pgn

No:  B/W 1/2     W:B       1:2           Time        Value Moves Dep 1:2       1-2-Draws
   8 W 2    1.0:0.0        0.0:8.0       7:23:39 AM    +1.00    18 4.000 :5.158  0-8-0

--------------------------------------------------------------

Engine-Match Monday, September 1, 2025 7:23:40 AM
 Blitz 10/5 

Pairing 9/10 :    Random_Opponent  -  C0BR4_v2.5

PGN-File: C:\Program Files (x86)\Arena\Tournaments\Engine Battle 20250901.pgn

No:  B/W 1/2     W:B       1:2           Time        Value Moves Dep 1:2       1-2-Draws
   8 = =    1.0:1.0        7.0:1.0       7:24:13 AM   +43.82    62 0:4.000  6-0-2

--------------------------------------------------------------

Engine-Match Monday, September 1, 2025 7:24:14 AM
 Blitz 10/5 

Pairing 10/10 :    V7P3R_v10.0  -  Stockfish 1%

PGN-File: C:\Program Files (x86)\Arena\Tournaments\Engine Battle 20250901.pgn

No:  B/W 1/2     W:B       1:2           Time        Value Moves Dep 1:2       1-2-Draws
   8 B 1    1.5:0.5        1.5:6.5       7:33:03 AM  -289.99    44 5.318 :16.704  1-6-1

--------------------------------------------------------------

Engine-Match Monday, September 1, 2025 7:33:09 AM
 Blitz 10/5 

Pairing 1/10 :    SlowMate_v3.0  -  V7P3R_v10.0

PGN-File: C:\Program Files (x86)\Arena\Tournaments\Engine Battle 20250901.pgn

No:  B/W 1/2     W:B       1:2           Time        Value Moves Dep 1:2       1-2-Draws
   9 B 2    4.0:3.0        3.0:6.0       7:51:46 AM  -289.99    48 3.951 :5.125  0-3-6

--------------------------------------------------------------

Engine-Match Monday, September 1, 2025 7:51:47 AM
 Blitz 10/5 

Pairing 2/10 :    Stockfish 1%  -  Random_Opponent

PGN-File: C:\Program Files (x86)\Arena\Tournaments\Engine Battle 20250901.pgn

No:  B/W 1/2     W:B       1:2           Time        Value Moves Dep 1:2       1-2-Draws
   9 W 1    1.0:0.0        9.0:0.0       7:51:59 AM      +M1    12 26.583 :0 9-0-0

--------------------------------------------------------------

Engine-Match Monday, September 1, 2025 7:52:00 AM
 Blitz 10/5 

Pairing 3/10 :    C0BR4_v2.5  -  Stockfish 1%

PGN-File: C:\Program Files (x86)\Arena\Tournaments\Engine Battle 20250901.pgn

No:  B/W 1/2     W:B       1:2           Time        Value Moves Dep 1:2       1-2-Draws
   9 B 2    1.0:0.0        0.0:9.0       7:52:09 AM    -1.13     7 4.000 :17.500  0-9-0

--------------------------------------------------------------

Engine-Match Monday, September 1, 2025 7:52:10 AM
 Blitz 10/5 

Pairing 4/10 :    Random_Opponent  -  SlowMate_v3.0

PGN-File: C:\Program Files (x86)\Arena\Tournaments\Engine Battle 20250901.pgn

No:  B/W 1/2     W:B       1:2           Time        Value Moves Dep 1:2       1-2-Draws
   9 B 2    2.5:1.5        1.5:7.5       7:57:07 AM   -43.06    19 0:4.105  0-6-3

--------------------------------------------------------------

Engine-Match Monday, September 1, 2025 7:57:09 AM
 Blitz 10/5 

Pairing 5/10 :    V7P3R_v10.0  -  Random_Opponent

PGN-File: C:\Program Files (x86)\Arena\Tournaments\Engine Battle 20250901.pgn

No:  B/W 1/2     W:B       1:2           Time        Value Moves Dep 1:2       1-2-Draws
   9 W 1    1.0:0.0        9.0:0.0       8:00:42 AM  +289.99    18 5.389 :0 9-0-0

--------------------------------------------------------------

Engine-Match Monday, September 1, 2025 8:00:43 AM
 Blitz 10/5 

Pairing 6/10 :    SlowMate_v3.0  -  C0BR4_v2.5

PGN-File: C:\Program Files (x86)\Arena\Tournaments\Engine Battle 20250901.pgn

No:  B/W 1/2     W:B       1:2           Time        Value Moves Dep 1:2       1-2-Draws
   9 W 1    1.0:0.0        9.0:0.0       8:01:23 AM    +1.02     2 4.333 :0 9-0-0

--------------------------------------------------------------

Engine-Match Monday, September 1, 2025 8:01:24 AM
 Blitz 10/5 

Pairing 7/10 :    Stockfish 1%  -  SlowMate_v3.0

PGN-File: C:\Program Files (x86)\Arena\Tournaments\Engine Battle 20250901.pgn

No:  B/W 1/2     W:B       1:2           Time        Value Moves Dep 1:2       1-2-Draws
   9 W 1    1.0:0.0        9.0:0.0       8:07:08 AM      +M1    23 19.773 :4.364  9-0-0

--------------------------------------------------------------

Engine-Match Monday, September 1, 2025 8:07:09 AM
 Blitz 10/5 

Pairing 8/10 :    C0BR4_v2.5  -  V7P3R_v10.0

PGN-File: C:\Program Files (x86)\Arena\Tournaments\Engine Battle 20250901.pgn

No:  B/W 1/2     W:B       1:2           Time        Value Moves Dep 1:2       1-2-Draws
   9 B 2    1.0:0.0        0.0:9.0       8:09:17 AM    -5.60     9 4.000 :5.800  0-9-0

--------------------------------------------------------------

Engine-Match Monday, September 1, 2025 8:09:18 AM
 Blitz 10/5 

Pairing 9/10 :    Random_Opponent  -  C0BR4_v2.5

PGN-File: C:\Program Files (x86)\Arena\Tournaments\Engine Battle 20250901.pgn

No:  B/W 1/2     W:B       1:2           Time        Value Moves Dep 1:2       1-2-Draws
   9 W 1    2.0:1.0        8.0:1.0       8:09:29 AM     0.00    14 0:4.000  7-0-2

--------------------------------------------------------------

Engine-Match Monday, September 1, 2025 8:09:30 AM
 Blitz 10/5 

Pairing 10/10 :    V7P3R_v10.0  -  Stockfish 1%

PGN-File: C:\Program Files (x86)\Arena\Tournaments\Engine Battle 20250901.pgn

No:  B/W 1/2     W:B       1:2           Time        Value Moves Dep 1:2       1-2-Draws
   9 B 2    1.5:0.5        1.5:7.5       8:16:10 AM   -14.70    34 5.188 :16.846  1-7-1

--------------------------------------------------------------

Engine-Match Monday, September 1, 2025 8:16:11 AM
 Blitz 10/5 

Pairing 1/10 :    SlowMate_v3.0  -  V7P3R_v10.0

PGN-File: C:\Program Files (x86)\Arena\Tournaments\Engine Battle 20250901.pgn

No:  B/W 1/2     W:B       1:2           Time        Value Moves Dep 1:2       1-2-Draws
  10 W 2    4.0:3.0        3.0:7.0       8:33:09 AM  +289.99    50 4.118 :5.333  0-4-6

--------------------------------------------------------------

Engine-Match Monday, September 1, 2025 8:33:10 AM
 Blitz 10/5 

Pairing 2/10 :    Stockfish 1%  -  Random_Opponent

PGN-File: C:\Program Files (x86)\Arena\Tournaments\Engine Battle 20250901.pgn

No:  B/W 1/2     W:B       1:2           Time        Value Moves Dep 1:2       1-2-Draws
  10 B 1    1.0:0.0        10.0:0.0      8:33:24 AM      -M1    15 27.286 :0 10-0-0

--------------------------------------------------------------

Engine-Match Monday, September 1, 2025 8:33:26 AM
 Blitz 10/5 

Pairing 3/10 :    C0BR4_v2.5  -  Stockfish 1%

PGN-File: C:\Program Files (x86)\Arena\Tournaments\Engine Battle 20250901.pgn

No:  B/W 1/2     W:B       1:2           Time        Value Moves Dep 1:2       1-2-Draws
  10 W 2    1.0:0.0        0.0:10.0      8:33:32 AM    +6.92     5 4.000 :18.667  0-10-0

--------------------------------------------------------------

Engine-Match Monday, September 1, 2025 8:33:33 AM
 Blitz 10/5 

Pairing 4/10 :    Random_Opponent  -  SlowMate_v3.0

PGN-File: C:\Program Files (x86)\Arena\Tournaments\Engine Battle 20250901.pgn

No:  B/W 1/2     W:B       1:2           Time        Value Moves Dep 1:2       1-2-Draws
  10 W 2    2.5:1.5        1.5:8.5       8:42:37 AM  +180.78    40 0:4.225  0-7-3

--------------------------------------------------------------

Engine-Match Monday, September 1, 2025 8:42:38 AM
 Blitz 10/5 

Pairing 5/10 :    V7P3R_v10.0  -  Random_Opponent

PGN-File: C:\Program Files (x86)\Arena\Tournaments\Engine Battle 20250901.pgn

No:  B/W 1/2     W:B       1:2           Time        Value Moves Dep 1:2       1-2-Draws
  10 B 1    1.0:0.0        10.0:0.0      8:46:11 AM  -289.99    16 5.813 :0 10-0-0

--------------------------------------------------------------

Engine-Match Monday, September 1, 2025 8:46:13 AM
 Blitz 10/5 

Pairing 6/10 :    SlowMate_v3.0  -  C0BR4_v2.5

PGN-File: C:\Program Files (x86)\Arena\Tournaments\Engine Battle 20250901.pgn

No:  B/W 1/2     W:B       1:2           Time        Value Moves Dep 1:2       1-2-Draws
  10 B 1    1.0:0.0        10.0:0.0      8:47:59 AM    -4.06     6 4.286 :4.000  10-0-0

--------------------------------------------------------------

Engine-Match Monday, September 1, 2025 8:48:00 AM
 Blitz 10/5 

Pairing 7/10 :    Stockfish 1%  -  SlowMate_v3.0

PGN-File: C:\Program Files (x86)\Arena\Tournaments\Engine Battle 20250901.pgn

No:  B/W 1/2     W:B       1:2           Time        Value Moves Dep 1:2       1-2-Draws
  10 B 1    1.0:0.0        10.0:0.0      8:54:08 AM      -M1    24 18.391 :3.917  10-0-0

--------------------------------------------------------------

Engine-Match Monday, September 1, 2025 8:54:09 AM
 Blitz 10/5 

Pairing 8/10 :    C0BR4_v2.5  -  V7P3R_v10.0

PGN-File: C:\Program Files (x86)\Arena\Tournaments\Engine Battle 20250901.pgn

No:  B/W 1/2     W:B       1:2           Time        Value Moves Dep 1:2       1-2-Draws
  10 W 2    1.0:0.0        0.0:10.0      8:57:22 AM    +6.70    14 4.000 :5.467  0-10-0

--------------------------------------------------------------

Engine-Match Monday, September 1, 2025 8:57:23 AM
 Blitz 10/5 

Pairing 9/10 :    Random_Opponent  -  C0BR4_v2.5

PGN-File: C:\Program Files (x86)\Arena\Tournaments\Engine Battle 20250901.pgn

No:  B/W 1/2     W:B       1:2           Time        Value Moves Dep 1:2       1-2-Draws
  10 B 1    2.0:1.0        9.0:1.0       8:57:32 AM     0.00    10 0:4.000  8-0-2

--------------------------------------------------------------

Engine-Match Monday, September 1, 2025 8:57:33 AM
 Blitz 10/5 

Pairing 10/10 :    V7P3R_v10.0  -  Stockfish 1%

PGN-File: C:\Program Files (x86)\Arena\Tournaments\Engine Battle 20250901.pgn

No:  B/W 1/2     W:B       1:2           Time        Value Moves Dep 1:2       1-2-Draws
  10 W 2    1.5:0.5        1.5:8.5       9:02:05 AM      +M1    20 5.316 :19.900  1-8-1
