Engine-Match Wednesday, October 29, 2025 7:15:53 PM
 Blitz 1/1 

Pairing 1/45 :    V7P3R_v10.8  -  VPR_v7.0

PGN-File: C:\Program Files (x86)\Arena\Tournaments\Engine Regression Battle 20251027.pgn

No:  B/W 1/2     W:B       1:2           Time        Value Moves Dep 1:2       1-2-Draws
   1 W 1    1.0:0.0        1.0:0.0       7:17:24 PM  +289.96    25 3.208 :2.375  1-0-0

--------------------------------------------------------------

Engine-Match Wednesday, October 29, 2025 7:17:25 PM
 Blitz 1/1 

Pairing 2/45 :    VPR_v6.0  -  V7P3R_v12.6

PGN-File: C:\Program Files (x86)\Arena\Tournaments\Engine Regression Battle 20251027.pgn

No:  B/W 1/2     W:B       1:2           Time        Value Moves Dep 1:2       1-2-Draws
   1 B 2    1.0:0.0        0.0:1.0       7:18:04 PM  -289.97    16 0:3.467  0-1-0

--------------------------------------------------------------

Engine-Match Wednesday, October 29, 2025 7:18:05 PM
 Blitz 1/1 

Pairing 3/45 :    V7P3R_v14.0  -  VPR_v5.0

PGN-File: C:\Program Files (x86)\Arena\Tournaments\Engine Regression Battle 20251027.pgn

No:  B/W 1/2     W:B       1:2           Time        Value Moves Dep 1:2       1-2-Draws
   1 W 1    1.0:0.0        1.0:0.0       7:19:33 PM     0.00    19 3.800 :2.118  1-0-0

--------------------------------------------------------------

Engine-Match Wednesday, October 29, 2025 7:19:34 PM
 Blitz 1/1 

Pairing 4/45 :    VPR_v4.0  -  VPR_v1.0

PGN-File: C:\Program Files (x86)\Arena\Tournaments\Engine Regression Battle 20251027.pgn

No:  B/W 1/2     W:B       1:2           Time        Value Moves Dep 1:2       1-2-Draws
   1 B 2    1.0:0.0        0.0:1.0       7:20:43 PM     0.00     1 0:0 0-1-0

--------------------------------------------------------------

Engine-Match Wednesday, October 29, 2025 7:20:44 PM
 Blitz 1/1 

Pairing 5/45 :    VPR_v2.0  -  VPR_v3.0

PGN-File: C:\Program Files (x86)\Arena\Tournaments\Engine Regression Battle 20251027.pgn

No:  B/W 1/2     W:B       1:2           Time        Value Moves Dep 1:2       1-2-Draws
   1 B 2    1.0:0.0        0.0:1.0       7:21:46 PM     0.00     1 0:0 0-1-0

--------------------------------------------------------------

Engine-Match Wednesday, October 29, 2025 7:21:48 PM
 Blitz 1/1 

Pairing 6/45 :    VPR_v6.0  -  V7P3R_v10.8

PGN-File: C:\Program Files (x86)\Arena\Tournaments\Engine Regression Battle 20251027.pgn

No:  B/W 1/2     W:B       1:2           Time        Value Moves Dep 1:2       1-2-Draws
   1 B 2    1.0:0.0        0.0:1.0       7:22:15 PM     0.00    13 0:4.000  0-1-0

--------------------------------------------------------------

Engine-Match Wednesday, October 29, 2025 7:22:16 PM
 Blitz 1/1 

Pairing 7/45 :    VPR_v5.0  -  VPR_v7.0

PGN-File: C:\Program Files (x86)\Arena\Tournaments\Engine Regression Battle 20251027.pgn

No:  B/W 1/2     W:B       1:2           Time        Value Moves Dep 1:2       1-2-Draws
   1 W 1    1.0:0.0        1.0:0.0       7:23:40 PM    +M500    20 2.125 :2.278  1-0-0

--------------------------------------------------------------

Engine-Match Wednesday, October 29, 2025 7:23:42 PM
 Blitz 1/1 

Pairing 8/45 :    V7P3R_v12.6  -  VPR_v4.0

PGN-File: C:\Program Files (x86)\Arena\Tournaments\Engine Regression Battle 20251027.pgn

No:  B/W 1/2     W:B       1:2           Time        Value Moves Dep 1:2       1-2-Draws
   1 W 1    1.0:0.0        1.0:0.0       7:24:47 PM     0.00     1 4.000 :0 1-0-0

--------------------------------------------------------------

Engine-Match Wednesday, October 29, 2025 7:24:49 PM
 Blitz 1/1 

Pairing 9/45 :    VPR_v3.0  -  V7P3R_v14.0

PGN-File: C:\Program Files (x86)\Arena\Tournaments\Engine Regression Battle 20251027.pgn

No:  B/W 1/2     W:B       1:2           Time        Value Moves Dep 1:2       1-2-Draws
   1 B 2    1.0:0.0        0.0:1.0       7:25:51 PM     0.00     1 0:0 0-1-0

--------------------------------------------------------------

Engine-Match Wednesday, October 29, 2025 7:25:53 PM
 Blitz 1/1 

Pairing 10/45 :    VPR_v1.0  -  VPR_v2.0

PGN-File: C:\Program Files (x86)\Arena\Tournaments\Engine Regression Battle 20251027.pgn

No:  B/W 1/2     W:B       1:2           Time        Value Moves Dep 1:2       1-2-Draws
   1 B 2    1.0:0.0        0.0:1.0       7:27:01 PM     0.00     1 0:0 0-1-0

--------------------------------------------------------------

Engine-Match Wednesday, October 29, 2025 7:27:02 PM
 Blitz 1/1 

Pairing 11/45 :    V7P3R_v10.8  -  VPR_v5.0

PGN-File: C:\Program Files (x86)\Arena\Tournaments\Engine Regression Battle 20251027.pgn

No:  B/W 1/2     W:B       1:2           Time        Value Moves Dep 1:2       1-2-Draws
   1 * *     0.0:0.0        0.0:0.0       7:27:35 PM    +0.71     6 3.200 :2.000  0-0-0

--------------------------------------------------------------

Engine-Match Wednesday, October 29, 2025 7:27:56 PM
 Blitz 1/1 

Pairing 6/15 :    V7P3R_v12.6  -  V7P3R_v14.0

PGN-File: C:\Program Files (x86)\Arena\Tournaments\Engine Regression Battle 20251027.pgn

No:  B/W 1/2     W:B       1:2           Time        Value Moves Dep 1:2       1-2-Draws
   1 = =    0.5:0.5        0.5:0.5       7:31:56 PM     0.00    84 3.400 :3.750  0-0-1

--------------------------------------------------------------

Engine-Match Wednesday, October 29, 2025 7:31:57 PM
 Blitz 1/1 

Pairing 7/15 :    V7P3R_v10.8  -  VPR_v5.0

PGN-File: C:\Program Files (x86)\Arena\Tournaments\Engine Regression Battle 20251027.pgn

No:  B/W 1/2     W:B       1:2           Time        Value Moves Dep 1:2       1-2-Draws
   1 W 1    1.0:0.0        1.0:0.0       7:33:45 PM  +289.97    24 3.111 :2.368  1-0-0

--------------------------------------------------------------

Engine-Match Wednesday, October 29, 2025 7:33:47 PM
 Blitz 1/1 

Pairing 8/15 :    V7P3R_v14.0  -  VPR_v6.0

PGN-File: C:\Program Files (x86)\Arena\Tournaments\Engine Regression Battle 20251027.pgn

No:  B/W 1/2     W:B       1:2           Time        Value Moves Dep 1:2       1-2-Draws
   1 W 1    1.0:0.0        1.0:0.0       7:34:20 PM  +289.97    14 3.900 :0 1-0-0

--------------------------------------------------------------

Engine-Match Wednesday, October 29, 2025 7:34:21 PM
 Blitz 1/1 

Pairing 9/15 :    VPR_v7.0  -  V7P3R_v12.6

PGN-File: C:\Program Files (x86)\Arena\Tournaments\Engine Regression Battle 20251027.pgn

No:  B/W 1/2     W:B       1:2           Time        Value Moves Dep 1:2       1-2-Draws
   1 B 2    1.0:0.0        0.0:1.0       7:34:49 PM  -289.98     4 3.250 :4.250  0-1-0

--------------------------------------------------------------

Engine-Match Wednesday, October 29, 2025 7:34:50 PM
 Blitz 1/1 

Pairing 10/15 :    V7P3R_v14.0  -  V7P3R_v10.8

PGN-File: C:\Program Files (x86)\Arena\Tournaments\Engine Regression Battle 20251027.pgn

No:  B/W 1/2     W:B       1:2           Time        Value Moves Dep 1:2       1-2-Draws
   1 B 2    1.0:0.0        0.0:1.0       7:37:52 PM  -289.96    45 3.045 :2.467  0-1-0

--------------------------------------------------------------

Engine-Match Wednesday, October 29, 2025 7:37:53 PM
 Blitz 1/1 

Pairing 11/15 :    V7P3R_v12.6  -  VPR_v5.0

PGN-File: C:\Program Files (x86)\Arena\Tournaments\Engine Regression Battle 20251027.pgn

No:  B/W 1/2     W:B       1:2           Time        Value Moves Dep 1:2       1-2-Draws
   1 W 1    1.0:0.0        1.0:0.0       7:40:51 PM  +289.97    41 3.625 :2.375  1-0-0

--------------------------------------------------------------

Engine-Match Wednesday, October 29, 2025 7:40:52 PM
 Blitz 1/1 

Pairing 12/15 :    VPR_v6.0  -  VPR_v7.0

PGN-File: C:\Program Files (x86)\Arena\Tournaments\Engine Regression Battle 20251027.pgn

No:  B/W 1/2     W:B       1:2           Time        Value Moves Dep 1:2       1-2-Draws
   1 = =    0.5:0.5        0.5:0.5       7:42:31 PM    +0.10    54 0:2.407  0-0-1

--------------------------------------------------------------

Engine-Match Wednesday, October 29, 2025 7:42:32 PM
 Blitz 1/1 

Pairing 13/15 :    V7P3R_v10.8  -  V7P3R_v12.6

PGN-File: C:\Program Files (x86)\Arena\Tournaments\Engine Regression Battle 20251027.pgn

No:  B/W 1/2     W:B       1:2           Time        Value Moves Dep 1:2       1-2-Draws
   1 W 1    1.0:0.0        1.0:0.0       7:44:56 PM   +17.87    35 2.382 :2.714  1-0-0

--------------------------------------------------------------

Engine-Match Wednesday, October 29, 2025 7:44:57 PM
 Blitz 1/1 

Pairing 14/15 :    VPR_v7.0  -  V7P3R_v14.0

PGN-File: C:\Program Files (x86)\Arena\Tournaments\Engine Regression Battle 20251027.pgn

No:  B/W 1/2     W:B       1:2           Time        Value Moves Dep 1:2       1-2-Draws
   1 B 2    1.0:0.0        0.0:1.0       7:46:21 PM     0.00    22 2.286 :3.556  0-1-0

--------------------------------------------------------------

Engine-Match Wednesday, October 29, 2025 7:46:23 PM
 Blitz 1/1 

Pairing 15/15 :    VPR_v5.0  -  VPR_v6.0

PGN-File: C:\Program Files (x86)\Arena\Tournaments\Engine Regression Battle 20251027.pgn

No:  B/W 1/2     W:B       1:2           Time        Value Moves Dep 1:2       1-2-Draws
   1 W 1    1.0:0.0        1.0:0.0       7:46:48 PM    +M500     6 2.000 :0 1-0-0

--------------------------------------------------------------

Engine-Match Wednesday, October 29, 2025 7:46:49 PM
 Blitz 1/1 

Pairing 1/15 :    V7P3R_v10.8  -  VPR_v7.0

PGN-File: C:\Program Files (x86)\Arena\Tournaments\Engine Regression Battle 20251027.pgn

No:  B/W 1/2     W:B       1:2           Time        Value Moves Dep 1:2       1-2-Draws
   2 B 1    1.0:0.0        2.0:0.0       7:47:14 PM  -289.98     4 4.250 :3.250  2-0-0

--------------------------------------------------------------

Engine-Match Wednesday, October 29, 2025 7:47:15 PM
 Blitz 1/1 

Pairing 2/15 :    VPR_v6.0  -  V7P3R_v12.6

PGN-File: C:\Program Files (x86)\Arena\Tournaments\Engine Regression Battle 20251027.pgn

No:  B/W 1/2     W:B       1:2           Time        Value Moves Dep 1:2       1-2-Draws
   2 W 2    1.0:0.0        0.0:2.0       7:47:42 PM  +289.96    12 0:3.167  0-2-0

--------------------------------------------------------------

Engine-Match Wednesday, October 29, 2025 7:47:44 PM
 Blitz 1/1 

Pairing 3/15 :    V7P3R_v14.0  -  VPR_v5.0

PGN-File: C:\Program Files (x86)\Arena\Tournaments\Engine Regression Battle 20251027.pgn

No:  B/W 1/2     W:B       1:2           Time        Value Moves Dep 1:2       1-2-Draws
   2 B 1    1.0:0.0        2.0:0.0       7:49:29 PM     0.00    22 3.650 :2.286  2-0-0

--------------------------------------------------------------

Engine-Match Wednesday, October 29, 2025 7:49:30 PM
 Blitz 1/1 

Pairing 4/15 :    VPR_v6.0  -  V7P3R_v10.8

PGN-File: C:\Program Files (x86)\Arena\Tournaments\Engine Regression Battle 20251027.pgn

No:  B/W 1/2     W:B       1:2           Time        Value Moves Dep 1:2       1-2-Draws
   2 W 2    1.0:0.0        0.0:2.0       7:50:07 PM  +289.96    12 0:3.083  0-2-0

--------------------------------------------------------------

Engine-Match Wednesday, October 29, 2025 7:50:09 PM
 Blitz 1/1 

Pairing 5/15 :    VPR_v5.0  -  VPR_v7.0

PGN-File: C:\Program Files (x86)\Arena\Tournaments\Engine Regression Battle 20251027.pgn

No:  B/W 1/2     W:B       1:2           Time        Value Moves Dep 1:2       1-2-Draws
   2 B 1    1.0:0.0        2.0:0.0       7:52:10 PM    -M500    30 2.143 :2.269  2-0-0

--------------------------------------------------------------

Engine-Match Wednesday, October 29, 2025 7:52:11 PM
 Blitz 1/1 

Pairing 6/15 :    V7P3R_v12.6  -  V7P3R_v14.0

PGN-File: C:\Program Files (x86)\Arena\Tournaments\Engine Regression Battle 20251027.pgn

No:  B/W 1/2     W:B       1:2           Time        Value Moves Dep 1:2       1-2-Draws
   2 = =    1.0:1.0        1.0:1.0       7:55:14 PM     0.00    42 3.081 :3.588  0-0-2

--------------------------------------------------------------

Engine-Match Wednesday, October 29, 2025 7:55:16 PM
 Blitz 1/1 

Pairing 7/15 :    V7P3R_v10.8  -  VPR_v5.0

PGN-File: C:\Program Files (x86)\Arena\Tournaments\Engine Regression Battle 20251027.pgn

No:  B/W 1/2     W:B       1:2           Time        Value Moves Dep 1:2       1-2-Draws
   2 B 1    1.0:0.0        2.0:0.0       7:57:21 PM  -289.95    26 2.769 :2.348  2-0-0

--------------------------------------------------------------

Engine-Match Wednesday, October 29, 2025 7:57:22 PM
 Blitz 1/1 

Pairing 8/15 :    V7P3R_v14.0  -  VPR_v6.0

PGN-File: C:\Program Files (x86)\Arena\Tournaments\Engine Regression Battle 20251027.pgn

No:  B/W 1/2     W:B       1:2           Time        Value Moves Dep 1:2       1-2-Draws
   2 B 1    1.0:0.0        2.0:0.0       7:58:08 PM  -289.96    13 3.692 :0 2-0-0

--------------------------------------------------------------

Engine-Match Wednesday, October 29, 2025 7:58:09 PM
 Blitz 1/1 

Pairing 9/15 :    VPR_v7.0  -  V7P3R_v12.6

PGN-File: C:\Program Files (x86)\Arena\Tournaments\Engine Regression Battle 20251027.pgn

No:  B/W 1/2     W:B       1:2           Time        Value Moves Dep 1:2       1-2-Draws
   2 W 2    1.0:0.0        0.0:2.0       7:59:40 PM  +289.97    21 2.000 :3.095  0-2-0

--------------------------------------------------------------

Engine-Match Wednesday, October 29, 2025 7:59:42 PM
 Blitz 1/1 

Pairing 10/15 :    V7P3R_v14.0  -  V7P3R_v10.8

PGN-File: C:\Program Files (x86)\Arena\Tournaments\Engine Regression Battle 20251027.pgn

No:  B/W 1/2     W:B       1:2           Time        Value Moves Dep 1:2       1-2-Draws
   2 W 2    1.0:0.0        0.0:2.0       8:01:42 PM    +9.52    36 3.889 :3.333  0-2-0

--------------------------------------------------------------

Engine-Match Wednesday, October 29, 2025 8:01:54 PM
 Blitz 1/1 

Pairing 11/15 :    V7P3R_v12.6  -  VPR_v5.0

PGN-File: C:\Program Files (x86)\Arena\Tournaments\Engine Regression Battle 20251027.pgn

No:  B/W 1/2     W:B       1:2           Time        Value Moves Dep 1:2       1-2-Draws
   2 B 1    1.0:0.0        2.0:0.0       8:03:02 PM  -289.97    14 3.071 :2.143  2-0-0

--------------------------------------------------------------

Engine-Match Wednesday, October 29, 2025 8:03:04 PM
 Blitz 1/1 

Pairing 12/15 :    VPR_v6.0  -  VPR_v7.0

PGN-File: C:\Program Files (x86)\Arena\Tournaments\Engine Regression Battle 20251027.pgn

No:  B/W 1/2     W:B       1:2           Time        Value Moves Dep 1:2       1-2-Draws
   2 W 2    1.5:0.5        0.5:1.5       8:03:41 PM    +M500    16 0:2.688  0-1-1

--------------------------------------------------------------

Engine-Match Wednesday, October 29, 2025 8:03:42 PM
 Blitz 1/1 

Pairing 13/15 :    V7P3R_v10.8  -  V7P3R_v12.6

PGN-File: C:\Program Files (x86)\Arena\Tournaments\Engine Regression Battle 20251027.pgn

No:  B/W 1/2     W:B       1:2           Time        Value Moves Dep 1:2       1-2-Draws
   2 W 2    1.0:0.0        1.0:1.0       8:06:15 PM  +289.98    41 2.821 :3.250  1-1-0

--------------------------------------------------------------

Engine-Match Wednesday, October 29, 2025 8:06:17 PM
 Blitz 1/1 

Pairing 14/15 :    VPR_v7.0  -  V7P3R_v14.0

PGN-File: C:\Program Files (x86)\Arena\Tournaments\Engine Regression Battle 20251027.pgn

No:  B/W 1/2     W:B       1:2           Time        Value Moves Dep 1:2       1-2-Draws
   2 W 2    1.0:0.0        0.0:2.0       8:08:33 PM  +289.97    34 2.839 :3.857  0-2-0

--------------------------------------------------------------

Engine-Match Wednesday, October 29, 2025 8:08:34 PM
 Blitz 1/1 

Pairing 15/15 :    VPR_v5.0  -  VPR_v6.0

PGN-File: C:\Program Files (x86)\Arena\Tournaments\Engine Regression Battle 20251027.pgn

No:  B/W 1/2     W:B       1:2           Time        Value Moves Dep 1:2       1-2-Draws
   2 = =    0.5:0.5        1.5:0.5       8:10:02 PM    -0.55    33 2.235 :0 1-0-1

--------------------------------------------------------------

Engine-Match Wednesday, October 29, 2025 8:10:04 PM
 Blitz 1/1 

Pairing 1/15 :    V7P3R_v10.8  -  VPR_v7.0

PGN-File: C:\Program Files (x86)\Arena\Tournaments\Engine Regression Battle 20251027.pgn

No:  B/W 1/2     W:B       1:2           Time        Value Moves Dep 1:2       1-2-Draws
   3 W 1    1.0:0.0        3.0:0.0       8:11:33 PM  +289.96    25 3.160 :2.375  3-0-0

--------------------------------------------------------------

Engine-Match Wednesday, October 29, 2025 8:11:34 PM
 Blitz 1/1 

Pairing 2/15 :    VPR_v6.0  -  V7P3R_v12.6

PGN-File: C:\Program Files (x86)\Arena\Tournaments\Engine Regression Battle 20251027.pgn

No:  B/W 1/2     W:B       1:2           Time        Value Moves Dep 1:2       1-2-Draws
   3 B 2    1.0:0.0        0.0:3.0       8:12:13 PM  -289.97    16 0:3.467  0-3-0

--------------------------------------------------------------

Engine-Match Wednesday, October 29, 2025 8:12:14 PM
 Blitz 1/1 

Pairing 3/15 :    V7P3R_v14.0  -  VPR_v5.0

PGN-File: C:\Program Files (x86)\Arena\Tournaments\Engine Regression Battle 20251027.pgn

No:  B/W 1/2     W:B       1:2           Time        Value Moves Dep 1:2       1-2-Draws
   3 W 1    1.0:0.0        3.0:0.0       8:14:09 PM     0.00    26 4.100 :2.591  3-0-0

--------------------------------------------------------------

Engine-Match Wednesday, October 29, 2025 8:14:10 PM
 Blitz 1/1 

Pairing 4/15 :    VPR_v6.0  -  V7P3R_v10.8

PGN-File: C:\Program Files (x86)\Arena\Tournaments\Engine Regression Battle 20251027.pgn

No:  B/W 1/2     W:B       1:2           Time        Value Moves Dep 1:2       1-2-Draws
   3 B 2    1.0:0.0        0.0:3.0       8:14:42 PM     0.00    13 0:4.000  0-3-0

--------------------------------------------------------------

Engine-Match Wednesday, October 29, 2025 8:14:44 PM
 Blitz 1/1 

Pairing 5/15 :    VPR_v5.0  -  VPR_v7.0

PGN-File: C:\Program Files (x86)\Arena\Tournaments\Engine Regression Battle 20251027.pgn

No:  B/W 1/2     W:B       1:2           Time        Value Moves Dep 1:2       1-2-Draws
   3 W 1    1.0:0.0        3.0:0.0       8:16:02 PM    +M500    19 2.000 :2.313  3-0-0

--------------------------------------------------------------

Engine-Match Wednesday, October 29, 2025 8:16:03 PM
 Blitz 1/1 

Pairing 6/15 :    V7P3R_v12.6  -  V7P3R_v14.0

PGN-File: C:\Program Files (x86)\Arena\Tournaments\Engine Regression Battle 20251027.pgn

No:  B/W 1/2     W:B       1:2           Time        Value Moves Dep 1:2       1-2-Draws
   3 = =    1.5:1.5        1.5:1.5       8:19:17 PM    +9.96    66 3.400 :3.750  0-0-3

--------------------------------------------------------------

Engine-Match Wednesday, October 29, 2025 8:19:18 PM
 Blitz 1/1 

Pairing 7/15 :    V7P3R_v10.8  -  VPR_v5.0

PGN-File: C:\Program Files (x86)\Arena\Tournaments\Engine Regression Battle 20251027.pgn

No:  B/W 1/2     W:B       1:2           Time        Value Moves Dep 1:2       1-2-Draws
   3 W 1    1.0:0.0        3.0:0.0       8:20:56 PM  +289.96    21 3.211 :2.350  3-0-0

--------------------------------------------------------------

Engine-Match Wednesday, October 29, 2025 8:20:57 PM
 Blitz 1/1 

Pairing 8/15 :    V7P3R_v14.0  -  VPR_v6.0

PGN-File: C:\Program Files (x86)\Arena\Tournaments\Engine Regression Battle 20251027.pgn

No:  B/W 1/2     W:B       1:2           Time        Value Moves Dep 1:2       1-2-Draws
   3 W 1    1.0:0.0        3.0:0.0       8:22:17 PM  +289.97    30 3.345 :0 3-0-0

--------------------------------------------------------------

Engine-Match Wednesday, October 29, 2025 8:22:18 PM
 Blitz 1/1 

Pairing 9/15 :    VPR_v7.0  -  V7P3R_v12.6

PGN-File: C:\Program Files (x86)\Arena\Tournaments\Engine Regression Battle 20251027.pgn

No:  B/W 1/2     W:B       1:2           Time        Value Moves Dep 1:2       1-2-Draws
   3 B 2    1.0:0.0        0.0:3.0       8:22:44 PM  -289.98     4 3.250 :4.250  0-3-0

--------------------------------------------------------------

Engine-Match Wednesday, October 29, 2025 8:22:45 PM
 Blitz 1/1 

Pairing 10/15 :    V7P3R_v14.0  -  V7P3R_v10.8

PGN-File: C:\Program Files (x86)\Arena\Tournaments\Engine Regression Battle 20251027.pgn

No:  B/W 1/2     W:B       1:2           Time        Value Moves Dep 1:2       1-2-Draws
   3 W 1    1.0:0.0        1.0:2.0       8:25:06 PM     0.00    33 3.241 :2.656  1-2-0

--------------------------------------------------------------

Engine-Match Wednesday, October 29, 2025 8:25:07 PM
 Blitz 1/1 

Pairing 11/15 :    V7P3R_v12.6  -  VPR_v5.0

PGN-File: C:\Program Files (x86)\Arena\Tournaments\Engine Regression Battle 20251027.pgn

No:  B/W 1/2     W:B       1:2           Time        Value Moves Dep 1:2       1-2-Draws
   3 W 1    1.0:0.0        3.0:0.0       8:28:14 PM     0.00    46 3.450 :2.053  3-0-0

--------------------------------------------------------------

Engine-Match Wednesday, October 29, 2025 8:28:16 PM
 Blitz 1/1 

Pairing 12/15 :    VPR_v6.0  -  VPR_v7.0

PGN-File: C:\Program Files (x86)\Arena\Tournaments\Engine Regression Battle 20251027.pgn

No:  B/W 1/2     W:B       1:2           Time        Value Moves Dep 1:2       1-2-Draws
   3 = =    1.0:1.0        1.0:2.0       8:29:32 PM     0.00    41 0:2.222  0-1-2

--------------------------------------------------------------

Engine-Match Wednesday, October 29, 2025 8:29:33 PM
 Blitz 1/1 

Pairing 13/15 :    V7P3R_v10.8  -  V7P3R_v12.6

PGN-File: C:\Program Files (x86)\Arena\Tournaments\Engine Regression Battle 20251027.pgn

No:  B/W 1/2     W:B       1:2           Time        Value Moves Dep 1:2       1-2-Draws
   3 B 2    1.0:0.0        1.0:2.0       8:31:26 PM  -289.96    23 2.591 :2.783  1-2-0

--------------------------------------------------------------

Engine-Match Wednesday, October 29, 2025 8:31:28 PM
 Blitz 1/1 

Pairing 14/15 :    VPR_v7.0  -  V7P3R_v14.0

PGN-File: C:\Program Files (x86)\Arena\Tournaments\Engine Regression Battle 20251027.pgn

No:  B/W 1/2     W:B       1:2           Time        Value Moves Dep 1:2       1-2-Draws
   3 B 2    1.0:0.0        0.0:3.0       8:33:04 PM     0.00    24 2.500 :3.450  0-3-0

--------------------------------------------------------------

Engine-Match Wednesday, October 29, 2025 8:33:05 PM
 Blitz 1/1 

Pairing 15/15 :    VPR_v5.0  -  VPR_v6.0

PGN-File: C:\Program Files (x86)\Arena\Tournaments\Engine Regression Battle 20251027.pgn

No:  B/W 1/2     W:B       1:2           Time        Value Moves Dep 1:2       1-2-Draws
   3 W 1    1.5:0.5        2.5:0.5       8:34:11 PM    +0.92    23 2.091 :0 2-0-1

--------------------------------------------------------------

Engine-Match Wednesday, October 29, 2025 8:34:19 PM
 Blitz 1/1 

Pairing 1/15 :    V7P3R_v10.8  -  VPR_v7.0

PGN-File: C:\Program Files (x86)\Arena\Tournaments\Engine Regression Battle 20251027.pgn

No:  B/W 1/2     W:B       1:2           Time        Value Moves Dep 1:2       1-2-Draws
   4 B 1    1.0:0.0        4.0:0.0       8:36:18 PM  -289.96    35 2.800 :2.724  4-0-0

--------------------------------------------------------------

Engine-Match Wednesday, October 29, 2025 8:36:20 PM
 Blitz 1/1 

Pairing 2/15 :    VPR_v6.0  -  V7P3R_v12.6

PGN-File: C:\Program Files (x86)\Arena\Tournaments\Engine Regression Battle 20251027.pgn

No:  B/W 1/2     W:B       1:2           Time        Value Moves Dep 1:2       1-2-Draws
   4 W 2    1.0:0.0        0.0:4.0       8:36:48 PM  +289.96    12 0:3.083  0-4-0

--------------------------------------------------------------

Engine-Match Wednesday, October 29, 2025 8:36:50 PM
 Blitz 1/1 

Pairing 3/15 :    V7P3R_v14.0  -  VPR_v5.0

PGN-File: C:\Program Files (x86)\Arena\Tournaments\Engine Regression Battle 20251027.pgn

No:  B/W 1/2     W:B       1:2           Time        Value Moves Dep 1:2       1-2-Draws
   4 B 1    1.0:0.0        4.0:0.0       8:38:44 PM  -289.97    22 3.944 :2.476  4-0-0

--------------------------------------------------------------

Engine-Match Wednesday, October 29, 2025 8:38:45 PM
 Blitz 1/1 

Pairing 4/15 :    VPR_v6.0  -  V7P3R_v10.8

PGN-File: C:\Program Files (x86)\Arena\Tournaments\Engine Regression Battle 20251027.pgn

No:  B/W 1/2     W:B       1:2           Time        Value Moves Dep 1:2       1-2-Draws
   4 W 2    1.0:0.0        0.0:4.0       8:39:25 PM  +289.96    12 0:3.083  0-4-0

--------------------------------------------------------------

Engine-Match Wednesday, October 29, 2025 8:39:26 PM
 Blitz 1/1 

Pairing 5/15 :    VPR_v5.0  -  VPR_v7.0

PGN-File: C:\Program Files (x86)\Arena\Tournaments\Engine Regression Battle 20251027.pgn

No:  B/W 1/2     W:B       1:2           Time        Value Moves Dep 1:2       1-2-Draws
   4 B 1    1.0:0.0        4.0:0.0       8:41:14 PM    -M500    26 2.000 :2.333  4-0-0

--------------------------------------------------------------

Engine-Match Wednesday, October 29, 2025 8:41:16 PM
 Blitz 1/1 

Pairing 6/15 :    V7P3R_v12.6  -  V7P3R_v14.0

PGN-File: C:\Program Files (x86)\Arena\Tournaments\Engine Regression Battle 20251027.pgn

No:  B/W 1/2     W:B       1:2           Time        Value Moves Dep 1:2       1-2-Draws
   4 B 1    2.5:1.5        2.5:1.5       8:44:07 PM  -289.98    44 3.086 :3.485  1-0-3

--------------------------------------------------------------

Engine-Match Wednesday, October 29, 2025 8:44:08 PM
 Blitz 1/1 

Pairing 7/15 :    V7P3R_v10.8  -  VPR_v5.0

PGN-File: C:\Program Files (x86)\Arena\Tournaments\Engine Regression Battle 20251027.pgn

No:  B/W 1/2     W:B       1:2           Time        Value Moves Dep 1:2       1-2-Draws
   4 B 1    1.0:0.0        4.0:0.0       8:46:10 PM  -289.96    26 2.880 :2.364  4-0-0

--------------------------------------------------------------

Engine-Match Wednesday, October 29, 2025 8:46:11 PM
 Blitz 1/1 

Pairing 8/15 :    V7P3R_v14.0  -  VPR_v6.0

PGN-File: C:\Program Files (x86)\Arena\Tournaments\Engine Regression Battle 20251027.pgn

No:  B/W 1/2     W:B       1:2           Time        Value Moves Dep 1:2       1-2-Draws
   4 B 1    1.0:0.0        4.0:0.0       8:47:07 PM     0.00    23 3.895 :0 4-0-0

--------------------------------------------------------------

Engine-Match Wednesday, October 29, 2025 8:47:09 PM
 Blitz 1/1 

Pairing 9/15 :    VPR_v7.0  -  V7P3R_v12.6

PGN-File: C:\Program Files (x86)\Arena\Tournaments\Engine Regression Battle 20251027.pgn

No:  B/W 1/2     W:B       1:2           Time        Value Moves Dep 1:2       1-2-Draws
   4 W 2    1.0:0.0        0.0:4.0       8:48:21 PM     0.00    16 2.500 :3.500  0-4-0

--------------------------------------------------------------

Engine-Match Wednesday, October 29, 2025 8:48:23 PM
 Blitz 1/1 

Pairing 10/15 :    V7P3R_v14.0  -  V7P3R_v10.8

PGN-File: C:\Program Files (x86)\Arena\Tournaments\Engine Regression Battle 20251027.pgn

No:  B/W 1/2     W:B       1:2           Time        Value Moves Dep 1:2       1-2-Draws
   4 = =    0.5:0.5        1.5:2.5       8:51:13 PM    +5.64    54 3.636 :3.188  1-2-1

--------------------------------------------------------------

Engine-Match Wednesday, October 29, 2025 8:51:14 PM
 Blitz 1/1 

Pairing 11/15 :    V7P3R_v12.6  -  VPR_v5.0

PGN-File: C:\Program Files (x86)\Arena\Tournaments\Engine Regression Battle 20251027.pgn

No:  B/W 1/2     W:B       1:2           Time        Value Moves Dep 1:2       1-2-Draws
   4 B 1    1.0:0.0        4.0:0.0       8:53:24 PM  -289.97    26 3.120 :2.217  4-0-0

--------------------------------------------------------------

Engine-Match Wednesday, October 29, 2025 8:53:26 PM
 Blitz 1/1 

Pairing 12/15 :    VPR_v6.0  -  VPR_v7.0

PGN-File: C:\Program Files (x86)\Arena\Tournaments\Engine Regression Battle 20251027.pgn

No:  B/W 1/2     W:B       1:2           Time        Value Moves Dep 1:2       1-2-Draws
   4 W 2    2.0:1.0        1.0:3.0       8:55:05 PM    +M500    56 0:2.160  0-2-2

--------------------------------------------------------------

Engine-Match Wednesday, October 29, 2025 8:55:06 PM
 Blitz 1/1 

Pairing 13/15 :    V7P3R_v10.8  -  V7P3R_v12.6

PGN-File: C:\Program Files (x86)\Arena\Tournaments\Engine Regression Battle 20251027.pgn

No:  B/W 1/2     W:B       1:2           Time        Value Moves Dep 1:2       1-2-Draws
   4 B 1    1.0:0.0        2.0:2.0       8:57:20 PM  -289.96    31 2.500 :2.828  2-2-0

--------------------------------------------------------------

Engine-Match Wednesday, October 29, 2025 8:57:21 PM
 Blitz 1/1 

Pairing 14/15 :    VPR_v7.0  -  V7P3R_v14.0

PGN-File: C:\Program Files (x86)\Arena\Tournaments\Engine Regression Battle 20251027.pgn

No:  B/W 1/2     W:B       1:2           Time        Value Moves Dep 1:2       1-2-Draws
   4 W 2    1.0:0.0        0.0:4.0       8:58:48 PM  +289.96    19 2.412 :3.588  0-4-0

--------------------------------------------------------------

Engine-Match Wednesday, October 29, 2025 8:58:50 PM
 Blitz 1/1 

Pairing 15/15 :    VPR_v5.0  -  VPR_v6.0

PGN-File: C:\Program Files (x86)\Arena\Tournaments\Engine Regression Battle 20251027.pgn

No:  B/W 1/2     W:B       1:2           Time        Value Moves Dep 1:2       1-2-Draws
   4 B 1    1.5:0.5        3.5:0.5       8:59:23 PM    -M500     9 2.000 :0 3-0-1

--------------------------------------------------------------

Engine-Match Wednesday, October 29, 2025 8:59:24 PM
 Blitz 1/1 

Pairing 1/15 :    V7P3R_v10.8  -  VPR_v7.0

PGN-File: C:\Program Files (x86)\Arena\Tournaments\Engine Regression Battle 20251027.pgn

No:  B/W 1/2     W:B       1:2           Time        Value Moves Dep 1:2       1-2-Draws
   5 W 1    1.0:0.0        5.0:0.0       9:00:59 PM  +289.96    25 3.120 :2.375  5-0-0

--------------------------------------------------------------

Engine-Match Wednesday, October 29, 2025 9:01:00 PM
 Blitz 1/1 

Pairing 2/15 :    VPR_v6.0  -  V7P3R_v12.6

PGN-File: C:\Program Files (x86)\Arena\Tournaments\Engine Regression Battle 20251027.pgn

No:  B/W 1/2     W:B       1:2           Time        Value Moves Dep 1:2       1-2-Draws
   5 B 2    1.0:0.0        0.0:5.0       9:01:40 PM  -289.97    16 0:3.400  0-5-0

--------------------------------------------------------------

Engine-Match Wednesday, October 29, 2025 9:01:41 PM
 Blitz 1/1 

Pairing 3/15 :    V7P3R_v14.0  -  VPR_v5.0

PGN-File: C:\Program Files (x86)\Arena\Tournaments\Engine Regression Battle 20251027.pgn

No:  B/W 1/2     W:B       1:2           Time        Value Moves Dep 1:2       1-2-Draws
   5 W 1    1.0:0.0        5.0:0.0       9:03:42 PM  +289.97    27 3.864 :2.739  5-0-0

--------------------------------------------------------------

Engine-Match Wednesday, October 29, 2025 9:03:44 PM
 Blitz 1/1 

Pairing 4/15 :    VPR_v6.0  -  V7P3R_v10.8

PGN-File: C:\Program Files (x86)\Arena\Tournaments\Engine Regression Battle 20251027.pgn

No:  B/W 1/2     W:B       1:2           Time        Value Moves Dep 1:2       1-2-Draws
   5 B 2    1.0:0.0        0.0:5.0       9:04:28 PM  -289.96    18 0:3.500  0-5-0

--------------------------------------------------------------

Engine-Match Wednesday, October 29, 2025 9:04:30 PM
 Blitz 1/1 

Pairing 5/15 :    VPR_v5.0  -  VPR_v7.0

PGN-File: C:\Program Files (x86)\Arena\Tournaments\Engine Regression Battle 20251027.pgn

No:  B/W 1/2     W:B       1:2           Time        Value Moves Dep 1:2       1-2-Draws
   5 W 1    1.0:0.0        5.0:0.0       9:06:18 PM    +M500    26 2.000 :2.381  5-0-0

--------------------------------------------------------------

Engine-Match Wednesday, October 29, 2025 9:06:25 PM
 Blitz 1/1 

Pairing 6/15 :    V7P3R_v12.6  -  V7P3R_v14.0

PGN-File: C:\Program Files (x86)\Arena\Tournaments\Engine Regression Battle 20251027.pgn

No:  B/W 1/2     W:B       1:2           Time        Value Moves Dep 1:2       1-2-Draws
   5 B 2    2.5:1.5        2.5:2.5       9:09:31 PM     0.00    55 3.400 :3.778  1-1-3

--------------------------------------------------------------

Engine-Match Wednesday, October 29, 2025 9:09:33 PM
 Blitz 1/1 

Pairing 7/15 :    V7P3R_v10.8  -  VPR_v5.0

PGN-File: C:\Program Files (x86)\Arena\Tournaments\Engine Regression Battle 20251027.pgn

No:  B/W 1/2     W:B       1:2           Time        Value Moves Dep 1:2       1-2-Draws
   5 W 1    1.0:0.0        5.0:0.0       9:11:22 PM  +289.96    24 3.042 :2.619  5-0-0

--------------------------------------------------------------

Engine-Match Wednesday, October 29, 2025 9:11:23 PM
 Blitz 1/1 

Pairing 8/15 :    V7P3R_v14.0  -  VPR_v6.0

PGN-File: C:\Program Files (x86)\Arena\Tournaments\Engine Regression Battle 20251027.pgn

No:  B/W 1/2     W:B       1:2           Time        Value Moves Dep 1:2       1-2-Draws
   5 W 1    1.0:0.0        5.0:0.0       9:11:56 PM  +289.97    14 3.900 :0 5-0-0

--------------------------------------------------------------

Engine-Match Wednesday, October 29, 2025 9:11:57 PM
 Blitz 1/1 

Pairing 9/15 :    VPR_v7.0  -  V7P3R_v12.6

PGN-File: C:\Program Files (x86)\Arena\Tournaments\Engine Regression Battle 20251027.pgn

No:  B/W 1/2     W:B       1:2           Time        Value Moves Dep 1:2       1-2-Draws
   5 B 2    1.0:0.0        0.0:5.0       9:12:24 PM  -289.98     4 3.250 :4.250  0-5-0

--------------------------------------------------------------

Engine-Match Wednesday, October 29, 2025 9:12:25 PM
 Blitz 1/1 

Pairing 10/15 :    V7P3R_v14.0  -  V7P3R_v10.8

PGN-File: C:\Program Files (x86)\Arena\Tournaments\Engine Regression Battle 20251027.pgn

No:  B/W 1/2     W:B       1:2           Time        Value Moves Dep 1:2       1-2-Draws
   5 = =    1.0:1.0        2.0:3.0       9:15:35 PM     0.00    53 3.111 :2.704  1-2-2

--------------------------------------------------------------

Engine-Match Wednesday, October 29, 2025 9:15:36 PM
 Blitz 1/1 

Pairing 11/15 :    V7P3R_v12.6  -  VPR_v5.0

PGN-File: C:\Program Files (x86)\Arena\Tournaments\Engine Regression Battle 20251027.pgn

No:  B/W 1/2     W:B       1:2           Time        Value Moves Dep 1:2       1-2-Draws
   5 W 1    1.0:0.0        5.0:0.0       9:17:41 PM  +289.97    24 2.826 :2.267  5-0-0

--------------------------------------------------------------

Engine-Match Wednesday, October 29, 2025 9:17:43 PM
 Blitz 1/1 

Pairing 12/15 :    VPR_v6.0  -  VPR_v7.0

PGN-File: C:\Program Files (x86)\Arena\Tournaments\Engine Regression Battle 20251027.pgn

No:  B/W 1/2     W:B       1:2           Time        Value Moves Dep 1:2       1-2-Draws
   5 = =    1.5:1.5        1.5:3.5       9:18:20 PM    -0.75    18 0:2.278  0-2-3

--------------------------------------------------------------

Engine-Match Wednesday, October 29, 2025 9:18:21 PM
 Blitz 1/1 

Pairing 13/15 :    V7P3R_v10.8  -  V7P3R_v12.6

PGN-File: C:\Program Files (x86)\Arena\Tournaments\Engine Regression Battle 20251027.pgn

No:  B/W 1/2     W:B       1:2           Time        Value Moves Dep 1:2       1-2-Draws
   5 B 2    1.0:0.0        2.0:3.0       9:22:11 PM     0.00    79 2.735 :2.970  2-3-0

--------------------------------------------------------------

Engine-Match Wednesday, October 29, 2025 9:22:12 PM
 Blitz 1/1 

Pairing 14/15 :    VPR_v7.0  -  V7P3R_v14.0

PGN-File: C:\Program Files (x86)\Arena\Tournaments\Engine Regression Battle 20251027.pgn

No:  B/W 1/2     W:B       1:2           Time        Value Moves Dep 1:2       1-2-Draws
   5 B 2    1.0:0.0        0.0:5.0       9:23:32 PM     0.00    22 2.286 :3.444  0-5-0

--------------------------------------------------------------

Engine-Match Wednesday, October 29, 2025 9:23:34 PM
 Blitz 1/1 

Pairing 15/15 :    VPR_v5.0  -  VPR_v6.0

PGN-File: C:\Program Files (x86)\Arena\Tournaments\Engine Regression Battle 20251027.pgn

No:  B/W 1/2     W:B       1:2           Time        Value Moves Dep 1:2       1-2-Draws
   5 W 1    1.5:0.5        4.5:0.5       9:23:58 PM    +M500     6 2.000 :0 4-0-1

--------------------------------------------------------------

Engine-Match Wednesday, October 29, 2025 9:24:00 PM
 Blitz 1/1 

Pairing 1/15 :    V7P3R_v10.8  -  VPR_v7.0

PGN-File: C:\Program Files (x86)\Arena\Tournaments\Engine Regression Battle 20251027.pgn

No:  B/W 1/2     W:B       1:2           Time        Value Moves Dep 1:2       1-2-Draws
   6 B 1    1.0:0.0        6.0:0.0       9:24:25 PM  -289.97     4 4.000 :3.250  6-0-0

--------------------------------------------------------------

Engine-Match Wednesday, October 29, 2025 9:24:26 PM
 Blitz 1/1 

Pairing 2/15 :    VPR_v6.0  -  V7P3R_v12.6

PGN-File: C:\Program Files (x86)\Arena\Tournaments\Engine Regression Battle 20251027.pgn

No:  B/W 1/2     W:B       1:2           Time        Value Moves Dep 1:2       1-2-Draws
   6 W 2    1.0:0.0        0.0:6.0       9:24:56 PM  +289.96    12 0:3.083  0-6-0

--------------------------------------------------------------

Engine-Match Wednesday, October 29, 2025 9:24:57 PM
 Blitz 1/1 

Pairing 3/15 :    V7P3R_v14.0  -  VPR_v5.0

PGN-File: C:\Program Files (x86)\Arena\Tournaments\Engine Regression Battle 20251027.pgn

No:  B/W 1/2     W:B       1:2           Time        Value Moves Dep 1:2       1-2-Draws
   6 B 1    1.0:0.0        6.0:0.0       9:26:43 PM  -289.97    22 3.947 :2.381  6-0-0

--------------------------------------------------------------

Engine-Match Wednesday, October 29, 2025 9:26:44 PM
 Blitz 1/1 

Pairing 4/15 :    VPR_v6.0  -  V7P3R_v10.8

PGN-File: C:\Program Files (x86)\Arena\Tournaments\Engine Regression Battle 20251027.pgn

No:  B/W 1/2     W:B       1:2           Time        Value Moves Dep 1:2       1-2-Draws
   6 W 2    1.0:0.0        0.0:6.0       9:27:22 PM  +289.96    12 0:3.083  0-6-0

--------------------------------------------------------------

Engine-Match Wednesday, October 29, 2025 9:27:24 PM
 Blitz 1/1 

Pairing 5/15 :    VPR_v5.0  -  VPR_v7.0

PGN-File: C:\Program Files (x86)\Arena\Tournaments\Engine Regression Battle 20251027.pgn

No:  B/W 1/2     W:B       1:2           Time        Value Moves Dep 1:2       1-2-Draws
   6 = =    0.5:0.5        5.5:0.5       9:28:20 PM    -0.59    12 2.000 :2.750  5-0-1

--------------------------------------------------------------

Engine-Match Wednesday, October 29, 2025 9:28:21 PM
 Blitz 1/1 

Pairing 6/15 :    V7P3R_v12.6  -  V7P3R_v14.0

PGN-File: C:\Program Files (x86)\Arena\Tournaments\Engine Regression Battle 20251027.pgn

No:  B/W 1/2     W:B       1:2           Time        Value Moves Dep 1:2       1-2-Draws
   6 B 1    2.5:1.5        3.5:2.5       9:33:17 PM     0.00    92 3.152 :3.511  2-1-3

--------------------------------------------------------------

Engine-Match Wednesday, October 29, 2025 9:33:18 PM
 Blitz 1/1 

Pairing 7/15 :    V7P3R_v10.8  -  VPR_v5.0

PGN-File: C:\Program Files (x86)\Arena\Tournaments\Engine Regression Battle 20251027.pgn

No:  B/W 1/2     W:B       1:2           Time        Value Moves Dep 1:2       1-2-Draws
   6 B 1    1.0:0.0        6.0:0.0       9:35:18 PM  -289.95    29 2.931 :2.550  6-0-0

--------------------------------------------------------------

Engine-Match Wednesday, October 29, 2025 9:35:20 PM
 Blitz 1/1 

Pairing 8/15 :    V7P3R_v14.0  -  VPR_v6.0

PGN-File: C:\Program Files (x86)\Arena\Tournaments\Engine Regression Battle 20251027.pgn

No:  B/W 1/2     W:B       1:2           Time        Value Moves Dep 1:2       1-2-Draws
   6 B 1    1.0:0.0        6.0:0.0       9:36:14 PM     0.00    23 3.895 :0 6-0-0

--------------------------------------------------------------

Engine-Match Wednesday, October 29, 2025 9:36:16 PM
 Blitz 1/1 

Pairing 9/15 :    VPR_v7.0  -  V7P3R_v12.6

PGN-File: C:\Program Files (x86)\Arena\Tournaments\Engine Regression Battle 20251027.pgn

No:  B/W 1/2     W:B       1:2           Time        Value Moves Dep 1:2       1-2-Draws
   6 W 2    1.0:0.0        0.0:6.0       9:37:41 PM  +289.97    21 2.000 :2.952  0-6-0

--------------------------------------------------------------

Engine-Match Wednesday, October 29, 2025 9:37:42 PM
 Blitz 1/1 

Pairing 10/15 :    V7P3R_v14.0  -  V7P3R_v10.8

PGN-File: C:\Program Files (x86)\Arena\Tournaments\Engine Regression Battle 20251027.pgn

No:  B/W 1/2     W:B       1:2           Time        Value Moves Dep 1:2       1-2-Draws
   6 W 2    2.0:1.0        2.0:4.0       9:39:56 PM   +11.93    41 3.889 :3.333  1-3-2

--------------------------------------------------------------

Engine-Match Wednesday, October 29, 2025 9:40:07 PM
 Blitz 1/1 

Pairing 11/15 :    V7P3R_v12.6  -  VPR_v5.0

PGN-File: C:\Program Files (x86)\Arena\Tournaments\Engine Regression Battle 20251027.pgn

No:  B/W 1/2     W:B       1:2           Time        Value Moves Dep 1:2       1-2-Draws
   6 B 1    1.0:0.0        6.0:0.0       9:42:44 PM  -289.96    33 3.200 :2.238  6-0-0

--------------------------------------------------------------

Engine-Match Wednesday, October 29, 2025 9:42:45 PM
 Blitz 1/1 

Pairing 12/15 :    VPR_v6.0  -  VPR_v7.0

PGN-File: C:\Program Files (x86)\Arena\Tournaments\Engine Regression Battle 20251027.pgn

No:  B/W 1/2     W:B       1:2           Time        Value Moves Dep 1:2       1-2-Draws
   6 = =    2.0:2.0        2.0:4.0       9:43:59 PM     0.00    40 0:2.125  0-2-4

--------------------------------------------------------------

Engine-Match Wednesday, October 29, 2025 9:44:01 PM
 Blitz 1/1 

Pairing 13/15 :    V7P3R_v10.8  -  V7P3R_v12.6

PGN-File: C:\Program Files (x86)\Arena\Tournaments\Engine Regression Battle 20251027.pgn

No:  B/W 1/2     W:B       1:2           Time        Value Moves Dep 1:2       1-2-Draws
   6 B 1    1.0:0.0        3.0:3.0       9:46:15 PM  -289.96    31 2.484 :2.862  3-3-0

--------------------------------------------------------------

Engine-Match Wednesday, October 29, 2025 9:46:16 PM
 Blitz 1/1 

Pairing 14/15 :    VPR_v7.0  -  V7P3R_v14.0

PGN-File: C:\Program Files (x86)\Arena\Tournaments\Engine Regression Battle 20251027.pgn

No:  B/W 1/2     W:B       1:2           Time        Value Moves Dep 1:2       1-2-Draws
   6 W 2    1.0:0.0        0.0:6.0       9:48:35 PM  +289.96    33 2.875 :3.750  0-6-0

--------------------------------------------------------------

Engine-Match Wednesday, October 29, 2025 9:48:36 PM
 Blitz 1/1 

Pairing 15/15 :    VPR_v5.0  -  VPR_v6.0

PGN-File: C:\Program Files (x86)\Arena\Tournaments\Engine Regression Battle 20251027.pgn

No:  B/W 1/2     W:B       1:2           Time        Value Moves Dep 1:2       1-2-Draws
   6 B 1    1.5:0.5        5.5:0.5       9:49:17 PM    -M500    12 2.000 :0 5-0-1

--------------------------------------------------------------

Engine-Match Wednesday, October 29, 2025 9:49:18 PM
 Blitz 1/1 

Pairing 1/15 :    V7P3R_v10.8  -  VPR_v7.0

PGN-File: C:\Program Files (x86)\Arena\Tournaments\Engine Regression Battle 20251027.pgn

No:  B/W 1/2     W:B       1:2           Time        Value Moves Dep 1:2       1-2-Draws
   7 W 1    1.0:0.0        7.0:0.0       9:50:51 PM  +289.96    25 3.160 :2.375  7-0-0

--------------------------------------------------------------

Engine-Match Wednesday, October 29, 2025 9:50:53 PM
 Blitz 1/1 

Pairing 2/15 :    VPR_v6.0  -  V7P3R_v12.6

PGN-File: C:\Program Files (x86)\Arena\Tournaments\Engine Regression Battle 20251027.pgn

No:  B/W 1/2     W:B       1:2           Time        Value Moves Dep 1:2       1-2-Draws
   7 B 2    1.0:0.0        0.0:7.0       9:51:32 PM  -289.97    16 0:3.400  0-7-0

--------------------------------------------------------------

Engine-Match Wednesday, October 29, 2025 9:51:34 PM
 Blitz 1/1 

Pairing 3/15 :    V7P3R_v14.0  -  VPR_v5.0

PGN-File: C:\Program Files (x86)\Arena\Tournaments\Engine Regression Battle 20251027.pgn

No:  B/W 1/2     W:B       1:2           Time        Value Moves Dep 1:2       1-2-Draws
   7 W 1    1.0:0.0        7.0:0.0       9:53:52 PM     0.00    29 3.792 :2.333  7-0-0

--------------------------------------------------------------

Engine-Match Wednesday, October 29, 2025 9:53:53 PM
 Blitz 1/1 

Pairing 4/15 :    VPR_v6.0  -  V7P3R_v10.8

PGN-File: C:\Program Files (x86)\Arena\Tournaments\Engine Regression Battle 20251027.pgn

No:  B/W 1/2     W:B       1:2           Time        Value Moves Dep 1:2       1-2-Draws
   7 B 2    1.0:0.0        0.0:7.0       9:54:26 PM     0.00    13 0:4.000  0-7-0

--------------------------------------------------------------

Engine-Match Wednesday, October 29, 2025 9:54:27 PM
 Blitz 1/1 

Pairing 5/15 :    VPR_v5.0  -  VPR_v7.0

PGN-File: C:\Program Files (x86)\Arena\Tournaments\Engine Regression Battle 20251027.pgn

No:  B/W 1/2     W:B       1:2           Time        Value Moves Dep 1:2       1-2-Draws
   7 W 1    1.5:0.5        6.5:0.5       9:55:35 PM    +M500    16 2.000 :2.417  6-0-1

--------------------------------------------------------------

Engine-Match Wednesday, October 29, 2025 9:55:36 PM
 Blitz 1/1 

Pairing 6/15 :    V7P3R_v12.6  -  V7P3R_v14.0

PGN-File: C:\Program Files (x86)\Arena\Tournaments\Engine Regression Battle 20251027.pgn

No:  B/W 1/2     W:B       1:2           Time        Value Moves Dep 1:2       1-2-Draws
   7 = =    2.0:2.0        4.0:3.0       9:58:53 PM    +9.96    66 3.400 :3.750  2-1-4

--------------------------------------------------------------

Engine-Match Wednesday, October 29, 2025 9:58:55 PM
 Blitz 1/1 

Pairing 7/15 :    V7P3R_v10.8  -  VPR_v5.0

PGN-File: C:\Program Files (x86)\Arena\Tournaments\Engine Regression Battle 20251027.pgn

No:  B/W 1/2     W:B       1:2           Time        Value Moves Dep 1:2       1-2-Draws
   7 W 1    1.0:0.0        7.0:0.0       10:01:18 PM  +289.96    38 2.654 :2.048  7-0-0

--------------------------------------------------------------

Engine-Match Wednesday, October 29, 2025 10:01:19 PM
 Blitz 1/1 

Pairing 8/15 :    V7P3R_v14.0  -  VPR_v6.0

PGN-File: C:\Program Files (x86)\Arena\Tournaments\Engine Regression Battle 20251027.pgn

No:  B/W 1/2     W:B       1:2           Time        Value Moves Dep 1:2       1-2-Draws
   7 W 1    1.0:0.0        7.0:0.0       10:01:53 PM  +289.97    14 3.900 :0 7-0-0

--------------------------------------------------------------

Engine-Match Wednesday, October 29, 2025 10:01:54 PM
 Blitz 1/1 

Pairing 9/15 :    VPR_v7.0  -  V7P3R_v12.6

PGN-File: C:\Program Files (x86)\Arena\Tournaments\Engine Regression Battle 20251027.pgn

No:  B/W 1/2     W:B       1:2           Time        Value Moves Dep 1:2       1-2-Draws
   7 B 2    1.0:0.0        0.0:7.0       10:02:22 PM  -289.98     4 3.250 :4.250  0-7-0

--------------------------------------------------------------

Engine-Match Wednesday, October 29, 2025 10:02:23 PM
 Blitz 1/1 

Pairing 10/15 :    V7P3R_v14.0  -  V7P3R_v10.8

PGN-File: C:\Program Files (x86)\Arena\Tournaments\Engine Regression Battle 20251027.pgn

No:  B/W 1/2     W:B       1:2           Time        Value Moves Dep 1:2       1-2-Draws
   7 B 2    2.0:1.0        2.0:5.0       10:04:59 PM   -16.24    41 3.609 :2.903  1-4-2

--------------------------------------------------------------

Engine-Match Wednesday, October 29, 2025 10:05:00 PM
 Blitz 1/1 

Pairing 11/15 :    V7P3R_v12.6  -  VPR_v5.0

PGN-File: C:\Program Files (x86)\Arena\Tournaments\Engine Regression Battle 20251027.pgn

No:  B/W 1/2     W:B       1:2           Time        Value Moves Dep 1:2       1-2-Draws
   7 W 1    1.0:0.0        7.0:0.0       10:07:27 PM  +289.97    31 3.500 :2.350  7-0-0

--------------------------------------------------------------

Engine-Match Wednesday, October 29, 2025 10:07:29 PM
 Blitz 1/1 

Pairing 12/15 :    VPR_v6.0  -  VPR_v7.0

PGN-File: C:\Program Files (x86)\Arena\Tournaments\Engine Regression Battle 20251027.pgn

No:  B/W 1/2     W:B       1:2           Time        Value Moves Dep 1:2       1-2-Draws
   7 B 2    3.0:2.0        2.0:5.0       10:08:09 PM    -M500    19 0:2.263  0-3-4

--------------------------------------------------------------

Engine-Match Wednesday, October 29, 2025 10:08:10 PM
 Blitz 1/1 

Pairing 13/15 :    V7P3R_v10.8  -  V7P3R_v12.6

PGN-File: C:\Program Files (x86)\Arena\Tournaments\Engine Regression Battle 20251027.pgn

No:  B/W 1/2     W:B       1:2           Time        Value Moves Dep 1:2       1-2-Draws
   7 B 2    1.0:0.0        3.0:4.0       10:10:18 PM  -289.96    28 2.741 :2.889  3-4-0

--------------------------------------------------------------

Engine-Match Wednesday, October 29, 2025 10:10:19 PM
 Blitz 1/1 

Pairing 14/15 :    VPR_v7.0  -  V7P3R_v14.0

PGN-File: C:\Program Files (x86)\Arena\Tournaments\Engine Regression Battle 20251027.pgn

No:  B/W 1/2     W:B       1:2           Time        Value Moves Dep 1:2       1-2-Draws
   7 B 2    1.0:0.0        0.0:7.0       10:11:41 PM     0.00    22 2.286 :3.444  0-7-0

--------------------------------------------------------------

Engine-Match Wednesday, October 29, 2025 10:11:43 PM
 Blitz 1/1 

Pairing 15/15 :    VPR_v5.0  -  VPR_v6.0

PGN-File: C:\Program Files (x86)\Arena\Tournaments\Engine Regression Battle 20251027.pgn

No:  B/W 1/2     W:B       1:2           Time        Value Moves Dep 1:2       1-2-Draws
   7 W 1    1.5:0.5        6.5:0.5       10:13:15 PM    +M500    36 2.200 :0 6-0-1

--------------------------------------------------------------

Engine-Match Wednesday, October 29, 2025 10:13:22 PM
 Blitz 1/1 

Pairing 1/15 :    V7P3R_v10.8  -  VPR_v7.0

PGN-File: C:\Program Files (x86)\Arena\Tournaments\Engine Regression Battle 20251027.pgn

No:  B/W 1/2     W:B       1:2           Time        Value Moves Dep 1:2       1-2-Draws
   8 B 1    1.0:0.0        8.0:0.0       10:13:46 PM  -289.98     4 4.000 :3.250  8-0-0

--------------------------------------------------------------

Engine-Match Wednesday, October 29, 2025 10:13:48 PM
 Blitz 1/1 

Pairing 2/15 :    VPR_v6.0  -  V7P3R_v12.6

PGN-File: C:\Program Files (x86)\Arena\Tournaments\Engine Regression Battle 20251027.pgn

No:  B/W 1/2     W:B       1:2           Time        Value Moves Dep 1:2       1-2-Draws
   8 W 2    1.0:0.0        0.0:8.0       10:14:16 PM  +289.96    12 0:3.083  0-8-0

--------------------------------------------------------------

Engine-Match Wednesday, October 29, 2025 10:14:17 PM
 Blitz 1/1 

Pairing 3/15 :    V7P3R_v14.0  -  VPR_v5.0

PGN-File: C:\Program Files (x86)\Arena\Tournaments\Engine Regression Battle 20251027.pgn

No:  B/W 1/2     W:B       1:2           Time        Value Moves Dep 1:2       1-2-Draws
   8 B 1    1.0:0.0        8.0:0.0       10:16:24 PM  -289.97    27 3.941 :2.045  8-0-0

--------------------------------------------------------------

Engine-Match Wednesday, October 29, 2025 10:16:26 PM
 Blitz 1/1 

Pairing 4/15 :    VPR_v6.0  -  V7P3R_v10.8

PGN-File: C:\Program Files (x86)\Arena\Tournaments\Engine Regression Battle 20251027.pgn

No:  B/W 1/2     W:B       1:2           Time        Value Moves Dep 1:2       1-2-Draws
   8 W 2    1.0:0.0        0.0:8.0       10:17:06 PM  +289.96    12 0:3.083  0-8-0

--------------------------------------------------------------

Engine-Match Wednesday, October 29, 2025 10:17:08 PM
 Blitz 1/1 

Pairing 5/15 :    VPR_v5.0  -  VPR_v7.0

PGN-File: C:\Program Files (x86)\Arena\Tournaments\Engine Regression Battle 20251027.pgn

No:  B/W 1/2     W:B       1:2           Time        Value Moves Dep 1:2       1-2-Draws
   8 B 1    1.5:0.5        7.5:0.5       10:19:35 PM    -M500    38 2.053 :2.308  7-0-1

--------------------------------------------------------------

Engine-Match Wednesday, October 29, 2025 10:19:36 PM
 Blitz 1/1 

Pairing 6/15 :    V7P3R_v12.6  -  V7P3R_v14.0

PGN-File: C:\Program Files (x86)\Arena\Tournaments\Engine Regression Battle 20251027.pgn

No:  B/W 1/2     W:B       1:2           Time        Value Moves Dep 1:2       1-2-Draws
   8 B 1    3.0:2.0        5.0:3.0       10:22:49 PM     0.00    61 3.387 :3.759  3-1-4

--------------------------------------------------------------

Engine-Match Wednesday, October 29, 2025 10:22:51 PM
 Blitz 1/1 

Pairing 7/15 :    V7P3R_v10.8  -  VPR_v5.0

PGN-File: C:\Program Files (x86)\Arena\Tournaments\Engine Regression Battle 20251027.pgn

No:  B/W 1/2     W:B       1:2           Time        Value Moves Dep 1:2       1-2-Draws
   8 B 1    1.0:0.0        8.0:0.0       10:24:41 PM  -289.95    25 2.958 :2.611  8-0-0

--------------------------------------------------------------

Engine-Match Wednesday, October 29, 2025 10:24:42 PM
 Blitz 1/1 

Pairing 8/15 :    V7P3R_v14.0  -  VPR_v6.0

PGN-File: C:\Program Files (x86)\Arena\Tournaments\Engine Regression Battle 20251027.pgn

No:  B/W 1/2     W:B       1:2           Time        Value Moves Dep 1:2       1-2-Draws
   8 B 1    1.0:0.0        8.0:0.0       10:25:40 PM     0.00    23 3.900 :0 8-0-0

--------------------------------------------------------------

Engine-Match Wednesday, October 29, 2025 10:25:41 PM
 Blitz 1/1 

Pairing 9/15 :    VPR_v7.0  -  V7P3R_v12.6

PGN-File: C:\Program Files (x86)\Arena\Tournaments\Engine Regression Battle 20251027.pgn

No:  B/W 1/2     W:B       1:2           Time        Value Moves Dep 1:2       1-2-Draws
   8 W 2    1.0:0.0        0.0:8.0       10:27:10 PM  +289.97    21 2.000 :3.048  0-8-0

--------------------------------------------------------------

Engine-Match Wednesday, October 29, 2025 10:27:11 PM
 Blitz 1/1 

Pairing 10/15 :    V7P3R_v14.0  -  V7P3R_v10.8

PGN-File: C:\Program Files (x86)\Arena\Tournaments\Engine Regression Battle 20251027.pgn

No:  B/W 1/2     W:B       1:2           Time        Value Moves Dep 1:2       1-2-Draws
   8 W 2    2.0:1.0        2.0:6.0       10:30:05 PM  +289.97    64 3.636 :3.125  1-5-2

--------------------------------------------------------------

Engine-Match Wednesday, October 29, 2025 10:30:06 PM
 Blitz 1/1 

Pairing 11/15 :    V7P3R_v12.6  -  VPR_v5.0

PGN-File: C:\Program Files (x86)\Arena\Tournaments\Engine Regression Battle 20251027.pgn

No:  B/W 1/2     W:B       1:2           Time        Value Moves Dep 1:2       1-2-Draws
   8 B 1    1.0:0.0        8.0:0.0       10:32:24 PM     0.00    26 3.571 :2.235  8-0-0

--------------------------------------------------------------

Engine-Match Wednesday, October 29, 2025 10:32:25 PM
 Blitz 1/1 

Pairing 12/15 :    VPR_v6.0  -  VPR_v7.0

PGN-File: C:\Program Files (x86)\Arena\Tournaments\Engine Regression Battle 20251027.pgn

No:  B/W 1/2     W:B       1:2           Time        Value Moves Dep 1:2       1-2-Draws
   8 = =    2.5:2.5        2.5:5.5       10:33:09 PM     0.00    20 0:3.100  0-3-5

--------------------------------------------------------------

Engine-Match Wednesday, October 29, 2025 10:33:11 PM
 Blitz 1/1 

Pairing 13/15 :    V7P3R_v10.8  -  V7P3R_v12.6

PGN-File: C:\Program Files (x86)\Arena\Tournaments\Engine Regression Battle 20251027.pgn

No:  B/W 1/2     W:B       1:2           Time        Value Moves Dep 1:2       1-2-Draws
   8 W 2    1.0:0.0        3.0:5.0       10:37:01 PM     0.00    72 2.647 :2.920  3-5-0

--------------------------------------------------------------

Engine-Match Wednesday, October 29, 2025 10:37:03 PM
 Blitz 1/1 

Pairing 14/15 :    VPR_v7.0  -  V7P3R_v14.0

PGN-File: C:\Program Files (x86)\Arena\Tournaments\Engine Regression Battle 20251027.pgn

No:  B/W 1/2     W:B       1:2           Time        Value Moves Dep 1:2       1-2-Draws
   8 W 2    1.0:0.0        0.0:8.0       10:39:10 PM     0.00    31 2.316 :3.684  0-8-0

--------------------------------------------------------------

Engine-Match Wednesday, October 29, 2025 10:39:12 PM
 Blitz 1/1 

Pairing 15/15 :    VPR_v5.0  -  VPR_v6.0

PGN-File: C:\Program Files (x86)\Arena\Tournaments\Engine Regression Battle 20251027.pgn

No:  B/W 1/2     W:B       1:2           Time        Value Moves Dep 1:2       1-2-Draws
   8 B 1    1.5:0.5        7.5:0.5       10:40:58 PM    -M500    44 2.182 :0 7-0-1

--------------------------------------------------------------

Engine-Match Wednesday, October 29, 2025 10:40:59 PM
 Blitz 1/1 

Pairing 1/15 :    V7P3R_v10.8  -  VPR_v7.0

PGN-File: C:\Program Files (x86)\Arena\Tournaments\Engine Regression Battle 20251027.pgn

No:  B/W 1/2     W:B       1:2           Time        Value Moves Dep 1:2       1-2-Draws
   9 W 1    1.0:0.0        9.0:0.0       10:42:31 PM  +289.96    26 3.050 :2.700  9-0-0

--------------------------------------------------------------

Engine-Match Wednesday, October 29, 2025 10:42:32 PM
 Blitz 1/1 

Pairing 2/15 :    VPR_v6.0  -  V7P3R_v12.6

PGN-File: C:\Program Files (x86)\Arena\Tournaments\Engine Regression Battle 20251027.pgn

No:  B/W 1/2     W:B       1:2           Time        Value Moves Dep 1:2       1-2-Draws
   9 B 2    1.0:0.0        0.0:9.0       10:43:11 PM     0.00    16 0:3.400  0-9-0

--------------------------------------------------------------

Engine-Match Wednesday, October 29, 2025 10:43:12 PM
 Blitz 1/1 

Pairing 3/15 :    V7P3R_v14.0  -  VPR_v5.0

PGN-File: C:\Program Files (x86)\Arena\Tournaments\Engine Regression Battle 20251027.pgn

No:  B/W 1/2     W:B       1:2           Time        Value Moves Dep 1:2       1-2-Draws
   9 W 1    1.0:0.0        9.0:0.0       10:44:20 PM  +289.96    15 3.333 :2.000  9-0-0

--------------------------------------------------------------

Engine-Match Wednesday, October 29, 2025 10:44:21 PM
 Blitz 1/1 

Pairing 4/15 :    VPR_v6.0  -  V7P3R_v10.8

PGN-File: C:\Program Files (x86)\Arena\Tournaments\Engine Regression Battle 20251027.pgn

No:  B/W 1/2     W:B       1:2           Time        Value Moves Dep 1:2       1-2-Draws
   9 B 2    1.0:0.0        0.0:9.0       10:45:12 PM  -289.96    25 0:3.286  0-9-0

--------------------------------------------------------------

Engine-Match Wednesday, October 29, 2025 10:45:13 PM
 Blitz 1/1 

Pairing 5/15 :    VPR_v5.0  -  VPR_v7.0

PGN-File: C:\Program Files (x86)\Arena\Tournaments\Engine Regression Battle 20251027.pgn

No:  B/W 1/2     W:B       1:2           Time        Value Moves Dep 1:2       1-2-Draws
   9 W 1    1.5:0.5        8.5:0.5       10:47:46 PM    +M500    38 2.150 :2.636  8-0-1

--------------------------------------------------------------

Engine-Match Wednesday, October 29, 2025 10:47:53 PM
 Blitz 1/1 

Pairing 6/15 :    V7P3R_v12.6  -  V7P3R_v14.0

PGN-File: C:\Program Files (x86)\Arena\Tournaments\Engine Regression Battle 20251027.pgn

No:  B/W 1/2     W:B       1:2           Time        Value Moves Dep 1:2       1-2-Draws
   9 = =    2.5:2.5        5.5:3.5       10:50:30 PM    +6.18    47 3.400 :3.750  3-1-5

--------------------------------------------------------------

Engine-Match Wednesday, October 29, 2025 10:50:31 PM
 Blitz 1/1 

Pairing 7/15 :    V7P3R_v10.8  -  VPR_v5.0

PGN-File: C:\Program Files (x86)\Arena\Tournaments\Engine Regression Battle 20251027.pgn

No:  B/W 1/2     W:B       1:2           Time        Value Moves Dep 1:2       1-2-Draws
   9 W 1    1.0:0.0        9.0:0.0       10:52:51 PM  +289.96    32 3.000 :2.174  9-0-0

--------------------------------------------------------------

Engine-Match Wednesday, October 29, 2025 10:52:52 PM
 Blitz 1/1 

Pairing 8/15 :    V7P3R_v14.0  -  VPR_v6.0

PGN-File: C:\Program Files (x86)\Arena\Tournaments\Engine Regression Battle 20251027.pgn

No:  B/W 1/2     W:B       1:2           Time        Value Moves Dep 1:2       1-2-Draws
   9 W 1    1.0:0.0        9.0:0.0       10:53:25 PM  +289.97    14 3.636 :0 9-0-0

--------------------------------------------------------------

Engine-Match Wednesday, October 29, 2025 10:53:27 PM
 Blitz 1/1 

Pairing 9/15 :    VPR_v7.0  -  V7P3R_v12.6

PGN-File: C:\Program Files (x86)\Arena\Tournaments\Engine Regression Battle 20251027.pgn

No:  B/W 1/2     W:B       1:2           Time        Value Moves Dep 1:2       1-2-Draws
   9 B 2    1.0:0.0        0.0:9.0       10:53:53 PM  -289.98     4 3.250 :4.250  0-9-0

--------------------------------------------------------------

Engine-Match Wednesday, October 29, 2025 10:53:54 PM
 Blitz 1/1 

Pairing 10/15 :    V7P3R_v14.0  -  V7P3R_v10.8

PGN-File: C:\Program Files (x86)\Arena\Tournaments\Engine Regression Battle 20251027.pgn

No:  B/W 1/2     W:B       1:2           Time        Value Moves Dep 1:2       1-2-Draws
   9 B 2    2.0:1.0        2.0:7.0       10:56:38 PM  -289.96    47 3.609 :2.903  1-6-2

--------------------------------------------------------------

Engine-Match Wednesday, October 29, 2025 10:56:39 PM
 Blitz 1/1 

Pairing 11/15 :    V7P3R_v12.6  -  VPR_v5.0

PGN-File: C:\Program Files (x86)\Arena\Tournaments\Engine Regression Battle 20251027.pgn

No:  B/W 1/2     W:B       1:2           Time        Value Moves Dep 1:2       1-2-Draws
   9 W 1    1.0:0.0        9.0:0.0       10:59:15 PM  +289.97    34 3.200 :2.519  9-0-0

--------------------------------------------------------------

Engine-Match Wednesday, October 29, 2025 10:59:17 PM
 Blitz 1/1 

Pairing 12/15 :    VPR_v6.0  -  VPR_v7.0

PGN-File: C:\Program Files (x86)\Arena\Tournaments\Engine Regression Battle 20251027.pgn

No:  B/W 1/2     W:B       1:2           Time        Value Moves Dep 1:2       1-2-Draws
   9 = =    3.0:3.0        3.0:6.0       11:00:54 PM     0.00    55 0:2.320  0-3-6

--------------------------------------------------------------

Engine-Match Wednesday, October 29, 2025 11:00:56 PM
 Blitz 1/1 

Pairing 13/15 :    V7P3R_v10.8  -  V7P3R_v12.6

PGN-File: C:\Program Files (x86)\Arena\Tournaments\Engine Regression Battle 20251027.pgn

No:  B/W 1/2     W:B       1:2           Time        Value Moves Dep 1:2       1-2-Draws
   9 = =    0.5:0.5        3.5:5.5       11:03:07 PM   +12.46    30 2.586 :2.962  3-5-1

--------------------------------------------------------------

Engine-Match Wednesday, October 29, 2025 11:03:09 PM
 Blitz 1/1 

Pairing 14/15 :    VPR_v7.0  -  V7P3R_v14.0

PGN-File: C:\Program Files (x86)\Arena\Tournaments\Engine Regression Battle 20251027.pgn

No:  B/W 1/2     W:B       1:2           Time        Value Moves Dep 1:2       1-2-Draws
   9 B 2    1.0:0.0        0.0:9.0       11:04:28 PM     0.00    22 2.286 :3.389  0-9-0

--------------------------------------------------------------

Engine-Match Wednesday, October 29, 2025 11:04:30 PM
 Blitz 1/1 

Pairing 15/15 :    VPR_v5.0  -  VPR_v6.0

PGN-File: C:\Program Files (x86)\Arena\Tournaments\Engine Regression Battle 20251027.pgn

No:  B/W 1/2     W:B       1:2           Time        Value Moves Dep 1:2       1-2-Draws
   9 W 1    1.5:0.5        8.5:0.5       11:05:58 PM    +M500    34 2.154 :0 8-0-1

--------------------------------------------------------------

Engine-Match Wednesday, October 29, 2025 11:05:59 PM
 Blitz 1/1 

Pairing 1/15 :    V7P3R_v10.8  -  VPR_v7.0

PGN-File: C:\Program Files (x86)\Arena\Tournaments\Engine Regression Battle 20251027.pgn

No:  B/W 1/2     W:B       1:2           Time        Value Moves Dep 1:2       1-2-Draws
  10 B 1    1.0:0.0        10.0:0.0      11:07:11 PM  -289.95    18 3.000 :2.444  10-0-0

--------------------------------------------------------------

Engine-Match Wednesday, October 29, 2025 11:07:12 PM
 Blitz 1/1 

Pairing 2/15 :    VPR_v6.0  -  V7P3R_v12.6

PGN-File: C:\Program Files (x86)\Arena\Tournaments\Engine Regression Battle 20251027.pgn

No:  B/W 1/2     W:B       1:2           Time        Value Moves Dep 1:2       1-2-Draws
  10 W 2    1.0:0.0        0.0:10.0      11:07:39 PM  +289.96    12 0:3.083  0-10-0

--------------------------------------------------------------

Engine-Match Wednesday, October 29, 2025 11:07:40 PM
 Blitz 1/1 

Pairing 3/15 :    V7P3R_v14.0  -  VPR_v5.0

PGN-File: C:\Program Files (x86)\Arena\Tournaments\Engine Regression Battle 20251027.pgn

No:  B/W 1/2     W:B       1:2           Time        Value Moves Dep 1:2       1-2-Draws
  10 B 1    1.0:0.0        10.0:0.0      11:08:51 PM     0.00    15 3.357 :2.154  10-0-0

--------------------------------------------------------------

Engine-Match Wednesday, October 29, 2025 11:08:52 PM
 Blitz 1/1 

Pairing 4/15 :    VPR_v6.0  -  V7P3R_v10.8

PGN-File: C:\Program Files (x86)\Arena\Tournaments\Engine Regression Battle 20251027.pgn

No:  B/W 1/2     W:B       1:2           Time        Value Moves Dep 1:2       1-2-Draws
  10 W 2    1.0:0.0        0.0:10.0      11:09:31 PM  +289.96    12 0:3.083  0-10-0

--------------------------------------------------------------

Engine-Match Wednesday, October 29, 2025 11:09:32 PM
 Blitz 1/1 

Pairing 5/15 :    VPR_v5.0  -  VPR_v7.0

PGN-File: C:\Program Files (x86)\Arena\Tournaments\Engine Regression Battle 20251027.pgn

No:  B/W 1/2     W:B       1:2           Time        Value Moves Dep 1:2       1-2-Draws
  10 B 1    1.5:0.5        9.5:0.5       11:10:37 PM    -M500    14 2.000 :2.692  9-0-1

--------------------------------------------------------------

Engine-Match Wednesday, October 29, 2025 11:10:38 PM
 Blitz 1/1 

Pairing 6/15 :    V7P3R_v12.6  -  V7P3R_v14.0

PGN-File: C:\Program Files (x86)\Arena\Tournaments\Engine Regression Battle 20251027.pgn

No:  B/W 1/2     W:B       1:2           Time        Value Moves Dep 1:2       1-2-Draws
  10 B 1    3.5:2.5        6.5:3.5       11:14:07 PM     0.00    57 3.054 :3.486  4-1-5

--------------------------------------------------------------

Engine-Match Wednesday, October 29, 2025 11:14:08 PM
 Blitz 1/1 

Pairing 7/15 :    V7P3R_v10.8  -  VPR_v5.0

PGN-File: C:\Program Files (x86)\Arena\Tournaments\Engine Regression Battle 20251027.pgn

No:  B/W 1/2     W:B       1:2           Time        Value Moves Dep 1:2       1-2-Draws
  10 B 1    1.0:0.0        10.0:0.0      11:16:54 PM     0.00    39 3.000 :2.211  10-0-0

--------------------------------------------------------------

Engine-Match Wednesday, October 29, 2025 11:16:55 PM
 Blitz 1/1 

Pairing 8/15 :    V7P3R_v14.0  -  VPR_v6.0

PGN-File: C:\Program Files (x86)\Arena\Tournaments\Engine Regression Battle 20251027.pgn

No:  B/W 1/2     W:B       1:2           Time        Value Moves Dep 1:2       1-2-Draws
  10 B 1    1.0:0.0        10.0:0.0      11:17:38 PM  -289.97    13 3.615 :0 10-0-0

--------------------------------------------------------------

Engine-Match Wednesday, October 29, 2025 11:17:40 PM
 Blitz 1/1 

Pairing 9/15 :    VPR_v7.0  -  V7P3R_v12.6

PGN-File: C:\Program Files (x86)\Arena\Tournaments\Engine Regression Battle 20251027.pgn

No:  B/W 1/2     W:B       1:2           Time        Value Moves Dep 1:2       1-2-Draws
  10 W 2    1.0:0.0        0.0:10.0      11:19:21 PM     0.00    25 2.455 :3.632  0-10-0

--------------------------------------------------------------

Engine-Match Wednesday, October 29, 2025 11:19:22 PM
 Blitz 1/1 

Pairing 10/15 :    V7P3R_v14.0  -  V7P3R_v10.8

PGN-File: C:\Program Files (x86)\Arena\Tournaments\Engine Regression Battle 20251027.pgn

No:  B/W 1/2     W:B       1:2           Time        Value Moves Dep 1:2       1-2-Draws
  10 = =    1.5:1.5        2.5:7.5       11:23:07 PM    +0.44    82 3.636 :3.188  1-6-3

--------------------------------------------------------------

Engine-Match Wednesday, October 29, 2025 11:23:19 PM
 Blitz 1/1 

Pairing 11/15 :    V7P3R_v12.6  -  VPR_v5.0

PGN-File: C:\Program Files (x86)\Arena\Tournaments\Engine Regression Battle 20251027.pgn

No:  B/W 1/2     W:B       1:2           Time        Value Moves Dep 1:2       1-2-Draws
  10 B 1    1.0:0.0        10.0:0.0      11:25:14 PM     0.00    23 3.286 :2.182  10-0-0

--------------------------------------------------------------

Engine-Match Wednesday, October 29, 2025 11:25:15 PM
 Blitz 1/1 

Pairing 12/15 :    VPR_v6.0  -  VPR_v7.0

PGN-File: C:\Program Files (x86)\Arena\Tournaments\Engine Regression Battle 20251027.pgn

No:  B/W 1/2     W:B       1:2           Time        Value Moves Dep 1:2       1-2-Draws
  10 = =    3.5:3.5        3.5:6.5       11:26:41 PM     0.00    47 0:2.148  0-3-7

--------------------------------------------------------------

Engine-Match Wednesday, October 29, 2025 11:26:43 PM
 Blitz 1/1 

Pairing 13/15 :    V7P3R_v10.8  -  V7P3R_v12.6

PGN-File: C:\Program Files (x86)\Arena\Tournaments\Engine Regression Battle 20251027.pgn

No:  B/W 1/2     W:B       1:2           Time        Value Moves Dep 1:2       1-2-Draws
  10 = =    1.0:1.0        4.0:6.0       11:30:35 PM     0.00    75 2.404 :2.830  3-5-2

--------------------------------------------------------------

Engine-Match Wednesday, October 29, 2025 11:30:37 PM
 Blitz 1/1 

Pairing 14/15 :    VPR_v7.0  -  V7P3R_v14.0

PGN-File: C:\Program Files (x86)\Arena\Tournaments\Engine Regression Battle 20251027.pgn

No:  B/W 1/2     W:B       1:2           Time        Value Moves Dep 1:2       1-2-Draws
  10 W 2    1.0:0.0        0.0:10.0      11:32:05 PM  +289.97    21 2.300 :4.000  0-10-0

--------------------------------------------------------------

Engine-Match Wednesday, October 29, 2025 11:32:06 PM
 Blitz 1/1 

Pairing 15/15 :    VPR_v5.0  -  VPR_v6.0

PGN-File: C:\Program Files (x86)\Arena\Tournaments\Engine Regression Battle 20251027.pgn

No:  B/W 1/2     W:B       1:2           Time        Value Moves Dep 1:2       1-2-Draws
  10 = =    1.0:1.0        9.0:1.0       11:33:41 PM     0.00    39 2.065 :0 8-0-2
