Engine-Match Saturday, October 25, 2025 6:57:19 PM
 Blitz 2/1 

Pairing 1/10 :    V7P3R_v13.2_Engine  -  V7P3R_v14.0

PGN-File: C:\Program Files (x86)\Arena\Tournaments\Engine Regression Battle 20251025_2.pgn

No:  B/W 1/2     W:B       1:2           Time        Value Moves Dep 1:2       1-2-Draws
   1 * *     0.0:0.0        0.0:0.0       6:58:48 PM     0.00     0 0:0 0-0-0

--------------------------------------------------------------

Engine-Match Saturday, October 25, 2025 7:01:07 PM
 Blitz 2/1 

Pairing 1/6 :    V7P3R_v12.6  -  Random_Opponent

PGN-File: C:\Program Files (x86)\Arena\Tournaments\Engine Regression Battle 20251025_2.pgn

No:  B/W 1/2     W:B       1:2           Time        Value Moves Dep 1:2       1-2-Draws
   1 W 1    1.0:0.0        1.0:0.0       7:02:24 PM  +289.97    16 4.000 :0 1-0-0

--------------------------------------------------------------

Engine-Match Saturday, October 25, 2025 7:02:25 PM
 Blitz 2/1 

Pairing 2/6 :    V7P3R_v14.0  -  V7P3R_v13.2

PGN-File: C:\Program Files (x86)\Arena\Tournaments\Engine Regression Battle 20251025_2.pgn

No:  B/W 1/2     W:B       1:2           Time        Value Moves Dep 1:2       1-2-Draws
   1 W 1    1.0:0.0        1.0:0.0       7:04:27 PM  +289.97    17 3.929 :5.000  1-0-0

--------------------------------------------------------------

Engine-Match Saturday, October 25, 2025 7:04:29 PM
 Blitz 2/1 

Pairing 3/6 :    V7P3R_v14.0  -  V7P3R_v12.6

PGN-File: C:\Program Files (x86)\Arena\Tournaments\Engine Regression Battle 20251025_2.pgn

No:  B/W 1/2     W:B       1:2           Time        Value Moves Dep 1:2       1-2-Draws
   1 B 2    1.0:0.0        0.0:1.0       7:08:32 PM     0.00    53 4.000 :3.364  0-1-0

--------------------------------------------------------------

Engine-Match Saturday, October 25, 2025 7:08:33 PM
 Blitz 2/1 

Pairing 4/6 :    V7P3R_v13.2  -  Random_Opponent

PGN-File: C:\Program Files (x86)\Arena\Tournaments\Engine Regression Battle 20251025_2.pgn

No:  B/W 1/2     W:B       1:2           Time        Value Moves Dep 1:2       1-2-Draws
   1 W 1    1.0:0.0        1.0:0.0       7:09:40 PM     0.00    23 4.882 :0 1-0-0

--------------------------------------------------------------

Engine-Match Saturday, October 25, 2025 7:09:42 PM
 Blitz 2/1 

Pairing 5/6 :    V7P3R_v12.6  -  V7P3R_v13.2

PGN-File: C:\Program Files (x86)\Arena\Tournaments\Engine Regression Battle 20251025_2.pgn

No:  B/W 1/2     W:B       1:2           Time        Value Moves Dep 1:2       1-2-Draws
   1 W 1    1.0:0.0        1.0:0.0       7:11:31 PM   +23.23    14 3.667 :4.692  1-0-0

--------------------------------------------------------------

Engine-Match Saturday, October 25, 2025 7:11:32 PM
 Blitz 2/1 

Pairing 6/6 :    Random_Opponent  -  V7P3R_v14.0

PGN-File: C:\Program Files (x86)\Arena\Tournaments\Engine Regression Battle 20251025_2.pgn

No:  B/W 1/2     W:B       1:2           Time        Value Moves Dep 1:2       1-2-Draws
   1 B 2    1.0:0.0        0.0:1.0       7:13:30 PM  -289.98    21 0:4.100  0-1-0

--------------------------------------------------------------

Engine-Match Saturday, October 25, 2025 7:13:32 PM
 Blitz 2/1 

Pairing 1/6 :    V7P3R_v12.6  -  Random_Opponent

PGN-File: C:\Program Files (x86)\Arena\Tournaments\Engine Regression Battle 20251025_2.pgn

No:  B/W 1/2     W:B       1:2           Time        Value Moves Dep 1:2       1-2-Draws
   2 B 1    1.0:0.0        2.0:0.0       7:15:07 PM     0.00    20 3.588 :0 2-0-0

--------------------------------------------------------------

Engine-Match Saturday, October 25, 2025 7:15:09 PM
 Blitz 2/1 

Pairing 2/6 :    V7P3R_v14.0  -  V7P3R_v13.2

PGN-File: C:\Program Files (x86)\Arena\Tournaments\Engine Regression Battle 20251025_2.pgn

No:  B/W 1/2     W:B       1:2           Time        Value Moves Dep 1:2       1-2-Draws
   2 B 1    1.0:0.0        2.0:0.0       7:16:54 PM   -13.86    14 4.300 :5.000  2-0-0

--------------------------------------------------------------

Engine-Match Saturday, October 25, 2025 7:16:56 PM
 Blitz 2/1 

Pairing 3/6 :    V7P3R_v14.0  -  V7P3R_v12.6

PGN-File: C:\Program Files (x86)\Arena\Tournaments\Engine Regression Battle 20251025_2.pgn

No:  B/W 1/2     W:B       1:2           Time        Value Moves Dep 1:2       1-2-Draws
   2 = =    0.5:0.5        0.5:1.5       7:21:41 PM     0.00    42 4.036 :3.677  0-1-1

--------------------------------------------------------------

Engine-Match Saturday, October 25, 2025 7:21:42 PM
 Blitz 2/1 

Pairing 4/6 :    V7P3R_v13.2  -  Random_Opponent

PGN-File: C:\Program Files (x86)\Arena\Tournaments\Engine Regression Battle 20251025_2.pgn

No:  B/W 1/2     W:B       1:2           Time        Value Moves Dep 1:2       1-2-Draws
   2 B 1    1.0:0.0        2.0:0.0       7:22:24 PM  -289.98    12 4.750 :0 2-0-0

--------------------------------------------------------------

Engine-Match Saturday, October 25, 2025 7:22:26 PM
 Blitz 2/1 

Pairing 5/6 :    V7P3R_v12.6  -  V7P3R_v13.2

PGN-File: C:\Program Files (x86)\Arena\Tournaments\Engine Regression Battle 20251025_2.pgn

No:  B/W 1/2     W:B       1:2           Time        Value Moves Dep 1:2       1-2-Draws
   2 B 1    1.0:0.0        2.0:0.0       7:25:09 PM   -21.91    17 3.750 :4.765  2-0-0

--------------------------------------------------------------

Engine-Match Saturday, October 25, 2025 7:25:10 PM
 Blitz 2/1 

Pairing 6/6 :    Random_Opponent  -  V7P3R_v14.0

PGN-File: C:\Program Files (x86)\Arena\Tournaments\Engine Regression Battle 20251025_2.pgn

No:  B/W 1/2     W:B       1:2           Time        Value Moves Dep 1:2       1-2-Draws
   2 W 2    1.0:0.0        0.0:2.0       7:26:04 PM  +289.98    12 0:4.300  0-2-0

--------------------------------------------------------------

Engine-Match Saturday, October 25, 2025 7:26:05 PM
 Blitz 2/1 

Pairing 1/6 :    V7P3R_v12.6  -  Random_Opponent

PGN-File: C:\Program Files (x86)\Arena\Tournaments\Engine Regression Battle 20251025_2.pgn

No:  B/W 1/2     W:B       1:2           Time        Value Moves Dep 1:2       1-2-Draws
   3 W 1    1.0:0.0        3.0:0.0       7:27:00 PM  +289.97    10 3.700 :0 3-0-0

--------------------------------------------------------------

Engine-Match Saturday, October 25, 2025 7:27:01 PM
 Blitz 2/1 

Pairing 2/6 :    V7P3R_v14.0  -  V7P3R_v13.2

PGN-File: C:\Program Files (x86)\Arena\Tournaments\Engine Regression Battle 20251025_2.pgn

No:  B/W 1/2     W:B       1:2           Time        Value Moves Dep 1:2       1-2-Draws
   3 W 1    1.0:0.0        3.0:0.0       7:29:42 PM   +18.74    20 4.267 :4.842  3-0-0

--------------------------------------------------------------

Engine-Match Saturday, October 25, 2025 7:29:43 PM
 Blitz 2/1 

Pairing 3/6 :    V7P3R_v14.0  -  V7P3R_v12.6

PGN-File: C:\Program Files (x86)\Arena\Tournaments\Engine Regression Battle 20251025_2.pgn

No:  B/W 1/2     W:B       1:2           Time        Value Moves Dep 1:2       1-2-Draws
   3 B 2    1.5:0.5        0.5:2.5       7:34:00 PM     0.00    53 4.000 :3.364  0-2-1

--------------------------------------------------------------

Engine-Match Saturday, October 25, 2025 7:34:01 PM
 Blitz 2/1 

Pairing 4/6 :    V7P3R_v13.2  -  Random_Opponent

PGN-File: C:\Program Files (x86)\Arena\Tournaments\Engine Regression Battle 20251025_2.pgn

No:  B/W 1/2     W:B       1:2           Time        Value Moves Dep 1:2       1-2-Draws
   3 W 1    1.0:0.0        3.0:0.0       7:35:04 PM  +289.98    20 4.750 :0 3-0-0

--------------------------------------------------------------

Engine-Match Saturday, October 25, 2025 7:35:05 PM
 Blitz 2/1 

Pairing 5/6 :    V7P3R_v12.6  -  V7P3R_v13.2

PGN-File: C:\Program Files (x86)\Arena\Tournaments\Engine Regression Battle 20251025_2.pgn

No:  B/W 1/2     W:B       1:2           Time        Value Moves Dep 1:2       1-2-Draws
   3 W 1    1.0:0.0        3.0:0.0       7:36:50 PM   +23.23    14 3.667 :4.692  3-0-0

--------------------------------------------------------------

Engine-Match Saturday, October 25, 2025 7:36:52 PM
 Blitz 2/1 

Pairing 6/6 :    Random_Opponent  -  V7P3R_v14.0

PGN-File: C:\Program Files (x86)\Arena\Tournaments\Engine Regression Battle 20251025_2.pgn

No:  B/W 1/2     W:B       1:2           Time        Value Moves Dep 1:2       1-2-Draws
   3 B 2    1.0:0.0        0.0:3.0       7:38:04 PM  -289.97    13 0:4.091  0-3-0

--------------------------------------------------------------

Engine-Match Saturday, October 25, 2025 7:38:05 PM
 Blitz 2/1 

Pairing 1/6 :    V7P3R_v12.6  -  Random_Opponent

PGN-File: C:\Program Files (x86)\Arena\Tournaments\Engine Regression Battle 20251025_2.pgn

No:  B/W 1/2     W:B       1:2           Time        Value Moves Dep 1:2       1-2-Draws
   4 B 1    1.0:0.0        4.0:0.0       7:39:45 PM     0.00    22 3.684 :0 4-0-0

--------------------------------------------------------------

Engine-Match Saturday, October 25, 2025 7:39:46 PM
 Blitz 2/1 

Pairing 2/6 :    V7P3R_v14.0  -  V7P3R_v13.2

PGN-File: C:\Program Files (x86)\Arena\Tournaments\Engine Regression Battle 20251025_2.pgn

No:  B/W 1/2     W:B       1:2           Time        Value Moves Dep 1:2       1-2-Draws
   4 B 1    1.0:0.0        4.0:0.0       7:41:54 PM   -18.95    18 3.867 :4.625  4-0-0

--------------------------------------------------------------

Engine-Match Saturday, October 25, 2025 7:42:09 PM
 Blitz 2/1 

Pairing 3/6 :    V7P3R_v14.0  -  V7P3R_v12.6

PGN-File: C:\Program Files (x86)\Arena\Tournaments\Engine Regression Battle 20251025_2.pgn

No:  B/W 1/2     W:B       1:2           Time        Value Moves Dep 1:2       1-2-Draws
   4 B 1    1.5:0.5        1.5:2.5       7:44:50 PM   -11.71    21 3.800 :3.294  1-2-1

--------------------------------------------------------------

Engine-Match Saturday, October 25, 2025 7:44:52 PM
 Blitz 2/1 

Pairing 4/6 :    V7P3R_v13.2  -  Random_Opponent

PGN-File: C:\Program Files (x86)\Arena\Tournaments\Engine Regression Battle 20251025_2.pgn

No:  B/W 1/2     W:B       1:2           Time        Value Moves Dep 1:2       1-2-Draws
   4 B 1    1.0:0.0        4.0:0.0       7:46:55 PM  -289.98    30 4.464 :0 4-0-0

--------------------------------------------------------------

Engine-Match Saturday, October 25, 2025 7:46:56 PM
 Blitz 2/1 

Pairing 5/6 :    V7P3R_v12.6  -  V7P3R_v13.2

PGN-File: C:\Program Files (x86)\Arena\Tournaments\Engine Regression Battle 20251025_2.pgn

No:  B/W 1/2     W:B       1:2           Time        Value Moves Dep 1:2       1-2-Draws
   4 B 1    1.0:0.0        4.0:0.0       7:50:10 PM   -24.77    28 4.000 :4.813  4-0-0

--------------------------------------------------------------

Engine-Match Saturday, October 25, 2025 7:50:11 PM
 Blitz 2/1 

Pairing 6/6 :    Random_Opponent  -  V7P3R_v14.0

PGN-File: C:\Program Files (x86)\Arena\Tournaments\Engine Regression Battle 20251025_2.pgn

No:  B/W 1/2     W:B       1:2           Time        Value Moves Dep 1:2       1-2-Draws
   4 W 2    1.0:0.0        0.0:4.0       7:51:03 PM  +289.97    12 0:4.091  0-4-0

--------------------------------------------------------------

Engine-Match Saturday, October 25, 2025 7:51:05 PM
 Blitz 2/1 

Pairing 1/6 :    V7P3R_v12.6  -  Random_Opponent

PGN-File: C:\Program Files (x86)\Arena\Tournaments\Engine Regression Battle 20251025_2.pgn

No:  B/W 1/2     W:B       1:2           Time        Value Moves Dep 1:2       1-2-Draws
   5 W 1    1.0:0.0        5.0:0.0       7:51:44 PM     0.00     7 4.167 :0 5-0-0

--------------------------------------------------------------

Engine-Match Saturday, October 25, 2025 7:51:46 PM
 Blitz 2/1 

Pairing 2/6 :    V7P3R_v14.0  -  V7P3R_v13.2

PGN-File: C:\Program Files (x86)\Arena\Tournaments\Engine Regression Battle 20251025_2.pgn

No:  B/W 1/2     W:B       1:2           Time        Value Moves Dep 1:2       1-2-Draws
   5 W 1    1.0:0.0        5.0:0.0       7:54:14 PM   +23.90    19 4.000 :4.722  5-0-0

--------------------------------------------------------------

Engine-Match Saturday, October 25, 2025 7:54:16 PM
 Blitz 2/1 

Pairing 3/6 :    V7P3R_v14.0  -  V7P3R_v12.6

PGN-File: C:\Program Files (x86)\Arena\Tournaments\Engine Regression Battle 20251025_2.pgn

No:  B/W 1/2     W:B       1:2           Time        Value Moves Dep 1:2       1-2-Draws
   5 B 2    1.5:0.5        1.5:3.5       7:58:34 PM     0.00    53 4.000 :3.364  1-3-1

--------------------------------------------------------------

Engine-Match Saturday, October 25, 2025 7:58:36 PM
 Blitz 2/1 

Pairing 4/6 :    V7P3R_v13.2  -  Random_Opponent

PGN-File: C:\Program Files (x86)\Arena\Tournaments\Engine Regression Battle 20251025_2.pgn

No:  B/W 1/2     W:B       1:2           Time        Value Moves Dep 1:2       1-2-Draws
   5 W 1    1.0:0.0        5.0:0.0       7:59:34 PM  +289.98    14 5.000 :0 5-0-0

--------------------------------------------------------------

Engine-Match Saturday, October 25, 2025 7:59:35 PM
 Blitz 2/1 

Pairing 5/6 :    V7P3R_v12.6  -  V7P3R_v13.2

PGN-File: C:\Program Files (x86)\Arena\Tournaments\Engine Regression Battle 20251025_2.pgn

No:  B/W 1/2     W:B       1:2           Time        Value Moves Dep 1:2       1-2-Draws
   5 W 1    1.0:0.0        5.0:0.0       8:01:24 PM   +23.23    14 3.667 :4.692  5-0-0

--------------------------------------------------------------

Engine-Match Saturday, October 25, 2025 8:01:26 PM
 Blitz 2/1 

Pairing 6/6 :    Random_Opponent  -  V7P3R_v14.0

PGN-File: C:\Program Files (x86)\Arena\Tournaments\Engine Regression Battle 20251025_2.pgn

No:  B/W 1/2     W:B       1:2           Time        Value Moves Dep 1:2       1-2-Draws
   5 B 2    1.0:0.0        0.0:5.0       8:03:04 PM     0.00    21 0:4.053  0-5-0

--------------------------------------------------------------

Engine-Match Saturday, October 25, 2025 8:03:05 PM
 Blitz 2/1 

Pairing 1/6 :    V7P3R_v12.6  -  Random_Opponent

PGN-File: C:\Program Files (x86)\Arena\Tournaments\Engine Regression Battle 20251025_2.pgn

No:  B/W 1/2     W:B       1:2           Time        Value Moves Dep 1:2       1-2-Draws
   6 B 1    1.0:0.0        6.0:0.0       8:04:07 PM  -289.97    13 3.500 :0 6-0-0

--------------------------------------------------------------

Engine-Match Saturday, October 25, 2025 8:04:09 PM
 Blitz 2/1 

Pairing 2/6 :    V7P3R_v14.0  -  V7P3R_v13.2

PGN-File: C:\Program Files (x86)\Arena\Tournaments\Engine Regression Battle 20251025_2.pgn

No:  B/W 1/2     W:B       1:2           Time        Value Moves Dep 1:2       1-2-Draws
   6 B 1    1.0:0.0        6.0:0.0       8:06:17 PM   -18.95    18 3.800 :4.625  6-0-0

--------------------------------------------------------------

Engine-Match Saturday, October 25, 2025 8:06:18 PM
 Blitz 2/1 

Pairing 3/6 :    V7P3R_v14.0  -  V7P3R_v12.6

PGN-File: C:\Program Files (x86)\Arena\Tournaments\Engine Regression Battle 20251025_2.pgn

No:  B/W 1/2     W:B       1:2           Time        Value Moves Dep 1:2       1-2-Draws
   6 B 1    1.5:0.5        2.5:3.5       8:11:41 PM  -289.98    71 4.167 :3.643  2-3-1

--------------------------------------------------------------

Engine-Match Saturday, October 25, 2025 8:11:42 PM
 Blitz 2/1 

Pairing 4/6 :    V7P3R_v13.2  -  Random_Opponent

PGN-File: C:\Program Files (x86)\Arena\Tournaments\Engine Regression Battle 20251025_2.pgn

No:  B/W 1/2     W:B       1:2           Time        Value Moves Dep 1:2       1-2-Draws
   6 B 1    1.0:0.0        6.0:0.0       8:12:26 PM     0.00    13 5.000 :0 6-0-0

--------------------------------------------------------------

Engine-Match Saturday, October 25, 2025 8:12:27 PM
 Blitz 2/1 

Pairing 5/6 :    V7P3R_v12.6  -  V7P3R_v13.2

PGN-File: C:\Program Files (x86)\Arena\Tournaments\Engine Regression Battle 20251025_2.pgn

No:  B/W 1/2     W:B       1:2           Time        Value Moves Dep 1:2       1-2-Draws
   6 B 1    1.0:0.0        6.0:0.0       8:15:12 PM   -21.91    17 3.750 :4.706  6-0-0

--------------------------------------------------------------

Engine-Match Saturday, October 25, 2025 8:15:14 PM
 Blitz 2/1 

Pairing 6/6 :    Random_Opponent  -  V7P3R_v14.0

PGN-File: C:\Program Files (x86)\Arena\Tournaments\Engine Regression Battle 20251025_2.pgn

No:  B/W 1/2     W:B       1:2           Time        Value Moves Dep 1:2       1-2-Draws
   6 W 2    1.0:0.0        0.0:6.0       8:16:32 PM     0.00    16 0:4.167  0-6-0

--------------------------------------------------------------

Engine-Match Saturday, October 25, 2025 8:16:34 PM
 Blitz 2/1 

Pairing 1/6 :    V7P3R_v12.6  -  Random_Opponent

PGN-File: C:\Program Files (x86)\Arena\Tournaments\Engine Regression Battle 20251025_2.pgn

No:  B/W 1/2     W:B       1:2           Time        Value Moves Dep 1:2       1-2-Draws
   7 W 1    1.0:0.0        7.0:0.0       8:17:14 PM     0.00    10 3.778 :0 7-0-0

--------------------------------------------------------------

Engine-Match Saturday, October 25, 2025 8:17:15 PM
 Blitz 2/1 

Pairing 2/6 :    V7P3R_v14.0  -  V7P3R_v13.2

PGN-File: C:\Program Files (x86)\Arena\Tournaments\Engine Regression Battle 20251025_2.pgn

No:  B/W 1/2     W:B       1:2           Time        Value Moves Dep 1:2       1-2-Draws
   7 W 1    1.0:0.0        7.0:0.0       8:19:49 PM   +23.90    19 4.059 :4.667  7-0-0

--------------------------------------------------------------

Engine-Match Saturday, October 25, 2025 8:19:51 PM
 Blitz 2/1 

Pairing 3/6 :    V7P3R_v14.0  -  V7P3R_v12.6

PGN-File: C:\Program Files (x86)\Arena\Tournaments\Engine Regression Battle 20251025_2.pgn

No:  B/W 1/2     W:B       1:2           Time        Value Moves Dep 1:2       1-2-Draws
   7 W 1    1.5:0.5        3.5:3.5       8:25:34 PM     0.00    73 4.000 :3.364  3-3-1

--------------------------------------------------------------

Engine-Match Saturday, October 25, 2025 8:25:35 PM
 Blitz 2/1 

Pairing 4/6 :    V7P3R_v13.2  -  Random_Opponent

PGN-File: C:\Program Files (x86)\Arena\Tournaments\Engine Regression Battle 20251025_2.pgn

No:  B/W 1/2     W:B       1:2           Time        Value Moves Dep 1:2       1-2-Draws
   7 W 1    1.0:0.0        7.0:0.0       8:26:12 PM  +289.98    12 4.800 :0 7-0-0

--------------------------------------------------------------

Engine-Match Saturday, October 25, 2025 8:26:23 PM
 Blitz 2/1 

Pairing 5/6 :    V7P3R_v12.6  -  V7P3R_v13.2

PGN-File: C:\Program Files (x86)\Arena\Tournaments\Engine Regression Battle 20251025_2.pgn

No:  B/W 1/2     W:B       1:2           Time        Value Moves Dep 1:2       1-2-Draws
   7 W 1    1.0:0.0        7.0:0.0       8:28:27 PM   +15.87    15 3.857 :4.643  7-0-0

--------------------------------------------------------------

Engine-Match Saturday, October 25, 2025 8:28:29 PM
 Blitz 2/1 

Pairing 6/6 :    Random_Opponent  -  V7P3R_v14.0

PGN-File: C:\Program Files (x86)\Arena\Tournaments\Engine Regression Battle 20251025_2.pgn

No:  B/W 1/2     W:B       1:2           Time        Value Moves Dep 1:2       1-2-Draws
   7 B 2    1.0:0.0        0.0:7.0       8:29:29 PM  -289.97    15 0:4.250  0-7-0

--------------------------------------------------------------

Engine-Match Saturday, October 25, 2025 8:29:30 PM
 Blitz 2/1 

Pairing 1/6 :    V7P3R_v12.6  -  Random_Opponent

PGN-File: C:\Program Files (x86)\Arena\Tournaments\Engine Regression Battle 20251025_2.pgn

No:  B/W 1/2     W:B       1:2           Time        Value Moves Dep 1:2       1-2-Draws
   8 B 1    1.0:0.0        8.0:0.0       8:30:10 PM  -289.97     8 3.571 :0 8-0-0

--------------------------------------------------------------

Engine-Match Saturday, October 25, 2025 8:30:11 PM
 Blitz 2/1 

Pairing 2/6 :    V7P3R_v14.0  -  V7P3R_v13.2

PGN-File: C:\Program Files (x86)\Arena\Tournaments\Engine Regression Battle 20251025_2.pgn

No:  B/W 1/2     W:B       1:2           Time        Value Moves Dep 1:2       1-2-Draws
   8 B 1    1.0:0.0        8.0:0.0       8:32:20 PM   -18.95    18 3.800 :4.625  8-0-0

--------------------------------------------------------------

Engine-Match Saturday, October 25, 2025 8:32:21 PM
 Blitz 2/1 

Pairing 3/6 :    V7P3R_v14.0  -  V7P3R_v12.6

PGN-File: C:\Program Files (x86)\Arena\Tournaments\Engine Regression Battle 20251025_2.pgn

No:  B/W 1/2     W:B       1:2           Time        Value Moves Dep 1:2       1-2-Draws
   8 B 1    1.5:0.5        4.5:3.5       8:35:05 PM    -9.86    20 3.846 :3.353  4-3-1

--------------------------------------------------------------

Engine-Match Saturday, October 25, 2025 8:35:06 PM
 Blitz 2/1 

Pairing 4/6 :    V7P3R_v13.2  -  Random_Opponent

PGN-File: C:\Program Files (x86)\Arena\Tournaments\Engine Regression Battle 20251025_2.pgn

No:  B/W 1/2     W:B       1:2           Time        Value Moves Dep 1:2       1-2-Draws
   8 B 1    1.0:0.0        8.0:0.0       8:36:36 PM  -289.98    26 4.500 :0 8-0-0

--------------------------------------------------------------

Engine-Match Saturday, October 25, 2025 8:36:37 PM
 Blitz 2/1 

Pairing 5/6 :    V7P3R_v12.6  -  V7P3R_v13.2

PGN-File: C:\Program Files (x86)\Arena\Tournaments\Engine Regression Battle 20251025_2.pgn

No:  B/W 1/2     W:B       1:2           Time        Value Moves Dep 1:2       1-2-Draws
   8 B 1    1.0:0.0        8.0:0.0       8:39:28 PM   -21.91    17 3.750 :4.765  8-0-0

--------------------------------------------------------------

Engine-Match Saturday, October 25, 2025 8:39:30 PM
 Blitz 2/1 

Pairing 6/6 :    Random_Opponent  -  V7P3R_v14.0

PGN-File: C:\Program Files (x86)\Arena\Tournaments\Engine Regression Battle 20251025_2.pgn

No:  B/W 1/2     W:B       1:2           Time        Value Moves Dep 1:2       1-2-Draws
   8 W 2    1.0:0.0        0.0:8.0       8:41:04 PM  +289.97    24 0:4.158  0-8-0

--------------------------------------------------------------

Engine-Match Saturday, October 25, 2025 8:41:05 PM
 Blitz 2/1 

Pairing 1/6 :    V7P3R_v12.6  -  Random_Opponent

PGN-File: C:\Program Files (x86)\Arena\Tournaments\Engine Regression Battle 20251025_2.pgn

No:  B/W 1/2     W:B       1:2           Time        Value Moves Dep 1:2       1-2-Draws
   9 * *     0.0:0.0        8.0:0.0       8:41:51 PM     0.00    10 3.222 :0 8-0-0
