Engine-Match Thursday, October 30, 2025 10:07:14 AM
 Blitz 3/2 

Pairing 1/7 :    V7P3R_v14.4  -  Random_Opponent

PGN-File: C:\Program Files (x86)\Arena\Tournaments\Engine Battle 20251030.pgn

No:  B/W 1/2     W:B       1:2           Time        Value Moves Dep 1:2       1-2-Draws
   1 W 1    1.0:0.0        1.0:0.0       10:09:16 AM     0.00    31 0:0 1-0-0

--------------------------------------------------------------

Engine-Match Thursday, October 30, 2025 10:09:17 AM
 Blitz 3/2 

Pairing 2/7 :    V7P3R_v14.4  -  VPR_v7.0

PGN-File: C:\Program Files (x86)\Arena\Tournaments\Engine Battle 20251030.pgn

No:  B/W 1/2     W:B       1:2           Time        Value Moves Dep 1:2       1-2-Draws
   1 * *     0.0:0.0        0.0:0.0       10:09:37 AM     0.00     3 0:3.000  0-0-0

--------------------------------------------------------------

Engine-Match Thursday, October 30, 2025 10:13:00 AM
 Blitz 3/2 

Pairing 1/9 :    V7P3R_v14.6  -  V7P3R_v14.4

PGN-File: C:\Program Files (x86)\Arena\Tournaments\Engine Battle 20251030.pgn

No:  B/W 1/2     W:B       1:2           Time        Value Moves Dep 1:2       1-2-Draws
   1 B 2    1.0:0.0        0.0:1.0       10:19:56 AM   -25.22    58 3.194 :0 0-1-0

--------------------------------------------------------------

Engine-Match Thursday, October 30, 2025 10:19:58 AM
 Blitz 3/2 

Pairing 2/9 :    V7P3R_v14.6  -  V7P3R_v14.5

PGN-File: C:\Program Files (x86)\Arena\Tournaments\Engine Battle 20251030.pgn

No:  B/W 1/2     W:B       1:2           Time        Value Moves Dep 1:2       1-2-Draws
   1 W 1    1.0:0.0        1.0:0.0       10:26:32 AM   +19.69    49 3.000 :3.208  1-0-0

--------------------------------------------------------------

Engine-Match Thursday, October 30, 2025 10:26:34 AM
 Blitz 3/2 

Pairing 3/9 :    V7P3R_v14.6  -  Random_Opponent

PGN-File: C:\Program Files (x86)\Arena\Tournaments\Engine Battle 20251030.pgn

No:  B/W 1/2     W:B       1:2           Time        Value Moves Dep 1:2       1-2-Draws
   1 W 1    1.0:0.0        1.0:0.0       10:28:04 AM  +289.97    20 3.150 :0 1-0-0

--------------------------------------------------------------

Engine-Match Thursday, October 30, 2025 10:28:05 AM
 Blitz 3/2 

Pairing 4/9 :    V7P3R_v14.6  -  VPR_v7.0

PGN-File: C:\Program Files (x86)\Arena\Tournaments\Engine Battle 20251030.pgn

No:  B/W 1/2     W:B       1:2           Time        Value Moves Dep 1:2       1-2-Draws
   1 B 2    1.0:0.0        0.0:1.0       10:30:22 AM   -15.95    16 2.938 :2.733  0-1-0

--------------------------------------------------------------

Engine-Match Thursday, October 30, 2025 10:30:24 AM
 Blitz 3/2 

Pairing 5/9 :    V7P3R_v14.6  -  Gotham_engine

PGN-File: C:\Program Files (x86)\Arena\Tournaments\Engine Battle 20251030.pgn

No:  B/W 1/2     W:B       1:2           Time        Value Moves Dep 1:2       1-2-Draws
   1 W 1    1.0:0.0        1.0:0.0       10:33:48 AM     0.00     1 4.000 :0 1-0-0

--------------------------------------------------------------

Engine-Match Thursday, October 30, 2025 10:33:49 AM
 Blitz 3/2 

Pairing 6/9 :    V7P3R_v14.6  -  SlowMate_v3.1

PGN-File: C:\Program Files (x86)\Arena\Tournaments\Engine Battle 20251030.pgn

No:  B/W 1/2     W:B       1:2           Time        Value Moves Dep 1:2       1-2-Draws
   1 B 2    1.0:0.0        0.0:1.0       10:38:13 AM  -289.97    29 3.214 :3.786  0-1-0

--------------------------------------------------------------

Engine-Match Thursday, October 30, 2025 10:38:15 AM
 Blitz 3/2 

Pairing 7/9 :    V7P3R_v14.6  -  V7P3R_v12.6

PGN-File: C:\Program Files (x86)\Arena\Tournaments\Engine Battle 20251030.pgn

No:  B/W 1/2     W:B       1:2           Time        Value Moves Dep 1:2       1-2-Draws
   1 B 2    1.0:0.0        0.0:1.0       10:42:07 AM     0.00    24 3.091 :4.158  0-1-0

--------------------------------------------------------------

Engine-Match Thursday, October 30, 2025 10:42:08 AM
 Blitz 3/2 

Pairing 8/9 :    V7P3R_v14.6  -  C0BR4_v2.9

PGN-File: C:\Program Files (x86)\Arena\Tournaments\Engine Battle 20251030.pgn

No:  B/W 1/2     W:B       1:2           Time        Value Moves Dep 1:2       1-2-Draws
   1 B 2    1.0:0.0        0.0:1.0       10:43:00 AM   -42.48    13 3.308 :4.000  0-1-0

--------------------------------------------------------------

Engine-Match Thursday, October 30, 2025 10:43:02 AM
 Blitz 3/2 

Pairing 9/9 :    V7P3R_v14.6  -  Stockfish 1%

PGN-File: C:\Program Files (x86)\Arena\Tournaments\Engine Battle 20251030.pgn

No:  B/W 1/2     W:B       1:2           Time        Value Moves Dep 1:2       1-2-Draws
   1 B 2    1.0:0.0        0.0:1.0       10:44:48 AM   -20.01    25 3.222 :14.143  0-1-0

--------------------------------------------------------------

Engine-Match Thursday, October 30, 2025 10:44:50 AM
 Blitz 3/2 

Pairing 1/9 :    V7P3R_v14.6  -  V7P3R_v14.4

PGN-File: C:\Program Files (x86)\Arena\Tournaments\Engine Battle 20251030.pgn

No:  B/W 1/2     W:B       1:2           Time        Value Moves Dep 1:2       1-2-Draws
   2 B 1    1.0:0.0        1.0:1.0       10:51:19 AM     0.00    52 3.100 :0 1-1-0

--------------------------------------------------------------

Engine-Match Thursday, October 30, 2025 10:51:20 AM
 Blitz 3/2 

Pairing 2/9 :    V7P3R_v14.6  -  V7P3R_v14.5

PGN-File: C:\Program Files (x86)\Arena\Tournaments\Engine Battle 20251030.pgn

No:  B/W 1/2     W:B       1:2           Time        Value Moves Dep 1:2       1-2-Draws
   2 B 1    1.0:0.0        2.0:0.0       10:53:41 AM   -44.93    18 3.353 :3.167  2-0-0

--------------------------------------------------------------

Engine-Match Thursday, October 30, 2025 10:53:43 AM
 Blitz 3/2 

Pairing 3/9 :    V7P3R_v14.6  -  Random_Opponent

PGN-File: C:\Program Files (x86)\Arena\Tournaments\Engine Battle 20251030.pgn

No:  B/W 1/2     W:B       1:2           Time        Value Moves Dep 1:2       1-2-Draws
   2 B 1    1.0:0.0        2.0:0.0       10:57:06 AM     0.00    47 3.161 :0 2-0-0

--------------------------------------------------------------

Engine-Match Thursday, October 30, 2025 10:57:08 AM
 Blitz 3/2 

Pairing 4/9 :    V7P3R_v14.6  -  VPR_v7.0

PGN-File: C:\Program Files (x86)\Arena\Tournaments\Engine Battle 20251030.pgn

No:  B/W 1/2     W:B       1:2           Time        Value Moves Dep 1:2       1-2-Draws
   2 W 2    1.0:0.0        0.0:2.0       11:04:13 AM   +25.58    53 3.727 :2.676  0-2-0

--------------------------------------------------------------

Engine-Match Thursday, October 30, 2025 11:04:15 AM
 Blitz 3/2 

Pairing 5/9 :    V7P3R_v14.6  -  Gotham_engine

PGN-File: C:\Program Files (x86)\Arena\Tournaments\Engine Battle 20251030.pgn

No:  B/W 1/2     W:B       1:2           Time        Value Moves Dep 1:2       1-2-Draws
   2 B 1    1.0:0.0        2.0:0.0       11:07:36 AM     0.00     1 0:0 2-0-0

--------------------------------------------------------------

Engine-Match Thursday, October 30, 2025 11:07:38 AM
 Blitz 3/2 

Pairing 6/9 :    V7P3R_v14.6  -  SlowMate_v3.1

PGN-File: C:\Program Files (x86)\Arena\Tournaments\Engine Battle 20251030.pgn

No:  B/W 1/2     W:B       1:2           Time        Value Moves Dep 1:2       1-2-Draws
   2 W 2    1.0:0.0        0.0:2.0       11:10:09 AM  +188.41    18 3.467 :3.333  0-2-0

--------------------------------------------------------------

Engine-Match Thursday, October 30, 2025 11:10:11 AM
 Blitz 3/2 

Pairing 7/9 :    V7P3R_v14.6  -  V7P3R_v12.6

PGN-File: C:\Program Files (x86)\Arena\Tournaments\Engine Battle 20251030.pgn

No:  B/W 1/2     W:B       1:2           Time        Value Moves Dep 1:2       1-2-Draws
   2 W 2    1.0:0.0        0.0:2.0       11:14:09 AM     0.00    25 3.462 :4.500  0-2-0

--------------------------------------------------------------

Engine-Match Thursday, October 30, 2025 11:14:10 AM
 Blitz 3/2 

Pairing 8/9 :    V7P3R_v14.6  -  C0BR4_v2.9

PGN-File: C:\Program Files (x86)\Arena\Tournaments\Engine Battle 20251030.pgn

No:  B/W 1/2     W:B       1:2           Time        Value Moves Dep 1:2       1-2-Draws
   2 W 2    1.0:0.0        0.0:2.0       11:16:56 AM  +299.97    37 3.619 :4.000  0-2-0

--------------------------------------------------------------

Engine-Match Thursday, October 30, 2025 11:16:57 AM
 Blitz 3/2 

Pairing 9/9 :    V7P3R_v14.6  -  Stockfish 1%

PGN-File: C:\Program Files (x86)\Arena\Tournaments\Engine Battle 20251030.pgn

No:  B/W 1/2     W:B       1:2           Time        Value Moves Dep 1:2       1-2-Draws
   2 W 2    1.0:0.0        0.0:2.0       11:19:31 AM   +23.78    34 3.792 :15.500  0-2-0

--------------------------------------------------------------

Engine-Match Thursday, October 30, 2025 11:19:32 AM
 Blitz 3/2 

Pairing 1/9 :    V7P3R_v14.6  -  V7P3R_v14.4

PGN-File: C:\Program Files (x86)\Arena\Tournaments\Engine Battle 20251030.pgn

No:  B/W 1/2     W:B       1:2           Time        Value Moves Dep 1:2       1-2-Draws
   3 W 1    1.0:0.0        2.0:1.0       11:22:26 AM  +289.99    25 3.136 :0 2-1-0

--------------------------------------------------------------

Engine-Match Thursday, October 30, 2025 11:22:27 AM
 Blitz 3/2 

Pairing 2/9 :    V7P3R_v14.6  -  V7P3R_v14.5

PGN-File: C:\Program Files (x86)\Arena\Tournaments\Engine Battle 20251030.pgn

No:  B/W 1/2     W:B       1:2           Time        Value Moves Dep 1:2       1-2-Draws
   3 B 2    1.0:0.0        2.0:1.0       11:27:23 AM   -14.04    36 3.533 :3.706  2-1-0

--------------------------------------------------------------

Engine-Match Thursday, October 30, 2025 11:27:38 AM
 Blitz 3/2 

Pairing 3/9 :    V7P3R_v14.6  -  Random_Opponent

PGN-File: C:\Program Files (x86)\Arena\Tournaments\Engine Battle 20251030.pgn

No:  B/W 1/2     W:B       1:2           Time        Value Moves Dep 1:2       1-2-Draws
   3 W 1    1.0:0.0        3.0:0.0       11:35:15 AM  +289.96   136 3.478 :0 3-0-0

--------------------------------------------------------------

Engine-Match Thursday, October 30, 2025 11:35:17 AM
 Blitz 3/2 

Pairing 4/9 :    V7P3R_v14.6  -  VPR_v7.0

PGN-File: C:\Program Files (x86)\Arena\Tournaments\Engine Battle 20251030.pgn

No:  B/W 1/2     W:B       1:2           Time        Value Moves Dep 1:2       1-2-Draws
   3 B 2    1.0:0.0        0.0:3.0       11:40:23 AM   -18.21    36 3.280 :3.040  0-3-0

--------------------------------------------------------------

Engine-Match Thursday, October 30, 2025 11:40:24 AM
 Blitz 3/2 

Pairing 5/9 :    V7P3R_v14.6  -  Gotham_engine

PGN-File: C:\Program Files (x86)\Arena\Tournaments\Engine Battle 20251030.pgn

No:  B/W 1/2     W:B       1:2           Time        Value Moves Dep 1:2       1-2-Draws
   3 W 1    1.0:0.0        3.0:0.0       11:43:48 AM     0.00     1 4.000 :0 3-0-0

--------------------------------------------------------------

Engine-Match Thursday, October 30, 2025 11:43:50 AM
 Blitz 3/2 

Pairing 6/9 :    V7P3R_v14.6  -  SlowMate_v3.1

PGN-File: C:\Program Files (x86)\Arena\Tournaments\Engine Battle 20251030.pgn

No:  B/W 1/2     W:B       1:2           Time        Value Moves Dep 1:2       1-2-Draws
   3 B 2    1.0:0.0        0.0:3.0       11:48:18 AM   -43.17    31 3.067 :3.688  0-3-0

--------------------------------------------------------------

Engine-Match Thursday, October 30, 2025 11:48:19 AM
 Blitz 3/2 

Pairing 7/9 :    V7P3R_v14.6  -  V7P3R_v12.6

PGN-File: C:\Program Files (x86)\Arena\Tournaments\Engine Battle 20251030.pgn

No:  B/W 1/2     W:B       1:2           Time        Value Moves Dep 1:2       1-2-Draws
   3 B 2    1.0:0.0        0.0:3.0       11:51:46 AM  -289.99    21 3.000 :4.222  0-3-0

--------------------------------------------------------------

Engine-Match Thursday, October 30, 2025 11:51:47 AM
 Blitz 3/2 

Pairing 8/9 :    V7P3R_v14.6  -  C0BR4_v2.9

PGN-File: C:\Program Files (x86)\Arena\Tournaments\Engine Battle 20251030.pgn

No:  B/W 1/2     W:B       1:2           Time        Value Moves Dep 1:2       1-2-Draws
   3 B 2    1.0:0.0        0.0:3.0       11:53:16 AM  -299.97    21 3.300 :4.000  0-3-0

--------------------------------------------------------------

Engine-Match Thursday, October 30, 2025 11:53:17 AM
 Blitz 3/2 

Pairing 9/9 :    V7P3R_v14.6  -  Stockfish 1%

PGN-File: C:\Program Files (x86)\Arena\Tournaments\Engine Battle 20251030.pgn

No:  B/W 1/2     W:B       1:2           Time        Value Moves Dep 1:2       1-2-Draws
   3 B 2    1.0:0.0        0.0:3.0       11:54:39 AM   -17.70    19 3.059 :15.000  0-3-0

--------------------------------------------------------------

Engine-Match Thursday, October 30, 2025 11:54:41 AM
 Blitz 3/2 

Pairing 1/9 :    V7P3R_v14.6  -  V7P3R_v14.4

PGN-File: C:\Program Files (x86)\Arena\Tournaments\Engine Battle 20251030.pgn

No:  B/W 1/2     W:B       1:2           Time        Value Moves Dep 1:2       1-2-Draws
   4 W 2    1.0:0.0        2.0:2.0       12:02:29 PM   +16.53    65 3.087 :0 2-2-0

--------------------------------------------------------------

Engine-Match Thursday, October 30, 2025 12:02:30 PM
 Blitz 3/2 

Pairing 2/9 :    V7P3R_v14.6  -  V7P3R_v14.5

PGN-File: C:\Program Files (x86)\Arena\Tournaments\Engine Battle 20251030.pgn

No:  B/W 1/2     W:B       1:2           Time        Value Moves Dep 1:2       1-2-Draws
   4 W 2    1.0:0.0        2.0:2.0       12:08:08 PM  +289.98    39 3.040 :2.480  2-2-0

--------------------------------------------------------------

Engine-Match Thursday, October 30, 2025 12:08:09 PM
 Blitz 3/2 

Pairing 3/9 :    V7P3R_v14.6  -  Random_Opponent

PGN-File: C:\Program Files (x86)\Arena\Tournaments\Engine Battle 20251030.pgn

No:  B/W 1/2     W:B       1:2           Time        Value Moves Dep 1:2       1-2-Draws
   4 B 1    1.0:0.0        4.0:0.0       12:12:30 PM     0.00    65 2.977 :0 4-0-0

--------------------------------------------------------------

Engine-Match Thursday, October 30, 2025 12:12:32 PM
 Blitz 3/2 

Pairing 4/9 :    V7P3R_v14.6  -  VPR_v7.0

PGN-File: C:\Program Files (x86)\Arena\Tournaments\Engine Battle 20251030.pgn

No:  B/W 1/2     W:B       1:2           Time        Value Moves Dep 1:2       1-2-Draws
   4 = =    0.5:0.5        0.5:3.5       12:21:59 PM   -51.80    75 3.771 :3.083  0-3-1

--------------------------------------------------------------

Engine-Match Thursday, October 30, 2025 12:22:00 PM
 Blitz 3/2 

Pairing 5/9 :    V7P3R_v14.6  -  Gotham_engine

PGN-File: C:\Program Files (x86)\Arena\Tournaments\Engine Battle 20251030.pgn

No:  B/W 1/2     W:B       1:2           Time        Value Moves Dep 1:2       1-2-Draws
   4 B 1    1.0:0.0        4.0:0.0       12:25:21 PM     0.00     1 0:0 4-0-0

--------------------------------------------------------------

Engine-Match Thursday, October 30, 2025 12:25:23 PM
 Blitz 3/2 

Pairing 6/9 :    V7P3R_v14.6  -  SlowMate_v3.1

PGN-File: C:\Program Files (x86)\Arena\Tournaments\Engine Battle 20251030.pgn

No:  B/W 1/2     W:B       1:2           Time        Value Moves Dep 1:2       1-2-Draws
   4 W 2    1.0:0.0        0.0:4.0       12:28:37 PM   +40.72    21 3.647 :4.278  0-4-0

--------------------------------------------------------------

Engine-Match Thursday, October 30, 2025 12:28:39 PM
 Blitz 3/2 

Pairing 7/9 :    V7P3R_v14.6  -  V7P3R_v12.6

PGN-File: C:\Program Files (x86)\Arena\Tournaments\Engine Battle 20251030.pgn

No:  B/W 1/2     W:B       1:2           Time        Value Moves Dep 1:2       1-2-Draws
   4 W 2    1.0:0.0        0.0:4.0       12:32:48 PM     0.00    28 3.571 :4.545  0-4-0

--------------------------------------------------------------

Engine-Match Thursday, October 30, 2025 12:32:50 PM
 Blitz 3/2 

Pairing 8/9 :    V7P3R_v14.6  -  C0BR4_v2.9

PGN-File: C:\Program Files (x86)\Arena\Tournaments\Engine Battle 20251030.pgn

No:  B/W 1/2     W:B       1:2           Time        Value Moves Dep 1:2       1-2-Draws
   4 W 2    1.0:0.0        0.0:4.0       12:34:20 PM  +299.97    22 3.545 :4.000  0-4-0

--------------------------------------------------------------

Engine-Match Thursday, October 30, 2025 12:34:21 PM
 Blitz 3/2 

Pairing 9/9 :    V7P3R_v14.6  -  Stockfish 1%

PGN-File: C:\Program Files (x86)\Arena\Tournaments\Engine Battle 20251030.pgn

No:  B/W 1/2     W:B       1:2           Time        Value Moves Dep 1:2       1-2-Draws
   4 W 2    1.0:0.0        0.0:4.0       12:36:44 PM   +49.75    32 3.909 :14.714  0-4-0

--------------------------------------------------------------

Engine-Match Thursday, October 30, 2025 12:36:45 PM
 Blitz 3/2 

Pairing 1/9 :    V7P3R_v14.6  -  V7P3R_v14.4

PGN-File: C:\Program Files (x86)\Arena\Tournaments\Engine Battle 20251030.pgn

No:  B/W 1/2     W:B       1:2           Time        Value Moves Dep 1:2       1-2-Draws
   5 B 2    1.0:0.0        2.0:3.0       12:39:55 PM     0.00    26 3.500 :0 2-3-0

--------------------------------------------------------------

Engine-Match Thursday, October 30, 2025 12:39:56 PM
 Blitz 3/2 

Pairing 2/9 :    V7P3R_v14.6  -  V7P3R_v14.5

PGN-File: C:\Program Files (x86)\Arena\Tournaments\Engine Battle 20251030.pgn

No:  B/W 1/2     W:B       1:2           Time        Value Moves Dep 1:2       1-2-Draws
   5 B 2    1.0:0.0        2.0:3.0       12:45:51 PM   -27.78    43 3.471 :3.667  2-3-0

--------------------------------------------------------------

Engine-Match Thursday, October 30, 2025 12:45:52 PM
 Blitz 3/2 

Pairing 3/9 :    V7P3R_v14.6  -  Random_Opponent

PGN-File: C:\Program Files (x86)\Arena\Tournaments\Engine Battle 20251030.pgn

No:  B/W 1/2     W:B       1:2           Time        Value Moves Dep 1:2       1-2-Draws
   5 = =    0.5:0.5        4.5:0.5       12:51:32 PM     0.00    88 2.515 :0 4-0-1

--------------------------------------------------------------

Engine-Match Thursday, October 30, 2025 12:51:33 PM
 Blitz 3/2 

Pairing 4/9 :    V7P3R_v14.6  -  VPR_v7.0

PGN-File: C:\Program Files (x86)\Arena\Tournaments\Engine Battle 20251030.pgn

No:  B/W 1/2     W:B       1:2           Time        Value Moves Dep 1:2       1-2-Draws
   5 B 2    1.5:0.5        0.5:4.5       12:58:45 PM    -M500    55 2.815 :2.926  0-4-1

--------------------------------------------------------------

Engine-Match Thursday, October 30, 2025 12:58:56 PM
 Blitz 3/2 

Pairing 5/9 :    V7P3R_v14.6  -  Gotham_engine

PGN-File: C:\Program Files (x86)\Arena\Tournaments\Engine Battle 20251030.pgn

No:  B/W 1/2     W:B       1:2           Time        Value Moves Dep 1:2       1-2-Draws
   5 * *     0.0:0.0        4.0:0.0       1:01:33 PM    -0.90     1 4.000 :0 4-0-0

--------------------------------------------------------------

Engine-Match Thursday, October 30, 2025 1:01:47 PM
 Blitz 3/2 

Pairing 5/8 :    V7P3R_v14.6  -  SlowMate_v3.1

PGN-File: C:\Program Files (x86)\Arena\Tournaments\Engine Battle 20251030.pgn

No:  B/W 1/2     W:B       1:2           Time        Value Moves Dep 1:2       1-2-Draws
   5 B 2    1.0:0.0        0.0:5.0       1:04:23 PM   -46.18    18 3.600 :3.444  0-5-0

--------------------------------------------------------------

Engine-Match Thursday, October 30, 2025 1:04:24 PM
 Blitz 3/2 

Pairing 6/8 :    V7P3R_v14.6  -  V7P3R_v12.6

PGN-File: C:\Program Files (x86)\Arena\Tournaments\Engine Battle 20251030.pgn

No:  B/W 1/2     W:B       1:2           Time        Value Moves Dep 1:2       1-2-Draws
   5 B 2    1.0:0.0        0.0:5.0       1:06:42 PM     0.00    15 3.200 :4.083  0-5-0

--------------------------------------------------------------

Engine-Match Thursday, October 30, 2025 1:06:43 PM
 Blitz 3/2 

Pairing 7/8 :    V7P3R_v14.6  -  C0BR4_v2.9

PGN-File: C:\Program Files (x86)\Arena\Tournaments\Engine Battle 20251030.pgn

No:  B/W 1/2     W:B       1:2           Time        Value Moves Dep 1:2       1-2-Draws
   5 B 2    1.0:0.0        0.0:5.0       1:08:15 PM   -39.30    22 3.176 :4.000  0-5-0

--------------------------------------------------------------

Engine-Match Thursday, October 30, 2025 1:08:16 PM
 Blitz 3/2 

Pairing 8/8 :    V7P3R_v14.6  -  Stockfish 1%

PGN-File: C:\Program Files (x86)\Arena\Tournaments\Engine Battle 20251030.pgn

No:  B/W 1/2     W:B       1:2           Time        Value Moves Dep 1:2       1-2-Draws
   5 B 2    1.0:0.0        0.0:5.0       1:10:00 PM   -30.31    23 3.087 :15.222  0-5-0

--------------------------------------------------------------

Engine-Match Thursday, October 30, 2025 1:10:01 PM
 Blitz 3/2 

Pairing 1/8 :    V7P3R_v14.6  -  V7P3R_v14.4

PGN-File: C:\Program Files (x86)\Arena\Tournaments\Engine Battle 20251030.pgn

No:  B/W 1/2     W:B       1:2           Time        Value Moves Dep 1:2       1-2-Draws
   6 W 2    1.0:0.0        2.0:4.0       1:16:54 PM   +24.37    57 3.067 :0 2-4-0

--------------------------------------------------------------

Engine-Match Thursday, October 30, 2025 1:16:55 PM
 Blitz 3/2 

Pairing 2/8 :    V7P3R_v14.6  -  V7P3R_v14.5

PGN-File: C:\Program Files (x86)\Arena\Tournaments\Engine Battle 20251030.pgn

No:  B/W 1/2     W:B       1:2           Time        Value Moves Dep 1:2       1-2-Draws
   6 B 1    1.0:0.0        3.0:3.0       1:24:46 PM  -289.98    64 3.353 :3.294  3-3-0

--------------------------------------------------------------

Engine-Match Thursday, October 30, 2025 1:24:47 PM
 Blitz 3/2 

Pairing 3/8 :    V7P3R_v14.6  -  Random_Opponent

PGN-File: C:\Program Files (x86)\Arena\Tournaments\Engine Battle 20251030.pgn

No:  B/W 1/2     W:B       1:2           Time        Value Moves Dep 1:2       1-2-Draws
   6 B 1    1.5:0.5        5.5:0.5       1:26:13 PM  -289.97    19 3.263 :0 5-0-1

--------------------------------------------------------------

Engine-Match Thursday, October 30, 2025 1:26:15 PM
 Blitz 3/2 

Pairing 4/8 :    V7P3R_v14.6  -  VPR_v7.0

PGN-File: C:\Program Files (x86)\Arena\Tournaments\Engine Battle 20251030.pgn

No:  B/W 1/2     W:B       1:2           Time        Value Moves Dep 1:2       1-2-Draws
   6 B 1    1.5:0.5        1.5:4.5       1:32:59 PM  -289.97    51 3.438 :3.000  1-4-1

--------------------------------------------------------------

Engine-Match Thursday, October 30, 2025 1:33:01 PM
 Blitz 3/2 

Pairing 5/8 :    V7P3R_v14.6  -  SlowMate_v3.1

PGN-File: C:\Program Files (x86)\Arena\Tournaments\Engine Battle 20251030.pgn

No:  B/W 1/2     W:B       1:2           Time        Value Moves Dep 1:2       1-2-Draws
   6 W 2    1.0:0.0        0.0:6.0       1:35:31 PM  +188.41    18 3.467 :3.333  0-6-0

--------------------------------------------------------------

Engine-Match Thursday, October 30, 2025 1:35:33 PM
 Blitz 3/2 

Pairing 6/8 :    V7P3R_v14.6  -  V7P3R_v12.6

PGN-File: C:\Program Files (x86)\Arena\Tournaments\Engine Battle 20251030.pgn

No:  B/W 1/2     W:B       1:2           Time        Value Moves Dep 1:2       1-2-Draws
   6 W 2    1.0:0.0        0.0:6.0       1:38:13 PM  +289.98    17 3.625 :4.500  0-6-0

--------------------------------------------------------------

Engine-Match Thursday, October 30, 2025 1:38:14 PM
 Blitz 3/2 

Pairing 7/8 :    V7P3R_v14.6  -  C0BR4_v2.9

PGN-File: C:\Program Files (x86)\Arena\Tournaments\Engine Battle 20251030.pgn

No:  B/W 1/2     W:B       1:2           Time        Value Moves Dep 1:2       1-2-Draws
   6 W 2    1.0:0.0        0.0:6.0       1:39:48 PM  +299.97    22 4.048 :4.000  0-6-0

--------------------------------------------------------------

Engine-Match Thursday, October 30, 2025 1:39:50 PM
 Blitz 3/2 

Pairing 8/8 :    V7P3R_v14.6  -  Stockfish 1%

PGN-File: C:\Program Files (x86)\Arena\Tournaments\Engine Battle 20251030.pgn

No:  B/W 1/2     W:B       1:2           Time        Value Moves Dep 1:2       1-2-Draws
   6 W 2    1.0:0.0        0.0:6.0       1:41:49 PM      +M1    27 3.533 :15.111  0-6-0

--------------------------------------------------------------

Engine-Match Thursday, October 30, 2025 1:41:51 PM
 Blitz 3/2 

Pairing 1/8 :    V7P3R_v14.6  -  V7P3R_v14.4

PGN-File: C:\Program Files (x86)\Arena\Tournaments\Engine Battle 20251030.pgn

No:  B/W 1/2     W:B       1:2           Time        Value Moves Dep 1:2       1-2-Draws
   7 W 1    1.0:0.0        3.0:4.0       1:43:03 PM  +289.97    12 2.727 :0 3-4-0

--------------------------------------------------------------

Engine-Match Thursday, October 30, 2025 1:43:04 PM
 Blitz 3/2 

Pairing 2/8 :    V7P3R_v14.6  -  V7P3R_v14.5

PGN-File: C:\Program Files (x86)\Arena\Tournaments\Engine Battle 20251030.pgn

No:  B/W 1/2     W:B       1:2           Time        Value Moves Dep 1:2       1-2-Draws
   7 B 2    1.0:0.0        3.0:4.0       1:47:07 PM   -32.60    28 2.630 :3.037  3-4-0

--------------------------------------------------------------

Engine-Match Thursday, October 30, 2025 1:47:08 PM
 Blitz 3/2 

Pairing 3/8 :    V7P3R_v14.6  -  Random_Opponent

PGN-File: C:\Program Files (x86)\Arena\Tournaments\Engine Battle 20251030.pgn

No:  B/W 1/2     W:B       1:2           Time        Value Moves Dep 1:2       1-2-Draws
   7 W 1    1.5:0.5        6.5:0.5       1:48:10 PM  +289.97    15 2.400 :0 6-0-1

--------------------------------------------------------------

Engine-Match Thursday, October 30, 2025 1:48:11 PM
 Blitz 3/2 

Pairing 4/8 :    V7P3R_v14.6  -  VPR_v7.0

PGN-File: C:\Program Files (x86)\Arena\Tournaments\Engine Battle 20251030.pgn

No:  B/W 1/2     W:B       1:2           Time        Value Moves Dep 1:2       1-2-Draws
   7 B 2    1.5:0.5        1.5:5.5       1:53:41 PM   -20.59    40 3.316 :2.900  1-5-1

--------------------------------------------------------------

Engine-Match Thursday, October 30, 2025 1:53:43 PM
 Blitz 3/2 

Pairing 5/8 :    V7P3R_v14.6  -  SlowMate_v3.1

PGN-File: C:\Program Files (x86)\Arena\Tournaments\Engine Battle 20251030.pgn

No:  B/W 1/2     W:B       1:2           Time        Value Moves Dep 1:2       1-2-Draws
   7 B 2    1.0:0.0        0.0:7.0       1:57:30 PM   -30.50    25 3.042 :3.750  0-7-0

--------------------------------------------------------------

Engine-Match Thursday, October 30, 2025 1:57:31 PM
 Blitz 3/2 

Pairing 6/8 :    V7P3R_v14.6  -  V7P3R_v12.6

PGN-File: C:\Program Files (x86)\Arena\Tournaments\Engine Battle 20251030.pgn

No:  B/W 1/2     W:B       1:2           Time        Value Moves Dep 1:2       1-2-Draws
   7 B 2    1.0:0.0        0.0:7.0       2:00:56 PM     0.00    24 3.235 :4.308  0-7-0

--------------------------------------------------------------

Engine-Match Thursday, October 30, 2025 2:00:58 PM
 Blitz 3/2 

Pairing 7/8 :    V7P3R_v14.6  -  C0BR4_v2.9

PGN-File: C:\Program Files (x86)\Arena\Tournaments\Engine Battle 20251030.pgn

No:  B/W 1/2     W:B       1:2           Time        Value Moves Dep 1:2       1-2-Draws
   7 B 2    1.0:0.0        0.0:7.0       2:02:44 PM  -289.97    23 3.217 :4.000  0-7-0

--------------------------------------------------------------

Engine-Match Thursday, October 30, 2025 2:02:45 PM
 Blitz 3/2 

Pairing 8/8 :    V7P3R_v14.6  -  Stockfish 1%

PGN-File: C:\Program Files (x86)\Arena\Tournaments\Engine Battle 20251030.pgn

No:  B/W 1/2     W:B       1:2           Time        Value Moves Dep 1:2       1-2-Draws
   7 B 2    1.0:0.0        0.0:7.0       2:04:20 PM      -M1    22 3.238 :15.111  0-7-0

--------------------------------------------------------------

Engine-Match Thursday, October 30, 2025 2:04:32 PM
 Blitz 3/2 

Pairing 1/8 :    V7P3R_v14.6  -  V7P3R_v14.4

PGN-File: C:\Program Files (x86)\Arena\Tournaments\Engine Battle 20251030.pgn

No:  B/W 1/2     W:B       1:2           Time        Value Moves Dep 1:2       1-2-Draws
   8 = =    0.5:0.5        3.5:4.5       2:14:41 PM     0.00    96 3.188 :0 3-4-1

--------------------------------------------------------------

Engine-Match Thursday, October 30, 2025 2:14:43 PM
 Blitz 3/2 

Pairing 2/8 :    V7P3R_v14.6  -  V7P3R_v14.5

PGN-File: C:\Program Files (x86)\Arena\Tournaments\Engine Battle 20251030.pgn

No:  B/W 1/2     W:B       1:2           Time        Value Moves Dep 1:2       1-2-Draws
   8 B 1    1.0:0.0        4.0:4.0       2:20:08 PM   -32.65    42 3.611 :3.235  4-4-0

--------------------------------------------------------------

Engine-Match Thursday, October 30, 2025 2:20:09 PM
 Blitz 3/2 

Pairing 3/8 :    V7P3R_v14.6  -  Random_Opponent

PGN-File: C:\Program Files (x86)\Arena\Tournaments\Engine Battle 20251030.pgn

No:  B/W 1/2     W:B       1:2           Time        Value Moves Dep 1:2       1-2-Draws
   8 B 1    1.5:0.5        7.5:0.5       2:21:46 PM  -289.97    22 3.238 :0 7-0-1

--------------------------------------------------------------

Engine-Match Thursday, October 30, 2025 2:21:48 PM
 Blitz 3/2 

Pairing 4/8 :    V7P3R_v14.6  -  VPR_v7.0

PGN-File: C:\Program Files (x86)\Arena\Tournaments\Engine Battle 20251030.pgn

No:  B/W 1/2     W:B       1:2           Time        Value Moves Dep 1:2       1-2-Draws
   8 W 2    1.5:0.5        1.5:6.5       2:27:40 PM   +22.05    42 3.938 :3.000  1-6-1

--------------------------------------------------------------

Engine-Match Thursday, October 30, 2025 2:27:41 PM
 Blitz 3/2 

Pairing 5/8 :    V7P3R_v14.6  -  SlowMate_v3.1

PGN-File: C:\Program Files (x86)\Arena\Tournaments\Engine Battle 20251030.pgn

No:  B/W 1/2     W:B       1:2           Time        Value Moves Dep 1:2       1-2-Draws
   8 W 2    1.0:0.0        0.0:8.0       2:33:04 PM  +289.95    36 3.727 :4.042  0-8-0

--------------------------------------------------------------

Engine-Match Thursday, October 30, 2025 2:33:06 PM
 Blitz 3/2 

Pairing 6/8 :    V7P3R_v14.6  -  V7P3R_v12.6

PGN-File: C:\Program Files (x86)\Arena\Tournaments\Engine Battle 20251030.pgn

No:  B/W 1/2     W:B       1:2           Time        Value Moves Dep 1:2       1-2-Draws
   8 W 2    1.0:0.0        0.0:8.0       2:37:06 PM     0.00    23 3.500 :4.417  0-8-0

--------------------------------------------------------------

Engine-Match Thursday, October 30, 2025 2:37:07 PM
 Blitz 3/2 

Pairing 7/8 :    V7P3R_v14.6  -  C0BR4_v2.9

PGN-File: C:\Program Files (x86)\Arena\Tournaments\Engine Battle 20251030.pgn

No:  B/W 1/2     W:B       1:2           Time        Value Moves Dep 1:2       1-2-Draws
   8 W 2    1.0:0.0        0.0:8.0       2:37:43 PM  +299.97    11 3.667 :3.778  0-8-0

--------------------------------------------------------------

Engine-Match Thursday, October 30, 2025 2:37:44 PM
 Blitz 3/2 

Pairing 8/8 :    V7P3R_v14.6  -  Stockfish 1%

PGN-File: C:\Program Files (x86)\Arena\Tournaments\Engine Battle 20251030.pgn

No:  B/W 1/2     W:B       1:2           Time        Value Moves Dep 1:2       1-2-Draws
   8 W 2    1.0:0.0        0.0:8.0       2:38:27 PM      +M1    12 3.545 :14.429  0-8-0

--------------------------------------------------------------

Engine-Match Thursday, October 30, 2025 2:38:28 PM
 Blitz 3/2 

Pairing 1/8 :    V7P3R_v14.6  -  V7P3R_v14.4

PGN-File: C:\Program Files (x86)\Arena\Tournaments\Engine Battle 20251030.pgn

No:  B/W 1/2     W:B       1:2           Time        Value Moves Dep 1:2       1-2-Draws
   9 B 2    1.5:0.5        3.5:5.5       2:46:23 PM   -10.12    66 3.545 :0 3-5-1

--------------------------------------------------------------

Engine-Match Thursday, October 30, 2025 2:46:24 PM
 Blitz 3/2 

Pairing 2/8 :    V7P3R_v14.6  -  V7P3R_v14.5

PGN-File: C:\Program Files (x86)\Arena\Tournaments\Engine Battle 20251030.pgn

No:  B/W 1/2     W:B       1:2           Time        Value Moves Dep 1:2       1-2-Draws
   9 B 2    1.0:0.0        4.0:5.0       2:53:21 PM   -30.87    52 3.440 :3.640  4-5-0

--------------------------------------------------------------

Engine-Match Thursday, October 30, 2025 2:53:22 PM
 Blitz 3/2 

Pairing 3/8 :    V7P3R_v14.6  -  Random_Opponent

PGN-File: C:\Program Files (x86)\Arena\Tournaments\Engine Battle 20251030.pgn

No:  B/W 1/2     W:B       1:2           Time        Value Moves Dep 1:2       1-2-Draws
   9 W 1    1.5:0.5        8.5:0.5       3:00:52 PM  +289.98   132 2.743 :0 8-0-1

--------------------------------------------------------------

Engine-Match Thursday, October 30, 2025 3:00:54 PM
 Blitz 3/2 

Pairing 4/8 :    V7P3R_v14.6  -  VPR_v7.0

PGN-File: C:\Program Files (x86)\Arena\Tournaments\Engine Battle 20251030.pgn

No:  B/W 1/2     W:B       1:2           Time        Value Moves Dep 1:2       1-2-Draws
   9 B 2    1.5:0.5        1.5:7.5       3:05:09 PM   -48.06    28 3.120 :3.167  1-7-1

--------------------------------------------------------------

Engine-Match Thursday, October 30, 2025 3:05:10 PM
 Blitz 3/2 

Pairing 5/8 :    V7P3R_v14.6  -  SlowMate_v3.1

PGN-File: C:\Program Files (x86)\Arena\Tournaments\Engine Battle 20251030.pgn

No:  B/W 1/2     W:B       1:2           Time        Value Moves Dep 1:2       1-2-Draws
   9 B 2    1.0:0.0        0.0:9.0       3:10:02 PM  -289.97    33 2.810 :3.591  0-9-0

--------------------------------------------------------------

Engine-Match Thursday, October 30, 2025 3:10:03 PM
 Blitz 3/2 

Pairing 6/8 :    V7P3R_v14.6  -  V7P3R_v12.6

PGN-File: C:\Program Files (x86)\Arena\Tournaments\Engine Battle 20251030.pgn

No:  B/W 1/2     W:B       1:2           Time        Value Moves Dep 1:2       1-2-Draws
   9 B 2    1.0:0.0        0.0:9.0       3:14:34 PM  -289.98    27 3.120 :4.130  0-9-0

--------------------------------------------------------------

Engine-Match Thursday, October 30, 2025 3:14:35 PM
 Blitz 3/2 

Pairing 7/8 :    V7P3R_v14.6  -  C0BR4_v2.9

PGN-File: C:\Program Files (x86)\Arena\Tournaments\Engine Battle 20251030.pgn

No:  B/W 1/2     W:B       1:2           Time        Value Moves Dep 1:2       1-2-Draws
   9 B 2    1.0:0.0        0.0:9.0       3:16:34 PM  -299.97    26 3.263 :4.000  0-9-0

--------------------------------------------------------------

Engine-Match Thursday, October 30, 2025 3:16:35 PM
 Blitz 3/2 

Pairing 8/8 :    V7P3R_v14.6  -  Stockfish 1%

PGN-File: C:\Program Files (x86)\Arena\Tournaments\Engine Battle 20251030.pgn

No:  B/W 1/2     W:B       1:2           Time        Value Moves Dep 1:2       1-2-Draws
   9 B 2    1.0:0.0        0.0:9.0       3:18:29 PM   -14.20    25 3.083 :13.429  0-9-0

--------------------------------------------------------------

Engine-Match Thursday, October 30, 2025 3:18:31 PM
 Blitz 3/2 

Pairing 1/8 :    V7P3R_v14.6  -  V7P3R_v14.4

PGN-File: C:\Program Files (x86)\Arena\Tournaments\Engine Battle 20251030.pgn

No:  B/W 1/2     W:B       1:2           Time        Value Moves Dep 1:2       1-2-Draws
  10 B 1    1.5:0.5        4.5:5.5       3:25:03 PM  -289.97    56 3.050 :0 4-5-1

--------------------------------------------------------------

Engine-Match Thursday, October 30, 2025 3:25:05 PM
 Blitz 3/2 

Pairing 2/8 :    V7P3R_v14.6  -  V7P3R_v14.5

PGN-File: C:\Program Files (x86)\Arena\Tournaments\Engine Battle 20251030.pgn

No:  B/W 1/2     W:B       1:2           Time        Value Moves Dep 1:2       1-2-Draws
  10 B 1    1.0:0.0        5.0:5.0       3:33:13 PM   -27.51    61 3.143 :2.652  5-5-0

--------------------------------------------------------------

Engine-Match Thursday, October 30, 2025 3:33:14 PM
 Blitz 3/2 

Pairing 3/8 :    V7P3R_v14.6  -  Random_Opponent

PGN-File: C:\Program Files (x86)\Arena\Tournaments\Engine Battle 20251030.pgn

No:  B/W 1/2     W:B       1:2           Time        Value Moves Dep 1:2       1-2-Draws
  10 B 1    1.5:0.5        9.5:0.5       3:35:36 PM  -289.97    31 3.067 :0 9-0-1

--------------------------------------------------------------

Engine-Match Thursday, October 30, 2025 3:35:38 PM
 Blitz 3/2 

Pairing 4/8 :    V7P3R_v14.6  -  VPR_v7.0

PGN-File: C:\Program Files (x86)\Arena\Tournaments\Engine Battle 20251030.pgn

No:  B/W 1/2     W:B       1:2           Time        Value Moves Dep 1:2       1-2-Draws
  10 W 2    1.5:0.5        1.5:8.5       3:41:52 PM   +11.64    45 4.133 :3.031  1-8-1

--------------------------------------------------------------

Engine-Match Thursday, October 30, 2025 3:42:03 PM
 Blitz 3/2 

Pairing 5/8 :    V7P3R_v14.6  -  SlowMate_v3.1

PGN-File: C:\Program Files (x86)\Arena\Tournaments\Engine Battle 20251030.pgn

No:  B/W 1/2     W:B       1:2           Time        Value Moves Dep 1:2       1-2-Draws
  10 W 2    1.0:0.0        0.0:10.0      3:46:15 PM  +143.51    28 3.885 :3.714  0-10-0

--------------------------------------------------------------

Engine-Match Thursday, October 30, 2025 3:46:16 PM
 Blitz 3/2 

Pairing 6/8 :    V7P3R_v14.6  -  V7P3R_v12.6

PGN-File: C:\Program Files (x86)\Arena\Tournaments\Engine Battle 20251030.pgn

No:  B/W 1/2     W:B       1:2           Time        Value Moves Dep 1:2       1-2-Draws
  10 W 2    1.0:0.0        0.0:10.0      3:49:59 PM     0.00    24 3.563 :4.429  0-10-0

--------------------------------------------------------------

Engine-Match Thursday, October 30, 2025 3:50:00 PM
 Blitz 3/2 

Pairing 7/8 :    V7P3R_v14.6  -  C0BR4_v2.9

PGN-File: C:\Program Files (x86)\Arena\Tournaments\Engine Battle 20251030.pgn

No:  B/W 1/2     W:B       1:2           Time        Value Moves Dep 1:2       1-2-Draws
  10 W 2    1.0:0.0        0.0:10.0      3:50:38 PM  +299.97    11 3.900 :4.000  0-10-0

--------------------------------------------------------------

Engine-Match Thursday, October 30, 2025 3:50:39 PM
 Blitz 3/2 

Pairing 8/8 :    V7P3R_v14.6  -  Stockfish 1%

PGN-File: C:\Program Files (x86)\Arena\Tournaments\Engine Battle 20251030.pgn

No:  B/W 1/2     W:B       1:2           Time        Value Moves Dep 1:2       1-2-Draws
  10 W 2    1.0:0.0        0.0:10.0      3:52:03 PM      +M1    21 3.600 :15.000  0-10-0
