Engine-Match Friday, October 24, 2025 8:02:29 PM
 Blitz 1/1 

Pairing 1/10 :    V7P3R_v13x_Engine  -  V7P3R_v12.2

PGN-File: C:\Program Files (x86)\Arena\Tournaments\Engine Regression Battle 20251024.pgn

No:  B/W 1/2     W:B       1:2           Time        Value Moves Dep 1:2       1-2-Draws
   1 B 2    1.0:0.0        0.0:1.0       8:03:35 PM   -24.52    16 3.313 :3.583  0-1-0

--------------------------------------------------------------

Engine-Match Friday, October 24, 2025 8:03:37 PM
 Blitz 1/1 

Pairing 2/10 :    V7P3R_v10.8  -  V7P3R_v12.6

PGN-File: C:\Program Files (x86)\Arena\Tournaments\Engine Regression Battle 20251024.pgn

No:  B/W 1/2     W:B       1:2           Time        Value Moves Dep 1:2       1-2-Draws
   1 B 2    1.0:0.0        0.0:1.0       8:06:10 PM   -15.38    29 2.615 :2.821  0-1-0

--------------------------------------------------------------

Engine-Match Friday, October 24, 2025 8:06:11 PM
 Blitz 1/1 

Pairing 3/10 :    V7P3R_v12.4  -  V7P3R_v10.8

PGN-File: C:\Program Files (x86)\Arena\Tournaments\Engine Regression Battle 20251024.pgn

No:  B/W 1/2     W:B       1:2           Time        Value Moves Dep 1:2       1-2-Draws
   1 = =    0.5:0.5        0.5:0.5       8:09:33 PM    -2.74    63 3.429 :3.048  0-0-1

--------------------------------------------------------------

Engine-Match Friday, October 24, 2025 8:09:34 PM
 Blitz 1/1 

Pairing 4/10 :    V7P3R_v12.6  -  V7P3R_v13x_Engine

PGN-File: C:\Program Files (x86)\Arena\Tournaments\Engine Regression Battle 20251024.pgn

No:  B/W 1/2     W:B       1:2           Time        Value Moves Dep 1:2       1-2-Draws
   1 W 1    1.0:0.0        1.0:0.0       8:10:46 PM    +8.56    14 3.286 :2.923  1-0-0

--------------------------------------------------------------

Engine-Match Friday, October 24, 2025 8:10:47 PM
 Blitz 1/1 

Pairing 5/10 :    V7P3R_v12.2  -  V7P3R_v12.6

PGN-File: C:\Program Files (x86)\Arena\Tournaments\Engine Regression Battle 20251024.pgn

No:  B/W 1/2     W:B       1:2           Time        Value Moves Dep 1:2       1-2-Draws
   1 = =    0.5:0.5        0.5:0.5       8:13:36 PM    +9.21    41 3.652 :3.241  0-0-1

--------------------------------------------------------------

Engine-Match Friday, October 24, 2025 8:13:38 PM
 Blitz 1/1 

Pairing 6/10 :    V7P3R_v13x_Engine  -  V7P3R_v12.4

PGN-File: C:\Program Files (x86)\Arena\Tournaments\Engine Regression Battle 20251024.pgn

No:  B/W 1/2     W:B       1:2           Time        Value Moves Dep 1:2       1-2-Draws
   1 B 2    1.0:0.0        0.0:1.0       8:14:23 PM   -14.54    11 3.444 :3.100  0-1-0

--------------------------------------------------------------

Engine-Match Friday, October 24, 2025 8:14:24 PM
 Blitz 1/1 

Pairing 7/10 :    V7P3R_v10.8  -  V7P3R_v13x_Engine

PGN-File: C:\Program Files (x86)\Arena\Tournaments\Engine Regression Battle 20251024.pgn

No:  B/W 1/2     W:B       1:2           Time        Value Moves Dep 1:2       1-2-Draws
   1 W 1    1.0:0.0        1.0:0.0       8:15:40 PM   +44.24    16 3.000 :3.063  1-0-0

--------------------------------------------------------------

Engine-Match Friday, October 24, 2025 8:15:42 PM
 Blitz 1/1 

Pairing 8/10 :    V7P3R_v12.4  -  V7P3R_v12.2

PGN-File: C:\Program Files (x86)\Arena\Tournaments\Engine Regression Battle 20251024.pgn

No:  B/W 1/2     W:B       1:2           Time        Value Moves Dep 1:2       1-2-Draws
   1 = =    0.5:0.5        0.5:0.5       8:19:22 PM     0.00    63 3.421 :3.500  0-0-1

--------------------------------------------------------------

Engine-Match Friday, October 24, 2025 8:19:23 PM
 Blitz 1/1 

Pairing 9/10 :    V7P3R_v12.6  -  V7P3R_v12.4

PGN-File: C:\Program Files (x86)\Arena\Tournaments\Engine Regression Battle 20251024.pgn

No:  B/W 1/2     W:B       1:2           Time        Value Moves Dep 1:2       1-2-Draws
   1 W 1    1.0:0.0        1.0:0.0       8:21:12 PM   +14.45    20 2.684 :3.000  1-0-0

--------------------------------------------------------------

Engine-Match Friday, October 24, 2025 8:21:13 PM
 Blitz 1/1 

Pairing 10/10 :    V7P3R_v12.2  -  V7P3R_v10.8

PGN-File: C:\Program Files (x86)\Arena\Tournaments\Engine Regression Battle 20251024.pgn

No:  B/W 1/2     W:B       1:2           Time        Value Moves Dep 1:2       1-2-Draws
   1 = =    0.5:0.5        0.5:0.5       8:24:10 PM    -8.18    59 3.375 :2.765  0-0-1

--------------------------------------------------------------

Engine-Match Friday, October 24, 2025 8:24:11 PM
 Blitz 1/1 

Pairing 1/10 :    V7P3R_v13x_Engine  -  V7P3R_v12.2

PGN-File: C:\Program Files (x86)\Arena\Tournaments\Engine Regression Battle 20251024.pgn

No:  B/W 1/2     W:B       1:2           Time        Value Moves Dep 1:2       1-2-Draws
   2 W 2    1.0:0.0        0.0:2.0       8:24:59 PM   +17.38    10 3.100 :3.333  0-2-0

--------------------------------------------------------------

Engine-Match Friday, October 24, 2025 8:25:00 PM
 Blitz 1/1 

Pairing 2/10 :    V7P3R_v10.8  -  V7P3R_v12.6

PGN-File: C:\Program Files (x86)\Arena\Tournaments\Engine Regression Battle 20251024.pgn

No:  B/W 1/2     W:B       1:2           Time        Value Moves Dep 1:2       1-2-Draws
   2 B 1    1.0:0.0        1.0:1.0       8:27:24 PM  -289.96    31 2.500 :2.828  1-1-0

--------------------------------------------------------------

Engine-Match Friday, October 24, 2025 8:27:26 PM
 Blitz 1/1 

Pairing 3/10 :    V7P3R_v12.4  -  V7P3R_v10.8

PGN-File: C:\Program Files (x86)\Arena\Tournaments\Engine Regression Battle 20251024.pgn

No:  B/W 1/2     W:B       1:2           Time        Value Moves Dep 1:2       1-2-Draws
   2 W 2    1.5:0.5        0.5:1.5       8:30:00 PM   +17.60    49 3.714 :2.958  0-1-1

--------------------------------------------------------------

Engine-Match Friday, October 24, 2025 8:30:01 PM
 Blitz 1/1 

Pairing 4/10 :    V7P3R_v12.6  -  V7P3R_v13x_Engine

PGN-File: C:\Program Files (x86)\Arena\Tournaments\Engine Regression Battle 20251024.pgn

No:  B/W 1/2     W:B       1:2           Time        Value Moves Dep 1:2       1-2-Draws
   2 B 1    1.0:0.0        2.0:0.0       8:30:57 PM   -31.36    13 3.000 :3.545  2-0-0

--------------------------------------------------------------

Engine-Match Friday, October 24, 2025 8:30:58 PM
 Blitz 1/1 

Pairing 5/10 :    V7P3R_v12.2  -  V7P3R_v12.6

PGN-File: C:\Program Files (x86)\Arena\Tournaments\Engine Regression Battle 20251024.pgn

No:  B/W 1/2     W:B       1:2           Time        Value Moves Dep 1:2       1-2-Draws
   2 W 2    1.5:0.5        0.5:1.5       8:34:29 PM  +289.97    53 3.478 :3.019  0-1-1

--------------------------------------------------------------

Engine-Match Friday, October 24, 2025 8:34:30 PM
 Blitz 1/1 

Pairing 6/10 :    V7P3R_v13x_Engine  -  V7P3R_v12.4

PGN-File: C:\Program Files (x86)\Arena\Tournaments\Engine Regression Battle 20251024.pgn

No:  B/W 1/2     W:B       1:2           Time        Value Moves Dep 1:2       1-2-Draws
   2 W 2    1.0:0.0        0.0:2.0       8:35:14 PM   +24.53    10 2.900 :3.300  0-2-0

--------------------------------------------------------------

Engine-Match Friday, October 24, 2025 8:35:16 PM
 Blitz 1/1 

Pairing 7/10 :    V7P3R_v10.8  -  V7P3R_v13x_Engine

PGN-File: C:\Program Files (x86)\Arena\Tournaments\Engine Regression Battle 20251024.pgn

No:  B/W 1/2     W:B       1:2           Time        Value Moves Dep 1:2       1-2-Draws
   2 B 1    1.0:0.0        2.0:0.0       8:36:18 PM   -34.98    14 3.000 :3.750  2-0-0

--------------------------------------------------------------

Engine-Match Friday, October 24, 2025 8:36:20 PM
 Blitz 1/1 

Pairing 8/10 :    V7P3R_v12.4  -  V7P3R_v12.2

PGN-File: C:\Program Files (x86)\Arena\Tournaments\Engine Regression Battle 20251024.pgn

No:  B/W 1/2     W:B       1:2           Time        Value Moves Dep 1:2       1-2-Draws
   2 = =    1.0:1.0        1.0:1.0       8:38:55 PM    -2.70    40 3.923 :3.688  0-0-2

--------------------------------------------------------------

Engine-Match Friday, October 24, 2025 8:38:57 PM
 Blitz 1/1 

Pairing 9/10 :    V7P3R_v12.6  -  V7P3R_v12.4

PGN-File: C:\Program Files (x86)\Arena\Tournaments\Engine Regression Battle 20251024.pgn

No:  B/W 1/2     W:B       1:2           Time        Value Moves Dep 1:2       1-2-Draws
   2 B 1    1.0:0.0        2.0:0.0       8:42:59 PM     0.00    67 3.122 :3.167  2-0-0

--------------------------------------------------------------

Engine-Match Friday, October 24, 2025 8:43:00 PM
 Blitz 1/1 

Pairing 10/10 :    V7P3R_v12.2  -  V7P3R_v10.8

PGN-File: C:\Program Files (x86)\Arena\Tournaments\Engine Regression Battle 20251024.pgn

No:  B/W 1/2     W:B       1:2           Time        Value Moves Dep 1:2       1-2-Draws
   2 * *     0.5:0.5        0.5:0.5       8:45:12 PM    -5.77    27 3.130 :2.643  0-0-1
