Engine-Match Friday, October 24, 2025 8:03:34 PM
 Blitz 10/5 

Pairing 1/4 :    V7P3R_v13x_Engine  -  V7P3R_v12.6

PGN-File: C:\Program Files (x86)\Arena\Tournaments\Engine Regression Battle 20251024_2.pgn

No:  B/W 1/2     W:B       1:2           Time        Value Moves Dep 1:2       1-2-Draws
   1 B 2    1.0:0.0        0.0:1.0       8:08:58 PM     0.00     9 6.000 :5.000  0-1-0

--------------------------------------------------------------

Engine-Match Friday, October 24, 2025 8:09:00 PM
 Blitz 10/5 

Pairing 2/4 :    V7P3R_v13x_Engine  -  V7P3R_v10.8

PGN-File: C:\Program Files (x86)\Arena\Tournaments\Engine Regression Battle 20251024_2.pgn

No:  B/W 1/2     W:B       1:2           Time        Value Moves Dep 1:2       1-2-Draws
   1 B 2    1.0:0.0        0.0:1.0       8:12:40 PM   -20.69     7 6.000 :4.429  0-1-0

--------------------------------------------------------------

Engine-Match Friday, October 24, 2025 8:12:41 PM
 Blitz 10/5 

Pairing 3/4 :    V7P3R_v13x_Engine  -  V7P3R_v12.2

PGN-File: C:\Program Files (x86)\Arena\Tournaments\Engine Regression Battle 20251024_2.pgn

No:  B/W 1/2     W:B       1:2           Time        Value Moves Dep 1:2       1-2-Draws
   1 B 2    1.0:0.0        0.0:1.0       8:22:29 PM   -26.50    19 5.167 :4.706  0-1-0

--------------------------------------------------------------

Engine-Match Friday, October 24, 2025 8:22:31 PM
 Blitz 10/5 

Pairing 4/4 :    V7P3R_v13x_Engine  -  V7P3R_v12.4

PGN-File: C:\Program Files (x86)\Arena\Tournaments\Engine Regression Battle 20251024_2.pgn

No:  B/W 1/2     W:B       1:2           Time        Value Moves Dep 1:2       1-2-Draws
   1 B 2    1.0:0.0        0.0:1.0       8:32:45 PM   -53.40    17 5.692 :5.294  0-1-0

--------------------------------------------------------------

Engine-Match Friday, October 24, 2025 8:32:47 PM
 Blitz 10/5 

Pairing 1/4 :    V7P3R_v13x_Engine  -  V7P3R_v12.6

PGN-File: C:\Program Files (x86)\Arena\Tournaments\Engine Regression Battle 20251024_2.pgn

No:  B/W 1/2     W:B       1:2           Time        Value Moves Dep 1:2       1-2-Draws
   2 W 2    1.0:0.0        0.0:2.0       8:41:32 PM   +13.95    16 5.533 :4.833  0-2-0

--------------------------------------------------------------

Engine-Match Friday, October 24, 2025 8:41:33 PM
 Blitz 10/5 

Pairing 2/4 :    V7P3R_v13x_Engine  -  V7P3R_v10.8

PGN-File: C:\Program Files (x86)\Arena\Tournaments\Engine Regression Battle 20251024_2.pgn

No:  B/W 1/2     W:B       1:2           Time        Value Moves Dep 1:2       1-2-Draws
   2 * *     0.0:0.0        0.0:1.0       8:44:55 PM    +5.29     8 5.429 :4.125  0-1-0
