Engine-Match Saturday, October 25, 2025 4:10:48 PM
 Blitz 2/1 

Pairing 1/3 :    V7P3R_v13.2_Engine  -  V7P3R_v12.6

PGN-File: C:\Program Files (x86)\Arena\Tournaments\Engine Regression Battle 20251025.pgn

No:  B/W 1/2     W:B       1:2           Time        Value Moves Dep 1:2       1-2-Draws
   1 B 2    1.0:0.0        0.0:1.0       4:13:05 PM  -289.97    17 4.938 :3.933  0-1-0

--------------------------------------------------------------

Engine-Match Saturday, October 25, 2025 4:13:06 PM
 Blitz 2/1 

Pairing 2/3 :    Random_Opponent  -  V7P3R_v13.2_Engine

PGN-File: C:\Program Files (x86)\Arena\Tournaments\Engine Regression Battle 20251025.pgn

No:  B/W 1/2     W:B       1:2           Time        Value Moves Dep 1:2       1-2-Draws
   1 B 2    1.0:0.0        0.0:1.0       4:15:01 PM  -289.98    33 0:4.769  0-1-0

--------------------------------------------------------------

Engine-Match Saturday, October 25, 2025 4:15:02 PM
 Blitz 2/1 

Pairing 3/3 :    V7P3R_v12.6  -  Random_Opponent

PGN-File: C:\Program Files (x86)\Arena\Tournaments\Engine Regression Battle 20251025.pgn

No:  B/W 1/2     W:B       1:2           Time        Value Moves Dep 1:2       1-2-Draws
   1 W 1    1.0:0.0        1.0:0.0       4:16:15 PM  +289.98    13 3.769 :0 1-0-0

--------------------------------------------------------------

Engine-Match Saturday, October 25, 2025 4:16:16 PM
 Blitz 2/1 

Pairing 1/3 :    V7P3R_v13.2_Engine  -  V7P3R_v12.6

PGN-File: C:\Program Files (x86)\Arena\Tournaments\Engine Regression Battle 20251025.pgn

No:  B/W 1/2     W:B       1:2           Time        Value Moves Dep 1:2       1-2-Draws
   2 W 2    1.0:0.0        0.0:2.0       4:18:27 PM   +15.87    15 4.643 :3.929  0-2-0

--------------------------------------------------------------

Engine-Match Saturday, October 25, 2025 4:18:29 PM
 Blitz 2/1 

Pairing 2/3 :    Random_Opponent  -  V7P3R_v13.2_Engine

PGN-File: C:\Program Files (x86)\Arena\Tournaments\Engine Regression Battle 20251025.pgn

No:  B/W 1/2     W:B       1:2           Time        Value Moves Dep 1:2       1-2-Draws
   2 W 2    1.0:0.0        0.0:2.0       4:20:45 PM  +289.98    35 0:4.625  0-2-0

--------------------------------------------------------------

Engine-Match Saturday, October 25, 2025 4:20:47 PM
 Blitz 2/1 

Pairing 3/3 :    V7P3R_v12.6  -  Random_Opponent

PGN-File: C:\Program Files (x86)\Arena\Tournaments\Engine Regression Battle 20251025.pgn

No:  B/W 1/2     W:B       1:2           Time        Value Moves Dep 1:2       1-2-Draws
   2 B 1    1.0:0.0        2.0:0.0       4:22:22 PM     0.00    21 3.737 :0 2-0-0

--------------------------------------------------------------

Engine-Match Saturday, October 25, 2025 4:22:23 PM
 Blitz 2/1 

Pairing 1/3 :    V7P3R_v13.2_Engine  -  V7P3R_v12.6

PGN-File: C:\Program Files (x86)\Arena\Tournaments\Engine Regression Battle 20251025.pgn

No:  B/W 1/2     W:B       1:2           Time        Value Moves Dep 1:2       1-2-Draws
   3 B 2    1.0:0.0        0.0:3.0       4:25:02 PM   -21.91    17 4.765 :3.750  0-3-0

--------------------------------------------------------------

Engine-Match Saturday, October 25, 2025 4:25:03 PM
 Blitz 2/1 

Pairing 2/3 :    Random_Opponent  -  V7P3R_v13.2_Engine

PGN-File: C:\Program Files (x86)\Arena\Tournaments\Engine Regression Battle 20251025.pgn

No:  B/W 1/2     W:B       1:2           Time        Value Moves Dep 1:2       1-2-Draws
   3 B 2    1.0:0.0        0.0:3.0       4:25:29 PM  -289.98     7 0:5.333  0-3-0

--------------------------------------------------------------

Engine-Match Saturday, October 25, 2025 4:25:30 PM
 Blitz 2/1 

Pairing 3/3 :    V7P3R_v12.6  -  Random_Opponent

PGN-File: C:\Program Files (x86)\Arena\Tournaments\Engine Regression Battle 20251025.pgn

No:  B/W 1/2     W:B       1:2           Time        Value Moves Dep 1:2       1-2-Draws
   3 W 1    1.0:0.0        3.0:0.0       4:27:09 PM  +289.97    20 3.938 :0 3-0-0

--------------------------------------------------------------

Engine-Match Saturday, October 25, 2025 4:27:11 PM
 Blitz 2/1 

Pairing 1/3 :    V7P3R_v13.2_Engine  -  V7P3R_v12.6

PGN-File: C:\Program Files (x86)\Arena\Tournaments\Engine Regression Battle 20251025.pgn

No:  B/W 1/2     W:B       1:2           Time        Value Moves Dep 1:2       1-2-Draws
   4 W 2    1.0:0.0        0.0:4.0       4:28:51 PM   +23.23    14 4.692 :3.667  0-4-0

--------------------------------------------------------------

Engine-Match Saturday, October 25, 2025 4:28:52 PM
 Blitz 2/1 

Pairing 2/3 :    Random_Opponent  -  V7P3R_v13.2_Engine

PGN-File: C:\Program Files (x86)\Arena\Tournaments\Engine Regression Battle 20251025.pgn

No:  B/W 1/2     W:B       1:2           Time        Value Moves Dep 1:2       1-2-Draws
   4 W 2    1.0:0.0        0.0:4.0       4:32:06 PM     0.00    71 0:4.263  0-4-0

--------------------------------------------------------------

Engine-Match Saturday, October 25, 2025 4:32:07 PM
 Blitz 2/1 

Pairing 3/3 :    V7P3R_v12.6  -  Random_Opponent

PGN-File: C:\Program Files (x86)\Arena\Tournaments\Engine Regression Battle 20251025.pgn

No:  B/W 1/2     W:B       1:2           Time        Value Moves Dep 1:2       1-2-Draws
   4 B 1    1.0:0.0        4.0:0.0       4:33:26 PM  -289.97    14 3.923 :0 4-0-0

--------------------------------------------------------------

Engine-Match Saturday, October 25, 2025 4:33:27 PM
 Blitz 2/1 

Pairing 1/3 :    V7P3R_v13.2_Engine  -  V7P3R_v12.6

PGN-File: C:\Program Files (x86)\Arena\Tournaments\Engine Regression Battle 20251025.pgn

No:  B/W 1/2     W:B       1:2           Time        Value Moves Dep 1:2       1-2-Draws
   5 B 2    1.0:0.0        0.0:5.0       4:36:32 PM   -24.77    28 4.813 :4.000  0-5-0

--------------------------------------------------------------

Engine-Match Saturday, October 25, 2025 4:36:33 PM
 Blitz 2/1 

Pairing 2/3 :    Random_Opponent  -  V7P3R_v13.2_Engine

PGN-File: C:\Program Files (x86)\Arena\Tournaments\Engine Regression Battle 20251025.pgn

No:  B/W 1/2     W:B       1:2           Time        Value Moves Dep 1:2       1-2-Draws
   5 B 2    1.0:0.0        0.0:5.0       4:38:06 PM     0.00    26 0:4.591  0-5-0

--------------------------------------------------------------

Engine-Match Saturday, October 25, 2025 4:38:07 PM
 Blitz 2/1 

Pairing 3/3 :    V7P3R_v12.6  -  Random_Opponent

PGN-File: C:\Program Files (x86)\Arena\Tournaments\Engine Regression Battle 20251025.pgn

No:  B/W 1/2     W:B       1:2           Time        Value Moves Dep 1:2       1-2-Draws
   5 W 1    1.0:0.0        5.0:0.0       4:39:12 PM  +289.97    12 3.833 :0 5-0-0

--------------------------------------------------------------

Engine-Match Saturday, October 25, 2025 4:39:13 PM
 Blitz 2/1 

Pairing 1/3 :    V7P3R_v13.2_Engine  -  V7P3R_v12.6

PGN-File: C:\Program Files (x86)\Arena\Tournaments\Engine Regression Battle 20251025.pgn

No:  B/W 1/2     W:B       1:2           Time        Value Moves Dep 1:2       1-2-Draws
   6 W 2    1.0:0.0        0.0:6.0       4:40:52 PM  +289.98    16 4.917 :4.143  0-6-0

--------------------------------------------------------------

Engine-Match Saturday, October 25, 2025 4:40:53 PM
 Blitz 2/1 

Pairing 2/3 :    Random_Opponent  -  V7P3R_v13.2_Engine

PGN-File: C:\Program Files (x86)\Arena\Tournaments\Engine Regression Battle 20251025.pgn

No:  B/W 1/2     W:B       1:2           Time        Value Moves Dep 1:2       1-2-Draws
   6 W 2    1.0:0.0        0.0:6.0       4:41:34 PM  +289.98    10 0:5.000  0-6-0

--------------------------------------------------------------

Engine-Match Saturday, October 25, 2025 4:41:35 PM
 Blitz 2/1 

Pairing 3/3 :    V7P3R_v12.6  -  Random_Opponent

PGN-File: C:\Program Files (x86)\Arena\Tournaments\Engine Regression Battle 20251025.pgn

No:  B/W 1/2     W:B       1:2           Time        Value Moves Dep 1:2       1-2-Draws
   6 B 1    1.0:0.0        6.0:0.0       4:42:45 PM  -289.96    17 3.800 :0 6-0-0

--------------------------------------------------------------

Engine-Match Saturday, October 25, 2025 4:42:46 PM
 Blitz 2/1 

Pairing 1/3 :    V7P3R_v13.2_Engine  -  V7P3R_v12.6

PGN-File: C:\Program Files (x86)\Arena\Tournaments\Engine Regression Battle 20251025.pgn

No:  B/W 1/2     W:B       1:2           Time        Value Moves Dep 1:2       1-2-Draws
   7 B 2    1.0:0.0        0.0:7.0       4:45:53 PM   -24.77    28 4.875 :4.000  0-7-0

--------------------------------------------------------------

Engine-Match Saturday, October 25, 2025 4:45:54 PM
 Blitz 2/1 

Pairing 2/3 :    Random_Opponent  -  V7P3R_v13.2_Engine

PGN-File: C:\Program Files (x86)\Arena\Tournaments\Engine Regression Battle 20251025.pgn

No:  B/W 1/2     W:B       1:2           Time        Value Moves Dep 1:2       1-2-Draws
   7 B 2    1.0:0.0        0.0:7.0       4:47:27 PM     0.00    31 0:4.818  0-7-0

--------------------------------------------------------------

Engine-Match Saturday, October 25, 2025 4:47:38 PM
 Blitz 2/1 

Pairing 3/3 :    V7P3R_v12.6  -  Random_Opponent

PGN-File: C:\Program Files (x86)\Arena\Tournaments\Engine Regression Battle 20251025.pgn

No:  B/W 1/2     W:B       1:2           Time        Value Moves Dep 1:2       1-2-Draws
   7 W 1    1.0:0.0        7.0:0.0       4:48:56 PM  +289.98    13 4.000 :0 7-0-0

--------------------------------------------------------------

Engine-Match Saturday, October 25, 2025 4:48:58 PM
 Blitz 2/1 

Pairing 1/3 :    V7P3R_v13.2_Engine  -  V7P3R_v12.6

PGN-File: C:\Program Files (x86)\Arena\Tournaments\Engine Regression Battle 20251025.pgn

No:  B/W 1/2     W:B       1:2           Time        Value Moves Dep 1:2       1-2-Draws
   8 W 2    1.0:0.0        0.0:8.0       4:50:54 PM   +15.87    15 4.643 :3.786  0-8-0

--------------------------------------------------------------

Engine-Match Saturday, October 25, 2025 4:50:56 PM
 Blitz 2/1 

Pairing 2/3 :    Random_Opponent  -  V7P3R_v13.2_Engine

PGN-File: C:\Program Files (x86)\Arena\Tournaments\Engine Regression Battle 20251025.pgn

No:  B/W 1/2     W:B       1:2           Time        Value Moves Dep 1:2       1-2-Draws
   8 W 2    1.0:0.0        0.0:8.0       4:51:24 PM  +289.98     9 0:5.143  0-8-0

--------------------------------------------------------------

Engine-Match Saturday, October 25, 2025 4:51:25 PM
 Blitz 2/1 

Pairing 3/3 :    V7P3R_v12.6  -  Random_Opponent

PGN-File: C:\Program Files (x86)\Arena\Tournaments\Engine Regression Battle 20251025.pgn

No:  B/W 1/2     W:B       1:2           Time        Value Moves Dep 1:2       1-2-Draws
   8 B 1    1.0:0.0        8.0:0.0       4:52:11 PM  -289.98    10 4.143 :0 8-0-0

--------------------------------------------------------------

Engine-Match Saturday, October 25, 2025 4:52:13 PM
 Blitz 2/1 

Pairing 1/3 :    V7P3R_v13.2_Engine  -  V7P3R_v12.6

PGN-File: C:\Program Files (x86)\Arena\Tournaments\Engine Regression Battle 20251025.pgn

No:  B/W 1/2     W:B       1:2           Time        Value Moves Dep 1:2       1-2-Draws
   9 B 2    1.0:0.0        0.0:9.0       4:54:59 PM   -21.91    17 4.765 :3.750  0-9-0

--------------------------------------------------------------

Engine-Match Saturday, October 25, 2025 4:55:00 PM
 Blitz 2/1 

Pairing 2/3 :    Random_Opponent  -  V7P3R_v13.2_Engine

PGN-File: C:\Program Files (x86)\Arena\Tournaments\Engine Regression Battle 20251025.pgn

No:  B/W 1/2     W:B       1:2           Time        Value Moves Dep 1:2       1-2-Draws
   9 B 2    1.0:0.0        0.0:9.0       4:56:15 PM     0.00    20 0:4.684  0-9-0

--------------------------------------------------------------

Engine-Match Saturday, October 25, 2025 4:56:17 PM
 Blitz 2/1 

Pairing 3/3 :    V7P3R_v12.6  -  Random_Opponent

PGN-File: C:\Program Files (x86)\Arena\Tournaments\Engine Regression Battle 20251025.pgn

No:  B/W 1/2     W:B       1:2           Time        Value Moves Dep 1:2       1-2-Draws
   9 W 1    1.0:0.0        9.0:0.0       4:57:35 PM  +289.97    16 3.313 :0 9-0-0

--------------------------------------------------------------

Engine-Match Saturday, October 25, 2025 4:57:36 PM
 Blitz 2/1 

Pairing 1/3 :    V7P3R_v13.2_Engine  -  V7P3R_v12.6

PGN-File: C:\Program Files (x86)\Arena\Tournaments\Engine Regression Battle 20251025.pgn

No:  B/W 1/2     W:B       1:2           Time        Value Moves Dep 1:2       1-2-Draws
  10 W 2    1.0:0.0        0.0:10.0      4:59:16 PM  +289.98    16 4.917 :4.143  0-10-0

--------------------------------------------------------------

Engine-Match Saturday, October 25, 2025 4:59:17 PM
 Blitz 2/1 

Pairing 2/3 :    Random_Opponent  -  V7P3R_v13.2_Engine

PGN-File: C:\Program Files (x86)\Arena\Tournaments\Engine Regression Battle 20251025.pgn

No:  B/W 1/2     W:B       1:2           Time        Value Moves Dep 1:2       1-2-Draws
  10 W 2    1.0:0.0        0.0:10.0      4:59:39 PM     0.00     7 0:5.000  0-10-0

--------------------------------------------------------------

Engine-Match Saturday, October 25, 2025 4:59:40 PM
 Blitz 2/1 

Pairing 3/3 :    V7P3R_v12.6  -  Random_Opponent

PGN-File: C:\Program Files (x86)\Arena\Tournaments\Engine Regression Battle 20251025.pgn

No:  B/W 1/2     W:B       1:2           Time        Value Moves Dep 1:2       1-2-Draws
  10 B 1    1.0:0.0        10.0:0.0      5:01:19 PM     0.00    21 3.765 :0 10-0-0
