Engine-Match Saturday, October 4, 2025 10:33:40 AM
 Blitz 5/1 

Pairing 1/15 :    V7P3R_v10.8  -  Random_Opponent

PGN-File: C:\Program Files (x86)\Arena\Tournaments\Engine Regression Battle 20251004.pgn

No:  B/W 1/2     W:B       1:2           Time        Value Moves Dep 1:2       1-2-Draws
   1 W 1    1.0:0.0        1.0:0.0       10:36:35 AM     0.00    26 3.773 :0 1-0-0

--------------------------------------------------------------

Engine-Match Saturday, October 4, 2025 10:36:37 AM
 Blitz 5/1 

Pairing 2/15 :    V7P3R_v12.6  -  V7P3R_v12.2

PGN-File: C:\Program Files (x86)\Arena\Tournaments\Engine Regression Battle 20251004.pgn

No:  B/W 1/2     W:B       1:2           Time        Value Moves Dep 1:2       1-2-Draws
   1 W 1    1.0:0.0        1.0:0.0       10:45:24 AM  +289.99    41 4.320 :4.464  1-0-0

--------------------------------------------------------------

Engine-Match Saturday, October 4, 2025 10:45:26 AM
 Blitz 5/1 

Pairing 3/15 :    V7P3R_v12.4  -  V7P3R_v12.5

PGN-File: C:\Program Files (x86)\Arena\Tournaments\Engine Regression Battle 20251004.pgn

No:  B/W 1/2     W:B       1:2           Time        Value Moves Dep 1:2       1-2-Draws
   1 W 1    1.0:0.0        1.0:0.0       10:54:38 AM  +289.98    48 4.318 :4.000  1-0-0

--------------------------------------------------------------

Engine-Match Saturday, October 4, 2025 10:54:40 AM
 Blitz 5/1 

Pairing 4/15 :    V7P3R_v12.6  -  V7P3R_v10.8

PGN-File: C:\Program Files (x86)\Arena\Tournaments\Engine Regression Battle 20251004.pgn

No:  B/W 1/2     W:B       1:2           Time        Value Moves Dep 1:2       1-2-Draws
   1 B 2    1.0:0.0        0.0:1.0       11:02:06 AM   -40.78    35 4.333 :3.714  0-1-0

--------------------------------------------------------------

Engine-Match Saturday, October 4, 2025 11:02:07 AM
 Blitz 5/1 

Pairing 5/15 :    V7P3R_v12.5  -  Random_Opponent

PGN-File: C:\Program Files (x86)\Arena\Tournaments\Engine Regression Battle 20251004.pgn

No:  B/W 1/2     W:B       1:2           Time        Value Moves Dep 1:2       1-2-Draws
   1 W 1    1.0:0.0        1.0:0.0       11:04:56 AM  +289.97    16 3.929 :0 1-0-0

--------------------------------------------------------------

Engine-Match Saturday, October 4, 2025 11:04:57 AM
 Blitz 5/1 

Pairing 6/15 :    V7P3R_v12.2  -  V7P3R_v12.4

PGN-File: C:\Program Files (x86)\Arena\Tournaments\Engine Regression Battle 20251004.pgn

No:  B/W 1/2     W:B       1:2           Time        Value Moves Dep 1:2       1-2-Draws
   1 = =    0.5:0.5        0.5:0.5       11:14:53 AM   -10.70    59 4.696 :4.409  0-0-1

--------------------------------------------------------------

Engine-Match Saturday, October 4, 2025 11:14:54 AM
 Blitz 5/1 

Pairing 7/15 :    V7P3R_v10.8  -  V7P3R_v12.5

PGN-File: C:\Program Files (x86)\Arena\Tournaments\Engine Regression Battle 20251004.pgn

No:  B/W 1/2     W:B       1:2           Time        Value Moves Dep 1:2       1-2-Draws
   1 = =    0.5:0.5        0.5:0.5       11:21:43 AM     0.00    22 3.688 :4.000  0-0-1

--------------------------------------------------------------

Engine-Match Saturday, October 4, 2025 11:21:44 AM
 Blitz 5/1 

Pairing 8/15 :    V7P3R_v12.4  -  V7P3R_v12.6

PGN-File: C:\Program Files (x86)\Arena\Tournaments\Engine Regression Battle 20251004.pgn

No:  B/W 1/2     W:B       1:2           Time        Value Moves Dep 1:2       1-2-Draws
   1 B 2    1.0:0.0        0.0:1.0       11:30:17 AM     0.00    30 4.130 :4.043  0-1-0

--------------------------------------------------------------

Engine-Match Saturday, October 4, 2025 11:30:18 AM
 Blitz 5/1 

Pairing 9/15 :    Random_Opponent  -  V7P3R_v12.2

PGN-File: C:\Program Files (x86)\Arena\Tournaments\Engine Regression Battle 20251004.pgn

No:  B/W 1/2     W:B       1:2           Time        Value Moves Dep 1:2       1-2-Draws
   1 B 2    1.0:0.0        0.0:1.0       11:33:10 AM  -289.98    16 0:4.250  0-1-0

--------------------------------------------------------------

Engine-Match Saturday, October 4, 2025 11:33:11 AM
 Blitz 5/1 

Pairing 10/15 :    V7P3R_v12.4  -  V7P3R_v10.8

PGN-File: C:\Program Files (x86)\Arena\Tournaments\Engine Regression Battle 20251004.pgn

No:  B/W 1/2     W:B       1:2           Time        Value Moves Dep 1:2       1-2-Draws
   1 W 1    1.0:0.0        1.0:0.0       11:40:01 AM   +12.89    26 4.200 :3.500  1-0-0

--------------------------------------------------------------

Engine-Match Saturday, October 4, 2025 11:40:03 AM
 Blitz 5/1 

Pairing 11/15 :    V7P3R_v12.2  -  V7P3R_v12.5

PGN-File: C:\Program Files (x86)\Arena\Tournaments\Engine Regression Battle 20251004.pgn

No:  B/W 1/2     W:B       1:2           Time        Value Moves Dep 1:2       1-2-Draws
   1 = =    0.5:0.5        0.5:0.5       11:49:08 AM     0.00    54 4.389 :4.056  0-0-1

--------------------------------------------------------------

Engine-Match Saturday, October 4, 2025 11:49:09 AM
 Blitz 5/1 

Pairing 12/15 :    V7P3R_v12.6  -  Random_Opponent

PGN-File: C:\Program Files (x86)\Arena\Tournaments\Engine Regression Battle 20251004.pgn

No:  B/W 1/2     W:B       1:2           Time        Value Moves Dep 1:2       1-2-Draws
   1 W 1    1.0:0.0        1.0:0.0       11:50:34 AM  +289.98     8 4.429 :0 1-0-0

--------------------------------------------------------------

Engine-Match Saturday, October 4, 2025 11:50:35 AM
 Blitz 5/1 

Pairing 13/15 :    V7P3R_v10.8  -  V7P3R_v12.2

PGN-File: C:\Program Files (x86)\Arena\Tournaments\Engine Regression Battle 20251004.pgn

No:  B/W 1/2     W:B       1:2           Time        Value Moves Dep 1:2       1-2-Draws
   1 B 2    1.0:0.0        0.0:1.0       11:59:13 AM     0.00    51 4.000 :4.700  0-1-0

--------------------------------------------------------------

Engine-Match Saturday, October 4, 2025 11:59:14 AM
 Blitz 5/1 

Pairing 14/15 :    Random_Opponent  -  V7P3R_v12.4

PGN-File: C:\Program Files (x86)\Arena\Tournaments\Engine Regression Battle 20251004.pgn

No:  B/W 1/2     W:B       1:2           Time        Value Moves Dep 1:2       1-2-Draws
   1 B 2    1.0:0.0        0.0:1.0       12:01:36 PM  -289.98    13 0:4.692  0-1-0

--------------------------------------------------------------

Engine-Match Saturday, October 4, 2025 12:01:37 PM
 Blitz 5/1 

Pairing 15/15 :    V7P3R_v12.5  -  V7P3R_v12.6

PGN-File: C:\Program Files (x86)\Arena\Tournaments\Engine Regression Battle 20251004.pgn

No:  B/W 1/2     W:B       1:2           Time        Value Moves Dep 1:2       1-2-Draws
   1 B 2    1.0:0.0        0.0:1.0       12:08:31 PM  -289.99    29 4.308 :4.308  0-1-0

--------------------------------------------------------------

Engine-Match Saturday, October 4, 2025 12:08:33 PM
 Blitz 5/1 

Pairing 1/15 :    V7P3R_v10.8  -  Random_Opponent

PGN-File: C:\Program Files (x86)\Arena\Tournaments\Engine Regression Battle 20251004.pgn

No:  B/W 1/2     W:B       1:2           Time        Value Moves Dep 1:2       1-2-Draws
   2 B 1    1.0:0.0        2.0:0.0       12:10:21 PM     0.00    14 4.600 :0 2-0-0

--------------------------------------------------------------

Engine-Match Saturday, October 4, 2025 12:10:23 PM
 Blitz 5/1 

Pairing 2/15 :    V7P3R_v12.6  -  V7P3R_v12.2

PGN-File: C:\Program Files (x86)\Arena\Tournaments\Engine Regression Battle 20251004.pgn

No:  B/W 1/2     W:B       1:2           Time        Value Moves Dep 1:2       1-2-Draws
   2 = =    0.5:0.5        1.5:0.5       12:21:34 PM     0.00    65 4.263 :4.429  1-0-1

--------------------------------------------------------------

Engine-Match Saturday, October 4, 2025 12:21:36 PM
 Blitz 5/1 

Pairing 3/15 :    V7P3R_v12.4  -  V7P3R_v12.5

PGN-File: C:\Program Files (x86)\Arena\Tournaments\Engine Regression Battle 20251004.pgn

No:  B/W 1/2     W:B       1:2           Time        Value Moves Dep 1:2       1-2-Draws
   2 W 2    1.0:0.0        1.0:1.0       12:25:34 PM     0.00    13 4.571 :4.222  1-1-0

--------------------------------------------------------------

Engine-Match Saturday, October 4, 2025 12:25:35 PM
 Blitz 5/1 

Pairing 4/15 :    V7P3R_v12.6  -  V7P3R_v10.8

PGN-File: C:\Program Files (x86)\Arena\Tournaments\Engine Regression Battle 20251004.pgn

No:  B/W 1/2     W:B       1:2           Time        Value Moves Dep 1:2       1-2-Draws
   2 B 1    1.0:0.0        1.0:1.0       12:34:02 PM   -32.26    50 4.067 :3.722  1-1-0

--------------------------------------------------------------

Engine-Match Saturday, October 4, 2025 12:34:04 PM
 Blitz 5/1 

Pairing 5/15 :    V7P3R_v12.5  -  Random_Opponent

PGN-File: C:\Program Files (x86)\Arena\Tournaments\Engine Regression Battle 20251004.pgn

No:  B/W 1/2     W:B       1:2           Time        Value Moves Dep 1:2       1-2-Draws
   2 B 1    1.0:0.0        2.0:0.0       12:34:26 PM  -289.97     3 4.000 :0 2-0-0

--------------------------------------------------------------

Engine-Match Saturday, October 4, 2025 12:34:33 PM
 Blitz 5/1 

Pairing 6/15 :    V7P3R_v12.2  -  V7P3R_v12.4

PGN-File: C:\Program Files (x86)\Arena\Tournaments\Engine Regression Battle 20251004.pgn

No:  B/W 1/2     W:B       1:2           Time        Value Moves Dep 1:2       1-2-Draws
   2 = =    1.0:1.0        1.0:1.0       12:43:26 PM    -8.70    57 4.364 :4.400  0-0-2

--------------------------------------------------------------

Engine-Match Saturday, October 4, 2025 12:43:27 PM
 Blitz 5/1 

Pairing 7/15 :    V7P3R_v10.8  -  V7P3R_v12.5

PGN-File: C:\Program Files (x86)\Arena\Tournaments\Engine Regression Battle 20251004.pgn

No:  B/W 1/2     W:B       1:2           Time        Value Moves Dep 1:2       1-2-Draws
   2 * *     0.5:0.5        0.5:0.5       12:47:47 PM    +1.85    11 3.857 :3.900  0-0-1

--------------------------------------------------------------

Engine-Match Saturday, October 4, 2025 12:48:09 PM
 Blitz 5/1 

Pairing 7/15 :    V7P3R_v10.8  -  V7P3R_v12.5

PGN-File: C:\Program Files (x86)\Arena\Tournaments\Engine Regression Battle 20251004.pgn

No:  B/W 1/2     W:B       1:2           Time        Value Moves Dep 1:2       1-2-Draws
   2 W 2    1.5:0.5        0.5:1.5       12:54:11 PM   +11.37    17 3.846 :4.000  0-1-1

--------------------------------------------------------------

Engine-Match Saturday, October 4, 2025 12:54:12 PM
 Blitz 5/1 

Pairing 8/15 :    V7P3R_v12.4  -  V7P3R_v12.6

PGN-File: C:\Program Files (x86)\Arena\Tournaments\Engine Regression Battle 20251004.pgn

No:  B/W 1/2     W:B       1:2           Time        Value Moves Dep 1:2       1-2-Draws
   2 = =    0.5:0.5        0.5:1.5       1:05:25 PM    +4.79    75 4.529 :4.174  0-1-1

--------------------------------------------------------------

Engine-Match Saturday, October 4, 2025 1:05:27 PM
 Blitz 5/1 

Pairing 9/15 :    Random_Opponent  -  V7P3R_v12.2

PGN-File: C:\Program Files (x86)\Arena\Tournaments\Engine Regression Battle 20251004.pgn

No:  B/W 1/2     W:B       1:2           Time        Value Moves Dep 1:2       1-2-Draws
   2 W 2    1.0:0.0        0.0:2.0       1:07:57 PM  +289.97    18 0:4.529  0-2-0

--------------------------------------------------------------

Engine-Match Saturday, October 4, 2025 1:07:58 PM
 Blitz 5/1 

Pairing 10/15 :    V7P3R_v12.4  -  V7P3R_v10.8

PGN-File: C:\Program Files (x86)\Arena\Tournaments\Engine Regression Battle 20251004.pgn

No:  B/W 1/2     W:B       1:2           Time        Value Moves Dep 1:2       1-2-Draws
   2 = =    0.5:0.5        1.5:0.5       1:14:19 PM     0.00    30 4.789 :3.810  1-0-1

--------------------------------------------------------------

Engine-Match Saturday, October 4, 2025 1:14:20 PM
 Blitz 5/1 

Pairing 11/15 :    V7P3R_v12.2  -  V7P3R_v12.5

PGN-File: C:\Program Files (x86)\Arena\Tournaments\Engine Regression Battle 20251004.pgn

No:  B/W 1/2     W:B       1:2           Time        Value Moves Dep 1:2       1-2-Draws
   2 W 2    1.5:0.5        0.5:1.5       1:24:10 PM    +9.50    46 4.433 :3.818  0-1-1

--------------------------------------------------------------

Engine-Match Saturday, October 4, 2025 1:24:11 PM
 Blitz 5/1 

Pairing 12/15 :    V7P3R_v12.6  -  Random_Opponent

PGN-File: C:\Program Files (x86)\Arena\Tournaments\Engine Regression Battle 20251004.pgn

No:  B/W 1/2     W:B       1:2           Time        Value Moves Dep 1:2       1-2-Draws
   2 B 1    1.0:0.0        2.0:0.0       1:27:45 PM     0.00    23 4.381 :0 2-0-0

--------------------------------------------------------------

Engine-Match Saturday, October 4, 2025 1:27:47 PM
 Blitz 5/1 

Pairing 13/15 :    V7P3R_v10.8  -  V7P3R_v12.2

PGN-File: C:\Program Files (x86)\Arena\Tournaments\Engine Regression Battle 20251004.pgn

No:  B/W 1/2     W:B       1:2           Time        Value Moves Dep 1:2       1-2-Draws
   2 = =    0.5:0.5        0.5:1.5       1:37:58 PM     0.00    82 3.593 :4.455  0-1-1

--------------------------------------------------------------

Engine-Match Saturday, October 4, 2025 1:38:00 PM
 Blitz 5/1 

Pairing 14/15 :    Random_Opponent  -  V7P3R_v12.4

PGN-File: C:\Program Files (x86)\Arena\Tournaments\Engine Regression Battle 20251004.pgn

No:  B/W 1/2     W:B       1:2           Time        Value Moves Dep 1:2       1-2-Draws
   2 W 2    1.0:0.0        0.0:2.0       1:39:57 PM     0.00    13 0:4.250  0-2-0

--------------------------------------------------------------

Engine-Match Saturday, October 4, 2025 1:39:58 PM
 Blitz 5/1 

Pairing 15/15 :    V7P3R_v12.5  -  V7P3R_v12.6

PGN-File: C:\Program Files (x86)\Arena\Tournaments\Engine Regression Battle 20251004.pgn

No:  B/W 1/2     W:B       1:2           Time        Value Moves Dep 1:2       1-2-Draws
   2 W 2    1.0:0.0        0.0:2.0       1:46:19 PM   +12.80    24 3.947 :4.167  0-2-0

--------------------------------------------------------------

Engine-Match Saturday, October 4, 2025 1:46:21 PM
 Blitz 5/1 

Pairing 1/15 :    V7P3R_v10.8  -  Random_Opponent

PGN-File: C:\Program Files (x86)\Arena\Tournaments\Engine Regression Battle 20251004.pgn

No:  B/W 1/2     W:B       1:2           Time        Value Moves Dep 1:2       1-2-Draws
   3 W 1    1.0:0.0        3.0:0.0       1:48:09 PM  +289.97     9 4.000 :0 3-0-0

--------------------------------------------------------------

Engine-Match Saturday, October 4, 2025 1:48:10 PM
 Blitz 5/1 

Pairing 2/15 :    V7P3R_v12.6  -  V7P3R_v12.2

PGN-File: C:\Program Files (x86)\Arena\Tournaments\Engine Regression Battle 20251004.pgn

No:  B/W 1/2     W:B       1:2           Time        Value Moves Dep 1:2       1-2-Draws
   3 W 1    1.5:0.5        2.5:0.5       1:56:48 PM  +289.98    32 4.120 :4.458  2-0-1

--------------------------------------------------------------

Engine-Match Saturday, October 4, 2025 1:56:49 PM
 Blitz 5/1 

Pairing 3/15 :    V7P3R_v12.4  -  V7P3R_v12.5

PGN-File: C:\Program Files (x86)\Arena\Tournaments\Engine Regression Battle 20251004.pgn

No:  B/W 1/2     W:B       1:2           Time        Value Moves Dep 1:2       1-2-Draws
   3 = =    0.5:0.5        1.5:1.5       2:07:13 PM     0.00    58 4.273 :3.900  1-1-1

--------------------------------------------------------------

Engine-Match Saturday, October 4, 2025 2:07:14 PM
 Blitz 5/1 

Pairing 4/15 :    V7P3R_v12.6  -  V7P3R_v10.8

PGN-File: C:\Program Files (x86)\Arena\Tournaments\Engine Regression Battle 20251004.pgn

No:  B/W 1/2     W:B       1:2           Time        Value Moves Dep 1:2       1-2-Draws
   3 B 2    1.0:0.0        1.0:2.0       2:17:19 PM  -289.98    55 3.613 :3.286  1-2-0

--------------------------------------------------------------

Engine-Match Saturday, October 4, 2025 2:17:21 PM
 Blitz 5/1 

Pairing 5/15 :    V7P3R_v12.5  -  Random_Opponent

PGN-File: C:\Program Files (x86)\Arena\Tournaments\Engine Regression Battle 20251004.pgn

No:  B/W 1/2     W:B       1:2           Time        Value Moves Dep 1:2       1-2-Draws
   3 W 1    1.0:0.0        3.0:0.0       2:18:41 PM  +289.97     9 4.000 :0 3-0-0

--------------------------------------------------------------

Engine-Match Saturday, October 4, 2025 2:18:43 PM
 Blitz 5/1 

Pairing 6/15 :    V7P3R_v12.2  -  V7P3R_v12.4

PGN-File: C:\Program Files (x86)\Arena\Tournaments\Engine Regression Battle 20251004.pgn

No:  B/W 1/2     W:B       1:2           Time        Value Moves Dep 1:2       1-2-Draws
   3 B 2    2.0:1.0        1.0:2.0       2:30:03 PM   -11.20    75 4.933 :4.471  0-1-2

--------------------------------------------------------------

Engine-Match Saturday, October 4, 2025 2:30:04 PM
 Blitz 5/1 

Pairing 7/15 :    V7P3R_v10.8  -  V7P3R_v12.5

PGN-File: C:\Program Files (x86)\Arena\Tournaments\Engine Regression Battle 20251004.pgn

No:  B/W 1/2     W:B       1:2           Time        Value Moves Dep 1:2       1-2-Draws
   3 W 1    1.5:0.5        1.5:1.5       2:37:54 PM   +33.50    37 3.760 :4.200  1-1-1

--------------------------------------------------------------

Engine-Match Saturday, October 4, 2025 2:37:55 PM
 Blitz 5/1 

Pairing 8/15 :    V7P3R_v12.4  -  V7P3R_v12.6

PGN-File: C:\Program Files (x86)\Arena\Tournaments\Engine Regression Battle 20251004.pgn

No:  B/W 1/2     W:B       1:2           Time        Value Moves Dep 1:2       1-2-Draws
   3 B 2    1.5:0.5        0.5:2.5       2:45:10 PM   -11.45    31 4.786 :4.400  0-2-1

--------------------------------------------------------------

Engine-Match Saturday, October 4, 2025 2:45:11 PM
 Blitz 5/1 

Pairing 9/15 :    Random_Opponent  -  V7P3R_v12.2

PGN-File: C:\Program Files (x86)\Arena\Tournaments\Engine Regression Battle 20251004.pgn

No:  B/W 1/2     W:B       1:2           Time        Value Moves Dep 1:2       1-2-Draws
   3 B 2    1.0:0.0        0.0:3.0       2:46:51 PM  -289.98    11 0:4.556  0-3-0

--------------------------------------------------------------

Engine-Match Saturday, October 4, 2025 2:46:52 PM
 Blitz 5/1 

Pairing 10/15 :    V7P3R_v12.4  -  V7P3R_v10.8

PGN-File: C:\Program Files (x86)\Arena\Tournaments\Engine Regression Battle 20251004.pgn

No:  B/W 1/2     W:B       1:2           Time        Value Moves Dep 1:2       1-2-Draws
   3 = =    1.0:1.0        2.0:1.0       2:55:42 PM    +5.50    49 4.706 :3.842  1-0-2

--------------------------------------------------------------

Engine-Match Saturday, October 4, 2025 2:55:43 PM
 Blitz 5/1 

Pairing 11/15 :    V7P3R_v12.2  -  V7P3R_v12.5

PGN-File: C:\Program Files (x86)\Arena\Tournaments\Engine Regression Battle 20251004.pgn

No:  B/W 1/2     W:B       1:2           Time        Value Moves Dep 1:2       1-2-Draws
   3 B 2    1.5:0.5        0.5:2.5       3:06:04 PM   -13.60    53 4.632 :4.300  0-2-1

--------------------------------------------------------------

Engine-Match Saturday, October 4, 2025 3:06:10 PM
 Blitz 5/1 

Pairing 12/15 :    V7P3R_v12.6  -  Random_Opponent

PGN-File: C:\Program Files (x86)\Arena\Tournaments\Engine Regression Battle 20251004.pgn

No:  B/W 1/2     W:B       1:2           Time        Value Moves Dep 1:2       1-2-Draws
   3 W 1    1.0:0.0        3.0:0.0       3:06:50 PM  +289.98     6 4.400 :0 3-0-0

--------------------------------------------------------------

Engine-Match Saturday, October 4, 2025 3:06:51 PM
 Blitz 5/1 

Pairing 13/15 :    V7P3R_v10.8  -  V7P3R_v12.2

PGN-File: C:\Program Files (x86)\Arena\Tournaments\Engine Regression Battle 20251004.pgn

No:  B/W 1/2     W:B       1:2           Time        Value Moves Dep 1:2       1-2-Draws
   3 = =    1.0:1.0        1.0:2.0       3:16:04 PM   +11.10    53 3.818 :4.524  0-1-2

--------------------------------------------------------------

Engine-Match Saturday, October 4, 2025 3:16:05 PM
 Blitz 5/1 

Pairing 14/15 :    Random_Opponent  -  V7P3R_v12.4

PGN-File: C:\Program Files (x86)\Arena\Tournaments\Engine Regression Battle 20251004.pgn

No:  B/W 1/2     W:B       1:2           Time        Value Moves Dep 1:2       1-2-Draws
   3 B 2    1.0:0.0        0.0:3.0       3:19:32 PM  -289.98    20 0:4.500  0-3-0

--------------------------------------------------------------

Engine-Match Saturday, October 4, 2025 3:19:33 PM
 Blitz 5/1 

Pairing 15/15 :    V7P3R_v12.5  -  V7P3R_v12.6

PGN-File: C:\Program Files (x86)\Arena\Tournaments\Engine Regression Battle 20251004.pgn

No:  B/W 1/2     W:B       1:2           Time        Value Moves Dep 1:2       1-2-Draws
   3 B 2    1.0:0.0        0.0:3.0       3:26:53 PM  -289.98    24 4.056 :4.067  0-3-0

--------------------------------------------------------------

Engine-Match Saturday, October 4, 2025 3:26:54 PM
 Blitz 5/1 

Pairing 1/15 :    V7P3R_v10.8  -  Random_Opponent

PGN-File: C:\Program Files (x86)\Arena\Tournaments\Engine Regression Battle 20251004.pgn

No:  B/W 1/2     W:B       1:2           Time        Value Moves Dep 1:2       1-2-Draws
   4 B 1    1.0:0.0        4.0:0.0       3:28:01 PM  -289.98     9 4.250 :0 4-0-0

--------------------------------------------------------------

Engine-Match Saturday, October 4, 2025 3:28:03 PM
 Blitz 5/1 

Pairing 2/15 :    V7P3R_v12.6  -  V7P3R_v12.2

PGN-File: C:\Program Files (x86)\Arena\Tournaments\Engine Regression Battle 20251004.pgn

No:  B/W 1/2     W:B       1:2           Time        Value Moves Dep 1:2       1-2-Draws
   4 B 1    1.5:0.5        3.5:0.5       3:39:05 PM  -289.96    66 4.444 :4.500  3-0-1

--------------------------------------------------------------

Engine-Match Saturday, October 4, 2025 3:39:06 PM
 Blitz 5/1 

Pairing 3/15 :    V7P3R_v12.4  -  V7P3R_v12.5

PGN-File: C:\Program Files (x86)\Arena\Tournaments\Engine Regression Battle 20251004.pgn

No:  B/W 1/2     W:B       1:2           Time        Value Moves Dep 1:2       1-2-Draws
   4 W 2    1.5:0.5        1.5:2.5       3:46:32 PM     0.00    37 4.938 :4.174  1-2-1

--------------------------------------------------------------

Engine-Match Saturday, October 4, 2025 3:46:33 PM
 Blitz 5/1 

Pairing 4/15 :    V7P3R_v12.6  -  V7P3R_v10.8

PGN-File: C:\Program Files (x86)\Arena\Tournaments\Engine Regression Battle 20251004.pgn

No:  B/W 1/2     W:B       1:2           Time        Value Moves Dep 1:2       1-2-Draws
   4 B 1    1.0:0.0        2.0:2.0       3:53:59 PM     0.00    29 3.789 :3.360  2-2-0

--------------------------------------------------------------

Engine-Match Saturday, October 4, 2025 3:54:01 PM
 Blitz 5/1 

Pairing 5/15 :    V7P3R_v12.5  -  Random_Opponent

PGN-File: C:\Program Files (x86)\Arena\Tournaments\Engine Regression Battle 20251004.pgn

No:  B/W 1/2     W:B       1:2           Time        Value Moves Dep 1:2       1-2-Draws
   4 B 1    1.0:0.0        4.0:0.0       3:57:09 PM     0.00    16 3.733 :0 4-0-0

--------------------------------------------------------------

Engine-Match Saturday, October 4, 2025 3:57:10 PM
 Blitz 5/1 

Pairing 6/15 :    V7P3R_v12.2  -  V7P3R_v12.4

PGN-File: C:\Program Files (x86)\Arena\Tournaments\Engine Regression Battle 20251004.pgn

No:  B/W 1/2     W:B       1:2           Time        Value Moves Dep 1:2       1-2-Draws
   4 B 1    2.0:1.0        2.0:2.0       4:07:39 PM     0.00    68 4.364 :4.400  1-1-2

--------------------------------------------------------------

Engine-Match Saturday, October 4, 2025 4:07:40 PM
 Blitz 5/1 

Pairing 7/15 :    V7P3R_v10.8  -  V7P3R_v12.5

PGN-File: C:\Program Files (x86)\Arena\Tournaments\Engine Regression Battle 20251004.pgn

No:  B/W 1/2     W:B       1:2           Time        Value Moves Dep 1:2       1-2-Draws
   4 W 2    1.5:0.5        1.5:2.5       4:15:11 PM   +10.88    31 3.667 :3.824  1-2-1

--------------------------------------------------------------

Engine-Match Saturday, October 4, 2025 4:15:12 PM
 Blitz 5/1 

Pairing 8/15 :    V7P3R_v12.4  -  V7P3R_v12.6

PGN-File: C:\Program Files (x86)\Arena\Tournaments\Engine Regression Battle 20251004.pgn

No:  B/W 1/2     W:B       1:2           Time        Value Moves Dep 1:2       1-2-Draws
   4 = =    1.0:1.0        1.0:3.0       4:22:51 PM    -0.30    33 4.786 :4.412  0-2-2

--------------------------------------------------------------

Engine-Match Saturday, October 4, 2025 4:22:52 PM
 Blitz 5/1 

Pairing 9/15 :    Random_Opponent  -  V7P3R_v12.2

PGN-File: C:\Program Files (x86)\Arena\Tournaments\Engine Regression Battle 20251004.pgn

No:  B/W 1/2     W:B       1:2           Time        Value Moves Dep 1:2       1-2-Draws
   4 W 2    1.0:0.0        0.0:4.0       4:27:02 PM     0.00    24 0:4.545  0-4-0

--------------------------------------------------------------

Engine-Match Saturday, October 4, 2025 4:27:03 PM
 Blitz 5/1 

Pairing 10/15 :    V7P3R_v12.4  -  V7P3R_v10.8

PGN-File: C:\Program Files (x86)\Arena\Tournaments\Engine Regression Battle 20251004.pgn

No:  B/W 1/2     W:B       1:2           Time        Value Moves Dep 1:2       1-2-Draws
   4 B 1    2.0:1.0        3.0:1.0       4:32:08 PM  -289.98    22 5.071 :4.214  2-0-2

--------------------------------------------------------------

Engine-Match Saturday, October 4, 2025 4:32:09 PM
 Blitz 5/1 

Pairing 11/15 :    V7P3R_v12.2  -  V7P3R_v12.5

PGN-File: C:\Program Files (x86)\Arena\Tournaments\Engine Regression Battle 20251004.pgn

No:  B/W 1/2     W:B       1:2           Time        Value Moves Dep 1:2       1-2-Draws
   4 W 2    1.5:0.5        0.5:3.5       4:38:23 PM   +10.50    26 4.941 :4.176  0-3-1

--------------------------------------------------------------

Engine-Match Saturday, October 4, 2025 4:38:24 PM
 Blitz 5/1 

Pairing 12/15 :    V7P3R_v12.6  -  Random_Opponent

PGN-File: C:\Program Files (x86)\Arena\Tournaments\Engine Regression Battle 20251004.pgn

No:  B/W 1/2     W:B       1:2           Time        Value Moves Dep 1:2       1-2-Draws
   4 B 1    1.0:0.0        4.0:0.0       4:39:08 PM  -289.98     5 4.400 :0 4-0-0

--------------------------------------------------------------

Engine-Match Saturday, October 4, 2025 4:39:09 PM
 Blitz 5/1 

Pairing 13/15 :    V7P3R_v10.8  -  V7P3R_v12.2

PGN-File: C:\Program Files (x86)\Arena\Tournaments\Engine Regression Battle 20251004.pgn

No:  B/W 1/2     W:B       1:2           Time        Value Moves Dep 1:2       1-2-Draws
   4 = =    1.5:1.5        1.5:2.5       4:47:32 PM     0.00    36 3.645 :4.400  0-1-3

--------------------------------------------------------------

Engine-Match Saturday, October 4, 2025 4:47:33 PM
 Blitz 5/1 

Pairing 14/15 :    Random_Opponent  -  V7P3R_v12.4

PGN-File: C:\Program Files (x86)\Arena\Tournaments\Engine Regression Battle 20251004.pgn

No:  B/W 1/2     W:B       1:2           Time        Value Moves Dep 1:2       1-2-Draws
   4 W 2    1.0:0.0        0.0:4.0       4:50:53 PM  +289.98    24 0:4.773  0-4-0

--------------------------------------------------------------

Engine-Match Saturday, October 4, 2025 4:50:54 PM
 Blitz 5/1 

Pairing 15/15 :    V7P3R_v12.5  -  V7P3R_v12.6

PGN-File: C:\Program Files (x86)\Arena\Tournaments\Engine Regression Battle 20251004.pgn

No:  B/W 1/2     W:B       1:2           Time        Value Moves Dep 1:2       1-2-Draws
   4 W 2    1.0:0.0        0.0:4.0       4:57:03 PM   +12.25    22 4.000 :4.176  0-4-0

--------------------------------------------------------------

Engine-Match Saturday, October 4, 2025 4:57:04 PM
 Blitz 5/1 

Pairing 1/15 :    V7P3R_v10.8  -  Random_Opponent

PGN-File: C:\Program Files (x86)\Arena\Tournaments\Engine Regression Battle 20251004.pgn

No:  B/W 1/2     W:B       1:2           Time        Value Moves Dep 1:2       1-2-Draws
   5 W 1    1.0:0.0        5.0:0.0       4:59:06 PM  +289.98     9 4.250 :0 5-0-0

--------------------------------------------------------------

Engine-Match Saturday, October 4, 2025 4:59:13 PM
 Blitz 5/1 

Pairing 2/15 :    V7P3R_v12.6  -  V7P3R_v12.2

PGN-File: C:\Program Files (x86)\Arena\Tournaments\Engine Regression Battle 20251004.pgn

No:  B/W 1/2     W:B       1:2           Time        Value Moves Dep 1:2       1-2-Draws
   5 W 1    1.5:0.5        4.5:0.5       5:05:52 PM  +289.98    31 4.429 :4.737  4-0-1

--------------------------------------------------------------

Engine-Match Saturday, October 4, 2025 5:05:53 PM
 Blitz 5/1 

Pairing 3/15 :    V7P3R_v12.4  -  V7P3R_v12.5

PGN-File: C:\Program Files (x86)\Arena\Tournaments\Engine Regression Battle 20251004.pgn

No:  B/W 1/2     W:B       1:2           Time        Value Moves Dep 1:2       1-2-Draws
   5 W 1    1.5:0.5        2.5:2.5       5:16:55 PM  +289.96    59 4.115 :3.750  2-2-1

--------------------------------------------------------------

Engine-Match Saturday, October 4, 2025 5:16:56 PM
 Blitz 5/1 

Pairing 4/15 :    V7P3R_v12.6  -  V7P3R_v10.8

PGN-File: C:\Program Files (x86)\Arena\Tournaments\Engine Regression Battle 20251004.pgn

No:  B/W 1/2     W:B       1:2           Time        Value Moves Dep 1:2       1-2-Draws
   5 B 2    1.0:0.0        2.0:3.0       5:26:00 PM   -24.71    54 4.316 :3.696  2-3-0

--------------------------------------------------------------

Engine-Match Saturday, October 4, 2025 5:26:01 PM
 Blitz 5/1 

Pairing 5/15 :    V7P3R_v12.5  -  Random_Opponent

PGN-File: C:\Program Files (x86)\Arena\Tournaments\Engine Regression Battle 20251004.pgn

No:  B/W 1/2     W:B       1:2           Time        Value Moves Dep 1:2       1-2-Draws
   5 W 1    1.0:0.0        5.0:0.0       5:28:12 PM  +289.97    10 4.000 :0 5-0-0

--------------------------------------------------------------

Engine-Match Saturday, October 4, 2025 5:28:13 PM
 Blitz 5/1 

Pairing 6/15 :    V7P3R_v12.2  -  V7P3R_v12.4

PGN-File: C:\Program Files (x86)\Arena\Tournaments\Engine Regression Battle 20251004.pgn

No:  B/W 1/2     W:B       1:2           Time        Value Moves Dep 1:2       1-2-Draws
   5 = =    1.5:1.5        2.5:2.5       5:38:06 PM     0.00    54 4.739 :4.409  1-1-3

--------------------------------------------------------------

Engine-Match Saturday, October 4, 2025 5:38:07 PM
 Blitz 5/1 

Pairing 7/15 :    V7P3R_v10.8  -  V7P3R_v12.5

PGN-File: C:\Program Files (x86)\Arena\Tournaments\Engine Regression Battle 20251004.pgn

No:  B/W 1/2     W:B       1:2           Time        Value Moves Dep 1:2       1-2-Draws
   5 = =    1.0:1.0        2.0:3.0       5:45:17 PM     0.00    22 3.813 :4.000  1-2-2

--------------------------------------------------------------

Engine-Match Saturday, October 4, 2025 5:45:19 PM
 Blitz 5/1 

Pairing 8/15 :    V7P3R_v12.4  -  V7P3R_v12.6

PGN-File: C:\Program Files (x86)\Arena\Tournaments\Engine Regression Battle 20251004.pgn

No:  B/W 1/2     W:B       1:2           Time        Value Moves Dep 1:2       1-2-Draws
   5 = =    1.5:1.5        1.5:3.5       5:55:23 PM     0.00    39 4.152 :3.800  0-2-3

--------------------------------------------------------------

Engine-Match Saturday, October 4, 2025 5:55:24 PM
 Blitz 5/1 

Pairing 9/15 :    Random_Opponent  -  V7P3R_v12.2

PGN-File: C:\Program Files (x86)\Arena\Tournaments\Engine Regression Battle 20251004.pgn

No:  B/W 1/2     W:B       1:2           Time        Value Moves Dep 1:2       1-2-Draws
   5 B 2    1.0:0.0        0.0:5.0       5:58:15 PM  -289.98    17 0:4.400  0-5-0

--------------------------------------------------------------

Engine-Match Saturday, October 4, 2025 5:58:17 PM
 Blitz 5/1 

Pairing 10/15 :    V7P3R_v12.4  -  V7P3R_v10.8

PGN-File: C:\Program Files (x86)\Arena\Tournaments\Engine Regression Battle 20251004.pgn

No:  B/W 1/2     W:B       1:2           Time        Value Moves Dep 1:2       1-2-Draws
   5 = =    1.5:1.5        3.5:1.5       6:07:14 PM     0.00    59 4.500 :3.792  2-0-3

--------------------------------------------------------------

Engine-Match Saturday, October 4, 2025 6:07:15 PM
 Blitz 5/1 

Pairing 11/15 :    V7P3R_v12.2  -  V7P3R_v12.5

PGN-File: C:\Program Files (x86)\Arena\Tournaments\Engine Regression Battle 20251004.pgn

No:  B/W 1/2     W:B       1:2           Time        Value Moves Dep 1:2       1-2-Draws
   5 = =    1.0:1.0        1.0:4.0       6:16:35 PM     0.00    54 4.389 :4.105  0-3-2

--------------------------------------------------------------

Engine-Match Saturday, October 4, 2025 6:16:36 PM
 Blitz 5/1 

Pairing 12/15 :    V7P3R_v12.6  -  Random_Opponent

PGN-File: C:\Program Files (x86)\Arena\Tournaments\Engine Regression Battle 20251004.pgn

No:  B/W 1/2     W:B       1:2           Time        Value Moves Dep 1:2       1-2-Draws
   5 W 1    1.0:0.0        5.0:0.0       6:19:31 PM  +289.97    17 4.353 :0 5-0-0

--------------------------------------------------------------

Engine-Match Saturday, October 4, 2025 6:19:32 PM
 Blitz 5/1 

Pairing 13/15 :    V7P3R_v10.8  -  V7P3R_v12.2

PGN-File: C:\Program Files (x86)\Arena\Tournaments\Engine Regression Battle 20251004.pgn

No:  B/W 1/2     W:B       1:2           Time        Value Moves Dep 1:2       1-2-Draws
   5 = =    2.0:2.0        2.0:3.0       6:27:48 PM     0.00    57 4.000 :4.600  0-1-4

--------------------------------------------------------------

Engine-Match Saturday, October 4, 2025 6:27:49 PM
 Blitz 5/1 

Pairing 14/15 :    Random_Opponent  -  V7P3R_v12.4

PGN-File: C:\Program Files (x86)\Arena\Tournaments\Engine Regression Battle 20251004.pgn

No:  B/W 1/2     W:B       1:2           Time        Value Moves Dep 1:2       1-2-Draws
   5 B 2    1.0:0.0        0.0:5.0       6:30:33 PM  -289.98    15 0:4.733  0-5-0

--------------------------------------------------------------

Engine-Match Saturday, October 4, 2025 6:30:34 PM
 Blitz 5/1 

Pairing 15/15 :    V7P3R_v12.5  -  V7P3R_v12.6

PGN-File: C:\Program Files (x86)\Arena\Tournaments\Engine Regression Battle 20251004.pgn

No:  B/W 1/2     W:B       1:2           Time        Value Moves Dep 1:2       1-2-Draws
   5 B 2    1.0:0.0        0.0:5.0       6:39:11 PM  -289.99    39 4.214 :4.154  0-5-0

--------------------------------------------------------------

Engine-Match Saturday, October 4, 2025 6:39:13 PM
 Blitz 5/1 

Pairing 1/15 :    V7P3R_v10.8  -  Random_Opponent

PGN-File: C:\Program Files (x86)\Arena\Tournaments\Engine Regression Battle 20251004.pgn

No:  B/W 1/2     W:B       1:2           Time        Value Moves Dep 1:2       1-2-Draws
   6 B 1    1.0:0.0        6.0:0.0       6:41:53 PM  -289.97    15 4.000 :0 6-0-0

--------------------------------------------------------------

Engine-Match Saturday, October 4, 2025 6:41:54 PM
 Blitz 5/1 

Pairing 2/15 :    V7P3R_v12.6  -  V7P3R_v12.2

PGN-File: C:\Program Files (x86)\Arena\Tournaments\Engine Regression Battle 20251004.pgn

No:  B/W 1/2     W:B       1:2           Time        Value Moves Dep 1:2       1-2-Draws
   6 B 1    1.5:0.5        5.5:0.5       6:52:42 PM  -289.97    64 4.080 :4.522  5-0-1

--------------------------------------------------------------

Engine-Match Saturday, October 4, 2025 6:52:43 PM
 Blitz 5/1 

Pairing 3/15 :    V7P3R_v12.4  -  V7P3R_v12.5

PGN-File: C:\Program Files (x86)\Arena\Tournaments\Engine Regression Battle 20251004.pgn

No:  B/W 1/2     W:B       1:2           Time        Value Moves Dep 1:2       1-2-Draws
   6 W 2    1.5:0.5        2.5:3.5       6:59:47 PM  +289.97    32 4.786 :4.238  2-3-1

--------------------------------------------------------------

Engine-Match Saturday, October 4, 2025 6:59:48 PM
 Blitz 5/1 

Pairing 4/15 :    V7P3R_v12.6  -  V7P3R_v10.8

PGN-File: C:\Program Files (x86)\Arena\Tournaments\Engine Regression Battle 20251004.pgn

No:  B/W 1/2     W:B       1:2           Time        Value Moves Dep 1:2       1-2-Draws
   6 B 1    1.0:0.0        3.0:3.0       7:09:09 PM     0.00    64 4.100 :3.692  3-3-0

--------------------------------------------------------------

Engine-Match Saturday, October 4, 2025 7:09:10 PM
 Blitz 5/1 

Pairing 5/15 :    V7P3R_v12.5  -  Random_Opponent

PGN-File: C:\Program Files (x86)\Arena\Tournaments\Engine Regression Battle 20251004.pgn

No:  B/W 1/2     W:B       1:2           Time        Value Moves Dep 1:2       1-2-Draws
   6 B 1    1.0:0.0        6.0:0.0       7:13:12 PM     0.00    25 4.158 :0 6-0-0

--------------------------------------------------------------

Engine-Match Saturday, October 4, 2025 7:13:13 PM
 Blitz 5/1 

Pairing 6/15 :    V7P3R_v12.2  -  V7P3R_v12.4

PGN-File: C:\Program Files (x86)\Arena\Tournaments\Engine Regression Battle 20251004.pgn

No:  B/W 1/2     W:B       1:2           Time        Value Moves Dep 1:2       1-2-Draws
   6 = =    2.0:2.0        3.0:3.0       7:19:48 PM     0.00    26 4.455 :4.467  1-1-4

--------------------------------------------------------------

Engine-Match Saturday, October 4, 2025 7:19:55 PM
 Blitz 5/1 

Pairing 7/15 :    V7P3R_v10.8  -  V7P3R_v12.5

PGN-File: C:\Program Files (x86)\Arena\Tournaments\Engine Regression Battle 20251004.pgn

No:  B/W 1/2     W:B       1:2           Time        Value Moves Dep 1:2       1-2-Draws
   6 W 2    2.0:1.0        2.0:4.0       7:24:58 PM     0.00    17 4.100 :4.300  1-3-2

--------------------------------------------------------------

Engine-Match Saturday, October 4, 2025 7:24:59 PM
 Blitz 5/1 

Pairing 8/15 :    V7P3R_v12.4  -  V7P3R_v12.6

PGN-File: C:\Program Files (x86)\Arena\Tournaments\Engine Regression Battle 20251004.pgn

No:  B/W 1/2     W:B       1:2           Time        Value Moves Dep 1:2       1-2-Draws
   6 = =    2.0:2.0        2.0:4.0       7:32:20 PM    -0.30    33 4.714 :4.412  0-2-4

--------------------------------------------------------------

Engine-Match Saturday, October 4, 2025 7:32:22 PM
 Blitz 5/1 

Pairing 9/15 :    Random_Opponent  -  V7P3R_v12.2

PGN-File: C:\Program Files (x86)\Arena\Tournaments\Engine Regression Battle 20251004.pgn

No:  B/W 1/2     W:B       1:2           Time        Value Moves Dep 1:2       1-2-Draws
   6 W 2    1.0:0.0        0.0:6.0       7:36:05 PM  +289.98    23 0:4.526  0-6-0

--------------------------------------------------------------

Engine-Match Saturday, October 4, 2025 7:36:07 PM
 Blitz 5/1 

Pairing 10/15 :    V7P3R_v12.4  -  V7P3R_v10.8

PGN-File: C:\Program Files (x86)\Arena\Tournaments\Engine Regression Battle 20251004.pgn

No:  B/W 1/2     W:B       1:2           Time        Value Moves Dep 1:2       1-2-Draws
   6 * *     1.5:1.5        3.5:1.5       7:42:19 PM   +45.72    23 4.533 :3.895  2-0-3

--------------------------------------------------------------

Engine-Match Saturday, October 4, 2025 7:42:36 PM
 Blitz 3/1 

Pairing 10/15 :    V7P3R_v12.4  -  V7P3R_v10.8

PGN-File: C:\Program Files (x86)\Arena\Tournaments\Engine Regression Battle 20251004.pgn

No:  B/W 1/2     W:B       1:2           Time        Value Moves Dep 1:2       1-2-Draws
   6 = =    2.0:2.0        4.0:2.0       7:47:54 PM    -4.50    42 4.429 :3.714  2-0-4

--------------------------------------------------------------

Engine-Match Saturday, October 4, 2025 7:47:56 PM
 Blitz 3/1 

Pairing 11/15 :    V7P3R_v12.2  -  V7P3R_v12.5

PGN-File: C:\Program Files (x86)\Arena\Tournaments\Engine Regression Battle 20251004.pgn

No:  B/W 1/2     W:B       1:2           Time        Value Moves Dep 1:2       1-2-Draws
   6 W 2    2.0:1.0        1.0:5.0       7:54:19 PM  +289.98    51 3.944 :3.400  0-4-2

--------------------------------------------------------------

Engine-Match Saturday, October 4, 2025 7:54:20 PM
 Blitz 3/1 

Pairing 12/15 :    V7P3R_v12.6  -  Random_Opponent

PGN-File: C:\Program Files (x86)\Arena\Tournaments\Engine Regression Battle 20251004.pgn

No:  B/W 1/2     W:B       1:2           Time        Value Moves Dep 1:2       1-2-Draws
   6 B 1    1.0:0.0        6.0:0.0       7:54:29 PM     0.00     3 4.500 :0 6-0-0

--------------------------------------------------------------

Engine-Match Saturday, October 4, 2025 7:54:30 PM
 Blitz 3/1 

Pairing 13/15 :    V7P3R_v10.8  -  V7P3R_v12.2

PGN-File: C:\Program Files (x86)\Arena\Tournaments\Engine Regression Battle 20251004.pgn

No:  B/W 1/2     W:B       1:2           Time        Value Moves Dep 1:2       1-2-Draws
   6 = =    2.5:2.5        2.5:3.5       8:01:10 PM     0.00    62 3.333 :4.043  0-1-5

--------------------------------------------------------------

Engine-Match Saturday, October 4, 2025 8:01:11 PM
 Blitz 3/1 

Pairing 14/15 :    Random_Opponent  -  V7P3R_v12.4

PGN-File: C:\Program Files (x86)\Arena\Tournaments\Engine Regression Battle 20251004.pgn

No:  B/W 1/2     W:B       1:2           Time        Value Moves Dep 1:2       1-2-Draws
   6 W 2    1.0:0.0        0.0:6.0       8:03:11 PM     0.00    15 0:4.077  0-6-0

--------------------------------------------------------------

Engine-Match Saturday, October 4, 2025 8:03:12 PM
 Blitz 3/1 

Pairing 15/15 :    V7P3R_v12.5  -  V7P3R_v12.6

PGN-File: C:\Program Files (x86)\Arena\Tournaments\Engine Regression Battle 20251004.pgn

No:  B/W 1/2     W:B       1:2           Time        Value Moves Dep 1:2       1-2-Draws
   6 = =    0.5:0.5        0.5:5.5       8:08:36 PM    +2.73    34 3.714 :3.889  0-5-1

--------------------------------------------------------------

Engine-Match Saturday, October 4, 2025 8:08:38 PM
 Blitz 3/1 

Pairing 1/15 :    V7P3R_v10.8  -  Random_Opponent

PGN-File: C:\Program Files (x86)\Arena\Tournaments\Engine Regression Battle 20251004.pgn

No:  B/W 1/2     W:B       1:2           Time        Value Moves Dep 1:2       1-2-Draws
   7 W 1    1.0:0.0        7.0:0.0       8:10:17 PM  +289.97    15 3.857 :0 7-0-0

--------------------------------------------------------------

Engine-Match Saturday, October 4, 2025 8:10:18 PM
 Blitz 3/1 

Pairing 2/15 :    V7P3R_v12.6  -  V7P3R_v12.2

PGN-File: C:\Program Files (x86)\Arena\Tournaments\Engine Regression Battle 20251004.pgn

No:  B/W 1/2     W:B       1:2           Time        Value Moves Dep 1:2       1-2-Draws
   7 W 1    1.5:0.5        6.5:0.5       8:16:32 PM   +13.60    41 4.000 :4.400  6-0-1

--------------------------------------------------------------

Engine-Match Saturday, October 4, 2025 8:16:33 PM
 Blitz 3/1 

Pairing 3/15 :    V7P3R_v12.4  -  V7P3R_v12.5

PGN-File: C:\Program Files (x86)\Arena\Tournaments\Engine Regression Battle 20251004.pgn

No:  B/W 1/2     W:B       1:2           Time        Value Moves Dep 1:2       1-2-Draws
   7 = =    1.0:1.0        3.0:4.0       8:21:55 PM     0.00    39 4.333 :4.222  2-3-2

--------------------------------------------------------------

Engine-Match Saturday, October 4, 2025 8:21:57 PM
 Blitz 3/1 

Pairing 4/15 :    V7P3R_v12.6  -  V7P3R_v10.8

PGN-File: C:\Program Files (x86)\Arena\Tournaments\Engine Regression Battle 20251004.pgn

No:  B/W 1/2     W:B       1:2           Time        Value Moves Dep 1:2       1-2-Draws
   7 B 2    1.0:0.0        3.0:4.0       8:28:06 PM   -17.65    54 3.773 :3.435  3-4-0

--------------------------------------------------------------

Engine-Match Saturday, October 4, 2025 8:28:08 PM
 Blitz 3/1 

Pairing 5/15 :    V7P3R_v12.5  -  Random_Opponent

PGN-File: C:\Program Files (x86)\Arena\Tournaments\Engine Regression Battle 20251004.pgn

No:  B/W 1/2     W:B       1:2           Time        Value Moves Dep 1:2       1-2-Draws
   7 W 1    1.0:0.0        7.0:0.0       8:29:04 PM  +289.96     6 3.667 :0 7-0-0

--------------------------------------------------------------

Engine-Match Saturday, October 4, 2025 8:29:06 PM
 Blitz 3/1 

Pairing 6/15 :    V7P3R_v12.2  -  V7P3R_v12.4

PGN-File: C:\Program Files (x86)\Arena\Tournaments\Engine Regression Battle 20251004.pgn

No:  B/W 1/2     W:B       1:2           Time        Value Moves Dep 1:2       1-2-Draws
   7 = =    2.5:2.5        3.5:3.5       8:35:26 PM     0.00    55 4.059 :4.429  1-1-5

--------------------------------------------------------------

Engine-Match Saturday, October 4, 2025 8:35:27 PM
 Blitz 3/1 

Pairing 7/15 :    V7P3R_v10.8  -  V7P3R_v12.5

PGN-File: C:\Program Files (x86)\Arena\Tournaments\Engine Regression Battle 20251004.pgn

No:  B/W 1/2     W:B       1:2           Time        Value Moves Dep 1:2       1-2-Draws
   7 W 1    2.0:1.0        3.0:4.0       8:41:23 PM  +289.98    47 3.421 :3.706  2-3-2

--------------------------------------------------------------

Engine-Match Saturday, October 4, 2025 8:41:25 PM
 Blitz 3/1 

Pairing 8/15 :    V7P3R_v12.4  -  V7P3R_v12.6

PGN-File: C:\Program Files (x86)\Arena\Tournaments\Engine Regression Battle 20251004.pgn

No:  B/W 1/2     W:B       1:2           Time        Value Moves Dep 1:2       1-2-Draws
   7 = =    2.5:2.5        2.5:4.5       8:49:06 PM     0.00    67 3.733 :3.452  0-2-5

--------------------------------------------------------------

Engine-Match Saturday, October 4, 2025 8:49:07 PM
 Blitz 3/1 

Pairing 9/15 :    Random_Opponent  -  V7P3R_v12.2

PGN-File: C:\Program Files (x86)\Arena\Tournaments\Engine Regression Battle 20251004.pgn

No:  B/W 1/2     W:B       1:2           Time        Value Moves Dep 1:2       1-2-Draws
   7 B 2    1.0:0.0        0.0:7.0       8:50:24 PM  -289.98    12 0:4.600  0-7-0

--------------------------------------------------------------

Engine-Match Saturday, October 4, 2025 8:50:25 PM
 Blitz 3/1 

Pairing 10/15 :    V7P3R_v12.4  -  V7P3R_v10.8

PGN-File: C:\Program Files (x86)\Arena\Tournaments\Engine Regression Battle 20251004.pgn

No:  B/W 1/2     W:B       1:2           Time        Value Moves Dep 1:2       1-2-Draws
   7 = =    2.5:2.5        4.5:2.5       8:56:59 PM    -0.10    54 3.842 :3.261  2-0-5

--------------------------------------------------------------

Engine-Match Saturday, October 4, 2025 8:57:00 PM
 Blitz 3/1 

Pairing 11/15 :    V7P3R_v12.2  -  V7P3R_v12.5

PGN-File: C:\Program Files (x86)\Arena\Tournaments\Engine Regression Battle 20251004.pgn

No:  B/W 1/2     W:B       1:2           Time        Value Moves Dep 1:2       1-2-Draws
   7 = =    1.5:1.5        1.5:5.5       9:02:53 PM    -4.20    38 3.700 :3.320  0-4-3

--------------------------------------------------------------

Engine-Match Saturday, October 4, 2025 9:02:54 PM
 Blitz 3/1 

Pairing 12/15 :    V7P3R_v12.6  -  Random_Opponent

PGN-File: C:\Program Files (x86)\Arena\Tournaments\Engine Regression Battle 20251004.pgn

No:  B/W 1/2     W:B       1:2           Time        Value Moves Dep 1:2       1-2-Draws
   7 W 1    1.0:0.0        7.0:0.0       9:03:29 PM  +289.98     6 4.000 :0 7-0-0

--------------------------------------------------------------

Engine-Match Saturday, October 4, 2025 9:03:30 PM
 Blitz 3/1 

Pairing 13/15 :    V7P3R_v10.8  -  V7P3R_v12.2

PGN-File: C:\Program Files (x86)\Arena\Tournaments\Engine Regression Battle 20251004.pgn

No:  B/W 1/2     W:B       1:2           Time        Value Moves Dep 1:2       1-2-Draws
   7 W 1    3.5:2.5        3.5:3.5       9:08:33 PM     0.00    35 3.227 :4.000  1-1-5

--------------------------------------------------------------

Engine-Match Saturday, October 4, 2025 9:08:35 PM
 Blitz 3/1 

Pairing 14/15 :    Random_Opponent  -  V7P3R_v12.4

PGN-File: C:\Program Files (x86)\Arena\Tournaments\Engine Regression Battle 20251004.pgn

No:  B/W 1/2     W:B       1:2           Time        Value Moves Dep 1:2       1-2-Draws
   7 B 2    1.0:0.0        0.0:7.0       9:10:33 PM  -289.97    16 0:4.133  0-7-0

--------------------------------------------------------------

Engine-Match Saturday, October 4, 2025 9:10:40 PM
 Blitz 3/1 

Pairing 15/15 :    V7P3R_v12.5  -  V7P3R_v12.6

PGN-File: C:\Program Files (x86)\Arena\Tournaments\Engine Regression Battle 20251004.pgn

No:  B/W 1/2     W:B       1:2           Time        Value Moves Dep 1:2       1-2-Draws
   7 = =    1.0:1.0        1.0:6.0       9:17:29 PM     0.00    45 3.750 :3.913  0-5-2

--------------------------------------------------------------

Engine-Match Saturday, October 4, 2025 9:17:31 PM
 Blitz 3/1 

Pairing 1/15 :    V7P3R_v10.8  -  Random_Opponent

PGN-File: C:\Program Files (x86)\Arena\Tournaments\Engine Regression Battle 20251004.pgn

No:  B/W 1/2     W:B       1:2           Time        Value Moves Dep 1:2       1-2-Draws
   8 B 1    1.0:0.0        8.0:0.0       9:18:51 PM  -289.97    20 4.071 :0 8-0-0

--------------------------------------------------------------

Engine-Match Saturday, October 4, 2025 9:18:52 PM
 Blitz 3/1 

Pairing 2/15 :    V7P3R_v12.6  -  V7P3R_v12.2

PGN-File: C:\Program Files (x86)\Arena\Tournaments\Engine Regression Battle 20251004.pgn

No:  B/W 1/2     W:B       1:2           Time        Value Moves Dep 1:2       1-2-Draws
   8 B 1    1.5:0.5        7.5:0.5       9:25:56 PM   -28.00    57 4.130 :4.545  7-0-1

--------------------------------------------------------------

Engine-Match Saturday, October 4, 2025 9:25:57 PM
 Blitz 3/1 

Pairing 3/15 :    V7P3R_v12.4  -  V7P3R_v12.5

PGN-File: C:\Program Files (x86)\Arena\Tournaments\Engine Regression Battle 20251004.pgn

No:  B/W 1/2     W:B       1:2           Time        Value Moves Dep 1:2       1-2-Draws
   8 = =    1.5:1.5        3.5:4.5       9:30:49 PM    +2.10    39 4.182 :3.529  2-3-3

--------------------------------------------------------------

Engine-Match Saturday, October 4, 2025 9:30:50 PM
 Blitz 3/1 

Pairing 4/15 :    V7P3R_v12.6  -  V7P3R_v10.8

PGN-File: C:\Program Files (x86)\Arena\Tournaments\Engine Regression Battle 20251004.pgn

No:  B/W 1/2     W:B       1:2           Time        Value Moves Dep 1:2       1-2-Draws
   8 B 1    1.0:0.0        4.0:4.0       9:37:14 PM     0.00    74 3.571 :3.160  4-4-0

--------------------------------------------------------------

Engine-Match Saturday, October 4, 2025 9:37:15 PM
 Blitz 3/1 

Pairing 5/15 :    V7P3R_v12.5  -  Random_Opponent

PGN-File: C:\Program Files (x86)\Arena\Tournaments\Engine Regression Battle 20251004.pgn

No:  B/W 1/2     W:B       1:2           Time        Value Moves Dep 1:2       1-2-Draws
   8 B 1    1.0:0.0        8.0:0.0       9:39:36 PM  -289.97    23 3.857 :0 8-0-0

--------------------------------------------------------------

Engine-Match Saturday, October 4, 2025 9:39:37 PM
 Blitz 3/1 

Pairing 6/15 :    V7P3R_v12.2  -  V7P3R_v12.4

PGN-File: C:\Program Files (x86)\Arena\Tournaments\Engine Regression Battle 20251004.pgn

No:  B/W 1/2     W:B       1:2           Time        Value Moves Dep 1:2       1-2-Draws
   8 = =    3.0:3.0        4.0:4.0       9:45:04 PM    -0.20    35 4.348 :4.120  1-1-6

--------------------------------------------------------------

Engine-Match Saturday, October 4, 2025 9:45:05 PM
 Blitz 3/1 

Pairing 7/15 :    V7P3R_v10.8  -  V7P3R_v12.5

PGN-File: C:\Program Files (x86)\Arena\Tournaments\Engine Regression Battle 20251004.pgn

No:  B/W 1/2     W:B       1:2           Time        Value Moves Dep 1:2       1-2-Draws
   8 B 1    2.0:1.0        4.0:4.0       9:48:28 PM  -289.97    18 3.600 :3.529  3-3-2

--------------------------------------------------------------

Engine-Match Saturday, October 4, 2025 9:48:30 PM
 Blitz 3/1 

Pairing 8/15 :    V7P3R_v12.4  -  V7P3R_v12.6

PGN-File: C:\Program Files (x86)\Arena\Tournaments\Engine Regression Battle 20251004.pgn

No:  B/W 1/2     W:B       1:2           Time        Value Moves Dep 1:2       1-2-Draws
   8 W 2    3.5:2.5        2.5:5.5       9:53:50 PM   +40.20    28 4.143 :4.000  0-3-5

--------------------------------------------------------------

Engine-Match Saturday, October 4, 2025 9:53:51 PM
 Blitz 3/1 

Pairing 9/15 :    Random_Opponent  -  V7P3R_v12.2

PGN-File: C:\Program Files (x86)\Arena\Tournaments\Engine Regression Battle 20251004.pgn

No:  B/W 1/2     W:B       1:2           Time        Value Moves Dep 1:2       1-2-Draws
   8 W 2    1.0:0.0        0.0:8.0       9:54:12 PM  +289.98     4 0:4.500  0-8-0

--------------------------------------------------------------

Engine-Match Saturday, October 4, 2025 9:54:13 PM
 Blitz 3/1 

Pairing 10/15 :    V7P3R_v12.4  -  V7P3R_v10.8

PGN-File: C:\Program Files (x86)\Arena\Tournaments\Engine Regression Battle 20251004.pgn

No:  B/W 1/2     W:B       1:2           Time        Value Moves Dep 1:2       1-2-Draws
   8 = =    3.0:3.0        5.0:3.0       9:58:35 PM     0.00    34 4.500 :3.714  2-0-6

--------------------------------------------------------------

Engine-Match Saturday, October 4, 2025 9:58:37 PM
 Blitz 3/1 

Pairing 11/15 :    V7P3R_v12.2  -  V7P3R_v12.5

PGN-File: C:\Program Files (x86)\Arena\Tournaments\Engine Regression Battle 20251004.pgn

No:  B/W 1/2     W:B       1:2           Time        Value Moves Dep 1:2       1-2-Draws
   8 = =    2.0:2.0        2.0:6.0       10:05:53 PM   +25.20    66 4.059 :3.440  0-4-4

--------------------------------------------------------------

Engine-Match Saturday, October 4, 2025 10:05:54 PM
 Blitz 3/1 

Pairing 12/15 :    V7P3R_v12.6  -  Random_Opponent

PGN-File: C:\Program Files (x86)\Arena\Tournaments\Engine Regression Battle 20251004.pgn

No:  B/W 1/2     W:B       1:2           Time        Value Moves Dep 1:2       1-2-Draws
   8 B 1    1.0:0.0        8.0:0.0       10:07:20 PM  -289.97    14 4.000 :0 8-0-0

--------------------------------------------------------------

Engine-Match Saturday, October 4, 2025 10:07:21 PM
 Blitz 3/1 

Pairing 13/15 :    V7P3R_v10.8  -  V7P3R_v12.2

PGN-File: C:\Program Files (x86)\Arena\Tournaments\Engine Regression Battle 20251004.pgn

No:  B/W 1/2     W:B       1:2           Time        Value Moves Dep 1:2       1-2-Draws
   8 = =    3.0:3.0        4.0:4.0       10:13:48 PM    -0.94    61 3.375 :4.333  1-1-6

--------------------------------------------------------------

Engine-Match Saturday, October 4, 2025 10:13:50 PM
 Blitz 3/1 

Pairing 14/15 :    Random_Opponent  -  V7P3R_v12.4

PGN-File: C:\Program Files (x86)\Arena\Tournaments\Engine Regression Battle 20251004.pgn

No:  B/W 1/2     W:B       1:2           Time        Value Moves Dep 1:2       1-2-Draws
   8 W 2    1.0:0.0        0.0:8.0       10:14:39 PM     0.00    10 0:4.143  0-8-0

--------------------------------------------------------------

Engine-Match Saturday, October 4, 2025 10:14:40 PM
 Blitz 3/1 

Pairing 15/15 :    V7P3R_v12.5  -  V7P3R_v12.6

PGN-File: C:\Program Files (x86)\Arena\Tournaments\Engine Regression Battle 20251004.pgn

No:  B/W 1/2     W:B       1:2           Time        Value Moves Dep 1:2       1-2-Draws
   8 = =    1.5:1.5        1.5:6.5       10:20:33 PM     0.00    35 3.556 :3.773  0-5-3

--------------------------------------------------------------

Engine-Match Saturday, October 4, 2025 10:20:34 PM
 Blitz 3/1 

Pairing 1/15 :    V7P3R_v10.8  -  Random_Opponent

PGN-File: C:\Program Files (x86)\Arena\Tournaments\Engine Regression Battle 20251004.pgn

No:  B/W 1/2     W:B       1:2           Time        Value Moves Dep 1:2       1-2-Draws
   9 W 1    1.0:0.0        9.0:0.0       10:22:28 PM  +289.97    20 3.579 :0 9-0-0

--------------------------------------------------------------

Engine-Match Saturday, October 4, 2025 10:22:29 PM
 Blitz 3/1 

Pairing 2/15 :    V7P3R_v12.6  -  V7P3R_v12.2

PGN-File: C:\Program Files (x86)\Arena\Tournaments\Engine Regression Battle 20251004.pgn

No:  B/W 1/2     W:B       1:2           Time        Value Moves Dep 1:2       1-2-Draws
   9 W 1    1.5:0.5        8.5:0.5       10:26:10 PM  +289.98    21 3.833 :4.154  8-0-1

--------------------------------------------------------------

Engine-Match Saturday, October 4, 2025 10:26:12 PM
 Blitz 3/1 

Pairing 3/15 :    V7P3R_v12.4  -  V7P3R_v12.5

PGN-File: C:\Program Files (x86)\Arena\Tournaments\Engine Regression Battle 20251004.pgn

No:  B/W 1/2     W:B       1:2           Time        Value Moves Dep 1:2       1-2-Draws
   9 = =    2.0:2.0        4.0:5.0       10:30:30 PM     0.00    33 4.462 :4.200  2-3-4

--------------------------------------------------------------

Engine-Match Saturday, October 4, 2025 10:30:31 PM
 Blitz 3/1 

Pairing 4/15 :    V7P3R_v12.6  -  V7P3R_v10.8

PGN-File: C:\Program Files (x86)\Arena\Tournaments\Engine Regression Battle 20251004.pgn

No:  B/W 1/2     W:B       1:2           Time        Value Moves Dep 1:2       1-2-Draws
   9 B 2    1.0:0.0        4.0:5.0       10:37:30 PM     0.00    64 4.000 :3.586  4-5-0

--------------------------------------------------------------

Engine-Match Saturday, October 4, 2025 10:37:37 PM
 Blitz 3/1 

Pairing 5/15 :    V7P3R_v12.5  -  Random_Opponent

PGN-File: C:\Program Files (x86)\Arena\Tournaments\Engine Regression Battle 20251004.pgn

No:  B/W 1/2     W:B       1:2           Time        Value Moves Dep 1:2       1-2-Draws
   9 W 1    1.0:0.0        9.0:0.0       10:40:01 PM  +289.97    20 3.789 :0 9-0-0

--------------------------------------------------------------

Engine-Match Saturday, October 4, 2025 10:40:02 PM
 Blitz 3/1 

Pairing 6/15 :    V7P3R_v12.2  -  V7P3R_v12.4

PGN-File: C:\Program Files (x86)\Arena\Tournaments\Engine Regression Battle 20251004.pgn

No:  B/W 1/2     W:B       1:2           Time        Value Moves Dep 1:2       1-2-Draws
   9 W 1    4.0:3.0        5.0:4.0       10:44:36 PM  +289.98    34 3.952 :4.263  2-1-6

--------------------------------------------------------------

Engine-Match Saturday, October 4, 2025 10:44:38 PM
 Blitz 3/1 

Pairing 7/15 :    V7P3R_v10.8  -  V7P3R_v12.5

PGN-File: C:\Program Files (x86)\Arena\Tournaments\Engine Regression Battle 20251004.pgn

No:  B/W 1/2     W:B       1:2           Time        Value Moves Dep 1:2       1-2-Draws
   9 B 2    2.0:1.0        4.0:5.0       10:50:38 PM   -12.92    41 3.652 :3.864  3-4-2

--------------------------------------------------------------

Engine-Match Saturday, October 4, 2025 10:50:39 PM
 Blitz 3/1 

Pairing 8/15 :    V7P3R_v12.4  -  V7P3R_v12.6

PGN-File: C:\Program Files (x86)\Arena\Tournaments\Engine Regression Battle 20251004.pgn

No:  B/W 1/2     W:B       1:2           Time        Value Moves Dep 1:2       1-2-Draws
   9 B 2    3.5:2.5        2.5:6.5       10:56:50 PM  -289.98    40 4.043 :3.636  0-4-5

--------------------------------------------------------------

Engine-Match Saturday, October 4, 2025 10:56:51 PM
 Blitz 3/1 

Pairing 9/15 :    Random_Opponent  -  V7P3R_v12.2

PGN-File: C:\Program Files (x86)\Arena\Tournaments\Engine Regression Battle 20251004.pgn

No:  B/W 1/2     W:B       1:2           Time        Value Moves Dep 1:2       1-2-Draws
   9 B 2    1.0:0.0        0.0:9.0       10:59:25 PM  -289.97    24 0:4.350  0-9-0

--------------------------------------------------------------

Engine-Match Saturday, October 4, 2025 10:59:26 PM
 Blitz 3/1 

Pairing 10/15 :    V7P3R_v12.4  -  V7P3R_v10.8

PGN-File: C:\Program Files (x86)\Arena\Tournaments\Engine Regression Battle 20251004.pgn

No:  B/W 1/2     W:B       1:2           Time        Value Moves Dep 1:2       1-2-Draws
   9 B 2    4.0:3.0        5.0:4.0       11:04:23 PM  -289.97    33 4.217 :3.444  2-1-6

--------------------------------------------------------------

Engine-Match Saturday, October 4, 2025 11:04:24 PM
 Blitz 3/1 

Pairing 11/15 :    V7P3R_v12.2  -  V7P3R_v12.5

PGN-File: C:\Program Files (x86)\Arena\Tournaments\Engine Regression Battle 20251004.pgn

No:  B/W 1/2     W:B       1:2           Time        Value Moves Dep 1:2       1-2-Draws
   9 B 2    3.0:2.0        2.0:7.0       11:10:00 PM     0.00    39 4.286 :3.792  0-5-4

--------------------------------------------------------------

Engine-Match Saturday, October 4, 2025 11:10:02 PM
 Blitz 3/1 

Pairing 12/15 :    V7P3R_v12.6  -  Random_Opponent

PGN-File: C:\Program Files (x86)\Arena\Tournaments\Engine Regression Battle 20251004.pgn

No:  B/W 1/2     W:B       1:2           Time        Value Moves Dep 1:2       1-2-Draws
   9 W 1    1.0:0.0        9.0:0.0       11:12:12 PM  +289.98    21 4.211 :0 9-0-0

--------------------------------------------------------------

Engine-Match Saturday, October 4, 2025 11:12:13 PM
 Blitz 3/1 

Pairing 13/15 :    V7P3R_v10.8  -  V7P3R_v12.2

PGN-File: C:\Program Files (x86)\Arena\Tournaments\Engine Regression Battle 20251004.pgn

No:  B/W 1/2     W:B       1:2           Time        Value Moves Dep 1:2       1-2-Draws
   9 W 1    4.0:3.0        5.0:4.0       11:19:05 PM     0.00    65 3.440 :4.227  2-1-6

--------------------------------------------------------------

Engine-Match Saturday, October 4, 2025 11:19:06 PM
 Blitz 3/1 

Pairing 14/15 :    Random_Opponent  -  V7P3R_v12.4

PGN-File: C:\Program Files (x86)\Arena\Tournaments\Engine Regression Battle 20251004.pgn

No:  B/W 1/2     W:B       1:2           Time        Value Moves Dep 1:2       1-2-Draws
   9 B 2    1.0:0.0        0.0:9.0       11:20:57 PM  -289.97    17 0:4.353  0-9-0

--------------------------------------------------------------

Engine-Match Saturday, October 4, 2025 11:20:58 PM
 Blitz 3/1 

Pairing 15/15 :    V7P3R_v12.5  -  V7P3R_v12.6

PGN-File: C:\Program Files (x86)\Arena\Tournaments\Engine Regression Battle 20251004.pgn

No:  B/W 1/2     W:B       1:2           Time        Value Moves Dep 1:2       1-2-Draws
   9 W 1    2.5:1.5        2.5:6.5       11:23:12 PM   +11.86    12 3.800 :3.889  1-5-3

--------------------------------------------------------------

Engine-Match Saturday, October 4, 2025 11:23:14 PM
 Blitz 3/1 

Pairing 1/15 :    V7P3R_v10.8  -  Random_Opponent

PGN-File: C:\Program Files (x86)\Arena\Tournaments\Engine Regression Battle 20251004.pgn

No:  B/W 1/2     W:B       1:2           Time        Value Moves Dep 1:2       1-2-Draws
  10 B 1    1.0:0.0        10.0:0.0      11:24:37 PM     0.00    17 4.077 :0 10-0-0

--------------------------------------------------------------

Engine-Match Saturday, October 4, 2025 11:24:38 PM
 Blitz 3/1 

Pairing 2/15 :    V7P3R_v12.6  -  V7P3R_v12.2

PGN-File: C:\Program Files (x86)\Arena\Tournaments\Engine Regression Battle 20251004.pgn

No:  B/W 1/2     W:B       1:2           Time        Value Moves Dep 1:2       1-2-Draws
  10 B 1    1.5:0.5        9.5:0.5       11:30:59 PM   -22.20    46 4.231 :4.615  9-0-1

--------------------------------------------------------------

Engine-Match Saturday, October 4, 2025 11:31:00 PM
 Blitz 3/1 

Pairing 3/15 :    V7P3R_v12.4  -  V7P3R_v12.5

PGN-File: C:\Program Files (x86)\Arena\Tournaments\Engine Regression Battle 20251004.pgn

No:  B/W 1/2     W:B       1:2           Time        Value Moves Dep 1:2       1-2-Draws
  10 B 1    3.0:2.0        5.0:5.0       11:36:18 PM  -289.99    44 4.500 :3.933  3-3-4

--------------------------------------------------------------

Engine-Match Saturday, October 4, 2025 11:36:20 PM
 Blitz 3/1 

Pairing 4/15 :    V7P3R_v12.6  -  V7P3R_v10.8

PGN-File: C:\Program Files (x86)\Arena\Tournaments\Engine Regression Battle 20251004.pgn

No:  B/W 1/2     W:B       1:2           Time        Value Moves Dep 1:2       1-2-Draws
  10 = =    0.5:0.5        4.5:5.5       11:40:53 PM     0.00    31 3.600 :3.292  4-5-1

--------------------------------------------------------------

Engine-Match Saturday, October 4, 2025 11:40:54 PM
 Blitz 3/1 

Pairing 5/15 :    V7P3R_v12.5  -  Random_Opponent

PGN-File: C:\Program Files (x86)\Arena\Tournaments\Engine Regression Battle 20251004.pgn

No:  B/W 1/2     W:B       1:2           Time        Value Moves Dep 1:2       1-2-Draws
  10 B 1    1.0:0.0        10.0:0.0      11:42:55 PM  -289.97    20 4.000 :0 10-0-0

--------------------------------------------------------------

Engine-Match Saturday, October 4, 2025 11:42:57 PM
 Blitz 3/1 

Pairing 6/15 :    V7P3R_v12.2  -  V7P3R_v12.4

PGN-File: C:\Program Files (x86)\Arena\Tournaments\Engine Regression Battle 20251004.pgn

No:  B/W 1/2     W:B       1:2           Time        Value Moves Dep 1:2       1-2-Draws
  10 B 1    4.0:3.0        6.0:4.0       11:49:19 PM  -289.96    50 4.579 :4.476  3-1-6

--------------------------------------------------------------

Engine-Match Saturday, October 4, 2025 11:49:21 PM
 Blitz 3/1 

Pairing 7/15 :    V7P3R_v10.8  -  V7P3R_v12.5

PGN-File: C:\Program Files (x86)\Arena\Tournaments\Engine Regression Battle 20251004.pgn

No:  B/W 1/2     W:B       1:2           Time        Value Moves Dep 1:2       1-2-Draws
  10 W 2    2.0:1.0        4.0:6.0       11:52:46 PM   +11.22    17 3.462 :3.714  3-5-2

--------------------------------------------------------------

Engine-Match Saturday, October 4, 2025 11:52:47 PM
 Blitz 3/1 

Pairing 8/15 :    V7P3R_v12.4  -  V7P3R_v12.6

PGN-File: C:\Program Files (x86)\Arena\Tournaments\Engine Regression Battle 20251004.pgn

No:  B/W 1/2     W:B       1:2           Time        Value Moves Dep 1:2       1-2-Draws
  10 B 1    3.5:2.5        3.5:6.5       11:58:22 PM  -289.98    35 4.304 :3.880  1-4-5

--------------------------------------------------------------

Engine-Match Saturday, October 4, 2025 11:58:23 PM
 Blitz 3/1 

Pairing 9/15 :    Random_Opponent  -  V7P3R_v12.2

PGN-File: C:\Program Files (x86)\Arena\Tournaments\Engine Regression Battle 20251004.pgn

No:  B/W 1/2     W:B       1:2           Time        Value Moves Dep 1:2       1-2-Draws
  10 W 2    1.0:0.0        0.0:10.0      11:59:46 PM  +289.98    13 0:4.500  0-10-0

--------------------------------------------------------------

Engine-Match Saturday, October 4, 2025 11:59:53 PM
 Blitz 3/1 

Pairing 10/15 :    V7P3R_v12.4  -  V7P3R_v10.8

PGN-File: C:\Program Files (x86)\Arena\Tournaments\Engine Regression Battle 20251004.pgn

No:  B/W 1/2     W:B       1:2           Time        Value Moves Dep 1:2       1-2-Draws
  10 = =    3.5:3.5        5.5:4.5       12:05:04 AM    +6.27    42 4.412 :3.500  2-1-7

--------------------------------------------------------------

Engine-Match Sunday, October 5, 2025 12:05:06 AM
 Blitz 3/1 

Pairing 11/15 :    V7P3R_v12.2  -  V7P3R_v12.5

PGN-File: C:\Program Files (x86)\Arena\Tournaments\Engine Regression Battle 20251004.pgn

No:  B/W 1/2     W:B       1:2           Time        Value Moves Dep 1:2       1-2-Draws
  10 = =    2.5:2.5        2.5:7.5       12:10:24 AM    +4.30    25 4.333 :3.950  0-5-5

--------------------------------------------------------------

Engine-Match Sunday, October 5, 2025 12:10:25 AM
 Blitz 3/1 

Pairing 12/15 :    V7P3R_v12.6  -  Random_Opponent

PGN-File: C:\Program Files (x86)\Arena\Tournaments\Engine Regression Battle 20251004.pgn

No:  B/W 1/2     W:B       1:2           Time        Value Moves Dep 1:2       1-2-Draws
  10 B 1    1.0:0.0        10.0:0.0      12:12:14 AM  -289.98    17 3.929 :0 10-0-0

--------------------------------------------------------------

Engine-Match Sunday, October 5, 2025 12:12:16 AM
 Blitz 3/1 

Pairing 13/15 :    V7P3R_v10.8  -  V7P3R_v12.2

PGN-File: C:\Program Files (x86)\Arena\Tournaments\Engine Regression Battle 20251004.pgn

No:  B/W 1/2     W:B       1:2           Time        Value Moves Dep 1:2       1-2-Draws
  10 W 2    4.0:3.0        5.0:5.0       12:18:35 AM     0.00    54 3.514 :4.452  2-2-6

--------------------------------------------------------------

Engine-Match Sunday, October 5, 2025 12:18:36 AM
 Blitz 3/1 

Pairing 14/15 :    Random_Opponent  -  V7P3R_v12.4

PGN-File: C:\Program Files (x86)\Arena\Tournaments\Engine Regression Battle 20251004.pgn

No:  B/W 1/2     W:B       1:2           Time        Value Moves Dep 1:2       1-2-Draws
  10 W 2    1.0:0.0        0.0:10.0      12:20:22 AM  +289.97    16 0:4.000  0-10-0

--------------------------------------------------------------

Engine-Match Sunday, October 5, 2025 12:20:23 AM
 Blitz 3/1 

Pairing 15/15 :    V7P3R_v12.5  -  V7P3R_v12.6

PGN-File: C:\Program Files (x86)\Arena\Tournaments\Engine Regression Battle 20251004.pgn

No:  B/W 1/2     W:B       1:2           Time        Value Moves Dep 1:2       1-2-Draws
  10 = =    2.0:2.0        3.0:7.0       12:26:18 AM     0.00    41 4.053 :4.105  1-5-4
