Engine-Match Friday, October 31, 2025 5:36:01 PM
 Blitz 5/5 

Pairing 1/6 :    V7P3R_v14.7  -  Random_Opponent

PGN-File: C:\Program Files (x86)\Arena\Tournaments\Engine Regression Battle 20251031.pgn

No:  B/W 1/2     W:B       1:2           Time        Value Moves Dep 1:2       1-2-Draws
   1 W 1    1.0:0.0        1.0:0.0       5:39:24 PM     0.00    25 3.833 :0 1-0-0

--------------------------------------------------------------

Engine-Match Friday, October 31, 2025 5:39:25 PM
 Blitz 5/5 

Pairing 2/6 :    V7P3R_v14.7  -  V7P3R_v10.8

PGN-File: C:\Program Files (x86)\Arena\Tournaments\Engine Regression Battle 20251031.pgn

No:  B/W 1/2     W:B       1:2           Time        Value Moves Dep 1:2       1-2-Draws
   1 B 2    1.0:0.0        0.0:1.0       5:47:50 PM   -21.53    37 3.813 :4.600  0-1-0

--------------------------------------------------------------

Engine-Match Friday, October 31, 2025 5:47:51 PM
 Blitz 5/5 

Pairing 3/6 :    V7P3R_v14.7  -  V7P3R_v12.6

PGN-File: C:\Program Files (x86)\Arena\Tournaments\Engine Regression Battle 20251031.pgn

No:  B/W 1/2     W:B       1:2           Time        Value Moves Dep 1:2       1-2-Draws
   1 B 2    1.0:0.0        0.0:1.0       5:54:43 PM     0.00    27 4.227 :4.632  0-1-0

--------------------------------------------------------------

Engine-Match Friday, October 31, 2025 5:54:45 PM
 Blitz 5/5 

Pairing 4/6 :    V7P3R_v14.7  -  V7P3R_v14.0

PGN-File: C:\Program Files (x86)\Arena\Tournaments\Engine Regression Battle 20251031.pgn

No:  B/W 1/2     W:B       1:2           Time        Value Moves Dep 1:2       1-2-Draws
   1 B 2    1.0:0.0        0.0:1.0       6:00:43 PM  -289.99    25 3.778 :4.733  0-1-0

--------------------------------------------------------------

Engine-Match Friday, October 31, 2025 6:00:44 PM
 Blitz 5/5 

Pairing 5/6 :    V7P3R_v14.7  -  V7P3R_v14.1

PGN-File: C:\Program Files (x86)\Arena\Tournaments\Engine Regression Battle 20251031.pgn

No:  B/W 1/2     W:B       1:2           Time        Value Moves Dep 1:2       1-2-Draws
   1 B 2    1.0:0.0        0.0:1.0       6:08:58 PM   -26.74    29 3.571 :4.083  0-1-0

--------------------------------------------------------------

Engine-Match Friday, October 31, 2025 6:08:59 PM
 Blitz 5/5 

Pairing 6/6 :    V7P3R_v14.7  -  V7P3R_v14.2

PGN-File: C:\Program Files (x86)\Arena\Tournaments\Engine Regression Battle 20251031.pgn

No:  B/W 1/2     W:B       1:2           Time        Value Moves Dep 1:2       1-2-Draws
   1 B 2    1.0:0.0        0.0:1.0       6:15:03 PM   -40.73    26 4.045 :4.733  0-1-0

--------------------------------------------------------------

Engine-Match Friday, October 31, 2025 6:15:05 PM
 Blitz 5/5 

Pairing 1/6 :    V7P3R_v14.7  -  Random_Opponent

PGN-File: C:\Program Files (x86)\Arena\Tournaments\Engine Regression Battle 20251031.pgn

No:  B/W 1/2     W:B       1:2           Time        Value Moves Dep 1:2       1-2-Draws
   2 B 1    1.0:0.0        2.0:0.0       6:15:36 PM     0.00     6 3.400 :0 2-0-0

--------------------------------------------------------------

Engine-Match Friday, October 31, 2025 6:15:38 PM
 Blitz 5/5 

Pairing 2/6 :    V7P3R_v14.7  -  V7P3R_v10.8

PGN-File: C:\Program Files (x86)\Arena\Tournaments\Engine Regression Battle 20251031.pgn

No:  B/W 1/2     W:B       1:2           Time        Value Moves Dep 1:2       1-2-Draws
   2 W 2    1.0:0.0        0.0:2.0       6:25:25 PM   +65.56    43 4.950 :4.353  0-2-0

--------------------------------------------------------------

Engine-Match Friday, October 31, 2025 6:25:26 PM
 Blitz 5/5 

Pairing 3/6 :    V7P3R_v14.7  -  V7P3R_v12.6

PGN-File: C:\Program Files (x86)\Arena\Tournaments\Engine Regression Battle 20251031.pgn

No:  B/W 1/2     W:B       1:2           Time        Value Moves Dep 1:2       1-2-Draws
   2 W 2    1.0:0.0        0.0:2.0       6:34:01 PM   +51.77    31 4.263 :4.813  0-2-0

--------------------------------------------------------------

Engine-Match Friday, October 31, 2025 6:34:02 PM
 Blitz 5/5 

Pairing 4/6 :    V7P3R_v14.7  -  V7P3R_v14.0

PGN-File: C:\Program Files (x86)\Arena\Tournaments\Engine Regression Battle 20251031.pgn

No:  B/W 1/2     W:B       1:2           Time        Value Moves Dep 1:2       1-2-Draws
   2 W 2    1.0:0.0        0.0:2.0       6:37:53 PM   +39.78    14 4.357 :4.923  0-2-0

--------------------------------------------------------------

Engine-Match Friday, October 31, 2025 6:37:55 PM
 Blitz 5/5 

Pairing 5/6 :    V7P3R_v14.7  -  V7P3R_v14.1

PGN-File: C:\Program Files (x86)\Arena\Tournaments\Engine Regression Battle 20251031.pgn

No:  B/W 1/2     W:B       1:2           Time        Value Moves Dep 1:2       1-2-Draws
   2 W 2    1.0:0.0        0.0:2.0       6:49:39 PM     0.00    43 5.056 :4.500  0-2-0

--------------------------------------------------------------

Engine-Match Friday, October 31, 2025 6:49:40 PM
 Blitz 5/5 

Pairing 6/6 :    V7P3R_v14.7  -  V7P3R_v14.2

PGN-File: C:\Program Files (x86)\Arena\Tournaments\Engine Regression Battle 20251031.pgn

No:  B/W 1/2     W:B       1:2           Time        Value Moves Dep 1:2       1-2-Draws
   2 W 2    1.0:0.0        0.0:2.0       6:53:24 PM   +17.07    15 4.533 :4.833  0-2-0

--------------------------------------------------------------

Engine-Match Friday, October 31, 2025 6:53:26 PM
 Blitz 5/5 

Pairing 1/6 :    V7P3R_v14.7  -  Random_Opponent

PGN-File: C:\Program Files (x86)\Arena\Tournaments\Engine Regression Battle 20251031.pgn

No:  B/W 1/2     W:B       1:2           Time        Value Moves Dep 1:2       1-2-Draws
   3 W 1    1.0:0.0        3.0:0.0       7:01:41 PM     0.00    70 4.393 :0 3-0-0

--------------------------------------------------------------

Engine-Match Friday, October 31, 2025 7:01:42 PM
 Blitz 5/5 

Pairing 2/6 :    V7P3R_v14.7  -  V7P3R_v10.8

PGN-File: C:\Program Files (x86)\Arena\Tournaments\Engine Regression Battle 20251031.pgn

No:  B/W 1/2     W:B       1:2           Time        Value Moves Dep 1:2       1-2-Draws
   3 B 2    1.0:0.0        0.0:3.0       7:07:31 PM   -10.74    25 4.190 :4.500  0-3-0

--------------------------------------------------------------

Engine-Match Friday, October 31, 2025 7:07:33 PM
 Blitz 5/5 

Pairing 3/6 :    V7P3R_v14.7  -  V7P3R_v12.6

PGN-File: C:\Program Files (x86)\Arena\Tournaments\Engine Regression Battle 20251031.pgn

No:  B/W 1/2     W:B       1:2           Time        Value Moves Dep 1:2       1-2-Draws
   3 B 2    1.0:0.0        0.0:3.0       7:20:15 PM   -34.37    46 3.741 :4.350  0-3-0

--------------------------------------------------------------

Engine-Match Friday, October 31, 2025 7:20:17 PM
 Blitz 5/5 

Pairing 4/6 :    V7P3R_v14.7  -  V7P3R_v14.0

PGN-File: C:\Program Files (x86)\Arena\Tournaments\Engine Regression Battle 20251031.pgn

No:  B/W 1/2     W:B       1:2           Time        Value Moves Dep 1:2       1-2-Draws
   3 B 2    1.0:0.0        0.0:3.0       7:25:06 PM     0.00    21 3.722 :4.600  0-3-0

--------------------------------------------------------------

Engine-Match Friday, October 31, 2025 7:25:08 PM
 Blitz 5/5 

Pairing 5/6 :    V7P3R_v14.7  -  V7P3R_v14.1

PGN-File: C:\Program Files (x86)\Arena\Tournaments\Engine Regression Battle 20251031.pgn

No:  B/W 1/2     W:B       1:2           Time        Value Moves Dep 1:2       1-2-Draws
   3 B 2    1.0:0.0        0.0:3.0       7:31:00 PM   -20.84    23 4.000 :3.929  0-3-0

--------------------------------------------------------------

Engine-Match Friday, October 31, 2025 7:31:01 PM
 Blitz 5/5 

Pairing 6/6 :    V7P3R_v14.7  -  V7P3R_v14.2

PGN-File: C:\Program Files (x86)\Arena\Tournaments\Engine Regression Battle 20251031.pgn

No:  B/W 1/2     W:B       1:2           Time        Value Moves Dep 1:2       1-2-Draws
   3 B 2    1.0:0.0        0.0:3.0       7:37:25 PM     0.00    26 4.261 :4.722  0-3-0

--------------------------------------------------------------

Engine-Match Friday, October 31, 2025 7:37:26 PM
 Blitz 5/5 

Pairing 1/6 :    V7P3R_v14.7  -  Random_Opponent

PGN-File: C:\Program Files (x86)\Arena\Tournaments\Engine Regression Battle 20251031.pgn

No:  B/W 1/2     W:B       1:2           Time        Value Moves Dep 1:2       1-2-Draws
   4 B 1    1.0:0.0        4.0:0.0       7:40:48 PM  -289.98    24 3.913 :0 4-0-0

--------------------------------------------------------------

Engine-Match Friday, October 31, 2025 7:40:49 PM
 Blitz 5/5 

Pairing 2/6 :    V7P3R_v14.7  -  V7P3R_v10.8

PGN-File: C:\Program Files (x86)\Arena\Tournaments\Engine Regression Battle 20251031.pgn

No:  B/W 1/2     W:B       1:2           Time        Value Moves Dep 1:2       1-2-Draws
   4 W 2    1.0:0.0        0.0:4.0       7:44:47 PM  +289.98     9 4.000 :4.556  0-4-0

--------------------------------------------------------------

Engine-Match Friday, October 31, 2025 7:44:58 PM
 Blitz 5/5 

Pairing 3/6 :    V7P3R_v14.7  -  V7P3R_v12.6

PGN-File: C:\Program Files (x86)\Arena\Tournaments\Engine Regression Battle 20251031.pgn

No:  B/W 1/2     W:B       1:2           Time        Value Moves Dep 1:2       1-2-Draws
   4 W 2    1.0:0.0        0.0:4.0       7:54:14 PM     0.00    32 4.542 :4.611  0-4-0

--------------------------------------------------------------

Engine-Match Friday, October 31, 2025 7:54:15 PM
 Blitz 5/5 

Pairing 4/6 :    V7P3R_v14.7  -  V7P3R_v14.0

PGN-File: C:\Program Files (x86)\Arena\Tournaments\Engine Regression Battle 20251031.pgn

No:  B/W 1/2     W:B       1:2           Time        Value Moves Dep 1:2       1-2-Draws
   4 W 2    1.0:0.0        0.0:4.0       7:57:55 PM   +27.05    14 4.692 :5.000  0-4-0

--------------------------------------------------------------

Engine-Match Friday, October 31, 2025 7:57:56 PM
 Blitz 5/5 

Pairing 5/6 :    V7P3R_v14.7  -  V7P3R_v14.1

PGN-File: C:\Program Files (x86)\Arena\Tournaments\Engine Regression Battle 20251031.pgn

No:  B/W 1/2     W:B       1:2           Time        Value Moves Dep 1:2       1-2-Draws
   4 W 2    1.0:0.0        0.0:4.0       8:04:02 PM  +289.98    18 4.875 :4.176  0-4-0

--------------------------------------------------------------

Engine-Match Friday, October 31, 2025 8:04:04 PM
 Blitz 5/5 

Pairing 6/6 :    V7P3R_v14.7  -  V7P3R_v14.2

PGN-File: C:\Program Files (x86)\Arena\Tournaments\Engine Regression Battle 20251031.pgn

No:  B/W 1/2     W:B       1:2           Time        Value Moves Dep 1:2       1-2-Draws
   4 W 2    1.0:0.0        0.0:4.0       8:08:24 PM  +289.98    18 4.813 :5.143  0-4-0

--------------------------------------------------------------

Engine-Match Friday, October 31, 2025 8:08:25 PM
 Blitz 5/5 

Pairing 1/6 :    V7P3R_v14.7  -  Random_Opponent

PGN-File: C:\Program Files (x86)\Arena\Tournaments\Engine Regression Battle 20251031.pgn

No:  B/W 1/2     W:B       1:2           Time        Value Moves Dep 1:2       1-2-Draws
   5 W 1    1.0:0.0        5.0:0.0       8:15:18 PM     0.00    51 4.104 :0 5-0-0

--------------------------------------------------------------

Engine-Match Friday, October 31, 2025 8:15:20 PM
 Blitz 5/5 

Pairing 2/6 :    V7P3R_v14.7  -  V7P3R_v10.8

PGN-File: C:\Program Files (x86)\Arena\Tournaments\Engine Regression Battle 20251031.pgn

No:  B/W 1/2     W:B       1:2           Time        Value Moves Dep 1:2       1-2-Draws
   5 B 2    1.0:0.0        0.0:5.0       8:20:52 PM     0.00    21 4.474 :4.500  0-5-0

--------------------------------------------------------------

Engine-Match Friday, October 31, 2025 8:20:53 PM
 Blitz 5/5 

Pairing 3/6 :    V7P3R_v14.7  -  V7P3R_v12.6

PGN-File: C:\Program Files (x86)\Arena\Tournaments\Engine Regression Battle 20251031.pgn

No:  B/W 1/2     W:B       1:2           Time        Value Moves Dep 1:2       1-2-Draws
   5 B 2    1.0:0.0        0.0:5.0       8:30:40 PM  -289.98    36 4.296 :4.917  0-5-0

--------------------------------------------------------------

Engine-Match Friday, October 31, 2025 8:30:42 PM
 Blitz 5/5 

Pairing 4/6 :    V7P3R_v14.7  -  V7P3R_v14.0

PGN-File: C:\Program Files (x86)\Arena\Tournaments\Engine Regression Battle 20251031.pgn

No:  B/W 1/2     W:B       1:2           Time        Value Moves Dep 1:2       1-2-Draws
   5 B 2    1.0:0.0        0.0:5.0       8:35:45 PM   -29.50    20 3.684 :4.500  0-5-0

--------------------------------------------------------------

Engine-Match Friday, October 31, 2025 8:35:46 PM
 Blitz 5/5 

Pairing 5/6 :    V7P3R_v14.7  -  V7P3R_v14.1

PGN-File: C:\Program Files (x86)\Arena\Tournaments\Engine Regression Battle 20251031.pgn

No:  B/W 1/2     W:B       1:2           Time        Value Moves Dep 1:2       1-2-Draws
   5 B 2    1.0:0.0        0.0:5.0       8:43:06 PM  -289.97    24 3.900 :3.950  0-5-0

--------------------------------------------------------------

Engine-Match Friday, October 31, 2025 8:43:07 PM
 Blitz 5/5 

Pairing 6/6 :    V7P3R_v14.7  -  V7P3R_v14.2

PGN-File: C:\Program Files (x86)\Arena\Tournaments\Engine Regression Battle 20251031.pgn

No:  B/W 1/2     W:B       1:2           Time        Value Moves Dep 1:2       1-2-Draws
   5 B 2    1.0:0.0        0.0:5.0       8:51:13 PM   -22.84    27 3.692 :5.200  0-5-0

--------------------------------------------------------------

Engine-Match Friday, October 31, 2025 8:51:15 PM
 Blitz 5/5 

Pairing 1/6 :    V7P3R_v14.7  -  Random_Opponent

PGN-File: C:\Program Files (x86)\Arena\Tournaments\Engine Regression Battle 20251031.pgn

No:  B/W 1/2     W:B       1:2           Time        Value Moves Dep 1:2       1-2-Draws
   6 B 1    1.0:0.0        6.0:0.0       8:55:12 PM     0.00    28 3.963 :0 6-0-0

--------------------------------------------------------------

Engine-Match Friday, October 31, 2025 8:55:13 PM
 Blitz 5/5 

Pairing 2/6 :    V7P3R_v14.7  -  V7P3R_v10.8

PGN-File: C:\Program Files (x86)\Arena\Tournaments\Engine Regression Battle 20251031.pgn

No:  B/W 1/2     W:B       1:2           Time        Value Moves Dep 1:2       1-2-Draws
   6 W 2    1.0:0.0        0.0:6.0       9:04:33 PM  +289.97    39 4.300 :4.105  0-6-0

--------------------------------------------------------------

Engine-Match Friday, October 31, 2025 9:04:35 PM
 Blitz 5/5 

Pairing 3/6 :    V7P3R_v14.7  -  V7P3R_v12.6

PGN-File: C:\Program Files (x86)\Arena\Tournaments\Engine Regression Battle 20251031.pgn

No:  B/W 1/2     W:B       1:2           Time        Value Moves Dep 1:2       1-2-Draws
   6 * *     0.0:0.0        0.0:5.0       9:08:10 PM    +6.26    12 4.250 :4.444  0-5-0
