Engine-Match Saturday, October 25, 2025 8:45:35 PM
 Blitz 2/1 

Pairing 1/6 :    V7P3R_v14.0  -  V7P3R_v14.1

PGN-File: C:\Program Files (x86)\Arena\Tournaments\Engine Regression Battle 20251025_3.pgn

No:  B/W 1/2     W:B       1:2           Time        Value Moves Dep 1:2       1-2-Draws
   1 = =    0.5:0.5        0.5:0.5       8:50:22 PM     0.00    38 4.000 :2.939  0-0-1

--------------------------------------------------------------

Engine-Match Saturday, October 25, 2025 8:50:23 PM
 Blitz 2/1 

Pairing 2/6 :    Random_Opponent  -  V7P3R_v12.6

PGN-File: C:\Program Files (x86)\Arena\Tournaments\Engine Regression Battle 20251025_3.pgn

No:  B/W 1/2     W:B       1:2           Time        Value Moves Dep 1:2       1-2-Draws
   1 B 2    1.0:0.0        0.0:1.0       8:52:27 PM  -289.97    26 0:3.750  0-1-0

--------------------------------------------------------------

Engine-Match Saturday, October 25, 2025 8:52:29 PM
 Blitz 2/1 

Pairing 3/6 :    Random_Opponent  -  V7P3R_v14.0

PGN-File: C:\Program Files (x86)\Arena\Tournaments\Engine Regression Battle 20251025_3.pgn

No:  B/W 1/2     W:B       1:2           Time        Value Moves Dep 1:2       1-2-Draws
   1 B 2    1.0:0.0        0.0:1.0       8:53:32 PM  -289.98    14 0:4.000  0-1-0

--------------------------------------------------------------

Engine-Match Saturday, October 25, 2025 8:53:33 PM
 Blitz 2/1 

Pairing 4/6 :    V7P3R_v12.6  -  V7P3R_v14.1

PGN-File: C:\Program Files (x86)\Arena\Tournaments\Engine Regression Battle 20251025_3.pgn

No:  B/W 1/2     W:B       1:2           Time        Value Moves Dep 1:2       1-2-Draws
   1 W 1    1.0:0.0        1.0:0.0       8:58:23 PM   +11.83    39 3.176 :3.054  1-0-0

--------------------------------------------------------------

Engine-Match Saturday, October 25, 2025 8:58:24 PM
 Blitz 2/1 

Pairing 5/6 :    V7P3R_v14.0  -  V7P3R_v12.6

PGN-File: C:\Program Files (x86)\Arena\Tournaments\Engine Regression Battle 20251025_3.pgn

No:  B/W 1/2     W:B       1:2           Time        Value Moves Dep 1:2       1-2-Draws
   1 W 1    1.0:0.0        1.0:0.0       9:04:19 PM     0.00    75 3.714 :3.478  1-0-0

--------------------------------------------------------------

Engine-Match Saturday, October 25, 2025 9:04:20 PM
 Blitz 2/1 

Pairing 6/6 :    V7P3R_v14.1  -  Random_Opponent

PGN-File: C:\Program Files (x86)\Arena\Tournaments\Engine Regression Battle 20251025_3.pgn

No:  B/W 1/2     W:B       1:2           Time        Value Moves Dep 1:2       1-2-Draws
   1 W 1    1.0:0.0        1.0:0.0       9:06:05 PM  +289.96    14 3.786 :0 1-0-0

--------------------------------------------------------------

Engine-Match Saturday, October 25, 2025 9:06:06 PM
 Blitz 2/1 

Pairing 1/6 :    V7P3R_v14.0  -  V7P3R_v14.1

PGN-File: C:\Program Files (x86)\Arena\Tournaments\Engine Regression Battle 20251025_3.pgn

No:  B/W 1/2     W:B       1:2           Time        Value Moves Dep 1:2       1-2-Draws
   2 B 1    1.5:0.5        1.5:0.5       9:11:04 PM     0.00    48 3.667 :3.061  1-0-1

--------------------------------------------------------------

Engine-Match Saturday, October 25, 2025 9:11:05 PM
 Blitz 2/1 

Pairing 2/6 :    Random_Opponent  -  V7P3R_v12.6

PGN-File: C:\Program Files (x86)\Arena\Tournaments\Engine Regression Battle 20251025_3.pgn

No:  B/W 1/2     W:B       1:2           Time        Value Moves Dep 1:2       1-2-Draws
   2 W 2    1.0:0.0        0.0:2.0       9:12:38 PM     0.00    20 0:3.316  0-2-0

--------------------------------------------------------------

Engine-Match Saturday, October 25, 2025 9:12:39 PM
 Blitz 2/1 

Pairing 3/6 :    Random_Opponent  -  V7P3R_v14.0

PGN-File: C:\Program Files (x86)\Arena\Tournaments\Engine Regression Battle 20251025_3.pgn

No:  B/W 1/2     W:B       1:2           Time        Value Moves Dep 1:2       1-2-Draws
   2 W 2    1.0:0.0        0.0:2.0       9:14:06 PM  +289.97    17 0:4.000  0-2-0

--------------------------------------------------------------

Engine-Match Saturday, October 25, 2025 9:14:07 PM
 Blitz 2/1 

Pairing 4/6 :    V7P3R_v12.6  -  V7P3R_v14.1

PGN-File: C:\Program Files (x86)\Arena\Tournaments\Engine Regression Battle 20251025_3.pgn

No:  B/W 1/2     W:B       1:2           Time        Value Moves Dep 1:2       1-2-Draws
   2 B 1    1.0:0.0        2.0:0.0       9:19:17 PM     0.00    35 3.242 :3.032  2-0-0

--------------------------------------------------------------

Engine-Match Saturday, October 25, 2025 9:19:19 PM
 Blitz 2/1 

Pairing 5/6 :    V7P3R_v14.0  -  V7P3R_v12.6

PGN-File: C:\Program Files (x86)\Arena\Tournaments\Engine Regression Battle 20251025_3.pgn

No:  B/W 1/2     W:B       1:2           Time        Value Moves Dep 1:2       1-2-Draws
   2 B 1    1.0:0.0        2.0:0.0       9:24:56 PM  -289.99    63 3.457 :3.125  2-0-0

--------------------------------------------------------------

Engine-Match Saturday, October 25, 2025 9:24:58 PM
 Blitz 2/1 

Pairing 6/6 :    V7P3R_v14.1  -  Random_Opponent

PGN-File: C:\Program Files (x86)\Arena\Tournaments\Engine Regression Battle 20251025_3.pgn

No:  B/W 1/2     W:B       1:2           Time        Value Moves Dep 1:2       1-2-Draws
   2 B 1    1.0:0.0        2.0:0.0       9:26:29 PM  -289.96    19 3.333 :0 2-0-0

--------------------------------------------------------------

Engine-Match Saturday, October 25, 2025 9:26:30 PM
 Blitz 2/1 

Pairing 1/6 :    V7P3R_v14.0  -  V7P3R_v14.1

PGN-File: C:\Program Files (x86)\Arena\Tournaments\Engine Regression Battle 20251025_3.pgn

No:  B/W 1/2     W:B       1:2           Time        Value Moves Dep 1:2       1-2-Draws
   3 = =    1.0:1.0        2.0:1.0       9:31:07 PM    -2.14    42 4.167 :3.692  1-0-2

--------------------------------------------------------------

Engine-Match Saturday, October 25, 2025 9:31:09 PM
 Blitz 2/1 

Pairing 2/6 :    Random_Opponent  -  V7P3R_v12.6

PGN-File: C:\Program Files (x86)\Arena\Tournaments\Engine Regression Battle 20251025_3.pgn

No:  B/W 1/2     W:B       1:2           Time        Value Moves Dep 1:2       1-2-Draws
   3 B 2    1.0:0.0        0.0:3.0       9:31:39 PM     0.00     7 0:4.200  0-3-0

--------------------------------------------------------------

Engine-Match Saturday, October 25, 2025 9:31:41 PM
 Blitz 2/1 

Pairing 3/6 :    Random_Opponent  -  V7P3R_v14.0

PGN-File: C:\Program Files (x86)\Arena\Tournaments\Engine Regression Battle 20251025_3.pgn

No:  B/W 1/2     W:B       1:2           Time        Value Moves Dep 1:2       1-2-Draws
   3 B 2    1.0:0.0        0.0:3.0       9:32:58 PM  -289.97    18 0:4.000  0-3-0

--------------------------------------------------------------

Engine-Match Saturday, October 25, 2025 9:32:59 PM
 Blitz 2/1 

Pairing 4/6 :    V7P3R_v12.6  -  V7P3R_v14.1

PGN-File: C:\Program Files (x86)\Arena\Tournaments\Engine Regression Battle 20251025_3.pgn

No:  B/W 1/2     W:B       1:2           Time        Value Moves Dep 1:2       1-2-Draws
   3 = =    0.5:0.5        2.5:0.5       9:38:09 PM     0.00    37 2.914 :2.743  2-0-1

--------------------------------------------------------------

Engine-Match Saturday, October 25, 2025 9:38:11 PM
 Blitz 2/1 

Pairing 5/6 :    V7P3R_v14.0  -  V7P3R_v12.6

PGN-File: C:\Program Files (x86)\Arena\Tournaments\Engine Regression Battle 20251025_3.pgn

No:  B/W 1/2     W:B       1:2           Time        Value Moves Dep 1:2       1-2-Draws
   3 B 2    1.0:0.0        2.0:1.0       9:42:11 PM  -289.98    40 4.000 :3.364  2-1-0

--------------------------------------------------------------

Engine-Match Saturday, October 25, 2025 9:42:13 PM
 Blitz 2/1 

Pairing 6/6 :    V7P3R_v14.1  -  Random_Opponent

PGN-File: C:\Program Files (x86)\Arena\Tournaments\Engine Regression Battle 20251025_3.pgn

No:  B/W 1/2     W:B       1:2           Time        Value Moves Dep 1:2       1-2-Draws
   3 W 1    1.0:0.0        3.0:0.0       9:43:59 PM  +289.96    20 3.200 :0 3-0-0

--------------------------------------------------------------

Engine-Match Saturday, October 25, 2025 9:44:01 PM
 Blitz 2/1 

Pairing 1/6 :    V7P3R_v14.0  -  V7P3R_v14.1

PGN-File: C:\Program Files (x86)\Arena\Tournaments\Engine Regression Battle 20251025_3.pgn

No:  B/W 1/2     W:B       1:2           Time        Value Moves Dep 1:2       1-2-Draws
   4 B 1    2.0:1.0        3.0:1.0       9:49:31 PM     0.00    55 3.537 :2.667  2-0-2

--------------------------------------------------------------

Engine-Match Saturday, October 25, 2025 9:49:32 PM
 Blitz 2/1 

Pairing 2/6 :    Random_Opponent  -  V7P3R_v12.6

PGN-File: C:\Program Files (x86)\Arena\Tournaments\Engine Regression Battle 20251025_3.pgn

No:  B/W 1/2     W:B       1:2           Time        Value Moves Dep 1:2       1-2-Draws
   4 W 2    1.0:0.0        0.0:4.0       9:50:53 PM  +289.98    17 0:4.308  0-4-0

--------------------------------------------------------------

Engine-Match Saturday, October 25, 2025 9:51:01 PM
 Blitz 2/1 

Pairing 3/6 :    Random_Opponent  -  V7P3R_v14.0

PGN-File: C:\Program Files (x86)\Arena\Tournaments\Engine Regression Battle 20251025_3.pgn

No:  B/W 1/2     W:B       1:2           Time        Value Moves Dep 1:2       1-2-Draws
   4 W 2    1.0:0.0        0.0:4.0       9:52:31 PM     0.00    19 0:4.059  0-4-0

--------------------------------------------------------------

Engine-Match Saturday, October 25, 2025 9:52:33 PM
 Blitz 2/1 

Pairing 4/6 :    V7P3R_v12.6  -  V7P3R_v14.1

PGN-File: C:\Program Files (x86)\Arena\Tournaments\Engine Regression Battle 20251025_3.pgn

No:  B/W 1/2     W:B       1:2           Time        Value Moves Dep 1:2       1-2-Draws
   4 B 1    1.5:0.5        3.5:0.5       9:57:37 PM   -25.91    47 3.640 :3.300  3-0-1

--------------------------------------------------------------

Engine-Match Saturday, October 25, 2025 9:57:38 PM
 Blitz 2/1 

Pairing 5/6 :    V7P3R_v14.0  -  V7P3R_v12.6

PGN-File: C:\Program Files (x86)\Arena\Tournaments\Engine Regression Battle 20251025_3.pgn

No:  B/W 1/2     W:B       1:2           Time        Value Moves Dep 1:2       1-2-Draws
   4 B 1    1.0:0.0        3.0:1.0       10:00:26 PM   -10.89    21 3.929 :3.389  3-1-0

--------------------------------------------------------------

Engine-Match Saturday, October 25, 2025 10:00:27 PM
 Blitz 2/1 

Pairing 6/6 :    V7P3R_v14.1  -  Random_Opponent

PGN-File: C:\Program Files (x86)\Arena\Tournaments\Engine Regression Battle 20251025_3.pgn

No:  B/W 1/2     W:B       1:2           Time        Value Moves Dep 1:2       1-2-Draws
   4 B 1    1.0:0.0        4.0:0.0       10:02:22 PM  -289.97    25 3.522 :0 4-0-0

--------------------------------------------------------------

Engine-Match Saturday, October 25, 2025 10:02:23 PM
 Blitz 2/1 

Pairing 1/6 :    V7P3R_v14.0  -  V7P3R_v14.1

PGN-File: C:\Program Files (x86)\Arena\Tournaments\Engine Regression Battle 20251025_3.pgn

No:  B/W 1/2     W:B       1:2           Time        Value Moves Dep 1:2       1-2-Draws
   5 W 1    2.0:1.0        4.0:1.0       10:07:37 PM  +289.97    46 3.618 :2.756  3-0-2

--------------------------------------------------------------

Engine-Match Saturday, October 25, 2025 10:07:38 PM
 Blitz 2/1 

Pairing 2/6 :    Random_Opponent  -  V7P3R_v12.6

PGN-File: C:\Program Files (x86)\Arena\Tournaments\Engine Regression Battle 20251025_3.pgn

No:  B/W 1/2     W:B       1:2           Time        Value Moves Dep 1:2       1-2-Draws
   5 B 2    1.0:0.0        0.0:5.0       10:09:47 PM  -289.97    24 0:3.381  0-5-0

--------------------------------------------------------------

Engine-Match Saturday, October 25, 2025 10:09:49 PM
 Blitz 2/1 

Pairing 3/6 :    Random_Opponent  -  V7P3R_v14.0

PGN-File: C:\Program Files (x86)\Arena\Tournaments\Engine Regression Battle 20251025_3.pgn

No:  B/W 1/2     W:B       1:2           Time        Value Moves Dep 1:2       1-2-Draws
   5 B 2    1.0:0.0        0.0:5.0       10:11:17 PM     0.00    18 0:3.941  0-5-0

--------------------------------------------------------------

Engine-Match Saturday, October 25, 2025 10:11:18 PM
 Blitz 2/1 

Pairing 4/6 :    V7P3R_v12.6  -  V7P3R_v14.1

PGN-File: C:\Program Files (x86)\Arena\Tournaments\Engine Regression Battle 20251025_3.pgn

No:  B/W 1/2     W:B       1:2           Time        Value Moves Dep 1:2       1-2-Draws
   5 W 1    1.5:0.5        4.5:0.5       10:17:19 PM   +18.55    74 2.868 :2.675  4-0-1

--------------------------------------------------------------

Engine-Match Saturday, October 25, 2025 10:17:21 PM
 Blitz 2/1 

Pairing 5/6 :    V7P3R_v14.0  -  V7P3R_v12.6

PGN-File: C:\Program Files (x86)\Arena\Tournaments\Engine Regression Battle 20251025_3.pgn

No:  B/W 1/2     W:B       1:2           Time        Value Moves Dep 1:2       1-2-Draws
   5 B 2    1.0:0.0        3.0:2.0       10:21:44 PM  -289.98    48 4.000 :3.364  3-2-0

--------------------------------------------------------------

Engine-Match Saturday, October 25, 2025 10:21:45 PM
 Blitz 2/1 

Pairing 6/6 :    V7P3R_v14.1  -  Random_Opponent

PGN-File: C:\Program Files (x86)\Arena\Tournaments\Engine Regression Battle 20251025_3.pgn

No:  B/W 1/2     W:B       1:2           Time        Value Moves Dep 1:2       1-2-Draws
   5 W 1    1.0:0.0        5.0:0.0       10:24:09 PM     0.00    34 3.576 :0 5-0-0

--------------------------------------------------------------

Engine-Match Saturday, October 25, 2025 10:24:10 PM
 Blitz 2/1 

Pairing 1/6 :    V7P3R_v14.0  -  V7P3R_v14.1

PGN-File: C:\Program Files (x86)\Arena\Tournaments\Engine Regression Battle 20251025_3.pgn

No:  B/W 1/2     W:B       1:2           Time        Value Moves Dep 1:2       1-2-Draws
   6 W 2    2.0:1.0        4.0:2.0       10:27:53 PM   +14.50    29 3.636 :3.038  3-1-2

--------------------------------------------------------------

Engine-Match Saturday, October 25, 2025 10:27:55 PM
 Blitz 2/1 

Pairing 2/6 :    Random_Opponent  -  V7P3R_v12.6

PGN-File: C:\Program Files (x86)\Arena\Tournaments\Engine Regression Battle 20251025_3.pgn

No:  B/W 1/2     W:B       1:2           Time        Value Moves Dep 1:2       1-2-Draws
   6 W 2    1.0:0.0        0.0:6.0       10:30:03 PM     0.00    25 0:3.750  0-6-0

--------------------------------------------------------------

Engine-Match Saturday, October 25, 2025 10:30:04 PM
 Blitz 2/1 

Pairing 3/6 :    Random_Opponent  -  V7P3R_v14.0

PGN-File: C:\Program Files (x86)\Arena\Tournaments\Engine Regression Battle 20251025_3.pgn

No:  B/W 1/2     W:B       1:2           Time        Value Moves Dep 1:2       1-2-Draws
   6 W 2    1.0:0.0        0.0:6.0       10:31:19 PM  +289.97    18 0:4.118  0-6-0

--------------------------------------------------------------

Engine-Match Saturday, October 25, 2025 10:31:21 PM
 Blitz 2/1 

Pairing 4/6 :    V7P3R_v12.6  -  V7P3R_v14.1

PGN-File: C:\Program Files (x86)\Arena\Tournaments\Engine Regression Battle 20251025_3.pgn

No:  B/W 1/2     W:B       1:2           Time        Value Moves Dep 1:2       1-2-Draws
   6 B 1    1.5:0.5        5.5:0.5       10:34:04 PM     0.00    21 3.733 :3.368  5-0-1

--------------------------------------------------------------

Engine-Match Saturday, October 25, 2025 10:34:05 PM
 Blitz 2/1 

Pairing 5/6 :    V7P3R_v14.0  -  V7P3R_v12.6

PGN-File: C:\Program Files (x86)\Arena\Tournaments\Engine Regression Battle 20251025_3.pgn

No:  B/W 1/2     W:B       1:2           Time        Value Moves Dep 1:2       1-2-Draws
   6 B 1    1.0:0.0        4.0:2.0       10:38:24 PM   -11.57    34 3.962 :3.741  4-2-0

--------------------------------------------------------------

Engine-Match Saturday, October 25, 2025 10:38:25 PM
 Blitz 2/1 

Pairing 6/6 :    V7P3R_v14.1  -  Random_Opponent

PGN-File: C:\Program Files (x86)\Arena\Tournaments\Engine Regression Battle 20251025_3.pgn

No:  B/W 1/2     W:B       1:2           Time        Value Moves Dep 1:2       1-2-Draws
   6 B 1    1.0:0.0        6.0:0.0       10:40:16 PM  -289.97    25 3.889 :0 6-0-0

--------------------------------------------------------------

Engine-Match Saturday, October 25, 2025 10:40:18 PM
 Blitz 2/1 

Pairing 1/6 :    V7P3R_v14.0  -  V7P3R_v14.1

PGN-File: C:\Program Files (x86)\Arena\Tournaments\Engine Regression Battle 20251025_3.pgn

No:  B/W 1/2     W:B       1:2           Time        Value Moves Dep 1:2       1-2-Draws
   7 W 1    2.0:1.0        5.0:2.0       10:45:18 PM  +289.98    44 4.000 :3.000  4-1-2

--------------------------------------------------------------

Engine-Match Saturday, October 25, 2025 10:45:19 PM
 Blitz 2/1 

Pairing 2/6 :    Random_Opponent  -  V7P3R_v12.6

PGN-File: C:\Program Files (x86)\Arena\Tournaments\Engine Regression Battle 20251025_3.pgn

No:  B/W 1/2     W:B       1:2           Time        Value Moves Dep 1:2       1-2-Draws
   7 B 2    1.0:0.0        0.0:7.0       10:46:53 PM     0.00    16 0:3.714  0-7-0

--------------------------------------------------------------

Engine-Match Saturday, October 25, 2025 10:46:54 PM
 Blitz 2/1 

Pairing 3/6 :    Random_Opponent  -  V7P3R_v14.0

PGN-File: C:\Program Files (x86)\Arena\Tournaments\Engine Regression Battle 20251025_3.pgn

No:  B/W 1/2     W:B       1:2           Time        Value Moves Dep 1:2       1-2-Draws
   7 B 2    1.0:0.0        0.0:7.0       10:48:40 PM  -289.97    23 0:3.739  0-7-0

--------------------------------------------------------------

Engine-Match Saturday, October 25, 2025 10:48:41 PM
 Blitz 2/1 

Pairing 4/6 :    V7P3R_v12.6  -  V7P3R_v14.1

PGN-File: C:\Program Files (x86)\Arena\Tournaments\Engine Regression Battle 20251025_3.pgn

No:  B/W 1/2     W:B       1:2           Time        Value Moves Dep 1:2       1-2-Draws
   7 B 2    1.5:0.5        5.5:1.5       10:54:17 PM   -23.49    62 3.310 :3.188  5-1-1

--------------------------------------------------------------

Engine-Match Saturday, October 25, 2025 10:54:27 PM
 Blitz 2/1 

Pairing 5/6 :    V7P3R_v14.0  -  V7P3R_v12.6

PGN-File: C:\Program Files (x86)\Arena\Tournaments\Engine Regression Battle 20251025_3.pgn

No:  B/W 1/2     W:B       1:2           Time        Value Moves Dep 1:2       1-2-Draws
   7 B 2    1.0:0.0        4.0:3.0       10:58:21 PM  -289.98    40 4.000 :3.364  4-3-0

--------------------------------------------------------------

Engine-Match Saturday, October 25, 2025 10:58:22 PM
 Blitz 2/1 

Pairing 6/6 :    V7P3R_v14.1  -  Random_Opponent

PGN-File: C:\Program Files (x86)\Arena\Tournaments\Engine Regression Battle 20251025_3.pgn

No:  B/W 1/2     W:B       1:2           Time        Value Moves Dep 1:2       1-2-Draws
   7 W 1    1.0:0.0        7.0:0.0       11:00:48 PM     0.00    37 3.529 :0 7-0-0

--------------------------------------------------------------

Engine-Match Saturday, October 25, 2025 11:00:49 PM
 Blitz 2/1 

Pairing 1/6 :    V7P3R_v14.0  -  V7P3R_v14.1

PGN-File: C:\Program Files (x86)\Arena\Tournaments\Engine Regression Battle 20251025_3.pgn

No:  B/W 1/2     W:B       1:2           Time        Value Moves Dep 1:2       1-2-Draws
   8 B 1    2.0:1.0        6.0:2.0       11:04:56 PM     0.00    21 3.875 :3.438  5-1-2

--------------------------------------------------------------

Engine-Match Saturday, October 25, 2025 11:04:57 PM
 Blitz 2/1 

Pairing 2/6 :    Random_Opponent  -  V7P3R_v12.6

PGN-File: C:\Program Files (x86)\Arena\Tournaments\Engine Regression Battle 20251025_3.pgn

No:  B/W 1/2     W:B       1:2           Time        Value Moves Dep 1:2       1-2-Draws
   8 W 2    1.0:0.0        0.0:8.0       11:07:11 PM     0.00    29 0:3.741  0-8-0

--------------------------------------------------------------

Engine-Match Saturday, October 25, 2025 11:07:13 PM
 Blitz 2/1 

Pairing 3/6 :    Random_Opponent  -  V7P3R_v14.0

PGN-File: C:\Program Files (x86)\Arena\Tournaments\Engine Regression Battle 20251025_3.pgn

No:  B/W 1/2     W:B       1:2           Time        Value Moves Dep 1:2       1-2-Draws
   8 W 2    1.0:0.0        0.0:8.0       11:08:03 PM  +289.98    13 0:4.500  0-8-0

--------------------------------------------------------------

Engine-Match Saturday, October 25, 2025 11:08:05 PM
 Blitz 2/1 

Pairing 4/6 :    V7P3R_v12.6  -  V7P3R_v14.1

PGN-File: C:\Program Files (x86)\Arena\Tournaments\Engine Regression Battle 20251025_3.pgn

No:  B/W 1/2     W:B       1:2           Time        Value Moves Dep 1:2       1-2-Draws
   8 B 1    1.5:0.5        6.5:1.5       11:10:29 PM  -289.97    15 3.615 :3.385  6-1-1

--------------------------------------------------------------

Engine-Match Saturday, October 25, 2025 11:10:30 PM
 Blitz 2/1 

Pairing 5/6 :    V7P3R_v14.0  -  V7P3R_v12.6

PGN-File: C:\Program Files (x86)\Arena\Tournaments\Engine Regression Battle 20251025_3.pgn

No:  B/W 1/2     W:B       1:2           Time        Value Moves Dep 1:2       1-2-Draws
   8 = =    0.5:0.5        4.5:3.5       11:14:38 PM     0.00    55 4.167 :3.643  4-3-1

--------------------------------------------------------------

Engine-Match Saturday, October 25, 2025 11:14:39 PM
 Blitz 2/1 

Pairing 6/6 :    V7P3R_v14.1  -  Random_Opponent

PGN-File: C:\Program Files (x86)\Arena\Tournaments\Engine Regression Battle 20251025_3.pgn

No:  B/W 1/2     W:B       1:2           Time        Value Moves Dep 1:2       1-2-Draws
   8 B 1    1.0:0.0        8.0:0.0       11:15:59 PM  -289.97    20 3.278 :0 8-0-0

--------------------------------------------------------------

Engine-Match Saturday, October 25, 2025 11:16:00 PM
 Blitz 2/1 

Pairing 1/6 :    V7P3R_v14.0  -  V7P3R_v14.1

PGN-File: C:\Program Files (x86)\Arena\Tournaments\Engine Regression Battle 20251025_3.pgn

No:  B/W 1/2     W:B       1:2           Time        Value Moves Dep 1:2       1-2-Draws
   9 B 2    2.0:1.0        6.0:3.0       11:20:53 PM   -16.73    41 4.125 :3.054  5-2-2

--------------------------------------------------------------

Engine-Match Saturday, October 25, 2025 11:20:54 PM
 Blitz 2/1 

Pairing 2/6 :    Random_Opponent  -  V7P3R_v12.6

PGN-File: C:\Program Files (x86)\Arena\Tournaments\Engine Regression Battle 20251025_3.pgn

No:  B/W 1/2     W:B       1:2           Time        Value Moves Dep 1:2       1-2-Draws
   9 B 2    1.0:0.0        0.0:9.0       11:22:13 PM  -289.98    13 0:3.846  0-9-0

--------------------------------------------------------------

Engine-Match Saturday, October 25, 2025 11:22:14 PM
 Blitz 2/1 

Pairing 3/6 :    Random_Opponent  -  V7P3R_v14.0

PGN-File: C:\Program Files (x86)\Arena\Tournaments\Engine Regression Battle 20251025_3.pgn

No:  B/W 1/2     W:B       1:2           Time        Value Moves Dep 1:2       1-2-Draws
   9 B 2    1.0:0.0        0.0:9.0       11:23:36 PM     0.00    22 0:4.176  0-9-0

--------------------------------------------------------------

Engine-Match Saturday, October 25, 2025 11:23:37 PM
 Blitz 2/1 

Pairing 4/6 :    V7P3R_v12.6  -  V7P3R_v14.1

PGN-File: C:\Program Files (x86)\Arena\Tournaments\Engine Regression Battle 20251025_3.pgn

No:  B/W 1/2     W:B       1:2           Time        Value Moves Dep 1:2       1-2-Draws
   9 = =    1.0:1.0        7.0:2.0       11:27:46 PM     0.00    33 3.296 :3.138  6-1-2

--------------------------------------------------------------

Engine-Match Saturday, October 25, 2025 11:27:48 PM
 Blitz 2/1 

Pairing 5/6 :    V7P3R_v14.0  -  V7P3R_v12.6

PGN-File: C:\Program Files (x86)\Arena\Tournaments\Engine Regression Battle 20251025_3.pgn

No:  B/W 1/2     W:B       1:2           Time        Value Moves Dep 1:2       1-2-Draws
   9 = =    1.0:1.0        5.0:4.0       11:32:11 PM     0.00    67 4.000 :3.364  4-3-2

--------------------------------------------------------------

Engine-Match Saturday, October 25, 2025 11:32:12 PM
 Blitz 2/1 

Pairing 6/6 :    V7P3R_v14.1  -  Random_Opponent

PGN-File: C:\Program Files (x86)\Arena\Tournaments\Engine Regression Battle 20251025_3.pgn

No:  B/W 1/2     W:B       1:2           Time        Value Moves Dep 1:2       1-2-Draws
   9 W 1    1.0:0.0        9.0:0.0       11:34:04 PM  +289.96    21 3.526 :0 9-0-0

--------------------------------------------------------------

Engine-Match Saturday, October 25, 2025 11:34:05 PM
 Blitz 2/1 

Pairing 1/6 :    V7P3R_v14.0  -  V7P3R_v14.1

PGN-File: C:\Program Files (x86)\Arena\Tournaments\Engine Regression Battle 20251025_3.pgn

No:  B/W 1/2     W:B       1:2           Time        Value Moves Dep 1:2       1-2-Draws
  10 = =    1.5:1.5        6.5:3.5       11:38:57 PM    +4.34    37 4.040 :3.121  5-2-3

--------------------------------------------------------------

Engine-Match Saturday, October 25, 2025 11:38:58 PM
 Blitz 2/1 

Pairing 2/6 :    Random_Opponent  -  V7P3R_v12.6

PGN-File: C:\Program Files (x86)\Arena\Tournaments\Engine Regression Battle 20251025_3.pgn

No:  B/W 1/2     W:B       1:2           Time        Value Moves Dep 1:2       1-2-Draws
  10 W 2    1.0:0.0        0.0:10.0      11:39:36 PM  +289.97     8 0:4.000  0-10-0

--------------------------------------------------------------

Engine-Match Saturday, October 25, 2025 11:39:38 PM
 Blitz 2/1 

Pairing 3/6 :    Random_Opponent  -  V7P3R_v14.0

PGN-File: C:\Program Files (x86)\Arena\Tournaments\Engine Regression Battle 20251025_3.pgn

No:  B/W 1/2     W:B       1:2           Time        Value Moves Dep 1:2       1-2-Draws
  10 W 2    1.0:0.0        0.0:10.0      11:40:25 PM  +289.97    11 0:4.125  0-10-0

--------------------------------------------------------------

Engine-Match Saturday, October 25, 2025 11:40:26 PM
 Blitz 2/1 

Pairing 4/6 :    V7P3R_v12.6  -  V7P3R_v14.1

PGN-File: C:\Program Files (x86)\Arena\Tournaments\Engine Regression Battle 20251025_3.pgn

No:  B/W 1/2     W:B       1:2           Time        Value Moves Dep 1:2       1-2-Draws
  10 = =    1.5:1.5        7.5:2.5       11:46:27 PM     0.00    70 3.297 :3.098  6-1-3

--------------------------------------------------------------

Engine-Match Saturday, October 25, 2025 11:46:28 PM
 Blitz 2/1 

Pairing 5/6 :    V7P3R_v14.0  -  V7P3R_v12.6

PGN-File: C:\Program Files (x86)\Arena\Tournaments\Engine Regression Battle 20251025_3.pgn

No:  B/W 1/2     W:B       1:2           Time        Value Moves Dep 1:2       1-2-Draws
  10 B 1    2.0:1.0        6.0:4.0       11:49:16 PM    -9.86    20 3.857 :3.353  5-3-2

--------------------------------------------------------------

Engine-Match Saturday, October 25, 2025 11:49:18 PM
 Blitz 2/1 

Pairing 6/6 :    V7P3R_v14.1  -  Random_Opponent

PGN-File: C:\Program Files (x86)\Arena\Tournaments\Engine Regression Battle 20251025_3.pgn

No:  B/W 1/2     W:B       1:2           Time        Value Moves Dep 1:2       1-2-Draws
  10 B 1    1.0:0.0        10.0:0.0      11:50:31 PM  -289.97    17 3.438 :0 10-0-0
