Engine-Match Friday, October 24, 2025 7:45:52 PM
 Blitz 5/1 

Pairing 1/3 :    V7P3R_v13x_Engine  -  V7P3R_v12.6

PGN-File: C:\Program Files (x86)\Arena\Tournaments\Engine Battle 20251024.pgn

No:  B/W 1/2     W:B       1:2           Time        Value Moves Dep 1:2       1-2-Draws
   1 B 2    1.0:0.0        0.0:1.0       7:51:04 PM   -33.30    17 4.600 :4.071  0-1-0

--------------------------------------------------------------

Engine-Match Friday, October 24, 2025 7:51:05 PM
 Blitz 5/1 

Pairing 2/3 :    Random_Opponent  -  V7P3R_v13x_Engine

PGN-File: C:\Program Files (x86)\Arena\Tournaments\Engine Battle 20251024.pgn

No:  B/W 1/2     W:B       1:2           Time        Value Moves Dep 1:2       1-2-Draws
   1 B 2    1.0:0.0        0.0:1.0       7:53:38 PM  -289.99    17 0:4.400  0-1-0

--------------------------------------------------------------

Engine-Match Friday, October 24, 2025 7:53:39 PM
 Blitz 5/1 

Pairing 3/3 :    V7P3R_v12.6  -  Random_Opponent

PGN-File: C:\Program Files (x86)\Arena\Tournaments\Engine Battle 20251024.pgn

No:  B/W 1/2     W:B       1:2           Time        Value Moves Dep 1:2       1-2-Draws
   1 W 1    1.0:0.0        1.0:0.0       7:55:53 PM  +289.97    13 4.091 :0 1-0-0

--------------------------------------------------------------

Engine-Match Friday, October 24, 2025 7:55:55 PM
 Blitz 5/1 

Pairing 1/3 :    V7P3R_v13x_Engine  -  V7P3R_v12.6

PGN-File: C:\Program Files (x86)\Arena\Tournaments\Engine Battle 20251024.pgn

No:  B/W 1/2     W:B       1:2           Time        Value Moves Dep 1:2       1-2-Draws
   2 W 2    1.0:0.0        0.0:2.0       8:01:21 PM   +21.39    17 4.643 :4.643  0-2-0

--------------------------------------------------------------

Engine-Match Friday, October 24, 2025 8:01:22 PM
 Blitz 5/1 

Pairing 2/3 :    Random_Opponent  -  V7P3R_v13x_Engine

PGN-File: C:\Program Files (x86)\Arena\Tournaments\Engine Battle 20251024.pgn

No:  B/W 1/2     W:B       1:2           Time        Value Moves Dep 1:2       1-2-Draws
   2 W 2    1.0:0.0        0.0:2.0       8:03:42 PM  +289.99    17 0:4.857  0-2-0

--------------------------------------------------------------

Engine-Match Friday, October 24, 2025 8:03:43 PM
 Blitz 5/1 

Pairing 3/3 :    V7P3R_v12.6  -  Random_Opponent

PGN-File: C:\Program Files (x86)\Arena\Tournaments\Engine Battle 20251024.pgn

No:  B/W 1/2     W:B       1:2           Time        Value Moves Dep 1:2       1-2-Draws
   2 B 1    1.0:0.0        2.0:0.0       8:05:22 PM     0.00    11 4.333 :0 2-0-0

--------------------------------------------------------------

Engine-Match Friday, October 24, 2025 8:05:23 PM
 Blitz 5/1 

Pairing 1/3 :    V7P3R_v13x_Engine  -  V7P3R_v12.6

PGN-File: C:\Program Files (x86)\Arena\Tournaments\Engine Battle 20251024.pgn

No:  B/W 1/2     W:B       1:2           Time        Value Moves Dep 1:2       1-2-Draws
   3 B 2    1.0:0.0        0.0:3.0       8:10:52 PM   -33.30    17 4.600 :4.071  0-3-0

--------------------------------------------------------------

Engine-Match Friday, October 24, 2025 8:10:53 PM
 Blitz 5/1 

Pairing 2/3 :    Random_Opponent  -  V7P3R_v13x_Engine

PGN-File: C:\Program Files (x86)\Arena\Tournaments\Engine Battle 20251024.pgn

No:  B/W 1/2     W:B       1:2           Time        Value Moves Dep 1:2       1-2-Draws
   3 B 2    1.0:0.0        0.0:3.0       8:13:41 PM  -289.99    18 0:4.563  0-3-0

--------------------------------------------------------------

Engine-Match Friday, October 24, 2025 8:13:42 PM
 Blitz 5/1 

Pairing 3/3 :    V7P3R_v12.6  -  Random_Opponent

PGN-File: C:\Program Files (x86)\Arena\Tournaments\Engine Battle 20251024.pgn

No:  B/W 1/2     W:B       1:2           Time        Value Moves Dep 1:2       1-2-Draws
   3 W 1    1.0:0.0        3.0:0.0       8:17:10 PM     0.00    24 4.579 :0 3-0-0

--------------------------------------------------------------

Engine-Match Friday, October 24, 2025 8:17:12 PM
 Blitz 5/1 

Pairing 1/3 :    V7P3R_v13x_Engine  -  V7P3R_v12.6

PGN-File: C:\Program Files (x86)\Arena\Tournaments\Engine Battle 20251024.pgn

No:  B/W 1/2     W:B       1:2           Time        Value Moves Dep 1:2       1-2-Draws
   4 W 2    1.0:0.0        0.0:4.0       8:22:49 PM   +21.39    17 4.643 :4.571  0-4-0

--------------------------------------------------------------

Engine-Match Friday, October 24, 2025 8:22:50 PM
 Blitz 5/1 

Pairing 2/3 :    Random_Opponent  -  V7P3R_v13x_Engine

PGN-File: C:\Program Files (x86)\Arena\Tournaments\Engine Battle 20251024.pgn

No:  B/W 1/2     W:B       1:2           Time        Value Moves Dep 1:2       1-2-Draws
   4 W 2    1.0:0.0        0.0:4.0       8:28:24 PM  +289.99    51 0:4.522  0-4-0

--------------------------------------------------------------

Engine-Match Friday, October 24, 2025 8:28:26 PM
 Blitz 5/1 

Pairing 3/3 :    V7P3R_v12.6  -  Random_Opponent

PGN-File: C:\Program Files (x86)\Arena\Tournaments\Engine Battle 20251024.pgn

No:  B/W 1/2     W:B       1:2           Time        Value Moves Dep 1:2       1-2-Draws
   4 B 1    1.0:0.0        4.0:0.0       8:29:42 PM  -289.97     8 4.571 :0 4-0-0

--------------------------------------------------------------

Engine-Match Friday, October 24, 2025 8:29:43 PM
 Blitz 5/1 

Pairing 1/3 :    V7P3R_v13x_Engine  -  V7P3R_v12.6

PGN-File: C:\Program Files (x86)\Arena\Tournaments\Engine Battle 20251024.pgn

No:  B/W 1/2     W:B       1:2           Time        Value Moves Dep 1:2       1-2-Draws
   5 B 2    1.0:0.0        0.0:5.0       8:35:19 PM   -33.30    17 4.600 :4.071  0-5-0

--------------------------------------------------------------

Engine-Match Friday, October 24, 2025 8:35:21 PM
 Blitz 5/1 

Pairing 2/3 :    Random_Opponent  -  V7P3R_v13x_Engine

PGN-File: C:\Program Files (x86)\Arena\Tournaments\Engine Battle 20251024.pgn

No:  B/W 1/2     W:B       1:2           Time        Value Moves Dep 1:2       1-2-Draws
   5 * *     0.0:0.0        0.0:4.0       8:39:45 PM     0.00    30 0:4.222  0-4-0
