Engine-Match Tuesday, October 21, 2025 11:51:38 AM
 Blitz 1/1 

Pairing 1/10 :    V7P3R_v12.6  -  VPR_v3.0

PGN-File: C:\Program Files (x86)\Arena\Tournaments\Engine Battle 20251021.pgn

No:  B/W 1/2     W:B       1:2           Time        Value Moves Dep 1:2       1-2-Draws
   1 W 1    1.0:0.0        1.0:0.0       11:52:54 AM     0.00    15 3.143 :4.455  1-0-0

--------------------------------------------------------------

Engine-Match Tuesday, October 21, 2025 11:52:55 AM
 Blitz 1/1 

Pairing 2/10 :    VPR_v2.0  -  VPR_v1.0

PGN-File: C:\Program Files (x86)\Arena\Tournaments\Engine Battle 20251021.pgn

No:  B/W 1/2     W:B       1:2           Time        Value Moves Dep 1:2       1-2-Draws
   1 W 1    1.0:0.0        1.0:0.0       11:55:19 AM   +10.21    35 3.300 :2.400  1-0-0

--------------------------------------------------------------

Engine-Match Tuesday, October 21, 2025 11:55:20 AM
 Blitz 1/1 

Pairing 3/10 :    VPR_v4.0  -  VPR_v2.0

PGN-File: C:\Program Files (x86)\Arena\Tournaments\Engine Battle 20251021.pgn

No:  B/W 1/2     W:B       1:2           Time        Value Moves Dep 1:2       1-2-Draws
   1 = =    0.5:0.5        0.5:0.5       11:57:28 AM    +0.20    29 2.276 :3.571  0-0-1

--------------------------------------------------------------

Engine-Match Tuesday, October 21, 2025 11:57:29 AM
 Blitz 1/1 

Pairing 4/10 :    VPR_v1.0  -  V7P3R_v12.6

PGN-File: C:\Program Files (x86)\Arena\Tournaments\Engine Battle 20251021.pgn

No:  B/W 1/2     W:B       1:2           Time        Value Moves Dep 1:2       1-2-Draws
   1 B 2    1.0:0.0        0.0:1.0       11:58:23 AM   -10.46    13 0:3.000  0-1-0

--------------------------------------------------------------

Engine-Match Tuesday, October 21, 2025 11:58:24 AM
 Blitz 1/1 

Pairing 5/10 :    VPR_v3.0  -  VPR_v1.0

PGN-File: C:\Program Files (x86)\Arena\Tournaments\Engine Battle 20251021.pgn

No:  B/W 1/2     W:B       1:2           Time        Value Moves Dep 1:2       1-2-Draws
   1 W 1    1.0:0.0        1.0:0.0       12:01:31 PM   +10.50    50 3.714 :2.167  1-0-0

--------------------------------------------------------------

Engine-Match Tuesday, October 21, 2025 12:01:33 PM
 Blitz 1/1 

Pairing 6/10 :    V7P3R_v12.6  -  VPR_v4.0

PGN-File: C:\Program Files (x86)\Arena\Tournaments\Engine Battle 20251021.pgn

No:  B/W 1/2     W:B       1:2           Time        Value Moves Dep 1:2       1-2-Draws
   1 W 1    1.0:0.0        1.0:0.0       12:03:26 PM     0.00    23 3.316 :2.950  1-0-0

--------------------------------------------------------------

Engine-Match Tuesday, October 21, 2025 12:03:28 PM
 Blitz 1/1 

Pairing 7/10 :    VPR_v2.0  -  V7P3R_v12.6

PGN-File: C:\Program Files (x86)\Arena\Tournaments\Engine Battle 20251021.pgn

No:  B/W 1/2     W:B       1:2           Time        Value Moves Dep 1:2       1-2-Draws
   1 B 2    1.0:0.0        0.0:1.0       12:05:07 PM     0.00    21 4.053 :3.250  0-1-0

--------------------------------------------------------------

Engine-Match Tuesday, October 21, 2025 12:05:08 PM
 Blitz 1/1 

Pairing 8/10 :    VPR_v4.0  -  VPR_v3.0

PGN-File: C:\Program Files (x86)\Arena\Tournaments\Engine Battle 20251021.pgn

No:  B/W 1/2     W:B       1:2           Time        Value Moves Dep 1:2       1-2-Draws
   1 = =    0.5:0.5        0.5:0.5       12:11:34 PM    +M500   123 2.471 :3.633  0-0-1

--------------------------------------------------------------

Engine-Match Tuesday, October 21, 2025 12:11:35 PM
 Blitz 1/1 

Pairing 9/10 :    VPR_v1.0  -  VPR_v4.0

PGN-File: C:\Program Files (x86)\Arena\Tournaments\Engine Battle 20251021.pgn

No:  B/W 1/2     W:B       1:2           Time        Value Moves Dep 1:2       1-2-Draws
   1 = =    0.5:0.5        0.5:0.5       12:13:55 PM    -7.21    32 2.250 :2.500  0-0-1

--------------------------------------------------------------

Engine-Match Tuesday, October 21, 2025 12:13:57 PM
 Blitz 1/1 

Pairing 10/10 :    VPR_v3.0  -  VPR_v2.0

PGN-File: C:\Program Files (x86)\Arena\Tournaments\Engine Battle 20251021.pgn

No:  B/W 1/2     W:B       1:2           Time        Value Moves Dep 1:2       1-2-Draws
   1 = =    0.5:0.5        0.5:0.5       12:16:24 PM    +0.24    34 3.294 :3.303  0-0-1

--------------------------------------------------------------

Engine-Match Tuesday, October 21, 2025 12:16:25 PM
 Blitz 1/1 

Pairing 1/10 :    V7P3R_v12.6  -  VPR_v3.0

PGN-File: C:\Program Files (x86)\Arena\Tournaments\Engine Battle 20251021.pgn

No:  B/W 1/2     W:B       1:2           Time        Value Moves Dep 1:2       1-2-Draws
   2 B 1    1.0:0.0        2.0:0.0       12:17:53 PM  -289.96    15 3.385 :3.533  2-0-0

--------------------------------------------------------------

Engine-Match Tuesday, October 21, 2025 12:17:54 PM
 Blitz 1/1 

Pairing 2/10 :    VPR_v2.0  -  VPR_v1.0

PGN-File: C:\Program Files (x86)\Arena\Tournaments\Engine Battle 20251021.pgn

No:  B/W 1/2     W:B       1:2           Time        Value Moves Dep 1:2       1-2-Draws
   2 B 1    1.0:0.0        2.0:0.0       12:20:21 PM    -M500    40 3.591 :2.143  2-0-0

--------------------------------------------------------------

Engine-Match Tuesday, October 21, 2025 12:20:22 PM
 Blitz 1/1 

Pairing 3/10 :    VPR_v4.0  -  VPR_v2.0

PGN-File: C:\Program Files (x86)\Arena\Tournaments\Engine Battle 20251021.pgn

No:  B/W 1/2     W:B       1:2           Time        Value Moves Dep 1:2       1-2-Draws
   2 = =    1.0:1.0        1.0:1.0       12:23:42 PM    -0.17    54 2.472 :3.654  0-0-2

--------------------------------------------------------------

Engine-Match Tuesday, October 21, 2025 12:23:44 PM
 Blitz 1/1 

Pairing 4/10 :    VPR_v1.0  -  V7P3R_v12.6

PGN-File: C:\Program Files (x86)\Arena\Tournaments\Engine Battle 20251021.pgn

No:  B/W 1/2     W:B       1:2           Time        Value Moves Dep 1:2       1-2-Draws
   2 W 2    1.0:0.0        0.0:2.0       12:25:21 PM   +11.20    24 2.000 :3.385  0-2-0

--------------------------------------------------------------

Engine-Match Tuesday, October 21, 2025 12:25:23 PM
 Blitz 1/1 

Pairing 5/10 :    VPR_v3.0  -  VPR_v1.0

PGN-File: C:\Program Files (x86)\Arena\Tournaments\Engine Battle 20251021.pgn

No:  B/W 1/2     W:B       1:2           Time        Value Moves Dep 1:2       1-2-Draws
   2 B 1    1.0:0.0        2.0:0.0       12:26:57 PM   -11.80    21 3.500 :2.200  2-0-0

--------------------------------------------------------------

Engine-Match Tuesday, October 21, 2025 12:26:59 PM
 Blitz 1/1 

Pairing 6/10 :    V7P3R_v12.6  -  VPR_v4.0

PGN-File: C:\Program Files (x86)\Arena\Tournaments\Engine Battle 20251021.pgn

No:  B/W 1/2     W:B       1:2           Time        Value Moves Dep 1:2       1-2-Draws
   2 B 1    1.0:0.0        2.0:0.0       12:29:57 PM  -289.97    40 3.519 :2.821  2-0-0

--------------------------------------------------------------

Engine-Match Tuesday, October 21, 2025 12:29:58 PM
 Blitz 1/1 

Pairing 7/10 :    VPR_v2.0  -  V7P3R_v12.6

PGN-File: C:\Program Files (x86)\Arena\Tournaments\Engine Battle 20251021.pgn

No:  B/W 1/2     W:B       1:2           Time        Value Moves Dep 1:2       1-2-Draws
   2 W 2    1.0:0.0        0.0:2.0       12:31:22 PM     0.00    15 4.273 :3.143  0-2-0

--------------------------------------------------------------

Engine-Match Tuesday, October 21, 2025 12:31:24 PM
 Blitz 1/1 

Pairing 8/10 :    VPR_v4.0  -  VPR_v3.0

PGN-File: C:\Program Files (x86)\Arena\Tournaments\Engine Battle 20251021.pgn

No:  B/W 1/2     W:B       1:2           Time        Value Moves Dep 1:2       1-2-Draws
   2 = =    1.0:1.0        1.0:1.0       12:36:58 PM    +M500   101 2.520 :3.920  0-0-2

--------------------------------------------------------------

Engine-Match Tuesday, October 21, 2025 12:37:00 PM
 Blitz 1/1 

Pairing 9/10 :    VPR_v1.0  -  VPR_v4.0

PGN-File: C:\Program Files (x86)\Arena\Tournaments\Engine Battle 20251021.pgn

No:  B/W 1/2     W:B       1:2           Time        Value Moves Dep 1:2       1-2-Draws
   2 = =    1.0:1.0        1.0:1.0       12:40:53 PM     0.00    63 0:3.167  0-0-2

--------------------------------------------------------------

Engine-Match Tuesday, October 21, 2025 12:40:54 PM
 Blitz 1/1 

Pairing 10/10 :    VPR_v3.0  -  VPR_v2.0

PGN-File: C:\Program Files (x86)\Arena\Tournaments\Engine Battle 20251021.pgn

No:  B/W 1/2     W:B       1:2           Time        Value Moves Dep 1:2       1-2-Draws
   2 = =    1.0:1.0        1.0:1.0       12:41:27 PM    -0.10     6 4.200 :4.167  0-0-2

--------------------------------------------------------------

Engine-Match Tuesday, October 21, 2025 12:43:47 PM
 Blitz 2/1 

Pairing 1/1 :    V7P3R_v12.6  -  VPR_v4.0

PGN-File: C:\Program Files (x86)\Arena\Tournaments\Engine Battle 20251021.pgn

No:  B/W 1/2     W:B       1:2           Time        Value Moves Dep 1:2       1-2-Draws
   1 W 1    1.0:0.0        1.0:0.0       12:48:10 PM     0.00    32 3.786 :3.065  1-0-0
   2 B 1    2.0:0.0        2.0:0.0       12:50:45 PM  -289.97    18 3.837 :3.191  2-0-0
   3 W 1    3.0:0.0        3.0:0.0       12:54:28 PM  +289.97    26 3.879 :3.197  3-0-0
   4 B 1    4.0:0.0        4.0:0.0       12:57:35 PM     0.00    23 3.906 :3.194  4-0-0
   5 W 1    5.0:0.0        5.0:0.0       1:01:33 PM     0.00    33 3.849 :3.178  5-0-0
   6 B 1    6.0:0.0        6.0:0.0       1:05:02 PM     0.00    30 3.855 :3.183  6-0-0
   7 W 1    7.0:0.0        7.0:0.0       1:08:42 PM  +289.97    28 3.852 :3.196  7-0-0
   8 B 1    8.0:0.0        8.0:0.0       1:11:24 PM     0.00    19 3.862 :3.182  8-0-0
   9 W 1    9.0:0.0        9.0:0.0       1:13:49 PM  +289.97    18 3.844 :3.173  9-0-0
  10 B 1    10.0:0.0       10.0:0.0      1:17:48 PM     0.00    34 3.832 :3.186  10-0-0
