Engine-Match Saturday, October 4, 2025 10:33:18 AM
 Blitz 5/1 

Pairing 1/15 :    V7P3R_v10.8  -  Random_Opponent

PGN-File: C:\Program Files (x86)\Arena\Tournaments\Engine Battle 20251004.pgn

No:  B/W 1/2     W:B       1:2           Time        Value Moves Dep 1:2       1-2-Draws
   1 * *     0.0:0.0        0.0:0.0       10:33:24 AM     0.00     0 0:0 0-0-0

--------------------------------------------------------------

Engine-Match Saturday, October 4, 2025 10:34:32 AM
 Blitz 10/1 

Pairing 1/15 :    V7P3R_v12.6  -  V7P3R_v12.2

PGN-File: C:\Program Files (x86)\Arena\Tournaments\Engine Battle 20251004.pgn

No:  B/W 1/2     W:B       1:2           Time        Value Moves Dep 1:2       1-2-Draws
   1 W 1    1.0:0.0        1.0:0.0       10:54:19 AM     0.00    69 4.563 :5.000  1-0-0

--------------------------------------------------------------

Engine-Match Saturday, October 4, 2025 10:54:20 AM
 Blitz 10/1 

Pairing 2/15 :    Stockfish 1%  -  SlowMate_v3.1

PGN-File: C:\Program Files (x86)\Arena\Tournaments\Engine Battle 20251004.pgn

No:  B/W 1/2     W:B       1:2           Time        Value Moves Dep 1:2       1-2-Draws
   1 W 1    1.0:0.0        1.0:0.0       11:02:36 AM      +M1    54 16.050 :3.509  1-0-0

--------------------------------------------------------------

Engine-Match Saturday, October 4, 2025 11:02:37 AM
 Blitz 10/1 

Pairing 3/15 :    C0BR4_v2.9  -  Random_Opponent

PGN-File: C:\Program Files (x86)\Arena\Tournaments\Engine Battle 20251004.pgn

No:  B/W 1/2     W:B       1:2           Time        Value Moves Dep 1:2       1-2-Draws
   1 W 1    1.0:0.0        1.0:0.0       11:02:48 AM  +299.97    13 4.000 :0 1-0-0

--------------------------------------------------------------

Engine-Match Saturday, October 4, 2025 11:02:49 AM
 Blitz 10/1 

Pairing 4/15 :    Stockfish 1%  -  V7P3R_v12.6

PGN-File: C:\Program Files (x86)\Arena\Tournaments\Engine Battle 20251004.pgn

No:  B/W 1/2     W:B       1:2           Time        Value Moves Dep 1:2       1-2-Draws
   1 W 1    1.0:0.0        1.0:0.0       11:09:39 AM   +11.36    25 16.300 :4.833  1-0-0

--------------------------------------------------------------

Engine-Match Saturday, October 4, 2025 11:09:40 AM
 Blitz 10/1 

Pairing 5/15 :    Random_Opponent  -  V7P3R_v12.2

PGN-File: C:\Program Files (x86)\Arena\Tournaments\Engine Battle 20251004.pgn

No:  B/W 1/2     W:B       1:2           Time        Value Moves Dep 1:2       1-2-Draws
   1 B 2    1.0:0.0        0.0:1.0       11:14:07 AM  -289.98    18 0:4.867  0-1-0

--------------------------------------------------------------

Engine-Match Saturday, October 4, 2025 11:14:09 AM
 Blitz 10/1 

Pairing 6/15 :    SlowMate_v3.1  -  C0BR4_v2.9

PGN-File: C:\Program Files (x86)\Arena\Tournaments\Engine Battle 20251004.pgn

No:  B/W 1/2     W:B       1:2           Time        Value Moves Dep 1:2       1-2-Draws
   1 = =    0.5:0.5        0.5:0.5       11:21:36 AM    +3.54    42 4.263 :4.000  0-0-1

--------------------------------------------------------------

Engine-Match Saturday, October 4, 2025 11:21:38 AM
 Blitz 10/1 

Pairing 7/15 :    V7P3R_v12.6  -  Random_Opponent

PGN-File: C:\Program Files (x86)\Arena\Tournaments\Engine Battle 20251004.pgn

No:  B/W 1/2     W:B       1:2           Time        Value Moves Dep 1:2       1-2-Draws
   1 W 1    1.0:0.0        1.0:0.0       11:27:35 AM  +289.99    23 4.850 :0 1-0-0

--------------------------------------------------------------

Engine-Match Saturday, October 4, 2025 11:27:36 AM
 Blitz 10/1 

Pairing 8/15 :    C0BR4_v2.9  -  Stockfish 1%

PGN-File: C:\Program Files (x86)\Arena\Tournaments\Engine Battle 20251004.pgn

No:  B/W 1/2     W:B       1:2           Time        Value Moves Dep 1:2       1-2-Draws
   1 B 2    1.0:0.0        0.0:1.0       11:28:01 AM      -M1    21 3.950 :16.850  0-1-0

--------------------------------------------------------------

Engine-Match Saturday, October 4, 2025 11:28:02 AM
 Blitz 10/1 

Pairing 9/15 :    V7P3R_v12.2  -  SlowMate_v3.1

PGN-File: C:\Program Files (x86)\Arena\Tournaments\Engine Battle 20251004.pgn

No:  B/W 1/2     W:B       1:2           Time        Value Moves Dep 1:2       1-2-Draws
   1 = =    0.5:0.5        0.5:0.5       11:45:09 AM    -7.70    51 5.167 :4.261  0-0-1

--------------------------------------------------------------

Engine-Match Saturday, October 4, 2025 11:45:10 AM
 Blitz 10/1 

Pairing 10/15 :    C0BR4_v2.9  -  V7P3R_v12.6

PGN-File: C:\Program Files (x86)\Arena\Tournaments\Engine Battle 20251004.pgn

No:  B/W 1/2     W:B       1:2           Time        Value Moves Dep 1:2       1-2-Draws
   1 B 2    1.0:0.0        0.0:1.0       11:55:16 AM   -11.66    50 4.000 :4.348  0-1-0

--------------------------------------------------------------

Engine-Match Saturday, October 4, 2025 11:55:17 AM
 Blitz 10/1 

Pairing 11/15 :    SlowMate_v3.1  -  Random_Opponent

PGN-File: C:\Program Files (x86)\Arena\Tournaments\Engine Battle 20251004.pgn

No:  B/W 1/2     W:B       1:2           Time        Value Moves Dep 1:2       1-2-Draws
   1 W 1    1.0:0.0        1.0:0.0       12:01:31 PM  +172.36    36 3.944 :0 1-0-0

--------------------------------------------------------------

Engine-Match Saturday, October 4, 2025 12:01:32 PM
 Blitz 10/1 

Pairing 12/15 :    Stockfish 1%  -  V7P3R_v12.2

PGN-File: C:\Program Files (x86)\Arena\Tournaments\Engine Battle 20251004.pgn

No:  B/W 1/2     W:B       1:2           Time        Value Moves Dep 1:2       1-2-Draws
   1 W 1    1.0:0.0        1.0:0.0       12:06:50 PM      +M1    24 15.250 :5.182  1-0-0

--------------------------------------------------------------

Engine-Match Saturday, October 4, 2025 12:06:51 PM
 Blitz 10/1 

Pairing 13/15 :    V7P3R_v12.6  -  SlowMate_v3.1

PGN-File: C:\Program Files (x86)\Arena\Tournaments\Engine Battle 20251004.pgn

No:  B/W 1/2     W:B       1:2           Time        Value Moves Dep 1:2       1-2-Draws
   1 W 1    1.0:0.0        1.0:0.0       12:15:33 PM  +289.99    18 4.467 :3.588  1-0-0

--------------------------------------------------------------

Engine-Match Saturday, October 4, 2025 12:15:34 PM
 Blitz 10/1 

Pairing 14/15 :    V7P3R_v12.2  -  C0BR4_v2.9

PGN-File: C:\Program Files (x86)\Arena\Tournaments\Engine Battle 20251004.pgn

No:  B/W 1/2     W:B       1:2           Time        Value Moves Dep 1:2       1-2-Draws
   1 = =    0.5:0.5        0.5:0.5       12:25:12 PM    -4.79    48 4.542 :4.000  0-0-1

--------------------------------------------------------------

Engine-Match Saturday, October 4, 2025 12:25:13 PM
 Blitz 10/1 

Pairing 15/15 :    Random_Opponent  -  Stockfish 1%

PGN-File: C:\Program Files (x86)\Arena\Tournaments\Engine Battle 20251004.pgn

No:  B/W 1/2     W:B       1:2           Time        Value Moves Dep 1:2       1-2-Draws
   1 B 2    1.0:0.0        0.0:1.0       12:25:24 PM      -M1    12 0:23.333  0-1-0

--------------------------------------------------------------

Engine-Match Saturday, October 4, 2025 12:25:25 PM
 Blitz 10/1 

Pairing 1/15 :    V7P3R_v12.6  -  V7P3R_v12.2

PGN-File: C:\Program Files (x86)\Arena\Tournaments\Engine Battle 20251004.pgn

No:  B/W 1/2     W:B       1:2           Time        Value Moves Dep 1:2       1-2-Draws
   2 = =    0.5:0.5        1.5:0.5       12:43:18 PM     0.00    49 4.233 :4.618  1-0-1

--------------------------------------------------------------

Engine-Match Saturday, October 4, 2025 12:43:19 PM
 Blitz 10/1 

Pairing 2/15 :    Stockfish 1%  -  SlowMate_v3.1

PGN-File: C:\Program Files (x86)\Arena\Tournaments\Engine Battle 20251004.pgn

No:  B/W 1/2     W:B       1:2           Time        Value Moves Dep 1:2       1-2-Draws
   2 B 1    1.0:0.0        2.0:0.0       12:48:26 PM      -M1    26 18.174 :4.115  2-0-0

--------------------------------------------------------------

Engine-Match Saturday, October 4, 2025 12:48:27 PM
 Blitz 10/1 

Pairing 3/15 :    C0BR4_v2.9  -  Random_Opponent

PGN-File: C:\Program Files (x86)\Arena\Tournaments\Engine Battle 20251004.pgn

No:  B/W 1/2     W:B       1:2           Time        Value Moves Dep 1:2       1-2-Draws
   2 B 1    1.0:0.0        2.0:0.0       12:48:39 PM  -299.97    19 4.000 :0 2-0-0

--------------------------------------------------------------

Engine-Match Saturday, October 4, 2025 12:48:41 PM
 Blitz 10/1 

Pairing 4/15 :    Stockfish 1%  -  V7P3R_v12.6

PGN-File: C:\Program Files (x86)\Arena\Tournaments\Engine Battle 20251004.pgn

No:  B/W 1/2     W:B       1:2           Time        Value Moves Dep 1:2       1-2-Draws
   2 B 1    1.0:0.0        2.0:0.0       12:57:47 PM      -M1    42 16.409 :4.212  2-0-0

--------------------------------------------------------------

Engine-Match Saturday, October 4, 2025 12:57:48 PM
 Blitz 10/1 

Pairing 5/15 :    Random_Opponent  -  V7P3R_v12.2

PGN-File: C:\Program Files (x86)\Arena\Tournaments\Engine Battle 20251004.pgn

No:  B/W 1/2     W:B       1:2           Time        Value Moves Dep 1:2       1-2-Draws
   2 W 2    1.0:0.0        0.0:2.0       1:01:17 PM     0.00    18 0:5.231  0-2-0

--------------------------------------------------------------

Engine-Match Saturday, October 4, 2025 1:01:24 PM
 Blitz 10/1 

Pairing 6/15 :    SlowMate_v3.1  -  C0BR4_v2.9

PGN-File: C:\Program Files (x86)\Arena\Tournaments\Engine Battle 20251004.pgn

No:  B/W 1/2     W:B       1:2           Time        Value Moves Dep 1:2       1-2-Draws
   2 W 2    1.5:0.5        0.5:1.5       1:04:12 PM  +299.97    13 4.000 :4.000  0-1-1

--------------------------------------------------------------

Engine-Match Saturday, October 4, 2025 1:04:14 PM
 Blitz 10/1 

Pairing 7/15 :    V7P3R_v12.6  -  Random_Opponent

PGN-File: C:\Program Files (x86)\Arena\Tournaments\Engine Battle 20251004.pgn

No:  B/W 1/2     W:B       1:2           Time        Value Moves Dep 1:2       1-2-Draws
   2 B 1    1.0:0.0        2.0:0.0       1:08:54 PM  -289.98    17 4.500 :0 2-0-0

--------------------------------------------------------------

Engine-Match Saturday, October 4, 2025 1:08:55 PM
 Blitz 10/1 

Pairing 8/15 :    C0BR4_v2.9  -  Stockfish 1%

PGN-File: C:\Program Files (x86)\Arena\Tournaments\Engine Battle 20251004.pgn

No:  B/W 1/2     W:B       1:2           Time        Value Moves Dep 1:2       1-2-Draws
   2 W 2    1.0:0.0        0.0:2.0       1:09:19 PM    +9.99    26 4.000 :17.231  0-2-0

--------------------------------------------------------------

Engine-Match Saturday, October 4, 2025 1:09:20 PM
 Blitz 10/1 

Pairing 9/15 :    V7P3R_v12.2  -  SlowMate_v3.1

PGN-File: C:\Program Files (x86)\Arena\Tournaments\Engine Battle 20251004.pgn

No:  B/W 1/2     W:B       1:2           Time        Value Moves Dep 1:2       1-2-Draws
   2 = =    1.0:1.0        1.0:1.0       1:25:44 PM    -1.18    40 4.393 :3.400  0-0-2

--------------------------------------------------------------

Engine-Match Saturday, October 4, 2025 1:25:45 PM
 Blitz 10/1 

Pairing 10/15 :    C0BR4_v2.9  -  V7P3R_v12.6

PGN-File: C:\Program Files (x86)\Arena\Tournaments\Engine Battle 20251004.pgn

No:  B/W 1/2     W:B       1:2           Time        Value Moves Dep 1:2       1-2-Draws
   2 W 2    1.0:0.0        0.0:2.0       1:34:29 PM   +24.28    43 4.000 :4.692  0-2-0

--------------------------------------------------------------

Engine-Match Saturday, October 4, 2025 1:34:30 PM
 Blitz 10/1 

Pairing 11/15 :    SlowMate_v3.1  -  Random_Opponent

PGN-File: C:\Program Files (x86)\Arena\Tournaments\Engine Battle 20251004.pgn

No:  B/W 1/2     W:B       1:2           Time        Value Moves Dep 1:2       1-2-Draws
   2 = =    0.5:0.5        1.5:0.5       1:38:40 PM  -200.00    21 4.190 :0 1-0-1

--------------------------------------------------------------

Engine-Match Saturday, October 4, 2025 1:38:42 PM
 Blitz 10/1 

Pairing 12/15 :    Stockfish 1%  -  V7P3R_v12.2

PGN-File: C:\Program Files (x86)\Arena\Tournaments\Engine Battle 20251004.pgn

No:  B/W 1/2     W:B       1:2           Time        Value Moves Dep 1:2       1-2-Draws
   2 B 1    1.0:0.0        2.0:0.0       1:47:33 PM      -M1    39 15.880 :4.235  2-0-0

--------------------------------------------------------------

Engine-Match Saturday, October 4, 2025 1:47:34 PM
 Blitz 10/1 

Pairing 13/15 :    V7P3R_v12.6  -  SlowMate_v3.1

PGN-File: C:\Program Files (x86)\Arena\Tournaments\Engine Battle 20251004.pgn

No:  B/W 1/2     W:B       1:2           Time        Value Moves Dep 1:2       1-2-Draws
   2 = =    0.5:0.5        1.5:0.5       2:05:02 PM     0.00    54 4.269 :3.771  1-0-1

--------------------------------------------------------------

Engine-Match Saturday, October 4, 2025 2:05:03 PM
 Blitz 10/1 

Pairing 14/15 :    V7P3R_v12.2  -  C0BR4_v2.9

PGN-File: C:\Program Files (x86)\Arena\Tournaments\Engine Battle 20251004.pgn

No:  B/W 1/2     W:B       1:2           Time        Value Moves Dep 1:2       1-2-Draws
   2 = =    1.0:1.0        1.0:1.0       2:11:45 PM    +7.63    28 4.571 :4.000  0-0-2

--------------------------------------------------------------

Engine-Match Saturday, October 4, 2025 2:11:46 PM
 Blitz 10/1 

Pairing 15/15 :    Random_Opponent  -  Stockfish 1%

PGN-File: C:\Program Files (x86)\Arena\Tournaments\Engine Battle 20251004.pgn

No:  B/W 1/2     W:B       1:2           Time        Value Moves Dep 1:2       1-2-Draws
   2 W 2    1.0:0.0        0.0:2.0       2:12:00 PM      +M1    14 0:29.214  0-2-0

--------------------------------------------------------------

Engine-Match Saturday, October 4, 2025 2:12:01 PM
 Blitz 10/1 

Pairing 1/15 :    V7P3R_v12.6  -  V7P3R_v12.2

PGN-File: C:\Program Files (x86)\Arena\Tournaments\Engine Battle 20251004.pgn

No:  B/W 1/2     W:B       1:2           Time        Value Moves Dep 1:2       1-2-Draws
   2 * *     0.5:0.5        1.5:0.5       2:24:47 PM    +0.40    30 4.563 :5.000  1-0-1

--------------------------------------------------------------

Engine-Match Saturday, October 4, 2025 2:24:58 PM
 Blitz 10/1 

Pairing 1/15 :    V7P3R_v12.6  -  V7P3R_v12.2

PGN-File: C:\Program Files (x86)\Arena\Tournaments\Engine Battle 20251004.pgn

No:  B/W 1/2     W:B       1:2           Time        Value Moves Dep 1:2       1-2-Draws
   3 = =    1.0:1.0        2.0:1.0       2:36:48 PM     0.00    47 4.563 :5.000  1-0-2

--------------------------------------------------------------

Engine-Match Saturday, October 4, 2025 2:36:50 PM
 Blitz 10/1 

Pairing 2/15 :    Stockfish 1%  -  SlowMate_v3.1

PGN-File: C:\Program Files (x86)\Arena\Tournaments\Engine Battle 20251004.pgn

No:  B/W 1/2     W:B       1:2           Time        Value Moves Dep 1:2       1-2-Draws
   3 W 1    1.0:0.0        3.0:0.0       2:41:20 PM      +M1    23 16.571 :4.045  3-0-0

--------------------------------------------------------------

Engine-Match Saturday, October 4, 2025 2:41:22 PM
 Blitz 10/1 

Pairing 3/15 :    C0BR4_v2.9  -  Random_Opponent

PGN-File: C:\Program Files (x86)\Arena\Tournaments\Engine Battle 20251004.pgn

No:  B/W 1/2     W:B       1:2           Time        Value Moves Dep 1:2       1-2-Draws
   3 W 1    1.0:0.0        3.0:0.0       2:41:34 PM  +299.97    13 3.818 :0 3-0-0

--------------------------------------------------------------

Engine-Match Saturday, October 4, 2025 2:41:35 PM
 Blitz 10/1 

Pairing 4/15 :    Stockfish 1%  -  V7P3R_v12.6

PGN-File: C:\Program Files (x86)\Arena\Tournaments\Engine Battle 20251004.pgn

No:  B/W 1/2     W:B       1:2           Time        Value Moves Dep 1:2       1-2-Draws
   3 = =    0.5:0.5        2.5:0.5       2:51:53 PM     0.00    66 16.048 :4.833  2-0-1

--------------------------------------------------------------

Engine-Match Saturday, October 4, 2025 2:51:54 PM
 Blitz 10/1 

Pairing 5/15 :    Random_Opponent  -  V7P3R_v12.2

PGN-File: C:\Program Files (x86)\Arena\Tournaments\Engine Battle 20251004.pgn

No:  B/W 1/2     W:B       1:2           Time        Value Moves Dep 1:2       1-2-Draws
   3 B 2    1.0:0.0        0.0:3.0       2:55:20 PM  -289.99    14 0:5.417  0-3-0

--------------------------------------------------------------

Engine-Match Saturday, October 4, 2025 2:55:21 PM
 Blitz 10/1 

Pairing 6/15 :    SlowMate_v3.1  -  C0BR4_v2.9

PGN-File: C:\Program Files (x86)\Arena\Tournaments\Engine Battle 20251004.pgn

No:  B/W 1/2     W:B       1:2           Time        Value Moves Dep 1:2       1-2-Draws
   3 W 1    1.5:0.5        1.5:1.5       3:00:26 PM   +11.63    25 4.200 :4.000  1-1-1

--------------------------------------------------------------

Engine-Match Saturday, October 4, 2025 3:00:27 PM
 Blitz 10/1 

Pairing 7/15 :    V7P3R_v12.6  -  Random_Opponent

PGN-File: C:\Program Files (x86)\Arena\Tournaments\Engine Battle 20251004.pgn

No:  B/W 1/2     W:B       1:2           Time        Value Moves Dep 1:2       1-2-Draws
   3 W 1    1.0:0.0        3.0:0.0       3:03:33 PM  +289.99    14 4.917 :0 3-0-0

--------------------------------------------------------------

Engine-Match Saturday, October 4, 2025 3:03:34 PM
 Blitz 10/1 

Pairing 8/15 :    C0BR4_v2.9  -  Stockfish 1%

PGN-File: C:\Program Files (x86)\Arena\Tournaments\Engine Battle 20251004.pgn

No:  B/W 1/2     W:B       1:2           Time        Value Moves Dep 1:2       1-2-Draws
   3 B 2    1.0:0.0        0.0:3.0       3:03:53 PM      -M1    17 3.938 :20.765  0-3-0

--------------------------------------------------------------

Engine-Match Saturday, October 4, 2025 3:03:54 PM
 Blitz 10/1 

Pairing 9/15 :    V7P3R_v12.2  -  SlowMate_v3.1

PGN-File: C:\Program Files (x86)\Arena\Tournaments\Engine Battle 20251004.pgn

No:  B/W 1/2     W:B       1:2           Time        Value Moves Dep 1:2       1-2-Draws
   3 W 1    2.0:1.0        2.0:1.0       3:13:25 PM  +289.99    23 5.333 :4.364  1-0-2

--------------------------------------------------------------

Engine-Match Saturday, October 4, 2025 3:13:26 PM
 Blitz 10/1 

Pairing 10/15 :    C0BR4_v2.9  -  V7P3R_v12.6

PGN-File: C:\Program Files (x86)\Arena\Tournaments\Engine Battle 20251004.pgn

No:  B/W 1/2     W:B       1:2           Time        Value Moves Dep 1:2       1-2-Draws
   3 W 1    1.0:0.0        1.0:2.0       3:19:54 PM   +13.67    54 4.000 :4.636  1-2-0

--------------------------------------------------------------

Engine-Match Saturday, October 4, 2025 3:19:55 PM
 Blitz 10/1 

Pairing 11/15 :    SlowMate_v3.1  -  Random_Opponent

PGN-File: C:\Program Files (x86)\Arena\Tournaments\Engine Battle 20251004.pgn

No:  B/W 1/2     W:B       1:2           Time        Value Moves Dep 1:2       1-2-Draws
   3 W 1    1.5:0.5        2.5:0.5       3:21:21 PM  +124.41     6 4.667 :0 2-0-1

--------------------------------------------------------------

Engine-Match Saturday, October 4, 2025 3:21:22 PM
 Blitz 10/1 

Pairing 12/15 :    Stockfish 1%  -  V7P3R_v12.2

PGN-File: C:\Program Files (x86)\Arena\Tournaments\Engine Battle 20251004.pgn

No:  B/W 1/2     W:B       1:2           Time        Value Moves Dep 1:2       1-2-Draws
   3 W 1    1.0:0.0        3.0:0.0       3:26:22 PM      +M1    19 18.105 :5.200  3-0-0

--------------------------------------------------------------

Engine-Match Saturday, October 4, 2025 3:26:23 PM
 Blitz 10/1 

Pairing 13/15 :    V7P3R_v12.6  -  SlowMate_v3.1

PGN-File: C:\Program Files (x86)\Arena\Tournaments\Engine Battle 20251004.pgn

No:  B/W 1/2     W:B       1:2           Time        Value Moves Dep 1:2       1-2-Draws
   3 W 1    1.5:0.5        2.5:0.5       3:35:14 PM  +289.99    18 4.533 :3.706  2-0-1

--------------------------------------------------------------

Engine-Match Saturday, October 4, 2025 3:35:15 PM
 Blitz 10/1 

Pairing 14/15 :    V7P3R_v12.2  -  C0BR4_v2.9

PGN-File: C:\Program Files (x86)\Arena\Tournaments\Engine Battle 20251004.pgn

No:  B/W 1/2     W:B       1:2           Time        Value Moves Dep 1:2       1-2-Draws
   3 = =    1.5:1.5        1.5:1.5       3:42:34 PM    -1.23    26 4.550 :4.000  0-0-3

--------------------------------------------------------------

Engine-Match Saturday, October 4, 2025 3:42:35 PM
 Blitz 10/1 

Pairing 15/15 :    Random_Opponent  -  Stockfish 1%

PGN-File: C:\Program Files (x86)\Arena\Tournaments\Engine Battle 20251004.pgn

No:  B/W 1/2     W:B       1:2           Time        Value Moves Dep 1:2       1-2-Draws
   3 B 2    1.0:0.0        0.0:3.0       3:42:48 PM      -M1    18 0:19.611  0-3-0

--------------------------------------------------------------

Engine-Match Saturday, October 4, 2025 3:42:50 PM
 Blitz 10/1 

Pairing 1/15 :    V7P3R_v12.6  -  V7P3R_v12.2

PGN-File: C:\Program Files (x86)\Arena\Tournaments\Engine Battle 20251004.pgn

No:  B/W 1/2     W:B       1:2           Time        Value Moves Dep 1:2       1-2-Draws
   4 B 1    2.0:1.0        3.0:1.0       4:02:41 PM     0.00    65 4.545 :4.727  2-0-2

--------------------------------------------------------------

Engine-Match Saturday, October 4, 2025 4:02:42 PM
 Blitz 10/1 

Pairing 2/15 :    Stockfish 1%  -  SlowMate_v3.1

PGN-File: C:\Program Files (x86)\Arena\Tournaments\Engine Battle 20251004.pgn

No:  B/W 1/2     W:B       1:2           Time        Value Moves Dep 1:2       1-2-Draws
   4 W 2    1.0:0.0        3.0:1.0       4:15:47 PM  +172.30   147 15.714 :3.892  3-1-0

--------------------------------------------------------------

Engine-Match Saturday, October 4, 2025 4:15:48 PM
 Blitz 10/1 

Pairing 3/15 :    C0BR4_v2.9  -  Random_Opponent

PGN-File: C:\Program Files (x86)\Arena\Tournaments\Engine Battle 20251004.pgn

No:  B/W 1/2     W:B       1:2           Time        Value Moves Dep 1:2       1-2-Draws
   4 B 1    1.0:0.0        4.0:0.0       4:16:03 PM  -299.97    16 4.000 :0 4-0-0

--------------------------------------------------------------

Engine-Match Saturday, October 4, 2025 4:16:04 PM
 Blitz 10/1 

Pairing 4/15 :    Stockfish 1%  -  V7P3R_v12.6

PGN-File: C:\Program Files (x86)\Arena\Tournaments\Engine Battle 20251004.pgn

No:  B/W 1/2     W:B       1:2           Time        Value Moves Dep 1:2       1-2-Draws
   4 B 1    1.5:0.5        3.5:0.5       4:27:45 PM   -12.74   132 15.880 :4.450  3-0-1

--------------------------------------------------------------

Engine-Match Saturday, October 4, 2025 4:27:47 PM
 Blitz 10/1 

Pairing 5/15 :    Random_Opponent  -  V7P3R_v12.2

PGN-File: C:\Program Files (x86)\Arena\Tournaments\Engine Battle 20251004.pgn

No:  B/W 1/2     W:B       1:2           Time        Value Moves Dep 1:2       1-2-Draws
   4 W 2    1.0:0.0        0.0:4.0       4:31:01 PM  +289.98    11 0:4.818  0-4-0

--------------------------------------------------------------

Engine-Match Saturday, October 4, 2025 4:31:09 PM
 Blitz 10/1 

Pairing 6/15 :    SlowMate_v3.1  -  C0BR4_v2.9

PGN-File: C:\Program Files (x86)\Arena\Tournaments\Engine Battle 20251004.pgn

No:  B/W 1/2     W:B       1:2           Time        Value Moves Dep 1:2       1-2-Draws
   4 B 1    1.5:0.5        2.5:1.5       4:35:20 PM   -12.31    21 4.150 :4.000  2-1-1

--------------------------------------------------------------

Engine-Match Saturday, October 4, 2025 4:35:22 PM
 Blitz 10/1 

Pairing 7/15 :    V7P3R_v12.6  -  Random_Opponent

PGN-File: C:\Program Files (x86)\Arena\Tournaments\Engine Battle 20251004.pgn

No:  B/W 1/2     W:B       1:2           Time        Value Moves Dep 1:2       1-2-Draws
   4 B 1    1.0:0.0        4.0:0.0       4:41:12 PM  -289.98    19 4.882 :0 4-0-0

--------------------------------------------------------------

Engine-Match Saturday, October 4, 2025 4:41:14 PM
 Blitz 10/1 

Pairing 8/15 :    C0BR4_v2.9  -  Stockfish 1%

PGN-File: C:\Program Files (x86)\Arena\Tournaments\Engine Battle 20251004.pgn

No:  B/W 1/2     W:B       1:2           Time        Value Moves Dep 1:2       1-2-Draws
   4 W 2    1.0:0.0        0.0:4.0       4:41:39 PM  +299.97    32 4.000 :17.150  0-4-0

--------------------------------------------------------------

Engine-Match Saturday, October 4, 2025 4:41:40 PM
 Blitz 10/1 

Pairing 9/15 :    V7P3R_v12.2  -  SlowMate_v3.1

PGN-File: C:\Program Files (x86)\Arena\Tournaments\Engine Battle 20251004.pgn

No:  B/W 1/2     W:B       1:2           Time        Value Moves Dep 1:2       1-2-Draws
   4 B 1    2.0:1.0        3.0:1.0       4:56:26 PM  -289.99    41 4.448 :3.622  2-0-2

--------------------------------------------------------------

Engine-Match Saturday, October 4, 2025 4:56:28 PM
 Blitz 10/1 

Pairing 10/15 :    C0BR4_v2.9  -  V7P3R_v12.6

PGN-File: C:\Program Files (x86)\Arena\Tournaments\Engine Battle 20251004.pgn

No:  B/W 1/2     W:B       1:2           Time        Value Moves Dep 1:2       1-2-Draws
   4 = =    0.5:0.5        1.5:2.5       5:05:03 PM    -5.89    45 4.000 :4.714  1-2-1

--------------------------------------------------------------

Engine-Match Saturday, October 4, 2025 5:05:04 PM
 Blitz 10/1 

Pairing 11/15 :    SlowMate_v3.1  -  Random_Opponent

PGN-File: C:\Program Files (x86)\Arena\Tournaments\Engine Battle 20251004.pgn

No:  B/W 1/2     W:B       1:2           Time        Value Moves Dep 1:2       1-2-Draws
   4 = =    1.0:1.0        3.0:1.0       5:13:19 PM  -200.00    55 3.765 :0 2-0-2

--------------------------------------------------------------

Engine-Match Saturday, October 4, 2025 5:13:20 PM
 Blitz 10/1 

Pairing 12/15 :    Stockfish 1%  -  V7P3R_v12.2

PGN-File: C:\Program Files (x86)\Arena\Tournaments\Engine Battle 20251004.pgn

No:  B/W 1/2     W:B       1:2           Time        Value Moves Dep 1:2       1-2-Draws
   4 B 1    1.0:0.0        4.0:0.0       5:20:21 PM      -M1    30 18.214 :4.636  4-0-0

--------------------------------------------------------------

Engine-Match Saturday, October 4, 2025 5:20:22 PM
 Blitz 10/1 

Pairing 13/15 :    V7P3R_v12.6  -  SlowMate_v3.1

PGN-File: C:\Program Files (x86)\Arena\Tournaments\Engine Battle 20251004.pgn

No:  B/W 1/2     W:B       1:2           Time        Value Moves Dep 1:2       1-2-Draws
   4 B 1    1.5:0.5        3.5:0.5       5:36:35 PM  -289.98    46 4.227 :3.708  3-0-1

--------------------------------------------------------------

Engine-Match Saturday, October 4, 2025 5:36:36 PM
 Blitz 10/1 

Pairing 14/15 :    V7P3R_v12.2  -  C0BR4_v2.9

PGN-File: C:\Program Files (x86)\Arena\Tournaments\Engine Battle 20251004.pgn

No:  B/W 1/2     W:B       1:2           Time        Value Moves Dep 1:2       1-2-Draws
   4 W 2    2.5:1.5        1.5:2.5       5:42:34 PM  +299.97    34 4.647 :4.000  0-1-3

--------------------------------------------------------------

Engine-Match Saturday, October 4, 2025 5:42:35 PM
 Blitz 10/1 

Pairing 15/15 :    Random_Opponent  -  Stockfish 1%

PGN-File: C:\Program Files (x86)\Arena\Tournaments\Engine Battle 20251004.pgn

No:  B/W 1/2     W:B       1:2           Time        Value Moves Dep 1:2       1-2-Draws
   4 W 2    1.0:0.0        0.0:4.0       5:42:50 PM      +M1    21 0:22.571  0-4-0

--------------------------------------------------------------

Engine-Match Saturday, October 4, 2025 5:42:51 PM
 Blitz 10/1 

Pairing 1/15 :    V7P3R_v12.6  -  V7P3R_v12.2

PGN-File: C:\Program Files (x86)\Arena\Tournaments\Engine Battle 20251004.pgn

No:  B/W 1/2     W:B       1:2           Time        Value Moves Dep 1:2       1-2-Draws
   5 = =    1.5:1.5        3.5:1.5       5:55:59 PM     0.00    48 4.563 :5.000  2-0-3

--------------------------------------------------------------

Engine-Match Saturday, October 4, 2025 5:56:00 PM
 Blitz 10/1 

Pairing 2/15 :    Stockfish 1%  -  SlowMate_v3.1

PGN-File: C:\Program Files (x86)\Arena\Tournaments\Engine Battle 20251004.pgn

No:  B/W 1/2     W:B       1:2           Time        Value Moves Dep 1:2       1-2-Draws
   5 W 1    1.0:0.0        4.0:1.0       6:00:12 PM      +M1    21 22.000 :3.950  4-1-0

--------------------------------------------------------------

Engine-Match Saturday, October 4, 2025 6:00:13 PM
 Blitz 10/1 

Pairing 3/15 :    C0BR4_v2.9  -  Random_Opponent

PGN-File: C:\Program Files (x86)\Arena\Tournaments\Engine Battle 20251004.pgn

No:  B/W 1/2     W:B       1:2           Time        Value Moves Dep 1:2       1-2-Draws
   5 W 1    1.0:0.0        5.0:0.0       6:00:18 PM  +299.97     5 4.000 :0 5-0-0

--------------------------------------------------------------

Engine-Match Saturday, October 4, 2025 6:00:19 PM
 Blitz 10/1 

Pairing 4/15 :    Stockfish 1%  -  V7P3R_v12.6

PGN-File: C:\Program Files (x86)\Arena\Tournaments\Engine Battle 20251004.pgn

No:  B/W 1/2     W:B       1:2           Time        Value Moves Dep 1:2       1-2-Draws
   5 W 1    1.5:0.5        4.5:0.5       6:08:43 PM      +M1    33 16.563 :4.391  4-0-1

--------------------------------------------------------------

Engine-Match Saturday, October 4, 2025 6:08:44 PM
 Blitz 10/1 

Pairing 5/15 :    Random_Opponent  -  V7P3R_v12.2

PGN-File: C:\Program Files (x86)\Arena\Tournaments\Engine Battle 20251004.pgn

No:  B/W 1/2     W:B       1:2           Time        Value Moves Dep 1:2       1-2-Draws
   5 B 2    1.0:0.0        0.0:5.0       6:12:41 PM  -289.99    15 0:4.846  0-5-0

--------------------------------------------------------------

Engine-Match Saturday, October 4, 2025 6:12:42 PM
 Blitz 10/1 

Pairing 6/15 :    SlowMate_v3.1  -  C0BR4_v2.9

PGN-File: C:\Program Files (x86)\Arena\Tournaments\Engine Battle 20251004.pgn

No:  B/W 1/2     W:B       1:2           Time        Value Moves Dep 1:2       1-2-Draws
   5 = =    1.0:1.0        3.0:2.0       6:20:06 PM    +3.54    42 4.263 :4.000  2-1-2

--------------------------------------------------------------

Engine-Match Saturday, October 4, 2025 6:20:07 PM
 Blitz 10/1 

Pairing 7/15 :    V7P3R_v12.6  -  Random_Opponent

PGN-File: C:\Program Files (x86)\Arena\Tournaments\Engine Battle 20251004.pgn

No:  B/W 1/2     W:B       1:2           Time        Value Moves Dep 1:2       1-2-Draws
   5 W 1    1.0:0.0        5.0:0.0       6:26:23 PM     0.00    26 5.150 :0 5-0-0

--------------------------------------------------------------

Engine-Match Saturday, October 4, 2025 6:26:24 PM
 Blitz 10/1 

Pairing 8/15 :    C0BR4_v2.9  -  Stockfish 1%

PGN-File: C:\Program Files (x86)\Arena\Tournaments\Engine Battle 20251004.pgn

No:  B/W 1/2     W:B       1:2           Time        Value Moves Dep 1:2       1-2-Draws
   5 B 2    1.0:0.0        0.0:5.0       6:26:43 PM      -M1    17 3.933 :20.824  0-5-0

--------------------------------------------------------------

Engine-Match Saturday, October 4, 2025 6:26:44 PM
 Blitz 10/1 

Pairing 9/15 :    V7P3R_v12.2  -  SlowMate_v3.1

PGN-File: C:\Program Files (x86)\Arena\Tournaments\Engine Battle 20251004.pgn

No:  B/W 1/2     W:B       1:2           Time        Value Moves Dep 1:2       1-2-Draws
   5 = =    1.5:1.5        3.5:1.5       6:38:29 PM    -6.70    34 5.250 :4.500  2-0-3

--------------------------------------------------------------

Engine-Match Saturday, October 4, 2025 6:38:30 PM
 Blitz 10/1 

Pairing 10/15 :    C0BR4_v2.9  -  V7P3R_v12.6

PGN-File: C:\Program Files (x86)\Arena\Tournaments\Engine Battle 20251004.pgn

No:  B/W 1/2     W:B       1:2           Time        Value Moves Dep 1:2       1-2-Draws
   5 B 2    1.5:0.5        1.5:3.5       6:46:54 PM  -289.99    42 4.000 :4.478  1-3-1

--------------------------------------------------------------

Engine-Match Saturday, October 4, 2025 6:47:00 PM
 Blitz 10/1 

Pairing 11/15 :    SlowMate_v3.1  -  Random_Opponent

PGN-File: C:\Program Files (x86)\Arena\Tournaments\Engine Battle 20251004.pgn

No:  B/W 1/2     W:B       1:2           Time        Value Moves Dep 1:2       1-2-Draws
   5 = =    1.5:1.5        3.5:1.5       6:52:56 PM     0.00    33 3.970 :0 2-0-3

--------------------------------------------------------------

Engine-Match Saturday, October 4, 2025 6:52:57 PM
 Blitz 10/1 

Pairing 12/15 :    Stockfish 1%  -  V7P3R_v12.2

PGN-File: C:\Program Files (x86)\Arena\Tournaments\Engine Battle 20251004.pgn

No:  B/W 1/2     W:B       1:2           Time        Value Moves Dep 1:2       1-2-Draws
   5 W 1    1.0:0.0        5.0:0.0       6:59:09 PM      +M1    33 15.375 :5.091  5-0-0

--------------------------------------------------------------

Engine-Match Saturday, October 4, 2025 6:59:10 PM
 Blitz 10/1 

Pairing 13/15 :    V7P3R_v12.6  -  SlowMate_v3.1

PGN-File: C:\Program Files (x86)\Arena\Tournaments\Engine Battle 20251004.pgn

No:  B/W 1/2     W:B       1:2           Time        Value Moves Dep 1:2       1-2-Draws
   5 W 1    1.5:0.5        4.5:0.5       7:07:32 PM  +289.98    18 4.400 :3.588  4-0-1

--------------------------------------------------------------

Engine-Match Saturday, October 4, 2025 7:07:34 PM
 Blitz 10/1 

Pairing 14/15 :    V7P3R_v12.2  -  C0BR4_v2.9

PGN-File: C:\Program Files (x86)\Arena\Tournaments\Engine Battle 20251004.pgn

No:  B/W 1/2     W:B       1:2           Time        Value Moves Dep 1:2       1-2-Draws
   5 = =    2.0:2.0        2.0:3.0       7:16:41 PM    -4.73    47 4.583 :4.000  0-1-4

--------------------------------------------------------------

Engine-Match Saturday, October 4, 2025 7:16:42 PM
 Blitz 10/1 

Pairing 15/15 :    Random_Opponent  -  Stockfish 1%

PGN-File: C:\Program Files (x86)\Arena\Tournaments\Engine Battle 20251004.pgn

No:  B/W 1/2     W:B       1:2           Time        Value Moves Dep 1:2       1-2-Draws
   5 B 2    1.0:0.0        0.0:5.0       7:16:50 PM      -M1     8 0:23.875  0-5-0

--------------------------------------------------------------

Engine-Match Saturday, October 4, 2025 7:16:52 PM
 Blitz 10/1 

Pairing 1/15 :    V7P3R_v12.6  -  V7P3R_v12.2

PGN-File: C:\Program Files (x86)\Arena\Tournaments\Engine Battle 20251004.pgn

No:  B/W 1/2     W:B       1:2           Time        Value Moves Dep 1:2       1-2-Draws
   6 B 1    2.5:1.5        4.5:1.5       7:37:24 PM   -42.90    69 4.261 :4.417  3-0-3

--------------------------------------------------------------

Engine-Match Saturday, October 4, 2025 7:37:26 PM
 Blitz 10/1 

Pairing 2/15 :    Stockfish 1%  -  SlowMate_v3.1

PGN-File: C:\Program Files (x86)\Arena\Tournaments\Engine Battle 20251004.pgn

No:  B/W 1/2     W:B       1:2           Time        Value Moves Dep 1:2       1-2-Draws
   6 B 1    1.0:0.0        5.0:1.0       7:42:04 PM      -M1    23 16.450 :3.870  5-1-0

--------------------------------------------------------------

Engine-Match Saturday, October 4, 2025 7:42:05 PM
 Blitz 10/1 

Pairing 3/15 :    C0BR4_v2.9  -  Random_Opponent

PGN-File: C:\Program Files (x86)\Arena\Tournaments\Engine Battle 20251004.pgn

No:  B/W 1/2     W:B       1:2           Time        Value Moves Dep 1:2       1-2-Draws
   6 B 1    1.0:0.0        6.0:0.0       7:42:18 PM  -299.97    17 3.875 :0 6-0-0

--------------------------------------------------------------

Engine-Match Saturday, October 4, 2025 7:42:19 PM
 Blitz 10/1 

Pairing 4/15 :    Stockfish 1%  -  V7P3R_v12.6

PGN-File: C:\Program Files (x86)\Arena\Tournaments\Engine Battle 20251004.pgn

No:  B/W 1/2     W:B       1:2           Time        Value Moves Dep 1:2       1-2-Draws
   6 * *     0.5:0.5        4.5:0.5       7:43:56 PM    -2.56     7 15.375 :4.400  4-0-1

--------------------------------------------------------------

Engine-Match Saturday, October 4, 2025 7:44:07 PM
 Blitz 3/1 

Pairing 4/15 :    Stockfish 1%  -  V7P3R_v12.6

PGN-File: C:\Program Files (x86)\Arena\Tournaments\Engine Battle 20251004.pgn

No:  B/W 1/2     W:B       1:2           Time        Value Moves Dep 1:2       1-2-Draws
   6 W 2    1.5:0.5        4.5:1.5       7:44:34 PM    -0.34     1 0:5.000  4-1-1

--------------------------------------------------------------

Engine-Match Saturday, October 4, 2025 7:44:35 PM
 Blitz 3/1 

Pairing 5/15 :    Random_Opponent  -  V7P3R_v12.2

PGN-File: C:\Program Files (x86)\Arena\Tournaments\Engine Battle 20251004.pgn

No:  B/W 1/2     W:B       1:2           Time        Value Moves Dep 1:2       1-2-Draws
   6 W 2    1.0:0.0        0.0:6.0       7:47:06 PM  +289.97    27 0:4.375  0-6-0

--------------------------------------------------------------

Engine-Match Saturday, October 4, 2025 7:47:08 PM
 Blitz 3/1 

Pairing 6/15 :    SlowMate_v3.1  -  C0BR4_v2.9

PGN-File: C:\Program Files (x86)\Arena\Tournaments\Engine Battle 20251004.pgn

No:  B/W 1/2     W:B       1:2           Time        Value Moves Dep 1:2       1-2-Draws
   6 W 2    2.0:1.0        3.0:3.0       7:48:46 PM   +36.06    18 3.444 :4.000  2-2-2

--------------------------------------------------------------

Engine-Match Saturday, October 4, 2025 7:48:48 PM
 Blitz 3/1 

Pairing 7/15 :    V7P3R_v12.6  -  Random_Opponent

PGN-File: C:\Program Files (x86)\Arena\Tournaments\Engine Battle 20251004.pgn

No:  B/W 1/2     W:B       1:2           Time        Value Moves Dep 1:2       1-2-Draws
   6 B 1    1.0:0.0        6.0:0.0       7:49:51 PM  -289.97    11 3.889 :0 6-0-0

--------------------------------------------------------------

Engine-Match Saturday, October 4, 2025 7:49:53 PM
 Blitz 3/1 

Pairing 8/15 :    C0BR4_v2.9  -  Stockfish 1%

PGN-File: C:\Program Files (x86)\Arena\Tournaments\Engine Battle 20251004.pgn

No:  B/W 1/2     W:B       1:2           Time        Value Moves Dep 1:2       1-2-Draws
   6 B 1    1.0:0.0        1.0:5.0       7:54:03 PM  -299.97   121 4.000 :13.429  1-5-0

--------------------------------------------------------------

Engine-Match Saturday, October 4, 2025 7:54:04 PM
 Blitz 3/1 

Pairing 9/15 :    V7P3R_v12.2  -  SlowMate_v3.1

PGN-File: C:\Program Files (x86)\Arena\Tournaments\Engine Battle 20251004.pgn

No:  B/W 1/2     W:B       1:2           Time        Value Moves Dep 1:2       1-2-Draws
   6 W 2    2.5:1.5        3.5:2.5       7:59:04 PM   +93.41    42 3.846 :3.316  2-1-3

--------------------------------------------------------------

Engine-Match Saturday, October 4, 2025 7:59:06 PM
 Blitz 3/1 

Pairing 10/15 :    C0BR4_v2.9  -  V7P3R_v12.6

PGN-File: C:\Program Files (x86)\Arena\Tournaments\Engine Battle 20251004.pgn

No:  B/W 1/2     W:B       1:2           Time        Value Moves Dep 1:2       1-2-Draws
   6 W 2    1.5:0.5        1.5:4.5       8:02:56 PM     0.00    42 4.000 :3.444  1-4-1

--------------------------------------------------------------

Engine-Match Saturday, October 4, 2025 8:02:57 PM
 Blitz 3/1 

Pairing 11/15 :    SlowMate_v3.1  -  Random_Opponent

PGN-File: C:\Program Files (x86)\Arena\Tournaments\Engine Battle 20251004.pgn

No:  B/W 1/2     W:B       1:2           Time        Value Moves Dep 1:2       1-2-Draws
   6 B 1    2.5:1.5        4.5:1.5       8:04:35 PM  -196.00    21 3.095 :0 3-0-3

--------------------------------------------------------------

Engine-Match Saturday, October 4, 2025 8:04:36 PM
 Blitz 3/1 

Pairing 12/15 :    Stockfish 1%  -  V7P3R_v12.2

PGN-File: C:\Program Files (x86)\Arena\Tournaments\Engine Battle 20251004.pgn

No:  B/W 1/2     W:B       1:2           Time        Value Moves Dep 1:2       1-2-Draws
   6 = =    0.5:0.5        5.5:0.5       8:09:54 PM     0.00   114 11.375 :4.000  5-0-1

--------------------------------------------------------------

Engine-Match Saturday, October 4, 2025 8:09:55 PM
 Blitz 3/1 

Pairing 13/15 :    V7P3R_v12.6  -  SlowMate_v3.1

PGN-File: C:\Program Files (x86)\Arena\Tournaments\Engine Battle 20251004.pgn

No:  B/W 1/2     W:B       1:2           Time        Value Moves Dep 1:2       1-2-Draws
   6 B 1    1.5:0.5        5.5:0.5       8:16:25 PM   -11.64    50 3.225 :3.000  5-0-1

--------------------------------------------------------------

Engine-Match Saturday, October 4, 2025 8:16:27 PM
 Blitz 3/1 

Pairing 14/15 :    V7P3R_v12.2  -  C0BR4_v2.9

PGN-File: C:\Program Files (x86)\Arena\Tournaments\Engine Battle 20251004.pgn

No:  B/W 1/2     W:B       1:2           Time        Value Moves Dep 1:2       1-2-Draws
   6 = =    2.5:2.5        2.5:3.5       8:18:37 PM    +8.19    25 4.533 :4.000  0-1-5

--------------------------------------------------------------

Engine-Match Saturday, October 4, 2025 8:18:38 PM
 Blitz 3/1 

Pairing 15/15 :    Random_Opponent  -  Stockfish 1%

PGN-File: C:\Program Files (x86)\Arena\Tournaments\Engine Battle 20251004.pgn

No:  B/W 1/2     W:B       1:2           Time        Value Moves Dep 1:2       1-2-Draws
   6 W 2    1.0:0.0        0.0:6.0       8:18:51 PM      +M1    21 0:12.714  0-6-0

--------------------------------------------------------------

Engine-Match Saturday, October 4, 2025 8:18:52 PM
 Blitz 3/1 

Pairing 1/15 :    V7P3R_v12.6  -  V7P3R_v12.2

PGN-File: C:\Program Files (x86)\Arena\Tournaments\Engine Battle 20251004.pgn

No:  B/W 1/2     W:B       1:2           Time        Value Moves Dep 1:2       1-2-Draws
   7 W 1    2.5:1.5        5.5:1.5       8:26:54 PM     0.00    85 3.667 :4.071  4-0-3

--------------------------------------------------------------

Engine-Match Saturday, October 4, 2025 8:26:55 PM
 Blitz 3/1 

Pairing 2/15 :    Stockfish 1%  -  SlowMate_v3.1

PGN-File: C:\Program Files (x86)\Arena\Tournaments\Engine Battle 20251004.pgn

No:  B/W 1/2     W:B       1:2           Time        Value Moves Dep 1:2       1-2-Draws
   7 W 1    1.0:0.0        6.0:1.0       8:28:16 PM      +M1    17 11.429 :3.188  6-1-0

--------------------------------------------------------------

Engine-Match Saturday, October 4, 2025 8:28:18 PM
 Blitz 3/1 

Pairing 3/15 :    C0BR4_v2.9  -  Random_Opponent

PGN-File: C:\Program Files (x86)\Arena\Tournaments\Engine Battle 20251004.pgn

No:  B/W 1/2     W:B       1:2           Time        Value Moves Dep 1:2       1-2-Draws
   7 W 1    1.0:0.0        7.0:0.0       8:28:34 PM  +299.97    19 3.889 :0 7-0-0

--------------------------------------------------------------

Engine-Match Saturday, October 4, 2025 8:28:36 PM
 Blitz 3/1 

Pairing 4/15 :    Stockfish 1%  -  V7P3R_v12.6

PGN-File: C:\Program Files (x86)\Arena\Tournaments\Engine Battle 20251004.pgn

No:  B/W 1/2     W:B       1:2           Time        Value Moves Dep 1:2       1-2-Draws
   7 W 1    1.5:0.5        5.5:1.5       8:30:31 PM      +M1    19 12.143 :3.467  5-1-1

--------------------------------------------------------------

Engine-Match Saturday, October 4, 2025 8:30:33 PM
 Blitz 3/1 

Pairing 5/15 :    Random_Opponent  -  V7P3R_v12.2

PGN-File: C:\Program Files (x86)\Arena\Tournaments\Engine Battle 20251004.pgn

No:  B/W 1/2     W:B       1:2           Time        Value Moves Dep 1:2       1-2-Draws
   7 B 2    1.0:0.0        0.0:7.0       8:32:01 PM  -289.98    13 0:4.154  0-7-0

--------------------------------------------------------------

Engine-Match Saturday, October 4, 2025 8:32:03 PM
 Blitz 3/1 

Pairing 6/15 :    SlowMate_v3.1  -  C0BR4_v2.9

PGN-File: C:\Program Files (x86)\Arena\Tournaments\Engine Battle 20251004.pgn

No:  B/W 1/2     W:B       1:2           Time        Value Moves Dep 1:2       1-2-Draws
   7 = =    1.5:1.5        3.5:3.5       8:34:44 PM    -4.35    30 3.167 :4.000  2-2-3

--------------------------------------------------------------

Engine-Match Saturday, October 4, 2025 8:34:45 PM
 Blitz 3/1 

Pairing 7/15 :    V7P3R_v12.6  -  Random_Opponent

PGN-File: C:\Program Files (x86)\Arena\Tournaments\Engine Battle 20251004.pgn

No:  B/W 1/2     W:B       1:2           Time        Value Moves Dep 1:2       1-2-Draws
   7 W 1    1.0:0.0        7.0:0.0       8:37:03 PM     0.00    21 4.059 :0 7-0-0

--------------------------------------------------------------

Engine-Match Saturday, October 4, 2025 8:37:04 PM
 Blitz 3/1 

Pairing 8/15 :    C0BR4_v2.9  -  Stockfish 1%

PGN-File: C:\Program Files (x86)\Arena\Tournaments\Engine Battle 20251004.pgn

No:  B/W 1/2     W:B       1:2           Time        Value Moves Dep 1:2       1-2-Draws
   7 = =    0.5:0.5        1.5:5.5       8:37:35 PM    +3.60    27 4.000 :11.500  1-5-1

--------------------------------------------------------------

Engine-Match Saturday, October 4, 2025 8:37:41 PM
 Blitz 3/1 

Pairing 9/15 :    V7P3R_v12.2  -  SlowMate_v3.1

PGN-File: C:\Program Files (x86)\Arena\Tournaments\Engine Battle 20251004.pgn

No:  B/W 1/2     W:B       1:2           Time        Value Moves Dep 1:2       1-2-Draws
   7 W 1    2.5:1.5        4.5:2.5       8:42:47 PM  +131.38    32 3.607 :2.719  3-1-3

--------------------------------------------------------------

Engine-Match Saturday, October 4, 2025 8:42:49 PM
 Blitz 3/1 

Pairing 10/15 :    C0BR4_v2.9  -  V7P3R_v12.6

PGN-File: C:\Program Files (x86)\Arena\Tournaments\Engine Battle 20251004.pgn

No:  B/W 1/2     W:B       1:2           Time        Value Moves Dep 1:2       1-2-Draws
   7 = =    1.0:1.0        2.0:5.0       8:46:54 PM    +3.82    63 4.000 :3.647  1-4-2

--------------------------------------------------------------

Engine-Match Saturday, October 4, 2025 8:46:56 PM
 Blitz 3/1 

Pairing 11/15 :    SlowMate_v3.1  -  Random_Opponent

PGN-File: C:\Program Files (x86)\Arena\Tournaments\Engine Battle 20251004.pgn

No:  B/W 1/2     W:B       1:2           Time        Value Moves Dep 1:2       1-2-Draws
   7 W 1    2.5:1.5        5.5:1.5       8:48:06 PM  +162.72    14 3.571 :0 4-0-3

--------------------------------------------------------------

Engine-Match Saturday, October 4, 2025 8:48:08 PM
 Blitz 3/1 

Pairing 12/15 :    Stockfish 1%  -  V7P3R_v12.2

PGN-File: C:\Program Files (x86)\Arena\Tournaments\Engine Battle 20251004.pgn

No:  B/W 1/2     W:B       1:2           Time        Value Moves Dep 1:2       1-2-Draws
   7 W 1    1.5:0.5        6.5:0.5       8:50:06 PM      +M1    21 12.545 :3.857  6-0-1

--------------------------------------------------------------

Engine-Match Saturday, October 4, 2025 8:50:07 PM
 Blitz 3/1 

Pairing 13/15 :    V7P3R_v12.6  -  SlowMate_v3.1

PGN-File: C:\Program Files (x86)\Arena\Tournaments\Engine Battle 20251004.pgn

No:  B/W 1/2     W:B       1:2           Time        Value Moves Dep 1:2       1-2-Draws
   7 = =    1.0:1.0        6.0:1.0       8:56:20 PM    +7.16    45 3.690 :3.206  5-0-2

--------------------------------------------------------------

Engine-Match Saturday, October 4, 2025 8:56:21 PM
 Blitz 3/1 

Pairing 14/15 :    V7P3R_v12.2  -  C0BR4_v2.9

PGN-File: C:\Program Files (x86)\Arena\Tournaments\Engine Battle 20251004.pgn

No:  B/W 1/2     W:B       1:2           Time        Value Moves Dep 1:2       1-2-Draws
   7 = =    3.0:3.0        3.0:4.0       8:58:03 PM    -0.52    24 4.200 :4.000  0-1-6

--------------------------------------------------------------

Engine-Match Saturday, October 4, 2025 8:58:04 PM
 Blitz 3/1 

Pairing 15/15 :    Random_Opponent  -  Stockfish 1%

PGN-File: C:\Program Files (x86)\Arena\Tournaments\Engine Battle 20251004.pgn

No:  B/W 1/2     W:B       1:2           Time        Value Moves Dep 1:2       1-2-Draws
   7 B 2    1.0:0.0        0.0:7.0       8:58:14 PM      -M1    16 0:13.778  0-7-0

--------------------------------------------------------------

Engine-Match Saturday, October 4, 2025 8:58:15 PM
 Blitz 3/1 

Pairing 1/15 :    V7P3R_v12.6  -  V7P3R_v12.2

PGN-File: C:\Program Files (x86)\Arena\Tournaments\Engine Battle 20251004.pgn

No:  B/W 1/2     W:B       1:2           Time        Value Moves Dep 1:2       1-2-Draws
   8 = =    2.0:2.0        6.0:2.0       9:05:00 PM    +7.90    49 3.459 :3.667  4-0-4

--------------------------------------------------------------

Engine-Match Saturday, October 4, 2025 9:05:02 PM
 Blitz 3/1 

Pairing 2/15 :    Stockfish 1%  -  SlowMate_v3.1

PGN-File: C:\Program Files (x86)\Arena\Tournaments\Engine Battle 20251004.pgn

No:  B/W 1/2     W:B       1:2           Time        Value Moves Dep 1:2       1-2-Draws
   8 B 1    1.0:0.0        7.0:1.0       9:07:12 PM      -M1    30 12.273 :2.700  7-1-0

--------------------------------------------------------------

Engine-Match Saturday, October 4, 2025 9:07:13 PM
 Blitz 3/1 

Pairing 3/15 :    C0BR4_v2.9  -  Random_Opponent

PGN-File: C:\Program Files (x86)\Arena\Tournaments\Engine Battle 20251004.pgn

No:  B/W 1/2     W:B       1:2           Time        Value Moves Dep 1:2       1-2-Draws
   8 B 1    1.0:0.0        8.0:0.0       9:07:21 PM  -299.97     9 3.714 :0 8-0-0

--------------------------------------------------------------

Engine-Match Saturday, October 4, 2025 9:07:22 PM
 Blitz 3/1 

Pairing 4/15 :    Stockfish 1%  -  V7P3R_v12.6

PGN-File: C:\Program Files (x86)\Arena\Tournaments\Engine Battle 20251004.pgn

No:  B/W 1/2     W:B       1:2           Time        Value Moves Dep 1:2       1-2-Draws
   8 B 1    1.5:0.5        6.5:1.5       9:11:20 PM      -M1    48 12.083 :3.128  6-1-1

--------------------------------------------------------------

Engine-Match Saturday, October 4, 2025 9:11:21 PM
 Blitz 3/1 

Pairing 5/15 :    Random_Opponent  -  V7P3R_v12.2

PGN-File: C:\Program Files (x86)\Arena\Tournaments\Engine Battle 20251004.pgn

No:  B/W 1/2     W:B       1:2           Time        Value Moves Dep 1:2       1-2-Draws
   8 W 2    1.0:0.0        0.0:8.0       9:14:30 PM     0.00    38 0:4.393  0-8-0

--------------------------------------------------------------

Engine-Match Saturday, October 4, 2025 9:14:31 PM
 Blitz 3/1 

Pairing 6/15 :    SlowMate_v3.1  -  C0BR4_v2.9

PGN-File: C:\Program Files (x86)\Arena\Tournaments\Engine Battle 20251004.pgn

No:  B/W 1/2     W:B       1:2           Time        Value Moves Dep 1:2       1-2-Draws
   8 W 2    2.5:1.5        3.5:4.5       9:16:06 PM   +78.30    18 3.444 :4.000  2-3-3

--------------------------------------------------------------

Engine-Match Saturday, October 4, 2025 9:16:08 PM
 Blitz 3/1 

Pairing 7/15 :    V7P3R_v12.6  -  Random_Opponent

PGN-File: C:\Program Files (x86)\Arena\Tournaments\Engine Battle 20251004.pgn

No:  B/W 1/2     W:B       1:2           Time        Value Moves Dep 1:2       1-2-Draws
   8 B 1    1.0:0.0        8.0:0.0       9:17:12 PM  -289.97    11 3.889 :0 8-0-0

--------------------------------------------------------------

Engine-Match Saturday, October 4, 2025 9:17:13 PM
 Blitz 3/1 

Pairing 8/15 :    C0BR4_v2.9  -  Stockfish 1%

PGN-File: C:\Program Files (x86)\Arena\Tournaments\Engine Battle 20251004.pgn

No:  B/W 1/2     W:B       1:2           Time        Value Moves Dep 1:2       1-2-Draws
   8 = =    1.0:1.0        2.0:6.0       9:17:50 PM   -17.90    50 4.000 :13.333  1-5-2

--------------------------------------------------------------

Engine-Match Saturday, October 4, 2025 9:17:51 PM
 Blitz 3/1 

Pairing 9/15 :    V7P3R_v12.2  -  SlowMate_v3.1

PGN-File: C:\Program Files (x86)\Arena\Tournaments\Engine Battle 20251004.pgn

No:  B/W 1/2     W:B       1:2           Time        Value Moves Dep 1:2       1-2-Draws
   8 = =    2.0:2.0        5.0:3.0       9:24:24 PM   -13.00    54 3.923 :3.316  3-1-4

--------------------------------------------------------------

Engine-Match Saturday, October 4, 2025 9:24:26 PM
 Blitz 3/1 

Pairing 10/15 :    C0BR4_v2.9  -  V7P3R_v12.6

PGN-File: C:\Program Files (x86)\Arena\Tournaments\Engine Battle 20251004.pgn

No:  B/W 1/2     W:B       1:2           Time        Value Moves Dep 1:2       1-2-Draws
   8 B 1    2.0:1.0        3.0:5.0       9:28:05 PM   -17.42    56 4.000 :4.048  2-4-2

--------------------------------------------------------------

Engine-Match Saturday, October 4, 2025 9:28:07 PM
 Blitz 3/1 

Pairing 11/15 :    SlowMate_v3.1  -  Random_Opponent

PGN-File: C:\Program Files (x86)\Arena\Tournaments\Engine Battle 20251004.pgn

No:  B/W 1/2     W:B       1:2           Time        Value Moves Dep 1:2       1-2-Draws
   8 B 1    2.5:1.5        6.5:1.5       9:29:16 PM  -193.59    14 3.071 :0 5-0-3

--------------------------------------------------------------

Engine-Match Saturday, October 4, 2025 9:29:18 PM
 Blitz 3/1 

Pairing 12/15 :    Stockfish 1%  -  V7P3R_v12.2

PGN-File: C:\Program Files (x86)\Arena\Tournaments\Engine Battle 20251004.pgn

No:  B/W 1/2     W:B       1:2           Time        Value Moves Dep 1:2       1-2-Draws
   8 B 1    1.5:0.5        7.5:0.5       9:30:30 PM      -M1    14 11.900 :3.818  7-0-1

--------------------------------------------------------------

Engine-Match Saturday, October 4, 2025 9:30:31 PM
 Blitz 3/1 

Pairing 13/15 :    V7P3R_v12.6  -  SlowMate_v3.1

PGN-File: C:\Program Files (x86)\Arena\Tournaments\Engine Battle 20251004.pgn

No:  B/W 1/2     W:B       1:2           Time        Value Moves Dep 1:2       1-2-Draws
   8 B 1    2.0:1.0        7.0:1.0       9:36:55 PM   -11.64    50 3.225 :3.021  6-0-2

--------------------------------------------------------------

Engine-Match Saturday, October 4, 2025 9:37:02 PM
 Blitz 3/1 

Pairing 14/15 :    V7P3R_v12.2  -  C0BR4_v2.9

PGN-File: C:\Program Files (x86)\Arena\Tournaments\Engine Battle 20251004.pgn

No:  B/W 1/2     W:B       1:2           Time        Value Moves Dep 1:2       1-2-Draws
   8 = =    3.5:3.5        3.5:4.5       9:40:25 PM    +1.47    53 3.692 :4.000  0-1-7

--------------------------------------------------------------

Engine-Match Saturday, October 4, 2025 9:40:27 PM
 Blitz 3/1 

Pairing 15/15 :    Random_Opponent  -  Stockfish 1%

PGN-File: C:\Program Files (x86)\Arena\Tournaments\Engine Battle 20251004.pgn

No:  B/W 1/2     W:B       1:2           Time        Value Moves Dep 1:2       1-2-Draws
   8 W 2    1.0:0.0        0.0:8.0       9:40:32 PM      +M1     4 0:29.250  0-8-0

--------------------------------------------------------------

Engine-Match Saturday, October 4, 2025 9:40:33 PM
 Blitz 3/1 

Pairing 1/15 :    V7P3R_v12.6  -  V7P3R_v12.2

PGN-File: C:\Program Files (x86)\Arena\Tournaments\Engine Battle 20251004.pgn

No:  B/W 1/2     W:B       1:2           Time        Value Moves Dep 1:2       1-2-Draws
   9 W 1    3.0:2.0        7.0:2.0       9:46:45 PM   +16.50    41 4.000 :4.400  5-0-4

--------------------------------------------------------------

Engine-Match Saturday, October 4, 2025 9:46:46 PM
 Blitz 3/1 

Pairing 2/15 :    Stockfish 1%  -  SlowMate_v3.1

PGN-File: C:\Program Files (x86)\Arena\Tournaments\Engine Battle 20251004.pgn

No:  B/W 1/2     W:B       1:2           Time        Value Moves Dep 1:2       1-2-Draws
   9 W 1    1.0:0.0        8.0:1.0       9:48:40 PM      +M1    26 11.182 :2.880  8-1-0

--------------------------------------------------------------

Engine-Match Saturday, October 4, 2025 9:48:41 PM
 Blitz 3/1 

Pairing 3/15 :    C0BR4_v2.9  -  Random_Opponent

PGN-File: C:\Program Files (x86)\Arena\Tournaments\Engine Battle 20251004.pgn

No:  B/W 1/2     W:B       1:2           Time        Value Moves Dep 1:2       1-2-Draws
   9 W 1    1.0:0.0        9.0:0.0       9:48:57 PM  +299.97    23 3.909 :0 9-0-0

--------------------------------------------------------------

Engine-Match Saturday, October 4, 2025 9:48:58 PM
 Blitz 3/1 

Pairing 4/15 :    Stockfish 1%  -  V7P3R_v12.6

PGN-File: C:\Program Files (x86)\Arena\Tournaments\Engine Battle 20251004.pgn

No:  B/W 1/2     W:B       1:2           Time        Value Moves Dep 1:2       1-2-Draws
   9 W 1    1.5:0.5        7.5:1.5       9:50:26 PM   +11.14    15 13.667 :3.818  7-1-1

--------------------------------------------------------------

Engine-Match Saturday, October 4, 2025 9:50:27 PM
 Blitz 3/1 

Pairing 5/15 :    Random_Opponent  -  V7P3R_v12.2

PGN-File: C:\Program Files (x86)\Arena\Tournaments\Engine Battle 20251004.pgn

No:  B/W 1/2     W:B       1:2           Time        Value Moves Dep 1:2       1-2-Draws
   9 B 2    1.0:0.0        0.0:9.0       9:51:38 PM  -289.97    11 0:4.100  0-9-0

--------------------------------------------------------------

Engine-Match Saturday, October 4, 2025 9:51:39 PM
 Blitz 3/1 

Pairing 6/15 :    SlowMate_v3.1  -  C0BR4_v2.9

PGN-File: C:\Program Files (x86)\Arena\Tournaments\Engine Battle 20251004.pgn

No:  B/W 1/2     W:B       1:2           Time        Value Moves Dep 1:2       1-2-Draws
   9 B 2    2.5:1.5        3.5:5.5       9:53:59 PM   -13.65    29 3.103 :4.000  2-4-3

--------------------------------------------------------------

Engine-Match Saturday, October 4, 2025 9:54:01 PM
 Blitz 3/1 

Pairing 7/15 :    V7P3R_v12.6  -  Random_Opponent

PGN-File: C:\Program Files (x86)\Arena\Tournaments\Engine Battle 20251004.pgn

No:  B/W 1/2     W:B       1:2           Time        Value Moves Dep 1:2       1-2-Draws
   9 W 1    1.0:0.0        9.0:0.0       9:55:53 PM  +289.97    15 3.867 :0 9-0-0

--------------------------------------------------------------

Engine-Match Saturday, October 4, 2025 9:55:55 PM
 Blitz 3/1 

Pairing 8/15 :    C0BR4_v2.9  -  Stockfish 1%

PGN-File: C:\Program Files (x86)\Arena\Tournaments\Engine Battle 20251004.pgn

No:  B/W 1/2     W:B       1:2           Time        Value Moves Dep 1:2       1-2-Draws
   9 = =    1.5:1.5        2.5:6.5       9:57:00 PM    +3.28    82 4.000 :12.100  1-5-3

--------------------------------------------------------------

Engine-Match Saturday, October 4, 2025 9:57:01 PM
 Blitz 3/1 

Pairing 9/15 :    V7P3R_v12.2  -  SlowMate_v3.1

PGN-File: C:\Program Files (x86)\Arena\Tournaments\Engine Battle 20251004.pgn

No:  B/W 1/2     W:B       1:2           Time        Value Moves Dep 1:2       1-2-Draws
   9 W 1    3.0:2.0        6.0:3.0       10:04:07 PM   +14.62    61 4.095 :3.321  4-1-4

--------------------------------------------------------------

Engine-Match Saturday, October 4, 2025 10:04:09 PM
 Blitz 3/1 

Pairing 10/15 :    C0BR4_v2.9  -  V7P3R_v12.6

PGN-File: C:\Program Files (x86)\Arena\Tournaments\Engine Battle 20251004.pgn

No:  B/W 1/2     W:B       1:2           Time        Value Moves Dep 1:2       1-2-Draws
   9 = =    1.5:1.5        3.5:5.5       10:08:36 PM    -6.31    78 4.000 :3.818  2-4-3

--------------------------------------------------------------

Engine-Match Saturday, October 4, 2025 10:08:37 PM
 Blitz 3/1 

Pairing 11/15 :    SlowMate_v3.1  -  Random_Opponent

PGN-File: C:\Program Files (x86)\Arena\Tournaments\Engine Battle 20251004.pgn

No:  B/W 1/2     W:B       1:2           Time        Value Moves Dep 1:2       1-2-Draws
   9 W 1    2.5:1.5        7.5:1.5       10:10:13 PM  +184.21    21 3.476 :0 6-0-3

--------------------------------------------------------------

Engine-Match Saturday, October 4, 2025 10:10:15 PM
 Blitz 3/1 

Pairing 12/15 :    Stockfish 1%  -  V7P3R_v12.2

PGN-File: C:\Program Files (x86)\Arena\Tournaments\Engine Battle 20251004.pgn

No:  B/W 1/2     W:B       1:2           Time        Value Moves Dep 1:2       1-2-Draws
   9 W 1    1.5:0.5        8.5:0.5       10:12:08 PM      +M1    26 11.600 :4.235  8-0-1

--------------------------------------------------------------

Engine-Match Saturday, October 4, 2025 10:12:09 PM
 Blitz 3/1 

Pairing 13/15 :    V7P3R_v12.6  -  SlowMate_v3.1

PGN-File: C:\Program Files (x86)\Arena\Tournaments\Engine Battle 20251004.pgn

No:  B/W 1/2     W:B       1:2           Time        Value Moves Dep 1:2       1-2-Draws
   9 W 1    2.0:1.0        8.0:1.0       10:18:57 PM   +13.58    58 3.875 :3.379  7-0-2

--------------------------------------------------------------

Engine-Match Saturday, October 4, 2025 10:18:59 PM
 Blitz 3/1 

Pairing 14/15 :    V7P3R_v12.2  -  C0BR4_v2.9

PGN-File: C:\Program Files (x86)\Arena\Tournaments\Engine Battle 20251004.pgn

No:  B/W 1/2     W:B       1:2           Time        Value Moves Dep 1:2       1-2-Draws
   9 = =    4.0:4.0        4.0:5.0       10:22:52 PM   +12.70    65 4.500 :4.000  0-1-8

--------------------------------------------------------------

Engine-Match Saturday, October 4, 2025 10:22:54 PM
 Blitz 3/1 

Pairing 15/15 :    Random_Opponent  -  Stockfish 1%

PGN-File: C:\Program Files (x86)\Arena\Tournaments\Engine Battle 20251004.pgn

No:  B/W 1/2     W:B       1:2           Time        Value Moves Dep 1:2       1-2-Draws
   9 B 2    1.0:0.0        0.0:9.0       10:23:14 PM      -M1    45 0:14.750  0-9-0

--------------------------------------------------------------

Engine-Match Saturday, October 4, 2025 10:23:15 PM
 Blitz 3/1 

Pairing 1/15 :    V7P3R_v12.6  -  V7P3R_v12.2

PGN-File: C:\Program Files (x86)\Arena\Tournaments\Engine Battle 20251004.pgn

No:  B/W 1/2     W:B       1:2           Time        Value Moves Dep 1:2       1-2-Draws
  10 B 1    3.0:2.0        8.0:2.0       10:30:45 PM   -10.50    73 4.136 :4.524  6-0-4

--------------------------------------------------------------

Engine-Match Saturday, October 4, 2025 10:30:47 PM
 Blitz 3/1 

Pairing 2/15 :    Stockfish 1%  -  SlowMate_v3.1

PGN-File: C:\Program Files (x86)\Arena\Tournaments\Engine Battle 20251004.pgn

No:  B/W 1/2     W:B       1:2           Time        Value Moves Dep 1:2       1-2-Draws
  10 B 1    1.0:0.0        9.0:1.0       10:34:27 PM   -13.75    63 13.200 :3.000  9-1-0

--------------------------------------------------------------

Engine-Match Saturday, October 4, 2025 10:34:29 PM
 Blitz 3/1 

Pairing 3/15 :    C0BR4_v2.9  -  Random_Opponent

PGN-File: C:\Program Files (x86)\Arena\Tournaments\Engine Battle 20251004.pgn

No:  B/W 1/2     W:B       1:2           Time        Value Moves Dep 1:2       1-2-Draws
  10 B 1    1.0:0.0        10.0:0.0      10:34:36 PM  -299.97     8 3.667 :0 10-0-0

--------------------------------------------------------------

Engine-Match Saturday, October 4, 2025 10:34:43 PM
 Blitz 3/1 

Pairing 4/15 :    Stockfish 1%  -  V7P3R_v12.6

PGN-File: C:\Program Files (x86)\Arena\Tournaments\Engine Battle 20251004.pgn

No:  B/W 1/2     W:B       1:2           Time        Value Moves Dep 1:2       1-2-Draws
  10 B 1    1.5:0.5        8.5:1.5       10:37:50 PM      -M1    34 12.667 :3.567  8-1-1

--------------------------------------------------------------

Engine-Match Saturday, October 4, 2025 10:37:51 PM
 Blitz 3/1 

Pairing 5/15 :    Random_Opponent  -  V7P3R_v12.2

PGN-File: C:\Program Files (x86)\Arena\Tournaments\Engine Battle 20251004.pgn

No:  B/W 1/2     W:B       1:2           Time        Value Moves Dep 1:2       1-2-Draws
  10 W 2    1.0:0.0        0.0:10.0      10:39:14 PM  +289.98    12 0:4.250  0-10-0

--------------------------------------------------------------

Engine-Match Saturday, October 4, 2025 10:39:16 PM
 Blitz 3/1 

Pairing 6/15 :    SlowMate_v3.1  -  C0BR4_v2.9

PGN-File: C:\Program Files (x86)\Arena\Tournaments\Engine Battle 20251004.pgn

No:  B/W 1/2     W:B       1:2           Time        Value Moves Dep 1:2       1-2-Draws
  10 W 2    2.5:1.5        3.5:6.5       10:40:50 PM   +78.30    18 3.444 :4.000  2-5-3

--------------------------------------------------------------

Engine-Match Saturday, October 4, 2025 10:40:51 PM
 Blitz 3/1 

Pairing 7/15 :    V7P3R_v12.6  -  Random_Opponent

PGN-File: C:\Program Files (x86)\Arena\Tournaments\Engine Battle 20251004.pgn

No:  B/W 1/2     W:B       1:2           Time        Value Moves Dep 1:2       1-2-Draws
  10 B 1    1.0:0.0        10.0:0.0      10:42:44 PM  -289.98    14 4.071 :0 10-0-0

--------------------------------------------------------------

Engine-Match Saturday, October 4, 2025 10:42:45 PM
 Blitz 3/1 

Pairing 8/15 :    C0BR4_v2.9  -  Stockfish 1%

PGN-File: C:\Program Files (x86)\Arena\Tournaments\Engine Battle 20251004.pgn

No:  B/W 1/2     W:B       1:2           Time        Value Moves Dep 1:2       1-2-Draws
  10 B 1    2.5:1.5        3.5:6.5       10:43:08 PM  -299.97    34 4.000 :13.600  2-5-3

--------------------------------------------------------------

Engine-Match Saturday, October 4, 2025 10:43:09 PM
 Blitz 3/1 

Pairing 9/15 :    V7P3R_v12.2  -  SlowMate_v3.1

PGN-File: C:\Program Files (x86)\Arena\Tournaments\Engine Battle 20251004.pgn

No:  B/W 1/2     W:B       1:2           Time        Value Moves Dep 1:2       1-2-Draws
  10 = =    2.5:2.5        6.5:3.5       10:49:30 PM    -3.47    58 3.923 :3.316  4-1-5

--------------------------------------------------------------

Engine-Match Saturday, October 4, 2025 10:49:31 PM
 Blitz 3/1 

Pairing 10/15 :    C0BR4_v2.9  -  V7P3R_v12.6

PGN-File: C:\Program Files (x86)\Arena\Tournaments\Engine Battle 20251004.pgn

No:  B/W 1/2     W:B       1:2           Time        Value Moves Dep 1:2       1-2-Draws
  10 = =    2.0:2.0        4.0:6.0       10:52:11 PM    -4.93    33 4.000 :4.429  2-4-4

--------------------------------------------------------------

Engine-Match Saturday, October 4, 2025 10:52:13 PM
 Blitz 3/1 

Pairing 11/15 :    SlowMate_v3.1  -  Random_Opponent

PGN-File: C:\Program Files (x86)\Arena\Tournaments\Engine Battle 20251004.pgn

No:  B/W 1/2     W:B       1:2           Time        Value Moves Dep 1:2       1-2-Draws
  10 B 1    2.5:1.5        8.5:1.5       10:52:56 PM   -55.56     8 3.625 :0 7-0-3

--------------------------------------------------------------

Engine-Match Saturday, October 4, 2025 10:52:57 PM
 Blitz 3/1 

Pairing 12/15 :    Stockfish 1%  -  V7P3R_v12.2

PGN-File: C:\Program Files (x86)\Arena\Tournaments\Engine Battle 20251004.pgn

No:  B/W 1/2     W:B       1:2           Time        Value Moves Dep 1:2       1-2-Draws
  10 B 1    1.5:0.5        9.5:0.5       10:55:30 PM   -12.90    24 12.273 :4.150  9-0-1

--------------------------------------------------------------

Engine-Match Saturday, October 4, 2025 10:55:31 PM
 Blitz 3/1 

Pairing 13/15 :    V7P3R_v12.6  -  SlowMate_v3.1

PGN-File: C:\Program Files (x86)\Arena\Tournaments\Engine Battle 20251004.pgn

No:  B/W 1/2     W:B       1:2           Time        Value Moves Dep 1:2       1-2-Draws
  10 = =    1.5:1.5        8.5:1.5       11:01:59 PM    +4.74    52 3.333 :2.964  7-0-3

--------------------------------------------------------------

Engine-Match Saturday, October 4, 2025 11:02:00 PM
 Blitz 3/1 

Pairing 14/15 :    V7P3R_v12.2  -  C0BR4_v2.9

PGN-File: C:\Program Files (x86)\Arena\Tournaments\Engine Battle 20251004.pgn

No:  B/W 1/2     W:B       1:2           Time        Value Moves Dep 1:2       1-2-Draws
  10 W 2    5.0:4.0        4.0:6.0       11:04:06 PM    +9.80    21 4.133 :4.000  0-2-8

--------------------------------------------------------------

Engine-Match Saturday, October 4, 2025 11:04:07 PM
 Blitz 3/1 

Pairing 15/15 :    Random_Opponent  -  Stockfish 1%

PGN-File: C:\Program Files (x86)\Arena\Tournaments\Engine Battle 20251004.pgn

No:  B/W 1/2     W:B       1:2           Time        Value Moves Dep 1:2       1-2-Draws
  10 W 2    1.0:0.0        0.0:10.0      11:04:19 PM      +M1    23 0:13.222  0-10-0
