Engine-Match Saturday, October 4, 2025 3:54:13 PM
 Blitz 1/1 

Pairing 1/10 :    V7P3R_v12.6  -  Random_Opponent

PGN-File: C:\Program Files (x86)\Arena\Tournaments\Engine Battle 20251004_2.pgn

No:  B/W 1/2     W:B       1:2           Time        Value Moves Dep 1:2       1-2-Draws
   1 W 1    1.0:0.0        1.0:0.0       3:54:42 PM  +289.97    12 3.417 :0 1-0-0

--------------------------------------------------------------

Engine-Match Saturday, October 4, 2025 3:54:44 PM
 Blitz 1/1 

Pairing 2/10 :    C0BR4_v2.9  -  SlowMate_v3.1

PGN-File: C:\Program Files (x86)\Arena\Tournaments\Engine Battle 20251004_2.pgn

No:  B/W 1/2     W:B       1:2           Time        Value Moves Dep 1:2       1-2-Draws
   1 W 1    1.0:0.0        1.0:0.0       3:55:40 PM  +299.97    18 3.875 :2.706  1-0-0

--------------------------------------------------------------

Engine-Match Saturday, October 4, 2025 3:55:41 PM
 Blitz 1/1 

Pairing 3/10 :    Stockfish 1%  -  C0BR4_v2.9

PGN-File: C:\Program Files (x86)\Arena\Tournaments\Engine Battle 20251004_2.pgn

No:  B/W 1/2     W:B       1:2           Time        Value Moves Dep 1:2       1-2-Draws
   1 B 2    1.0:0.0        0.0:1.0       3:56:28 PM  -299.97    63 9.500 :4.000  0-1-0

--------------------------------------------------------------

Engine-Match Saturday, October 4, 2025 3:56:30 PM
 Blitz 1/1 

Pairing 4/10 :    SlowMate_v3.1  -  V7P3R_v12.6

PGN-File: C:\Program Files (x86)\Arena\Tournaments\Engine Battle 20251004_2.pgn

No:  B/W 1/2     W:B       1:2           Time        Value Moves Dep 1:2       1-2-Draws
   1 B 2    1.0:0.0        0.0:1.0       3:58:25 PM   -15.38    27 2.630 :2.500  0-1-0

--------------------------------------------------------------

Engine-Match Saturday, October 4, 2025 3:58:26 PM
 Blitz 1/1 

Pairing 5/10 :    Random_Opponent  -  SlowMate_v3.1

PGN-File: C:\Program Files (x86)\Arena\Tournaments\Engine Battle 20251004_2.pgn

No:  B/W 1/2     W:B       1:2           Time        Value Moves Dep 1:2       1-2-Draws
   1 B 2    1.0:0.0        0.0:1.0       3:59:08 PM  -174.31    16 0:3.125  0-1-0

--------------------------------------------------------------

Engine-Match Saturday, October 4, 2025 3:59:10 PM
 Blitz 1/1 

Pairing 6/10 :    V7P3R_v12.6  -  Stockfish 1%

PGN-File: C:\Program Files (x86)\Arena\Tournaments\Engine Battle 20251004_2.pgn

No:  B/W 1/2     W:B       1:2           Time        Value Moves Dep 1:2       1-2-Draws
   1 B 2    1.0:0.0        0.0:1.0       4:00:25 PM      -M1    24 3.000 :6.286  0-1-0

--------------------------------------------------------------

Engine-Match Saturday, October 4, 2025 4:00:26 PM
 Blitz 1/1 

Pairing 7/10 :    C0BR4_v2.9  -  V7P3R_v12.6

PGN-File: C:\Program Files (x86)\Arena\Tournaments\Engine Battle 20251004_2.pgn

No:  B/W 1/2     W:B       1:2           Time        Value Moves Dep 1:2       1-2-Draws
   1 W 1    1.0:0.0        1.0:0.0       4:01:39 PM   +23.28    21 4.000 :3.048  1-0-0

--------------------------------------------------------------

Engine-Match Saturday, October 4, 2025 4:01:41 PM
 Blitz 1/1 

Pairing 8/10 :    Stockfish 1%  -  Random_Opponent

PGN-File: C:\Program Files (x86)\Arena\Tournaments\Engine Battle 20251004_2.pgn

No:  B/W 1/2     W:B       1:2           Time        Value Moves Dep 1:2       1-2-Draws
   1 W 1    1.0:0.0        1.0:0.0       4:01:47 PM      +M1    10 15.000 :0 1-0-0

--------------------------------------------------------------

Engine-Match Saturday, October 4, 2025 4:01:49 PM
 Blitz 1/1 

Pairing 9/10 :    SlowMate_v3.1  -  Stockfish 1%

PGN-File: C:\Program Files (x86)\Arena\Tournaments\Engine Battle 20251004_2.pgn

No:  B/W 1/2     W:B       1:2           Time        Value Moves Dep 1:2       1-2-Draws
   1 B 2    1.0:0.0        0.0:1.0       4:02:48 PM      -M1    24 2.708 :7.750  0-1-0

--------------------------------------------------------------

Engine-Match Saturday, October 4, 2025 4:02:49 PM
 Blitz 1/1 

Pairing 10/10 :    Random_Opponent  -  C0BR4_v2.9

PGN-File: C:\Program Files (x86)\Arena\Tournaments\Engine Battle 20251004_2.pgn

No:  B/W 1/2     W:B       1:2           Time        Value Moves Dep 1:2       1-2-Draws
   1 B 2    1.0:0.0        0.0:1.0       4:02:57 PM  -299.97     8 0:3.714  0-1-0

--------------------------------------------------------------

Engine-Match Saturday, October 4, 2025 4:02:58 PM
 Blitz 1/1 

Pairing 1/10 :    V7P3R_v12.6  -  Random_Opponent

PGN-File: C:\Program Files (x86)\Arena\Tournaments\Engine Battle 20251004_2.pgn

No:  B/W 1/2     W:B       1:2           Time        Value Moves Dep 1:2       1-2-Draws
   2 B 1    1.0:0.0        2.0:0.0       4:04:02 PM  -289.96    27 3.148 :0 2-0-0

--------------------------------------------------------------

Engine-Match Saturday, October 4, 2025 4:04:04 PM
 Blitz 1/1 

Pairing 2/10 :    C0BR4_v2.9  -  SlowMate_v3.1

PGN-File: C:\Program Files (x86)\Arena\Tournaments\Engine Battle 20251004_2.pgn

No:  B/W 1/2     W:B       1:2           Time        Value Moves Dep 1:2       1-2-Draws
   2 = =    0.5:0.5        1.5:0.5       4:05:07 PM    -0.05    22 4.000 :2.455  1-0-1

--------------------------------------------------------------

Engine-Match Saturday, October 4, 2025 4:05:09 PM
 Blitz 1/1 

Pairing 3/10 :    Stockfish 1%  -  C0BR4_v2.9

PGN-File: C:\Program Files (x86)\Arena\Tournaments\Engine Battle 20251004_2.pgn

No:  B/W 1/2     W:B       1:2           Time        Value Moves Dep 1:2       1-2-Draws
   2 B 1    1.0:0.0        1.0:1.0       4:05:28 PM      -M1    22 9.250 :3.950  1-1-0

--------------------------------------------------------------

Engine-Match Saturday, October 4, 2025 4:05:29 PM
 Blitz 1/1 

Pairing 4/10 :    SlowMate_v3.1  -  V7P3R_v12.6

PGN-File: C:\Program Files (x86)\Arena\Tournaments\Engine Battle 20251004_2.pgn

No:  B/W 1/2     W:B       1:2           Time        Value Moves Dep 1:2       1-2-Draws
   2 = =    0.5:0.5        0.5:1.5       4:09:00 PM     0.00    57 3.000 :3.263  0-1-1

--------------------------------------------------------------

Engine-Match Saturday, October 4, 2025 4:09:01 PM
 Blitz 1/1 

Pairing 5/10 :    Random_Opponent  -  SlowMate_v3.1

PGN-File: C:\Program Files (x86)\Arena\Tournaments\Engine Battle 20251004_2.pgn

No:  B/W 1/2     W:B       1:2           Time        Value Moves Dep 1:2       1-2-Draws
   2 W 2    1.0:0.0        0.0:2.0       4:09:53 PM  +192.78    21 0:3.095  0-2-0

--------------------------------------------------------------

Engine-Match Saturday, October 4, 2025 4:09:54 PM
 Blitz 1/1 

Pairing 6/10 :    V7P3R_v12.6  -  Stockfish 1%

PGN-File: C:\Program Files (x86)\Arena\Tournaments\Engine Battle 20251004_2.pgn

No:  B/W 1/2     W:B       1:2           Time        Value Moves Dep 1:2       1-2-Draws
   2 W 2    1.0:0.0        0.0:2.0       4:12:08 PM   +10.13    76 3.560 :8.000  0-2-0

--------------------------------------------------------------

Engine-Match Saturday, October 4, 2025 4:12:09 PM
 Blitz 1/1 

Pairing 7/10 :    C0BR4_v2.9  -  V7P3R_v12.6

PGN-File: C:\Program Files (x86)\Arena\Tournaments\Engine Battle 20251004_2.pgn

No:  B/W 1/2     W:B       1:2           Time        Value Moves Dep 1:2       1-2-Draws
   2 W 2    1.0:0.0        1.0:1.0       4:14:37 PM   +16.18    59 4.000 :3.043  1-1-0

--------------------------------------------------------------

Engine-Match Saturday, October 4, 2025 4:14:38 PM
 Blitz 1/1 

Pairing 8/10 :    Stockfish 1%  -  Random_Opponent

PGN-File: C:\Program Files (x86)\Arena\Tournaments\Engine Battle 20251004_2.pgn

No:  B/W 1/2     W:B       1:2           Time        Value Moves Dep 1:2       1-2-Draws
   2 B 1    1.0:0.0        2.0:0.0       4:15:01 PM      -M1    55 6.857 :0 2-0-0

--------------------------------------------------------------

Engine-Match Saturday, October 4, 2025 4:15:02 PM
 Blitz 1/1 

Pairing 9/10 :    SlowMate_v3.1  -  Stockfish 1%

PGN-File: C:\Program Files (x86)\Arena\Tournaments\Engine Battle 20251004_2.pgn

No:  B/W 1/2     W:B       1:2           Time        Value Moves Dep 1:2       1-2-Draws
   2 W 2    1.0:0.0        0.0:2.0       4:19:15 PM   +13.23   146 2.706 :7.800  0-2-0

--------------------------------------------------------------

Engine-Match Saturday, October 4, 2025 4:19:16 PM
 Blitz 1/1 

Pairing 10/10 :    Random_Opponent  -  C0BR4_v2.9

PGN-File: C:\Program Files (x86)\Arena\Tournaments\Engine Battle 20251004_2.pgn

No:  B/W 1/2     W:B       1:2           Time        Value Moves Dep 1:2       1-2-Draws
   2 W 2    1.0:0.0        0.0:2.0       4:19:33 PM  +299.97    21 0:3.895  0-2-0

--------------------------------------------------------------

Engine-Match Saturday, October 4, 2025 4:19:40 PM
 Blitz 1/1 

Pairing 1/10 :    V7P3R_v12.6  -  Random_Opponent

PGN-File: C:\Program Files (x86)\Arena\Tournaments\Engine Battle 20251004_2.pgn

No:  B/W 1/2     W:B       1:2           Time        Value Moves Dep 1:2       1-2-Draws
   3 W 1    1.0:0.0        3.0:0.0       4:19:59 PM     0.00    10 3.222 :0 3-0-0

--------------------------------------------------------------

Engine-Match Saturday, October 4, 2025 4:20:00 PM
 Blitz 1/1 

Pairing 2/10 :    C0BR4_v2.9  -  SlowMate_v3.1

PGN-File: C:\Program Files (x86)\Arena\Tournaments\Engine Battle 20251004_2.pgn

No:  B/W 1/2     W:B       1:2           Time        Value Moves Dep 1:2       1-2-Draws
   3 W 1    1.5:0.5        2.5:0.5       4:20:39 PM  +299.97    13 4.000 :3.083  2-0-1

--------------------------------------------------------------

Engine-Match Saturday, October 4, 2025 4:20:41 PM
 Blitz 1/1 

Pairing 3/10 :    Stockfish 1%  -  C0BR4_v2.9

PGN-File: C:\Program Files (x86)\Arena\Tournaments\Engine Battle 20251004_2.pgn

No:  B/W 1/2     W:B       1:2           Time        Value Moves Dep 1:2       1-2-Draws
   3 = =    0.5:0.5        1.5:1.5       4:21:19 PM    -0.06    68 6.571 :4.000  1-1-1

--------------------------------------------------------------

Engine-Match Saturday, October 4, 2025 4:21:20 PM
 Blitz 1/1 

Pairing 4/10 :    SlowMate_v3.1  -  V7P3R_v12.6

PGN-File: C:\Program Files (x86)\Arena\Tournaments\Engine Battle 20251004_2.pgn

No:  B/W 1/2     W:B       1:2           Time        Value Moves Dep 1:2       1-2-Draws
   3 B 2    1.5:0.5        0.5:2.5       4:23:16 PM   -15.38    27 2.667 :2.577  0-2-1

--------------------------------------------------------------

Engine-Match Saturday, October 4, 2025 4:23:17 PM
 Blitz 1/1 

Pairing 5/10 :    Random_Opponent  -  SlowMate_v3.1

PGN-File: C:\Program Files (x86)\Arena\Tournaments\Engine Battle 20251004_2.pgn

No:  B/W 1/2     W:B       1:2           Time        Value Moves Dep 1:2       1-2-Draws
   3 B 2    1.0:0.0        0.0:3.0       4:23:46 PM  -118.73    10 0:3.000  0-3-0

--------------------------------------------------------------

Engine-Match Saturday, October 4, 2025 4:23:47 PM
 Blitz 1/1 

Pairing 6/10 :    V7P3R_v12.6  -  Stockfish 1%

PGN-File: C:\Program Files (x86)\Arena\Tournaments\Engine Battle 20251004_2.pgn

No:  B/W 1/2     W:B       1:2           Time        Value Moves Dep 1:2       1-2-Draws
   3 = =    0.5:0.5        0.5:2.5       4:24:49 PM     0.00    22 3.158 :10.833  0-2-1

--------------------------------------------------------------

Engine-Match Saturday, October 4, 2025 4:24:50 PM
 Blitz 1/1 

Pairing 7/10 :    C0BR4_v2.9  -  V7P3R_v12.6

PGN-File: C:\Program Files (x86)\Arena\Tournaments\Engine Battle 20251004_2.pgn

No:  B/W 1/2     W:B       1:2           Time        Value Moves Dep 1:2       1-2-Draws
   3 = =    0.5:0.5        1.5:1.5       4:28:09 PM    +7.49    97 4.000 :3.160  1-1-1

--------------------------------------------------------------

Engine-Match Saturday, October 4, 2025 4:28:10 PM
 Blitz 1/1 

Pairing 8/10 :    Stockfish 1%  -  Random_Opponent

PGN-File: C:\Program Files (x86)\Arena\Tournaments\Engine Battle 20251004_2.pgn

No:  B/W 1/2     W:B       1:2           Time        Value Moves Dep 1:2       1-2-Draws
   3 W 1    1.0:0.0        3.0:0.0       4:28:21 PM      +M1    23 13.500 :0 3-0-0

--------------------------------------------------------------

Engine-Match Saturday, October 4, 2025 4:28:22 PM
 Blitz 1/1 

Pairing 9/10 :    SlowMate_v3.1  -  Stockfish 1%

PGN-File: C:\Program Files (x86)\Arena\Tournaments\Engine Battle 20251004_2.pgn

No:  B/W 1/2     W:B       1:2           Time        Value Moves Dep 1:2       1-2-Draws
   3 B 2    1.0:0.0        0.0:3.0       4:31:03 PM    -9.64    83 2.458 :8.400  0-3-0

--------------------------------------------------------------

Engine-Match Saturday, October 4, 2025 4:31:04 PM
 Blitz 1/1 

Pairing 10/10 :    Random_Opponent  -  C0BR4_v2.9

PGN-File: C:\Program Files (x86)\Arena\Tournaments\Engine Battle 20251004_2.pgn

No:  B/W 1/2     W:B       1:2           Time        Value Moves Dep 1:2       1-2-Draws
   3 B 2    1.0:0.0        0.0:3.0       4:31:14 PM  -299.97    13 0:3.818  0-3-0

--------------------------------------------------------------

Engine-Match Saturday, October 4, 2025 4:31:16 PM
 Blitz 1/1 

Pairing 1/10 :    V7P3R_v12.6  -  Random_Opponent

PGN-File: C:\Program Files (x86)\Arena\Tournaments\Engine Battle 20251004_2.pgn

No:  B/W 1/2     W:B       1:2           Time        Value Moves Dep 1:2       1-2-Draws
   4 B 1    1.0:0.0        4.0:0.0       4:32:01 PM  -289.97    20 3.211 :0 4-0-0

--------------------------------------------------------------

Engine-Match Saturday, October 4, 2025 4:32:02 PM
 Blitz 1/1 

Pairing 2/10 :    C0BR4_v2.9  -  SlowMate_v3.1

PGN-File: C:\Program Files (x86)\Arena\Tournaments\Engine Battle 20251004_2.pgn

No:  B/W 1/2     W:B       1:2           Time        Value Moves Dep 1:2       1-2-Draws
   4 W 2    1.5:0.5        2.5:1.5       4:32:54 PM  +156.60    19 3.941 :2.947  2-1-1

--------------------------------------------------------------

Engine-Match Saturday, October 4, 2025 4:32:55 PM
 Blitz 1/1 

Pairing 3/10 :    Stockfish 1%  -  C0BR4_v2.9

PGN-File: C:\Program Files (x86)\Arena\Tournaments\Engine Battle 20251004_2.pgn

No:  B/W 1/2     W:B       1:2           Time        Value Moves Dep 1:2       1-2-Draws
   4 B 1    1.5:0.5        2.5:1.5       4:34:17 PM      -M1    56 6.429 :4.000  2-1-1

--------------------------------------------------------------

Engine-Match Saturday, October 4, 2025 4:34:18 PM
 Blitz 1/1 

Pairing 4/10 :    SlowMate_v3.1  -  V7P3R_v12.6

PGN-File: C:\Program Files (x86)\Arena\Tournaments\Engine Battle 20251004_2.pgn

No:  B/W 1/2     W:B       1:2           Time        Value Moves Dep 1:2       1-2-Draws
   4 W 2    1.5:0.5        0.5:3.5       4:35:56 PM     0.00    23 2.773 :2.810  0-3-1

--------------------------------------------------------------

Engine-Match Saturday, October 4, 2025 4:35:57 PM
 Blitz 1/1 

Pairing 5/10 :    Random_Opponent  -  SlowMate_v3.1

PGN-File: C:\Program Files (x86)\Arena\Tournaments\Engine Battle 20251004_2.pgn

No:  B/W 1/2     W:B       1:2           Time        Value Moves Dep 1:2       1-2-Draws
   4 W 2    1.0:0.0        0.0:4.0       4:36:34 PM  +182.00    14 0:3.071  0-4-0

--------------------------------------------------------------

Engine-Match Saturday, October 4, 2025 4:36:36 PM
 Blitz 1/1 

Pairing 6/10 :    V7P3R_v12.6  -  Stockfish 1%

PGN-File: C:\Program Files (x86)\Arena\Tournaments\Engine Battle 20251004_2.pgn

No:  B/W 1/2     W:B       1:2           Time        Value Moves Dep 1:2       1-2-Draws
   4 W 2    1.5:0.5        0.5:3.5       4:38:13 PM   +12.57    33 2.968 :6.714  0-3-1

--------------------------------------------------------------

Engine-Match Saturday, October 4, 2025 4:38:14 PM
 Blitz 1/1 

Pairing 7/10 :    C0BR4_v2.9  -  V7P3R_v12.6

PGN-File: C:\Program Files (x86)\Arena\Tournaments\Engine Battle 20251004_2.pgn

No:  B/W 1/2     W:B       1:2           Time        Value Moves Dep 1:2       1-2-Draws
   4 B 1    1.5:0.5        2.5:1.5       4:40:12 PM     0.00    35 4.000 :3.152  2-1-1

--------------------------------------------------------------

Engine-Match Saturday, October 4, 2025 4:40:13 PM
 Blitz 1/1 

Pairing 8/10 :    Stockfish 1%  -  Random_Opponent

PGN-File: C:\Program Files (x86)\Arena\Tournaments\Engine Battle 20251004_2.pgn

No:  B/W 1/2     W:B       1:2           Time        Value Moves Dep 1:2       1-2-Draws
   4 B 1    1.0:0.0        4.0:0.0       4:40:22 PM      -M1    18 7.400 :0 4-0-0

--------------------------------------------------------------

Engine-Match Saturday, October 4, 2025 4:40:23 PM
 Blitz 1/1 

Pairing 9/10 :    SlowMate_v3.1  -  Stockfish 1%

PGN-File: C:\Program Files (x86)\Arena\Tournaments\Engine Battle 20251004_2.pgn

No:  B/W 1/2     W:B       1:2           Time        Value Moves Dep 1:2       1-2-Draws
   4 W 2    1.0:0.0        0.0:4.0       4:42:44 PM   +14.55    70 3.000 :7.333  0-4-0

--------------------------------------------------------------

Engine-Match Saturday, October 4, 2025 4:42:45 PM
 Blitz 1/1 

Pairing 10/10 :    Random_Opponent  -  C0BR4_v2.9

PGN-File: C:\Program Files (x86)\Arena\Tournaments\Engine Battle 20251004_2.pgn

No:  B/W 1/2     W:B       1:2           Time        Value Moves Dep 1:2       1-2-Draws
   4 W 2    1.0:0.0        0.0:4.0       4:43:04 PM  +299.97    23 0:4.000  0-4-0

--------------------------------------------------------------

Engine-Match Saturday, October 4, 2025 4:43:12 PM
 Blitz 1/1 

Pairing 1/10 :    V7P3R_v12.6  -  Random_Opponent

PGN-File: C:\Program Files (x86)\Arena\Tournaments\Engine Battle 20251004_2.pgn

No:  B/W 1/2     W:B       1:2           Time        Value Moves Dep 1:2       1-2-Draws
   5 W 1    1.0:0.0        5.0:0.0       4:43:48 PM  +289.97    15 3.067 :0 5-0-0

--------------------------------------------------------------

Engine-Match Saturday, October 4, 2025 4:43:49 PM
 Blitz 1/1 

Pairing 2/10 :    C0BR4_v2.9  -  SlowMate_v3.1

PGN-File: C:\Program Files (x86)\Arena\Tournaments\Engine Battle 20251004_2.pgn

No:  B/W 1/2     W:B       1:2           Time        Value Moves Dep 1:2       1-2-Draws
   5 = =    1.0:1.0        3.0:2.0       4:45:40 PM   -10.75    46 4.000 :2.935  2-1-2

--------------------------------------------------------------

Engine-Match Saturday, October 4, 2025 4:45:42 PM
 Blitz 1/1 

Pairing 3/10 :    Stockfish 1%  -  C0BR4_v2.9

PGN-File: C:\Program Files (x86)\Arena\Tournaments\Engine Battle 20251004_2.pgn

No:  B/W 1/2     W:B       1:2           Time        Value Moves Dep 1:2       1-2-Draws
   5 W 1    1.5:0.5        3.5:1.5       4:45:54 PM      +M1    16 5.667 :3.923  3-1-1

--------------------------------------------------------------

Engine-Match Saturday, October 4, 2025 4:45:55 PM
 Blitz 1/1 

Pairing 4/10 :    SlowMate_v3.1  -  V7P3R_v12.6

PGN-File: C:\Program Files (x86)\Arena\Tournaments\Engine Battle 20251004_2.pgn

No:  B/W 1/2     W:B       1:2           Time        Value Moves Dep 1:2       1-2-Draws
   5 B 2    1.5:0.5        0.5:4.5       4:47:54 PM   -15.38    27 2.630 :2.577  0-4-1

--------------------------------------------------------------

Engine-Match Saturday, October 4, 2025 4:47:55 PM
 Blitz 1/1 

Pairing 5/10 :    Random_Opponent  -  SlowMate_v3.1

PGN-File: C:\Program Files (x86)\Arena\Tournaments\Engine Battle 20251004_2.pgn

No:  B/W 1/2     W:B       1:2           Time        Value Moves Dep 1:2       1-2-Draws
   5 B 2    1.0:0.0        0.0:5.0       4:48:51 PM  -198.50    23 0:3.217  0-5-0

--------------------------------------------------------------

Engine-Match Saturday, October 4, 2025 4:48:53 PM
 Blitz 1/1 

Pairing 6/10 :    V7P3R_v12.6  -  Stockfish 1%

PGN-File: C:\Program Files (x86)\Arena\Tournaments\Engine Battle 20251004_2.pgn

No:  B/W 1/2     W:B       1:2           Time        Value Moves Dep 1:2       1-2-Draws
   5 B 2    1.5:0.5        0.5:4.5       4:51:02 PM    -9.44    58 2.911 :7.286  0-4-1

--------------------------------------------------------------

Engine-Match Saturday, October 4, 2025 4:51:03 PM
 Blitz 1/1 

Pairing 7/10 :    C0BR4_v2.9  -  V7P3R_v12.6

PGN-File: C:\Program Files (x86)\Arena\Tournaments\Engine Battle 20251004_2.pgn

No:  B/W 1/2     W:B       1:2           Time        Value Moves Dep 1:2       1-2-Draws
   5 = =    1.0:1.0        3.0:2.0       4:52:43 PM    +1.09    43 4.000 :3.333  2-1-2

--------------------------------------------------------------

Engine-Match Saturday, October 4, 2025 4:52:44 PM
 Blitz 1/1 

Pairing 8/10 :    Stockfish 1%  -  Random_Opponent

PGN-File: C:\Program Files (x86)\Arena\Tournaments\Engine Battle 20251004_2.pgn

No:  B/W 1/2     W:B       1:2           Time        Value Moves Dep 1:2       1-2-Draws
   5 W 1    1.0:0.0        5.0:0.0       4:53:01 PM      +M1    41 10.750 :0 5-0-0

--------------------------------------------------------------

Engine-Match Saturday, October 4, 2025 4:53:03 PM
 Blitz 1/1 

Pairing 9/10 :    SlowMate_v3.1  -  Stockfish 1%

PGN-File: C:\Program Files (x86)\Arena\Tournaments\Engine Battle 20251004_2.pgn

No:  B/W 1/2     W:B       1:2           Time        Value Moves Dep 1:2       1-2-Draws
   5 B 2    1.0:0.0        0.0:5.0       4:54:04 PM   -15.49    25 3.040 :7.000  0-5-0

--------------------------------------------------------------

Engine-Match Saturday, October 4, 2025 4:54:05 PM
 Blitz 1/1 

Pairing 10/10 :    Random_Opponent  -  C0BR4_v2.9

PGN-File: C:\Program Files (x86)\Arena\Tournaments\Engine Battle 20251004_2.pgn

No:  B/W 1/2     W:B       1:2           Time        Value Moves Dep 1:2       1-2-Draws
   5 B 2    1.0:0.0        0.0:5.0       4:54:21 PM  -299.97    19 0:3.882  0-5-0

--------------------------------------------------------------

Engine-Match Saturday, October 4, 2025 4:54:23 PM
 Blitz 1/1 

Pairing 1/10 :    V7P3R_v12.6  -  Random_Opponent

PGN-File: C:\Program Files (x86)\Arena\Tournaments\Engine Battle 20251004_2.pgn

No:  B/W 1/2     W:B       1:2           Time        Value Moves Dep 1:2       1-2-Draws
   6 B 1    1.0:0.0        6.0:0.0       4:54:52 PM  -289.98     9 4.000 :0 6-0-0

--------------------------------------------------------------

Engine-Match Saturday, October 4, 2025 4:54:53 PM
 Blitz 1/1 

Pairing 2/10 :    C0BR4_v2.9  -  SlowMate_v3.1

PGN-File: C:\Program Files (x86)\Arena\Tournaments\Engine Battle 20251004_2.pgn

No:  B/W 1/2     W:B       1:2           Time        Value Moves Dep 1:2       1-2-Draws
   6 = =    1.5:1.5        3.5:2.5       4:57:32 PM    -5.73    65 4.000 :2.667  2-1-3

--------------------------------------------------------------

Engine-Match Saturday, October 4, 2025 4:57:34 PM
 Blitz 1/1 

Pairing 3/10 :    Stockfish 1%  -  C0BR4_v2.9

PGN-File: C:\Program Files (x86)\Arena\Tournaments\Engine Battle 20251004_2.pgn

No:  B/W 1/2     W:B       1:2           Time        Value Moves Dep 1:2       1-2-Draws
   6 B 1    1.5:0.5        4.5:1.5       4:57:51 PM      -M1    22 8.167 :3.950  4-1-1

--------------------------------------------------------------

Engine-Match Saturday, October 4, 2025 4:57:52 PM
 Blitz 1/1 

Pairing 4/10 :    SlowMate_v3.1  -  V7P3R_v12.6

PGN-File: C:\Program Files (x86)\Arena\Tournaments\Engine Battle 20251004_2.pgn

No:  B/W 1/2     W:B       1:2           Time        Value Moves Dep 1:2       1-2-Draws
   6 = =    1.0:1.0        1.0:5.0       5:00:42 PM    +1.92    40 2.773 :3.143  0-4-2

--------------------------------------------------------------

Engine-Match Saturday, October 4, 2025 5:00:43 PM
 Blitz 1/1 

Pairing 5/10 :    Random_Opponent  -  SlowMate_v3.1

PGN-File: C:\Program Files (x86)\Arena\Tournaments\Engine Battle 20251004_2.pgn

No:  B/W 1/2     W:B       1:2           Time        Value Moves Dep 1:2       1-2-Draws
   6 W 2    1.0:0.0        0.0:6.0       5:01:25 PM  +180.04    16 0:3.063  0-6-0

--------------------------------------------------------------

Engine-Match Saturday, October 4, 2025 5:01:26 PM
 Blitz 1/1 

Pairing 6/10 :    V7P3R_v12.6  -  Stockfish 1%

PGN-File: C:\Program Files (x86)\Arena\Tournaments\Engine Battle 20251004_2.pgn

No:  B/W 1/2     W:B       1:2           Time        Value Moves Dep 1:2       1-2-Draws
   6 W 2    1.5:0.5        0.5:5.5       5:03:35 PM   +18.18    77 2.971 :8.000  0-5-1

--------------------------------------------------------------

Engine-Match Saturday, October 4, 2025 5:03:37 PM
 Blitz 1/1 

Pairing 7/10 :    C0BR4_v2.9  -  V7P3R_v12.6

PGN-File: C:\Program Files (x86)\Arena\Tournaments\Engine Battle 20251004_2.pgn

No:  B/W 1/2     W:B       1:2           Time        Value Moves Dep 1:2       1-2-Draws
   6 B 1    2.0:1.0        4.0:2.0       5:05:43 PM  -299.97    44 4.000 :3.111  3-1-2

--------------------------------------------------------------

Engine-Match Saturday, October 4, 2025 5:05:44 PM
 Blitz 1/1 

Pairing 8/10 :    Stockfish 1%  -  Random_Opponent

PGN-File: C:\Program Files (x86)\Arena\Tournaments\Engine Battle 20251004_2.pgn

No:  B/W 1/2     W:B       1:2           Time        Value Moves Dep 1:2       1-2-Draws
   6 B 1    1.0:0.0        6.0:0.0       5:06:09 PM      -M1    65 8.167 :0 6-0-0

--------------------------------------------------------------

Engine-Match Saturday, October 4, 2025 5:06:10 PM
 Blitz 1/1 

Pairing 9/10 :    SlowMate_v3.1  -  Stockfish 1%

PGN-File: C:\Program Files (x86)\Arena\Tournaments\Engine Battle 20251004_2.pgn

No:  B/W 1/2     W:B       1:2           Time        Value Moves Dep 1:2       1-2-Draws
   6 B 1    1.0:0.0        1.0:5.0       5:07:31 PM  -198.07    35 2.800 :7.000  1-5-0

--------------------------------------------------------------

Engine-Match Saturday, October 4, 2025 5:07:32 PM
 Blitz 1/1 

Pairing 10/10 :    Random_Opponent  -  C0BR4_v2.9

PGN-File: C:\Program Files (x86)\Arena\Tournaments\Engine Battle 20251004_2.pgn

No:  B/W 1/2     W:B       1:2           Time        Value Moves Dep 1:2       1-2-Draws
   6 W 2    1.0:0.0        0.0:6.0       5:07:41 PM  +299.97    14 0:4.000  0-6-0

--------------------------------------------------------------

Engine-Match Saturday, October 4, 2025 5:07:48 PM
 Blitz 1/1 

Pairing 1/10 :    V7P3R_v12.6  -  Random_Opponent

PGN-File: C:\Program Files (x86)\Arena\Tournaments\Engine Battle 20251004_2.pgn

No:  B/W 1/2     W:B       1:2           Time        Value Moves Dep 1:2       1-2-Draws
   7 W 1    1.0:0.0        7.0:0.0       5:08:25 PM  +289.96    15 3.400 :0 7-0-0

--------------------------------------------------------------

Engine-Match Saturday, October 4, 2025 5:08:26 PM
 Blitz 1/1 

Pairing 2/10 :    C0BR4_v2.9  -  SlowMate_v3.1

PGN-File: C:\Program Files (x86)\Arena\Tournaments\Engine Battle 20251004_2.pgn

No:  B/W 1/2     W:B       1:2           Time        Value Moves Dep 1:2       1-2-Draws
   7 W 1    2.5:1.5        4.5:2.5       5:10:16 PM  +299.97    40 4.000 :2.718  3-1-3

--------------------------------------------------------------

Engine-Match Saturday, October 4, 2025 5:10:17 PM
 Blitz 1/1 

Pairing 3/10 :    Stockfish 1%  -  C0BR4_v2.9

PGN-File: C:\Program Files (x86)\Arena\Tournaments\Engine Battle 20251004_2.pgn

No:  B/W 1/2     W:B       1:2           Time        Value Moves Dep 1:2       1-2-Draws
   7 W 1    1.5:0.5        5.5:1.5       5:10:37 PM      +M1    33 9.000 :4.000  5-1-1

--------------------------------------------------------------

Engine-Match Saturday, October 4, 2025 5:10:38 PM
 Blitz 1/1 

Pairing 4/10 :    SlowMate_v3.1  -  V7P3R_v12.6

PGN-File: C:\Program Files (x86)\Arena\Tournaments\Engine Battle 20251004_2.pgn

No:  B/W 1/2     W:B       1:2           Time        Value Moves Dep 1:2       1-2-Draws
   7 B 2    2.0:1.0        1.0:6.0       5:12:33 PM   -15.38    27 2.667 :2.577  0-5-2

--------------------------------------------------------------

Engine-Match Saturday, October 4, 2025 5:12:34 PM
 Blitz 1/1 

Pairing 5/10 :    Random_Opponent  -  SlowMate_v3.1

PGN-File: C:\Program Files (x86)\Arena\Tournaments\Engine Battle 20251004_2.pgn

No:  B/W 1/2     W:B       1:2           Time        Value Moves Dep 1:2       1-2-Draws
   7 = =    0.5:0.5        0.5:6.5       5:13:53 PM  -200.00    35 0:2.771  0-6-1

--------------------------------------------------------------

Engine-Match Saturday, October 4, 2025 5:13:54 PM
 Blitz 1/1 

Pairing 6/10 :    V7P3R_v12.6  -  Stockfish 1%

PGN-File: C:\Program Files (x86)\Arena\Tournaments\Engine Battle 20251004_2.pgn

No:  B/W 1/2     W:B       1:2           Time        Value Moves Dep 1:2       1-2-Draws
   7 = =    1.0:1.0        1.0:6.0       5:14:37 PM     0.00    14 2.923 :7.200  0-5-2

--------------------------------------------------------------

Engine-Match Saturday, October 4, 2025 5:14:39 PM
 Blitz 1/1 

Pairing 7/10 :    C0BR4_v2.9  -  V7P3R_v12.6

PGN-File: C:\Program Files (x86)\Arena\Tournaments\Engine Battle 20251004_2.pgn

No:  B/W 1/2     W:B       1:2           Time        Value Moves Dep 1:2       1-2-Draws
   7 W 1    2.0:1.0        5.0:2.0       5:15:43 PM  +299.97    25 4.000 :3.143  4-1-2

--------------------------------------------------------------

Engine-Match Saturday, October 4, 2025 5:15:45 PM
 Blitz 1/1 

Pairing 8/10 :    Stockfish 1%  -  Random_Opponent

PGN-File: C:\Program Files (x86)\Arena\Tournaments\Engine Battle 20251004_2.pgn

No:  B/W 1/2     W:B       1:2           Time        Value Moves Dep 1:2       1-2-Draws
   7 W 1    1.0:0.0        7.0:0.0       5:16:03 PM      +M1    45 10.750 :0 7-0-0

--------------------------------------------------------------

Engine-Match Saturday, October 4, 2025 5:16:04 PM
 Blitz 1/1 

Pairing 9/10 :    SlowMate_v3.1  -  Stockfish 1%

PGN-File: C:\Program Files (x86)\Arena\Tournaments\Engine Battle 20251004_2.pgn

No:  B/W 1/2     W:B       1:2           Time        Value Moves Dep 1:2       1-2-Draws
   7 B 2    1.0:0.0        1.0:6.0       5:18:32 PM   -14.05    75 3.000 :7.667  1-6-0

--------------------------------------------------------------

Engine-Match Saturday, October 4, 2025 5:18:34 PM
 Blitz 1/1 

Pairing 10/10 :    Random_Opponent  -  C0BR4_v2.9

PGN-File: C:\Program Files (x86)\Arena\Tournaments\Engine Battle 20251004_2.pgn

No:  B/W 1/2     W:B       1:2           Time        Value Moves Dep 1:2       1-2-Draws
   7 B 2    1.0:0.0        0.0:7.0       5:18:50 PM  -299.97    28 0:3.923  0-7-0

--------------------------------------------------------------

Engine-Match Saturday, October 4, 2025 5:18:52 PM
 Blitz 1/1 

Pairing 1/10 :    V7P3R_v12.6  -  Random_Opponent

PGN-File: C:\Program Files (x86)\Arena\Tournaments\Engine Battle 20251004_2.pgn

No:  B/W 1/2     W:B       1:2           Time        Value Moves Dep 1:2       1-2-Draws
   8 B 1    1.0:0.0        8.0:0.0       5:19:33 PM  -289.96    17 3.188 :0 8-0-0

--------------------------------------------------------------

Engine-Match Saturday, October 4, 2025 5:19:34 PM
 Blitz 1/1 

Pairing 2/10 :    C0BR4_v2.9  -  SlowMate_v3.1

PGN-File: C:\Program Files (x86)\Arena\Tournaments\Engine Battle 20251004_2.pgn

No:  B/W 1/2     W:B       1:2           Time        Value Moves Dep 1:2       1-2-Draws
   8 B 1    2.5:1.5        5.5:2.5       5:21:02 PM   -14.29    30 4.000 :2.800  4-1-3

--------------------------------------------------------------

Engine-Match Saturday, October 4, 2025 5:21:03 PM
 Blitz 1/1 

Pairing 3/10 :    Stockfish 1%  -  C0BR4_v2.9

PGN-File: C:\Program Files (x86)\Arena\Tournaments\Engine Battle 20251004_2.pgn

No:  B/W 1/2     W:B       1:2           Time        Value Moves Dep 1:2       1-2-Draws
   8 B 1    1.5:0.5        6.5:1.5       5:22:15 PM      -M1   104 9.000 :4.000  6-1-1

--------------------------------------------------------------

Engine-Match Saturday, October 4, 2025 5:22:16 PM
 Blitz 1/1 

Pairing 4/10 :    SlowMate_v3.1  -  V7P3R_v12.6

PGN-File: C:\Program Files (x86)\Arena\Tournaments\Engine Battle 20251004_2.pgn

No:  B/W 1/2     W:B       1:2           Time        Value Moves Dep 1:2       1-2-Draws
   8 W 2    2.0:1.0        1.0:7.0       5:25:44 PM  +289.96    52 2.655 :2.963  0-6-2

--------------------------------------------------------------

Engine-Match Saturday, October 4, 2025 5:25:46 PM
 Blitz 1/1 

Pairing 5/10 :    Random_Opponent  -  SlowMate_v3.1

PGN-File: C:\Program Files (x86)\Arena\Tournaments\Engine Battle 20251004_2.pgn

No:  B/W 1/2     W:B       1:2           Time        Value Moves Dep 1:2       1-2-Draws
   8 W 2    1.5:0.5        0.5:7.5       5:26:07 PM  +182.13     7 0:3.286  0-7-1

--------------------------------------------------------------

Engine-Match Saturday, October 4, 2025 5:26:09 PM
 Blitz 1/1 

Pairing 6/10 :    V7P3R_v12.6  -  Stockfish 1%

PGN-File: C:\Program Files (x86)\Arena\Tournaments\Engine Battle 20251004_2.pgn

No:  B/W 1/2     W:B       1:2           Time        Value Moves Dep 1:2       1-2-Draws
   8 W 2    2.0:1.0        1.0:7.0       5:27:13 PM      +M1    28 3.292 :7.714  0-6-2

--------------------------------------------------------------

Engine-Match Saturday, October 4, 2025 5:27:15 PM
 Blitz 1/1 

Pairing 7/10 :    C0BR4_v2.9  -  V7P3R_v12.6

PGN-File: C:\Program Files (x86)\Arena\Tournaments\Engine Battle 20251004_2.pgn

No:  B/W 1/2     W:B       1:2           Time        Value Moves Dep 1:2       1-2-Draws
   8 = =    1.5:1.5        5.5:2.5       5:28:54 PM    -3.67    32 4.000 :2.950  4-1-3

--------------------------------------------------------------

Engine-Match Saturday, October 4, 2025 5:28:55 PM
 Blitz 1/1 

Pairing 8/10 :    Stockfish 1%  -  Random_Opponent

PGN-File: C:\Program Files (x86)\Arena\Tournaments\Engine Battle 20251004_2.pgn

No:  B/W 1/2     W:B       1:2           Time        Value Moves Dep 1:2       1-2-Draws
   8 B 1    1.0:0.0        8.0:0.0       5:29:01 PM      -M1     9 7.500 :0 8-0-0

--------------------------------------------------------------

Engine-Match Saturday, October 4, 2025 5:29:02 PM
 Blitz 1/1 

Pairing 9/10 :    SlowMate_v3.1  -  Stockfish 1%

PGN-File: C:\Program Files (x86)\Arena\Tournaments\Engine Battle 20251004_2.pgn

No:  B/W 1/2     W:B       1:2           Time        Value Moves Dep 1:2       1-2-Draws
   8 W 2    1.0:0.0        1.0:7.0       5:30:24 PM      +M1    37 3.000 :8.167  1-7-0

--------------------------------------------------------------

Engine-Match Saturday, October 4, 2025 5:30:25 PM
 Blitz 1/1 

Pairing 10/10 :    Random_Opponent  -  C0BR4_v2.9

PGN-File: C:\Program Files (x86)\Arena\Tournaments\Engine Battle 20251004_2.pgn

No:  B/W 1/2     W:B       1:2           Time        Value Moves Dep 1:2       1-2-Draws
   8 W 2    1.0:0.0        0.0:8.0       5:30:33 PM  +299.97    12 0:4.000  0-8-0

--------------------------------------------------------------

Engine-Match Saturday, October 4, 2025 5:30:40 PM
 Blitz 1/1 

Pairing 1/10 :    V7P3R_v12.6  -  Random_Opponent

PGN-File: C:\Program Files (x86)\Arena\Tournaments\Engine Battle 20251004_2.pgn

No:  B/W 1/2     W:B       1:2           Time        Value Moves Dep 1:2       1-2-Draws
   9 W 1    1.0:0.0        9.0:0.0       5:31:02 PM  +289.96    11 3.200 :0 9-0-0

--------------------------------------------------------------

Engine-Match Saturday, October 4, 2025 5:31:03 PM
 Blitz 1/1 

Pairing 2/10 :    C0BR4_v2.9  -  SlowMate_v3.1

PGN-File: C:\Program Files (x86)\Arena\Tournaments\Engine Battle 20251004_2.pgn

No:  B/W 1/2     W:B       1:2           Time        Value Moves Dep 1:2       1-2-Draws
   9 W 1    2.5:1.5        6.5:2.5       5:32:10 PM  +299.97    23 3.905 :2.773  5-1-3

--------------------------------------------------------------

Engine-Match Saturday, October 4, 2025 5:32:11 PM
 Blitz 1/1 

Pairing 3/10 :    Stockfish 1%  -  C0BR4_v2.9

PGN-File: C:\Program Files (x86)\Arena\Tournaments\Engine Battle 20251004_2.pgn

No:  B/W 1/2     W:B       1:2           Time        Value Moves Dep 1:2       1-2-Draws
   9 W 1    1.5:0.5        7.5:1.5       5:33:29 PM   +10.96    69 9.250 :3.982  7-1-1

--------------------------------------------------------------

Engine-Match Saturday, October 4, 2025 5:33:30 PM
 Blitz 1/1 

Pairing 4/10 :    SlowMate_v3.1  -  V7P3R_v12.6

PGN-File: C:\Program Files (x86)\Arena\Tournaments\Engine Battle 20251004_2.pgn

No:  B/W 1/2     W:B       1:2           Time        Value Moves Dep 1:2       1-2-Draws
   9 B 2    2.0:1.0        1.0:8.0       5:35:25 PM   -15.38    27 2.667 :2.577  0-7-2

--------------------------------------------------------------

Engine-Match Saturday, October 4, 2025 5:35:26 PM
 Blitz 1/1 

Pairing 5/10 :    Random_Opponent  -  SlowMate_v3.1

PGN-File: C:\Program Files (x86)\Arena\Tournaments\Engine Battle 20251004_2.pgn

No:  B/W 1/2     W:B       1:2           Time        Value Moves Dep 1:2       1-2-Draws
   9 B 2    1.5:0.5        0.5:8.5       5:36:10 PM  -193.58    17 0:2.824  0-8-1

--------------------------------------------------------------

Engine-Match Saturday, October 4, 2025 5:36:11 PM
 Blitz 1/1 

Pairing 6/10 :    V7P3R_v12.6  -  Stockfish 1%

PGN-File: C:\Program Files (x86)\Arena\Tournaments\Engine Battle 20251004_2.pgn

No:  B/W 1/2     W:B       1:2           Time        Value Moves Dep 1:2       1-2-Draws
   9 B 2    2.0:1.0        1.0:8.0       5:38:11 PM   -10.38    71 3.053 :7.000  0-7-2

--------------------------------------------------------------

Engine-Match Saturday, October 4, 2025 5:38:12 PM
 Blitz 1/1 

Pairing 7/10 :    C0BR4_v2.9  -  V7P3R_v12.6

PGN-File: C:\Program Files (x86)\Arena\Tournaments\Engine Battle 20251004_2.pgn

No:  B/W 1/2     W:B       1:2           Time        Value Moves Dep 1:2       1-2-Draws
   9 W 1    2.5:1.5        6.5:2.5       5:39:16 PM  +299.97    25 4.000 :3.150  5-1-3

--------------------------------------------------------------

Engine-Match Saturday, October 4, 2025 5:39:17 PM
 Blitz 1/1 

Pairing 8/10 :    Stockfish 1%  -  Random_Opponent

PGN-File: C:\Program Files (x86)\Arena\Tournaments\Engine Battle 20251004_2.pgn

No:  B/W 1/2     W:B       1:2           Time        Value Moves Dep 1:2       1-2-Draws
   9 W 1    1.0:0.0        9.0:0.0       5:39:32 PM      +M1    36 10.500 :0 9-0-0

--------------------------------------------------------------

Engine-Match Saturday, October 4, 2025 5:39:33 PM
 Blitz 1/1 

Pairing 9/10 :    SlowMate_v3.1  -  Stockfish 1%

PGN-File: C:\Program Files (x86)\Arena\Tournaments\Engine Battle 20251004_2.pgn

No:  B/W 1/2     W:B       1:2           Time        Value Moves Dep 1:2       1-2-Draws
   9 B 2    1.0:0.0        1.0:8.0       5:40:59 PM      -M1    38 3.263 :8.800  1-8-0

--------------------------------------------------------------

Engine-Match Saturday, October 4, 2025 5:41:00 PM
 Blitz 1/1 

Pairing 10/10 :    Random_Opponent  -  C0BR4_v2.9

PGN-File: C:\Program Files (x86)\Arena\Tournaments\Engine Battle 20251004_2.pgn

No:  B/W 1/2     W:B       1:2           Time        Value Moves Dep 1:2       1-2-Draws
   9 B 2    1.0:0.0        0.0:9.0       5:41:17 PM  -299.97    17 0:3.867  0-9-0

--------------------------------------------------------------

Engine-Match Saturday, October 4, 2025 5:41:18 PM
 Blitz 1/1 

Pairing 1/10 :    V7P3R_v12.6  -  Random_Opponent

PGN-File: C:\Program Files (x86)\Arena\Tournaments\Engine Battle 20251004_2.pgn

No:  B/W 1/2     W:B       1:2           Time        Value Moves Dep 1:2       1-2-Draws
  10 B 1    1.0:0.0        10.0:0.0      5:42:04 PM  -289.96    19 2.842 :0 10-0-0

--------------------------------------------------------------

Engine-Match Saturday, October 4, 2025 5:42:05 PM
 Blitz 1/1 

Pairing 2/10 :    C0BR4_v2.9  -  SlowMate_v3.1

PGN-File: C:\Program Files (x86)\Arena\Tournaments\Engine Battle 20251004_2.pgn

No:  B/W 1/2     W:B       1:2           Time        Value Moves Dep 1:2       1-2-Draws
  10 = =    2.0:2.0        7.0:3.0       5:43:31 PM    -2.95    30 4.000 :3.048  5-1-4

--------------------------------------------------------------

Engine-Match Saturday, October 4, 2025 5:43:32 PM
 Blitz 1/1 

Pairing 3/10 :    Stockfish 1%  -  C0BR4_v2.9

PGN-File: C:\Program Files (x86)\Arena\Tournaments\Engine Battle 20251004_2.pgn

No:  B/W 1/2     W:B       1:2           Time        Value Moves Dep 1:2       1-2-Draws
  10 = =    1.0:1.0        8.0:2.0       5:45:54 PM     0.00   197 6.333 :4.000  7-1-2

--------------------------------------------------------------

Engine-Match Saturday, October 4, 2025 5:45:56 PM
 Blitz 1/1 

Pairing 4/10 :    SlowMate_v3.1  -  V7P3R_v12.6

PGN-File: C:\Program Files (x86)\Arena\Tournaments\Engine Battle 20251004_2.pgn

No:  B/W 1/2     W:B       1:2           Time        Value Moves Dep 1:2       1-2-Draws
  10 W 2    2.0:1.0        1.0:9.0       5:49:47 PM   +10.65    64 2.900 :3.133  0-8-2

--------------------------------------------------------------

Engine-Match Saturday, October 4, 2025 5:49:48 PM
 Blitz 1/1 

Pairing 5/10 :    Random_Opponent  -  SlowMate_v3.1

PGN-File: C:\Program Files (x86)\Arena\Tournaments\Engine Battle 20251004_2.pgn

No:  B/W 1/2     W:B       1:2           Time        Value Moves Dep 1:2       1-2-Draws
  10 W 2    1.5:0.5        0.5:9.5       5:50:29 PM  +191.86    16 0:3.250  0-9-1

--------------------------------------------------------------

Engine-Match Saturday, October 4, 2025 5:50:31 PM
 Blitz 1/1 

Pairing 6/10 :    V7P3R_v12.6  -  Stockfish 1%

PGN-File: C:\Program Files (x86)\Arena\Tournaments\Engine Battle 20251004_2.pgn

No:  B/W 1/2     W:B       1:2           Time        Value Moves Dep 1:2       1-2-Draws
  10 B 1    2.0:1.0        2.0:8.0       5:51:44 PM    -9.28    33 3.000 :7.250  1-7-2

--------------------------------------------------------------

Engine-Match Saturday, October 4, 2025 5:51:45 PM
 Blitz 1/1 

Pairing 7/10 :    C0BR4_v2.9  -  V7P3R_v12.6

PGN-File: C:\Program Files (x86)\Arena\Tournaments\Engine Battle 20251004_2.pgn

No:  B/W 1/2     W:B       1:2           Time        Value Moves Dep 1:2       1-2-Draws
  10 W 2    2.5:1.5        6.5:3.5       5:54:10 PM   +10.84    64 4.000 :2.968  5-2-3

--------------------------------------------------------------

Engine-Match Saturday, October 4, 2025 5:54:11 PM
 Blitz 1/1 

Pairing 8/10 :    Stockfish 1%  -  Random_Opponent

PGN-File: C:\Program Files (x86)\Arena\Tournaments\Engine Battle 20251004_2.pgn

No:  B/W 1/2     W:B       1:2           Time        Value Moves Dep 1:2       1-2-Draws
  10 B 1    1.0:0.0        10.0:0.0      5:54:18 PM      -M1    11 8.200 :0 10-0-0

--------------------------------------------------------------

Engine-Match Saturday, October 4, 2025 5:54:19 PM
 Blitz 1/1 

Pairing 9/10 :    SlowMate_v3.1  -  Stockfish 1%

PGN-File: C:\Program Files (x86)\Arena\Tournaments\Engine Battle 20251004_2.pgn

No:  B/W 1/2     W:B       1:2           Time        Value Moves Dep 1:2       1-2-Draws
  10 W 2    1.0:0.0        1.0:9.0       5:55:23 PM      +M1    27 3.038 :7.429  1-9-0

--------------------------------------------------------------

Engine-Match Saturday, October 4, 2025 5:55:25 PM
 Blitz 1/1 

Pairing 10/10 :    Random_Opponent  -  C0BR4_v2.9

PGN-File: C:\Program Files (x86)\Arena\Tournaments\Engine Battle 20251004_2.pgn

No:  B/W 1/2     W:B       1:2           Time        Value Moves Dep 1:2       1-2-Draws
  10 W 2    1.0:0.0        0.0:10.0      5:55:52 PM  +299.97    21 0:3.895  0-10-0
