Engine-Match Sunday, October 5, 2025 7:43:29 PM
 Blitz 2/1 

Pairing 1/8 :    C0BR4_v3.0  -  C0BR4_v2.9

PGN-File: C:\Program Files (x86)\Arena\Tournaments\Engine Battle 20251005_2.pgn

No:  B/W 1/2     W:B       1:2           Time        Value Moves Dep 1:2       1-2-Draws
   1 B 2    1.0:0.0        0.0:1.0       7:45:41 PM     0.00     5 6.000 :4.000  0-1-0

--------------------------------------------------------------

Engine-Match Sunday, October 5, 2025 7:45:43 PM
 Blitz 2/1 

Pairing 2/8 :    C0BR4_v3.0  -  Random_Opponent

PGN-File: C:\Program Files (x86)\Arena\Tournaments\Engine Battle 20251005_2.pgn

No:  B/W 1/2     W:B       1:2           Time        Value Moves Dep 1:2       1-2-Draws
   1 W 1    1.0:0.0        1.0:0.0       7:45:46 PM    +1.28     1 6.000 :0 1-0-0

--------------------------------------------------------------

Engine-Match Sunday, October 5, 2025 7:45:47 PM
 Blitz 2/1 

Pairing 3/8 :    C0BR4_v3.0  -  SlowMate_v3.1

PGN-File: C:\Program Files (x86)\Arena\Tournaments\Engine Battle 20251005_2.pgn

No:  B/W 1/2     W:B       1:2           Time        Value Moves Dep 1:2       1-2-Draws
   1 B 2    1.0:0.0        0.0:1.0       7:48:19 PM     0.00     6 0:2.667  0-1-0

--------------------------------------------------------------

Engine-Match Sunday, October 5, 2025 7:48:20 PM
 Blitz 2/1 

Pairing 4/8 :    C0BR4_v3.0  -  Stockfish 1%

PGN-File: C:\Program Files (x86)\Arena\Tournaments\Engine Battle 20251005_2.pgn

No:  B/W 1/2     W:B       1:2           Time        Value Moves Dep 1:2       1-2-Draws
   1 B 2    1.0:0.0        0.0:1.0       7:50:25 PM     0.00     1 0:0 0-1-0

--------------------------------------------------------------

Engine-Match Sunday, October 5, 2025 7:50:26 PM
 Blitz 2/1 

Pairing 5/8 :    C0BR4_v3.0  -  V7P3R_v12.6

PGN-File: C:\Program Files (x86)\Arena\Tournaments\Engine Battle 20251005_2.pgn

No:  B/W 1/2     W:B       1:2           Time        Value Moves Dep 1:2       1-2-Draws
   1 W 1    1.0:0.0        1.0:0.0       7:51:39 PM    -0.26     1 6.000 :0 1-0-0

--------------------------------------------------------------

Engine-Match Sunday, October 5, 2025 7:51:40 PM
 Blitz 2/1 

Pairing 6/8 :    C0BR4_v3.0  -  V7P3R_v10.8

PGN-File: C:\Program Files (x86)\Arena\Tournaments\Engine Battle 20251005_2.pgn

No:  B/W 1/2     W:B       1:2           Time        Value Moves Dep 1:2       1-2-Draws
   1 B 2    1.0:0.0        0.0:1.0       7:54:22 PM     0.00     7 6.000 :3.429  0-1-0

--------------------------------------------------------------

Engine-Match Sunday, October 5, 2025 7:54:23 PM
 Blitz 2/1 

Pairing 7/8 :    C0BR4_v3.0  -  V7P3R_v12.2

PGN-File: C:\Program Files (x86)\Arena\Tournaments\Engine Battle 20251005_2.pgn

No:  B/W 1/2     W:B       1:2           Time        Value Moves Dep 1:2       1-2-Draws
   1 W 1    1.0:0.0        1.0:0.0       7:56:03 PM    -3.44     1 6.000 :0 1-0-0

--------------------------------------------------------------

Engine-Match Sunday, October 5, 2025 7:56:04 PM
 Blitz 2/1 

Pairing 8/8 :    C0BR4_v3.0  -  V7P3R_v12.4

PGN-File: C:\Program Files (x86)\Arena\Tournaments\Engine Battle 20251005_2.pgn

No:  B/W 1/2     W:B       1:2           Time        Value Moves Dep 1:2       1-2-Draws
   1 B 2    1.0:0.0        0.0:1.0       7:58:14 PM     0.00     2 0:4.000  0-1-0

--------------------------------------------------------------

Engine-Match Sunday, October 5, 2025 7:58:15 PM
 Blitz 2/1 

Pairing 1/8 :    C0BR4_v3.0  -  C0BR4_v2.9

PGN-File: C:\Program Files (x86)\Arena\Tournaments\Engine Battle 20251005_2.pgn

No:  B/W 1/2     W:B       1:2           Time        Value Moves Dep 1:2       1-2-Draws
   2 W 2    1.0:0.0        0.0:2.0       7:58:52 PM     0.00     1 0:0 0-2-0

--------------------------------------------------------------

Engine-Match Sunday, October 5, 2025 7:58:53 PM
 Blitz 2/1 

Pairing 2/8 :    C0BR4_v3.0  -  Random_Opponent

PGN-File: C:\Program Files (x86)\Arena\Tournaments\Engine Battle 20251005_2.pgn

No:  B/W 1/2     W:B       1:2           Time        Value Moves Dep 1:2       1-2-Draws
   2 W 2    1.0:0.0        1.0:1.0       8:01:06 PM     0.00     7 6.000 :0 1-1-0

--------------------------------------------------------------

Engine-Match Sunday, October 5, 2025 8:01:07 PM
 Blitz 2/1 

Pairing 3/8 :    C0BR4_v3.0  -  SlowMate_v3.1

PGN-File: C:\Program Files (x86)\Arena\Tournaments\Engine Battle 20251005_2.pgn

No:  B/W 1/2     W:B       1:2           Time        Value Moves Dep 1:2       1-2-Draws
   2 W 2    1.0:0.0        0.0:2.0       8:03:46 PM     0.00     7 6.000 :3.375  0-2-0

--------------------------------------------------------------

Engine-Match Sunday, October 5, 2025 8:03:47 PM
 Blitz 2/1 

Pairing 4/8 :    C0BR4_v3.0  -  Stockfish 1%

PGN-File: C:\Program Files (x86)\Arena\Tournaments\Engine Battle 20251005_2.pgn

No:  B/W 1/2     W:B       1:2           Time        Value Moves Dep 1:2       1-2-Draws
   2 W 2    1.0:0.0        0.0:2.0       8:06:05 PM     0.00    10 6.000 :11.000  0-2-0

--------------------------------------------------------------

Engine-Match Sunday, October 5, 2025 8:06:06 PM
 Blitz 2/1 

Pairing 5/8 :    C0BR4_v3.0  -  V7P3R_v12.6

PGN-File: C:\Program Files (x86)\Arena\Tournaments\Engine Battle 20251005_2.pgn

No:  B/W 1/2     W:B       1:2           Time        Value Moves Dep 1:2       1-2-Draws
   2 B 1    1.0:0.0        2.0:0.0       8:06:22 PM    +3.16     1 6.000 :0 2-0-0

--------------------------------------------------------------

Engine-Match Sunday, October 5, 2025 8:06:24 PM
 Blitz 2/1 

Pairing 6/8 :    C0BR4_v3.0  -  V7P3R_v10.8

PGN-File: C:\Program Files (x86)\Arena\Tournaments\Engine Battle 20251005_2.pgn

No:  B/W 1/2     W:B       1:2           Time        Value Moves Dep 1:2       1-2-Draws
   2 W 2    1.0:0.0        0.0:2.0       8:09:34 PM     0.00    13 6.125 :3.700  0-2-0

--------------------------------------------------------------

Engine-Match Sunday, October 5, 2025 8:09:36 PM
 Blitz 2/1 

Pairing 7/8 :    C0BR4_v3.0  -  V7P3R_v12.2

PGN-File: C:\Program Files (x86)\Arena\Tournaments\Engine Battle 20251005_2.pgn

No:  B/W 1/2     W:B       1:2           Time        Value Moves Dep 1:2       1-2-Draws
   2 B 1    1.0:0.0        2.0:0.0       8:10:08 PM    +3.87     1 6.000 :0 2-0-0

--------------------------------------------------------------

Engine-Match Sunday, October 5, 2025 8:10:09 PM
 Blitz 2/1 

Pairing 8/8 :    C0BR4_v3.0  -  V7P3R_v12.4

PGN-File: C:\Program Files (x86)\Arena\Tournaments\Engine Battle 20251005_2.pgn

No:  B/W 1/2     W:B       1:2           Time        Value Moves Dep 1:2       1-2-Draws
   2 W 2    1.0:0.0        0.0:2.0       8:12:30 PM     0.00     5 0:3.667  0-2-0

--------------------------------------------------------------

Engine-Match Sunday, October 5, 2025 8:12:32 PM
 Blitz 2/1 

Pairing 1/8 :    C0BR4_v3.0  -  C0BR4_v2.9

PGN-File: C:\Program Files (x86)\Arena\Tournaments\Engine Battle 20251005_2.pgn

No:  B/W 1/2     W:B       1:2           Time        Value Moves Dep 1:2       1-2-Draws
   3 B 2    1.0:0.0        0.0:3.0       8:12:50 PM     0.00     0 0:0 0-3-0

--------------------------------------------------------------

Engine-Match Sunday, October 5, 2025 8:12:52 PM
 Blitz 2/1 

Pairing 2/8 :    C0BR4_v3.0  -  Random_Opponent

PGN-File: C:\Program Files (x86)\Arena\Tournaments\Engine Battle 20251005_2.pgn

No:  B/W 1/2     W:B       1:2           Time        Value Moves Dep 1:2       1-2-Draws
   3 B 2    1.0:0.0        1.0:2.0       8:15:08 PM     0.00    10 6.000 :0 1-2-0

--------------------------------------------------------------

Engine-Match Sunday, October 5, 2025 8:15:10 PM
 Blitz 2/1 

Pairing 3/8 :    C0BR4_v3.0  -  SlowMate_v3.1

PGN-File: C:\Program Files (x86)\Arena\Tournaments\Engine Battle 20251005_2.pgn

No:  B/W 1/2     W:B       1:2           Time        Value Moves Dep 1:2       1-2-Draws
   3 W 1    1.0:0.0        1.0:2.0       8:15:39 PM  +299.95     1 6.000 :0 1-2-0

--------------------------------------------------------------

Engine-Match Sunday, October 5, 2025 8:15:40 PM
 Blitz 2/1 

Pairing 4/8 :    C0BR4_v3.0  -  Stockfish 1%

PGN-File: C:\Program Files (x86)\Arena\Tournaments\Engine Battle 20251005_2.pgn

No:  B/W 1/2     W:B       1:2           Time        Value Moves Dep 1:2       1-2-Draws
   3 B 2    1.0:0.0        0.0:3.0       8:17:54 PM     0.00     7 6.000 :11.500  0-3-0

--------------------------------------------------------------

Engine-Match Sunday, October 5, 2025 8:18:05 PM
 Blitz 2/1 

Pairing 5/8 :    C0BR4_v3.0  -  V7P3R_v12.6

PGN-File: C:\Program Files (x86)\Arena\Tournaments\Engine Battle 20251005_2.pgn

No:  B/W 1/2     W:B       1:2           Time        Value Moves Dep 1:2       1-2-Draws
   3 B 2    1.0:0.0        2.0:1.0       8:20:46 PM     0.00     8 6.000 :3.833  2-1-0

--------------------------------------------------------------

Engine-Match Sunday, October 5, 2025 8:20:48 PM
 Blitz 2/1 

Pairing 6/8 :    C0BR4_v3.0  -  V7P3R_v10.8

PGN-File: C:\Program Files (x86)\Arena\Tournaments\Engine Battle 20251005_2.pgn

No:  B/W 1/2     W:B       1:2           Time        Value Moves Dep 1:2       1-2-Draws
   3 B 2    1.0:0.0        0.0:3.0       8:23:43 PM     0.00     9 6.000 :3.625  0-3-0

--------------------------------------------------------------

Engine-Match Sunday, October 5, 2025 8:23:44 PM
 Blitz 2/1 

Pairing 7/8 :    C0BR4_v3.0  -  V7P3R_v12.2

PGN-File: C:\Program Files (x86)\Arena\Tournaments\Engine Battle 20251005_2.pgn

No:  B/W 1/2     W:B       1:2           Time        Value Moves Dep 1:2       1-2-Draws
   3 B 2    1.0:0.0        2.0:1.0       8:25:48 PM     0.00     1 0:0 2-1-0

--------------------------------------------------------------

Engine-Match Sunday, October 5, 2025 8:25:49 PM
 Blitz 2/1 

Pairing 8/8 :    C0BR4_v3.0  -  V7P3R_v12.4

PGN-File: C:\Program Files (x86)\Arena\Tournaments\Engine Battle 20251005_2.pgn

No:  B/W 1/2     W:B       1:2           Time        Value Moves Dep 1:2       1-2-Draws
   3 B 2    1.0:0.0        0.0:3.0       8:27:53 PM     0.00     1 0:0 0-3-0

--------------------------------------------------------------

Engine-Match Sunday, October 5, 2025 8:27:55 PM
 Blitz 2/1 

Pairing 1/8 :    C0BR4_v3.0  -  C0BR4_v2.9

PGN-File: C:\Program Files (x86)\Arena\Tournaments\Engine Battle 20251005_2.pgn

No:  B/W 1/2     W:B       1:2           Time        Value Moves Dep 1:2       1-2-Draws
   4 W 2    1.0:0.0        0.0:4.0       8:30:12 PM     0.00     9 6.000 :4.000  0-4-0

--------------------------------------------------------------

Engine-Match Sunday, October 5, 2025 8:30:13 PM
 Blitz 2/1 

Pairing 2/8 :    C0BR4_v3.0  -  Random_Opponent

PGN-File: C:\Program Files (x86)\Arena\Tournaments\Engine Battle 20251005_2.pgn

No:  B/W 1/2     W:B       1:2           Time        Value Moves Dep 1:2       1-2-Draws
   4 B 1    1.0:0.0        2.0:2.0       8:30:54 PM    +0.08     1 6.000 :0 2-2-0

--------------------------------------------------------------

Engine-Match Sunday, October 5, 2025 8:30:55 PM
 Blitz 2/1 

Pairing 3/8 :    C0BR4_v3.0  -  SlowMate_v3.1

PGN-File: C:\Program Files (x86)\Arena\Tournaments\Engine Battle 20251005_2.pgn

No:  B/W 1/2     W:B       1:2           Time        Value Moves Dep 1:2       1-2-Draws
   4 W 2    1.0:0.0        1.0:3.0       8:33:24 PM     0.00     5 0:3.167  1-3-0

--------------------------------------------------------------

Engine-Match Sunday, October 5, 2025 8:33:26 PM
 Blitz 2/1 

Pairing 4/8 :    C0BR4_v3.0  -  Stockfish 1%

PGN-File: C:\Program Files (x86)\Arena\Tournaments\Engine Battle 20251005_2.pgn

No:  B/W 1/2     W:B       1:2           Time        Value Moves Dep 1:2       1-2-Draws
   4 W 2    1.0:0.0        0.0:4.0       8:35:30 PM     0.00     1 0:14.000  0-4-0

--------------------------------------------------------------

Engine-Match Sunday, October 5, 2025 8:35:32 PM
 Blitz 2/1 

Pairing 5/8 :    C0BR4_v3.0  -  V7P3R_v12.6

PGN-File: C:\Program Files (x86)\Arena\Tournaments\Engine Battle 20251005_2.pgn

No:  B/W 1/2     W:B       1:2           Time        Value Moves Dep 1:2       1-2-Draws
   4 W 2    1.0:0.0        2.0:2.0       8:37:52 PM     0.00     4 6.000 :3.200  2-2-0

--------------------------------------------------------------

Engine-Match Sunday, October 5, 2025 8:37:53 PM
 Blitz 2/1 

Pairing 6/8 :    C0BR4_v3.0  -  V7P3R_v10.8

PGN-File: C:\Program Files (x86)\Arena\Tournaments\Engine Battle 20251005_2.pgn

No:  B/W 1/2     W:B       1:2           Time        Value Moves Dep 1:2       1-2-Draws
   4 W 2    1.0:0.0        0.0:4.0       8:40:03 PM     0.00     1 0:4.000  0-4-0

--------------------------------------------------------------

Engine-Match Sunday, October 5, 2025 8:40:04 PM
 Blitz 2/1 

Pairing 7/8 :    C0BR4_v3.0  -  V7P3R_v12.2

PGN-File: C:\Program Files (x86)\Arena\Tournaments\Engine Battle 20251005_2.pgn

No:  B/W 1/2     W:B       1:2           Time        Value Moves Dep 1:2       1-2-Draws
   4 B 1    1.0:0.0        3.0:1.0       8:41:13 PM    -0.70     1 6.000 :0 3-1-0

--------------------------------------------------------------

Engine-Match Sunday, October 5, 2025 8:41:14 PM
 Blitz 2/1 

Pairing 8/8 :    C0BR4_v3.0  -  V7P3R_v12.4

PGN-File: C:\Program Files (x86)\Arena\Tournaments\Engine Battle 20251005_2.pgn

No:  B/W 1/2     W:B       1:2           Time        Value Moves Dep 1:2       1-2-Draws
   4 W 2    1.0:0.0        0.0:4.0       8:44:04 PM     0.00     6 0:3.857  0-4-0

--------------------------------------------------------------

Engine-Match Sunday, October 5, 2025 8:44:05 PM
 Blitz 2/1 

Pairing 1/8 :    C0BR4_v3.0  -  C0BR4_v2.9

PGN-File: C:\Program Files (x86)\Arena\Tournaments\Engine Battle 20251005_2.pgn

No:  B/W 1/2     W:B       1:2           Time        Value Moves Dep 1:2       1-2-Draws
   5 B 2    1.0:0.0        0.0:5.0       8:45:24 PM     0.00     0 0:0 0-5-0

--------------------------------------------------------------

Engine-Match Sunday, October 5, 2025 8:45:25 PM
 Blitz 2/1 

Pairing 2/8 :    C0BR4_v3.0  -  Random_Opponent

PGN-File: C:\Program Files (x86)\Arena\Tournaments\Engine Battle 20251005_2.pgn

No:  B/W 1/2     W:B       1:2           Time        Value Moves Dep 1:2       1-2-Draws
   5 B 2    1.0:0.0        2.0:3.0       8:47:32 PM     0.00     3 0:0 2-3-0

--------------------------------------------------------------

Engine-Match Sunday, October 5, 2025 8:47:33 PM
 Blitz 2/1 

Pairing 3/8 :    C0BR4_v3.0  -  SlowMate_v3.1

PGN-File: C:\Program Files (x86)\Arena\Tournaments\Engine Battle 20251005_2.pgn

No:  B/W 1/2     W:B       1:2           Time        Value Moves Dep 1:2       1-2-Draws
   5 W 1    1.0:0.0        2.0:3.0       8:47:41 PM    +1.18     1 6.000 :0 2-3-0

--------------------------------------------------------------

Engine-Match Sunday, October 5, 2025 8:47:43 PM
 Blitz 2/1 

Pairing 4/8 :    C0BR4_v3.0  -  Stockfish 1%

PGN-File: C:\Program Files (x86)\Arena\Tournaments\Engine Battle 20251005_2.pgn

No:  B/W 1/2     W:B       1:2           Time        Value Moves Dep 1:2       1-2-Draws
   5 B 2    1.0:0.0        0.0:5.0       8:49:56 PM     0.00     7 0:12.429  0-5-0

--------------------------------------------------------------

Engine-Match Sunday, October 5, 2025 8:49:57 PM
 Blitz 2/1 

Pairing 5/8 :    C0BR4_v3.0  -  V7P3R_v12.6

PGN-File: C:\Program Files (x86)\Arena\Tournaments\Engine Battle 20251005_2.pgn

No:  B/W 1/2     W:B       1:2           Time        Value Moves Dep 1:2       1-2-Draws
   5 B 2    1.0:0.0        2.0:3.0       8:52:01 PM     0.00     1 0:0 2-3-0

--------------------------------------------------------------

Engine-Match Sunday, October 5, 2025 8:52:02 PM
 Blitz 2/1 

Pairing 6/8 :    C0BR4_v3.0  -  V7P3R_v10.8

PGN-File: C:\Program Files (x86)\Arena\Tournaments\Engine Battle 20251005_2.pgn

No:  B/W 1/2     W:B       1:2           Time        Value Moves Dep 1:2       1-2-Draws
   5 B 2    1.0:0.0        0.0:5.0       8:54:17 PM     0.00     2 0:4.000  0-5-0

--------------------------------------------------------------

Engine-Match Sunday, October 5, 2025 8:54:18 PM
 Blitz 2/1 

Pairing 7/8 :    C0BR4_v3.0  -  V7P3R_v12.2

PGN-File: C:\Program Files (x86)\Arena\Tournaments\Engine Battle 20251005_2.pgn

No:  B/W 1/2     W:B       1:2           Time        Value Moves Dep 1:2       1-2-Draws
   5 B 2    1.0:0.0        3.0:2.0       8:56:36 PM     0.00     3 6.000 :4.000  3-2-0

--------------------------------------------------------------

Engine-Match Sunday, October 5, 2025 8:56:38 PM
 Blitz 2/1 

Pairing 8/8 :    C0BR4_v3.0  -  V7P3R_v12.4

PGN-File: C:\Program Files (x86)\Arena\Tournaments\Engine Battle 20251005_2.pgn

No:  B/W 1/2     W:B       1:2           Time        Value Moves Dep 1:2       1-2-Draws
   5 B 2    1.0:0.0        0.0:5.0       8:58:42 PM     0.00     1 0:0 0-5-0

--------------------------------------------------------------

Engine-Match Sunday, October 5, 2025 8:58:52 PM
 Blitz 2/1 

Pairing 1/8 :    C0BR4_v3.0  -  C0BR4_v2.9

PGN-File: C:\Program Files (x86)\Arena\Tournaments\Engine Battle 20251005_2.pgn

No:  B/W 1/2     W:B       1:2           Time        Value Moves Dep 1:2       1-2-Draws
   6 W 2    1.0:0.0        0.0:6.0       9:01:11 PM     0.00    11 6.000 :4.000  0-6-0

--------------------------------------------------------------

Engine-Match Sunday, October 5, 2025 9:01:13 PM
 Blitz 2/1 

Pairing 2/8 :    C0BR4_v3.0  -  Random_Opponent

PGN-File: C:\Program Files (x86)\Arena\Tournaments\Engine Battle 20251005_2.pgn

No:  B/W 1/2     W:B       1:2           Time        Value Moves Dep 1:2       1-2-Draws
   6 B 1    1.0:0.0        3.0:3.0       9:01:52 PM    +2.19     1 6.000 :0 3-3-0

--------------------------------------------------------------

Engine-Match Sunday, October 5, 2025 9:01:53 PM
 Blitz 2/1 

Pairing 3/8 :    C0BR4_v3.0  -  SlowMate_v3.1

PGN-File: C:\Program Files (x86)\Arena\Tournaments\Engine Battle 20251005_2.pgn

No:  B/W 1/2     W:B       1:2           Time        Value Moves Dep 1:2       1-2-Draws
   6 W 2    1.0:0.0        2.0:4.0       9:04:23 PM     0.00     5 6.000 :3.667  2-4-0

--------------------------------------------------------------

Engine-Match Sunday, October 5, 2025 9:04:24 PM
 Blitz 2/1 

Pairing 4/8 :    C0BR4_v3.0  -  Stockfish 1%

PGN-File: C:\Program Files (x86)\Arena\Tournaments\Engine Battle 20251005_2.pgn

No:  B/W 1/2     W:B       1:2           Time        Value Moves Dep 1:2       1-2-Draws
   6 W 2    1.0:0.0        0.0:6.0       9:06:34 PM     0.00     4 6.000 :11.800  0-6-0

--------------------------------------------------------------

Engine-Match Sunday, October 5, 2025 9:06:36 PM
 Blitz 2/1 

Pairing 5/8 :    C0BR4_v3.0  -  V7P3R_v12.6

PGN-File: C:\Program Files (x86)\Arena\Tournaments\Engine Battle 20251005_2.pgn

No:  B/W 1/2     W:B       1:2           Time        Value Moves Dep 1:2       1-2-Draws
   6 B 1    1.0:0.0        3.0:3.0       9:06:38 PM     0.00     0 0:0 3-3-0

--------------------------------------------------------------

Engine-Match Sunday, October 5, 2025 9:06:40 PM
 Blitz 2/1 

Pairing 6/8 :    C0BR4_v3.0  -  V7P3R_v10.8

PGN-File: C:\Program Files (x86)\Arena\Tournaments\Engine Battle 20251005_2.pgn

No:  B/W 1/2     W:B       1:2           Time        Value Moves Dep 1:2       1-2-Draws
   6 W 2    1.0:0.0        0.0:6.0       9:09:15 PM     0.00     5 0:3.333  0-6-0

--------------------------------------------------------------

Engine-Match Sunday, October 5, 2025 9:09:16 PM
 Blitz 2/1 

Pairing 7/8 :    C0BR4_v3.0  -  V7P3R_v12.2

PGN-File: C:\Program Files (x86)\Arena\Tournaments\Engine Battle 20251005_2.pgn

No:  B/W 1/2     W:B       1:2           Time        Value Moves Dep 1:2       1-2-Draws
   6 W 2    1.0:0.0        3.0:3.0       9:11:22 PM     0.00     1 0:4.000  3-3-0

--------------------------------------------------------------

Engine-Match Sunday, October 5, 2025 9:11:24 PM
 Blitz 2/1 

Pairing 8/8 :    C0BR4_v3.0  -  V7P3R_v12.4

PGN-File: C:\Program Files (x86)\Arena\Tournaments\Engine Battle 20251005_2.pgn

No:  B/W 1/2     W:B       1:2           Time        Value Moves Dep 1:2       1-2-Draws
   6 B 1    1.0:0.0        1.0:5.0       9:11:34 PM    +0.43     1 6.000 :0 1-5-0

--------------------------------------------------------------

Engine-Match Sunday, October 5, 2025 9:11:35 PM
 Blitz 2/1 

Pairing 1/8 :    C0BR4_v3.0  -  C0BR4_v2.9

PGN-File: C:\Program Files (x86)\Arena\Tournaments\Engine Battle 20251005_2.pgn

No:  B/W 1/2     W:B       1:2           Time        Value Moves Dep 1:2       1-2-Draws
   7 * *     0.0:0.0        0.0:6.0       9:13:45 PM    -1.40     8 6.000 :4.000  0-6-0
