Engine-Match Tuesday, October 21, 2025 12:22:35 PM
 Blitz 5/1 

Pairing 1/10 :    V7P3R_v12.6  -  VPR_v3.0

PGN-File: C:\Program Files (x86)\Arena\Tournaments\Engine Battle 20251021_2.pgn

No:  B/W 1/2     W:B       1:2           Time        Value Moves Dep 1:2       1-2-Draws
   1 W 1    1.0:0.0        1.0:0.0       12:29:11 PM  +289.98    18 4.353 :4.882  1-0-0

--------------------------------------------------------------

Engine-Match Tuesday, October 21, 2025 12:29:13 PM
 Blitz 5/1 

Pairing 2/10 :    VPR_v2.0  -  VPR_v1.0

PGN-File: C:\Program Files (x86)\Arena\Tournaments\Engine Battle 20251021_2.pgn

No:  B/W 1/2     W:B       1:2           Time        Value Moves Dep 1:2       1-2-Draws
   1 = =    0.5:0.5        0.5:0.5       12:39:24 PM    -9.44    65 4.556 :2.040  0-0-1

--------------------------------------------------------------

Engine-Match Tuesday, October 21, 2025 12:39:25 PM
 Blitz 5/1 

Pairing 3/10 :    VPR_v4.0  -  VPR_v2.0

PGN-File: C:\Program Files (x86)\Arena\Tournaments\Engine Battle 20251021_2.pgn

No:  B/W 1/2     W:B       1:2           Time        Value Moves Dep 1:2       1-2-Draws
   1 W 1    1.0:0.0        1.0:0.0       12:48:38 PM    +M500    43 3.111 :4.185  1-0-0

--------------------------------------------------------------

Engine-Match Tuesday, October 21, 2025 12:48:39 PM
 Blitz 5/1 

Pairing 4/10 :    VPR_v1.0  -  V7P3R_v12.6

PGN-File: C:\Program Files (x86)\Arena\Tournaments\Engine Battle 20251021_2.pgn

No:  B/W 1/2     W:B       1:2           Time        Value Moves Dep 1:2       1-2-Draws
   1 B 2    1.0:0.0        0.0:1.0       12:53:49 PM     0.00    25 2.050 :4.000  0-1-0

--------------------------------------------------------------

Engine-Match Tuesday, October 21, 2025 12:53:51 PM
 Blitz 5/1 

Pairing 5/10 :    VPR_v3.0  -  VPR_v1.0

PGN-File: C:\Program Files (x86)\Arena\Tournaments\Engine Battle 20251021_2.pgn

No:  B/W 1/2     W:B       1:2           Time        Value Moves Dep 1:2       1-2-Draws
   1 = =    0.5:0.5        0.5:0.5       12:59:24 PM    -1.82    25 4.609 :2.105  0-0-1

--------------------------------------------------------------

Engine-Match Tuesday, October 21, 2025 12:59:25 PM
 Blitz 5/1 

Pairing 6/10 :    V7P3R_v12.6  -  VPR_v4.0

PGN-File: C:\Program Files (x86)\Arena\Tournaments\Engine Battle 20251021_2.pgn

No:  B/W 1/2     W:B       1:2           Time        Value Moves Dep 1:2       1-2-Draws
   1 W 1    1.0:0.0        1.0:0.0       1:02:23 PM  +289.99    11 4.636 :5.200  1-0-0

--------------------------------------------------------------

Engine-Match Tuesday, October 21, 2025 1:02:25 PM
 Blitz 5/1 

Pairing 7/10 :    VPR_v2.0  -  V7P3R_v12.6

PGN-File: C:\Program Files (x86)\Arena\Tournaments\Engine Battle 20251021_2.pgn

No:  B/W 1/2     W:B       1:2           Time        Value Moves Dep 1:2       1-2-Draws
   1 B 2    1.0:0.0        0.0:1.0       1:09:50 PM  -289.98    29 4.778 :4.478  0-1-0

--------------------------------------------------------------

Engine-Match Tuesday, October 21, 2025 1:09:51 PM
 Blitz 5/1 

Pairing 8/10 :    VPR_v4.0  -  VPR_v3.0

PGN-File: C:\Program Files (x86)\Arena\Tournaments\Engine Battle 20251021_2.pgn

No:  B/W 1/2     W:B       1:2           Time        Value Moves Dep 1:2       1-2-Draws
   1 * *     0.0:0.0        0.0:0.0       1:15:20 PM    +0.06    16 3.250 :4.647  0-0-0
