Engine-Match Sunday, October 5, 2025 7:38:55 PM
 Blitz 10/1 

Pairing 1/15 :    C0BR4_v2.9  -  V7P3R_v12.6

PGN-File: C:\Program Files (x86)\Arena\Tournaments\Engine Battle 20251005.pgn

No:  B/W 1/2     W:B       1:2           Time        Value Moves Dep 1:2       1-2-Draws
   1 B 2    1.0:0.0        0.0:1.0       7:49:47 PM   -16.94    65 4.000 :4.706  0-1-0

--------------------------------------------------------------

Engine-Match Sunday, October 5, 2025 7:49:48 PM
 Blitz 10/1 

Pairing 2/15 :    Stockfish 1%  -  C0BR4_v3.0

PGN-File: C:\Program Files (x86)\Arena\Tournaments\Engine Battle 20251005.pgn

No:  B/W 1/2     W:B       1:2           Time        Value Moves Dep 1:2       1-2-Draws
   1 W 1    1.0:0.0        1.0:0.0       8:00:13 PM     0.00    13 17.000 :6.000  1-0-0

--------------------------------------------------------------

Engine-Match Sunday, October 5, 2025 8:00:14 PM
 Blitz 10/1 

Pairing 3/15 :    Random_Opponent  -  SlowMate_v3.1

PGN-File: C:\Program Files (x86)\Arena\Tournaments\Engine Battle 20251005.pgn

No:  B/W 1/2     W:B       1:2           Time        Value Moves Dep 1:2       1-2-Draws
   1 = =    0.5:0.5        0.5:0.5       8:05:40 PM  -200.00    29 0:4.069  0-0-1

--------------------------------------------------------------

Engine-Match Sunday, October 5, 2025 8:05:42 PM
 Blitz 10/1 

Pairing 4/15 :    Stockfish 1%  -  C0BR4_v2.9

PGN-File: C:\Program Files (x86)\Arena\Tournaments\Engine Battle 20251005.pgn

No:  B/W 1/2     W:B       1:2           Time        Value Moves Dep 1:2       1-2-Draws
   1 W 1    1.0:0.0        1.0:0.0       8:06:10 PM   +10.00    25 16.000 :4.000  1-0-0

--------------------------------------------------------------

Engine-Match Sunday, October 5, 2025 8:06:11 PM
 Blitz 10/1 

Pairing 5/15 :    SlowMate_v3.1  -  V7P3R_v12.6

PGN-File: C:\Program Files (x86)\Arena\Tournaments\Engine Battle 20251005.pgn

No:  B/W 1/2     W:B       1:2           Time        Value Moves Dep 1:2       1-2-Draws
   1 = =    0.5:0.5        0.5:0.5       8:27:24 PM   -14.85    88 3.563 :4.000  0-0-1

--------------------------------------------------------------

Engine-Match Sunday, October 5, 2025 8:27:25 PM
 Blitz 10/1 

Pairing 6/15 :    C0BR4_v3.0  -  Random_Opponent

PGN-File: C:\Program Files (x86)\Arena\Tournaments\Engine Battle 20251005.pgn

No:  B/W 1/2     W:B       1:2           Time        Value Moves Dep 1:2       1-2-Draws
   1 W 1    1.0:0.0        1.0:0.0       8:34:57 PM  +299.95    17 5.818 :0 1-0-0

--------------------------------------------------------------

Engine-Match Sunday, October 5, 2025 8:34:59 PM
 Blitz 10/1 

Pairing 7/15 :    C0BR4_v2.9  -  SlowMate_v3.1

PGN-File: C:\Program Files (x86)\Arena\Tournaments\Engine Battle 20251005.pgn

No:  B/W 1/2     W:B       1:2           Time        Value Moves Dep 1:2       1-2-Draws
   1 = =    0.5:0.5        0.5:0.5       8:40:48 PM    -7.27    31 4.000 :4.033  0-0-1

--------------------------------------------------------------

Engine-Match Sunday, October 5, 2025 8:40:49 PM
 Blitz 10/1 

Pairing 8/15 :    Random_Opponent  -  Stockfish 1%

PGN-File: C:\Program Files (x86)\Arena\Tournaments\Engine Battle 20251005.pgn

No:  B/W 1/2     W:B       1:2           Time        Value Moves Dep 1:2       1-2-Draws
   1 B 2    1.0:0.0        0.0:1.0       8:41:00 PM      -M1    11 0:19.545  0-1-0

--------------------------------------------------------------

Engine-Match Sunday, October 5, 2025 8:41:02 PM
 Blitz 10/1 

Pairing 9/15 :    V7P3R_v12.6  -  C0BR4_v3.0

PGN-File: C:\Program Files (x86)\Arena\Tournaments\Engine Battle 20251005.pgn

No:  B/W 1/2     W:B       1:2           Time        Value Moves Dep 1:2       1-2-Draws
   1 W 1    1.0:0.0        1.0:0.0       8:55:43 PM     0.00    17 4.063 :6.000  1-0-0

--------------------------------------------------------------

Engine-Match Sunday, October 5, 2025 8:55:44 PM
 Blitz 10/1 

Pairing 10/15 :    Random_Opponent  -  C0BR4_v2.9

PGN-File: C:\Program Files (x86)\Arena\Tournaments\Engine Battle 20251005.pgn

No:  B/W 1/2     W:B       1:2           Time        Value Moves Dep 1:2       1-2-Draws
   1 B 2    1.0:0.0        0.0:1.0       8:56:09 PM  -299.97    22 0:3.900  0-1-0

--------------------------------------------------------------

Engine-Match Sunday, October 5, 2025 8:56:10 PM
 Blitz 10/1 

Pairing 11/15 :    C0BR4_v3.0  -  SlowMate_v3.1

PGN-File: C:\Program Files (x86)\Arena\Tournaments\Engine Battle 20251005.pgn

No:  B/W 1/2     W:B       1:2           Time        Value Moves Dep 1:2       1-2-Draws
   1 B 2    1.0:0.0        0.0:1.0       9:08:38 PM     0.00    11 6.000 :4.000  0-1-0

--------------------------------------------------------------

Engine-Match Sunday, October 5, 2025 9:08:39 PM
 Blitz 10/1 

Pairing 12/15 :    Stockfish 1%  -  V7P3R_v12.6

PGN-File: C:\Program Files (x86)\Arena\Tournaments\Engine Battle 20251005.pgn

No:  B/W 1/2     W:B       1:2           Time        Value Moves Dep 1:2       1-2-Draws
   1 W 1    1.0:0.0        1.0:0.0       9:10:59 PM   +11.47    12 16.917 :4.111  1-0-0

--------------------------------------------------------------

Engine-Match Sunday, October 5, 2025 9:11:00 PM
 Blitz 10/1 

Pairing 13/15 :    C0BR4_v2.9  -  C0BR4_v3.0

PGN-File: C:\Program Files (x86)\Arena\Tournaments\Engine Battle 20251005.pgn

No:  B/W 1/2     W:B       1:2           Time        Value Moves Dep 1:2       1-2-Draws
   1 * *     0.0:0.0        0.0:0.0       9:13:36 PM    +3.35     6 4.000 :6.000  0-0-0
