Engine-Match Monday, October 20, 2025 9:17:04 PM
 Blitz 1/1 

Pairing 1/1 :    VPR_v1.0  -  V7P3R_v12.6

PGN-File: C:\Program Files (x86)\Arena\Tournaments\Engine Battle 20251020.pgn

No:  B/W 1/2     W:B       1:2           Time        Value Moves Dep 1:2       1-2-Draws
   1 * *     0.0:0.0        0.0:0.0       9:17:25 PM     0.00     0 0:0 0-0-0

--------------------------------------------------------------

Engine-Match Monday, October 20, 2025 9:19:31 PM
 Blitz 1/1 

Pairing 1/1 :    VPR_v1.0  -  V7P3R_v12.6

PGN-File: C:\Program Files (x86)\Arena\Tournaments\Engine Battle 20251020.pgn

No:  B/W 1/2     W:B       1:2           Time        Value Moves Dep 1:2       1-2-Draws
   1 * *     0.0:0.0        0.0:0.0       9:19:45 PM     0.00     0 0:0 0-0-0

--------------------------------------------------------------

Engine-Match Tuesday, October 21, 2025 10:15:49 AM
 Blitz 1/1 

Pairing 1/1 :    V7P3R_v12.6  -  VPR_v2.0

PGN-File: C:\Program Files (x86)\Arena\Tournaments\Engine Battle 20251020.pgn

No:  B/W 1/2     W:B       1:2           Time        Value Moves Dep 1:2       1-2-Draws
   1 * *     0.0:0.0        0.0:0.0       10:16:32 AM     0.00     1 4.000 :0 0-0-0

--------------------------------------------------------------

Engine-Match Tuesday, October 21, 2025 11:11:52 AM
 Blitz 1/1 

Pairing 1/3 :    V7P3R_v12.6  -  VPR_v2.0

PGN-File: C:\Program Files (x86)\Arena\Tournaments\Engine Battle 20251020.pgn

No:  B/W 1/2     W:B       1:2           Time        Value Moves Dep 1:2       1-2-Draws
   1 W 1    1.0:0.0        1.0:0.0       11:14:34 AM  +289.97    37 3.409 :3.545  1-0-0

--------------------------------------------------------------

Engine-Match Tuesday, October 21, 2025 11:14:35 AM
 Blitz 1/1 

Pairing 2/3 :    V7P3R_v12.6  -  VPR_v1.0

PGN-File: C:\Program Files (x86)\Arena\Tournaments\Engine Battle 20251020.pgn

No:  B/W 1/2     W:B       1:2           Time        Value Moves Dep 1:2       1-2-Draws
   1 W 1    1.0:0.0        1.0:0.0       11:16:26 AM  +289.98    26 3.435 :2.455  1-0-0

--------------------------------------------------------------

Engine-Match Tuesday, October 21, 2025 11:16:28 AM
 Blitz 1/1 

Pairing 3/3 :    V7P3R_v12.6  -  VPR_v3.0

PGN-File: C:\Program Files (x86)\Arena\Tournaments\Engine Battle 20251020.pgn

No:  B/W 1/2     W:B       1:2           Time        Value Moves Dep 1:2       1-2-Draws
   1 W 1    1.0:0.0        1.0:0.0       11:18:31 AM  +289.97    24 3.409 :3.957  1-0-0

--------------------------------------------------------------

Engine-Match Tuesday, October 21, 2025 11:18:33 AM
 Blitz 1/1 

Pairing 1/3 :    V7P3R_v12.6  -  VPR_v2.0

PGN-File: C:\Program Files (x86)\Arena\Tournaments\Engine Battle 20251020.pgn

No:  B/W 1/2     W:B       1:2           Time        Value Moves Dep 1:2       1-2-Draws
   2 B 1    1.0:0.0        2.0:0.0       11:20:27 AM     0.00    27 3.080 :3.577  2-0-0

--------------------------------------------------------------

Engine-Match Tuesday, October 21, 2025 11:20:29 AM
 Blitz 1/1 

Pairing 2/3 :    V7P3R_v12.6  -  VPR_v1.0

PGN-File: C:\Program Files (x86)\Arena\Tournaments\Engine Battle 20251020.pgn

No:  B/W 1/2     W:B       1:2           Time        Value Moves Dep 1:2       1-2-Draws
   2 B 1    1.0:0.0        2.0:0.0       11:21:24 AM    -9.98    13 3.000 :0 2-0-0

--------------------------------------------------------------

Engine-Match Tuesday, October 21, 2025 11:21:25 AM
 Blitz 1/1 

Pairing 3/3 :    V7P3R_v12.6  -  VPR_v3.0

PGN-File: C:\Program Files (x86)\Arena\Tournaments\Engine Battle 20251020.pgn

No:  B/W 1/2     W:B       1:2           Time        Value Moves Dep 1:2       1-2-Draws
   2 B 1    1.0:0.0        2.0:0.0       11:24:49 AM  -289.98    54 3.421 :3.909  2-0-0

--------------------------------------------------------------

Engine-Match Tuesday, October 21, 2025 11:24:51 AM
 Blitz 1/1 

Pairing 1/3 :    V7P3R_v12.6  -  VPR_v2.0

PGN-File: C:\Program Files (x86)\Arena\Tournaments\Engine Battle 20251020.pgn

No:  B/W 1/2     W:B       1:2           Time        Value Moves Dep 1:2       1-2-Draws
   3 W 1    1.0:0.0        3.0:0.0       11:26:56 AM  +289.96    29 3.214 :3.600  3-0-0

--------------------------------------------------------------

Engine-Match Tuesday, October 21, 2025 11:26:57 AM
 Blitz 1/1 

Pairing 2/3 :    V7P3R_v12.6  -  VPR_v1.0

PGN-File: C:\Program Files (x86)\Arena\Tournaments\Engine Battle 20251020.pgn

No:  B/W 1/2     W:B       1:2           Time        Value Moves Dep 1:2       1-2-Draws
   3 W 1    1.0:0.0        3.0:0.0       11:28:47 AM  +289.98    26 3.435 :2.500  3-0-0

--------------------------------------------------------------

Engine-Match Tuesday, October 21, 2025 11:28:48 AM
 Blitz 1/1 

Pairing 3/3 :    V7P3R_v12.6  -  VPR_v3.0

PGN-File: C:\Program Files (x86)\Arena\Tournaments\Engine Battle 20251020.pgn

No:  B/W 1/2     W:B       1:2           Time        Value Moves Dep 1:2       1-2-Draws
   3 W 1    1.0:0.0        3.0:0.0       11:30:57 AM     0.00    28 3.591 :3.962  3-0-0
