Engine-Match Saturday, September 20, 2025 4:31:03 PM
 Blitz 2/1 

Pairing 1/1 :    V7P3R_v10.6  -  V7P3R_v10.8

PGN-File: C:\Program Files (x86)\Arena\Tournaments\Engine Regression Battle 20250920_2.pgn

No:  B/W 1/2     W:B       1:2           Time        Value Moves Dep 1:2       1-2-Draws
   1 W 1    1.0:0.0        1.0:0.0       4:34:31 PM   +20.31    44 3.118 :3.118  1-0-0
   2 W 2    2.0:0.0        1.0:1.0       4:37:11 PM   +10.76    25 3.085 :3.089  1-1-0
   3 W 1    3.0:0.0        2.0:1.0       4:40:18 PM   +17.25    36 3.099 :3.090  2-1-0
   4 W 2    4.0:0.0        2.0:2.0       4:44:41 PM  +289.97    63 3.083 :3.069  2-2-0
   5 W 1    5.0:0.0        3.0:2.0       4:47:49 PM   +11.17    37 3.079 :3.067  3-2-0
   6 W 2    6.0:0.0        3.0:3.0       4:50:56 PM   +17.25    36 3.076 :3.077  3-3-0
   7 W 1    7.0:0.0        4.0:3.0       4:54:27 PM   +14.10    39 3.064 :3.064  4-3-0
   8 W 2    8.0:0.0        4.0:4.0       4:57:56 PM   +13.99    36 3.044 :3.049  4-4-0
   9 B 2    9.0:0.0        4.0:5.0       5:02:22 PM   -15.98    44 3.034 :3.027  4-5-0
  10 W 2    10.0:0.0       4.0:6.0       5:05:55 PM  +289.98    43 3.040 :3.034  4-6-0
  11 W 1    11.0:0.0       5.0:6.0       5:09:04 PM   +17.25    36 3.048 :3.039  5-6-0
  12 W 2    12.0:0.0       5.0:7.0       5:12:11 PM   +17.25    36 3.051 :3.046  5-7-0
  13 W 1    13.0:0.0       6.0:7.0       5:15:58 PM   +15.60    44 3.049 :3.044  6-7-0
  14 W 2    14.0:0.0       6.0:8.0       5:19:06 PM   +17.25    36 3.052 :3.050  6-8-0
  15 W 1    15.0:0.0       7.0:8.0       5:22:54 PM   +16.67    44 3.050 :3.048  7-8-0
  16 W 2    16.0:0.0       7.0:9.0       5:26:01 PM   +17.25    36 3.052 :3.052  7-9-0
  17 W 1    17.0:0.0       8.0:9.0       5:29:08 PM   +17.25    36 3.056 :3.055  8-9-0
  18 W 2    18.0:0.0       8.0:10.0      5:32:19 PM   +11.17    37 3.056 :3.055  8-10-0
  19 W 1    19.0:0.0       9.0:10.0      5:35:26 PM   +17.25    36 3.060 :3.057  9-10-0
  20 W 2    20.0:0.0       9.0:11.0      5:38:37 PM   +11.17    37 3.060 :3.057  9-11-0
